P4 M7: full integration test boot OK
CPU0: MPIDR_EL1=0x0000000080000000
CPU0: psci_cpu_on target=1 rc=0
CPU1: alive, MPIDR_EL1=0x0000000080000001 this_cpu()->cpu_id=1
CPU0: psci_cpu_on target=2 rc=0
CPU2: alive, MPIDR_EL1=0x0000000080000002 this_cpu()->cpu_id=2
CPU0: psci_cpu_on target=3 rc=0
CPU3: alive, MPIDR_EL1=0x0000000080000003 this_cpu()->cpu_id=3
CPUs online: 4
DMA IRQ target cpu=1
D2b: worker 2 runs on CPU2
D2b: worker 1 runs on CPU1
P4 M7: worker submitted cmd_id=1
P4 M7: worker submitted cmd_id=2
D2b: worker 0 runs on CPU0
P4 M7: worker submitted cmd_id=3
BUSY TASK ewma=995
DMA IRQ c0=0
DMA IRQ c1=1
DMA IRQ c2=0
DMA IRQ c3=0
SELECT busy=19
SELECT w0=3
SELECT w1=3
SELECT w2=7
P4 M7: worker DATA OK, cmd_id=2
WORKER ewma=510
P4 M7: worker DATA OK, cmd_id=1
WORKER ewma=916
BUSY TASK ewma=997
DMA IRQ c0=0
DMA IRQ c1=1
DMA IRQ c2=0
DMA IRQ c3=0
SELECT busy=26
SELECT w0=3
SELECT w1=1506
SELECT w2=265
P4 M7: worker DATA OK, cmd_id=3
WORKER ewma=657
BUSY TASK ewma=997
DMA IRQ c0=0
DMA IRQ c1=2
DMA IRQ c2=0
DMA IRQ c3=0
SELECT busy=51
SELECT w0=32
SELECT w1=1655
SELECT w2=353
BUSY TASK ewma=997
DMA IRQ c0=0
DMA IRQ c1=2
DMA IRQ c2=0
DMA IRQ c3=0
SELECT busy=88
SELECT w0=69
SELECT w1=1698
SELECT w2=397
BUSY TASK ewma=997
DMA IRQ c0=0
DMA IRQ c1=2
DMA IRQ c2=0
DMA IRQ c3=0
SELECT busy=111
SELECT w0=92
SELECT w1=1710
SELECT w2=413
BUSY TASK ewma=997
DMA IRQ c0=0
DMA IRQ c1=2
DMA IRQ c2=0
DMA IRQ c3=0
SELECT busy=137
SELECT w0=119
SELECT w1=1721
SELECT w2=429
BUSY TASK ewma=997
DMA IRQ c0=0
DMA IRQ c1=2
DMA IRQ c2=0
DMA IRQ c3=0
SELECT busy=177
SELECT w0=160
SELECT w1=1742
SELECT w2=451
BUSY TASK ewma=997
DMA IRQ c0=0
DMA IRQ c1=2
DMA IRQ c2=0
DMA IRQ c3=0
SELECT busy=214
SELECT w0=196
SELECT w1=1760
SELECT w2=468
BUSY TASK ewma=997
DMA IRQ c0=0
DMA IRQ c1=2
DMA IRQ c2=0
DMA IRQ c3=0
SELECT busy=247
SELECT w0=230
SELECT w1=1781
SELECT w2=488
BUSY TASK ewma=997
DMA IRQ c0=0
DMA IRQ c1=2
DMA IRQ c2=0
DMA IRQ c3=0
SELECT busy=263
SELECT w0=245
SELECT w1=1789
SELECT w2=496
BUSY TASK ewma=997
DMA IRQ c0=0
DMA IRQ c1=2
DMA IRQ c2=0
DMA IRQ c3=0
SELECT busy=277
SELECT w0=259
SELECT w1=1797
SELECT w2=505
BUSY TASK ewma=997
DMA IRQ c0=0
DMA IRQ c1=2
DMA IRQ c2=0
DMA IRQ c3=0
SELECT busy=294
SELECT w0=276
SELECT w1=1808
SELECT w2=517
BUSY TASK ewma=997
DMA IRQ c0=0
DMA IRQ c1=2
DMA IRQ c2=0
DMA IRQ c3=0
SELECT busy=314
SELECT w0=295
SELECT w1=1818
SELECT w2=526
BUSY TASK ewma=997
DMA IRQ c0=0
DMA IRQ c1=2
DMA IRQ c2=0
DMA IRQ c3=0
SELECT busy=331
SELECT w0=313
SELECT w1=1828
SELECT w2=539
BUSY TASK ewma=997
DMA IRQ c0=0
DMA IRQ c1=2
DMA IRQ c2=0
DMA IRQ c3=0
SELECT busy=350
SELECT w0=333
SELECT w1=1840
SELECT w2=554
BUSY TASK ewma=997
DMA IRQ c0=0
DMA IRQ c1=2
DMA IRQ c2=0
DMA IRQ c3=0
SELECT busy=373
SELECT w0=356
SELECT w1=1854
SELECT w2=567
BUSY TASK ewma=997
DMA IRQ c0=0
DMA IRQ c1=2
DMA IRQ c2=0
DMA IRQ c3=0
SELECT busy=393
SELECT w0=375
SELECT w1=1868
SELECT w2=581
BUSY TASK ewma=997
DMA IRQ c0=0
DMA IRQ c1=2
DMA IRQ c2=0
DMA IRQ c3=0
SELECT busy=413
SELECT w0=395
SELECT w1=1881
SELECT w2=598
BUSY TASK ewma=997
DMA IRQ c0=0
DMA IRQ c1=2
DMA IRQ c2=0
DMA IRQ c3=0
SELECT busy=431
SELECT w0=413
SELECT w1=1891
SELECT w2=610
BUSY TASK ewma=997
DMA IRQ c0=0
DMA IRQ c1=2
DMA IRQ c2=0
DMA IRQ c3=0
SELECT busy=452
SELECT w0=433
SELECT w1=1901
SELECT w2=619
BUSY TASK ewma=997
DMA IRQ c0=0
DMA IRQ c1=2
DMA IRQ c2=0
DMA IRQ c3=0
SELECT busy=471
SELECT w0=452
SELECT w1=1912
SELECT w2=635
BUSY TASK ewma=997
DMA IRQ c0=0
DMA IRQ c1=2
DMA IRQ c2=0
DMA IRQ c3=0
SELECT busy=501
SELECT w0=482
SELECT w1=1930
SELECT w2=654
BUSY TASK ewma=997
DMA IRQ c0=0
DMA IRQ c1=2
DMA IRQ c2=0
DMA IRQ c3=0
SELECT busy=543
SELECT w0=525
SELECT w1=1948
SELECT w2=672
BUSY TASK ewma=997
DMA IRQ c0=0
DMA IRQ c1=2
DMA IRQ c2=0
DMA IRQ c3=0
SELECT busy=562
SELECT w0=543
SELECT w1=1956
SELECT w2=681
BUSY TASK ewma=997
DMA IRQ c0=0
DMA IRQ c1=2
DMA IRQ c2=0
DMA IRQ c3=0
SELECT busy=582
SELECT w0=563
SELECT w1=1967
SELECT w2=690
BUSY TASK ewma=997
DMA IRQ c0=0
DMA IRQ c1=2
DMA IRQ c2=0
DMA IRQ c3=0
SELECT busy=610
SELECT w0=591
SELECT w1=1983
SELECT w2=704
BUSY TASK ewma=997
DMA IRQ c0=0
DMA IRQ c1=2
DMA IRQ c2=0
DMA IRQ c3=0
SELECT busy=629
SELECT w0=611
SELECT w1=1993
SELECT w2=716
BUSY TASK ewma=997
DMA IRQ c0=0
DMA IRQ c1=2
DMA IRQ c2=0
DMA IRQ c3=0
SELECT busy=644
SELECT w0=626
SELECT w1=2002
SELECT w2=726
BUSY TASK ewma=997
DMA IRQ c0=0
DMA IRQ c1=2
DMA IRQ c2=0
DMA IRQ c3=0
SELECT busy=666
SELECT w0=647
SELECT w1=2013
SELECT w2=737
BUSY TASK ewma=997
DMA IRQ c0=0
DMA IRQ c1=2
DMA IRQ c2=0
DMA IRQ c3=0
SELECT busy=689
SELECT w0=671
SELECT w1=2027
SELECT w2=752
BUSY TASK ewma=997
DMA IRQ c0=0
DMA IRQ c1=2
DMA IRQ c2=0
DMA IRQ c3=0
SELECT busy=713
SELECT w0=695
SELECT w1=2039
SELECT w2=764
BUSY TASK ewma=997
DMA IRQ c0=0
DMA IRQ c1=2
DMA IRQ c2=0
DMA IRQ c3=0
SELECT busy=736
SELECT w0=718
SELECT w1=2056
SELECT w2=780
BUSY TASK ewma=997
DMA IRQ c0=0
DMA IRQ c1=2
DMA IRQ c2=0
DMA IRQ c3=0
SELECT busy=761
SELECT w0=742
SELECT w1=2068
SELECT w2=795
BUSY TASK ewma=997
DMA IRQ c0=0
DMA IRQ c1=2
DMA IRQ c2=0
DMA IRQ c3=0
SELECT busy=778
SELECT w0=760
SELECT w1=2076
SELECT w2=806
BUSY TASK ewma=997
DMA IRQ c0=0
DMA IRQ c1=2
DMA IRQ c2=0
DMA IRQ c3=0
SELECT busy=794
SELECT w0=775
SELECT w1=2084
SELECT w2=813
BUSY TASK ewma=997
DMA IRQ c0=0
DMA IRQ c1=2
DMA IRQ c2=0
DMA IRQ c3=0
SELECT busy=812
SELECT w0=793
SELECT w1=2093
SELECT w2=822
BUSY TASK ewma=997
DMA IRQ c0=0
DMA IRQ c1=2
DMA IRQ c2=0
DMA IRQ c3=0
SELECT busy=833
SELECT w0=814
SELECT w1=2101
SELECT w2=831
BUSY TASK ewma=997
DMA IRQ c0=0
DMA IRQ c1=2
DMA IRQ c2=0
DMA IRQ c3=0
SELECT busy=855
SELECT w0=837
SELECT w1=2112
SELECT w2=842
BUSY TASK ewma=997
DMA IRQ c0=0
DMA IRQ c1=2
DMA IRQ c2=0
DMA IRQ c3=0
SELECT busy=872
SELECT w0=854
SELECT w1=2123
SELECT w2=854
BUSY TASK ewma=997
DMA IRQ c0=0
DMA IRQ c1=2
DMA IRQ c2=0
DMA IRQ c3=0
SELECT busy=914
SELECT w0=896
SELECT w1=2148
SELECT w2=882
BUSY TASK ewma=997
DMA IRQ c0=0
DMA IRQ c1=2
DMA IRQ c2=0
DMA IRQ c3=0
SELECT busy=938
SELECT w0=920
SELECT w1=2162
SELECT w2=892
BUSY TASK ewma=997
DMA IRQ c0=0
DMA IRQ c1=2
DMA IRQ c2=0
DMA IRQ c3=0
SELECT busy=956
SELECT w0=937
SELECT w1=2172
SELECT w2=901
BUSY TASK ewma=997
DMA IRQ c0=0
DMA IRQ c1=2
DMA IRQ c2=0
DMA IRQ c3=0
SELECT busy=972
SELECT w0=954
SELECT w1=2184
SELECT w2=912
BUSY TASK ewma=997
DMA IRQ c0=0
DMA IRQ c1=2
DMA IRQ c2=0
DMA IRQ c3=0
SELECT busy=987
SELECT w0=969
SELECT w1=2192
SELECT w2=921
BUSY TASK ewma=997
DMA IRQ c0=0
DMA IRQ c1=2
DMA IRQ c2=0
DMA IRQ c3=0
SELECT busy=1008
SELECT w0=989
SELECT w1=2205
SELECT w2=934
BUSY TASK ewma=997
DMA IRQ c0=0
DMA IRQ c1=2
DMA IRQ c2=0
DMA IRQ c3=0
SELECT busy=1027
SELECT w0=1009
SELECT w1=2220
SELECT w2=947
BUSY TASK ewma=997
DMA IRQ c0=0
DMA IRQ c1=2
DMA IRQ c2=0
DMA IRQ c3=0
SELECT busy=1047
SELECT w0=1029
SELECT w1=2236
SELECT w2=960
BUSY TASK ewma=997
DMA IRQ c0=0
DMA IRQ c1=2
DMA IRQ c2=0
DMA IRQ c3=0
SELECT busy=1067
SELECT w0=1049
SELECT w1=2250
SELECT w2=973
BUSY TASK ewma=997
DMA IRQ c0=0
DMA IRQ c1=2
DMA IRQ c2=0
DMA IRQ c3=0
SELECT busy=1085
SELECT w0=1067
SELECT w1=2265
SELECT w2=985
BUSY TASK ewma=997
DMA IRQ c0=0
DMA IRQ c1=2
DMA IRQ c2=0
DMA IRQ c3=0
SELECT busy=1106
SELECT w0=1088
SELECT w1=2280
SELECT w2=1001
BUSY TASK ewma=997
DMA IRQ c0=0
DMA IRQ c1=2
DMA IRQ c2=0
DMA IRQ c3=0
SELECT busy=1125
SELECT w0=1107
SELECT w1=2293
SELECT w2=1011
BUSY TASK ewma=997
DMA IRQ c0=0
DMA IRQ c1=2
DMA IRQ c2=0
DMA IRQ c3=0
SELECT busy=1147
SELECT w0=1129
SELECT w1=2305
SELECT w2=1024
BUSY TASK ewma=997
DMA IRQ c0=0
DMA IRQ c1=2
DMA IRQ c2=0
DMA IRQ c3=0
SELECT busy=1179
SELECT w0=1161
SELECT w1=2324
SELECT w2=1040
BUSY TASK ewma=997
DMA IRQ c0=0
DMA IRQ c1=2
DMA IRQ c2=0
DMA IRQ c3=0
SELECT busy=1200
SELECT w0=1182
SELECT w1=2336
SELECT w2=1048
BUSY TASK ewma=997
DMA IRQ c0=0
DMA IRQ c1=2
DMA IRQ c2=0
DMA IRQ c3=0
SELECT busy=1215
SELECT w0=1197
SELECT w1=2342
SELECT w2=1056
BUSY TASK ewma=997
DMA IRQ c0=0
DMA IRQ c1=2
DMA IRQ c2=0
DMA IRQ c3=0
SELECT busy=1234
SELECT w0=1215
SELECT w1=2352
SELECT w2=1065
BUSY TASK ewma=997
DMA IRQ c0=0
DMA IRQ c1=2
DMA IRQ c2=0
DMA IRQ c3=0
SELECT busy=1250
SELECT w0=1232
SELECT w1=2363
SELECT w2=1076
BUSY TASK ewma=997
DMA IRQ c0=0
DMA IRQ c1=2
DMA IRQ c2=0
DMA IRQ c3=0
SELECT busy=1267
SELECT w0=1249
SELECT w1=2374
SELECT w2=1086
BUSY TASK ewma=997
DMA IRQ c0=0
DMA IRQ c1=2
DMA IRQ c2=0
DMA IRQ c3=0
SELECT busy=1281
SELECT w0=1263
SELECT w1=2381
SELECT w2=1093
BUSY TASK ewma=997
DMA IRQ c0=0
DMA IRQ c1=2
DMA IRQ c2=0
DMA IRQ c3=0
SELECT busy=1300
SELECT w0=1284
SELECT w1=2399
SELECT w2=1106
BUSY TASK ewma=997
DMA IRQ c0=0
DMA IRQ c1=2
DMA IRQ c2=0
DMA IRQ c3=0
SELECT busy=1325
SELECT w0=1307
SELECT w1=2413
SELECT w2=1119
BUSY TASK ewma=997
DMA IRQ c0=0
DMA IRQ c1=2
DMA IRQ c2=0
DMA IRQ c3=0
SELECT busy=1343
SELECT w0=1325
SELECT w1=2428
SELECT w2=1129
BUSY TASK ewma=997
DMA IRQ c0=0
DMA IRQ c1=2
DMA IRQ c2=0
DMA IRQ c3=0
SELECT busy=1369
SELECT w0=1351
SELECT w1=2445
SELECT w2=1143
BUSY TASK ewma=997
IRQ counts: cpu0=2758 cpu1=3249 cpu2=3224 cpu3=3234
SCHED secondaries: calls=9713 unexpected=0
SECTEST switches=9709 cpu1=39813560,38627692 cpu2=29750364,30773248 cpu3=42166533,42479564
PINGPONG rounds=933 pongs=935
DMA IRQ c0=0
DMA IRQ c1=2
DMA IRQ c2=0
DMA IRQ c3=0
SELECT busy=1407
SELECT w0=1389
SELECT w1=2472
SELECT w2=1165
BUSY TASK ewma=997
DMA IRQ c0=0
DMA IRQ c1=2
DMA IRQ c2=0
DMA IRQ c3=0
SELECT busy=1428
SELECT w0=1410
SELECT w1=2485
SELECT w2=1178
BUSY TASK ewma=997
DMA IRQ c0=0
DMA IRQ c1=2
DMA IRQ c2=0
DMA IRQ c3=0
SELECT busy=1446
SELECT w0=1428
SELECT w1=2499
SELECT w2=1189
BUSY TASK ewma=997
DMA IRQ c0=0
DMA IRQ c1=2
DMA IRQ c2=0
DMA IRQ c3=0
SELECT busy=1475
SELECT w0=1456
SELECT w1=2514
SELECT w2=1202
BUSY TASK ewma=997
DMA IRQ c0=0
DMA IRQ c1=2
DMA IRQ c2=0
DMA IRQ c3=0
SELECT busy=1507
SELECT w0=1489
SELECT w1=2530
SELECT w2=1221
BUSY TASK ewma=997
DMA IRQ c0=0
DMA IRQ c1=2
DMA IRQ c2=0
DMA IRQ c3=0
SELECT busy=1523
SELECT w0=1505
SELECT w1=2541
SELECT w2=1232
BUSY TASK ewma=997
DMA IRQ c0=0
DMA IRQ c1=2
DMA IRQ c2=0
DMA IRQ c3=0
SELECT busy=1542
SELECT w0=1523
SELECT w1=2554
SELECT w2=1240
BUSY TASK ewma=997
DMA IRQ c0=0
DMA IRQ c1=2
DMA IRQ c2=0
DMA IRQ c3=0
SELECT busy=1560
SELECT w0=1542
SELECT w1=2563
SELECT w2=1249
BUSY TASK ewma=997
DMA IRQ c0=0
DMA IRQ c1=2
DMA IRQ c2=0
DMA IRQ c3=0
SELECT busy=1579
SELECT w0=1561
SELECT w1=2570
SELECT w2=1256
BUSY TASK ewma=997
DMA IRQ c0=0
DMA IRQ c1=2
DMA IRQ c2=0
DMA IRQ c3=0
SELECT busy=1598
SELECT w0=1579
SELECT w1=2577
SELECT w2=1264
BUSY TASK ewma=997
DMA IRQ c0=0
DMA IRQ c1=2
DMA IRQ c2=0
DMA IRQ c3=0
SELECT busy=1616
SELECT w0=1598
SELECT w1=2586
SELECT w2=1274
BUSY TASK ewma=997
DMA IRQ c0=0
DMA IRQ c1=2
DMA IRQ c2=0
DMA IRQ c3=0
SELECT busy=1633
SELECT w0=1615
SELECT w1=2596
SELECT w2=1282
BUSY TASK ewma=997
DMA IRQ c0=0
DMA IRQ c1=2
DMA IRQ c2=0
DMA IRQ c3=0
SELECT busy=1655
SELECT w0=1637
SELECT w1=2610
SELECT w2=1293
BUSY TASK ewma=997
DMA IRQ c0=0
DMA IRQ c1=2
DMA IRQ c2=0
DMA IRQ c3=0
SELECT busy=1673
SELECT w0=1655
SELECT w1=2625
SELECT w2=1315
BUSY TASK ewma=997
DMA IRQ c0=0
DMA IRQ c1=2
DMA IRQ c2=0
DMA IRQ c3=0
SELECT busy=1700
SELECT w0=1682
SELECT w1=2639
SELECT w2=1332
BUSY TASK ewma=997
DMA IRQ c0=0
DMA IRQ c1=2
DMA IRQ c2=0
DMA IRQ c3=0
SELECT busy=1726
SELECT w0=1707
SELECT w1=2654
SELECT w2=1351
BUSY TASK ewma=997
DMA IRQ c0=0
DMA IRQ c1=2
DMA IRQ c2=0
DMA IRQ c3=0
SELECT busy=1751
SELECT w0=1733
SELECT w1=2666
SELECT w2=1365
BUSY TASK ewma=997
DMA IRQ c0=0
DMA IRQ c1=2
DMA IRQ c2=0
DMA IRQ c3=0
SELECT busy=1768
SELECT w0=1750
SELECT w1=2677
SELECT w2=1375
BUSY TASK ewma=997
DMA IRQ c0=0
DMA IRQ c1=2
DMA IRQ c2=0
DMA IRQ c3=0
SELECT busy=1788
SELECT w0=1769
SELECT w1=2687
SELECT w2=1383
BUSY TASK ewma=997
DMA IRQ c0=0
DMA IRQ c1=2
DMA IRQ c2=0
DMA IRQ c3=0
SELECT busy=1807
SELECT w0=1788
SELECT w1=2693
SELECT w2=1390
BUSY TASK ewma=997
DMA IRQ c0=0
DMA IRQ c1=2
DMA IRQ c2=0
DMA IRQ c3=0
SELECT busy=1828
SELECT w0=1809
SELECT w1=2702
SELECT w2=1400
BUSY TASK ewma=997
DMA IRQ c0=0
DMA IRQ c1=2
DMA IRQ c2=0
DMA IRQ c3=0
SELECT busy=1852
SELECT w0=1833
SELECT w1=2717
SELECT w2=1412
BUSY TASK ewma=997
DMA IRQ c0=0
DMA IRQ c1=2
DMA IRQ c2=0
DMA IRQ c3=0
SELECT busy=1875
SELECT w0=1857
SELECT w1=2731
SELECT w2=1430
BUSY TASK ewma=997
DMA IRQ c0=0
DMA IRQ c1=2
DMA IRQ c2=0
DMA IRQ c3=0
SELECT busy=1897
SELECT w0=1879
SELECT w1=2743
SELECT w2=1441
BUSY TASK ewma=997
DMA IRQ c0=0
DMA IRQ c1=2
DMA IRQ c2=0
DMA IRQ c3=0
SELECT busy=1920
SELECT w0=1902
SELECT w1=2756
SELECT w2=1456
BUSY TASK ewma=997
DMA IRQ c0=0
DMA IRQ c1=2
DMA IRQ c2=0
DMA IRQ c3=0
SELECT busy=1942
SELECT w0=1924
SELECT w1=2771
SELECT w2=1470
BUSY TASK ewma=997
DMA IRQ c0=0
DMA IRQ c1=2
DMA IRQ c2=0
DMA IRQ c3=0
SELECT busy=1959
SELECT w0=1941
SELECT w1=2781
SELECT w2=1482
BUSY TASK ewma=997
DMA IRQ c0=0
DMA IRQ c1=2
DMA IRQ c2=0
DMA IRQ c3=0
SELECT busy=1979
SELECT w0=1961
SELECT w1=2795
SELECT w2=1495
BUSY TASK ewma=997
DMA IRQ c0=0
DMA IRQ c1=2
DMA IRQ c2=0
DMA IRQ c3=0
SELECT busy=2002
SELECT w0=1985
SELECT w1=2807
SELECT w2=1510
BUSY TASK ewma=997
DMA IRQ c0=0
DMA IRQ c1=2
DMA IRQ c2=0
DMA IRQ c3=0
SELECT busy=2026
SELECT w0=2008
SELECT w1=2823
SELECT w2=1529
BUSY TASK ewma=997
DMA IRQ c0=0
DMA IRQ c1=2
DMA IRQ c2=0
DMA IRQ c3=0
SELECT busy=2056
SELECT w0=2038
SELECT w1=2843
SELECT w2=1551
BUSY TASK ewma=997
DMA IRQ c0=0
DMA IRQ c1=2
DMA IRQ c2=0
DMA IRQ c3=0
SELECT busy=2104
SELECT w0=2086
SELECT w1=2867
SELECT w2=1575
BUSY TASK ewma=997
DMA IRQ c0=0
DMA IRQ c1=2
DMA IRQ c2=0
DMA IRQ c3=0
SELECT busy=2135
SELECT w0=2117
SELECT w1=2886
SELECT w2=1596
BUSY TASK ewma=997
DMA IRQ c0=0
DMA IRQ c1=2
DMA IRQ c2=0
DMA IRQ c3=0
SELECT busy=2171
SELECT w0=2154
SELECT w1=2905
SELECT w2=1616
BUSY TASK ewma=997
DMA IRQ c0=0
DMA IRQ c1=2
DMA IRQ c2=0
DMA IRQ c3=0
SELECT busy=2195
SELECT w0=2177
SELECT w1=2919
SELECT w2=1629
BUSY TASK ewma=997
DMA IRQ c0=0
DMA IRQ c1=2
DMA IRQ c2=0
DMA IRQ c3=0
SELECT busy=2233
SELECT w0=2214
SELECT w1=2942
SELECT w2=1649
BUSY TASK ewma=997
DMA IRQ c0=0
DMA IRQ c1=2
DMA IRQ c2=0
DMA IRQ c3=0
SELECT busy=2270
SELECT w0=2252
SELECT w1=2957
SELECT w2=1667
BUSY TASK ewma=997
DMA IRQ c0=0
DMA IRQ c1=2
DMA IRQ c2=0
DMA IRQ c3=0
SELECT busy=2301
SELECT w0=2282
SELECT w1=2978
SELECT w2=1682
BUSY TASK ewma=997
DMA IRQ c0=0
DMA IRQ c1=2
DMA IRQ c2=0
DMA IRQ c3=0
SELECT busy=2340
SELECT w0=2321
SELECT w1=2995
SELECT w2=1700
BUSY TASK ewma=997
DMA IRQ c0=0
DMA IRQ c1=2
DMA IRQ c2=0
DMA IRQ c3=0
SELECT busy=2379
SELECT w0=2360
SELECT w1=3017
SELECT w2=1719
BUSY TASK ewma=997
DMA IRQ c0=0
DMA IRQ c1=2
DMA IRQ c2=0
DMA IRQ c3=0
SELECT busy=2425
SELECT w0=2406
SELECT w1=3046
SELECT w2=1741
BUSY TASK ewma=997
DMA IRQ c0=0
DMA IRQ c1=2
DMA IRQ c2=0
DMA IRQ c3=0
SELECT busy=2444
SELECT w0=2426
SELECT w1=3063
SELECT w2=1755
BUSY TASK ewma=997
DMA IRQ c0=0
DMA IRQ c1=2
DMA IRQ c2=0
DMA IRQ c3=0
SELECT busy=2469
SELECT w0=2450
SELECT w1=3080
SELECT w2=1767
BUSY TASK ewma=997
DMA IRQ c0=0
DMA IRQ c1=2
DMA IRQ c2=0
DMA IRQ c3=0
SELECT busy=2488
SELECT w0=2470
SELECT w1=3092
SELECT w2=1779
BUSY TASK ewma=997
DMA IRQ c0=0
DMA IRQ c1=2
DMA IRQ c2=0
DMA IRQ c3=0
SELECT busy=2502
SELECT w0=2484
SELECT w1=3100
SELECT w2=1786
BUSY TASK ewma=997
DMA IRQ c0=0
DMA IRQ c1=2
DMA IRQ c2=0
DMA IRQ c3=0
SELECT busy=2524
SELECT w0=2505
SELECT w1=3112
SELECT w2=1797
BUSY TASK ewma=997
DMA IRQ c0=0
DMA IRQ c1=2
DMA IRQ c2=0
DMA IRQ c3=0
SELECT busy=2541
SELECT w0=2522
SELECT w1=3124
SELECT w2=1808
BUSY TASK ewma=997
DMA IRQ c0=0
DMA IRQ c1=2
DMA IRQ c2=0
DMA IRQ c3=0
SELECT busy=2556
SELECT w0=2538
SELECT w1=3133
SELECT w2=1817
BUSY TASK ewma=997
DMA IRQ c0=0
DMA IRQ c1=2
DMA IRQ c2=0
DMA IRQ c3=0
SELECT busy=2586
SELECT w0=2568
SELECT w1=3148
SELECT w2=1840
BUSY TASK ewma=997
DMA IRQ c0=0
DMA IRQ c1=2
DMA IRQ c2=0
DMA IRQ c3=0
SELECT busy=2609
SELECT w0=2591
SELECT w1=3162
SELECT w2=1855
BUSY TASK ewma=997
DMA IRQ c0=0
DMA IRQ c1=2
DMA IRQ c2=0
DMA IRQ c3=0
SELECT busy=2628
SELECT w0=2609
SELECT w1=3173
SELECT w2=1868
BUSY TASK ewma=997
DMA IRQ c0=0
DMA IRQ c1=2
DMA IRQ c2=0
DMA IRQ c3=0
SELECT busy=2648
SELECT w0=2629
SELECT w1=3187
SELECT w2=1878
BUSY TASK ewma=997
DMA IRQ c0=0
DMA IRQ c1=2
DMA IRQ c2=0
DMA IRQ c3=0
SELECT busy=2668
SELECT w0=2650
SELECT w1=3205
SELECT w2=1899
BUSY TASK ewma=997
DMA IRQ c0=0
DMA IRQ c1=2
DMA IRQ c2=0
DMA IRQ c3=0
SELECT busy=2698
SELECT w0=2679
SELECT w1=3220
SELECT w2=1912
BUSY TASK ewma=997
DMA IRQ c0=0
DMA IRQ c1=2
DMA IRQ c2=0
DMA IRQ c3=0
SELECT busy=2720
SELECT w0=2703
SELECT w1=3234
SELECT w2=1927
BUSY TASK ewma=997
DMA IRQ c0=0
DMA IRQ c1=2
DMA IRQ c2=0
DMA IRQ c3=0
SELECT busy=2762
SELECT w0=2745
SELECT w1=3254
SELECT w2=1948
BUSY TASK ewma=997
DMA IRQ c0=0
DMA IRQ c1=2
DMA IRQ c2=0
DMA IRQ c3=0
SELECT busy=2797
SELECT w0=2778
SELECT w1=3268
SELECT w2=1966
BUSY TASK ewma=997
DMA IRQ c0=0
DMA IRQ c1=2
DMA IRQ c2=0
DMA IRQ c3=0
SELECT busy=2817
SELECT w0=2799
SELECT w1=3278
SELECT w2=1977
BUSY TASK ewma=997
DMA IRQ c0=0
DMA IRQ c1=2
DMA IRQ c2=0
DMA IRQ c3=0
SELECT busy=2843
SELECT w0=2824
SELECT w1=3291
SELECT w2=1987
BUSY TASK ewma=997
DMA IRQ c0=0
DMA IRQ c1=2
DMA IRQ c2=0
DMA IRQ c3=0
SELECT busy=2867
SELECT w0=2849
SELECT w1=3304
SELECT w2=2003
BUSY TASK ewma=997
DMA IRQ c0=0
DMA IRQ c1=2
DMA IRQ c2=0
DMA IRQ c3=0
SELECT busy=2884
SELECT w0=2865
SELECT w1=3317
SELECT w2=2012
BUSY TASK ewma=997
DMA IRQ c0=0
DMA IRQ c1=2
DMA IRQ c2=0
DMA IRQ c3=0
SELECT busy=2917
SELECT w0=2898
SELECT w1=3332
SELECT w2=2029
BUSY TASK ewma=997
DMA IRQ c0=0
DMA IRQ c1=2
DMA IRQ c2=0
DMA IRQ c3=0
SELECT busy=2953
SELECT w0=2934
SELECT w1=3349
SELECT w2=2048
BUSY TASK ewma=997
DMA IRQ c0=0
DMA IRQ c1=2
DMA IRQ c2=0
DMA IRQ c3=0
SELECT busy=2984
SELECT w0=2966
SELECT w1=3364
SELECT w2=2064
BUSY TASK ewma=997
IRQ counts: cpu0=6020 cpu1=7049 cpu2=7040 cpu3=6975
SCHED secondaries: calls=21082 unexpected=0
SECTEST switches=21059 cpu1=78113228,77564820 cpu2=61480422,63896682 cpu3=84738279,83097755
PINGPONG rounds=1573 pongs=1574
DMA IRQ c0=0
DMA IRQ c1=2
DMA IRQ c2=0
DMA IRQ c3=0
SELECT busy=3040
SELECT w0=3022
SELECT w1=3397
SELECT w2=2100
BUSY TASK ewma=997
DMA IRQ c0=0
DMA IRQ c1=2
DMA IRQ c2=0
DMA IRQ c3=0
SELECT busy=3076
SELECT w0=3057
SELECT w1=3415
SELECT w2=2119
BUSY TASK ewma=997
DMA IRQ c0=0
DMA IRQ c1=2
DMA IRQ c2=0
DMA IRQ c3=0
SELECT busy=3097
SELECT w0=3079
SELECT w1=3431
SELECT w2=2131
BUSY TASK ewma=997
DMA IRQ c0=0
DMA IRQ c1=2
DMA IRQ c2=0
DMA IRQ c3=0
SELECT busy=3114
SELECT w0=3095
SELECT w1=3439
SELECT w2=2140
BUSY TASK ewma=997
DMA IRQ c0=0
DMA IRQ c1=2
DMA IRQ c2=0
DMA IRQ c3=0
SELECT busy=3128
SELECT w0=3109
SELECT w1=3445
SELECT w2=2148
BUSY TASK ewma=997
DMA IRQ c0=0
DMA IRQ c1=2
DMA IRQ c2=0
DMA IRQ c3=0
SELECT busy=3148
SELECT w0=3130
SELECT w1=3454
SELECT w2=2156
BUSY TASK ewma=997
DMA IRQ c0=0
DMA IRQ c1=2
DMA IRQ c2=0
DMA IRQ c3=0
SELECT busy=3165
SELECT w0=3147
SELECT w1=3463
SELECT w2=2167
BUSY TASK ewma=997
DMA IRQ c0=0
DMA IRQ c1=2
DMA IRQ c2=0
DMA IRQ c3=0
SELECT busy=3189
SELECT w0=3170
SELECT w1=3475
SELECT w2=2177
BUSY TASK ewma=997
DMA IRQ c0=0
DMA IRQ c1=2
DMA IRQ c2=0
DMA IRQ c3=0
SELECT busy=3211
SELECT w0=3192
SELECT w1=3486
SELECT w2=2190
BUSY TASK ewma=997
DMA IRQ c0=0
DMA IRQ c1=2
DMA IRQ c2=0
DMA IRQ c3=0
SELECT busy=3227
SELECT w0=3209
SELECT w1=3499
SELECT w2=2199
BUSY TASK ewma=997
DMA IRQ c0=0
DMA IRQ c1=2
DMA IRQ c2=0
DMA IRQ c3=0
SELECT busy=3250
SELECT w0=3232
SELECT w1=3515
SELECT w2=2214
BUSY TASK ewma=997
DMA IRQ c0=0
DMA IRQ c1=2
DMA IRQ c2=0
DMA IRQ c3=0
SELECT busy=3281
SELECT w0=3263
SELECT w1=3534
SELECT w2=2234
BUSY TASK ewma=997
DMA IRQ c0=0
DMA IRQ c1=2
DMA IRQ c2=0
DMA IRQ c3=0
SELECT busy=3299
SELECT w0=3281
SELECT w1=3548
SELECT w2=2246
BUSY TASK ewma=997
DMA IRQ c0=0
DMA IRQ c1=2
DMA IRQ c2=0
DMA IRQ c3=0
SELECT busy=3322
SELECT w0=3304
SELECT w1=3565
SELECT w2=2261
BUSY TASK ewma=997
DMA IRQ c0=0
DMA IRQ c1=2
DMA IRQ c2=0
DMA IRQ c3=0
SELECT busy=3340
SELECT w0=3323
SELECT w1=3581
SELECT w2=2273
BUSY TASK ewma=997
DMA IRQ c0=0
DMA IRQ c1=2
DMA IRQ c2=0
DMA IRQ c3=0
SELECT busy=3367
SELECT w0=3349
SELECT w1=3595
SELECT w2=2286
BUSY TASK ewma=997
DMA IRQ c0=0
DMA IRQ c1=2
DMA IRQ c2=0
DMA IRQ c3=0
SELECT busy=3384
SELECT w0=3365
SELECT w1=3604
SELECT w2=2296
BUSY TASK ewma=997
DMA IRQ c0=0
DMA IRQ c1=2
DMA IRQ c2=0
DMA IRQ c3=0
SELECT busy=3401
SELECT w0=3382
SELECT w1=3613
SELECT w2=2306
BUSY TASK ewma=997
DMA IRQ c0=0
DMA IRQ c1=2
DMA IRQ c2=0
DMA IRQ c3=0
SELECT busy=3424
SELECT w0=3405
SELECT w1=3624
SELECT w2=2317
BUSY TASK ewma=997
DMA IRQ c0=0
DMA IRQ c1=2
DMA IRQ c2=0
DMA IRQ c3=0
SELECT busy=3443
SELECT w0=3425
SELECT w1=3636
SELECT w2=2328
BUSY TASK ewma=997
DMA IRQ c0=0
DMA IRQ c1=2
DMA IRQ c2=0
DMA IRQ c3=0
SELECT busy=3461
SELECT w0=3443
SELECT w1=3644
SELECT w2=2336
BUSY TASK ewma=997
DMA IRQ c0=0
DMA IRQ c1=2
DMA IRQ c2=0
DMA IRQ c3=0
SELECT busy=3484
SELECT w0=3465
SELECT w1=3655
SELECT w2=2347
BUSY TASK ewma=997
DMA IRQ c0=0
DMA IRQ c1=2
DMA IRQ c2=0
DMA IRQ c3=0
SELECT busy=3502
SELECT w0=3483
SELECT w1=3662
SELECT w2=2356
BUSY TASK ewma=997
DMA IRQ c0=0
DMA IRQ c1=2
DMA IRQ c2=0
DMA IRQ c3=0
SELECT busy=3518
SELECT w0=3501
SELECT w1=3674
SELECT w2=2367
BUSY TASK ewma=997
DMA IRQ c0=0
DMA IRQ c1=2
DMA IRQ c2=0
DMA IRQ c3=0
SELECT busy=3541
SELECT w0=3522
SELECT w1=3686
SELECT w2=2378
BUSY TASK ewma=997
DMA IRQ c0=0
DMA IRQ c1=2
DMA IRQ c2=0
DMA IRQ c3=0
SELECT busy=3563
SELECT w0=3545
SELECT w1=3700
SELECT w2=2396
BUSY TASK ewma=997
DMA IRQ c0=0
DMA IRQ c1=2
DMA IRQ c2=0
DMA IRQ c3=0
SELECT busy=3583
SELECT w0=3564
SELECT w1=3709
SELECT w2=2408
BUSY TASK ewma=997
DMA IRQ c0=0
DMA IRQ c1=2
DMA IRQ c2=0
DMA IRQ c3=0
SELECT busy=3600
SELECT w0=3581
SELECT w1=3716
SELECT w2=2416
BUSY TASK ewma=997
DMA IRQ c0=0
DMA IRQ c1=2
DMA IRQ c2=0
DMA IRQ c3=0
SELECT busy=3619
SELECT w0=3600
SELECT w1=3724
SELECT w2=2425
BUSY TASK ewma=997
DMA IRQ c0=0
DMA IRQ c1=2
DMA IRQ c2=0
DMA IRQ c3=0
SELECT busy=3646
SELECT w0=3627
SELECT w1=3737
SELECT w2=2437
BUSY TASK ewma=997
DMA IRQ c0=0
DMA IRQ c1=2
DMA IRQ c2=0
DMA IRQ c3=0
SELECT busy=3672
SELECT w0=3653
SELECT w1=3748
SELECT w2=2447
BUSY TASK ewma=997
DMA IRQ c0=0
DMA IRQ c1=2
DMA IRQ c2=0
DMA IRQ c3=0
SELECT busy=3708
SELECT w0=3690
SELECT w1=3765
SELECT w2=2463
BUSY TASK ewma=997
DMA IRQ c0=0
DMA IRQ c1=2
DMA IRQ c2=0
DMA IRQ c3=0
SELECT busy=3748
SELECT w0=3731
SELECT w1=3784
SELECT w2=2484
BUSY TASK ewma=997
DMA IRQ c0=0
DMA IRQ c1=2
DMA IRQ c2=0
DMA IRQ c3=0
SELECT busy=3772
SELECT w0=3754
SELECT w1=3792
SELECT w2=2493
BUSY TASK ewma=997
DMA IRQ c0=0
DMA IRQ c1=2
DMA IRQ c2=0
DMA IRQ c3=0
SELECT busy=3798
SELECT w0=3780
SELECT w1=3806
SELECT w2=2511
BUSY TASK ewma=997
DMA IRQ c0=0
DMA IRQ c1=2
DMA IRQ c2=0
DMA IRQ c3=0
SELECT busy=3821
SELECT w0=3804
SELECT w1=3819
SELECT w2=2524
BUSY TASK ewma=997
DMA IRQ c0=0
DMA IRQ c1=2
DMA IRQ c2=0
DMA IRQ c3=0
SELECT busy=3842
SELECT w0=3823
SELECT w1=3829
SELECT w2=2537
BUSY TASK ewma=997
DMA IRQ c0=0
DMA IRQ c1=2
DMA IRQ c2=0
DMA IRQ c3=0
SELECT busy=3873
SELECT w0=3854
SELECT w1=3846
SELECT w2=2552
BUSY TASK ewma=997
DMA IRQ c0=0
DMA IRQ c1=2
DMA IRQ c2=0
DMA IRQ c3=0
SELECT busy=3901
SELECT w0=3883
SELECT w1=3857
SELECT w2=2563
BUSY TASK ewma=997
DMA IRQ c0=0
DMA IRQ c1=2
DMA IRQ c2=0
DMA IRQ c3=0
SELECT busy=3928
SELECT w0=3909
SELECT w1=3869
SELECT w2=2578
BUSY TASK ewma=997
DMA IRQ c0=0
DMA IRQ c1=2
DMA IRQ c2=0
DMA IRQ c3=0
SELECT busy=3948
SELECT w0=3929
SELECT w1=3880
SELECT w2=2589
BUSY TASK ewma=997
DMA IRQ c0=0
DMA IRQ c1=2
DMA IRQ c2=0
DMA IRQ c3=0
SELECT busy=3966
SELECT w0=3948
SELECT w1=3891
SELECT w2=2598
BUSY TASK ewma=997
DMA IRQ c0=0
DMA IRQ c1=2
DMA IRQ c2=0
DMA IRQ c3=0
SELECT busy=3986
SELECT w0=3967
SELECT w1=3899
SELECT w2=2606
BUSY TASK ewma=997
DMA IRQ c0=0
DMA IRQ c1=2
DMA IRQ c2=0
DMA IRQ c3=0
SELECT busy=4004
SELECT w0=3985
SELECT w1=3906
SELECT w2=2613
BUSY TASK ewma=997
DMA IRQ c0=0
DMA IRQ c1=2
DMA IRQ c2=0
DMA IRQ c3=0
SELECT busy=4025
SELECT w0=4007
SELECT w1=3920
SELECT w2=2627
BUSY TASK ewma=997
DMA IRQ c0=0
DMA IRQ c1=2
DMA IRQ c2=0
DMA IRQ c3=0
SELECT busy=4047
SELECT w0=4028
SELECT w1=3930
SELECT w2=2640
BUSY TASK ewma=997
DMA IRQ c0=0
DMA IRQ c1=2
DMA IRQ c2=0
DMA IRQ c3=0
SELECT busy=4071
SELECT w0=4053
SELECT w1=3944
SELECT w2=2658
BUSY TASK ewma=997
DMA IRQ c0=0
DMA IRQ c1=2
DMA IRQ c2=0
DMA IRQ c3=0
SELECT busy=4092
SELECT w0=4073
SELECT w1=3955
SELECT w2=2671
BUSY TASK ewma=997
DMA IRQ c0=0
DMA IRQ c1=2
DMA IRQ c2=0
DMA IRQ c3=0
SELECT busy=4108
SELECT w0=4089
SELECT w1=3964
SELECT w2=2680
BUSY TASK ewma=997
DMA IRQ c0=0
DMA IRQ c1=2
DMA IRQ c2=0
DMA IRQ c3=0
SELECT busy=4127
SELECT w0=4108
SELECT w1=3974
SELECT w2=2689
BUSY TASK ewma=997
DMA IRQ c0=0
DMA IRQ c1=2
DMA IRQ c2=0
DMA IRQ c3=0
SELECT busy=4150
SELECT w0=4131
SELECT w1=3983
SELECT w2=2700
BUSY TASK ewma=997
DMA IRQ c0=0
DMA IRQ c1=2
DMA IRQ c2=0
DMA IRQ c3=0
SELECT busy=4168
SELECT w0=4150
SELECT w1=3990
SELECT w2=2710
BUSY TASK ewma=997
DMA IRQ c0=0
DMA IRQ c1=2
DMA IRQ c2=0
DMA IRQ c3=0
SELECT busy=4190
SELECT w0=4172
SELECT w1=4002
SELECT w2=2726
BUSY TASK ewma=997
DMA IRQ c0=0
DMA IRQ c1=2
DMA IRQ c2=0
DMA IRQ c3=0
SELECT busy=4211
SELECT w0=4193
SELECT w1=4013
SELECT w2=2739
BUSY TASK ewma=997
DMA IRQ c0=0
DMA IRQ c1=2
DMA IRQ c2=0
DMA IRQ c3=0
SELECT busy=4230
SELECT w0=4212
SELECT w1=4022
SELECT w2=2752
BUSY TASK ewma=997
DMA IRQ c0=0
DMA IRQ c1=2
DMA IRQ c2=0
DMA IRQ c3=0
SELECT busy=4256
SELECT w0=4239
SELECT w1=4033
SELECT w2=2770
BUSY TASK ewma=997
DMA IRQ c0=0
DMA IRQ c1=2
DMA IRQ c2=0
DMA IRQ c3=0
SELECT busy=4274
SELECT w0=4255
SELECT w1=4042
SELECT w2=2779
BUSY TASK ewma=997
DMA IRQ c0=0
DMA IRQ c1=2
DMA IRQ c2=0
DMA IRQ c3=0
SELECT busy=4287
SELECT w0=4269
SELECT w1=4048
SELECT w2=2787
BUSY TASK ewma=997
DMA IRQ c0=0
DMA IRQ c1=2
DMA IRQ c2=0
DMA IRQ c3=0
SELECT busy=4302
SELECT w0=4284
SELECT w1=4055
SELECT w2=2798
BUSY TASK ewma=997
DMA IRQ c0=0
DMA IRQ c1=2
DMA IRQ c2=0
DMA IRQ c3=0
SELECT busy=4323
SELECT w0=4305
SELECT w1=4063
SELECT w2=2808
BUSY TASK ewma=997
DMA IRQ c0=0
DMA IRQ c1=2
DMA IRQ c2=0
DMA IRQ c3=0
SELECT busy=4343
SELECT w0=4325
SELECT w1=4073
SELECT w2=2822
BUSY TASK ewma=997
DMA IRQ c0=0
DMA IRQ c1=2
DMA IRQ c2=0
DMA IRQ c3=0
SELECT busy=4366
SELECT w0=4348
SELECT w1=4084
SELECT w2=2837
BUSY TASK ewma=997
DMA IRQ c0=0
DMA IRQ c1=2
DMA IRQ c2=0
DMA IRQ c3=0
SELECT busy=4387
SELECT w0=4368
SELECT w1=4093
SELECT w2=2850
BUSY TASK ewma=997
DMA IRQ c0=0
DMA IRQ c1=2
DMA IRQ c2=0
DMA IRQ c3=0
SELECT busy=4409
SELECT w0=4390
SELECT w1=4101
SELECT w2=2860
BUSY TASK ewma=997
IRQ counts: cpu0=8830 cpu1=10153 cpu2=10225 cpu3=10026
SCHED secondaries: calls=30427 unexpected=0
SECTEST switches=30395 cpu1=116413150,113637986 cpu2=91977353,93672251 cpu3=125445314,123108612
PINGPONG rounds=2000 pongs=2000
DMA IRQ c0=0
DMA IRQ c1=2
DMA IRQ c2=0
DMA IRQ c3=0
SELECT busy=4439
SELECT w0=4421
SELECT w1=4120
SELECT w2=2881
BUSY TASK ewma=997
DMA IRQ c0=0
DMA IRQ c1=2
DMA IRQ c2=0
DMA IRQ c3=0
SELECT busy=4460
SELECT w0=4442
SELECT w1=4130
SELECT w2=2894
BUSY TASK ewma=997
DMA IRQ c0=0
DMA IRQ c1=2
DMA IRQ c2=0
DMA IRQ c3=0
SELECT busy=4493
SELECT w0=4476
SELECT w1=4143
SELECT w2=2911
BUSY TASK ewma=997
DMA IRQ c0=0
DMA IRQ c1=2
DMA IRQ c2=0
DMA IRQ c3=0
SELECT busy=4521
SELECT w0=4503
SELECT w1=4156
SELECT w2=2926
BUSY TASK ewma=997
DMA IRQ c0=0
DMA IRQ c1=2
DMA IRQ c2=0
DMA IRQ c3=0
SELECT busy=4549
SELECT w0=4531
SELECT w1=4167
SELECT w2=2942
BUSY TASK ewma=997
DMA IRQ c0=0
DMA IRQ c1=2
DMA IRQ c2=0
DMA IRQ c3=0
SELECT busy=4577
SELECT w0=4559
SELECT w1=4180
SELECT w2=2958
BUSY TASK ewma=997
DMA IRQ c0=0
DMA IRQ c1=2
DMA IRQ c2=0
DMA IRQ c3=0
SELECT busy=4611
SELECT w0=4593
SELECT w1=4193
SELECT w2=2974
BUSY TASK ewma=997
DMA IRQ c0=0
DMA IRQ c1=2
DMA IRQ c2=0
DMA IRQ c3=0
SELECT busy=4642
SELECT w0=4625
SELECT w1=4206
SELECT w2=2993
BUSY TASK ewma=997
DMA IRQ c0=0
DMA IRQ c1=2
DMA IRQ c2=0
DMA IRQ c3=0
SELECT busy=4691
SELECT w0=4674
SELECT w1=4227
SELECT w2=3020
BUSY TASK ewma=997
DMA IRQ c0=0
DMA IRQ c1=2
DMA IRQ c2=0
DMA IRQ c3=0
SELECT busy=4741
SELECT w0=4722
SELECT w1=4249
SELECT w2=3051
BUSY TASK ewma=997
DMA IRQ c0=0
DMA IRQ c1=2
DMA IRQ c2=0
DMA IRQ c3=0
SELECT busy=4785
SELECT w0=4767
SELECT w1=4268
SELECT w2=3077
BUSY TASK ewma=997
DMA IRQ c0=0
DMA IRQ c1=2
DMA IRQ c2=0
DMA IRQ c3=0
SELECT busy=4821
SELECT w0=4802
SELECT w1=4283
SELECT w2=3093
BUSY TASK ewma=997
DMA IRQ c0=0
DMA IRQ c1=2
DMA IRQ c2=0
DMA IRQ c3=0
SELECT busy=4842
SELECT w0=4823
SELECT w1=4293
SELECT w2=3108
BUSY TASK ewma=997
DMA IRQ c0=0
DMA IRQ c1=2
DMA IRQ c2=0
DMA IRQ c3=0
SELECT busy=4869
SELECT w0=4850
SELECT w1=4305
SELECT w2=3120
BUSY TASK ewma=997
DMA IRQ c0=0
DMA IRQ c1=2
DMA IRQ c2=0
DMA IRQ c3=0
SELECT busy=4895
SELECT w0=4877
SELECT w1=4316
SELECT w2=3136
BUSY TASK ewma=997
DMA IRQ c0=0
DMA IRQ c1=2
DMA IRQ c2=0
DMA IRQ c3=0
SELECT busy=4930
SELECT w0=4912
SELECT w1=4331
SELECT w2=3155
BUSY TASK ewma=997
DMA IRQ c0=0
DMA IRQ c1=2
DMA IRQ c2=0
DMA IRQ c3=0
SELECT busy=4952
SELECT w0=4935
SELECT w1=4342
SELECT w2=3165
BUSY TASK ewma=997
DMA IRQ c0=0
DMA IRQ c1=2
DMA IRQ c2=0
DMA IRQ c3=0
SELECT busy=4982
SELECT w0=4964
SELECT w1=4356
SELECT w2=3183
BUSY TASK ewma=997
DMA IRQ c0=0
DMA IRQ c1=2
DMA IRQ c2=0
DMA IRQ c3=0
SELECT busy=5006
SELECT w0=4988
SELECT w1=4368
SELECT w2=3198
BUSY TASK ewma=997
DMA IRQ c0=0
DMA IRQ c1=2
DMA IRQ c2=0
DMA IRQ c3=0
SELECT busy=5046
SELECT w0=5028
SELECT w1=4384
SELECT w2=3221
BUSY TASK ewma=997
DMA IRQ c0=0
DMA IRQ c1=2
DMA IRQ c2=0
DMA IRQ c3=0
SELECT busy=5081
SELECT w0=5063
SELECT w1=4399
SELECT w2=3241
BUSY TASK ewma=997
DMA IRQ c0=0
DMA IRQ c1=2
DMA IRQ c2=0
DMA IRQ c3=0
SELECT busy=5123
SELECT w0=5105
SELECT w1=4416
SELECT w2=3265
BUSY TASK ewma=997
DMA IRQ c0=0
DMA IRQ c1=2
DMA IRQ c2=0
DMA IRQ c3=0
SELECT busy=5151
SELECT w0=5134
SELECT w1=4434
SELECT w2=3284
BUSY TASK ewma=997
DMA IRQ c0=0
DMA IRQ c1=2
DMA IRQ c2=0
DMA IRQ c3=0
SELECT busy=5174
SELECT w0=5156
SELECT w1=4443
SELECT w2=3295
BUSY TASK ewma=997
DMA IRQ c0=0
DMA IRQ c1=2
DMA IRQ c2=0
DMA IRQ c3=0
SELECT busy=5191
SELECT w0=5173
SELECT w1=4451
SELECT w2=3304
BUSY TASK ewma=997
DMA IRQ c0=0
DMA IRQ c1=2
DMA IRQ c2=0
DMA IRQ c3=0
SELECT busy=5208
SELECT w0=5190
SELECT w1=4460
SELECT w2=3319
BUSY TASK ewma=997
DMA IRQ c0=0
DMA IRQ c1=2
DMA IRQ c2=0
DMA IRQ c3=0
SELECT busy=5229
SELECT w0=5210
SELECT w1=4471
SELECT w2=3332
BUSY TASK ewma=997
DMA IRQ c0=0
DMA IRQ c1=2
DMA IRQ c2=0
DMA IRQ c3=0
SELECT busy=5251
SELECT w0=5232
SELECT w1=4480
SELECT w2=3342
BUSY TASK ewma=997
DMA IRQ c0=0
DMA IRQ c1=2
DMA IRQ c2=0
DMA IRQ c3=0
SELECT busy=5271
SELECT w0=5253
SELECT w1=4488
SELECT w2=3352
BUSY TASK ewma=997
DMA IRQ c0=0
DMA IRQ c1=2
DMA IRQ c2=0
DMA IRQ c3=0
SELECT busy=5292
SELECT w0=5273
SELECT w1=4497
SELECT w2=3364
BUSY TASK ewma=997
DMA IRQ c0=0
DMA IRQ c1=2
DMA IRQ c2=0
DMA IRQ c3=0
SELECT busy=5310
SELECT w0=5292
SELECT w1=4504
SELECT w2=3374
BUSY TASK ewma=997
DMA IRQ c0=0
DMA IRQ c1=2
DMA IRQ c2=0
DMA IRQ c3=0
SELECT busy=5335
SELECT w0=5316
SELECT w1=4515
SELECT w2=3390
BUSY TASK ewma=997
DMA IRQ c0=0
DMA IRQ c1=2
DMA IRQ c2=0
DMA IRQ c3=0
SELECT busy=5357
SELECT w0=5339
SELECT w1=4524
SELECT w2=3403
BUSY TASK ewma=997
DMA IRQ c0=0
DMA IRQ c1=2
DMA IRQ c2=0
DMA IRQ c3=0
SELECT busy=5374
SELECT w0=5355
SELECT w1=4532
SELECT w2=3416
BUSY TASK ewma=997
DMA IRQ c0=0
DMA IRQ c1=2
DMA IRQ c2=0
DMA IRQ c3=0
SELECT busy=5392
SELECT w0=5374
SELECT w1=4540
SELECT w2=3427
BUSY TASK ewma=997
DMA IRQ c0=0
DMA IRQ c1=2
DMA IRQ c2=0
DMA IRQ c3=0
SELECT busy=5417
SELECT w0=5399
SELECT w1=4551
SELECT w2=3441
BUSY TASK ewma=997
DMA IRQ c0=0
DMA IRQ c1=2
DMA IRQ c2=0
DMA IRQ c3=0
SELECT busy=5436
SELECT w0=5418
SELECT w1=4562
SELECT w2=3456
BUSY TASK ewma=997
DMA IRQ c0=0
DMA IRQ c1=2
DMA IRQ c2=0
DMA IRQ c3=0
SELECT busy=5457
SELECT w0=5438
SELECT w1=4568
SELECT w2=3465
BUSY TASK ewma=997
DMA IRQ c0=0
DMA IRQ c1=2
DMA IRQ c2=0
DMA IRQ c3=0
SELECT busy=5480
SELECT w0=5461
SELECT w1=4580
SELECT w2=3477
BUSY TASK ewma=997
DMA IRQ c0=0
DMA IRQ c1=2
DMA IRQ c2=0
DMA IRQ c3=0
SELECT busy=5495
SELECT w0=5477
SELECT w1=4588
SELECT w2=3489
BUSY TASK ewma=997
DMA IRQ c0=0
DMA IRQ c1=2
DMA IRQ c2=0
DMA IRQ c3=0
SELECT busy=5510
SELECT w0=5491
SELECT w1=4595
SELECT w2=3498
BUSY TASK ewma=997
DMA IRQ c0=0
DMA IRQ c1=2
DMA IRQ c2=0
DMA IRQ c3=0
SELECT busy=5532
SELECT w0=5514
SELECT w1=4607
SELECT w2=3515
BUSY TASK ewma=997
DMA IRQ c0=0
DMA IRQ c1=2
DMA IRQ c2=0
DMA IRQ c3=0
SELECT busy=5551
SELECT w0=5532
SELECT w1=4616
SELECT w2=3527
BUSY TASK ewma=997
DMA IRQ c0=0
DMA IRQ c1=2
DMA IRQ c2=0
DMA IRQ c3=0
SELECT busy=5574
SELECT w0=5555
SELECT w1=4628
SELECT w2=3542
BUSY TASK ewma=997
DMA IRQ c0=0
DMA IRQ c1=2
DMA IRQ c2=0
DMA IRQ c3=0
SELECT busy=5592
SELECT w0=5573
SELECT w1=4637
SELECT w2=3551
BUSY TASK ewma=997
DMA IRQ c0=0
DMA IRQ c1=2
DMA IRQ c2=0
DMA IRQ c3=0
SELECT busy=5606
SELECT w0=5587
SELECT w1=4643
SELECT w2=3560
BUSY TASK ewma=997
DMA IRQ c0=0
DMA IRQ c1=2
DMA IRQ c2=0
DMA IRQ c3=0
SELECT busy=5625
SELECT w0=5609
SELECT w1=4655
SELECT w2=3575
BUSY TASK ewma=997
DMA IRQ c0=0
DMA IRQ c1=2
DMA IRQ c2=0
DMA IRQ c3=0
SELECT busy=5652
SELECT w0=5633
SELECT w1=4665
SELECT w2=3589
BUSY TASK ewma=997
DMA IRQ c0=0
DMA IRQ c1=2
DMA IRQ c2=0
DMA IRQ c3=0
SELECT busy=5671
SELECT w0=5652
SELECT w1=4675
SELECT w2=3601
BUSY TASK ewma=997
DMA IRQ c0=0
DMA IRQ c1=2
DMA IRQ c2=0
DMA IRQ c3=0
SELECT busy=5686
SELECT w0=5667
SELECT w1=4682
SELECT w2=3609
BUSY TASK ewma=997
DMA IRQ c0=0
DMA IRQ c1=2
DMA IRQ c2=0
DMA IRQ c3=0
SELECT busy=5708
SELECT w0=5689
SELECT w1=4689
SELECT w2=3617
BUSY TASK ewma=997
DMA IRQ c0=0
DMA IRQ c1=2
DMA IRQ c2=0
DMA IRQ c3=0
SELECT busy=5747
SELECT w0=5729
SELECT w1=4710
SELECT w2=3642
BUSY TASK ewma=997
DMA IRQ c0=0
DMA IRQ c1=2
DMA IRQ c2=0
DMA IRQ c3=0
SELECT busy=5781
SELECT w0=5763
SELECT w1=4725
SELECT w2=3661
BUSY TASK ewma=997
DMA IRQ c0=0
DMA IRQ c1=2
DMA IRQ c2=0
DMA IRQ c3=0
SELECT busy=5817
SELECT w0=5799
SELECT w1=4742
SELECT w2=3682
BUSY TASK ewma=997
DMA IRQ c0=0
DMA IRQ c1=2
DMA IRQ c2=0
DMA IRQ c3=0
SELECT busy=5858
SELECT w0=5840
SELECT w1=4759
SELECT w2=3703
BUSY TASK ewma=997
DMA IRQ c0=0
DMA IRQ c1=2
DMA IRQ c2=0
DMA IRQ c3=0
SELECT busy=5901
SELECT w0=5884
SELECT w1=4779
SELECT w2=3725
BUSY TASK ewma=997
DMA IRQ c0=0
DMA IRQ c1=2
DMA IRQ c2=0
DMA IRQ c3=0
SELECT busy=5936
SELECT w0=5917
SELECT w1=4793
SELECT w2=3742
BUSY TASK ewma=997
DMA IRQ c0=0
DMA IRQ c1=2
DMA IRQ c2=0
DMA IRQ c3=0
SELECT busy=5977
SELECT w0=5961
SELECT w1=4810
SELECT w2=3769
BUSY TASK ewma=997
DMA IRQ c0=0
DMA IRQ c1=2
DMA IRQ c2=0
DMA IRQ c3=0
SELECT busy=6021
SELECT w0=6002
SELECT w1=4827
SELECT w2=3788
BUSY TASK ewma=997
DMA IRQ c0=0
DMA IRQ c1=2
DMA IRQ c2=0
DMA IRQ c3=0
SELECT busy=6060
SELECT w0=6041
SELECT w1=4843
SELECT w2=3805
BUSY TASK ewma=997
DMA IRQ c0=0
DMA IRQ c1=2
DMA IRQ c2=0
DMA IRQ c3=0
SELECT busy=6097
SELECT w0=6079
SELECT w1=4861
SELECT w2=3827
BUSY TASK ewma=997
DMA IRQ c0=0
DMA IRQ c1=2
DMA IRQ c2=0
DMA IRQ c3=0
SELECT busy=6129
SELECT w0=6112
SELECT w1=4875
SELECT w2=3844
BUSY TASK ewma=997
DMA IRQ c0=0
DMA IRQ c1=2
DMA IRQ c2=0
DMA IRQ c3=0
SELECT busy=6170
SELECT w0=6151
SELECT w1=4890
SELECT w2=3863
BUSY TASK ewma=997
DMA IRQ c0=0
DMA IRQ c1=2
DMA IRQ c2=0
DMA IRQ c3=0
SELECT busy=6207
SELECT w0=6188
SELECT w1=4907
SELECT w2=3884
BUSY TASK ewma=997
IRQ counts: cpu0=12462 cpu1=14202 cpu2=14351 cpu3=14016
SCHED secondaries: calls=42590 unexpected=0
SECTEST switches=42557 cpu1=146443367,143487619 cpu2=123340054,124435954 cpu3=166572930,163422400
PINGPONG rounds=2000 pongs=2000
DMA IRQ c0=0
DMA IRQ c1=2
DMA IRQ c2=0
DMA IRQ c3=0
SELECT busy=6256
SELECT w0=6237
SELECT w1=4929
SELECT w2=3910
BUSY TASK ewma=997
DMA IRQ c0=0
DMA IRQ c1=2
DMA IRQ c2=0
DMA IRQ c3=0
SELECT busy=6289
SELECT w0=6270
SELECT w1=4947
SELECT w2=3934
BUSY TASK ewma=997
DMA IRQ c0=0
DMA IRQ c1=2
DMA IRQ c2=0
DMA IRQ c3=0
SELECT busy=6322
SELECT w0=6303
SELECT w1=4961
SELECT w2=3950
BUSY TASK ewma=997
DMA IRQ c0=0
DMA IRQ c1=2
DMA IRQ c2=0
DMA IRQ c3=0
SELECT busy=6358
SELECT w0=6340
SELECT w1=4976
SELECT w2=3970
BUSY TASK ewma=997
DMA IRQ c0=0
DMA IRQ c1=2
DMA IRQ c2=0
DMA IRQ c3=0
SELECT busy=6402
SELECT w0=6383
SELECT w1=4997
SELECT w2=3996
BUSY TASK ewma=997
DMA IRQ c0=0
DMA IRQ c1=2
DMA IRQ c2=0
DMA IRQ c3=0
SELECT busy=6448
SELECT w0=6429
SELECT w1=5017
SELECT w2=4024
BUSY TASK ewma=997
DMA IRQ c0=0
DMA IRQ c1=2
DMA IRQ c2=0
DMA IRQ c3=0
SELECT busy=6483
SELECT w0=6464
SELECT w1=5029
SELECT w2=4040
BUSY TASK ewma=997
DMA IRQ c0=0
DMA IRQ c1=2
DMA IRQ c2=0
DMA IRQ c3=0
SELECT busy=6522
SELECT w0=6504
SELECT w1=5049
SELECT w2=4063
BUSY TASK ewma=997
DMA IRQ c0=0
DMA IRQ c1=2
DMA IRQ c2=0
DMA IRQ c3=0
SELECT busy=6567
SELECT w0=6549
SELECT w1=5071
SELECT w2=4088
BUSY TASK ewma=997
DMA IRQ c0=0
DMA IRQ c1=2
DMA IRQ c2=0
DMA IRQ c3=0
SELECT busy=6586
SELECT w0=6568
SELECT w1=5082
SELECT w2=4099
BUSY TASK ewma=997
DMA IRQ c0=0
DMA IRQ c1=2
DMA IRQ c2=0
DMA IRQ c3=0
SELECT busy=6602
SELECT w0=6584
SELECT w1=5090
SELECT w2=4109
BUSY TASK ewma=997
DMA IRQ c0=0
DMA IRQ c1=2
DMA IRQ c2=0
DMA IRQ c3=0
SELECT busy=6617
SELECT w0=6598
SELECT w1=5098
SELECT w2=4118
BUSY TASK ewma=997
DMA IRQ c0=0
DMA IRQ c1=2
DMA IRQ c2=0
DMA IRQ c3=0
SELECT busy=6635
SELECT w0=6617
SELECT w1=5107
SELECT w2=4131
BUSY TASK ewma=997
DMA IRQ c0=0
DMA IRQ c1=2
DMA IRQ c2=0
DMA IRQ c3=0
SELECT busy=6651
SELECT w0=6633
SELECT w1=5116
SELECT w2=4143
BUSY TASK ewma=997
DMA IRQ c0=0
DMA IRQ c1=2
DMA IRQ c2=0
DMA IRQ c3=0
SELECT busy=6667
SELECT w0=6649
SELECT w1=5125
SELECT w2=4154
BUSY TASK ewma=997
DMA IRQ c0=0
DMA IRQ c1=2
DMA IRQ c2=0
DMA IRQ c3=0
SELECT busy=6702
SELECT w0=6684
SELECT w1=5140
SELECT w2=4171
BUSY TASK ewma=997
DMA IRQ c0=0
DMA IRQ c1=2
DMA IRQ c2=0
DMA IRQ c3=0
SELECT busy=6733
SELECT w0=6715
SELECT w1=5154
SELECT w2=4187
BUSY TASK ewma=997
DMA IRQ c0=0
DMA IRQ c1=2
DMA IRQ c2=0
DMA IRQ c3=0
SELECT busy=6750
SELECT w0=6731
SELECT w1=5163
SELECT w2=4196
BUSY TASK ewma=997
DMA IRQ c0=0
DMA IRQ c1=2
DMA IRQ c2=0
DMA IRQ c3=0
SELECT busy=6770
SELECT w0=6752
SELECT w1=5171
SELECT w2=4209
BUSY TASK ewma=997
DMA IRQ c0=0
DMA IRQ c1=2
DMA IRQ c2=0
DMA IRQ c3=0
SELECT busy=6786
SELECT w0=6768
SELECT w1=5180
SELECT w2=4219
BUSY TASK ewma=997
DMA IRQ c0=0
DMA IRQ c1=2
DMA IRQ c2=0
DMA IRQ c3=0
SELECT busy=6811
SELECT w0=6793
SELECT w1=5193
SELECT w2=4236
BUSY TASK ewma=997
DMA IRQ c0=0
DMA IRQ c1=2
DMA IRQ c2=0
DMA IRQ c3=0
SELECT busy=6826
SELECT w0=6808
SELECT w1=5201
SELECT w2=4245
BUSY TASK ewma=997
DMA IRQ c0=0
DMA IRQ c1=2
DMA IRQ c2=0
DMA IRQ c3=0
SELECT busy=6839
SELECT w0=6820
SELECT w1=5206
SELECT w2=4253
BUSY TASK ewma=997
DMA IRQ c0=0
DMA IRQ c1=2
DMA IRQ c2=0
DMA IRQ c3=0
SELECT busy=6870
SELECT w0=6853
SELECT w1=5222
SELECT w2=4276
BUSY TASK ewma=997
DMA IRQ c0=0
DMA IRQ c1=2
DMA IRQ c2=0
DMA IRQ c3=0
SELECT busy=6909
SELECT w0=6891
SELECT w1=5235
SELECT w2=4294
BUSY TASK ewma=997
DMA IRQ c0=0
DMA IRQ c1=2
DMA IRQ c2=0
DMA IRQ c3=0
SELECT busy=6933
SELECT w0=6914
SELECT w1=5244
SELECT w2=4305
BUSY TASK ewma=997
DMA IRQ c0=0
DMA IRQ c1=2
DMA IRQ c2=0
DMA IRQ c3=0
SELECT busy=6951
SELECT w0=6932
SELECT w1=5252
SELECT w2=4315
BUSY TASK ewma=997
DMA IRQ c0=0
DMA IRQ c1=2
DMA IRQ c2=0
DMA IRQ c3=0
SELECT busy=6967
SELECT w0=6949
SELECT w1=5260
SELECT w2=4328
BUSY TASK ewma=997
DMA IRQ c0=0
DMA IRQ c1=2
DMA IRQ c2=0
DMA IRQ c3=0
SELECT busy=6994
SELECT w0=6977
SELECT w1=5271
SELECT w2=4340
BUSY TASK ewma=997
DMA IRQ c0=0
DMA IRQ c1=2
DMA IRQ c2=0
DMA IRQ c3=0
SELECT busy=7011
SELECT w0=6993
SELECT w1=5278
SELECT w2=4351
BUSY TASK ewma=997
DMA IRQ c0=0
DMA IRQ c1=2
DMA IRQ c2=0
DMA IRQ c3=0
SELECT busy=7027
SELECT w0=7009
SELECT w1=5286
SELECT w2=4363
BUSY TASK ewma=997
DMA IRQ c0=0
DMA IRQ c1=2
DMA IRQ c2=0
DMA IRQ c3=0
SELECT busy=7050
SELECT w0=7031
SELECT w1=5296
SELECT w2=4374
BUSY TASK ewma=997
DMA IRQ c0=0
DMA IRQ c1=2
DMA IRQ c2=0
DMA IRQ c3=0
SELECT busy=7070
SELECT w0=7051
SELECT w1=5304
SELECT w2=4387
BUSY TASK ewma=997
DMA IRQ c0=0
DMA IRQ c1=2
DMA IRQ c2=0
DMA IRQ c3=0
SELECT busy=7095
SELECT w0=7076
SELECT w1=5313
SELECT w2=4397
BUSY TASK ewma=997
DMA IRQ c0=0
DMA IRQ c1=2
DMA IRQ c2=0
DMA IRQ c3=0
SELECT busy=7112
SELECT w0=7093
SELECT w1=5319
SELECT w2=4406
BUSY TASK ewma=997
DMA IRQ c0=0
DMA IRQ c1=2
DMA IRQ c2=0
DMA IRQ c3=0
SELECT busy=7131
SELECT w0=7113
SELECT w1=5330
SELECT w2=4422
BUSY TASK ewma=997
DMA IRQ c0=0
DMA IRQ c1=2
DMA IRQ c2=0
DMA IRQ c3=0
SELECT busy=7148
SELECT w0=7130
SELECT w1=5341
SELECT w2=4434
BUSY TASK ewma=997
DMA IRQ c0=0
DMA IRQ c1=2
DMA IRQ c2=0
DMA IRQ c3=0
SELECT busy=7170
SELECT w0=7152
SELECT w1=5353
SELECT w2=4445
BUSY TASK ewma=997
DMA IRQ c0=0
DMA IRQ c1=2
DMA IRQ c2=0
DMA IRQ c3=0
SELECT busy=7191
SELECT w0=7173
SELECT w1=5362
SELECT w2=4458
BUSY TASK ewma=997
DMA IRQ c0=0
DMA IRQ c1=2
DMA IRQ c2=0
DMA IRQ c3=0
SELECT busy=7211
SELECT w0=7192
SELECT w1=5372
SELECT w2=4467
BUSY TASK ewma=997
DMA IRQ c0=0
DMA IRQ c1=2
DMA IRQ c2=0
DMA IRQ c3=0
SELECT busy=7232
SELECT w0=7214
SELECT w1=5382
SELECT w2=4479
BUSY TASK ewma=997
DMA IRQ c0=0
DMA IRQ c1=2
DMA IRQ c2=0
DMA IRQ c3=0
SELECT busy=7248
SELECT w0=7230
SELECT w1=5389
SELECT w2=4488
BUSY TASK ewma=997
DMA IRQ c0=0
DMA IRQ c1=2
DMA IRQ c2=0
DMA IRQ c3=0
SELECT busy=7264
SELECT w0=7246
SELECT w1=5398
SELECT w2=4501
BUSY TASK ewma=997
DMA IRQ c0=0
DMA IRQ c1=2
DMA IRQ c2=0
DMA IRQ c3=0
SELECT busy=7283
SELECT w0=7265
SELECT w1=5408
SELECT w2=4514
BUSY TASK ewma=997
DMA IRQ c0=0
DMA IRQ c1=2
DMA IRQ c2=0
DMA IRQ c3=0
SELECT busy=7300
SELECT w0=7282
SELECT w1=5416
SELECT w2=4525
BUSY TASK ewma=997
DMA IRQ c0=0
DMA IRQ c1=2
DMA IRQ c2=0
DMA IRQ c3=0
SELECT busy=7341
SELECT w0=7324
SELECT w1=5433
SELECT w2=4548
BUSY TASK ewma=997
DMA IRQ c0=0
DMA IRQ c1=2
DMA IRQ c2=0
DMA IRQ c3=0
SELECT busy=7379
SELECT w0=7362
SELECT w1=5449
SELECT w2=4568
BUSY TASK ewma=997
DMA IRQ c0=0
DMA IRQ c1=2
DMA IRQ c2=0
DMA IRQ c3=0
SELECT busy=7422
SELECT w0=7403
SELECT w1=5466
SELECT w2=4591
BUSY TASK ewma=997
DMA IRQ c0=0
DMA IRQ c1=2
DMA IRQ c2=0
DMA IRQ c3=0
SELECT busy=7458
SELECT w0=7440
SELECT w1=5478
SELECT w2=4607
BUSY TASK ewma=997
DMA IRQ c0=0
DMA IRQ c1=2
DMA IRQ c2=0
DMA IRQ c3=0
SELECT busy=7504
SELECT w0=7486
SELECT w1=5502
SELECT w2=4638
BUSY TASK ewma=997
DMA IRQ c0=0
DMA IRQ c1=2
DMA IRQ c2=0
DMA IRQ c3=0
SELECT busy=7544
SELECT w0=7526
SELECT w1=5520
SELECT w2=4660
BUSY TASK ewma=997
DMA IRQ c0=0
DMA IRQ c1=2
DMA IRQ c2=0
DMA IRQ c3=0
SELECT busy=7589
SELECT w0=7571
SELECT w1=5542
SELECT w2=4687
BUSY TASK ewma=997
DMA IRQ c0=0
DMA IRQ c1=2
DMA IRQ c2=0
DMA IRQ c3=0
SELECT busy=7635
SELECT w0=7617
SELECT w1=5560
SELECT w2=4710
BUSY TASK ewma=997
DMA IRQ c0=0
DMA IRQ c1=2
DMA IRQ c2=0
DMA IRQ c3=0
SELECT busy=7676
SELECT w0=7658
SELECT w1=5575
SELECT w2=4737
BUSY TASK ewma=997
DMA IRQ c0=0
DMA IRQ c1=2
DMA IRQ c2=0
DMA IRQ c3=0
SELECT busy=7723
SELECT w0=7705
SELECT w1=5595
SELECT w2=4759
BUSY TASK ewma=997
DMA IRQ c0=0
DMA IRQ c1=2
DMA IRQ c2=0
DMA IRQ c3=0
SELECT busy=7738
SELECT w0=7719
SELECT w1=5602
SELECT w2=4769
BUSY TASK ewma=997
DMA IRQ c0=0
DMA IRQ c1=2
DMA IRQ c2=0
DMA IRQ c3=0
SELECT busy=7761
SELECT w0=7743
SELECT w1=5615
SELECT w2=4784
BUSY TASK ewma=997
DMA IRQ c0=0
DMA IRQ c1=2
DMA IRQ c2=0
DMA IRQ c3=0
SELECT busy=7780
SELECT w0=7762
SELECT w1=5625
SELECT w2=4796
BUSY TASK ewma=997
DMA IRQ c0=0
DMA IRQ c1=2
DMA IRQ c2=0
DMA IRQ c3=0
SELECT busy=7800
SELECT w0=7782
SELECT w1=5634
SELECT w2=4808
BUSY TASK ewma=997
DMA IRQ c0=0
DMA IRQ c1=2
DMA IRQ c2=0
DMA IRQ c3=0
SELECT busy=7817
SELECT w0=7798
SELECT w1=5641
SELECT w2=4817
BUSY TASK ewma=997
DMA IRQ c0=0
DMA IRQ c1=2
DMA IRQ c2=0
DMA IRQ c3=0
SELECT busy=7839
SELECT w0=7821
SELECT w1=5650
SELECT w2=4830
BUSY TASK ewma=997
DMA IRQ c0=0
DMA IRQ c1=2
DMA IRQ c2=0
DMA IRQ c3=0
SELECT busy=7863
SELECT w0=7845
SELECT w1=5659
SELECT w2=4840
BUSY TASK ewma=997
DMA IRQ c0=0
DMA IRQ c1=2
DMA IRQ c2=0
DMA IRQ c3=0
SELECT busy=7886
SELECT w0=7867
SELECT w1=5668
SELECT w2=4854
BUSY TASK ewma=997
DMA IRQ c0=0
DMA IRQ c1=2
DMA IRQ c2=0
DMA IRQ c3=0
SELECT busy=7905
SELECT w0=7886
SELECT w1=5675
SELECT w2=4862
BUSY TASK ewma=997
IRQ counts: cpu0=15826 cpu1=18001 cpu2=18221 cpu3=17791
SCHED secondaries: calls=54018 unexpected=0
SECTEST switches=53977 cpu1=176200369,173232416 cpu2=151134917,151807083 cpu3=206711996,203414755
PINGPONG rounds=2000 pongs=2000
DMA IRQ c0=0
DMA IRQ c1=2
DMA IRQ c2=0
DMA IRQ c3=0
SELECT busy=7931
SELECT w0=7912
SELECT w1=5685
SELECT w2=4874
BUSY TASK ewma=997
DMA IRQ c0=0
DMA IRQ c1=2
DMA IRQ c2=0
DMA IRQ c3=0
SELECT busy=7957
SELECT w0=7939
SELECT w1=5699
SELECT w2=4889
BUSY TASK ewma=997
DMA IRQ c0=0
DMA IRQ c1=2
DMA IRQ c2=0
DMA IRQ c3=0
SELECT busy=7981
SELECT w0=7963
SELECT w1=5717
SELECT w2=4905
BUSY TASK ewma=997
DMA IRQ c0=0
DMA IRQ c1=2
DMA IRQ c2=0
DMA IRQ c3=0
SELECT busy=7995
SELECT w0=7976
SELECT w1=5723
SELECT w2=4911
BUSY TASK ewma=997
DMA IRQ c0=0
DMA IRQ c1=2
DMA IRQ c2=0
DMA IRQ c3=0
SELECT busy=8026
SELECT w0=8007
SELECT w1=5735
SELECT w2=4927
BUSY TASK ewma=997
DMA IRQ c0=0
DMA IRQ c1=2
DMA IRQ c2=0
DMA IRQ c3=0
SELECT busy=8073
SELECT w0=8058
SELECT w1=5758
SELECT w2=4956
BUSY TASK ewma=997
DMA IRQ c0=0
DMA IRQ c1=2
DMA IRQ c2=0
DMA IRQ c3=0
SELECT busy=8109
SELECT w0=8090
SELECT w1=5771
SELECT w2=4969
BUSY TASK ewma=997
DMA IRQ c0=0
DMA IRQ c1=2
DMA IRQ c2=0
DMA IRQ c3=0
SELECT busy=8125
SELECT w0=8106
SELECT w1=5779
SELECT w2=4978
BUSY TASK ewma=997
DMA IRQ c0=0
DMA IRQ c1=2
DMA IRQ c2=0
DMA IRQ c3=0
SELECT busy=8150
SELECT w0=8132
SELECT w1=5791
SELECT w2=4996
BUSY TASK ewma=997
DMA IRQ c0=0
DMA IRQ c1=2
DMA IRQ c2=0
DMA IRQ c3=0
SELECT busy=8167
SELECT w0=8149
SELECT w1=5797
SELECT w2=5002
BUSY TASK ewma=997
DMA IRQ c0=0
DMA IRQ c1=2
DMA IRQ c2=0
DMA IRQ c3=0
SELECT busy=8182
SELECT w0=8164
SELECT w1=5805
SELECT w2=5012
BUSY TASK ewma=997
DMA IRQ c0=0
DMA IRQ c1=2
DMA IRQ c2=0
DMA IRQ c3=0
SELECT busy=8205
SELECT w0=8186
SELECT w1=5815
SELECT w2=5024
BUSY TASK ewma=997
DMA IRQ c0=0
DMA IRQ c1=2
DMA IRQ c2=0
DMA IRQ c3=0
SELECT busy=8224
SELECT w0=8207
SELECT w1=5823
SELECT w2=5033
BUSY TASK ewma=997
DMA IRQ c0=0
DMA IRQ c1=2
DMA IRQ c2=0
DMA IRQ c3=0
SELECT busy=8246
SELECT w0=8229
SELECT w1=5833
SELECT w2=5046
BUSY TASK ewma=997
DMA IRQ c0=0
DMA IRQ c1=2
DMA IRQ c2=0
DMA IRQ c3=0
SELECT busy=8272
SELECT w0=8253
SELECT w1=5843
SELECT w2=5060
BUSY TASK ewma=997
DMA IRQ c0=0
DMA IRQ c1=2
DMA IRQ c2=0
DMA IRQ c3=0
SELECT busy=8294
SELECT w0=8276
SELECT w1=5853
SELECT w2=5074
BUSY TASK ewma=997
DMA IRQ c0=0
DMA IRQ c1=2
DMA IRQ c2=0
DMA IRQ c3=0
SELECT busy=8317
SELECT w0=8298
SELECT w1=5864
SELECT w2=5087
BUSY TASK ewma=997
DMA IRQ c0=0
DMA IRQ c1=2
DMA IRQ c2=0
DMA IRQ c3=0
SELECT busy=8332
SELECT w0=8314
SELECT w1=5873
SELECT w2=5097
BUSY TASK ewma=997
DMA IRQ c0=0
DMA IRQ c1=2
DMA IRQ c2=0
DMA IRQ c3=0
SELECT busy=8350
SELECT w0=8332
SELECT w1=5882
SELECT w2=5109
BUSY TASK ewma=997
DMA IRQ c0=0
DMA IRQ c1=2
DMA IRQ c2=0
DMA IRQ c3=0
SELECT busy=8369
SELECT w0=8350
SELECT w1=5888
SELECT w2=5119
BUSY TASK ewma=997
DMA IRQ c0=0
DMA IRQ c1=2
DMA IRQ c2=0
DMA IRQ c3=0
SELECT busy=8394
SELECT w0=8375
SELECT w1=5899
SELECT w2=5133
BUSY TASK ewma=997
DMA IRQ c0=0
DMA IRQ c1=2
DMA IRQ c2=0
DMA IRQ c3=0
SELECT busy=8410
SELECT w0=8392
SELECT w1=5907
SELECT w2=5144
BUSY TASK ewma=997
DMA IRQ c0=0
DMA IRQ c1=2
DMA IRQ c2=0
DMA IRQ c3=0
SELECT busy=8433
SELECT w0=8414
SELECT w1=5915
SELECT w2=5154
BUSY TASK ewma=997
DMA IRQ c0=0
DMA IRQ c1=2
DMA IRQ c2=0
DMA IRQ c3=0
SELECT busy=8465
SELECT w0=8447
SELECT w1=5929
SELECT w2=5169
BUSY TASK ewma=997
DMA IRQ c0=0
DMA IRQ c1=2
DMA IRQ c2=0
DMA IRQ c3=0
SELECT busy=8498
SELECT w0=8479
SELECT w1=5945
SELECT w2=5190
BUSY TASK ewma=997
DMA IRQ c0=0
DMA IRQ c1=2
DMA IRQ c2=0
DMA IRQ c3=0
SELECT busy=8539
SELECT w0=8520
SELECT w1=5959
SELECT w2=5208
BUSY TASK ewma=997
DMA IRQ c0=0
DMA IRQ c1=2
DMA IRQ c2=0
DMA IRQ c3=0
SELECT busy=8560
SELECT w0=8542
SELECT w1=5971
SELECT w2=5222
BUSY TASK ewma=997
DMA IRQ c0=0
DMA IRQ c1=2
DMA IRQ c2=0
DMA IRQ c3=0
SELECT busy=8579
SELECT w0=8561
SELECT w1=5977
SELECT w2=5232
BUSY TASK ewma=997
DMA IRQ c0=0
DMA IRQ c1=2
DMA IRQ c2=0
DMA IRQ c3=0
SELECT busy=8597
SELECT w0=8578
SELECT w1=5988
SELECT w2=5242
BUSY TASK ewma=997
DMA IRQ c0=0
DMA IRQ c1=2
DMA IRQ c2=0
DMA IRQ c3=0
SELECT busy=8614
SELECT w0=8596
SELECT w1=5997
SELECT w2=5252
BUSY TASK ewma=997
DMA IRQ c0=0
DMA IRQ c1=2
DMA IRQ c2=0
DMA IRQ c3=0
SELECT busy=8633
SELECT w0=8615
SELECT w1=6008
SELECT w2=5265
BUSY TASK ewma=997
DMA IRQ c0=0
DMA IRQ c1=2
DMA IRQ c2=0
DMA IRQ c3=0
SELECT busy=8651
SELECT w0=8632
SELECT w1=6015
SELECT w2=5274
BUSY TASK ewma=997
DMA IRQ c0=0
DMA IRQ c1=2
DMA IRQ c2=0
DMA IRQ c3=0
SELECT busy=8670
SELECT w0=8651
SELECT w1=6021
SELECT w2=5281
BUSY TASK ewma=997
DMA IRQ c0=0
DMA IRQ c1=2
DMA IRQ c2=0
DMA IRQ c3=0
SELECT busy=8686
SELECT w0=8667
SELECT w1=6026
SELECT w2=5289
BUSY TASK ewma=997
DMA IRQ c0=0
DMA IRQ c1=2
DMA IRQ c2=0
DMA IRQ c3=0
SELECT busy=8707
SELECT w0=8688
SELECT w1=6037
SELECT w2=5302
BUSY TASK ewma=997
DMA IRQ c0=0
DMA IRQ c1=2
DMA IRQ c2=0
DMA IRQ c3=0
SELECT busy=8723
SELECT w0=8704
SELECT w1=6044
SELECT w2=5314
BUSY TASK ewma=997
DMA IRQ c0=0
DMA IRQ c1=2
DMA IRQ c2=0
DMA IRQ c3=0
SELECT busy=8743
SELECT w0=8725
SELECT w1=6051
SELECT w2=5323
BUSY TASK ewma=997
DMA IRQ c0=0
DMA IRQ c1=2
DMA IRQ c2=0
DMA IRQ c3=0
SELECT busy=8762
SELECT w0=8744
SELECT w1=6059
SELECT w2=5335
BUSY TASK ewma=997
DMA IRQ c0=0
DMA IRQ c1=2
DMA IRQ c2=0
DMA IRQ c3=0
SELECT busy=8780
SELECT w0=8761
SELECT w1=6066
SELECT w2=5349
BUSY TASK ewma=997
DMA IRQ c0=0
DMA IRQ c1=2
DMA IRQ c2=0
DMA IRQ c3=0
SELECT busy=8796
SELECT w0=8777
SELECT w1=6074
SELECT w2=5359
BUSY TASK ewma=997
DMA IRQ c0=0
DMA IRQ c1=2
DMA IRQ c2=0
DMA IRQ c3=0
SELECT busy=8818
SELECT w0=8800
SELECT w1=6084
SELECT w2=5376
BUSY TASK ewma=997
DMA IRQ c0=0
DMA IRQ c1=2
DMA IRQ c2=0
DMA IRQ c3=0
SELECT busy=8839
SELECT w0=8820
SELECT w1=6093
SELECT w2=5386
BUSY TASK ewma=997
DMA IRQ c0=0
DMA IRQ c1=2
DMA IRQ c2=0
DMA IRQ c3=0
SELECT busy=8861
SELECT w0=8843
SELECT w1=6101
SELECT w2=5398
BUSY TASK ewma=997
DMA IRQ c0=0
DMA IRQ c1=2
DMA IRQ c2=0
DMA IRQ c3=0
SELECT busy=8878
SELECT w0=8860
SELECT w1=6110
SELECT w2=5412
BUSY TASK ewma=997
DMA IRQ c0=0
DMA IRQ c1=2
DMA IRQ c2=0
DMA IRQ c3=0
SELECT busy=8892
SELECT w0=8873
SELECT w1=6115
SELECT w2=5417
BUSY TASK ewma=997
DMA IRQ c0=0
DMA IRQ c1=2
DMA IRQ c2=0
DMA IRQ c3=0
SELECT busy=8911
SELECT w0=8893
SELECT w1=6127
SELECT w2=5429
BUSY TASK ewma=997
DMA IRQ c0=0
DMA IRQ c1=2
DMA IRQ c2=0
DMA IRQ c3=0
SELECT busy=8932
SELECT w0=8914
SELECT w1=6140
SELECT w2=5445
BUSY TASK ewma=997
DMA IRQ c0=0
DMA IRQ c1=2
DMA IRQ c2=0
DMA IRQ c3=0
SELECT busy=8950
SELECT w0=8931
SELECT w1=6148
SELECT w2=5459
BUSY TASK ewma=997
DMA IRQ c0=0
DMA IRQ c1=2
DMA IRQ c2=0
DMA IRQ c3=0
SELECT busy=8968
SELECT w0=8949
SELECT w1=6154
SELECT w2=5467
BUSY TASK ewma=997
DMA IRQ c0=0
DMA IRQ c1=2
DMA IRQ c2=0
DMA IRQ c3=0
SELECT busy=8982
SELECT w0=8963
SELECT w1=6160
SELECT w2=5475
BUSY TASK ewma=997
DMA IRQ c0=0
DMA IRQ c1=2
DMA IRQ c2=0
DMA IRQ c3=0
SELECT busy=9000
SELECT w0=8981
SELECT w1=6167
SELECT w2=5485
BUSY TASK ewma=997
DMA IRQ c0=0
DMA IRQ c1=2
DMA IRQ c2=0
DMA IRQ c3=0
SELECT busy=9019
SELECT w0=9000
SELECT w1=6174
SELECT w2=5494
BUSY TASK ewma=997
DMA IRQ c0=0
DMA IRQ c1=2
DMA IRQ c2=0
DMA IRQ c3=0
SELECT busy=9040
SELECT w0=9022
SELECT w1=6185
SELECT w2=5512
BUSY TASK ewma=997
DMA IRQ c0=0
DMA IRQ c1=2
DMA IRQ c2=0
DMA IRQ c3=0
SELECT busy=9060
SELECT w0=9041
SELECT w1=6193
SELECT w2=5523
BUSY TASK ewma=997
DMA IRQ c0=0
DMA IRQ c1=2
DMA IRQ c2=0
DMA IRQ c3=0
SELECT busy=9087
SELECT w0=9068
SELECT w1=6203
SELECT w2=5540
BUSY TASK ewma=997
DMA IRQ c0=0
DMA IRQ c1=2
DMA IRQ c2=0
DMA IRQ c3=0
SELECT busy=9113
SELECT w0=9094
SELECT w1=6215
SELECT w2=5552
BUSY TASK ewma=997
DMA IRQ c0=0
DMA IRQ c1=2
DMA IRQ c2=0
DMA IRQ c3=0
SELECT busy=9132
SELECT w0=9114
SELECT w1=6227
SELECT w2=5568
BUSY TASK ewma=997
DMA IRQ c0=0
DMA IRQ c1=2
DMA IRQ c2=0
DMA IRQ c3=0
SELECT busy=9151
SELECT w0=9132
SELECT w1=6233
SELECT w2=5575
BUSY TASK ewma=997
DMA IRQ c0=0
DMA IRQ c1=2
DMA IRQ c2=0
DMA IRQ c3=0
SELECT busy=9170
SELECT w0=9151
SELECT w1=6240
SELECT w2=5583
BUSY TASK ewma=997
DMA IRQ c0=0
DMA IRQ c1=2
DMA IRQ c2=0
DMA IRQ c3=0
SELECT busy=9191
SELECT w0=9172
SELECT w1=6246
SELECT w2=5591
BUSY TASK ewma=997
DMA IRQ c0=0
DMA IRQ c1=2
DMA IRQ c2=0
DMA IRQ c3=0
SELECT busy=9234
SELECT w0=9216
SELECT w1=6265
SELECT w2=5614
BUSY TASK ewma=997
DMA IRQ c0=0
DMA IRQ c1=2
DMA IRQ c2=0
DMA IRQ c3=0
SELECT busy=9268
SELECT w0=9250
SELECT w1=6280
SELECT w2=5633
BUSY TASK ewma=997
DMA IRQ c0=0
DMA IRQ c1=2
DMA IRQ c2=0
DMA IRQ c3=0
SELECT busy=9305
SELECT w0=9286
SELECT w1=6294
SELECT w2=5649
BUSY TASK ewma=997
DMA IRQ c0=0
DMA IRQ c1=2
DMA IRQ c2=0
DMA IRQ c3=0
SELECT busy=9344
SELECT w0=9326
SELECT w1=6309
SELECT w2=5669
BUSY TASK ewma=997
IRQ counts: cpu0=18738 cpu1=21224 cpu2=21504 cpu3=21057
SCHED secondaries: calls=63799 unexpected=0
SECTEST switches=63764 cpu1=207276315,203329258 cpu2=183169900,181646619 cpu3=248895915,245496567
PINGPONG rounds=2000 pongs=2000
DMA IRQ c0=0
DMA IRQ c1=2
DMA IRQ c2=0
DMA IRQ c3=0
SELECT busy=9393
SELECT w0=9374
SELECT w1=6335
SELECT w2=5699
BUSY TASK ewma=997
DMA IRQ c0=0
DMA IRQ c1=2
DMA IRQ c2=0
DMA IRQ c3=0
SELECT busy=9409
SELECT w0=9390
SELECT w1=6344
SELECT w2=5709
BUSY TASK ewma=997
DMA IRQ c0=0
DMA IRQ c1=2
DMA IRQ c2=0
DMA IRQ c3=0
SELECT busy=9440
SELECT w0=9421
SELECT w1=6358
SELECT w2=5728
BUSY TASK ewma=997
DMA IRQ c0=0
DMA IRQ c1=2
DMA IRQ c2=0
DMA IRQ c3=0
SELECT busy=9480
SELECT w0=9462
SELECT w1=6378
SELECT w2=5752
BUSY TASK ewma=997
DMA IRQ c0=0
DMA IRQ c1=2
DMA IRQ c2=0
DMA IRQ c3=0
SELECT busy=9503
SELECT w0=9486
SELECT w1=6392
SELECT w2=5767
BUSY TASK ewma=997
DMA IRQ c0=0
DMA IRQ c1=2
DMA IRQ c2=0
DMA IRQ c3=0
SELECT busy=9521
SELECT w0=9502
SELECT w1=6400
SELECT w2=5775
BUSY TASK ewma=997
DMA IRQ c0=0
DMA IRQ c1=2
DMA IRQ c2=0
DMA IRQ c3=0
SELECT busy=9545
SELECT w0=9527
SELECT w1=6412
SELECT w2=5791
BUSY TASK ewma=997
DMA IRQ c0=0
DMA IRQ c1=2
DMA IRQ c2=0
DMA IRQ c3=0
SELECT busy=9565
SELECT w0=9546
SELECT w1=6419
SELECT w2=5800
BUSY TASK ewma=997
DMA IRQ c0=0
DMA IRQ c1=2
DMA IRQ c2=0
DMA IRQ c3=0
SELECT busy=9584
SELECT w0=9565
SELECT w1=6427
SELECT w2=5809
BUSY TASK ewma=997
DMA IRQ c0=0
DMA IRQ c1=2
DMA IRQ c2=0
DMA IRQ c3=0
SELECT busy=9603
SELECT w0=9585
SELECT w1=6437
SELECT w2=5819
BUSY TASK ewma=997
DMA IRQ c0=0
DMA IRQ c1=2
DMA IRQ c2=0
DMA IRQ c3=0
SELECT busy=9628
SELECT w0=9610
SELECT w1=6448
SELECT w2=5835
BUSY TASK ewma=997
DMA IRQ c0=0
DMA IRQ c1=2
DMA IRQ c2=0
DMA IRQ c3=0
SELECT busy=9648
SELECT w0=9630
SELECT w1=6459
SELECT w2=5847
BUSY TASK ewma=997
DMA IRQ c0=0
DMA IRQ c1=2
DMA IRQ c2=0
DMA IRQ c3=0
SELECT busy=9665
SELECT w0=9647
SELECT w1=6467
SELECT w2=5858
BUSY TASK ewma=997
DMA IRQ c0=0
DMA IRQ c1=2
DMA IRQ c2=0
DMA IRQ c3=0
SELECT busy=9679
SELECT w0=9661
SELECT w1=6474
SELECT w2=5867
BUSY TASK ewma=997
DMA IRQ c0=0
DMA IRQ c1=2
DMA IRQ c2=0
DMA IRQ c3=0
SELECT busy=9697
SELECT w0=9680
SELECT w1=6484
SELECT w2=5882
BUSY TASK ewma=997
DMA IRQ c0=0
DMA IRQ c1=2
DMA IRQ c2=0
DMA IRQ c3=0
SELECT busy=9724
SELECT w0=9706
SELECT w1=6496
SELECT w2=5894
BUSY TASK ewma=997
DMA IRQ c0=0
DMA IRQ c1=2
DMA IRQ c2=0
DMA IRQ c3=0
SELECT busy=9745
SELECT w0=9727
SELECT w1=6509
SELECT w2=5908
BUSY TASK ewma=997
DMA IRQ c0=0
DMA IRQ c1=2
DMA IRQ c2=0
DMA IRQ c3=0
SELECT busy=9760
SELECT w0=9742
SELECT w1=6518
SELECT w2=5919
BUSY TASK ewma=997
DMA IRQ c0=0
DMA IRQ c1=2
DMA IRQ c2=0
DMA IRQ c3=0
SELECT busy=9775
SELECT w0=9756
SELECT w1=6525
SELECT w2=5926
BUSY TASK ewma=997
DMA IRQ c0=0
DMA IRQ c1=2
DMA IRQ c2=0
DMA IRQ c3=0
SELECT busy=9795
SELECT w0=9777
SELECT w1=6534
SELECT w2=5940
BUSY TASK ewma=997
DMA IRQ c0=0
DMA IRQ c1=2
DMA IRQ c2=0
DMA IRQ c3=0
SELECT busy=9816
SELECT w0=9797
SELECT w1=6543
SELECT w2=5949
BUSY TASK ewma=997
DMA IRQ c0=0
DMA IRQ c1=2
DMA IRQ c2=0
DMA IRQ c3=0
SELECT busy=9831
SELECT w0=9814
SELECT w1=6550
SELECT w2=5961
BUSY TASK ewma=997
DMA IRQ c0=0
DMA IRQ c1=2
DMA IRQ c2=0
DMA IRQ c3=0
SELECT busy=9849
SELECT w0=9833
SELECT w1=6558
SELECT w2=5973
BUSY TASK ewma=997
DMA IRQ c0=0
DMA IRQ c1=2
DMA IRQ c2=0
DMA IRQ c3=0
SELECT busy=9868
SELECT w0=9849
SELECT w1=6565
SELECT w2=5981
BUSY TASK ewma=997
DMA IRQ c0=0
DMA IRQ c1=2
DMA IRQ c2=0
DMA IRQ c3=0
SELECT busy=9884
SELECT w0=9865
SELECT w1=6571
SELECT w2=5989
BUSY TASK ewma=997
DMA IRQ c0=0
DMA IRQ c1=2
DMA IRQ c2=0
DMA IRQ c3=0
SELECT busy=9906
SELECT w0=9888
SELECT w1=6580
SELECT w2=6001
BUSY TASK ewma=997
DMA IRQ c0=0
DMA IRQ c1=2
DMA IRQ c2=0
DMA IRQ c3=0
SELECT busy=9923
SELECT w0=9904
SELECT w1=6589
SELECT w2=6012
BUSY TASK ewma=997
DMA IRQ c0=0
DMA IRQ c1=2
DMA IRQ c2=0
DMA IRQ c3=0
SELECT busy=9938
SELECT w0=9919
SELECT w1=6595
SELECT w2=6020
BUSY TASK ewma=997
DMA IRQ c0=0
DMA IRQ c1=2
DMA IRQ c2=0
DMA IRQ c3=0
SELECT busy=9964
SELECT w0=9945
SELECT w1=6606
SELECT w2=6036
BUSY TASK ewma=997
DMA IRQ c0=0
DMA IRQ c1=2
DMA IRQ c2=0
DMA IRQ c3=0
SELECT busy=9981
SELECT w0=9962
SELECT w1=6614
SELECT w2=6049
BUSY TASK ewma=997
DMA IRQ c0=0
DMA IRQ c1=2
DMA IRQ c2=0
DMA IRQ c3=0
SELECT busy=9998
SELECT w0=9980
SELECT w1=6622
SELECT w2=6058
BUSY TASK ewma=997
DMA IRQ c0=0
DMA IRQ c1=2
DMA IRQ c2=0
DMA IRQ c3=0
SELECT busy=10017
SELECT w0=9999
SELECT w1=6630
SELECT w2=6070
BUSY TASK ewma=997
DMA IRQ c0=0
DMA IRQ c1=2
DMA IRQ c2=0
DMA IRQ c3=0
SELECT busy=10047
SELECT w0=10029
SELECT w1=6646
SELECT w2=6092
BUSY TASK ewma=997
DMA IRQ c0=0
DMA IRQ c1=2
DMA IRQ c2=0
DMA IRQ c3=0
SELECT busy=10071
SELECT w0=10052
SELECT w1=6658
SELECT w2=6108
BUSY TASK ewma=997
DMA IRQ c0=0
DMA IRQ c1=2
DMA IRQ c2=0
DMA IRQ c3=0
SELECT busy=10089
SELECT w0=10071
SELECT w1=6665
SELECT w2=6116
BUSY TASK ewma=997
DMA IRQ c0=0
DMA IRQ c1=2
DMA IRQ c2=0
DMA IRQ c3=0
SELECT busy=10109
SELECT w0=10091
SELECT w1=6675
SELECT w2=6128
BUSY TASK ewma=997
DMA IRQ c0=0
DMA IRQ c1=2
DMA IRQ c2=0
DMA IRQ c3=0
SELECT busy=10134
SELECT w0=10116
SELECT w1=6685
SELECT w2=6143
BUSY TASK ewma=997
DMA IRQ c0=0
DMA IRQ c1=2
DMA IRQ c2=0
DMA IRQ c3=0
SELECT busy=10155
SELECT w0=10138
SELECT w1=6699
SELECT w2=6159
BUSY TASK ewma=997
DMA IRQ c0=0
DMA IRQ c1=2
DMA IRQ c2=0
DMA IRQ c3=0
SELECT busy=10175
SELECT w0=10158
SELECT w1=6711
SELECT w2=6172
BUSY TASK ewma=997
DMA IRQ c0=0
DMA IRQ c1=2
DMA IRQ c2=0
DMA IRQ c3=0
SELECT busy=10194
SELECT w0=10176
SELECT w1=6721
SELECT w2=6190
BUSY TASK ewma=997
DMA IRQ c0=0
DMA IRQ c1=2
DMA IRQ c2=0
DMA IRQ c3=0
SELECT busy=10220
SELECT w0=10202
SELECT w1=6731
SELECT w2=6205
BUSY TASK ewma=997
DMA IRQ c0=0
DMA IRQ c1=2
DMA IRQ c2=0
DMA IRQ c3=0
SELECT busy=10244
SELECT w0=10225
SELECT w1=6743
SELECT w2=6218
BUSY TASK ewma=997
DMA IRQ c0=0
DMA IRQ c1=2
DMA IRQ c2=0
DMA IRQ c3=0
SELECT busy=10264
SELECT w0=10246
SELECT w1=6752
SELECT w2=6230
BUSY TASK ewma=997
DMA IRQ c0=0
DMA IRQ c1=2
DMA IRQ c2=0
DMA IRQ c3=0
SELECT busy=10276
SELECT w0=10257
SELECT w1=6758
SELECT w2=6240
BUSY TASK ewma=997
DMA IRQ c0=0
DMA IRQ c1=2
DMA IRQ c2=0
DMA IRQ c3=0
SELECT busy=10302
SELECT w0=10284
SELECT w1=6772
SELECT w2=6254
BUSY TASK ewma=997
DMA IRQ c0=0
DMA IRQ c1=2
DMA IRQ c2=0
DMA IRQ c3=0
SELECT busy=10326
SELECT w0=10308
SELECT w1=6784
SELECT w2=6273
BUSY TASK ewma=997
DMA IRQ c0=0
DMA IRQ c1=2
DMA IRQ c2=0
DMA IRQ c3=0
SELECT busy=10343
SELECT w0=10324
SELECT w1=6793
SELECT w2=6284
BUSY TASK ewma=997
DMA IRQ c0=0
DMA IRQ c1=2
DMA IRQ c2=0
DMA IRQ c3=0
SELECT busy=10362
SELECT w0=10345
SELECT w1=6805
SELECT w2=6296
BUSY TASK ewma=997
DMA IRQ c0=0
DMA IRQ c1=2
DMA IRQ c2=0
DMA IRQ c3=0
SELECT busy=10380
SELECT w0=10362
SELECT w1=6815
SELECT w2=6310
BUSY TASK ewma=997
DMA IRQ c0=0
DMA IRQ c1=2
DMA IRQ c2=0
DMA IRQ c3=0
SELECT busy=10400
SELECT w0=10383
SELECT w1=6822
SELECT w2=6322
BUSY TASK ewma=997
DMA IRQ c0=0
DMA IRQ c1=2
DMA IRQ c2=0
DMA IRQ c3=0
SELECT busy=10419
SELECT w0=10400
SELECT w1=6830
SELECT w2=6331
BUSY TASK ewma=997
DMA IRQ c0=0
DMA IRQ c1=2
DMA IRQ c2=0
DMA IRQ c3=0
SELECT busy=10438
SELECT w0=10419
SELECT w1=6842
SELECT w2=6342
BUSY TASK ewma=997
DMA IRQ c0=0
DMA IRQ c1=2
DMA IRQ c2=0
DMA IRQ c3=0
SELECT busy=10460
SELECT w0=10441
SELECT w1=6852
SELECT w2=6354
BUSY TASK ewma=997
DMA IRQ c0=0
DMA IRQ c1=2
DMA IRQ c2=0
DMA IRQ c3=0
SELECT busy=10474
SELECT w0=10456
SELECT w1=6859
SELECT w2=6364
BUSY TASK ewma=997
DMA IRQ c0=0
DMA IRQ c1=2
DMA IRQ c2=0
DMA IRQ c3=0
SELECT busy=10494
SELECT w0=10476
SELECT w1=6872
SELECT w2=6377
BUSY TASK ewma=997
DMA IRQ c0=0
DMA IRQ c1=2
DMA IRQ c2=0
DMA IRQ c3=0
SELECT busy=10521
SELECT w0=10503
SELECT w1=6884
SELECT w2=6394
BUSY TASK ewma=997
DMA IRQ c0=0
DMA IRQ c1=2
DMA IRQ c2=0
DMA IRQ c3=0
SELECT busy=10548
SELECT w0=10530
SELECT w1=6898
SELECT w2=6408
BUSY TASK ewma=997
DMA IRQ c0=0
DMA IRQ c1=2
DMA IRQ c2=0
DMA IRQ c3=0
SELECT busy=10568
SELECT w0=10550
SELECT w1=6911
SELECT w2=6419
BUSY TASK ewma=997
DMA IRQ c0=0
DMA IRQ c1=2
DMA IRQ c2=0
DMA IRQ c3=0
SELECT busy=10581
SELECT w0=10562
SELECT w1=6918
SELECT w2=6426
BUSY TASK ewma=997
DMA IRQ c0=0
DMA IRQ c1=2
DMA IRQ c2=0
DMA IRQ c3=0
SELECT busy=10594
SELECT w0=10575
SELECT w1=6923
SELECT w2=6433
BUSY TASK ewma=997
DMA IRQ c0=0
DMA IRQ c1=2
DMA IRQ c2=0
DMA IRQ c3=0
SELECT busy=10607
SELECT w0=10588
SELECT w1=6930
SELECT w2=6441
BUSY TASK ewma=997
DMA IRQ c0=0
DMA IRQ c1=2
DMA IRQ c2=0
DMA IRQ c3=0
SELECT busy=10628
SELECT w0=10609
SELECT w1=6941
SELECT w2=6460
BUSY TASK ewma=997
DMA IRQ c0=0
DMA IRQ c1=2
DMA IRQ c2=0
DMA IRQ c3=0
SELECT busy=10647
SELECT w0=10630
SELECT w1=6952
SELECT w2=6475
BUSY TASK ewma=997
DMA IRQ c0=0
DMA IRQ c1=2
DMA IRQ c2=0
DMA IRQ c3=0
SELECT busy=10667
SELECT w0=10649
SELECT w1=6959
SELECT w2=6487
BUSY TASK ewma=997
IRQ counts: cpu0=21340 cpu1=24415 cpu2=24715 cpu3=24123
SCHED secondaries: calls=73253 unexpected=0
SECTEST switches=73218 cpu1=239749891,235968510 cpu2=215959988,212647378 cpu3=291646728,286435550
PINGPONG rounds=2000 pongs=2000
DMA IRQ c0=0
DMA IRQ c1=2
DMA IRQ c2=0
DMA IRQ c3=0
SELECT busy=10693
SELECT w0=10675
SELECT w1=6972
SELECT w2=6502
BUSY TASK ewma=997
DMA IRQ c0=0
DMA IRQ c1=2
DMA IRQ c2=0
DMA IRQ c3=0
SELECT busy=10707
SELECT w0=10689
SELECT w1=6980
SELECT w2=6510
BUSY TASK ewma=997
DMA IRQ c0=0
DMA IRQ c1=2
DMA IRQ c2=0
DMA IRQ c3=0
SELECT busy=10729
SELECT w0=10715
SELECT w1=6993
SELECT w2=6525
BUSY TASK ewma=997
DMA IRQ c0=0
DMA IRQ c1=2
DMA IRQ c2=0
DMA IRQ c3=0
SELECT busy=10754
SELECT w0=10735
SELECT w1=7001
SELECT w2=6536
BUSY TASK ewma=997
DMA IRQ c0=0
DMA IRQ c1=2
DMA IRQ c2=0
DMA IRQ c3=0
SELECT busy=10778
SELECT w0=10760
SELECT w1=7012
SELECT w2=6552
BUSY TASK ewma=997
DMA IRQ c0=0
DMA IRQ c1=2
DMA IRQ c2=0
DMA IRQ c3=0
SELECT busy=10791
SELECT w0=10773
SELECT w1=7018
SELECT w2=6559
BUSY TASK ewma=997
DMA IRQ c0=0
DMA IRQ c1=2
DMA IRQ c2=0
DMA IRQ c3=0
SELECT busy=10815
SELECT w0=10798
SELECT w1=7030
SELECT w2=6575
BUSY TASK ewma=997
DMA IRQ c0=0
DMA IRQ c1=2
DMA IRQ c2=0
DMA IRQ c3=0
SELECT busy=10831
SELECT w0=10812
SELECT w1=7037
SELECT w2=6584
BUSY TASK ewma=997
DMA IRQ c0=0
DMA IRQ c1=2
DMA IRQ c2=0
DMA IRQ c3=0
SELECT busy=10845
SELECT w0=10826
SELECT w1=7044
SELECT w2=6596
BUSY TASK ewma=997
DMA IRQ c0=0
DMA IRQ c1=2
DMA IRQ c2=0
DMA IRQ c3=0
SELECT busy=10864
SELECT w0=10846
SELECT w1=7051
SELECT w2=6605
BUSY TASK ewma=997
DMA IRQ c0=0
DMA IRQ c1=2
DMA IRQ c2=0
DMA IRQ c3=0
SELECT busy=10881
SELECT w0=10864
SELECT w1=7058
SELECT w2=6615
BUSY TASK ewma=997
DMA IRQ c0=0
DMA IRQ c1=2
DMA IRQ c2=0
DMA IRQ c3=0
SELECT busy=10900
SELECT w0=10882
SELECT w1=7066
SELECT w2=6626
BUSY TASK ewma=997
DMA IRQ c0=0
DMA IRQ c1=2
DMA IRQ c2=0
DMA IRQ c3=0
SELECT busy=10920
SELECT w0=10902
SELECT w1=7075
SELECT w2=6638
BUSY TASK ewma=997
DMA IRQ c0=0
DMA IRQ c1=2
DMA IRQ c2=0
DMA IRQ c3=0
SELECT busy=10934
SELECT w0=10916
SELECT w1=7082
SELECT w2=6646
BUSY TASK ewma=997
DMA IRQ c0=0
DMA IRQ c1=2
DMA IRQ c2=0
DMA IRQ c3=0
SELECT busy=10954
SELECT w0=10935
SELECT w1=7093
SELECT w2=6661
BUSY TASK ewma=997
DMA IRQ c0=0
DMA IRQ c1=2
DMA IRQ c2=0
DMA IRQ c3=0
SELECT busy=10975
SELECT w0=10956
SELECT w1=7103
SELECT w2=6674
BUSY TASK ewma=997
DMA IRQ c0=0
DMA IRQ c1=2
DMA IRQ c2=0
DMA IRQ c3=0
SELECT busy=10994
SELECT w0=10976
SELECT w1=7111
SELECT w2=6685
BUSY TASK ewma=997
DMA IRQ c0=0
DMA IRQ c1=2
DMA IRQ c2=0
DMA IRQ c3=0
SELECT busy=11009
SELECT w0=10990
SELECT w1=7117
SELECT w2=6692
BUSY TASK ewma=997
DMA IRQ c0=0
DMA IRQ c1=2
DMA IRQ c2=0
DMA IRQ c3=0
SELECT busy=11027
SELECT w0=11009
SELECT w1=7126
SELECT w2=6705
BUSY TASK ewma=997
DMA IRQ c0=0
DMA IRQ c1=2
DMA IRQ c2=0
DMA IRQ c3=0
SELECT busy=11049
SELECT w0=11030
SELECT w1=7134
SELECT w2=6713
BUSY TASK ewma=997
DMA IRQ c0=0
DMA IRQ c1=2
DMA IRQ c2=0
DMA IRQ c3=0
SELECT busy=11068
SELECT w0=11049
SELECT w1=7141
SELECT w2=6722
BUSY TASK ewma=997
DMA IRQ c0=0
DMA IRQ c1=2
DMA IRQ c2=0
DMA IRQ c3=0
SELECT busy=11084
SELECT w0=11065
SELECT w1=7145
SELECT w2=6729
BUSY TASK ewma=997
DMA IRQ c0=0
DMA IRQ c1=2
DMA IRQ c2=0
DMA IRQ c3=0
SELECT busy=11110
SELECT w0=11092
SELECT w1=7157
SELECT w2=6746
BUSY TASK ewma=997
DMA IRQ c0=0
DMA IRQ c1=2
DMA IRQ c2=0
DMA IRQ c3=0
SELECT busy=11134
SELECT w0=11116
SELECT w1=7167
SELECT w2=6759
BUSY TASK ewma=997
DMA IRQ c0=0
DMA IRQ c1=2
DMA IRQ c2=0
DMA IRQ c3=0
SELECT busy=11165
SELECT w0=11147
SELECT w1=7179
SELECT w2=6773
BUSY TASK ewma=997
DMA IRQ c0=0
DMA IRQ c1=2
DMA IRQ c2=0
DMA IRQ c3=0
SELECT busy=11207
SELECT w0=11188
SELECT w1=7196
SELECT w2=6793
BUSY TASK ewma=997
DMA IRQ c0=0
DMA IRQ c1=2
DMA IRQ c2=0
DMA IRQ c3=0
SELECT busy=11237
SELECT w0=11219
SELECT w1=7208
SELECT w2=6807
BUSY TASK ewma=997
DMA IRQ c0=0
DMA IRQ c1=2
DMA IRQ c2=0
DMA IRQ c3=0
SELECT busy=11255
SELECT w0=11237
SELECT w1=7216
SELECT w2=6819
BUSY TASK ewma=997
DMA IRQ c0=0
DMA IRQ c1=2
DMA IRQ c2=0
DMA IRQ c3=0
SELECT busy=11274
SELECT w0=11255
SELECT w1=7223
SELECT w2=6829
BUSY TASK ewma=997
DMA IRQ c0=0
DMA IRQ c1=2
DMA IRQ c2=0
DMA IRQ c3=0
SELECT busy=11293
SELECT w0=11274
SELECT w1=7233
SELECT w2=6843
BUSY TASK ewma=997
DMA IRQ c0=0
DMA IRQ c1=2
DMA IRQ c2=0
DMA IRQ c3=0
SELECT busy=11313
SELECT w0=11295
SELECT w1=7243
SELECT w2=6857
BUSY TASK ewma=997
DMA IRQ c0=0
DMA IRQ c1=2
DMA IRQ c2=0
DMA IRQ c3=0
SELECT busy=11334
SELECT w0=11315
SELECT w1=7252
SELECT w2=6868
BUSY TASK ewma=997
DMA IRQ c0=0
DMA IRQ c1=2
DMA IRQ c2=0
DMA IRQ c3=0
SELECT busy=11353
SELECT w0=11335
SELECT w1=7262
SELECT w2=6884
BUSY TASK ewma=997
DMA IRQ c0=0
DMA IRQ c1=2
DMA IRQ c2=0
DMA IRQ c3=0
SELECT busy=11372
SELECT w0=11354
SELECT w1=7270
SELECT w2=6897
BUSY TASK ewma=997
DMA IRQ c0=0
DMA IRQ c1=2
DMA IRQ c2=0
DMA IRQ c3=0
SELECT busy=11390
SELECT w0=11371
SELECT w1=7280
SELECT w2=6912
BUSY TASK ewma=997
DMA IRQ c0=0
DMA IRQ c1=2
DMA IRQ c2=0
DMA IRQ c3=0
SELECT busy=11412
SELECT w0=11393
SELECT w1=7288
SELECT w2=6921
BUSY TASK ewma=997
DMA IRQ c0=0
DMA IRQ c1=2
DMA IRQ c2=0
DMA IRQ c3=0
SELECT busy=11436
SELECT w0=11418
SELECT w1=7301
SELECT w2=6941
BUSY TASK ewma=997
DMA IRQ c0=0
DMA IRQ c1=2
DMA IRQ c2=0
DMA IRQ c3=0
SELECT busy=11459
SELECT w0=11441
SELECT w1=7314
SELECT w2=6955
BUSY TASK ewma=997
DMA IRQ c0=0
DMA IRQ c1=2
DMA IRQ c2=0
DMA IRQ c3=0
SELECT busy=11476
SELECT w0=11458
SELECT w1=7323
SELECT w2=6967
BUSY TASK ewma=997
DMA IRQ c0=0
DMA IRQ c1=2
DMA IRQ c2=0
DMA IRQ c3=0
SELECT busy=11500
SELECT w0=11481
SELECT w1=7335
SELECT w2=6981
BUSY TASK ewma=997
DMA IRQ c0=0
DMA IRQ c1=2
DMA IRQ c2=0
DMA IRQ c3=0
SELECT busy=11519
SELECT w0=11500
SELECT w1=7340
SELECT w2=6988
BUSY TASK ewma=997
DMA IRQ c0=0
DMA IRQ c1=2
DMA IRQ c2=0
DMA IRQ c3=0
SELECT busy=11537
SELECT w0=11519
SELECT w1=7351
SELECT w2=7002
BUSY TASK ewma=997
DMA IRQ c0=0
DMA IRQ c1=2
DMA IRQ c2=0
DMA IRQ c3=0
SELECT busy=11560
SELECT w0=11542
SELECT w1=7362
SELECT w2=7015
BUSY TASK ewma=997
DMA IRQ c0=0
DMA IRQ c1=2
DMA IRQ c2=0
DMA IRQ c3=0
SELECT busy=11579
SELECT w0=11560
SELECT w1=7371
SELECT w2=7025
BUSY TASK ewma=997
DMA IRQ c0=0
DMA IRQ c1=2
DMA IRQ c2=0
DMA IRQ c3=0
SELECT busy=11601
SELECT w0=11583
SELECT w1=7381
SELECT w2=7038
BUSY TASK ewma=997
DMA IRQ c0=0
DMA IRQ c1=2
DMA IRQ c2=0
DMA IRQ c3=0
SELECT busy=11625
SELECT w0=11607
SELECT w1=7395
SELECT w2=7056
BUSY TASK ewma=997
DMA IRQ c0=0
DMA IRQ c1=2
DMA IRQ c2=0
DMA IRQ c3=0
SELECT busy=11643
SELECT w0=11624
SELECT w1=7404
SELECT w2=7066
BUSY TASK ewma=997
DMA IRQ c0=0
DMA IRQ c1=2
DMA IRQ c2=0
DMA IRQ c3=0
SELECT busy=11661
SELECT w0=11643
SELECT w1=7410
SELECT w2=7073
BUSY TASK ewma=997
DMA IRQ c0=0
DMA IRQ c1=2
DMA IRQ c2=0
DMA IRQ c3=0
SELECT busy=11679
SELECT w0=11661
SELECT w1=7416
SELECT w2=7081
BUSY TASK ewma=997
DMA IRQ c0=0
DMA IRQ c1=2
DMA IRQ c2=0
DMA IRQ c3=0
SELECT busy=11697
SELECT w0=11678
SELECT w1=7422
SELECT w2=7090
BUSY TASK ewma=997
DMA IRQ c0=0
DMA IRQ c1=2
DMA IRQ c2=0
DMA IRQ c3=0
SELECT busy=11723
SELECT w0=11704
SELECT w1=7434
SELECT w2=7102
BUSY TASK ewma=997
DMA IRQ c0=0
DMA IRQ c1=2
DMA IRQ c2=0
DMA IRQ c3=0
SELECT busy=11738
SELECT w0=11720
SELECT w1=7442
SELECT w2=7115
BUSY TASK ewma=997
DMA IRQ c0=0
DMA IRQ c1=2
DMA IRQ c2=0
DMA IRQ c3=0
SELECT busy=11754
SELECT w0=11736
SELECT w1=7448
SELECT w2=7123
BUSY TASK ewma=997
DMA IRQ c0=0
DMA IRQ c1=2
DMA IRQ c2=0
DMA IRQ c3=0
SELECT busy=11772
SELECT w0=11754
SELECT w1=7455
SELECT w2=7132
BUSY TASK ewma=997
DMA IRQ c0=0
DMA IRQ c1=2
DMA IRQ c2=0
DMA IRQ c3=0
SELECT busy=11791
SELECT w0=11772
SELECT w1=7462
SELECT w2=7141
BUSY TASK ewma=997
DMA IRQ c0=0
DMA IRQ c1=2
DMA IRQ c2=0
DMA IRQ c3=0
SELECT busy=11812
SELECT w0=11795
SELECT w1=7473
SELECT w2=7158
BUSY TASK ewma=997
DMA IRQ c0=0
DMA IRQ c1=2
DMA IRQ c2=0
DMA IRQ c3=0
SELECT busy=11832
SELECT w0=11813
SELECT w1=7480
SELECT w2=7168
BUSY TASK ewma=997
DMA IRQ c0=0
DMA IRQ c1=2
DMA IRQ c2=0
DMA IRQ c3=0
SELECT busy=11855
SELECT w0=11837
SELECT w1=7492
SELECT w2=7183
BUSY TASK ewma=997
DMA IRQ c0=0
DMA IRQ c1=2
DMA IRQ c2=0
DMA IRQ c3=0
SELECT busy=11872
SELECT w0=11853
SELECT w1=7499
SELECT w2=7193
BUSY TASK ewma=997
DMA IRQ c0=0
DMA IRQ c1=2
DMA IRQ c2=0
DMA IRQ c3=0
SELECT busy=11888
SELECT w0=11869
SELECT w1=7506
SELECT w2=7203
BUSY TASK ewma=997
DMA IRQ c0=0
DMA IRQ c1=2
DMA IRQ c2=0
DMA IRQ c3=0
SELECT busy=11907
SELECT w0=11889
SELECT w1=7514
SELECT w2=7214
BUSY TASK ewma=997
DMA IRQ c0=0
DMA IRQ c1=2
DMA IRQ c2=0
DMA IRQ c3=0
SELECT busy=11925
SELECT w0=11907
SELECT w1=7523
SELECT w2=7226
BUSY TASK ewma=997
DMA IRQ c0=0
DMA IRQ c1=2
DMA IRQ c2=0
DMA IRQ c3=0
SELECT busy=11947
SELECT w0=11929
SELECT w1=7536
SELECT w2=7239
BUSY TASK ewma=997
DMA IRQ c0=0
DMA IRQ c1=2
DMA IRQ c2=0
DMA IRQ c3=0
SELECT busy=11965
SELECT w0=11947
SELECT w1=7546
SELECT w2=7252
BUSY TASK ewma=997
IRQ counts: cpu0=23942 cpu1=27360 cpu2=27788 cpu3=27170
SCHED secondaries: calls=82330 unexpected=0
SECTEST switches=82307 cpu1=275319356,270597771 cpu2=246704821,242365000 cpu3=335152100,325661137
PINGPONG rounds=2000 pongs=2000
DMA IRQ c0=0
DMA IRQ c1=2
DMA IRQ c2=0
DMA IRQ c3=0
SELECT busy=11996
SELECT w0=11977
SELECT w1=7561
SELECT w2=7274
BUSY TASK ewma=997
DMA IRQ c0=0
DMA IRQ c1=2
DMA IRQ c2=0
DMA IRQ c3=0
SELECT busy=12021
SELECT w0=12003
SELECT w1=7570
SELECT w2=7285
BUSY TASK ewma=997
DMA IRQ c0=0
DMA IRQ c1=2
DMA IRQ c2=0
DMA IRQ c3=0
SELECT busy=12042
SELECT w0=12024
SELECT w1=7582
SELECT w2=7301
BUSY TASK ewma=997
DMA IRQ c0=0
DMA IRQ c1=2
DMA IRQ c2=0
DMA IRQ c3=0
SELECT busy=12068
SELECT w0=12049
SELECT w1=7592
SELECT w2=7312
BUSY TASK ewma=997
DMA IRQ c0=0
DMA IRQ c1=2
DMA IRQ c2=0
DMA IRQ c3=0
SELECT busy=12084
SELECT w0=12066
SELECT w1=7602
SELECT w2=7331
BUSY TASK ewma=997
DMA IRQ c0=0
DMA IRQ c1=2
DMA IRQ c2=0
DMA IRQ c3=0
SELECT busy=12108
SELECT w0=12089
SELECT w1=7614
SELECT w2=7350
BUSY TASK ewma=997
DMA IRQ c0=0
DMA IRQ c1=2
DMA IRQ c2=0
DMA IRQ c3=0
SELECT busy=12122
SELECT w0=12103
SELECT w1=7621
SELECT w2=7362
BUSY TASK ewma=997
DMA IRQ c0=0
DMA IRQ c1=2
DMA IRQ c2=0
DMA IRQ c3=0
SELECT busy=12145
SELECT w0=12127
SELECT w1=7633
SELECT w2=7380
BUSY TASK ewma=997
DMA IRQ c0=0
DMA IRQ c1=2
DMA IRQ c2=0
DMA IRQ c3=0
SELECT busy=12164
SELECT w0=12146
SELECT w1=7640
SELECT w2=7392
BUSY TASK ewma=997
DMA IRQ c0=0
DMA IRQ c1=2
DMA IRQ c2=0
DMA IRQ c3=0
SELECT busy=12181
SELECT w0=12163
SELECT w1=7650
SELECT w2=7404
BUSY TASK ewma=997
DMA IRQ c0=0
DMA IRQ c1=2
DMA IRQ c2=0
DMA IRQ c3=0
SELECT busy=12198
SELECT w0=12179
SELECT w1=7659
SELECT w2=7413
BUSY TASK ewma=997
DMA IRQ c0=0
DMA IRQ c1=2
DMA IRQ c2=0
DMA IRQ c3=0
SELECT busy=12221
SELECT w0=12204
SELECT w1=7674
SELECT w2=7427
BUSY TASK ewma=997
DMA IRQ c0=0
DMA IRQ c1=2
DMA IRQ c2=0
DMA IRQ c3=0
SELECT busy=12240
SELECT w0=12222
SELECT w1=7682
SELECT w2=7435
BUSY TASK ewma=997
DMA IRQ c0=0
DMA IRQ c1=2
DMA IRQ c2=0
DMA IRQ c3=0
SELECT busy=12254
SELECT w0=12236
SELECT w1=7688
SELECT w2=7442
BUSY TASK ewma=997
DMA IRQ c0=0
DMA IRQ c1=2
DMA IRQ c2=0
DMA IRQ c3=0
SELECT busy=12273
SELECT w0=12255
SELECT w1=7696
SELECT w2=7450
BUSY TASK ewma=997
DMA IRQ c0=0
DMA IRQ c1=2
DMA IRQ c2=0
DMA IRQ c3=0
SELECT busy=12289
SELECT w0=12271
SELECT w1=7703
SELECT w2=7459
BUSY TASK ewma=997
DMA IRQ c0=0
DMA IRQ c1=2
DMA IRQ c2=0
DMA IRQ c3=0
SELECT busy=12308
SELECT w0=12289
SELECT w1=7709
SELECT w2=7469
BUSY TASK ewma=997
DMA IRQ c0=0
DMA IRQ c1=2
DMA IRQ c2=0
DMA IRQ c3=0
SELECT busy=12325
SELECT w0=12306
SELECT w1=7718
SELECT w2=7480
BUSY TASK ewma=997
DMA IRQ c0=0
DMA IRQ c1=2
DMA IRQ c2=0
DMA IRQ c3=0
SELECT busy=12339
SELECT w0=12321
SELECT w1=7726
SELECT w2=7487
BUSY TASK ewma=997
DMA IRQ c0=0
DMA IRQ c1=2
DMA IRQ c2=0
DMA IRQ c3=0
SELECT busy=12361
SELECT w0=12343
SELECT w1=7735
SELECT w2=7500
BUSY TASK ewma=997
DMA IRQ c0=0
DMA IRQ c1=2
DMA IRQ c2=0
DMA IRQ c3=0
SELECT busy=12379
SELECT w0=12360
SELECT w1=7745
SELECT w2=7510
BUSY TASK ewma=997
DMA IRQ c0=0
DMA IRQ c1=2
DMA IRQ c2=0
DMA IRQ c3=0
SELECT busy=12394
SELECT w0=12376
SELECT w1=7753
SELECT w2=7518
BUSY TASK ewma=997
DMA IRQ c0=0
DMA IRQ c1=2
DMA IRQ c2=0
DMA IRQ c3=0
SELECT busy=12413
SELECT w0=12395
SELECT w1=7759
SELECT w2=7525
BUSY TASK ewma=997
DMA IRQ c0=0
DMA IRQ c1=2
DMA IRQ c2=0
DMA IRQ c3=0
SELECT busy=12432
SELECT w0=12414
SELECT w1=7765
SELECT w2=7532
BUSY TASK ewma=997
DMA IRQ c0=0
DMA IRQ c1=2
DMA IRQ c2=0
DMA IRQ c3=0
SELECT busy=12449
SELECT w0=12431
SELECT w1=7772
SELECT w2=7541
BUSY TASK ewma=997
DMA IRQ c0=0
DMA IRQ c1=2
DMA IRQ c2=0
DMA IRQ c3=0
SELECT busy=12467
SELECT w0=12448
SELECT w1=7779
SELECT w2=7549
BUSY TASK ewma=997
DMA IRQ c0=0
DMA IRQ c1=2
DMA IRQ c2=0
DMA IRQ c3=0
SELECT busy=12481
SELECT w0=12463
SELECT w1=7785
SELECT w2=7556
BUSY TASK ewma=997
DMA IRQ c0=0
DMA IRQ c1=2
DMA IRQ c2=0
DMA IRQ c3=0
SELECT busy=12499
SELECT w0=12481
SELECT w1=7795
SELECT w2=7567
BUSY TASK ewma=997
DMA IRQ c0=0
DMA IRQ c1=2
DMA IRQ c2=0
DMA IRQ c3=0
SELECT busy=12515
SELECT w0=12496
SELECT w1=7801
SELECT w2=7575
BUSY TASK ewma=997
DMA IRQ c0=0
DMA IRQ c1=2
DMA IRQ c2=0
DMA IRQ c3=0
SELECT busy=12533
SELECT w0=12514
SELECT w1=7808
SELECT w2=7584
BUSY TASK ewma=997
DMA IRQ c0=0
DMA IRQ c1=2
DMA IRQ c2=0
DMA IRQ c3=0
SELECT busy=12552
SELECT w0=12534
SELECT w1=7816
SELECT w2=7597
BUSY TASK ewma=997
DMA IRQ c0=0
DMA IRQ c1=2
DMA IRQ c2=0
DMA IRQ c3=0
SELECT busy=12573
SELECT w0=12555
SELECT w1=7826
SELECT w2=7612
BUSY TASK ewma=997
DMA IRQ c0=0
DMA IRQ c1=2
DMA IRQ c2=0
DMA IRQ c3=0
SELECT busy=12585
SELECT w0=12566
SELECT w1=7830
SELECT w2=7617
BUSY TASK ewma=997
DMA IRQ c0=0
DMA IRQ c1=2
DMA IRQ c2=0
DMA IRQ c3=0
SELECT busy=12599
SELECT w0=12581
SELECT w1=7837
SELECT w2=7627
BUSY TASK ewma=997
DMA IRQ c0=0
DMA IRQ c1=2
DMA IRQ c2=0
DMA IRQ c3=0
SELECT busy=12621
SELECT w0=12603
SELECT w1=7848
SELECT w2=7643
BUSY TASK ewma=997
DMA IRQ c0=0
DMA IRQ c1=2
DMA IRQ c2=0
DMA IRQ c3=0
SELECT busy=12639
SELECT w0=12620
SELECT w1=7856
SELECT w2=7653
BUSY TASK ewma=997
DMA IRQ c0=0
DMA IRQ c1=2
DMA IRQ c2=0
DMA IRQ c3=0
SELECT busy=12660
SELECT w0=12642
SELECT w1=7867
SELECT w2=7668
BUSY TASK ewma=997
DMA IRQ c0=0
DMA IRQ c1=2
DMA IRQ c2=0
DMA IRQ c3=0
SELECT busy=12676
SELECT w0=12657
SELECT w1=7874
SELECT w2=7675
BUSY TASK ewma=997
DMA IRQ c0=0
DMA IRQ c1=2
DMA IRQ c2=0
DMA IRQ c3=0
SELECT busy=12694
SELECT w0=12676
SELECT w1=7883
SELECT w2=7686
BUSY TASK ewma=997
DMA IRQ c0=0
DMA IRQ c1=2
DMA IRQ c2=0
DMA IRQ c3=0
SELECT busy=12712
SELECT w0=12694
SELECT w1=7893
SELECT w2=7695
BUSY TASK ewma=997
DMA IRQ c0=0
DMA IRQ c1=2
DMA IRQ c2=0
DMA IRQ c3=0
SELECT busy=12726
SELECT w0=12707
SELECT w1=7899
SELECT w2=7701
BUSY TASK ewma=997
DMA IRQ c0=0
DMA IRQ c1=2
DMA IRQ c2=0
DMA IRQ c3=0
SELECT busy=12741
SELECT w0=12722
SELECT w1=7906
SELECT w2=7710
BUSY TASK ewma=997
DMA IRQ c0=0
DMA IRQ c1=2
DMA IRQ c2=0
DMA IRQ c3=0
SELECT busy=12755
SELECT w0=12737
SELECT w1=7913
SELECT w2=7718
BUSY TASK ewma=997
DMA IRQ c0=0
DMA IRQ c1=2
DMA IRQ c2=0
DMA IRQ c3=0
SELECT busy=12772
SELECT w0=12754
SELECT w1=7922
SELECT w2=7731
BUSY TASK ewma=997
DMA IRQ c0=0
DMA IRQ c1=2
DMA IRQ c2=0
DMA IRQ c3=0
SELECT busy=12790
SELECT w0=12771
SELECT w1=7931
SELECT w2=7742
BUSY TASK ewma=997
DMA IRQ c0=0
DMA IRQ c1=2
DMA IRQ c2=0
DMA IRQ c3=0
SELECT busy=12802
SELECT w0=12783
SELECT w1=7936
SELECT w2=7749
BUSY TASK ewma=997
DMA IRQ c0=0
DMA IRQ c1=2
DMA IRQ c2=0
DMA IRQ c3=0
SELECT busy=12820
SELECT w0=12801
SELECT w1=7943
SELECT w2=7759
BUSY TASK ewma=997
DMA IRQ c0=0
DMA IRQ c1=2
DMA IRQ c2=0
DMA IRQ c3=0
SELECT busy=12837
SELECT w0=12819
SELECT w1=7952
SELECT w2=7769
BUSY TASK ewma=997
DMA IRQ c0=0
DMA IRQ c1=2
DMA IRQ c2=0
DMA IRQ c3=0
SELECT busy=12851
SELECT w0=12833
SELECT w1=7957
SELECT w2=7776
BUSY TASK ewma=997
DMA IRQ c0=0
DMA IRQ c1=2
DMA IRQ c2=0
DMA IRQ c3=0
SELECT busy=12868
SELECT w0=12849
SELECT w1=7966
SELECT w2=7786
BUSY TASK ewma=997
DMA IRQ c0=0
DMA IRQ c1=2
DMA IRQ c2=0
DMA IRQ c3=0
SELECT busy=12885
SELECT w0=12866
SELECT w1=7975
SELECT w2=7796
BUSY TASK ewma=997
DMA IRQ c0=0
DMA IRQ c1=2
DMA IRQ c2=0
DMA IRQ c3=0
SELECT busy=12896
SELECT w0=12878
SELECT w1=7981
SELECT w2=7804
BUSY TASK ewma=997
DMA IRQ c0=0
DMA IRQ c1=2
DMA IRQ c2=0
DMA IRQ c3=0
SELECT busy=12913
SELECT w0=12894
SELECT w1=7987
SELECT w2=7813
BUSY TASK ewma=997
DMA IRQ c0=0
DMA IRQ c1=2
DMA IRQ c2=0
DMA IRQ c3=0
SELECT busy=12934
SELECT w0=12915
SELECT w1=7992
SELECT w2=7820
BUSY TASK ewma=997
DMA IRQ c0=0
DMA IRQ c1=2
DMA IRQ c2=0
DMA IRQ c3=0
SELECT busy=12949
SELECT w0=12931
SELECT w1=8000
SELECT w2=7831
BUSY TASK ewma=997
DMA IRQ c0=0
DMA IRQ c1=2
DMA IRQ c2=0
DMA IRQ c3=0
SELECT busy=12976
SELECT w0=12957
SELECT w1=8011
SELECT w2=7843
BUSY TASK ewma=997
DMA IRQ c0=0
DMA IRQ c1=2
DMA IRQ c2=0
DMA IRQ c3=0
SELECT busy=12998
SELECT w0=12979
SELECT w1=8019
SELECT w2=7852
BUSY TASK ewma=997
DMA IRQ c0=0
DMA IRQ c1=2
DMA IRQ c2=0
DMA IRQ c3=0
SELECT busy=13016
SELECT w0=12997
SELECT w1=8026
SELECT w2=7861
BUSY TASK ewma=997
DMA IRQ c0=0
DMA IRQ c1=2
DMA IRQ c2=0
DMA IRQ c3=0
SELECT busy=13034
SELECT w0=13015
SELECT w1=8033
SELECT w2=7869
BUSY TASK ewma=997
DMA IRQ c0=0
DMA IRQ c1=2
DMA IRQ c2=0
DMA IRQ c3=0
SELECT busy=13054
SELECT w0=13035
SELECT w1=8041
SELECT w2=7878
BUSY TASK ewma=997
DMA IRQ c0=0
DMA IRQ c1=2
DMA IRQ c2=0
DMA IRQ c3=0
SELECT busy=13076
SELECT w0=13058
SELECT w1=8053
SELECT w2=7892
BUSY TASK ewma=997
DMA IRQ c0=0
DMA IRQ c1=2
DMA IRQ c2=0
DMA IRQ c3=0
SELECT busy=13093
SELECT w0=13075
SELECT w1=8060
SELECT w2=7904
BUSY TASK ewma=997
DMA IRQ c0=0
DMA IRQ c1=2
DMA IRQ c2=0
DMA IRQ c3=0
SELECT busy=13115
SELECT w0=13097
SELECT w1=8070
SELECT w2=7917
BUSY TASK ewma=997
DMA IRQ c0=0
DMA IRQ c1=2
DMA IRQ c2=0
DMA IRQ c3=0
SELECT busy=13132
SELECT w0=13113
SELECT w1=8077
SELECT w2=7926
BUSY TASK ewma=997
IRQ counts: cpu0=26268 cpu1=30007 cpu2=30478 cpu3=29768
SCHED secondaries: calls=90261 unexpected=0
SECTEST switches=90239 cpu1=305328171,300216419 cpu2=273572262,269355107 cpu3=375747594,364371652
PINGPONG rounds=2000 pongs=2000
DMA IRQ c0=0
DMA IRQ c1=2
DMA IRQ c2=0
DMA IRQ c3=0
SELECT busy=13159
SELECT w0=13141
SELECT w1=8091
SELECT w2=7942
BUSY TASK ewma=997
DMA IRQ c0=0
DMA IRQ c1=2
DMA IRQ c2=0
DMA IRQ c3=0
SELECT busy=13175
SELECT w0=13157
SELECT w1=8100
SELECT w2=7952
BUSY TASK ewma=997
DMA IRQ c0=0
DMA IRQ c1=2
DMA IRQ c2=0
DMA IRQ c3=0
SELECT busy=13189
SELECT w0=13170
SELECT w1=8107
SELECT w2=7961
BUSY TASK ewma=997
DMA IRQ c0=0
DMA IRQ c1=2
DMA IRQ c2=0
DMA IRQ c3=0
SELECT busy=13205
SELECT w0=13188
SELECT w1=8115
SELECT w2=7973
BUSY TASK ewma=997
DMA IRQ c0=0
DMA IRQ c1=2
DMA IRQ c2=0
DMA IRQ c3=0
SELECT busy=13232
SELECT w0=13214
SELECT w1=8128
SELECT w2=7986
BUSY TASK ewma=997
DMA IRQ c0=0
DMA IRQ c1=2
DMA IRQ c2=0
DMA IRQ c3=0
SELECT busy=13271
SELECT w0=13252
SELECT w1=8145
SELECT w2=8008
BUSY TASK ewma=997
DMA IRQ c0=0
DMA IRQ c1=2
DMA IRQ c2=0
DMA IRQ c3=0
SELECT busy=13303
SELECT w0=13285
SELECT w1=8157
SELECT w2=8021
BUSY TASK ewma=997
DMA IRQ c0=0
DMA IRQ c1=2
DMA IRQ c2=0
DMA IRQ c3=0
SELECT busy=13324
SELECT w0=13305
SELECT w1=8166
SELECT w2=8035
BUSY TASK ewma=997
DMA IRQ c0=0
DMA IRQ c1=2
DMA IRQ c2=0
DMA IRQ c3=0
SELECT busy=13339
SELECT w0=13321
SELECT w1=8174
SELECT w2=8045
BUSY TASK ewma=997
DMA IRQ c0=0
DMA IRQ c1=2
DMA IRQ c2=0
DMA IRQ c3=0
SELECT busy=13360
SELECT w0=13342
SELECT w1=8184
SELECT w2=8060
BUSY TASK ewma=997
DMA IRQ c0=0
DMA IRQ c1=2
DMA IRQ c2=0
DMA IRQ c3=0
SELECT busy=13384
SELECT w0=13366
SELECT w1=8195
SELECT w2=8074
BUSY TASK ewma=997
DMA IRQ c0=0
DMA IRQ c1=2
DMA IRQ c2=0
DMA IRQ c3=0
SELECT busy=13428
SELECT w0=13410
SELECT w1=8213
SELECT w2=8098
BUSY TASK ewma=997
DMA IRQ c0=0
DMA IRQ c1=2
DMA IRQ c2=0
DMA IRQ c3=0
SELECT busy=13464
SELECT w0=13446
SELECT w1=8229
SELECT w2=8116
BUSY TASK ewma=997
DMA IRQ c0=0
DMA IRQ c1=2
DMA IRQ c2=0
DMA IRQ c3=0
SELECT busy=13501
SELECT w0=13484
SELECT w1=8245
SELECT w2=8135
BUSY TASK ewma=997
DMA IRQ c0=0
DMA IRQ c1=2
DMA IRQ c2=0
DMA IRQ c3=0
SELECT busy=13541
SELECT w0=13522
SELECT w1=8261
SELECT w2=8154
BUSY TASK ewma=997
DMA IRQ c0=0
DMA IRQ c1=2
DMA IRQ c2=0
DMA IRQ c3=0
SELECT busy=13579
SELECT w0=13560
SELECT w1=8276
SELECT w2=8177
BUSY TASK ewma=997
DMA IRQ c0=0
DMA IRQ c1=2
DMA IRQ c2=0
DMA IRQ c3=0
SELECT busy=13613
SELECT w0=13596
SELECT w1=8291
SELECT w2=8199
BUSY TASK ewma=997
DMA IRQ c0=0
DMA IRQ c1=2
DMA IRQ c2=0
DMA IRQ c3=0
SELECT busy=13656
SELECT w0=13638
SELECT w1=8308
SELECT w2=8220
BUSY TASK ewma=997
DMA IRQ c0=0
DMA IRQ c1=2
DMA IRQ c2=0
DMA IRQ c3=0
SELECT busy=13692
SELECT w0=13674
SELECT w1=8320
SELECT w2=8237
BUSY TASK ewma=997
DMA IRQ c0=0
DMA IRQ c1=2
DMA IRQ c2=0
DMA IRQ c3=0
SELECT busy=13716
SELECT w0=13697
SELECT w1=8328
SELECT w2=8248
BUSY TASK ewma=997
DMA IRQ c0=0
DMA IRQ c1=2
DMA IRQ c2=0
DMA IRQ c3=0
SELECT busy=13738
SELECT w0=13720
SELECT w1=8340
SELECT w2=8265
BUSY TASK ewma=997
DMA IRQ c0=0
DMA IRQ c1=2
DMA IRQ c2=0
DMA IRQ c3=0
SELECT busy=13776
SELECT w0=13757
SELECT w1=8355
SELECT w2=8282
BUSY TASK ewma=997
DMA IRQ c0=0
DMA IRQ c1=2
DMA IRQ c2=0
DMA IRQ c3=0
SELECT busy=13793
SELECT w0=13775
SELECT w1=8363
SELECT w2=8293
BUSY TASK ewma=997
DMA IRQ c0=0
DMA IRQ c1=2
DMA IRQ c2=0
DMA IRQ c3=0
SELECT busy=13808
SELECT w0=13789
SELECT w1=8370
SELECT w2=8301
BUSY TASK ewma=997
DMA IRQ c0=0
DMA IRQ c1=2
DMA IRQ c2=0
DMA IRQ c3=0
SELECT busy=13827
SELECT w0=13809
SELECT w1=8379
SELECT w2=8316
BUSY TASK ewma=997
DMA IRQ c0=0
DMA IRQ c1=2
DMA IRQ c2=0
DMA IRQ c3=0
SELECT busy=13852
SELECT w0=13833
SELECT w1=8390
SELECT w2=8334
BUSY TASK ewma=997
DMA IRQ c0=0
DMA IRQ cqemu-system-aarch64: terminating on signal 15 from pid 203821 (timeout)
