P4 M7: full integration test boot OK
CPU0: MPIDR_EL1=0x0000000080000000
CPU0: psci_cpu_on target=1 rc=0
CPU1: alive, MPIDR_EL1=0x0000000080000001 this_cpu()->cpu_id=1
CPU0: psci_cpu_on target=2 rc=0
CPU2: alive, MPIDR_EL1=0x0000000080000002 this_cpu()->cpu_id=2
CPU0: psci_cpu_on target=3 rc=0
CPU3: alive, MPIDR_EL1=0x0000000080000003 this_cpu()->cpu_id=3
CPUs online: 4
DMA IRQ target cpu=1
D2b: worker 1 runs on CPU1
D2b: worker 0 runs on CPU0
D2b: worker 2 runs on CPU2
P4 M7: worker submitted cmd_id=1
P4 M7: worker submitted cmd_id=2
P4 M7: worker submitted cmd_id=3
BUSY TASK ewma=997
DMA IRQ c0=0
DMA IRQ c1=0
DMA IRQ c2=0
DMA IRQ c3=0
SELECT busy=34
SELECT w0=4
SELECT w1=6
SELECT w2=5
BUSY TASK ewma=997
P4 M7: worker DATA OK, cmd_id=1
P4 M7: worker DATA OK, cmd_id=3
P4 M7: worker DATA OK, cmd_id=2
WORKER ewma=831
WORKER ewma=970
WORKER ewma=916
DMA IRQ c0=0
DMA IRQ c1=1
DMA IRQ c2=0
DMA IRQ c3=0
SELECT busy=59
SELECT w0=21
SELECT w1=27
SELECT w2=27
BUSY TASK ewma=997
DMA IRQ c0=0
DMA IRQ c1=1
DMA IRQ c2=0
DMA IRQ c3=0
SELECT busy=91
SELECT w0=54
SELECT w1=82
SELECT w2=83
BUSY TASK ewma=997
DMA IRQ c0=0
DMA IRQ c1=1
DMA IRQ c2=0
DMA IRQ c3=0
SELECT busy=124
SELECT w0=86
SELECT w1=134
SELECT w2=135
BUSY TASK ewma=997
DMA IRQ c0=0
DMA IRQ c1=1
DMA IRQ c2=0
DMA IRQ c3=0
SELECT busy=155
SELECT w0=117
SELECT w1=181
SELECT w2=179
BUSY TASK ewma=997
DMA IRQ c0=0
DMA IRQ c1=1
DMA IRQ c2=0
DMA IRQ c3=0
SELECT busy=188
SELECT w0=151
SELECT w1=221
SELECT w2=218
BUSY TASK ewma=997
DMA IRQ c0=0
DMA IRQ c1=1
DMA IRQ c2=0
DMA IRQ c3=0
SELECT busy=221
SELECT w0=184
SELECT w1=251
SELECT w2=245
BUSY TASK ewma=997
DMA IRQ c0=0
DMA IRQ c1=1
DMA IRQ c2=0
DMA IRQ c3=0
SELECT busy=266
SELECT w0=228
SELECT w1=276
SELECT w2=267
BUSY TASK ewma=997
DMA IRQ c0=0
DMA IRQ c1=1
DMA IRQ c2=0
DMA IRQ c3=0
SELECT busy=300
SELECT w0=262
SELECT w1=291
SELECT w2=282
BUSY TASK ewma=997
DMA IRQ c0=0
DMA IRQ c1=1
DMA IRQ c2=0
DMA IRQ c3=0
SELECT busy=331
SELECT w0=293
SELECT w1=305
SELECT w2=298
BUSY TASK ewma=997
DMA IRQ c0=0
DMA IRQ c1=1
DMA IRQ c2=0
DMA IRQ c3=0
SELECT busy=368
SELECT w0=330
SELECT w1=327
SELECT w2=318
BUSY TASK ewma=997
DMA IRQ c0=0
DMA IRQ c1=1
DMA IRQ c2=0
DMA IRQ c3=0
SELECT busy=400
SELECT w0=363
SELECT w1=347
SELECT w2=339
BUSY TASK ewma=997
DMA IRQ c0=0
DMA IRQ c1=1
DMA IRQ c2=0
DMA IRQ c3=0
SELECT busy=420
SELECT w0=383
SELECT w1=359
SELECT w2=350
BUSY TASK ewma=997
DMA IRQ c0=0
DMA IRQ c1=1
DMA IRQ c2=0
DMA IRQ c3=0
SELECT busy=441
SELECT w0=403
SELECT w1=369
SELECT w2=359
BUSY TASK ewma=997
DMA IRQ c0=0
DMA IRQ c1=1
DMA IRQ c2=0
DMA IRQ c3=0
SELECT busy=456
SELECT w0=418
SELECT w1=377
SELECT w2=366
BUSY TASK ewma=997
DMA IRQ c0=0
DMA IRQ c1=1
DMA IRQ c2=0
DMA IRQ c3=0
SELECT busy=474
SELECT w0=436
SELECT w1=385
SELECT w2=374
BUSY TASK ewma=997
DMA IRQ c0=0
DMA IRQ c1=1
DMA IRQ c2=0
DMA IRQ c3=0
SELECT busy=494
SELECT w0=457
SELECT w1=399
SELECT w2=390
BUSY TASK ewma=997
DMA IRQ c0=0
DMA IRQ c1=1
DMA IRQ c2=0
DMA IRQ c3=0
SELECT busy=514
SELECT w0=477
SELECT w1=408
SELECT w2=399
BUSY TASK ewma=997
DMA IRQ c0=0
DMA IRQ c1=1
DMA IRQ c2=0
DMA IRQ c3=0
SELECT busy=533
SELECT w0=496
SELECT w1=420
SELECT w2=412
BUSY TASK ewma=997
DMA IRQ c0=0
DMA IRQ c1=1
DMA IRQ c2=0
DMA IRQ c3=0
SELECT busy=552
SELECT w0=515
SELECT w1=434
SELECT w2=424
BUSY TASK ewma=997
DMA IRQ c0=0
DMA IRQ c1=1
DMA IRQ c2=0
DMA IRQ c3=0
SELECT busy=573
SELECT w0=536
SELECT w1=446
SELECT w2=432
BUSY TASK ewma=997
DMA IRQ c0=0
DMA IRQ c1=1
DMA IRQ c2=0
DMA IRQ c3=0
SELECT busy=593
SELECT w0=555
SELECT w1=455
SELECT w2=440
BUSY TASK ewma=997
DMA IRQ c0=0
DMA IRQ c1=1
DMA IRQ c2=0
DMA IRQ c3=0
SELECT busy=609
SELECT w0=572
SELECT w1=464
SELECT w2=450
BUSY TASK ewma=997
DMA IRQ c0=0
DMA IRQ c1=1
DMA IRQ c2=0
DMA IRQ c3=0
SELECT busy=627
SELECT w0=590
SELECT w1=474
SELECT w2=462
BUSY TASK ewma=997
DMA IRQ c0=0
DMA IRQ c1=1
DMA IRQ c2=0
DMA IRQ c3=0
SELECT busy=645
SELECT w0=608
SELECT w1=486
SELECT w2=474
BUSY TASK ewma=997
DMA IRQ c0=0
DMA IRQ c1=1
DMA IRQ c2=0
DMA IRQ c3=0
SELECT busy=667
SELECT w0=629
SELECT w1=500
SELECT w2=486
BUSY TASK ewma=997
DMA IRQ c0=0
DMA IRQ c1=1
DMA IRQ c2=0
DMA IRQ c3=0
SELECT busy=687
SELECT w0=649
SELECT w1=511
SELECT w2=495
BUSY TASK ewma=997
DMA IRQ c0=0
DMA IRQ c1=1
DMA IRQ c2=0
DMA IRQ c3=0
SELECT busy=701
SELECT w0=663
SELECT w1=520
SELECT w2=502
BUSY TASK ewma=997
DMA IRQ c0=0
DMA IRQ c1=1
DMA IRQ c2=0
DMA IRQ c3=0
SELECT busy=718
SELECT w0=680
SELECT w1=531
SELECT w2=512
BUSY TASK ewma=997
DMA IRQ c0=0
DMA IRQ c1=1
DMA IRQ c2=0
DMA IRQ c3=0
SELECT busy=737
SELECT w0=700
SELECT w1=542
SELECT w2=523
BUSY TASK ewma=997
DMA IRQ c0=0
DMA IRQ c1=1
DMA IRQ c2=0
DMA IRQ c3=0
SELECT busy=754
SELECT w0=716
SELECT w1=551
SELECT w2=532
BUSY TASK ewma=997
DMA IRQ c0=0
DMA IRQ c1=1
DMA IRQ c2=0
DMA IRQ c3=0
SELECT busy=774
SELECT w0=737
SELECT w1=565
SELECT w2=546
BUSY TASK ewma=997
DMA IRQ c0=0
DMA IRQ c1=1
DMA IRQ c2=0
DMA IRQ c3=0
SELECT busy=796
SELECT w0=758
SELECT w1=573
SELECT w2=555
BUSY TASK ewma=997
DMA IRQ c0=0
DMA IRQ c1=1
DMA IRQ c2=0
DMA IRQ c3=0
SELECT busy=815
SELECT w0=777
SELECT w1=581
SELECT w2=562
BUSY TASK ewma=997
DMA IRQ c0=0
DMA IRQ c1=1
DMA IRQ c2=0
DMA IRQ c3=0
SELECT busy=830
SELECT w0=793
SELECT w1=589
SELECT w2=571
BUSY TASK ewma=997
DMA IRQ c0=0
DMA IRQ c1=1
DMA IRQ c2=0
DMA IRQ c3=0
SELECT busy=847
SELECT w0=810
SELECT w1=602
SELECT w2=583
BUSY TASK ewma=997
DMA IRQ c0=0
DMA IRQ c1=1
DMA IRQ c2=0
DMA IRQ c3=0
SELECT busy=862
SELECT w0=825
SELECT w1=615
SELECT w2=594
BUSY TASK ewma=997
DMA IRQ c0=0
DMA IRQ c1=1
DMA IRQ c2=0
DMA IRQ c3=0
SELECT busy=881
SELECT w0=843
SELECT w1=624
SELECT w2=602
BUSY TASK ewma=997
DMA IRQ c0=0
DMA IRQ c1=1
DMA IRQ c2=0
DMA IRQ c3=0
SELECT busy=899
SELECT w0=862
SELECT w1=632
SELECT w2=611
BUSY TASK ewma=997
DMA IRQ c0=0
DMA IRQ c1=1
DMA IRQ c2=0
DMA IRQ c3=0
SELECT busy=916
SELECT w0=879
SELECT w1=644
SELECT w2=621
BUSY TASK ewma=997
DMA IRQ c0=0
DMA IRQ c1=1
DMA IRQ c2=0
DMA IRQ c3=0
SELECT busy=932
SELECT w0=895
SELECT w1=653
SELECT w2=629
BUSY TASK ewma=997
DMA IRQ c0=0
DMA IRQ c1=1
DMA IRQ c2=0
DMA IRQ c3=0
SELECT busy=952
SELECT w0=914
SELECT w1=662
SELECT w2=638
BUSY TASK ewma=997
DMA IRQ c0=0
DMA IRQ c1=1
DMA IRQ c2=0
DMA IRQ c3=0
SELECT busy=970
SELECT w0=933
SELECT w1=671
SELECT w2=647
BUSY TASK ewma=997
DMA IRQ c0=0
DMA IRQ c1=1
DMA IRQ c2=0
DMA IRQ c3=0
SELECT busy=994
SELECT w0=956
SELECT w1=686
SELECT w2=661
BUSY TASK ewma=997
DMA IRQ c0=0
DMA IRQ c1=1
DMA IRQ c2=0
DMA IRQ c3=0
SELECT busy=1024
SELECT w0=987
SELECT w1=703
SELECT w2=678
BUSY TASK ewma=997
DMA IRQ c0=0
DMA IRQ c1=1
DMA IRQ c2=0
DMA IRQ c3=0
SELECT busy=1049
SELECT w0=1012
SELECT w1=720
SELECT w2=695
BUSY TASK ewma=997
DMA IRQ c0=0
DMA IRQ c1=1
DMA IRQ c2=0
DMA IRQ c3=0
SELECT busy=1070
SELECT w0=1033
SELECT w1=733
SELECT w2=708
BUSY TASK ewma=997
DMA IRQ c0=0
DMA IRQ c1=1
DMA IRQ c2=0
DMA IRQ c3=0
SELECT busy=1093
SELECT w0=1056
SELECT w1=744
SELECT w2=717
BUSY TASK ewma=997
DMA IRQ c0=0
DMA IRQ c1=1
DMA IRQ c2=0
DMA IRQ c3=0
SELECT busy=1111
SELECT w0=1074
SELECT w1=753
SELECT w2=725
BUSY TASK ewma=997
DMA IRQ c0=0
DMA IRQ c1=1
DMA IRQ c2=0
DMA IRQ c3=0
SELECT busy=1132
SELECT w0=1095
SELECT w1=766
SELECT w2=738
BUSY TASK ewma=997
DMA IRQ c0=0
DMA IRQ c1=1
DMA IRQ c2=0
DMA IRQ c3=0
SELECT busy=1154
SELECT w0=1117
SELECT w1=778
SELECT w2=751
BUSY TASK ewma=997
DMA IRQ c0=0
DMA IRQ c1=1
DMA IRQ c2=0
DMA IRQ c3=0
SELECT busy=1175
SELECT w0=1138
SELECT w1=789
SELECT w2=763
BUSY TASK ewma=997
DMA IRQ c0=0
DMA IRQ c1=1
DMA IRQ c2=0
DMA IRQ c3=0
SELECT busy=1189
SELECT w0=1151
SELECT w1=795
SELECT w2=770
BUSY TASK ewma=997
DMA IRQ c0=0
DMA IRQ c1=1
DMA IRQ c2=0
DMA IRQ c3=0
SELECT busy=1209
SELECT w0=1174
SELECT w1=807
SELECT w2=784
BUSY TASK ewma=997
DMA IRQ c0=0
DMA IRQ c1=1
DMA IRQ c2=0
DMA IRQ c3=0
SELECT busy=1230
SELECT w0=1192
SELECT w1=815
SELECT w2=794
BUSY TASK ewma=997
DMA IRQ c0=0
DMA IRQ c1=1
DMA IRQ c2=0
DMA IRQ c3=0
SELECT busy=1254
SELECT w0=1217
SELECT w1=830
SELECT w2=807
BUSY TASK ewma=997
DMA IRQ c0=0
DMA IRQ c1=1
DMA IRQ c2=0
DMA IRQ c3=0
SELECT busy=1276
SELECT w0=1239
SELECT w1=843
SELECT w2=817
BUSY TASK ewma=997
DMA IRQ c0=0
DMA IRQ c1=1
DMA IRQ c2=0
DMA IRQ c3=0
SELECT busy=1292
SELECT w0=1255
SELECT w1=851
SELECT w2=825
BUSY TASK ewma=997
DMA IRQ c0=0
DMA IRQ c1=1
DMA IRQ c2=0
DMA IRQ c3=0
SELECT busy=1311
SELECT w0=1273
SELECT w1=859
SELECT w2=835
BUSY TASK ewma=997
DMA IRQ c0=0
DMA IRQ c1=1
DMA IRQ c2=0
DMA IRQ c3=0
SELECT busy=1329
SELECT w0=1292
SELECT w1=869
SELECT w2=844
BUSY TASK ewma=997
DMA IRQ c0=0
DMA IRQ c1=1
DMA IRQ c2=0
DMA IRQ c3=0
SELECT busy=1344
SELECT w0=1307
SELECT w1=878
SELECT w2=854
BUSY TASK ewma=997
DMA IRQ c0=0
DMA IRQ c1=1
DMA IRQ c2=0
DMA IRQ c3=0
SELECT busy=1360
SELECT w0=1323
SELECT w1=889
SELECT w2=864
BUSY TASK ewma=997
DMA IRQ c0=0
DMA IRQ c1=1
DMA IRQ c2=0
DMA IRQ c3=0
SELECT busy=1377
SELECT w0=1340
SELECT w1=900
SELECT w2=873
BUSY TASK ewma=997
IRQ counts: cpu0=2741 cpu1=3086 cpu2=3006 cpu3=3089
SCHED secondaries: calls=9192 unexpected=0
SECTEST switches=9173 cpu1=34666636,32628163 cpu2=25516126,26174272 cpu3=39585395,38445162
PINGPONG rounds=845 pongs=847
DMA IRQ c0=0
DMA IRQ c1=1
DMA IRQ c2=0
DMA IRQ c3=0
SELECT busy=1404
SELECT w0=1368
SELECT w1=918
SELECT w2=894
BUSY TASK ewma=997
DMA IRQ c0=0
DMA IRQ c1=1
DMA IRQ c2=0
DMA IRQ c3=0
SELECT busy=1422
SELECT w0=1385
SELECT w1=929
SELECT w2=905
BUSY TASK ewma=997
DMA IRQ c0=0
DMA IRQ c1=1
DMA IRQ c2=0
DMA IRQ c3=0
SELECT busy=1439
SELECT w0=1402
SELECT w1=944
SELECT w2=915
BUSY TASK ewma=997
DMA IRQ c0=0
DMA IRQ c1=1
DMA IRQ c2=0
DMA IRQ c3=0
SELECT busy=1455
SELECT w0=1417
SELECT w1=952
SELECT w2=924
BUSY TASK ewma=997
DMA IRQ c0=0
DMA IRQ c1=1
DMA IRQ c2=0
DMA IRQ c3=0
SELECT busy=1476
SELECT w0=1438
SELECT w1=964
SELECT w2=936
BUSY TASK ewma=997
DMA IRQ c0=0
DMA IRQ c1=1
DMA IRQ c2=0
DMA IRQ c3=0
SELECT busy=1496
SELECT w0=1459
SELECT w1=977
SELECT w2=949
BUSY TASK ewma=997
DMA IRQ c0=0
DMA IRQ c1=1
DMA IRQ c2=0
DMA IRQ c3=0
SELECT busy=1523
SELECT w0=1485
SELECT w1=991
SELECT w2=961
BUSY TASK ewma=997
DMA IRQ c0=0
DMA IRQ c1=1
DMA IRQ c2=0
DMA IRQ c3=0
SELECT busy=1562
SELECT w0=1524
SELECT w1=1012
SELECT w2=982
BUSY TASK ewma=997
DMA IRQ c0=0
DMA IRQ c1=1
DMA IRQ c2=0
DMA IRQ c3=0
SELECT busy=1592
SELECT w0=1554
SELECT w1=1025
SELECT w2=998
BUSY TASK ewma=997
DMA IRQ c0=0
DMA IRQ c1=1
DMA IRQ c2=0
DMA IRQ c3=0
SELECT busy=1619
SELECT w0=1581
SELECT w1=1039
SELECT w2=1011
BUSY TASK ewma=997
DMA IRQ c0=0
DMA IRQ c1=1
DMA IRQ c2=0
DMA IRQ c3=0
SELECT busy=1648
SELECT w0=1610
SELECT w1=1053
SELECT w2=1028
BUSY TASK ewma=997
DMA IRQ c0=0
DMA IRQ c1=1
DMA IRQ c2=0
DMA IRQ c3=0
SELECT busy=1670
SELECT w0=1633
SELECT w1=1065
SELECT w2=1040
BUSY TASK ewma=997
DMA IRQ c0=0
DMA IRQ c1=1
DMA IRQ c2=0
DMA IRQ c3=0
SELECT busy=1692
SELECT w0=1654
SELECT w1=1077
SELECT w2=1053
BUSY TASK ewma=997
DMA IRQ c0=0
DMA IRQ c1=1
DMA IRQ c2=0
DMA IRQ c3=0
SELECT busy=1708
SELECT w0=1670
SELECT w1=1086
SELECT w2=1063
BUSY TASK ewma=997
DMA IRQ c0=0
DMA IRQ c1=1
DMA IRQ c2=0
DMA IRQ c3=0
SELECT busy=1727
SELECT w0=1690
SELECT w1=1095
SELECT w2=1073
BUSY TASK ewma=997
DMA IRQ c0=0
DMA IRQ c1=1
DMA IRQ c2=0
DMA IRQ c3=0
SELECT busy=1751
SELECT w0=1714
SELECT w1=1109
SELECT w2=1087
BUSY TASK ewma=997
DMA IRQ c0=0
DMA IRQ c1=1
DMA IRQ c2=0
DMA IRQ c3=0
SELECT busy=1772
SELECT w0=1735
SELECT w1=1124
SELECT w2=1100
BUSY TASK ewma=997
DMA IRQ c0=0
DMA IRQ c1=1
DMA IRQ c2=0
DMA IRQ c3=0
SELECT busy=1785
SELECT w0=1747
SELECT w1=1130
SELECT w2=1109
BUSY TASK ewma=997
DMA IRQ c0=0
DMA IRQ c1=1
DMA IRQ c2=0
DMA IRQ c3=0
SELECT busy=1800
SELECT w0=1762
SELECT w1=1138
SELECT w2=1118
BUSY TASK ewma=997
DMA IRQ c0=0
DMA IRQ c1=1
DMA IRQ c2=0
DMA IRQ c3=0
SELECT busy=1830
SELECT w0=1793
SELECT w1=1152
SELECT w2=1134
BUSY TASK ewma=997
DMA IRQ c0=0
DMA IRQ c1=1
DMA IRQ c2=0
DMA IRQ c3=0
SELECT busy=1867
SELECT w0=1830
SELECT w1=1171
SELECT w2=1155
BUSY TASK ewma=997
DMA IRQ c0=0
DMA IRQ c1=1
DMA IRQ c2=0
DMA IRQ c3=0
SELECT busy=1907
SELECT w0=1871
SELECT w1=1190
SELECT w2=1173
BUSY TASK ewma=997
DMA IRQ c0=0
DMA IRQ c1=1
DMA IRQ c2=0
DMA IRQ c3=0
SELECT busy=1937
SELECT w0=1900
SELECT w1=1207
SELECT w2=1189
BUSY TASK ewma=997
DMA IRQ c0=0
DMA IRQ c1=1
DMA IRQ c2=0
DMA IRQ c3=0
SELECT busy=1950
SELECT w0=1912
SELECT w1=1213
SELECT w2=1195
BUSY TASK ewma=997
DMA IRQ c0=0
DMA IRQ c1=1
DMA IRQ c2=0
DMA IRQ c3=0
SELECT busy=1965
SELECT w0=1927
SELECT w1=1222
SELECT w2=1204
BUSY TASK ewma=997
DMA IRQ c0=0
DMA IRQ c1=1
DMA IRQ c2=0
DMA IRQ c3=0
SELECT busy=1980
SELECT w0=1943
SELECT w1=1232
SELECT w2=1214
BUSY TASK ewma=997
DMA IRQ c0=0
DMA IRQ c1=1
DMA IRQ c2=0
DMA IRQ c3=0
SELECT busy=2002
SELECT w0=1964
SELECT w1=1243
SELECT w2=1223
BUSY TASK ewma=997
DMA IRQ c0=0
DMA IRQ c1=1
DMA IRQ c2=0
DMA IRQ c3=0
SELECT busy=2019
SELECT w0=1981
SELECT w1=1251
SELECT w2=1231
BUSY TASK ewma=997
DMA IRQ c0=0
DMA IRQ c1=1
DMA IRQ c2=0
DMA IRQ c3=0
SELECT busy=2038
SELECT w0=2001
SELECT w1=1265
SELECT w2=1246
BUSY TASK ewma=997
DMA IRQ c0=0
DMA IRQ c1=1
DMA IRQ c2=0
DMA IRQ c3=0
SELECT busy=2060
SELECT w0=2023
SELECT w1=1277
SELECT w2=1255
BUSY TASK ewma=997
DMA IRQ c0=0
DMA IRQ c1=1
DMA IRQ c2=0
DMA IRQ c3=0
SELECT busy=2077
SELECT w0=2040
SELECT w1=1286
SELECT w2=1267
BUSY TASK ewma=997
DMA IRQ c0=0
DMA IRQ c1=1
DMA IRQ c2=0
DMA IRQ c3=0
SELECT busy=2094
SELECT w0=2057
SELECT w1=1296
SELECT w2=1275
BUSY TASK ewma=997
DMA IRQ c0=0
DMA IRQ c1=1
DMA IRQ c2=0
DMA IRQ c3=0
SELECT busy=2111
SELECT w0=2073
SELECT w1=1306
SELECT w2=1284
BUSY TASK ewma=997
DMA IRQ c0=0
DMA IRQ c1=1
DMA IRQ c2=0
DMA IRQ c3=0
SELECT busy=2127
SELECT w0=2089
SELECT w1=1314
SELECT w2=1292
BUSY TASK ewma=997
DMA IRQ c0=0
DMA IRQ c1=1
DMA IRQ c2=0
DMA IRQ c3=0
SELECT busy=2153
SELECT w0=2116
SELECT w1=1330
SELECT w2=1306
BUSY TASK ewma=997
DMA IRQ c0=0
DMA IRQ c1=1
DMA IRQ c2=0
DMA IRQ c3=0
SELECT busy=2184
SELECT w0=2147
SELECT w1=1348
SELECT w2=1323
BUSY TASK ewma=997
DMA IRQ c0=0
DMA IRQ c1=1
DMA IRQ c2=0
DMA IRQ c3=0
SELECT busy=2204
SELECT w0=2166
SELECT w1=1358
SELECT w2=1332
BUSY TASK ewma=997
DMA IRQ c0=0
DMA IRQ c1=1
DMA IRQ c2=0
DMA IRQ c3=0
SELECT busy=2239
SELECT w0=2202
SELECT w1=1372
SELECT w2=1347
BUSY TASK ewma=997
DMA IRQ c0=0
DMA IRQ c1=1
DMA IRQ c2=0
DMA IRQ c3=0
SELECT busy=2257
SELECT w0=2219
SELECT w1=1384
SELECT w2=1359
BUSY TASK ewma=997
DMA IRQ c0=0
DMA IRQ c1=1
DMA IRQ c2=0
DMA IRQ c3=0
SELECT busy=2295
SELECT w0=2258
SELECT w1=1408
SELECT w2=1380
BUSY TASK ewma=997
DMA IRQ c0=0
DMA IRQ c1=1
DMA IRQ c2=0
DMA IRQ c3=0
SELECT busy=2332
SELECT w0=2295
SELECT w1=1426
SELECT w2=1397
BUSY TASK ewma=997
DMA IRQ c0=0
DMA IRQ c1=1
DMA IRQ c2=0
DMA IRQ c3=0
SELECT busy=2361
SELECT w0=2323
SELECT w1=1440
SELECT w2=1412
BUSY TASK ewma=997
DMA IRQ c0=0
DMA IRQ c1=1
DMA IRQ c2=0
DMA IRQ c3=0
SELECT busy=2389
SELECT w0=2352
SELECT w1=1453
SELECT w2=1428
BUSY TASK ewma=997
DMA IRQ c0=0
DMA IRQ c1=1
DMA IRQ c2=0
DMA IRQ c3=0
SELECT busy=2408
SELECT w0=2370
SELECT w1=1460
SELECT w2=1437
BUSY TASK ewma=997
DMA IRQ c0=0
DMA IRQ c1=1
DMA IRQ c2=0
DMA IRQ c3=0
SELECT busy=2424
SELECT w0=2386
SELECT w1=1469
SELECT w2=1446
BUSY TASK ewma=997
DMA IRQ c0=0
DMA IRQ c1=1
DMA IRQ c2=0
DMA IRQ c3=0
SELECT busy=2438
SELECT w0=2401
SELECT w1=1477
SELECT w2=1453
BUSY TASK ewma=997
DMA IRQ c0=0
DMA IRQ c1=1
DMA IRQ c2=0
DMA IRQ c3=0
SELECT busy=2456
SELECT w0=2419
SELECT w1=1486
SELECT w2=1461
BUSY TASK ewma=997
DMA IRQ c0=0
DMA IRQ c1=1
DMA IRQ c2=0
DMA IRQ c3=0
SELECT busy=2475
SELECT w0=2438
SELECT w1=1499
SELECT w2=1473
BUSY TASK ewma=997
DMA IRQ c0=0
DMA IRQ c1=1
DMA IRQ c2=0
DMA IRQ c3=0
SELECT busy=2492
SELECT w0=2454
SELECT w1=1508
SELECT w2=1482
BUSY TASK ewma=997
DMA IRQ c0=0
DMA IRQ c1=1
DMA IRQ c2=0
DMA IRQ c3=0
SELECT busy=2514
SELECT w0=2476
SELECT w1=1526
SELECT w2=1494
BUSY TASK ewma=997
DMA IRQ c0=0
DMA IRQ c1=1
DMA IRQ c2=0
DMA IRQ c3=0
SELECT busy=2531
SELECT w0=2495
SELECT w1=1544
SELECT w2=1508
BUSY TASK ewma=997
DMA IRQ c0=0
DMA IRQ c1=1
DMA IRQ c2=0
DMA IRQ c3=0
SELECT busy=2558
SELECT w0=2521
SELECT w1=1557
SELECT w2=1521
BUSY TASK ewma=997
DMA IRQ c0=0
DMA IRQ c1=1
DMA IRQ c2=0
DMA IRQ c3=0
SELECT busy=2573
SELECT w0=2535
SELECT w1=1566
SELECT w2=1529
BUSY TASK ewma=997
DMA IRQ c0=0
DMA IRQ c1=1
DMA IRQ c2=0
DMA IRQ c3=0
SELECT busy=2588
SELECT w0=2550
SELECT w1=1576
SELECT w2=1540
BUSY TASK ewma=997
DMA IRQ c0=0
DMA IRQ c1=1
DMA IRQ c2=0
DMA IRQ c3=0
SELECT busy=2607
SELECT w0=2569
SELECT w1=1587
SELECT w2=1549
BUSY TASK ewma=997
DMA IRQ c0=0
DMA IRQ c1=1
DMA IRQ c2=0
DMA IRQ c3=0
SELECT busy=2624
SELECT w0=2587
SELECT w1=1599
SELECT w2=1565
BUSY TASK ewma=997
DMA IRQ c0=0
DMA IRQ c1=1
DMA IRQ c2=0
DMA IRQ c3=0
SELECT busy=2644
SELECT w0=2606
SELECT w1=1613
SELECT w2=1581
BUSY TASK ewma=997
DMA IRQ c0=0
DMA IRQ c1=1
DMA IRQ c2=0
DMA IRQ c3=0
SELECT busy=2665
SELECT w0=2628
SELECT w1=1626
SELECT w2=1594
BUSY TASK ewma=997
DMA IRQ c0=0
DMA IRQ c1=1
DMA IRQ c2=0
DMA IRQ c3=0
SELECT busy=2687
SELECT w0=2649
SELECT w1=1642
SELECT w2=1606
BUSY TASK ewma=997
DMA IRQ c0=0
DMA IRQ c1=1
DMA IRQ c2=0
DMA IRQ c3=0
SELECT busy=2708
SELECT w0=2671
SELECT w1=1657
SELECT w2=1619
BUSY TASK ewma=997
DMA IRQ c0=0
DMA IRQ c1=1
DMA IRQ c2=0
DMA IRQ c3=0
SELECT busy=2728
SELECT w0=2692
SELECT w1=1673
SELECT w2=1632
BUSY TASK ewma=997
DMA IRQ c0=0
DMA IRQ c1=1
DMA IRQ c2=0
DMA IRQ c3=0
SELECT busy=2752
SELECT w0=2715
SELECT w1=1686
SELECT w2=1647
BUSY TASK ewma=997
DMA IRQ c0=0
DMA IRQ c1=1
DMA IRQ c2=0
DMA IRQ c3=0
SELECT busy=2770
SELECT w0=2733
SELECT w1=1699
SELECT w2=1657
BUSY TASK ewma=997
DMA IRQ c0=0
DMA IRQ c1=1
DMA IRQ c2=0
DMA IRQ c3=0
SELECT busy=2786
SELECT w0=2749
SELECT w1=1710
SELECT w2=1665
BUSY TASK ewma=997
IRQ counts: cpu0=5563 cpu1=6389 cpu2=6216 cpu3=6284
SCHED secondaries: calls=18913 unexpected=0
SECTEST switches=18890 cpu1=73494078,70010058 cpu2=55287869,54285132 cpu3=81296452,77988680
PINGPONG rounds=1448 pongs=1449
DMA IRQ c0=0
DMA IRQ c1=1
DMA IRQ c2=0
DMA IRQ c3=0
SELECT busy=2827
SELECT w0=2789
SELECT w1=1739
SELECT w2=1694
BUSY TASK ewma=997
DMA IRQ c0=0
DMA IRQ c1=1
DMA IRQ c2=0
DMA IRQ c3=0
SELECT busy=2876
SELECT w0=2840
SELECT w1=1762
SELECT w2=1722
BUSY TASK ewma=997
DMA IRQ c0=0
DMA IRQ c1=1
DMA IRQ c2=0
DMA IRQ c3=0
SELECT busy=2924
SELECT w0=2886
SELECT w1=1785
SELECT w2=1742
BUSY TASK ewma=997
DMA IRQ c0=0
DMA IRQ c1=1
DMA IRQ c2=0
DMA IRQ c3=0
SELECT busy=2954
SELECT w0=2917
SELECT w1=1802
SELECT w2=1759
BUSY TASK ewma=997
DMA IRQ c0=0
DMA IRQ c1=1
DMA IRQ c2=0
DMA IRQ c3=0
SELECT busy=2991
SELECT w0=2954
SELECT w1=1821
SELECT w2=1773
BUSY TASK ewma=997
DMA IRQ c0=0
DMA IRQ c1=1
DMA IRQ c2=0
DMA IRQ c3=0
SELECT busy=3035
SELECT w0=2998
SELECT w1=1848
SELECT w2=1801
BUSY TASK ewma=997
DMA IRQ c0=0
DMA IRQ c1=1
DMA IRQ c2=0
DMA IRQ c3=0
SELECT busy=3060
SELECT w0=3023
SELECT w1=1859
SELECT w2=1813
BUSY TASK ewma=997
DMA IRQ c0=0
DMA IRQ c1=1
DMA IRQ c2=0
DMA IRQ c3=0
SELECT busy=3092
SELECT w0=3054
SELECT w1=1879
SELECT w2=1832
BUSY TASK ewma=997
DMA IRQ c0=0
DMA IRQ c1=1
DMA IRQ c2=0
DMA IRQ c3=0
SELECT busy=3132
SELECT w0=3095
SELECT w1=1902
SELECT w2=1853
BUSY TASK ewma=997
DMA IRQ c0=0
DMA IRQ c1=1
DMA IRQ c2=0
DMA IRQ c3=0
SELECT busy=3165
SELECT w0=3128
SELECT w1=1919
SELECT w2=1870
BUSY TASK ewma=997
DMA IRQ c0=0
DMA IRQ c1=1
DMA IRQ c2=0
DMA IRQ c3=0
SELECT busy=3198
SELECT w0=3160
SELECT w1=1935
SELECT w2=1887
BUSY TASK ewma=997
DMA IRQ c0=0
DMA IRQ c1=1
DMA IRQ c2=0
DMA IRQ c3=0
SELECT busy=3232
SELECT w0=3195
SELECT w1=1955
SELECT w2=1906
BUSY TASK ewma=997
DMA IRQ c0=0
DMA IRQ c1=1
DMA IRQ c2=0
DMA IRQ c3=0
SELECT busy=3272
SELECT w0=3236
SELECT w1=1984
SELECT w2=1934
BUSY TASK ewma=997
DMA IRQ c0=0
DMA IRQ c1=1
DMA IRQ c2=0
DMA IRQ c3=0
SELECT busy=3308
SELECT w0=3270
SELECT w1=2000
SELECT w2=1952
BUSY TASK ewma=997
DMA IRQ c0=0
DMA IRQ c1=1
DMA IRQ c2=0
DMA IRQ c3=0
SELECT busy=3340
SELECT w0=3303
SELECT w1=2015
SELECT w2=1969
BUSY TASK ewma=997
DMA IRQ c0=0
DMA IRQ c1=1
DMA IRQ c2=0
DMA IRQ c3=0
SELECT busy=3377
SELECT w0=3339
SELECT w1=2035
SELECT w2=1987
BUSY TASK ewma=997
DMA IRQ c0=0
DMA IRQ c1=1
DMA IRQ c2=0
DMA IRQ c3=0
SELECT busy=3406
SELECT w0=3368
SELECT w1=2049
SELECT w2=2000
BUSY TASK ewma=997
DMA IRQ c0=0
DMA IRQ c1=1
DMA IRQ c2=0
DMA IRQ c3=0
SELECT busy=3446
SELECT w0=3408
SELECT w1=2067
SELECT w2=2021
BUSY TASK ewma=997
DMA IRQ c0=0
DMA IRQ c1=1
DMA IRQ c2=0
DMA IRQ c3=0
SELECT busy=3482
SELECT w0=3444
SELECT w1=2089
SELECT w2=2040
BUSY TASK ewma=997
DMA IRQ c0=0
DMA IRQ c1=1
DMA IRQ c2=0
DMA IRQ c3=0
SELECT busy=3525
SELECT w0=3488
SELECT w1=2113
SELECT w2=2060
BUSY TASK ewma=997
DMA IRQ c0=0
DMA IRQ c1=1
DMA IRQ c2=0
DMA IRQ c3=0
SELECT busy=3562
SELECT w0=3525
SELECT w1=2133
SELECT w2=2079
BUSY TASK ewma=997
DMA IRQ c0=0
DMA IRQ c1=1
DMA IRQ c2=0
DMA IRQ c3=0
SELECT busy=3594
SELECT w0=3559
SELECT w1=2153
SELECT w2=2100
BUSY TASK ewma=997
DMA IRQ c0=0
DMA IRQ c1=1
DMA IRQ c2=0
DMA IRQ c3=0
SELECT busy=3633
SELECT w0=3596
SELECT w1=2170
SELECT w2=2120
BUSY TASK ewma=997
DMA IRQ c0=0
DMA IRQ c1=1
DMA IRQ c2=0
DMA IRQ c3=0
SELECT busy=3650
SELECT w0=3613
SELECT w1=2181
SELECT w2=2130
BUSY TASK ewma=997
DMA IRQ c0=0
DMA IRQ c1=1
DMA IRQ c2=0
DMA IRQ c3=0
SELECT busy=3672
SELECT w0=3634
SELECT w1=2192
SELECT w2=2141
BUSY TASK ewma=997
DMA IRQ c0=0
DMA IRQ c1=1
DMA IRQ c2=0
DMA IRQ c3=0
SELECT busy=3693
SELECT w0=3656
SELECT w1=2204
SELECT w2=2155
BUSY TASK ewma=997
DMA IRQ c0=0
DMA IRQ c1=1
DMA IRQ c2=0
DMA IRQ c3=0
SELECT busy=3709
SELECT w0=3672
SELECT w1=2213
SELECT w2=2166
BUSY TASK ewma=997
DMA IRQ c0=0
DMA IRQ c1=1
DMA IRQ c2=0
DMA IRQ c3=0
SELECT busy=3725
SELECT w0=3688
SELECT w1=2225
SELECT w2=2176
BUSY TASK ewma=997
DMA IRQ c0=0
DMA IRQ c1=1
DMA IRQ c2=0
DMA IRQ c3=0
SELECT busy=3759
SELECT w0=3722
SELECT w1=2246
SELECT w2=2200
BUSY TASK ewma=997
DMA IRQ c0=0
DMA IRQ c1=1
DMA IRQ c2=0
DMA IRQ c3=0
SELECT busy=3794
SELECT w0=3757
SELECT w1=2268
SELECT w2=2221
BUSY TASK ewma=997
DMA IRQ c0=0
DMA IRQ c1=1
DMA IRQ c2=0
DMA IRQ c3=0
SELECT busy=3818
SELECT w0=3780
SELECT w1=2279
SELECT w2=2230
BUSY TASK ewma=997
DMA IRQ c0=0
DMA IRQ c1=1
DMA IRQ c2=0
DMA IRQ c3=0
SELECT busy=3834
SELECT w0=3796
SELECT w1=2291
SELECT w2=2241
BUSY TASK ewma=997
DMA IRQ c0=0
DMA IRQ c1=1
DMA IRQ c2=0
DMA IRQ c3=0
SELECT busy=3849
SELECT w0=3811
SELECT w1=2299
SELECT w2=2249
BUSY TASK ewma=997
DMA IRQ c0=0
DMA IRQ c1=1
DMA IRQ c2=0
DMA IRQ c3=0
SELECT busy=3867
SELECT w0=3829
SELECT w1=2306
SELECT w2=2257
BUSY TASK ewma=997
DMA IRQ c0=0
DMA IRQ c1=1
DMA IRQ c2=0
DMA IRQ c3=0
SELECT busy=3883
SELECT w0=3846
SELECT w1=2314
SELECT w2=2265
BUSY TASK ewma=997
DMA IRQ c0=0
DMA IRQ c1=1
DMA IRQ c2=0
DMA IRQ c3=0
SELECT busy=3898
SELECT w0=3862
SELECT w1=2323
SELECT w2=2275
BUSY TASK ewma=997
DMA IRQ c0=0
DMA IRQ c1=1
DMA IRQ c2=0
DMA IRQ c3=0
SELECT busy=3919
SELECT w0=3882
SELECT w1=2335
SELECT w2=2287
BUSY TASK ewma=997
DMA IRQ c0=0
DMA IRQ c1=1
DMA IRQ c2=0
DMA IRQ c3=0
SELECT busy=3934
SELECT w0=3896
SELECT w1=2344
SELECT w2=2296
BUSY TASK ewma=997
DMA IRQ c0=0
DMA IRQ c1=1
DMA IRQ c2=0
DMA IRQ c3=0
SELECT busy=3952
SELECT w0=3915
SELECT w1=2351
SELECT w2=2303
BUSY TASK ewma=997
DMA IRQ c0=0
DMA IRQ c1=1
DMA IRQ c2=0
DMA IRQ c3=0
SELECT busy=3972
SELECT w0=3934
SELECT w1=2360
SELECT w2=2312
BUSY TASK ewma=997
DMA IRQ c0=0
DMA IRQ c1=1
DMA IRQ c2=0
DMA IRQ c3=0
SELECT busy=3996
SELECT w0=3958
SELECT w1=2374
SELECT w2=2325
BUSY TASK ewma=997
DMA IRQ c0=0
DMA IRQ c1=1
DMA IRQ c2=0
DMA IRQ c3=0
SELECT busy=4018
SELECT w0=3981
SELECT w1=2385
SELECT w2=2340
BUSY TASK ewma=997
DMA IRQ c0=0
DMA IRQ c1=1
DMA IRQ c2=0
DMA IRQ c3=0
SELECT busy=4037
SELECT w0=4000
SELECT w1=2398
SELECT w2=2358
BUSY TASK ewma=997
DMA IRQ c0=0
DMA IRQ c1=1
DMA IRQ c2=0
DMA IRQ c3=0
SELECT busy=4055
SELECT w0=4018
SELECT w1=2412
SELECT w2=2369
BUSY TASK ewma=997
DMA IRQ c0=0
DMA IRQ c1=1
DMA IRQ c2=0
DMA IRQ c3=0
SELECT busy=4075
SELECT w0=4038
SELECT w1=2427
SELECT w2=2383
BUSY TASK ewma=997
DMA IRQ c0=0
DMA IRQ c1=1
DMA IRQ c2=0
DMA IRQ c3=0
SELECT busy=4096
SELECT w0=4059
SELECT w1=2440
SELECT w2=2399
BUSY TASK ewma=997
DMA IRQ c0=0
DMA IRQ c1=1
DMA IRQ c2=0
DMA IRQ c3=0
SELECT busy=4116
SELECT w0=4079
SELECT w1=2453
SELECT w2=2413
BUSY TASK ewma=997
DMA IRQ c0=0
DMA IRQ c1=1
DMA IRQ c2=0
DMA IRQ c3=0
SELECT busy=4139
SELECT w0=4101
SELECT w1=2466
SELECT w2=2429
BUSY TASK ewma=997
DMA IRQ c0=0
DMA IRQ c1=1
DMA IRQ c2=0
DMA IRQ c3=0
SELECT busy=4167
SELECT w0=4130
SELECT w1=2481
SELECT w2=2443
BUSY TASK ewma=997
DMA IRQ c0=0
DMA IRQ c1=1
DMA IRQ c2=0
DMA IRQ c3=0
SELECT busy=4187
SELECT w0=4149
SELECT w1=2490
SELECT w2=2454
BUSY TASK ewma=997
DMA IRQ c0=0
DMA IRQ c1=1
DMA IRQ c2=0
DMA IRQ c3=0
SELECT busy=4208
SELECT w0=4171
SELECT w1=2501
SELECT w2=2468
BUSY TASK ewma=997
DMA IRQ c0=0
DMA IRQ c1=1
DMA IRQ c2=0
DMA IRQ c3=0
SELECT busy=4230
SELECT w0=4193
SELECT w1=2512
SELECT w2=2483
BUSY TASK ewma=997
DMA IRQ c0=0
DMA IRQ c1=1
DMA IRQ c2=0
DMA IRQ c3=0
SELECT busy=4251
SELECT w0=4214
SELECT w1=2518
SELECT w2=2491
BUSY TASK ewma=997
DMA IRQ c0=0
DMA IRQ c1=1
DMA IRQ c2=0
DMA IRQ c3=0
SELECT busy=4275
SELECT w0=4237
SELECT w1=2528
SELECT w2=2503
BUSY TASK ewma=997
DMA IRQ c0=0
DMA IRQ c1=1
DMA IRQ c2=0
DMA IRQ c3=0
SELECT busy=4295
SELECT w0=4257
SELECT w1=2537
SELECT w2=2515
BUSY TASK ewma=997
DMA IRQ c0=0
DMA IRQ c1=1
DMA IRQ c2=0
DMA IRQ c3=0
SELECT busy=4313
SELECT w0=4275
SELECT w1=2545
SELECT w2=2527
BUSY TASK ewma=997
DMA IRQ c0=0
DMA IRQ c1=1
DMA IRQ c2=0
DMA IRQ c3=0
SELECT busy=4332
SELECT w0=4294
SELECT w1=2553
SELECT w2=2535
BUSY TASK ewma=997
DMA IRQ c0=0
DMA IRQ c1=1
DMA IRQ c2=0
DMA IRQ c3=0
SELECT busy=4350
SELECT w0=4312
SELECT w1=2561
SELECT w2=2546
BUSY TASK ewma=997
DMA IRQ c0=0
DMA IRQ c1=1
DMA IRQ c2=0
DMA IRQ c3=0
SELECT busy=4374
SELECT w0=4337
SELECT w1=2573
SELECT w2=2561
BUSY TASK ewma=997
DMA IRQ c0=0
DMA IRQ c1=1
DMA IRQ c2=0
DMA IRQ c3=0
SELECT busy=4388
SELECT w0=4351
SELECT w1=2579
SELECT w2=2569
BUSY TASK ewma=997
DMA IRQ c0=0
DMA IRQ c1=1
DMA IRQ c2=0
DMA IRQ c3=0
SELECT busy=4404
SELECT w0=4366
SELECT w1=2586
SELECT w2=2578
BUSY TASK ewma=997
DMA IRQ c0=0
DMA IRQ c1=1
DMA IRQ c2=0
DMA IRQ c3=0
SELECT busy=4423
SELECT w0=4386
SELECT w1=2596
SELECT w2=2593
BUSY TASK ewma=997
DMA IRQ c0=0
DMA IRQ c1=1
DMA IRQ c2=0
DMA IRQ c3=0
SELECT busy=4439
SELECT w0=4402
SELECT w1=2603
SELECT w2=2604
BUSY TASK ewma=997
DMA IRQ c0=0
DMA IRQ c1=1
DMA IRQ c2=0
DMA IRQ c3=0
SELECT busy=4460
SELECT w0=4422
SELECT w1=2612
SELECT w2=2614
BUSY TASK ewma=997
IRQ counts: cpu0=8913 cpu1=10181 cpu2=10067 cpu3=10061
SCHED secondaries: calls=30330 unexpected=0
SECTEST switches=30304 cpu1=109748629,105565494 cpu2=84623952,83678783 cpu3=122413059,117526720
PINGPONG rounds=2000 pongs=2000
DMA IRQ c0=0
DMA IRQ c1=1
DMA IRQ c2=0
DMA IRQ c3=0
SELECT busy=4490
SELECT w0=4452
SELECT w1=2630
SELECT w2=2636
BUSY TASK ewma=997
DMA IRQ c0=0
DMA IRQ c1=1
DMA IRQ c2=0
DMA IRQ c3=0
SELECT busy=4515
SELECT w0=4478
SELECT w1=2642
SELECT w2=2650
BUSY TASK ewma=997
DMA IRQ c0=0
DMA IRQ c1=1
DMA IRQ c2=0
DMA IRQ c3=0
SELECT busy=4553
SELECT w0=4518
SELECT w1=2661
SELECT w2=2672
BUSY TASK ewma=997
DMA IRQ c0=0
DMA IRQ c1=1
DMA IRQ c2=0
DMA IRQ c3=0
SELECT busy=4590
SELECT w0=4552
SELECT w1=2674
SELECT w2=2690
BUSY TASK ewma=997
DMA IRQ c0=0
DMA IRQ c1=1
DMA IRQ c2=0
DMA IRQ c3=0
SELECT busy=4632
SELECT w0=4595
SELECT w1=2691
SELECT w2=2707
BUSY TASK ewma=997
DMA IRQ c0=0
DMA IRQ c1=1
DMA IRQ c2=0
DMA IRQ c3=0
SELECT busy=4667
SELECT w0=4630
SELECT w1=2705
SELECT w2=2724
BUSY TASK ewma=997
DMA IRQ c0=0
DMA IRQ c1=1
DMA IRQ c2=0
DMA IRQ c3=0
SELECT busy=4708
SELECT w0=4670
SELECT w1=2725
SELECT w2=2747
BUSY TASK ewma=997
DMA IRQ c0=0
DMA IRQ c1=1
DMA IRQ c2=0
DMA IRQ c3=0
SELECT busy=4738
SELECT w0=4701
SELECT w1=2737
SELECT w2=2762
BUSY TASK ewma=997
DMA IRQ c0=0
DMA IRQ c1=1
DMA IRQ c2=0
DMA IRQ c3=0
SELECT busy=4770
SELECT w0=4732
SELECT w1=2749
SELECT w2=2775
BUSY TASK ewma=997
DMA IRQ c0=0
DMA IRQ c1=1
DMA IRQ c2=0
DMA IRQ c3=0
SELECT busy=4803
SELECT w0=4765
SELECT w1=2761
SELECT w2=2790
BUSY TASK ewma=997
DMA IRQ c0=0
DMA IRQ c1=1
DMA IRQ c2=0
DMA IRQ c3=0
SELECT busy=4833
SELECT w0=4796
SELECT w1=2777
SELECT w2=2809
BUSY TASK ewma=997
DMA IRQ c0=0
DMA IRQ c1=1
DMA IRQ c2=0
DMA IRQ c3=0
SELECT busy=4870
SELECT w0=4832
SELECT w1=2795
SELECT w2=2829
BUSY TASK ewma=997
DMA IRQ c0=0
DMA IRQ c1=1
DMA IRQ c2=0
DMA IRQ c3=0
SELECT busy=4909
SELECT w0=4872
SELECT w1=2810
SELECT w2=2848
BUSY TASK ewma=997
DMA IRQ c0=0
DMA IRQ c1=1
DMA IRQ c2=0
DMA IRQ c3=0
SELECT busy=4938
SELECT w0=4900
SELECT w1=2821
SELECT w2=2859
BUSY TASK ewma=997
DMA IRQ c0=0
DMA IRQ c1=1
DMA IRQ c2=0
DMA IRQ c3=0
SELECT busy=4956
SELECT w0=4919
SELECT w1=2828
SELECT w2=2869
BUSY TASK ewma=997
DMA IRQ c0=0
DMA IRQ c1=1
DMA IRQ c2=0
DMA IRQ c3=0
SELECT busy=4975
SELECT w0=4937
SELECT w1=2835
SELECT w2=2879
BUSY TASK ewma=997
DMA IRQ c0=0
DMA IRQ c1=1
DMA IRQ c2=0
DMA IRQ c3=0
SELECT busy=4993
SELECT w0=4955
SELECT w1=2840
SELECT w2=2886
BUSY TASK ewma=997
DMA IRQ c0=0
DMA IRQ c1=1
DMA IRQ c2=0
DMA IRQ c3=0
SELECT busy=5016
SELECT w0=4978
SELECT w1=2849
SELECT w2=2896
BUSY TASK ewma=997
DMA IRQ c0=0
DMA IRQ c1=1
DMA IRQ c2=0
DMA IRQ c3=0
SELECT busy=5035
SELECT w0=5001
SELECT w1=2860
SELECT w2=2908
BUSY TASK ewma=997
DMA IRQ c0=0
DMA IRQ c1=1
DMA IRQ c2=0
DMA IRQ c3=0
SELECT busy=5065
SELECT w0=5027
SELECT w1=2870
SELECT w2=2921
BUSY TASK ewma=997
DMA IRQ c0=0
DMA IRQ c1=1
DMA IRQ c2=0
DMA IRQ c3=0
SELECT busy=5089
SELECT w0=5052
SELECT w1=2885
SELECT w2=2934
BUSY TASK ewma=997
DMA IRQ c0=0
DMA IRQ c1=1
DMA IRQ c2=0
DMA IRQ c3=0
SELECT busy=5107
SELECT w0=5070
SELECT w1=2893
SELECT w2=2944
BUSY TASK ewma=997
DMA IRQ c0=0
DMA IRQ c1=1
DMA IRQ c2=0
DMA IRQ c3=0
SELECT busy=5126
SELECT w0=5089
SELECT w1=2904
SELECT w2=2957
BUSY TASK ewma=997
DMA IRQ c0=0
DMA IRQ c1=1
DMA IRQ c2=0
DMA IRQ c3=0
SELECT busy=5145
SELECT w0=5109
SELECT w1=2915
SELECT w2=2972
BUSY TASK ewma=997
DMA IRQ c0=0
DMA IRQ c1=1
DMA IRQ c2=0
DMA IRQ c3=0
SELECT busy=5160
SELECT w0=5122
SELECT w1=2921
SELECT w2=2979
BUSY TASK ewma=997
DMA IRQ c0=0
DMA IRQ c1=1
DMA IRQ c2=0
DMA IRQ c3=0
SELECT busy=5180
SELECT w0=5144
SELECT w1=2931
SELECT w2=2995
BUSY TASK ewma=997
DMA IRQ c0=0
DMA IRQ c1=1
DMA IRQ c2=0
DMA IRQ c3=0
SELECT busy=5205
SELECT w0=5168
SELECT w1=2945
SELECT w2=3012
BUSY TASK ewma=997
DMA IRQ c0=0
DMA IRQ c1=1
DMA IRQ c2=0
DMA IRQ c3=0
SELECT busy=5244
SELECT w0=5207
SELECT w1=2965
SELECT w2=3036
BUSY TASK ewma=997
DMA IRQ c0=0
DMA IRQ c1=1
DMA IRQ c2=0
DMA IRQ c3=0
SELECT busy=5283
SELECT w0=5246
SELECT w1=2983
SELECT w2=3056
BUSY TASK ewma=997
DMA IRQ c0=0
DMA IRQ c1=1
DMA IRQ c2=0
DMA IRQ c3=0
SELECT busy=5323
SELECT w0=5286
SELECT w1=2999
SELECT w2=3081
BUSY TASK ewma=997
DMA IRQ c0=0
DMA IRQ c1=1
DMA IRQ c2=0
DMA IRQ c3=0
SELECT busy=5366
SELECT w0=5329
SELECT w1=3014
SELECT w2=3099
BUSY TASK ewma=997
DMA IRQ c0=0
DMA IRQ c1=1
DMA IRQ c2=0
DMA IRQ c3=0
SELECT busy=5403
SELECT w0=5366
SELECT w1=3029
SELECT w2=3122
BUSY TASK ewma=997
DMA IRQ c0=0
DMA IRQ c1=1
DMA IRQ c2=0
DMA IRQ c3=0
SELECT busy=5428
SELECT w0=5390
SELECT w1=3040
SELECT w2=3137
BUSY TASK ewma=997
DMA IRQ c0=0
DMA IRQ c1=1
DMA IRQ c2=0
DMA IRQ c3=0
SELECT busy=5448
SELECT w0=5410
SELECT w1=3049
SELECT w2=3148
BUSY TASK ewma=997
DMA IRQ c0=0
DMA IRQ c1=1
DMA IRQ c2=0
DMA IRQ c3=0
SELECT busy=5471
SELECT w0=5433
SELECT w1=3059
SELECT w2=3159
BUSY TASK ewma=997
DMA IRQ c0=0
DMA IRQ c1=1
DMA IRQ c2=0
DMA IRQ c3=0
SELECT busy=5487
SELECT w0=5449
SELECT w1=3066
SELECT w2=3167
BUSY TASK ewma=997
DMA IRQ c0=0
DMA IRQ c1=1
DMA IRQ c2=0
DMA IRQ c3=0
SELECT busy=5505
SELECT w0=5468
SELECT w1=3074
SELECT w2=3178
BUSY TASK ewma=997
DMA IRQ c0=0
DMA IRQ c1=1
DMA IRQ c2=0
DMA IRQ c3=0
SELECT busy=5526
SELECT w0=5489
SELECT w1=3085
SELECT w2=3190
BUSY TASK ewma=997
DMA IRQ c0=0
DMA IRQ c1=1
DMA IRQ c2=0
DMA IRQ c3=0
SELECT busy=5548
SELECT w0=5510
SELECT w1=3093
SELECT w2=3200
BUSY TASK ewma=997
DMA IRQ c0=0
DMA IRQ c1=1
DMA IRQ c2=0
DMA IRQ c3=0
SELECT busy=5571
SELECT w0=5534
SELECT w1=3104
SELECT w2=3214
BUSY TASK ewma=997
DMA IRQ c0=0
DMA IRQ c1=1
DMA IRQ c2=0
DMA IRQ c3=0
SELECT busy=5601
SELECT w0=5564
SELECT w1=3122
SELECT w2=3239
BUSY TASK ewma=997
DMA IRQ c0=0
DMA IRQ c1=1
DMA IRQ c2=0
DMA IRQ c3=0
SELECT busy=5645
SELECT w0=5608
SELECT w1=3140
SELECT w2=3258
BUSY TASK ewma=997
DMA IRQ c0=0
DMA IRQ c1=1
DMA IRQ c2=0
DMA IRQ c3=0
SELECT busy=5671
SELECT w0=5633
SELECT w1=3151
SELECT w2=3273
BUSY TASK ewma=997
DMA IRQ c0=0
DMA IRQ c1=1
DMA IRQ c2=0
DMA IRQ c3=0
SELECT busy=5691
SELECT w0=5654
SELECT w1=3161
SELECT w2=3285
BUSY TASK ewma=997
DMA IRQ c0=0
DMA IRQ c1=1
DMA IRQ c2=0
DMA IRQ c3=0
SELECT busy=5707
SELECT w0=5669
SELECT w1=3166
SELECT w2=3294
BUSY TASK ewma=997
DMA IRQ c0=0
DMA IRQ c1=1
DMA IRQ c2=0
DMA IRQ c3=0
SELECT busy=5723
SELECT w0=5686
SELECT w1=3174
SELECT w2=3305
BUSY TASK ewma=997
DMA IRQ c0=0
DMA IRQ c1=1
DMA IRQ c2=0
DMA IRQ c3=0
SELECT busy=5741
SELECT w0=5704
SELECT w1=3184
SELECT w2=3316
BUSY TASK ewma=997
DMA IRQ c0=0
DMA IRQ c1=1
DMA IRQ c2=0
DMA IRQ c3=0
SELECT busy=5760
SELECT w0=5722
SELECT w1=3193
SELECT w2=3326
BUSY TASK ewma=997
DMA IRQ c0=0
DMA IRQ c1=1
DMA IRQ c2=0
DMA IRQ c3=0
SELECT busy=5777
SELECT w0=5740
SELECT w1=3201
SELECT w2=3336
BUSY TASK ewma=997
DMA IRQ c0=0
DMA IRQ c1=1
DMA IRQ c2=0
DMA IRQ c3=0
SELECT busy=5794
SELECT w0=5756
SELECT w1=3208
SELECT w2=3343
BUSY TASK ewma=997
DMA IRQ c0=0
DMA IRQ c1=1
DMA IRQ c2=0
DMA IRQ c3=0
SELECT busy=5813
SELECT w0=5776
SELECT w1=3217
SELECT w2=3354
BUSY TASK ewma=997
DMA IRQ c0=0
DMA IRQ c1=1
DMA IRQ c2=0
DMA IRQ c3=0
SELECT busy=5827
SELECT w0=5790
SELECT w1=3226
SELECT w2=3364
BUSY TASK ewma=997
DMA IRQ c0=0
DMA IRQ c1=1
DMA IRQ c2=0
DMA IRQ c3=0
SELECT busy=5850
SELECT w0=5812
SELECT w1=3236
SELECT w2=3375
BUSY TASK ewma=997
DMA IRQ c0=0
DMA IRQ c1=1
DMA IRQ c2=0
DMA IRQ c3=0
SELECT busy=5869
SELECT w0=5833
SELECT w1=3245
SELECT w2=3388
BUSY TASK ewma=997
DMA IRQ c0=0
DMA IRQ c1=1
DMA IRQ c2=0
DMA IRQ c3=0
SELECT busy=5887
SELECT w0=5850
SELECT w1=3253
SELECT w2=3397
BUSY TASK ewma=997
DMA IRQ c0=0
DMA IRQ c1=1
DMA IRQ c2=0
DMA IRQ c3=0
SELECT busy=5912
SELECT w0=5874
SELECT w1=3263
SELECT w2=3410
BUSY TASK ewma=997
DMA IRQ c0=0
DMA IRQ c1=1
DMA IRQ c2=0
DMA IRQ c3=0
SELECT busy=5947
SELECT w0=5909
SELECT w1=3278
SELECT w2=3430
BUSY TASK ewma=997
DMA IRQ c0=0
DMA IRQ c1=1
DMA IRQ c2=0
DMA IRQ c3=0
SELECT busy=5974
SELECT w0=5937
SELECT w1=3292
SELECT w2=3443
BUSY TASK ewma=997
DMA IRQ c0=0
DMA IRQ c1=1
DMA IRQ c2=0
DMA IRQ c3=0
SELECT busy=5992
SELECT w0=5955
SELECT w1=3306
SELECT w2=3457
BUSY TASK ewma=997
DMA IRQ c0=0
DMA IRQ c1=1
DMA IRQ c2=0
DMA IRQ c3=0
SELECT busy=6011
SELECT w0=5973
SELECT w1=3312
SELECT w2=3466
BUSY TASK ewma=997
DMA IRQ c0=0
DMA IRQ c1=1
DMA IRQ c2=0
DMA IRQ c3=0
SELECT busy=6046
SELECT w0=6009
SELECT w1=3324
SELECT w2=3481
BUSY TASK ewma=997
DMA IRQ c0=0
DMA IRQ c1=1
DMA IRQ c2=0
DMA IRQ c3=0
SELECT busy=6084
SELECT w0=6047
SELECT w1=3338
SELECT w2=3498
BUSY TASK ewma=997
DMA IRQ c0=0
DMA IRQ c1=1
DMA IRQ c2=0
DMA IRQ c3=0
SELECT busy=6115
SELECT w0=6077
SELECT w1=3350
SELECT w2=3515
BUSY TASK ewma=997
DMA IRQ c0=0
DMA IRQ c1=1
DMA IRQ c2=0
DMA IRQ c3=0
SELECT busy=6131
SELECT w0=6094
SELECT w1=3358
SELECT w2=3527
BUSY TASK ewma=997
IRQ counts: cpu0=12257 cpu1=13908 cpu2=13723 cpu3=13789
SCHED secondaries: calls=41445 unexpected=0
SECTEST switches=41415 cpu1=139892231,135397795 cpu2=112742755,110644163 cpu3=160621830,154761289
PINGPONG rounds=2000 pongs=2000
DMA IRQ c0=0
DMA IRQ c1=1
DMA IRQ c2=0
DMA IRQ c3=0
SELECT busy=6161
SELECT w0=6124
SELECT w1=3373
SELECT w2=3546
BUSY TASK ewma=997
DMA IRQ c0=0
DMA IRQ c1=1
DMA IRQ c2=0
DMA IRQ c3=0
SELECT busy=6179
SELECT w0=6142
SELECT w1=3382
SELECT w2=3557
BUSY TASK ewma=997
DMA IRQ c0=0
DMA IRQ c1=1
DMA IRQ c2=0
DMA IRQ c3=0
SELECT busy=6203
SELECT w0=6165
SELECT w1=3392
SELECT w2=3571
BUSY TASK ewma=997
DMA IRQ c0=0
DMA IRQ c1=1
DMA IRQ c2=0
DMA IRQ c3=0
SELECT busy=6252
SELECT w0=6217
SELECT w1=3416
SELECT w2=3602
BUSY TASK ewma=997
DMA IRQ c0=0
DMA IRQ c1=1
DMA IRQ c2=0
DMA IRQ c3=0
SELECT busy=6286
SELECT w0=6249
SELECT w1=3433
SELECT w2=3626
BUSY TASK ewma=997
DMA IRQ c0=0
DMA IRQ c1=1
DMA IRQ c2=0
DMA IRQ c3=0
SELECT busy=6305
SELECT w0=6268
SELECT w1=3443
SELECT w2=3636
BUSY TASK ewma=997
DMA IRQ c0=0
DMA IRQ c1=1
DMA IRQ c2=0
DMA IRQ c3=0
SELECT busy=6329
SELECT w0=6291
SELECT w1=3455
SELECT w2=3655
BUSY TASK ewma=997
DMA IRQ c0=0
DMA IRQ c1=1
DMA IRQ c2=0
DMA IRQ c3=0
SELECT busy=6350
SELECT w0=6313
SELECT w1=3464
SELECT w2=3668
BUSY TASK ewma=997
DMA IRQ c0=0
DMA IRQ c1=1
DMA IRQ c2=0
DMA IRQ c3=0
SELECT busy=6377
SELECT w0=6339
SELECT w1=3477
SELECT w2=3682
BUSY TASK ewma=997
DMA IRQ c0=0
DMA IRQ c1=1
DMA IRQ c2=0
DMA IRQ c3=0
SELECT busy=6394
SELECT w0=6356
SELECT w1=3484
SELECT w2=3690
BUSY TASK ewma=997
DMA IRQ c0=0
DMA IRQ c1=1
DMA IRQ c2=0
DMA IRQ c3=0
SELECT busy=6414
SELECT w0=6376
SELECT w1=3492
SELECT w2=3704
BUSY TASK ewma=997
DMA IRQ c0=0
DMA IRQ c1=1
DMA IRQ c2=0
DMA IRQ c3=0
SELECT busy=6429
SELECT w0=6392
SELECT w1=3498
SELECT w2=3713
BUSY TASK ewma=997
DMA IRQ c0=0
DMA IRQ c1=1
DMA IRQ c2=0
DMA IRQ c3=0
SELECT busy=6448
SELECT w0=6411
SELECT w1=3508
SELECT w2=3730
BUSY TASK ewma=997
DMA IRQ c0=0
DMA IRQ c1=1
DMA IRQ c2=0
DMA IRQ c3=0
SELECT busy=6472
SELECT w0=6435
SELECT w1=3520
SELECT w2=3744
BUSY TASK ewma=997
DMA IRQ c0=0
DMA IRQ c1=1
DMA IRQ c2=0
DMA IRQ c3=0
SELECT busy=6492
SELECT w0=6455
SELECT w1=3529
SELECT w2=3756
BUSY TASK ewma=997
DMA IRQ c0=0
DMA IRQ c1=1
DMA IRQ c2=0
DMA IRQ c3=0
SELECT busy=6515
SELECT w0=6479
SELECT w1=3541
SELECT w2=3769
BUSY TASK ewma=997
DMA IRQ c0=0
DMA IRQ c1=1
DMA IRQ c2=0
DMA IRQ c3=0
SELECT busy=6542
SELECT w0=6504
SELECT w1=3551
SELECT w2=3782
BUSY TASK ewma=997
DMA IRQ c0=0
DMA IRQ c1=1
DMA IRQ c2=0
DMA IRQ c3=0
SELECT busy=6562
SELECT w0=6525
SELECT w1=3563
SELECT w2=3798
BUSY TASK ewma=997
DMA IRQ c0=0
DMA IRQ c1=1
DMA IRQ c2=0
DMA IRQ c3=0
SELECT busy=6583
SELECT w0=6545
SELECT w1=3573
SELECT w2=3814
BUSY TASK ewma=997
DMA IRQ c0=0
DMA IRQ c1=1
DMA IRQ c2=0
DMA IRQ c3=0
SELECT busy=6603
SELECT w0=6565
SELECT w1=3585
SELECT w2=3828
BUSY TASK ewma=997
DMA IRQ c0=0
DMA IRQ c1=1
DMA IRQ c2=0
DMA IRQ c3=0
SELECT busy=6621
SELECT w0=6584
SELECT w1=3597
SELECT w2=3846
BUSY TASK ewma=997
DMA IRQ c0=0
DMA IRQ c1=1
DMA IRQ c2=0
DMA IRQ c3=0
SELECT busy=6639
SELECT w0=6602
SELECT w1=3606
SELECT w2=3855
BUSY TASK ewma=997
DMA IRQ c0=0
DMA IRQ c1=1
DMA IRQ c2=0
DMA IRQ c3=0
SELECT busy=6659
SELECT w0=6621
SELECT w1=3615
SELECT w2=3867
BUSY TASK ewma=997
DMA IRQ c0=0
DMA IRQ c1=1
DMA IRQ c2=0
DMA IRQ c3=0
SELECT busy=6682
SELECT w0=6645
SELECT w1=3629
SELECT w2=3883
BUSY TASK ewma=997
DMA IRQ c0=0
DMA IRQ c1=1
DMA IRQ c2=0
DMA IRQ c3=0
SELECT busy=6702
SELECT w0=6665
SELECT w1=3636
SELECT w2=3894
BUSY TASK ewma=997
DMA IRQ c0=0
DMA IRQ c1=1
DMA IRQ c2=0
DMA IRQ c3=0
SELECT busy=6725
SELECT w0=6688
SELECT w1=3647
SELECT w2=3906
BUSY TASK ewma=997
DMA IRQ c0=0
DMA IRQ c1=1
DMA IRQ c2=0
DMA IRQ c3=0
SELECT busy=6744
SELECT w0=6707
SELECT w1=3654
SELECT w2=3916
BUSY TASK ewma=997
DMA IRQ c0=0
DMA IRQ c1=1
DMA IRQ c2=0
DMA IRQ c3=0
SELECT busy=6763
SELECT w0=6725
SELECT w1=3660
SELECT w2=3922
BUSY TASK ewma=997
DMA IRQ c0=0
DMA IRQ c1=1
DMA IRQ c2=0
DMA IRQ c3=0
SELECT busy=6782
SELECT w0=6744
SELECT w1=3669
SELECT w2=3932
BUSY TASK ewma=997
DMA IRQ c0=0
DMA IRQ c1=1
DMA IRQ c2=0
DMA IRQ c3=0
SELECT busy=6800
SELECT w0=6762
SELECT w1=3677
SELECT w2=3943
BUSY TASK ewma=997
DMA IRQ c0=0
DMA IRQ c1=1
DMA IRQ c2=0
DMA IRQ c3=0
SELECT busy=6820
SELECT w0=6783
SELECT w1=3686
SELECT w2=3957
BUSY TASK ewma=997
DMA IRQ c0=0
DMA IRQ c1=1
DMA IRQ c2=0
DMA IRQ c3=0
SELECT busy=6837
SELECT w0=6800
SELECT w1=3697
SELECT w2=3966
BUSY TASK ewma=997
DMA IRQ c0=0
DMA IRQ c1=1
DMA IRQ c2=0
DMA IRQ c3=0
SELECT busy=6861
SELECT w0=6823
SELECT w1=3709
SELECT w2=3979
BUSY TASK ewma=997
DMA IRQ c0=0
DMA IRQ c1=1
DMA IRQ c2=0
DMA IRQ c3=0
SELECT busy=6881
SELECT w0=6844
SELECT w1=3719
SELECT w2=3990
BUSY TASK ewma=997
DMA IRQ c0=0
DMA IRQ c1=1
DMA IRQ c2=0
DMA IRQ c3=0
SELECT busy=6906
SELECT w0=6869
SELECT w1=3733
SELECT w2=4006
BUSY TASK ewma=997
DMA IRQ c0=0
DMA IRQ c1=1
DMA IRQ c2=0
DMA IRQ c3=0
SELECT busy=6943
SELECT w0=6906
SELECT w1=3748
SELECT w2=4026
BUSY TASK ewma=997
DMA IRQ c0=0
DMA IRQ c1=1
DMA IRQ c2=0
DMA IRQ c3=0
SELECT busy=6979
SELECT w0=6942
SELECT w1=3764
SELECT w2=4049
BUSY TASK ewma=997
DMA IRQ c0=0
DMA IRQ c1=1
DMA IRQ c2=0
DMA IRQ c3=0
SELECT busy=7001
SELECT w0=6963
SELECT w1=3774
SELECT w2=4062
BUSY TASK ewma=997
DMA IRQ c0=0
DMA IRQ c1=1
DMA IRQ c2=0
DMA IRQ c3=0
SELECT busy=7023
SELECT w0=6986
SELECT w1=3786
SELECT w2=4078
BUSY TASK ewma=997
DMA IRQ c0=0
DMA IRQ c1=1
DMA IRQ c2=0
DMA IRQ c3=0
SELECT busy=7045
SELECT w0=7008
SELECT w1=3796
SELECT w2=4091
BUSY TASK ewma=997
DMA IRQ c0=0
DMA IRQ c1=1
DMA IRQ c2=0
DMA IRQ c3=0
SELECT busy=7063
SELECT w0=7025
SELECT w1=3803
SELECT w2=4100
BUSY TASK ewma=997
DMA IRQ c0=0
DMA IRQ c1=1
DMA IRQ c2=0
DMA IRQ c3=0
SELECT busy=7084
SELECT w0=7047
SELECT w1=3817
SELECT w2=4114
BUSY TASK ewma=997
DMA IRQ c0=0
DMA IRQ c1=1
DMA IRQ c2=0
DMA IRQ c3=0
SELECT busy=7112
SELECT w0=7075
SELECT w1=3831
SELECT w2=4132
BUSY TASK ewma=997
DMA IRQ c0=0
DMA IRQ c1=1
DMA IRQ c2=0
DMA IRQ c3=0
SELECT busy=7139
SELECT w0=7101
SELECT w1=3841
SELECT w2=4145
BUSY TASK ewma=997
DMA IRQ c0=0
DMA IRQ c1=1
DMA IRQ c2=0
DMA IRQ c3=0
SELECT busy=7157
SELECT w0=7121
SELECT w1=3853
SELECT w2=4159
BUSY TASK ewma=997
DMA IRQ c0=0
DMA IRQ c1=1
DMA IRQ c2=0
DMA IRQ c3=0
SELECT busy=7182
SELECT w0=7145
SELECT w1=3867
SELECT w2=4178
BUSY TASK ewma=997
DMA IRQ c0=0
DMA IRQ c1=1
DMA IRQ c2=0
DMA IRQ c3=0
SELECT busy=7204
SELECT w0=7168
SELECT w1=3877
SELECT w2=4193
BUSY TASK ewma=997
DMA IRQ c0=0
DMA IRQ c1=1
DMA IRQ c2=0
DMA IRQ c3=0
SELECT busy=7230
SELECT w0=7192
SELECT w1=3890
SELECT w2=4206
BUSY TASK ewma=997
DMA IRQ c0=0
DMA IRQ c1=1
DMA IRQ c2=0
DMA IRQ c3=0
SELECT busy=7241
SELECT w0=7204
SELECT w1=3896
SELECT w2=4212
BUSY TASK ewma=997
DMA IRQ c0=0
DMA IRQ c1=1
DMA IRQ c2=0
DMA IRQ c3=0
SELECT busy=7266
SELECT w0=7229
SELECT w1=3910
SELECT w2=4232
BUSY TASK ewma=997
DMA IRQ c0=0
DMA IRQ c1=1
DMA IRQ c2=0
DMA IRQ c3=0
SELECT busy=7291
SELECT w0=7253
SELECT w1=3921
SELECT w2=4245
BUSY TASK ewma=997
DMA IRQ c0=0
DMA IRQ c1=1
DMA IRQ c2=0
DMA IRQ c3=0
SELECT busy=7308
SELECT w0=7271
SELECT w1=3929
SELECT w2=4257
BUSY TASK ewma=997
DMA IRQ c0=0
DMA IRQ c1=1
DMA IRQ c2=0
DMA IRQ c3=0
SELECT busy=7329
SELECT w0=7291
SELECT w1=3940
SELECT w2=4270
BUSY TASK ewma=997
DMA IRQ c0=0
DMA IRQ c1=1
DMA IRQ c2=0
DMA IRQ c3=0
SELECT busy=7352
SELECT w0=7315
SELECT w1=3950
SELECT w2=4283
BUSY TASK ewma=997
DMA IRQ c0=0
DMA IRQ c1=1
DMA IRQ c2=0
DMA IRQ c3=0
SELECT busy=7377
SELECT w0=7339
SELECT w1=3960
SELECT w2=4296
BUSY TASK ewma=997
DMA IRQ c0=0
DMA IRQ c1=1
DMA IRQ c2=0
DMA IRQ c3=0
SELECT busy=7395
SELECT w0=7358
SELECT w1=3971
SELECT w2=4310
BUSY TASK ewma=997
DMA IRQ c0=0
DMA IRQ c1=1
DMA IRQ c2=0
DMA IRQ c3=0
SELECT busy=7417
SELECT w0=7380
SELECT w1=3987
SELECT w2=4328
BUSY TASK ewma=997
DMA IRQ c0=0
DMA IRQ c1=1
DMA IRQ c2=0
DMA IRQ c3=0
SELECT busy=7449
SELECT w0=7411
SELECT w1=4006
SELECT w2=4347
BUSY TASK ewma=997
DMA IRQ c0=0
DMA IRQ c1=1
DMA IRQ c2=0
DMA IRQ c3=0
SELECT busy=7469
SELECT w0=7432
SELECT w1=4019
SELECT w2=4363
BUSY TASK ewma=997
DMA IRQ c0=0
DMA IRQ c1=1
DMA IRQ c2=0
DMA IRQ c3=0
SELECT busy=7494
SELECT w0=7457
SELECT w1=4029
SELECT w2=4378
BUSY TASK ewma=997
DMA IRQ c0=0
DMA IRQ c1=1
DMA IRQ c2=0
DMA IRQ c3=0
SELECT busy=7513
SELECT w0=7476
SELECT w1=4038
SELECT w2=4387
BUSY TASK ewma=997
DMA IRQ c0=0
DMA IRQ c1=1
DMA IRQ c2=0
DMA IRQ c3=0
SELECT busy=7533
SELECT w0=7495
SELECT w1=4047
SELECT w2=4398
BUSY TASK ewma=997
DMA IRQ c0=0
DMA IRQ c1=1
DMA IRQ c2=0
DMA IRQ c3=0
SELECT busy=7552
SELECT w0=7515
SELECT w1=4054
SELECT w2=4406
BUSY TASK ewma=997
DMA IRQ c0=0
DMA IRQ c1=1
DMA IRQ c2=0
DMA IRQ c3=0
SELECT busy=7569
SELECT w0=7531
SELECT w1=4062
SELECT w2=4415
BUSY TASK ewma=997
IRQ counts: cpu0=15131 cpu1=17422 cpu2=17264 cpu3=17275
SCHED secondaries: calls=51962 unexpected=0
SECTEST switches=51930 cpu1=175929527,169534167 cpu2=146621679,145145898 cpu3=205086614,198320636
PINGPONG rounds=2000 pongs=2000
DMA IRQ c0=0
DMA IRQ c1=1
DMA IRQ c2=0
DMA IRQ c3=0
SELECT busy=7591
SELECT w0=7553
SELECT w1=4071
SELECT w2=4428
BUSY TASK ewma=997
DMA IRQ c0=0
DMA IRQ c1=1
DMA IRQ c2=0
DMA IRQ c3=0
SELECT busy=7608
SELECT w0=7571
SELECT w1=4078
SELECT w2=4436
BUSY TASK ewma=997
DMA IRQ c0=0
DMA IRQ c1=1
DMA IRQ c2=0
DMA IRQ c3=0
SELECT busy=7629
SELECT w0=7591
SELECT w1=4088
SELECT w2=4447
BUSY TASK ewma=997
DMA IRQ c0=0
DMA IRQ c1=1
DMA IRQ c2=0
DMA IRQ c3=0
SELECT busy=7644
SELECT w0=7607
SELECT w1=4095
SELECT w2=4455
BUSY TASK ewma=997
DMA IRQ c0=0
DMA IRQ c1=1
DMA IRQ c2=0
DMA IRQ c3=0
SELECT busy=7660
SELECT w0=7622
SELECT w1=4102
SELECT w2=4464
BUSY TASK ewma=997
DMA IRQ c0=0
DMA IRQ c1=1
DMA IRQ c2=0
DMA IRQ c3=0
SELECT busy=7682
SELECT w0=7644
SELECT w1=4113
SELECT w2=4476
BUSY TASK ewma=997
DMA IRQ c0=0
DMA IRQ c1=1
DMA IRQ c2=0
DMA IRQ c3=0
SELECT busy=7712
SELECT w0=7675
SELECT w1=4129
SELECT w2=4495
BUSY TASK ewma=997
DMA IRQ c0=0
DMA IRQ c1=1
DMA IRQ c2=0
DMA IRQ c3=0
SELECT busy=7762
SELECT w0=7726
SELECT w1=4150
SELECT w2=4520
BUSY TASK ewma=997
DMA IRQ c0=0
DMA IRQ c1=1
DMA IRQ c2=0
DMA IRQ c3=0
SELECT busy=7793
SELECT w0=7756
SELECT w1=4163
SELECT w2=4534
BUSY TASK ewma=997
DMA IRQ c0=0
DMA IRQ c1=1
DMA IRQ c2=0
DMA IRQ c3=0
SELECT busy=7829
SELECT w0=7792
SELECT w1=4182
SELECT w2=4556
BUSY TASK ewma=997
DMA IRQ c0=0
DMA IRQ c1=1
DMA IRQ c2=0
DMA IRQ c3=0
SELECT busy=7867
SELECT w0=7833
SELECT w1=4196
SELECT w2=4575
BUSY TASK ewma=997
DMA IRQ c0=0
DMA IRQ c1=1
DMA IRQ c2=0
DMA IRQ c3=0
SELECT busy=7905
SELECT w0=7868
SELECT w1=4212
SELECT w2=4594
BUSY TASK ewma=997
DMA IRQ c0=0
DMA IRQ c1=1
DMA IRQ c2=0
DMA IRQ c3=0
SELECT busy=7939
SELECT w0=7902
SELECT w1=4224
SELECT w2=4609
BUSY TASK ewma=997
DMA IRQ c0=0
DMA IRQ c1=1
DMA IRQ c2=0
DMA IRQ c3=0
SELECT busy=7969
SELECT w0=7933
SELECT w1=4238
SELECT w2=4626
BUSY TASK ewma=997
DMA IRQ c0=0
DMA IRQ c1=1
DMA IRQ c2=0
DMA IRQ c3=0
SELECT busy=8009
SELECT w0=7971
SELECT w1=4253
SELECT w2=4647
BUSY TASK ewma=997
DMA IRQ c0=0
DMA IRQ c1=1
DMA IRQ c2=0
DMA IRQ c3=0
SELECT busy=8045
SELECT w0=8007
SELECT w1=4269
SELECT w2=4667
BUSY TASK ewma=997
DMA IRQ c0=0
DMA IRQ c1=1
DMA IRQ c2=0
DMA IRQ c3=0
SELECT busy=8076
SELECT w0=8038
SELECT w1=4282
SELECT w2=4682
BUSY TASK ewma=997
DMA IRQ c0=0
DMA IRQ c1=1
DMA IRQ c2=0
DMA IRQ c3=0
SELECT busy=8121
SELECT w0=8086
SELECT w1=4304
SELECT w2=4708
BUSY TASK ewma=997
DMA IRQ c0=0
DMA IRQ c1=1
DMA IRQ c2=0
DMA IRQ c3=0
SELECT busy=8141
SELECT w0=8104
SELECT w1=4317
SELECT w2=4720
BUSY TASK ewma=997
DMA IRQ c0=0
DMA IRQ c1=1
DMA IRQ c2=0
DMA IRQ c3=0
SELECT busy=8163
SELECT w0=8126
SELECT w1=4331
SELECT w2=4731
BUSY TASK ewma=997
DMA IRQ c0=0
DMA IRQ c1=1
DMA IRQ c2=0
DMA IRQ c3=0
SELECT busy=8183
SELECT w0=8148
SELECT w1=4343
SELECT w2=4745
BUSY TASK ewma=997
DMA IRQ c0=0
DMA IRQ c1=1
DMA IRQ c2=0
DMA IRQ c3=0
SELECT busy=8206
SELECT w0=8169
SELECT w1=4353
SELECT w2=4754
BUSY TASK ewma=997
DMA IRQ c0=0
DMA IRQ c1=1
DMA IRQ c2=0
DMA IRQ c3=0
SELECT busy=8243
SELECT w0=8205
SELECT w1=4371
SELECT w2=4774
BUSY TASK ewma=997
DMA IRQ c0=0
DMA IRQ c1=1
DMA IRQ c2=0
DMA IRQ c3=0
SELECT busy=8276
SELECT w0=8239
SELECT w1=4386
SELECT w2=4794
BUSY TASK ewma=997
DMA IRQ c0=0
DMA IRQ c1=1
DMA IRQ c2=0
DMA IRQ c3=0
SELECT busy=8314
SELECT w0=8277
SELECT w1=4401
SELECT w2=4813
BUSY TASK ewma=997
DMA IRQ c0=0
DMA IRQ c1=1
DMA IRQ c2=0
DMA IRQ c3=0
SELECT busy=8351
SELECT w0=8314
SELECT w1=4414
SELECT w2=4830
BUSY TASK ewma=997
DMA IRQ c0=0
DMA IRQ c1=1
DMA IRQ c2=0
DMA IRQ c3=0
SELECT busy=8385
SELECT w0=8348
SELECT w1=4427
SELECT w2=4850
BUSY TASK ewma=997
DMA IRQ c0=0
DMA IRQ c1=1
DMA IRQ c2=0
DMA IRQ c3=0
SELECT busy=8423
SELECT w0=8386
SELECT w1=4441
SELECT w2=4867
BUSY TASK ewma=997
DMA IRQ c0=0
DMA IRQ c1=1
DMA IRQ c2=0
DMA IRQ c3=0
SELECT busy=8464
SELECT w0=8426
SELECT w1=4459
SELECT w2=4889
BUSY TASK ewma=997
DMA IRQ c0=0
DMA IRQ c1=1
DMA IRQ c2=0
DMA IRQ c3=0
SELECT busy=8506
SELECT w0=8469
SELECT w1=4474
SELECT w2=4910
BUSY TASK ewma=997
DMA IRQ c0=0
DMA IRQ c1=1
DMA IRQ c2=0
DMA IRQ c3=0
SELECT busy=8540
SELECT w0=8502
SELECT w1=4489
SELECT w2=4929
BUSY TASK ewma=997
DMA IRQ c0=0
DMA IRQ c1=1
DMA IRQ c2=0
DMA IRQ c3=0
SELECT busy=8570
SELECT w0=8532
SELECT w1=4504
SELECT w2=4947
BUSY TASK ewma=997
DMA IRQ c0=0
DMA IRQ c1=1
DMA IRQ c2=0
DMA IRQ c3=0
SELECT busy=8606
SELECT w0=8569
SELECT w1=4523
SELECT w2=4975
BUSY TASK ewma=997
DMA IRQ c0=0
DMA IRQ c1=1
DMA IRQ c2=0
DMA IRQ c3=0
SELECT busy=8638
SELECT w0=8600
SELECT w1=4536
SELECT w2=4993
BUSY TASK ewma=997
DMA IRQ c0=0
DMA IRQ c1=1
DMA IRQ c2=0
DMA IRQ c3=0
SELECT busy=8670
SELECT w0=8632
SELECT w1=4551
SELECT w2=5009
BUSY TASK ewma=997
DMA IRQ c0=0
DMA IRQ c1=1
DMA IRQ c2=0
DMA IRQ c3=0
SELECT busy=8701
SELECT w0=8664
SELECT w1=4563
SELECT w2=5025
BUSY TASK ewma=997
DMA IRQ c0=0
DMA IRQ c1=1
DMA IRQ c2=0
DMA IRQ c3=0
SELECT busy=8737
SELECT w0=8700
SELECT w1=4579
SELECT w2=5049
BUSY TASK ewma=997
DMA IRQ c0=0
DMA IRQ c1=1
DMA IRQ c2=0
DMA IRQ c3=0
SELECT busy=8762
SELECT w0=8725
SELECT w1=4588
SELECT w2=5060
BUSY TASK ewma=997
DMA IRQ c0=0
DMA IRQ c1=1
DMA IRQ c2=0
DMA IRQ c3=0
SELECT busy=8781
SELECT w0=8743
SELECT w1=4595
SELECT w2=5070
BUSY TASK ewma=997
DMA IRQ c0=0
DMA IRQ c1=1
DMA IRQ c2=0
DMA IRQ c3=0
SELECT busy=8800
SELECT w0=8763
SELECT w1=4606
SELECT w2=5085
BUSY TASK ewma=997
DMA IRQ c0=0
DMA IRQ c1=1
DMA IRQ c2=0
DMA IRQ c3=0
SELECT busy=8821
SELECT w0=8785
SELECT w1=4615
SELECT w2=5095
BUSY TASK ewma=997
DMA IRQ c0=0
DMA IRQ c1=1
DMA IRQ c2=0
DMA IRQ c3=0
SELECT busy=8842
SELECT w0=8805
SELECT w1=4624
SELECT w2=5107
BUSY TASK ewma=997
DMA IRQ c0=0
DMA IRQ c1=1
DMA IRQ c2=0
DMA IRQ c3=0
SELECT busy=8859
SELECT w0=8821
SELECT w1=4631
SELECT w2=5117
BUSY TASK ewma=997
DMA IRQ c0=0
DMA IRQ c1=1
DMA IRQ c2=0
DMA IRQ c3=0
SELECT busy=8882
SELECT w0=8844
SELECT w1=4642
SELECT w2=5130
BUSY TASK ewma=997
DMA IRQ c0=0
DMA IRQ c1=1
DMA IRQ c2=0
DMA IRQ c3=0
SELECT busy=8901
SELECT w0=8863
SELECT w1=4653
SELECT w2=5146
BUSY TASK ewma=997
DMA IRQ c0=0
DMA IRQ c1=1
DMA IRQ c2=0
DMA IRQ c3=0
SELECT busy=8920
SELECT w0=8882
SELECT w1=4663
SELECT w2=5159
BUSY TASK ewma=997
DMA IRQ c0=0
DMA IRQ c1=1
DMA IRQ c2=0
DMA IRQ c3=0
SELECT busy=8943
SELECT w0=8906
SELECT w1=4676
SELECT w2=5175
BUSY TASK ewma=997
DMA IRQ c0=0
DMA IRQ c1=1
DMA IRQ c2=0
DMA IRQ c3=0
SELECT busy=8964
SELECT w0=8926
SELECT w1=4684
SELECT w2=5185
BUSY TASK ewma=997
DMA IRQ c0=0
DMA IRQ c1=1
DMA IRQ c2=0
DMA IRQ c3=0
SELECT busy=8977
SELECT w0=8939
SELECT w1=4690
SELECT w2=5194
BUSY TASK ewma=997
DMA IRQ c0=0
DMA IRQ c1=1
DMA IRQ c2=0
DMA IRQ c3=0
SELECT busy=8998
SELECT w0=8962
SELECT w1=4699
SELECT w2=5206
BUSY TASK ewma=997
DMA IRQ c0=0
DMA IRQ c1=1
DMA IRQ c2=0
DMA IRQ c3=0
SELECT busy=9028
SELECT w0=8990
SELECT w1=4711
SELECT w2=5220
BUSY TASK ewma=997
DMA IRQ c0=0
DMA IRQ c1=1
DMA IRQ c2=0
DMA IRQ c3=0
SELECT busy=9047
SELECT w0=9010
SELECT w1=4720
SELECT w2=5231
BUSY TASK ewma=997
DMA IRQ c0=0
DMA IRQ c1=1
DMA IRQ c2=0
DMA IRQ c3=0
SELECT busy=9067
SELECT w0=9030
SELECT w1=4730
SELECT w2=5244
BUSY TASK ewma=997
DMA IRQ c0=0
DMA IRQ c1=1
DMA IRQ c2=0
DMA IRQ c3=0
SELECT busy=9097
SELECT w0=9059
SELECT w1=4743
SELECT w2=5262
BUSY TASK ewma=997
DMA IRQ c0=0
DMA IRQ c1=1
DMA IRQ c2=0
DMA IRQ c3=0
SELECT busy=9123
SELECT w0=9086
SELECT w1=4758
SELECT w2=5281
BUSY TASK ewma=997
DMA IRQ c0=0
DMA IRQ c1=1
DMA IRQ c2=0
DMA IRQ c3=0
SELECT busy=9136
SELECT w0=9099
SELECT w1=4763
SELECT w2=5288
BUSY TASK ewma=997
DMA IRQ c0=0
DMA IRQ c1=1
DMA IRQ c2=0
DMA IRQ c3=0
SELECT busy=9155
SELECT w0=9117
SELECT w1=4768
SELECT w2=5294
BUSY TASK ewma=997
DMA IRQ c0=0
DMA IRQ c1=1
DMA IRQ c2=0
DMA IRQ c3=0
SELECT busy=9175
SELECT w0=9137
SELECT w1=4774
SELECT w2=5303
BUSY TASK ewma=997
DMA IRQ c0=0
DMA IRQ c1=1
DMA IRQ c2=0
DMA IRQ c3=0
SELECT busy=9192
SELECT w0=9154
SELECT w1=4781
SELECT w2=5314
BUSY TASK ewma=997
DMA IRQ c0=0
DMA IRQ c1=1
DMA IRQ c2=0
DMA IRQ c3=0
SELECT busy=9208
SELECT w0=9170
SELECT w1=4789
SELECT w2=5323
BUSY TASK ewma=997
DMA IRQ c0=0
DMA IRQ c1=1
DMA IRQ c2=0
DMA IRQ c3=0
SELECT busy=9226
SELECT w0=9188
SELECT w1=4796
SELECT w2=5331
BUSY TASK ewma=997
DMA IRQ c0=0
DMA IRQ c1=1
DMA IRQ c2=0
DMA IRQ c3=0
SELECT busy=9243
SELECT w0=9205
SELECT w1=4803
SELECT w2=5338
BUSY TASK ewma=997
DMA IRQ c0=0
DMA IRQ c1=1
DMA IRQ c2=0
DMA IRQ c3=0
SELECT busy=9262
SELECT w0=9225
SELECT w1=4810
SELECT w2=5346
BUSY TASK ewma=997
DMA IRQ c0=0
DMA IRQ c1=1
DMA IRQ c2=0
DMA IRQ c3=0
SELECT busy=9283
SELECT w0=9245
SELECT w1=4817
SELECT w2=5355
BUSY TASK ewma=997
IRQ counts: cpu0=18569 cpu1=21203 cpu2=21027 cpu3=21148
SCHED secondaries: calls=63386 unexpected=0
SECTEST switches=63372 cpu1=202833139,196949785 cpu2=172308854,171460387 cpu3=245006495,235207011
PINGPONG rounds=2000 pongs=2000
DMA IRQ c0=0
DMA IRQ c1=1
DMA IRQ c2=0
DMA IRQ c3=0
SELECT busy=9316
SELECT w0=9278
SELECT w1=4832
SELECT w2=5375
BUSY TASK ewma=997
DMA IRQ c0=0
DMA IRQ c1=1
DMA IRQ c2=0
DMA IRQ c3=0
SELECT busy=9337
SELECT w0=9299
SELECT w1=4840
SELECT w2=5388
BUSY TASK ewma=997
DMA IRQ c0=0
DMA IRQ c1=1
DMA IRQ c2=0
DMA IRQ c3=0
SELECT busy=9361
SELECT w0=9323
SELECT w1=4849
SELECT w2=5402
BUSY TASK ewma=997
DMA IRQ c0=0
DMA IRQ c1=1
DMA IRQ c2=0
DMA IRQ c3=0
SELECT busy=9404
SELECT w0=9368
SELECT w1=4867
SELECT w2=5425
BUSY TASK ewma=997
DMA IRQ c0=0
DMA IRQ c1=1
DMA IRQ c2=0
DMA IRQ c3=0
SELECT busy=9449
SELECT w0=9413
SELECT w1=4885
SELECT w2=5450
BUSY TASK ewma=997
DMA IRQ c0=0
DMA IRQ c1=1
DMA IRQ c2=0
DMA IRQ c3=0
SELECT busy=9484
SELECT w0=9446
SELECT w1=4898
SELECT w2=5467
BUSY TASK ewma=997
DMA IRQ c0=0
DMA IRQ c1=1
DMA IRQ c2=0
DMA IRQ c3=0
SELECT busy=9521
SELECT w0=9486
SELECT w1=4915
SELECT w2=5487
BUSY TASK ewma=997
DMA IRQ c0=0
DMA IRQ c1=1
DMA IRQ c2=0
DMA IRQ c3=0
SELECT busy=9562
SELECT w0=9525
SELECT w1=4932
SELECT w2=5511
BUSY TASK ewma=997
DMA IRQ c0=0
DMA IRQ c1=1
DMA IRQ c2=0
DMA IRQ c3=0
SELECT busy=9586
SELECT w0=9549
SELECT w1=4945
SELECT w2=5526
BUSY TASK ewma=997
DMA IRQ c0=0
DMA IRQ c1=1
DMA IRQ c2=0
DMA IRQ c3=0
SELECT busy=9621
SELECT w0=9584
SELECT w1=4959
SELECT w2=5544
BUSY TASK ewma=997
DMA IRQ c0=0
DMA IRQ c1=1
DMA IRQ c2=0
DMA IRQ c3=0
SELECT busy=9653
SELECT w0=9616
SELECT w1=4974
SELECT w2=5566
BUSY TASK ewma=997
DMA IRQ c0=0
DMA IRQ c1=1
DMA IRQ c2=0
DMA IRQ c3=0
SELECT busy=9683
SELECT w0=9645
SELECT w1=4988
SELECT w2=5583
BUSY TASK ewma=997
DMA IRQ c0=0
DMA IRQ c1=1
DMA IRQ c2=0
DMA IRQ c3=0
SELECT busy=9706
SELECT w0=9668
SELECT w1=5001
SELECT w2=5597
BUSY TASK ewma=997
DMA IRQ c0=0
DMA IRQ c1=1
DMA IRQ c2=0
DMA IRQ c3=0
SELECT busy=9726
SELECT w0=9689
SELECT w1=5010
SELECT w2=5613
BUSY TASK ewma=997
DMA IRQ c0=0
DMA IRQ c1=1
DMA IRQ c2=0
DMA IRQ c3=0
SELECT busy=9744
SELECT w0=9707
SELECT w1=5018
SELECT w2=5622
BUSY TASK ewma=997
DMA IRQ c0=0
DMA IRQ c1=1
DMA IRQ c2=0
DMA IRQ c3=0
SELECT busy=9762
SELECT w0=9725
SELECT w1=5027
SELECT w2=5636
BUSY TASK ewma=997
DMA IRQ c0=0
DMA IRQ c1=1
DMA IRQ c2=0
DMA IRQ c3=0
SELECT busy=9781
SELECT w0=9743
SELECT w1=5036
SELECT w2=5646
BUSY TASK ewma=997
DMA IRQ c0=0
DMA IRQ c1=1
DMA IRQ c2=0
DMA IRQ c3=0
SELECT busy=9800
SELECT w0=9763
SELECT w1=5044
SELECT w2=5657
BUSY TASK ewma=997
DMA IRQ c0=0
DMA IRQ c1=1
DMA IRQ c2=0
DMA IRQ c3=0
SELECT busy=9819
SELECT w0=9781
SELECT w1=5051
SELECT w2=5665
BUSY TASK ewma=997
DMA IRQ c0=0
DMA IRQ c1=1
DMA IRQ c2=0
DMA IRQ c3=0
SELECT busy=9839
SELECT w0=9801
SELECT w1=5063
SELECT w2=5677
BUSY TASK ewma=997
DMA IRQ c0=0
DMA IRQ c1=1
DMA IRQ c2=0
DMA IRQ c3=0
SELECT busy=9867
SELECT w0=9829
SELECT w1=5075
SELECT w2=5691
BUSY TASK ewma=997
DMA IRQ c0=0
DMA IRQ c1=1
DMA IRQ c2=0
DMA IRQ c3=0
SELECT busy=9897
SELECT w0=9860
SELECT w1=5094
SELECT w2=5712
BUSY TASK ewma=997
DMA IRQ c0=0
DMA IRQ c1=1
DMA IRQ c2=0
DMA IRQ c3=0
SELECT busy=9922
SELECT w0=9886
SELECT w1=5105
SELECT w2=5724
BUSY TASK ewma=997
DMA IRQ c0=0
DMA IRQ c1=1
DMA IRQ c2=0
DMA IRQ c3=0
SELECT busy=9958
SELECT w0=9920
SELECT w1=5120
SELECT w2=5741
BUSY TASK ewma=997
DMA IRQ c0=0
DMA IRQ c1=1
DMA IRQ c2=0
DMA IRQ c3=0
SELECT busy=9995
SELECT w0=9957
SELECT w1=5135
SELECT w2=5764
BUSY TASK ewma=997
DMA IRQ c0=0
DMA IRQ c1=1
DMA IRQ c2=0
DMA IRQ c3=0
SELECT busy=10034
SELECT w0=9997
SELECT w1=5155
SELECT w2=5788
BUSY TASK ewma=997
DMA IRQ c0=0
DMA IRQ c1=1
DMA IRQ c2=0
DMA IRQ c3=0
SELECT busy=10069
SELECT w0=10033
SELECT w1=5173
SELECT w2=5810
BUSY TASK ewma=997
DMA IRQ c0=0
DMA IRQ c1=1
DMA IRQ c2=0
DMA IRQ c3=0
SELECT busy=10103
SELECT w0=10065
SELECT w1=5188
SELECT w2=5828
BUSY TASK ewma=997
DMA IRQ c0=0
DMA IRQ c1=1
DMA IRQ c2=0
DMA IRQ c3=0
SELECT busy=10136
SELECT w0=10098
SELECT w1=5200
SELECT w2=5844
BUSY TASK ewma=997
DMA IRQ c0=0
DMA IRQ c1=1
DMA IRQ c2=0
DMA IRQ c3=0
SELECT busy=10176
SELECT w0=10138
SELECT w1=5215
SELECT w2=5866
BUSY TASK ewma=997
DMA IRQ c0=0
DMA IRQ c1=1
DMA IRQ c2=0
DMA IRQ c3=0
SELECT busy=10217
SELECT w0=10180
SELECT w1=5235
SELECT w2=5891
BUSY TASK ewma=997
DMA IRQ c0=0
DMA IRQ c1=1
DMA IRQ c2=0
DMA IRQ c3=0
SELECT busy=10258
SELECT w0=10221
SELECT w1=5251
SELECT w2=5917
BUSY TASK ewma=997
DMA IRQ c0=0
DMA IRQ c1=1
DMA IRQ c2=0
DMA IRQ c3=0
SELECT busy=10281
SELECT w0=10243
SELECT w1=5259
SELECT w2=5927
BUSY TASK ewma=997
DMA IRQ c0=0
DMA IRQ c1=1
DMA IRQ c2=0
DMA IRQ c3=0
SELECT busy=10301
SELECT w0=10263
SELECT w1=5270
SELECT w2=5939
BUSY TASK ewma=997
DMA IRQ c0=0
DMA IRQ c1=1
DMA IRQ c2=0
DMA IRQ c3=0
SELECT busy=10318
SELECT w0=10282
SELECT w1=5282
SELECT w2=5954
BUSY TASK ewma=997
DMA IRQ c0=0
DMA IRQ c1=1
DMA IRQ c2=0
DMA IRQ c3=0
SELECT busy=10341
SELECT w0=10303
SELECT w1=5290
SELECT w2=5961
BUSY TASK ewma=997
DMA IRQ c0=0
DMA IRQ c1=1
DMA IRQ c2=0
DMA IRQ c3=0
SELECT busy=10358
SELECT w0=10321
SELECT w1=5299
SELECT w2=5971
BUSY TASK ewma=997
DMA IRQ c0=0
DMA IRQ c1=1
DMA IRQ c2=0
DMA IRQ c3=0
SELECT busy=10380
SELECT w0=10342
SELECT w1=5307
SELECT w2=5980
BUSY TASK ewma=997
DMA IRQ c0=0
DMA IRQ c1=1
DMA IRQ c2=0
DMA IRQ c3=0
SELECT busy=10398
SELECT w0=10360
SELECT w1=5314
SELECT w2=5989
BUSY TASK ewma=997
DMA IRQ c0=0
DMA IRQ c1=1
DMA IRQ c2=0
DMA IRQ c3=0
SELECT busy=10414
SELECT w0=10377
SELECT w1=5321
SELECT w2=5997
BUSY TASK ewma=997
DMA IRQ c0=0
DMA IRQ c1=1
DMA IRQ c2=0
DMA IRQ c3=0
SELECT busy=10429
SELECT w0=10392
SELECT w1=5327
SELECT w2=6008
BUSY TASK ewma=997
DMA IRQ c0=0
DMA IRQ c1=1
DMA IRQ c2=0
DMA IRQ c3=0
SELECT busy=10453
SELECT w0=10416
SELECT w1=5340
SELECT w2=6025
BUSY TASK ewma=997
DMA IRQ c0=0
DMA IRQ c1=1
DMA IRQ c2=0
DMA IRQ c3=0
SELECT busy=10477
SELECT w0=10440
SELECT w1=5350
SELECT w2=6039
BUSY TASK ewma=997
DMA IRQ c0=0
DMA IRQ c1=1
DMA IRQ c2=0
DMA IRQ c3=0
SELECT busy=10498
SELECT w0=10460
SELECT w1=5358
SELECT w2=6051
BUSY TASK ewma=997
DMA IRQ c0=0
DMA IRQ c1=1
DMA IRQ c2=0
DMA IRQ c3=0
SELECT busy=10516
SELECT w0=10479
SELECT w1=5366
SELECT w2=6062
BUSY TASK ewma=997
DMA IRQ c0=0
DMA IRQ c1=1
DMA IRQ c2=0
DMA IRQ c3=0
SELECT busy=10534
SELECT w0=10496
SELECT w1=5371
SELECT w2=6070
BUSY TASK ewma=997
DMA IRQ c0=0
DMA IRQ c1=1
DMA IRQ c2=0
DMA IRQ c3=0
SELECT busy=10552
SELECT w0=10514
SELECT w1=5377
SELECT w2=6077
BUSY TASK ewma=997
DMA IRQ c0=0
DMA IRQ c1=1
DMA IRQ c2=0
DMA IRQ c3=0
SELECT busy=10579
SELECT w0=10542
SELECT w1=5390
SELECT w2=6092
BUSY TASK ewma=997
DMA IRQ c0=0
DMA IRQ c1=1
DMA IRQ c2=0
DMA IRQ c3=0
SELECT busy=10600
SELECT w0=10563
SELECT w1=5401
SELECT w2=6109
BUSY TASK ewma=997
DMA IRQ c0=0
DMA IRQ c1=1
DMA IRQ c2=0
DMA IRQ c3=0
SELECT busy=10623
SELECT w0=10585
SELECT w1=5410
SELECT w2=6117
BUSY TASK ewma=997
DMA IRQ c0=0
DMA IRQ c1=1
DMA IRQ c2=0
DMA IRQ c3=0
SELECT busy=10646
SELECT w0=10612
SELECT w1=5422
SELECT w2=6133
BUSY TASK ewma=997
DMA IRQ c0=0
DMA IRQ c1=1
DMA IRQ c2=0
DMA IRQ c3=0
SELECT busy=10686
SELECT w0=10648
SELECT w1=5438
SELECT w2=6154
BUSY TASK ewma=997
DMA IRQ c0=0
DMA IRQ c1=1
DMA IRQ c2=0
DMA IRQ c3=0
SELECT busy=10721
SELECT w0=10684
SELECT w1=5451
SELECT w2=6175
BUSY TASK ewma=997
DMA IRQ c0=0
DMA IRQ c1=1
DMA IRQ c2=0
DMA IRQ c3=0
SELECT busy=10747
SELECT w0=10709
SELECT w1=5460
SELECT w2=6188
BUSY TASK ewma=997
DMA IRQ c0=0
DMA IRQ c1=1
DMA IRQ c2=0
DMA IRQ c3=0
SELECT busy=10775
SELECT w0=10738
SELECT w1=5474
SELECT w2=6203
BUSY TASK ewma=997
DMA IRQ c0=0
DMA IRQ c1=1
DMA IRQ c2=0
DMA IRQ c3=0
SELECT busy=10790
SELECT w0=10752
SELECT w1=5481
SELECT w2=6212
BUSY TASK ewma=997
DMA IRQ c0=0
DMA IRQ c1=1
DMA IRQ c2=0
DMA IRQ c3=0
SELECT busy=10807
SELECT w0=10772
SELECT w1=5492
SELECT w2=6227
BUSY TASK ewma=997
DMA IRQ c0=0
DMA IRQ c1=1
DMA IRQ c2=0
DMA IRQ c3=0
SELECT busy=10828
SELECT w0=10791
SELECT w1=5502
SELECT w2=6237
BUSY TASK ewma=997
DMA IRQ c0=0
DMA IRQ c1=1
DMA IRQ c2=0
DMA IRQ c3=0
SELECT busy=10846
SELECT w0=10809
SELECT w1=5511
SELECT w2=6248
BUSY TASK ewma=997
DMA IRQ c0=0
DMA IRQ c1=1
DMA IRQ c2=0
DMA IRQ c3=0
SELECT busy=10874
SELECT w0=10837
SELECT w1=5524
SELECT w2=6266
BUSY TASK ewma=997
DMA IRQ c0=0
DMA IRQ c1=1
DMA IRQ c2=0
DMA IRQ c3=0
SELECT busy=10888
SELECT w0=10851
SELECT w1=5530
SELECT w2=6274
BUSY TASK ewma=997
DMA IRQ c0=0
DMA IRQ c1=1
DMA IRQ c2=0
DMA IRQ c3=0
SELECT busy=10915
SELECT w0=10878
SELECT w1=5544
SELECT w2=6290
BUSY TASK ewma=997
DMA IRQ c0=0
DMA IRQ c1=1
DMA IRQ c2=0
DMA IRQ c3=0
SELECT busy=10948
SELECT w0=10911
SELECT w1=5557
SELECT w2=6305
BUSY TASK ewma=997
DMA IRQ c0=0
DMA IRQ c1=1
DMA IRQ c2=0
DMA IRQ c3=0
SELECT busy=10974
SELECT w0=10937
SELECT w1=5573
SELECT w2=6319
BUSY TASK ewma=997
IRQ counts: cpu0=21943 cpu1=24983 cpu2=24880 cpu3=24834
SCHED secondaries: calls=74717 unexpected=0
SECTEST switches=74696 cpu1=231695504,224493457 cpu2=202103245,200368631 cpu3=287402752,273337383
PINGPONG rounds=2000 pongs=2000
DMA IRQ c0=0
DMA IRQ c1=1
DMA IRQ c2=0
DMA IRQ c3=0
SELECT busy=11006
SELECT w0=10969
SELECT w1=5588
SELECT w2=6337
BUSY TASK ewma=997
DMA IRQ c0=0
DMA IRQ c1=1
DMA IRQ c2=0
DMA IRQ c3=0
SELECT busy=11022
SELECT w0=10985
SELECT w1=5594
SELECT w2=6344
BUSY TASK ewma=997
DMA IRQ c0=0
DMA IRQ c1=1
DMA IRQ c2=0
DMA IRQ c3=0
SELECT busy=11042
SELECT w0=11005
SELECT w1=5607
SELECT w2=6357
BUSY TASK ewma=997
DMA IRQ c0=0
DMA IRQ c1=1
DMA IRQ c2=0
DMA IRQ c3=0
SELECT busy=11061
SELECT w0=11024
SELECT w1=5617
SELECT w2=6371
BUSY TASK ewma=997
DMA IRQ c0=0
DMA IRQ c1=1
DMA IRQ c2=0
DMA IRQ c3=0
SELECT busy=11079
SELECT w0=11042
SELECT w1=5625
SELECT w2=6383
BUSY TASK ewma=997
DMA IRQ c0=0
DMA IRQ c1=1
DMA IRQ c2=0
DMA IRQ c3=0
SELECT busy=11100
SELECT w0=11063
SELECT w1=5636
SELECT w2=6397
BUSY TASK ewma=997
DMA IRQ c0=0
DMA IRQ c1=1
DMA IRQ c2=0
DMA IRQ c3=0
SELECT busy=11134
SELECT w0=11096
SELECT w1=5650
SELECT w2=6415
BUSY TASK ewma=997
DMA IRQ c0=0
DMA IRQ c1=1
DMA IRQ c2=0
DMA IRQ c3=0
SELECT busy=11173
SELECT w0=11136
SELECT w1=5666
SELECT w2=6434
BUSY TASK ewma=997
DMA IRQ c0=0
DMA IRQ c1=1
DMA IRQ c2=0
DMA IRQ c3=0
SELECT busy=11212
SELECT w0=11175
SELECT w1=5685
SELECT w2=6454
BUSY TASK ewma=997
DMA IRQ c0=0
DMA IRQ c1=1
DMA IRQ c2=0
DMA IRQ c3=0
SELECT busy=11253
SELECT w0=11216
SELECT w1=5703
SELECT w2=6475
BUSY TASK ewma=997
DMA IRQ c0=0
DMA IRQ c1=1
DMA IRQ c2=0
DMA IRQ c3=0
SELECT busy=11294
SELECT w0=11256
SELECT w1=5720
SELECT w2=6494
BUSY TASK ewma=997
DMA IRQ c0=0
DMA IRQ c1=1
DMA IRQ c2=0
DMA IRQ c3=0
SELECT busy=11326
SELECT w0=11288
SELECT w1=5734
SELECT w2=6512
BUSY TASK ewma=997
DMA IRQ c0=0
DMA IRQ c1=1
DMA IRQ c2=0
DMA IRQ c3=0
SELECT busy=11371
SELECT w0=11333
SELECT w1=5753
SELECT w2=6535
BUSY TASK ewma=997
DMA IRQ c0=0
DMA IRQ c1=1
DMA IRQ c2=0
DMA IRQ c3=0
SELECT busy=11409
SELECT w0=11372
SELECT w1=5771
SELECT w2=6560
BUSY TASK ewma=997
DMA IRQ c0=0
DMA IRQ c1=1
DMA IRQ c2=0
DMA IRQ c3=0
SELECT busy=11464
SELECT w0=11427
SELECT w1=5794
SELECT w2=6587
BUSY TASK ewma=997
DMA IRQ c0=0
DMA IRQ c1=1
DMA IRQ c2=0
DMA IRQ c3=0
SELECT busy=11504
SELECT w0=11467
SELECT w1=5813
SELECT w2=6614
BUSY TASK ewma=997
DMA IRQ c0=0
DMA IRQ c1=1
DMA IRQ c2=0
DMA IRQ c3=0
SELECT busy=11547
SELECT w0=11509
SELECT w1=5827
SELECT w2=6632
BUSY TASK ewma=997
DMA IRQ c0=0
DMA IRQ c1=1
DMA IRQ c2=0
DMA IRQ c3=0
SELECT busy=11589
SELECT w0=11551
SELECT w1=5846
SELECT w2=6656
BUSY TASK ewma=997
DMA IRQ c0=0
DMA IRQ c1=1
DMA IRQ c2=0
DMA IRQ c3=0
SELECT busy=11622
SELECT w0=11585
SELECT w1=5863
SELECT w2=6676
BUSY TASK ewma=997
DMA IRQ c0=0
DMA IRQ c1=1
DMA IRQ c2=0
DMA IRQ c3=0
SELECT busy=11666
SELECT w0=11628
SELECT w1=5879
SELECT w2=6698
BUSY TASK ewma=997
DMA IRQ c0=0
DMA IRQ c1=1
DMA IRQ c2=0
DMA IRQ c3=0
SELECT busy=11694
SELECT w0=11657
SELECT w1=5894
SELECT w2=6715
BUSY TASK ewma=997
DMA IRQ c0=0
DMA IRQ c1=1
DMA IRQ c2=0
DMA IRQ c3=0
SELECT busy=11733
SELECT w0=11698
SELECT w1=5910
SELECT w2=6738
BUSY TASK ewma=997
DMA IRQ c0=0
DMA IRQ c1=1
DMA IRQ c2=0
DMA IRQ c3=0
SELECT busy=11776
SELECT w0=11739
SELECT w1=5926
SELECT w2=6758
BUSY TASK ewma=997
DMA IRQ c0=0
DMA IRQ c1=1
DMA IRQ c2=0
DMA IRQ c3=0
SELECT busy=11806
SELECT w0=11771
SELECT w1=5939
SELECT w2=6777
BUSY TASK ewma=997
DMA IRQ c0=0
DMA IRQ c1=1
DMA IRQ c2=0
DMA IRQ c3=0
SELECT busy=11832
SELECT w0=11795
SELECT w1=5951
SELECT w2=6791
BUSY TASK ewma=997
DMA IRQ c0=0
DMA IRQ c1=1
DMA IRQ c2=0
DMA IRQ c3=0
SELECT busy=11855
SELECT w0=11817
SELECT w1=5960
SELECT w2=6804
BUSY TASK ewma=997
DMA IRQ c0=0
DMA IRQ c1=1
DMA IRQ c2=0
DMA IRQ c3=0
SELECT busy=11877
SELECT w0=11839
SELECT w1=5969
SELECT w2=6819
BUSY TASK ewma=997
DMA IRQ c0=0
DMA IRQ c1=1
DMA IRQ c2=0
DMA IRQ c3=0
SELECT busy=11892
SELECT w0=11855
SELECT w1=5977
SELECT w2=6830
BUSY TASK ewma=997
DMA IRQ c0=0
DMA IRQ c1=1
DMA IRQ c2=0
DMA IRQ c3=0
SELECT busy=11911
SELECT w0=11873
SELECT w1=5985
SELECT w2=6841
BUSY TASK ewma=997
DMA IRQ c0=0
DMA IRQ c1=1
DMA IRQ c2=0
DMA IRQ c3=0
SELECT busy=11930
SELECT w0=11893
SELECT w1=5994
SELECT w2=6853
BUSY TASK ewma=997
DMA IRQ c0=0
DMA IRQ c1=1
DMA IRQ c2=0
DMA IRQ c3=0
SELECT busy=11955
SELECT w0=11917
SELECT w1=6007
SELECT w2=6867
BUSY TASK ewma=997
DMA IRQ c0=0
DMA IRQ c1=1
DMA IRQ c2=0
DMA IRQ c3=0
SELECT busy=11973
SELECT w0=11935
SELECT w1=6014
SELECT w2=6877
BUSY TASK ewma=997
DMA IRQ c0=0
DMA IRQ c1=1
DMA IRQ c2=0
DMA IRQ c3=0
SELECT busy=11995
SELECT w0=11958
SELECT w1=6024
SELECT w2=6889
BUSY TASK ewma=997
DMA IRQ c0=0
DMA IRQ c1=1
DMA IRQ c2=0
DMA IRQ c3=0
SELECT busy=12012
SELECT w0=11974
SELECT w1=6032
SELECT w2=6899
BUSY TASK ewma=997
DMA IRQ c0=0
DMA IRQ c1=1
DMA IRQ c2=0
DMA IRQ c3=0
SELECT busy=12024
SELECT w0=11987
SELECT w1=6037
SELECT w2=6906
BUSY TASK ewma=997
DMA IRQ c0=0
DMA IRQ c1=1
DMA IRQ c2=0
DMA IRQ c3=0
SELECT busy=12041
SELECT w0=12003
SELECT w1=6046
SELECT w2=6915
BUSY TASK ewma=997
DMA IRQ c0=0
DMA IRQ c1=1
DMA IRQ c2=0
DMA IRQ c3=0
SELECT busy=12059
SELECT w0=12022
SELECT w1=6054
SELECT w2=6923
BUSY TASK ewma=997
DMA IRQ c0=0
DMA IRQ c1=1
DMA IRQ c2=0
DMA IRQ c3=0
SELECT busy=12078
SELECT w0=12040
SELECT w1=6059
SELECT w2=6932
BUSY TASK ewma=997
DMA IRQ c0=0
DMA IRQ c1=1
DMA IRQ c2=0
DMA IRQ c3=0
SELECT busy=12098
SELECT w0=12060
SELECT w1=6063
SELECT w2=6939
BUSY TASK ewma=997
DMA IRQ c0=0
DMA IRQ c1=1
DMA IRQ c2=0
DMA IRQ c3=0
SELECT busy=12114
SELECT w0=12077
SELECT w1=6070
SELECT w2=6950
BUSY TASK ewma=997
DMA IRQ c0=0
DMA IRQ c1=1
DMA IRQ c2=0
DMA IRQ c3=0
SELECT busy=12130
SELECT w0=12092
SELECT w1=6076
SELECT w2=6957
BUSY TASK ewma=997
DMA IRQ c0=0
DMA IRQ c1=1
DMA IRQ c2=0
DMA IRQ c3=0
SELECT busy=12147
SELECT w0=12109
SELECT w1=6084
SELECT w2=6967
BUSY TASK ewma=997
DMA IRQ c0=0
DMA IRQ c1=1
DMA IRQ c2=0
DMA IRQ c3=0
SELECT busy=12164
SELECT w0=12127
SELECT w1=6092
SELECT w2=6979
BUSY TASK ewma=997
DMA IRQ c0=0
DMA IRQ c1=1
DMA IRQ c2=0
DMA IRQ c3=0
SELECT busy=12188
SELECT w0=12150
SELECT w1=6101
SELECT w2=6989
BUSY TASK ewma=997
DMA IRQ c0=0
DMA IRQ c1=1
DMA IRQ c2=0
DMA IRQ c3=0
SELECT busy=12205
SELECT w0=12169
SELECT w1=6110
SELECT w2=7003
BUSY TASK ewma=997
DMA IRQ c0=0
DMA IRQ c1=1
DMA IRQ c2=0
DMA IRQ c3=0
SELECT busy=12219
SELECT w0=12181
SELECT w1=6116
SELECT w2=7012
BUSY TASK ewma=997
DMA IRQ c0=0
DMA IRQ c1=1
DMA IRQ c2=0
DMA IRQ c3=0
SELECT busy=12237
SELECT w0=12200
SELECT w1=6124
SELECT w2=7023
BUSY TASK ewma=997
DMA IRQ c0=0
DMA IRQ c1=1
DMA IRQ c2=0
DMA IRQ c3=0
SELECT busy=12255
SELECT w0=12217
SELECT w1=6130
SELECT w2=7031
BUSY TASK ewma=997
DMA IRQ c0=0
DMA IRQ c1=1
DMA IRQ c2=0
DMA IRQ c3=0
SELECT busy=12273
SELECT w0=12236
SELECT w1=6138
SELECT w2=7042
BUSY TASK ewma=997
DMA IRQ c0=0
DMA IRQ c1=1
DMA IRQ c2=0
DMA IRQ c3=0
SELECT busy=12291
SELECT w0=12253
SELECT w1=6147
SELECT w2=7054
BUSY TASK ewma=997
DMA IRQ c0=0
DMA IRQ c1=1
DMA IRQ c2=0
DMA IRQ c3=0
SELECT busy=12309
SELECT w0=12272
SELECT w1=6158
SELECT w2=7067
BUSY TASK ewma=997
DMA IRQ c0=0
DMA IRQ c1=1
DMA IRQ c2=0
DMA IRQ c3=0
SELECT busy=12329
SELECT w0=12292
SELECT w1=6169
SELECT w2=7080
BUSY TASK ewma=997
DMA IRQ c0=0
DMA IRQ c1=1
DMA IRQ c2=0
DMA IRQ c3=0
SELECT busy=12347
SELECT w0=12310
SELECT w1=6178
SELECT w2=7089
BUSY TASK ewma=997
DMA IRQ c0=0
DMA IRQ c1=1
DMA IRQ c2=0
DMA IRQ c3=0
SELECT busy=12369
SELECT w0=12331
SELECT w1=6186
SELECT w2=7101
BUSY TASK ewma=997
DMA IRQ c0=0
DMA IRQ c1=1
DMA IRQ c2=0
DMA IRQ c3=0
SELECT busy=12397
SELECT w0=12360
SELECT w1=6197
SELECT w2=7116
BUSY TASK ewma=997
DMA IRQ c0=0
DMA IRQ c1=1
DMA IRQ c2=0
DMA IRQ c3=0
SELECT busy=12417
SELECT w0=12379
SELECT w1=6208
SELECT w2=7127
BUSY TASK ewma=997
DMA IRQ c0=0
DMA IRQ c1=1
DMA IRQ c2=0
DMA IRQ c3=0
SELECT busy=12437
SELECT w0=12399
SELECT w1=6216
SELECT w2=7137
BUSY TASK ewma=997
DMA IRQ c0=0
DMA IRQ c1=1
DMA IRQ c2=0
DMA IRQ c3=0
SELECT busy=12456
SELECT w0=12418
SELECT w1=6222
SELECT w2=7146
BUSY TASK ewma=997
DMA IRQ c0=0
DMA IRQ c1=1
DMA IRQ c2=0
DMA IRQ c3=0
SELECT busy=12474
SELECT w0=12436
SELECT w1=6229
SELECT w2=7158
BUSY TASK ewma=997
DMA IRQ c0=0
DMA IRQ c1=1
DMA IRQ c2=0
DMA IRQ c3=0
SELECT busy=12503
SELECT w0=12466
SELECT w1=6242
SELECT w2=7173
BUSY TASK ewma=997
DMA IRQ c0=0
DMA IRQ c1=1
DMA IRQ c2=0
DMA IRQ c3=0
SELECT busy=12523
SELECT w0=12485
SELECT w1=6252
SELECT w2=7184
BUSY TASK ewma=997
DMA IRQ c0=0
DMA IRQ c1=1
DMA IRQ c2=0
DMA IRQ c3=0
SELECT busy=12558
SELECT w0=12521
SELECT w1=6275
SELECT w2=7208
BUSY TASK ewma=997
DMA IRQ c0=0
DMA IRQ c1=1
DMA IRQ c2=0
DMA IRQ c3=0
SELECT busy=12574
SELECT w0=12536
SELECT w1=6283
SELECT w2=7216
BUSY TASK ewma=997
DMA IRQ c0=0
DMA IRQ c1=1
DMA IRQ c2=0
DMA IRQ c3=0
SELECT busy=12593
SELECT w0=12555
SELECT w1=6290
SELECT w2=7225
BUSY TASK ewma=997
IRQ counts: cpu0=25191 cpu1=28582 cpu2=28523 cpu3=28450
SCHED secondaries: calls=85566 unexpected=0
SECTEST switches=85572 cpu1=260913697,253649908 cpu2=231579331,228445990 cpu3=327463204,311584144
PINGPONG rounds=2000 pongs=2000
DMA IRQ c0=0
DMA IRQ c1=1
DMA IRQ c2=0
DMA IRQ c3=0
SELECT busy=12633
SELECT w0=12596
SELECT w1=6311
SELECT w2=7252
BUSY TASK ewma=997
DMA IRQ c0=0
DMA IRQ c1=1
DMA IRQ c2=0
DMA IRQ c3=0
SELECT busy=12658
SELECT w0=12620
SELECT w1=6321
SELECT w2=7265
BUSY TASK ewma=997
DMA IRQ c0=0
DMA IRQ c1=1
DMA IRQ c2=0
DMA IRQ c3=0
SELECT busy=12673
SELECT w0=12635
SELECT w1=6328
SELECT w2=7273
BUSY TASK ewma=997
DMA IRQ c0=0
DMA IRQ c1=1
DMA IRQ c2=0
DMA IRQ c3=0
SELECT busy=12693
SELECT w0=12655
SELECT w1=6336
SELECT w2=7284
BUSY TASK ewma=997
DMA IRQ c0=0
DMA IRQ c1=1
DMA IRQ c2=0
DMA IRQ c3=0
SELECT busy=12710
SELECT w0=12672
SELECT w1=6344
SELECT w2=7295
BUSY TASK ewma=997
DMA IRQ c0=0
DMA IRQ c1=1
DMA IRQ c2=0
DMA IRQ c3=0
SELECT busy=12732
SELECT w0=12694
SELECT w1=6357
SELECT w2=7308
BUSY TASK ewma=997
DMA IRQ c0=0
DMA IRQ c1=1
DMA IRQ c2=0
DMA IRQ c3=0
SELECT busy=12746
SELECT w0=12710
SELECT w1=6364
SELECT w2=7318
BUSY TASK ewma=997
DMA IRQ c0=0
DMA IRQ c1=1
DMA IRQ c2=0
DMA IRQ c3=0
SELECT busy=12762
SELECT w0=12724
SELECT w1=6370
SELECT w2=7326
BUSY TASK ewma=997
DMA IRQ c0=0
DMA IRQ c1=1
DMA IRQ c2=0
DMA IRQ c3=0
SELECT busy=12787
SELECT w0=12749
SELECT w1=6381
SELECT w2=7339
BUSY TASK ewma=997
DMA IRQ c0=0
DMA IRQ c1=1
DMA IRQ c2=0
DMA IRQ c3=0
SELECT busy=12805
SELECT w0=12768
SELECT w1=6390
SELECT w2=7351
BUSY TASK ewma=997
DMA IRQ c0=0
DMA IRQ c1=1
DMA IRQ c2=0
DMA IRQ c3=0
SELECT busy=12827
SELECT w0=12790
SELECT w1=6401
SELECT w2=7366
BUSY TASK ewma=997
DMA IRQ c0=0
DMA IRQ c1=1
DMA IRQ c2=0
DMA IRQ c3=0
SELECT busy=12850
SELECT w0=12812
SELECT w1=6411
SELECT w2=7378
BUSY TASK ewma=997
DMA IRQ c0=0
DMA IRQ c1=1
DMA IRQ c2=0
DMA IRQ c3=0
SELECT busy=12868
SELECT w0=12831
SELECT w1=6420
SELECT w2=7384
BUSY TASK ewma=997
DMA IRQ c0=0
DMA IRQ c1=1
DMA IRQ c2=0
DMA IRQ c3=0
SELECT busy=12899
SELECT w0=12862
SELECT w1=6437
SELECT w2=7413
BUSY TASK ewma=997
DMA IRQ c0=0
DMA IRQ c1=1
DMA IRQ c2=0
DMA IRQ c3=0
SELECT busy=12933
SELECT w0=12897
SELECT w1=6450
SELECT w2=7428
BUSY TASK ewma=997
DMA IRQ c0=0
DMA IRQ c1=1
DMA IRQ c2=0
DMA IRQ c3=0
SELECT busy=12958
SELECT w0=12920
SELECT w1=6463
SELECT w2=7445
BUSY TASK ewma=997
DMA IRQ c0=0
DMA IRQ c1=1
DMA IRQ c2=0
DMA IRQ c3=0
SELECT busy=12975
SELECT w0=12937
SELECT w1=6470
SELECT w2=7453
BUSY TASK ewma=997
DMA IRQ c0=0
DMA IRQ c1=1
DMA IRQ c2=0
DMA IRQ c3=0
SELECT busy=12991
SELECT w0=12953
SELECT w1=6476
SELECT w2=7461
BUSY TASK ewma=997
DMA IRQ c0=0
DMA IRQ c1=1
DMA IRQ c2=0
DMA IRQ c3=0
SELECT busy=13005
SELECT w0=12967
SELECT w1=6482
SELECT w2=7467
BUSY TASK ewma=997
DMA IRQ c0=0
DMA IRQ c1=1
DMA IRQ c2=0
DMA IRQ c3=0
SELECT busy=13026
SELECT w0=12989
SELECT w1=6490
SELECT w2=7481
BUSY TASK ewma=997
DMA IRQ c0=0
DMA IRQ c1=1
DMA IRQ c2=0
DMA IRQ c3=0
SELECT busy=13046
SELECT w0=13009
SELECT w1=6500
SELECT w2=7491
BUSY TASK ewma=997
DMA IRQ c0=0
DMA IRQ c1=1
DMA IRQ c2=0
DMA IRQ c3=0
SELECT busy=13061
SELECT w0=13024
SELECT w1=6507
SELECT w2=7500
BUSY TASK ewma=997
DMA IRQ c0=0
DMA IRQ c1=1
DMA IRQ c2=0
DMA IRQ c3=0
SELECT busy=13077
SELECT w0=13040
SELECT w1=6514
SELECT w2=7508
BUSY TASK ewma=997
DMA IRQ c0=0
DMA IRQ c1=1
DMA IRQ c2=0
DMA IRQ c3=0
SELECT busy=13093
SELECT w0=13056
SELECT w1=6521
SELECT w2=7517
BUSY TASK ewma=997
DMA IRQ c0=0
DMA IRQ c1=1
DMA IRQ c2=0
DMA IRQ c3=0
SELECT busy=13111
SELECT w0=13073
SELECT w1=6531
SELECT w2=7529
BUSY TASK ewma=997
DMA IRQ c0=0
DMA IRQ c1=1
DMA IRQ c2=0
DMA IRQ c3=0
SELECT busy=13128
SELECT w0=13091
SELECT w1=6538
SELECT w2=7538
BUSY TASK ewma=997
DMA IRQ c0=0
DMA IRQ c1=1
DMA IRQ c2=0
DMA IRQ c3=0
SELECT busy=13160
SELECT w0=13124
SELECT w1=6552
SELECT w2=7555
BUSY TASK ewma=997
DMA IRQ c0=0
DMA IRQ c1=1
DMA IRQ c2=0
DMA IRQ c3=0
SELECT busy=13183
SELECT w0=13146
SELECT w1=6562
SELECT w2=7567
BUSY TASK ewma=997
DMA IRQ c0=0
DMA IRQ c1=1
DMA IRQ c2=0
DMA IRQ c3=0
SELECT busy=13204
SELECT w0=13167
SELECT w1=6570
SELECT w2=7580
BUSY TASK ewma=997
DMA IRQ c0=0
DMA IRQ c1=1
DMA IRQ c2=0
DMA IRQ c3=0
SELECT busy=13223
SELECT w0=13186
SELECT w1=6578
SELECT w2=7589
BUSY TASK ewma=997
DMA IRQ c0=0
DMA IRQ c1=1
DMA IRQ c2=0
DMA IRQ c3=0
SELECT busy=13239
SELECT w0=13203
SELECT w1=6586
SELECT w2=7598
BUSY TASK ewma=997
DMA IRQ c0=0
DMA IRQ c1=1
DMA IRQ c2=0
DMA IRQ c3=0
SELECT busy=13256
SELECT w0=13219
SELECT w1=6595
SELECT w2=7609
BUSY TASK ewma=997
DMA IRQ c0=0
DMA IRQ c1=1
DMA IRQ c2=0
DMA IRQ c3=0
SELECT busy=13276
SELECT w0=13238
SELECT w1=6604
SELECT w2=7620
BUSY TASK ewma=997
DMA IRQ c0=0
DMA IRQ c1=1
DMA IRQ c2=0
DMA IRQ c3=0
SELECT busy=13292
SELECT w0=13255
SELECT w1=6610
SELECT w2=7629
BUSY TASK ewma=997
DMA IRQ c0=0
DMA IRQ c1=1
DMA IRQ c2=0
DMA IRQ c3=0
SELECT busy=13313
SELECT w0=13275
SELECT w1=6621
SELECT w2=7640
BUSY TASK ewma=997
DMA IRQ c0=0
DMA IRQ c1=1
DMA IRQ c2=0
DMA IRQ c3=0
SELECT busy=13335
SELECT w0=13298
SELECT w1=6634
SELECT w2=7657
BUSY TASK ewma=997
DMA IRQ c0=0
DMA IRQ c1=1
DMA IRQ c2=0
DMA IRQ c3=0
SELECT busy=13354
SELECT w0=13317
SELECT w1=6644
SELECT w2=7669
BUSY TASK ewma=997
DMA IRQ c0=0
DMA IRQ c1=1
DMA IRQ c2=0
DMA IRQ c3=0
SELECT busy=13372
SELECT w0=13335
SELECT w1=6653
SELECT w2=7680
BUSY TASK ewma=997
DMA IRQ c0=0
DMA IRQ c1=1
DMA IRQ c2=0
DMA IRQ c3=0
SELECT busy=13391
SELECT w0=13353
SELECT w1=6661
SELECT w2=7693
BUSY TASK ewma=997
DMA IRQ c0=0
DMA IRQ c1=1
DMA IRQ c2=0
DMA IRQ c3=0
SELECT busy=13413
SELECT w0=13375
SELECT w1=6672
SELECT w2=7706
qemu-system-aarch64: terminating on signal 15 from pid 202111 (timeout)
