P4 M7: full integration test boot OK
CPU0: MPIDR_EL1=0x0000000080000000
CPU0: psci_cpu_on target=1 rc=0
CPU1: alive, MPIDR_EL1=0x0000000080000001 this_cpu()->cpu_id=1
CPU0: psci_cpu_on target=2 rc=0
CPU2: alive, MPIDR_EL1=0x0000000080000002 this_cpu()->cpu_id=2
CPU0: psci_cpu_on target=3 rc=0
CPU3: alive, MPIDR_EL1=0x0000000080000003 this_cpu()->cpu_id=3
CPUs online: 4
DMA IRQ target cpu=1
D2b: worker 2 runs on CPU2
D2b: worker 0 runs on CPU0
D2b: worker 1 runs on CPU1
P4 M7: worker submitted cmd_id=1
P4 M7: worker submitted cmd_id=3
P4 M7: worker submitted cmd_id=2
BUSY TASK ewma=997
DMA IRQ c0=0
DMA IRQ c1=0
DMA IRQ c2=0
DMA IRQ c3=0
SELECT busy=23
SELECT w0=3
SELECT w1=6
SELECT w2=5
P4 M7: worker DATA OK, cmd_id=2
P4 M7: worker DATA OK, cmd_id=3
P4 M7: worker DATA OK, cmd_id=1
WORKER ewma=831
WORKER ewma=881
WORKER ewma=831
BUSY TASK ewma=997
DMA IRQ c0=0
DMA IRQ c1=2
DMA IRQ c2=0
DMA IRQ c3=0
SELECT busy=44
SELECT w0=28
SELECT w1=33
SELECT w2=19
BUSY TASK ewma=997
DMA IRQ c0=0
DMA IRQ c1=2
DMA IRQ c2=0
DMA IRQ c3=0
SELECT busy=65
SELECT w0=50
SELECT w1=64
SELECT w2=60
BUSY TASK ewma=997
DMA IRQ c0=0
DMA IRQ c1=2
DMA IRQ c2=0
DMA IRQ c3=0
SELECT busy=90
SELECT w0=74
SELECT w1=89
SELECT w2=80
BUSY TASK ewma=997
DMA IRQ c0=0
DMA IRQ c1=2
DMA IRQ c2=0
DMA IRQ c3=0
SELECT busy=117
SELECT w0=101
SELECT w1=105
SELECT w2=99
BUSY TASK ewma=997
DMA IRQ c0=0
DMA IRQ c1=2
DMA IRQ c2=0
DMA IRQ c3=0
SELECT busy=137
SELECT w0=121
SELECT w1=118
SELECT w2=116
BUSY TASK ewma=997
DMA IRQ c0=0
DMA IRQ c1=2
DMA IRQ c2=0
DMA IRQ c3=0
SELECT busy=164
SELECT w0=153
SELECT w1=136
SELECT w2=142
BUSY TASK ewma=997
DMA IRQ c0=0
DMA IRQ c1=2
DMA IRQ c2=0
DMA IRQ c3=0
SELECT busy=191
SELECT w0=174
SELECT w1=148
SELECT w2=158
BUSY TASK ewma=997
DMA IRQ c0=0
DMA IRQ c1=2
DMA IRQ c2=0
DMA IRQ c3=0
SELECT busy=208
SELECT w0=193
SELECT w1=160
SELECT w2=169
BUSY TASK ewma=997
DMA IRQ c0=0
DMA IRQ c1=2
DMA IRQ c2=0
DMA IRQ c3=0
SELECT busy=231
SELECT w0=215
SELECT w1=175
SELECT w2=182
BUSY TASK ewma=997
DMA IRQ c0=0
DMA IRQ c1=2
DMA IRQ c2=0
DMA IRQ c3=0
SELECT busy=256
SELECT w0=240
SELECT w1=186
SELECT w2=194
BUSY TASK ewma=997
DMA IRQ c0=0
DMA IRQ c1=2
DMA IRQ c2=0
DMA IRQ c3=0
SELECT busy=274
SELECT w0=258
SELECT w1=193
SELECT w2=201
BUSY TASK ewma=997
DMA IRQ c0=0
DMA IRQ c1=2
DMA IRQ c2=0
DMA IRQ c3=0
SELECT busy=295
SELECT w0=280
SELECT w1=209
SELECT w2=214
BUSY TASK ewma=997
DMA IRQ c0=0
DMA IRQ c1=2
DMA IRQ c2=0
DMA IRQ c3=0
SELECT busy=324
SELECT w0=309
SELECT w1=225
SELECT w2=234
BUSY TASK ewma=997
DMA IRQ c0=0
DMA IRQ c1=2
DMA IRQ c2=0
DMA IRQ c3=0
SELECT busy=352
SELECT w0=336
SELECT w1=241
SELECT w2=250
BUSY TASK ewma=997
DMA IRQ c0=0
DMA IRQ c1=2
DMA IRQ c2=0
DMA IRQ c3=0
SELECT busy=378
SELECT w0=362
SELECT w1=254
SELECT w2=265
BUSY TASK ewma=997
DMA IRQ c0=0
DMA IRQ c1=2
DMA IRQ c2=0
DMA IRQ c3=0
SELECT busy=392
SELECT w0=375
SELECT w1=261
SELECT w2=273
BUSY TASK ewma=997
DMA IRQ c0=0
DMA IRQ c1=2
DMA IRQ c2=0
DMA IRQ c3=0
SELECT busy=421
SELECT w0=405
SELECT w1=280
SELECT w2=288
BUSY TASK ewma=997
DMA IRQ c0=0
DMA IRQ c1=2
DMA IRQ c2=0
DMA IRQ c3=0
SELECT busy=446
SELECT w0=430
SELECT w1=295
SELECT w2=303
BUSY TASK ewma=997
DMA IRQ c0=0
DMA IRQ c1=2
DMA IRQ c2=0
DMA IRQ c3=0
SELECT busy=461
SELECT w0=445
SELECT w1=303
SELECT w2=311
BUSY TASK ewma=997
DMA IRQ c0=0
DMA IRQ c1=2
DMA IRQ c2=0
DMA IRQ c3=0
SELECT busy=480
SELECT w0=464
SELECT w1=315
SELECT w2=324
BUSY TASK ewma=997
DMA IRQ c0=0
DMA IRQ c1=2
DMA IRQ c2=0
DMA IRQ c3=0
SELECT busy=501
SELECT w0=484
SELECT w1=326
SELECT w2=337
BUSY TASK ewma=997
DMA IRQ c0=0
DMA IRQ c1=2
DMA IRQ c2=0
DMA IRQ c3=0
SELECT busy=526
SELECT w0=510
SELECT w1=343
SELECT w2=352
BUSY TASK ewma=997
DMA IRQ c0=0
DMA IRQ c1=2
DMA IRQ c2=0
DMA IRQ c3=0
SELECT busy=551
SELECT w0=536
SELECT w1=359
SELECT w2=366
BUSY TASK ewma=997
DMA IRQ c0=0
DMA IRQ c1=2
DMA IRQ c2=0
DMA IRQ c3=0
SELECT busy=574
SELECT w0=562
SELECT w1=382
SELECT w2=381
BUSY TASK ewma=997
DMA IRQ c0=0
DMA IRQ c1=2
DMA IRQ c2=0
DMA IRQ c3=0
SELECT busy=609
SELECT w0=593
SELECT w1=401
SELECT w2=396
BUSY TASK ewma=997
DMA IRQ c0=0
DMA IRQ c1=2
DMA IRQ c2=0
DMA IRQ c3=0
SELECT busy=627
SELECT w0=610
SELECT w1=409
SELECT w2=405
BUSY TASK ewma=997
DMA IRQ c0=0
DMA IRQ c1=2
DMA IRQ c2=0
DMA IRQ c3=0
SELECT busy=647
SELECT w0=631
SELECT w1=420
SELECT w2=416
BUSY TASK ewma=997
DMA IRQ c0=0
DMA IRQ c1=2
DMA IRQ c2=0
DMA IRQ c3=0
SELECT busy=668
SELECT w0=652
SELECT w1=438
SELECT w2=429
BUSY TASK ewma=997
DMA IRQ c0=0
DMA IRQ c1=2
DMA IRQ c2=0
DMA IRQ c3=0
SELECT busy=687
SELECT w0=671
SELECT w1=452
SELECT w2=438
BUSY TASK ewma=997
DMA IRQ c0=0
DMA IRQ c1=2
DMA IRQ c2=0
DMA IRQ c3=0
SELECT busy=706
SELECT w0=689
SELECT w1=467
SELECT w2=448
BUSY TASK ewma=997
DMA IRQ c0=0
DMA IRQ c1=2
DMA IRQ c2=0
DMA IRQ c3=0
SELECT busy=728
SELECT w0=712
SELECT w1=481
SELECT w2=458
BUSY TASK ewma=997
DMA IRQ c0=0
DMA IRQ c1=2
DMA IRQ c2=0
DMA IRQ c3=0
SELECT busy=744
SELECT w0=727
SELECT w1=487
SELECT w2=465
BUSY TASK ewma=997
DMA IRQ c0=0
DMA IRQ c1=2
DMA IRQ c2=0
DMA IRQ c3=0
SELECT busy=756
SELECT w0=739
SELECT w1=495
SELECT w2=472
BUSY TASK ewma=997
DMA IRQ c0=0
DMA IRQ c1=2
DMA IRQ c2=0
DMA IRQ c3=0
SELECT busy=773
SELECT w0=757
SELECT w1=506
SELECT w2=483
BUSY TASK ewma=997
DMA IRQ c0=0
DMA IRQ c1=2
DMA IRQ c2=0
DMA IRQ c3=0
SELECT busy=794
SELECT w0=778
SELECT w1=517
SELECT w2=497
BUSY TASK ewma=997
DMA IRQ c0=0
DMA IRQ c1=2
DMA IRQ c2=0
DMA IRQ c3=0
SELECT busy=811
SELECT w0=795
SELECT w1=526
SELECT w2=507
BUSY TASK ewma=997
DMA IRQ c0=0
DMA IRQ c1=2
DMA IRQ c2=0
DMA IRQ c3=0
SELECT busy=825
SELECT w0=809
SELECT w1=535
SELECT w2=518
BUSY TASK ewma=997
DMA IRQ c0=0
DMA IRQ c1=2
DMA IRQ c2=0
DMA IRQ c3=0
SELECT busy=844
SELECT w0=828
SELECT w1=546
SELECT w2=532
BUSY TASK ewma=997
DMA IRQ c0=0
DMA IRQ c1=2
DMA IRQ c2=0
DMA IRQ c3=0
SELECT busy=862
SELECT w0=846
SELECT w1=557
SELECT w2=542
BUSY TASK ewma=997
DMA IRQ c0=0
DMA IRQ c1=2
DMA IRQ c2=0
DMA IRQ c3=0
SELECT busy=879
SELECT w0=862
SELECT w1=564
SELECT w2=550
BUSY TASK ewma=997
DMA IRQ c0=0
DMA IRQ c1=2
DMA IRQ c2=0
DMA IRQ c3=0
SELECT busy=893
SELECT w0=877
SELECT w1=573
SELECT w2=559
BUSY TASK ewma=997
DMA IRQ c0=0
DMA IRQ c1=2
DMA IRQ c2=0
DMA IRQ c3=0
SELECT busy=911
SELECT w0=894
SELECT w1=584
SELECT w2=569
BUSY TASK ewma=997
DMA IRQ c0=0
DMA IRQ c1=2
DMA IRQ c2=0
DMA IRQ c3=0
SELECT busy=929
SELECT w0=912
SELECT w1=594
SELECT w2=580
BUSY TASK ewma=997
DMA IRQ c0=0
DMA IRQ c1=2
DMA IRQ c2=0
DMA IRQ c3=0
SELECT busy=951
SELECT w0=934
SELECT w1=604
SELECT w2=594
BUSY TASK ewma=997
DMA IRQ c0=0
DMA IRQ c1=2
DMA IRQ c2=0
DMA IRQ c3=0
SELECT busy=969
SELECT w0=954
SELECT w1=620
SELECT w2=604
BUSY TASK ewma=997
DMA IRQ c0=0
DMA IRQ c1=2
DMA IRQ c2=0
DMA IRQ c3=0
SELECT busy=981
SELECT w0=964
SELECT w1=628
SELECT w2=608
BUSY TASK ewma=997
DMA IRQ c0=0
DMA IRQ c1=2
DMA IRQ c2=0
DMA IRQ c3=0
SELECT busy=1001
SELECT w0=985
SELECT w1=639
SELECT w2=623
BUSY TASK ewma=997
DMA IRQ c0=0
DMA IRQ c1=2
DMA IRQ c2=0
DMA IRQ c3=0
SELECT busy=1028
SELECT w0=1012
SELECT w1=648
SELECT w2=631
BUSY TASK ewma=997
DMA IRQ c0=0
DMA IRQ c1=2
DMA IRQ c2=0
DMA IRQ c3=0
SELECT busy=1052
SELECT w0=1036
SELECT w1=666
SELECT w2=649
BUSY TASK ewma=997
DMA IRQ c0=0
DMA IRQ c1=2
DMA IRQ c2=0
DMA IRQ c3=0
SELECT busy=1071
SELECT w0=1055
SELECT w1=677
SELECT w2=661
BUSY TASK ewma=997
DMA IRQ c0=0
DMA IRQ c1=2
DMA IRQ c2=0
DMA IRQ c3=0
SELECT busy=1097
SELECT w0=1081
SELECT w1=701
SELECT w2=679
BUSY TASK ewma=997
DMA IRQ c0=0
DMA IRQ c1=2
DMA IRQ c2=0
DMA IRQ c3=0
SELECT busy=1122
SELECT w0=1106
SELECT w1=714
SELECT w2=692
BUSY TASK ewma=997
DMA IRQ c0=0
DMA IRQ c1=2
DMA IRQ c2=0
DMA IRQ c3=0
SELECT busy=1143
SELECT w0=1126
SELECT w1=724
SELECT w2=701
BUSY TASK ewma=997
DMA IRQ c0=0
DMA IRQ c1=2
DMA IRQ c2=0
DMA IRQ c3=0
SELECT busy=1158
SELECT w0=1142
SELECT w1=735
SELECT w2=712
BUSY TASK ewma=997
DMA IRQ c0=0
DMA IRQ c1=2
DMA IRQ c2=0
DMA IRQ c3=0
SELECT busy=1179
SELECT w0=1163
SELECT w1=746
SELECT w2=720
BUSY TASK ewma=997
DMA IRQ c0=0
DMA IRQ c1=2
DMA IRQ c2=0
DMA IRQ c3=0
SELECT busy=1196
SELECT w0=1180
SELECT w1=755
SELECT w2=729
BUSY TASK ewma=997
DMA IRQ c0=0
DMA IRQ c1=2
DMA IRQ c2=0
DMA IRQ c3=0
SELECT busy=1212
SELECT w0=1196
SELECT w1=766
SELECT w2=739
BUSY TASK ewma=997
DMA IRQ c0=0
DMA IRQ c1=2
DMA IRQ c2=0
DMA IRQ c3=0
SELECT busy=1230
SELECT w0=1214
SELECT w1=777
SELECT w2=748
BUSY TASK ewma=997
DMA IRQ c0=0
DMA IRQ c1=2
DMA IRQ c2=0
DMA IRQ c3=0
SELECT busy=1249
SELECT w0=1233
SELECT w1=786
SELECT w2=760
BUSY TASK ewma=997
DMA IRQ c0=0
DMA IRQ c1=2
DMA IRQ c2=0
DMA IRQ c3=0
SELECT busy=1269
SELECT w0=1253
SELECT w1=801
SELECT w2=773
BUSY TASK ewma=997
DMA IRQ c0=0
DMA IRQ c1=2
DMA IRQ c2=0
DMA IRQ c3=0
SELECT busy=1303
SELECT w0=1287
SELECT w1=826
SELECT w2=796
BUSY TASK ewma=997
DMA IRQ c0=0
DMA IRQ c1=2
DMA IRQ c2=0
DMA IRQ c3=0
SELECT busy=1328
SELECT w0=1311
SELECT w1=843
SELECT w2=809
BUSY TASK ewma=997
IRQ counts: cpu0=2672 cpu1=3365 cpu2=3152 cpu3=3186
SCHED secondaries: calls=9718 unexpected=0
SECTEST switches=9708 cpu1=41535156,40803820 cpu2=30442334,29767254 cpu3=44759651,43363880
PINGPONG rounds=637 pongs=638
DMA IRQ c0=0
DMA IRQ c1=2
DMA IRQ c2=0
DMA IRQ c3=0
SELECT busy=1367
SELECT w0=1351
SELECT w1=873
SELECT w2=832
BUSY TASK ewma=997
DMA IRQ c0=0
DMA IRQ c1=2
DMA IRQ c2=0
DMA IRQ c3=0
SELECT busy=1387
SELECT w0=1370
SELECT w1=884
SELECT w2=841
BUSY TASK ewma=997
DMA IRQ c0=0
DMA IRQ c1=2
DMA IRQ c2=0
DMA IRQ c3=0
SELECT busy=1413
SELECT w0=1399
SELECT w1=898
SELECT w2=854
BUSY TASK ewma=997
DMA IRQ c0=0
DMA IRQ c1=2
DMA IRQ c2=0
DMA IRQ c3=0
SELECT busy=1430
SELECT w0=1413
SELECT w1=909
SELECT w2=862
BUSY TASK ewma=997
DMA IRQ c0=0
DMA IRQ c1=2
DMA IRQ c2=0
DMA IRQ c3=0
SELECT busy=1448
SELECT w0=1431
SELECT w1=917
SELECT w2=872
BUSY TASK ewma=997
DMA IRQ c0=0
DMA IRQ c1=2
DMA IRQ c2=0
DMA IRQ c3=0
SELECT busy=1464
SELECT w0=1447
SELECT w1=925
SELECT w2=881
BUSY TASK ewma=997
DMA IRQ c0=0
DMA IRQ c1=2
DMA IRQ c2=0
DMA IRQ c3=0
SELECT busy=1485
SELECT w0=1468
SELECT w1=939
SELECT w2=895
BUSY TASK ewma=997
DMA IRQ c0=0
DMA IRQ c1=2
DMA IRQ c2=0
DMA IRQ c3=0
SELECT busy=1514
SELECT w0=1498
SELECT w1=956
SELECT w2=912
BUSY TASK ewma=997
DMA IRQ c0=0
DMA IRQ c1=2
DMA IRQ c2=0
DMA IRQ c3=0
SELECT busy=1532
SELECT w0=1516
SELECT w1=966
SELECT w2=921
BUSY TASK ewma=997
DMA IRQ c0=0
DMA IRQ c1=2
DMA IRQ c2=0
DMA IRQ c3=0
SELECT busy=1558
SELECT w0=1542
SELECT w1=980
SELECT w2=940
BUSY TASK ewma=997
DMA IRQ c0=0
DMA IRQ c1=2
DMA IRQ c2=0
DMA IRQ c3=0
SELECT busy=1581
SELECT w0=1564
SELECT w1=990
SELECT w2=950
BUSY TASK ewma=997
DMA IRQ c0=0
DMA IRQ c1=2
DMA IRQ c2=0
DMA IRQ c3=0
SELECT busy=1599
SELECT w0=1583
SELECT w1=1004
SELECT w2=961
BUSY TASK ewma=997
DMA IRQ c0=0
DMA IRQ c1=2
DMA IRQ c2=0
DMA IRQ c3=0
SELECT busy=1629
SELECT w0=1612
SELECT w1=1021
SELECT w2=976
BUSY TASK ewma=997
DMA IRQ c0=0
DMA IRQ c1=2
DMA IRQ c2=0
DMA IRQ c3=0
SELECT busy=1657
SELECT w0=1641
SELECT w1=1030
SELECT w2=983
BUSY TASK ewma=997
DMA IRQ c0=0
DMA IRQ c1=2
DMA IRQ c2=0
DMA IRQ c3=0
SELECT busy=1663
SELECT w0=1646
SELECT w1=1032
SELECT w2=985
BUSY TASK ewma=997
DMA IRQ c0=0
DMA IRQ c1=2
DMA IRQ c2=0
DMA IRQ c3=0
SELECT busy=1684
SELECT w0=1667
SELECT w1=1043
SELECT w2=996
BUSY TASK ewma=997
DMA IRQ c0=0
DMA IRQ c1=2
DMA IRQ c2=0
DMA IRQ c3=0
SELECT busy=1703
SELECT w0=1688
SELECT w1=1053
SELECT w2=1012
BUSY TASK ewma=997
DMA IRQ c0=0
DMA IRQ c1=2
DMA IRQ c2=0
DMA IRQ c3=0
SELECT busy=1726
SELECT w0=1709
SELECT w1=1064
SELECT w2=1023
BUSY TASK ewma=997
DMA IRQ c0=0
DMA IRQ c1=2
DMA IRQ c2=0
DMA IRQ c3=0
SELECT busy=1751
SELECT w0=1735
SELECT w1=1074
SELECT w2=1033
BUSY TASK ewma=997
DMA IRQ c0=0
DMA IRQ c1=2
DMA IRQ c2=0
DMA IRQ c3=0
SELECT busy=1772
SELECT w0=1756
SELECT w1=1081
SELECT w2=1041
BUSY TASK ewma=997
DMA IRQ c0=0
DMA IRQ c1=2
DMA IRQ c2=0
DMA IRQ c3=0
SELECT busy=1792
SELECT w0=1777
SELECT w1=1098
SELECT w2=1055
BUSY TASK ewma=997
DMA IRQ c0=0
DMA IRQ c1=2
DMA IRQ c2=0
DMA IRQ c3=0
SELECT busy=1813
SELECT w0=1797
SELECT w1=1112
SELECT w2=1066
BUSY TASK ewma=997
DMA IRQ c0=0
DMA IRQ c1=2
DMA IRQ c2=0
DMA IRQ c3=0
SELECT busy=1832
SELECT w0=1816
SELECT w1=1127
SELECT w2=1077
BUSY TASK ewma=997
DMA IRQ c0=0
DMA IRQ c1=2
DMA IRQ c2=0
DMA IRQ c3=0
SELECT busy=1855
SELECT w0=1839
SELECT w1=1137
SELECT w2=1087
BUSY TASK ewma=997
DMA IRQ c0=0
DMA IRQ c1=2
DMA IRQ c2=0
DMA IRQ c3=0
SELECT busy=1874
SELECT w0=1858
SELECT w1=1149
SELECT w2=1104
BUSY TASK ewma=997
DMA IRQ c0=0
DMA IRQ c1=2
DMA IRQ c2=0
DMA IRQ c3=0
SELECT busy=1898
SELECT w0=1882
SELECT w1=1161
SELECT w2=1118
BUSY TASK ewma=997
DMA IRQ c0=0
DMA IRQ c1=2
DMA IRQ c2=0
DMA IRQ c3=0
SELECT busy=1919
SELECT w0=1903
SELECT w1=1173
SELECT w2=1129
BUSY TASK ewma=997
DMA IRQ c0=0
DMA IRQ c1=2
DMA IRQ c2=0
DMA IRQ c3=0
SELECT busy=1942
SELECT w0=1926
SELECT w1=1192
SELECT w2=1142
BUSY TASK ewma=997
DMA IRQ c0=0
DMA IRQ c1=2
DMA IRQ c2=0
DMA IRQ c3=0
SELECT busy=1959
SELECT w0=1942
SELECT w1=1200
SELECT w2=1151
BUSY TASK ewma=997
DMA IRQ c0=0
DMA IRQ c1=2
DMA IRQ c2=0
DMA IRQ c3=0
SELECT busy=1963
SELECT w0=1946
SELECT w1=1202
SELECT w2=1154
BUSY TASK ewma=997
DMA IRQ c0=0
DMA IRQ c1=2
DMA IRQ c2=0
DMA IRQ c3=0
SELECT busy=1978
SELECT w0=1962
SELECT w1=1212
SELECT w2=1164
BUSY TASK ewma=997
DMA IRQ c0=0
DMA IRQ c1=2
DMA IRQ c2=0
DMA IRQ c3=0
SELECT busy=2004
SELECT w0=1987
SELECT w1=1226
SELECT w2=1178
BUSY TASK ewma=997
DMA IRQ c0=0
DMA IRQ c1=2
DMA IRQ c2=0
DMA IRQ c3=0
SELECT busy=2028
SELECT w0=2013
SELECT w1=1240
SELECT w2=1191
BUSY TASK ewma=997
DMA IRQ c0=0
DMA IRQ c1=2
DMA IRQ c2=0
DMA IRQ c3=0
SELECT busy=2054
SELECT w0=2038
SELECT w1=1255
SELECT w2=1209
BUSY TASK ewma=997
DMA IRQ c0=0
DMA IRQ c1=2
DMA IRQ c2=0
DMA IRQ c3=0
SELECT busy=2074
SELECT w0=2058
SELECT w1=1274
SELECT w2=1222
BUSY TASK ewma=997
DMA IRQ c0=0
DMA IRQ c1=2
DMA IRQ c2=0
DMA IRQ c3=0
SELECT busy=2092
SELECT w0=2076
SELECT w1=1284
SELECT w2=1230
BUSY TASK ewma=997
DMA IRQ c0=0
DMA IRQ c1=2
DMA IRQ c2=0
DMA IRQ c3=0
SELECT busy=2117
SELECT w0=2100
SELECT w1=1297
SELECT w2=1242
BUSY TASK ewma=997
DMA IRQ c0=0
DMA IRQ c1=2
DMA IRQ c2=0
DMA IRQ c3=0
SELECT busy=2132
SELECT w0=2116
SELECT w1=1308
SELECT w2=1253
BUSY TASK ewma=997
DMA IRQ c0=0
DMA IRQ c1=2
DMA IRQ c2=0
DMA IRQ c3=0
SELECT busy=2158
SELECT w0=2142
SELECT w1=1326
SELECT w2=1270
BUSY TASK ewma=997
DMA IRQ c0=0
DMA IRQ c1=2
DMA IRQ c2=0
DMA IRQ c3=0
SELECT busy=2177
SELECT w0=2161
SELECT w1=1338
SELECT w2=1280
BUSY TASK ewma=997
DMA IRQ c0=0
DMA IRQ c1=2
DMA IRQ c2=0
DMA IRQ c3=0
SELECT busy=2207
SELECT w0=2191
SELECT w1=1353
SELECT w2=1295
BUSY TASK ewma=997
DMA IRQ c0=0
DMA IRQ c1=2
DMA IRQ c2=0
DMA IRQ c3=0
SELECT busy=2224
SELECT w0=2208
SELECT w1=1365
SELECT w2=1308
BUSY TASK ewma=997
DMA IRQ c0=0
DMA IRQ c1=2
DMA IRQ c2=0
DMA IRQ c3=0
SELECT busy=2241
SELECT w0=2226
SELECT w1=1376
SELECT w2=1322
BUSY TASK ewma=997
DMA IRQ c0=0
DMA IRQ c1=2
DMA IRQ c2=0
DMA IRQ c3=0
SELECT busy=2265
SELECT w0=2248
SELECT w1=1389
SELECT w2=1332
BUSY TASK ewma=997
DMA IRQ c0=0
DMA IRQ c1=2
DMA IRQ c2=0
DMA IRQ c3=0
SELECT busy=2289
SELECT w0=2275
SELECT w1=1405
SELECT w2=1348
BUSY TASK ewma=997
DMA IRQ c0=0
DMA IRQ c1=2
DMA IRQ c2=0
DMA IRQ c3=0
SELECT busy=2315
SELECT w0=2299
SELECT w1=1416
SELECT w2=1359
BUSY TASK ewma=997
DMA IRQ c0=0
DMA IRQ c1=2
DMA IRQ c2=0
DMA IRQ c3=0
SELECT busy=2333
SELECT w0=2316
SELECT w1=1423
SELECT w2=1367
BUSY TASK ewma=997
DMA IRQ c0=0
DMA IRQ c1=2
DMA IRQ c2=0
DMA IRQ c3=0
SELECT busy=2357
SELECT w0=2340
SELECT w1=1436
SELECT w2=1381
BUSY TASK ewma=997
DMA IRQ c0=0
DMA IRQ c1=2
DMA IRQ c2=0
DMA IRQ c3=0
SELECT busy=2382
SELECT w0=2366
SELECT w1=1447
SELECT w2=1395
BUSY TASK ewma=997
DMA IRQ c0=0
DMA IRQ c1=2
DMA IRQ c2=0
DMA IRQ c3=0
SELECT busy=2406
SELECT w0=2390
SELECT w1=1461
SELECT w2=1406
BUSY TASK ewma=997
DMA IRQ c0=0
DMA IRQ c1=2
DMA IRQ c2=0
DMA IRQ c3=0
SELECT busy=2428
SELECT w0=2412
SELECT w1=1473
SELECT w2=1420
BUSY TASK ewma=997
DMA IRQ c0=0
DMA IRQ c1=2
DMA IRQ c2=0
DMA IRQ c3=0
SELECT busy=2455
SELECT w0=2439
SELECT w1=1490
SELECT w2=1433
BUSY TASK ewma=997
DMA IRQ c0=0
DMA IRQ c1=2
DMA IRQ c2=0
DMA IRQ c3=0
SELECT busy=2472
SELECT w0=2455
SELECT w1=1501
SELECT w2=1443
BUSY TASK ewma=997
DMA IRQ c0=0
DMA IRQ c1=2
DMA IRQ c2=0
DMA IRQ c3=0
SELECT busy=2491
SELECT w0=2474
SELECT w1=1509
SELECT w2=1451
BUSY TASK ewma=997
DMA IRQ c0=0
DMA IRQ c1=2
DMA IRQ c2=0
DMA IRQ c3=0
SELECT busy=2508
SELECT w0=2492
SELECT w1=1516
SELECT w2=1459
BUSY TASK ewma=997
DMA IRQ c0=0
DMA IRQ c1=2
DMA IRQ c2=0
DMA IRQ c3=0
SELECT busy=2531
SELECT w0=2515
SELECT w1=1528
SELECT w2=1472
BUSY TASK ewma=997
DMA IRQ c0=0
DMA IRQ c1=2
DMA IRQ c2=0
DMA IRQ c3=0
SELECT busy=2557
SELECT w0=2541
SELECT w1=1541
SELECT w2=1480
BUSY TASK ewma=997
DMA IRQ c0=0
DMA IRQ c1=2
DMA IRQ c2=0
DMA IRQ c3=0
SELECT busy=2578
SELECT w0=2561
SELECT w1=1551
SELECT w2=1492
BUSY TASK ewma=997
DMA IRQ c0=0
DMA IRQ c1=2
DMA IRQ c2=0
DMA IRQ c3=0
SELECT busy=2607
SELECT w0=2592
SELECT w1=1573
SELECT w2=1510
BUSY TASK ewma=997
DMA IRQ c0=0
DMA IRQ c1=2
DMA IRQ c2=0
DMA IRQ c3=0
SELECT busy=2632
SELECT w0=2616
SELECT w1=1584
SELECT w2=1521
BUSY TASK ewma=997
DMA IRQ c0=0
DMA IRQ c1=2
DMA IRQ c2=0
DMA IRQ c3=0
SELECT busy=2654
SELECT w0=2638
SELECT w1=1598
SELECT w2=1540
BUSY TASK ewma=997
DMA IRQ c0=0
DMA IRQ c1=2
DMA IRQ c2=0
DMA IRQ c3=0
SELECT busy=2679
SELECT w0=2663
SELECT w1=1613
SELECT w2=1557
BUSY TASK ewma=997
DMA IRQ c0=0
DMA IRQ c1=2
DMA IRQ c2=0
DMA IRQ c3=0
SELECT busy=2699
SELECT w0=2683
SELECT w1=1627
SELECT w2=1569
BUSY TASK ewma=997
DMA IRQ c0=0
DMA IRQ c1=2
DMA IRQ c2=0
DMA IRQ c3=0
SELECT busy=2716
SELECT w0=2699
SELECT w1=1634
SELECT w2=1576
BUSY TASK ewma=997
IRQ counts: cpu0=5452 cpu1=6557 cpu2=6304 cpu3=6416
SCHED secondaries: calls=19277 unexpected=0
SECTEST switches=19244 cpu1=80475837,78086101 cpu2=59104195,58570602 cpu3=88843741,83983344
PINGPONG rounds=1164 pongs=1165
DMA IRQ c0=0
DMA IRQ c1=2
DMA IRQ c2=0
DMA IRQ c3=0
SELECT busy=2744
SELECT w0=2728
SELECT w1=1648
SELECT w2=1592
BUSY TASK ewma=997
DMA IRQ c0=0
DMA IRQ c1=2
DMA IRQ c2=0
DMA IRQ c3=0
SELECT busy=2774
SELECT w0=2757
SELECT w1=1676
SELECT w2=1607
BUSY TASK ewma=997
DMA IRQ c0=0
DMA IRQ c1=2
DMA IRQ c2=0
DMA IRQ c3=0
SELECT busy=2801
SELECT w0=2787
SELECT w1=1699
SELECT w2=1626
BUSY TASK ewma=997
DMA IRQ c0=0
DMA IRQ c1=2
DMA IRQ c2=0
DMA IRQ c3=0
SELECT busy=2823
SELECT w0=2806
SELECT w1=1715
SELECT w2=1639
BUSY TASK ewma=997
DMA IRQ c0=0
DMA IRQ c1=2
DMA IRQ c2=0
DMA IRQ c3=0
SELECT busy=2841
SELECT w0=2824
SELECT w1=1729
SELECT w2=1651
BUSY TASK ewma=997
DMA IRQ c0=0
DMA IRQ c1=2
DMA IRQ c2=0
DMA IRQ c3=0
SELECT busy=2857
SELECT w0=2840
SELECT w1=1735
SELECT w2=1660
BUSY TASK ewma=997
DMA IRQ c0=0
DMA IRQ c1=2
DMA IRQ c2=0
DMA IRQ c3=0
SELECT busy=2884
SELECT w0=2871
SELECT w1=1750
SELECT w2=1676
BUSY TASK ewma=997
DMA IRQ c0=0
DMA IRQ c1=2
DMA IRQ c2=0
DMA IRQ c3=0
SELECT busy=2904
SELECT w0=2887
SELECT w1=1762
SELECT w2=1683
BUSY TASK ewma=997
DMA IRQ c0=0
DMA IRQ c1=2
DMA IRQ c2=0
DMA IRQ c3=0
SELECT busy=2925
SELECT w0=2908
SELECT w1=1776
SELECT w2=1693
BUSY TASK ewma=997
DMA IRQ c0=0
DMA IRQ c1=2
DMA IRQ c2=0
DMA IRQ c3=0
SELECT busy=2941
SELECT w0=2924
SELECT w1=1784
SELECT w2=1700
BUSY TASK ewma=997
DMA IRQ c0=0
DMA IRQ c1=2
DMA IRQ c2=0
DMA IRQ c3=0
SELECT busy=2961
SELECT w0=2945
SELECT w1=1799
SELECT w2=1711
BUSY TASK ewma=997
DMA IRQ c0=0
DMA IRQ c1=2
DMA IRQ c2=0
DMA IRQ c3=0
SELECT busy=2982
SELECT w0=2965
SELECT w1=1807
SELECT w2=1720
BUSY TASK ewma=997
DMA IRQ c0=0
DMA IRQ c1=2
DMA IRQ c2=0
DMA IRQ c3=0
SELECT busy=2998
SELECT w0=2982
SELECT w1=1816
SELECT w2=1729
BUSY TASK ewma=997
DMA IRQ c0=0
DMA IRQ c1=2
DMA IRQ c2=0
DMA IRQ c3=0
SELECT busy=3018
SELECT w0=3002
SELECT w1=1826
SELECT w2=1743
BUSY TASK ewma=997
DMA IRQ c0=0
DMA IRQ c1=2
DMA IRQ c2=0
DMA IRQ c3=0
SELECT busy=3040
SELECT w0=3023
SELECT w1=1838
SELECT w2=1754
BUSY TASK ewma=997
DMA IRQ c0=0
DMA IRQ c1=2
DMA IRQ c2=0
DMA IRQ c3=0
SELECT busy=3060
SELECT w0=3043
SELECT w1=1844
SELECT w2=1760
BUSY TASK ewma=997
DMA IRQ c0=0
DMA IRQ c1=2
DMA IRQ c2=0
DMA IRQ c3=0
SELECT busy=3081
SELECT w0=3065
SELECT w1=1861
SELECT w2=1775
BUSY TASK ewma=997
DMA IRQ c0=0
DMA IRQ c1=2
DMA IRQ c2=0
DMA IRQ c3=0
SELECT busy=3096
SELECT w0=3081
SELECT w1=1873
SELECT w2=1786
BUSY TASK ewma=997
DMA IRQ c0=0
DMA IRQ c1=2
DMA IRQ c2=0
DMA IRQ c3=0
SELECT busy=3116
SELECT w0=3100
SELECT w1=1886
SELECT w2=1802
BUSY TASK ewma=997
DMA IRQ c0=0
DMA IRQ c1=2
DMA IRQ c2=0
DMA IRQ c3=0
SELECT busy=3141
SELECT w0=3125
SELECT w1=1901
SELECT w2=1815
BUSY TASK ewma=997
DMA IRQ c0=0
DMA IRQ c1=2
DMA IRQ c2=0
DMA IRQ c3=0
SELECT busy=3161
SELECT w0=3145
SELECT w1=1913
SELECT w2=1827
BUSY TASK ewma=997
DMA IRQ c0=0
DMA IRQ c1=2
DMA IRQ c2=0
DMA IRQ c3=0
SELECT busy=3178
SELECT w0=3162
SELECT w1=1925
SELECT w2=1837
BUSY TASK ewma=997
DMA IRQ c0=0
DMA IRQ c1=2
DMA IRQ c2=0
DMA IRQ c3=0
SELECT busy=3194
SELECT w0=3177
SELECT w1=1935
SELECT w2=1848
BUSY TASK ewma=997
DMA IRQ c0=0
DMA IRQ c1=2
DMA IRQ c2=0
DMA IRQ c3=0
SELECT busy=3210
SELECT w0=3194
SELECT w1=1945
SELECT w2=1860
BUSY TASK ewma=997
DMA IRQ c0=0
DMA IRQ c1=2
DMA IRQ c2=0
DMA IRQ c3=0
SELECT busy=3227
SELECT w0=3211
SELECT w1=1956
SELECT w2=1872
BUSY TASK ewma=997
DMA IRQ c0=0
DMA IRQ c1=2
DMA IRQ c2=0
DMA IRQ c3=0
SELECT busy=3243
SELECT w0=3227
SELECT w1=1965
SELECT w2=1882
BUSY TASK ewma=997
DMA IRQ c0=0
DMA IRQ c1=2
DMA IRQ c2=0
DMA IRQ c3=0
SELECT busy=3264
SELECT w0=3248
SELECT w1=1979
SELECT w2=1901
BUSY TASK ewma=997
DMA IRQ c0=0
DMA IRQ c1=2
DMA IRQ c2=0
DMA IRQ c3=0
SELECT busy=3282
SELECT w0=3266
SELECT w1=1990
SELECT w2=1912
BUSY TASK ewma=997
DMA IRQ c0=0
DMA IRQ c1=2
DMA IRQ c2=0
DMA IRQ c3=0
SELECT busy=3308
SELECT w0=3292
SELECT w1=2004
SELECT w2=1928
BUSY TASK ewma=997
DMA IRQ c0=0
DMA IRQ c1=2
DMA IRQ c2=0
DMA IRQ c3=0
SELECT busy=3330
SELECT w0=3314
SELECT w1=2015
SELECT w2=1938
BUSY TASK ewma=997
DMA IRQ c0=0
DMA IRQ c1=2
DMA IRQ c2=0
DMA IRQ c3=0
SELECT busy=3354
SELECT w0=3340
SELECT w1=2029
SELECT w2=1955
BUSY TASK ewma=997
DMA IRQ c0=0
DMA IRQ c1=2
DMA IRQ c2=0
DMA IRQ c3=0
SELECT busy=3380
SELECT w0=3363
SELECT w1=2040
SELECT w2=1967
BUSY TASK ewma=997
DMA IRQ c0=0
DMA IRQ c1=2
DMA IRQ c2=0
DMA IRQ c3=0
SELECT busy=3398
SELECT w0=3382
SELECT w1=2053
SELECT w2=1979
BUSY TASK ewma=997
DMA IRQ c0=0
DMA IRQ c1=2
DMA IRQ c2=0
DMA IRQ c3=0
SELECT busy=3417
SELECT w0=3400
SELECT w1=2061
SELECT w2=1985
BUSY TASK ewma=997
DMA IRQ c0=0
DMA IRQ c1=2
DMA IRQ c2=0
DMA IRQ c3=0
SELECT busy=3436
SELECT w0=3420
SELECT w1=2072
SELECT w2=2000
BUSY TASK ewma=997
DMA IRQ c0=0
DMA IRQ c1=2
DMA IRQ c2=0
DMA IRQ c3=0
SELECT busy=3453
SELECT w0=3437
SELECT w1=2078
SELECT w2=2005
BUSY TASK ewma=997
DMA IRQ c0=0
DMA IRQ c1=2
DMA IRQ c2=0
DMA IRQ c3=0
SELECT busy=3473
SELECT w0=3456
SELECT w1=2084
SELECT w2=2011
BUSY TASK ewma=997
DMA IRQ c0=0
DMA IRQ c1=2
DMA IRQ c2=0
DMA IRQ c3=0
SELECT busy=3492
SELECT w0=3475
SELECT w1=2091
SELECT w2=2019
BUSY TASK ewma=997
DMA IRQ c0=0
DMA IRQ c1=2
DMA IRQ c2=0
DMA IRQ c3=0
SELECT busy=3507
SELECT w0=3490
SELECT w1=2098
SELECT w2=2025
BUSY TASK ewma=997
DMA IRQ c0=0
DMA IRQ c1=2
DMA IRQ c2=0
DMA IRQ c3=0
SELECT busy=3527
SELECT w0=3512
SELECT w1=2113
SELECT w2=2037
BUSY TASK ewma=997
DMA IRQ c0=0
DMA IRQ c1=2
DMA IRQ c2=0
DMA IRQ c3=0
SELECT busy=3547
SELECT w0=3531
SELECT w1=2130
SELECT w2=2049
BUSY TASK ewma=997
DMA IRQ c0=0
DMA IRQ c1=2
DMA IRQ c2=0
DMA IRQ c3=0
SELECT busy=3570
SELECT w0=3554
SELECT w1=2146
SELECT w2=2062
BUSY TASK ewma=997
DMA IRQ c0=0
DMA IRQ c1=2
DMA IRQ c2=0
DMA IRQ c3=0
SELECT busy=3584
SELECT w0=3567
SELECT w1=2154
SELECT w2=2069
BUSY TASK ewma=997
DMA IRQ c0=0
DMA IRQ c1=2
DMA IRQ c2=0
DMA IRQ c3=0
SELECT busy=3603
SELECT w0=3586
SELECT w1=2162
SELECT w2=2078
BUSY TASK ewma=997
DMA IRQ c0=0
DMA IRQ c1=2
DMA IRQ c2=0
DMA IRQ c3=0
SELECT busy=3622
SELECT w0=3605
SELECT w1=2168
SELECT w2=2084
BUSY TASK ewma=997
DMA IRQ c0=0
DMA IRQ c1=2
DMA IRQ c2=0
DMA IRQ c3=0
SELECT busy=3642
SELECT w0=3626
SELECT w1=2174
SELECT w2=2091
BUSY TASK ewma=997
DMA IRQ c0=0
DMA IRQ c1=2
DMA IRQ c2=0
DMA IRQ c3=0
SELECT busy=3666
SELECT w0=3650
SELECT w1=2183
SELECT w2=2105
BUSY TASK ewma=997
DMA IRQ c0=0
DMA IRQ c1=2
DMA IRQ c2=0
DMA IRQ c3=0
SELECT busy=3687
SELECT w0=3671
SELECT w1=2197
SELECT w2=2117
BUSY TASK ewma=997
DMA IRQ c0=0
DMA IRQ c1=2
DMA IRQ c2=0
DMA IRQ c3=0
SELECT busy=3716
SELECT w0=3700
SELECT w1=2216
SELECT w2=2137
BUSY TASK ewma=997
DMA IRQ c0=0
DMA IRQ c1=2
DMA IRQ c2=0
DMA IRQ c3=0
SELECT busy=3732
SELECT w0=3716
SELECT w1=2228
SELECT w2=2151
BUSY TASK ewma=997
DMA IRQ c0=0
DMA IRQ c1=2
DMA IRQ c2=0
DMA IRQ c3=0
SELECT busy=3747
SELECT w0=3730
SELECT w1=2235
SELECT w2=2160
BUSY TASK ewma=997
DMA IRQ c0=0
DMA IRQ c1=2
DMA IRQ c2=0
DMA IRQ c3=0
SELECT busy=3768
SELECT w0=3752
SELECT w1=2247
SELECT w2=2170
BUSY TASK ewma=997
DMA IRQ c0=0
DMA IRQ c1=2
DMA IRQ c2=0
DMA IRQ c3=0
SELECT busy=3789
SELECT w0=3773
SELECT w1=2258
SELECT w2=2181
BUSY TASK ewma=997
DMA IRQ c0=0
DMA IRQ c1=2
DMA IRQ c2=0
DMA IRQ c3=0
SELECT busy=3806
SELECT w0=3789
SELECT w1=2266
SELECT w2=2190
BUSY TASK ewma=997
DMA IRQ c0=0
DMA IRQ c1=2
DMA IRQ c2=0
DMA IRQ c3=0
SELECT busy=3816
SELECT w0=3799
SELECT w1=2272
SELECT w2=2195
BUSY TASK ewma=997
DMA IRQ c0=0
DMA IRQ c1=2
DMA IRQ c2=0
DMA IRQ c3=0
SELECT busy=3835
SELECT w0=3819
SELECT w1=2284
SELECT w2=2204
BUSY TASK ewma=997
DMA IRQ c0=0
DMA IRQ c1=2
DMA IRQ c2=0
DMA IRQ c3=0
SELECT busy=3852
SELECT w0=3835
SELECT w1=2296
SELECT w2=2214
BUSY TASK ewma=997
DMA IRQ c0=0
DMA IRQ c1=2
DMA IRQ c2=0
DMA IRQ c3=0
SELECT busy=3865
SELECT w0=3849
SELECT w1=2303
SELECT w2=2221
BUSY TASK ewma=997
DMA IRQ c0=0
DMA IRQ c1=2
DMA IRQ c2=0
DMA IRQ c3=0
SELECT busy=3883
SELECT w0=3866
SELECT w1=2312
SELECT w2=2229
BUSY TASK ewma=997
DMA IRQ c0=0
DMA IRQ c1=2
DMA IRQ c2=0
DMA IRQ c3=0
SELECT busy=3917
SELECT w0=3901
SELECT w1=2329
SELECT w2=2246
BUSY TASK ewma=997
DMA IRQ c0=0
DMA IRQ c1=2
DMA IRQ c2=0
DMA IRQ c3=0
SELECT busy=3953
SELECT w0=3936
SELECT w1=2346
SELECT w2=2263
BUSY TASK ewma=997
DMA IRQ c0=0
DMA IRQ c1=2
DMA IRQ c2=0
DMA IRQ c3=0
SELECT busy=3978
SELECT w0=3961
SELECT w1=2359
SELECT w2=2276
BUSY TASK ewma=997
DMA IRQ c0=0
DMA IRQ c1=2
DMA IRQ c2=0
DMA IRQ c3=0
SELECT busy=4010
SELECT w0=3994
SELECT w1=2376
SELECT w2=2292
BUSY TASK ewma=997
DMA IRQ c0=0
DMA IRQ c1=2
DMA IRQ c2=0
DMA IRQ c3=0
SELECT busy=4043
SELECT w0=4026
SELECT w1=2389
SELECT w2=2307
BUSY TASK ewma=997
IRQ counts: cpu0=8116 cpu1=9679 cpu2=9308 cpu3=9438
SCHED secondaries: calls=28434 unexpected=0
SECTEST switches=28400 cpu1=116454720,114987099 cpu2=87930583,87676823 cpu3=131669216,124290472
PINGPONG rounds=1686 pongs=1687
DMA IRQ c0=0
DMA IRQ c1=2
DMA IRQ c2=0
DMA IRQ c3=0
SELECT busy=4085
SELECT w0=4069
SELECT w1=2419
SELECT w2=2335
BUSY TASK ewma=997
DMA IRQ c0=0
DMA IRQ c1=2
DMA IRQ c2=0
DMA IRQ c3=0
SELECT busy=4106
SELECT w0=4090
SELECT w1=2430
SELECT w2=2348
BUSY TASK ewma=997
DMA IRQ c0=0
DMA IRQ c1=2
DMA IRQ c2=0
DMA IRQ c3=0
SELECT busy=4131
SELECT w0=4115
SELECT w1=2447
SELECT w2=2365
BUSY TASK ewma=997
DMA IRQ c0=0
DMA IRQ c1=2
DMA IRQ c2=0
DMA IRQ c3=0
SELECT busy=4161
SELECT w0=4145
SELECT w1=2465
SELECT w2=2384
BUSY TASK ewma=997
DMA IRQ c0=0
DMA IRQ c1=2
DMA IRQ c2=0
DMA IRQ c3=0
SELECT busy=4181
SELECT w0=4165
SELECT w1=2476
SELECT w2=2395
BUSY TASK ewma=997
DMA IRQ c0=0
DMA IRQ c1=2
DMA IRQ c2=0
DMA IRQ c3=0
SELECT busy=4200
SELECT w0=4184
SELECT w1=2488
SELECT w2=2409
BUSY TASK ewma=997
DMA IRQ c0=0
DMA IRQ c1=2
DMA IRQ c2=0
DMA IRQ c3=0
SELECT busy=4228
SELECT w0=4212
SELECT w1=2504
SELECT w2=2425
BUSY TASK ewma=997
DMA IRQ c0=0
DMA IRQ c1=2
DMA IRQ c2=0
DMA IRQ c3=0
SELECT busy=4247
SELECT w0=4231
SELECT w1=2515
SELECT w2=2437
BUSY TASK ewma=997
DMA IRQ c0=0
DMA IRQ c1=2
DMA IRQ c2=0
DMA IRQ c3=0
SELECT busy=4282
SELECT w0=4266
SELECT w1=2536
SELECT w2=2455
BUSY TASK ewma=997
DMA IRQ c0=0
DMA IRQ c1=2
DMA IRQ c2=0
DMA IRQ c3=0
SELECT busy=4303
SELECT w0=4288
SELECT w1=2552
SELECT w2=2465
BUSY TASK ewma=997
DMA IRQ c0=0
DMA IRQ c1=2
DMA IRQ c2=0
DMA IRQ c3=0
SELECT busy=4327
SELECT w0=4311
SELECT w1=2566
SELECT w2=2478
BUSY TASK ewma=997
DMA IRQ c0=0
DMA IRQ c1=2
DMA IRQ c2=0
DMA IRQ c3=0
SELECT busy=4346
SELECT w0=4330
SELECT w1=2574
SELECT w2=2487
BUSY TASK ewma=997
DMA IRQ c0=0
DMA IRQ c1=2
DMA IRQ c2=0
DMA IRQ c3=0
SELECT busy=4370
SELECT w0=4353
SELECT w1=2589
SELECT w2=2498
BUSY TASK ewma=997
DMA IRQ c0=0
DMA IRQ c1=2
DMA IRQ c2=0
DMA IRQ c3=0
SELECT busy=4392
SELECT w0=4375
SELECT w1=2597
SELECT w2=2506
BUSY TASK ewma=997
DMA IRQ c0=0
DMA IRQ c1=2
DMA IRQ c2=0
DMA IRQ c3=0
SELECT busy=4415
SELECT w0=4398
SELECT w1=2608
SELECT w2=2517
BUSY TASK ewma=997
DMA IRQ c0=0
DMA IRQ c1=2
DMA IRQ c2=0
DMA IRQ c3=0
SELECT busy=4439
SELECT w0=4423
SELECT w1=2621
SELECT w2=2532
BUSY TASK ewma=997
DMA IRQ c0=0
DMA IRQ c1=2
DMA IRQ c2=0
DMA IRQ c3=0
SELECT busy=4458
SELECT w0=4442
SELECT w1=2630
SELECT w2=2541
BUSY TASK ewma=997
DMA IRQ c0=0
DMA IRQ c1=2
DMA IRQ c2=0
DMA IRQ c3=0
SELECT busy=4474
SELECT w0=4458
SELECT w1=2638
SELECT w2=2550
BUSY TASK ewma=997
DMA IRQ c0=0
DMA IRQ c1=2
DMA IRQ c2=0
DMA IRQ c3=0
SELECT busy=4492
SELECT w0=4475
SELECT w1=2646
SELECT w2=2558
BUSY TASK ewma=997
DMA IRQ c0=0
DMA IRQ c1=2
DMA IRQ c2=0
DMA IRQ c3=0
SELECT busy=4510
SELECT w0=4494
SELECT w1=2657
SELECT w2=2569
BUSY TASK ewma=997
DMA IRQ c0=0
DMA IRQ c1=2
DMA IRQ c2=0
DMA IRQ c3=0
SELECT busy=4534
SELECT w0=4518
SELECT w1=2672
SELECT w2=2583
BUSY TASK ewma=997
DMA IRQ c0=0
DMA IRQ c1=2
DMA IRQ c2=0
DMA IRQ c3=0
SELECT busy=4556
SELECT w0=4539
SELECT w1=2686
SELECT w2=2600
BUSY TASK ewma=997
DMA IRQ c0=0
DMA IRQ c1=2
DMA IRQ c2=0
DMA IRQ c3=0
SELECT busy=4577
SELECT w0=4561
SELECT w1=2698
SELECT w2=2614
BUSY TASK ewma=997
DMA IRQ c0=0
DMA IRQ c1=2
DMA IRQ c2=0
DMA IRQ c3=0
SELECT busy=4607
SELECT w0=4591
SELECT w1=2714
SELECT w2=2627
BUSY TASK ewma=997
DMA IRQ c0=0
DMA IRQ c1=2
DMA IRQ c2=0
DMA IRQ c3=0
SELECT busy=4632
SELECT w0=4617
SELECT w1=2731
SELECT w2=2646
BUSY TASK ewma=997
DMA IRQ c0=0
DMA IRQ c1=2
DMA IRQ c2=0
DMA IRQ c3=0
SELECT busy=4656
SELECT w0=4639
SELECT w1=2742
SELECT w2=2656
BUSY TASK ewma=997
DMA IRQ c0=0
DMA IRQ c1=2
DMA IRQ c2=0
DMA IRQ c3=0
SELECT busy=4680
SELECT w0=4664
SELECT w1=2751
SELECT w2=2668
BUSY TASK ewma=997
DMA IRQ c0=0
DMA IRQ c1=2
DMA IRQ c2=0
DMA IRQ c3=0
SELECT busy=4701
SELECT w0=4684
SELECT w1=2757
SELECT w2=2675
BUSY TASK ewma=997
DMA IRQ c0=0
DMA IRQ c1=2
DMA IRQ c2=0
DMA IRQ c3=0
SELECT busy=4725
SELECT w0=4709
SELECT w1=2775
SELECT w2=2692
BUSY TASK ewma=997
DMA IRQ c0=0
DMA IRQ c1=2
DMA IRQ c2=0
DMA IRQ c3=0
SELECT busy=4762
SELECT w0=4745
SELECT w1=2793
SELECT w2=2711
BUSY TASK ewma=997
DMA IRQ c0=0
DMA IRQ c1=2
DMA IRQ c2=0
DMA IRQ c3=0
SELECT busy=4785
SELECT w0=4769
SELECT w1=2803
SELECT w2=2722
BUSY TASK ewma=997
DMA IRQ c0=0
DMA IRQ c1=2
DMA IRQ c2=0
DMA IRQ c3=0
SELECT busy=4807
SELECT w0=4790
SELECT w1=2811
SELECT w2=2730
BUSY TASK ewma=997
DMA IRQ c0=0
DMA IRQ c1=2
DMA IRQ c2=0
DMA IRQ c3=0
SELECT busy=4824
SELECT w0=4807
SELECT w1=2819
SELECT w2=2739
BUSY TASK ewma=997
DMA IRQ c0=0
DMA IRQ c1=2
DMA IRQ c2=0
DMA IRQ c3=0
SELECT busy=4846
SELECT w0=4830
SELECT w1=2831
SELECT w2=2752
BUSY TASK ewma=997
DMA IRQ c0=0
DMA IRQ c1=2
DMA IRQ c2=0
DMA IRQ c3=0
SELECT busy=4874
SELECT w0=4858
SELECT w1=2846
SELECT w2=2770
BUSY TASK ewma=997
DMA IRQ c0=0
DMA IRQ c1=2
DMA IRQ c2=0
DMA IRQ c3=0
SELECT busy=4902
SELECT w0=4885
SELECT w1=2863
SELECT w2=2787
BUSY TASK ewma=997
DMA IRQ c0=0
DMA IRQ c1=2
DMA IRQ c2=0
DMA IRQ c3=0
SELECT busy=4931
SELECT w0=4915
SELECT w1=2879
SELECT w2=2805
BUSY TASK ewma=997
DMA IRQ c0=0
DMA IRQ c1=2
DMA IRQ c2=0
DMA IRQ c3=0
SELECT busy=4962
SELECT w0=4945
SELECT w1=2894
SELECT w2=2824
BUSY TASK ewma=997
DMA IRQ c0=0
DMA IRQ c1=2
DMA IRQ c2=0
DMA IRQ c3=0
SELECT busy=4983
SELECT w0=4967
SELECT w1=2903
SELECT w2=2834
BUSY TASK ewma=997
DMA IRQ c0=0
DMA IRQ c1=2
DMA IRQ c2=0
DMA IRQ c3=0
SELECT busy=5020
SELECT w0=5004
SELECT w1=2918
SELECT w2=2857
BUSY TASK ewma=997
DMA IRQ c0=0
DMA IRQ c1=2
DMA IRQ c2=0
DMA IRQ c3=0
SELECT busy=5037
SELECT w0=5021
SELECT w1=2926
SELECT w2=2866
BUSY TASK ewma=997
DMA IRQ c0=0
DMA IRQ c1=2
DMA IRQ c2=0
DMA IRQ c3=0
SELECT busy=5058
SELECT w0=5042
SELECT w1=2933
SELECT w2=2875
BUSY TASK ewma=997
DMA IRQ c0=0
DMA IRQ c1=2
DMA IRQ c2=0
DMA IRQ c3=0
SELECT busy=5077
SELECT w0=5061
SELECT w1=2940
SELECT w2=2884
BUSY TASK ewma=997
DMA IRQ c0=0
DMA IRQ c1=2
DMA IRQ c2=0
DMA IRQ c3=0
SELECT busy=5098
SELECT w0=5082
SELECT w1=2950
SELECT w2=2900
BUSY TASK ewma=997
DMA IRQ c0=0
DMA IRQ c1=2
DMA IRQ c2=0
DMA IRQ c3=0
SELECT busy=5118
SELECT w0=5101
SELECT w1=2958
SELECT w2=2909
BUSY TASK ewma=997
DMA IRQ c0=0
DMA IRQ c1=2
DMA IRQ c2=0
DMA IRQ c3=0
SELECT busy=5141
SELECT w0=5125
SELECT w1=2968
SELECT w2=2923
BUSY TASK ewma=997
DMA IRQ c0=0
DMA IRQ c1=2
DMA IRQ c2=0
DMA IRQ c3=0
SELECT busy=5166
SELECT w0=5149
SELECT w1=2979
SELECT w2=2939
BUSY TASK ewma=997
DMA IRQ c0=0
DMA IRQ c1=2
DMA IRQ c2=0
DMA IRQ c3=0
SELECT busy=5194
SELECT w0=5178
SELECT w1=2993
SELECT w2=2957
BUSY TASK ewma=997
DMA IRQ c0=0
DMA IRQ c1=2
DMA IRQ c2=0
DMA IRQ c3=0
SELECT busy=5231
SELECT w0=5214
SELECT w1=3008
SELECT w2=2979
BUSY TASK ewma=997
DMA IRQ c0=0
DMA IRQ c1=2
DMA IRQ c2=0
DMA IRQ c3=0
SELECT busy=5249
SELECT w0=5232
SELECT w1=3014
SELECT w2=2985
BUSY TASK ewma=997
DMA IRQ c0=0
DMA IRQ c1=2
DMA IRQ c2=0
DMA IRQ c3=0
SELECT busy=5264
SELECT w0=5247
SELECT w1=3020
SELECT w2=2996
BUSY TASK ewma=997
DMA IRQ c0=0
DMA IRQ c1=2
DMA IRQ c2=0
DMA IRQ c3=0
SELECT busy=5289
SELECT w0=5272
SELECT w1=3031
SELECT w2=3009
BUSY TASK ewma=997
DMA IRQ c0=0
DMA IRQ c1=2
DMA IRQ c2=0
DMA IRQ c3=0
SELECT busy=5308
SELECT w0=5292
SELECT w1=3038
SELECT w2=3018
BUSY TASK ewma=997
DMA IRQ c0=0
DMA IRQ c1=2
DMA IRQ c2=0
DMA IRQ c3=0
SELECT busy=5330
SELECT w0=5313
SELECT w1=3047
SELECT w2=3030
BUSY TASK ewma=997
DMA IRQ c0=0
DMA IRQ c1=2
DMA IRQ c2=0
DMA IRQ c3=0
SELECT busy=5344
SELECT w0=5329
SELECT w1=3057
SELECT w2=3046
BUSY TASK ewma=997
DMA IRQ c0=0
DMA IRQ c1=2
DMA IRQ c2=0
DMA IRQ c3=0
SELECT busy=5369
SELECT w0=5353
SELECT w1=3071
SELECT w2=3062
BUSY TASK ewma=997
DMA IRQ c0=0
DMA IRQ c1=2
DMA IRQ c2=0
DMA IRQ c3=0
SELECT busy=5386
SELECT w0=5369
SELECT w1=3077
SELECT w2=3070
BUSY TASK ewma=997
DMA IRQ c0=0
DMA IRQ c1=2
DMA IRQ c2=0
DMA IRQ c3=0
SELECT busy=5405
SELECT w0=5389
SELECT w1=3089
SELECT w2=3086
BUSY TASK ewma=997
DMA IRQ c0=0
DMA IRQ c1=2
DMA IRQ c2=0
DMA IRQ c3=0
SELECT busy=5426
SELECT w0=5410
SELECT w1=3102
SELECT w2=3104
BUSY TASK ewma=997
DMA IRQ c0=0
DMA IRQ c1=2
DMA IRQ c2=0
DMA IRQ c3=0
SELECT busy=5455
SELECT w0=5438
SELECT w1=3119
SELECT w2=3124
BUSY TASK ewma=997
DMA IRQ c0=0
DMA IRQ c1=2
DMA IRQ c2=0
DMA IRQ c3=0
SELECT busy=5482
SELECT w0=5466
SELECT w1=3130
SELECT w2=3141
BUSY TASK ewma=997
DMA IRQ c0=0
DMA IRQ c1=2
DMA IRQ c2=0
DMA IRQ c3=0
SELECT busy=5501
SELECT w0=5485
SELECT w1=3140
SELECT w2=3156
BUSY TASK ewma=997
DMA IRQ c0=0
DMA IRQ c1=2
DMA IRQ c2=0
DMA IRQ c3=0
SELECT busy=5521
SELECT w0=5505
SELECT w1=3155
SELECT w2=3171
BUSY TASK ewma=997
DMA IRQ c0=0
DMA IRQ c1=2
DMA IRQ c2=0
DMA IRQ c3=0
SELECT busy=5546
SELECT w0=5530
SELECT w1=3165
SELECT w2=3184
BUSY TASK ewma=997
IRQ counts: cpu0=11130 cpu1=13156 cpu2=12842 cpu3=12930
SCHED secondaries: calls=38940 unexpected=0
SECTEST switches=38916 cpu1=151322058,150123999 cpu2=117464334,117286253 cpu3=173080255,165038201
PINGPONG rounds=2000 pongs=2000
DMA IRQ c0=0
DMA IRQ c1=2
DMA IRQ c2=0
DMA IRQ c3=0
SELECT busy=5585
SELECT w0=5568
SELECT w1=3182
SELECT w2=3208
BUSY TASK ewma=997
DMA IRQ c0=0
DMA IRQ c1=2
DMA IRQ c2=0
DMA IRQ c3=0
SELECT busy=5619
SELECT w0=5603
SELECT w1=3200
SELECT w2=3232
BUSY TASK ewma=997
DMA IRQ c0=0
DMA IRQ c1=2
DMA IRQ c2=0
DMA IRQ c3=0
SELECT busy=5641
SELECT w0=5625
SELECT w1=3212
SELECT w2=3244
BUSY TASK ewma=997
DMA IRQ c0=0
DMA IRQ c1=2
DMA IRQ c2=0
DMA IRQ c3=0
SELECT busy=5657
SELECT w0=5641
SELECT w1=3222
SELECT w2=3255
BUSY TASK ewma=997
DMA IRQ c0=0
DMA IRQ c1=2
DMA IRQ c2=0
DMA IRQ c3=0
SELECT busy=5671
SELECT w0=5655
SELECT w1=3228
SELECT w2=3264
BUSY TASK ewma=997
DMA IRQ c0=0
DMA IRQ c1=2
DMA IRQ c2=0
DMA IRQ c3=0
SELECT busy=5696
SELECT w0=5679
SELECT w1=3239
SELECT w2=3276
BUSY TASK ewma=997
DMA IRQ c0=0
DMA IRQ c1=2
DMA IRQ c2=0
DMA IRQ c3=0
SELECT busy=5714
SELECT w0=5697
SELECT w1=3246
SELECT w2=3285
BUSY TASK ewma=997
DMA IRQ c0=0
DMA IRQ c1=2
DMA IRQ c2=0
DMA IRQ c3=0
SELECT busy=5734
SELECT w0=5717
SELECT w1=3252
SELECT w2=3293
BUSY TASK ewma=997
DMA IRQ c0=0
DMA IRQ c1=2
DMA IRQ c2=0
DMA IRQ c3=0
SELECT busy=5752
SELECT w0=5735
SELECT w1=3260
SELECT w2=3307
BUSY TASK ewma=997
DMA IRQ c0=0
DMA IRQ c1=2
DMA IRQ c2=0
DMA IRQ c3=0
SELECT busy=5773
SELECT w0=5756
SELECT w1=3269
SELECT w2=3319
BUSY TASK ewma=997
DMA IRQ c0=0
DMA IRQ c1=2
DMA IRQ c2=0
DMA IRQ c3=0
SELECT busy=5789
SELECT w0=5773
SELECT w1=3276
SELECT w2=3328
BUSY TASK ewma=997
DMA IRQ c0=0
DMA IRQ c1=2
DMA IRQ c2=0
DMA IRQ c3=0
SELECT busy=5808
SELECT w0=5791
SELECT w1=3285
SELECT w2=3339
BUSY TASK ewma=997
DMA IRQ c0=0
DMA IRQ c1=2
DMA IRQ c2=0
DMA IRQ c3=0
SELECT busy=5825
SELECT w0=5808
SELECT w1=3294
SELECT w2=3348
BUSY TASK ewma=997
DMA IRQ c0=0
DMA IRQ c1=2
DMA IRQ c2=0
DMA IRQ c3=0
SELECT busy=5851
SELECT w0=5835
SELECT w1=3307
SELECT w2=3364
BUSY TASK ewma=997
DMA IRQ c0=0
DMA IRQ c1=2
DMA IRQ c2=0
DMA IRQ c3=0
SELECT busy=5873
SELECT w0=5856
SELECT w1=3316
SELECT w2=3374
BUSY TASK ewma=997
DMA IRQ c0=0
DMA IRQ c1=2
DMA IRQ c2=0
DMA IRQ c3=0
SELECT busy=5895
SELECT w0=5880
SELECT w1=3324
SELECT w2=3386
BUSY TASK ewma=997
DMA IRQ c0=0
DMA IRQ c1=2
DMA IRQ c2=0
DMA IRQ c3=0
SELECT busy=5916
SELECT w0=5900
SELECT w1=3334
SELECT w2=3397
BUSY TASK ewma=997
DMA IRQ c0=0
DMA IRQ c1=2
DMA IRQ c2=0
DMA IRQ c3=0
SELECT busy=5948
SELECT w0=5932
SELECT w1=3352
SELECT w2=3416
BUSY TASK ewma=997
DMA IRQ c0=0
DMA IRQ c1=2
DMA IRQ c2=0
DMA IRQ c3=0
SELECT busy=5970
SELECT w0=5954
SELECT w1=3361
SELECT w2=3429
BUSY TASK ewma=997
DMA IRQ c0=0
DMA IRQ c1=2
DMA IRQ c2=0
DMA IRQ c3=0
SELECT busy=5994
SELECT w0=5979
SELECT w1=3371
SELECT w2=3444
BUSY TASK ewma=997
DMA IRQ c0=0
DMA IRQ c1=2
DMA IRQ c2=0
DMA IRQ c3=0
SELECT busy=6023
SELECT w0=6007
SELECT w1=3385
SELECT w2=3460
BUSY TASK ewma=997
DMA IRQ c0=0
DMA IRQ c1=2
DMA IRQ c2=0
DMA IRQ c3=0
SELECT busy=6053
SELECT w0=6037
SELECT w1=3397
SELECT w2=3474
BUSY TASK ewma=997
DMA IRQ c0=0
DMA IRQ c1=2
DMA IRQ c2=0
DMA IRQ c3=0
SELECT busy=6069
SELECT w0=6052
SELECT w1=3403
SELECT w2=3482
BUSY TASK ewma=997
DMA IRQ c0=0
DMA IRQ c1=2
DMA IRQ c2=0
DMA IRQ c3=0
SELECT busy=6086
SELECT w0=6070
SELECT w1=3411
SELECT w2=3494
BUSY TASK ewma=997
DMA IRQ c0=0
DMA IRQ c1=2
DMA IRQ c2=0
DMA IRQ c3=0
SELECT busy=6111
SELECT w0=6097
SELECT w1=3425
SELECT w2=3514
BUSY TASK ewma=997
DMA IRQ c0=0
DMA IRQ c1=2
DMA IRQ c2=0
DMA IRQ c3=0
SELECT busy=6141
SELECT w0=6125
SELECT w1=3440
SELECT w2=3531
BUSY TASK ewma=997
DMA IRQ c0=0
DMA IRQ c1=2
DMA IRQ c2=0
DMA IRQ c3=0
SELECT busy=6179
SELECT w0=6162
SELECT w1=3458
SELECT w2=3552
BUSY TASK ewma=997
DMA IRQ c0=0
DMA IRQ c1=2
DMA IRQ c2=0
DMA IRQ c3=0
SELECT busy=6207
SELECT w0=6190
SELECT w1=3469
SELECT w2=3567
BUSY TASK ewma=997
DMA IRQ c0=0
DMA IRQ c1=2
DMA IRQ c2=0
DMA IRQ c3=0
SELECT busy=6230
SELECT w0=6214
SELECT w1=3479
SELECT w2=3580
BUSY TASK ewma=997
DMA IRQ c0=0
DMA IRQ c1=2
DMA IRQ c2=0
DMA IRQ c3=0
SELECT busy=6257
SELECT w0=6242
SELECT w1=3493
SELECT w2=3598
BUSY TASK ewma=997
DMA IRQ c0=0
DMA IRQ c1=2
DMA IRQ c2=0
DMA IRQ c3=0
SELECT busy=6273
SELECT w0=6256
SELECT w1=3501
SELECT w2=3608
BUSY TASK ewma=997
DMA IRQ c0=0
DMA IRQ c1=2
DMA IRQ c2=0
DMA IRQ c3=0
SELECT busy=6288
SELECT w0=6271
SELECT w1=3508
SELECT w2=3617
BUSY TASK ewma=997
DMA IRQ c0=0
DMA IRQ c1=2
DMA IRQ c2=0
DMA IRQ c3=0
SELECT busy=6305
SELECT w0=6289
SELECT w1=3517
SELECT w2=3631
BUSY TASK ewma=997
DMA IRQ c0=0
DMA IRQ c1=2
DMA IRQ c2=0
DMA IRQ c3=0
SELECT busy=6323
SELECT w0=6307
SELECT w1=3525
SELECT w2=3641
BUSY TASK ewma=997
DMA IRQ c0=0
DMA IRQ c1=2
DMA IRQ c2=0
DMA IRQ c3=0
SELECT busy=6344
SELECT w0=6327
SELECT w1=3535
SELECT w2=3650
BUSY TASK ewma=997
DMA IRQ c0=0
DMA IRQ c1=2
DMA IRQ c2=0
DMA IRQ c3=0
SELECT busy=6366
SELECT w0=6350
SELECT w1=3548
SELECT w2=3667
BUSY TASK ewma=997
DMA IRQ c0=0
DMA IRQ c1=2
DMA IRQ c2=0
DMA IRQ c3=0
SELECT busy=6383
SELECT w0=6366
SELECT w1=3557
SELECT w2=3676
BUSY TASK ewma=997
DMA IRQ c0=0
DMA IRQ c1=2
DMA IRQ c2=0
DMA IRQ c3=0
SELECT busy=6409
SELECT w0=6393
SELECT w1=3571
SELECT w2=3690
BUSY TASK ewma=997
DMA IRQ c0=0
DMA IRQ c1=2
DMA IRQ c2=0
DMA IRQ c3=0
SELECT busy=6424
SELECT w0=6407
SELECT w1=3578
SELECT w2=3701
BUSY TASK ewma=997
DMA IRQ c0=0
DMA IRQ c1=2
DMA IRQ c2=0
DMA IRQ c3=0
SELECT busy=6445
SELECT w0=6429
SELECT w1=3588
SELECT w2=3709
BUSY TASK ewma=997
DMA IRQ c0=0
DMA IRQ c1=2
DMA IRQ c2=0
DMA IRQ c3=0
SELECT busy=6468
SELECT w0=6452
SELECT w1=3602
SELECT w2=3722
BUSY TASK ewma=997
DMA IRQ c0=0
DMA IRQ c1=2
DMA IRQ c2=0
DMA IRQ c3=0
SELECT busy=6481
SELECT w0=6464
SELECT w1=3607
SELECT w2=3729
BUSY TASK ewma=997
DMA IRQ c0=0
DMA IRQ c1=2
DMA IRQ c2=0
DMA IRQ c3=0
SELECT busy=6498
SELECT w0=6482
SELECT w1=3614
SELECT w2=3739
BUSY TASK ewma=997
DMA IRQ c0=0
DMA IRQ c1=2
DMA IRQ c2=0
DMA IRQ c3=0
SELECT busy=6524
SELECT w0=6509
SELECT w1=3626
SELECT w2=3752
BUSY TASK ewma=997
DMA IRQ c0=0
DMA IRQ c1=2
DMA IRQ c2=0
DMA IRQ c3=0
SELECT busy=6551
SELECT w0=6535
SELECT w1=3639
SELECT w2=3769
BUSY TASK ewma=997
DMA IRQ c0=0
DMA IRQ c1=2
DMA IRQ c2=0
DMA IRQ c3=0
SELECT busy=6575
SELECT w0=6559
SELECT w1=3653
SELECT w2=3790
BUSY TASK ewma=997
DMA IRQ c0=0
DMA IRQ c1=2
DMA IRQ c2=0
DMA IRQ c3=0
SELECT busy=6608
SELECT w0=6592
SELECT w1=3665
SELECT w2=3807
BUSY TASK ewma=997
DMA IRQ c0=0
DMA IRQ c1=2
DMA IRQ c2=0
DMA IRQ c3=0
SELECT busy=6629
SELECT w0=6613
SELECT w1=3673
SELECT w2=3817
BUSY TASK ewma=997
DMA IRQ c0=0
DMA IRQ c1=2
DMA IRQ c2=0
DMA IRQ c3=0
SELECT busy=6666
SELECT w0=6649
SELECT w1=3692
SELECT w2=3843
BUSY TASK ewma=997
DMA IRQ c0=0
DMA IRQ c1=2
DMA IRQ c2=0
DMA IRQ c3=0
SELECT busy=6688
SELECT w0=6673
SELECT w1=3705
SELECT w2=3858
BUSY TASK ewma=997
DMA IRQ c0=0
DMA IRQ c1=2
DMA IRQ c2=0
DMA IRQ c3=0
SELECT busy=6722
SELECT w0=6705
SELECT w1=3721
SELECT w2=3876
BUSY TASK ewma=997
DMA IRQ c0=0
DMA IRQ c1=2
DMA IRQ c2=0
DMA IRQ c3=0
SELECT busy=6749
SELECT w0=6733
SELECT w1=3733
SELECT w2=3894
BUSY TASK ewma=997
DMA IRQ c0=0
DMA IRQ c1=2
DMA IRQ c2=0
DMA IRQ c3=0
SELECT busy=6781
SELECT w0=6765
SELECT w1=3749
SELECT w2=3916
BUSY TASK ewma=997
DMA IRQ c0=0
DMA IRQ c1=2
DMA IRQ c2=0
DMA IRQ c3=0
SELECT busy=6803
SELECT w0=6787
SELECT w1=3761
SELECT w2=3935
BUSY TASK ewma=997
DMA IRQ c0=0
DMA IRQ c1=2
DMA IRQ c2=0
DMA IRQ c3=0
SELECT busy=6830
SELECT w0=6816
SELECT w1=3782
SELECT w2=3954
BUSY TASK ewma=997
DMA IRQ c0=0
DMA IRQ c1=2
DMA IRQ c2=0
DMA IRQ c3=0
SELECT busy=6855
SELECT w0=6838
SELECT w1=3797
SELECT w2=3980
BUSY TASK ewma=997
DMA IRQ c0=0
DMA IRQ c1=2
DMA IRQ c2=0
DMA IRQ c3=0
SELECT busy=6874
SELECT w0=6857
SELECT w1=3804
SELECT w2=3987
BUSY TASK ewma=997
DMA IRQ c0=0
DMA IRQ c1=2
DMA IRQ c2=0
DMA IRQ c3=0
SELECT busy=6894
SELECT w0=6877
SELECT w1=3813
SELECT w2=4000
BUSY TASK ewma=997
DMA IRQ c0=0
DMA IRQ c1=2
DMA IRQ c2=0
DMA IRQ c3=0
SELECT busy=6914
SELECT w0=6898
SELECT w1=3824
SELECT w2=4017
BUSY TASK ewma=997
DMA IRQ c0=0
DMA IRQ c1=2
DMA IRQ c2=0
DMA IRQ c3=0
SELECT busy=6940
SELECT w0=6923
SELECT w1=3837
SELECT w2=4030
BUSY TASK ewma=997
DMA IRQ c0=0
DMA IRQ c1=2
DMA IRQ c2=0
DMA IRQ c3=0
SELECT busy=6959
SELECT w0=6943
SELECT w1=3845
SELECT w2=4042
BUSY TASK ewma=997
DMA IRQ c0=0
DMA IRQ c1=2
DMA IRQ c2=0
DMA IRQ c3=0
SELECT busy=6975
SELECT w0=6959
SELECT w1=3854
SELECT w2=4053
BUSY TASK ewma=997
DMA IRQ c0=0
DMA IRQ c1=2
DMA IRQ c2=0
DMA IRQ c3=0
SELECT busy=6994
SELECT w0=6977
SELECT w1=3863
SELECT w2=4064
BUSY TASK ewma=997
DMA IRQ c0=0
DMA IRQ c1=2
DMA IRQ c2=0
DMA IRQ c3=0
SELECT busy=7017
SELECT w0=7000
SELECT w1=3872
SELECT w2=4076
BUSY TASK ewma=997
IRQ counts: cpu0=14048 cpu1=16656 cpu2=16366 cpu3=16378
SCHED secondaries: calls=49400 unexpected=0
SECTEST switches=49362 cpu1=184983502,183617137 cpu2=149599194,147966002 cpu3=217529109,205884608
PINGPONG rounds=2000 pongs=2000
DMA IRQ c0=0
DMA IRQ c1=2
DMA IRQ c2=0
DMA IRQ c3=0
SELECT busy=7035
SELECT w0=7019
SELECT w1=3879
SELECT w2=4087
BUSY TASK ewma=997
DMA IRQ c0=0
DMA IRQ c1=2
DMA IRQ c2=0
DMA IRQ c3=0
SELECT busy=7067
SELECT w0=7050
SELECT w1=3892
SELECT w2=4105
BUSY TASK ewma=997
DMA IRQ c0=0
DMA IRQ c1=2
DMA IRQ c2=0
DMA IRQ c3=0
SELECT busy=7088
SELECT w0=7071
SELECT w1=3901
SELECT w2=4116
BUSY TASK ewma=997
DMA IRQ c0=0
DMA IRQ c1=2
DMA IRQ c2=0
DMA IRQ c3=0
SELECT busy=7107
SELECT w0=7090
SELECT w1=3907
SELECT w2=4124
BUSY TASK ewma=997
DMA IRQ c0=0
DMA IRQ c1=2
DMA IRQ c2=0
DMA IRQ c3=0
SELECT busy=7129
SELECT w0=7113
SELECT w1=3918
SELECT w2=4138
BUSY TASK ewma=997
DMA IRQ c0=0
DMA IRQ c1=2
DMA IRQ c2=0
DMA IRQ c3=0
SELECT busy=7144
SELECT w0=7127
SELECT w1=3926
SELECT w2=4150
BUSY TASK ewma=997
DMA IRQ c0=0
DMA IRQ c1=2
DMA IRQ c2=0
DMA IRQ c3=0
SELECT busy=7161
SELECT w0=7145
SELECT w1=3933
SELECT w2=4160
BUSY TASK ewma=997
DMA IRQ c0=0
DMA IRQ c1=2
DMA IRQ c2=0
DMA IRQ c3=0
SELECT busy=7185
SELECT w0=7169
SELECT w1=3945
SELECT w2=4180
BUSY TASK ewma=997
DMA IRQ c0=0
DMA IRQ c1=2
DMA IRQ c2=0
DMA IRQ c3=0
SELECT busy=7210
SELECT w0=7193
SELECT w1=3955
SELECT w2=4194
BUSY TASK ewma=997
DMA IRQ c0=0
DMA IRQ c1=2
DMA IRQ c2=0
DMA IRQ c3=0
SELECT busy=7228
SELECT w0=7211
SELECT w1=3963
SELECT w2=4203
BUSY TASK ewma=997
DMA IRQ c0=0
DMA IRQ c1=2
DMA IRQ c2=0
DMA IRQ c3=0
SELECT busy=7243
SELECT w0=7227
SELECT w1=3971
SELECT w2=4213
BUSY TASK ewma=997
DMA IRQ c0=0
DMA IRQ c1=2
DMA IRQ c2=0
DMA IRQ c3=0
SELECT busy=7257
SELECT w0=7241
SELECT w1=3977
SELECT w2=4222
BUSY TASK ewma=997
DMA IRQ c0=0
DMA IRQ c1=2
DMA IRQ c2=0
DMA IRQ c3=0
SELECT busy=7278
SELECT w0=7262
SELECT w1=3984
SELECT w2=4232
BUSY TASK ewma=997
DMA IRQ c0=0
DMA IRQ c1=2
DMA IRQ c2=0
DMA IRQ c3=0
SELECT busy=7295
SELECT w0=7279
SELECT w1=3992
SELECT w2=4242
BUSY TASK ewma=997
DMA IRQ c0=0
DMA IRQ c1=2
DMA IRQ c2=0
DMA IRQ c3=0
SELECT busy=7311
SELECT w0=7297
SELECT w1=4003
SELECT w2=4254
BUSY TASK ewma=997
DMA IRQ c0=0
DMA IRQ c1=2
DMA IRQ c2=0
DMA IRQ c3=0
SELECT busy=7333
SELECT w0=7316
SELECT w1=4009
SELECT w2=4261
BUSY TASK ewma=997
DMA IRQ c0=0
DMA IRQ c1=2
DMA IRQ c2=0
DMA IRQ c3=0
SELECT busy=7358
SELECT w0=7341
SELECT w1=4020
SELECT w2=4277
BUSY TASK ewma=997
DMA IRQ c0=0
DMA IRQ c1=2
DMA IRQ c2=0
DMA IRQ c3=0
SELECT busy=7381
SELECT w0=7365
SELECT w1=4036
SELECT w2=4295
BUSY TASK ewma=997
DMA IRQ c0=0
DMA IRQ c1=2
DMA IRQ c2=0
DMA IRQ c3=0
SELECT busy=7402
SELECT w0=7386
SELECT w1=4047
SELECT w2=4312
BUSY TASK ewma=997
DMA IRQ c0=0
DMA IRQ c1=2
DMA IRQ c2=0
DMA IRQ c3=0
SELECT busy=7420
SELECT w0=7406
SELECT w1=4056
SELECT w2=4324
BUSY TASK ewma=997
DMA IRQ c0=0
DMA IRQ c1=2
DMA IRQ c2=0
DMA IRQ c3=0
SELECT busy=7442
SELECT w0=7426
SELECT w1=4069
SELECT w2=4339
BUSY TASK ewma=997
DMA IRQ c0=0
DMA IRQ c1=2
DMA IRQ c2=0
DMA IRQ c3=0
SELECT busy=7471
SELECT w0=7455
SELECT w1=4086
SELECT w2=4359
BUSY TASK ewma=997
DMA IRQ c0=0
DMA IRQ c1=2
DMA IRQ c2=0
DMA IRQ c3=0
SELECT busy=7489
SELECT w0=7475
SELECT w1=4098
SELECT w2=4372
BUSY TASK ewma=997
DMA IRQ c0=0
DMA IRQ c1=2
DMA IRQ c2=0
DMA IRQ c3=0
SELECT busy=7519
SELECT w0=7503
SELECT w1=4108
SELECT w2=4385
BUSY TASK ewma=997
DMA IRQ c0=0
DMA IRQ c1=2
DMA IRQ c2=0
DMA IRQ c3=0
SELECT busy=7553
SELECT w0=7537
SELECT w1=4118
SELECT w2=4406
BUSY TASK ewma=997
DMA IRQ c0=0
DMA IRQ c1=2
DMA IRQ c2=0
DMA IRQ c3=0
SELECT busy=7576
SELECT w0=7560
SELECT w1=4129
SELECT w2=4423
BUSY TASK ewma=997
DMA IRQ c0=0
DMA IRQ c1=2
DMA IRQ c2=0
DMA IRQ c3=0
SELECT busy=7596
SELECT w0=7580
SELECT w1=4139
SELECT w2=4437
BUSY TASK ewma=997
DMA IRQ c0=0
DMA IRQ c1=2
DMA IRQ c2=0
DMA IRQ c3=0
SELECT busy=7616
SELECT w0=7601
SELECT w1=4148
SELECT w2=4451
BUSY TASK ewma=997
DMA IRQ c0=0
DMA IRQ c1=2
DMA IRQ c2=0
DMA IRQ c3=0
SELECT busy=7637
SELECT w0=7622
SELECT w1=4158
SELECT w2=4467
BUSY TASK ewma=997
DMA IRQ c0=0
DMA IRQ c1=2
DMA IRQ c2=0
DMA IRQ c3=0
SELECT busy=7672
SELECT w0=7656
SELECT w1=4174
SELECT w2=4486
BUSY TASK ewma=997
DMA IRQ c0=0
DMA IRQ c1=2
DMA IRQ c2=0
DMA IRQ c3=0
SELECT busy=7694
SELECT w0=7677
SELECT w1=4186
SELECT w2=4498
BUSY TASK ewma=997
DMA IRQ c0=0
DMA IRQ c1=2
DMA IRQ c2=0
DMA IRQ c3=0
SELECT busy=7715
SELECT w0=7698
SELECT w1=4197
SELECT w2=4508
BUSY TASK ewma=997
DMA IRQ c0=0
DMA IRQ c1=2
DMA IRQ c2=0
DMA IRQ c3=0
SELECT busy=7743
SELECT w0=7727
SELECT w1=4212
SELECT w2=4523
BUSY TASK ewma=997
DMA IRQ c0=0
DMA IRQ c1=2
DMA IRQ c2=0
DMA IRQ c3=0
SELECT busy=7766
SELECT w0=7750
SELECT w1=4225
SELECT w2=4538
BUSY TASK ewma=997
DMA IRQ c0=0
DMA IRQ c1=2
DMA IRQ c2=0
DMA IRQ c3=0
SELECT busy=7790
SELECT w0=7774
SELECT w1=4239
SELECT w2=4551
BUSY TASK ewma=997
DMA IRQ c0=0
DMA IRQ c1=2
DMA IRQ c2=0
DMA IRQ c3=0
SELECT busy=7806
SELECT w0=7790
SELECT w1=4247
SELECT w2=4561
BUSY TASK ewma=997
DMA IRQ c0=0
DMA IRQ c1=2
DMA IRQ c2=0
DMA IRQ c3=0
SELECT busy=7823
SELECT w0=7808
SELECT w1=4255
SELECT w2=4572
BUSY TASK ewma=997
DMA IRQ c0=0
DMA IRQ c1=2
DMA IRQ c2=0
DMA IRQ c3=0
SELECT busy=7845
SELECT w0=7828
SELECT w1=4262
SELECT w2=4578
BUSY TASK ewma=997
DMA IRQ c0=0
DMA IRQ c1=2
DMA IRQ c2=0
DMA IRQ c3=0
SELECT busy=7863
SELECT w0=7847
SELECT w1=4269
SELECT w2=4587
BUSY TASK ewma=997
DMA IRQ c0=0
DMA IRQ c1=2
DMA IRQ c2=0
DMA IRQ c3=0
SELECT busy=7877
SELECT w0=7861
SELECT w1=4276
SELECT w2=4595
BUSY TASK ewma=997
DMA IRQ c0=0
DMA IRQ c1=2
DMA IRQ c2=0
DMA IRQ c3=0
SELECT busy=7892
SELECT w0=7877
SELECT w1=4283
SELECT w2=4607
BUSY TASK ewma=997
DMA IRQ c0=0
DMA IRQ c1=2
DMA IRQ c2=0
DMA IRQ c3=0
SELECT busy=7913
SELECT w0=7897
SELECT w1=4290
SELECT w2=4615
BUSY TASK ewma=997
DMA IRQ c0=0
DMA IRQ c1=2
DMA IRQ c2=0
DMA IRQ c3=0
SELECT busy=7933
SELECT w0=7917
SELECT w1=4302
SELECT w2=4631
BUSY TASK ewma=997
DMA IRQ c0=0
DMA IRQ c1=2
DMA IRQ c2=0
DMA IRQ c3=0
SELECT busy=7960
SELECT w0=7943
SELECT w1=4316
SELECT w2=4645
BUSY TASK ewma=997
DMA IRQ c0=0
DMA IRQ c1=2
DMA IRQ c2=0
DMA IRQ c3=0
SELECT busy=7989
SELECT w0=7973
SELECT w1=4331
SELECT w2=4665
BUSY TASK ewma=997
DMA IRQ c0=0
DMA IRQ c1=2
DMA IRQ c2=0
DMA IRQ c3=0
SELECT busy=8012
SELECT w0=7996
SELECT w1=4349
SELECT w2=4680
BUSY TASK ewma=997
DMA IRQ c0=0
DMA IRQ c1=2
DMA IRQ c2=0
DMA IRQ c3=0
SELECT busy=8041
SELECT w0=8026
SELECT w1=4366
SELECT w2=4695
BUSY TASK ewma=997
DMA IRQ c0=0
DMA IRQ c1=2
DMA IRQ c2=0
DMA IRQ c3=0
SELECT busy=8069
SELECT w0=8053
SELECT w1=4381
SELECT w2=4712
BUSY TASK ewma=997
DMA IRQ c0=0
DMA IRQ c1=2
DMA IRQ c2=0
DMA IRQ c3=0
SELECT busy=8106
SELECT w0=8090
SELECT w1=4396
SELECT w2=4730
BUSY TASK ewma=997
DMA IRQ c0=0
DMA IRQ c1=2
DMA IRQ c2=0
DMA IRQ c3=0
SELECT busy=8133
SELECT w0=8117
SELECT w1=4410
SELECT w2=4754
BUSY TASK ewma=997
DMA IRQ c0=0
DMA IRQ c1=2
DMA IRQ c2=0
DMA IRQ c3=0
SELECT busy=8156
SELECT w0=8140
SELECT w1=4421
SELECT w2=4768
BUSY TASK ewma=997
DMA IRQ c0=0
DMA IRQ c1=2
DMA IRQ c2=0
DMA IRQ c3=0
SELECT busy=8175
SELECT w0=8159
SELECT w1=4428
SELECT w2=4776
BUSY TASK ewma=997
DMA IRQ c0=0
DMA IRQ c1=2
DMA IRQ c2=0
DMA IRQ c3=0
SELECT busy=8208
SELECT w0=8192
SELECT w1=4442
SELECT w2=4790
BUSY TASK ewma=997
DMA IRQ c0=0
DMA IRQ c1=2
DMA IRQ c2=0
DMA IRQ c3=0
SELECT busy=8229
SELECT w0=8214
SELECT w1=4454
SELECT w2=4802
BUSY TASK ewma=997
DMA IRQ c0=0
DMA IRQ c1=2
DMA IRQ c2=0
DMA IRQ c3=0
SELECT busy=8257
SELECT w0=8245
SELECT w1=4465
SELECT w2=4817
BUSY TASK ewma=997
DMA IRQ c0=0
DMA IRQ c1=2
DMA IRQ c2=0
DMA IRQ c3=0
SELECT busy=8295
SELECT w0=8279
SELECT w1=4479
SELECT w2=4835
BUSY TASK ewma=997
DMA IRQ c0=0
DMA IRQ c1=2
DMA IRQ c2=0
DMA IRQ c3=0
SELECT busy=8313
SELECT w0=8296
SELECT w1=4488
SELECT w2=4847
BUSY TASK ewma=997
DMA IRQ c0=0
DMA IRQ c1=2
DMA IRQ c2=0
DMA IRQ c3=0
SELECT busy=8334
SELECT w0=8317
SELECT w1=4499
SELECT w2=4861
BUSY TASK ewma=997
DMA IRQ c0=0
DMA IRQ c1=2
DMA IRQ c2=0
DMA IRQ c3=0
SELECT busy=8349
SELECT w0=8333
SELECT w1=4506
SELECT w2=4870
BUSY TASK ewma=997
DMA IRQ c0=0
DMA IRQ c1=2
DMA IRQ c2=0
DMA IRQ c3=0
SELECT busy=8368
SELECT w0=8351
SELECT w1=4514
SELECT w2=4879
BUSY TASK ewma=997
DMA IRQ c0=0
DMA IRQ c1=2
DMA IRQ c2=0
DMA IRQ c3=0
SELECT busy=8391
SELECT w0=8374
SELECT w1=4524
SELECT w2=4890
BUSY TASK ewma=997
DMA IRQ c0=0
DMA IRQ c1=2
DMA IRQ c2=0
DMA IRQ c3=0
SELECT busy=8414
SELECT w0=8398
SELECT w1=4534
SELECT w2=4905
BUSY TASK ewma=997
DMA IRQ c0=0
DMA IRQ c1=2
DMA IRQ c2=0
DMA IRQ c3=0
SELECT busy=8443
SELECT w0=8426
SELECT w1=4545
SELECT w2=4918
BUSY TASK ewma=997
DMA IRQ c0=0
DMA IRQ c1=2
DMA IRQ c2=0
DMA IRQ c3=0
SELECT busy=8464
SELECT w0=8448
SELECT w1=4557
SELECT w2=4938
BUSY TASK ewma=997
IRQ counts: cpu0=16944 cpu1=20098 cpu2=19825 cpu3=19811
SCHED secondaries: calls=59734 unexpected=0
SECTEST switches=59704 cpu1=217410132,215925789 cpu2=181160263,179927975 cpu3=262964796,249394660
PINGPONG rounds=2000 pongs=2000
DMA IRQ c0=0
DMA IRQ c1=2
DMA IRQ c2=0
DMA IRQ c3=0
SELECT busy=8495
SELECT w0=8481
SELECT w1=4576
SELECT w2=4958
BUSY TASK ewma=997
DMA IRQ c0=0
DMA IRQ c1=2
DMA IRQ c2=0
DMA IRQ c3=0
SELECT busy=8525
SELECT w0=8509
SELECT w1=4590
SELECT w2=4978
BUSY TASK ewma=997
DMA IRQ c0=0
DMA IRQ c1=2
DMA IRQ c2=0
DMA IRQ c3=0
SELECT busy=8553
SELECT w0=8537
SELECT w1=4602
SELECT w2=4992
BUSY TASK ewma=997
DMA IRQ c0=0
DMA IRQ c1=2
DMA IRQ c2=0
DMA IRQ c3=0
SELECT busy=8581
SELECT w0=8564
SELECT w1=4612
SELECT w2=5004
BUSY TASK ewma=997
DMA IRQ c0=0
DMA IRQ c1=2
DMA IRQ c2=0
DMA IRQ c3=0
SELECT busy=8605
SELECT w0=8591
SELECT w1=4629
SELECT w2=5023
BUSY TASK ewma=997
DMA IRQ c0=0
DMA IRQ c1=2
DMA IRQ c2=0
DMA IRQ c3=0
SELECT busy=8639
SELECT w0=8625
SELECT w1=4646
SELECT w2=5041
BUSY TASK ewma=997
DMA IRQ c0=0
DMqemu-system-aarch64: terminating on signal 15 from pid 206824 (timeout)
A