P4 M7: full integration test boot OK
CPU0: MPIDR_EL1=0x0000000080000000
CPU0: psci_cpu_on target=1 rc=0
CPU1: alive, MPIDR_EL1=0x0000000080000001 this_cpu()->cpu_id=1
CPU0: psci_cpu_on target=2 rc=0
CPU2: alive, MPIDR_EL1=0x0000000080000002 this_cpu()->cpu_id=2
CPU0: psci_cpu_on target=3 rc=0
CPU3: alive, MPIDR_EL1=0x0000000080000003 this_cpu()->cpu_id=3
CPUs online: 4
DMA IRQ target cpu=1
D2b: worker 1 runs on CPU1
D2b: worker 2 runs on CPU2
D2b: worker 0 runs on CPU0
P4 M7: worker submitted cmd_id=1
P4 M7: worker submitted cmd_id=3
P4 M7: worker submitted cmd_id=2
BUSY TASK ewma=997
DMA IRQ c0=0
DMA IRQ c1=0
DMA IRQ c2=0
DMA IRQ c3=0
SELECT busy=31
SELECT w0=3
SELECT w1=4
SELECT w2=5
P4 M7: worker DATA OK, cmd_id=1
WORKER ewma=759
P4 M7: worker DATA OK, cmd_id=2
P4 M7: worker DATA OK, cmd_id=3
WORKER ewma=881
WORKER ewma=831
BUSY TASK ewma=997
DMA IRQ c0=0
DMA IRQ c1=2
DMA IRQ c2=0
DMA IRQ c3=0
SELECT busy=72
SELECT w0=36
SELECT w1=99
SELECT w2=46
BUSY TASK ewma=997
DMA IRQ c0=0
DMA IRQ c1=2
DMA IRQ c2=0
DMA IRQ c3=0
SELECT busy=119
SELECT w0=84
SELECT w1=122
SELECT w2=78
BUSY TASK ewma=997
DMA IRQ c0=0
DMA IRQ c1=2
DMA IRQ c2=0
DMA IRQ c3=0
SELECT busy=157
SELECT w0=122
SELECT w1=144
SELECT w2=107
BUSY TASK ewma=997
DMA IRQ c0=0
DMA IRQ c1=2
DMA IRQ c2=0
DMA IRQ c3=0
SELECT busy=196
SELECT w0=160
SELECT w1=165
SELECT w2=133
BUSY TASK ewma=997
DMA IRQ c0=0
DMA IRQ c1=2
DMA IRQ c2=0
DMA IRQ c3=0
SELECT busy=239
SELECT w0=205
SELECT w1=193
SELECT w2=173
BUSY TASK ewma=997
DMA IRQ c0=0
DMA IRQ c1=2
DMA IRQ c2=0
DMA IRQ c3=0
SELECT busy=281
SELECT w0=246
SELECT w1=215
SELECT w2=196
BUSY TASK ewma=997
DMA IRQ c0=0
DMA IRQ c1=2
DMA IRQ c2=0
DMA IRQ c3=0
SELECT busy=299
SELECT w0=263
SELECT w1=225
SELECT w2=208
BUSY TASK ewma=997
DMA IRQ c0=0
DMA IRQ c1=2
DMA IRQ c2=0
DMA IRQ c3=0
SELECT busy=313
SELECT w0=278
SELECT w1=234
SELECT w2=217
BUSY TASK ewma=997
DMA IRQ c0=0
DMA IRQ c1=2
DMA IRQ c2=0
DMA IRQ c3=0
SELECT busy=330
SELECT w0=295
SELECT w1=246
SELECT w2=227
BUSY TASK ewma=997
DMA IRQ c0=0
DMA IRQ c1=2
DMA IRQ c2=0
DMA IRQ c3=0
SELECT busy=350
SELECT w0=315
SELECT w1=257
SELECT w2=239
BUSY TASK ewma=997
DMA IRQ c0=0
DMA IRQ c1=2
DMA IRQ c2=0
DMA IRQ c3=0
SELECT busy=372
SELECT w0=337
SELECT w1=269
SELECT w2=252
BUSY TASK ewma=997
DMA IRQ c0=0
DMA IRQ c1=2
DMA IRQ c2=0
DMA IRQ c3=0
SELECT busy=387
SELECT w0=351
SELECT w1=276
SELECT w2=260
BUSY TASK ewma=997
DMA IRQ c0=0
DMA IRQ c1=2
DMA IRQ c2=0
DMA IRQ c3=0
SELECT busy=404
SELECT w0=369
SELECT w1=289
SELECT w2=272
BUSY TASK ewma=997
DMA IRQ c0=0
DMA IRQ c1=2
DMA IRQ c2=0
DMA IRQ c3=0
SELECT busy=425
SELECT w0=390
SELECT w1=300
SELECT w2=282
BUSY TASK ewma=997
DMA IRQ c0=0
DMA IRQ c1=2
DMA IRQ c2=0
DMA IRQ c3=0
SELECT busy=441
SELECT w0=406
SELECT w1=309
SELECT w2=293
BUSY TASK ewma=997
DMA IRQ c0=0
DMA IRQ c1=2
DMA IRQ c2=0
DMA IRQ c3=0
SELECT busy=458
SELECT w0=423
SELECT w1=320
SELECT w2=308
BUSY TASK ewma=997
DMA IRQ c0=0
DMA IRQ c1=2
DMA IRQ c2=0
DMA IRQ c3=0
SELECT busy=476
SELECT w0=440
SELECT w1=332
SELECT w2=314
BUSY TASK ewma=997
DMA IRQ c0=0
DMA IRQ c1=2
DMA IRQ c2=0
DMA IRQ c3=0
SELECT busy=491
SELECT w0=456
SELECT w1=343
SELECT w2=326
BUSY TASK ewma=997
DMA IRQ c0=0
DMA IRQ c1=2
DMA IRQ c2=0
DMA IRQ c3=0
SELECT busy=511
SELECT w0=475
SELECT w1=355
SELECT w2=336
BUSY TASK ewma=997
DMA IRQ c0=0
DMA IRQ c1=2
DMA IRQ c2=0
DMA IRQ c3=0
SELECT busy=529
SELECT w0=493
SELECT w1=366
SELECT w2=347
BUSY TASK ewma=997
DMA IRQ c0=0
DMA IRQ c1=2
DMA IRQ c2=0
DMA IRQ c3=0
SELECT busy=543
SELECT w0=507
SELECT w1=374
SELECT w2=355
BUSY TASK ewma=997
DMA IRQ c0=0
DMA IRQ c1=2
DMA IRQ c2=0
DMA IRQ c3=0
SELECT busy=566
SELECT w0=531
SELECT w1=388
SELECT w2=371
BUSY TASK ewma=997
DMA IRQ c0=0
DMA IRQ c1=2
DMA IRQ c2=0
DMA IRQ c3=0
SELECT busy=586
SELECT w0=551
SELECT w1=401
SELECT w2=382
BUSY TASK ewma=997
DMA IRQ c0=0
DMA IRQ c1=2
DMA IRQ c2=0
DMA IRQ c3=0
SELECT busy=602
SELECT w0=567
SELECT w1=411
SELECT w2=391
BUSY TASK ewma=997
DMA IRQ c0=0
DMA IRQ c1=2
DMA IRQ c2=0
DMA IRQ c3=0
SELECT busy=621
SELECT w0=586
SELECT w1=420
SELECT w2=401
BUSY TASK ewma=997
DMA IRQ c0=0
DMA IRQ c1=2
DMA IRQ c2=0
DMA IRQ c3=0
SELECT busy=658
SELECT w0=623
SELECT w1=443
SELECT w2=425
BUSY TASK ewma=997
DMA IRQ c0=0
DMA IRQ c1=2
DMA IRQ c2=0
DMA IRQ c3=0
SELECT busy=680
SELECT w0=645
SELECT w1=459
SELECT w2=441
BUSY TASK ewma=997
DMA IRQ c0=0
DMA IRQ c1=2
DMA IRQ c2=0
DMA IRQ c3=0
SELECT busy=703
SELECT w0=667
SELECT w1=469
SELECT w2=448
BUSY TASK ewma=997
DMA IRQ c0=0
DMA IRQ c1=2
DMA IRQ c2=0
DMA IRQ c3=0
SELECT busy=720
SELECT w0=685
SELECT w1=477
SELECT w2=457
BUSY TASK ewma=997
DMA IRQ c0=0
DMA IRQ c1=2
DMA IRQ c2=0
DMA IRQ c3=0
SELECT busy=741
SELECT w0=706
SELECT w1=488
SELECT w2=466
BUSY TASK ewma=997
DMA IRQ c0=0
DMA IRQ c1=2
DMA IRQ c2=0
DMA IRQ c3=0
SELECT busy=756
SELECT w0=721
SELECT w1=494
SELECT w2=472
BUSY TASK ewma=997
DMA IRQ c0=0
DMA IRQ c1=2
DMA IRQ c2=0
DMA IRQ c3=0
SELECT busy=776
SELECT w0=740
SELECT w1=503
SELECT w2=481
BUSY TASK ewma=997
DMA IRQ c0=0
DMA IRQ c1=2
DMA IRQ c2=0
DMA IRQ c3=0
SELECT busy=809
SELECT w0=773
SELECT w1=516
SELECT w2=496
BUSY TASK ewma=997
DMA IRQ c0=0
DMA IRQ c1=2
DMA IRQ c2=0
DMA IRQ c3=0
SELECT busy=828
SELECT w0=792
SELECT w1=524
SELECT w2=503
BUSY TASK ewma=997
DMA IRQ c0=0
DMA IRQ c1=2
DMA IRQ c2=0
DMA IRQ c3=0
SELECT busy=849
SELECT w0=813
SELECT w1=534
SELECT w2=512
BUSY TASK ewma=997
DMA IRQ c0=0
DMA IRQ c1=2
DMA IRQ c2=0
DMA IRQ c3=0
SELECT busy=867
SELECT w0=832
SELECT w1=540
SELECT w2=518
BUSY TASK ewma=997
DMA IRQ c0=0
DMA IRQ c1=2
DMA IRQ c2=0
DMA IRQ c3=0
SELECT busy=896
SELECT w0=861
SELECT w1=559
SELECT w2=535
BUSY TASK ewma=997
DMA IRQ c0=0
DMA IRQ c1=2
DMA IRQ c2=0
DMA IRQ c3=0
SELECT busy=914
SELECT w0=878
SELECT w1=570
SELECT w2=543
BUSY TASK ewma=997
DMA IRQ c0=0
DMA IRQ c1=2
DMA IRQ c2=0
DMA IRQ c3=0
SELECT busy=933
SELECT w0=897
SELECT w1=583
SELECT w2=559
BUSY TASK ewma=997
DMA IRQ c0=0
DMA IRQ c1=2
DMA IRQ c2=0
DMA IRQ c3=0
SELECT busy=951
SELECT w0=915
SELECT w1=590
SELECT w2=566
BUSY TASK ewma=997
DMA IRQ c0=0
DMA IRQ c1=2
DMA IRQ c2=0
DMA IRQ c3=0
SELECT busy=971
SELECT w0=936
SELECT w1=600
SELECT w2=580
BUSY TASK ewma=997
DMA IRQ c0=0
DMA IRQ c1=2
DMA IRQ c2=0
DMA IRQ c3=0
SELECT busy=990
SELECT w0=955
SELECT w1=610
SELECT w2=588
BUSY TASK ewma=997
DMA IRQ c0=0
DMA IRQ c1=2
DMA IRQ c2=0
DMA IRQ c3=0
SELECT busy=1010
SELECT w0=975
SELECT w1=624
SELECT w2=600
BUSY TASK ewma=997
DMA IRQ c0=0
DMA IRQ c1=2
DMA IRQ c2=0
DMA IRQ c3=0
SELECT busy=1034
SELECT w0=999
SELECT w1=637
SELECT w2=615
BUSY TASK ewma=997
DMA IRQ c0=0
DMA IRQ c1=2
DMA IRQ c2=0
DMA IRQ c3=0
SELECT busy=1061
SELECT w0=1025
SELECT w1=654
SELECT w2=633
BUSY TASK ewma=997
DMA IRQ c0=0
DMA IRQ c1=2
DMA IRQ c2=0
DMA IRQ c3=0
SELECT busy=1083
SELECT w0=1048
SELECT w1=668
SELECT w2=645
BUSY TASK ewma=997
DMA IRQ c0=0
DMA IRQ c1=2
DMA IRQ c2=0
DMA IRQ c3=0
SELECT busy=1096
SELECT w0=1060
SELECT w1=677
SELECT w2=654
BUSY TASK ewma=997
DMA IRQ c0=0
DMA IRQ c1=2
DMA IRQ c2=0
DMA IRQ c3=0
SELECT busy=1121
SELECT w0=1085
SELECT w1=688
SELECT w2=664
BUSY TASK ewma=997
DMA IRQ c0=0
DMA IRQ c1=2
DMA IRQ c2=0
DMA IRQ c3=0
SELECT busy=1148
SELECT w0=1112
SELECT w1=698
SELECT w2=675
BUSY TASK ewma=997
DMA IRQ c0=0
DMA IRQ c1=2
DMA IRQ c2=0
DMA IRQ c3=0
SELECT busy=1167
SELECT w0=1132
SELECT w1=709
SELECT w2=687
BUSY TASK ewma=997
DMA IRQ c0=0
DMA IRQ c1=2
DMA IRQ c2=0
DMA IRQ c3=0
SELECT busy=1184
SELECT w0=1150
SELECT w1=720
SELECT w2=698
BUSY TASK ewma=997
DMA IRQ c0=0
DMA IRQ c1=2
DMA IRQ c2=0
DMA IRQ c3=0
SELECT busy=1208
SELECT w0=1173
SELECT w1=732
SELECT w2=711
BUSY TASK ewma=997
DMA IRQ c0=0
DMA IRQ c1=2
DMA IRQ c2=0
DMA IRQ c3=0
SELECT busy=1225
SELECT w0=1189
SELECT w1=743
SELECT w2=719
BUSY TASK ewma=997
DMA IRQ c0=0
DMA IRQ c1=2
DMA IRQ c2=0
DMA IRQ c3=0
SELECT busy=1241
SELECT w0=1205
SELECT w1=757
SELECT w2=730
BUSY TASK ewma=997
DMA IRQ c0=0
DMA IRQ c1=2
DMA IRQ c2=0
DMA IRQ c3=0
SELECT busy=1262
SELECT w0=1226
SELECT w1=767
SELECT w2=740
BUSY TASK ewma=997
DMA IRQ c0=0
DMA IRQ c1=2
DMA IRQ c2=0
DMA IRQ c3=0
SELECT busy=1280
SELECT w0=1244
SELECT w1=776
SELECT w2=749
BUSY TASK ewma=997
DMA IRQ c0=0
DMA IRQ c1=2
DMA IRQ c2=0
DMA IRQ c3=0
SELECT busy=1300
SELECT w0=1265
SELECT w1=787
SELECT w2=760
BUSY TASK ewma=997
DMA IRQ c0=0
DMA IRQ c1=2
DMA IRQ c2=0
DMA IRQ c3=0
SELECT busy=1317
SELECT w0=1281
SELECT w1=798
SELECT w2=768
BUSY TASK ewma=997
DMA IRQ c0=0
DMA IRQ c1=2
DMA IRQ c2=0
DMA IRQ c3=0
SELECT busy=1335
SELECT w0=1299
SELECT w1=806
SELECT w2=774
BUSY TASK ewma=997
DMA IRQ c0=0
DMA IRQ c1=2
DMA IRQ c2=0
DMA IRQ c3=0
SELECT busy=1354
SELECT w0=1318
SELECT w1=816
SELECT w2=783
BUSY TASK ewma=997
DMA IRQ c0=0
DMA IRQ c1=2
DMA IRQ c2=0
DMA IRQ c3=0
SELECT busy=1375
SELECT w0=1340
SELECT w1=827
SELECT w2=792
BUSY TASK ewma=997
DMA IRQ c0=0
DMA IRQ c1=2
DMA IRQ c2=0
DMA IRQ c3=0
SELECT busy=1401
SELECT w0=1365
SELECT w1=839
SELECT w2=808
BUSY TASK ewma=997
IRQ counts: cpu0=2801 cpu1=3218 cpu2=3194 cpu3=3147
SCHED secondaries: calls=9570 unexpected=0
SECTEST switches=9542 cpu1=37787333,35998027 cpu2=30706357,32717368 cpu3=38287079,38392559
PINGPONG rounds=650 pongs=651
DMA IRQ c0=0
DMA IRQ c1=2
DMA IRQ c2=0
DMA IRQ c3=0
SELECT busy=1445
SELECT w0=1409
SELECT w1=870
SELECT w2=841
BUSY TASK ewma=997
DMA IRQ c0=0
DMA IRQ c1=2
DMA IRQ c2=0
DMA IRQ c3=0
SELECT busy=1485
SELECT w0=1449
SELECT w1=891
SELECT w2=863
BUSY TASK ewma=997
DMA IRQ c0=0
DMA IRQ c1=2
DMA IRQ c2=0
DMA IRQ c3=0
SELECT busy=1526
SELECT w0=1490
SELECT w1=909
SELECT w2=881
BUSY TASK ewma=997
DMA IRQ c0=0
DMA IRQ c1=2
DMA IRQ c2=0
DMA IRQ c3=0
SELECT busy=1555
SELECT w0=1520
SELECT w1=930
SELECT w2=900
BUSY TASK ewma=997
DMA IRQ c0=0
DMA IRQ c1=2
DMA IRQ c2=0
DMA IRQ c3=0
SELECT busy=1591
SELECT w0=1557
SELECT w1=952
SELECT w2=922
BUSY TASK ewma=997
DMA IRQ c0=0
DMA IRQ c1=2
DMA IRQ c2=0
DMA IRQ c3=0
SELECT busy=1642
SELECT w0=1607
SELECT w1=980
SELECT w2=953
BUSY TASK ewma=997
DMA IRQ c0=0
DMA IRQ c1=2
DMA IRQ c2=0
DMA IRQ c3=0
SELECT busy=1677
SELECT w0=1641
SELECT w1=995
SELECT w2=969
BUSY TASK ewma=997
DMA IRQ c0=0
DMA IRQ c1=2
DMA IRQ c2=0
DMA IRQ c3=0
SELECT busy=1715
SELECT w0=1680
SELECT w1=1014
SELECT w2=989
BUSY TASK ewma=997
DMA IRQ c0=0
DMA IRQ c1=2
DMA IRQ c2=0
DMA IRQ c3=0
SELECT busy=1732
SELECT w0=1697
SELECT w1=1023
SELECT w2=998
BUSY TASK ewma=997
DMA IRQ c0=0
DMA IRQ c1=2
DMA IRQ c2=0
DMA IRQ c3=0
SELECT busy=1740
SELECT w0=1704
SELECT w1=1027
SELECT w2=1001
BUSY TASK ewma=997
DMA IRQ c0=0
DMA IRQ c1=2
DMA IRQ c2=0
DMA IRQ c3=0
SELECT busy=1754
SELECT w0=1718
SELECT w1=1035
SELECT w2=1009
BUSY TASK ewma=997
DMA IRQ c0=0
DMA IRQ c1=2
DMA IRQ c2=0
DMA IRQ c3=0
SELECT busy=1771
SELECT w0=1736
SELECT w1=1044
SELECT w2=1019
BUSY TASK ewma=997
DMA IRQ c0=0
DMA IRQ c1=2
DMA IRQ c2=0
DMA IRQ c3=0
SELECT busy=1792
SELECT w0=1757
SELECT w1=1060
SELECT w2=1037
BUSY TASK ewma=997
DMA IRQ c0=0
DMA IRQ c1=2
DMA IRQ c2=0
DMA IRQ c3=0
SELECT busy=1824
SELECT w0=1789
SELECT w1=1077
SELECT w2=1057
BUSY TASK ewma=997
DMA IRQ c0=0
DMA IRQ c1=2
DMA IRQ c2=0
DMA IRQ c3=0
SELECT busy=1845
SELECT w0=1809
SELECT w1=1091
SELECT w2=1076
BUSY TASK ewma=997
DMA IRQ c0=0
DMA IRQ c1=2
DMA IRQ c2=0
DMA IRQ c3=0
SELECT busy=1864
SELECT w0=1829
SELECT w1=1103
SELECT w2=1091
BUSY TASK ewma=997
DMA IRQ c0=0
DMA IRQ c1=2
DMA IRQ c2=0
DMA IRQ c3=0
SELECT busy=1886
SELECT w0=1850
SELECT w1=1114
SELECT w2=1104
BUSY TASK ewma=997
DMA IRQ c0=0
DMA IRQ c1=2
DMA IRQ c2=0
DMA IRQ c3=0
SELECT busy=1903
SELECT w0=1867
SELECT w1=1121
SELECT w2=1110
BUSY TASK ewma=997
DMA IRQ c0=0
DMA IRQ c1=2
DMA IRQ c2=0
DMA IRQ c3=0
SELECT busy=1923
SELECT w0=1887
SELECT w1=1132
SELECT w2=1120
BUSY TASK ewma=997
DMA IRQ c0=0
DMA IRQ c1=2
DMA IRQ c2=0
DMA IRQ c3=0
SELECT busy=1940
SELECT w0=1904
SELECT w1=1140
SELECT w2=1128
BUSY TASK ewma=997
DMA IRQ c0=0
DMA IRQ c1=2
DMA IRQ c2=0
DMA IRQ c3=0
SELECT busy=1958
SELECT w0=1923
SELECT w1=1150
SELECT w2=1139
BUSY TASK ewma=997
DMA IRQ c0=0
DMA IRQ c1=2
DMA IRQ c2=0
DMA IRQ c3=0
SELECT busy=1978
SELECT w0=1942
SELECT w1=1160
SELECT w2=1150
BUSY TASK ewma=997
DMA IRQ c0=0
DMA IRQ c1=2
DMA IRQ c2=0
DMA IRQ c3=0
SELECT busy=1993
SELECT w0=1960
SELECT w1=1167
SELECT w2=1158
BUSY TASK ewma=997
DMA IRQ c0=0
DMA IRQ c1=2
DMA IRQ c2=0
DMA IRQ c3=0
SELECT busy=2014
SELECT w0=1978
SELECT w1=1178
SELECT w2=1169
BUSY TASK ewma=997
DMA IRQ c0=0
DMA IRQ c1=2
DMA IRQ c2=0
DMA IRQ c3=0
SELECT busy=2032
SELECT w0=1996
SELECT w1=1189
SELECT w2=1179
BUSY TASK ewma=997
DMA IRQ c0=0
DMA IRQ c1=2
DMA IRQ c2=0
DMA IRQ c3=0
SELECT busy=2051
SELECT w0=2015
SELECT w1=1199
SELECT w2=1189
BUSY TASK ewma=997
DMA IRQ c0=0
DMA IRQ c1=2
DMA IRQ c2=0
DMA IRQ c3=0
SELECT busy=2069
SELECT w0=2033
SELECT w1=1208
SELECT w2=1199
BUSY TASK ewma=997
DMA IRQ c0=0
DMA IRQ c1=2
DMA IRQ c2=0
DMA IRQ c3=0
SELECT busy=2085
SELECT w0=2049
SELECT w1=1216
SELECT w2=1207
BUSY TASK ewma=997
DMA IRQ c0=0
DMA IRQ c1=2
DMA IRQ c2=0
DMA IRQ c3=0
SELECT busy=2105
SELECT w0=2070
SELECT w1=1228
SELECT w2=1220
BUSY TASK ewma=997
DMA IRQ c0=0
DMA IRQ c1=2
DMA IRQ c2=0
DMA IRQ c3=0
SELECT busy=2128
SELECT w0=2092
SELECT w1=1243
SELECT w2=1234
BUSY TASK ewma=997
DMA IRQ c0=0
DMA IRQ c1=2
DMA IRQ c2=0
DMA IRQ c3=0
SELECT busy=2144
SELECT w0=2108
SELECT w1=1251
SELECT w2=1243
BUSY TASK ewma=997
DMA IRQ c0=0
DMA IRQ c1=2
DMA IRQ c2=0
DMA IRQ c3=0
SELECT busy=2160
SELECT w0=2124
SELECT w1=1258
SELECT w2=1250
BUSY TASK ewma=997
DMA IRQ c0=0
DMA IRQ c1=2
DMA IRQ c2=0
DMA IRQ c3=0
SELECT busy=2176
SELECT w0=2140
SELECT w1=1269
SELECT w2=1259
BUSY TASK ewma=997
DMA IRQ c0=0
DMA IRQ c1=2
DMA IRQ c2=0
DMA IRQ c3=0
SELECT busy=2191
SELECT w0=2155
SELECT w1=1277
SELECT w2=1267
BUSY TASK ewma=997
DMA IRQ c0=0
DMA IRQ c1=2
DMA IRQ c2=0
DMA IRQ c3=0
SELECT busy=2206
SELECT w0=2170
SELECT w1=1285
SELECT w2=1274
BUSY TASK ewma=997
DMA IRQ c0=0
DMA IRQ c1=2
DMA IRQ c2=0
DMA IRQ c3=0
SELECT busy=2226
SELECT w0=2191
SELECT w1=1294
SELECT w2=1282
BUSY TASK ewma=997
DMA IRQ c0=0
DMA IRQ c1=2
DMA IRQ c2=0
DMA IRQ c3=0
SELECT busy=2244
SELECT w0=2208
SELECT w1=1303
SELECT w2=1291
BUSY TASK ewma=997
DMA IRQ c0=0
DMA IRQ c1=2
DMA IRQ c2=0
DMA IRQ c3=0
SELECT busy=2263
SELECT w0=2228
SELECT w1=1312
SELECT w2=1300
BUSY TASK ewma=997
DMA IRQ c0=0
DMA IRQ c1=2
DMA IRQ c2=0
DMA IRQ c3=0
SELECT busy=2280
SELECT w0=2245
SELECT w1=1322
SELECT w2=1312
BUSY TASK ewma=997
DMA IRQ c0=0
DMA IRQ c1=2
DMA IRQ c2=0
DMA IRQ c3=0
SELECT busy=2306
SELECT w0=2271
SELECT w1=1340
SELECT w2=1331
BUSY TASK ewma=997
DMA IRQ c0=0
DMA IRQ c1=2
DMA IRQ c2=0
DMA IRQ c3=0
SELECT busy=2327
SELECT w0=2292
SELECT w1=1353
SELECT w2=1345
BUSY TASK ewma=997
DMA IRQ c0=0
DMA IRQ c1=2
DMA IRQ c2=0
DMA IRQ c3=0
SELECT busy=2345
SELECT w0=2310
SELECT w1=1367
SELECT w2=1357
BUSY TASK ewma=997
DMA IRQ c0=0
DMA IRQ c1=2
DMA IRQ c2=0
DMA IRQ c3=0
SELECT busy=2362
SELECT w0=2327
SELECT w1=1381
SELECT w2=1367
BUSY TASK ewma=997
DMA IRQ c0=0
DMA IRQ c1=2
DMA IRQ c2=0
DMA IRQ c3=0
SELECT busy=2385
SELECT w0=2350
SELECT w1=1394
SELECT w2=1380
BUSY TASK ewma=997
DMA IRQ c0=0
DMA IRQ c1=2
DMA IRQ c2=0
DMA IRQ c3=0
SELECT busy=2406
SELECT w0=2370
SELECT w1=1406
SELECT w2=1390
BUSY TASK ewma=997
DMA IRQ c0=0
DMA IRQ c1=2
DMA IRQ c2=0
DMA IRQ c3=0
SELECT busy=2425
SELECT w0=2389
SELECT w1=1415
SELECT w2=1399
BUSY TASK ewma=997
DMA IRQ c0=0
DMA IRQ c1=2
DMA IRQ c2=0
DMA IRQ c3=0
SELECT busy=2444
SELECT w0=2409
SELECT w1=1426
SELECT w2=1410
BUSY TASK ewma=997
DMA IRQ c0=0
DMA IRQ c1=2
DMA IRQ c2=0
DMA IRQ c3=0
SELECT busy=2464
SELECT w0=2429
SELECT w1=1435
SELECT w2=1421
BUSY TASK ewma=997
DMA IRQ c0=0
DMA IRQ c1=2
DMA IRQ c2=0
DMA IRQ c3=0
SELECT busy=2480
SELECT w0=2444
SELECT w1=1447
SELECT w2=1431
BUSY TASK ewma=997
DMA IRQ c0=0
DMA IRQ c1=2
DMA IRQ c2=0
DMA IRQ c3=0
SELECT busy=2499
SELECT w0=2464
SELECT w1=1464
SELECT w2=1445
BUSY TASK ewma=997
DMA IRQ c0=0
DMA IRQ c1=2
DMA IRQ c2=0
DMA IRQ c3=0
SELECT busy=2522
SELECT w0=2486
SELECT w1=1479
SELECT w2=1455
BUSY TASK ewma=997
DMA IRQ c0=0
DMA IRQ c1=2
DMA IRQ c2=0
DMA IRQ c3=0
SELECT busy=2562
SELECT w0=2527
SELECT w1=1498
SELECT w2=1479
BUSY TASK ewma=997
DMA IRQ c0=0
DMA IRQ c1=2
DMA IRQ c2=0
DMA IRQ c3=0
SELECT busy=2594
SELECT w0=2558
SELECT w1=1513
SELECT w2=1494
BUSY TASK ewma=997
DMA IRQ c0=0
DMA IRQ c1=2
DMA IRQ c2=0
DMA IRQ c3=0
SELECT busy=2626
SELECT w0=2591
SELECT w1=1528
SELECT w2=1512
BUSY TASK ewma=997
DMA IRQ c0=0
DMA IRQ c1=2
DMA IRQ c2=0
DMA IRQ c3=0
SELECT busy=2658
SELECT w0=2622
SELECT w1=1544
SELECT w2=1528
BUSY TASK ewma=997
DMA IRQ c0=0
DMA IRQ c1=2
DMA IRQ c2=0
DMA IRQ c3=0
SELECT busy=2680
SELECT w0=2644
SELECT w1=1556
SELECT w2=1540
BUSY TASK ewma=997
DMA IRQ c0=0
DMA IRQ c1=2
DMA IRQ c2=0
DMA IRQ c3=0
SELECT busy=2718
SELECT w0=2682
SELECT w1=1575
SELECT w2=1557
BUSY TASK ewma=997
DMA IRQ c0=0
DMA IRQ c1=2
DMA IRQ c2=0
DMA IRQ c3=0
SELECT busy=2734
SELECT w0=2698
SELECT w1=1585
SELECT w2=1566
BUSY TASK ewma=997
DMA IRQ c0=0
DMA IRQ c1=2
DMA IRQ c2=0
DMA IRQ c3=0
SELECT busy=2746
SELECT w0=2710
SELECT w1=1592
SELECT w2=1574
BUSY TASK ewma=997
DMA IRQ c0=0
DMA IRQ c1=2
DMA IRQ c2=0
DMA IRQ c3=0
SELECT busy=2761
SELECT w0=2725
SELECT w1=1601
SELECT w2=1582
BUSY TASK ewma=997
DMA IRQ c0=0
DMA IRQ c1=2
DMA IRQ c2=0
DMA IRQ c3=0
SELECT busy=2775
SELECT w0=2739
SELECT w1=1608
SELECT w2=1590
BUSY TASK ewma=997
DMA IRQ c0=0
DMA IRQ c1=2
DMA IRQ c2=0
DMA IRQ c3=0
SELECT busy=2797
SELECT w0=2762
SELECT w1=1622
SELECT w2=1607
BUSY TASK ewma=997
DMA IRQ c0=0
DMA IRQ c1=2
DMA IRQ c2=0
DMA IRQ c3=0
SELECT busy=2818
SELECT w0=2783
SELECT w1=1634
SELECT w2=1625
BUSY TASK ewma=997
DMA IRQ c0=0
DMA IRQ c1=2
DMA IRQ c2=0
DMA IRQ c3=0
SELECT busy=2836
SELECT w0=2801
SELECT w1=1646
SELECT w2=1635
BUSY TASK ewma=997
IRQ counts: cpu0=5669 cpu1=6506 cpu2=6524 cpu3=6446
SCHED secondaries: calls=19479 unexpected=0
SECTEST switches=19433 cpu1=76373407,76073088 cpu2=62194379,61973120 cpu3=76988165,77464651
PINGPONG rounds=1254 pongs=1255
DMA IRQ c0=0
DMA IRQ c1=2
DMA IRQ c2=0
DMA IRQ c3=0
SELECT busy=2860
SELECT w0=2824
SELECT w1=1659
SELECT w2=1648
BUSY TASK ewma=997
DMA IRQ c0=0
DMA IRQ c1=2
DMA IRQ c2=0
DMA IRQ c3=0
SELECT busy=2879
SELECT w0=2843
SELECT w1=1665
SELECT w2=1653
BUSY TASK ewma=997
DMA IRQ c0=0
DMA IRQ c1=2
DMA IRQ c2=0
DMA IRQ c3=0
SELECT busy=2900
SELECT w0=2865
SELECT w1=1679
SELECT w2=1668
BUSY TASK ewma=997
DMA IRQ c0=0
DMA IRQ c1=2
DMA IRQ c2=0
DMA IRQ c3=0
SELECT busy=2929
SELECT w0=2894
SELECT w1=1692
SELECT w2=1682
BUSY TASK ewma=997
DMA IRQ c0=0
DMA IRQ c1=2
DMA IRQ c2=0
DMA IRQ c3=0
SELECT busy=2973
SELECT w0=2937
SELECT w1=1713
SELECT w2=1704
BUSY TASK ewma=997
DMA IRQ c0=0
DMA IRQ c1=2
DMA IRQ c2=0
DMA IRQ c3=0
SELECT busy=3013
SELECT w0=2977
SELECT w1=1730
SELECT w2=1724
BUSY TASK ewma=997
DMA IRQ c0=0
DMA IRQ c1=2
DMA IRQ c2=0
DMA IRQ c3=0
SELECT busy=3053
SELECT w0=3018
SELECT w1=1753
SELECT w2=1749
BUSY TASK ewma=997
DMA IRQ c0=0
DMA IRQ c1=2
DMA IRQ c2=0
DMA IRQ c3=0
SELECT busy=3086
SELECT w0=3050
SELECT w1=1767
SELECT w2=1764
BUSY TASK ewma=997
DMA IRQ c0=0
DMA IRQ c1=2
DMA IRQ c2=0
DMA IRQ c3=0
SELECT busy=3118
SELECT w0=3082
SELECT w1=1783
SELECT w2=1784
BUSY TASK ewma=997
DMA IRQ c0=0
DMA IRQ c1=2
DMA IRQ c2=0
DMA IRQ c3=0
SELECT busy=3135
SELECT w0=3100
SELECT w1=1790
SELECT w2=1791
BUSY TASK ewma=997
DMA IRQ c0=0
DMA IRQ c1=2
DMA IRQ c2=0
DMA IRQ c3=0
SELECT busy=3167
SELECT w0=3131
SELECT w1=1805
SELECT w2=1805
BUSY TASK ewma=997
DMA IRQ c0=0
DMA IRQ c1=2
DMA IRQ c2=0
DMA IRQ c3=0
SELECT busy=3197
SELECT w0=3162
SELECT w1=1827
SELECT w2=1823
BUSY TASK ewma=997
DMA IRQ c0=0
DMA IRQ c1=2
DMA IRQ c2=0
DMA IRQ c3=0
SELECT busy=3221
SELECT w0=3185
SELECT w1=1846
SELECT w2=1834
BUSY TASK ewma=997
DMA IRQ c0=0
DMA IRQ c1=2
DMA IRQ c2=0
DMA IRQ c3=0
SELECT busy=3239
SELECT w0=3203
SELECT w1=1856
SELECT w2=1843
BUSY TASK ewma=997
DMA IRQ c0=0
DMA IRQ c1=2
DMA IRQ c2=0
DMA IRQ c3=0
SELECT busy=3258
SELECT w0=3222
SELECT w1=1866
SELECT w2=1851
BUSY TASK ewma=997
DMA IRQ c0=0
DMA IRQ c1=2
DMA IRQ c2=0
DMA IRQ c3=0
SELECT busy=3276
SELECT w0=3241
SELECT w1=1876
SELECT w2=1858
BUSY TASK ewma=997
DMA IRQ c0=0
DMA IRQ c1=2
DMA IRQ c2=0
DMA IRQ c3=0
SELECT busy=3303
SELECT w0=3268
SELECT w1=1900
SELECT w2=1876
BUSY TASK ewma=997
DMA IRQ c0=0
DMA IRQ c1=2
DMA IRQ c2=0
DMA IRQ c3=0
SELECT busy=3337
SELECT w0=3302
SELECT w1=1914
SELECT w2=1890
BUSY TASK ewma=997
DMA IRQ c0=0
DMA IRQ c1=2
DMA IRQ c2=0
DMA IRQ c3=0
SELECT busy=3370
SELECT w0=3334
SELECT w1=1934
SELECT w2=1905
BUSY TASK ewma=997
DMA IRQ c0=0
DMA IRQ c1=2
DMA IRQ c2=0
DMA IRQ c3=0
SELECT busy=3404
SELECT w0=3369
SELECT w1=1951
SELECT w2=1919
BUSY TASK ewma=997
DMA IRQ c0=0
DMA IRQ c1=2
DMA IRQ c2=0
DMA IRQ c3=0
SELECT busy=3446
SELECT w0=3412
SELECT w1=1970
SELECT w2=1938
BUSY TASK ewma=997
DMA IRQ c0=0
DMA IRQ c1=2
DMA IRQ c2=0
DMA IRQ c3=0
SELECT busy=3477
SELECT w0=3442
SELECT w1=1984
SELECT w2=1950
BUSY TASK ewma=997
DMA IRQ c0=0
DMA IRQ c1=2
DMA IRQ c2=0
DMA IRQ c3=0
SELECT busy=3499
SELECT w0=3463
SELECT w1=1994
SELECT w2=1962
BUSY TASK ewma=997
DMA IRQ c0=0
DMA IRQ c1=2
DMA IRQ c2=0
DMA IRQ c3=0
SELECT busy=3523
SELECT w0=3488
SELECT w1=2013
SELECT w2=1974
BUSY TASK ewma=997
DMA IRQ c0=0
DMA IRQ c1=2
DMA IRQ c2=0
DMA IRQ c3=0
SELECT busy=3566
SELECT w0=3530
SELECT w1=2029
SELECT w2=1992
BUSY TASK ewma=997
DMA IRQ c0=0
DMA IRQ c1=2
DMA IRQ c2=0
DMA IRQ c3=0
SELECT busy=3604
SELECT w0=3569
SELECT w1=2049
SELECT w2=2011
BUSY TASK ewma=997
DMA IRQ c0=0
DMA IRQ c1=2
DMA IRQ c2=0
DMA IRQ c3=0
SELECT busy=3635
SELECT w0=3599
SELECT w1=2063
SELECT w2=2027
BUSY TASK ewma=997
DMA IRQ c0=0
DMA IRQ c1=2
DMA IRQ c2=0
DMA IRQ c3=0
SELECT busy=3668
SELECT w0=3632
SELECT w1=2080
SELECT w2=2047
BUSY TASK ewma=997
DMA IRQ c0=0
DMA IRQ c1=2
DMA IRQ c2=0
DMA IRQ c3=0
SELECT busy=3703
SELECT w0=3668
SELECT w1=2096
SELECT w2=2061
BUSY TASK ewma=997
DMA IRQ c0=0
DMA IRQ c1=2
DMA IRQ c2=0
DMA IRQ c3=0
SELECT busy=3741
SELECT w0=3706
SELECT w1=2119
SELECT w2=2083
BUSY TASK ewma=997
DMA IRQ c0=0
DMA IRQ c1=2
DMA IRQ c2=0
DMA IRQ c3=0
SELECT busy=3769
SELECT w0=3733
SELECT w1=2134
SELECT w2=2096
BUSY TASK ewma=997
DMA IRQ c0=0
DMA IRQ c1=2
DMA IRQ c2=0
DMA IRQ c3=0
SELECT busy=3815
SELECT w0=3780
SELECT w1=2165
SELECT w2=2126
BUSY TASK ewma=997
DMA IRQ c0=0
DMA IRQ c1=2
DMA IRQ c2=0
DMA IRQ c3=0
SELECT busy=3838
SELECT w0=3803
SELECT w1=2179
SELECT w2=2138
BUSY TASK ewma=997
DMA IRQ c0=0
DMA IRQ c1=2
DMA IRQ c2=0
DMA IRQ c3=0
SELECT busy=3855
SELECT w0=3819
SELECT w1=2190
SELECT w2=2148
BUSY TASK ewma=997
DMA IRQ c0=0
DMA IRQ c1=2
DMA IRQ c2=0
DMA IRQ c3=0
SELECT busy=3874
SELECT w0=3838
SELECT w1=2200
SELECT w2=2156
BUSY TASK ewma=997
DMA IRQ c0=0
DMA IRQ c1=2
DMA IRQ c2=0
DMA IRQ c3=0
SELECT busy=3894
SELECT w0=3858
SELECT w1=2212
SELECT w2=2166
BUSY TASK ewma=997
DMA IRQ c0=0
DMA IRQ c1=2
DMA IRQ c2=0
DMA IRQ c3=0
SELECT busy=3916
SELECT w0=3881
SELECT w1=2225
SELECT w2=2178
BUSY TASK ewma=997
DMA IRQ c0=0
DMA IRQ c1=2
DMA IRQ c2=0
DMA IRQ c3=0
SELECT busy=3944
SELECT w0=3909
SELECT w1=2243
SELECT w2=2193
BUSY TASK ewma=997
DMA IRQ c0=0
DMA IRQ c1=2
DMA IRQ c2=0
DMA IRQ c3=0
SELECT busy=3965
SELECT w0=3929
SELECT w1=2253
SELECT w2=2203
BUSY TASK ewma=997
DMA IRQ c0=0
DMA IRQ c1=2
DMA IRQ c2=0
DMA IRQ c3=0
SELECT busy=3982
SELECT w0=3947
SELECT w1=2263
SELECT w2=2215
BUSY TASK ewma=997
DMA IRQ c0=0
DMA IRQ c1=2
DMA IRQ c2=0
DMA IRQ c3=0
SELECT busy=4004
SELECT w0=3968
SELECT w1=2274
SELECT w2=2226
BUSY TASK ewma=997
DMA IRQ c0=0
DMA IRQ c1=2
DMA IRQ c2=0
DMA IRQ c3=0
SELECT busy=4023
SELECT w0=3987
SELECT w1=2282
SELECT w2=2233
BUSY TASK ewma=997
DMA IRQ c0=0
DMA IRQ c1=2
DMA IRQ c2=0
DMA IRQ c3=0
SELECT busy=4037
SELECT w0=4002
SELECT w1=2290
SELECT w2=2240
BUSY TASK ewma=997
DMA IRQ c0=0
DMA IRQ c1=2
DMA IRQ c2=0
DMA IRQ c3=0
SELECT busy=4055
SELECT w0=4019
SELECT w1=2298
SELECT w2=2248
BUSY TASK ewma=997
DMA IRQ c0=0
DMA IRQ c1=2
DMA IRQ c2=0
DMA IRQ c3=0
SELECT busy=4073
SELECT w0=4037
SELECT w1=2305
SELECT w2=2253
BUSY TASK ewma=997
DMA IRQ c0=0
DMA IRQ c1=2
DMA IRQ c2=0
DMA IRQ c3=0
SELECT busy=4089
SELECT w0=4053
SELECT w1=2313
SELECT w2=2262
BUSY TASK ewma=997
DMA IRQ c0=0
DMA IRQ c1=2
DMA IRQ c2=0
DMA IRQ c3=0
SELECT busy=4111
SELECT w0=4076
SELECT w1=2326
SELECT w2=2275
BUSY TASK ewma=997
DMA IRQ c0=0
DMA IRQ c1=2
DMA IRQ c2=0
DMA IRQ c3=0
SELECT busy=4134
SELECT w0=4099
SELECT w1=2337
SELECT w2=2286
BUSY TASK ewma=997
DMA IRQ c0=0
DMA IRQ c1=2
DMA IRQ c2=0
DMA IRQ c3=0
SELECT busy=4152
SELECT w0=4117
SELECT w1=2348
SELECT w2=2297
BUSY TASK ewma=997
DMA IRQ c0=0
DMA IRQ c1=2
DMA IRQ c2=0
DMA IRQ c3=0
SELECT busy=4174
SELECT w0=4139
SELECT w1=2362
SELECT w2=2312
BUSY TASK ewma=997
DMA IRQ c0=0
DMA IRQ c1=2
DMA IRQ c2=0
DMA IRQ c3=0
SELECT busy=4201
SELECT w0=4165
SELECT w1=2374
SELECT w2=2327
BUSY TASK ewma=997
DMA IRQ c0=0
DMA IRQ c1=2
DMA IRQ c2=0
DMA IRQ c3=0
SELECT busy=4220
SELECT w0=4184
SELECT w1=2384
SELECT w2=2336
BUSY TASK ewma=997
DMA IRQ c0=0
DMA IRQ c1=2
DMA IRQ c2=0
DMA IRQ c3=0
SELECT busy=4233
SELECT w0=4198
SELECT w1=2393
SELECT w2=2343
BUSY TASK ewma=997
DMA IRQ c0=0
DMA IRQ c1=2
DMA IRQ c2=0
DMA IRQ c3=0
SELECT busy=4264
SELECT w0=4228
SELECT w1=2411
SELECT w2=2359
BUSY TASK ewma=997
DMA IRQ c0=0
DMA IRQ c1=2
DMA IRQ c2=0
DMA IRQ c3=0
SELECT busy=4280
SELECT w0=4245
SELECT w1=2422
SELECT w2=2370
BUSY TASK ewma=997
DMA IRQ c0=0
DMA IRQ c1=2
DMA IRQ c2=0
DMA IRQ c3=0
SELECT busy=4299
SELECT w0=4263
SELECT w1=2432
SELECT w2=2379
BUSY TASK ewma=997
DMA IRQ c0=0
DMA IRQ c1=2
DMA IRQ c2=0
DMA IRQ c3=0
SELECT busy=4319
SELECT w0=4285
SELECT w1=2444
SELECT w2=2395
BUSY TASK ewma=997
DMA IRQ c0=0
DMA IRQ c1=2
DMA IRQ c2=0
DMA IRQ c3=0
SELECT busy=4340
SELECT w0=4305
SELECT w1=2457
SELECT w2=2408
BUSY TASK ewma=997
DMA IRQ c0=0
DMA IRQ c1=2
DMA IRQ c2=0
DMA IRQ c3=0
SELECT busy=4364
SELECT w0=4328
SELECT w1=2470
SELECT w2=2421
BUSY TASK ewma=997
DMA IRQ c0=0
DMA IRQ c1=2
DMA IRQ c2=0
DMA IRQ c3=0
SELECT busy=4375
SELECT w0=4339
SELECT w1=2477
SELECT w2=2428
BUSY TASK ewma=997
DMA IRQ c0=0
DMA IRQ c1=2
DMA IRQ c2=0
DMA IRQ c3=0
SELECT busy=4388
SELECT w0=4352
SELECT w1=2484
SELECT w2=2436
BUSY TASK ewma=997
DMA IRQ c0=0
DMA IRQ c1=2
DMA IRQ c2=0
DMA IRQ c3=0
SELECT busy=4404
SELECT w0=4369
SELECT w1=2495
SELECT w2=2448
BUSY TASK ewma=997
DMA IRQ c0=0
DMA IRQ c1=2
DMA IRQ c2=0
DMA IRQ c3=0
SELECT busy=4427
SELECT w0=4392
SELECT w1=2509
SELECT w2=2461
BUSY TASK ewma=997
DMA IRQ c0=0
DMA IRQ c1=2
DMA IRQ c2=0
DMA IRQ c3=0
SELECT busy=4443
SELECT w0=4408
SELECT w1=2519
SELECT w2=2470
BUSY TASK ewma=997
IRQ counts: cpu0=8873 cpu1=10027 cpu2=9921 cpu3=9850
SCHED secondaries: calls=29812 unexpected=0
SECTEST switches=29783 cpu1=112318783,110166232 cpu2=88721078,88449503 cpu3=116756715,114759073
PINGPONG rounds=1898 pongs=1898
DMA IRQ c0=0
DMA IRQ c1=2
DMA IRQ c2=0
DMA IRQ c3=0
SELECT busy=4472
SELECT w0=4436
SELECT w1=2537
SELECT w2=2487
BUSY TASK ewma=997
DMA IRQ c0=0
DMA IRQ c1=2
DMA IRQ c2=0
DMA IRQ c3=0
SELECT busy=4488
SELECT w0=4453
SELECT w1=2548
SELECT w2=2497
BUSY TASK ewma=997
DMA IRQ c0=0
DMA IRQ c1=2
DMA IRQ c2=0
DMA IRQ c3=0
SELECT busy=4503
SELECT w0=4468
SELECT w1=2557
SELECT w2=2506
BUSY TASK ewma=997
DMA IRQ c0=0
DMA IRQ c1=2
DMA IRQ c2=0
DMA IRQ c3=0
SELECT busy=4520
SELECT w0=4485
SELECT w1=2570
SELECT w2=2517
BUSY TASK ewma=997
DMA IRQ c0=0
DMA IRQ c1=2
DMA IRQ c2=0
DMA IRQ c3=0
SELECT busy=4537
SELECT w0=4502
SELECT w1=2579
SELECT w2=2526
BUSY TASK ewma=997
DMA IRQ c0=0
DMA IRQ c1=2
DMA IRQ c2=0
DMA IRQ c3=0
SELECT busy=4553
SELECT w0=4518
SELECT w1=2590
SELECT w2=2537
BUSY TASK ewma=997
DMA IRQ c0=0
DMA IRQ c1=2
DMA IRQ c2=0
DMA IRQ c3=0
SELECT busy=4582
SELECT w0=4546
SELECT w1=2605
SELECT w2=2551
BUSY TASK ewma=997
DMA IRQ c0=0
DMA IRQ c1=2
DMA IRQ c2=0
DMA IRQ c3=0
SELECT busy=4622
SELECT w0=4588
SELECT w1=2628
SELECT w2=2569
BUSY TASK ewma=997
DMA IRQ c0=0
DMA IRQ c1=2
DMA IRQ c2=0
DMA IRQ c3=0
SELECT busy=4655
SELECT w0=4620
SELECT w1=2642
SELECT w2=2585
BUSY TASK ewma=997
DMA IRQ c0=0
DMA IRQ c1=2
DMA IRQ c2=0
DMA IRQ c3=0
SELECT busy=4671
SELECT w0=4636
SELECT w1=2652
SELECT w2=2597
BUSY TASK ewma=997
DMA IRQ c0=0
DMA IRQ c1=2
DMA IRQ c2=0
DMA IRQ c3=0
SELECT busy=4690
SELECT w0=4654
SELECT w1=2662
SELECT w2=2607
BUSY TASK ewma=997
DMA IRQ c0=0
DMA IRQ c1=2
DMA IRQ c2=0
DMA IRQ c3=0
SELECT busy=4727
SELECT w0=4694
SELECT w1=2680
SELECT w2=2631
BUSY TASK ewma=997
DMA IRQ c0=0
DMA IRQ c1=2
DMA IRQ c2=0
DMA IRQ c3=0
SELECT busy=4751
SELECT w0=4715
SELECT w1=2690
SELECT w2=2641
BUSY TASK ewma=997
DMA IRQ c0=0
DMA IRQ c1=2
DMA IRQ c2=0
DMA IRQ c3=0
SELECT busy=4770
SELECT w0=4734
SELECT w1=2697
SELECT w2=2652
BUSY TASK ewma=997
DMA IRQ c0=0
DMA IRQ c1=2
DMA IRQ c2=0
DMA IRQ c3=0
SELECT busy=4789
SELECT w0=4753
SELECT w1=2705
SELECT w2=2660
BUSY TASK ewma=997
DMA IRQ c0=0
DMA IRQ c1=2
DMA IRQ c2=0
DMA IRQ c3=0
SELECT busy=4813
SELECT w0=4777
SELECT w1=2715
SELECT w2=2673
BUSY TASK ewma=997
DMA IRQ c0=0
DMA IRQ c1=2
DMA IRQ c2=0
DMA IRQ c3=0
SELECT busy=4830
SELECT w0=4794
SELECT w1=2721
SELECT w2=2681
BUSY TASK ewma=997
DMA IRQ c0=0
DMA IRQ c1=2
DMA IRQ c2=0
DMA IRQ c3=0
SELECT busy=4847
SELECT w0=4812
SELECT w1=2726
SELECT w2=2688
BUSY TASK ewma=997
DMA IRQ c0=0
DMA IRQ c1=2
DMA IRQ c2=0
DMA IRQ c3=0
SELECT busy=4865
SELECT w0=4829
SELECT w1=2731
SELECT w2=2694
BUSY TASK ewma=997
DMA IRQ c0=0
DMA IRQ c1=2
DMA IRQ c2=0
DMA IRQ c3=0
SELECT busy=4884
SELECT w0=4848
SELECT w1=2738
SELECT w2=2702
BUSY TASK ewma=997
DMA IRQ c0=0
DMA IRQ c1=2
DMA IRQ c2=0
DMA IRQ c3=0
SELECT busy=4902
SELECT w0=4866
SELECT w1=2744
SELECT w2=2711
BUSY TASK ewma=997
DMA IRQ c0=0
DMA IRQ c1=2
DMA IRQ c2=0
DMA IRQ c3=0
SELECT busy=4921
SELECT w0=4886
SELECT w1=2750
SELECT w2=2718
BUSY TASK ewma=997
DMA IRQ c0=0
DMA IRQ c1=2
DMA IRQ c2=0
DMA IRQ c3=0
SELECT busy=4941
SELECT w0=4905
SELECT w1=2755
SELECT w2=2726
BUSY TASK ewma=997
DMA IRQ c0=0
DMA IRQ c1=2
DMA IRQ c2=0
DMA IRQ c3=0
SELECT busy=4959
SELECT w0=4923
SELECT w1=2762
SELECT w2=2734
BUSY TASK ewma=997
DMA IRQ c0=0
DMA IRQ c1=2
DMA IRQ c2=0
DMA IRQ c3=0
SELECT busy=4979
SELECT w0=4943
SELECT w1=2767
SELECT w2=2741
BUSY TASK ewma=997
DMA IRQ c0=0
DMA IRQ c1=2
DMA IRQ c2=0
DMA IRQ c3=0
SELECT busy=4997
SELECT w0=4961
SELECT w1=2772
SELECT w2=2747
BUSY TASK ewma=997
DMA IRQ c0=0
DMA IRQ c1=2
DMA IRQ c2=0
DMA IRQ c3=0
SELECT busy=5015
SELECT w0=4980
SELECT w1=2780
SELECT w2=2757
BUSY TASK ewma=997
DMA IRQ c0=0
DMA IRQ c1=2
DMA IRQ c2=0
DMA IRQ c3=0
SELECT busy=5036
SELECT w0=5000
SELECT w1=2790
SELECT w2=2768
BUSY TASK ewma=997
DMA IRQ c0=0
DMA IRQ c1=2
DMA IRQ c2=0
DMA IRQ c3=0
SELECT busy=5050
SELECT w0=5014
SELECT w1=2796
SELECT w2=2776
BUSY TASK ewma=997
DMA IRQ c0=0
DMA IRQ c1=2
DMA IRQ c2=0
DMA IRQ c3=0
SELECT busy=5070
SELECT w0=5034
SELECT w1=2805
SELECT w2=2787
BUSY TASK ewma=997
DMA IRQ c0=0
DMA IRQ c1=2
DMA IRQ c2=0
DMA IRQ c3=0
SELECT busy=5085
SELECT w0=5049
SELECT w1=2811
SELECT w2=2794
BUSY TASK ewma=997
DMA IRQ c0=0
DMA IRQ c1=2
DMA IRQ c2=0
DMA IRQ c3=0
SELECT busy=5106
SELECT w0=5070
SELECT w1=2817
SELECT w2=2803
BUSY TASK ewma=997
DMA IRQ c0=0
DMA IRQ c1=2
DMA IRQ c2=0
DMA IRQ c3=0
SELECT busy=5120
SELECT w0=5085
SELECT w1=2824
SELECT w2=2813
BUSY TASK ewma=997
DMA IRQ c0=0
DMA IRQ c1=2
DMA IRQ c2=0
DMA IRQ c3=0
SELECT busy=5136
SELECT w0=5100
SELECT w1=2832
SELECT w2=2822
BUSY TASK ewma=997
DMA IRQ c0=0
DMA IRQ c1=2
DMA IRQ c2=0
DMA IRQ c3=0
SELECT busy=5150
SELECT w0=5115
SELECT w1=2838
SELECT w2=2828
BUSY TASK ewma=997
DMA IRQ c0=0
DMA IRQ c1=2
DMA IRQ c2=0
DMA IRQ c3=0
SELECT busy=5166
SELECT w0=5130
SELECT w1=2845
SELECT w2=2836
BUSY TASK ewma=997
DMA IRQ c0=0
DMA IRQ c1=2
DMA IRQ c2=0
DMA IRQ c3=0
SELECT busy=5181
SELECT w0=5145
SELECT w1=2852
SELECT w2=2843
BUSY TASK ewma=997
DMA IRQ c0=0
DMA IRQ c1=2
DMA IRQ c2=0
DMA IRQ c3=0
SELECT busy=5205
SELECT w0=5170
SELECT w1=2866
SELECT w2=2857
BUSY TASK ewma=997
DMA IRQ c0=0
DMA IRQ c1=2
DMA IRQ c2=0
DMA IRQ c3=0
SELECT busy=5223
SELECT w0=5189
SELECT w1=2877
SELECT w2=2871
BUSY TASK ewma=997
DMA IRQ c0=0
DMA IRQ c1=2
DMA IRQ c2=0
DMA IRQ c3=0
SELECT busy=5243
SELECT w0=5209
SELECT w1=2886
SELECT w2=2885
BUSY TASK ewma=997
DMA IRQ c0=0
DMA IRQ c1=2
DMA IRQ c2=0
DMA IRQ c3=0
SELECT busy=5267
SELECT w0=5232
SELECT w1=2899
SELECT w2=2900
BUSY TASK ewma=997
DMA IRQ c0=0
DMA IRQ c1=2
DMA IRQ c2=0
DMA IRQ c3=0
SELECT busy=5283
SELECT w0=5248
SELECT w1=2907
SELECT w2=2913
BUSY TASK ewma=997
DMA IRQ c0=0
DMA IRQ c1=2
DMA IRQ c2=0
DMA IRQ c3=0
SELECT busy=5310
SELECT w0=5275
SELECT w1=2921
SELECT w2=2928
BUSY TASK ewma=997
DMA IRQ c0=0
DMA IRQ c1=2
DMA IRQ c2=0
DMA IRQ c3=0
SELECT busy=5332
SELECT w0=5297
SELECT w1=2931
SELECT w2=2940
BUSY TASK ewma=997
DMA IRQ c0=0
DMA IRQ c1=2
DMA IRQ c2=0
DMA IRQ c3=0
SELECT busy=5351
SELECT w0=5315
SELECT w1=2939
SELECT w2=2951
BUSY TASK ewma=997
DMA IRQ c0=0
DMA IRQ c1=2
DMA IRQ c2=0
DMA IRQ c3=0
SELECT busy=5369
SELECT w0=5334
SELECT w1=2948
SELECT w2=2961
BUSY TASK ewma=997
DMA IRQ c0=0
DMA IRQ c1=2
DMA IRQ c2=0
DMA IRQ c3=0
SELECT busy=5388
SELECT w0=5353
SELECT w1=2955
SELECT w2=2969
BUSY TASK ewma=997
DMA IRQ c0=0
DMA IRQ c1=2
DMA IRQ c2=0
DMA IRQ c3=0
SELECT busy=5408
SELECT w0=5373
SELECT w1=2964
SELECT w2=2979
BUSY TASK ewma=997
DMA IRQ c0=0
DMA IRQ c1=2
DMA IRQ c2=0
DMA IRQ c3=0
SELECT busy=5430
SELECT w0=5394
SELECT w1=2971
SELECT w2=2988
BUSY TASK ewma=997
DMA IRQ c0=0
DMA IRQ c1=2
DMA IRQ c2=0
DMA IRQ c3=0
SELECT busy=5450
SELECT w0=5414
SELECT w1=2978
SELECT w2=2996
BUSY TASK ewma=997
DMA IRQ c0=0
DMA IRQ c1=2
DMA IRQ c2=0
DMA IRQ c3=0
SELECT busy=5479
SELECT w0=5444
SELECT w1=2992
SELECT w2=3014
BUSY TASK ewma=997
DMA IRQ c0=0
DMA IRQ c1=2
DMA IRQ c2=0
DMA IRQ c3=0
SELECT busy=5511
SELECT w0=5476
SELECT w1=3006
SELECT w2=3031
BUSY TASK ewma=997
DMA IRQ c0=0
DMA IRQ c1=2
DMA IRQ c2=0
DMA IRQ c3=0
SELECT busy=5533
SELECT w0=5499
SELECT w1=3018
SELECT w2=3043
BUSY TASK ewma=997
DMA IRQ c0=0
DMA IRQ c1=2
DMA IRQ c2=0
DMA IRQ c3=0
SELECT busy=5550
SELECT w0=5515
SELECT w1=3028
SELECT w2=3055
BUSY TASK ewma=997
DMA IRQ c0=0
DMA IRQ c1=2
DMA IRQ c2=0
DMA IRQ c3=0
SELECT busy=5565
SELECT w0=5530
SELECT w1=3035
SELECT w2=3063
BUSY TASK ewma=997
DMA IRQ c0=0
DMA IRQ c1=2
DMA IRQ c2=0
DMA IRQ c3=0
SELECT busy=5584
SELECT w0=5549
SELECT w1=3046
SELECT w2=3075
BUSY TASK ewma=997
DMA IRQ c0=0
DMA IRQ c1=2
DMA IRQ c2=0
DMA IRQ c3=0
SELECT busy=5604
SELECT w0=5569
SELECT w1=3057
SELECT w2=3088
BUSY TASK ewma=997
DMA IRQ c0=0
DMA IRQ c1=2
DMA IRQ c2=0
DMA IRQ c3=0
SELECT busy=5622
SELECT w0=5586
SELECT w1=3065
SELECT w2=3097
BUSY TASK ewma=997
DMA IRQ c0=0
DMA IRQ c1=2
DMA IRQ c2=0
DMA IRQ c3=0
SELECT busy=5644
SELECT w0=5609
SELECT w1=3077
SELECT w2=3112
BUSY TASK ewma=997
DMA IRQ c0=0
DMA IRQ c1=2
DMA IRQ c2=0
DMA IRQ c3=0
SELECT busy=5665
SELECT w0=5629
SELECT w1=3083
SELECT w2=3121
BUSY TASK ewma=997
DMA IRQ c0=0
DMA IRQ c1=2
DMA IRQ c2=0
DMA IRQ c3=0
SELECT busy=5688
SELECT w0=5653
SELECT w1=3094
SELECT w2=3136
BUSY TASK ewma=997
DMA IRQ c0=0
DMA IRQ c1=2
DMA IRQ c2=0
DMA IRQ c3=0
SELECT busy=5705
SELECT w0=5669
SELECT w1=3104
SELECT w2=3148
BUSY TASK ewma=997
DMA IRQ c0=0
DMA IRQ c1=2
DMA IRQ c2=0
DMA IRQ c3=0
SELECT busy=5724
SELECT w0=5689
SELECT w1=3113
SELECT w2=3157
BUSY TASK ewma=997
DMA IRQ c0=0
DMA IRQ c1=2
DMA IRQ c2=0
DMA IRQ c3=0
SELECT busy=5747
SELECT w0=5712
SELECT w1=3125
SELECT w2=3170
BUSY TASK ewma=997
IRQ counts: cpu0=11493 cpu1=12937 cpu2=12751 cpu3=12732
SCHED secondaries: calls=38444 unexpected=0
SECTEST switches=38408 cpu1=144951279,142661256 cpu2=115222864,115480590 cpu3=155396438,151836691
PINGPONG rounds=2000 pongs=2000
DMA IRQ c0=0
DMA IRQ c1=2
DMA IRQ c2=0
DMA IRQ c3=0
SELECT busy=5795
SELECT w0=5759
SELECT w1=3151
SELECT w2=3204
BUSY TASK ewma=997
DMA IRQ c0=0
DMA IRQ c1=2
DMA IRQ c2=0
DMA IRQ c3=0
SELECT busy=5831
SELECT w0=5796
SELECT w1=3165
SELECT w2=3222
BUSY TASK ewma=997
DMA IRQ c0=0
DMA IRQ c1=2
DMA IRQ c2=0
DMA IRQ c3=0
SELECT busy=5867
SELECT w0=5832
SELECT w1=3182
SELECT w2=3242
BUSY TASK ewma=997
DMA IRQ c0=0
DMA IRQ c1=2
DMA IRQ c2=0
DMA IRQ c3=0
SELECT busy=5898
SELECT w0=5862
SELECT w1=3195
SELECT w2=3258
BUSY TASK ewma=997
DMA IRQ c0=0
DMA IRQ c1=2
DMA IRQ c2=0
DMA IRQ c3=0
SELECT busy=5926
SELECT w0=5891
SELECT w1=3210
SELECT w2=3275
BUSY TASK ewma=997
DMA IRQ c0=0
DMA IRQ c1=2
DMA IRQ c2=0
DMA IRQ c3=0
SELECT busy=5957
SELECT w0=5922
SELECT w1=3223
SELECT w2=3293
BUSY TASK ewma=997
DMA IRQ c0=0
DMA IRQ c1=2
DMA IRQ c2=0
DMA IRQ c3=0
SELECT busy=5972
SELECT w0=5936
SELECT w1=3230
SELECT w2=3300
BUSY TASK ewma=997
DMA IRQ c0=0
DMA IRQ c1=2
DMA IRQ c2=0
DMA IRQ c3=0
SELECT busy=5989
SELECT w0=5953
SELECT w1=3238
SELECT w2=3313
BUSY TASK ewma=997
DMA IRQ c0=0
DMA IRQ c1=2
DMA IRQ c2=0
DMA IRQ c3=0
SELECT busy=6015
SELECT w0=5980
SELECT w1=3251
SELECT w2=3327
BUSY TASK ewma=997
DMA IRQ c0=0
DMA IRQ c1=2
DMA IRQ c2=0
DMA IRQ c3=0
SELECT busy=6050
SELECT w0=6014
SELECT w1=3265
SELECT w2=3345
BUSY TASK ewma=997
DMA IRQ c0=0
DMA IRQ c1=2
DMA IRQ c2=0
DMA IRQ c3=0
SELECT busy=6091
SELECT w0=6056
SELECT w1=3288
SELECT w2=3370
BUSY TASK ewma=997
DMA IRQ c0=0
DMA IRQ c1=2
DMA IRQ c2=0
DMA IRQ c3=0
SELECT busy=6130
SELECT w0=6095
SELECT w1=3307
SELECT w2=3392
BUSY TASK ewma=997
DMA IRQ c0=0
DMA IRQ c1=2
DMA IRQ c2=0
DMA IRQ c3=0
SELECT busy=6157
SELECT w0=6123
SELECT w1=3319
SELECT w2=3409
BUSY TASK ewma=997
DMA IRQ c0=0
DMA IRQ c1=2
DMA IRQ c2=0
DMA IRQ c3=0
SELECT busy=6176
SELECT w0=6141
SELECT w1=3328
SELECT w2=3421
BUSY TASK ewma=997
DMA IRQ c0=0
DMA IRQ c1=2
DMA IRQ c2=0
DMA IRQ c3=0
SELECT busy=6197
SELECT w0=6162
SELECT w1=3340
SELECT w2=3438
BUSY TASK ewma=997
DMA IRQ c0=0
DMA IRQ c1=2
DMA IRQ c2=0
DMA IRQ c3=0
SELECT busy=6218
SELECT w0=6182
SELECT w1=3350
SELECT w2=3450
BUSY TASK ewma=997
DMA IRQ c0=0
DMA IRQ c1=2
DMA IRQ c2=0
DMA IRQ c3=0
SELECT busy=6235
SELECT w0=6200
SELECT w1=3358
SELECT w2=3461
BUSY TASK ewma=997
DMA IRQ c0=0
DMA IRQ c1=2
DMA IRQ c2=0
DMA IRQ c3=0
SELECT busy=6257
SELECT w0=6221
SELECT w1=3367
SELECT w2=3473
BUSY TASK ewma=997
DMA IRQ c0=0
DMA IRQ c1=2
DMA IRQ c2=0
DMA IRQ c3=0
SELECT busy=6271
SELECT w0=6236
SELECT w1=3373
SELECT w2=3481
BUSY TASK ewma=997
DMA IRQ c0=0
DMA IRQ c1=2
DMA IRQ c2=0
DMA IRQ c3=0
SELECT busy=6294
SELECT w0=6259
SELECT w1=3386
SELECT w2=3498
BUSY TASK ewma=997
DMA IRQ c0=0
DMA IRQ c1=2
DMA IRQ c2=0
DMA IRQ c3=0
SELECT busy=6322
SELECT w0=6287
SELECT w1=3399
SELECT w2=3518
BUSY TASK ewma=997
DMA IRQ c0=0
DMA IRQ c1=2
DMA IRQ c2=0
DMA IRQ c3=0
SELECT busy=6343
SELECT w0=6307
SELECT w1=3408
SELECT w2=3530
BUSY TASK ewma=997
DMA IRQ c0=0
DMA IRQ c1=2
DMA IRQ c2=0
DMA IRQ c3=0
SELECT busy=6363
SELECT w0=6327
SELECT w1=3416
SELECT w2=3542
BUSY TASK ewma=997
DMA IRQ c0=0
DMA IRQ c1=2
DMA IRQ c2=0
DMA IRQ c3=0
SELECT busy=6388
SELECT w0=6353
SELECT w1=3430
SELECT w2=3560
BUSY TASK ewma=997
DMA IRQ c0=0
DMA IRQ c1=2
DMA IRQ c2=0
DMA IRQ c3=0
SELECT busy=6415
SELECT w0=6380
SELECT w1=3444
SELECT w2=3578
BUSY TASK ewma=997
DMA IRQ c0=0
DMA IRQ c1=2
DMA IRQ c2=0
DMA IRQ c3=0
SELECT busy=6455
SELECT w0=6419
SELECT w1=3459
SELECT w2=3597
BUSY TASK ewma=997
DMA IRQ c0=0
DMA IRQ c1=2
DMA IRQ c2=0
DMA IRQ c3=0
SELECT busy=6499
SELECT w0=6463
SELECT w1=3477
SELECT w2=3621
BUSY TASK ewma=997
DMA IRQ c0=0
DMA IRQ c1=2
DMA IRQ c2=0
DMA IRQ c3=0
SELECT busy=6544
SELECT w0=6509
SELECT w1=3496
SELECT w2=3642
BUSY TASK ewma=997
DMA IRQ c0=0
DMA IRQ c1=2
DMA IRQ c2=0
DMA IRQ c3=0
SELECT busy=6582
SELECT w0=6547
SELECT w1=3513
SELECT w2=3663
BUSY TASK ewma=997
DMA IRQ c0=0
DMA IRQ c1=2
DMA IRQ c2=0
DMA IRQ c3=0
SELECT busy=6618
SELECT w0=6582
SELECT w1=3529
SELECT w2=3683
BUSY TASK ewma=997
DMA IRQ c0=0
DMA IRQ c1=2
DMA IRQ c2=0
DMA IRQ c3=0
SELECT busy=6639
SELECT w0=6603
SELECT w1=3539
SELECT w2=3693
BUSY TASK ewma=997
DMA IRQ c0=0
DMA IRQ c1=2
DMA IRQ c2=0
DMA IRQ c3=0
SELECT busy=6664
SELECT w0=6628
SELECT w1=3552
SELECT w2=3709
BUSY TASK ewma=997
DMA IRQ c0=0
DMA IRQ c1=2
DMA IRQ c2=0
DMA IRQ c3=0
SELECT busy=6681
SELECT w0=6646
SELECT w1=3562
SELECT w2=3722
BUSY TASK ewma=997
DMA IRQ c0=0
DMA IRQ c1=2
DMA IRQ c2=0
DMA IRQ c3=0
SELECT busy=6700
SELECT w0=6665
SELECT w1=3573
SELECT w2=3735
BUSY TASK ewma=997
DMA IRQ c0=0
DMA IRQ c1=2
DMA IRQ c2=0
DMA IRQ c3=0
SELECT busy=6719
SELECT w0=6684
SELECT w1=3586
SELECT w2=3746
BUSY TASK ewma=997
DMA IRQ c0=0
DMA IRQ c1=2
DMA IRQ c2=0
DMA IRQ c3=0
SELECT busy=6738
SELECT w0=6705
SELECT w1=3598
SELECT w2=3763
BUSY TASK ewma=997
DMA IRQ c0=0
DMA IRQ c1=2
DMA IRQ c2=0
DMA IRQ c3=0
SELECT busy=6770
SELECT w0=6735
SELECT w1=3615
SELECT w2=3778
BUSY TASK ewma=997
DMA IRQ c0=0
DMA IRQ c1=2
DMA IRQ c2=0
DMA IRQ c3=0
SELECT busy=6794
SELECT w0=6759
SELECT w1=3630
SELECT w2=3796
BUSY TASK ewma=997
DMA IRQ c0=0
DMA IRQ c1=2
DMA IRQ c2=0
DMA IRQ c3=0
SELECT busy=6811
SELECT w0=6775
SELECT w1=3637
SELECT w2=3807
BUSY TASK ewma=997
DMA IRQ c0=0
DMA IRQ c1=2
DMA IRQ c2=0
DMA IRQ c3=0
SELECT busy=6830
SELECT w0=6797
SELECT w1=3651
SELECT w2=3822
BUSY TASK ewma=997
DMA IRQ c0=0
DMA IRQ c1=2
DMA IRQ c2=0
DMA IRQ c3=0
SELECT busy=6849
SELECT w0=6813
SELECT w1=3658
SELECT w2=3831
BUSY TASK ewma=997
DMA IRQ c0=0
DMA IRQ c1=2
DMA IRQ c2=0
DMA IRQ c3=0
SELECT busy=6872
SELECT w0=6837
SELECT w1=3671
SELECT w2=3848
BUSY TASK ewma=997
DMA IRQ c0=0
DMA IRQ c1=2
DMA IRQ c2=0
DMA IRQ c3=0
SELECT busy=6896
SELECT w0=6861
SELECT w1=3680
SELECT w2=3862
BUSY TASK ewma=997
DMA IRQ c0=0
DMA IRQ c1=2
DMA IRQ c2=0
DMA IRQ c3=0
SELECT busy=6912
SELECT w0=6876
SELECT w1=3687
SELECT w2=3869
BUSY TASK ewma=997
DMA IRQ c0=0
DMA IRQ c1=2
DMA IRQ c2=0
DMA IRQ c3=0
SELECT busy=6948
SELECT w0=6913
SELECT w1=3703
SELECT w2=3888
BUSY TASK ewma=997
DMA IRQ c0=0
DMA IRQ c1=2
DMA IRQ c2=0
DMA IRQ c3=0
SELECT busy=6971
SELECT w0=6937
SELECT w1=3712
SELECT w2=3900
BUSY TASK ewma=997
DMA IRQ c0=0
DMA IRQ c1=2
DMA IRQ c2=0
DMA IRQ c3=0
SELECT busy=6993
SELECT w0=6957
SELECT w1=3721
SELECT w2=3912
BUSY TASK ewma=997
DMA IRQ c0=0
DMA IRQ c1=2
DMA IRQ c2=0
DMA IRQ c3=0
SELECT busy=7008
SELECT w0=6972
SELECT w1=3728
SELECT w2=3920
BUSY TASK ewma=997
DMA IRQ c0=0
DMA IRQ c1=2
DMA IRQ c2=0
DMA IRQ c3=0
SELECT busy=7028
SELECT w0=6992
SELECT w1=3736
SELECT w2=3936
BUSY TASK ewma=997
DMA IRQ c0=0
DMA IRQ c1=2
DMA IRQ c2=0
DMA IRQ c3=0
SELECT busy=7052
SELECT w0=7018
SELECT w1=3752
SELECT w2=3952
BUSY TASK ewma=997
DMA IRQ c0=0
DMA IRQ c1=2
DMA IRQ c2=0
DMA IRQ c3=0
SELECT busy=7073
SELECT w0=7039
SELECT w1=3760
SELECT w2=3962
BUSY TASK ewma=997
DMA IRQ c0=0
DMA IRQ c1=2
DMA IRQ c2=0
DMA IRQ c3=0
SELECT busy=7092
SELECT w0=7056
SELECT w1=3766
SELECT w2=3969
BUSY TASK ewma=997
DMA IRQ c0=0
DMA IRQ c1=2
DMA IRQ c2=0
DMA IRQ c3=0
SELECT busy=7110
SELECT w0=7074
SELECT w1=3773
SELECT w2=3978
BUSY TASK ewma=997
DMA IRQ c0=0
DMA IRQ c1=2
DMA IRQ c2=0
DMA IRQ c3=0
SELECT busy=7129
SELECT w0=7093
SELECT w1=3781
SELECT w2=3986
BUSY TASK ewma=997
DMA IRQ c0=0
DMA IRQ c1=2
DMA IRQ c2=0
DMA IRQ c3=0
SELECT busy=7148
SELECT w0=7112
SELECT w1=3791
SELECT w2=3995
BUSY TASK ewma=997
DMA IRQ c0=0
DMA IRQ c1=2
DMA IRQ c2=0
DMA IRQ c3=0
SELECT busy=7169
SELECT w0=7134
SELECT w1=3802
SELECT w2=4005
BUSY TASK ewma=997
DMA IRQ c0=0
DMA IRQ c1=2
DMA IRQ c2=0
DMA IRQ c3=0
SELECT busy=7201
SELECT w0=7165
SELECT w1=3816
SELECT w2=4020
BUSY TASK ewma=997
DMA IRQ c0=0
DMA IRQ c1=2
DMA IRQ c2=0
DMA IRQ c3=0
SELECT busy=7232
SELECT w0=7197
SELECT w1=3829
SELECT w2=4036
BUSY TASK ewma=997
DMA IRQ c0=0
DMA IRQ c1=2
DMA IRQ c2=0
DMA IRQ c3=0
SELECT busy=7263
SELECT w0=7228
SELECT w1=3841
SELECT w2=4054
BUSY TASK ewma=997
DMA IRQ c0=0
DMA IRQ c1=2
DMA IRQ c2=0
DMA IRQ c3=0
SELECT busy=7293
SELECT w0=7257
SELECT w1=3854
SELECT w2=4069
BUSY TASK ewma=997
DMA IRQ c0=0
DMA IRQ c1=2
DMA IRQ c2=0
DMA IRQ c3=0
SELECT busy=7319
SELECT w0=7283
SELECT w1=3866
SELECT w2=4087
BUSY TASK ewma=997
DMA IRQ c0=0
DMA IRQ c1=2
DMA IRQ c2=0
DMA IRQ c3=0
SELECT busy=7357
SELECT w0=7322
SELECT w1=3881
SELECT w2=4108
BUSY TASK ewma=997
DMA IRQ c0=0
DMA IRQ c1=2
DMA IRQ c2=0
DMA IRQ c3=0
SELECT busy=7385
SELECT w0=7349
SELECT w1=3890
SELECT w2=4120
BUSY TASK ewma=997
DMA IRQ c0=0
DMA IRQ c1=2
DMA IRQ c2=0
DMA IRQ c3=0
SELECT busy=7407
SELECT w0=7371
SELECT w1=3899
SELECT w2=4133
BUSY TASK ewma=997
IRQ counts: cpu0=14809 cpu1=16803 cpu2=16608 cpu3=16417
SCHED secondaries: calls=49848 unexpected=0
SECTEST switches=49819 cpu1=176194607,173949221 cpu2=148804596,147113158 cpu3=198020508,193807038
PINGPONG rounds=2000 pongs=2000
DMA IRQ c0=0
DMA IRQ c1=2
DMA IRQ c2=0
DMA IRQ c3=0
SELECT busy=7452
SELECT w0=7418
SELECT w1=3924
SELECT w2=4170
BUSY TASK ewma=997
DMA IRQ c0=0
DMA IRQ c1=2
DMA IRQ c2=0
DMA IRQ c3=0
SELECT busy=7488
SELECT w0=7453
SELECT w1=3938
SELECT w2=4189
BUSY TASK ewma=997
DMA IRQ c0=0
DMA IRQ c1=2
DMA IRQ c2=0
DMA IRQ c3=0
SELECT busy=7512
SELECT w0=7476
SELECT w1=3950
SELECT w2=4200
BUSY TASK ewma=997
DMA IRQ c0=0
DMA IRQ c1=2
DMA IRQ c2=0
DMA IRQ c3=0
SELECT busy=7530
SELECT w0=7494
SELECT w1=3954
SELECT w2=4207
BUSY TASK ewma=997
DMA IRQ c0=0
DMA IRQ c1=2
DMA IRQ c2=0
DMA IRQ c3=0
SELECT busy=7548
SELECT w0=7512
SELECT w1=3962
SELECT w2=4214
BUSY TASK ewma=997
DMA IRQ c0=0
DMA IRQ c1=2
DMA IRQ c2=0
DMA IRQ c3=0
SELECT busy=7567
SELECT w0=7532
SELECT w1=3969
SELECT w2=4222
BUSY TASK ewma=997
DMA IRQ c0=0
DMA IRQ c1=2
DMA IRQ c2=0
DMA IRQ c3=0
SELECT busy=7584
SELECT w0=7549
SELECT w1=3976
SELECT w2=4232
BUSY TASK ewma=997
DMA IRQ c0=0
DMA IRQ c1=2
DMA IRQ c2=0
DMA IRQ c3=0
SELECT busy=7604
SELECT w0=7571
SELECT w1=3988
SELECT w2=4252
BUSY TASK ewma=997
DMA IRQ c0=0
DMA IRQ c1=2
DMA IRQ c2=0
DMA IRQ c3=0
SELECT busy=7632
SELECT w0=7598
SELECT w1=4002
SELECT w2=4275
BUSY TASK ewma=997
DMA IRQ c0=0
DMA IRQ c1=2
DMA IRQ c2=0
DMA IRQ c3=0
SELECT busy=7655
SELECT w0=7620
SELECT w1=4010
SELECT w2=4287
BUSY TASK ewma=997
DMA IRQ c0=0
DMA IRQ c1=2
DMA IRQ c2=0
DMA IRQ c3=0
SELECT busy=7675
SELECT w0=7640
SELECT w1=4021
SELECT w2=4300
BUSY TASK ewma=997
DMA IRQ c0=0
DMA IRQ c1=2
DMA IRQ c2=0
DMA IRQ c3=0
SELECT busy=7698
SELECT w0=7662
SELECT w1=4031
SELECT w2=4315
BUSY TASK ewma=997
DMA IRQ c0=0
DMA IRQ c1=2
DMA IRQ c2=0
DMA IRQ c3=0
SELECT busy=7713
SELECT w0=7678
SELECT w1=4040
SELECT w2=4329
BUSY TASK ewma=997
DMA IRQ c0=0
DMA IRQ c1=2
DMA IRQ c2=0
DMA IRQ c3=0
SELECT busy=7732
SELECT w0=7696
SELECT w1=4049
SELECT w2=4340
BUSY TASK ewma=997
DMA IRQ c0=0
DMA IRQ c1=2
DMA IRQ c2=0
DMA IRQ c3=0
SELECT busy=7746
SELECT w0=7711
SELECT w1=4056
SELECT w2=4350
BUSY TASK ewma=997
DMA IRQ c0=0
DMA IRQ c1=2
DMA IRQ c2=0
DMA IRQ c3=0
SELECT busy=7763
SELECT w0=7727
SELECT w1=4065
SELECT w2=4359
BUSY TASK ewma=997
DMA IRQ c0=0
DMA IRQ c1=2
DMA IRQ c2=0
DMA IRQ c3=0
SELECT busy=7781
SELECT w0=7746
SELECT w1=4072
SELECT w2=4368
BUSY TASK ewma=997
DMA IRQ c0=0
DMA IRQ c1=2
DMA IRQ c2=0
DMA IRQ c3=0
SELECT busy=7801
SELECT w0=7765
SELECT w1=4078
SELECT w2=4376
BUSY TASK ewma=997
DMA IRQ c0=0
DMA IRQ c1=2
DMA IRQ c2=0
DMA IRQ c3=0
SELECT busy=7819
SELECT w0=7784
SELECT w1=4094
SELECT w2=4389
BUSY TASK ewma=997
DMA IRQ c0=0
DMA IRQ c1=2
DMA IRQ c2=0
DMA IRQ c3=0
SELECT busy=7845
SELECT w0=7810
SELECT w1=4105
SELECT w2=4406
BUSY TASK ewma=997
DMA IRQ c0=0
DMA IRQ c1=2
DMA IRQ c2=0
DMA IRQ c3=0
SELECT busy=7866
SELECT w0=7830
SELECT w1=4115
SELECT w2=4416
BUSY TASK ewma=997
DMA IRQ c0=0
DMA IRQ c1=2
DMA IRQ c2=0
DMA IRQ c3=0
SELECT busy=7883
SELECT w0=7848
SELECT w1=4123
SELECT w2=4429
BUSY TASK ewma=997
DMA IRQ c0=0
DMA IRQ c1=2
DMA IRQ c2=0
DMA IRQ c3=0
SELECT busy=7905
SELECT w0=7869
SELECT w1=4135
SELECT w2=4442
BUSY TASK ewma=997
DMA IRQ c0=0
DMA IRQ c1=2
DMA IRQ c2=0
DMA IRQ c3=0
SELECT busy=7927
SELECT w0=7891
SELECT w1=4147
SELECT w2=4455
BUSY TASK ewma=997
DMA IRQ c0=0
DMA IRQ c1=2
DMA IRQ c2=0
DMA IRQ c3=0
SELECT busy=7946
SELECT w0=7910
SELECT w1=4156
SELECT w2=4467
BUSY TASK ewma=997
DMA IRQ c0=0
DMA IRQ c1=2
DMA IRQ c2=0
DMA IRQ c3=0
SELECT busy=7966
SELECT w0=7931
SELECT w1=4168
SELECT w2=4484
BUSY TASK ewma=997
DMA IRQ c0=0
DMA IRQ c1=2
DMA IRQ c2=0
DMA IRQ c3=0
SELECT busy=7987
SELECT w0=7951
SELECT w1=4177
SELECT w2=4498
BUSY TASK ewma=997
DMA IRQ c0=0
DMA IRQ c1=2
DMA IRQ c2=0
DMA IRQ c3=0
SELECT busy=8006
SELECT w0=7971
SELECT w1=4184
SELECT w2=4507
BUSY TASK ewma=997
DMA IRQ c0=0
DMA IRQ c1=2
DMA IRQ c2=0
DMA IRQ c3=0
SELECT busy=8031
SELECT w0=7996
SELECT w1=4196
SELECT w2=4522
BUSY TASK ewma=997
DMA IRQ c0=0
DMA IRQ c1=2
DMA IRQ c2=0
DMA IRQ c3=0
SELECT busy=8049
SELECT w0=8014
SELECT w1=4204
SELECT w2=4533
BUSY TASK ewma=997
DMA IRQ c0=0
DMA IRQ c1=2
DMA IRQ c2=0
DMA IRQ c3=0
SELECT busy=8064
SELECT w0=8028
SELECT w1=4210
SELECT w2=4542
BUSY TASK ewma=997
DMA IRQ c0=0
DMA IRQ c1=2
DMA IRQ c2=0
DMA IRQ c3=0
SELECT busy=8082
SELECT w0=8046
SELECT w1=4217
SELECT w2=4550
BUSY TASK ewma=997
DMA IRQ c0=0
DMA IRQ c1=2
DMA IRQ c2=0
DMA IRQ c3=0
SELECT busy=8105
SELECT w0=8069
SELECT w1=4227
SELECT w2=4562
BUSY TASK ewma=997
DMA IRQ c0=0
DMA IRQ c1=2
DMA IRQ c2=0
DMA IRQ c3=0
SELECT busy=8118
SELECT w0=8083
SELECT w1=4233
SELECT w2=4570
BUSY TASK ewma=997
DMA IRQ c0=0
DMA IRQ c1=2
DMA IRQ c2=0
DMA IRQ c3=0
SELECT busy=8141
SELECT w0=8106
SELECT w1=4247
SELECT w2=4586
BUSY TASK ewma=997
DMA IRQ c0=0
DMA IRQ c1=2
DMA IRQ c2=0
DMA IRQ c3=0
SELECT busy=8163
SELECT w0=8127
SELECT w1=4257
SELECT w2=4600
BUSY TASK ewma=997
DMA IRQ c0=0
DMA IRQ c1=2
DMA IRQ c2=0
DMA IRQ c3=0
SELECT busy=8184
SELECT w0=8148
SELECT w1=4267
SELECT w2=4608
BUSY TASK ewma=997
DMA IRQ c0=0
DMA IRQ c1=2
DMA IRQ c2=0
DMA IRQ c3=0
SELECT busy=8198
SELECT w0=8162
SELECT w1=4273
SELECT w2=4616
BUSY TASK ewma=997
DMA IRQ c0=0
DMA IRQ c1=2
DMA IRQ c2=0
DMA IRQ c3=0
SELECT busy=8213
SELECT w0=8178
SELECT w1=4278
SELECT w2=4624
BUSY TASK ewma=997
DMA IRQ c0=0
DMA IRQ c1=2
DMA IRQ c2=0
DMA IRQ c3=0
SELECT busy=8232
SELECT w0=8197
SELECT w1=4285
SELECT w2=4633
BUSY TASK ewma=997
DMA IRQ c0=0
DMA IRQ c1=2
DMA IRQ c2=0
DMA IRQ c3=0
SELECT busy=8254
SELECT w0=8218
SELECT w1=4295
SELECT w2=4645
BUSY TASK ewma=997
DMA IRQ c0=0
DMA IRQ c1=2
DMA IRQ c2=0
DMA IRQ c3=0
SELECT busy=8270
SELECT w0=8235
SELECT w1=4305
SELECT w2=4657
BUSY TASK ewma=997
DMA IRQ c0=0
DMA IRQ c1=2
DMA IRQ c2=0
DMA IRQ c3=0
SELECT busy=8293
SELECT w0=8258
SELECT w1=4315
SELECT w2=4667
BUSY TASK ewma=997
DMA IRQ c0=0
DMA IRQ c1=2
DMA IRQ c2=0
DMA IRQ c3=0
SELECT busy=8317
SELECT w0=8281
SELECT w1=4324
SELECT w2=4678
BUSY TASK ewma=997
DMA IRQ c0=0
DMA IRQ c1=2
DMA IRQ c2=0
DMA IRQ c3=0
SELECT busy=8332
SELECT w0=8296
SELECT w1=4331
SELECT w2=4690
BUSY TASK ewma=997
DMA IRQ c0=0
DMA IRQ c1=2
DMA IRQ c2=0
DMA IRQ c3=0
SELECT busy=8348
SELECT w0=8313
SELECT w1=4340
SELECT w2=4702
BUSY TASK ewma=997
DMA IRQ c0=0
DMA IRQ c1=2
DMA IRQ c2=0
DMA IRQ c3=0
SELECT busy=8369
SELECT w0=8334
SELECT w1=4354
SELECT w2=4714
BUSY TASK ewma=997
DMA IRQ c0=0
DMA IRQ c1=2
DMA IRQ c2=0
DMA IRQ c3=0
SELECT busy=8390
SELECT w0=8355
SELECT w1=4364
SELECT w2=4728
BUSY TASK ewma=997
DMA IRQ c0=0
DMA IRQ c1=2
DMA IRQ c2=0
DMA IRQ c3=0
SELECT busy=8411
SELECT w0=8376
SELECT w1=4375
SELECT w2=4741
BUSY TASK ewma=997
DMA IRQ c0=0
DMA IRQ c1=2
DMA IRQ c2=0
DMA IRQ c3=0
SELECT busy=8437
SELECT w0=8402
SELECT w1=4390
SELECT w2=4756
BUSY TASK ewma=997
DMA IRQ c0=0
DMA IRQ c1=2
DMA IRQ c2=0
DMA IRQ c3=0
SELECT busy=8455
SELECT w0=8420
SELECT w1=4398
SELECT w2=4766
BUSY TASK ewma=997
DMA IRQ c0=0
DMA IRQ c1=2
DMA IRQ c2=0
DMA IRQ c3=0
SELECT busy=8472
SELECT w0=8436
SELECT w1=4405
SELECT w2=4776
BUSY TASK ewma=997
DMA IRQ c0=0
DMA IRQ c1=2
DMA IRQ c2=0
DMA IRQ c3=0
SELECT busy=8486
SELECT w0=8451
SELECT w1=4412
SELECT w2=4786
BUSY TASK ewma=997
DMA IRQ c0=0
DMA IRQ c1=2
DMA IRQ c2=0
DMA IRQ c3=0
SELECT busy=8507
SELECT w0=8472
SELECT w1=4424
SELECT w2=4799
BUSY TASK ewma=997
DMA IRQ c0=0
DMA IRQ c1=2
DMA IRQ c2=0
DMA IRQ c3=0
SELECT busy=8524
SELECT w0=8488
SELECT w1=4434
SELECT w2=4810
BUSY TASK ewma=997
DMA IRQ c0=0
DMA IRQ c1=2
DMA IRQ c2=0
DMA IRQ c3=0
SELECT busy=8543
SELECT w0=8507
SELECT w1=4441
SELECT w2=4818
BUSY TASK ewma=997
DMA IRQ c0=0
DMA IRQ c1=2
DMA IRQ c2=0
DMA IRQ c3=0
SELECT busy=8566
SELECT w0=8531
SELECT w1=4450
SELECT w2=4828
BUSY TASK ewma=997
DMA IRQ c0=0
DMA IRQ c1=2
DMA IRQ c2=0
DMA IRQ c3=0
SELECT busy=8586
SELECT w0=8550
SELECT w1=4460
SELECT w2=4837
BUSY TASK ewma=997
DMA IRQ c0=0
DMA IRQ c1=2
DMA IRQ c2=0
DMA IRQ c3=0
SELECT busy=8602
SELECT w0=8566
SELECT w1=4466
SELECT w2=4844
BUSY TASK ewma=997
DMA IRQ c0=0
DMA IRQ c1=2
DMA IRQ c2=0
DMA IRQ c3=0
SELECT busy=8621
SELECT w0=8585
SELECT w1=4472
SELECT w2=4852
BUSY TASK ewma=997
DMA IRQ c0=0
DMA IRQ c1=2
DMA IRQ c2=0
DMA IRQ c3=0
SELECT busy=8652
SELECT w0=8618
SELECT w1=4489
SELECT w2=4871
BUSY TASK ewma=997
DMA IRQ c0=0
DMA IRQ c1=2
DMA IRQ c2=0
DMA IRQ c3=0
SELECT busy=8687
SELECT w0=8652
SELECT w1=4504
SELECT w2=4886
BUSY TASK ewma=997
DMA IRQ c0=0
DMA IRQ c1=2
DMA IRQ c2=0
DMA IRQ c3=0
SELECT busy=8717
SELECT w0=8681
SELECT w1=4517
SELECT w2=4901
BUSY TASK ewma=997
DMA IRQ c0=0
DMA IRQ c1=2
DMA IRQ c2=0
DMA IRQ c3=0
SELECT busy=8739
SELECT w0=8704
SELECT w1=4528
SELECT w2=4912
BUSY TASK ewma=997
IRQ counts: cpu0=17479 cpu1=19951 cpu2=19711 cpu3=19538
SCHED secondaries: calls=59216 unexpected=0
SECTEST switches=59181 cpu1=209123883,205187406 cpu2=178874070,176867039 cpu3=239967553,235509661
PINGPONG rounds=2000 pongs=2000
DMA IRQ c0=0
DMA IRQ c1=2
DMA IRQ c2=0
DMA IRQ c3=0
SELECT busy=8773
SELECT w0=8738
SELECT w1=4548
SELECT w2=4935
BUSY TASK ewma=997
DMA IRQ c0=0
DMA IRQ c1=2
DMA IRQ c2=0
DMA IRQ c3=0
SELECT busy=8789
SELECT w0=8753
SELECT w1=4556
SELECT w2=4943
BUSY TASK ewma=997
DMA IRQ c0=0
DMA IRQ c1=2
DMA IRQ c2=0
DMA IRQ c3=0
SELECT busy=8802
SELECT w0=8767
SELECT w1=4562
SELECT w2=4951
BUSY TASK ewma=997
DMA IRQ c0=0
DMA IRQ c1=2
DMA IRQ c2=0
DMA IRQ c3=0
SELECT busy=8822
SELECT w0=8786
SELECT w1=4568
SELECT w2=4959
BUSY TASK ewma=997
DMA IRQ c0=0
DMA IRQ c1=2
DMA IRQ c2=0
DMA IRQ c3=0
SELECT busy=8840
SELECT w0=8805
SELECT w1=4574
SELECT w2=4966
BUSY TASK ewma=997
DMA IRQ c0=0
DMA IRQ c1=2
DMA IRQ c2=0
DMA IRQ c3=0
SELECT busy=8858
SELECT w0=8823
SELECT w1=4580
SELECT w2=4974
BUSY TASK ewma=997
DMA IRQ c0=0
DMA IRQ c1=2
DMA IRQ c2=0
DMA IRQ c3=0
SELECT busy=8877
SELECT w0=8841
SELECT w1=4587
SELECT w2=4983
BUSY TASK ewma=997
DMA IRQ c0=0
DMA IRQ c1=2
DMA IRQ c2=0
DMA IRQ c3=0
SELECT busy=8896
SELECT w0=8860
SELECT w1=4593
SELECT w2=4992
BUSY TASK ewma=997
DMA IRQ c0=0
DMA IRQ c1=2
DMA IRQ c2=0
DMA IRQ c3=0
SELECT busy=8913
SELECT w0=8877
SELECT w1=4599
SELECT w2=5001
BUSY TASK ewma=997
DMA IRQ c0=0
DMA IRQ c1=2
DMA IRQ c2=0
DMA IRQ c3=0
SELECT busy=8930
SELECT w0=8895
SELECT w1=4609
SELECT w2=5014
BUSY TASK ewma=997
DMA IRQ c0=0
DMA IRQ c1=2
DMA IRQ c2=0
DMA IRQ c3=0
SELECT busy=8949
SELECT w0=8913
SELECT w1=4616
SELECT w2=5025
BUSY TASK ewma=997
DMA IRQ c0=0
DMA IRQ c1=2
DMA IRQ c2=0
DMA IRQ c3=0
SELECT busy=8968
SELECT w0=8933
SELECT w1=4626
SELECT w2=5038
BUSY TASK ewma=997
DMA IRQ c0=0
DMA IRQ c1=2
DMA IRQ c2=0
DMA IRQ c3=0
SELECT busy=8984
SELECT w0=8949
SELECT w1=4633
SELECT w2=5046
BUSY TASK ewma=997
DMA IRQ c0=0
DMA IRQ c1=2
DMA IRQ c2=0
DMA IRQ c3=0
SELECT busy=8997
SELECT w0=8962
SELECT w1=4639
SELECT w2=5054
BUSY TASK ewma=997
DMA IRQ c0=0
DMA IRQ c1=2
DMA IRQ c2=0
DMA IRQ c3=0
SELECT busy=9016
SELECT w0=8980
SELECT w1=4647
SELECT w2=5064
BUSY TASK ewma=997
DMA IRQ c0=0
DMA IRQ c1=2
DMA IRQ c2=0
DMA IRQ c3=0
SELECT busy=9040
SELECT w0=9005
SELECT w1=4657
SELECT w2=5076
BUSY TASK ewma=997
DMA IRQ c0=0
DMA IRQ c1=2
DMA IRQ c2=0
DMA IRQ c3=0
SELECT busy=9059
SELECT w0=9023
SELECT w1=4665
SELECT w2=5085
BUSY TASK ewma=997
DMA IRQ c0=0
DMA IRQ c1=2
DMA IRQ c2=0
DMA IRQ c3=0
SELECT busy=9078
SELECT w0=9042
SELECT w1=4672
SELECT w2=5094
BUSY TASK ewma=997
DMA IRQ c0=0
DMA IRQ c1=2
DMA IRQ c2=0
DMA IRQ c3=0
SELECT busy=9094
SELECT w0=9058
SELECT w1=4679
SELECT w2=5103
BUSY TASK ewma=997
DMA IRQ c0=0
DMA IRQ c1=2
DMA IRQ c2=0
DMA IRQ c3=0
SELECT busy=9113
SELECT w0=9078
SELECT w1=4687
SELECT w2=5118
BUSY TASK ewma=997
DMA IRQ c0=0
DMA IRQ c1=2
DMA IRQ c2=0
DMA IRQ c3=0
SELECT busy=9134
SELECT w0=9099
SELECT w1=4696
SELECT w2=5127
BUSY TASK ewma=997
DMA IRQ c0=0
DMA IRQ c1=2
DMA IRQ c2=0
DMA IRQ c3=0
SELECT busy=9154
SELECT w0=9118
SELECT w1=4703
SELECT w2=5136
BUSY TASK ewma=997
DMA IRQ c0=0
DMA IRQ c1=2
DMA IRQ c2=0
DMA IRQ c3=0
SELECT busy=9173
SELECT w0=9138
SELECT w1=4712
SELECT w2=5149
BUSY TASK ewma=997
DMA IRQ c0=0
DMA IRQ c1=2
DMA IRQ c2=0
DMA IRQ c3=0
SELECT busy=9188
SELECT w0=9153
SELECT w1=4719
SELECT w2=5157
BUSY TASK ewma=997
DMA IRQ c0=0
DMA IRQ c1=2
DMA IRQ c2=0
DMA IRQ c3=0
SELECT busy=9202
SELECT w0=9167
SELECT w1=4725
SELECT w2=5165
BUSY TASK ewma=997
DMA IRQ c0=0
DMA IRQ c1=2
DMA IRQ c2=0
DMA IRQ c3=0
SELECT busy=9221
SELECT w0=9186
SELECT w1=4735
SELECT w2=5177
BUSY TASK ewma=997
DMA IRQ c0=0
DMA IRQ c1=2
DMA IRQ c2=0
DMA IRQ c3=0
SELECT busy=9240
SELECT w0=9204
SELECT w1=4741
SELECT w2=5185
BUSY TASK ewma=997
DMA IRQ c0=0
DMA IRQ c1=2
DMA IRQ c2=0
DMA IRQ c3=0
SELECT busy=9261
SELECT w0=9226
SELECT w1=4752
SELECT w2=5199
BUSY TASK ewma=997
DMA IRQ c0=0
DMA IRQ c1=2
DMA IRQ c2=0
DMA IRQ c3=0
SELECT busy=9276
SELECT w0=9241
SELECT w1=4758
SELECT w2=5207
BUSY TASK ewma=997
DMA IRQ c0=0
DMA IRQ c1=2
DMA IRQ c2=0
DMA IRQ c3=0
SELECT busy=9299
SELECT w0=9263
SELECT w1=4767
SELECT w2=5218
BUSY TASK ewma=997
DMA IRQ c0=0
DMA IRQ c1=2
DMA IRQ c2=0
DMA IRQ c3=0
SELECT busy=9330
SELECT w0=9294
SELECT w1=4779
SELECT w2=5234
BUSY TASK ewma=997
DMA IRQ c0=0
DMA IRQ c1=2
DMA IRQ c2=0
DMA IRQ c3=0
SELECT busy=9360
SELECT w0=9324
SELECT w1=4791
SELECT w2=5249
BUSY TASK ewma=997
DMA IRQ c0=0
DMA IRQ c1=2
DMA IRQ c2=0
DMA IRQ c3=0
SELECT busy=9392
SELECT w0=9358
SELECT w1=4803
SELECT w2=5266
BUSY TASK ewma=997
DMA IRQ c0=0
DMA IRQ c1=2
DMA IRQ c2=0
DMA IRQ c3=0
SELECT busy=9422
SELECT w0=9387
SELECT w1=4813
SELECT w2=5280
BUSY TASK ewma=997
DMA IRQ c0=0
DMA IRQ c1=2
DMA IRQ c2=0
DMA IRQ c3=0
SELECT busy=9462
SELECT w0=9427
SELECT w1=4829
SELECT w2=5300
BUSY TASK ewma=997
DMA IRQ c0=0
DMA IRQ c1=2
DMA IRQ c2=0
DMA IRQ c3=0
SELECT busy=9490
SELECT w0=9454
SELECT w1=4842
SELECT w2=5316
BUSY TASK ewma=997
DMA IRQ c0=0
DMA IRQ c1=2
DMA IRQ c2=0
DMA IRQ c3=0
SELECT busy=9527
SELECT w0=9493
SELECT w1=4856
SELECT w2=5333
BUSY TASK ewma=997
DMA IRQ c0=0
DMA IRQ c1=2
DMA IRQ c2=0
DMA IRQ c3=0
SELECT busy=9565
SELECT w0=9530
SELECT w1=4874
SELECT w2=5355
BUSY TASK ewma=997
DMA IRQ c0=0
DMA IRQ c1=2
DMA IRQ c2=0
DMA IRQ c3=0
SELECT busy=9607
SELECT w0=9572
SELECT w1=4891
SELECT w2=5382
BUSY TASK ewma=997
DMA IRQ c0=0
DMA IRQ c1=2
DMA IRQ c2=0
DMA IRQ c3=0
SELECT busy=9648
SELECT w0=9618
SELECT w1=4913
SELECT w2=5407
BUSY TASK ewma=997
DMA IRQ c0=0
DMA IRQ c1=2
DMA IRQ c2=0
DMA IRQ c3=0
SELECT busy=9688
SELECT w0=9652
SELECT w1=4927
SELECT w2=5421
BUSY TASK ewma=997
DMA IRQ c0=0
DMA IRQ c1=2
DMA IRQ c2=0
DMA IRQ c3=0
SELECT busy=9715
SELECT w0=9679
SELECT w1=4939
SELECT w2=5435
BUSY TASK ewma=997
DMA IRQ c0=0
DMA IRQ c1=2
DMA IRQ c2=0
DMA IRQ c3=0
SELECT busy=9739
SELECT w0=9704
SELECT w1=4950
SELECT w2=5450
BUSY TASK ewma=997
DMA IRQ c0=0
DMA IRQ c1=2
DMA IRQ c2=0
DMA IRQ c3=0
SELECT busy=9756
SELECT w0=9720
SELECT w1=4958
SELECT w2=5461
BUSY TASK ewma=997
DMA IRQ c0=0
DMA IRQ c1=2
DMA IRQ c2=0
DMA IRQ c3=0
SELECT busy=9773
SELECT w0=9738
SELECT w1=4968
SELECT w2=5476
BUSY TASK ewma=997
DMA IRQ c0=0
DMA IRQ c1=2
DMA IRQ c2=0
DMA IRQ c3=0
SELECT busy=9799
SELECT w0=9764
SELECT w1=4978
SELECT w2=5493
BUSY TASK ewma=997
DMA IRQ c0=0
DMA IRQ c1=2
DMA IRQ c2=0
DMA IRQ c3=0
SELECT busy=9815
SELECT w0=9780
SELECT w1=4985
SELECT w2=5504
BUSY TASK ewma=997
DMA IRQ c0=0
DMA IRQ c1=2
DMA IRQ c2=0
DMA IRQ c3=0
SELECT busy=9836
SELECT w0=9801
SELECT w1=4996
SELECT w2=5519
BUSY TASK ewma=997
DMA IRQ c0=0
DMA IRQ c1=2
DMA IRQ c2=0
DMA IRQ c3=0
SELECT busy=9855
SELECT w0=9819
SELECT w1=5005
SELECT w2=5530
BUSY TASK ewma=997
DMA IRQ c0=0
DMA IRQ c1=2
DMA IRQ c2=0
DMA IRQ c3=0
SELECT busy=9871
SELECT w0=9836
SELECT w1=5016
SELECT w2=5541
BUSY TASK ewma=997
DMA IRQ c0=0
DMA IRQ c1=2
DMA IRQ c2=0
DMA IRQ c3=0
SELECT busy=9890
SELECT w0=9854
SELECT w1=5029
SELECT w2=5551
BUSY TASK ewma=997
DMA IRQ c0=0
DMA IRQ c1=2
DMA IRQ c2=0
DMA IRQ c3=0
SELECT busy=9908
SELECT w0=9872
SELECT w1=5037
SELECT w2=5559
BUSY TASK ewma=997
DMA IRQ c0=0
DMA IRQ c1=2
DMA IRQ c2=0
DMA IRQ c3=0
SELECT busy=9929
SELECT w0=9893
SELECT w1=5045
SELECT w2=5569
BUSY TASK ewma=997
DMA IRQ c0=0
DMA IRQ c1=2
DMA IRQ c2=0
DMA IRQ c3=0
SELECT busy=9946
SELECT w0=9911
SELECT w1=5055
SELECT w2=5582
BUSY TASK ewma=997
DMA IRQ c0=0
DMA IRQ c1=2
DMA IRQ c2=0
DMA IRQ c3=0
SELECT busy=9975
SELECT w0=9939
SELECT w1=5068
SELECT w2=5598
BUSY TASK ewma=997
DMA IRQ c0=0
DMA IRQ c1=2
DMA IRQ c2=0
DMA IRQ c3=0
SELECT busy=10015
SELECT w0=9979
SELECT w1=5087
SELECT w2=5621
BUSY TASK ewma=997
DMA IRQ c0=0
DMA IRQ c1=2
DMA IRQ c2=0
DMA IRQ c3=0
SELECT busy=10041
SELECT w0=10005
SELECT w1=5096
SELECT w2=5636
BUSY TASK ewma=997
DMA IRQ c0=0
DMA IRQ c1=2
DMA IRQ c2=0
DMA IRQ c3=0
SELECT busy=10064
SELECT w0=10029
SELECT w1=5108
SELECT w2=5651
BUSY TASK ewma=997
DMA IRQ c0=0
DMA IRQ c1=2
DMA IRQ c2=0
DMA IRQ c3=0
SELECT busy=10088
SELECT w0=10053
SELECT w1=5117
SELECT w2=5664
BUSY TASK ewma=997
DMA IRQ c0=0
DMA IRQ c1=2
DMA IRQ c2=0
DMA IRQ c3=0
SELECT busy=10103
SELECT w0=10068
SELECT w1=5124
SELECT w2=5675
BUSY TASK ewma=997
DMA IRQ c0=0
DMA IRQ c1=2
DMA IRQ c2=0
DMA IRQ c3=0
SELECT busy=10124
SELECT w0=10088
SELECT w1=5133
SELECT w2=5685
BUSY TASK ewma=997
DMA IRQ c0=0
DMA IRQ c1=2
DMA IRQ c2=0
DMA IRQ c3=0
SELECT busy=10142
SELECT w0=10107
SELECT w1=5143
SELECT w2=5700
BUSY TASK ewma=997
DMA IRQ c0=0
DMA IRQ c1=2
DMA IRQ c2=0
DMA IRQ c3=0
SELECT busy=10163
SELECT w0=10128
SELECT w1=5152
SELECT w2=5714
BUSY TASK ewma=997
DMA IRQ c0=0
DMA IRQ c1=2
DMA IRQ c2=0
DMA IRQ c3=0
SELECT busy=10179
SELECT w0=10143
SELECT w1=5159
SELECT w2=5721
BUSY TASK ewma=997
IRQ counts: cpu0=20353 cpu1=23103 cpu2=22943 cpu3=22639
SCHED secondaries: calls=68701 unexpected=0
SECTEST switches=68669 cpu1=238954907,233836653 cpu2=206293238,204131717 cpu3=279927435,274101840
PINGPONG rounds=2000 pongs=2000
DMA IRQ c0=0
DMA IRQ c1=2
DMA IRQ c2=0
DMA IRQ c3=0
SELECT busy=10213
SELECT w0=10178
SELECT w1=5182
SELECT w2=5746
BUSY TASK ewma=997
DMA IRQ c0=0
DMA IRQ c1=2
DMA IRQ c2=0
DMA IRQ c3=0
SELECT busy=10254
SELECT w0=10219
SELECT w1=5204
SELECT w2=5769
BUSY TASK ewma=997
DMA IRQ c0=0
DMA IRQ c1=2
DMA IRQ c2=0
DMA IRQ c3=0
SELECT busy=10294
SELECT w0=10258
SELECT w1=5221
SELECT w2=5789
BUSY TASK ewma=997
DMA IRQ c0=0
DMA IRQ c1=2
DMA IRQ c2=0
DMA IRQ c3=0
SELECT busy=10324
SELECT w0=10290
SELECT w1=5234
SELECT w2=5809
BUSY TASK ewma=997
DMA IRQ c0=0
DMA IRQ c1=2
DMA IRQ c2=0
DMA IRQ c3=0
SELECT busy=10365
SELECT w0=10329
SELECT w1=5252
SELECT w2=5833
BUSY TASK ewma=997
DMA IRQ c0=0
DMA IRQ c1=2
DMA IRQ c2=0
DMA IRQ c3=0
SELECT busy=10393
SELECT w0=10358
SELECT w1=5268
SELECT w2=5857
BUSY TASK ewma=997
DMA IRQ c0=0
DMA IRQ c1=2
DMA IRQ c2=0
DMA IRQ c3=0
SELECT busy=10428
SELECT w0=10392
SELECT w1=5280
SELECT w2=5869
BUSY TASK ewma=997
DMA IRQ c0=0
DMA IRQ c1=2
DMA IRQ c2=0
DMA IRQ c3=0
SELECT busy=10455
SELECT w0=10419
SELECT w1=5293
SELECT w2=5884
BUSY TASK ewma=997
DMA IRQ c0=0
DMA IRQ c1=2
DMA IRQ c2=0
DMA IRQ c3=0
SELECT busy=10475
SELECT w0=10440
SELECT w1=5304
SELECT w2=5897
BUSY TASK ewma=997
DMA IRQ c0=0
DMA IRQ c1=2
DMA IRQ c2=0
DMA IRQ c3=0
SELECT busy=10508
SELECT w0=10473
SELECT w1=5323
SELECT w2=5919
BUSY TASK ewma=997
DMA IRQ c0=0
DMA IRQ c1=2
DMA IRQ c2=0
DMA IRQ c3=0
SELECT busy=10550
SELECT w0=10515
SELECT w1=5337
SELECT w2=5941
BUSY TASK ewma=997
DMA IRQ c0=0
DMA IRQ c1=2
DMA IRQ c2=0
DMA IRQ c3=0
SELECT busy=10568
SELECT w0=10533
SELECT w1=5345
SELECT w2=5952
BUSY TASK ewma=997
DMA IRQ c0=0
DMA IRQ c1=2
DMA IRQ c2=0
DMA IRQ c3=0
SELECT busy=10600
SELECT w0=10565
SELECT w1=5363
SELECT w2=5976
BUSY TASK ewma=997
DMA IRQ c0=0
DMA IRQ c1=2
DMA IRQ c2=0
DMA IRQ c3=0
SELECT busy=10628
SELECT w0=10593
SELECT w1=5376
SELECT w2=5991
BUSY TASK ewma=997
DMA IRQ c0=0
DMA IRQ c1=2
DMA IRQ c2=0
DMA IRQ c3=0
SELECT busy=10660
SELECT w0=10625
SELECT w1=5390
SELECT w2=6008
BUSY TASK ewma=997
DMA IRQ c0=0
DMA IRQ c1=2
DMA IRQ c2=0
DMA IRQ c3=0
SELECT busy=10682
SELECT w0=10647
SELECT w1=5399
SELECT w2=6020
BUSY TASK ewma=997
DMA IRQ c0=0
DMA IRQ c1=2
DMA IRQ c2=0
DMA IRQ c3=0
SELECT busy=10699
SELECT w0=10663
SELECT w1=5407
SELECT w2=6028
BUSY TASK ewma=997
DMA IRQ c0=0
DMA IRQ c1=2
DMA IRQ c2=0
DMA IRQ c3=0
SELECT busy=10717
SELECT w0=10682
SELECT w1=5414
SELECT w2=6036
BUSY TASK ewma=997
DMA IRQ c0=0
DMA IRQ c1=2
DMA IRQ c2=0
DMA IRQ c3=0
SELECT busy=10736
SELECT w0=10700
SELECT w1=5421
SELECT w2=6044
BUSY TASK ewma=997
DMA IRQ c0=0
DMA IRQ c1=2
DMA IRQ c2=0
DMA IRQ c3=0
SELECT busy=10756
SELECT w0=10721
SELECT w1=5430
SELECT w2=6055
BUSY TASK ewma=997
DMA IRQ c0=0
DMA IRQ c1=2
DMA IRQ c2=0
DMA IRQ c3=0
SELECT busy=10776
SELECT w0=10741
SELECT w1=5437
SELECT w2=6063
BUSY TASK ewma=997
DMA IRQ c0=0
DMA IRQ c1=2
DMA IRQ c2=0
DMA IRQ c3=0
SELECT busy=10795
SELECT w0=10761
SELECT w1=5447
SELECT w2=6079
BUSY TASK ewma=997
DMA IRQ c0=0
DMA IRQ c1=2
DMA IRQ c2=0
DMA IRQ c3=0
SELECT busy=10820
SELECT w0=10784
SELECT w1=5456
SELECT w2=6088
BUSY TASK ewma=997
DMA IRQ c0=0
DMA IRQ c1=2
DMA IRQ c2=0
DMA IRQ c3=0
SELECT busy=10845
SELECT w0=10811
SELECT w1=5470
SELECT w2=6106
BUSY TASK ewma=997
DMA IRQ c0=0
DMA IRQ c1=2
DMA IRQ c2=0
DMA IRQ c3=0
SELECT busy=10865
SELECT w0=10829
SELECT w1=5480
SELECT w2=6117
BUSY TASK ewma=997
DMA IRQ c0=0
DMA IRQ c1=2
DMA IRQ c2=0
DMA IRQ c3=0
SELECT busy=10884
SELECT w0=10848
SELECT w1=5487
SELECT w2=6125
BUSY TASK ewma=997
DMA IRQ c0=0
DMA IRQ c1=2
DMA IRQ c2=0
DMA IRQ c3=0
SELECT busy=10908
SELECT w0=10872
SELECT w1=5497
SELECT w2=6137
BUSY TASK ewma=997
DMA IRQ c0=0
DMA IRQ c1=2
DMA IRQ c2=0
DMA IRQ c3=0
SELECT busy=10926
SELECT w0=10890
SELECT w1=5503
SELECT w2=6144
BUSY TASK ewma=997
DMA IRQ c0=0
DMA IRQ c1=2
DMA IRQ c2=0
DMA IRQ c3=0
SELECT busy=10945
SELECT w0=10910
SELECT w1=5511
SELECT w2=6152
BUSY TASK ewma=997
DMA IRQ c0=0
DMA IRQ c1=2
DMA IRQ c2=0
DMA IRQ c3=0
SELECT busy=10966
SELECT w0=10931
SELECT w1=5521
SELECT w2=6166
BUSY TASK ewma=997
DMA IRQ c0=0
DMA IRQ c1=2
DMA IRQ c2=0
DMA IRQ c3=0
SELECT busy=10983
SELECT w0=10948
SELECT w1=5533
SELECT w2=6178
BUSY TASK ewma=997
DMA IRQ c0=0
DMA IRQ c1=2
DMA IRQ c2=0
DMA IRQ c3=0
SELECT busy=11005
SELECT w0=10969
SELECT w1=5543
SELECT w2=6188
BUSY TASK ewma=997
DMA IRQ c0=0
DMA IRQ c1=2
DMA IRQ c2=0
DMA IRQ c3=0
SELECT busy=11027
SELECT w0=10992
SELECT w1=5554
SELECT w2=6202
BUSY TASK ewma=997
DMA IRQ c0=0
DMA IRQ c1=2
DMA IRQ c2=0
DMA IRQ c3=0
SELECT busy=11049
SELECT w0=11014
SELECT w1=5563
SELECT w2=6213
BUSY TASK ewma=997
DMA IRQ c0=0
DMA IRQ c1=2
DMA IRQ c2=0
DMA IRQ c3=0
SELECT busy=11068
SELECT w0=11033
SELECT w1=5575
SELECT w2=6228
BUSY TASK ewma=997
DMA IRQ c0=0
DMA IRQ c1=2
DMA IRQ c2=0
DMA IRQ c3=0
SELECT busy=11092
SELECT w0=11056
SELECT w1=5588
SELECT w2=6239
BUSY TASK ewma=997
DMA IRQ c0=0
DMA IRQ c1=2
DMA IRQ c2=0
DMA IRQ c3=0
SELECT busy=11117
SELECT w0=11082
SELECT w1=5605
SELECT w2=6258
BUSY TASK ewma=997
DMA IRQ c0=0
DMA IRQ c1=2
DMA IRQ c2=0
DMA IRQ c3=0
SELECT busy=11140
SELECT w0=11105
SELECT w1=5614
SELECT w2=6269
BUSY TASK ewma=997
DMA IRQ c0=0
DMA IRQ c1=2
DMA IRQ c2=0
DMA IRQ c3=0
SELECT busy=11156
SELECT w0=11121
SELECT w1=5622
SELECT w2=6282
BUSY TASK ewma=997
DMA IRQ c0=0
DMA IRQ c1=2
DMA IRQ c2=0
DMA IRQ c3=0
SELECT busy=11177
SELECT w0=11142
SELECT w1=5632
SELECT w2=6293
BUSY TASK ewma=997
DMA IRQ c0=0
DMA IRQ c1=2
DMA IRQ c2=0
DMA IRQ c3=0
SELECT busy=11193
SELECT w0=11158
SELECT w1=5640
SELECT w2=6303
BUSY TASK ewma=997
DMA IRQ c0=0
DMA IRQ c1=2
DMA IRQ c2=0
DMA IRQ c3=0
SELECT busy=11210
SELECT w0=11175
SELECT w1=5649
SELECT w2=6314
BUSY TASK ewma=997
DMA IRQ c0=0
DMA IRQ c1=2
DMA IRQ c2=0
DMA IRQ c3=0
SELECT busy=11224
SELECT w0=11189
SELECT w1=5656
SELECT w2=6324
BUSY TASK ewma=997
DMA IRQ c0=0
DMA IRQ c1=2
DMA IRQ c2=0
DMA IRQ c3=0
SELECT busy=11240
SELECT w0=11206
SELECT w1=5665
SELECT w2=6338
BUSY TASK ewma=997
DMA IRQ c0=0
DMA IRQ c1=2
DMA IRQ c2=0
DMA IRQ c3=0
SELECT busy=11263
SELECT w0=11227
SELECT w1=5672
SELECT w2=6347
BUSY TASK ewma=997
DMA IRQ c0=0
DMA IRQ c1=2
DMA IRQ c2=0
DMA IRQ c3=0
SELECT busy=11285
SELECT w0=11250
SELECT w1=5682
SELECT w2=6363
BUSY TASK ewma=997
DMA IRQ c0=0
DMA IRQ c1=2
DMA IRQ c2=0
DMA IRQ c3=0
SELECT busy=11305
SELECT w0=11270
SELECT w1=5696
SELECT w2=6380
BUSY TASK ewma=997
DMA IRQ c0=0
DMA IRQ c1=2
DMA IRQ c2=0
DMA IRQ c3=0
SELECT busy=11334
SELECT w0=11299
SELECT w1=5706
SELECT w2=6392
BUSY TASK ewma=997
DMA IRQ c0=0
DMA IRQ c1=2
DMA IRQ c2=0
DMA IRQ c3=0
SELECT busy=11371
SELECT w0=11335
SELECT w1=5716
SELECT w2=6409
BUSY TASK ewma=997
DMA IRQ c0=0
DMA IRQ c1=2
DMA IRQ c2=0
DMA IRQ c3=0
SELECT busy=11400
SELECT w0=11365
SELECT w1=5725
SELECT w2=6424
BUSY TASK ewma=997
DMA IRQ c0=0
DMA IRQ c1=2
DMA IRQ c2=0
DMA IRQ c3=0
SELECT busy=11426
SELECT w0=11390
SELECT w1=5734
SELECT w2=6438
BUSY TASK ewma=997
DMA IRQ c0=0
DMA IRQ c1=2
DMA IRQ c2=0
DMA IRQ c3=0
SELECT busy=11448
SELECT w0=11412
SELECT w1=5743
SELECT w2=6450
BUSY TASK ewma=997
DMA IRQ c0=0
DMA IRQ c1=2
DMA IRQ c2=0
DMA IRQ c3=0
SELECT busy=11469
SELECT w0=11434
SELECT w1=5752
SELECT w2=6461
BUSY TASK ewma=997
DMA IRQ c0=0
DMA IRQ c1=2
DMA IRQ c2=0
DMA IRQ c3=0
SELECT busy=11507
SELECT w0=11472
SELECT w1=5767
SELECT w2=6483
BUSY TASK ewma=997
DMA IRQ c0=0
DMA IRQ c1=2
DMA IRQ c2=0
DMA IRQ c3=0
SELECT busy=11526
SELECT w0=11491
SELECT w1=5777
SELECT w2=6496
BUSY TASK ewma=997
DMA IRQ c0=0
DMA IRQ c1=2
DMA IRQ c2=0
DMA IRQ c3=0
SELECT busy=11545
SELECT w0=11510
SELECT w1=5785
SELECT w2=6508
BUSY TASK ewma=997
DMA IRQ c0=0
DMA IRQ c1=2
DMA IRQ c2=0
DMA IRQ c3=0
SELECT busy=11562
SELECT w0=11527
SELECT w1=5793
SELECT w2=6521
BUSY TASK ewma=997
DMA IRQ c0=0
DMA IRQ c1=2
DMA IRQ c2=0
DMA IRQ c3=0
SELECT busy=11581
SELECT w0=11547
SELECT w1=5804
SELECT w2=6534
BUSY TASK ewma=997
DMA IRQ c0=0
DMA IRQ c1=2
DMA IRQ c2=0
DMA IRQ c3=0
SELECT busy=11607
SELECT w0=11572
SELECT w1=5817
SELECT w2=6548
BUSY TASK ewma=997
DMA IRQ c0=0
DMA IRQ c1=2
DMA IRQ c2=0
DMA IRQ c3=0
SELECT busy=11638
SELECT w0=11604
SELECT w1=5835
SELECT w2=6569
BUSY TASK ewma=997
DMA IRQ c0=0
DMA IRQ c1=2
DMA IRQ c2=0
DMA IRQ c3=0
SELECT busy=11679
SELECT w0=11644
SELECT w1=5857
SELECT w2=6598
BUSY TASK ewma=997
DMA IRQ c0=0
DMA IRQ c1=2
DMA IRQ c2=0
DMA IRQ c3=0
SELECT busy=11716
SELECT w0=11681
SELECT w1=5872
SELECT w2=6617
BUSY TASK ewma=997
DMA IRQ c0=0
DMA IRQ c1=2
DMA IRQ c2=0
DMA IRQ c3=0
SELECT busy=11749
SELECT w0=11713
SELECT w1=5887
SELECT w2=6636
BUSY TASK ewma=997
DMA IRQ c0=0
DMA IRQ c1=2
DMA IRQ c2=0
DMA IRQ c3=0
SELECT busy=11782
SELECT w0=11746
SELECT w1=5901
SELECT w2=6651
BUSY TASK ewma=997
IRQ counts: cpu0=23597 cpu1=26842 cpu2=26691 cpu3=26421
SCHED secondaries: calls=79959 unexpected=0
SECTEST switches=79908 cpu1=272144394,268272123 cpu2=237543316,235630340 cpu3=323389248,316685688
PINGPONG rounds=2000 pongs=2000
DMA IRQ c0=0
DMA IRQ c1=2
DMA IRQ c2=0
DMA IRQ c3=0
SELECT busy=11826
SELECT w0=11790
SELECT w1=5919
SELECT w2=6673
BUSY TASK ewma=997
DMA IRQ c0=0
DMA IRQ c1=2
DMA IRQ c2=0
DMA IRQ c3=0
SELECT busy=11861
SELECT w0=11825
SELECT w1=5933
SELECT w2=6690
BUSY TASK ewma=997
DMA IRQ c0=0
DMA IRQ c1=2
DMA IRQ c2=0
DMA IRQ c3=0
SELECT busy=11889
SELECT w0=11854
SELECT w1=5943
SELECT w2=6704
BUSY TASK ewma=997
DMA IRQ c0=0
DMA IRQ c1=2
DMA IRQ c2=0
DMA IRQ c3=0
SELECT busy=11916
SELECT w0=11880
SELECT w1=5955
SELECT w2=6721
BUSY TASK ewma=997
DMA IRQ c0=0
DMA IRQ c1=2
DMA IRQ c2=0
DMA IRQ c3=0
SELECT busy=11933
SELECT w0=11898
SELECT w1=5964
SELECT w2=6733
BUSY TASK ewma=997
DMA IRQ c0=0
DMA IRQ c1=2
DMA IRQ c2=0
DMA IRQ c3=0
SELECT busy=11949
SELECT w0=11914
SELECT w1=5970
SELECT w2=6743
BUSY TASK ewma=997
DMA IRQ c0=0
DMA IRQ c1=2
DMA IRQ c2=0
DMA IRQ c3=0
SELECT busy=11968
SELECT w0=11932
SELECT w1=5977
SELECT w2=6756
BUSY TASK ewma=997
DMA IRQ c0=0
DMA IRQ c1=2
DMA IRQ c2=0
DMA IRQ c3=0
SELECT busy=11982
SELECT w0=11947
SELECT w1=5983
SELECT w2=6766
BUSY TASK ewma=997
DMA IRQ c0=0
DMA IRQ c1=2
DMA IRQ c2=0
DMA IRQ c3=0
SELECT busy=12002
SELECT w0=11966
SELECT w1=5990
SELECT w2=6776
BUSY TASK ewma=997
DMA IRQ c0=0
DMA IRQ c1=2
DMA IRQ c2=0
DMA IRQ c3=0
SELECT busy=12015
SELECT w0=11980
SELECT w1=5997
SELECT w2=6786
BUSY TASK ewma=997
DMA IRQ c0=0
DMA IRQ c1=2
DMA IRQ c2=0
DMA IRQ c3=0
SELECT busy=12035
SELECT w0=12000
SELECT w1=6008
SELECT w2=6800
BUSY TASK ewma=997
DMA IRQ c0=0
DMA IRQ c1=2
DMA IRQ c2=0
DMA IRQ c3=0
SELECT busy=12057
SELECT w0=12021
SELECT w1=6014
SELECT w2=6807
BUSY TASK ewma=997
DMA IRQ c0=0
DMA IRQ c1=2
DMA IRQ c2=0
DMA IRQ c3=0
SELECT busy=12078
SELECT w0=12043
SELECT w1=6025
SELECT w2=6822
BUSY TASK ewma=997
DMA IRQ c0=0
DMA IRQ c1=2
DMA IRQ c2=0
DMA IRQ c3=0
SELECT busy=12103
SELECT w0=12068
SELECT w1=6037
SELECT w2=6841
BUSY TASK ewma=997
DMA IRQ c0=0
DMA IRQ c1=2
DMA IRQ c2=0
DMA IRQ c3=0
SELECT busy=12122
SELECT w0=12086
SELECT w1=6047
SELECT w2=6850
BUSY TASK ewma=997
DMA IRQ c0=0
DMA IRQ c1=2
DMA IRQ c2=0
DMA IRQ c3=0
SELECT busy=12143
SELECT w0=12108
SELECT w1=6056
SELECT w2=6863
BUSY TASK ewma=997
DMA IRQ c0=0
DMA IRQ c1=2
DMA IRQ c2=0
DMA IRQ c3=0
SELECT busy=12169
SELECT w0=12135
SELECT w1=6070
SELECT w2=6879
BUSY TASK ewma=997
DMA IRQ c0=0
DMA IRQ c1=2
DMA IRQ c2=0
DMA IRQ c3=0
SELECT busy=12193
SELECT w0=12158
SELECT w1=6081
SELECT w2=6894
BUSY TASK ewma=997
DMA IRQ c0=0
DMA IRQ c1=2
DMA IRQ c2=0
DMA IRQ c3=0
SELECT busy=12219
SELECT w0=12184
SELECT w1=6095
SELECT w2=6913
BUSY TASK ewma=997
DMA IRQ c0=0
DMA IRQ c1=2
DMA IRQ c2=0
DMA IRQ c3=0
SELECT busy=12237
SELECT w0=12201
SELECT w1=6103
SELECT w2=6924
BUSY TASK ewma=997
DMA IRQ c0=0
DMA IRQ c1=2
DMA IRQ c2=0
DMA IRQ c3=0
SELECT busy=12252
SELECT w0=12216
SELECT w1=6110
SELECT w2=6932
BUSY TASK ewma=997
DMA IRQ c0=0
DMA IRQ c1=2
DMA IRQ c2=0
DMA IRQ c3=0
SELECT busy=12266
SELECT w0=12231
SELECT w1=6118
SELECT w2=6940
BUSY TASK ewma=997
DMA IRQ c0=0
DMA IRQ c1=2
DMA IRQ c2=0
DMA IRQ c3=0
SELECT busy=12288
SELECT w0=12252
SELECT w1=6126
SELECT w2=6951
BUSY TASK ewma=997
DMA IRQ c0=0
DMA IRQ c1=2
DMA IRQ c2=0
DMA IRQ c3=0
SELECT busy=12305
SELECT w0=12269
SELECT w1=6133
SELECT w2=6960
BUSY TASK ewma=997
DMA IRQ c0=0
DMA IRQ c1=2
DMA IRQ c2=0
DMA IRQ c3=0
SELECT busy=12323
SELECT w0=12287
SELECT w1=6140
SELECT w2=6969
BUSY TASK ewma=997
DMA IRQ c0=0
DMA IRQ c1=2
DMA IRQ c2=0
DMA IRQ c3=0
SELECT busy=12341
SELECT w0=12305
SELECT w1=6148
SELECT w2=6977
BUSY TASK ewma=997
DMA IRQ c0=0
DMA IRQ c1=2
DMA IRQ c2=0
DMA IRQ c3=0
SELECT busy=12353
SELECT w0=12317
SELECT w1=6154
SELECT w2=6988
BUSY TASK ewma=997
DMA IRQ c0=0
DMA IRQ c1=2
DMA IRQ c2=0
DMA IRQ c3=0
SELECT busy=12369
SELECT w0=12334
SELECT w1=6161
SELECT w2=6996
BUSY TASK ewma=997
DMA IRQ c0=0
DMA IRQ c1=2
DMA IRQ c2=0
DMA IRQ c3=0
SELECT busy=12390
SELECT w0=12355
SELECT w1=6172
SELECT w2=7014
BUSY TASK ewma=997
DMA IRQ c0=0
DMA IRQ c1=2
DMA IRQ c2=0
DMA IRQ c3=0
SELECT busy=12407
SELECT w0=12372
SELECT w1=6182
SELECT w2=7026
BUSY TASK ewma=997
DMA IRQ c0=0
DMA IRQ c1=2
DMA IRQ c2=0
DMA IRQ c3=0
SELECT busy=12428
SELECT w0=12393
SELECT w1=6191
SELECT w2=7037
BUSY TASK ewma=997
DMA IRQ c0=0
DMA IRQ c1=2
DMA IRQ c2=0
DMA IRQ c3=0
SELECT busy=12448
SELECT w0=12412
SELECT w1=6200
SELECT w2=7046
BUSY TASK ewma=997
DMA IRQ c0=0
DMA IRQ c1=2
DMA IRQ c2=0
DMA IRQ c3=0
SELECT busy=12475
SELECT w0=12440
SELECT w1=6211
SELECT w2=7063
BUSY TASK ewma=997
DMA IRQ c0=0
DMA IRQ c1=2
DMA IRQ c2=0
DMA IRQ c3=0
SELECT busy=12502
SELECT w0=12467
SELECT w1=6224
SELECT w2=7084
BUSY TASK ewma=997
DMA IRQ c0=0
DMA IRQ c1=2
DMA IRQ c2=0
DMA IRQ c3=0
SELECT busy=12528
SELECT w0=12492
SELECT w1=6231
SELECT w2=7092
BUSY TASK ewma=997
DMA IRQ c0=0
DMA IRQ c1=2
DMA IRQ c2=0
DMA IRQ c3=0
SELECT busy=12551
SELECT w0=12516
SELECT w1=6241
SELECT w2=7104
BUSY TASK ewma=997
DMA IRQ c0=0
DMA IRQ c1=2
DMA IRQ c2=0
DMA IRQ c3=0
SELECT busy=12569
SELECT w0=12534
SELECT w1=6250
SELECT w2=7116
BUSY TASK ewma=997
DMA IRQ c0=0
DMA IRQ c1=2
DMA IRQ c2=0
DMA IRQ c3=0
SELECT busy=12590
SELECT w0=12554
SELECT w1=6260
SELECT w2=7124
BUSY TASK ewma=997
DMA IRQ c0=0
DMA IRQ c1=2
DMA IRQ c2=0
DMA IRQ c3=0
SELECT busy=12626
SELECT w0=12590
SELECT w1=6273
SELECT w2=7141
BUSY TASK ewma=997
DMA IRQ c0=0
DMA IRQ c1=2
DMA IRQ c2=0
DMA IRQ c3=0
SELECT busy=12657
SELECT w0=12622
SELECT w1=6288
SELECT w2=7156
BUSY TASK ewma=997
DMA IRQ c0=0
DMA IRQ c1=2
DMA IRQ c2=0
DMA IRQ c3=0
SELECT busy=12682
SELECT w0=12647
SELECT w1=6302
SELECT w2=7173
BUSY TASK ewma=997
DMA IRQ c0=0
DMA IRQ c1=2
DMA IRQ c2=0
DMA IRQ c3=0
SELECT busy=12705
SELECT w0=12669
SELECT w1=6315
SELECT w2=7188
BUSY TASK ewma=997
DMA IRQ c0=0
DMA IRQ c1=2
DMA IRQ c2=0
DMA IRQ c3=0
SELECT busy=12733
SELECT w0=12698
SELECT w1=6330
SELECT w2=7205
BUSY TASK ewma=997
DMA IRQ c0=0
DMA IRQ c1=2
DMA IRQ c2=0
DMA IRQ c3=0
SELECT busy=12751
SELECT w0=12715
SELECT w1=6337
SELECT w2=7213
BUSY TASK ewma=997
DMA IRQ c0=0
DMA IRQ c1=2
DMA IRQ c2=0
DMA IRQ c3=0
SELECT busy=12772
SELECT w0=12736
SELECT w1=6347
SELECT w2=7222
BUSY TASK ewma=997
DMA IRQ c0=0
DMA IRQ c1=2
DMA IRQ c2=0
DMA IRQ c3=0
SELECT busy=12790
SELECT w0=12754
SELECT w1=6353
SELECT w2=7230
BUSY TASK ewma=997
DMA IRQ c0=0
DMA IRQ c1=2
DMA IRQ c2=0
DMA IRQ c3=0
SELECT busy=12809
SELECT w0=12774
SELECT w1=6365
SELECT w2=7242
BUSY TASK ewma=997
DMA IRQ c0=0
DMA IRQ c1=2
DMA IRQ c2=0
DMA IRQ c3=0
SELECT busy=12825
SELECT w0=12790
SELECT w1=6373
SELECT w2=7251
BUSY TASK ewma=997
DMA IRQ c0=0
DMA IRQ c1=2
DMA IRQ c2=0
DMA IRQ c3=0
SELECT busy=12841
SELECT w0=12806
SELECT w1=6382
SELECT w2=7261
BUSY TASK ewma=997
DMA IRQ c0=0
DMA IRQ c1=2
DMA IRQ c2=0
DMA IRQ c3=0
SELECT busy=12868
SELECT w0=12833
SELECT w1=6396
SELECT w2=7275
BUSY TASK ewma=997
DMA IRQ c0=0
DMA IRQ c1=2
DMA IRQ c2=0
DMA IRQ c3=0
SELECT busy=12886
SELECT w0=12850
SELECT w1=6404
SELECT w2=7284
BUSY TASK ewma=997
DMA IRQ c0=0
DMA IRQ c1=2
DMA IRQ c2=0
DMA IRQ c3=0
SELECT busy=12902
SELECT w0=12867
SELECT w1=6415
SELECT w2=7297
BUSY TASK ewma=997
DMA IRQ c0=0
DMA IRQ c1=2
DMA IRQ c2=0
DMA IRQ c3=0
SELECT busy=12919
SELECT w0=12884
SELECT w1=6426
SELECT w2=7309
BUSY TASK ewma=997
DMA IRQ c0=0
DMA IRQ c1=2
DMA IRQ c2=0
DMA IRQ c3=0
SELECT busy=12941
SELECT w0=12906
SELECT w1=6440
SELECT w2=7321
BUSY TASK ewma=997
DMA IRQ c0=0
DMA IRQ c1=2
DMA IRQ c2=0
DMA IRQ c3=0
SELECT busy=12958
SELECT w0=12923
SELECT w1=6449
SELECT w2=7332
BUSY TASK ewma=997
DMA IRQ c0=0
DMA IRQ c1=2
DMA IRQ c2=0
DMA IRQ c3=0
SELECT busy=12976
SELECT w0=12942
SELECT w1=6460
SELECT w2=7345
BUSY TASK ewma=997
DMA IRQ c0=0
DMA IRQ c1=2
DMA IRQ c2=0
DMA IRQ c3=0
SELECT busy=12998
SELECT w0=12963
SELECT w1=6472
SELECT w2=7357
BUSY TASK ewma=997
DMA IRQ c0=0
DMA IRQ c1=2
DMA IRQ c2=0
DMA IRQ c3=0
SELECT busy=13025
SELECT w0=12990
SELECT w1=6483
SELECT w2=7372
BUSY TASK ewma=997
DMA IRQ c0=0
DMA IRQ c1=2
DMA IRQ c2=0
DMA IRQ c3=0
SELECT busy=13044
SELECT w0=13009
SELECT w1=6490
SELECT w2=7381
BUSY TASK ewma=997
DMA IRQ c0=0
DMA IRQ c1=2
DMA IRQ c2=0
DMA IRQ c3=0
SELECT busy=13065
SELECT w0=13031
SELECT w1=6501
SELECT w2=7397
BUSY TASK ewma=997
DMA IRQ c0=0
DMA IRQ c1=2
DMA IRQ c2=0
DMA IRQ c3=0
SELECT busy=13089
SELECT w0=13053
SELECT w1=6509
SELECT w2=7406
BUSY TASK ewma=997
DMA IRQ c0=0
DMA IRQ c1=2
DMA IRQ c2=0
DMA IRQ c3=0
SELECT busy=13108
SELECT w0=13073
SELECT w1=6519
SELECT w2=7417
BUSY TASK ewma=997
DMA IRQ c0=0
DMA IRQ c1=2
DMA IRQ c2=0
DMA IRQ c3=0
SELECT busy=13130
SELECT w0=13095
SELECT w1=6530
SELECT w2=7430
BUSY TASK ewma=997
DMA IRQ c0=0
DMA IRQ c1=2
DMA IRQ c2=0
DMA IRQ c3=0
SELECT busy=13159
SELECT w0=13124
SELECT w1=6545
SELECT w2=7444
BUSY TASK ewma=997
IRQ counts: cpu0=26339 cpu1=30043 cpu2=29849 cpu3=29551
SCHED secondaries: calls=89469 unexpected=0
SECTEST switches=89420 cpu1=305941272,300803858 cpu2=268036110,265762248 cpu3=362918544,356021472
PINGPONG rounds=2000 pongs=2000
DMA IRQ c0=0
DMA IRQ c1=2
DMA IRQ c2=0
DMA IRQ c3=0
SELECT busy=13216
SELECT w0=13181
SELECT w1=6570
SELECT w2=7478
BUSY TASK ewma=997
DMA IRQ c0=0
DMA IRQ c1=2
DMA IRQ c2=0
DMA IRQ c3=0
SELECT busy=13253
SELECT w0=13218
SELECT w1=6587
SELECT w2=7504
BUSY TASK ewma=997
DMA IRQ c0=0
DMA IRQ c1=2
DMA IRQ c2=0
DMA IRQ c3=0
SELECT busy=13284
SELECT w0=13249
SELECT w1=6604
SELECT w2=7519
BUSY TASK ewma=997
DMA IRQ c0=0
DMA IRQ c1=2
DMA IRQ c2=0
DMA IRQ c3=0
SELECT busy=13309
SELECT w0=13273
SELECT w1=6614
SELECT w2=7533
BUSY TASK ewma=997
DMA IRQ c0=0
DMA IRQ c1=2
DMA IRQ c2=0
DMA IRQ c3=0
SELECT busy=13343
SELECT w0=13308
SELECT w1=6635
SELECT w2=7556
BUSY TASK ewma=997
DMA IRQ c0=0
DMA IRQ c1=2
DMA IRQ c2=0
DMA IRQ c3=0
SELECT busy=13375
SELECT w0=13340
SELECT w1=6649
SELECT w2=7570
BUSY TASK ewma=997
DMA IRQ c0=0
DMA IRQ c1=2
DMA IRQ c2=0
DMA IRQ c3=0
SELECT busy=13407
SELECT w0=13372
SELECT w1=6662
SELECT w2=7590
BUSY TASK ewma=997
DMA IRQ c0=0
DMA IRQ c1=2
DMA IRQ c2=0
DMA IRQ c3=0
SELECT busy=13440
SELECT w0=13406
SELECT w1=6679
SELECT w2=7606
BUSY TASK ewma=997
DMA IRQ c0=0
DMA IRQ c1=2
DMA IRQ c2=0
DMA IRQ c3=0
SELECT busy=13463
SELECT w0=13427
SELECT w1=6688
SELECT w2=7619
BUSY TASK ewma=997
DMA IRQ c0=0
DMA IRQ c1=2
DMA IRQ c2=0
DMA IRQ c3=0
SELECT busy=13509
SELECT w0=13474
SELECT w1=6714
SELECT w2=7648
BUSY TASK ewma=997
DMA IRQ c0=0
DMA IRQ c1=2
DMA IRQ c2=0
DMA IRQ c3=0
SELECT busy=13541
SELECT w0=13506
SELECT w1=6730
SELECT w2=7667
BUSY TASK ewma=997
DMA IRQ c0=0
DMA IRQ c1=2
DMA IRQ c2=0
DMA IRQ c3=0
SELECT busy=13573
SELECT w0=13538
SELECT w1=6745
SELECT w2=7686
BUSY TASK ewma=997
DMA IRQ c0=0
DMA IRQ c1=2
DMA IRQ c2=0
DMA IRQ c3=0
SELECT busy=13596
SELECT w0=13560
SELECT w1=6752
SELECT w2=7695
BUSY TASK ewma=997
DMA IRQ c0=0
DMA IRQ c1=2
DMA IRQ c2=0
DMA IRQ c3=0
SELECT busy=13617
SELECT w0=13584
SELECT w1=6762
SELECT w2=7709
BUSY TASK ewma=997
DMA IRQ c0=0
DMA IRQ c1=2
DMA IRQ c2=0
DMA IRQ c3=0
SELECT busy=13642
SELECT w0=13606
SELECT w1=6774
SELECT w2=7723
BUSY TASK ewma=997
DMA IRQ c0=0
DMA IRQ c1=2
DMA IRQ c2=0
DMA IRQ c3=0
SELECT busy=13661
SELECT w0=13626
SELECT w1=6782
SELECT w2=7735
BUSY TASK ewma=997
DMA IRQ c0=0
DMA IRQ c1=2
DMA IRQ c2=0
DMA IRQ c3=0
SELECT busy=13680
SELECT w0=13644
SELECT w1=6791
SELECT w2=7745
BUSY TASK ewma=997
DMA IRQ c0=0
DMA IRQ c1=2
DMA IRQ c2=0
DMA IRQ c3=0
SELECT busy=13704
SELECT w0=13669
SELECT w1=6803
SELECT w2=7760
BUSY TASK ewma=997
DMA IRQ c0=0
DMA IRQ c1=2
DMA IRQ c2=0
DMA IRQ c3=0
SELECT busy=13730
SELECT w0=13697
SELECT w1=6817
SELECT w2=7778
BUSY TASK ewma=997
DMA IRQ c0=0
DMA IRQ c1=2
DMA IRQ c2=0
DMA IRQ c3=0
SELECT busy=13785
SELECT w0=13750
SELECT w1=6842
SELECT w2=7805
BUSY TASK ewma=997
DMA IRQ c0=0
DMA IRQ c1=2
DMA IRQ c2=0
DMA IRQ c3=0
SELECT busy=13818
SELECT w0=13782
SELECT w1=6855
SELECT w2=7822
BUSY TASK ewma=997
DMA IRQ c0=0
DMA IRQ c1=2
DMA IRQ c2=0
DMA IRQ c3=0
SELECT busy=13845
SELECT w0=13809
SELECT w1=6866
SELECT w2=7837
BUSY TASK ewma=997
DMA IRQ c0=0
DMA IRQ c1=2
DMA IRQ c2=0
DMA IRQ c3=0
SELECT busy=13860
SELECT w0=13825
SELECT w1=6874
SELECT w2=7850
BUSY TASK ewma=997
DMA IRQ c0=0
DMA IRQ c1=2
DMA IRQ c2=0
DMA IRQ c3=0
SELECT busy=13880
SELECT w0=13845
SELECT w1=6882
SELECT w2=7858
BUSY TASK ewma=997
DMA IRQ c0=0
DMA IRQ c1=2
DMA IRQ c2=0
DMA IRQ c3=0
SELECT busy=13908
SELECT w0=13872
SELECT w1=6893
SELECT w2=7871
BUSY TASK ewma=997
DMA IRQ c0=0
DMA IRQ c1=2
DMA IRQ c2=0
DMA IRQ c3=0
SELECT busy=13930
SELECT w0=13895
SELECT w1=6902
SELECT w2=7883
BUSY TASK ewma=997
DMA IRQ c0=0
DMA IRQ c1=2
DMA IRQ c2=0
DMA IRQ c3=0
SELECT busy=13944
SELECT w0=13909
SELECT w1=6909
SELECT w2=7892
BUSY TASK ewma=997
DMA IRQ c0=0
DMA IRQ c1=2
DMA IRQ c2=0
DMA IRQ c3=0
SELECT busy=13962
SELECT w0=13927
SELECT w1=6915
SELECT w2=7899
BUSY TASK ewma=997
DMA IRQ c0=0
DMA IRQ c1=2
DMA IRQ c2=0
DMA IRQ c3=0
SELECT busy=13979
SELECT w0=13943
SELECT w1=6921
SELECT w2=7907
BUSY TASK ewma=997
DMA IRQ c0=0
DMA IRQ c1=2
DMA IRQ c2=0
DMA IRQ c3=0
SELECT busy=13991
SELECT w0=13955
SELECT w1=6927
SELECT w2=7914
BUSY TASK ewma=997
DMA IRQ c0=0
DMA IRQ c1=2
DMA IRQ c2=0
DMA IRQ c3=0
SELECT busy=14010
SELECT w0=13974
SELECT w1=6935
SELECT w2=7926
BUSY TASK ewma=997
DMA IRQ c0=0
DMA IRQ c1=2
DMA IRQ c2=0
DMA IRQ c3=0
SELECT busy=14031
SELECT w0=13996
SELECT w1=6945
SELECT w2=7940
BUSY TASK ewma=997
DMA IRQ c0=0
DMA IRQ c1=2
DMA IRQ c2=0
DMA IRQ c3=0
SELECT busy=14051
SELECT w0=14015
SELECT w1=6954
SELECT w2=7953
BUSY TASK ewma=997
DMA IRQ c0=0
DMA IRQ c1=2
DMA IRQ c2=0
DMA IRQ c3=0
SELECT busy=14074
SELECT w0=14038
SELECT w1=6966
SELECT w2=7968
BUSY TASK ewma=997
DMA IRQ c0=0
DMA IRQ c1=2
DMA IRQ c2=0
DMA IRQ c3=0
SELECT busy=14093
SELECT w0=14058
SELECT w1=6974
SELECT w2=7978
qemu-system-aarch64: terminating on signal 15 from pid 210266 (timeout)
