P4 M7: full integration test boot OK
CPU0: MPIDR_EL1=0x0000000080000000
CPU0: psci_cpu_on target=1 rc=0
CPU1: alive, MPIDR_EL1=0x0000000080000001 this_cpu()->cpu_id=1
CPU0: psci_cpu_on target=2 rc=0
CPU2: alive, MPIDR_EL1=0x0000000080000002 this_cpu()->cpu_id=2
CPU0: psci_cpu_on target=3 rc=0
CPU3: alive, MPIDR_EL1=0x0000000080000003 this_cpu()->cpu_id=3
CPUs online: 4
DMA IRQ target cpu=1
D2b: worker 1 runs on CPU1
D2b: worker 0 runs on CPU0
D2b: worker 2 runs on CPU2
P4 M7: worker submitted cmd_id=2
P4 M7: worker submitted cmd_id=1
P4 M7: worker submitted cmd_id=3
BUSY TASK ewma=997
DMA IRQ c0=0
DMA IRQ c1=0
DMA IRQ c2=0
DMA IRQ c3=0
P4 M7: worker DATA OK, cmd_id=3
P4 M7: worker DATA OK, cmd_id=1
P4 M7: worker DATA OK, cmd_id=2
WORKER ewma=831
WORKER ewma=831
WORKER ewma=831
SELECT busy=36
SELECT w0=19
SELECT w1=19
SELECT w2=20
BUSY TASK ewma=997
DMA IRQ c0=0
DMA IRQ c1=1
DMA IRQ c2=0
DMA IRQ c3=0
SELECT busy=64
SELECT w0=47
SELECT w1=68
SELECT w2=70
BUSY TASK ewma=997
DMA IRQ c0=0
DMA IRQ c1=1
DMA IRQ c2=0
DMA IRQ c3=0
SELECT busy=87
SELECT w0=69
SELECT w1=113
SELECT w2=118
BUSY TASK ewma=997
DMA IRQ c0=0
DMA IRQ c1=1
DMA IRQ c2=0
DMA IRQ c3=0
SELECT busy=113
SELECT w0=94
SELECT w1=144
SELECT w2=140
BUSY TASK ewma=997
DMA IRQ c0=0
DMA IRQ c1=1
DMA IRQ c2=0
DMA IRQ c3=0
SELECT busy=132
SELECT w0=113
SELECT w1=160
SELECT w2=149
BUSY TASK ewma=997
DMA IRQ c0=0
DMA IRQ c1=1
DMA IRQ c2=0
DMA IRQ c3=0
SELECT busy=157
SELECT w0=139
SELECT w1=174
SELECT w2=164
BUSY TASK ewma=997
DMA IRQ c0=0
DMA IRQ c1=1
DMA IRQ c2=0
DMA IRQ c3=0
SELECT busy=191
SELECT w0=173
SELECT w1=192
SELECT w2=182
BUSY TASK ewma=997
DMA IRQ c0=0
DMA IRQ c1=1
DMA IRQ c2=0
DMA IRQ c3=0
SELECT busy=233
SELECT w0=215
SELECT w1=218
SELECT w2=207
BUSY TASK ewma=997
DMA IRQ c0=0
DMA IRQ c1=1
DMA IRQ c2=0
DMA IRQ c3=0
SELECT busy=271
SELECT w0=254
SELECT w1=234
SELECT w2=224
BUSY TASK ewma=997
DMA IRQ c0=0
DMA IRQ c1=1
DMA IRQ c2=0
DMA IRQ c3=0
SELECT busy=317
SELECT w0=299
SELECT w1=260
SELECT w2=250
BUSY TASK ewma=997
DMA IRQ c0=0
DMA IRQ c1=1
DMA IRQ c2=0
DMA IRQ c3=0
SELECT busy=358
SELECT w0=339
SELECT w1=278
SELECT w2=269
BUSY TASK ewma=997
DMA IRQ c0=0
DMA IRQ c1=1
DMA IRQ c2=0
DMA IRQ c3=0
SELECT busy=386
SELECT w0=368
SELECT w1=293
SELECT w2=285
BUSY TASK ewma=997
DMA IRQ c0=0
DMA IRQ c1=1
DMA IRQ c2=0
DMA IRQ c3=0
SELECT busy=412
SELECT w0=393
SELECT w1=306
SELECT w2=297
BUSY TASK ewma=997
DMA IRQ c0=0
DMA IRQ c1=1
DMA IRQ c2=0
DMA IRQ c3=0
SELECT busy=428
SELECT w0=410
SELECT w1=315
SELECT w2=307
BUSY TASK ewma=997
DMA IRQ c0=0
DMA IRQ c1=1
DMA IRQ c2=0
DMA IRQ c3=0
SELECT busy=446
SELECT w0=428
SELECT w1=326
SELECT w2=317
BUSY TASK ewma=997
DMA IRQ c0=0
DMA IRQ c1=1
DMA IRQ c2=0
DMA IRQ c3=0
SELECT busy=463
SELECT w0=445
SELECT w1=337
SELECT w2=327
BUSY TASK ewma=997
DMA IRQ c0=0
DMA IRQ c1=1
DMA IRQ c2=0
DMA IRQ c3=0
SELECT busy=478
SELECT w0=459
SELECT w1=348
SELECT w2=336
BUSY TASK ewma=997
DMA IRQ c0=0
DMA IRQ c1=1
DMA IRQ c2=0
DMA IRQ c3=0
SELECT busy=491
SELECT w0=472
SELECT w1=357
SELECT w2=343
BUSY TASK ewma=997
DMA IRQ c0=0
DMA IRQ c1=1
DMA IRQ c2=0
DMA IRQ c3=0
SELECT busy=508
SELECT w0=489
SELECT w1=365
SELECT w2=351
BUSY TASK ewma=997
DMA IRQ c0=0
DMA IRQ c1=1
DMA IRQ c2=0
DMA IRQ c3=0
SELECT busy=526
SELECT w0=508
SELECT w1=374
SELECT w2=360
BUSY TASK ewma=997
DMA IRQ c0=0
DMA IRQ c1=1
DMA IRQ c2=0
DMA IRQ c3=0
SELECT busy=542
SELECT w0=523
SELECT w1=382
SELECT w2=369
BUSY TASK ewma=997
DMA IRQ c0=0
DMA IRQ c1=1
DMA IRQ c2=0
DMA IRQ c3=0
SELECT busy=556
SELECT w0=537
SELECT w1=389
SELECT w2=378
BUSY TASK ewma=997
DMA IRQ c0=0
DMA IRQ c1=1
DMA IRQ c2=0
DMA IRQ c3=0
SELECT busy=570
SELECT w0=552
SELECT w1=398
SELECT w2=389
BUSY TASK ewma=997
DMA IRQ c0=0
DMA IRQ c1=1
DMA IRQ c2=0
DMA IRQ c3=0
SELECT busy=589
SELECT w0=570
SELECT w1=407
SELECT w2=399
BUSY TASK ewma=997
DMA IRQ c0=0
DMA IRQ c1=1
DMA IRQ c2=0
DMA IRQ c3=0
SELECT busy=608
SELECT w0=590
SELECT w1=415
SELECT w2=408
BUSY TASK ewma=997
DMA IRQ c0=0
DMA IRQ c1=1
DMA IRQ c2=0
DMA IRQ c3=0
SELECT busy=625
SELECT w0=607
SELECT w1=426
SELECT w2=424
BUSY TASK ewma=997
DMA IRQ c0=0
DMA IRQ c1=1
DMA IRQ c2=0
DMA IRQ c3=0
SELECT busy=646
SELECT w0=627
SELECT w1=435
SELECT w2=434
BUSY TASK ewma=997
DMA IRQ c0=0
DMA IRQ c1=1
DMA IRQ c2=0
DMA IRQ c3=0
SELECT busy=672
SELECT w0=654
SELECT w1=454
SELECT w2=450
BUSY TASK ewma=997
DMA IRQ c0=0
DMA IRQ c1=1
DMA IRQ c2=0
DMA IRQ c3=0
SELECT busy=695
SELECT w0=677
SELECT w1=465
SELECT w2=463
BUSY TASK ewma=997
DMA IRQ c0=0
DMA IRQ c1=1
DMA IRQ c2=0
DMA IRQ c3=0
SELECT busy=712
SELECT w0=693
SELECT w1=477
SELECT w2=475
BUSY TASK ewma=997
DMA IRQ c0=0
DMA IRQ c1=1
DMA IRQ c2=0
DMA IRQ c3=0
SELECT busy=730
SELECT w0=712
SELECT w1=488
SELECT w2=487
BUSY TASK ewma=997
DMA IRQ c0=0
DMA IRQ c1=1
DMA IRQ c2=0
DMA IRQ c3=0
SELECT busy=754
SELECT w0=736
SELECT w1=501
SELECT w2=500
BUSY TASK ewma=997
DMA IRQ c0=0
DMA IRQ c1=1
DMA IRQ c2=0
DMA IRQ c3=0
SELECT busy=797
SELECT w0=779
SELECT w1=525
SELECT w2=524
BUSY TASK ewma=997
DMA IRQ c0=0
DMA IRQ c1=1
DMA IRQ c2=0
DMA IRQ c3=0
SELECT busy=833
SELECT w0=815
SELECT w1=544
SELECT w2=546
BUSY TASK ewma=997
DMA IRQ c0=0
DMA IRQ c1=1
DMA IRQ c2=0
DMA IRQ c3=0
SELECT busy=868
SELECT w0=850
SELECT w1=563
SELECT w2=567
BUSY TASK ewma=997
DMA IRQ c0=0
DMA IRQ c1=1
DMA IRQ c2=0
DMA IRQ c3=0
SELECT busy=904
SELECT w0=886
SELECT w1=583
SELECT w2=590
BUSY TASK ewma=997
DMA IRQ c0=0
DMA IRQ c1=1
DMA IRQ c2=0
DMA IRQ c3=0
SELECT busy=948
SELECT w0=929
SELECT w1=607
SELECT w2=612
BUSY TASK ewma=997
DMA IRQ c0=0
DMA IRQ c1=1
DMA IRQ c2=0
DMA IRQ c3=0
SELECT busy=992
SELECT w0=973
SELECT w1=632
SELECT w2=631
BUSY TASK ewma=997
DMA IRQ c0=0
DMA IRQ c1=1
DMA IRQ c2=0
DMA IRQ c3=0
SELECT busy=1037
SELECT w0=1019
SELECT w1=659
SELECT w2=658
BUSY TASK ewma=997
DMA IRQ c0=0
DMA IRQ c1=1
DMA IRQ c2=0
DMA IRQ c3=0
SELECT busy=1051
SELECT w0=1033
SELECT w1=669
SELECT w2=667
BUSY TASK ewma=997
DMA IRQ c0=0
DMA IRQ c1=1
DMA IRQ c2=0
DMA IRQ c3=0
SELECT busy=1090
SELECT w0=1072
SELECT w1=691
SELECT w2=688
BUSY TASK ewma=997
DMA IRQ c0=0
DMA IRQ c1=1
DMA IRQ c2=0
DMA IRQ c3=0
SELECT busy=1148
SELECT w0=1129
SELECT w1=722
SELECT w2=715
BUSY TASK ewma=997
DMA IRQ c0=0
DMA IRQ c1=1
DMA IRQ c2=0
DMA IRQ c3=0
SELECT busy=1187
SELECT w0=1168
SELECT w1=737
SELECT w2=731
BUSY TASK ewma=997
DMA IRQ c0=0
DMA IRQ c1=1
DMA IRQ c2=0
DMA IRQ c3=0
SELECT busy=1218
SELECT w0=1199
SELECT w1=754
SELECT w2=747
BUSY TASK ewma=997
DMA IRQ c0=0
DMA IRQ c1=1
DMA IRQ c2=0
DMA IRQ c3=0
SELECT busy=1231
SELECT w0=1212
SELECT w1=764
SELECT w2=758
BUSY TASK ewma=997
DMA IRQ c0=0
DMA IRQ c1=1
DMA IRQ c2=0
DMA IRQ c3=0
SELECT busy=1252
SELECT w0=1234
SELECT w1=776
SELECT w2=771
BUSY TASK ewma=997
DMA IRQ c0=0
DMA IRQ c1=1
DMA IRQ c2=0
DMA IRQ c3=0
SELECT busy=1284
SELECT w0=1266
SELECT w1=797
SELECT w2=794
BUSY TASK ewma=997
DMA IRQ c0=0
DMA IRQ c1=1
DMA IRQ c2=0
DMA IRQ c3=0
SELECT busy=1313
SELECT w0=1296
SELECT w1=815
SELECT w2=811
BUSY TASK ewma=997
DMA IRQ c0=0
DMA IRQ c1=1
DMA IRQ c2=0
DMA IRQ c3=0
SELECT busy=1345
SELECT w0=1327
SELECT w1=833
SELECT w2=830
BUSY TASK ewma=997
DMA IRQ c0=0
DMA IRQ c1=1
DMA IRQ c2=0
DMA IRQ c3=0
SELECT busy=1365
SELECT w0=1347
SELECT w1=845
SELECT w2=841
BUSY TASK ewma=997
DMA IRQ c0=0
DMA IRQ c1=1
DMA IRQ c2=0
DMA IRQ c3=0
SELECT busy=1387
SELECT w0=1369
SELECT w1=863
SELECT w2=855
BUSY TASK ewma=997
DMA IRQ c0=0
DMA IRQ c1=1
DMA IRQ c2=0
DMA IRQ c3=0
SELECT busy=1402
SELECT w0=1384
SELECT w1=872
SELECT w2=863
BUSY TASK ewma=997
DMA IRQ c0=0
DMA IRQ c1=1
DMA IRQ c2=0
DMA IRQ c3=0
SELECT busy=1418
SELECT w0=1400
SELECT w1=882
SELECT w2=871
BUSY TASK ewma=997
DMA IRQ c0=0
DMA IRQ c1=1
DMA IRQ c2=0
DMA IRQ c3=0
SELECT busy=1439
SELECT w0=1421
SELECT w1=899
SELECT w2=885
BUSY TASK ewma=997
DMA IRQ c0=0
DMA IRQ c1=1
DMA IRQ c2=0
DMA IRQ c3=0
SELECT busy=1455
SELECT w0=1436
SELECT w1=908
SELECT w2=895
BUSY TASK ewma=997
DMA IRQ c0=0
DMA IRQ c1=1
DMA IRQ c2=0
DMA IRQ c3=0
SELECT busy=1474
SELECT w0=1456
SELECT w1=920
SELECT w2=907
BUSY TASK ewma=997
DMA IRQ c0=0
DMA IRQ c1=1
DMA IRQ c2=0
DMA IRQ c3=0
SELECT busy=1509
SELECT w0=1491
SELECT w1=945
SELECT w2=930
BUSY TASK ewma=997
DMA IRQ c0=0
DMA IRQ c1=1
DMA IRQ c2=0
DMA IRQ c3=0
SELECT busy=1532
SELECT w0=1513
SELECT w1=956
SELECT w2=942
BUSY TASK ewma=997
DMA IRQ c0=0
DMA IRQ c1=1
DMA IRQ c2=0
DMA IRQ c3=0
SELECT busy=1559
SELECT w0=1541
SELECT w1=972
SELECT w2=963
BUSY TASK ewma=997
DMA IRQ c0=0
DMA IRQ c1=1
DMA IRQ c2=0
DMA IRQ c3=0
SELECT busy=1585
SELECT w0=1570
SELECT w1=987
SELECT w2=979
BUSY TASK ewma=997
DMA IRQ c0=0
DMA IRQ c1=1
DMA IRQ c2=0
DMA IRQ c3=0
SELECT busy=1629
SELECT w0=1611
SELECT w1=1009
SELECT w2=1002
BUSY TASK ewma=997
DMA IRQ c0=0
DMA IRQ c1=1
DMA IRQ c2=0
DMA IRQ c3=0
SELECT busy=1656
SELECT w0=1637
SELECT w1=1020
SELECT w2=1014
BUSY TASK ewma=997
DMA IRQ c0=0
DMA IRQ c1=1
DMA IRQ c2=0
DMA IRQ c3=0
SELECT busy=1680
SELECT w0=1662
SELECT w1=1034
SELECT w2=1029
BUSY TASK ewma=997
IRQ counts: cpu0=3384 cpu1=3954 cpu2=3926 cpu3=3893
SCHED secondaries: calls=11781 unexpected=0
SECTEST switches=11757 cpu1=36410111,34364119 cpu2=25860517,25598586 cpu3=42219715,40001931
PINGPONG rounds=837 pongs=839
DMA IRQ c0=0
DMA IRQ c1=1
DMA IRQ c2=0
DMA IRQ c3=0
SELECT busy=1715
SELECT w0=1696
SELECT w1=1056
SELECT w2=1049
BUSY TASK ewma=997
DMA IRQ c0=0
DMA IRQ c1=1
DMA IRQ c2=0
DMA IRQ c3=0
SELECT busy=1732
SELECT w0=1713
SELECT w1=1065
SELECT w2=1056
BUSY TASK ewma=997
DMA IRQ c0=0
DMA IRQ c1=1
DMA IRQ c2=0
DMA IRQ c3=0
SELECT busy=1749
SELECT w0=1731
SELECT w1=1072
SELECT w2=1064
BUSY TASK ewma=997
DMA IRQ c0=0
DMA IRQ c1=1
DMA IRQ c2=0
DMA IRQ c3=0
SELECT busy=1767
SELECT w0=1749
SELECT w1=1083
SELECT w2=1076
BUSY TASK ewma=997
DMA IRQ c0=0
DMA IRQ c1=1
DMA IRQ c2=0
DMA IRQ c3=0
SELECT busy=1785
SELECT w0=1767
SELECT w1=1095
SELECT w2=1086
BUSY TASK ewma=997
DMA IRQ c0=0
DMA IRQ c1=1
DMA IRQ c2=0
DMA IRQ c3=0
SELECT busy=1803
SELECT w0=1784
SELECT w1=1106
SELECT w2=1097
BUSY TASK ewma=997
DMA IRQ c0=0
DMA IRQ c1=1
DMA IRQ c2=0
DMA IRQ c3=0
SELECT busy=1825
SELECT w0=1808
SELECT w1=1122
SELECT w2=1113
BUSY TASK ewma=997
DMA IRQ c0=0
DMA IRQ c1=1
DMA IRQ c2=0
DMA IRQ c3=0
SELECT busy=1849
SELECT w0=1831
SELECT w1=1140
SELECT w2=1127
BUSY TASK ewma=997
DMA IRQ c0=0
DMA IRQ c1=1
DMA IRQ c2=0
DMA IRQ c3=0
SELECT busy=1871
SELECT w0=1852
SELECT w1=1155
SELECT w2=1139
BUSY TASK ewma=997
DMA IRQ c0=0
DMA IRQ c1=1
DMA IRQ c2=0
DMA IRQ c3=0
SELECT busy=1889
SELECT w0=1870
SELECT w1=1163
SELECT w2=1146
BUSY TASK ewma=997
DMA IRQ c0=0
DMA IRQ c1=1
DMA IRQ c2=0
DMA IRQ c3=0
SELECT busy=1911
SELECT w0=1893
SELECT w1=1175
SELECT w2=1157
BUSY TASK ewma=997
DMA IRQ c0=0
DMA IRQ c1=1
DMA IRQ c2=0
DMA IRQ c3=0
SELECT busy=1927
SELECT w0=1909
SELECT w1=1186
SELECT w2=1165
BUSY TASK ewma=997
DMA IRQ c0=0
DMA IRQ c1=1
DMA IRQ c2=0
DMA IRQ c3=0
SELECT busy=1945
SELECT w0=1926
SELECT w1=1194
SELECT w2=1175
BUSY TASK ewma=997
DMA IRQ c0=0
DMA IRQ c1=1
DMA IRQ c2=0
DMA IRQ c3=0
SELECT busy=1964
SELECT w0=1945
SELECT w1=1202
SELECT w2=1183
BUSY TASK ewma=997
DMA IRQ c0=0
DMA IRQ c1=1
DMA IRQ c2=0
DMA IRQ c3=0
SELECT busy=1983
SELECT w0=1964
SELECT w1=1211
SELECT w2=1191
BUSY TASK ewma=997
DMA IRQ c0=0
DMA IRQ c1=1
DMA IRQ c2=0
DMA IRQ c3=0
SELECT busy=2001
SELECT w0=1983
SELECT w1=1217
SELECT w2=1198
BUSY TASK ewma=997
DMA IRQ c0=0
DMA IRQ c1=1
DMA IRQ c2=0
DMA IRQ c3=0
SELECT busy=2020
SELECT w0=2001
SELECT w1=1224
SELECT w2=1205
BUSY TASK ewma=997
DMA IRQ c0=0
DMA IRQ c1=1
DMA IRQ c2=0
DMA IRQ c3=0
SELECT busy=2038
SELECT w0=2020
SELECT w1=1232
SELECT w2=1213
BUSY TASK ewma=997
DMA IRQ c0=0
DMA IRQ c1=1
DMA IRQ c2=0
DMA IRQ c3=0
SELECT busy=2063
SELECT w0=2045
SELECT w1=1241
SELECT w2=1224
BUSY TASK ewma=997
DMA IRQ c0=0
DMA IRQ c1=1
DMA IRQ c2=0
DMA IRQ c3=0
SELECT busy=2083
SELECT w0=2064
SELECT w1=1248
SELECT w2=1232
BUSY TASK ewma=997
DMA IRQ c0=0
DMA IRQ c1=1
DMA IRQ c2=0
DMA IRQ c3=0
SELECT busy=2101
SELECT w0=2082
SELECT w1=1257
SELECT w2=1239
BUSY TASK ewma=997
DMA IRQ c0=0
DMA IRQ c1=1
DMA IRQ c2=0
DMA IRQ c3=0
SELECT busy=2121
SELECT w0=2103
SELECT w1=1271
SELECT w2=1251
BUSY TASK ewma=997
DMA IRQ c0=0
DMA IRQ c1=1
DMA IRQ c2=0
DMA IRQ c3=0
SELECT busy=2141
SELECT w0=2122
SELECT w1=1282
SELECT w2=1261
BUSY TASK ewma=997
DMA IRQ c0=0
DMA IRQ c1=1
DMA IRQ c2=0
DMA IRQ c3=0
SELECT busy=2162
SELECT w0=2144
SELECT w1=1292
SELECT w2=1272
BUSY TASK ewma=997
DMA IRQ c0=0
DMA IRQ c1=1
DMA IRQ c2=0
DMA IRQ c3=0
SELECT busy=2182
SELECT w0=2163
SELECT w1=1298
SELECT w2=1279
BUSY TASK ewma=997
DMA IRQ c0=0
DMA IRQ c1=1
DMA IRQ c2=0
DMA IRQ c3=0
SELECT busy=2200
SELECT w0=2181
SELECT w1=1306
SELECT w2=1285
BUSY TASK ewma=997
DMA IRQ c0=0
DMA IRQ c1=1
DMA IRQ c2=0
DMA IRQ c3=0
SELECT busy=2219
SELECT w0=2200
SELECT w1=1313
SELECT w2=1292
BUSY TASK ewma=997
DMA IRQ c0=0
DMA IRQ c1=1
DMA IRQ c2=0
DMA IRQ c3=0
SELECT busy=2245
SELECT w0=2227
SELECT w1=1328
SELECT w2=1308
BUSY TASK ewma=997
DMA IRQ c0=0
DMA IRQ c1=1
DMA IRQ c2=0
DMA IRQ c3=0
SELECT busy=2285
SELECT w0=2266
SELECT w1=1347
SELECT w2=1326
BUSY TASK ewma=997
DMA IRQ c0=0
DMA IRQ c1=1
DMA IRQ c2=0
DMA IRQ c3=0
SELECT busy=2310
SELECT w0=2292
SELECT w1=1361
SELECT w2=1339
BUSY TASK ewma=997
DMA IRQ c0=0
DMA IRQ c1=1
DMA IRQ c2=0
DMA IRQ c3=0
SELECT busy=2330
SELECT w0=2311
SELECT w1=1371
SELECT w2=1352
BUSY TASK ewma=997
DMA IRQ c0=0
DMA IRQ c1=1
DMA IRQ c2=0
DMA IRQ c3=0
SELECT busy=2358
SELECT w0=2340
SELECT w1=1388
SELECT w2=1370
BUSY TASK ewma=997
DMA IRQ c0=0
DMA IRQ c1=1
DMA IRQ c2=0
DMA IRQ c3=0
SELECT busy=2383
SELECT w0=2365
SELECT w1=1400
SELECT w2=1383
BUSY TASK ewma=997
DMA IRQ c0=0
DMA IRQ c1=1
DMA IRQ c2=0
DMA IRQ c3=0
SELECT busy=2402
SELECT w0=2384
SELECT w1=1412
SELECT w2=1396
BUSY TASK ewma=997
DMA IRQ c0=0
DMA IRQ c1=1
DMA IRQ c2=0
DMA IRQ c3=0
SELECT busy=2425
SELECT w0=2406
SELECT w1=1426
SELECT w2=1409
BUSY TASK ewma=997
DMA IRQ c0=0
DMA IRQ c1=1
DMA IRQ c2=0
DMA IRQ c3=0
SELECT busy=2448
SELECT w0=2430
SELECT w1=1443
SELECT w2=1427
BUSY TASK ewma=997
DMA IRQ c0=0
DMA IRQ c1=1
DMA IRQ c2=0
DMA IRQ c3=0
SELECT busy=2471
SELECT w0=2453
SELECT w1=1456
SELECT w2=1441
BUSY TASK ewma=997
DMA IRQ c0=0
DMA IRQ c1=1
DMA IRQ c2=0
DMA IRQ c3=0
SELECT busy=2508
SELECT w0=2490
SELECT w1=1477
SELECT w2=1460
BUSY TASK ewma=997
DMA IRQ c0=0
DMA IRQ c1=1
DMA IRQ c2=0
DMA IRQ c3=0
SELECT busy=2549
SELECT w0=2531
SELECT w1=1499
SELECT w2=1483
BUSY TASK ewma=997
DMA IRQ c0=0
DMA IRQ c1=1
DMA IRQ c2=0
DMA IRQ c3=0
SELECT busy=2600
SELECT w0=2581
SELECT w1=1532
SELECT w2=1513
BUSY TASK ewma=997
DMA IRQ c0=0
DMA IRQ c1=1
DMA IRQ c2=0
DMA IRQ c3=0
SELECT busy=2645
SELECT w0=2628
SELECT w1=1559
SELECT w2=1539
BUSY TASK ewma=997
DMA IRQ c0=0
DMA IRQ c1=1
DMA IRQ c2=0
DMA IRQ c3=0
SELECT busy=2695
SELECT w0=2677
SELECT w1=1590
SELECT w2=1567
BUSY TASK ewma=997
DMA IRQ c0=0
DMA IRQ c1=1
DMA IRQ c2=0
DMA IRQ c3=0
SELECT busy=2739
SELECT w0=2721
SELECT w1=1614
SELECT w2=1590
BUSY TASK ewma=997
DMA IRQ c0=0
DMA IRQ c1=1
DMA IRQ c2=0
DMA IRQ c3=0
SELECT busy=2775
SELECT w0=2761
SELECT w1=1639
SELECT w2=1612
BUSY TASK ewma=997
DMA IRQ c0=0
DMA IRQ c1=1
DMA IRQ c2=0
DMA IRQ c3=0
SELECT busy=2816
SELECT w0=2797
SELECT w1=1655
SELECT w2=1632
BUSY TASK ewma=997
DMA IRQ c0=0
DMA IRQ c1=1
DMA IRQ c2=0
DMA IRQ c3=0
SELECT busy=2853
SELECT w0=2834
SELECT w1=1674
SELECT w2=1651
BUSY TASK ewma=997
DMA IRQ c0=0
DMA IRQ c1=1
DMA IRQ c2=0
DMA IRQ c3=0
SELECT busy=2908
SELECT w0=2890
SELECT w1=1706
SELECT w2=1682
BUSY TASK ewma=997
DMA IRQ c0=0
DMA IRQ c1=1
DMA IRQ c2=0
DMA IRQ c3=0
SELECT busy=2950
SELECT w0=2931
SELECT w1=1730
SELECT w2=1703
BUSY TASK ewma=997
DMA IRQ c0=0
DMA IRQ c1=1
DMA IRQ c2=0
DMA IRQ c3=0
SELECT busy=2992
SELECT w0=2974
SELECT w1=1755
SELECT w2=1730
BUSY TASK ewma=997
DMA IRQ c0=0
DMA IRQ c1=1
DMA IRQ c2=0
DMA IRQ c3=0
SELECT busy=3052
SELECT w0=3035
SELECT w1=1786
SELECT w2=1761
BUSY TASK ewma=997
DMA IRQ c0=0
DMA IRQ c1=1
DMA IRQ c2=0
DMA IRQ c3=0
SELECT busy=3088
SELECT w0=3070
SELECT w1=1804
SELECT w2=1778
BUSY TASK ewma=997
DMA IRQ c0=0
DMA IRQ c1=1
DMA IRQ c2=0
DMA IRQ c3=0
SELECT busy=3137
SELECT w0=3118
SELECT w1=1833
SELECT w2=1806
BUSY TASK ewma=997
DMA IRQ c0=0
DMA IRQ c1=1
DMA IRQ c2=0
DMA IRQ c3=0
SELECT busy=3161
SELECT w0=3143
SELECT w1=1847
SELECT w2=1820
BUSY TASK ewma=997
DMA IRQ c0=0
DMA IRQ c1=1
DMA IRQ c2=0
DMA IRQ c3=0
SELECT busy=3184
SELECT w0=3166
SELECT w1=1861
SELECT w2=1833
BUSY TASK ewma=997
DMA IRQ c0=0
DMA IRQ c1=1
DMA IRQ c2=0
DMA IRQ c3=0
SELECT busy=3210
SELECT w0=3192
SELECT w1=1875
SELECT w2=1848
BUSY TASK ewma=997
DMA IRQ c0=0
DMA IRQ c1=1
DMA IRQ c2=0
DMA IRQ c3=0
SELECT busy=3236
SELECT w0=3218
SELECT w1=1893
SELECT w2=1867
BUSY TASK ewma=997
DMA IRQ c0=0
DMA IRQ c1=1
DMA IRQ c2=0
DMA IRQ c3=0
SELECT busy=3255
SELECT w0=3237
SELECT w1=1904
SELECT w2=1881
BUSY TASK ewma=997
DMA IRQ c0=0
DMA IRQ c1=1
DMA IRQ c2=0
DMA IRQ c3=0
SELECT busy=3272
SELECT w0=3255
SELECT w1=1916
SELECT w2=1895
BUSY TASK ewma=997
DMA IRQ c0=0
DMA IRQ c1=1
DMA IRQ c2=0
DMA IRQ c3=0
SELECT busy=3294
SELECT w0=3276
SELECT w1=1929
SELECT w2=1911
BUSY TASK ewma=997
DMA IRQ c0=0
DMA IRQ c1=1
DMA IRQ c2=0
DMA IRQ c3=0
SELECT busy=3311
SELECT w0=3293
SELECT w1=1940
SELECT w2=1921
BUSY TASK ewma=997
DMA IRQ c0=0
DMA IRQ c1=1
DMA IRQ c2=0
DMA IRQ c3=0
SELECT busy=3335
SELECT w0=3318
SELECT w1=1957
SELECT w2=1938
BUSY TASK ewma=997
DMA IRQ c0=0
DMA IRQ c1=1
DMA IRQ c2=0
DMA IRQ c3=0
SELECT busy=3362
SELECT w0=3344
SELECT w1=1971
SELECT w2=1952
BUSY TASK ewma=997
DMA IRQ c0=0
DMA IRQ c1=1
DMA IRQ c2=0
DMA IRQ c3=0
SELECT busy=3378
SELECT w0=3360
SELECT w1=1981
SELECT w2=1963
BUSY TASK ewma=997
DMA IRQ c0=0
DMA IRQ c1=1
DMA IRQ c2=0
DMA IRQ c3=0
SELECT busy=3396
SELECT w0=3378
SELECT w1=1993
SELECT w2=1975
BUSY TASK ewma=997
IRQ counts: cpu0=6800 cpu1=7853 cpu2=7789 cpu3=7712
SCHED secondaries: calls=23363 unexpected=0
SECTEST switches=23334 cpu1=75717372,72416003 cpu2=57679458,56751598 cpu3=84405227,81676548
PINGPONG rounds=1489 pongs=1491
DMA IRQ c0=0
DMA IRQ c1=1
DMA IRQ c2=0
DMA IRQ c3=0
SELECT busy=3423
SELECT w0=3405
SELECT w1=2014
SELECT w2=1993
BUSY TASK ewma=997
DMA IRQ c0=0
DMA IRQ c1=1
DMA IRQ c2=0
DMA IRQ c3=0
SELECT busy=3439
SELECT w0=3421
SELECT w1=2023
SELECT w2=2002
BUSY TASK ewma=997
DMA IRQ c0=0
DMA IRQ c1=1
DMA IRQ c2=0
DMA IRQ c3=0
SELECT busy=3458
SELECT w0=3440
SELECT w1=2036
SELECT w2=2014
BUSY TASK ewma=997
DMA IRQ c0=0
DMA IRQ c1=1
DMA IRQ c2=0
DMA IRQ c3=0
SELECT busy=3480
SELECT w0=3462
SELECT w1=2050
SELECT w2=2026
BUSY TASK ewma=997
DMA IRQ c0=0
DMA IRQ c1=1
DMA IRQ c2=0
DMA IRQ c3=0
SELECT busy=3497
SELECT w0=3478
SELECT w1=2060
SELECT w2=2039
BUSY TASK ewma=997
DMA IRQ c0=0
DMA IRQ c1=1
DMA IRQ c2=0
DMA IRQ c3=0
SELECT busy=3513
SELECT w0=3495
SELECT w1=2073
SELECT w2=2053
BUSY TASK ewma=997
DMA IRQ c0=0
DMA IRQ c1=1
DMA IRQ c2=0
DMA IRQ c3=0
SELECT busy=3529
SELECT w0=3511
SELECT w1=2083
SELECT w2=2063
BUSY TASK ewma=997
DMA IRQ c0=0
DMA IRQ c1=1
DMA IRQ c2=0
DMA IRQ c3=0
SELECT busy=3548
SELECT w0=3530
SELECT w1=2094
SELECT w2=2075
BUSY TASK ewma=997
DMA IRQ c0=0
DMA IRQ c1=1
DMA IRQ c2=0
DMA IRQ c3=0
SELECT busy=3568
SELECT w0=3550
SELECT w1=2106
SELECT w2=2089
BUSY TASK ewma=997
DMA IRQ c0=0
DMA IRQ c1=1
DMA IRQ c2=0
DMA IRQ c3=0
SELECT busy=3593
SELECT w0=3575
SELECT w1=2123
SELECT w2=2105
BUSY TASK ewma=997
DMA IRQ c0=0
DMA IRQ c1=1
DMA IRQ c2=0
DMA IRQ c3=0
SELECT busy=3616
SELECT w0=3598
SELECT w1=2137
SELECT w2=2119
BUSY TASK ewma=997
DMA IRQ c0=0
DMA IRQ c1=1
DMA IRQ c2=0
DMA IRQ c3=0
SELECT busy=3639
SELECT w0=3621
SELECT w1=2155
SELECT w2=2135
BUSY TASK ewma=997
DMA IRQ c0=0
DMA IRQ c1=1
DMA IRQ c2=0
DMA IRQ c3=0
SELECT busy=3657
SELECT w0=3639
SELECT w1=2163
SELECT w2=2145
BUSY TASK ewma=997
DMA IRQ c0=0
DMA IRQ c1=1
DMA IRQ c2=0
DMA IRQ c3=0
SELECT busy=3680
SELECT w0=3661
SELECT w1=2175
SELECT w2=2156
BUSY TASK ewma=997
DMA IRQ c0=0
DMA IRQ c1=1
DMA IRQ c2=0
DMA IRQ c3=0
SELECT busy=3703
SELECT w0=3685
SELECT w1=2190
SELECT w2=2171
BUSY TASK ewma=997
DMA IRQ c0=0
DMA IRQ c1=1
DMA IRQ c2=0
DMA IRQ c3=0
SELECT busy=3722
SELECT w0=3704
SELECT w1=2207
SELECT w2=2184
BUSY TASK ewma=997
DMA IRQ c0=0
DMA IRQ c1=1
DMA IRQ c2=0
DMA IRQ c3=0
SELECT busy=3743
SELECT w0=3725
SELECT w1=2222
SELECT w2=2200
BUSY TASK ewma=997
DMA IRQ c0=0
DMA IRQ c1=1
DMA IRQ c2=0
DMA IRQ c3=0
SELECT busy=3763
SELECT w0=3744
SELECT w1=2230
SELECT w2=2210
BUSY TASK ewma=997
DMA IRQ c0=0
DMA IRQ c1=1
DMA IRQ c2=0
DMA IRQ c3=0
SELECT busy=3788
SELECT w0=3769
SELECT w1=2241
SELECT w2=2222
BUSY TASK ewma=997
DMA IRQ c0=0
DMA IRQ c1=1
DMA IRQ c2=0
DMA IRQ c3=0
SELECT busy=3805
SELECT w0=3787
SELECT w1=2251
SELECT w2=2231
BUSY TASK ewma=997
DMA IRQ c0=0
DMA IRQ c1=1
DMA IRQ c2=0
DMA IRQ c3=0
SELECT busy=3826
SELECT w0=3808
SELECT w1=2267
SELECT w2=2245
BUSY TASK ewma=997
DMA IRQ c0=0
DMA IRQ c1=1
DMA IRQ c2=0
DMA IRQ c3=0
SELECT busy=3849
SELECT w0=3831
SELECT w1=2279
SELECT w2=2259
BUSY TASK ewma=997
DMA IRQ c0=0
DMA IRQ c1=1
DMA IRQ c2=0
DMA IRQ c3=0
SELECT busy=3875
SELECT w0=3856
SELECT w1=2301
SELECT w2=2279
BUSY TASK ewma=997
DMA IRQ c0=0
DMA IRQ c1=1
DMA IRQ c2=0
DMA IRQ c3=0
SELECT busy=3902
SELECT w0=3884
SELECT w1=2322
SELECT w2=2296
BUSY TASK ewma=997
DMA IRQ c0=0
DMA IRQ c1=1
DMA IRQ c2=0
DMA IRQ c3=0
SELECT busy=3922
SELECT w0=3903
SELECT w1=2342
SELECT w2=2311
BUSY TASK ewma=997
DMA IRQ c0=0
DMA IRQ c1=1
DMA IRQ c2=0
DMA IRQ c3=0
SELECT busy=3950
SELECT w0=3932
SELECT w1=2361
SELECT w2=2331
BUSY TASK ewma=997
DMA IRQ c0=0
DMA IRQ c1=1
DMA IRQ c2=0
DMA IRQ c3=0
SELECT busy=3974
SELECT w0=3955
SELECT w1=2374
SELECT w2=2347
BUSY TASK ewma=997
DMA IRQ c0=0
DMA IRQ c1=1
DMA IRQ c2=0
DMA IRQ c3=0
SELECT busy=3994
SELECT w0=3976
SELECT w1=2390
SELECT w2=2361
BUSY TASK ewma=997
DMA IRQ c0=0
DMA IRQ c1=1
DMA IRQ c2=0
DMA IRQ c3=0
SELECT busy=4014
SELECT w0=3996
SELECT w1=2402
SELECT w2=2374
BUSY TASK ewma=997
DMA IRQ c0=0
DMA IRQ c1=1
DMA IRQ c2=0
DMA IRQ c3=0
SELECT busy=4033
SELECT w0=4015
SELECT w1=2412
SELECT w2=2384
BUSY TASK ewma=997
DMA IRQ c0=0
DMA IRQ c1=1
DMA IRQ c2=0
DMA IRQ c3=0
SELECT busy=4063
SELECT w0=4047
SELECT w1=2433
SELECT w2=2406
BUSY TASK ewma=997
DMA IRQ c0=0
DMA IRQ c1=1
DMA IRQ c2=0
DMA IRQ c3=0
SELECT busy=4083
SELECT w0=4065
SELECT w1=2445
SELECT w2=2419
BUSY TASK ewma=997
DMA IRQ c0=0
DMA IRQ c1=1
DMA IRQ c2=0
DMA IRQ c3=0
SELECT busy=4108
SELECT w0=4094
SELECT w1=2467
SELECT w2=2441
BUSY TASK ewma=997
DMA IRQ c0=0
DMA IRQ c1=1
DMA IRQ c2=0
DMA IRQ c3=0
SELECT busy=4135
SELECT w0=4117
SELECT w1=2483
SELECT w2=2455
BUSY TASK ewma=997
DMA IRQ c0=0
DMA IRQ c1=1
DMA IRQ c2=0
DMA IRQ c3=0
SELECT busy=4151
SELECT w0=4133
SELECT w1=2492
SELECT w2=2466
BUSY TASK ewma=997
DMA IRQ c0=0
DMA IRQ c1=1
DMA IRQ c2=0
DMA IRQ c3=0
SELECT busy=4167
SELECT w0=4149
SELECT w1=2500
SELECT w2=2474
BUSY TASK ewma=997
DMA IRQ c0=0
DMA IRQ c1=1
DMA IRQ c2=0
DMA IRQ c3=0
SELECT busy=4182
SELECT w0=4164
SELECT w1=2509
SELECT w2=2483
BUSY TASK ewma=997
DMA IRQ c0=0
DMA IRQ c1=1
DMA IRQ c2=0
DMA IRQ c3=0
SELECT busy=4201
SELECT w0=4182
SELECT w1=2519
SELECT w2=2493
BUSY TASK ewma=997
DMA IRQ c0=0
DMA IRQ c1=1
DMA IRQ c2=0
DMA IRQ c3=0
SELECT busy=4225
SELECT w0=4206
SELECT w1=2532
SELECT w2=2508
BUSY TASK ewma=997
DMA IRQ c0=0
DMA IRQ c1=1
DMA IRQ c2=0
DMA IRQ c3=0
SELECT busy=4238
SELECT w0=4220
SELECT w1=2540
SELECT w2=2516
BUSY TASK ewma=997
DMA IRQ c0=0
DMA IRQ c1=1
DMA IRQ c2=0
DMA IRQ c3=0
SELECT busy=4253
SELECT w0=4235
SELECT w1=2549
SELECT w2=2524
BUSY TASK ewma=997
DMA IRQ c0=0
DMA IRQ c1=1
DMA IRQ c2=0
DMA IRQ c3=0
SELECT busy=4271
SELECT w0=4254
SELECT w1=2561
SELECT w2=2536
BUSY TASK ewma=997
DMA IRQ c0=0
DMA IRQ c1=1
DMA IRQ c2=0
DMA IRQ c3=0
SELECT busy=4293
SELECT w0=4274
SELECT w1=2573
SELECT w2=2548
BUSY TASK ewma=997
DMA IRQ c0=0
DMA IRQ c1=1
DMA IRQ c2=0
DMA IRQ c3=0
SELECT busy=4314
SELECT w0=4296
SELECT w1=2585
SELECT w2=2563
BUSY TASK ewma=997
DMA IRQ c0=0
DMA IRQ c1=1
DMA IRQ c2=0
DMA IRQ c3=0
SELECT busy=4330
SELECT w0=4311
SELECT w1=2590
SELECT w2=2569
BUSY TASK ewma=997
DMA IRQ c0=0
DMA IRQ c1=1
DMA IRQ c2=0
DMA IRQ c3=0
SELECT busy=4348
SELECT w0=4329
SELECT w1=2600
SELECT w2=2578
BUSY TASK ewma=997
DMA IRQ c0=0
DMA IRQ c1=1
DMA IRQ c2=0
DMA IRQ c3=0
SELECT busy=4365
SELECT w0=4346
SELECT w1=2612
SELECT w2=2588
BUSY TASK ewma=997
DMA IRQ c0=0
DMA IRQ c1=1
DMA IRQ c2=0
DMA IRQ c3=0
SELECT busy=4388
SELECT w0=4371
SELECT w1=2626
SELECT w2=2602
BUSY TASK ewma=997
DMA IRQ c0=0
DMA IRQ c1=1
DMA IRQ c2=0
DMA IRQ c3=0
SELECT busy=4411
SELECT w0=4392
SELECT w1=2636
SELECT w2=2617
BUSY TASK ewma=997
DMA IRQ c0=0
DMA IRQ c1=1
DMA IRQ c2=0
DMA IRQ c3=0
SELECT busy=4431
SELECT w0=4412
SELECT w1=2647
SELECT w2=2626
BUSY TASK ewma=997
DMA IRQ c0=0
DMA IRQ c1=1
DMA IRQ c2=0
DMA IRQ c3=0
SELECT busy=4451
SELECT w0=4432
SELECT w1=2660
SELECT w2=2639
BUSY TASK ewma=997
DMA IRQ c0=0
DMA IRQ c1=1
DMA IRQ c2=0
DMA IRQ c3=0
SELECT busy=4469
SELECT w0=4451
SELECT w1=2669
SELECT w2=2648
BUSY TASK ewma=997
DMA IRQ c0=0
DMA IRQ c1=1
DMA IRQ c2=0
DMA IRQ c3=0
SELECT busy=4490
SELECT w0=4471
SELECT w1=2679
SELECT w2=2658
BUSY TASK ewma=997
DMA IRQ c0=0
DMA IRQ c1=1
DMA IRQ c2=0
DMA IRQ c3=0
SELECT busy=4502
SELECT w0=4484
SELECT w1=2686
SELECT w2=2667
BUSY TASK ewma=997
DMA IRQ c0=0
DMA IRQ c1=1
DMA IRQ c2=0
DMA IRQ c3=0
SELECT busy=4516
SELECT w0=4497
SELECT w1=2693
SELECT w2=2674
BUSY TASK ewma=997
DMA IRQ c0=0
DMA IRQ c1=1
DMA IRQ c2=0
DMA IRQ c3=0
SELECT busy=4535
SELECT w0=4517
SELECT w1=2703
SELECT w2=2684
BUSY TASK ewma=997
DMA IRQ c0=0
DMA IRQ c1=1
DMA IRQ c2=0
DMA IRQ c3=0
SELECT busy=4551
SELECT w0=4533
SELECT w1=2711
SELECT w2=2693
BUSY TASK ewma=997
DMA IRQ c0=0
DMA IRQ c1=1
DMA IRQ c2=0
DMA IRQ c3=0
SELECT busy=4567
SELECT w0=4549
SELECT w1=2718
SELECT w2=2702
BUSY TASK ewma=997
DMA IRQ c0=0
DMA IRQ c1=1
DMA IRQ c2=0
DMA IRQ c3=0
SELECT busy=4587
SELECT w0=4569
SELECT w1=2728
SELECT w2=2716
BUSY TASK ewma=997
DMA IRQ c0=0
DMA IRQ c1=1
DMA IRQ c2=0
DMA IRQ c3=0
SELECT busy=4602
SELECT w0=4584
SELECT w1=2737
SELECT w2=2726
BUSY TASK ewma=997
DMA IRQ c0=0
DMA IRQ c1=1
DMA IRQ c2=0
DMA IRQ c3=0
SELECT busy=4617
SELECT w0=4598
SELECT w1=2743
SELECT w2=2733
BUSY TASK ewma=997
DMA IRQ c0=0
DMA IRQ c1=1
DMA IRQ c2=0
DMA IRQ c3=0
SELECT busy=4634
SELECT w0=4615
SELECT w1=2753
SELECT w2=2741
BUSY TASK ewma=997
DMA IRQ c0=0
DMA IRQ c1=1
DMA IRQ c2=0
DMA IRQ c3=0
SELECT busy=4647
SELECT w0=4629
SELECT w1=2760
SELECT w2=2752
BUSY TASK ewma=997
DMA IRQ c0=0
DMA IRQ c1=1
DMA IRQ c2=0
DMA IRQ c3=0
SELECT busy=4667
SELECT w0=4649
SELECT w1=2769
SELECT w2=2764
BUSY TASK ewma=997
IRQ counts: cpu0=9340 cpu1=11068 cpu2=11010 cpu3=10980
SCHED secondaries: calls=33062 unexpected=0
SECTEST switches=33020 cpu1=118054016,114758757 cpu2=89297613,87791872 cpu3=128461104,125278279
PINGPONG rounds=2000 pongs=2000
DMA IRQ c0=0
DMA IRQ c1=1
DMA IRQ c2=0
DMA IRQ c3=0
SELECT busy=4686
SELECT w0=4667
SELECT w1=2778
SELECT w2=2776
BUSY TASK ewma=997
DMA IRQ c0=0
DMA IRQ c1=1
DMA IRQ c2=0
DMA IRQ c3=0
SELECT busy=4707
SELECT w0=4692
SELECT w1=2790
SELECT w2=2793
BUSY TASK ewma=997
DMA IRQ c0=0
DMA IRQ c1=1
DMA IRQ c2=0
DMA IRQ c3=0
SELECT busy=4729
SELECT w0=4711
SELECT w1=2801
SELECT w2=2805
BUSY TASK ewma=997
DMA IRQ c0=0
DMA IRQ c1=1
DMA IRQ c2=0
DMA IRQ c3=0
SELECT busy=4745
SELECT w0=4727
SELECT w1=2809
SELECT w2=2816
BUSY TASK ewma=997
DMA IRQ c0=0
DMA IRQ c1=1
DMA IRQ c2=0
DMA IRQ c3=0
SELECT busy=4776
SELECT w0=4757
SELECT w1=2822
SELECT w2=2833
BUSY TASK ewma=997
DMA IRQ c0=0
DMA IRQ c1=1
DMA IRQ c2=0
DMA IRQ c3=0
SELECT busy=4818
SELECT w0=4800
SELECT w1=2840
SELECT w2=2862
BUSY TASK ewma=997
DMA IRQ c0=0
DMA IRQ c1=1
DMA IRQ c2=0
DMA IRQ c3=0
SELECT busy=4857
SELECT w0=4839
SELECT w1=2856
SELECT w2=2880
BUSY TASK ewma=997
DMA IRQ c0=0
DMA IRQ c1=1
DMA IRQ c2=0
DMA IRQ c3=0
SELECT busy=4892
SELECT w0=4874
SELECT w1=2870
SELECT w2=2897
BUSY TASK ewma=997
DMA IRQ c0=0
DMA IRQ c1=1
DMA IRQ c2=0
DMA IRQ c3=0
SELECT busy=4940
SELECT w0=4922
SELECT w1=2890
SELECT w2=2921
BUSY TASK ewma=997
DMA IRQ c0=0
DMA IRQ c1=1
DMA IRQ c2=0
DMA IRQ c3=0
SELECT busy=4976
SELECT w0=4958
SELECT w1=2905
SELECT w2=2942
BUSY TASK ewma=997
DMA IRQ c0=0
DMA IRQ c1=1
DMA IRQ c2=0
DMA IRQ c3=0
SELECT busy=5009
SELECT w0=4990
SELECT w1=2920
SELECT w2=2960
BUSY TASK ewma=997
DMA IRQ c0=0
DMA IRQ c1=1
DMA IRQ c2=0
DMA IRQ c3=0
SELECT busy=5035
SELECT w0=5017
SELECT w1=2933
SELECT w2=2977
BUSY TASK ewma=997
DMA IRQ c0=0
DMA IRQ c1=1
DMA IRQ c2=0
DMA IRQ c3=0
SELECT busy=5070
SELECT w0=5052
SELECT w1=2951
SELECT w2=2998
BUSY TASK ewma=997
DMA IRQ c0=0
DMA IRQ c1=1
DMA IRQ c2=0
DMA IRQ c3=0
SELECT busy=5093
SELECT w0=5075
SELECT w1=2961
SELECT w2=3011
BUSY TASK ewma=997
DMA IRQ c0=0
DMA IRQ c1=1
DMA IRQ c2=0
DMA IRQ c3=0
SELECT busy=5108
SELECT w0=5090
SELECT w1=2968
SELECT w2=3019
BUSY TASK ewma=997
DMA IRQ c0=0
DMA IRQ c1=1
DMA IRQ c2=0
DMA IRQ c3=0
SELECT busy=5131
SELECT w0=5113
SELECT w1=2982
SELECT w2=3034
BUSY TASK ewma=997
DMA IRQ c0=0
DMA IRQ c1=1
DMA IRQ c2=0
DMA IRQ c3=0
SELECT busy=5149
SELECT w0=5131
SELECT w1=2992
SELECT w2=3047
BUSY TASK ewma=997
DMA IRQ c0=0
DMA IRQ c1=1
DMA IRQ c2=0
DMA IRQ c3=0
SELECT busy=5168
SELECT w0=5149
SELECT w1=2999
SELECT w2=3055
BUSY TASK ewma=997
DMA IRQ c0=0
DMA IRQ c1=1
DMA IRQ c2=0
DMA IRQ c3=0
SELECT busy=5182
SELECT w0=5164
SELECT w1=3006
SELECT w2=3063
BUSY TASK ewma=997
DMA IRQ c0=0
DMA IRQ c1=1
DMA IRQ c2=0
DMA IRQ c3=0
SELECT busy=5195
SELECT w0=5177
SELECT w1=3012
SELECT w2=3071
BUSY TASK ewma=997
DMA IRQ c0=0
DMA IRQ c1=1
DMA IRQ c2=0
DMA IRQ c3=0
SELECT busy=5217
SELECT w0=5199
SELECT w1=3024
SELECT w2=3086
BUSY TASK ewma=997
DMA IRQ c0=0
DMA IRQ c1=1
DMA IRQ c2=0
DMA IRQ c3=0
SELECT busy=5241
SELECT w0=5223
SELECT w1=3036
SELECT w2=3099
BUSY TASK ewma=997
DMA IRQ c0=0
DMA IRQ c1=1
DMA IRQ c2=0
DMA IRQ c3=0
SELECT busy=5265
SELECT w0=5246
SELECT w1=3045
SELECT w2=3110
BUSY TASK ewma=997
DMA IRQ c0=0
DMA IRQ c1=1
DMA IRQ c2=0
DMA IRQ c3=0
SELECT busy=5289
SELECT w0=5271
SELECT w1=3056
SELECT w2=3123
BUSY TASK ewma=997
DMA IRQ c0=0
DMA IRQ c1=1
DMA IRQ c2=0
DMA IRQ c3=0
SELECT busy=5310
SELECT w0=5292
SELECT w1=3067
SELECT w2=3136
BUSY TASK ewma=997
DMA IRQ c0=0
DMA IRQ c1=1
DMA IRQ c2=0
DMA IRQ c3=0
SELECT busy=5333
SELECT w0=5315
SELECT w1=3077
SELECT w2=3146
BUSY TASK ewma=997
DMA IRQ c0=0
DMA IRQ c1=1
DMA IRQ c2=0
DMA IRQ c3=0
SELECT busy=5354
SELECT w0=5336
SELECT w1=3087
SELECT w2=3160
BUSY TASK ewma=997
DMA IRQ c0=0
DMA IRQ c1=1
DMA IRQ c2=0
DMA IRQ c3=0
SELECT busy=5375
SELECT w0=5357
SELECT w1=3096
SELECT w2=3170
BUSY TASK ewma=997
DMA IRQ c0=0
DMA IRQ c1=1
DMA IRQ c2=0
DMA IRQ c3=0
SELECT busy=5396
SELECT w0=5377
SELECT w1=3106
SELECT w2=3182
BUSY TASK ewma=997
DMA IRQ c0=0
DMA IRQ c1=1
DMA IRQ c2=0
DMA IRQ c3=0
SELECT busy=5409
SELECT w0=5390
SELECT w1=3112
SELECT w2=3192
BUSY TASK ewma=997
DMA IRQ c0=0
DMA IRQ c1=1
DMA IRQ c2=0
DMA IRQ c3=0
SELECT busy=5426
SELECT w0=5408
SELECT w1=3121
SELECT w2=3203
BUSY TASK ewma=997
DMA IRQ c0=0
DMA IRQ c1=1
DMA IRQ c2=0
DMA IRQ c3=0
SELECT busy=5444
SELECT w0=5426
SELECT w1=3128
SELECT w2=3212
BUSY TASK ewma=997
DMA IRQ c0=0
DMA IRQ c1=1
DMA IRQ c2=0
DMA IRQ c3=0
SELECT busy=5461
SELECT w0=5442
SELECT w1=3135
SELECT w2=3222
BUSY TASK ewma=997
DMA IRQ c0=0
DMA IRQ c1=1
DMA IRQ c2=0
DMA IRQ c3=0
SELECT busy=5479
SELECT w0=5461
SELECT w1=3143
SELECT w2=3233
BUSY TASK ewma=997
DMA IRQ c0=0
DMA IRQ c1=1
DMA IRQ c2=0
DMA IRQ c3=0
SELECT busy=5495
SELECT w0=5477
SELECT w1=3149
SELECT w2=3241
BUSY TASK ewma=997
DMA IRQ c0=0
DMA IRQ c1=1
DMA IRQ c2=0
DMA IRQ c3=0
SELECT busy=5517
SELECT w0=5500
SELECT w1=3159
SELECT w2=3257
BUSY TASK ewma=997
DMA IRQ c0=0
DMA IRQ c1=1
DMA IRQ c2=0
DMA IRQ c3=0
SELECT busy=5534
SELECT w0=5518
SELECT w1=3168
SELECT w2=3271
BUSY TASK ewma=997
DMA IRQ c0=0
DMA IRQ c1=1
DMA IRQ c2=0
DMA IRQ c3=0
SELECT busy=5569
SELECT w0=5551
SELECT w1=3186
SELECT w2=3290
BUSY TASK ewma=997
DMA IRQ c0=0
DMA IRQ c1=1
DMA IRQ c2=0
DMA IRQ c3=0
SELECT busy=5590
SELECT w0=5572
SELECT w1=3197
SELECT w2=3306
BUSY TASK ewma=997
DMA IRQ c0=0
DMA IRQ c1=1
DMA IRQ c2=0
DMA IRQ c3=0
SELECT busy=5613
SELECT w0=5596
SELECT w1=3206
SELECT w2=3316
BUSY TASK ewma=997
DMA IRQ c0=0
DMA IRQ c1=1
DMA IRQ c2=0
DMA IRQ c3=0
SELECT busy=5636
SELECT w0=5618
SELECT w1=3218
SELECT w2=3331
BUSY TASK ewma=997
DMA IRQ c0=0
DMA IRQ c1=1
DMA IRQ c2=0
DMA IRQ c3=0
SELECT busy=5656
SELECT w0=5638
SELECT w1=3226
SELECT w2=3344
BUSY TASK ewma=997
DMA IRQ c0=0
DMA IRQ c1=1
DMA IRQ c2=0
DMA IRQ c3=0
SELECT busy=5676
SELECT w0=5657
SELECT w1=3235
SELECT w2=3352
BUSY TASK ewma=997
DMA IRQ c0=0
DMA IRQ c1=1
DMA IRQ c2=0
DMA IRQ c3=0
SELECT busy=5692
SELECT w0=5673
SELECT w1=3241
SELECT w2=3362
BUSY TASK ewma=997
DMA IRQ c0=0
DMA IRQ c1=1
DMA IRQ c2=0
DMA IRQ c3=0
SELECT busy=5709
SELECT w0=5690
SELECT w1=3247
SELECT w2=3372
BUSY TASK ewma=997
DMA IRQ c0=0
DMA IRQ c1=1
DMA IRQ c2=0
DMA IRQ c3=0
SELECT busy=5722
SELECT w0=5704
SELECT w1=3254
SELECT w2=3381
BUSY TASK ewma=997
DMA IRQ c0=0
DMA IRQ c1=1
DMA IRQ c2=0
DMA IRQ c3=0
SELECT busy=5740
SELECT w0=5722
SELECT w1=3262
SELECT w2=3392
BUSY TASK ewma=997
DMA IRQ c0=0
DMA IRQ c1=1
DMA IRQ c2=0
DMA IRQ c3=0
SELECT busy=5763
SELECT w0=5746
SELECT w1=3274
SELECT w2=3406
BUSY TASK ewma=997
DMA IRQ c0=0
DMA IRQ c1=1
DMA IRQ c2=0
DMA IRQ c3=0
SELECT busy=5783
SELECT w0=5764
SELECT w1=3281
SELECT w2=3414
BUSY TASK ewma=997
DMA IRQ c0=0
DMA IRQ c1=1
DMA IRQ c2=0
DMA IRQ c3=0
SELECT busy=5803
SELECT w0=5785
SELECT w1=3289
SELECT w2=3426
BUSY TASK ewma=997
DMA IRQ c0=0
DMA IRQ c1=1
DMA IRQ c2=0
DMA IRQ c3=0
SELECT busy=5823
SELECT w0=5806
SELECT w1=3302
SELECT w2=3438
BUSY TASK ewma=997
DMA IRQ c0=0
DMA IRQ c1=1
DMA IRQ c2=0
DMA IRQ c3=0
SELECT busy=5847
SELECT w0=5828
SELECT w1=3311
SELECT w2=3447
BUSY TASK ewma=997
DMA IRQ c0=0
DMA IRQ c1=1
DMA IRQ c2=0
DMA IRQ c3=0
SELECT busy=5873
SELECT w0=5855
SELECT w1=3324
SELECT w2=3463
BUSY TASK ewma=997
DMA IRQ c0=0
DMA IRQ c1=1
DMA IRQ c2=0
DMA IRQ c3=0
SELECT busy=5887
SELECT w0=5869
SELECT w1=3331
SELECT w2=3471
BUSY TASK ewma=997
DMA IRQ c0=0
DMA IRQ c1=1
DMA IRQ c2=0
DMA IRQ c3=0
SELECT busy=5908
SELECT w0=5891
SELECT w1=3340
SELECT w2=3483
BUSY TASK ewma=997
DMA IRQ c0=0
DMA IRQ c1=1
DMA IRQ c2=0
DMA IRQ c3=0
SELECT busy=5928
SELECT w0=5910
SELECT w1=3351
SELECT w2=3495
BUSY TASK ewma=997
DMA IRQ c0=0
DMA IRQ c1=1
DMA IRQ c2=0
DMA IRQ c3=0
SELECT busy=5955
SELECT w0=5936
SELECT w1=3364
SELECT w2=3508
BUSY TASK ewma=997
DMA IRQ c0=0
DMA IRQ c1=1
DMA IRQ c2=0
DMA IRQ c3=0
SELECT busy=5974
SELECT w0=5956
SELECT w1=3373
SELECT w2=3520
BUSY TASK ewma=997
DMA IRQ c0=0
DMA IRQ c1=1
DMA IRQ c2=0
DMA IRQ c3=0
SELECT busy=6003
SELECT w0=5984
SELECT w1=3386
SELECT w2=3535
BUSY TASK ewma=997
DMA IRQ c0=0
DMA IRQ c1=1
DMA IRQ c2=0
DMA IRQ c3=0
SELECT busy=6022
SELECT w0=6004
SELECT w1=3397
SELECT w2=3546
BUSY TASK ewma=997
DMA IRQ c0=0
DMA IRQ c1=1
DMA IRQ c2=0
DMA IRQ c3=0
SELECT busy=6043
SELECT w0=6025
SELECT w1=3410
SELECT w2=3561
BUSY TASK ewma=997
DMA IRQ c0=0
DMA IRQ c1=1
DMA IRQ c2=0
DMA IRQ c3=0
SELECT busy=6071
SELECT w0=6053
SELECT w1=3422
SELECT w2=3577
BUSY TASK ewma=997
DMA IRQ c0=0
DMA IRQ c1=1
DMA IRQ c2=0
DMA IRQ c3=0
SELECT busy=6089
SELECT w0=6071
SELECT w1=3429
SELECT w2=3585
BUSY TASK ewma=997
DMA IRQ c0=0
DMA IRQ c1=1
DMA IRQ c2=0
DMA IRQ c3=0
SELECT busy=6107
SELECT w0=6089
SELECT w1=3434
SELECT w2=3591
BUSY TASK ewma=997
IRQ counts: cpu0=12228 cpu1=14391 cpu2=14313 cpu3=14327
SCHED secondaries: calls=43052 unexpected=0
SECTEST switches=43030 cpu1=150990865,149301552 cpu2=119417894,118815202 cpu3=171196834,165896402
PINGPONG rounds=2000 pongs=2000
DMA IRQ c0=0
DMA IRQ c1=1
DMA IRQ c2=0
DMA IRQ c3=0
SELECT busy=6142
SELECT w0=6124
SELECT w1=3453
SELECT w2=3612
BUSY TASK ewma=997
DMA IRQ c0=0
DMA IRQ c1=1
DMA IRQ c2=0
DMA IRQ c3=0
SELECT busy=6165
SELECT w0=6147
SELECT w1=3461
SELECT w2=3621
BUSY TASK ewma=997
DMA IRQ c0=0
DMA IRQ c1=1
DMA IRQ c2=0
DMA IRQ c3=0
SELECT busy=6178
SELECT w0=6160
SELECT w1=3465
SELECT w2=3630
BUSY TASK ewma=997
DMA IRQ c0=0
DMA IRQ c1=1
DMA IRQ c2=0
DMA IRQ c3=0
SELECT busy=6196
SELECT w0=6178
SELECT w1=3475
SELECT w2=3641
BUSY TASK ewma=997
DMA IRQ c0=0
DMA IRQ c1=1
DMA IRQ c2=0
DMA IRQ c3=0
SELECT busy=6213
SELECT w0=6195
SELECT w1=3483
SELECT w2=3650
BUSY TASK ewma=997
DMA IRQ c0=0
DMA IRQ c1=1
DMA IRQ c2=0
DMA IRQ c3=0
SELECT busy=6232
SELECT w0=6213
SELECT w1=3491
SELECT w2=3662
BUSY TASK ewma=997
DMA IRQ c0=0
DMA IRQ c1=1
DMA IRQ c2=0
DMA IRQ c3=0
SELECT busy=6249
SELECT w0=6230
SELECT w1=3498
SELECT w2=3671
BUSY TASK ewma=997
DMA IRQ c0=0
DMA IRQ c1=1
DMA IRQ c2=0
DMA IRQ c3=0
SELECT busy=6268
SELECT w0=6250
SELECT w1=3505
SELECT w2=3680
BUSY TASK ewma=997
DMA IRQ c0=0
DMA IRQ c1=1
DMA IRQ c2=0
DMA IRQ c3=0
SELECT busy=6287
SELECT w0=6269
SELECT w1=3514
SELECT w2=3692
BUSY TASK ewma=997
DMA IRQ c0=0
DMA IRQ c1=1
DMA IRQ c2=0
DMA IRQ c3=0
SELECT busy=6307
SELECT w0=6289
SELECT w1=3525
SELECT w2=3707
BUSY TASK ewma=997
DMA IRQ c0=0
DMA IRQ c1=1
DMA IRQ c2=0
DMA IRQ c3=0
SELECT busy=6327
SELECT w0=6309
SELECT w1=3537
SELECT w2=3721
BUSY TASK ewma=997
DMA IRQ c0=0
DMA IRQ c1=1
DMA IRQ c2=0
DMA IRQ c3=0
SELECT busy=6344
SELECT w0=6326
SELECT w1=3545
SELECT w2=3734
BUSY TASK ewma=997
DMA IRQ c0=0
DMA IRQ c1=1
DMA IRQ c2=0
DMA IRQ c3=0
SELECT busy=6367
SELECT w0=6348
SELECT w1=3553
SELECT w2=3745
BUSY TASK ewma=997
DMA IRQ c0=0
DMA IRQ c1=1
DMA IRQ c2=0
DMA IRQ c3=0
SELECT busy=6389
SELECT w0=6371
SELECT w1=3562
SELECT w2=3758
BUSY TASK ewma=997
DMA IRQ c0=0
DMA IRQ c1=1
DMA IRQ c2=0
DMA IRQ c3=0
SELECT busy=6409
SELECT w0=6390
SELECT w1=3572
SELECT w2=3772
BUSY TASK ewma=997
DMA IRQ c0=0
DMA IRQ c1=1
DMA IRQ c2=0
DMA IRQ c3=0
SELECT busy=6428
SELECT w0=6409
SELECT w1=3580
SELECT w2=3781
BUSY TASK ewma=997
DMA IRQ c0=0
DMA IRQ c1=1
DMA IRQ c2=0
DMA IRQ c3=0
SELECT busy=6447
SELECT w0=6428
SELECT w1=3591
SELECT w2=3796
BUSY TASK ewma=997
DMA IRQ c0=0
DMA IRQ c1=1
DMA IRQ c2=0
DMA IRQ c3=0
SELECT busy=6467
SELECT w0=6448
SELECT w1=3598
SELECT w2=3804
BUSY TASK ewma=997
DMA IRQ c0=0
DMA IRQ c1=1
DMA IRQ c2=0
DMA IRQ c3=0
SELECT busy=6485
SELECT w0=6468
SELECT w1=3606
SELECT w2=3813
BUSY TASK ewma=997
DMA IRQ c0=0
DMA IRQ c1=1
DMA IRQ c2=0
DMA IRQ c3=0
SELECT busy=6506
SELECT w0=6488
SELECT w1=3616
SELECT w2=3825
BUSY TASK ewma=997
DMA IRQ c0=0
DMA IRQ c1=1
DMA IRQ c2=0
DMA IRQ c3=0
SELECT busy=6530
SELECT w0=6511
SELECT w1=3627
SELECT w2=3838
BUSY TASK ewma=997
DMA IRQ c0=0
DMA IRQ c1=1
DMA IRQ c2=0
DMA IRQ c3=0
SELECT busy=6552
SELECT w0=6534
SELECT w1=3637
SELECT w2=3851
BUSY TASK ewma=997
DMA IRQ c0=0
DMA IRQ c1=1
DMA IRQ c2=0
DMA IRQ c3=0
SELECT busy=6590
SELECT w0=6572
SELECT w1=3654
SELECT w2=3874
BUSY TASK ewma=997
DMA IRQ c0=0
DMA IRQ c1=1
DMA IRQ c2=0
DMA IRQ c3=0
SELECT busy=6620
SELECT w0=6601
SELECT w1=3665
SELECT w2=3890
BUSY TASK ewma=997
DMA IRQ c0=0
DMA IRQ c1=1
DMA IRQ c2=0
DMA IRQ c3=0
SELECT busy=6656
SELECT w0=6637
SELECT w1=3679
SELECT w2=3907
BUSY TASK ewma=997
DMA IRQ c0=0
DMA IRQ c1=1
DMA IRQ c2=0
DMA IRQ c3=0
SELECT busy=6690
SELECT w0=6672
SELECT w1=3695
SELECT w2=3927
BUSY TASK ewma=997
DMA IRQ c0=0
DMA IRQ c1=1
DMA IRQ c2=0
DMA IRQ c3=0
SELECT busy=6725
SELECT w0=6706
SELECT w1=3709
SELECT w2=3945
BUSY TASK ewma=997
DMA IRQ c0=0
DMA IRQ c1=1
DMA IRQ c2=0
DMA IRQ c3=0
SELECT busy=6759
SELECT w0=6741
SELECT w1=3725
SELECT w2=3967
BUSY TASK ewma=997
DMA IRQ c0=0
DMA IRQ c1=1
DMA IRQ c2=0
DMA IRQ c3=0
SELECT busy=6787
SELECT w0=6768
SELECT w1=3737
SELECT w2=3979
BUSY TASK ewma=997
DMA IRQ c0=0
DMA IRQ c1=1
DMA IRQ c2=0
DMA IRQ c3=0
SELECT busy=6823
SELECT w0=6804
SELECT w1=3752
SELECT w2=3996
BUSY TASK ewma=997
DMA IRQ c0=0
DMA IRQ c1=1
DMA IRQ c2=0
DMA IRQ c3=0
SELECT busy=6860
SELECT w0=6842
SELECT w1=3768
SELECT w2=4018
BUSY TASK ewma=997
DMA IRQ c0=0
DMA IRQ c1=1
DMA IRQ c2=0
DMA IRQ c3=0
SELECT busy=6899
SELECT w0=6882
SELECT w1=3788
SELECT w2=4043
BUSY TASK ewma=997
DMA IRQ c0=0
DMA IRQ c1=1
DMA IRQ c2=0
DMA IRQ c3=0
SELECT busy=6956
SELECT w0=6938
SELECT w1=3817
SELECT w2=4080
BUSY TASK ewma=997
DMA IRQ c0=0
DMA IRQ c1=1
DMA IRQ c2=0
DMA IRQ c3=0
SELECT busy=6998
SELECT w0=6980
SELECT w1=3836
SELECT w2=4103
BUSY TASK ewma=997
DMA IRQ c0=0
DMA IRQ c1=1
DMA IRQ c2=0
DMA IRQ c3=0
SELECT busy=7038
SELECT w0=7020
SELECT w1=3853
SELECT w2=4125
BUSY TASK ewma=997
DMA IRQ c0=0
DMA IRQ c1=1
DMA IRQ c2=0
DMA IRQ c3=0
SELECT busy=7077
SELECT w0=7059
SELECT w1=3868
SELECT w2=4144
BUSY TASK ewma=997
DMA IRQ c0=0
DMA IRQ c1=1
DMA IRQ c2=0
DMA IRQ c3=0
SELECT busy=7094
SELECT w0=7076
SELECT w1=3874
SELECT w2=4151
BUSY TASK ewma=997
DMA IRQ c0=0
DMA IRQ c1=1
DMA IRQ c2=0
DMA IRQ c3=0
SELECT busy=7121
SELECT w0=7102
SELECT w1=3882
SELECT w2=4162
BUSY TASK ewma=997
DMA IRQ c0=0
DMA IRQ c1=1
DMA IRQ c2=0
DMA IRQ c3=0
SELECT busy=7152
SELECT w0=7134
SELECT w1=3898
SELECT w2=4180
BUSY TASK ewma=997
DMA IRQ c0=0
DMA IRQ c1=1
DMA IRQ c2=0
DMA IRQ c3=0
SELECT busy=7190
SELECT w0=7171
SELECT w1=3915
SELECT w2=4202
BUSY TASK ewma=997
DMA IRQ c0=0
DMA IRQ c1=1
DMA IRQ c2=0
DMA IRQ c3=0
SELECT busy=7230
SELECT w0=7213
SELECT w1=3935
SELECT w2=4229
BUSY TASK ewma=997
DMA IRQ c0=0
DMA IRQ c1=1
DMA IRQ c2=0
DMA IRQ c3=0
SELECT busy=7255
SELECT w0=7236
SELECT w1=3945
SELECT w2=4240
BUSY TASK ewma=997
DMA IRQ c0=0
DMA IRQ c1=1
DMA IRQ c2=0
DMA IRQ c3=0
SELECT busy=7273
SELECT w0=7255
SELECT w1=3953
SELECT w2=4251
BUSY TASK ewma=997
DMA IRQ c0=0
DMA IRQ c1=1
DMA IRQ c2=0
DMA IRQ c3=0
SELECT busy=7291
SELECT w0=7273
SELECT w1=3963
SELECT w2=4264
BUSY TASK ewma=997
DMA IRQ c0=0
DMA IRQ c1=1
DMA IRQ c2=0
DMA IRQ c3=0
SELECT busy=7314
SELECT w0=7296
SELECT w1=3975
SELECT w2=4280
BUSY TASK ewma=997
DMA IRQ c0=0
DMA IRQ c1=1
DMA IRQ c2=0
DMA IRQ c3=0
SELECT busy=7331
SELECT w0=7313
SELECT w1=3983
SELECT w2=4291
BUSY TASK ewma=997
DMA IRQ c0=0
DMA IRQ c1=1
DMA IRQ c2=0
DMA IRQ c3=0
SELECT busy=7350
SELECT w0=7332
SELECT w1=3992
SELECT w2=4302
BUSY TASK ewma=997
DMA IRQ c0=0
DMA IRQ c1=1
DMA IRQ c2=0
DMA IRQ c3=0
SELECT busy=7365
SELECT w0=7347
SELECT w1=4000
SELECT w2=4311
BUSY TASK ewma=997
DMA IRQ c0=0
DMA IRQ c1=1
DMA IRQ c2=0
DMA IRQ c3=0
SELECT busy=7385
SELECT w0=7367
SELECT w1=4011
SELECT w2=4323
BUSY TASK ewma=997
DMA IRQ c0=0
DMA IRQ c1=1
DMA IRQ c2=0
DMA IRQ c3=0
SELECT busy=7401
SELECT w0=7382
SELECT w1=4020
SELECT w2=4330
BUSY TASK ewma=997
DMA IRQ c0=0
DMA IRQ c1=1
DMA IRQ c2=0
DMA IRQ c3=0
SELECT busy=7418
SELECT w0=7399
SELECT w1=4030
SELECT w2=4342
BUSY TASK ewma=997
DMA IRQ c0=0
DMA IRQ c1=1
DMA IRQ c2=0
DMA IRQ c3=0
SELECT busy=7440
SELECT w0=7421
SELECT w1=4040
SELECT w2=4354
BUSY TASK ewma=997
DMA IRQ c0=0
DMA IRQ c1=1
DMA IRQ c2=0
DMA IRQ c3=0
SELECT busy=7460
SELECT w0=7441
SELECT w1=4049
SELECT w2=4364
BUSY TASK ewma=997
DMA IRQ c0=0
DMA IRQ c1=1
DMA IRQ c2=0
DMA IRQ c3=0
SELECT busy=7481
SELECT w0=7463
SELECT w1=4058
SELECT w2=4377
BUSY TASK ewma=997
DMA IRQ c0=0
DMA IRQ c1=1
DMA IRQ c2=0
DMA IRQ c3=0
SELECT busy=7502
SELECT w0=7486
SELECT w1=4074
SELECT w2=4393
BUSY TASK ewma=997
DMA IRQ c0=0
DMA IRQ c1=1
DMA IRQ c2=0
DMA IRQ c3=0
SELECT busy=7522
SELECT w0=7504
SELECT w1=4082
SELECT w2=4406
BUSY TASK ewma=997
DMA IRQ c0=0
DMA IRQ c1=1
DMA IRQ c2=0
DMA IRQ c3=0
SELECT busy=7536
SELECT w0=7517
SELECT w1=4089
SELECT w2=4413
BUSY TASK ewma=997
DMA IRQ c0=0
DMA IRQ c1=1
DMA IRQ c2=0
DMA IRQ c3=0
SELECT busy=7555
SELECT w0=7537
SELECT w1=4098
SELECT w2=4423
BUSY TASK ewma=997
DMA IRQ c0=0
DMA IRQ c1=1
DMA IRQ c2=0
DMA IRQ c3=0
SELECT busy=7573
SELECT w0=7554
SELECT w1=4107
SELECT w2=4435
BUSY TASK ewma=997
DMA IRQ c0=0
DMA IRQ c1=1
DMA IRQ c2=0
DMA IRQ c3=0
SELECT busy=7589
SELECT w0=7570
SELECT w1=4114
SELECT w2=4444
BUSY TASK ewma=997
DMA IRQ c0=0
DMA IRQ c1=1
DMA IRQ c2=0
DMA IRQ c3=0
SELECT busy=7608
SELECT w0=7590
SELECT w1=4122
SELECT w2=4453
BUSY TASK ewma=997
DMA IRQ c0=0
DMA IRQ c1=1
DMA IRQ c2=0
DMA IRQ c3=0
SELECT busy=7636
SELECT w0=7617
SELECT w1=4133
SELECT w2=4469
BUSY TASK ewma=997
DMA IRQ c0=0
DMA IRQ c1=1
DMA IRQ c2=0
DMA IRQ c3=0
SELECT busy=7667
SELECT w0=7648
SELECT w1=4148
SELECT w2=4483
BUSY TASK ewma=997
DMA IRQ c0=0
DMA IRQ c1=1
DMA IRQ c2=0
DMA IRQ c3=0
SELECT busy=7685
SELECT w0=7668
SELECT w1=4158
SELECT w2=4498
BUSY TASK ewma=997
IRQ counts: cpu0=15406 cpu1=18043 cpu2=17977 cpu3=18011
SCHED secondaries: calls=54031 unexpected=0
SECTEST switches=54010 cpu1=181194018,180749592 cpu2=148347645,147446172 cpu3=212568503,206069244
PINGPONG rounds=2000 pongs=2000
DMA IRQ c0=0
DMA IRQ c1=1
DMA IRQ c2=0
DMA IRQ c3=0
SELECT busy=7725
SELECT w0=7707
SELECT w1=4177
SELECT w2=4526
BUSY TASK ewma=997
DMA IRQ c0=0
DMA IRQ c1=1
DMA IRQ c2=0
DMA IRQ c3=0
SELECT busy=7751
SELECT w0=7733
SELECT w1=4188
SELECT w2=4539
BUSY TASK ewma=997
DMA IRQ c0=0
DMA IRQ c1=1
DMA IRQ c2=0
DMA IRQ c3=0
SELECT busy=7793
SELECT w0=7775
SELECT w1=4204
SELECT w2=4561
BUSY TASK ewma=997
DMA IRQ c0=0
DMA IRQ c1=1
DMA IRQ c2=0
DMA IRQ c3=0
SELECT busy=7826
SELECT w0=7808
SELECT w1=4218
SELECT w2=4576
BUSY TASK ewma=997
DMA IRQ c0=0
DMA IRQ c1=1
DMA IRQ c2=0
DMA IRQ c3=0
SELECT busy=7845
SELECT w0=7826
SELECT w1=4225
SELECT w2=4585
BUSY TASK ewma=997
DMA IRQ c0=0
DMA IRQ c1=1
DMA IRQ c2=0
DMA IRQ c3=0
SELECT busy=7868
SELECT w0=7849
SELECT w1=4233
SELECT w2=4596
BUSY TASK ewma=997
DMA IRQ c0=0
DMA IRQ c1=1
DMA IRQ c2=0
DMA IRQ c3=0
SELECT busy=7898
SELECT w0=7879
SELECT w1=4245
SELECT w2=4608
BUSY TASK ewma=997
DMA IRQ c0=0
DMA IRQ c1=1
DMA IRQ c2=0
DMA IRQ c3=0
SELECT busy=7920
SELECT w0=7902
SELECT w1=4255
SELECT w2=4623
BUSY TASK ewma=997
DMA IRQ c0=0
DMA IRQ c1=1
DMA IRQ c2=0
DMA IRQ c3=0
SELECT busy=7947
SELECT w0=7929
SELECT w1=4272
SELECT w2=4640
BUSY TASK ewma=997
DMA IRQ c0=0
DMA IRQ c1=1
DMA IRQ c2=0
DMA IRQ c3=0
SELECT busy=7971
SELECT w0=7952
SELECT w1=4283
SELECT w2=4651
BUSY TASK ewma=997
DMA IRQ c0=0
DMA IRQ c1=1
DMA IRQ c2=0
DMA IRQ c3=0
SELECT busy=8005
SELECT w0=7987
SELECT w1=4296
SELECT w2=4668
BUSY TASK ewma=997
DMA IRQ c0=0
DMA IRQ c1=1
DMA IRQ c2=0
DMA IRQ c3=0
SELECT busy=8056
SELECT w0=8037
SELECT w1=4322
SELECT w2=4700
BUSY TASK ewma=997
DMA IRQ c0=0
DMA IRQ c1=1
DMA IRQ c2=0
DMA IRQ c3=0
SELECT busy=8076
SELECT w0=8057
SELECT w1=4332
SELECT w2=4711
BUSY TASK ewma=997
DMA IRQ c0=0
DMA IRQ c1=1
DMA IRQ c2=0
DMA IRQ c3=0
SELECT busy=8099
SELECT w0=8081
SELECT w1=4343
SELECT w2=4727
BUSY TASK ewma=997
DMA IRQ c0=0
DMA IRQ c1=1
DMA IRQ c2=0
DMA IRQ c3=0
SELECT busy=8126
SELECT w0=8107
SELECT w1=4354
SELECT w2=4739
BUSY TASK ewma=997
DMA IRQ c0=0
DMA IRQ c1=1
DMA IRQ c2=0
DMA IRQ c3=0
SELECT busy=8148
SELECT w0=8130
SELECT w1=4363
SELECT w2=4752
BUSY TASK ewma=997
DMA IRQ c0=0
DMA IRQ c1=1
DMA IRQ c2=0
DMA IRQ c3=0
SELECT busy=8166
SELECT w0=8148
SELECT w1=4375
SELECT w2=4764
BUSY TASK ewma=997
DMA IRQ c0=0
DMA IRQ c1=1
DMA IRQ c2=0
DMA IRQ c3=0
SELECT busy=8193
SELECT w0=8175
SELECT w1=4389
SELECT w2=4781
BUSY TASK ewma=997
DMA IRQ c0=0
DMA IRQ c1=1
DMA IRQ c2=0
DMA IRQ c3=0
SELECT busy=8208
SELECT w0=8190
SELECT w1=4396
SELECT w2=4791
BUSY TASK ewma=997
DMA IRQ c0=0
DMA IRQ c1=1
DMA IRQ c2=0
DMA IRQ c3=0
SELECT busy=8226
SELECT w0=8207
SELECT w1=4403
SELECT w2=4802
BUSY TASK ewma=997
DMA IRQ c0=0
DMA IRQ c1=1
DMA IRQ c2=0
DMA IRQ c3=0
SELECT busy=8240
SELECT w0=8221
SELECT w1=4411
SELECT w2=4809
BUSY TASK ewma=997
DMA IRQ c0=0
DMA IRQ c1=1
DMA IRQ c2=0
DMA IRQ c3=0
SELECT busy=8258
SELECT w0=8240
SELECT w1=4420
SELECT w2=4823
BUSY TASK ewma=997
DMA IRQ c0=0
DMA IRQ c1=1
DMA IRQ c2=0
DMA IRQ c3=0
SELECT busy=8279
SELECT w0=8261
SELECT w1=4433
SELECT w2=4837
BUSY TASK ewma=997
DMA IRQ c0=0
DMA IRQ c1=1
DMA IRQ c2=0
DMA IRQ c3=0
SELECT busy=8298
SELECT w0=8280
SELECT w1=4443
SELECT w2=4848
BUSY TASK ewma=997
DMA IRQ c0=0
DMA IRQ c1=1
DMA IRQ c2=0
DMA IRQ c3=0
SELECT busy=8315
SELECT w0=8297
SELECT w1=4452
SELECT w2=4860
BUSY TASK ewma=997
DMA IRQ c0=0
DMA IRQ c1=1
DMA IRQ c2=0
DMA IRQ c3=0
SELECT busy=8335
SELECT w0=8317
SELECT w1=4463
SELECT w2=4871
BUSY TASK ewma=997
DMA IRQ c0=0
DMA IRQ c1=1
DMA IRQ c2=0
DMA IRQ c3=0
SELECT busy=8353
SELECT w0=8334
SELECT w1=4472
SELECT w2=4885
BUSY TASK ewma=997
DMA IRQ c0=0
DMA IRQ c1=1
DMA IRQ c2=0
DMA IRQ c3=0
SELECT busy=8374
SELECT w0=8357
SELECT w1=4484
SELECT w2=4899
BUSY TASK ewma=997
DMA IRQ c0=0
DMA IRQ c1=1
DMA IRQ c2=0
DMA IRQ c3=0
SELECT busy=8394
SELECT w0=8376
SELECT w1=4492
SELECT w2=4907
BUSY TASK ewma=997
DMA IRQ c0=0
DMA IRQ c1=1
DMA IRQ c2=0
DMA IRQ c3=0
SELECT busy=8416
SELECT w0=8397
SELECT w1=4499
SELECT w2=4915
BUSY TASK ewma=997
DMA IRQ c0=0
DMA IRQ c1=1
DMA IRQ c2=0
DMA IRQ c3=0
SELECT busy=8434
SELECT w0=8416
SELECT w1=4506
SELECT w2=4925
BUSY TASK ewma=997
DMA IRQ c0=0
DMA IRQ c1=1
DMA IRQ c2=0
DMA IRQ c3=0
SELECT busy=8457
SELECT w0=8439
SELECT w1=4515
SELECT w2=4935
BUSY TASK ewma=997
DMA IRQ c0=0
DMA IRQ c1=1
DMA IRQ c2=0
DMA IRQ c3=0
SELECT busy=8487
SELECT w0=8469
SELECT w1=4531
SELECT w2=4953
BUSY TASK ewma=997
DMA IRQ c0=0
DMA IRQ c1=1
DMA IRQ c2=0
DMA IRQ c3=0
SELECT busy=8506
SELECT w0=8488
SELECT w1=4538
SELECT w2=4962
BUSY TASK ewma=997
DMA IRQ c0=0
DMA IRQ c1=1
DMA IRQ c2=0
DMA IRQ c3=0
SELECT busy=8523
SELECT w0=8505
SELECT w1=4545
SELECT w2=4971
BUSY TASK ewma=997
DMA IRQ c0=0
DMA IRQ c1=1
DMA IRQ c2=0
DMA IRQ c3=0
SELECT busy=8543
SELECT w0=8524
SELECT w1=4551
SELECT w2=4978
BUSY TASK ewma=997
DMA IRQ c0=0
DMA IRQ c1=1
DMA IRQ c2=0
DMA IRQ c3=0
SELECT busy=8568
SELECT w0=8549
SELECT w1=4562
SELECT w2=4992
BUSY TASK ewma=997
DMA IRQ c0=0
DMA IRQ c1=1
DMA IRQ c2=0
DMA IRQ c3=0
SELECT busy=8593
SELECT w0=8574
SELECT w1=4571
SELECT w2=5004
BUSY TASK ewma=997
DMA IRQ c0=0
DMA IRQ c1=1
DMA IRQ c2=0
DMA IRQ c3=0
SELECT busy=8632
SELECT w0=8613
SELECT w1=4590
SELECT w2=5026
BUSY TASK ewma=997
DMA IRQ c0=0
DMA IRQ c1=1
DMA IRQ c2=0
DMA IRQ c3=0
SELECT busy=8659
SELECT w0=8641
SELECT w1=4599
SELECT w2=5041
BUSY TASK ewma=997
DMA IRQ c0=0
DMA IRQ c1=1
DMA IRQ c2=0
DMA IRQ c3=0
SELECT busy=8678
SELECT w0=8659
SELECT w1=4606
SELECT w2=5051
BUSY TASK ewma=997
DMA IRQ c0=0
DMA IRQ c1=1
DMA IRQ c2=0
DMA IRQ c3=0
SELECT busy=8705
SELECT w0=8686
SELECT w1=4618
SELECT w2=5067
BUSY TASK ewma=997
DMA IRQ c0=0
DMA IRQ c1=1
DMA IRQ c2=0
DMA IRQ c3=0
SELECT busy=8731
SELECT w0=8713
SELECT w1=4629
SELECT w2=5081
BUSY TASK ewma=997
DMA IRQ c0=0
DMA IRQ c1=1
DMA IRQ c2=0
DMA IRQ c3=0
SELECT busy=8762
SELECT w0=8744
SELECT w1=4645
SELECT w2=5103
BUSY TASK ewma=997
DMA IRQ c0=0
DMA IRQ c1=1
DMA IRQ c2=0
DMA IRQ c3=0
SELECT busy=8789
SELECT w0=8770
SELECT w1=4654
SELECT w2=5111
BUSY TASK ewma=997
DMA IRQ c0=0
DMA IRQ c1=1
DMA IRQ c2=0
DMA IRQ c3=0
SELECT busy=8807
SELECT w0=8788
SELECT w1=4662
SELECT w2=5122
BUSY TASK ewma=997
DMA IRQ c0=0
DMA IRQ c1=1
DMA IRQ c2=0
DMA IRQ c3=0
SELECT busy=8830
SELECT w0=8811
SELECT w1=4673
SELECT w2=5137
BUSY TASK ewma=997
DMA IRQ c0=0
DMA IRQ c1=1
DMA IRQ c2=0
DMA IRQ c3=0
SELECT busy=8846
SELECT w0=8828
SELECT w1=4680
SELECT w2=5150
BUSY TASK ewma=997
DMA IRQ c0=0
DMA IRQ c1=1
DMA IRQ c2=0
DMA IRQ c3=0
SELECT busy=8863
SELECT w0=8844
SELECT w1=4687
SELECT w2=5160
BUSY TASK ewma=997
DMA IRQ c0=0
DMA IRQ c1=1
DMA IRQ c2=0
DMA IRQ c3=0
SELECT busy=8881
SELECT w0=8864
SELECT w1=4696
SELECT w2=5174
BUSY TASK ewma=997
DMA IRQ c0=0
DMA IRQ c1=1
DMA IRQ c2=0
DMA IRQ c3=0
SELECT busy=8903
SELECT w0=8885
SELECT w1=4706
SELECT w2=5187
BUSY TASK ewma=997
DMA IRQ c0=0
DMA IRQ c1=1
DMA IRQ c2=0
DMA IRQ c3=0
SELECT busy=8927
SELECT w0=8908
SELECT w1=4715
SELECT w2=5199
BUSY TASK ewma=997
DMA IRQ c0=0
DMA IRQ c1=1
DMA IRQ c2=0
DMA IRQ c3=0
SELECT busy=8943
SELECT w0=8925
SELECT w1=4724
SELECT w2=5212
BUSY TASK ewma=997
DMA IRQ c0=0
DMA IRQ c1=1
DMA IRQ c2=0
DMA IRQ c3=0
SELECT busy=8965
SELECT w0=8946
SELECT w1=4732
SELECT w2=5221
BUSY TASK ewma=997
DMA IRQ c0=0
DMA IRQ c1=1
DMA IRQ c2=0
DMA IRQ c3=0
SELECT busy=8987
SELECT w0=8968
SELECT w1=4742
SELECT w2=5230
BUSY TASK ewma=997
DMA IRQ c0=0
DMA IRQ c1=1
DMA IRQ c2=0
DMA IRQ c3=0
SELECT busy=9021
SELECT w0=9003
SELECT w1=4758
SELECT w2=5250
BUSY TASK ewma=997
DMA IRQ c0=0
DMA IRQ c1=1
DMA IRQ c2=0
DMA IRQ c3=0
SELECT busy=9060
SELECT w0=9041
SELECT w1=4772
SELECT w2=5269
BUSY TASK ewma=997
DMA IRQ c0=0
DMA IRQ c1=1
DMA IRQ c2=0
DMA IRQ c3=0
SELECT busy=9096
SELECT w0=9078
SELECT w1=4791
SELECT w2=5290
BUSY TASK ewma=997
DMA IRQ c0=0
DMA IRQ c1=1
DMA IRQ c2=0
DMA IRQ c3=0
SELECT busy=9137
SELECT w0=9118
SELECT w1=4808
SELECT w2=5308
BUSY TASK ewma=997
DMA IRQ c0=0
DMA IRQ c1=1
DMA IRQ c2=0
DMA IRQ c3=0
SELECT busy=9173
SELECT w0=9154
SELECT w1=4824
SELECT w2=5328
BUSY TASK ewma=997
DMA IRQ c0=0
DMA IRQ c1=1
DMA IRQ c2=0
DMA IRQ c3=0
SELECT busy=9209
SELECT w0=9190
SELECT w1=4840
SELECT w2=5348
BUSY TASK ewma=997
DMA IRQ c0=0
DMA IRQ c1=1
DMA IRQ c2=0
DMA IRQ c3=0
SELECT busy=9253
SELECT w0=9234
SELECT w1=4856
SELECT w2=5367
BUSY TASK ewma=997
DMA IRQ c0=0
DMA IRQ c1=1
DMA IRQ c2=0
DMA IRQ c3=0
SELECT busy=9278
SELECT w0=9260
SELECT w1=4868
SELECT w2=5380
BUSY TASK ewma=997
DMA IRQ c0=0
DMA IRQ c1=1
DMA IRQ c2=0
DMA IRQ c3=0
SELECT busy=9300
SELECT w0=9281
SELECT w1=4877
SELECT w2=5389
BUSY TASK ewma=997
IRQ counts: cpu0=18624 cpu1=21624 cpu2=21518 cpu3=21486
SCHED secondaries: calls=64631 unexpected=0
SECTEST switches=64594 cpu1=211736782,211985882 cpu2=176889121,175876401 cpu3=251837536,243579591
PINGPONG rounds=2000 pongs=2000
DMA IRQ c0=0
DMA IRQ c1=1
DMA IRQ c2=0
DMA IRQ c3=0
SELECT busy=9338
SELECT w0=9320
SELECT w1=4894
SELECT w2=5410
BUSY TASK ewma=997
DMA IRQ c0=0
DMA IRQ c1=1
DMA IRQ c2=0
DMA IRQ c3=0
SELECT busy=9383
SELECT w0=9365
SELECT w1=4915
SELECT w2=5438
BUSY TASK ewma=997
DMA IRQ c0=0
DMA IRQ c1=1
DMA IRQ c2=0
DMA IRQ c3=0
SELECT busy=9433
SELECT w0=9415
SELECT w1=4936
SELECT w2=5464
BUSY TASK ewma=997
DMA IRQ c0=0
DMA IRQ c1=1
DMA IRQ c2=0
DMA IRQ c3=0
SELECT busy=9456
SELECT w0=9437
SELECT w1=4942
SELECT w2=5475
BUSY TASK ewma=997
DMA IRQ c0=0
DMA IRQ c1=1
DMA IRQ c2=0
DMA IRQ c3=0
SELECT busy=9486
SELECT w0=9467
SELECT w1=4957
SELECT w2=5494
BUSY TASK ewma=997
DMA IRQ c0=0
DMA IRQ c1=1
DMA IRQ c2=0
DMA IRQ c3=0
SELECT busy=9509
SELECT w0=9491
SELECT w1=4968
SELECT w2=5509
BUSY TASK ewma=997
DMA IRQ c0=0
DMA IRQ c1=1
DMA IRQ c2=0
DMA IRQ c3=0
SELECT busy=9552
SELECT w0=9534
SELECT w1=4990
SELECT w2=5542
BUSY TASK ewma=997
DMA IRQ c0=0
DMA IRQ c1=1
DMA IRQ c2=0
DMA IRQ c3=0
SELECT busy=9579
SELECT w0=9560
SELECT w1=5000
SELECT w2=5554
BUSY TASK ewma=997
DMA IRQ c0=0
DMA IRQ c1=1
DMA IRQ c2=0
DMA IRQ c3=0
SELECT busy=9599
SELECT w0=9581
SELECT w1=5010
SELECT w2=5566
BUSY TASK ewma=997
DMA IRQ c0=0
DMA IRQ c1=1
DMA IRQ c2=0
DMA IRQ c3=0
SELECT busy=9624
SELECT w0=9605
SELECT w1=5019
SELECT w2=5578
BUSY TASK ewma=997
DMA IRQ c0=0
DMA IRQ c1=1
DMA IRQ c2=0
DMA IRQ c3=0
SELECT busy=9643
SELECT w0=9624
SELECT w1=5027
SELECT w2=5590
BUSY TASK ewma=997
DMA IRQ c0=0
DMA IRQ c1=1
DMA IRQ c2=0
DMA IRQ c3=0
SELECT busy=9662
SELECT w0=9644
SELECT w1=5033
SELECT w2=5597
BUSY TASK ewma=997
DMA IRQ c0=0
DMA IRQ c1=1
DMA IRQ c2=0
DMA IRQ c3=0
SELECT busy=9683
SELECT w0=9668
SELECT w1=5045
SELECT w2=5615
BUSY TASK ewma=997
DMA IRQ c0=0
DMA IRQ c1=1
DMA IRQ c2=0
DMA IRQ c3=0
SELECT busy=9705
SELECT w0=9687
SELECT w1=5055
SELECT w2=5627
BUSY TASK ewma=997
DMA IRQ c0=0
DMA IRQ c1=1
DMA IRQ c2=0
DMA IRQ c3=0
SELECT busy=9725
SELECT w0=9706
SELECT w1=5061
SELECT w2=5634
BUSY TASK ewma=997
DMA IRQ c0=0
DMA IRQ c1=1
DMA IRQ c2=0
DMA IRQ c3=0
SELECT busy=9741
SELECT w0=9723
SELECT w1=5069
SELECT w2=5644
BUSY TASK ewma=997
DMA IRQ c0=0
DMA IRQ c1=1
DMA IRQ c2=0
DMA IRQ c3=0
SELECT busy=9759
SELECT w0=9741
SELECT w1=5077
SELECT w2=5655
BUSY TASK ewma=997
DMA IRQ c0=0
DMA IRQ c1=1
DMA IRQ c2=0
DMA IRQ c3=0
SELECT busy=9781
SELECT w0=9762
SELECT w1=5087
SELECT w2=5668
BUSY TASK ewma=997
DMA IRQ c0=0
DMA IRQ c1=1
DMA IRQ c2=0
DMA IRQ c3=0
SELECT busy=9802
SELECT w0=9783
SELECT w1=5096
SELECT w2=5678
BUSY TASK ewma=997
DMA IRQ c0=0
DMA IRQ c1=1
DMA IRQ c2=0
DMA IRQ c3=0
SELECT busy=9821
SELECT w0=9804
SELECT w1=5104
SELECT w2=5686
BUSY TASK ewma=997
DMA IRQ c0=0
DMA IRQ c1=1
DMA IRQ c2=0
DMA IRQ c3=0
SELECT busy=9845
SELECT w0=9827
SELECT w1=5112
SELECT w2=5696
BUSY TASK ewma=997
DMA IRQ c0=0
DMA IRQ c1=1
DMA IRQ c2=0
DMA IRQ c3=0
SELECT busy=9888
SELECT w0=9869
SELECT w1=5131
SELECT w2=5718
BUSY TASK ewma=997
DMA IRQ c0=0
DMA IRQ c1=1
DMA IRQ c2=0
DMA IRQ c3=0
SELECT busy=9927
SELECT w0=9910
SELECT w1=5149
SELECT w2=5739
BUSY TASK ewma=997
DMA IRQ c0=0
DMA IRQ c1=1
DMA IRQ c2=0
DMA IRQ c3=0
SELECT busy=9970
SELECT w0=9953
SELECT w1=5171
SELECT w2=5766
BUSY TASK ewma=997
DMA IRQ c0=0
DMA IRQ c1=1
DMA IRQ c2=0
DMA IRQ c3=0
SELECT busy=10009
SELECT w0=9990
SELECT w1=5188
SELECT w2=5783
BUSY TASK ewma=997
DMA IRQ c0=0
DMA IRQ c1=1
DMA IRQ c2=0
DMA IRQ c3=0
SELECT busy=10052
SELECT w0=10033
SELECT w1=5205
SELECT w2=5808
BUSY TASK ewma=997
DMA IRQ c0=0
DMA IRQ c1=1
DMA IRQ c2=0
DMA IRQ c3=0
SELECT busy=10094
SELECT w0=10075
SELECT w1=5221
SELECT w2=5827
BUSY TASK ewma=997
DMA IRQ c0=0
DMA IRQ c1=1
DMA IRQ c2=0
DMA IRQ c3=0
SELECT busy=10134
SELECT w0=10116
SELECT w1=5239
SELECT w2=5849
BUSY TASK ewma=997
DMA IRQ c0=0
DMA IRQ c1=1
DMA IRQ c2=0
DMA IRQ c3=0
SELECT busy=10170
SELECT w0=10152
SELECT w1=5252
SELECT w2=5864
BUSY TASK ewma=997
DMA IRQ c0=0
DMA IRQ c1=1
DMA IRQ c2=0
DMA IRQ c3=0
SELECT busy=10202
SELECT w0=10183
SELECT w1=5267
SELECT w2=5880
BUSY TASK ewma=997
DMA IRQ c0=0
DMA IRQ c1=1
DMA IRQ c2=0
DMA IRQ c3=0
SELECT busy=10242
SELECT w0=10224
SELECT w1=5282
SELECT w2=5897
BUSY TASK ewma=997
DMA IRQ c0=0
DMA IRQ c1=1
DMA IRQ c2=0
DMA IRQ c3=0
SELECT busy=10285
SELECT w0=10267
SELECT w1=5302
SELECT w2=5923
BUSY TASK ewma=997
DMA IRQ c0=0
DMA IRQ c1=1
DMA IRQ c2=0
DMA IRQ c3=0
SELECT busy=10321
SELECT w0=10303
SELECT w1=5318
SELECT w2=5949
BUSY TASK ewma=997
DMA IRQ c0=0
DMA IRQ c1=1
DMA IRQ c2=0
DMA IRQ c3=0
SELECT busy=10361
SELECT w0=10344
SELECT w1=5337
SELECT w2=5973
BUSY TASK ewma=997
DMA IRQ c0=0
DMA IRQ c1=1
DMA IRQ c2=0
DMA IRQ c3=0
SELECT busy=10398
SELECT w0=10380
SELECT w1=5353
SELECT w2=5993
BUSY TASK ewma=997
DMA IRQ c0=0
DMA IRQ c1=1
DMA IRQ c2=0
DMA IRQ c3=0
SELECT busy=10434
SELECT w0=10415
SELECT w1=5368
SELECT w2=6012
BUSY TASK ewma=997
DMA IRQ c0=0
DMA IRQ c1=1
DMA IRQ c2=0
DMA IRQ c3=0
SELECT busy=10468
SELECT w0=10450
SELECT w1=5382
SELECT w2=6029
BUSY TASK ewma=997
DMA IRQ c0=0
DMA IRQ c1=1
DMA IRQ c2=0
DMA IRQ c3=0
SELECT busy=10511
SELECT w0=10492
SELECT w1=5399
SELECT w2=6050
BUSY TASK ewma=997
DMA IRQ c0=0
DMA IRQ c1=1
DMA IRQ c2=0
DMA IRQ c3=0
SELECT busy=10553
SELECT w0=10535
SELECT w1=5420
SELECT w2=6074
BUSY TASK ewma=997
DMA IRQ c0=0
DMA IRQ c1=1
DMA IRQ c2=0
DMA IRQ c3=0
SELECT busy=10594
SELECT w0=10576
SELECT w1=5438
SELECT w2=6096
BUSY TASK ewma=997
DMA IRQ c0=0
DMA IRQ c1=1
DMA IRQ c2=0
DMA IRQ c3=0
SELECT busy=10627
SELECT w0=10610
SELECT w1=5451
SELECT w2=6111
BUSY TASK ewma=997
DMA IRQ c0=0
DMA IRQ c1=1
DMA IRQ c2=0
DMA IRQ c3=0
SELECT busy=10666
SELECT w0=10647
SELECT w1=5472
SELECT w2=6133
BUSY TASK ewma=997
DMA IRQ c0=0
DMA IRQ c1=1
DMA IRQ c2=0
DMA IRQ c3=0
SELECT busy=10687
SELECT w0=10669
SELECT w1=5483
SELECT w2=6145
BUSY TASK ewma=997
DMA IRQ c0=0
DMA IRQ c1=1
DMA IRQ c2=0
DMA IRQ c3=0
SELECT busy=10703
SELECT w0=10685
SELECT w1=5492
SELECT w2=6155
BUSY TASK ewma=997
DMA IRQ c0=0
DMA IRQ c1=1
DMA IRQ c2=0
DMA IRQ c3=0
SELECT busy=10724
SELECT w0=10706
SELECT w1=5502
SELECT w2=6168
BUSY TASK ewma=997
DMA IRQ c0=0
DMA IRQ c1=1
DMA IRQ c2=0
DMA IRQ c3=0
SELECT busy=10746
SELECT w0=10727
SELECT w1=5513
SELECT w2=6180
BUSY TASK ewma=997
DMA IRQ c0=0
DMA IRQ c1=1
DMA IRQ c2=0
DMA IRQ c3=0
SELECT busy=10773
SELECT w0=10754
SELECT w1=5523
SELECT w2=6193
BUSY TASK ewma=997
DMA IRQ c0=0
DMA IRQ c1=1
DMA IRQ c2=0
DMA IRQ c3=0
SELECT busy=10796
SELECT w0=10777
SELECT w1=5534
SELECT w2=6207
BUSY TASK ewma=997
DMA IRQ c0=0
DMA IRQ c1=1
DMA IRQ c2=0
DMA IRQ c3=0
SELECT busy=10815
SELECT w0=10796
SELECT w1=5542
SELECT w2=6217
BUSY TASK ewma=997
DMA IRQ c0=0
DMA IRQ c1=1
DMA IRQ c2=0
DMA IRQ c3=0
SELECT busy=10833
SELECT w0=10814
SELECT w1=5548
SELECT w2=6227
BUSY TASK ewma=997
DMA IRQ c0=0
DMA IRQ c1=1
DMA IRQ c2=0
DMA IRQ c3=0
SELECT busy=10845
SELECT w0=10827
SELECT w1=5553
SELECT w2=6235
BUSY TASK ewma=997
DMA IRQ c0=0
DMA IRQ c1=1
DMA IRQ c2=0
DMA IRQ c3=0
SELECT busy=10861
SELECT w0=10843
SELECT w1=5560
SELECT w2=6245
BUSY TASK ewma=997
DMA IRQ c0=0
DMA IRQ c1=1
DMA IRQ c2=0
DMA IRQ c3=0
SELECT busy=10878
SELECT w0=10860
SELECT w1=5567
SELECT w2=6256
BUSY TASK ewma=997
DMA IRQ c0=0
DMA IRQ c1=1
DMA IRQ c2=0
DMA IRQ c3=0
SELECT busy=10894
SELECT w0=10877
SELECT w1=5574
SELECT w2=6266
BUSY TASK ewma=997
DMA IRQ c0=0
DMA IRQ c1=1
DMA IRQ c2=0
DMA IRQ c3=0
SELECT busy=10913
SELECT w0=10895
SELECT w1=5586
SELECT w2=6278
BUSY TASK ewma=997
DMA IRQ c0=0
DMA IRQ c1=1
DMA IRQ c2=0
DMA IRQ c3=0
SELECT busy=10929
SELECT w0=10911
SELECT w1=5597
SELECT w2=6287
BUSY TASK ewma=997
DMA IRQ c0=0
DMA IRQ c1=1
DMA IRQ c2=0
DMA IRQ c3=0
SELECT busy=10948
SELECT w0=10930
SELECT w1=5609
SELECT w2=6298
BUSY TASK ewma=997
DMA IRQ c0=0
DMA IRQ c1=1
DMA IRQ c2=0
DMA IRQ c3=0
SELECT busy=10967
SELECT w0=10949
SELECT w1=5616
SELECT w2=6308
BUSY TASK ewma=997
DMA IRQ c0=0
DMA IRQ c1=1
DMA IRQ c2=0
DMA IRQ c3=0
SELECT busy=10991
SELECT w0=10972
SELECT w1=5623
SELECT w2=6317
BUSY TASK ewma=997
DMA IRQ c0=0
DMA IRQ c1=1
DMA IRQ c2=0
DMA IRQ c3=0
SELECT busy=11010
SELECT w0=10991
SELECT w1=5630
SELECT w2=6324
BUSY TASK ewma=997
DMA IRQ c0=0
DMA IRQ c1=1
DMA IRQ c2=0
DMA IRQ c3=0
SELECT busy=11034
SELECT w0=11015
SELECT w1=5640
SELECT w2=6338
BUSY TASK ewma=997
DMA IRQ c0=0
DMA IRQ c1=1
DMA IRQ c2=0
DMA IRQ c3=0
SELECT busy=11052
SELECT w0=11034
SELECT w1=5648
SELECT w2=6346
BUSY TASK ewma=997
DMA IRQ c0=0
DMA IRQ c1=1
DMA IRQ c2=0
DMA IRQ c3=0
SELECT busy=11071
SELECT w0=11053
SELECT w1=5657
SELECT w2=6357
BUSY TASK ewma=997
DMA IRQ c0=0
DMA IRQ c1=1
DMA IRQ c2=0
DMA IRQ c3=0
SELECT busy=11095
SELECT w0=11076
SELECT w1=5668
SELECT w2=6371
BUSY TASK ewma=997
IRQ counts: cpu0=22204 cpu1=25561 cpu2=25428 cpu3=25359
SCHED secondaries: calls=76357 unexpected=0
SECTEST switches=76327 cpu1=241771118,240864493 cpu2=205041260,202956025 cpu3=289479788,284409471
PINGPONG rounds=2000 pongs=2000
DMA IRQ c0=0
DMA IRQ c1=1
DMA IRQ c2=0
DMA IRQ c3=0
SELECT busy=11120
SELECT w0=11101
SELECT w1=5678
SELECT w2=6383
BUSY TASK ewma=997
DMA IRQ c0=0
DMA IRQ c1=1
DMA IRQ c2=0
DMA IRQ c3=0
SELECT busy=11137
SELECT w0=11118
SELECT w1=5685
SELECT w2=6392
BUSY TASK ewma=997
DMA IRQ c0=0
DMA IRQ c1=1
DMA IRQ c2=0
DMA IRQ c3=0
SELECT busy=11152
SELECT w0=11134
SELECT w1=5691
SELECT w2=6402
BUSY TASK ewma=997
DMA IRQ c0=0
DMA IRQ c1=1
DMA IRQ c2=0
DMA IRQ c3=0
SELECT busy=11167
SELECT w0=11148
SELECT w1=5699
SELECT w2=6411
BUSY TASK ewma=997
DMA IRQ c0=0
DMA IRQ c1=1
DMA IRQ c2=0
DMA IRQ c3=0
SELECT busy=11187
SELECT w0=11168
SELECT w1=5707
SELECT w2=6420
BUSY TASK ewma=997
DMA IRQ c0=0
DMA IRQ c1=1
DMA IRQ c2=0
DMA IRQ c3=0
SELECT busy=11205
SELECT w0=11187
SELECT w1=5716
SELECT w2=6429
BUSY TASK ewma=997
DMA IRQ c0=0
DMA IRQ c1=1
DMA IRQ c2=0
DMA IRQ c3=0
SELECT busy=11230
SELECT w0=11211
SELECT w1=5728
SELECT w2=6445
BUSY TASK ewma=997
DMA IRQ c0=0
DMA IRQ c1=1
DMA IRQ c2=0
DMA IRQ c3=0
SELECT busy=11251
SELECT w0=11232
SELECT w1=5737
SELECT w2=6456
BUSY TASK ewma=997
DMA IRQ c0=0
DMA IRQ c1=1
DMA IRQ c2=0
DMA IRQ c3=0
SELECT busy=11279
SELECT w0=11260
SELECT w1=5748
SELECT w2=6470
BUSY TASK ewma=997
DMA IRQ c0=0
DMA IRQ c1=1
DMA IRQ c2=0
DMA IRQ c3=0
SELECT busy=11296
SELECT w0=11277
SELECT w1=5755
SELECT w2=6478
BUSY TASK ewma=997
DMA IRQ c0=0
DMA IRQ c1=1
DMA IRQ c2=0
DMA IRQ c3=0
SELECT busy=11313
SELECT w0=11295
SELECT w1=5762
SELECT w2=6486
BUSY TASK ewma=997
DMA IRQ c0=0
DMA IRQ c1=1
DMA IRQ c2=0
DMA IRQ c3=0
SELECT busy=11332
SELECT w0=11313
SELECT w1=5770
SELECT w2=6496
BUSY TASK ewma=997
DMA IRQ c0=0
DMA IRQ c1=1
DMA IRQ c2=0
DMA IRQ c3=0
SELECT busy=11358
SELECT w0=11340
SELECT w1=5785
SELECT w2=6517
BUSY TASK ewma=997
DMA IRQ c0=0
DMA IRQ c1=1
DMA IRQ c2=0
DMA IRQ c3=0
SELECT busy=11385
SELECT w0=11368
SELECT w1=5800
SELECT w2=6533
BUSY TASK ewma=997
DMA IRQ c0=0
DMA IRQ c1=1
DMA IRQ c2=0
DMA IRQ c3=0
SELECT busy=11409
SELECT w0=11392
SELECT w1=5811
SELECT w2=6548
BUSY TASK ewma=997
DMA IRQ c0=0
DMA IRQ c1=1
DMA IRQ c2=0
DMA IRQ c3=0
SELECT busy=11440
SELECT w0=11424
SELECT w1=5827
SELECT w2=6567
BUSY TASK ewma=997
DMA IRQ c0=0
DMA IRQ c1=1
DMA IRQ c2=0
DMA IRQ c3=0
SELECT busy=11472
SELECT w0=11455
SELECT w1=5841
SELECT w2=6587
BUSY TASK ewma=997
DMA IRQ c0=0
DMA IRQ c1=1
DMA IRQ c2=0
DMA IRQ c3=0
SELECT busy=11500
SELECT w0=11482
SELECT w1=5854
SELECT w2=6603
BUSY TASK ewma=997
DMA IRQ c0=0
DMA IRQ c1=1
DMA IRQ c2=0
DMA IRQ c3=0
SELECT busy=11533
SELECT w0=11514
SELECT w1=5868
SELECT w2=6622
BUSY TASK ewma=997
DMA IRQ c0=0
DMA IRQ c1=1
DMA IRQ c2=0
DMA IRQ c3=0
SELECT busy=11568
SELECT w0=11550
SELECT w1=5885
SELECT w2=6645
BUSY TASK ewma=997
DMA IRQ c0=0
DMA IRQ c1=1
DMA IRQ c2=0
DMA IRQ c3=0
SELECT busy=11585
SELECT w0=11566
SELECT w1=5892
SELECT w2=6655
BUSY TASK ewma=997
DMA IRQ c0=0
DMA IRQ c1=1
DMA IRQ c2=0
DMA IRQ c3=0
SELECT busy=11604
SELECT w0=11585
SELECT w1=5901
SELECT w2=6667
BUSY TASK ewma=997
DMA IRQ c0=0
DMA IRQ c1=1
DMA IRQ c2=0
DMA IRQ c3=0
SELECT busy=11627
SELECT w0=11610
SELECT w1=5912
SELECT w2=6679
BUSY TASK ewma=997
DMA IRQ c0=0
DMA IRQ c1=1
DMA IRQ c2=0
DMA IRQ c3=0
SELECT busy=11665
SELECT w0=11646
SELECT w1=5925
SELECT w2=6695
BUSY TASK ewma=997
DMA IRQ c0=0
DMA IRQ c1=1
DMA IRQ c2=0
DMA IRQ c3=0
SELECT busy=11725
SELECT w0=11707
SELECT w1=5954
SELECT w2=6735
BUSY TASK ewma=997
DMA IRQ c0=0
DMA IRQ c1=1
DMA IRQ c2=0
DMA IRQ c3=0
SELECT busy=11745
SELECT w0=11726
SELECT w1=5962
SELECT w2=6745
BUSY TASK ewma=997
DMA IRQ c0=0
DMA IRQ c1=1
DMA IRQ c2=0
DMA IRQ c3=0
SELECT busy=11762
SELECT w0=11744
SELECT w1=5970
SELECT w2=6755
BUSY TASK ewma=997
DMA IRQ c0=0
DMA IRQ c1=1
DMA IRQ c2=0
DMA IRQ c3=0
SELECT busy=11775
SELECT w0=11757
SELECT w1=5978
SELECT w2=6763
BUSY TASK ewma=997
DMA IRQ c0=0
DMA IRQ c1=1
DMA IRQ c2=0
DMA IRQ c3=0
SELECT busy=11794
SELECT w0=11775
SELECT w1=5985
SELECT w2=6773
BUSY TASK ewma=997
DMA IRQ c0=0
DMA IRQ c1=1
DMA IRQ c2=0
DMA IRQ c3=0
SELECT busy=11812
SELECT w0=11793
SELECT w1=5994
SELECT w2=6781
BUSY TASK ewma=997
DMA IRQ c0=0
DMA IRQ c1=1
DMA IRQ c2=0
DMA IRQ c3=0
SELECT busy=11833
SELECT w0=11815
SELECT w1=6003
SELECT w2=6791
BUSY TASK ewma=997
DMA IRQ c0=0
DMA IRQ c1=1
DMA IRQ c2=0
DMA IRQ c3=0
SELECT busy=11851
SELECT w0=11832
SELECT w1=6011
SELECT w2=6801
BUSY TASK ewma=997
DMA IRQ c0=0
DMA IRQ c1=1
DMA IRQ c2=0
DMA IRQ c3=0
SELECT busy=11866
SELECT w0=11847
SELECT w1=6019
SELECT w2=6810
BUSY TASK ewma=997
DMA IRQ c0=0
DMA IRQ c1=1
DMA IRQ c2=0
DMA IRQ c3=0
SELECT busy=11882
SELECT w0=11864
SELECT w1=6029
SELECT w2=6821
BUSY TASK ewma=997
DMA IRQ c0=0
DMA IRQ c1=1
DMA IRQ c2=0
DMA IRQ c3=0
SELECT busy=11919
SELECT w0=11901
SELECT w1=6049
SELECT w2=6848
BUSY TASK ewma=997
DMA IRQ c0=0
DMA IRQ c1=1
DMA IRQ c2=0
DMA IRQ c3=0
SELECT busy=11960
SELECT w0=11941
SELECT w1=6063
SELECT w2=6864
BUSY TASK ewma=997
DMA IRQ c0=0
DMA IRQ c1=1
DMA IRQ c2=0
DMA IRQ c3=0
SELECT busy=12002
SELECT w0=11984
SELECT w1=6081
SELECT w2=6885
BUSY TASK ewma=997
DMA IRQ c0=0
DMA IRQ c1=1
DMA IRQ c2=0
DMA IRQ c3=0
SELECT busy=12047
SELECT w0=12030
SELECT w1=6103
SELECT w2=6907
BUSY TASK ewma=997
DMA IRQ c0=0
DMA IRQ c1=1
DMA IRQ c2=0
DMA IRQ c3=0
SELECT busy=12082
SELECT w0=12064
SELECT w1=6118
SELECT w2=6926
BUSY TASK ewma=997
DMA IRQ c0=0
DMA IRQ c1=1
DMA IRQ c2=0
DMA IRQ c3=0
SELECT busy=12127
SELECT w0=12108
SELECT w1=6138
SELECT w2=6948
BUSY TASK ewma=997
DMA IRQ c0=0
DMA IRQ c1=1
DMA IRQ c2=0
DMA IRQ c3=0
SELECT busy=12168
SELECT w0=12149
SELECT w1=6154
SELECT w2=6965
BUSY TASK ewma=997
DMA IRQ c0=0
DMA IRQ c1=1
DMA IRQ c2=0
DMA IRQ c3=0
SELECT busy=12195
SELECT w0=12177
SELECT w1=6173
SELECT w2=6990
BUSY TASK ewma=997
DMA IRQ c0=0
DMA IRQ c1=1
DMA IRQ c2=0
DMA IRQ c3=0
SELECT busy=12218
SELECT w0=12200
SELECT w1=6184
SELECT w2=7003
BUSY TASK ewma=997
DMA IRQ c0=0
DMA IRQ c1=1
DMA IRQ c2=0
DMA IRQ c3=0
SELECT busy=12233
SELECT w0=12215
SELECT w1=6195
SELECT w2=7013
BUSY TASK ewma=997
DMA IRQ c0=0
DMA IRQ c1=1
DMA IRQ c2=0
DMA IRQ c3=0
SELECT busy=12252
SELECT w0=12233
SELECT w1=6202
SELECT w2=7021
BUSY TASK ewma=997
DMA IRQ c0=0
DMA IRQ c1=1
DMA IRQ c2=0
DMA IRQ c3=0
SELECT busy=12274
SELECT w0=12255
SELECT w1=6214
SELECT w2=7038
BUSY TASK ewma=997
DMA IRQ c0=0
DMA IRQ c1=1
DMA IRQ c2=0
DMA IRQ c3=0
SELECT busy=12307
SELECT w0=12289
SELECT w1=6230
SELECT w2=7056
BUSY TASK ewma=997
DMA IRQ c0=0
DMA IRQ c1=1
DMA IRQ c2=0
DMA IRQ c3=0
SELECT busy=12345
SELECT w0=12327
SELECT w1=6244
SELECT w2=7078
BUSY TASK ewma=997
DMA IRQ c0=0
DMA IRQ c1=1
DMA IRQ c2=0
DMA IRQ c3=0
SELECT busy=12392
SELECT w0=12373
SELECT w1=6261
SELECT w2=7101
BUSY TASK ewma=997
DMA IRQ c0=0
DMA IRQ c1=1
DMA IRQ c2=0
DMA IRQ c3=0
SELECT busy=12441
SELECT w0=12422
SELECT w1=6280
SELECT w2=7124
BUSY TASK ewma=997
DMA IRQ c0=0
DMA IRQ c1=1
DMA IRQ c2=0
DMA IRQ c3=0
SELECT busy=12486
SELECT w0=12469
SELECT w1=6301
SELECT w2=7152
BUSY TASK ewma=997
DMA IRQ c0=0
DMA IRQ c1=1
DMA IRQ c2=0
DMA IRQ c3=0
SELECT busy=12515
SELECT w0=12496
SELECT w1=6315
SELECT w2=7168
BUSY TASK ewma=997
DMA IRQ c0=0
DMA IRQ c1=1
DMA IRQ c2=0
DMA IRQ c3=0
SELECT busy=12539
SELECT w0=12521
SELECT w1=6329
SELECT w2=7185
BUSY TASK ewma=997
DMA IRQ c0=0
DMA IRQ c1=1
DMA IRQ c2=0
DMA IRQ c3=0
SELECT busy=12565
SELECT w0=12548
SELECT w1=6342
SELECT w2=7198
BUSY TASK ewma=997
DMA IRQ c0=0
DMA IRQ c1=1
DMA IRQ c2=0
DMA IRQ c3=0
SELECT busy=12598
SELECT w0=12580
SELECT w1=6356
SELECT w2=7215
BUSY TASK ewma=997
DMA IRQ c0=0
DMA IRQ c1=1
DMA IRQ c2=0
DMA IRQ c3=0
SELECT busy=12624
SELECT w0=12605
SELECT w1=6366
SELECT w2=7228
BUSY TASK ewma=997
DMA IRQ c0=0
DMA IRQ c1=1
DMA IRQ c2=0
DMA IRQ c3=0
SELECT busy=12643
SELECT w0=12625
SELECT w1=6375
SELECT w2=7238
BUSY TASK ewma=997
DMA IRQ c0=0
DMA IRQ c1=1
DMA IRQ c2=0
DMA IRQ c3=0
SELECT busy=12661
SELECT w0=12643
SELECT w1=6382
SELECT w2=7246
BUSY TASK ewma=997
DMA IRQ c0=0
DMA IRQ c1=1
DMA IRQ c2=0
DMA IRQ c3=0
SELECT busy=12678
SELECT w0=12660
SELECT w1=6392
SELECT w2=7258
BUSY TASK ewma=997
DMA IRQ c0=0
DMA IRQ c1=1
DMA IRQ c2=0
DMA IRQ c3=0
SELECT busy=12692
SELECT w0=12673
SELECT w1=6398
SELECT w2=7266
BUSY TASK ewma=997
DMA IRQ c0=0
DMA IRQ c1=1
DMA IRQ c2=0
DMA IRQ c3=0
SELECT busy=12708
SELECT w0=12690
SELECT w1=6404
SELECT w2=7275
BUSY TASK ewma=997
DMA IRQ c0=0
DMA IRQ c1=1
DMA IRQ c2=0
DMA IRQ c3=0
SELECT busy=12723
SELECT w0=12704
SELECT w1=6412
SELECT w2=7286
BUSY TASK ewma=997
DMA IRQ c0=0
DMA IRQ c1=1
DMA IRQ c2=0
DMA IRQ c3=0
SELECT busy=12746
SELECT w0=12728
SELECT w1=6420
SELECT w2=7297
BUSY TASK ewma=997
DMA IRQ c0=0
DMA IRQ c1=1
DMA IRQ c2=0
DMA IRQ c3=0
SELECT busy=12763
SELECT w0=12746
SELECT w1=6427
SELECT w2=7306
BUSY TASK ewma=997
IRQ counts: cpu0=25542 cpu1=29367 cpu2=29192 cpu3=29088
SCHED secondaries: calls=87650 unexpected=0
SECTEST switches=87613 cpu1=271069572,270115489 cpu2=234247171,231834951 cpu3=332332978,323497229
PINGPONG rounds=2000 pongs=2000
DMA IRQ c0=0
DMA IRQ c1=1
DMA IRQ c2=0
DMA IRQ c3=0
SELECT busy=12793
SELECT w0=12774
SELECT w1=6440
SELECT w2=7325
BUSY TASK ewma=997
DMA IRQ c0=0
DMA IRQ c1=1
DMA IRQ c2=0
DMA IRQ c3=0
SELECT busy=12810
SELECT w0=12791
SELECT w1=6446
SELECT w2=7333
BUSY TASK ewma=997
DMA IRQ c0=0
DMA IRQ c1=1
DMA IRQ c2=0
DMA IRQ c3=0
SELECT busy=12828
SELECT w0=12810
SELECT w1=6456
SELECT w2=7347
BUSY TASK ewma=997
DMA IRQ c0=0
DMA IRQ c1=1
DMA IRQ c2=0
DMA IRQ c3=0
SELECT busy=12847
SELECT w0=12829
SELECT w1=6466
SELECT w2=7361
BUSY TASK ewma=997
DMA IRQ c0=0
DMA IRQ c1=1
DMA IRQ c2=0
DMA IRQ c3=0
SELECT busy=12862
SELECT w0=12844
SELECT w1=6474
SELECT w2=7372
BUSY TASK ewma=997
DMA IRQ c0=0
DMA IRQ c1=1
DMA IRQ c2=0
DMA IRQ c3=0
SELECT busy=12893
SELECT w0=12875
SELECT w1=6486
SELECT w2=7385
BUSY TASK ewma=997
DMA IRQ c0=0
DMA IRQ c1=1
DMA IRQ c2=0
DMA IRQ c3=0
SELECT busy=12908
SELECT w0=12889
SELECT w1=6492
SELECT w2=7393
BUSY TASK ewma=997
DMA IRQ c0=0
DMA IRQ c1=1
DMA IRQ c2=0
DMA IRQ c3=0
SELECT busy=12927
SELECT w0=12909
SELECT w1=6505
SELECT w2=7405
BUSY TASK ewma=997
DMA IRQ c0=0
DMA IRQ c1=1
DMA IRQ c2=0
DMA IRQ c3=0
SELECT busy=12945
SELECT w0=12926
SELECT w1=6513
SELECT w2=7416
BUSY TASK ewma=997
DMA IRQ c0=0
DMA IRQ c1=1
DMA IRQ c2=0
DMA IRQ c3=0
SELECT busy=12965
SELECT w0=12946
SELECT w1=6521
SELECT w2=7426
BUSY TASK ewma=997
DMA IRQ c0=0
DMA IRQ c1=1
DMA IRQ c2=0
DMA IRQ c3=0
SELECT busy=12984
SELECT w0=12965
SELECT w1=6528
SELECT w2=7435
BUSY TASK ewma=997
DMA IRQ c0=0
DMA IRQ c1=1
DMA IRQ c2=0
DMA IRQ c3=0
SELECT busy=13006
SELECT w0=12988
SELECT w1=6538
SELECT w2=7449
BUSY TASK ewma=997
DMA IRQ c0=0
DMA IRQ c1=1
DMA IRQ c2=0
DMA IRQ c3=0
SELECT busy=13024
SELECT w0=13005
SELECT w1=6550
SELECT w2=7459
BUSY TASK ewma=997
DMA IRQ c0=0
DMA IRQ c1=1
DMA IRQ c2=0
DMA IRQ c3=0
SELECT busy=13051
SELECT w0=13032
SELECT w1=6558
SELECT w2=7470
qemu-system-aarch64: terminating on signal 15 from pid 201253 (timeout)
