P4 M7: full integration test boot OK
CPU0: MPIDR_EL1=0x0000000080000000
CPU0: psci_cpu_on target=1 rc=0
CPU1: alive, MPIDR_EL1=0x0000000080000001 this_cpu()->cpu_id=1
CPU0: psci_cpu_on target=2 rc=0
CPU2: alive, MPIDR_EL1=0x0000000080000002 this_cpu()->cpu_id=2
CPU0: psci_cpu_on target=3 rc=0
CPU3: alive, MPIDR_EL1=0x0000000080000003 this_cpu()->cpu_id=3
CPUs online: 4
DMA IRQ target cpu=1
D2b: worker 2 runs on CPU2
D2b: worker 0 runs on CPU0
D2b: worker 1 runs on CPU1
P4 M7: worker submitted cmd_id=2
P4 M7: worker submitted cmd_id=3
P4 M7: worker submitted cmd_id=1
BUSY TASK ewma=996
DMA IRQ c0=0
DMA IRQ c1=0
DMA IRQ c2=0
DMA IRQ c3=0
SELECT busy=21
SELECT w0=2
SELECT w1=4
SELECT w2=5
BUSY TASK ewma=997
DMA IRQ c0=0
DMA IRQ c1=0
DMA IRQ c2=0
DMA IRQ c3=0
SELECT busy=40
SELECT w0=2
SELECT w1=4
SELECT w2=5
BUSY TASK ewma=997
DMA IRQ c0=0
DMA IRQ c1=0
DMA IRQ c2=0
DMA IRQ c3=0
SELECT busy=61
SELECT w0=2
SELECT w1=4
SELECT w2=5
P4 M7: worker DATA OK, cmd_id=1
P4 M7: worker DATA OK, cmd_id=3
WORKER ewma=831
WORKER ewma=759
P4 M7: worker DATA OK, cmd_id=2
WORKER ewma=759
BUSY TASK ewma=997
DMA IRQ c0=0
DMA IRQ c1=1
DMA IRQ c2=0
DMA IRQ c3=0
SELECT busy=84
SELECT w0=40
SELECT w1=55
SELECT w2=70
BUSY TASK ewma=997
DMA IRQ c0=0
DMA IRQ c1=1
DMA IRQ c2=0
DMA IRQ c3=0
SELECT busy=99
SELECT w0=55
SELECT w1=80
SELECT w2=93
BUSY TASK ewma=997
DMA IRQ c0=0
DMA IRQ c1=1
DMA IRQ c2=0
DMA IRQ c3=0
SELECT busy=124
SELECT w0=80
SELECT w1=106
SELECT w2=123
BUSY TASK ewma=997
DMA IRQ c0=0
DMA IRQ c1=1
DMA IRQ c2=0
DMA IRQ c3=0
SELECT busy=157
SELECT w0=117
SELECT w1=127
SELECT w2=145
BUSY TASK ewma=997
DMA IRQ c0=0
DMA IRQ c1=1
DMA IRQ c2=0
DMA IRQ c3=0
SELECT busy=187
SELECT w0=143
SELECT w1=138
SELECT w2=157
BUSY TASK ewma=997
DMA IRQ c0=0
DMA IRQ c1=1
DMA IRQ c2=0
DMA IRQ c3=0
SELECT busy=215
SELECT w0=170
SELECT w1=149
SELECT w2=174
BUSY TASK ewma=997
DMA IRQ c0=0
DMA IRQ c1=1
DMA IRQ c2=0
DMA IRQ c3=0
SELECT busy=246
SELECT w0=202
SELECT w1=168
SELECT w2=192
BUSY TASK ewma=997
DMA IRQ c0=0
DMA IRQ c1=1
DMA IRQ c2=0
DMA IRQ c3=0
SELECT busy=270
SELECT w0=226
SELECT w1=184
SELECT w2=206
BUSY TASK ewma=997
DMA IRQ c0=0
DMA IRQ c1=1
DMA IRQ c2=0
DMA IRQ c3=0
SELECT busy=290
SELECT w0=245
SELECT w1=197
SELECT w2=214
BUSY TASK ewma=997
DMA IRQ c0=0
DMA IRQ c1=1
DMA IRQ c2=0
DMA IRQ c3=0
SELECT busy=316
SELECT w0=271
SELECT w1=211
SELECT w2=226
BUSY TASK ewma=997
DMA IRQ c0=0
DMA IRQ c1=1
DMA IRQ c2=0
DMA IRQ c3=0
SELECT busy=336
SELECT w0=292
SELECT w1=222
SELECT w2=238
BUSY TASK ewma=997
DMA IRQ c0=0
DMA IRQ c1=1
DMA IRQ c2=0
DMA IRQ c3=0
SELECT busy=369
SELECT w0=328
SELECT w1=243
SELECT w2=258
BUSY TASK ewma=997
DMA IRQ c0=0
DMA IRQ c1=1
DMA IRQ c2=0
DMA IRQ c3=0
SELECT busy=407
SELECT w0=363
SELECT w1=261
SELECT w2=274
BUSY TASK ewma=997
DMA IRQ c0=0
DMA IRQ c1=1
DMA IRQ c2=0
DMA IRQ c3=0
SELECT busy=439
SELECT w0=394
SELECT w1=274
SELECT w2=289
BUSY TASK ewma=997
DMA IRQ c0=0
DMA IRQ c1=1
DMA IRQ c2=0
DMA IRQ c3=0
SELECT busy=472
SELECT w0=427
SELECT w1=292
SELECT w2=305
BUSY TASK ewma=997
DMA IRQ c0=0
DMA IRQ c1=1
DMA IRQ c2=0
DMA IRQ c3=0
SELECT busy=499
SELECT w0=455
SELECT w1=309
SELECT w2=320
BUSY TASK ewma=997
DMA IRQ c0=0
DMA IRQ c1=1
DMA IRQ c2=0
DMA IRQ c3=0
SELECT busy=527
SELECT w0=482
SELECT w1=324
SELECT w2=337
BUSY TASK ewma=997
DMA IRQ c0=0
DMA IRQ c1=1
DMA IRQ c2=0
DMA IRQ c3=0
SELECT busy=548
SELECT w0=503
SELECT w1=338
SELECT w2=350
BUSY TASK ewma=997
DMA IRQ c0=0
DMA IRQ c1=1
DMA IRQ c2=0
DMA IRQ c3=0
SELECT busy=567
SELECT w0=522
SELECT w1=345
SELECT w2=361
BUSY TASK ewma=997
DMA IRQ c0=0
DMA IRQ c1=1
DMA IRQ c2=0
DMA IRQ c3=0
SELECT busy=594
SELECT w0=550
SELECT w1=358
SELECT w2=375
BUSY TASK ewma=997
DMA IRQ c0=0
DMA IRQ c1=1
DMA IRQ c2=0
DMA IRQ c3=0
SELECT busy=615
SELECT w0=570
SELECT w1=369
SELECT w2=386
BUSY TASK ewma=997
DMA IRQ c0=0
DMA IRQ c1=1
DMA IRQ c2=0
DMA IRQ c3=0
SELECT busy=624
SELECT w0=580
SELECT w1=376
SELECT w2=395
BUSY TASK ewma=997
DMA IRQ c0=0
DMA IRQ c1=1
DMA IRQ c2=0
DMA IRQ c3=0
SELECT busy=649
SELECT w0=605
SELECT w1=391
SELECT w2=414
BUSY TASK ewma=997
DMA IRQ c0=0
DMA IRQ c1=1
DMA IRQ c2=0
DMA IRQ c3=0
SELECT busy=669
SELECT w0=625
SELECT w1=403
SELECT w2=428
BUSY TASK ewma=997
DMA IRQ c0=0
DMA IRQ c1=1
DMA IRQ c2=0
DMA IRQ c3=0
SELECT busy=693
SELECT w0=649
SELECT w1=418
SELECT w2=442
BUSY TASK ewma=997
DMA IRQ c0=0
DMA IRQ c1=1
DMA IRQ c2=0
DMA IRQ c3=0
SELECT busy=712
SELECT w0=669
SELECT w1=429
SELECT w2=454
BUSY TASK ewma=997
DMA IRQ c0=0
DMA IRQ c1=1
DMA IRQ c2=0
DMA IRQ c3=0
SELECT busy=738
SELECT w0=695
SELECT w1=444
SELECT w2=473
BUSY TASK ewma=997
DMA IRQ c0=0
DMA IRQ c1=1
DMA IRQ c2=0
DMA IRQ c3=0
SELECT busy=765
SELECT w0=720
SELECT w1=458
SELECT w2=491
BUSY TASK ewma=997
DMA IRQ c0=0
DMA IRQ c1=1
DMA IRQ c2=0
DMA IRQ c3=0
SELECT busy=787
SELECT w0=746
SELECT w1=471
SELECT w2=503
BUSY TASK ewma=997
DMA IRQ c0=0
DMA IRQ c1=1
DMA IRQ c2=0
DMA IRQ c3=0
SELECT busy=815
SELECT w0=770
SELECT w1=484
SELECT w2=516
BUSY TASK ewma=997
DMA IRQ c0=0
DMA IRQ c1=1
DMA IRQ c2=0
DMA IRQ c3=0
SELECT busy=845
SELECT w0=802
SELECT w1=500
SELECT w2=530
BUSY TASK ewma=997
DMA IRQ c0=0
DMA IRQ c1=1
DMA IRQ c2=0
DMA IRQ c3=0
SELECT busy=876
SELECT w0=831
SELECT w1=515
SELECT w2=544
BUSY TASK ewma=997
DMA IRQ c0=0
DMA IRQ c1=1
DMA IRQ c2=0
DMA IRQ c3=0
SELECT busy=902
SELECT w0=857
SELECT w1=528
SELECT w2=557
BUSY TASK ewma=997
DMA IRQ c0=0
DMA IRQ c1=1
DMA IRQ c2=0
DMA IRQ c3=0
SELECT busy=931
SELECT w0=887
SELECT w1=545
SELECT w2=576
BUSY TASK ewma=997
DMA IRQ c0=0
DMA IRQ c1=1
DMA IRQ c2=0
DMA IRQ c3=0
SELECT busy=955
SELECT w0=911
SELECT w1=557
SELECT w2=590
BUSY TASK ewma=997
DMA IRQ c0=0
DMA IRQ c1=1
DMA IRQ c2=0
DMA IRQ c3=0
SELECT busy=976
SELECT w0=931
SELECT w1=570
SELECT w2=602
BUSY TASK ewma=997
DMA IRQ c0=0
DMA IRQ c1=1
DMA IRQ c2=0
DMA IRQ c3=0
SELECT busy=999
SELECT w0=955
SELECT w1=581
SELECT w2=613
BUSY TASK ewma=997
DMA IRQ c0=0
DMA IRQ c1=1
DMA IRQ c2=0
DMA IRQ c3=0
SELECT busy=1020
SELECT w0=976
SELECT w1=593
SELECT w2=629
BUSY TASK ewma=997
DMA IRQ c0=0
DMA IRQ c1=1
DMA IRQ c2=0
DMA IRQ c3=0
SELECT busy=1043
SELECT w0=1000
SELECT w1=607
SELECT w2=643
BUSY TASK ewma=997
DMA IRQ c0=0
DMA IRQ c1=1
DMA IRQ c2=0
DMA IRQ c3=0
SELECT busy=1074
SELECT w0=1030
SELECT w1=628
SELECT w2=658
BUSY TASK ewma=997
DMA IRQ c0=0
DMA IRQ c1=1
DMA IRQ c2=0
DMA IRQ c3=0
SELECT busy=1097
SELECT w0=1052
SELECT w1=640
SELECT w2=668
BUSY TASK ewma=997
DMA IRQ c0=0
DMA IRQ c1=1
DMA IRQ c2=0
DMA IRQ c3=0
SELECT busy=1125
SELECT w0=1081
SELECT w1=656
SELECT w2=682
BUSY TASK ewma=997
DMA IRQ c0=0
DMA IRQ c1=1
DMA IRQ c2=0
DMA IRQ c3=0
SELECT busy=1149
SELECT w0=1105
SELECT w1=671
SELECT w2=701
BUSY TASK ewma=997
DMA IRQ c0=0
DMA IRQ c1=1
DMA IRQ c2=0
DMA IRQ c3=0
SELECT busy=1177
SELECT w0=1132
SELECT w1=686
SELECT w2=716
BUSY TASK ewma=997
DMA IRQ c0=0
DMA IRQ c1=1
DMA IRQ c2=0
DMA IRQ c3=0
SELECT busy=1204
SELECT w0=1160
SELECT w1=700
SELECT w2=732
BUSY TASK ewma=997
DMA IRQ c0=0
DMA IRQ c1=1
DMA IRQ c2=0
DMA IRQ c3=0
SELECT busy=1231
SELECT w0=1186
SELECT w1=713
SELECT w2=745
BUSY TASK ewma=997
DMA IRQ c0=0
DMA IRQ c1=1
DMA IRQ c2=0
DMA IRQ c3=0
SELECT busy=1249
SELECT w0=1206
SELECT w1=724
SELECT w2=758
BUSY TASK ewma=997
DMA IRQ c0=0
DMA IRQ c1=1
DMA IRQ c2=0
DMA IRQ c3=0
SELECT busy=1275
SELECT w0=1230
SELECT w1=737
SELECT w2=771
BUSY TASK ewma=997
DMA IRQ c0=0
DMA IRQ c1=1
DMA IRQ c2=0
DMA IRQ c3=0
SELECT busy=1293
SELECT w0=1248
SELECT w1=746
SELECT w2=780
BUSY TASK ewma=997
DMA IRQ c0=0
DMA IRQ c1=1
DMA IRQ c2=0
DMA IRQ c3=0
SELECT busy=1325
SELECT w0=1281
SELECT w1=768
SELECT w2=797
BUSY TASK ewma=997
DMA IRQ c0=0
DMA IRQ c1=1
DMA IRQ c2=0
DMA IRQ c3=0
SELECT busy=1352
SELECT w0=1307
SELECT w1=782
SELECT w2=811
BUSY TASK ewma=997
DMA IRQ c0=0
DMA IRQ c1=1
DMA IRQ c2=0
DMA IRQ c3=0
SELECT busy=1377
SELECT w0=1332
SELECT w1=794
SELECT w2=823
BUSY TASK ewma=997
DMA IRQ c0=0
DMA IRQ c1=1
DMA IRQ c2=0
DMA IRQ c3=0
SELECT busy=1404
SELECT w0=1360
SELECT w1=812
SELECT w2=836
BUSY TASK ewma=997
DMA IRQ c0=0
DMA IRQ c1=1
DMA IRQ c2=0
DMA IRQ c3=0
SELECT busy=1425
SELECT w0=1381
SELECT w1=828
SELECT w2=850
BUSY TASK ewma=997
DMA IRQ c0=0
DMA IRQ c1=1
DMA IRQ c2=0
DMA IRQ c3=0
SELECT busy=1446
SELECT w0=1402
SELECT w1=843
SELECT w2=862
BUSY TASK ewma=997
DMA IRQ c0=0
DMA IRQ c1=1
DMA IRQ c2=0
DMA IRQ c3=0
SELECT busy=1471
SELECT w0=1427
SELECT w1=860
SELECT w2=883
BUSY TASK ewma=997
DMA IRQ c0=0
DMA IRQ c1=1
DMA IRQ c2=0
DMA IRQ c3=0
SELECT busy=1503
SELECT w0=1458
SELECT w1=877
SELECT w2=898
BUSY TASK ewma=997
DMA IRQ c0=0
DMA IRQ c1=1
DMA IRQ c2=0
DMA IRQ c3=0
SELECT busy=1525
SELECT w0=1481
SELECT w1=891
SELECT w2=909
BUSY TASK ewma=997
DMA IRQ c0=0
DMA IRQ c1=1
DMA IRQ c2=0
DMA IRQ c3=0
SELECT busy=1549
SELECT w0=1504
SELECT w1=906
SELECT w2=921
BUSY TASK ewma=997
DMA IRQ c0=0
DMA IRQ c1=1
DMA IRQ c2=0
DMA IRQ c3=0
SELECT busy=1569
SELECT w0=1524
SELECT w1=915
SELECT w2=929
BUSY TASK ewma=997
IRQ counts: cpu0=3138 cpu1=3549 cpu2=3513 cpu3=3534
SCHED secondaries: calls=10600 unexpected=0
SECTEST switches=10568 cpu1=36730489,32882931 cpu2=28458938,26292268 cpu3=42366667,41741681
PINGPONG rounds=696 pongs=697
DMA IRQ c0=0
DMA IRQ c1=1
DMA IRQ c2=0
DMA IRQ c3=0
SELECT busy=1598
SELECT w0=1553
SELECT w1=925
SELECT w2=939
BUSY TASK ewma=997
DMA IRQ c0=0
DMA IRQ c1=1
DMA IRQ c2=0
DMA IRQ c3=0
SELECT busy=1619
SELECT w0=1575
SELECT w1=935
SELECT w2=949
BUSY TASK ewma=997
DMA IRQ c0=0
DMA IRQ c1=1
DMA IRQ c2=0
DMA IRQ c3=0
SELECT busy=1643
SELECT w0=1598
SELECT w1=950
SELECT w2=968
BUSY TASK ewma=997
DMA IRQ c0=0
DMA IRQ c1=1
DMA IRQ c2=0
DMA IRQ c3=0
SELECT busy=1672
SELECT w0=1628
SELECT w1=963
SELECT w2=982
BUSY TASK ewma=997
DMA IRQ c0=0
DMA IRQ c1=1
DMA IRQ c2=0
DMA IRQ c3=0
SELECT busy=1689
SELECT w0=1645
SELECT w1=973
SELECT w2=993
BUSY TASK ewma=997
DMA IRQ c0=0
DMA IRQ c1=1
DMA IRQ c2=0
DMA IRQ c3=0
SELECT busy=1711
SELECT w0=1667
SELECT w1=987
SELECT w2=1004
BUSY TASK ewma=997
DMA IRQ c0=0
DMA IRQ c1=1
DMA IRQ c2=0
DMA IRQ c3=0
SELECT busy=1731
SELECT w0=1687
SELECT w1=996
SELECT w2=1013
BUSY TASK ewma=997
DMA IRQ c0=0
DMA IRQ c1=1
DMA IRQ c2=0
DMA IRQ c3=0
SELECT busy=1753
SELECT w0=1709
SELECT w1=1010
SELECT w2=1027
BUSY TASK ewma=997
DMA IRQ c0=0
DMA IRQ c1=1
DMA IRQ c2=0
DMA IRQ c3=0
SELECT busy=1767
SELECT w0=1722
SELECT w1=1018
SELECT w2=1034
BUSY TASK ewma=997
DMA IRQ c0=0
DMA IRQ c1=1
DMA IRQ c2=0
DMA IRQ c3=0
SELECT busy=1784
SELECT w0=1740
SELECT w1=1028
SELECT w2=1044
BUSY TASK ewma=997
DMA IRQ c0=0
DMA IRQ c1=1
DMA IRQ c2=0
DMA IRQ c3=0
SELECT busy=1805
SELECT w0=1761
SELECT w1=1039
SELECT w2=1053
BUSY TASK ewma=997
DMA IRQ c0=0
DMA IRQ c1=1
DMA IRQ c2=0
DMA IRQ c3=0
SELECT busy=1824
SELECT w0=1780
SELECT w1=1056
SELECT w2=1066
BUSY TASK ewma=997
DMA IRQ c0=0
DMA IRQ c1=1
DMA IRQ c2=0
DMA IRQ c3=0
SELECT busy=1842
SELECT w0=1797
SELECT w1=1067
SELECT w2=1074
BUSY TASK ewma=997
DMA IRQ c0=0
DMA IRQ c1=1
DMA IRQ c2=0
DMA IRQ c3=0
SELECT busy=1857
SELECT w0=1813
SELECT w1=1074
SELECT w2=1082
BUSY TASK ewma=997
DMA IRQ c0=0
DMA IRQ c1=1
DMA IRQ c2=0
DMA IRQ c3=0
SELECT busy=1875
SELECT w0=1831
SELECT w1=1081
SELECT w2=1089
BUSY TASK ewma=997
DMA IRQ c0=0
DMA IRQ c1=1
DMA IRQ c2=0
DMA IRQ c3=0
SELECT busy=1894
SELECT w0=1849
SELECT w1=1090
SELECT w2=1096
BUSY TASK ewma=997
DMA IRQ c0=0
DMA IRQ c1=1
DMA IRQ c2=0
DMA IRQ c3=0
SELECT busy=1920
SELECT w0=1877
SELECT w1=1111
SELECT w2=1113
BUSY TASK ewma=997
DMA IRQ c0=0
DMA IRQ c1=1
DMA IRQ c2=0
DMA IRQ c3=0
SELECT busy=1940
SELECT w0=1896
SELECT w1=1125
SELECT w2=1125
BUSY TASK ewma=997
DMA IRQ c0=0
DMA IRQ c1=1
DMA IRQ c2=0
DMA IRQ c3=0
SELECT busy=1962
SELECT w0=1918
SELECT w1=1143
SELECT w2=1139
BUSY TASK ewma=997
DMA IRQ c0=0
DMA IRQ c1=1
DMA IRQ c2=0
DMA IRQ c3=0
SELECT busy=1983
SELECT w0=1939
SELECT w1=1151
SELECT w2=1143
BUSY TASK ewma=997
DMA IRQ c0=0
DMA IRQ c1=1
DMA IRQ c2=0
DMA IRQ c3=0
SELECT busy=2005
SELECT w0=1961
SELECT w1=1167
SELECT w2=1157
BUSY TASK ewma=997
DMA IRQ c0=0
DMA IRQ c1=1
DMA IRQ c2=0
DMA IRQ c3=0
SELECT busy=2026
SELECT w0=1982
SELECT w1=1186
SELECT w2=1170
BUSY TASK ewma=997
DMA IRQ c0=0
DMA IRQ c1=1
DMA IRQ c2=0
DMA IRQ c3=0
SELECT busy=2050
SELECT w0=2006
SELECT w1=1205
SELECT w2=1191
BUSY TASK ewma=997
DMA IRQ c0=0
DMA IRQ c1=1
DMA IRQ c2=0
DMA IRQ c3=0
SELECT busy=2073
SELECT w0=2028
SELECT w1=1220
SELECT w2=1201
BUSY TASK ewma=997
DMA IRQ c0=0
DMA IRQ c1=1
DMA IRQ c2=0
DMA IRQ c3=0
SELECT busy=2091
SELECT w0=2047
SELECT w1=1228
SELECT w2=1209
BUSY TASK ewma=997
DMA IRQ c0=0
DMA IRQ c1=1
DMA IRQ c2=0
DMA IRQ c3=0
SELECT busy=2107
SELECT w0=2063
SELECT w1=1239
SELECT w2=1217
BUSY TASK ewma=997
DMA IRQ c0=0
DMA IRQ c1=1
DMA IRQ c2=0
DMA IRQ c3=0
SELECT busy=2128
SELECT w0=2083
SELECT w1=1251
SELECT w2=1229
BUSY TASK ewma=997
DMA IRQ c0=0
DMA IRQ c1=1
DMA IRQ c2=0
DMA IRQ c3=0
SELECT busy=2147
SELECT w0=2102
SELECT w1=1259
SELECT w2=1238
BUSY TASK ewma=997
DMA IRQ c0=0
DMA IRQ c1=1
DMA IRQ c2=0
DMA IRQ c3=0
SELECT busy=2165
SELECT w0=2121
SELECT w1=1269
SELECT w2=1246
BUSY TASK ewma=997
DMA IRQ c0=0
DMA IRQ c1=1
DMA IRQ c2=0
DMA IRQ c3=0
SELECT busy=2188
SELECT w0=2146
SELECT w1=1279
SELECT w2=1257
BUSY TASK ewma=997
DMA IRQ c0=0
DMA IRQ c1=1
DMA IRQ c2=0
DMA IRQ c3=0
SELECT busy=2209
SELECT w0=2165
SELECT w1=1293
SELECT w2=1268
BUSY TASK ewma=997
DMA IRQ c0=0
DMA IRQ c1=1
DMA IRQ c2=0
DMA IRQ c3=0
SELECT busy=2227
SELECT w0=2182
SELECT w1=1302
SELECT w2=1278
BUSY TASK ewma=997
DMA IRQ c0=0
DMA IRQ c1=1
DMA IRQ c2=0
DMA IRQ c3=0
SELECT busy=2243
SELECT w0=2199
SELECT w1=1312
SELECT w2=1287
BUSY TASK ewma=997
DMA IRQ c0=0
DMA IRQ c1=1
DMA IRQ c2=0
DMA IRQ c3=0
SELECT busy=2264
SELECT w0=2219
SELECT w1=1321
SELECT w2=1296
BUSY TASK ewma=997
DMA IRQ c0=0
DMA IRQ c1=1
DMA IRQ c2=0
DMA IRQ c3=0
SELECT busy=2282
SELECT w0=2238
SELECT w1=1330
SELECT w2=1306
BUSY TASK ewma=997
DMA IRQ c0=0
DMA IRQ c1=1
DMA IRQ c2=0
DMA IRQ c3=0
SELECT busy=2305
SELECT w0=2261
SELECT w1=1343
SELECT w2=1318
BUSY TASK ewma=997
DMA IRQ c0=0
DMA IRQ c1=1
DMA IRQ c2=0
DMA IRQ c3=0
SELECT busy=2324
SELECT w0=2280
SELECT w1=1355
SELECT w2=1330
BUSY TASK ewma=997
DMA IRQ c0=0
DMA IRQ c1=1
DMA IRQ c2=0
DMA IRQ c3=0
SELECT busy=2347
SELECT w0=2302
SELECT w1=1369
SELECT w2=1340
BUSY TASK ewma=997
DMA IRQ c0=0
DMA IRQ c1=1
DMA IRQ c2=0
DMA IRQ c3=0
SELECT busy=2365
SELECT w0=2321
SELECT w1=1376
SELECT w2=1347
BUSY TASK ewma=997
DMA IRQ c0=0
DMA IRQ c1=1
DMA IRQ c2=0
DMA IRQ c3=0
SELECT busy=2386
SELECT w0=2341
SELECT w1=1387
SELECT w2=1358
BUSY TASK ewma=997
DMA IRQ c0=0
DMA IRQ c1=1
DMA IRQ c2=0
DMA IRQ c3=0
SELECT busy=2405
SELECT w0=2360
SELECT w1=1396
SELECT w2=1367
BUSY TASK ewma=997
DMA IRQ c0=0
DMA IRQ c1=1
DMA IRQ c2=0
DMA IRQ c3=0
SELECT busy=2423
SELECT w0=2379
SELECT w1=1408
SELECT w2=1381
BUSY TASK ewma=997
DMA IRQ c0=0
DMA IRQ c1=1
DMA IRQ c2=0
DMA IRQ c3=0
SELECT busy=2446
SELECT w0=2401
SELECT w1=1418
SELECT w2=1390
BUSY TASK ewma=997
DMA IRQ c0=0
DMA IRQ c1=1
DMA IRQ c2=0
DMA IRQ c3=0
SELECT busy=2466
SELECT w0=2422
SELECT w1=1433
SELECT w2=1412
BUSY TASK ewma=997
DMA IRQ c0=0
DMA IRQ c1=1
DMA IRQ c2=0
DMA IRQ c3=0
SELECT busy=2488
SELECT w0=2444
SELECT w1=1442
SELECT w2=1422
BUSY TASK ewma=997
DMA IRQ c0=0
DMA IRQ c1=1
DMA IRQ c2=0
DMA IRQ c3=0
SELECT busy=2513
SELECT w0=2469
SELECT w1=1457
SELECT w2=1438
BUSY TASK ewma=997
DMA IRQ c0=0
DMA IRQ c1=1
DMA IRQ c2=0
DMA IRQ c3=0
SELECT busy=2535
SELECT w0=2491
SELECT w1=1470
SELECT w2=1450
BUSY TASK ewma=997
DMA IRQ c0=0
DMA IRQ c1=1
DMA IRQ c2=0
DMA IRQ c3=0
SELECT busy=2558
SELECT w0=2514
SELECT w1=1484
SELECT w2=1465
BUSY TASK ewma=997
DMA IRQ c0=0
DMA IRQ c1=1
DMA IRQ c2=0
DMA IRQ c3=0
SELECT busy=2576
SELECT w0=2532
SELECT w1=1497
SELECT w2=1477
BUSY TASK ewma=997
DMA IRQ c0=0
DMA IRQ c1=1
DMA IRQ c2=0
DMA IRQ c3=0
SELECT busy=2598
SELECT w0=2553
SELECT w1=1508
SELECT w2=1487
BUSY TASK ewma=997
DMA IRQ c0=0
DMA IRQ c1=1
DMA IRQ c2=0
DMA IRQ c3=0
SELECT busy=2616
SELECT w0=2571
SELECT w1=1514
SELECT w2=1493
BUSY TASK ewma=997
DMA IRQ c0=0
DMA IRQ c1=1
DMA IRQ c2=0
DMA IRQ c3=0
SELECT busy=2641
SELECT w0=2597
SELECT w1=1526
SELECT w2=1506
BUSY TASK ewma=997
DMA IRQ c0=0
DMA IRQ c1=1
DMA IRQ c2=0
DMA IRQ c3=0
SELECT busy=2658
SELECT w0=2613
SELECT w1=1537
SELECT w2=1514
BUSY TASK ewma=997
DMA IRQ c0=0
DMA IRQ c1=1
DMA IRQ c2=0
DMA IRQ c3=0
SELECT busy=2672
SELECT w0=2627
SELECT w1=1547
SELECT w2=1522
BUSY TASK ewma=997
DMA IRQ c0=0
DMA IRQ c1=1
DMA IRQ c2=0
DMA IRQ c3=0
SELECT busy=2690
SELECT w0=2646
SELECT w1=1559
SELECT w2=1537
BUSY TASK ewma=997
DMA IRQ c0=0
DMA IRQ c1=1
DMA IRQ c2=0
DMA IRQ c3=0
SELECT busy=2710
SELECT w0=2665
SELECT w1=1570
SELECT w2=1548
BUSY TASK ewma=997
DMA IRQ c0=0
DMA IRQ c1=1
DMA IRQ c2=0
DMA IRQ c3=0
SELECT busy=2737
SELECT w0=2693
SELECT w1=1590
SELECT w2=1567
BUSY TASK ewma=997
DMA IRQ c0=0
DMA IRQ c1=1
DMA IRQ c2=0
DMA IRQ c3=0
SELECT busy=2766
SELECT w0=2722
SELECT w1=1615
SELECT w2=1588
BUSY TASK ewma=997
DMA IRQ c0=0
DMA IRQ c1=1
DMA IRQ c2=0
DMA IRQ c3=0
SELECT busy=2787
SELECT w0=2743
SELECT w1=1629
SELECT w2=1600
BUSY TASK ewma=997
DMA IRQ c0=0
DMA IRQ c1=1
DMA IRQ c2=0
DMA IRQ c3=0
SELECT busy=2816
SELECT w0=2771
SELECT w1=1645
SELECT w2=1616
BUSY TASK ewma=997
DMA IRQ c0=0
DMA IRQ c1=1
DMA IRQ c2=0
DMA IRQ c3=0
SELECT busy=2834
SELECT w0=2789
SELECT w1=1654
SELECT w2=1626
BUSY TASK ewma=997
DMA IRQ c0=0
DMA IRQ c1=1
DMA IRQ c2=0
DMA IRQ c3=0
SELECT busy=2853
SELECT w0=2808
SELECT w1=1661
SELECT w2=1631
BUSY TASK ewma=997
DMA IRQ c0=0
DMA IRQ c1=1
DMA IRQ c2=0
DMA IRQ c3=0
SELECT busy=2878
SELECT w0=2834
SELECT w1=1674
SELECT w2=1646
BUSY TASK ewma=997
DMA IRQ c0=0
DMA IRQ c1=1
DMA IRQ c2=0
DMA IRQ c3=0
SELECT busy=2896
SELECT w0=2851
SELECT w1=1681
SELECT w2=1653
BUSY TASK ewma=997
IRQ counts: cpu0=5782 cpu1=6665 cpu2=6479 cpu3=6588
SCHED secondaries: calls=19758 unexpected=0
SECTEST switches=19759 cpu1=78050059,72110191 cpu2=60108117,57610415 cpu3=84727515,83146014
PINGPONG rounds=1265 pongs=1266
DMA IRQ c0=0
DMA IRQ c1=1
DMA IRQ c2=0
DMA IRQ c3=0
SELECT busy=2935
SELECT w0=2891
SELECT w1=1707
SELECT w2=1680
BUSY TASK ewma=997
DMA IRQ c0=0
DMA IRQ c1=1
DMA IRQ c2=0
DMA IRQ c3=0
SELECT busy=2959
SELECT w0=2914
SELECT w1=1718
SELECT w2=1689
BUSY TASK ewma=997
DMA IRQ c0=0
DMA IRQ c1=1
DMA IRQ c2=0
DMA IRQ c3=0
SELECT busy=2990
SELECT w0=2947
SELECT w1=1735
SELECT w2=1712
BUSY TASK ewma=997
DMA IRQ c0=0
DMA IRQ c1=1
DMA IRQ c2=0
DMA IRQ c3=0
SELECT busy=3014
SELECT w0=2971
SELECT w1=1755
SELECT w2=1727
BUSY TASK ewma=997
DMA IRQ c0=0
DMA IRQ c1=1
DMA IRQ c2=0
DMA IRQ c3=0
SELECT busy=3047
SELECT w0=3003
SELECT w1=1771
SELECT w2=1743
BUSY TASK ewma=997
DMA IRQ c0=0
DMA IRQ c1=1
DMA IRQ c2=0
DMA IRQ c3=0
SELECT busy=3062
SELECT w0=3018
SELECT w1=1780
SELECT w2=1751
BUSY TASK ewma=997
DMA IRQ c0=0
DMA IRQ c1=1
DMA IRQ c2=0
DMA IRQ c3=0
SELECT busy=3085
SELECT w0=3040
SELECT w1=1793
SELECT w2=1765
BUSY TASK ewma=997
DMA IRQ c0=0
DMA IRQ c1=1
DMA IRQ c2=0
DMA IRQ c3=0
SELECT busy=3106
SELECT w0=3062
SELECT w1=1807
SELECT w2=1776
BUSY TASK ewma=997
DMA IRQ c0=0
DMA IRQ c1=1
DMA IRQ c2=0
DMA IRQ c3=0
SELECT busy=3128
SELECT w0=3086
SELECT w1=1822
SELECT w2=1789
BUSY TASK ewma=997
DMA IRQ c0=0
DMA IRQ c1=1
DMA IRQ c2=0
DMA IRQ c3=0
SELECT busy=3146
SELECT w0=3101
SELECT w1=1829
SELECT w2=1798
BUSY TASK ewma=997
DMA IRQ c0=0
DMA IRQ c1=1
DMA IRQ c2=0
DMA IRQ c3=0
SELECT busy=3168
SELECT w0=3124
SELECT w1=1848
SELECT w2=1811
BUSY TASK ewma=997
DMA IRQ c0=0
DMA IRQ c1=1
DMA IRQ c2=0
DMA IRQ c3=0
SELECT busy=3186
SELECT w0=3142
SELECT w1=1859
SELECT w2=1820
BUSY TASK ewma=997
DMA IRQ c0=0
DMA IRQ c1=1
DMA IRQ c2=0
DMA IRQ c3=0
SELECT busy=3205
SELECT w0=3160
SELECT w1=1868
SELECT w2=1829
BUSY TASK ewma=997
DMA IRQ c0=0
DMA IRQ c1=1
DMA IRQ c2=0
DMA IRQ c3=0
SELECT busy=3225
SELECT w0=3180
SELECT w1=1879
SELECT w2=1844
BUSY TASK ewma=997
DMA IRQ c0=0
DMA IRQ c1=1
DMA IRQ c2=0
DMA IRQ c3=0
SELECT busy=3247
SELECT w0=3203
SELECT w1=1894
SELECT w2=1857
BUSY TASK ewma=997
DMA IRQ c0=0
DMA IRQ c1=1
DMA IRQ c2=0
DMA IRQ c3=0
SELECT busy=3263
SELECT w0=3218
SELECT w1=1904
SELECT w2=1866
BUSY TASK ewma=997
DMA IRQ c0=0
DMA IRQ c1=1
DMA IRQ c2=0
DMA IRQ c3=0
SELECT busy=3278
SELECT w0=3234
SELECT w1=1914
SELECT w2=1878
BUSY TASK ewma=997
DMA IRQ c0=0
DMA IRQ c1=1
DMA IRQ c2=0
DMA IRQ c3=0
SELECT busy=3298
SELECT w0=3255
SELECT w1=1929
SELECT w2=1897
BUSY TASK ewma=997
DMA IRQ c0=0
DMA IRQ c1=1
DMA IRQ c2=0
DMA IRQ c3=0
SELECT busy=3321
SELECT w0=3277
SELECT w1=1942
SELECT w2=1913
BUSY TASK ewma=997
DMA IRQ c0=0
DMA IRQ c1=1
DMA IRQ c2=0
DMA IRQ c3=0
SELECT busy=3346
SELECT w0=3302
SELECT w1=1962
SELECT w2=1930
BUSY TASK ewma=997
DMA IRQ c0=0
DMA IRQ c1=1
DMA IRQ c2=0
DMA IRQ c3=0
SELECT busy=3362
SELECT w0=3318
SELECT w1=1972
SELECT w2=1942
BUSY TASK ewma=997
DMA IRQ c0=0
DMA IRQ c1=1
DMA IRQ c2=0
DMA IRQ c3=0
SELECT busy=3385
SELECT w0=3340
SELECT w1=1985
SELECT w2=1955
BUSY TASK ewma=997
DMA IRQ c0=0
DMA IRQ c1=1
DMA IRQ c2=0
DMA IRQ c3=0
SELECT busy=3405
SELECT w0=3361
SELECT w1=1997
SELECT w2=1968
BUSY TASK ewma=997
DMA IRQ c0=0
DMA IRQ c1=1
DMA IRQ c2=0
DMA IRQ c3=0
SELECT busy=3423
SELECT w0=3378
SELECT w1=2004
SELECT w2=1977
BUSY TASK ewma=997
DMA IRQ c0=0
DMA IRQ c1=1
DMA IRQ c2=0
DMA IRQ c3=0
SELECT busy=3447
SELECT w0=3403
SELECT w1=2015
SELECT w2=1991
BUSY TASK ewma=997
DMA IRQ c0=0
DMA IRQ c1=1
DMA IRQ c2=0
DMA IRQ c3=0
SELECT busy=3470
SELECT w0=3426
SELECT w1=2026
SELECT w2=2001
BUSY TASK ewma=997
DMA IRQ c0=0
DMA IRQ c1=1
DMA IRQ c2=0
DMA IRQ c3=0
SELECT busy=3491
SELECT w0=3446
SELECT w1=2035
SELECT w2=2012
BUSY TASK ewma=997
DMA IRQ c0=0
DMA IRQ c1=1
DMA IRQ c2=0
DMA IRQ c3=0
SELECT busy=3506
SELECT w0=3462
SELECT w1=2043
SELECT w2=2022
BUSY TASK ewma=997
DMA IRQ c0=0
DMA IRQ c1=1
DMA IRQ c2=0
DMA IRQ c3=0
SELECT busy=3526
SELECT w0=3482
SELECT w1=2056
SELECT w2=2038
BUSY TASK ewma=997
DMA IRQ c0=0
DMA IRQ c1=1
DMA IRQ c2=0
DMA IRQ c3=0
SELECT busy=3555
SELECT w0=3511
SELECT w1=2080
SELECT w2=2055
BUSY TASK ewma=997
DMA IRQ c0=0
DMA IRQ c1=1
DMA IRQ c2=0
DMA IRQ c3=0
SELECT busy=3578
SELECT w0=3534
SELECT w1=2094
SELECT w2=2069
BUSY TASK ewma=997
DMA IRQ c0=0
DMA IRQ c1=1
DMA IRQ c2=0
DMA IRQ c3=0
SELECT busy=3605
SELECT w0=3561
SELECT w1=2108
SELECT w2=2080
BUSY TASK ewma=997
DMA IRQ c0=0
DMA IRQ c1=1
DMA IRQ c2=0
DMA IRQ c3=0
SELECT busy=3617
SELECT w0=3572
SELECT w1=2115
SELECT w2=2086
BUSY TASK ewma=997
DMA IRQ c0=0
DMA IRQ c1=1
DMA IRQ c2=0
DMA IRQ c3=0
SELECT busy=3638
SELECT w0=3593
SELECT w1=2128
SELECT w2=2095
BUSY TASK ewma=997
DMA IRQ c0=0
DMA IRQ c1=1
DMA IRQ c2=0
DMA IRQ c3=0
SELECT busy=3661
SELECT w0=3617
SELECT w1=2146
SELECT w2=2111
BUSY TASK ewma=997
DMA IRQ c0=0
DMA IRQ c1=1
DMA IRQ c2=0
DMA IRQ c3=0
SELECT busy=3688
SELECT w0=3645
SELECT w1=2163
SELECT w2=2125
BUSY TASK ewma=997
DMA IRQ c0=0
DMA IRQ c1=1
DMA IRQ c2=0
DMA IRQ c3=0
SELECT busy=3709
SELECT w0=3666
SELECT w1=2179
SELECT w2=2138
BUSY TASK ewma=997
DMA IRQ c0=0
DMA IRQ c1=1
DMA IRQ c2=0
DMA IRQ c3=0
SELECT busy=3738
SELECT w0=3694
SELECT w1=2197
SELECT w2=2153
BUSY TASK ewma=997
DMA IRQ c0=0
DMA IRQ c1=1
DMA IRQ c2=0
DMA IRQ c3=0
SELECT busy=3764
SELECT w0=3722
SELECT w1=2220
SELECT w2=2170
BUSY TASK ewma=997
DMA IRQ c0=0
DMA IRQ c1=1
DMA IRQ c2=0
DMA IRQ c3=0
SELECT busy=3789
SELECT w0=3745
SELECT w1=2236
SELECT w2=2183
BUSY TASK ewma=997
DMA IRQ c0=0
DMA IRQ c1=1
DMA IRQ c2=0
DMA IRQ c3=0
SELECT busy=3806
SELECT w0=3762
SELECT w1=2247
SELECT w2=2193
BUSY TASK ewma=997
DMA IRQ c0=0
DMA IRQ c1=1
DMA IRQ c2=0
DMA IRQ c3=0
SELECT busy=3826
SELECT w0=3782
SELECT w1=2261
SELECT w2=2206
BUSY TASK ewma=997
DMA IRQ c0=0
DMA IRQ c1=1
DMA IRQ c2=0
DMA IRQ c3=0
SELECT busy=3848
SELECT w0=3804
SELECT w1=2276
SELECT w2=2217
BUSY TASK ewma=997
DMA IRQ c0=0
DMA IRQ c1=1
DMA IRQ c2=0
DMA IRQ c3=0
SELECT busy=3870
SELECT w0=3825
SELECT w1=2289
SELECT w2=2230
BUSY TASK ewma=997
DMA IRQ c0=0
DMA IRQ c1=1
DMA IRQ c2=0
DMA IRQ c3=0
SELECT busy=3891
SELECT w0=3847
SELECT w1=2305
SELECT w2=2250
BUSY TASK ewma=997
DMA IRQ c0=0
DMA IRQ c1=1
DMA IRQ c2=0
DMA IRQ c3=0
SELECT busy=3911
SELECT w0=3867
SELECT w1=2318
SELECT w2=2263
BUSY TASK ewma=997
DMA IRQ c0=0
DMA IRQ c1=1
DMA IRQ c2=0
DMA IRQ c3=0
SELECT busy=3931
SELECT w0=3887
SELECT w1=2331
SELECT w2=2276
BUSY TASK ewma=997
DMA IRQ c0=0
DMA IRQ c1=1
DMA IRQ c2=0
DMA IRQ c3=0
SELECT busy=3959
SELECT w0=3915
SELECT w1=2351
SELECT w2=2293
BUSY TASK ewma=997
DMA IRQ c0=0
DMA IRQ c1=1
DMA IRQ c2=0
DMA IRQ c3=0
SELECT busy=3978
SELECT w0=3934
SELECT w1=2366
SELECT w2=2304
BUSY TASK ewma=997
DMA IRQ c0=0
DMA IRQ c1=1
DMA IRQ c2=0
DMA IRQ c3=0
SELECT busy=3996
SELECT w0=3951
SELECT w1=2379
SELECT w2=2317
BUSY TASK ewma=997
DMA IRQ c0=0
DMA IRQ c1=1
DMA IRQ c2=0
DMA IRQ c3=0
SELECT busy=4026
SELECT w0=3984
SELECT w1=2401
SELECT w2=2338
BUSY TASK ewma=997
DMA IRQ c0=0
DMA IRQ c1=1
DMA IRQ c2=0
DMA IRQ c3=0
SELECT busy=4054
SELECT w0=4009
SELECT w1=2415
SELECT w2=2354
BUSY TASK ewma=997
DMA IRQ c0=0
DMA IRQ c1=1
DMA IRQ c2=0
DMA IRQ c3=0
SELECT busy=4072
SELECT w0=4028
SELECT w1=2426
SELECT w2=2372
BUSY TASK ewma=997
DMA IRQ c0=0
DMA IRQ c1=1
DMA IRQ c2=0
DMA IRQ c3=0
SELECT busy=4096
SELECT w0=4052
SELECT w1=2442
SELECT w2=2389
BUSY TASK ewma=997
DMA IRQ c0=0
DMA IRQ c1=1
DMA IRQ c2=0
DMA IRQ c3=0
SELECT busy=4126
SELECT w0=4082
SELECT w1=2461
SELECT w2=2405
BUSY TASK ewma=997
DMA IRQ c0=0
DMA IRQ c1=1
DMA IRQ c2=0
DMA IRQ c3=0
SELECT busy=4145
SELECT w0=4100
SELECT w1=2476
SELECT w2=2416
BUSY TASK ewma=997
DMA IRQ c0=0
DMA IRQ c1=1
DMA IRQ c2=0
DMA IRQ c3=0
SELECT busy=4166
SELECT w0=4123
SELECT w1=2488
SELECT w2=2429
BUSY TASK ewma=997
DMA IRQ c0=0
DMA IRQ c1=1
DMA IRQ c2=0
DMA IRQ c3=0
SELECT busy=4188
SELECT w0=4144
SELECT w1=2500
SELECT w2=2441
BUSY TASK ewma=997
DMA IRQ c0=0
DMA IRQ c1=1
DMA IRQ c2=0
DMA IRQ c3=0
SELECT busy=4205
SELECT w0=4160
SELECT w1=2510
SELECT w2=2451
BUSY TASK ewma=997
DMA IRQ c0=0
DMA IRQ c1=1
DMA IRQ c2=0
DMA IRQ c3=0
SELECT busy=4220
SELECT w0=4176
SELECT w1=2520
SELECT w2=2461
BUSY TASK ewma=997
DMA IRQ c0=0
DMA IRQ c1=1
DMA IRQ c2=0
DMA IRQ c3=0
SELECT busy=4240
SELECT w0=4196
SELECT w1=2537
SELECT w2=2475
BUSY TASK ewma=997
DMA IRQ c0=0
DMA IRQ c1=1
DMA IRQ c2=0
DMA IRQ c3=0
SELECT busy=4263
SELECT w0=4220
SELECT w1=2556
SELECT w2=2491
BUSY TASK ewma=997
DMA IRQ c0=0
DMA IRQ c1=1
DMA IRQ c2=0
DMA IRQ c3=0
SELECT busy=4281
SELECT w0=4237
SELECT w1=2572
SELECT w2=2501
BUSY TASK ewma=997
DMA IRQ c0=0
DMA IRQ c1=1
DMA IRQ c2=0
DMA IRQ c3=0
SELECT busy=4300
SELECT w0=4256
SELECT w1=2585
SELECT w2=2513
BUSY TASK ewma=997
IRQ counts: cpu0=8582 cpu1=10339 cpu2=9975 cpu3=10244
SCHED secondaries: calls=30571 unexpected=0
SECTEST switches=30544 cpu1=122712320,115986536 cpu2=93839248,90308184 cpu3=133541403,131470797
PINGPONG rounds=1871 pongs=1872
DMA IRQ c0=0
DMA IRQ c1=1
DMA IRQ c2=0
DMA IRQ c3=0
SELECT busy=4332
SELECT w0=4288
SELECT w1=2606
SELECT w2=2532
BUSY TASK ewma=997
DMA IRQ c0=0
DMA IRQ c1=1
DMA IRQ c2=0
DMA IRQ c3=0
SELECT busy=4354
SELECT w0=4310
SELECT w1=2618
SELECT w2=2548
BUSY TASK ewma=997
DMA IRQ c0=0
DMA IRQ c1=1
DMA IRQ c2=0
DMA IRQ c3=0
SELECT busy=4380
SELECT w0=4336
SELECT w1=2633
SELECT w2=2563
BUSY TASK ewma=997
DMA IRQ c0=0
DMA IRQ c1=1
DMA IRQ c2=0
DMA IRQ c3=0
SELECT busy=4411
SELECT w0=4367
SELECT w1=2651
SELECT w2=2585
BUSY TASK ewma=997
DMA IRQ c0=0
DMA IRQ c1=1
DMA IRQ c2=0
DMA IRQ c3=0
SELECT busy=4440
SELECT w0=4396
SELECT w1=2667
SELECT w2=2604
BUSY TASK ewma=997
DMA IRQ c0=0
DMA IRQ c1=1
DMA IRQ c2=0
DMA IRQ c3=0
SELECT busy=4464
SELECT w0=4420
SELECT w1=2680
SELECT w2=2618
BUSY TASK ewma=997
DMA IRQ c0=0
DMA IRQ c1=1
DMA IRQ c2=0
DMA IRQ c3=0
SELECT busy=4504
SELECT w0=4460
SELECT w1=2702
SELECT w2=2640
BUSY TASK ewma=997
DMA IRQ c0=0
DMA IRQ c1=1
DMA IRQ c2=0
DMA IRQ c3=0
SELECT busy=4531
SELECT w0=4489
SELECT w1=2723
SELECT w2=2657
BUSY TASK ewma=997
DMA IRQ c0=0
DMA IRQ c1=1
DMA IRQ c2=0
DMA IRQ c3=0
SELECT busy=4562
SELECT w0=4518
SELECT w1=2740
SELECT w2=2677
BUSY TASK ewma=997
DMA IRQ c0=0
DMA IRQ c1=1
DMA IRQ c2=0
DMA IRQ c3=0
SELECT busy=4590
SELECT w0=4546
SELECT w1=2757
SELECT w2=2694
BUSY TASK ewma=997
DMA IRQ c0=0
DMA IRQ c1=1
DMA IRQ c2=0
DMA IRQ c3=0
SELECT busy=4611
SELECT w0=4567
SELECT w1=2772
SELECT w2=2710
BUSY TASK ewma=997
DMA IRQ c0=0
DMA IRQ c1=1
DMA IRQ c2=0
DMA IRQ c3=0
SELECT busy=4641
SELECT w0=4596
SELECT w1=2788
SELECT w2=2727
BUSY TASK ewma=997
DMA IRQ c0=0
DMA IRQ c1=1
DMA IRQ c2=0
DMA IRQ c3=0
SELECT busy=4660
SELECT w0=4616
SELECT w1=2801
SELECT w2=2742
BUSY TASK ewma=997
DMA IRQ c0=0
DMA IRQ c1=1
DMA IRQ c2=0
DMA IRQ c3=0
SELECT busy=4681
SELECT w0=4637
SELECT w1=2813
SELECT w2=2757
BUSY TASK ewma=997
DMA IRQ c0=0
DMA IRQ c1=1
DMA IRQ c2=0
DMA IRQ c3=0
SELECT busy=4703
SELECT w0=4660
SELECT w1=2823
SELECT w2=2774
BUSY TASK ewma=997
DMA IRQ c0=0
DMA IRQ c1=1
DMA IRQ c2=0
DMA IRQ c3=0
SELECT busy=4726
SELECT w0=4682
SELECT w1=2835
SELECT w2=2790
BUSY TASK ewma=997
DMA IRQ c0=0
DMA IRQ c1=1
DMA IRQ c2=0
DMA IRQ c3=0
SELECT busy=4750
SELECT w0=4707
SELECT w1=2846
SELECT w2=2806
BUSY TASK ewma=997
DMA IRQ c0=0
DMA IRQ c1=1
DMA IRQ c2=0
DMA IRQ c3=0
SELECT busy=4767
SELECT w0=4722
SELECT w1=2854
SELECT w2=2817
BUSY TASK ewma=997
DMA IRQ c0=0
DMA IRQ c1=1
DMA IRQ c2=0
DMA IRQ c3=0
SELECT busy=4783
SELECT w0=4738
SELECT w1=2862
SELECT w2=2829
BUSY TASK ewma=997
DMA IRQ c0=0
DMA IRQ c1=1
DMA IRQ c2=0
DMA IRQ c3=0
SELECT busy=4804
SELECT w0=4760
SELECT w1=2875
SELECT w2=2846
BUSY TASK ewma=997
DMA IRQ c0=0
DMA IRQ c1=1
DMA IRQ c2=0
DMA IRQ c3=0
SELECT busy=4823
SELECT w0=4778
SELECT w1=2883
SELECT w2=2857
BUSY TASK ewma=997
DMA IRQ c0=0
DMA IRQ c1=1
DMA IRQ c2=0
DMA IRQ c3=0
SELECT busy=4849
SELECT w0=4805
SELECT w1=2897
SELECT w2=2873
BUSY TASK ewma=997
DMA IRQ c0=0
DMA IRQ c1=1
DMA IRQ c2=0
DMA IRQ c3=0
SELECT busy=4876
SELECT w0=4832
SELECT w1=2912
SELECT w2=2889
BUSY TASK ewma=997
DMA IRQ c0=0
DMA IRQ c1=1
DMA IRQ c2=0
DMA IRQ c3=0
SELECT busy=4901
SELECT w0=4858
SELECT w1=2925
SELECT w2=2906
BUSY TASK ewma=997
DMA IRQ c0=0
DMA IRQ c1=1
DMA IRQ c2=0
DMA IRQ c3=0
SELECT busy=4924
SELECT w0=4881
SELECT w1=2937
SELECT w2=2923
BUSY TASK ewma=997
DMA IRQ c0=0
DMA IRQ c1=1
DMA IRQ c2=0
DMA IRQ c3=0
SELECT busy=4955
SELECT w0=4911
SELECT w1=2949
SELECT w2=2938
BUSY TASK ewma=997
DMA IRQ c0=0
DMA IRQ c1=1
DMA IRQ c2=0
DMA IRQ c3=0
SELECT busy=4975
SELECT w0=4930
SELECT w1=2956
SELECT w2=2946
BUSY TASK ewma=997
DMA IRQ c0=0
DMA IRQ c1=1
DMA IRQ c2=0
DMA IRQ c3=0
SELECT busy=4991
SELECT w0=4946
SELECT w1=2965
SELECT w2=2959
BUSY TASK ewma=997
DMA IRQ c0=0
DMA IRQ c1=1
DMA IRQ c2=0
DMA IRQ c3=0
SELECT busy=5011
SELECT w0=4967
SELECT w1=2975
SELECT w2=2970
BUSY TASK ewma=997
DMA IRQ c0=0
DMA IRQ c1=1
DMA IRQ c2=0
DMA IRQ c3=0
SELECT busy=5027
SELECT w0=4982
SELECT w1=2982
SELECT w2=2980
BUSY TASK ewma=997
DMA IRQ c0=0
DMA IRQ c1=1
DMA IRQ c2=0
DMA IRQ c3=0
SELECT busy=5047
SELECT w0=5003
SELECT w1=2993
SELECT w2=2994
BUSY TASK ewma=997
DMA IRQ c0=0
DMA IRQ c1=1
DMA IRQ c2=0
DMA IRQ c3=0
SELECT busy=5067
SELECT w0=5023
SELECT w1=3010
SELECT w2=3008
BUSY TASK ewma=997
DMA IRQ c0=0
DMA IRQ c1=1
DMA IRQ c2=0
DMA IRQ c3=0
SELECT busy=5087
SELECT w0=5043
SELECT w1=3021
SELECT w2=3019
BUSY TASK ewma=997
DMA IRQ c0=0
DMA IRQ c1=1
DMA IRQ c2=0
DMA IRQ c3=0
SELECT busy=5109
SELECT w0=5065
SELECT w1=3032
SELECT w2=3034
BUSY TASK ewma=997
DMA IRQ c0=0
DMA IRQ c1=1
DMA IRQ c2=0
DMA IRQ c3=0
SELECT busy=5130
SELECT w0=5086
SELECT w1=3042
SELECT w2=3048
BUSY TASK ewma=997
DMA IRQ c0=0
DMA IRQ c1=1
DMA IRQ c2=0
DMA IRQ c3=0
SELECT busy=5155
SELECT w0=5110
SELECT w1=3054
SELECT w2=3065
BUSY TASK ewma=997
DMA IRQ c0=0
DMA IRQ c1=1
DMA IRQ c2=0
DMA IRQ c3=0
SELECT busy=5178
SELECT w0=5134
SELECT w1=3060
SELECT w2=3072
BUSY TASK ewma=997
DMA IRQ c0=0
DMA IRQ c1=1
DMA IRQ c2=0
DMA IRQ c3=0
SELECT busy=5196
SELECT w0=5152
SELECT w1=3069
SELECT w2=3081
BUSY TASK ewma=997
DMA IRQ c0=0
DMA IRQ c1=1
DMA IRQ c2=0
DMA IRQ c3=0
SELECT busy=5224
SELECT w0=5180
SELECT w1=3086
SELECT w2=3096
BUSY TASK ewma=997
DMA IRQ c0=0
DMA IRQ c1=1
DMA IRQ c2=0
DMA IRQ c3=0
SELECT busy=5249
SELECT w0=5205
SELECT w1=3097
SELECT w2=3108
BUSY TASK ewma=997
DMA IRQ c0=0
DMA IRQ c1=1
DMA IRQ c2=0
DMA IRQ c3=0
SELECT busy=5270
SELECT w0=5226
SELECT w1=3109
SELECT w2=3126
BUSY TASK ewma=997
DMA IRQ c0=0
DMA IRQ c1=1
DMA IRQ c2=0
DMA IRQ c3=0
SELECT busy=5290
SELECT w0=5246
SELECT w1=3119
SELECT w2=3142
BUSY TASK ewma=997
DMA IRQ c0=0
DMA IRQ c1=1
DMA IRQ c2=0
DMA IRQ c3=0
SELECT busy=5311
SELECT w0=5269
SELECT w1=3128
SELECT w2=3152
BUSY TASK ewma=997
DMA IRQ c0=0
DMA IRQ c1=1
DMA IRQ c2=0
DMA IRQ c3=0
SELECT busy=5333
SELECT w0=5288
SELECT w1=3143
SELECT w2=3165
BUSY TASK ewma=997
DMA IRQ c0=0
DMA IRQ c1=1
DMA IRQ c2=0
DMA IRQ c3=0
SELECT busy=5353
SELECT w0=5309
SELECT w1=3162
SELECT w2=3181
BUSY TASK ewma=997
DMA IRQ c0=0
DMA IRQ c1=1
DMA IRQ c2=0
DMA IRQ c3=0
SELECT busy=5375
SELECT w0=5331
SELECT w1=3180
SELECT w2=3196
BUSY TASK ewma=997
DMA IRQ c0=0
DMA IRQ c1=1
DMA IRQ c2=0
DMA IRQ c3=0
SELECT busy=5392
SELECT w0=5348
SELECT w1=3193
SELECT w2=3207
BUSY TASK ewma=997
DMA IRQ c0=0
DMA IRQ c1=1
DMA IRQ c2=0
DMA IRQ c3=0
SELECT busy=5418
SELECT w0=5374
SELECT w1=3207
SELECT w2=3223
BUSY TASK ewma=997
DMA IRQ c0=0
DMA IRQ c1=1
DMA IRQ c2=0
DMA IRQ c3=0
SELECT busy=5438
SELECT w0=5393
SELECT w1=3219
SELECT w2=3234
BUSY TASK ewma=997
DMA IRQ c0=0
DMA IRQ c1=1
DMA IRQ c2=0
DMA IRQ c3=0
SELECT busy=5462
SELECT w0=5418
SELECT w1=3231
SELECT w2=3254
BUSY TASK ewma=997
DMA IRQ c0=0
DMA IRQ c1=1
DMA IRQ c2=0
DMA IRQ c3=0
SELECT busy=5485
SELECT w0=5441
SELECT w1=3243
SELECT w2=3272
BUSY TASK ewma=997
DMA IRQ c0=0
DMA IRQ c1=1
DMA IRQ c2=0
DMA IRQ c3=0
SELECT busy=5510
SELECT w0=5466
SELECT w1=3257
SELECT w2=3285
BUSY TASK ewma=997
DMA IRQ c0=0
DMA IRQ c1=1
DMA IRQ c2=0
DMA IRQ c3=0
SELECT busy=5527
SELECT w0=5483
SELECT w1=3267
SELECT w2=3298
BUSY TASK ewma=997
DMA IRQ c0=0
DMA IRQ c1=1
DMA IRQ c2=0
DMA IRQ c3=0
SELECT busy=5556
SELECT w0=5512
SELECT w1=3281
SELECT w2=3318
BUSY TASK ewma=997
DMA IRQ c0=0
DMA IRQ c1=1
DMA IRQ c2=0
DMA IRQ c3=0
SELECT busy=5572
SELECT w0=5528
SELECT w1=3288
SELECT w2=3330
BUSY TASK ewma=997
DMA IRQ c0=0
DMA IRQ c1=1
DMA IRQ c2=0
DMA IRQ c3=0
SELECT busy=5588
SELECT w0=5544
SELECT w1=3297
SELECT w2=3343
BUSY TASK ewma=997
DMA IRQ c0=0
DMA IRQ c1=1
DMA IRQ c2=0
DMA IRQ c3=0
SELECT busy=5607
SELECT w0=5563
SELECT w1=3306
SELECT w2=3354
BUSY TASK ewma=997
DMA IRQ c0=0
DMA IRQ c1=1
DMA IRQ c2=0
DMA IRQ c3=0
SELECT busy=5624
SELECT w0=5580
SELECT w1=3314
SELECT w2=3365
BUSY TASK ewma=997
DMA IRQ c0=0
DMA IRQ c1=1
DMA IRQ c2=0
DMA IRQ c3=0
SELECT busy=5641
SELECT w0=5597
SELECT w1=3323
SELECT w2=3376
BUSY TASK ewma=997
DMA IRQ c0=0
DMA IRQ c1=1
DMA IRQ c2=0
DMA IRQ c3=0
SELECT busy=5662
SELECT w0=5618
SELECT w1=3335
SELECT w2=3391
BUSY TASK ewma=997
DMA IRQ c0=0
DMA IRQ c1=1
DMA IRQ c2=0
DMA IRQ c3=0
SELECT busy=5685
SELECT w0=5641
SELECT w1=3345
SELECT w2=3409
BUSY TASK ewma=997
DMA IRQ c0=0
DMA IRQ c1=1
DMA IRQ c2=0
DMA IRQ c3=0
SELECT busy=5706
SELECT w0=5661
SELECT w1=3354
SELECT w2=3420
BUSY TASK ewma=997
DMA IRQ c0=0
DMA IRQ c1=1
DMA IRQ c2=0
DMA IRQ c3=0
SELECT busy=5722
SELECT w0=5677
SELECT w1=3362
SELECT w2=3427
BUSY TASK ewma=997
DMA IRQ c0=0
DMA IRQ c1=1
DMA IRQ c2=0
DMA IRQ c3=0
SELECT busy=5753
SELECT w0=5708
SELECT w1=3373
SELECT w2=3440
BUSY TASK ewma=997
IRQ counts: cpu0=11492 cpu1=14117 cpu2=13715 cpu3=13963
SCHED secondaries: calls=41813 unexpected=0
SECTEST switches=41797 cpu1=161780582,152754167 cpu2=131057717,126475588 cpu3=183233944,179542598
PINGPONG rounds=2000 pongs=2000
DMA IRQ c0=0
DMA IRQ c1=1
DMA IRQ c2=0
DMA IRQ c3=0
SELECT busy=5787
SELECT w0=5747
SELECT w1=3396
SELECT w2=3467
BUSY TASK ewma=997
DMA IRQ c0=0
DMA IRQ c1=1
DMA IRQ c2=0
DMA IRQ c3=0
SELECT busy=5812
SELECT w0=5767
SELECT w1=3402
SELECT w2=3475
BUSY TASK ewma=997
DMA IRQ c0=0
DMA IRQ c1=1
DMA IRQ c2=0
DMA IRQ c3=0
SELECT busy=5832
SELECT w0=5788
SELECT w1=3409
SELECT w2=3484
BUSY TASK ewma=997
DMA IRQ c0=0
DMA IRQ c1=1
DMA IRQ c2=0
DMA IRQ c3=0
SELECT busy=5858
SELECT w0=5813
SELECT w1=3417
SELECT w2=3494
BUSY TASK ewma=997
DMA IRQ c0=0
DMA IRQ c1=1
DMA IRQ c2=0
DMA IRQ c3=0
SELECT busy=5877
SELECT w0=5833
SELECT w1=3425
SELECT w2=3507
BUSY TASK ewma=997
DMA IRQ c0=0
DMA IRQ c1=1
DMA IRQ c2=0
DMA IRQ c3=0
SELECT busy=5906
SELECT w0=5861
SELECT w1=3439
SELECT w2=3521
BUSY TASK ewma=997
DMA IRQ c0=0
DMA IRQ c1=1
DMA IRQ c2=0
DMA IRQ c3=0
SELECT busy=5927
SELECT w0=5883
SELECT w1=3449
SELECT w2=3533
BUSY TASK ewma=997
DMA IRQ c0=0
DMA IRQ c1=1
DMA IRQ c2=0
DMA IRQ c3=0
SELECT busy=5959
SELECT w0=5916
SELECT w1=3463
SELECT w2=3552
BUSY TASK ewma=997
DMA IRQ c0=0
DMA IRQ c1=1
DMA IRQ c2=0
DMA IRQ c3=0
SELECT busy=5983
SELECT w0=5940
SELECT w1=3475
SELECT w2=3575
BUSY TASK ewma=997
DMA IRQ c0=0
DMA IRQ c1=1
DMA IRQ c2=0
DMA IRQ c3=0
SELECT busy=6013
SELECT w0=5969
SELECT w1=3488
SELECT w2=3597
BUSY TASK ewma=997
DMA IRQ c0=0
DMA IRQ c1=1
DMA IRQ c2=0
DMA IRQ c3=0
SELECT busy=6041
SELECT w0=5996
SELECT w1=3501
SELECT w2=3612
BUSY TASK ewma=997
DMA IRQ c0=0
DMA IRQ c1=1
DMA IRQ c2=0
DMA IRQ c3=0
SELECT busy=6064
SELECT w0=6020
SELECT w1=3514
SELECT w2=3625
BUSY TASK ewma=997
DMA IRQ c0=0
DMA IRQ c1=1
DMA IRQ c2=0
DMA IRQ c3=0
SELECT busy=6091
SELECT w0=6046
SELECT w1=3526
SELECT w2=3639
BUSY TASK ewma=997
DMA IRQ c0=0
DMA IRQ c1=1
DMA IRQ c2=0
DMA IRQ c3=0
SELECT busy=6114
SELECT w0=6069
SELECT w1=3536
SELECT w2=3652
BUSY TASK ewma=997
DMA IRQ c0=0
DMA IRQ c1=1
DMA IRQ c2=0
DMA IRQ c3=0
SELECT busy=6129
SELECT w0=6084
SELECT w1=3545
SELECT w2=3661
BUSY TASK ewma=997
DMA IRQ c0=0
DMA IRQ c1=1
DMA IRQ c2=0
DMA IRQ c3=0
SELECT busy=6149
SELECT w0=6104
SELECT w1=3551
SELECT w2=3667
BUSY TASK ewma=997
DMA IRQ c0=0
DMA IRQ c1=1
DMA IRQ c2=0
DMA IRQ c3=0
SELECT busy=6167
SELECT w0=6122
SELECT w1=3556
SELECT w2=3672
BUSY TASK ewma=997
DMA IRQ c0=0
DMA IRQ c1=1
DMA IRQ c2=0
DMA IRQ c3=0
SELECT busy=6192
SELECT w0=6151
SELECT w1=3569
SELECT w2=3688
BUSY TASK ewma=997
DMA IRQ c0=0
DMA IRQ c1=1
DMA IRQ c2=0
DMA IRQ c3=0
SELECT busy=6213
SELECT w0=6168
SELECT w1=3575
SELECT w2=3697
BUSY TASK ewma=997
DMA IRQ c0=0
DMA IRQ c1=1
DMA IRQ c2=0
DMA IRQ c3=0
SELECT busy=6234
SELECT w0=6190
SELECT w1=3583
SELECT w2=3710
BUSY TASK ewma=997
DMA IRQ c0=0
DMA IRQ c1=1
DMA IRQ c2=0
DMA IRQ c3=0
SELECT busy=6257
SELECT w0=6213
SELECT w1=3595
SELECT w2=3727
BUSY TASK ewma=997
DMA IRQ c0=0
DMA IRQ c1=1
DMA IRQ c2=0
DMA IRQ c3=0
SELECT busy=6275
SELECT w0=6231
SELECT w1=3603
SELECT w2=3739
BUSY TASK ewma=997
DMA IRQ c0=0
DMA IRQ c1=1
DMA IRQ c2=0
DMA IRQ c3=0
SELECT busy=6294
SELECT w0=6251
SELECT w1=3610
SELECT w2=3746
BUSY TASK ewma=997
DMA IRQ c0=0
DMA IRQ c1=1
DMA IRQ c2=0
DMA IRQ c3=0
SELECT busy=6313
SELECT w0=6268
SELECT w1=3615
SELECT w2=3753
BUSY TASK ewma=997
DMA IRQ c0=0
DMA IRQ c1=1
DMA IRQ c2=0
DMA IRQ c3=0
SELECT busy=6335
SELECT w0=6291
SELECT w1=3625
SELECT w2=3763
BUSY TASK ewma=997
DMA IRQ c0=0
DMA IRQ c1=1
DMA IRQ c2=0
DMA IRQ c3=0
SELECT busy=6349
SELECT w0=6305
SELECT w1=3635
SELECT w2=3772
BUSY TASK ewma=997
DMA IRQ c0=0
DMA IRQ c1=1
DMA IRQ c2=0
DMA IRQ c3=0
SELECT busy=6370
SELECT w0=6325
SELECT w1=3642
SELECT w2=3782
BUSY TASK ewma=997
DMA IRQ c0=0
DMA IRQ c1=1
DMA IRQ c2=0
DMA IRQ c3=0
SELECT busy=6385
SELECT w0=6340
SELECT w1=3650
SELECT w2=3790
BUSY TASK ewma=997
DMA IRQ c0=0
DMA IRQ c1=1
DMA IRQ c2=0
DMA IRQ c3=0
SELECT busy=6403
SELECT w0=6360
SELECT w1=3659
SELECT w2=3801
BUSY TASK ewma=997
DMA IRQ c0=0
DMA IRQ c1=1
DMA IRQ c2=0
DMA IRQ c3=0
SELECT busy=6435
SELECT w0=6392
SELECT w1=3670
SELECT w2=3818
BUSY TASK ewma=997
DMA IRQ c0=0
DMA IRQ c1=1
DMA IRQ c2=0
DMA IRQ c3=0
SELECT busy=6463
SELECT w0=6420
SELECT w1=3689
SELECT w2=3835
BUSY TASK ewma=997
DMA IRQ c0=0
DMA IRQ c1=1
DMA IRQ c2=0
DMA IRQ c3=0
SELECT busy=6482
SELECT w0=6437
SELECT w1=3697
SELECT w2=3845
BUSY TASK ewma=997
DMA IRQ c0=0
DMA IRQ c1=1
DMA IRQ c2=0
DMA IRQ c3=0
SELECT busy=6507
SELECT w0=6463
SELECT w1=3709
SELECT w2=3860
BUSY TASK ewma=997
DMA IRQ c0=0
DMA IRQ c1=1
DMA IRQ c2=0
DMA IRQ c3=0
SELECT busy=6534
SELECT w0=6491
SELECT w1=3720
SELECT w2=3874
BUSY TASK ewma=997
DMA IRQ c0=0
DMA IRQ c1=1
DMA IRQ c2=0
DMA IRQ c3=0
SELECT busy=6564
SELECT w0=6519
SELECT w1=3735
SELECT w2=3887
BUSY TASK ewma=997
DMA IRQ c0=0
DMA IRQ c1=1
DMA IRQ c2=0
DMA IRQ c3=0
SELECT busy=6585
SELECT w0=6541
SELECT w1=3747
SELECT w2=3900
BUSY TASK ewma=997
DMA IRQ c0=0
DMA IRQ c1=1
DMA IRQ c2=0
DMA IRQ c3=0
SELECT busy=6614
SELECT w0=6571
SELECT w1=3764
SELECT w2=3921
BUSY TASK ewma=997
DMA IRQ c0=0
DMA IRQ c1=1
DMA IRQ c2=0
DMA IRQ c3=0
SELECT busy=6645
SELECT w0=6600
SELECT w1=3780
SELECT w2=3938
BUSY TASK ewma=997
DMA IRQ c0=0
DMA IRQ c1=1
DMA IRQ c2=0
DMA IRQ c3=0
SELECT busy=6669
SELECT w0=6625
SELECT w1=3793
SELECT w2=3954
BUSY TASK ewma=997
DMA IRQ c0=0
DMA IRQ c1=1
DMA IRQ c2=0
DMA IRQ c3=0
SELECT busy=6699
SELECT w0=6655
SELECT w1=3806
SELECT w2=3972
BUSY TASK ewma=997
DMA IRQ c0=0
DMA IRQ c1=1
DMA IRQ c2=0
DMA IRQ c3=0
SELECT busy=6725
SELECT w0=6681
SELECT w1=3819
SELECT w2=3987
BUSY TASK ewma=997
DMA IRQ c0=0
DMA IRQ c1=1
DMA IRQ c2=0
DMA IRQ c3=0
SELECT busy=6751
SELECT w0=6708
SELECT w1=3832
SELECT w2=4005
BUSY TASK ewma=997
DMA IRQ c0=0
DMA IRQ c1=1
DMA IRQ c2=0
DMA IRQ c3=0
SELECT busy=6769
SELECT w0=6725
SELECT w1=3843
SELECT w2=4022
BUSY TASK ewma=997
DMA IRQ c0=0
DMA IRQ c1=1
DMA IRQ c2=0
DMA IRQ c3=0
SELECT busy=6806
SELECT w0=6762
SELECT w1=3859
SELECT w2=4045
BUSY TASK ewma=997
DMA IRQ c0=0
DMA IRQ c1=1
DMA IRQ c2=0
DMA IRQ c3=0
SELECT busy=6836
SELECT w0=6792
SELECT w1=3875
SELECT w2=4063
BUSY TASK ewma=997
DMA IRQ c0=0
DMA IRQ c1=1
DMA IRQ c2=0
DMA IRQ c3=0
SELECT busy=6859
SELECT w0=6814
SELECT w1=3885
SELECT w2=4080
BUSY TASK ewma=997
DMA IRQ c0=0
DMA IRQ c1=1
DMA IRQ c2=0
DMA IRQ c3=0
SELECT busy=6888
SELECT w0=6844
SELECT w1=3903
SELECT w2=4099
BUSY TASK ewma=997
DMA IRQ c0=0
DMA IRQ c1=1
DMA IRQ c2=0
DMA IRQ c3=0
SELECT busy=6913
SELECT w0=6869
SELECT w1=3924
SELECT w2=4116
BUSY TASK ewma=997
DMA IRQ c0=0
DMA IRQ c1=1
DMA IRQ c2=0
DMA IRQ c3=0
SELECT busy=6939
SELECT w0=6895
SELECT w1=3936
SELECT w2=4130
BUSY TASK ewma=997
DMA IRQ c0=0
DMA IRQ c1=1
DMA IRQ c2=0
DMA IRQ c3=0
SELECT busy=6961
SELECT w0=6916
SELECT w1=3947
SELECT w2=4140
BUSY TASK ewma=997
DMA IRQ c0=0
DMA IRQ c1=1
DMA IRQ c2=0
DMA IRQ c3=0
SELECT busy=6990
SELECT w0=6945
SELECT w1=3960
SELECT w2=4154
BUSY TASK ewma=997
DMA IRQ c0=0
DMA IRQ c1=1
DMA IRQ c2=0
DMA IRQ c3=0
SELECT busy=7010
SELECT w0=6966
SELECT w1=3971
SELECT w2=4168
BUSY TASK ewma=997
DMA IRQ c0=0
DMA IRQ c1=1
DMA IRQ c2=0
DMA IRQ c3=0
SELECT busy=7041
SELECT w0=6997
SELECT w1=3988
SELECT w2=4187
BUSY TASK ewma=997
DMA IRQ c0=0
DMA IRQ c1=1
DMA IRQ c2=0
DMA IRQ c3=0
SELECT busy=7055
SELECT w0=7011
SELECT w1=3995
SELECT w2=4198
BUSY TASK ewma=997
DMA IRQ c0=0
DMA IRQ c1=1
DMA IRQ c2=0
DMA IRQ c3=0
SELECT busy=7081
SELECT w0=7037
SELECT w1=4009
SELECT w2=4218
BUSY TASK ewma=997
DMA IRQ c0=0
DMA IRQ c1=1
DMA IRQ c2=0
DMA IRQ c3=0
SELECT busy=7102
SELECT w0=7057
SELECT w1=4019
SELECT w2=4230
BUSY TASK ewma=997
DMA IRQ c0=0
DMA IRQ c1=1
DMA IRQ c2=0
DMA IRQ c3=0
SELECT busy=7127
SELECT w0=7083
SELECT w1=4032
SELECT w2=4242
BUSY TASK ewma=997
DMA IRQ c0=0
DMA IRQ c1=1
DMA IRQ c2=0
DMA IRQ c3=0
SELECT busy=7148
SELECT w0=7104
SELECT w1=4039
SELECT w2=4253
BUSY TASK ewma=997
DMA IRQ c0=0
DMA IRQ c1=1
DMA IRQ c2=0
DMA IRQ c3=0
SELECT busy=7168
SELECT w0=7123
SELECT w1=4049
SELECT w2=4266
BUSY TASK ewma=997
DMA IRQ c0=0
DMA IRQ c1=1
DMA IRQ c2=0
DMA IRQ c3=0
SELECT busy=7186
SELECT w0=7142
SELECT w1=4058
SELECT w2=4278
BUSY TASK ewma=997
DMA IRQ c0=0
DMA IRQ c1=1
DMA IRQ c2=0
DMA IRQ c3=0
SELECT busy=7207
SELECT w0=7162
SELECT w1=4068
SELECT w2=4289
BUSY TASK ewma=997
DMA IRQ c0=0
DMA IRQ c1=1
DMA IRQ c2=0
DMA IRQ c3=0
SELECT busy=7222
SELECT w0=7177
SELECT w1=4075
SELECT w2=4298
BUSY TASK ewma=997
DMA IRQ c0=0
DMA IRQ c1=1
DMA IRQ c2=0
DMA IRQ c3=0
SELECT busy=7242
SELECT w0=7197
SELECT w1=4083
SELECT w2=4311
BUSY TASK ewma=997
DMA IRQ c0=0
DMA IRQ c1=1
DMA IRQ c2=0
DMA IRQ c3=0
SELECT busy=7267
SELECT w0=7224
SELECT w1=4094
SELECT w2=4326
BUSY TASK ewma=997
IRQ counts: cpu0=14528 cpu1=17727 cpu2=17260 cpu3=17578
SCHED secondaries: calls=52581 unexpected=0
SECTEST switches=52566 cpu1=193249457,184943235 cpu2=163336069,157882134 cpu3=228543630,222136569
PINGPONG rounds=2000 pongs=2000
DMA IRQ c0=0
DMA IRQ c1=1
DMA IRQ c2=0
DMA IRQ c3=0
SELECT busy=7307
SELECT w0=7263
SELECT w1=4113
SELECT w2=4349
BUSY TASK ewma=997
DMA IRQ c0=0
DMA IRQ c1=1
DMA IRQ c2=0
DMA IRQ c3=0
SELECT busy=7324
SELECT w0=7280
SELECT w1=4121
SELECT w2=4364
BUSY TASK ewma=997
DMA IRQ c0=0
DMA IRQ c1=1
DMA IRQ c2=0
DMA IRQ c3=0
SELECT busy=7352
SELECT w0=7307
SELECT w1=4134
SELECT w2=4380
BUSY TASK ewma=997
DMA IRQ c0=0
DMA IRQ c1=1
DMA IRQ c2=0
DMA IRQ c3=0
SELECT busy=7375
SELECT w0=7332
SELECT w1=4146
SELECT w2=4396
BUSY TASK ewma=997
DMA IRQ c0=0
DMA IRQ c1=1
DMA IRQ c2=0
DMA IRQ c3=0
SELECT busy=7400
SELECT w0=7356
SELECT w1=4160
SELECT w2=4412
BUSY TASK ewma=997
DMA IRQ c0=0
DMA IRQ c1=1
DMA IRQ c2=0
DMA IRQ c3=0
SELECT busy=7430
SELECT w0=7385
SELECT w1=4175
SELECT w2=4426
BUSY TASK ewma=997
DMA IRQ c0=0
DMA IRQ c1=1
DMA IRQ c2=0
DMA IRQ c3=0
SELECT busy=7453
SELECT w0=7408
SELECT w1=4184
SELECT w2=4438
BUSY TASK ewma=997
DMA IRQ c0=0
DMA IRQ c1=1
DMA IRQ c2=0
DMA IRQ c3=0
SELECT busy=7480
SELECT w0=7436
SELECT w1=4201
SELECT w2=4454
BUSY TASK ewma=997
DMA IRQ c0=0
DMA IRQ c1=1
DMA IRQ c2=0
DMA IRQ c3=0
SELECT busy=7501
SELECT w0=7457
SELECT w1=4212
SELECT w2=4465
BUSY TASK ewma=997
DMA IRQ c0=0
DMA IRQ c1=1
DMA IRQ c2=0
DMA IRQ c3=0
SELECT busy=7516
SELECT w0=7472
SELECT w1=4218
SELECT w2=4476
BUSY TASK ewma=997
DMA IRQ c0=0
DMA IRQ c1=1
DMA IRQ c2=0
DMA IRQ c3=0
SELECT busy=7534
SELECT w0=7492
SELECT w1=4227
SELECT w2=4487
BUSY TASK ewma=997
DMA IRQ c0=0
DMA IRQ c1=1
DMA IRQ c2=0
DMA IRQ c3=0
SELECT busy=7553
SELECT w0=7509
SELECT w1=4235
SELECT w2=4496
BUSY TASK ewma=997
DMA IRQ c0=0
DMA IRQ c1=1
DMA IRQ c2=0
DMA IRQ c3=0
SELECT busy=7572
SELECT w0=7527
SELECT w1=4244
SELECT w2=4509
BUSY TASK ewma=997
DMA IRQ c0=0
DMA IRQ c1=1
DMA IRQ c2=0
DMA IRQ c3=0
SELECT busy=7600
SELECT w0=7555
SELECT w1=4257
SELECT w2=4525
BUSY TASK ewma=997
DMA IRQ c0=0
DMA IRQ c1=1
DMA IRQ c2=0
DMA IRQ c3=0
SELECT busy=7625
SELECT w0=7581
SELECT w1=4269
SELECT w2=4543
BUSY TASK ewma=997
DMA IRQ c0=0
DMA IRQ c1=1
DMA IRQ c2=0
DMA IRQ c3=0
SELECT busy=7656
SELECT w0=7612
SELECT w1=4283
SELECT w2=4559
BUSY TASK ewma=997
DMA IRQ c0=0
DMA IRQ c1=1
DMA IRQ c2=0
DMA IRQ c3=0
SELECT busy=7680
SELECT w0=7635
SELECT w1=4293
SELECT w2=4573
BUSY TASK ewma=997
DMA IRQ c0=0
DMA IRQ c1=1
DMA IRQ c2=0
DMA IRQ c3=0
SELECT busy=7699
SELECT w0=7654
SELECT w1=4303
SELECT w2=4582
BUSY TASK ewma=997
DMA IRQ c0=0
DMA IRQ c1=1
DMA IRQ c2=0
DMA IRQ c3=0
SELECT busy=7724
SELECT w0=7680
SELECT w1=4317
SELECT w2=4600
BUSY TASK ewma=997
DMA IRQ c0=0
DMA IRQ c1=1
DMA IRQ c2=0
DMA IRQ c3=0
SELECT busy=7749
SELECT w0=7705
SELECT w1=4333
SELECT w2=4617
BUSY TASK ewma=997
DMA IRQ c0=0
DMA IRQ c1=1
DMA IRQ c2=0
DMA IRQ c3=0
SELECT busy=7779
SELECT w0=7735
SELECT w1=4353
SELECT w2=4637
BUSY TASK ewma=997
DMA IRQ c0=0
DMA IRQ c1=1
DMA IRQ c2=0
DMA IRQ c3=0
SELECT busy=7799
SELECT w0=7754
SELECT w1=4360
SELECT w2=4645
BUSY TASK ewma=997
DMA IRQ c0=0
DMA IRQ c1=1
DMA IRQ c2=0
DMA IRQ c3=0
SELECT busy=7822
SELECT w0=7777
SELECT w1=4367
SELECT w2=4655
BUSY TASK ewma=997
DMA IRQ c0=0
DMA IRQ c1=1
DMA IRQ c2=0
DMA IRQ c3=0
SELECT busy=7846
SELECT w0=7802
SELECT w1=4377
SELECT w2=4671
BUSY TASK ewma=997
DMA IRQ c0=0
DMA IRQ c1=1
DMA IRQ c2=0
DMA IRQ c3=0
SELECT busy=7866
SELECT w0=7821
SELECT w1=4385
SELECT w2=4680
BUSY TASK ewma=997
DMA IRQ c0=0
DMA IRQ c1=1
DMA IRQ c2=0
DMA IRQ c3=0
SELECT busy=7890
SELECT w0=7846
SELECT w1=4394
SELECT w2=4697
BUSY TASK ewma=997
DMA IRQ c0=0
DMA IRQ c1=1
DMA IRQ c2=0
DMA IRQ c3=0
SELECT busy=7918
SELECT w0=7873
SELECT w1=4408
SELECT w2=4715
BUSY TASK ewma=997
DMA IRQ c0=0
DMA IRQ c1=1
DMA IRQ c2=0
DMA IRQ c3=0
SELECT busy=7949
SELECT w0=7905
SELECT w1=4424
SELECT w2=4734
BUSY TASK ewma=997
DMA IRQ c0=0
DMA IRQ c1=1
DMA IRQ c2=0
DMA IRQ c3=0
SELECT busy=7976
SELECT w0=7932
SELECT w1=4439
SELECT w2=4755
BUSY TASK ewma=997
DMA IRQ c0=0
DMA IRQ c1=1
DMA IRQ c2=0
DMA IRQ c3=0
SELECT busy=8011
SELECT w0=7967
SELECT w1=4456
SELECT w2=4778
BUSY TASK ewma=997
DMA IRQ c0=0
DMA IRQ c1=1
DMA IRQ c2=0
DMA IRQ c3=0
SELECT busy=8039
SELECT w0=7996
SELECT w1=4472
SELECT w2=4800
BUSY TASK ewma=997
DMA IRQ c0=0
DMA IRQ c1=1
DMA IRQ c2=0
DMA IRQ c3=0
SELECT busy=8068
SELECT w0=8024
SELECT w1=4485
SELECT w2=4819
BUSY TASK ewma=997
DMA IRQ c0=0
DMA IRQ c1=1
DMA IRQ c2=0
DMA IRQ c3=0
SELECT busy=8089
SELECT w0=8045
SELECT w1=4497
SELECT w2=4834
BUSY TASK ewma=997
DMA IRQ c0=0
DMA IRQ c1=1
DMA IRQ c2=0
DMA IRQ c3=0
SELECT busy=8112
SELECT w0=8069
SELECT w1=4509
SELECT w2=4848
BUSY TASK ewma=997
DMA IRQ c0=0
DMA IRQ c1=1
DMA IRQ c2=0
DMA IRQ c3=0
SELECT busy=8150
SELECT w0=8105
SELECT w1=4523
SELECT w2=4867
BUSY TASK ewma=997
DMA IRQ c0=0
DMA IRQ c1=1
DMA IRQ c2=0
DMA IRQ c3=0
SELECT busy=8172
SELECT w0=8128
SELECT w1=4534
SELECT w2=4886
BUSY TASK ewma=997
DMA IRQ c0=0
DMA IRQ c1=1
DMA IRQ c2=0
DMA IRQ c3=0
SELECT busy=8195
SELECT w0=8152
SELECT w1=4545
SELECT w2=4900
BUSY TASK ewma=997
DMA IRQ c0=0
DMA IRQ c1=1
DMA IRQ c2=0
DMA IRQ c3=0
SELECT busy=8215
SELECT w0=8171
SELECT w1=4553
SELECT w2=4909
BUSY TASK ewma=997
DMA IRQ c0=0
DMA IRQ c1=1
DMA IRQ c2=0
DMA IRQ c3=0
SELECT busy=8237
SELECT w0=8193
SELECT w1=4564
SELECT w2=4925
BUSY TASK ewma=997
DMA IRQ c0=0
DMA IRQ c1=1
DMA IRQ c2=0
DMA IRQ c3=0
SELECT busy=8263
SELECT w0=8219
SELECT w1=4579
SELECT w2=4953
BUSY TASK ewma=997
DMA IRQ c0=0
DMA IRQ c1=1
DMA IRQ c2=0
DMA IRQ c3=0
SELECT busy=8281
SELECT w0=8237
SELECT w1=4586
SELECT w2=4962
BUSY TASK ewma=997
DMA IRQ c0=0
DMA IRQ c1=1
DMA IRQ c2=0
DMA IRQ c3=0
SELECT busy=8306
SELECT w0=8262
SELECT w1=4597
SELECT w2=4977
BUSY TASK ewma=997
DMA IRQ c0=0
DMA IRQ c1=1
DMA IRQ c2=0
DMA IRQ c3=0
SELECT busy=8336
SELECT w0=8292
SELECT w1=4612
SELECT w2=4996
BUSY TASK ewma=997
DMA IRQ c0=0
DMA IRQ c1=1
DMA IRQ c2=0
DMA IRQ c3=0
SELECT busy=8361
SELECT w0=8317
SELECT w1=4624
SELECT w2=5009
BUSY TASK ewma=997
DMA IRQ c0=0
DMA IRQ c1=1
DMA IRQ c2=0
DMA IRQ c3=0
SELECT busy=8389
SELECT w0=8345
SELECT w1=4634
SELECT w2=5022
BUSY TASK ewma=997
DMA IRQ c0=0
DMA IRQ c1=1
DMA IRQ c2=0
DMA IRQ c3=0
SELECT busy=8411
SELECT w0=8369
SELECT w1=4652
SELECT w2=5036
BUSY TASK ewma=997
DMA IRQ c0=0
DMA IRQ c1=1
DMA IRQ c2=0
DMA IRQ c3=0
SELECT busy=8437
SELECT w0=8393
SELECT w1=4672
SELECT w2=5054
BUSY TASK ewma=997
DMA IRQ c0=0
DMA IRQ c1=1
DMA IRQ c2=0
DMA IRQ c3=0
SELECT busy=8455
SELECT w0=8411
SELECT w1=4680
SELECT w2=5067
BUSY TASK ewma=997
DMA IRQ c0=0
DMA IRQ c1=1
DMA IRQ c2=0
DMA IRQ c3=0
SELECT busy=8472
SELECT w0=8428
SELECT w1=4689
SELECT w2=5079
BUSY TASK ewma=997
DMA IRQ c0=0
DMA IRQ c1=1
DMA IRQ c2=0
DMA IRQ c3=0
SELECT busy=8491
SELECT w0=8446
SELECT w1=4697
SELECT w2=5089
BUSY TASK ewma=997
DMA IRQ c0=0
DMA IRQ c1=1
DMA IRQ c2=0
DMA IRQ c3=0
SELECT busy=8506
SELECT w0=8462
SELECT w1=4707
SELECT w2=5097
BUSY TASK ewma=997
DMA IRQ c0=0
DMA IRQ c1=1
DMA IRQ c2=0
DMA IRQ c3=0
SELECT busy=8525
SELECT w0=8481
SELECT w1=4716
SELECT w2=5108
BUSY TASK ewma=997
DMA IRQ c0=0
DMA IRQ c1=1
DMA IRQ c2=0
DMA IRQ c3=0
SELECT busy=8541
SELECT w0=8496
SELECT w1=4725
SELECT w2=5117
BUSY TASK ewma=997
DMA IRQ c0=0
DMA IRQ c1=1
DMA IRQ c2=0
DMA IRQ c3=0
SELECT busy=8557
SELECT w0=8512
SELECT w1=4734
SELECT w2=5126
BUSY TASK ewma=997
DMA IRQ c0=0
DMA IRQ c1=1
DMA IRQ c2=0
DMA IRQ c3=0
SELECT busy=8573
SELECT w0=8530
SELECT w1=4744
SELECT w2=5135
BUSY TASK ewma=997
DMA IRQ c0=0
DMA IRQ c1=1
DMA IRQ c2=0
DMA IRQ c3=0
SELECT busy=8592
SELECT w0=8547
SELECT w1=4752
SELECT w2=5144
BUSY TASK ewma=997
DMA IRQ c0=0
DMA IRQ c1=1
DMA IRQ c2=0
DMA IRQ c3=0
SELECT busy=8610
SELECT w0=8566
SELECT w1=4762
SELECT w2=5154
BUSY TASK ewma=997
DMA IRQ c0=0
DMA IRQ c1=1
DMA IRQ c2=0
DMA IRQ c3=0
SELECT busy=8626
SELECT w0=8582
SELECT w1=4768
SELECT w2=5165
BUSY TASK ewma=997
DMA IRQ c0=0
DMA IRQ c1=1
DMA IRQ c2=0
DMA IRQ c3=0
SELECT busy=8639
SELECT w0=8594
SELECT w1=4772
SELECT w2=5171
BUSY TASK ewma=997
DMA IRQ c0=0
DMA IRQ c1=1
DMA IRQ c2=0
DMA IRQ c3=0
SELECT busy=8654
SELECT w0=8610
SELECT w1=4781
SELECT w2=5180
BUSY TASK ewma=997
DMA IRQ c0=0
DMA IRQ c1=1
DMA IRQ c2=0
DMA IRQ c3=0
SELECT busy=8672
SELECT w0=8627
SELECT w1=4789
SELECT w2=5191
BUSY TASK ewma=997
DMA IRQ c0=0
DMA IRQ c1=1
DMA IRQ c2=0
DMA IRQ c3=0
SELECT busy=8700
SELECT w0=8656
SELECT w1=4803
SELECT w2=5209
BUSY TASK ewma=997
DMA IRQ c0=0
DMA IRQ c1=1
DMA IRQ c2=0
DMA IRQ c3=0
SELECT busy=8718
SELECT w0=8674
SELECT w1=4813
SELECT w2=5227
BUSY TASK ewma=997
DMA IRQ c0=0
DMA IRQ c1=1
DMA IRQ c2=0
DMA IRQ c3=0
SELECT busy=8736
SELECT w0=8691
SELECT w1=4820
SELECT w2=5237
BUSY TASK ewma=997
IRQ counts: cpu0=17450 cpu1=21338 cpu2=20899 cpu3=21191
SCHED secondaries: calls=63443 unexpected=0
SECTEST switches=63424 cpu1=230426088,219759514 cpu2=196263601,190678955 cpu3=274487542,267097827
PINGPONG rounds=2000 pongs=2000
DMA IRQ c0=0
DMA IRQ c1=1
DMA IRQ c2=0
DMA IRQ c3=0
SELECT busy=8771
SELECT w0=8727
SELECT w1=4841
SELECT w2=5268
BUSY TASK ewma=997
DMA IRQ c0=0
DMA IRQ c1=1
DMA IRQ c2=0
DMA IRQ c3=0
SELECT busy=8796
SELECT w0=8752
SELECT w1=4853
SELECT w2=5283
BUSY TASK ewma=997
DMA IRQ c0=0
DMA IRQ c1=1
DMA IRQ c2=0
DMA IRQ c3=0
SELECT busy=8815
SELECT w0=8772
SELECT w1=4862
SELECT w2=5296
BUSY TASK ewma=997
DMA IRQ c0=0
DMA IRQ c1=1
DMA IRQ c2=0
DMA IRQ c3=0
SELECT busy=8834
SELECT w0=8790
SELECT w1=4877
SELECT w2=5310
BUSY TASK ewma=997
DMA IRQ c0=0
DMA IRQ c1=1
DMA IRQ c2=0
DMA IRQ c3=0
SELECT busy=8849
SELECT w0=8805
SELECT w1=4883
SELECT w2=5319
BUSY TASK ewma=997
DMA IRQ c0=0
DMA IRQ c1=1
DMA IRQ c2=0
DMA IRQ c3=0
SELECT busy=8863
SELECT w0=8819
SELECT w1=4889
SELECT w2=5328
BUSY TASK ewma=997
DMA IRQ c0=0
DMA IRQ c1=1
DMA IRQ c2=0
DMA IRQ c3=0
SELECT busy=8882
SELECT w0=8839
SELECT w1=4901
SELECT w2=5343
BUSY TASK ewma=997
DMA IRQ c0=0
DMA IRQ c1=1
DMA IRQ c2=0
DMA IRQ c3=0
SELECT busy=8905
SELECT w0=8860
SELECT w1=4910
SELECT w2=5358
BUSY TASK ewma=997
DMA IRQ c0=0
DMA IRQ c1=1
DMA IRQ c2=0
DMA IRQ c3=0
SELECT busy=8920
SELECT w0=8876
SELECT w1=4921
SELECT w2=5369
BUSY TASK ewma=997
DMA IRQ c0=0
DMA IRQ c1=1
DMA IRQ c2=0
DMA IRQ c3=0
SELECT busy=8942
SELECT w0=8898
SELECT w1=4935
SELECT w2=5384
BUSY TASK ewma=997
DMA IRQ c0=0
DMA IRQ c1=1
DMA IRQ c2=0
DMA IRQ c3=0
SELECT busy=8960
SELECT w0=8916
SELECT w1=4943
SELECT w2=5395
BUSY TASK ewma=997
DMA IRQ c0=0
DMA IRQ c1=1
DMA IRQ c2=0
DMA IRQ c3=0
SELECT busy=8980
SELECT w0=8935
SELECT w1=4951
SELECT w2=5406
BUSY TASK ewma=997
DMA IRQ c0=0
DMA IRQ c1=1
DMA IRQ c2=0
DMA IRQ c3=0
SELECT busy=8998
SELECT w0=8954
SELECT w1=4960
SELECT w2=5416
BUSY TASK ewma=997
DMA IRQ c0=0
DMA IRQ c1=1
DMA IRQ c2=0
DMA IRQ c3=0
SELECT busy=9022
SELECT w0=8978
SELECT w1=4973
SELECT w2=5430
BUSY TASK ewma=997
DMA IRQ c0=0
DMA IRQ c1=1
DMA IRQ c2=0
DMA IRQ c3=0
SELECT busy=9042
SELECT w0=8998
SELECT w1=4985
SELECT w2=5444
BUSY TASK ewma=997
DMA IRQ c0=0
DMA IRQ c1=1
DMA IRQ c2=0
DMA IRQ c3=0
SELECT busy=9059
SELECT w0=9015
SELECT w1=4996
SELECT w2=5458
BUSY TASK ewma=997
DMA IRQ c0=0
DMA IRQ c1=1
DMA IRQ c2=0
DMA IRQ c3=0
SELECT busy=9092
SELECT w0=9048
SELECT w1=5015
SELECT w2=5481
BUSY TASK ewma=997
DMA IRQ c0=0
DMA IRQ c1=1
DMA IRQ c2=0
DMA IRQ c3=0
SELECT busy=9121
SELECT w0=9077
SELECT w1=5028
SELECT w2=5500
BUSY TASK ewma=997
DMA IRQ c0=0
DMA IRQ c1=1
DMA IRQ c2=0
DMA IRQ c3=0
SELECT busy=9147
SELECT w0=9104
SELECT w1=5051
SELECT w2=5521
BUSY TASK ewma=997
DMA IRQ c0=0
DMA IRQ c1=1
DMA IRQ c2=0
DMA IRQ c3=0
SELECT busy=9185
SELECT w0=9142
SELECT w1=5070
SELECT w2=5540
qemu-system-aarch64: terminating on signal 15 from pid 207268 (timeout)
