P4 M7: full integration test boot OK
CPU0: MPIDR_EL1=0x0000000080000000
CPU0: psci_cpu_on target=1 rc=0
CPU1: alive, MPIDR_EL1=0x0000000080000001 this_cpu()->cpu_id=1
CPU0: psci_cpu_on target=2 rc=0
CPU2: alive, MPIDR_EL1=0x0000000080000002 this_cpu()->cpu_id=2
CPU0: psci_cpu_on target=3 rc=0
CPU3: alive, MPIDR_EL1=0x0000000080000003 this_cpu()->cpu_id=3
CPUs online: 4
DMA IRQ target cpu=1
D2b: worker 2 runs on CPU2
D2b: worker 1 runs on CPU1
D2b: worker 0 runs on CPU0
P4 M7: worker submitted cmd_id=1
P4 M7: worker submitted cmd_id=2
P4 M7: worker submitted cmd_id=3
BUSY TASK ewma=997
DMA IRQ c0=0
DMA IRQ c1=0
DMA IRQ c2=0
DMA IRQ c3=0
SELECT busy=36
SELECT w0=3
P4 M7: worker DATA OK, cmd_id=1
SELECT w1=6
WORKER ewma=831
P4 M7: worker DATA OK, cmd_id=3
P4 M7: worker DATA OK, cmd_id=2
WORKER ewma=759
WORKER ewma=941
SELECT w2=26
BUSY TASK ewma=997
DMA IRQ c0=0
DMA IRQ c1=2
DMA IRQ c2=0
DMA IRQ c3=0
SELECT busy=68
SELECT w0=47
SELECT w1=69
SELECT w2=78
BUSY TASK ewma=997
DMA IRQ c0=0
DMA IRQ c1=2
DMA IRQ c2=0
DMA IRQ c3=0
SELECT busy=109
SELECT w0=89
SELECT w1=97
SELECT w2=108
BUSY TASK ewma=997
DMA IRQ c0=0
DMA IRQ c1=2
DMA IRQ c2=0
DMA IRQ c3=0
SELECT busy=141
SELECT w0=121
SELECT w1=114
SELECT w2=128
BUSY TASK ewma=997
DMA IRQ c0=0
DMA IRQ c1=2
DMA IRQ c2=0
DMA IRQ c3=0
SELECT busy=183
SELECT w0=162
SELECT w1=127
SELECT w2=143
BUSY TASK ewma=997
DMA IRQ c0=0
DMA IRQ c1=2
DMA IRQ c2=0
DMA IRQ c3=0
SELECT busy=213
SELECT w0=193
SELECT w1=145
SELECT w2=160
BUSY TASK ewma=997
DMA IRQ c0=0
DMA IRQ c1=2
DMA IRQ c2=0
DMA IRQ c3=0
SELECT busy=235
SELECT w0=215
SELECT w1=159
SELECT w2=172
BUSY TASK ewma=997
DMA IRQ c0=0
DMA IRQ c1=2
DMA IRQ c2=0
DMA IRQ c3=0
SELECT busy=248
SELECT w0=228
SELECT w1=166
SELECT w2=178
BUSY TASK ewma=997
DMA IRQ c0=0
DMA IRQ c1=2
DMA IRQ c2=0
DMA IRQ c3=0
SELECT busy=268
SELECT w0=247
SELECT w1=176
SELECT w2=188
BUSY TASK ewma=997
DMA IRQ c0=0
DMA IRQ c1=2
DMA IRQ c2=0
DMA IRQ c3=0
SELECT busy=286
SELECT w0=266
SELECT w1=185
SELECT w2=198
BUSY TASK ewma=997
DMA IRQ c0=0
DMA IRQ c1=2
DMA IRQ c2=0
DMA IRQ c3=0
SELECT busy=308
SELECT w0=287
SELECT w1=196
SELECT w2=212
BUSY TASK ewma=997
DMA IRQ c0=0
DMA IRQ c1=2
DMA IRQ c2=0
DMA IRQ c3=0
SELECT busy=328
SELECT w0=307
SELECT w1=206
SELECT w2=222
BUSY TASK ewma=997
DMA IRQ c0=0
DMA IRQ c1=2
DMA IRQ c2=0
DMA IRQ c3=0
SELECT busy=351
SELECT w0=331
SELECT w1=221
SELECT w2=234
BUSY TASK ewma=997
DMA IRQ c0=0
DMA IRQ c1=2
DMA IRQ c2=0
DMA IRQ c3=0
SELECT busy=370
SELECT w0=351
SELECT w1=232
SELECT w2=243
BUSY TASK ewma=997
DMA IRQ c0=0
DMA IRQ c1=2
DMA IRQ c2=0
DMA IRQ c3=0
SELECT busy=387
SELECT w0=367
SELECT w1=244
SELECT w2=253
BUSY TASK ewma=997
DMA IRQ c0=0
DMA IRQ c1=2
DMA IRQ c2=0
DMA IRQ c3=0
SELECT busy=406
SELECT w0=386
SELECT w1=258
SELECT w2=264
BUSY TASK ewma=997
DMA IRQ c0=0
DMA IRQ c1=2
DMA IRQ c2=0
DMA IRQ c3=0
SELECT busy=425
SELECT w0=404
SELECT w1=265
SELECT w2=271
BUSY TASK ewma=997
DMA IRQ c0=0
DMA IRQ c1=2
DMA IRQ c2=0
DMA IRQ c3=0
SELECT busy=445
SELECT w0=427
SELECT w1=277
SELECT w2=282
BUSY TASK ewma=997
DMA IRQ c0=0
DMA IRQ c1=2
DMA IRQ c2=0
DMA IRQ c3=0
SELECT busy=471
SELECT w0=451
SELECT w1=289
SELECT w2=293
BUSY TASK ewma=997
DMA IRQ c0=0
DMA IRQ c1=2
DMA IRQ c2=0
DMA IRQ c3=0
SELECT busy=490
SELECT w0=470
SELECT w1=299
SELECT w2=303
BUSY TASK ewma=997
DMA IRQ c0=0
DMA IRQ c1=2
DMA IRQ c2=0
DMA IRQ c3=0
SELECT busy=511
SELECT w0=491
SELECT w1=314
SELECT w2=315
BUSY TASK ewma=997
DMA IRQ c0=0
DMA IRQ c1=2
DMA IRQ c2=0
DMA IRQ c3=0
SELECT busy=538
SELECT w0=518
SELECT w1=327
SELECT w2=328
BUSY TASK ewma=997
DMA IRQ c0=0
DMA IRQ c1=2
DMA IRQ c2=0
DMA IRQ c3=0
SELECT busy=563
SELECT w0=543
SELECT w1=342
SELECT w2=344
BUSY TASK ewma=997
DMA IRQ c0=0
DMA IRQ c1=2
DMA IRQ c2=0
DMA IRQ c3=0
SELECT busy=586
SELECT w0=566
SELECT w1=354
SELECT w2=353
BUSY TASK ewma=997
DMA IRQ c0=0
DMA IRQ c1=2
DMA IRQ c2=0
DMA IRQ c3=0
SELECT busy=605
SELECT w0=584
SELECT w1=364
SELECT w2=363
BUSY TASK ewma=997
DMA IRQ c0=0
DMA IRQ c1=2
DMA IRQ c2=0
DMA IRQ c3=0
SELECT busy=636
SELECT w0=616
SELECT w1=379
SELECT w2=380
BUSY TASK ewma=997
DMA IRQ c0=0
DMA IRQ c1=2
DMA IRQ c2=0
DMA IRQ c3=0
SELECT busy=662
SELECT w0=642
SELECT w1=392
SELECT w2=396
BUSY TASK ewma=997
DMA IRQ c0=0
DMA IRQ c1=2
DMA IRQ c2=0
DMA IRQ c3=0
SELECT busy=684
SELECT w0=664
SELECT w1=407
SELECT w2=409
BUSY TASK ewma=997
DMA IRQ c0=0
DMA IRQ c1=2
DMA IRQ c2=0
DMA IRQ c3=0
SELECT busy=703
SELECT w0=682
SELECT w1=418
SELECT w2=422
BUSY TASK ewma=997
DMA IRQ c0=0
DMA IRQ c1=2
DMA IRQ c2=0
DMA IRQ c3=0
SELECT busy=721
SELECT w0=701
SELECT w1=431
SELECT w2=434
BUSY TASK ewma=997
DMA IRQ c0=0
DMA IRQ c1=2
DMA IRQ c2=0
DMA IRQ c3=0
SELECT busy=739
SELECT w0=718
SELECT w1=439
SELECT w2=441
BUSY TASK ewma=997
DMA IRQ c0=0
DMA IRQ c1=2
DMA IRQ c2=0
DMA IRQ c3=0
SELECT busy=753
SELECT w0=733
SELECT w1=445
SELECT w2=447
BUSY TASK ewma=997
DMA IRQ c0=0
DMA IRQ c1=2
DMA IRQ c2=0
DMA IRQ c3=0
SELECT busy=774
SELECT w0=755
SELECT w1=458
SELECT w2=461
BUSY TASK ewma=997
DMA IRQ c0=0
DMA IRQ c1=2
DMA IRQ c2=0
DMA IRQ c3=0
SELECT busy=796
SELECT w0=776
SELECT w1=473
SELECT w2=473
BUSY TASK ewma=997
DMA IRQ c0=0
DMA IRQ c1=2
DMA IRQ c2=0
DMA IRQ c3=0
SELECT busy=811
SELECT w0=790
SELECT w1=484
SELECT w2=483
BUSY TASK ewma=997
DMA IRQ c0=0
DMA IRQ c1=2
DMA IRQ c2=0
DMA IRQ c3=0
SELECT busy=830
SELECT w0=809
SELECT w1=493
SELECT w2=490
BUSY TASK ewma=997
DMA IRQ c0=0
DMA IRQ c1=2
DMA IRQ c2=0
DMA IRQ c3=0
SELECT busy=849
SELECT w0=828
SELECT w1=500
SELECT w2=497
BUSY TASK ewma=997
DMA IRQ c0=0
DMA IRQ c1=2
DMA IRQ c2=0
DMA IRQ c3=0
SELECT busy=867
SELECT w0=846
SELECT w1=507
SELECT w2=503
BUSY TASK ewma=997
DMA IRQ c0=0
DMA IRQ c1=2
DMA IRQ c2=0
DMA IRQ c3=0
SELECT busy=884
SELECT w0=863
SELECT w1=514
SELECT w2=512
BUSY TASK ewma=997
DMA IRQ c0=0
DMA IRQ c1=2
DMA IRQ c2=0
DMA IRQ c3=0
SELECT busy=900
SELECT w0=880
SELECT w1=524
SELECT w2=522
BUSY TASK ewma=997
DMA IRQ c0=0
DMA IRQ c1=2
DMA IRQ c2=0
DMA IRQ c3=0
SELECT busy=923
SELECT w0=902
SELECT w1=539
SELECT w2=535
BUSY TASK ewma=997
DMA IRQ c0=0
DMA IRQ c1=2
DMA IRQ c2=0
DMA IRQ c3=0
SELECT busy=944
SELECT w0=924
SELECT w1=557
SELECT w2=551
BUSY TASK ewma=997
DMA IRQ c0=0
DMA IRQ c1=2
DMA IRQ c2=0
DMA IRQ c3=0
SELECT busy=986
SELECT w0=966
SELECT w1=581
SELECT w2=572
BUSY TASK ewma=997
DMA IRQ c0=0
DMA IRQ c1=2
DMA IRQ c2=0
DMA IRQ c3=0
SELECT busy=1012
SELECT w0=991
SELECT w1=594
SELECT w2=584
BUSY TASK ewma=997
DMA IRQ c0=0
DMA IRQ c1=2
DMA IRQ c2=0
DMA IRQ c3=0
SELECT busy=1060
SELECT w0=1040
SELECT w1=622
SELECT w2=613
BUSY TASK ewma=997
DMA IRQ c0=0
DMA IRQ c1=2
DMA IRQ c2=0
DMA IRQ c3=0
SELECT busy=1096
SELECT w0=1075
SELECT w1=643
SELECT w2=634
BUSY TASK ewma=997
DMA IRQ c0=0
DMA IRQ c1=2
DMA IRQ c2=0
DMA IRQ c3=0
SELECT busy=1132
SELECT w0=1111
SELECT w1=662
SELECT w2=655
BUSY TASK ewma=997
DMA IRQ c0=0
DMA IRQ c1=2
DMA IRQ c2=0
DMA IRQ c3=0
SELECT busy=1165
SELECT w0=1144
SELECT w1=678
SELECT w2=672
BUSY TASK ewma=997
DMA IRQ c0=0
DMA IRQ c1=2
DMA IRQ c2=0
DMA IRQ c3=0
SELECT busy=1194
SELECT w0=1173
SELECT w1=691
SELECT w2=688
BUSY TASK ewma=997
DMA IRQ c0=0
DMA IRQ c1=2
DMA IRQ c2=0
DMA IRQ c3=0
SELECT busy=1231
SELECT w0=1210
SELECT w1=708
SELECT w2=707
BUSY TASK ewma=997
DMA IRQ c0=0
DMA IRQ c1=2
DMA IRQ c2=0
DMA IRQ c3=0
SELECT busy=1269
SELECT w0=1248
SELECT w1=727
SELECT w2=729
BUSY TASK ewma=997
DMA IRQ c0=0
DMA IRQ c1=2
DMA IRQ c2=0
DMA IRQ c3=0
SELECT busy=1305
SELECT w0=1284
SELECT w1=747
SELECT w2=746
BUSY TASK ewma=997
DMA IRQ c0=0
DMA IRQ c1=2
DMA IRQ c2=0
DMA IRQ c3=0
SELECT busy=1348
SELECT w0=1327
SELECT w1=769
SELECT w2=763
BUSY TASK ewma=997
DMA IRQ c0=0
DMA IRQ c1=2
DMA IRQ c2=0
DMA IRQ c3=0
SELECT busy=1385
SELECT w0=1364
SELECT w1=786
SELECT w2=781
BUSY TASK ewma=997
DMA IRQ c0=0
DMA IRQ c1=2
DMA IRQ c2=0
DMA IRQ c3=0
SELECT busy=1431
SELECT w0=1410
SELECT w1=806
SELECT w2=807
BUSY TASK ewma=997
DMA IRQ c0=0
DMA IRQ c1=2
DMA IRQ c2=0
DMA IRQ c3=0
SELECT busy=1469
SELECT w0=1448
SELECT w1=825
SELECT w2=825
BUSY TASK ewma=997
DMA IRQ c0=0
DMA IRQ c1=2
DMA IRQ c2=0
DMA IRQ c3=0
SELECT busy=1513
SELECT w0=1492
SELECT w1=848
SELECT w2=847
BUSY TASK ewma=997
DMA IRQ c0=0
DMA IRQ c1=2
DMA IRQ c2=0
DMA IRQ c3=0
SELECT busy=1555
SELECT w0=1536
SELECT w1=873
SELECT w2=871
BUSY TASK ewma=997
DMA IRQ c0=0
DMA IRQ c1=2
DMA IRQ c2=0
DMA IRQ c3=0
SELECT busy=1595
SELECT w0=1575
SELECT w1=893
SELECT w2=889
BUSY TASK ewma=997
DMA IRQ c0=0
DMA IRQ c1=2
DMA IRQ c2=0
DMA IRQ c3=0
SELECT busy=1625
SELECT w0=1605
SELECT w1=908
SELECT w2=906
BUSY TASK ewma=997
DMA IRQ c0=0
DMA IRQ c1=2
DMA IRQ c2=0
DMA IRQ c3=0
SELECT busy=1643
SELECT w0=1622
SELECT w1=917
SELECT w2=914
BUSY TASK ewma=997
DMA IRQ c0=0
DMA IRQ c1=2
DMA IRQ c2=0
DMA IRQ c3=0
SELECT busy=1662
SELECT w0=1641
SELECT w1=929
SELECT w2=924
BUSY TASK ewma=997
DMA IRQ c0=0
DMA IRQ c1=2
DMA IRQ c2=0
DMA IRQ c3=0
SELECT busy=1687
SELECT w0=1667
SELECT w1=943
SELECT w2=938
BUSY TASK ewma=997
IRQ counts: cpu0=3380 cpu1=3752 cpu2=3672 cpu3=3655
SCHED secondaries: calls=11090 unexpected=0
SECTEST switches=11057 cpu1=35269116,34775786 cpu2=26838296,26466605 cpu3=39097157,38278757
PINGPONG rounds=704 pongs=705
DMA IRQ c0=0
DMA IRQ c1=2
DMA IRQ c2=0
DMA IRQ c3=0
SELECT busy=1712
SELECT w0=1691
SELECT w1=958
SELECT w2=955
BUSY TASK ewma=997
DMA IRQ c0=0
DMA IRQ c1=2
DMA IRQ c2=0
DMA IRQ c3=0
SELECT busy=1725
SELECT w0=1704
SELECT w1=965
SELECT w2=964
BUSY TASK ewma=997
DMA IRQ c0=0
DMA IRQ c1=2
DMA IRQ c2=0
DMA IRQ c3=0
SELECT busy=1744
SELECT w0=1723
SELECT w1=976
SELECT w2=977
BUSY TASK ewma=997
DMA IRQ c0=0
DMA IRQ c1=2
DMA IRQ c2=0
DMA IRQ c3=0
SELECT busy=1764
SELECT w0=1744
SELECT w1=988
SELECT w2=991
BUSY TASK ewma=997
DMA IRQ c0=0
DMA IRQ c1=2
DMA IRQ c2=0
DMA IRQ c3=0
SELECT busy=1788
SELECT w0=1769
SELECT w1=1005
SELECT w2=1008
BUSY TASK ewma=997
DMA IRQ c0=0
DMA IRQ c1=2
DMA IRQ c2=0
DMA IRQ c3=0
SELECT busy=1828
SELECT w0=1809
SELECT w1=1028
SELECT w2=1031
BUSY TASK ewma=997
DMA IRQ c0=0
DMA IRQ c1=2
DMA IRQ c2=0
DMA IRQ c3=0
SELECT busy=1864
SELECT w0=1844
SELECT w1=1049
SELECT w2=1052
BUSY TASK ewma=997
DMA IRQ c0=0
DMA IRQ c1=2
DMA IRQ c2=0
DMA IRQ c3=0
SELECT busy=1913
SELECT w0=1892
SELECT w1=1070
SELECT w2=1074
BUSY TASK ewma=997
DMA IRQ c0=0
DMA IRQ c1=2
DMA IRQ c2=0
DMA IRQ c3=0
SELECT busy=1959
SELECT w0=1939
SELECT w1=1096
SELECT w2=1102
BUSY TASK ewma=997
DMA IRQ c0=0
DMA IRQ c1=2
DMA IRQ c2=0
DMA IRQ c3=0
SELECT busy=1987
SELECT w0=1966
SELECT w1=1111
SELECT w2=1116
BUSY TASK ewma=997
DMA IRQ c0=0
DMA IRQ c1=2
DMA IRQ c2=0
DMA IRQ c3=0
SELECT busy=2023
SELECT w0=2002
SELECT w1=1128
SELECT w2=1135
BUSY TASK ewma=997
DMA IRQ c0=0
DMA IRQ c1=2
DMA IRQ c2=0
DMA IRQ c3=0
SELECT busy=2067
SELECT w0=2047
SELECT w1=1152
SELECT w2=1162
BUSY TASK ewma=997
DMA IRQ c0=0
DMA IRQ c1=2
DMA IRQ c2=0
DMA IRQ c3=0
SELECT busy=2098
SELECT w0=2079
SELECT w1=1165
SELECT w2=1176
BUSY TASK ewma=997
DMA IRQ c0=0
DMA IRQ c1=2
DMA IRQ c2=0
DMA IRQ c3=0
SELECT busy=2136
SELECT w0=2115
SELECT w1=1183
SELECT w2=1193
BUSY TASK ewma=997
DMA IRQ c0=0
DMA IRQ c1=2
DMA IRQ c2=0
DMA IRQ c3=0
SELECT busy=2164
SELECT w0=2144
SELECT w1=1200
SELECT w2=1207
BUSY TASK ewma=997
DMA IRQ c0=0
DMA IRQ c1=2
DMA IRQ c2=0
DMA IRQ c3=0
SELECT busy=2196
SELECT w0=2175
SELECT w1=1215
SELECT w2=1221
BUSY TASK ewma=997
DMA IRQ c0=0
DMA IRQ c1=2
DMA IRQ c2=0
DMA IRQ c3=0
SELECT busy=2228
SELECT w0=2207
SELECT w1=1230
SELECT w2=1238
BUSY TASK ewma=997
DMA IRQ c0=0
DMA IRQ c1=2
DMA IRQ c2=0
DMA IRQ c3=0
SELECT busy=2260
SELECT w0=2239
SELECT w1=1242
SELECT w2=1253
BUSY TASK ewma=997
DMA IRQ c0=0
DMA IRQ c1=2
DMA IRQ c2=0
DMA IRQ c3=0
SELECT busy=2292
SELECT w0=2272
SELECT w1=1261
SELECT w2=1273
BUSY TASK ewma=997
DMA IRQ c0=0
DMA IRQ c1=2
DMA IRQ c2=0
DMA IRQ c3=0
SELECT busy=2317
SELECT w0=2297
SELECT w1=1274
SELECT w2=1288
BUSY TASK ewma=997
DMA IRQ c0=0
DMA IRQ c1=2
DMA IRQ c2=0
DMA IRQ c3=0
SELECT busy=2358
SELECT w0=2338
SELECT w1=1292
SELECT w2=1308
BUSY TASK ewma=997
DMA IRQ c0=0
DMA IRQ c1=2
DMA IRQ c2=0
DMA IRQ c3=0
SELECT busy=2388
SELECT w0=2368
SELECT w1=1305
SELECT w2=1321
BUSY TASK ewma=997
DMA IRQ c0=0
DMA IRQ c1=2
DMA IRQ c2=0
DMA IRQ c3=0
SELECT busy=2421
SELECT w0=2401
SELECT w1=1320
SELECT w2=1338
BUSY TASK ewma=997
DMA IRQ c0=0
DMA IRQ c1=2
DMA IRQ c2=0
DMA IRQ c3=0
SELECT busy=2457
SELECT w0=2436
SELECT w1=1338
SELECT w2=1353
BUSY TASK ewma=997
DMA IRQ c0=0
DMA IRQ c1=2
DMA IRQ c2=0
DMA IRQ c3=0
SELECT busy=2494
SELECT w0=2473
SELECT w1=1358
SELECT w2=1371
BUSY TASK ewma=997
DMA IRQ c0=0
DMA IRQ c1=2
DMA IRQ c2=0
DMA IRQ c3=0
SELECT busy=2528
SELECT w0=2507
SELECT w1=1374
SELECT w2=1386
BUSY TASK ewma=997
DMA IRQ c0=0
DMA IRQ c1=2
DMA IRQ c2=0
DMA IRQ c3=0
SELECT busy=2567
SELECT w0=2546
SELECT w1=1393
SELECT w2=1406
BUSY TASK ewma=997
DMA IRQ c0=0
DMA IRQ c1=2
DMA IRQ c2=0
DMA IRQ c3=0
SELECT busy=2601
SELECT w0=2581
SELECT w1=1410
SELECT w2=1425
BUSY TASK ewma=997
DMA IRQ c0=0
DMA IRQ c1=2
DMA IRQ c2=0
DMA IRQ c3=0
SELECT busy=2634
SELECT w0=2613
SELECT w1=1423
SELECT w2=1441
BUSY TASK ewma=997
DMA IRQ c0=0
DMA IRQ c1=2
DMA IRQ c2=0
DMA IRQ c3=0
SELECT busy=2664
SELECT w0=2644
SELECT w1=1436
SELECT w2=1459
BUSY TASK ewma=997
DMA IRQ c0=0
DMA IRQ c1=2
DMA IRQ c2=0
DMA IRQ c3=0
SELECT busy=2708
SELECT w0=2688
SELECT w1=1461
SELECT w2=1482
BUSY TASK ewma=997
DMA IRQ c0=0
DMA IRQ c1=2
DMA IRQ c2=0
DMA IRQ c3=0
SELECT busy=2749
SELECT w0=2729
SELECT w1=1481
SELECT w2=1502
BUSY TASK ewma=997
DMA IRQ c0=0
DMA IRQ c1=2
DMA IRQ c2=0
DMA IRQ c3=0
SELECT busy=2782
SELECT w0=2762
SELECT w1=1500
SELECT w2=1522
BUSY TASK ewma=997
DMA IRQ c0=0
DMA IRQ c1=2
DMA IRQ c2=0
DMA IRQ c3=0
SELECT busy=2822
SELECT w0=2802
SELECT w1=1523
SELECT w2=1543
BUSY TASK ewma=997
DMA IRQ c0=0
DMA IRQ c1=2
DMA IRQ c2=0
DMA IRQ c3=0
SELECT busy=2853
SELECT w0=2832
SELECT w1=1539
SELECT w2=1560
BUSY TASK ewma=997
DMA IRQ c0=0
DMA IRQ c1=2
DMA IRQ c2=0
DMA IRQ c3=0
SELECT busy=2890
SELECT w0=2870
SELECT w1=1564
SELECT w2=1582
BUSY TASK ewma=997
DMA IRQ c0=0
DMA IRQ c1=2
DMA IRQ c2=0
DMA IRQ c3=0
SELECT busy=2919
SELECT w0=2901
SELECT w1=1584
SELECT w2=1601
BUSY TASK ewma=997
DMA IRQ c0=0
DMA IRQ c1=2
DMA IRQ c2=0
DMA IRQ c3=0
SELECT busy=2956
SELECT w0=2936
SELECT w1=1604
SELECT w2=1621
BUSY TASK ewma=997
DMA IRQ c0=0
DMA IRQ c1=2
DMA IRQ c2=0
DMA IRQ c3=0
SELECT busy=2989
SELECT w0=2968
SELECT w1=1623
SELECT w2=1638
BUSY TASK ewma=997
DMA IRQ c0=0
DMA IRQ c1=2
DMA IRQ c2=0
DMA IRQ c3=0
SELECT busy=3021
SELECT w0=3000
SELECT w1=1635
SELECT w2=1651
BUSY TASK ewma=997
DMA IRQ c0=0
DMA IRQ c1=2
DMA IRQ c2=0
DMA IRQ c3=0
SELECT busy=3054
SELECT w0=3033
SELECT w1=1650
SELECT w2=1669
BUSY TASK ewma=997
DMA IRQ c0=0
DMA IRQ c1=2
DMA IRQ c2=0
DMA IRQ c3=0
SELECT busy=3087
SELECT w0=3066
SELECT w1=1667
SELECT w2=1687
BUSY TASK ewma=997
DMA IRQ c0=0
DMA IRQ c1=2
DMA IRQ c2=0
DMA IRQ c3=0
SELECT busy=3126
SELECT w0=3105
SELECT w1=1683
SELECT w2=1705
BUSY TASK ewma=997
DMA IRQ c0=0
DMA IRQ c1=2
DMA IRQ c2=0
DMA IRQ c3=0
SELECT busy=3158
SELECT w0=3138
SELECT w1=1696
SELECT w2=1720
BUSY TASK ewma=997
DMA IRQ c0=0
DMA IRQ c1=2
DMA IRQ c2=0
DMA IRQ c3=0
SELECT busy=3194
SELECT w0=3174
SELECT w1=1712
SELECT w2=1739
BUSY TASK ewma=997
DMA IRQ c0=0
DMA IRQ c1=2
DMA IRQ c2=0
DMA IRQ c3=0
SELECT busy=3226
SELECT w0=3205
SELECT w1=1725
SELECT w2=1751
BUSY TASK ewma=997
DMA IRQ c0=0
DMA IRQ c1=2
DMA IRQ c2=0
DMA IRQ c3=0
SELECT busy=3262
SELECT w0=3241
SELECT w1=1744
SELECT w2=1768
BUSY TASK ewma=997
DMA IRQ c0=0
DMA IRQ c1=2
DMA IRQ c2=0
DMA IRQ c3=0
SELECT busy=3296
SELECT w0=3276
SELECT w1=1761
SELECT w2=1786
BUSY TASK ewma=997
DMA IRQ c0=0
DMA IRQ c1=2
DMA IRQ c2=0
DMA IRQ c3=0
SELECT busy=3337
SELECT w0=3317
SELECT w1=1782
SELECT w2=1810
BUSY TASK ewma=997
DMA IRQ c0=0
DMA IRQ c1=2
DMA IRQ c2=0
DMA IRQ c3=0
SELECT busy=3374
SELECT w0=3354
SELECT w1=1803
SELECT w2=1830
BUSY TASK ewma=997
DMA IRQ c0=0
DMA IRQ c1=2
DMA IRQ c2=0
DMA IRQ c3=0
SELECT busy=3419
SELECT w0=3398
SELECT w1=1830
SELECT w2=1851
BUSY TASK ewma=997
DMA IRQ c0=0
DMA IRQ c1=2
DMA IRQ c2=0
DMA IRQ c3=0
SELECT busy=3451
SELECT w0=3430
SELECT w1=1845
SELECT w2=1868
BUSY TASK ewma=997
DMA IRQ c0=0
DMA IRQ c1=2
DMA IRQ c2=0
DMA IRQ c3=0
SELECT busy=3470
SELECT w0=3449
SELECT w1=1855
SELECT w2=1879
BUSY TASK ewma=997
DMA IRQ c0=0
DMA IRQ c1=2
DMA IRQ c2=0
DMA IRQ c3=0
SELECT busy=3487
SELECT w0=3466
SELECT w1=1867
SELECT w2=1889
BUSY TASK ewma=997
DMA IRQ c0=0
DMA IRQ c1=2
DMA IRQ c2=0
DMA IRQ c3=0
SELECT busy=3505
SELECT w0=3485
SELECT w1=1876
SELECT w2=1898
BUSY TASK ewma=997
DMA IRQ c0=0
DMA IRQ c1=2
DMA IRQ c2=0
DMA IRQ c3=0
SELECT busy=3525
SELECT w0=3505
SELECT w1=1887
SELECT w2=1908
BUSY TASK ewma=997
DMA IRQ c0=0
DMA IRQ c1=2
DMA IRQ c2=0
DMA IRQ c3=0
SELECT busy=3563
SELECT w0=3543
SELECT w1=1909
SELECT w2=1928
BUSY TASK ewma=997
DMA IRQ c0=0
DMA IRQ c1=2
DMA IRQ c2=0
DMA IRQ c3=0
SELECT busy=3593
SELECT w0=3572
SELECT w1=1924
SELECT w2=1940
BUSY TASK ewma=997
DMA IRQ c0=0
DMA IRQ c1=2
DMA IRQ c2=0
DMA IRQ c3=0
SELECT busy=3622
SELECT w0=3602
SELECT w1=1945
SELECT w2=1961
BUSY TASK ewma=997
DMA IRQ c0=0
DMA IRQ c1=2
DMA IRQ c2=0
DMA IRQ c3=0
SELECT busy=3651
SELECT w0=3631
SELECT w1=1961
SELECT w2=1977
BUSY TASK ewma=997
DMA IRQ c0=0
DMA IRQ c1=2
DMA IRQ c2=0
DMA IRQ c3=0
SELECT busy=3673
SELECT w0=3653
SELECT w1=1975
SELECT w2=1990
BUSY TASK ewma=997
DMA IRQ c0=0
DMA IRQ c1=2
DMA IRQ c2=0
DMA IRQ c3=0
SELECT busy=3690
SELECT w0=3669
SELECT w1=1983
SELECT w2=1997
BUSY TASK ewma=997
DMA IRQ c0=0
DMA IRQ c1=2
DMA IRQ c2=0
DMA IRQ c3=0
SELECT busy=3709
SELECT w0=3688
SELECT w1=1993
SELECT w2=2008
BUSY TASK ewma=997
DMA IRQ c0=0
DMA IRQ c1=2
DMA IRQ c2=0
DMA IRQ c3=0
SELECT busy=3729
SELECT w0=3709
SELECT w1=2008
SELECT w2=2024
BUSY TASK ewma=997
IRQ counts: cpu0=7468 cpu1=8098 cpu2=8089 cpu3=7899
SCHED secondaries: calls=24105 unexpected=0
SECTEST switches=24082 cpu1=69230715,69562285 cpu2=54012159,52814006 cpu3=73792604,72984583
PINGPONG rounds=1505 pongs=1507
DMA IRQ c0=0
DMA IRQ c1=2
DMA IRQ c2=0
DMA IRQ c3=0
SELECT busy=3763
SELECT w0=3743
SELECT w1=2034
SELECT w2=2052
BUSY TASK ewma=997
DMA IRQ c0=0
DMA IRQ c1=2
DMA IRQ c2=0
DMA IRQ c3=0
SELECT busy=3784
SELECT w0=3763
SELECT w1=2044
SELECT w2=2066
BUSY TASK ewma=997
DMA IRQ c0=0
DMA IRQ c1=2
DMA IRQ c2=0
DMA IRQ c3=0
SELECT busy=3802
SELECT w0=3782
SELECT w1=2053
SELECT w2=2076
BUSY TASK ewma=997
DMA IRQ c0=0
DMA IRQ c1=2
DMA IRQ c2=0
DMA IRQ c3=0
SELECT busy=3819
SELECT w0=3798
SELECT w1=2061
SELECT w2=2085
BUSY TASK ewma=997
DMA IRQ c0=0
DMA IRQ c1=2
DMA IRQ c2=0
DMA IRQ c3=0
SELECT busy=3834
SELECT w0=3814
SELECT w1=2072
SELECT w2=2094
BUSY TASK ewma=997
DMA IRQ c0=0
DMA IRQ c1=2
DMA IRQ c2=0
DMA IRQ c3=0
SELECT busy=3853
SELECT w0=3832
SELECT w1=2082
SELECT w2=2103
BUSY TASK ewma=997
DMA IRQ c0=0
DMA IRQ c1=2
DMA IRQ c2=0
DMA IRQ c3=0
SELECT busy=3883
SELECT w0=3863
SELECT w1=2099
SELECT w2=2122
BUSY TASK ewma=997
DMA IRQ c0=0
DMA IRQ c1=2
DMA IRQ c2=0
DMA IRQ c3=0
SELECT busy=3911
SELECT w0=3890
SELECT w1=2113
SELECT w2=2133
BUSY TASK ewma=997
DMA IRQ c0=0
DMA IRQ c1=2
DMA IRQ c2=0
DMA IRQ c3=0
SELECT busy=3936
SELECT w0=3916
SELECT w1=2125
SELECT w2=2148
BUSY TASK ewma=997
DMA IRQ c0=0
DMA IRQ c1=2
DMA IRQ c2=0
DMA IRQ c3=0
SELECT busy=3962
SELECT w0=3942
SELECT w1=2139
SELECT w2=2163
BUSY TASK ewma=997
DMA IRQ c0=0
DMA IRQ c1=2
DMA IRQ c2=0
DMA IRQ c3=0
SELECT busy=3980
SELECT w0=3959
SELECT w1=2149
SELECT w2=2174
BUSY TASK ewma=997
DMA IRQ c0=0
DMA IRQ c1=2
DMA IRQ c2=0
DMA IRQ c3=0
SELECT busy=4000
SELECT w0=3980
SELECT w1=2161
SELECT w2=2185
BUSY TASK ewma=997
DMA IRQ c0=0
DMA IRQ c1=2
DMA IRQ c2=0
DMA IRQ c3=0
SELECT busy=4015
SELECT w0=3995
SELECT w1=2172
SELECT w2=2195
BUSY TASK ewma=997
DMA IRQ c0=0
DMA IRQ c1=2
DMA IRQ c2=0
DMA IRQ c3=0
SELECT busy=4038
SELECT w0=4018
SELECT w1=2186
SELECT w2=2210
BUSY TASK ewma=997
DMA IRQ c0=0
DMA IRQ c1=2
DMA IRQ c2=0
DMA IRQ c3=0
SELECT busy=4058
SELECT w0=4038
SELECT w1=2202
SELECT w2=2223
BUSY TASK ewma=997
DMA IRQ c0=0
DMA IRQ c1=2
DMA IRQ c2=0
DMA IRQ c3=0
SELECT busy=4081
SELECT w0=4061
SELECT w1=2216
SELECT w2=2237
BUSY TASK ewma=997
DMA IRQ c0=0
DMA IRQ c1=2
DMA IRQ c2=0
DMA IRQ c3=0
SELECT busy=4102
SELECT w0=4082
SELECT w1=2230
SELECT w2=2254
BUSY TASK ewma=997
DMA IRQ c0=0
DMA IRQ c1=2
DMA IRQ c2=0
DMA IRQ c3=0
SELECT busy=4116
SELECT w0=4096
SELECT w1=2239
SELECT w2=2263
BUSY TASK ewma=997
DMA IRQ c0=0
DMA IRQ c1=2
DMA IRQ c2=0
DMA IRQ c3=0
SELECT busy=4133
SELECT w0=4113
SELECT w1=2250
SELECT w2=2274
BUSY TASK ewma=997
DMA IRQ c0=0
DMA IRQ c1=2
DMA IRQ c2=0
DMA IRQ c3=0
SELECT busy=4151
SELECT w0=4131
SELECT w1=2263
SELECT w2=2284
BUSY TASK ewma=997
DMA IRQ c0=0
DMA IRQ c1=2
DMA IRQ c2=0
DMA IRQ c3=0
SELECT busy=4169
SELECT w0=4148
SELECT w1=2274
SELECT w2=2293
BUSY TASK ewma=997
DMA IRQ c0=0
DMA IRQ c1=2
DMA IRQ c2=0
DMA IRQ c3=0
SELECT busy=4188
SELECT w0=4167
SELECT w1=2282
SELECT w2=2302
BUSY TASK ewma=997
DMA IRQ c0=0
DMA IRQ c1=2
DMA IRQ c2=0
DMA IRQ c3=0
SELECT busy=4214
SELECT w0=4193
SELECT w1=2295
SELECT w2=2315
BUSY TASK ewma=997
DMA IRQ c0=0
DMA IRQ c1=2
DMA IRQ c2=0
DMA IRQ c3=0
SELECT busy=4248
SELECT w0=4228
SELECT w1=2319
SELECT w2=2333
BUSY TASK ewma=997
DMA IRQ c0=0
DMA IRQ c1=2
DMA IRQ c2=0
DMA IRQ c3=0
SELECT busy=4279
SELECT w0=4259
SELECT w1=2335
SELECT w2=2349
BUSY TASK ewma=997
DMA IRQ c0=0
DMA IRQ c1=2
DMA IRQ c2=0
DMA IRQ c3=0
SELECT busy=4301
SELECT w0=4280
SELECT w1=2347
SELECT w2=2360
BUSY TASK ewma=997
DMA IRQ c0=0
DMA IRQ c1=2
DMA IRQ c2=0
DMA IRQ c3=0
SELECT busy=4326
SELECT w0=4306
SELECT w1=2360
SELECT w2=2376
BUSY TASK ewma=997
DMA IRQ c0=0
DMA IRQ c1=2
DMA IRQ c2=0
DMA IRQ c3=0
SELECT busy=4343
SELECT w0=4322
SELECT w1=2374
SELECT w2=2386
BUSY TASK ewma=997
DMA IRQ c0=0
DMA IRQ c1=2
DMA IRQ c2=0
DMA IRQ c3=0
SELECT busy=4359
SELECT w0=4339
SELECT w1=2384
SELECT w2=2395
BUSY TASK ewma=997
DMA IRQ c0=0
DMA IRQ c1=2
DMA IRQ c2=0
DMA IRQ c3=0
SELECT busy=4380
SELECT w0=4359
SELECT w1=2398
SELECT w2=2403
BUSY TASK ewma=997
DMA IRQ c0=0
DMA IRQ c1=2
DMA IRQ c2=0
DMA IRQ c3=0
SELECT busy=4397
SELECT w0=4377
SELECT w1=2413
SELECT w2=2415
BUSY TASK ewma=997
DMA IRQ c0=0
DMA IRQ c1=2
DMA IRQ c2=0
DMA IRQ c3=0
SELECT busy=4419
SELECT w0=4399
SELECT w1=2428
SELECT w2=2428
BUSY TASK ewma=997
DMA IRQ c0=0
DMA IRQ c1=2
DMA IRQ c2=0
DMA IRQ c3=0
SELECT busy=4436
SELECT w0=4415
SELECT w1=2439
SELECT w2=2436
BUSY TASK ewma=997
DMA IRQ c0=0
DMA IRQ c1=2
DMA IRQ c2=0
DMA IRQ c3=0
SELECT busy=4453
SELECT w0=4433
SELECT w1=2447
SELECT w2=2447
BUSY TASK ewma=997
DMA IRQ c0=0
DMA IRQ c1=2
DMA IRQ c2=0
DMA IRQ c3=0
SELECT busy=4476
SELECT w0=4456
SELECT w1=2460
SELECT w2=2458
BUSY TASK ewma=997
DMA IRQ c0=0
DMA IRQ c1=2
DMA IRQ c2=0
DMA IRQ c3=0
SELECT busy=4493
SELECT w0=4472
SELECT w1=2470
SELECT w2=2469
BUSY TASK ewma=997
DMA IRQ c0=0
DMA IRQ c1=2
DMA IRQ c2=0
DMA IRQ c3=0
SELECT busy=4514
SELECT w0=4494
SELECT w1=2482
SELECT w2=2482
BUSY TASK ewma=997
DMA IRQ c0=0
DMA IRQ c1=2
DMA IRQ c2=0
DMA IRQ c3=0
SELECT busy=4530
SELECT w0=4510
SELECT w1=2490
SELECT w2=2493
BUSY TASK ewma=997
DMA IRQ c0=0
DMA IRQ c1=2
DMA IRQ c2=0
DMA IRQ c3=0
SELECT busy=4543
SELECT w0=4522
SELECT w1=2497
SELECT w2=2500
BUSY TASK ewma=997
DMA IRQ c0=0
DMA IRQ c1=2
DMA IRQ c2=0
DMA IRQ c3=0
SELECT busy=4561
SELECT w0=4541
SELECT w1=2510
SELECT w2=2513
BUSY TASK ewma=997
DMA IRQ c0=0
DMA IRQ c1=2
DMA IRQ c2=0
DMA IRQ c3=0
SELECT busy=4581
SELECT w0=4561
SELECT w1=2524
SELECT w2=2524
BUSY TASK ewma=997
DMA IRQ c0=0
DMA IRQ c1=2
DMA IRQ c2=0
DMA IRQ c3=0
SELECT busy=4599
SELECT w0=4579
SELECT w1=2533
SELECT w2=2532
BUSY TASK ewma=997
DMA IRQ c0=0
DMA IRQ c1=2
DMA IRQ c2=0
DMA IRQ c3=0
SELECT busy=4618
SELECT w0=4597
SELECT w1=2544
SELECT w2=2540
BUSY TASK ewma=997
DMA IRQ c0=0
DMA IRQ c1=2
DMA IRQ c2=0
DMA IRQ c3=0
SELECT busy=4641
SELECT w0=4621
SELECT w1=2558
SELECT w2=2556
BUSY TASK ewma=997
DMA IRQ c0=0
DMA IRQ c1=2
DMA IRQ c2=0
DMA IRQ c3=0
SELECT busy=4667
SELECT w0=4647
SELECT w1=2571
SELECT w2=2574
BUSY TASK ewma=997
DMA IRQ c0=0
DMA IRQ c1=2
DMA IRQ c2=0
DMA IRQ c3=0
SELECT busy=4687
SELECT w0=4667
SELECT w1=2582
SELECT w2=2583
BUSY TASK ewma=997
DMA IRQ c0=0
DMA IRQ c1=2
DMA IRQ c2=0
DMA IRQ c3=0
SELECT busy=4703
SELECT w0=4683
SELECT w1=2592
SELECT w2=2594
BUSY TASK ewma=997
DMA IRQ c0=0
DMA IRQ c1=2
DMA IRQ c2=0
DMA IRQ c3=0
SELECT busy=4721
SELECT w0=4700
SELECT w1=2604
SELECT w2=2604
BUSY TASK ewma=997
DMA IRQ c0=0
DMA IRQ c1=2
DMA IRQ c2=0
DMA IRQ c3=0
SELECT busy=4736
SELECT w0=4716
SELECT w1=2614
SELECT w2=2612
BUSY TASK ewma=997
DMA IRQ c0=0
DMA IRQ c1=2
DMA IRQ c2=0
DMA IRQ c3=0
SELECT busy=4754
SELECT w0=4734
SELECT w1=2623
SELECT w2=2620
BUSY TASK ewma=997
DMA IRQ c0=0
DMA IRQ c1=2
DMA IRQ c2=0
DMA IRQ c3=0
SELECT busy=4772
SELECT w0=4752
SELECT w1=2632
SELECT w2=2630
BUSY TASK ewma=997
DMA IRQ c0=0
DMA IRQ c1=2
DMA IRQ c2=0
DMA IRQ c3=0
SELECT busy=4789
SELECT w0=4768
SELECT w1=2642
SELECT w2=2638
BUSY TASK ewma=997
DMA IRQ c0=0
DMA IRQ c1=2
DMA IRQ c2=0
DMA IRQ c3=0
SELECT busy=4806
SELECT w0=4785
SELECT w1=2651
SELECT w2=2646
BUSY TASK ewma=997
DMA IRQ c0=0
DMA IRQ c1=2
DMA IRQ c2=0
DMA IRQ c3=0
SELECT busy=4826
SELECT w0=4805
SELECT w1=2658
SELECT w2=2655
BUSY TASK ewma=997
DMA IRQ c0=0
DMA IRQ c1=2
DMA IRQ c2=0
DMA IRQ c3=0
SELECT busy=4847
SELECT w0=4826
SELECT w1=2666
SELECT w2=2664
BUSY TASK ewma=997
DMA IRQ c0=0
DMA IRQ c1=2
DMA IRQ c2=0
DMA IRQ c3=0
SELECT busy=4864
SELECT w0=4843
SELECT w1=2675
SELECT w2=2673
BUSY TASK ewma=997
DMA IRQ c0=0
DMA IRQ c1=2
DMA IRQ c2=0
DMA IRQ c3=0
SELECT busy=4880
SELECT w0=4860
SELECT w1=2683
SELECT w2=2683
BUSY TASK ewma=997
DMA IRQ c0=0
DMA IRQ c1=2
DMA IRQ c2=0
DMA IRQ c3=0
SELECT busy=4901
SELECT w0=4881
SELECT w1=2692
SELECT w2=2695
BUSY TASK ewma=997
DMA IRQ c0=0
DMA IRQ c1=2
DMA IRQ c2=0
DMA IRQ c3=0
SELECT busy=4921
SELECT w0=4901
SELECT w1=2701
SELECT w2=2706
BUSY TASK ewma=997
DMA IRQ c0=0
DMA IRQ c1=2
DMA IRQ c2=0
DMA IRQ c3=0
SELECT busy=4938
SELECT w0=4917
SELECT w1=2709
SELECT w2=2715
BUSY TASK ewma=997
DMA IRQ c0=0
DMA IRQ c1=2
DMA IRQ c2=0
DMA IRQ c3=0
SELECT busy=4954
SELECT w0=4933
SELECT w1=2718
SELECT w2=2725
BUSY TASK ewma=997
DMA IRQ c0=0
DMA IRQ c1=2
DMA IRQ c2=0
DMA IRQ c3=0
SELECT busy=4967
SELECT w0=4946
SELECT w1=2724
SELECT w2=2734
BUSY TASK ewma=997
DMA IRQ c0=0
DMA IRQ c1=2
DMA IRQ c2=0
DMA IRQ c3=0
SELECT busy=4987
SELECT w0=4967
SELECT w1=2733
SELECT w2=2746
BUSY TASK ewma=997
DMA IRQ c0=0
DMA IRQ c1=2
DMA IRQ c2=0
DMA IRQ c3=0
SELECT busy=5003
SELECT w0=4983
SELECT w1=2741
SELECT w2=2756
BUSY TASK ewma=997
IRQ counts: cpu0=10026 cpu1=11132 cpu2=11045 cpu3=10786
SCHED secondaries: calls=32984 unexpected=0
SECTEST switches=32941 cpu1=104615117,106604052 cpu2=81963043,80508396 cpu3=113045252,111388604
PINGPONG rounds=2000 pongs=2000
DMA IRQ c0=0
DMA IRQ c1=2
DMA IRQ c2=0
DMA IRQ c3=0
SELECT busy=5034
SELECT w0=5013
SELECT w1=2754
SELECT w2=2773
BUSY TASK ewma=997
DMA IRQ c0=0
DMA IRQ c1=2
DMA IRQ c2=0
DMA IRQ c3=0
SELECT busy=5051
SELECT w0=5032
SELECT w1=2762
SELECT w2=2783
BUSY TASK ewma=997
DMA IRQ c0=0
DMA IRQ c1=2
DMA IRQ c2=0
DMA IRQ c3=0
SELECT busy=5069
SELECT w0=5049
SELECT w1=2770
SELECT w2=2792
BUSY TASK ewma=997
DMA IRQ c0=0
DMA IRQ c1=2
DMA IRQ c2=0
DMA IRQ c3=0
SELECT busy=5090
SELECT w0=5070
SELECT w1=2781
SELECT w2=2805
BUSY TASK ewma=997
DMA IRQ c0=0
DMA IRQ c1=2
DMA IRQ c2=0
DMA IRQ c3=0
SELECT busy=5110
SELECT w0=5089
SELECT w1=2788
SELECT w2=2815
BUSY TASK ewma=997
DMA IRQ c0=0
DMA IRQ c1=2
DMA IRQ c2=0
DMA IRQ c3=0
SELECT busy=5130
SELECT w0=5109
SELECT w1=2796
SELECT w2=2824
BUSY TASK ewma=997
DMA IRQ c0=0
DMA IRQ c1=2
DMA IRQ c2=0
DMA IRQ c3=0
SELECT busy=5149
SELECT w0=5128
SELECT w1=2802
SELECT w2=2832
BUSY TASK ewma=997
DMA IRQ c0=0
DMA IRQ c1=2
DMA IRQ c2=0
DMA IRQ c3=0
SELECT busy=5170
SELECT w0=5149
SELECT w1=2811
SELECT w2=2843
BUSY TASK ewma=997
DMA IRQ c0=0
DMA IRQ c1=2
DMA IRQ c2=0
DMA IRQ c3=0
SELECT busy=5188
SELECT w0=5167
SELECT w1=2818
SELECT w2=2851
BUSY TASK ewma=997
DMA IRQ c0=0
DMA IRQ c1=2
DMA IRQ c2=0
DMA IRQ c3=0
SELECT busy=5211
SELECT w0=5190
SELECT w1=2828
SELECT w2=2863
BUSY TASK ewma=997
DMA IRQ c0=0
DMA IRQ c1=2
DMA IRQ c2=0
DMA IRQ c3=0
SELECT busy=5232
SELECT w0=5211
SELECT w1=2836
SELECT w2=2873
BUSY TASK ewma=997
DMA IRQ c0=0
DMA IRQ c1=2
DMA IRQ c2=0
DMA IRQ c3=0
SELECT busy=5251
SELECT w0=5230
SELECT w1=2843
SELECT w2=2883
BUSY TASK ewma=997
DMA IRQ c0=0
DMA IRQ c1=2
DMA IRQ c2=0
DMA IRQ c3=0
SELECT busy=5269
SELECT w0=5248
SELECT w1=2850
SELECT w2=2892
BUSY TASK ewma=997
DMA IRQ c0=0
DMA IRQ c1=2
DMA IRQ c2=0
DMA IRQ c3=0
SELECT busy=5288
SELECT w0=5267
SELECT w1=2861
SELECT w2=2907
BUSY TASK ewma=997
DMA IRQ c0=0
DMA IRQ c1=2
DMA IRQ c2=0
DMA IRQ c3=0
SELECT busy=5307
SELECT w0=5287
SELECT w1=2869
SELECT w2=2917
BUSY TASK ewma=997
DMA IRQ c0=0
DMA IRQ c1=2
DMA IRQ c2=0
DMA IRQ c3=0
SELECT busy=5332
SELECT w0=5311
SELECT w1=2881
SELECT w2=2932
BUSY TASK ewma=997
DMA IRQ c0=0
DMA IRQ c1=2
DMA IRQ c2=0
DMA IRQ c3=0
SELECT busy=5353
SELECT w0=5332
SELECT w1=2892
SELECT w2=2951
BUSY TASK ewma=997
DMA IRQ c0=0
DMA IRQ c1=2
DMA IRQ c2=0
DMA IRQ c3=0
SELECT busy=5371
SELECT w0=5350
SELECT w1=2898
SELECT w2=2957
BUSY TASK ewma=997
DMA IRQ c0=0
DMA IRQ c1=2
DMA IRQ c2=0
DMA IRQ c3=0
SELECT busy=5386
SELECT w0=5366
SELECT w1=2906
SELECT w2=2968
BUSY TASK ewma=997
DMA IRQ c0=0
DMA IRQ c1=2
DMA IRQ c2=0
DMA IRQ c3=0
SELECT busy=5405
SELECT w0=5385
SELECT w1=2916
SELECT w2=2981
BUSY TASK ewma=997
DMA IRQ c0=0
DMA IRQ c1=2
DMA IRQ c2=0
DMA IRQ c3=0
SELECT busy=5427
SELECT w0=5407
SELECT w1=2926
SELECT w2=2993
BUSY TASK ewma=997
DMA IRQ c0=0
DMA IRQ c1=2
DMA IRQ c2=0
DMA IRQ c3=0
SELECT busy=5444
SELECT w0=5424
SELECT w1=2936
SELECT w2=3004
BUSY TASK ewma=997
DMA IRQ c0=0
DMA IRQ c1=2
DMA IRQ c2=0
DMA IRQ c3=0
SELECT busy=5461
SELECT w0=5440
SELECT w1=2943
SELECT w2=3013
BUSY TASK ewma=997
DMA IRQ c0=0
DMA IRQ c1=2
DMA IRQ c2=0
DMA IRQ c3=0
SELECT busy=5480
SELECT w0=5459
SELECT w1=2950
SELECT w2=3023
BUSY TASK ewma=997
DMA IRQ c0=0
DMA IRQ c1=2
DMA IRQ c2=0
DMA IRQ c3=0
SELECT busy=5499
SELECT w0=5478
SELECT w1=2958
SELECT w2=3032
BUSY TASK ewma=997
DMA IRQ c0=0
DMA IRQ c1=2
DMA IRQ c2=0
DMA IRQ c3=0
SELECT busy=5509
SELECT w0=5489
SELECT w1=2964
SELECT w2=3039
BUSY TASK ewma=997
DMA IRQ c0=0
DMA IRQ c1=2
DMA IRQ c2=0
DMA IRQ c3=0
SELECT busy=5530
SELECT w0=5510
SELECT w1=2977
SELECT w2=3051
BUSY TASK ewma=997
DMA IRQ c0=0
DMA IRQ c1=2
DMA IRQ c2=0
DMA IRQ c3=0
SELECT busy=5546
SELECT w0=5525
SELECT w1=2983
SELECT w2=3058
BUSY TASK ewma=997
DMA IRQ c0=0
DMA IRQ c1=2
DMA IRQ c2=0
DMA IRQ c3=0
SELECT busy=5561
SELECT w0=5540
SELECT w1=2991
SELECT w2=3068
BUSY TASK ewma=997
DMA IRQ c0=0
DMA IRQ c1=2
DMA IRQ c2=0
DMA IRQ c3=0
SELECT busy=5581
SELECT w0=5561
SELECT w1=2999
SELECT w2=3078
BUSY TASK ewma=997
DMA IRQ c0=0
DMA IRQ c1=2
DMA IRQ c2=0
DMA IRQ c3=0
SELECT busy=5598
SELECT w0=5578
SELECT w1=3009
SELECT w2=3094
BUSY TASK ewma=997
DMA IRQ c0=0
DMA IRQ c1=2
DMA IRQ c2=0
DMA IRQ c3=0
SELECT busy=5619
SELECT w0=5601
SELECT w1=3019
SELECT w2=3105
BUSY TASK ewma=997
DMA IRQ c0=0
DMA IRQ c1=2
DMA IRQ c2=0
DMA IRQ c3=0
SELECT busy=5638
SELECT w0=5618
SELECT w1=3027
SELECT w2=3116
BUSY TASK ewma=997
DMA IRQ c0=0
DMA IRQ c1=2
DMA IRQ c2=0
DMA IRQ c3=0
SELECT busy=5655
SELECT w0=5635
SELECT w1=3037
SELECT w2=3128
BUSY TASK ewma=997
DMA IRQ c0=0
DMA IRQ c1=2
DMA IRQ c2=0
DMA IRQ c3=0
SELECT busy=5672
SELECT w0=5652
SELECT w1=3045
SELECT w2=3139
BUSY TASK ewma=997
DMA IRQ c0=0
DMA IRQ c1=2
DMA IRQ c2=0
DMA IRQ c3=0
SELECT busy=5697
SELECT w0=5677
SELECT w1=3056
SELECT w2=3152
BUSY TASK ewma=997
DMA IRQ c0=0
DMA IRQ c1=2
DMA IRQ c2=0
DMA IRQ c3=0
SELECT busy=5716
SELECT w0=5697
SELECT w1=3067
SELECT w2=3164
BUSY TASK ewma=997
DMA IRQ c0=0
DMA IRQ c1=2
DMA IRQ c2=0
DMA IRQ c3=0
SELECT busy=5739
SELECT w0=5719
SELECT w1=3078
SELECT w2=3179
BUSY TASK ewma=997
DMA IRQ c0=0
DMA IRQ c1=2
DMA IRQ c2=0
DMA IRQ c3=0
SELECT busy=5762
SELECT w0=5742
SELECT w1=3090
SELECT w2=3193
BUSY TASK ewma=997
DMA IRQ c0=0
DMA IRQ c1=2
DMA IRQ c2=0
DMA IRQ c3=0
SELECT busy=5779
SELECT w0=5758
SELECT w1=3098
SELECT w2=3203
BUSY TASK ewma=997
DMA IRQ c0=0
DMA IRQ c1=2
DMA IRQ c2=0
DMA IRQ c3=0
SELECT busy=5795
SELECT w0=5775
SELECT w1=3107
SELECT w2=3212
BUSY TASK ewma=997
DMA IRQ c0=0
DMA IRQ c1=2
DMA IRQ c2=0
DMA IRQ c3=0
SELECT busy=5811
SELECT w0=5791
SELECT w1=3116
SELECT w2=3222
BUSY TASK ewma=997
DMA IRQ c0=0
DMA IRQ c1=2
DMA IRQ c2=0
DMA IRQ c3=0
SELECT busy=5826
SELECT w0=5806
SELECT w1=3123
SELECT w2=3230
BUSY TASK ewma=997
DMA IRQ c0=0
DMA IRQ c1=2
DMA IRQ c2=0
DMA IRQ c3=0
SELECT busy=5844
SELECT w0=5824
SELECT w1=3134
SELECT w2=3244
BUSY TASK ewma=997
DMA IRQ c0=0
DMA IRQ c1=2
DMA IRQ c2=0
DMA IRQ c3=0
SELECT busy=5867
SELECT w0=5846
SELECT w1=3143
SELECT w2=3253
BUSY TASK ewma=997
DMA IRQ c0=0
DMA IRQ c1=2
DMA IRQ c2=0
DMA IRQ c3=0
SELECT busy=5884
SELECT w0=5864
SELECT w1=3151
SELECT w2=3264
BUSY TASK ewma=997
DMA IRQ c0=0
DMA IRQ c1=2
DMA IRQ c2=0
DMA IRQ c3=0
SELECT busy=5907
SELECT w0=5887
SELECT w1=3163
SELECT w2=3279
BUSY TASK ewma=997
DMA IRQ c0=0
DMA IRQ c1=2
DMA IRQ c2=0
DMA IRQ c3=0
SELECT busy=5928
SELECT w0=5907
SELECT w1=3170
SELECT w2=3287
BUSY TASK ewma=997
DMA IRQ c0=0
DMA IRQ c1=2
DMA IRQ c2=0
DMA IRQ c3=0
SELECT busy=5946
SELECT w0=5925
SELECT w1=3175
SELECT w2=3294
BUSY TASK ewma=997
DMA IRQ c0=0
DMA IRQ c1=2
DMA IRQ c2=0
DMA IRQ c3=0
SELECT busy=5965
SELECT w0=5944
SELECT w1=3182
SELECT w2=3302
BUSY TASK ewma=997
DMA IRQ c0=0
DMA IRQ c1=2
DMA IRQ c2=0
DMA IRQ c3=0
SELECT busy=5984
SELECT w0=5963
SELECT w1=3187
SELECT w2=3310
BUSY TASK ewma=997
DMA IRQ c0=0
DMA IRQ c1=2
DMA IRQ c2=0
DMA IRQ c3=0
SELECT busy=6003
SELECT w0=5982
SELECT w1=3194
SELECT w2=3317
BUSY TASK ewma=997
DMA IRQ c0=0
DMA IRQ c1=2
DMA IRQ c2=0
DMA IRQ c3=0
SELECT busy=6023
SELECT w0=6003
SELECT w1=3205
SELECT w2=3331
BUSY TASK ewma=997
DMA IRQ c0=0
DMA IRQ c1=2
DMA IRQ c2=0
DMA IRQ c3=0
SELECT busy=6063
SELECT w0=6043
SELECT w1=3220
SELECT w2=3350
BUSY TASK ewma=997
DMA IRQ c0=0
DMA IRQ c1=2
DMA IRQ c2=0
DMA IRQ c3=0
SELECT busy=6101
SELECT w0=6081
SELECT w1=3240
SELECT w2=3373
BUSY TASK ewma=997
DMA IRQ c0=0
DMA IRQ c1=2
DMA IRQ c2=0
DMA IRQ c3=0
SELECT busy=6138
SELECT w0=6118
SELECT w1=3256
SELECT w2=3393
BUSY TASK ewma=997
DMA IRQ c0=0
DMA IRQ c1=2
DMA IRQ c2=0
DMA IRQ c3=0
SELECT busy=6176
SELECT w0=6157
SELECT w1=3274
SELECT w2=3420
BUSY TASK ewma=997
DMA IRQ c0=0
DMA IRQ c1=2
DMA IRQ c2=0
DMA IRQ c3=0
SELECT busy=6216
SELECT w0=6196
SELECT w1=3288
SELECT w2=3441
BUSY TASK ewma=997
DMA IRQ c0=0
DMA IRQ c1=2
DMA IRQ c2=0
DMA IRQ c3=0
SELECT busy=6249
SELECT w0=6228
SELECT w1=3301
SELECT w2=3455
BUSY TASK ewma=997
DMA IRQ c0=0
DMA IRQ c1=2
DMA IRQ c2=0
DMA IRQ c3=0
SELECT busy=6274
SELECT w0=6253
SELECT w1=3310
SELECT w2=3467
BUSY TASK ewma=997
DMA IRQ c0=0
DMA IRQ c1=2
DMA IRQ c2=0
DMA IRQ c3=0
SELECT busy=6312
SELECT w0=6292
SELECT w1=3331
SELECT w2=3490
BUSY TASK ewma=997
DMA IRQ c0=0
DMA IRQ c1=2
DMA IRQ c2=0
DMA IRQ c3=0
SELECT busy=6349
SELECT w0=6329
SELECT w1=3345
SELECT w2=3507
BUSY TASK ewma=997
DMA IRQ c0=0
DMA IRQ c1=2
DMA IRQ c2=0
DMA IRQ c3=0
SELECT busy=6384
SELECT w0=6363
SELECT w1=3358
SELECT w2=3523
BUSY TASK ewma=997
DMA IRQ c0=0
DMA IRQ c1=2
DMA IRQ c2=0
DMA IRQ c3=0
SELECT busy=6422
SELECT w0=6402
SELECT w1=3376
SELECT w2=3547
BUSY TASK ewma=997
IRQ counts: cpu0=12862 cpu1=14306 cpu2=14208 cpu3=14046
SCHED secondaries: calls=42560 unexpected=0
SECTEST switches=42523 cpu1=138032602,137872896 cpu2=110132603,108564825 cpu3=154095643,151217452
PINGPONG rounds=2000 pongs=2000
DMA IRQ c0=0
DMA IRQ c1=2
DMA IRQ c2=0
DMA IRQ c3=0
SELECT busy=6452
SELECT w0=6431
SELECT w1=3388
SELECT w2=3563
BUSY TASK ewma=997
DMA IRQ c0=0
DMA IRQ c1=2
DMA IRQ c2=0
DMA IRQ c3=0
SELECT busy=6470
SELECT w0=6449
SELECT w1=3395
SELECT w2=3571
BUSY TASK ewma=997
DMA IRQ c0=0
DMA IRQ c1=2
DMA IRQ c2=0
DMA IRQ c3=0
SELECT busy=6489
SELECT w0=6468
SELECT w1=3402
SELECT w2=3579
BUSY TASK ewma=997
DMA IRQ c0=0
DMA IRQ c1=2
DMA IRQ c2=0
DMA IRQ c3=0
SELECT busy=6511
SELECT w0=6490
SELECT w1=3411
SELECT w2=3590
BUSY TASK ewma=997
DMA IRQ c0=0
DMA IRQ c1=2
DMA IRQ c2=0
DMA IRQ c3=0
SELECT busy=6530
SELECT w0=6510
SELECT w1=3418
SELECT w2=3600
BUSY TASK ewma=997
DMA IRQ c0=0
DMA IRQ c1=2
DMA IRQ c2=0
DMA IRQ c3=0
SELECT busy=6549
SELECT w0=6529
SELECT w1=3429
SELECT w2=3614
BUSY TASK ewma=997
DMA IRQ c0=0
DMA IRQ c1=2
DMA IRQ c2=0
DMA IRQ c3=0
SELECT busy=6571
SELECT w0=6550
SELECT w1=3439
SELECT w2=3625
BUSY TASK ewma=997
DMA IRQ c0=0
DMA IRQ c1=2
DMA IRQ c2=0
DMA IRQ c3=0
SELECT busy=6584
SELECT w0=6564
SELECT w1=3445
SELECT w2=3634
BUSY TASK ewma=997
DMA IRQ c0=0
DMA IRQ c1=2
DMA IRQ c2=0
DMA IRQ c3=0
SELECT busy=6604
SELECT w0=6583
SELECT w1=3451
SELECT w2=3644
BUSY TASK ewma=997
DMA IRQ c0=0
DMA IRQ c1=2
DMA IRQ c2=0
DMA IRQ c3=0
SELECT busy=6626
SELECT w0=6606
SELECT w1=3460
SELECT w2=3661
BUSY TASK ewma=997
DMA IRQ c0=0
DMA IRQ c1=2
DMA IRQ c2=0
DMA IRQ c3=0
SELECT busy=6642
SELECT w0=6622
SELECT w1=3467
SELECT w2=3671
BUSY TASK ewma=997
DMA IRQ c0=0
DMA IRQ c1=2
DMA IRQ c2=0
DMA IRQ c3=0
SELECT busy=6658
SELECT w0=6637
SELECT w1=3474
SELECT w2=3680
BUSY TASK ewma=997
DMA IRQ c0=0
DMA IRQ c1=2
DMA IRQ c2=0
DMA IRQ c3=0
SELECT busy=6671
SELECT w0=6651
SELECT w1=3481
SELECT w2=3689
BUSY TASK ewma=997
DMA IRQ c0=0
DMA IRQ c1=2
DMA IRQ c2=0
DMA IRQ c3=0
SELECT busy=6691
SELECT w0=6671
SELECT w1=3493
SELECT w2=3702
BUSY TASK ewma=997
DMA IRQ c0=0
DMA IRQ c1=2
DMA IRQ c2=0
DMA IRQ c3=0
SELECT busy=6704
SELECT w0=6683
SELECT w1=3498
SELECT w2=3708
BUSY TASK ewma=997
DMA IRQ c0=0
DMA IRQ c1=2
DMA IRQ c2=0
DMA IRQ c3=0
SELECT busy=6715
SELECT w0=6695
SELECT w1=3503
SELECT w2=3714
BUSY TASK ewma=997
DMA IRQ c0=0
DMA IRQ c1=2
DMA IRQ c2=0
DMA IRQ c3=0
SELECT busy=6735
SELECT w0=6717
SELECT w1=3516
SELECT w2=3731
BUSY TASK ewma=997
DMA IRQ c0=0
DMA IRQ c1=2
DMA IRQ c2=0
DMA IRQ c3=0
SELECT busy=6756
SELECT w0=6736
SELECT w1=3523
SELECT w2=3742
BUSY TASK ewma=997
DMA IRQ c0=0
DMA IRQ c1=2
DMA IRQ c2=0
DMA IRQ c3=0
SELECT busy=6771
SELECT w0=6751
SELECT w1=3530
SELECT w2=3752
BUSY TASK ewma=997
DMA IRQ c0=0
DMA IRQ c1=2
DMA IRQ c2=0
DMA IRQ c3=0
SELECT busy=6785
SELECT w0=6765
SELECT w1=3537
SELECT w2=3762
BUSY TASK ewma=997
DMA IRQ c0=0
DMA IRQ c1=2
DMA IRQ c2=0
DMA IRQ c3=0
SELECT busy=6810
SELECT w0=6793
SELECT w1=3550
SELECT w2=3778
BUSY TASK ewma=997
DMA IRQ c0=0
DMA IRQ c1=2
DMA IRQ c2=0
DMA IRQ c3=0
SELECT busy=6839
SELECT w0=6819
SELECT w1=3562
SELECT w2=3797
BUSY TASK ewma=997
DMA IRQ c0=0
DMA IRQ c1=2
DMA IRQ c2=0
DMA IRQ c3=0
SELECT busy=6863
SELECT w0=6842
SELECT w1=3569
SELECT w2=3805
BUSY TASK ewma=997
DMA IRQ c0=0
DMA IRQ c1=2
DMA IRQ c2=0
DMA IRQ c3=0
SELECT busy=6883
SELECT w0=6866
SELECT w1=3577
SELECT w2=3815
BUSY TASK ewma=997
DMA IRQ c0=0
DMA IRQ c1=2
DMA IRQ c2=0
DMA IRQ c3=0
SELECT busy=6905
SELECT w0=6884
SELECT w1=3584
SELECT w2=3822
BUSY TASK ewma=997
DMA IRQ c0=0
DMA IRQ c1=2
DMA IRQ c2=0
DMA IRQ c3=0
SELECT busy=6925
SELECT w0=6904
SELECT w1=3591
SELECT w2=3831
BUSY TASK ewma=997
DMA IRQ c0=0
DMA IRQ c1=2
DMA IRQ c2=0
DMA IRQ c3=0
SELECT busy=6947
SELECT w0=6926
SELECT w1=3600
SELECT w2=3844
BUSY TASK ewma=997
DMA IRQ c0=0
DMA IRQ c1=2
DMA IRQ c2=0
DMA IRQ c3=0
SELECT busy=6966
SELECT w0=6946
SELECT w1=3610
SELECT w2=3855
BUSY TASK ewma=997
DMA IRQ c0=0
DMA IRQ c1=2
DMA IRQ c2=0
DMA IRQ c3=0
SELECT busy=6985
SELECT w0=6966
SELECT w1=3624
SELECT w2=3869
BUSY TASK ewma=997
DMA IRQ c0=0
DMA IRQ c1=2
DMA IRQ c2=0
DMA IRQ c3=0
SELECT busy=7007
SELECT w0=6987
SELECT w1=3638
SELECT w2=3886
BUSY TASK ewma=997
DMA IRQ c0=0
DMA IRQ c1=2
DMA IRQ c2=0
DMA IRQ c3=0
SELECT busy=7034
SELECT w0=7014
SELECT w1=3652
SELECT w2=3905
BUSY TASK ewma=997
DMA IRQ c0=0
DMA IRQ c1=2
DMA IRQ c2=0
DMA IRQ c3=0
SELECT busy=7055
SELECT w0=7034
SELECT w1=3660
SELECT w2=3916
BUSY TASK ewma=997
DMA IRQ c0=0
DMA IRQ c1=2
DMA IRQ c2=0
DMA IRQ c3=0
SELECT busy=7072
SELECT w0=7051
SELECT w1=3668
SELECT w2=3924
BUSY TASK ewma=997
DMA IRQ c0=0
DMA IRQ c1=2
DMA IRQ c2=0
DMA IRQ c3=0
SELECT busy=7097
SELECT w0=7077
SELECT w1=3679
SELECT w2=3937
BUSY TASK ewma=997
DMA IRQ c0=0
DMA IRQ c1=2
DMA IRQ c2=0
DMA IRQ c3=0
SELECT busy=7115
SELECT w0=7094
SELECT w1=3688
SELECT w2=3950
BUSY TASK ewma=997
DMA IRQ c0=0
DMA IRQ c1=2
DMA IRQ c2=0
DMA IRQ c3=0
SELECT busy=7133
SELECT w0=7113
SELECT w1=3699
SELECT w2=3961
BUSY TASK ewma=997
DMA IRQ c0=0
DMA IRQ c1=2
DMA IRQ c2=0
DMA IRQ c3=0
SELECT busy=7154
SELECT w0=7133
SELECT w1=3708
SELECT w2=3969
BUSY TASK ewma=997
DMA IRQ c0=0
DMA IRQ c1=2
DMA IRQ c2=0
DMA IRQ c3=0
SELECT busy=7172
SELECT w0=7152
SELECT w1=3717
SELECT w2=3983
BUSY TASK ewma=997
DMA IRQ c0=0
DMA IRQ c1=2
DMA IRQ c2=0
DMA IRQ c3=0
SELECT busy=7199
SELECT w0=7178
SELECT w1=3730
SELECT w2=3998
BUSY TASK ewma=997
DMA IRQ c0=0
DMA IRQ c1=2
DMA IRQ c2=0
DMA IRQ c3=0
SELECT busy=7220
SELECT w0=7199
SELECT w1=3738
SELECT w2=4007
BUSY TASK ewma=997
DMA IRQ c0=0
DMA IRQ c1=2
DMA IRQ c2=0
DMA IRQ c3=0
SELECT busy=7243
SELECT w0=7223
SELECT w1=3748
SELECT w2=4021
BUSY TASK ewma=997
DMA IRQ c0=0
DMA IRQ c1=2
DMA IRQ c2=0
DMA IRQ c3=0
SELECT busy=7263
SELECT w0=7242
SELECT w1=3755
SELECT w2=4029
BUSY TASK ewma=997
DMA IRQ c0=0
DMA IRQ c1=2
DMA IRQ c2=0
DMA IRQ c3=0
SELECT busy=7281
SELECT w0=7261
SELECT w1=3763
SELECT w2=4041
BUSY TASK ewma=997
DMA IRQ c0=0
DMA IRQ c1=2
DMA IRQ c2=0
DMA IRQ c3=0
SELECT busy=7303
SELECT w0=7283
SELECT w1=3772
SELECT w2=4054
BUSY TASK ewma=997
DMA IRQ c0=0
DMA IRQ c1=2
DMA IRQ c2=0
DMA IRQ c3=0
SELECT busy=7320
SELECT w0=7300
SELECT w1=3781
SELECT w2=4065
BUSY TASK ewma=997
DMA IRQ c0=0
DMA IRQ c1=2
DMA IRQ c2=0
DMA IRQ c3=0
SELECT busy=7335
SELECT w0=7315
SELECT w1=3788
SELECT w2=4074
BUSY TASK ewma=997
DMA IRQ c0=0
DMA IRQ c1=2
DMA IRQ c2=0
DMA IRQ c3=0
SELECT busy=7351
SELECT w0=7331
SELECT w1=3796
SELECT w2=4083
BUSY TASK ewma=997
DMA IRQ c0=0
DMA IRQ c1=2
DMA IRQ c2=0
DMA IRQ c3=0
SELECT busy=7365
SELECT w0=7344
SELECT w1=3803
SELECT w2=4090
BUSY TASK ewma=997
DMA IRQ c0=0
DMA IRQ c1=2
DMA IRQ c2=0
DMA IRQ c3=0
SELECT busy=7382
SELECT w0=7361
SELECT w1=3812
SELECT w2=4106
BUSY TASK ewma=997
DMA IRQ c0=0
DMA IRQ c1=2
DMA IRQ c2=0
DMA IRQ c3=0
SELECT busy=7403
SELECT w0=7383
SELECT w1=3826
SELECT w2=4121
BUSY TASK ewma=997
DMA IRQ c0=0
DMA IRQ c1=2
DMA IRQ c2=0
DMA IRQ c3=0
SELECT busy=7422
SELECT w0=7402
SELECT w1=3834
SELECT w2=4132
BUSY TASK ewma=997
DMA IRQ c0=0
DMA IRQ c1=2
DMA IRQ c2=0
DMA IRQ c3=0
SELECT busy=7440
SELECT w0=7420
SELECT w1=3841
SELECT w2=4144
BUSY TASK ewma=997
DMA IRQ c0=0
DMA IRQ c1=2
DMA IRQ c2=0
DMA IRQ c3=0
SELECT busy=7458
SELECT w0=7438
SELECT w1=3851
SELECT w2=4156
BUSY TASK ewma=997
DMA IRQ c0=0
DMA IRQ c1=2
DMA IRQ c2=0
DMA IRQ c3=0
SELECT busy=7486
SELECT w0=7466
SELECT w1=3862
SELECT w2=4168
BUSY TASK ewma=997
DMA IRQ c0=0
DMA IRQ c1=2
DMA IRQ c2=0
DMA IRQ c3=0
SELECT busy=7528
SELECT w0=7509
SELECT w1=3879
SELECT w2=4193
BUSY TASK ewma=997
DMA IRQ c0=0
DMA IRQ c1=2
DMA IRQ c2=0
DMA IRQ c3=0
SELECT busy=7559
SELECT w0=7538
SELECT w1=3890
SELECT w2=4208
BUSY TASK ewma=997
DMA IRQ c0=0
DMA IRQ c1=2
DMA IRQ c2=0
DMA IRQ c3=0
SELECT busy=7579
SELECT w0=7559
SELECT w1=3900
SELECT w2=4220
BUSY TASK ewma=997
DMA IRQ c0=0
DMA IRQ c1=2
DMA IRQ c2=0
DMA IRQ c3=0
SELECT busy=7598
SELECT w0=7577
SELECT w1=3909
SELECT w2=4231
BUSY TASK ewma=997
DMA IRQ c0=0
DMA IRQ c1=2
DMA IRQ c2=0
DMA IRQ c3=0
SELECT busy=7622
SELECT w0=7602
SELECT w1=3920
SELECT w2=4244
BUSY TASK ewma=997
DMA IRQ c0=0
DMA IRQ c1=2
DMA IRQ c2=0
DMA IRQ c3=0
SELECT busy=7661
SELECT w0=7641
SELECT w1=3937
SELECT w2=4267
BUSY TASK ewma=997
DMA IRQ c0=0
DMA IRQ c1=2
DMA IRQ c2=0
DMA IRQ c3=0
SELECT busy=7700
SELECT w0=7680
SELECT w1=3954
SELECT w2=4288
BUSY TASK ewma=997
DMA IRQ c0=0
DMA IRQ c1=2
DMA IRQ c2=0
DMA IRQ c3=0
SELECT busy=7731
SELECT w0=7710
SELECT w1=3968
SELECT w2=4304
BUSY TASK ewma=997
DMA IRQ c0=0
DMA IRQ c1=2
DMA IRQ c2=0
DMA IRQ c3=0
SELECT busy=7768
SELECT w0=7747
SELECT w1=3986
SELECT w2=4325
BUSY TASK ewma=997
DMA IRQ c0=0
DMA IRQ c1=2
DMA IRQ c2=0
DMA IRQ c3=0
SELECT busy=7808
SELECT w0=7788
SELECT w1=4006
SELECT w2=4347
BUSY TASK ewma=997
IRQ counts: cpu0=15690 cpu1=17521 cpu2=17456 cpu3=17262
SCHED secondaries: calls=52237 unexpected=0
SECTEST switches=52195 cpu1=170406035,171211552 cpu2=139240654,137675537 cpu3=196185277,189580306
PINGPONG rounds=2000 pongs=2000
DMA IRQ c0=0
DMA IRQ c1=2
DMA IRQ c2=0
DMA IRQ c3=0
SELECT busy=7863
SELECT w0=7843
SELECT w1=4030
SELECT w2=4374
BUSY TASK ewma=997
DMA IRQ c0=0
DMA IRQ c1=2
DMA IRQ c2=0
DMA IRQ c3=0
SELECT busy=7902
SELECT w0=7882
SELECT w1=4047
SELECT w2=4396
BUSY TASK ewma=997
DMA IRQ c0=0
DMA IRQ c1=2
DMA IRQ c2=0
DMA IRQ c3=0
SELECT busy=7937
SELECT w0=7916
SELECT w1=4059
SELECT w2=4412
BUSY TASK ewma=997
DMA IRQ c0=0
DMA IRQ c1=2
DMA IRQ c2=0
DMA IRQ c3=0
SELECT busy=7951
SELECT w0=7930
SELECT w1=4066
SELECT w2=4420
BUSY TASK ewma=997
DMA IRQ c0=0
DMA IRQ c1=2
DMA IRQ c2=0
DMA IRQ c3=0
SELECT busy=7985
SELECT w0=7965
SELECT w1=4083
SELECT w2=4441
BUSY TASK ewma=997
DMA IRQ c0=0
DMA IRQ c1=2
DMA IRQ c2=0
DMA IRQ c3=0
SELECT busy=8007
SELECT w0=7986
SELECT w1=4092
SELECT w2=4452
BUSY TASK ewma=997
DMA IRQ c0=0
DMA IRQ c1=2
DMA IRQ c2=0
DMA IRQ c3=0
SELECT busy=8023
SELECT w0=8003
SELECT w1=4098
SELECT w2=4461
BUSY TASK ewma=997
DMA IRQ c0=0
DMA IRQ c1=2
DMA IRQ c2=0
DMA IRQ c3=0
SELECT busy=8059
SELECT w0=8039
SELECT w1=4113
SELECT w2=4480
BUSY TASK ewma=997
DMA IRQ c0=0
DMA IRQ c1=2
DMA IRQ c2=0
DMA IRQ c3=0
SELECT busy=8100
SELECT w0=8080
SELECT w1=4131
SELECT w2=4500
BUSY TASK ewma=997
DMA IRQ c0=0
DMA IRQ c1=2
DMA IRQ c2=0
DMA IRQ c3=0
SELECT busy=8144
SELECT w0=8124
SELECT w1=4149
SELECT w2=4521
BUSY TASK ewma=997
DMA IRQ c0=0
DMA IRQ c1=2
DMA IRQ c2=0
DMA IRQ c3=0
SELECT busy=8182
SELECT w0=8161
SELECT w1=4161
SELECT w2=4537
BUSY TASK ewma=997
DMA IRQ c0=0
DMA IRQ c1=2
DMA IRQ c2=0
DMA IRQ c3=0
SELECT busy=8221
SELECT w0=8201
SELECT w1=4176
SELECT w2=4557
BUSY TASK ewma=997
DMA IRQ c0=0
DMA IRQ c1=2
DMA IRQ c2=0
DMA IRQ c3=0
SELECT busy=8263
SELECT w0=8242
SELECT w1=4196
SELECT w2=4580
BUSY TASK ewma=997
DMA IRQ c0=0
DMA IRQ c1=2
DMA IRQ c2=0
DMA IRQ c3=0
SELECT busy=8301
SELECT w0=8281
SELECT w1=4212
SELECT w2=4599
BUSY TASK ewma=997
DMA IRQ c0=0
DMA IRQ c1=2
DMA IRQ c2=0
DMA IRQ c3=0
SELECT busy=8343
SELECT w0=8328
SELECT w1=4235
SELECT w2=4625
BUSY TASK ewma=997
DMA IRQ c0=0
DMA IRQ c1=2
DMA IRQ c2=0
DMA IRQ c3=0
SELECT busy=8367
SELECT w0=8347
SELECT w1=4244
SELECT w2=4636
BUSY TASK ewma=997
DMA IRQ c0=0
DMA IRQ c1=2
DMA IRQ c2=0
DMA IRQ c3=0
SELECT busy=8384
SELECT w0=8364
SELECT w1=4253
SELECT w2=4646
BUSY TASK ewma=997
DMA IRQ c0=0
DMA IRQ c1=2
DMA IRQ c2=0
DMA IRQ c3=0
SELECT busy=8400
SELECT w0=8380
SELECT w1=4261
SELECT w2=4656
BUSY TASK ewma=997
DMA IRQ c0=0
DMA IRQ c1=2
DMA IRQ c2=0
DMA IRQ c3=0
SELECT busy=8413
SELECT w0=8393
SELECT w1=4268
SELECT w2=4663
BUSY TASK ewma=997
DMA IRQ c0=0
DMA IRQ c1=2
DMA IRQ c2=0
DMA IRQ c3=0
SELECT busy=8425
SELECT w0=8405
SELECT w1=4273
SELECT w2=4670
BUSY TASK ewma=997
DMA IRQ c0=0
DMA IRQ c1=2
DMA IRQ c2=0
DMA IRQ c3=0
SELECT busy=8447
SELECT w0=8427
SELECT w1=4283
SELECT w2=4683
BUSY TASK ewma=997
DMA IRQ c0=0
DMA IRQ c1=2
DMA IRQ c2=0
DMA IRQ c3=0
SELECT busy=8468
SELECT w0=8448
SELECT w1=4294
SELECT w2=4695
BUSY TASK ewma=997
DMA IRQ c0=0
DMA IRQ c1=2
DMA IRQ c2=0
DMA IRQ c3=0
SELECT busy=8491
SELECT w0=8470
SELECT w1=4302
SELECT w2=4704
BUSY TASK ewma=997
DMA IRQ c0=0
DMA IRQ c1=2
DMA IRQ c2=0
DMA IRQ c3=0
SELECT busy=8505
SELECT w0=8484
SELECT w1=4308
SELECT w2=4711
BUSY TASK ewma=997
DMA IRQ c0=0
DMA IRQ c1=2
DMA IRQ c2=0
DMA IRQ c3=0
SELECT busy=8525
SELECT w0=8504
SELECT w1=4316
SELECT w2=4721
BUSY TASK ewma=997
DMA IRQ c0=0
DMA IRQ c1=2
DMA IRQ c2=0
DMA IRQ c3=0
SELECT busy=8544
SELECT w0=8524
SELECT w1=4328
SELECT w2=4734
BUSY TASK ewma=997
DMA IRQ c0=0
DMA IRQ c1=2
DMA IRQ c2=0
DMA IRQ c3=0
SELECT busy=8584
SELECT w0=8564
SELECT w1=4345
SELECT w2=4754
BUSY TASK ewma=997
DMA IRQ c0=0
DMA IRQ c1=2
DMA IRQ c2=0
DMA IRQ c3=0
SELECT busy=8624
SELECT w0=8606
SELECT w1=4369
SELECT w2=4778
BUSY TASK ewma=997
DMA IRQ c0=0
DMA IRQ c1=2
DMA IRQ c2=0
DMA IRQ c3=0
SELECT busy=8646
SELECT w0=8626
SELECT w1=4380
SELECT w2=4789
BUSY TASK ewma=997
DMA IRQ c0=0
DMA IRQ c1=2
DMA IRQ c2=0
DMA IRQ c3=0
SELECT busy=8672
SELECT w0=8652
SELECT w1=4391
SELECT w2=4807
BUSY TASK ewma=997
DMA IRQ c0=0
DMA IRQ c1=2
DMA IRQ c2=0
DMA IRQ c3=0
SELECT busy=8695
SELECT w0=8676
SELECT w1=4405
SELECT w2=4822
BUSY TASK ewma=997
DMA IRQ c0=0
DMA IRQ c1=2
DMA IRQ c2=0
DMA IRQ c3=0
SELECT busy=8717
SELECT w0=8697
SELECT w1=4418
SELECT w2=4835
BUSY TASK ewma=997
DMA IRQ c0=0
DMA IRQ c1=2
DMA IRQ c2=0
DMA IRQ c3=0
SELECT busy=8736
SELECT w0=8715
SELECT w1=4429
SELECT w2=4848
BUSY TASK ewma=997
DMA IRQ c0=0
DMA IRQ c1=2
DMA IRQ c2=0
DMA IRQ c3=0
SELECT busy=8773
SELECT w0=8752
SELECT w1=4443
SELECT w2=4867
BUSY TASK ewma=997
DMA IRQ c0=0
DMA IRQ c1=2
DMA IRQ c2=0
DMA IRQ c3=0
SELECT busy=8795
SELECT w0=8775
SELECT w1=4452
SELECT w2=4880
BUSY TASK ewma=997
DMA IRQ c0=0
DMA IRQ c1=2
DMA IRQ c2=0
DMA IRQ c3=0
SELECT busy=8817
SELECT w0=8797
SELECT w1=4463
SELECT w2=4895
BUSY TASK ewma=997
DMA IRQ c0=0
DMA IRQ c1=2
DMA IRQ c2=0
DMA IRQ c3=0
SELECT busy=8855
SELECT w0=8835
SELECT w1=4482
SELECT w2=4920
BUSY TASK ewma=997
DMA IRQ c0=0
DMA IRQ c1=2
DMA IRQ c2=0
DMA IRQ c3=0
SELECT busy=8891
SELECT w0=8871
SELECT w1=4498
SELECT w2=4939
BUSY TASK ewma=997
DMA IRQ c0=0
DMA IRQ c1=2
DMA IRQ c2=0
DMA IRQ c3=0
SELECT busy=8921
SELECT w0=8900
SELECT w1=4510
SELECT w2=4951
BUSY TASK ewma=997
DMA IRQ c0=0
DMA IRQ c1=2
DMA IRQ c2=0
DMA IRQ c3=0
SELECT busy=8955
SELECT w0=8934
SELECT w1=4525
SELECT w2=4969
BUSY TASK ewma=997
DMA IRQ c0=0
DMA IRQ c1=2
DMA IRQ c2=0
DMA IRQ c3=0
SELECT busy=8992
SELECT w0=8972
SELECT w1=4536
SELECT w2=4986
BUSY TASK ewma=997
DMA IRQ c0=0
DMA IRQ c1=2
DMA IRQ c2=0
DMA IRQ c3=0
SELECT busy=9029
SELECT w0=9008
SELECT w1=4551
SELECT w2=5003
BUSY TASK ewma=997
DMA IRQ c0=0
DMA IRQ c1=2
DMA IRQ c2=0
DMA IRQ c3=0
SELECT busy=9076
SELECT w0=9056
SELECT w1=4567
SELECT w2=5025
BUSY TASK ewma=997
DMA IRQ c0=0
DMA IRQ c1=2
DMA IRQ c2=0
DMA IRQ c3=0
SELECT busy=9100
SELECT w0=9080
SELECT w1=4580
SELECT w2=5048
BUSY TASK ewma=997
DMA IRQ c0=0
DMA IRQ c1=2
DMA IRQ c2=0
DMA IRQ c3=0
SELECT busy=9136
SELECT w0=9116
SELECT w1=4597
SELECT w2=5067
BUSY TASK ewma=997
DMA IRQ c0=0
DMA IRQ c1=2
DMA IRQ c2=0
DMA IRQ c3=0
SELECT busy=9153
SELECT w0=9132
SELECT w1=4603
SELECT w2=5075
BUSY TASK ewma=997
DMA IRQ c0=0
DMA IRQ c1=2
DMA IRQ c2=0
DMA IRQ c3=0
SELECT busy=9170
SELECT w0=9150
SELECT w1=4612
SELECT w2=5087
BUSY TASK ewma=997
DMA IRQ c0=0
DMA IRQ c1=2
DMA IRQ c2=0
DMA IRQ c3=0
SELECT busy=9182
SELECT w0=9162
SELECT w1=4617
SELECT w2=5094
BUSY TASK ewma=997
DMA IRQ c0=0
DMA IRQ c1=2
DMA IRQ c2=0
DMA IRQ c3=0
SELECT busy=9195
SELECT w0=9175
SELECT w1=4622
SELECT w2=5100
BUSY TASK ewma=997
DMA IRQ c0=0
DMA IRQ c1=2
DMA IRQ c2=0
DMA IRQ c3=0
SELECT busy=9214
SELECT w0=9193
SELECT w1=4630
SELECT w2=5110
BUSY TASK ewma=997
DMA IRQ c0=0
DMA IRQ c1=2
DMA IRQ c2=0
DMA IRQ c3=0
SELECT busy=9234
SELECT w0=9214
SELECT w1=4640
SELECT w2=5124
BUSY TASK ewma=997
DMA IRQ c0=0
DMA IRQ c1=2
DMA IRQ c2=0
DMA IRQ c3=0
SELECT busy=9251
SELECT w0=9231
SELECT w1=4649
SELECT w2=5140
BUSY TASK ewma=997
DMA IRQ c0=0
DMA IRQ c1=2
DMA IRQ c2=0
DMA IRQ c3=0
SELECT busy=9268
SELECT w0=9248
SELECT w1=4656
SELECT w2=5148
BUSY TASK ewma=997
DMA IRQ c0=0
DMA IRQ c1=2
DMA IRQ c2=0
DMA IRQ c3=0
SELECT busy=9281
SELECT w0=9261
SELECT w1=4663
SELECT w2=5157
BUSY TASK ewma=997
DMA IRQ c0=0
DMA IRQ c1=2
DMA IRQ c2=0
DMA IRQ c3=0
SELECT busy=9313
SELECT w0=9293
SELECT w1=4676
SELECT w2=5171
BUSY TASK ewma=997
DMA IRQ c0=0
DMA IRQ c1=2
DMA IRQ c2=0
DMA IRQ c3=0
SELECT busy=9347
SELECT w0=9327
SELECT w1=4691
SELECT w2=5190
BUSY TASK ewma=997
DMA IRQ c0=0
DMA IRQ c1=2
DMA IRQ c2=0
DMA IRQ c3=0
SELECT busy=9383
SELECT w0=9362
SELECT w1=4705
SELECT w2=5208
BUSY TASK ewma=997
DMA IRQ c0=0
DMA IRQ c1=2
DMA IRQ c2=0
DMA IRQ c3=0
SELECT busy=9407
SELECT w0=9386
SELECT w1=4717
SELECT w2=5224
BUSY TASK ewma=997
DMA IRQ c0=0
DMA IRQ c1=2
DMA IRQ c2=0
DMA IRQ c3=0
SELECT busy=9443
SELECT w0=9423
SELECT w1=4730
SELECT w2=5241
BUSY TASK ewma=997
DMA IRQ c0=0
DMA IRQ c1=2
DMA IRQ c2=0
DMA IRQ c3=0
SELECT busy=9479
SELECT w0=9458
SELECT w1=4745
SELECT w2=5260
BUSY TASK ewma=997
DMA IRQ c0=0
DMA IRQ c1=2
DMA IRQ c2=0
DMA IRQ c3=0
SELECT busy=9518
SELECT w0=9498
SELECT w1=4762
SELECT w2=5280
BUSY TASK ewma=997
DMA IRQ c0=0
DMA IRQ c1=2
DMA IRQ c2=0
DMA IRQ c3=0
SELECT busy=9558
SELECT w0=9537
SELECT w1=4777
SELECT w2=5299
BUSY TASK ewma=997
DMA IRQ c0=0
DMA IRQ c1=2
DMA IRQ c2=0
DMA IRQ c3=0
SELECT busy=9593
SELECT w0=9573
SELECT w1=4795
SELECT w2=5319
BUSY TASK ewma=997
DMA IRQ c0=0
DMA IRQ c1=2
DMA IRQ c2=0
DMA IRQ c3=0
SELECT busy=9614
SELECT w0=9593
SELECT w1=4803
SELECT w2=5328
BUSY TASK ewma=997
IRQ counts: cpu0=19238 cpu1=21440 cpu2=21329 cpu3=21050
SCHED secondaries: calls=63821 unexpected=0
SECTEST switches=63793 cpu1=198097513,199030643 cpu2=164576124,163453546 cpu3=232215787,224040568
PINGPONG rounds=2000 pongs=2000
DMA IRQ c0=0
DMA IRQ c1=2
DMA IRQ c2=0
DMA IRQ c3=0
SELECT busy=9639
SELECT w0=9618
SELECT w1=4814
SELECT w2=5342
BUSY TASK ewma=997
DMA IRQ c0=0
DMA IRQ c1=2
DMA IRQ c2=0
DMA IRQ c3=0
SELECT busy=9655
SELECT w0=9634
SELECT w1=4821
SELECT w2=5350
BUSY TASK ewma=997
DMA IRQ c0=0
DMA IRQ c1=2
DMA IRQ c2=0
DMA IRQ c3=0
SELECT busy=9673
SELECT w0=9653
SELECT w1=4829
SELECT w2=5361
BUSY TASK ewma=997
DMA IRQ c0=0
DMA IRQ c1=2
DMA IRQ c2=0
DMA IRQ c3=0
SELECT busy=9692
SELECT w0=9672
SELECT w1=4840
SELECT w2=5373
BUSY TASK ewma=997
DMA IRQ c0=0
DMA IRQ c1=2
DMA IRQ c2=0
DMA IRQ c3=0
SELECT busy=9707
SELECT w0=9687
SELECT w1=4847
SELECT w2=5380
BUSY TASK ewma=997
DMA IRQ c0=0
DMA IRQ c1=2
DMA IRQ c2=0
DMA IRQ c3=0
SELECT busy=9728
SELECT w0=9707
SELECT w1=4855
SELECT w2=5391
BUSY TASK ewma=997
DMA IRQ c0=0
DMA IRQ c1=2
DMA IRQ c2=0
DMA IRQ c3=0
SELECT busy=9746
SELECT w0=9725
SELECT w1=4862
SELECT w2=5399
BUSY TASK ewma=997
DMA IRQ c0=0
DMA IRQ c1=2
DMA IRQ c2=0
DMA IRQ c3=0
SELECT busy=9766
SELECT w0=9745
SELECT w1=4871
SELECT w2=5409
BUSY TASK ewma=997
DMA IRQ c0=0
DMA IRQ c1=2
DMA IRQ c2=0
DMA IRQ c3=0
SELECT busy=9784
SELECT w0=9763
SELECT w1=4876
SELECT w2=5418
BUSY TASK ewma=997
DMA IRQ c0=0
DMA IRQ c1=2
DMA IRQ c2=0
DMA IRQ c3=0
SELECT busy=9800
SELECT w0=9779
SELECT w1=4882
SELECT w2=5424
BUSY TASK ewma=997
DMA IRQ c0=0
DMA IRQ c1=2
DMA IRQ c2=0
DMA IRQ c3=0
SELECT busy=9819
SELECT w0=9798
SELECT w1=4890
SELECT w2=5434
BUSY TASK ewma=997
DMA IRQ c0=0
DMA IRQ c1=2
DMA IRQ c2=0
DMA IRQ c3=0
SELECT busy=9839
SELECT w0=9818
SELECT w1=4900
SELECT w2=5443
BUSY TASK ewma=997
DMA IRQ c0=0
DMA IRQ c1=2
DMA IRQ c2=0
DMA IRQ c3=0
SELECT busy=9860
SELECT w0=9839
SELECT w1=4911
SELECT w2=5455
BUSY TASK ewma=997
DMA IRQ c0=0
DMA IRQ c1=2
DMA IRQ c2=0
DMA IRQ c3=0
SELECT busy=9883
SELECT w0=9863
SELECT w1=4920
SELECT w2=5470
BUSY TASK ewma=997
DMA IRQ c0=0
DMA IRQ c1=2
DMA IRQ c2=0
DMA IRQ c3=0
SELECT busy=9898
SELECT w0=9878
SELECT w1=4927
SELECT w2=5479
BUSY TASK ewma=997
DMA IRQ c0=0
DMA IRQ c1=2
DMA IRQ c2=0
DMA IRQ c3=0
SELECT busy=9915
SELECT w0=9895
SELECT w1=4936
SELECT w2=5488
BUSY TASK ewma=997
DMA IRQ c0=0
DMA IRQ c1=2
DMA IRQ c2=0
DMA IRQ c3=0
SELECT busy=9932
SELECT w0=9912
SELECT w1=4942
SELECT w2=5498
BUSY TASK ewma=997
DMA IRQ c0=0
DMA IRQ c1=2
DMA IRQ c2=0
DMA IRQ c3=0
SELECT busy=9957
SELECT w0=9937
SELECT w1=4953
SELECT w2=5512
BUSY TASK ewma=997
DMA IRQ c0=0
DMA IRQ c1=2
DMA IRQ c2=0
DMA IRQ c3=0
SELECT busy=9966
SELECT w0=9945
SELECT w1=4956
SELECT w2=5515
BUSY TASK ewma=997
DMA IRQ c0=0
DMA IRQ c1=2
DMA IRQ c2=0
DMA IRQ c3=0
SELECT busy=9981
SELECT w0=9961
SELECT w1=4967
SELECT w2=5529
BUSY TASK ewma=997
DMA IRQ c0=0
DMA IRQ c1=2
DMA IRQ c2=0
DMA IRQ c3=0
SELECT busy=10003
SELECT w0=9982
SELECT w1=4974
SELECT w2=5537
BUSY TASK ewma=997
DMA IRQ c0=0
DMA IRQ c1=2
DMA IRQ c2=0
DMA IRQ c3=0
SELECT busy=10027
SELECT w0=10009
SELECT w1=4988
SELECT w2=5554
BUSY TASK ewma=997
DMA IRQ c0=0
DMA IRQ c1=2
DMA IRQ c2=0
DMA IRQ c3=0
SELECT busy=10055
SELECT w0=10034
SELECT w1=4999
SELECT w2=5567
BUSY TASK ewma=997
DMA IRQ c0=0
DMA IRQ c1=2
DMA IRQ c2=0
DMA IRQ c3=0
SELECT busy=10068
SELECT w0=10048
SELECT w1=5007
SELECT w2=5578
BUSY TASK ewma=997
DMA IRQ c0=0
DMA IRQ c1=2
DMA IRQ c2=0
DMA IRQ c3=0
SELECT busy=10089
SELECT w0=10069
SELECT w1=5018
SELECT w2=5591
BUSY TASK ewma=997
DMA IRQ c0=0
DMA IRQ c1=2
DMA IRQ c2=0
DMA IRQ c3=0
SELECT busy=10109
SELECT w0=10088
SELECT w1=5029
SELECT w2=5605
BUSY TASK ewma=997
DMA IRQ c0=0
DMA IRQ c1=2
DMA IRQ c2=0
DMA IRQ c3=0
SELECT busy=10125
SELECT w0=10104
SELECT w1=5037
SELECT w2=5618
BUSY TASK ewma=997
DMA IRQ c0=0
DMA IRQ c1=2
DMA IRQ c2=0
DMA IRQ c3=0
SELECT busy=10146
SELECT w0=10125
SELECT w1=5044
SELECT w2=5626
BUSY TASK ewma=997
DMA IRQ c0=0
DMA IRQ c1=2
DMA IRQ c2=0
DMA IRQ c3=0
SELECT busy=10166
SELECT w0=10146
SELECT w1=5056
SELECT w2=5640
BUSY TASK ewma=997
DMA IRQ c0=0
DMA IRQ c1=2
DMA IRQ c2=0
DMA IRQ c3=0
SELECT busy=10184
SELECT w0=10164
SELECT w1=5066
SELECT w2=5653
BUSY TASK ewma=997
DMA IRQ c0=0
DMA IRQ c1=2
DMA IRQ c2=0
DMA IRQ c3=0
SELECT busy=10203
SELECT w0=10183
SELECT w1=5075
SELECT w2=5665
BUSY TASK ewma=997
DMA IRQ c0=0
DMA IRQ c1=2
DMA IRQ c2=0
DMA IRQ c3=0
SELECT busy=10223
SELECT w0=10203
SELECT w1=5086
SELECT w2=5677
BUSY TASK ewma=997
DMA IRQ c0=0
DMA IRQ c1=2
DMA IRQ c2=0
DMA IRQ c3=0
SELECT busy=10242
SELECT w0=10222
SELECT w1=5097
SELECT w2=5694
BUSY TASK ewma=997
DMA IRQ c0=0
DMA IRQ c1=2
DMA IRQ c2=0
DMA IRQ c3=0
SELECT busy=10264
SELECT w0=10244
SELECT w1=5106
SELECT w2=5708
BUSY TASK ewma=997
DMA IRQ c0=0
DMA IRQ c1=2
DMA IRQ c2=0
DMA IRQ c3=0
SELECT busy=10286
SELECT w0=10266
SELECT w1=5118
SELECT w2=5724
BUSY TASK ewma=997
DMA IRQ c0=0
DMA IRQ c1=2
DMA IRQ c2=0
DMA IRQ c3=0
SELECT busy=10303
SELECT w0=10283
SELECT w1=5125
SELECT w2=5734
BUSY TASK ewma=997
DMA IRQ c0=0
DMA IRQ c1=2
DMA IRQ c2=0
DMA IRQ c3=0
SELECT busy=10317
SELECT w0=10296
SELECT w1=5132
SELECT w2=5743
BUSY TASK ewma=997
DMA IRQ c0=0
DMA IRQ c1=2
DMA IRQ c2=0
DMA IRQ c3=0
SELECT busy=10336
SELECT w0=10316
SELECT w1=5140
SELECT w2=5754
BUSY TASK ewma=997
DMA IRQ c0=0
DMA IRQ c1=2
DMA IRQ c2=0
DMA IRQ c3=0
SELECT busy=10360
SELECT w0=10341
SELECT w1=5153
SELECT w2=5770
BUSY TASK ewma=997
DMA IRQ c0=0
DMA IRQ c1=2
DMA IRQ c2=0
DMA IRQ c3=0
SELECT busy=10381
SELECT w0=10360
SELECT w1=5164
SELECT w2=5782
BUSY TASK ewma=997
DMA IRQ c0=0
DMA IRQ c1=2
DMA IRQ c2=0
DMA IRQ c3=0
SELECT busy=10400
SELECT w0=10380
SELECT w1=5175
SELECT w2=5794
BUSY TASK ewma=997
DMA IRQ c0=0
DMA IRQ c1=2
DMA IRQ c2=0
DMA IRQ c3=0
SELECT busy=10422
SELECT w0=10402
SELECT w1=5190
SELECT w2=5808
BUSY TASK ewma=997
DMA IRQ c0=0
DMA IRQ c1=2
DMA IRQ c2=0
DMA IRQ c3=0
SELECT busy=10442
SELECT w0=10421
SELECT w1=5198
SELECT w2=5819
BUSY TASK ewma=997
DMA IRQ c0=0
DMA IRQ c1=2
DMA IRQ c2=0
DMA IRQ c3=0
SELECT busy=10477
SELECT w0=10457
SELECT w1=5214
SELECT w2=5837
BUSY TASK ewma=997
DMA IRQ c0=0
DMA IRQ c1=2
DMA IRQ c2=0
DMA IRQ c3=0
SELECT busy=10500
SELECT w0=10480
SELECT w1=5228
SELECT w2=5852
BUSY TASK ewma=997
DMA IRQ c0=0
DMA IRQ c1=2
DMA IRQ c2=0
DMA IRQ c3=0
SELECT busy=10518
SELECT w0=10498
SELECT w1=5236
SELECT w2=5866
BUSY TASK ewma=997
DMA IRQ c0=0
DMA IRQ c1=2
DMA IRQ c2=0
DMA IRQ c3=0
SELECT busy=10540
SELECT w0=10519
SELECT w1=5245
SELECT w2=5875
BUSY TASK ewma=997
DMA IRQ c0=0
DMA IRQ c1=2
DMA IRQ c2=0
DMA IRQ c3=0
SELECT busy=10564
SELECT w0=10543
SELECT w1=5255
SELECT w2=5886
BUSY TASK ewma=997
DMA IRQ c0=0
DMA IRQ c1=2
DMA IRQ c2=0
DMA IRQ c3=0
SELECT busy=10593
SELECT w0=10572
SELECT w1=5269
SELECT w2=5900
BUSY TASK ewma=997
DMA IRQ c0=0
DMA IRQ c1=2
DMA IRQ c2=0
DMA IRQ c3=0
SELECT busy=10613
SELECT w0=10594
SELECT w1=5281
SELECT w2=5913
BUSY TASK ewma=997
DMA IRQ c0=0
DMA IRQ c1=2
DMA IRQ c2=0
DMA IRQ c3=0
SELECT busy=10636
SELECT w0=10616
SELECT w1=5291
SELECT w2=5925
BUSY TASK ewma=997
DMA IRQ c0=0
DMA IRQ c1=2
DMA IRQ c2=0
DMA IRQ c3=0
SELECT busy=10654
SELECT w0=10634
SELECT w1=5297
SELECT w2=5932
BUSY TASK ewma=997
DMA IRQ c0=0
DMA IRQ c1=2
DMA IRQ c2=0
DMA IRQ c3=0
SELECT busy=10672
SELECT w0=10651
SELECT w1=5306
SELECT w2=5943
BUSY TASK ewma=997
DMA IRQ c0=0
DMA IRQ c1=2
DMA IRQ c2=0
DMA IRQ c3=0
SELECT busy=10685
SELECT w0=10664
SELECT w1=5312
SELECT w2=5951
BUSY TASK ewma=997
DMA IRQ c0=0
DMA IRQ c1=2
DMA IRQ c2=0
DMA IRQ c3=0
SELECT busy=10706
SELECT w0=10686
SELECT w1=5320
SELECT w2=5963
BUSY TASK ewma=997
DMA IRQ c0=0
DMA IRQ c1=2
DMA IRQ c2=0
DMA IRQ c3=0
SELECT busy=10723
SELECT w0=10703
SELECT w1=5330
SELECT w2=5975
BUSY TASK ewma=997
DMA IRQ c0=0
DMA IRQ c1=2
DMA IRQ c2=0
DMA IRQ c3=0
SELECT busy=10746
SELECT w0=10726
SELECT w1=5343
SELECT w2=5990
BUSY TASK ewma=997
DMA IRQ c0=0
DMA IRQ c1=2
DMA IRQ c2=0
DMA IRQ c3=0
SELECT busy=10773
SELECT w0=10754
SELECT w1=5356
SELECT w2=6009
BUSY TASK ewma=997
DMA IRQ c0=0
DMA IRQ c1=2
DMA IRQ c2=0
DMA IRQ c3=0
SELECT busy=10815
SELECT w0=10798
SELECT w1=5377
SELECT w2=6035
BUSY TASK ewma=997
DMA IRQ c0=0
DMA IRQ c1=2
DMA IRQ c2=0
DMA IRQ c3=0
SELECT busy=10862
SELECT w0=10841
SELECT w1=5393
SELECT w2=6057
BUSY TASK ewma=997
DMA IRQ c0=0
DMA IRQ c1=2
DMA IRQ c2=0
DMA IRQ c3=0
SELECT busy=10894
SELECT w0=10874
SELECT w1=5411
SELECT w2=6081
BUSY TASK ewma=997
DMA IRQ c0=0
DMA IRQ c1=2
DMA IRQ c2=0
DMA IRQ c3=0
SELECT busy=10917
SELECT w0=10897
SELECT w1=5424
SELECT w2=6093
BUSY TASK ewma=997
DMA IRQ c0=0
DMA IRQ c1=2
DMA IRQ c2=0
DMA IRQ c3=0
SELECT busy=10940
SELECT w0=10919
SELECT w1=5431
SELECT w2=6104
BUSY TASK ewma=997
DMA IRQ c0=0
DMA IRQ c1=2
DMA IRQ c2=0
DMA IRQ c3=0
SELECT busy=10953
SELECT w0=10932
SELECT w1=5436
SELECT w2=6110
BUSY TASK ewma=997
IRQ counts: cpu0=21912 cpu1=24604 cpu2=24460 cpu3=24181
SCHED secondaries: calls=73259 unexpected=0
SECTEST switches=73237 cpu1=233240267,232658151 cpu2=193859067,191790530 cpu3=274523758,264360438
PINGPONG rounds=2000 pongs=2000
DMA IRQ c0=0
DMA IRQ c1=2
DMA IRQ c2=0
DMA IRQ c3=0
SELECT busy=10977
SELECT w0=10958
SELECT w1=5448
SELECT w2=6127
BUSY TASK ewma=997
DMA IRQ c0=0
DMA IRQ c1=2
DMA IRQ c2=0
DMA IRQ c3=0
SELECT busy=11000
SELECT w0=10979
SELECT w1=5456
SELECT w2=6138
BUSY TASK ewma=997
DMA IRQ c0=0
DMA IRQ c1=2
DMA IRQ c2=0
DMA IRQ c3=0
SELECT busy=11018
SELECT w0=10997
SELECT w1=5465
SELECT w2=6146
BUSY TASK ewma=997
DMA IRQ c0=0
DMA IRQ c1=2
DMA IRQ c2=0
DMA IRQ c3=0
SELECT busy=11040
SELECT w0=11019
SELECT w1=5473
SELECT w2=6156
BUSY TASK ewma=997
DMA IRQ c0=0
DMA IRQ c1=2
DMA IRQ c2=0
DMA IRQ c3=0
SELECT busy=11058
SELECT w0=11038
SELECT w1=5484
SELECT w2=6166
BUSY TASK ewma=997
DMA IRQ c0=0
DMA IRQ c1=2
DMA IRQ c2=0
DMA IRQ c3=0
SELECT busy=11077
SELECT w0=11056
SELECT w1=5492
SELECT w2=6178
BUSY TASK ewma=997
DMA IRQ c0=0
DMA IRQ c1=2
DMA IRQ c2=0
DMA IRQ c3=0
SELECT busy=11096
SELECT w0=11076
SELECT w1=5501
SELECT w2=6190
BUSY TASK ewma=997
DMA IRQ c0=0
DMA IRQ c1=2
DMA IRQ c2=0
DMA IRQ c3=0
SELECT busy=11118
SELECT w0=11098
SELECT w1=5513
SELECT w2=6207
BUSY TASK ewma=997
DMA IRQ c0=0
DMA IRQ c1=2
DMA IRQ c2=0
DMA IRQ c3=0
SELECT busy=11133
SELECT w0=11112
SELECT w1=5519
SELECT w2=6216
BUSY TASK ewma=997
DMA IRQ c0=0
DMA IRQ c1=2
DMA IRQ c2=0
DMA IRQ c3=0
SELECT busy=11156
SELECT w0=11136
SELECT w1=5530
SELECT w2=6227
BUSY TASK ewma=997
DMA IRQ c0=0
DMA IRQ c1=2
DMA IRQ c2=0
DMA IRQ c3=0
SELECT busy=11175
SELECT w0=11155
SELECT w1=5537
SELECT w2=6236
BUSY TASK ewma=997
DMA IRQ c0=0
DMA IRQ c1=2
DMA IRQ c2=0
DMA IRQ c3=0
SELECT busy=11194
SELECT w0=11173
SELECT w1=5545
SELECT w2=6247
BUSY TASK ewma=997
DMA IRQ c0=0
DMA IRQ c1=2
DMA IRQ c2=0
DMA IRQ c3=0
SELECT busy=11216
SELECT w0=11196
SELECT w1=5554
SELECT w2=6261
BUSY TASK ewma=997
DMA IRQ c0=0
DMA IRQ c1=2
DMA IRQ c2=0
DMA IRQ c3=0
SELECT busy=11237
SELECT w0=11217
SELECT w1=5565
SELECT w2=6275
BUSY TASK ewma=997
DMA IRQ c0=0
DMA IRQ c1=2
DMA IRQ c2=0
DMA IRQ c3=0
SELECT busy=11260
SELECT w0=11241
SELECT w1=5577
SELECT w2=6291
BUSY TASK ewma=997
DMA IRQ c0=0
DMA IRQ c1=2
DMA IRQ c2=0
DMA IRQ c3=0
SELECT busy=11281
SELECT w0=11261
SELECT w1=5586
SELECT w2=6302
BUSY TASK ewma=997
DMA IRQ c0=0
DMA IRQ c1=2
DMA IRQ c2=0
DMA IRQ c3=0
SELECT busy=11299
SELECT w0=11278
SELECT w1=5595
SELECT w2=6311
BUSY TASK ewma=997
DMA IRQ c0=0
DMA IRQ c1=2
DMA IRQ c2=0
DMA IRQ c3=0
SELECT busy=11313
SELECT w0=11293
SELECT w1=5602
SELECT w2=6320
BUSY TASK ewma=997
DMA IRQ c0=0
DMA IRQ c1=2
DMA IRQ c2=0
DMA IRQ c3=0
SELECT busy=11325
SELECT w0=11304
SELECT w1=5606
SELECT w2=6326
BUSY TASK ewma=997
DMA IRQ c0=0
DMA IRQ c1=2
DMA IRQ c2=0
DMA IRQ c3=0
SELECT busy=11343
SELECT w0=11322
SELECT w1=5614
SELECT w2=6339
BUSY TASK ewma=997
DMA IRQ c0=0
DMA IRQ c1=2
DMA IRQ c2=0
DMA IRQ c3=0
SELECT busy=11364
SELECT w0=11344
SELECT w1=5624
SELECT w2=6351
BUSY TASK ewma=997
DMA IRQ c0=0
DMA IRQ c1=2
DMA IRQ c2=0
DMA IRQ c3=0
SELECT busy=11387
SELECT w0=11366
SELECT w1=5634
SELECT w2=6363
BUSY TASK ewma=997
DMA IRQ c0=0
DMA IRQ c1=2
DMA IRQ c2=0
DMA IRQ c3=0
SELECT busy=11403
SELECT w0=11382
SELECT w1=5641
SELECT w2=6369
BUSY TASK ewma=997
DMA IRQ c0=0
DMA IRQ c1=2
DMA IRQ c2=0
DMA IRQ c3=0
SELECT busy=11420
SELECT w0=11399
SELECT w1=5646
SELECT w2=6376
BUSY TASK ewma=997
DMA IRQ c0=0
DMA IRQ c1=2
DMA IRQ c2=0
DMA IRQ c3=0
SELECT busy=11440
SELECT w0=11420
SELECT w1=5654
SELECT w2=6386
BUSY TASK ewma=997
DMA IRQ c0=0
DMA IRQ c1=2
DMA IRQ c2=0
DMA IRQ c3=0
SELECT busy=11468
SELECT w0=11449
SELECT w1=5666
SELECT w2=6401
BUSY TASK ewma=997
DMA IRQ c0=0
DMA IRQ c1=2
DMA IRQ c2=0
DMA IRQ c3=0
SELECT busy=11488
SELECT w0=11468
SELECT w1=5673
SELECT w2=6409
BUSY TASK ewma=997
DMA IRQ c0=0
DMA IRQ c1=2
DMA IRQ c2=0
DMA IRQ c3=0
SELECT busy=11511
SELECT w0=11491
SELECT w1=5684
SELECT w2=6427
BUSY TASK ewma=997
DMA IRQ c0=0
DMA IRQ c1=2
DMA IRQ c2=0
DMA IRQ c3=0
SELECT busy=11533
SELECT w0=11512
SELECT w1=5693
SELECT w2=6436
BUSY TASK ewma=997
DMA IRQ c0=0
DMA IRQ c1=2
DMA IRQ c2=0
DMA IRQ c3=0
SELECT busy=11551
SELECT w0=11531
SELECT w1=5700
SELECT w2=6445
BUSY TASK ewma=997
DMA IRQ c0=0
DMA IRQ c1=2
DMA IRQ c2=0
DMA IRQ c3=0
SELECT busy=11565
SELECT w0=11544
SELECT w1=5706
SELECT w2=6453
BUSY TASK ewma=997
DMA IRQ c0=0
DMA IRQ c1=2
DMA IRQ c2=0
DMA IRQ c3=0
SELECT busy=11581
SELECT w0=11561
SELECT w1=5715
SELECT w2=6465
BUSY TASK ewma=997
DMA IRQ c0=0
DMA IRQ c1=2
DMA IRQ c2=0
DMA IRQ c3=0
SELECT busy=11610
SELECT w0=11590
SELECT w1=5728
SELECT w2=6482
BUSY TASK ewma=997
DMA IRQ c0=0
DMA IRQ c1=2
DMA IRQ c2=0
DMA IRQ c3=0
SELECT busy=11627
SELECT w0=11608
SELECT w1=5738
SELECT w2=6494
BUSY TASK ewma=997
DMA IRQ c0=0
DMA IRQ c1=2
DMA IRQ c2=0
DMA IRQ c3=0
SELECT busy=11644
SELECT w0=11623
SELECT w1=5746
SELECT w2=6501
BUSY TASK ewma=997
DMA IRQ c0=0
DMA IRQ c1=2
DMA IRQ c2=0
DMA IRQ c3=0
SELECT busy=11663
SELECT w0=11642
SELECT w1=5755
SELECT w2=6512
BUSY TASK ewma=997
DMA IRQ c0=0
DMA IRQ c1=2
DMA IRQ c2=0
DMA IRQ c3=0
SELECT busy=11683
SELECT w0=11662
SELECT w1=5765
SELECT w2=6524
BUSY TASK ewma=997
DMA IRQ c0=0
DMA IRQ c1=2
DMA IRQ c2=0
DMA IRQ c3=0
SELECT busy=11706
SELECT w0=11685
SELECT w1=5776
SELECT w2=6538
BUSY TASK ewma=997
DMA IRQ c0=0
DMA IRQ c1=2
DMA IRQ c2=0
DMA IRQ c3=0
SELECT busy=11726
SELECT w0=11705
SELECT w1=5786
SELECT w2=6550
BUSY TASK ewma=997
DMA IRQ c0=0
DMA IRQ c1=2
DMA IRQ c2=0
DMA IRQ c3=0
SELECT busy=11748
SELECT w0=11727
SELECT w1=5794
SELECT w2=6561
BUSY TASK ewma=997
DMA IRQ c0=0
DMA IRQ c1=2
DMA IRQ c2=0
DMA IRQ c3=0
SELECT busy=11764
SELECT w0=11744
SELECT w1=5801
SELECT w2=6570
BUSY TASK ewma=997
DMA IRQ c0=0
DMA IRQ c1=2
DMA IRQ c2=0
DMA IRQ c3=0
SELECT busy=11785
SELECT w0=11765
SELECT w1=5813
SELECT w2=6584
BUSY TASK ewma=997
DMA IRQ c0=0
DMA IRQ c1=2
DMA IRQ c2=0
DMA IRQ c3=0
SELECT busy=11802
SELECT w0=11781
SELECT w1=5821
SELECT w2=6592
BUSY TASK ewma=997
DMA IRQ c0=0
DMA IRQ c1=2
DMA IRQ c2=0
DMA IRQ c3=0
SELECT busy=11815
SELECT w0=11795
SELECT w1=5829
SELECT w2=6602
BUSY TASK ewma=997
DMA IRQ c0=0
DMA IRQ c1=2
DMA IRQ c2=0
DMA IRQ c3=0
SELECT busy=11841
SELECT w0=11821
SELECT w1=5840
SELECT w2=6616
BUSY TASK ewma=997
DMA IRQ c0=0
DMA IRQ c1=2
DMA IRQ c2=0
DMA IRQ c3=0
SELECT busy=11859
SELECT w0=11838
SELECT w1=5848
SELECT w2=6624
BUSY TASK ewma=997
DMA IRQ c0=0
DMA IRQ c1=2
DMA IRQ c2=0
DMA IRQ c3=0
SELECT busy=11878
SELECT w0=11857
SELECT w1=5856
SELECT w2=6635
BUSY TASK ewma=997
DMA IRQ c0=0
DMA IRQ c1=2
DMA IRQ c2=0
DMA IRQ c3=0
SELECT busy=11890
SELECT w0=11869
SELECT w1=5863
SELECT w2=6640
BUSY TASK ewma=997
DMA IRQ c0=0
DMA IRQ c1=2
DMA IRQ c2=0
DMA IRQ c3=0
SELECT busy=11903
SELECT w0=11882
SELECT w1=5870
SELECT w2=6647
BUSY TASK ewma=997
DMA IRQ c0=0
DMA IRQ c1=2
DMA IRQ c2=0
DMA IRQ c3=0
SELECT busy=11922
SELECT w0=11902
SELECT w1=5883
SELECT w2=6666
BUSY TASK ewma=997
DMA IRQ c0=0
DMA IRQ c1=2
DMA IRQ c2=0
DMA IRQ c3=0
SELECT busy=11947
SELECT w0=11926
SELECT w1=5894
SELECT w2=6680
BUSY TASK ewma=997
DMA IRQ c0=0
DMA IRQ c1=2
DMA IRQ c2=0
DMA IRQ c3=0
SELECT busy=11963
SELECT w0=11944
SELECT w1=5900
SELECT w2=6692
BUSY TASK ewma=997
DMA IRQ c0=0
DMA IRQ c1=2
DMA IRQ c2=0
DMA IRQ c3=0
SELECT busy=11980
SELECT w0=11960
SELECT w1=5909
SELECT w2=6701
BUSY TASK ewma=997
DMA IRQ c0=0
DMA IRQ c1=2
DMA IRQ c2=0
DMA IRQ c3=0
SELECT busy=12010
SELECT w0=11990
SELECT w1=5922
SELECT w2=6716
BUSY TASK ewma=997
DMA IRQ c0=0
DMA IRQ c1=2
DMA IRQ c2=0
DMA IRQ c3=0
SELECT busy=12048
SELECT w0=12028
SELECT w1=5939
SELECT w2=6741
BUSY TASK ewma=997
DMA IRQ c0=0
DMA IRQ c1=2
DMA IRQ c2=0
DMA IRQ c3=0
SELECT busy=12097
SELECT w0=12076
SELECT w1=5962
SELECT w2=6768
BUSY TASK ewma=997
DMA IRQ c0=0
DMA IRQ c1=2
DMA IRQ c2=0
DMA IRQ c3=0
SELECT busy=12136
SELECT w0=12115
SELECT w1=5980
SELECT w2=6787
BUSY TASK ewma=997
DMA IRQ c0=0
DMA IRQ c1=2
DMA IRQ c2=0
DMA IRQ c3=0
SELECT busy=12168
SELECT w0=12148
SELECT w1=5993
SELECT w2=6811
BUSY TASK ewma=997
DMA IRQ c0=0
DMA IRQ c1=2
DMA IRQ c2=0
DMA IRQ c3=0
SELECT busy=12189
SELECT w0=12169
SELECT w1=6003
SELECT w2=6824
BUSY TASK ewma=997
DMA IRQ c0=0
DMA IRQ c1=2
DMA IRQ c2=0
DMA IRQ c3=0
SELECT busy=12213
SELECT w0=12194
SELECT w1=6014
SELECT w2=6844
BUSY TASK ewma=997
DMA IRQ c0=0
DMA IRQ c1=2
DMA IRQ c2=0
DMA IRQ c3=0
SELECT busy=12230
SELECT w0=12210
SELECT w1=6022
SELECT w2=6855
BUSY TASK ewma=997
DMA IRQ c0=0
DMA IRQ c1=2
DMA IRQ c2=0
DMA IRQ c3=0
SELECT busy=12242
SELECT w0=12222
SELECT w1=6027
SELECT w2=6861
BUSY TASK ewma=997
DMA IRQ c0=0
DMA IRQ c1=2
DMA IRQ c2=0
DMA IRQ c3=0
SELECT busy=12262
SELECT w0=12241
SELECT w1=6034
SELECT w2=6870
BUSY TASK ewma=997
DMA IRQ c0=0
DMA IRQ c1=2
DMA IRQ c2=0
DMA IRQ c3=0
SELECT busy=12284
SELECT w0=12264
SELECT w1=6043
SELECT w2=6885
BUSY TASK ewma=997
IRQ counts: cpu0=24580 cpu1=27637 cpu2=27551 cpu3=27218
SCHED secondaries: calls=82412 unexpected=0
SECTEST switches=82372 cpu1=264087811,263382695 cpu2=223671830,220752106 cpu3=316938248,305116315
PINGPONG rounds=2000 pongs=2000
DMA IRQ c0=0
DMA IRQ c1=2
DMA IRQ c2=0
DMA IRQ c3=0
SELECT busy=12316
SELECT w0=12295
SELECT w1=6058
SELECT w2=6906
BUSY TASK ewma=997
DMA IRQ c0=0
DMA IRQ c1=2
DMA IRQ c2=0
DMA IRQ c3=0
SELECT busy=12354
SELECT w0=12334
SELECT w1=6077
SELECT w2=6929
BUSY TASK ewma=997
DMA IRQ c0=0
DMA IRQ c1=2
DMA IRQ c2=0
DMA IRQ c3=0
SELECT busy=12391
SELECT w0=12370
SELECT w1=6093
SELECT w2=6946
BUSY TASK ewma=997
DMA IRQ c0=0
DMA IRQ c1=2
DMA IRQ c2=0
DMA IRQ c3=0
SELECT busy=12426
SELECT w0=12405
SELECT w1=6109
SELECT w2=6963
BUSY TASK ewma=997
DMA IRQ c0=0
DMA IRQ c1=2
DMA IRQ c2=0
DMA IRQ c3=0
SELECT busy=12460
SELECT w0=12440
SELECT w1=6124
SELECT w2=6984
BUSY TASK ewma=997
DMA IRQ c0=0
DMA IRQ c1=2
DMA IRQ c2=0
DMA IRQ c3=0
SELECT busy=12501
SELECT w0=12481
SELECT w1=6139
SELECT w2=7004
BUSY TASK ewma=997
DMA IRQ c0=0
DMA IRQ c1=2
DMA IRQ c2=0
DMA IRQ c3=0
SELECT busy=12531
SELECT w0=12510
SELECT w1=6151
SELECT w2=7020
BUSY TASK ewma=997
DMA IRQ c0=0
DMA IRQ c1=2
DMA IRQ c2=0
DMA IRQ c3=0
SELECT busy=12564
SELECT w0=12543
SELECT w1=6162
SELECT w2=7036
BUSY TASK ewma=997
DMA IRQ c0=0
DMA IRQ c1=2
DMA IRQ c2=0
DMA IRQ c3=0
SELECT busy=12601
SELECT w0=12583
SELECT w1=6177
SELECT w2=7055
BUSY TASK ewma=997
DMA IRQ c0=0
DMA IRQ c1=2
DMA IRQ c2=0
DMA IRQ c3=0
SELECT busy=12646
SELECT w0=12626
SELECT w1=6194
SELECT w2=7077
BUSY TASK ewma=997
DMA IRQ c0=0
DMA IRQ c1=2
DMA IRQ c2=0
DMA IRQ c3=0
SELECT busy=12683
SELECT w0=12662
SELECT w1=6209
SELECT w2=7099
BUSY TASK ewma=997
DMA IRQ c0=0
DMA IRQ c1=2
DMA IRQ c2=0
DMA IRQ c3=0
SELECT busy=12720
SELECT w0=12700
SELECT w1=6227
SELECT w2=7122
BUSY TASK ewma=997
DMA IRQ c0=0
DMA IRQ c1=2
DMA IRQ c2=0
DMA IRQ c3=0
SELECT busy=12756
SELECT w0=12735
SELECT w1=6243
SELECT w2=7143
BUSY TASK ewma=997
DMA IRQ c0=0
DMA IRQ c1=2
DMA IRQ c2=0
DMA IRQ c3=0
SELECT busy=12802
SELECT w0=12782
SELECT w1=6261
SELECT w2=7166
BUSY TASK ewma=997
DMA IRQ c0=0
DMA IRQ c1=2
DMA IRQ c2=0
DMA IRQ c3=0
SELECT busy=12827
SELECT w0=12806
SELECT w1=6271
SELECT w2=7177
BUSY TASK ewma=997
DMA IRQ c0=0
DMA IRQ c1=2
DMA IRQ c2=0
DMA IRQ c3=0
SELECT busy=12852
SELECT w0=12831
SELECT w1=6280
SELECT w2=7189
BUSY TASK ewma=997
DMA IRQ c0=0
DMA IRQ c1=2
DMA IRQ c2=0
DMA IRQ c3=0
SELECT busy=12866
SELECT w0=12845
SELECT w1=6285
SELECT w2=7196
BUSY TASK ewma=997
DMA IRQ c0=0
DMA IRQ c1=2
DMA IRQ c2=0
DMA IRQ c3=0
SELECT busy=12888
SELECT w0=12868
SELECT w1=6296
SELECT w2=7209
BUSY TASK ewma=997
DMA IRQ c0=0
DMA IRQ c1=2
DMA IRQ c2=0
DMA IRQ c3=0
SELECT busy=12910
SELECT w0=12889
SELECT w1=6305
SELECT w2=7220
BUSY TASK ewma=997
DMA IRQ c0=0
DMA IRQ c1=2
DMA IRQ c2=0
DMA IRQ c3=0
SELECT busy=12930
SELECT w0=12910
SELECT w1=6316
SELECT w2=7235
BUSY TASK ewma=997
DMA IRQ c0=0
DMA IRQ c1=2
DMA IRQ c2=0
DMA IRQ c3=0
SELECT busy=12951
SELECT w0=12931
SELECT w1=6328
SELECT w2=7251
BUSY TASK ewma=997
DMA IRQ c0=0
DMA IRQ c1=2
DMA IRQ c2=0
DMA IRQ c3=0
SELECT busy=12971
SELECT w0=12951
SELECT w1=6339
SELECT w2=7262
BUSY TASK ewma=997
DMA IRQ c0=0
DMA IRQ c1=2
DMA IRQ c2=0
DMA IRQ c3=0
SELECT busy=12989
SELECT w0=12969
SELECT w1=6347
SELECT w2=7273
BUSY TASK ewma=997
DMA IRQ c0=0
DMA IRQ c1=2
DMA IRQ c2=0
DMA IRQ c3=0
SELECT busy=13010
SELECT w0=12990
SELECT w1=6356
SELECT w2=7286
BUSY TASK ewma=997
DMA IRQ c0=0
DMA IRQ c1=2
DMA IRQ c2=0
DMA IRQ c3=0
SELECT busy=13027
SELECT w0=13006
SELECT w1=6362
SELECT w2=7294
BUSY TASK ewma=997
DMA IRQ c0=0
DMA IRQ c1=2
DMA IRQ c2=0
DMA IRQ c3=0
SELECT busy=13059
SELECT w0=13039
SELECT w1=6378
SELECT w2=7313
BUSY TASK ewma=997
DMA IRQ c0=0
DMA IRQ c1=2
DMA IRQ c2=0
DMA IRQ c3=0
SELECT busy=13102
SELECT w0=13081
SELECT w1=6399
SELECT w2=7333
BUSY TASK ewma=997
DMA IRQ c0=0
DMA IRQ c1=2
DMA IRQ c2=0
DMA IRQ c3=0
SELECT busy=13129
SELECT w0=13109
SELECT w1=6412
SELECT w2=7353
BUSY TASK ewma=997
DMA IRQ c0=0
DMA IRQ c1=2
DMA IRQ c2=0
DMA IRQ c3=0
SELECT busy=13149
SELECT w0=13129
SELECT w1=6424
SELECT w2=7367
BUSY TASK ewma=997
DMA IRQ c0=0
DMA IRQ c1=2
DMA IRQ c2=0
DMA IRQ c3=0
SELECT busy=13164
SELECT w0=13144
SELECT w1=6431
SELECT w2=7376
BUSY TASK ewma=997
DMA IRQ c0=0
DMA IRQ c1=2
DMA IRQ c2=0
DMA IRQ c3=0
SELECT busy=13177
SELECT w0=13156
SELECT w1=6436
SELECT w2=7384
BUSY TASK ewma=997
DMA IRQ c0=0
DMA IRQ c1=2
DMA IRQ c2=0
DMA IRQ c3=0
SELECT busy=13189
SELECT w0=13168
SELECT w1=6442
SELECT w2=7392
BUSY TASK ewma=997
DMA IRQ c0=0
DMA IRQ c1=2
DMA IRQ c2=0
DMA IRQ c3=0
SELECT busy=13203
SELECT w0=13182
SELECT w1=6447
SELECT w2=7399
BUSY TASK ewma=997
DMA IRQ c0=0
DMA IRQ c1=2
DMA IRQ c2=0
DMA IRQ c3=0
SELECT busy=13221
SELECT w0=13200
SELECT w1=6454
SELECT w2=7408
BUSY TASK ewma=997
DMA IRQ c0=0
DMA IRQ c1=2
DMA IRQ c2=0
DMA IRQ c3=0
SELECT busy=13235
SELECT w0=13216
SELECT w1=6463
SELECT w2=7420
BUSY TASK ewma=997
DMA IRQ c0=0
DMA IRQ c1=2
DMA IRQ c2=0
DMA IRQ c3=0
SELECT busy=13252
SELECT w0=13232
SELECT w1=6473
SELECT w2=7426
BUSY TASK ewma=997
DMA IRQ c0=0
DMA IRQ c1=2
DMA IRQ c2=0
DMA IRQ c3=0
SELECT busy=13269
SELECT w0=13248
SELECT w1=6480
SELECT w2=7434
BUSY TASK ewma=997
DMA IRQ c0=0
DMA IRQ c1=2
DMA IRQ c2=0
DMA IRQ c3=0
SELECT busy=13291
SELECT w0=13271
SELECT w1=6489
SELECT w2=7446
BUSY TASK ewma=997
DMA IRQ c0=0
DMA IRQ c1=2
DMA IRQ c2=0
DMA IRQ c3=0
SELECT busy=13304
SELECT w0=13284
SELECT w1=6494
SELECT w2=7454
BUSY TASK ewma=997
DMA IRQ c0=0
DMA IRQ c1=2
DMA IRQ c2=0
DMA IRQ c3=0
SELECT busy=13323
SELECT w0=13303
SELECT w1=6503
SELECT w2=7470
BUSY TASK ewma=997
DMA IRQ c0=0
DMA IRQ c1=2
DMA IRQ c2=0
DMA IRQ c3=0
SELECT busy=13342
SELECT w0=13321
SELECT w1=6510
SELECT w2=7482
BUSY TASK ewma=997
DMA IRQ c0=0
DMA IRQ c1=2
DMA IRQ c2=0
DMA IRQ c3=0
SELECT busy=13355
SELECT w0=13335
SELECT w1=6516
SELECT w2=7494
BUSY TASK ewma=997
DMA IRQ c0=0
DMA IRQ c1=2
DMA IRQ c2=0
DMA IRQ c3=0
SELECT busy=13372
SELECT w0=13352
SELECT w1=6526
SELECT w2=7506
BUSY TASK ewma=997
DMA IRQ c0=0
DMA IRQ c1=2
DMA IRQ c2=0
DMA IRQ c3=0
SELECT busy=13389
SELECT w0=13368
SELECT w1=6534
SELECT w2=7516
BUSY TASK ewma=997
DMA IRQ c0=0
DMA IRQ c1=2
DMA IRQ c2=0
DMA IRQ c3=0
SELECT busy=13407
SELECT w0=13387
SELECT w1=6544
SELECT w2=7529
BUSY TASK ewma=997
DMA IRQ c0=0
DMA IRQ c1=2
DMA IRQ c2=0
DMA IRQ c3=0
SELECT busy=13420
SELECT w0=13400
SELECT w1=6552
SELECT w2=7537
BUSY TASK ewma=997
DMA IRQ c0=0
DMA IRQ c1=2
DMA IRQ c2=0
DMA IRQ c3=0
SELECT busy=13441
SELECT w0=13420
SELECT w1=6561
SELECT w2=7548
BUSY TASK ewma=997
DMA IRQ c0=0
DMA IRQ c1=2
DMA IRQ c2=0
DMA IRQ c3=0
SELECT busy=13459
SELECT w0=13439
SELECT w1=6568
SELECT w2=7556
BUSY TASK ewma=997
DMA IRQ c0=0
DMA IRQ c1=2
DMA IRQ c2=0
DMA IRQ c3=0
SELECT busy=13479
SELECT w0=13458
SELECT w1=6573
SELECT w2=7563
BUSY TASK ewma=997
DMA IRQ c0=0
DMA IRQ c1=2
DMA IRQ c2=0
DMA IRQ c3=0
SELECT busy=13497
SELECT w0=13477
SELECT w1=6579
SELECT w2=7569
BUSY TASK ewma=997
DMA IRQ c0=0
DMA IRQ c1=2
DMA IRQ c2=0
DMA IRQ c3=0
SELECT busy=13516
SELECT w0=13495
SELECT w1=6584
SELECT w2=7574
BUSY TASK ewma=997
DMA IRQ c0=0
DMA IRQ c1=2
DMA IRQ c2=0
DMA IRQ c3=0
SELECT busy=13542
SELECT w0=13522
SELECT w1=6595
SELECT w2=7591
BUSY TASK ewma=997
DMA IRQ c0=0
DMA IRQ c1=2
DMA IRQ c2=0
DMA IRQ c3=0
SELECT busy=13565
SELECT w0=13545
SELECT w1=6606
SELECT w2=7607
BUSY TASK ewma=997
DMA IRQ c0=0
DMA IRQ c1=2
DMA IRQ c2=0
DMA IRQ c3=0
SELECT busy=13593
SELECT w0=13574
SELECT w1=6620
SELECT w2=7625
BUSY TASK ewma=997
DMA IRQ c0=0
DMA IRQ c1=2
DMA IRQ c2=0
DMA IRQ c3=0
SELECT busy=13628
SELECT w0=13608
SELECT w1=6645
SELECT w2=7647
BUSY TASK ewma=997
DMA IRQ c0=0
DMA IRQ c1=2
DMA IRQ c2=0
DMA IRQ c3=0
SELECT busy=13649
SELECT w0=13629
SELECT w1=6657
SELECT w2=7657
BUSY TASK ewma=997
DMA IRQ c0=0
DMA IRQ c1=2
DMA IRQ c2=0
DMA IRQ c3=0
SELECT busy=13686
SELECT w0=13666
SELECT w1=6676
SELECT w2=7679
BUSY TASK ewma=997
DMA IRQ c0=0
DMA IRQ c1=2
DMA IRQ c2=0
DMA IRQ c3=0
SELECT busy=13731
SELECT w0=13712
SELECT w1=6698
SELECT w2=7705
BUSY TASK ewma=997
DMA IRQ c0=0
DMA IRQ c1=2
DMA IRQ c2=0
DMA IRQ c3=0
SELECT busy=13769
SELECT w0=13749
SELECT w1=6716
SELECT w2=7727
BUSY TASK ewma=997
DMA IRQ c0=0
DMA IRQ c1=2
DMA IRQ c2=0
DMA IRQ c3=0
SELECT busy=13803
SELECT w0=13783
SELECT w1=6728
SELECT w2=7741
BUSY TASK ewma=997
DMA IRQ c0=0
DMA IRQ c1=2
DMA IRQ c2=0
DMA IRQ c3=0
SELECT busy=13837
SELECT w0=13816
SELECT w1=6743
SELECT w2=7758
BUSY TASK ewma=997
DMA IRQ c0=0
DMA IRQ c1=2
DMA IRQ c2=0
DMA IRQ c3=0
SELECT busy=13868
SELECT w0=13848
SELECT w1=6758
SELECT w2=7780
BUSY TASK ewma=997
DMA IRQ c0=0
DMA IRQ c1=2
DMA IRQ c2=0
DMA IRQ c3=0
SELECT busy=13886
SELECT w0=13867
SELECT w1=6766
SELECT w2=7790
BUSY TASK ewma=997
DMA IRQ c0=0
DMA IRQ c1=2
DMA IRQ c2=0
DMA IRQ c3=0
SELECT busy=13903
SELECT w0=13883
SELECT w1=6774
SELECT w2=7800
BUSY TASK ewma=997
IRQ counts: cpu0=27820 cpu1=31310 cpu2=31233 cpu3=30863
SCHED secondaries: calls=93410 unexpected=0
SECTEST switches=93377 cpu1=293342575,292541126 cpu2=251315466,246928499 cpu3=355008978,344688591
PINGPONG rounds=2000 pongs=2000
DMA IRQ c0=0
DMA IRQ c1=2
DMA IRQ c2=0
DMA IRQ c3=0
SELECT busy=13939
SELECT w0=13919
SELECT w1=6799
SELECT w2=7830
BUSY TASK ewma=997
DMA IRQ c0=0
DMA IRQ c1=2
DMA IRQ c2=0
DMA IRQ c3=0
SELECT busy=13970
SELECT w0=13950
SELECT w1=6811
SELECT w2=7848
BUSY TASK ewma=997
DMA IRQ c0=0
DMA IRQ c1=2
DMA IRQ c2=0
DMA IRQ c3=0
SELECT busy=13988
SELECT w0=13967
SELECT w1=6819
SELECT w2=7857
BUSY TASK ewma=997
DMA IRQ c0=0
DMA IRQ c1=2
DMA IRQ c2=0
DMA IRQ c3=0
SELECT busy=14008
SELECT w0=13988
SELECT w1=6828
SELECT w2=7869
BUSY TASK ewma=997
DMA IRQ c0=0
DMA IRQ c1=2
DMA IRQ c2=0
DMA IRQ c3=0
SELECT busy=14023
SELECT w0=14002
SELECT w1=6834
SELECT w2=7876
BUSY TASK ewma=997
DMA IRQ c0=0
DMA IRQ c1=2
DMA IRQ c2=0
DMA IRQ c3=0
SELECT busy=14038
SELECT w0=14018
SELECT w1=6843
SELECT w2=7886
BUSY TASK ewma=997
DMA IRQ c0=0
DMA IRQ c1=2
DMA IRQ c2=0
DMA IRQ c3=0
SELECT busy=14056
SELECT w0=14037
SELECT w1=6854
SELECT w2=7896
BUSY TASK ewma=997
DMA IRQ c0=0
DMA IRQ c1=2
DMA IRQ c2=0
DMA IRQ c3=0
SELECT busy=14074
SELECT w0=14053
SELECT w1=6861
SELECT w2=7908
BUSY TASK ewma=997
DMA IRQ c0=0
DMA IRQ c1=2
DMA IRQ c2=0
DMA IRQ c3=0
SELECT busy=14090
SELECT w0=14070
SELECT w1=6872
SELECT w2=7917
BUSY TASK ewma=997
DMA IRQ c0=0
DMA IRQ c1=2
DMA IRQ c2=0
DMA IRQ c3=0
SELECT busy=14106
SELECT w0=14086
SELECT w1=6883
SELECT w2=7929
BUSY TASK ewma=997
DMA IRQ c0=0
DMA IRQ c1=2
DMA IRQ c2=0
DMA IRQ c3=0
SELECT busy=14127
SELECT w0=14107
SELECT w1=6891
SELECT w2=7941
BUSY TASK ewma=997
DMA IRQ c0=0
DMA IRQ c1=2
DMA IRQ c2=0
DMA IRQ c3=0
SELECT busy=14146
SELECT w0=14127
SELECT w1=6899
SELECT w2=7953
BUSY TASK ewma=997
DMA IRQ c0=0
DMA IRQ c1=2
DMA IRQ c2=0
DMA IRQ c3=0
SELECT busy=14167
SELECT w0=14147
SELECT w1=6907
SELECT w2=7966
BUSY TASK ewma=997
DMA IRQ c0=0
DMA IRQ c1=2
DMA IRQ c2=0
DMA IRQ c3=0
SELECT busy=14183
SELECT w0=14163
SELECT w1=6916
SELECT w2=7977
BUSY TASK ewma=997
DMA IRQ c0=0
DMA IRQ c1=2
DMA IRQ c2=0
DMA IRQ c3=0
SELECT busy=14203
SELECT w0=14183
SELECT w1=6922
SELECT w2=7985
BUSY TASK ewma=997
DMA IRQ c0=0
DMA IRQ c1=2
DMA IRQ c2=0
DMA IRQ c3=0
SELECT busy=14224
SELECT w0=14204
SELECT w1=6930
SELECT w2=7996
BUSY TASK ewma=997
DMA IRQ c0=0
DMA IRQ c1=2
DMA IRQ c2=0
DMA IRQ c3=0
SELECT busy=14240
SELECT w0=14220
SELECT w1=6939
SELECT w2=8012
BUSY TASK ewma=997
DMA IRQ c0=0
DMA IRQ c1=2
DMA IRQ c2=0
DMA IRQ c3=0
SELECT busy=14268
SELECT w0=14247
SELECT w1=6950
SELECT w2=8023
BUSY TASK ewma=997
DMA IRQ c0=0
DMA IRQ c1=2
DMA IRQ c2=0
DMA IRQ c3=0
SELECT busy=14287
SELECT w0=14267
SELECT w1=6958
SELECT w2=8033
BUSY TASK ewma=997
DMA IRQ c0=0
DMA IRQ c1=2
DMA IRQ c2=0
DMA IRQ c3=0
SELECT busy=14307
SELECT w0=14287
SELECT w1=6965
SELECT w2=8042
BUSY TASK ewma=997
DMA IRQ c0=0
DMA IRQ c1=2
DMA IRQ c2=0
DMA IRQ c3=0
SELECT busy=14332
SELECT w0=14312
SELECT w1=6978
SELECT w2=8059
BUSY TASK ewma=997
DMA IRQ c0=0
DMA IRQ c1=2
DMA IRQ c2=0
DMA IRQ c3=0
SELECT busy=14353
SELECT w0=14332
SELECT w1=6985
SELECT w2=8069
BUSY TASK ewma=997
DMA IRQ c0=0
DMA IRQ c1=2
DMA IRQ c2=0
DMA IRQ c3=0
SELECT busy=14373
SELECT w0=14353
SELECT w1=6992
SELECT w2=8078
BUSY TASK ewma=997
DMA IRQ c0=0
DMA IRQ c1=2
DMA IRQ c2=0
DMA IRQ c3=0
SELECT busy=14393
SELECT w0=14373
SELECT w1=7000
SELECT w2=8087
BUSY TASK ewma=997
DMA IRQ c0=0
DMA IRQ c1=2
DMA IRQ c2=0
DMA IRQ c3=0
SELECT busy=14416
SELECT w0=14397
SELECT w1=7009
SELECT w2=8099
BUSY TASK ewma=997
DMA IRQ c0=0
DMA IRQ c1=2
DMA IRQ c2=0
DMA IRQ c3=0
SELECT busy=14440
SELECT w0=14419
SELECT w1=7019
SELECT w2=8112
BUSY TASK ewma=997
DMA IRQ c0=0
DMA IRQ c1=2
DMA IRQ c2=0
DMA IRQ c3=0
SELECT busy=14481
SELECT w0=14464
SELECT w1=7038
SELECT w2=8140
BUSY TASK ewma=997
DMA IRQ c0=0
DMA IRQ c1=2
DMA IRQ c2=0
DMA IRQ c3=0
SELECT busy=14509
SELECT w0=14488
SELECT w1=7049
SELECT w2=8154
BUSY TASK ewma=997
DMA IRQ c0=0
DMA IRQ c1=2
DMA IRQ c2=0
DMA IRQ c3=0
SELECT busy=14539
SELECT w0=14519
SELECT w1=7062
SELECT w2=8172
BUSY TASK ewma=997
DMA IRQ c0=0
DMA IRQ c1=2
DMA IRQ c2=0
DMA IRQ c3=0
SELECT busy=14573
SELECT w0=14553
SELECT w1=7076
SELECT w2=8187
BUSY TASK ewma=997
DMA IRQ c0=0
DMA IRQ c1=2
DMA IRQ c2=0
DMA IRQ c3=0
SELECT busy=14602
SELECT w0=14581
SELECT w1=7086
SELECT w2=8201
BUSY TASK ewma=997
DMA IRQ c0=0
DMA IRQ c1=2
DMA IRQ c2=0
DMA IRQ c3=0
SELECT busy=14646
SELECT w0=14626
SELECT w1=7109
SELECT w2=8227
BUSY TASK ewma=997
DMA IRQ c0=0
DMA IRQ c1=2
DMA IRQ c2=0
DMA IRQ c3=0
SELECT busy=14691
SELECT w0=14671
SELECT w1=7132
SELECT w2=8264
BUSY TASK ewma=997
DMA IRQ c0=0
DMA IRQ c1=2
DMA IRQ c2=0
DMA IRQ c3=0
SELECT busy=14734
SELECT w0=14713
SELECT w1=7149
SELECT w2=8285
BUSY TASK ewma=997
DMA IRQ c0=0
DMA IRQ c1=2
DMA IRQ c2=0
DMA IRQ c3=0
SELECT busy=14763
SELECT w0=14743
SELECT w1=7160
SELECT w2=8298
BUSY TASK ewma=997
DMA IRQ c0=0
DMA IRQ c1=2
DMA IRQ c2=0
DMA IRQ c3=0
SELECT busy=14796
SELECT w0=14776
SELECT w1=7182
SELECT w2=8321
qemu-system-aarch64: terminating on signal 15 from pid 201662 (timeout)
