P4 M7: full integration test boot OK
CPU0: MPIDR_EL1=0x0000000080000000
CPU0: psci_cpu_on target=1 rc=0
CPU1: alive, MPIDR_EL1=0x0000000080000001 this_cpu()->cpu_id=1
CPU0: psci_cpu_on target=2 rc=0
CPU2: alive, MPIDR_EL1=0x0000000080000002 this_cpu()->cpu_id=2
CPU0: psci_cpu_on target=3 rc=0
CPU3: alive, MPIDR_EL1=0x0000000080000003 this_cpu()->cpu_id=3
CPUs online: 4
DMA IRQ target cpu=1
D2b: worker 2 runs on CPU2
D2b: worker 1 runs on CPU1
D2b: worker 0 runs on CPU0
P4 M7: worker submitted cmd_id=1
P4 M7: worker submitted cmd_id=2
P4 M7: worker submitted cmd_id=3
BUSY TASK ewma=994
DMA IRQ c0=0
DMA IRQ c1=0
DMA IRQ c2=0
DMA IRQ c3=0
SELECT busy=19
SELECT w0=4
SELECT w1=5
SELECT w2=4
BUSY TASK ewma=997
DMA IRQ c0=0
DMA IRQ c1=0
DMA IRQ c2=0
DMA IRQ c3=0
SELECT busy=45
SELECT w0=4
SELECT w1=5
P4 M7: worker DATA OK, cmd_id=1
SELECT w2=9
WORKER ewma=941
P4 M7: worker DATA OK, cmd_id=3
P4 M7: worker DATA OK, cmd_id=2
WORKER ewma=831
WORKER ewma=881
BUSY TASK ewma=997
DMA IRQ c0=0
DMA IRQ c1=2
DMA IRQ c2=0
DMA IRQ c3=0
SELECT busy=78
SELECT w0=45
SELECT w1=44
SELECT w2=58
BUSY TASK ewma=997
DMA IRQ c0=0
DMA IRQ c1=2
DMA IRQ c2=0
DMA IRQ c3=0
SELECT busy=110
SELECT w0=76
SELECT w1=71
SELECT w2=86
BUSY TASK ewma=997
DMA IRQ c0=0
DMA IRQ c1=2
DMA IRQ c2=0
DMA IRQ c3=0
SELECT busy=146
SELECT w0=112
SELECT w1=89
SELECT w2=112
BUSY TASK ewma=997
DMA IRQ c0=0
DMA IRQ c1=2
DMA IRQ c2=0
DMA IRQ c3=0
SELECT busy=199
SELECT w0=166
SELECT w1=114
SELECT w2=144
BUSY TASK ewma=997
DMA IRQ c0=0
DMA IRQ c1=2
DMA IRQ c2=0
DMA IRQ c3=0
SELECT busy=245
SELECT w0=211
SELECT w1=139
SELECT w2=177
BUSY TASK ewma=997
DMA IRQ c0=0
DMA IRQ c1=2
DMA IRQ c2=0
DMA IRQ c3=0
SELECT busy=272
SELECT w0=238
SELECT w1=154
SELECT w2=197
BUSY TASK ewma=997
DMA IRQ c0=0
DMA IRQ c1=2
DMA IRQ c2=0
DMA IRQ c3=0
SELECT busy=305
SELECT w0=273
SELECT w1=177
SELECT w2=223
BUSY TASK ewma=997
DMA IRQ c0=0
DMA IRQ c1=2
DMA IRQ c2=0
DMA IRQ c3=0
SELECT busy=333
SELECT w0=299
SELECT w1=191
SELECT w2=236
BUSY TASK ewma=997
DMA IRQ c0=0
DMA IRQ c1=2
DMA IRQ c2=0
DMA IRQ c3=0
SELECT busy=355
SELECT w0=322
SELECT w1=206
SELECT w2=250
BUSY TASK ewma=997
DMA IRQ c0=0
DMA IRQ c1=2
DMA IRQ c2=0
DMA IRQ c3=0
SELECT busy=374
SELECT w0=340
SELECT w1=215
SELECT w2=257
BUSY TASK ewma=997
DMA IRQ c0=0
DMA IRQ c1=2
DMA IRQ c2=0
DMA IRQ c3=0
SELECT busy=392
SELECT w0=358
SELECT w1=223
SELECT w2=264
BUSY TASK ewma=997
DMA IRQ c0=0
DMA IRQ c1=2
DMA IRQ c2=0
DMA IRQ c3=0
SELECT busy=410
SELECT w0=376
SELECT w1=231
SELECT w2=274
BUSY TASK ewma=997
DMA IRQ c0=0
DMA IRQ c1=2
DMA IRQ c2=0
DMA IRQ c3=0
SELECT busy=452
SELECT w0=418
SELECT w1=254
SELECT w2=296
BUSY TASK ewma=997
DMA IRQ c0=0
DMA IRQ c1=2
DMA IRQ c2=0
DMA IRQ c3=0
SELECT busy=494
SELECT w0=460
SELECT w1=274
SELECT w2=315
BUSY TASK ewma=997
DMA IRQ c0=0
DMA IRQ c1=2
DMA IRQ c2=0
DMA IRQ c3=0
SELECT busy=516
SELECT w0=484
SELECT w1=290
SELECT w2=331
BUSY TASK ewma=997
DMA IRQ c0=0
DMA IRQ c1=2
DMA IRQ c2=0
DMA IRQ c3=0
SELECT busy=561
SELECT w0=528
SELECT w1=316
SELECT w2=350
BUSY TASK ewma=997
DMA IRQ c0=0
DMA IRQ c1=2
DMA IRQ c2=0
DMA IRQ c3=0
SELECT busy=583
SELECT w0=551
SELECT w1=329
SELECT w2=363
BUSY TASK ewma=997
DMA IRQ c0=0
DMA IRQ c1=2
DMA IRQ c2=0
DMA IRQ c3=0
SELECT busy=610
SELECT w0=577
SELECT w1=342
SELECT w2=375
BUSY TASK ewma=997
DMA IRQ c0=0
DMA IRQ c1=2
DMA IRQ c2=0
DMA IRQ c3=0
SELECT busy=635
SELECT w0=602
SELECT w1=357
SELECT w2=394
BUSY TASK ewma=997
DMA IRQ c0=0
DMA IRQ c1=2
DMA IRQ c2=0
DMA IRQ c3=0
SELECT busy=675
SELECT w0=642
SELECT w1=377
SELECT w2=414
BUSY TASK ewma=997
DMA IRQ c0=0
DMA IRQ c1=2
DMA IRQ c2=0
DMA IRQ c3=0
SELECT busy=697
SELECT w0=663
SELECT w1=386
SELECT w2=424
BUSY TASK ewma=997
DMA IRQ c0=0
DMA IRQ c1=2
DMA IRQ c2=0
DMA IRQ c3=0
SELECT busy=729
SELECT w0=696
SELECT w1=403
SELECT w2=445
BUSY TASK ewma=997
DMA IRQ c0=0
DMA IRQ c1=2
DMA IRQ c2=0
DMA IRQ c3=0
SELECT busy=765
SELECT w0=732
SELECT w1=429
SELECT w2=466
BUSY TASK ewma=997
DMA IRQ c0=0
DMA IRQ c1=2
DMA IRQ c2=0
DMA IRQ c3=0
SELECT busy=814
SELECT w0=781
SELECT w1=457
SELECT w2=498
BUSY TASK ewma=997
DMA IRQ c0=0
DMA IRQ c1=2
DMA IRQ c2=0
DMA IRQ c3=0
SELECT busy=850
SELECT w0=816
SELECT w1=474
SELECT w2=514
BUSY TASK ewma=997
DMA IRQ c0=0
DMA IRQ c1=2
DMA IRQ c2=0
DMA IRQ c3=0
SELECT busy=887
SELECT w0=853
SELECT w1=498
SELECT w2=536
BUSY TASK ewma=997
DMA IRQ c0=0
DMA IRQ c1=2
DMA IRQ c2=0
DMA IRQ c3=0
SELECT busy=918
SELECT w0=884
SELECT w1=514
SELECT w2=553
BUSY TASK ewma=997
DMA IRQ c0=0
DMA IRQ c1=2
DMA IRQ c2=0
DMA IRQ c3=0
SELECT busy=942
SELECT w0=908
SELECT w1=525
SELECT w2=565
BUSY TASK ewma=997
DMA IRQ c0=0
DMA IRQ c1=2
DMA IRQ c2=0
DMA IRQ c3=0
SELECT busy=976
SELECT w0=944
SELECT w1=540
SELECT w2=580
BUSY TASK ewma=997
DMA IRQ c0=0
DMA IRQ c1=2
DMA IRQ c2=0
DMA IRQ c3=0
SELECT busy=1012
SELECT w0=978
SELECT w1=555
SELECT w2=597
BUSY TASK ewma=997
DMA IRQ c0=0
DMA IRQ c1=2
DMA IRQ c2=0
DMA IRQ c3=0
SELECT busy=1054
SELECT w0=1021
SELECT w1=583
SELECT w2=624
BUSY TASK ewma=997
DMA IRQ c0=0
DMA IRQ c1=2
DMA IRQ c2=0
DMA IRQ c3=0
SELECT busy=1094
SELECT w0=1060
SELECT w1=600
SELECT w2=639
BUSY TASK ewma=997
DMA IRQ c0=0
DMA IRQ c1=2
DMA IRQ c2=0
DMA IRQ c3=0
SELECT busy=1131
SELECT w0=1098
SELECT w1=624
SELECT w2=661
BUSY TASK ewma=997
DMA IRQ c0=0
DMA IRQ c1=2
DMA IRQ c2=0
DMA IRQ c3=0
SELECT busy=1176
SELECT w0=1143
SELECT w1=641
SELECT w2=678
BUSY TASK ewma=997
DMA IRQ c0=0
DMA IRQ c1=2
DMA IRQ c2=0
DMA IRQ c3=0
SELECT busy=1212
SELECT w0=1178
SELECT w1=657
SELECT w2=693
BUSY TASK ewma=997
DMA IRQ c0=0
DMA IRQ c1=2
DMA IRQ c2=0
DMA IRQ c3=0
SELECT busy=1259
SELECT w0=1225
SELECT w1=680
SELECT w2=721
BUSY TASK ewma=997
DMA IRQ c0=0
DMA IRQ c1=2
DMA IRQ c2=0
DMA IRQ c3=0
SELECT busy=1304
SELECT w0=1271
SELECT w1=702
SELECT w2=746
BUSY TASK ewma=997
DMA IRQ c0=0
DMA IRQ c1=2
DMA IRQ c2=0
DMA IRQ c3=0
SELECT busy=1340
SELECT w0=1306
SELECT w1=715
SELECT w2=761
BUSY TASK ewma=997
DMA IRQ c0=0
DMA IRQ c1=2
DMA IRQ c2=0
DMA IRQ c3=0
SELECT busy=1362
SELECT w0=1329
SELECT w1=728
SELECT w2=775
BUSY TASK ewma=997
DMA IRQ c0=0
DMA IRQ c1=2
DMA IRQ c2=0
DMA IRQ c3=0
SELECT busy=1381
SELECT w0=1348
SELECT w1=737
SELECT w2=784
BUSY TASK ewma=997
DMA IRQ c0=0
DMA IRQ c1=2
DMA IRQ c2=0
DMA IRQ c3=0
SELECT busy=1399
SELECT w0=1366
SELECT w1=750
SELECT w2=797
BUSY TASK ewma=997
DMA IRQ c0=0
DMA IRQ c1=2
DMA IRQ c2=0
DMA IRQ c3=0
SELECT busy=1417
SELECT w0=1383
SELECT w1=762
SELECT w2=809
BUSY TASK ewma=997
DMA IRQ c0=0
DMA IRQ c1=2
DMA IRQ c2=0
DMA IRQ c3=0
SELECT busy=1434
SELECT w0=1401
SELECT w1=772
SELECT w2=819
BUSY TASK ewma=997
DMA IRQ c0=0
DMA IRQ c1=2
DMA IRQ c2=0
DMA IRQ c3=0
SELECT busy=1451
SELECT w0=1418
SELECT w1=783
SELECT w2=830
BUSY TASK ewma=997
DMA IRQ c0=0
DMA IRQ c1=2
DMA IRQ c2=0
DMA IRQ c3=0
SELECT busy=1473
SELECT w0=1439
SELECT w1=791
SELECT w2=839
BUSY TASK ewma=997
DMA IRQ c0=0
DMA IRQ c1=2
DMA IRQ c2=0
DMA IRQ c3=0
SELECT busy=1492
SELECT w0=1459
SELECT w1=801
SELECT w2=849
BUSY TASK ewma=997
DMA IRQ c0=0
DMA IRQ c1=2
DMA IRQ c2=0
DMA IRQ c3=0
SELECT busy=1515
SELECT w0=1482
SELECT w1=815
SELECT w2=863
BUSY TASK ewma=997
DMA IRQ c0=0
DMA IRQ c1=2
DMA IRQ c2=0
DMA IRQ c3=0
SELECT busy=1538
SELECT w0=1504
SELECT w1=825
SELECT w2=873
BUSY TASK ewma=997
DMA IRQ c0=0
DMA IRQ c1=2
DMA IRQ c2=0
DMA IRQ c3=0
SELECT busy=1560
SELECT w0=1528
SELECT w1=840
SELECT w2=887
BUSY TASK ewma=997
DMA IRQ c0=0
DMA IRQ c1=2
DMA IRQ c2=0
DMA IRQ c3=0
SELECT busy=1581
SELECT w0=1547
SELECT w1=852
SELECT w2=900
BUSY TASK ewma=997
DMA IRQ c0=0
DMA IRQ c1=2
DMA IRQ c2=0
DMA IRQ c3=0
SELECT busy=1603
SELECT w0=1569
SELECT w1=862
SELECT w2=909
BUSY TASK ewma=997
DMA IRQ c0=0
DMA IRQ c1=2
DMA IRQ c2=0
DMA IRQ c3=0
SELECT busy=1624
SELECT w0=1590
SELECT w1=873
SELECT w2=919
BUSY TASK ewma=997
DMA IRQ c0=0
DMA IRQ c1=2
DMA IRQ c2=0
DMA IRQ c3=0
SELECT busy=1643
SELECT w0=1609
SELECT w1=879
SELECT w2=925
BUSY TASK ewma=997
DMA IRQ c0=0
DMA IRQ c1=2
DMA IRQ c2=0
DMA IRQ c3=0
SELECT busy=1661
SELECT w0=1627
SELECT w1=885
SELECT w2=931
BUSY TASK ewma=997
DMA IRQ c0=0
DMA IRQ c1=2
DMA IRQ c2=0
DMA IRQ c3=0
SELECT busy=1679
SELECT w0=1645
SELECT w1=892
SELECT w2=938
BUSY TASK ewma=997
DMA IRQ c0=0
DMA IRQ c1=2
DMA IRQ c2=0
DMA IRQ c3=0
SELECT busy=1698
SELECT w0=1664
SELECT w1=899
SELECT w2=945
BUSY TASK ewma=997
DMA IRQ c0=0
DMA IRQ c1=2
DMA IRQ c2=0
DMA IRQ c3=0
SELECT busy=1719
SELECT w0=1686
SELECT w1=907
SELECT w2=955
BUSY TASK ewma=997
DMA IRQ c0=0
DMA IRQ c1=2
DMA IRQ c2=0
DMA IRQ c3=0
SELECT busy=1735
SELECT w0=1701
SELECT w1=915
SELECT w2=964
BUSY TASK ewma=997
DMA IRQ c0=0
DMA IRQ c1=2
DMA IRQ c2=0
DMA IRQ c3=0
SELECT busy=1757
SELECT w0=1723
SELECT w1=926
SELECT w2=975
BUSY TASK ewma=997
DMA IRQ c0=0
DMA IRQ c1=2
DMA IRQ c2=0
DMA IRQ c3=0
SELECT busy=1775
SELECT w0=1741
SELECT w1=935
SELECT w2=984
BUSY TASK ewma=997
DMA IRQ c0=0
DMA IRQ c1=2
DMA IRQ c2=0
DMA IRQ c3=0
SELECT busy=1790
SELECT w0=1757
SELECT w1=941
SELECT w2=991
BUSY TASK ewma=997
IRQ counts: cpu0=3575 cpu1=3786 cpu2=3808 cpu3=3836
SCHED secondaries: calls=11444 unexpected=0
SECTEST switches=11423 cpu1=31709526,31253036 cpu2=26590836,25088207 cpu3=37396259,36456316
PINGPONG rounds=736 pongs=738
DMA IRQ c0=0
DMA IRQ c1=2
DMA IRQ c2=0
DMA IRQ c3=0
SELECT busy=1824
SELECT w0=1790
SELECT w1=963
SELECT w2=1014
BUSY TASK ewma=997
DMA IRQ c0=0
DMA IRQ c1=2
DMA IRQ c2=0
DMA IRQ c3=0
SELECT busy=1847
SELECT w0=1814
SELECT w1=976
SELECT w2=1027
BUSY TASK ewma=997
DMA IRQ c0=0
DMA IRQ c1=2
DMA IRQ c2=0
DMA IRQ c3=0
SELECT busy=1863
SELECT w0=1830
SELECT w1=986
SELECT w2=1038
BUSY TASK ewma=997
DMA IRQ c0=0
DMA IRQ c1=2
DMA IRQ c2=0
DMA IRQ c3=0
SELECT busy=1888
SELECT w0=1855
SELECT w1=1004
SELECT w2=1054
BUSY TASK ewma=997
DMA IRQ c0=0
DMA IRQ c1=2
DMA IRQ c2=0
DMA IRQ c3=0
SELECT busy=1910
SELECT w0=1876
SELECT w1=1019
SELECT w2=1066
BUSY TASK ewma=997
DMA IRQ c0=0
DMA IRQ c1=2
DMA IRQ c2=0
DMA IRQ c3=0
SELECT busy=1937
SELECT w0=1903
SELECT w1=1031
SELECT w2=1082
BUSY TASK ewma=997
DMA IRQ c0=0
DMA IRQ c1=2
DMA IRQ c2=0
DMA IRQ c3=0
SELECT busy=1967
SELECT w0=1934
SELECT w1=1051
SELECT w2=1100
BUSY TASK ewma=997
DMA IRQ c0=0
DMA IRQ c1=2
DMA IRQ c2=0
DMA IRQ c3=0
SELECT busy=1988
SELECT w0=1955
SELECT w1=1065
SELECT w2=1112
BUSY TASK ewma=997
DMA IRQ c0=0
DMA IRQ c1=2
DMA IRQ c2=0
DMA IRQ c3=0
SELECT busy=2012
SELECT w0=1982
SELECT w1=1084
SELECT w2=1131
BUSY TASK ewma=997
DMA IRQ c0=0
DMA IRQ c1=2
DMA IRQ c2=0
DMA IRQ c3=0
SELECT busy=2036
SELECT w0=2003
SELECT w1=1098
SELECT w2=1143
BUSY TASK ewma=997
DMA IRQ c0=0
DMA IRQ c1=2
DMA IRQ c2=0
DMA IRQ c3=0
SELECT busy=2059
SELECT w0=2026
SELECT w1=1113
SELECT w2=1155
BUSY TASK ewma=997
DMA IRQ c0=0
DMA IRQ c1=2
DMA IRQ c2=0
DMA IRQ c3=0
SELECT busy=2097
SELECT w0=2064
SELECT w1=1132
SELECT w2=1173
BUSY TASK ewma=997
DMA IRQ c0=0
DMA IRQ c1=2
DMA IRQ c2=0
DMA IRQ c3=0
SELECT busy=2132
SELECT w0=2098
SELECT w1=1146
SELECT w2=1187
BUSY TASK ewma=997
DMA IRQ c0=0
DMA IRQ c1=2
DMA IRQ c2=0
DMA IRQ c3=0
SELECT busy=2160
SELECT w0=2126
SELECT w1=1159
SELECT w2=1202
BUSY TASK ewma=997
DMA IRQ c0=0
DMA IRQ c1=2
DMA IRQ c2=0
DMA IRQ c3=0
SELECT busy=2180
SELECT w0=2146
SELECT w1=1171
SELECT w2=1216
BUSY TASK ewma=997
DMA IRQ c0=0
DMA IRQ c1=2
DMA IRQ c2=0
DMA IRQ c3=0
SELECT busy=2203
SELECT w0=2169
SELECT w1=1183
SELECT w2=1227
BUSY TASK ewma=997
DMA IRQ c0=0
DMA IRQ c1=2
DMA IRQ c2=0
DMA IRQ c3=0
SELECT busy=2221
SELECT w0=2188
SELECT w1=1192
SELECT w2=1235
BUSY TASK ewma=997
DMA IRQ c0=0
DMA IRQ c1=2
DMA IRQ c2=0
DMA IRQ c3=0
SELECT busy=2241
SELECT w0=2207
SELECT w1=1202
SELECT w2=1246
BUSY TASK ewma=997
DMA IRQ c0=0
DMA IRQ c1=2
DMA IRQ c2=0
DMA IRQ c3=0
SELECT busy=2260
SELECT w0=2227
SELECT w1=1210
SELECT w2=1254
BUSY TASK ewma=997
DMA IRQ c0=0
DMA IRQ c1=2
DMA IRQ c2=0
DMA IRQ c3=0
SELECT busy=2279
SELECT w0=2245
SELECT w1=1217
SELECT w2=1260
BUSY TASK ewma=997
DMA IRQ c0=0
DMA IRQ c1=2
DMA IRQ c2=0
DMA IRQ c3=0
SELECT busy=2297
SELECT w0=2263
SELECT w1=1223
SELECT w2=1268
BUSY TASK ewma=997
DMA IRQ c0=0
DMA IRQ c1=2
DMA IRQ c2=0
DMA IRQ c3=0
SELECT busy=2316
SELECT w0=2282
SELECT w1=1231
SELECT w2=1276
BUSY TASK ewma=997
DMA IRQ c0=0
DMA IRQ c1=2
DMA IRQ c2=0
DMA IRQ c3=0
SELECT busy=2335
SELECT w0=2301
SELECT w1=1238
SELECT w2=1281
BUSY TASK ewma=997
DMA IRQ c0=0
DMA IRQ c1=2
DMA IRQ c2=0
DMA IRQ c3=0
SELECT busy=2353
SELECT w0=2320
SELECT w1=1244
SELECT w2=1288
BUSY TASK ewma=997
DMA IRQ c0=0
DMA IRQ c1=2
DMA IRQ c2=0
DMA IRQ c3=0
SELECT busy=2378
SELECT w0=2345
SELECT w1=1257
SELECT w2=1305
BUSY TASK ewma=997
DMA IRQ c0=0
DMA IRQ c1=2
DMA IRQ c2=0
DMA IRQ c3=0
SELECT busy=2395
SELECT w0=2362
SELECT w1=1265
SELECT w2=1315
BUSY TASK ewma=997
DMA IRQ c0=0
DMA IRQ c1=2
DMA IRQ c2=0
DMA IRQ c3=0
SELECT busy=2411
SELECT w0=2380
SELECT w1=1276
SELECT w2=1327
BUSY TASK ewma=997
DMA IRQ c0=0
DMA IRQ c1=2
DMA IRQ c2=0
DMA IRQ c3=0
SELECT busy=2429
SELECT w0=2395
SELECT w1=1289
SELECT w2=1336
BUSY TASK ewma=997
DMA IRQ c0=0
DMA IRQ c1=2
DMA IRQ c2=0
DMA IRQ c3=0
SELECT busy=2444
SELECT w0=2410
SELECT w1=1299
SELECT w2=1343
BUSY TASK ewma=997
DMA IRQ c0=0
DMA IRQ c1=2
DMA IRQ c2=0
DMA IRQ c3=0
SELECT busy=2462
SELECT w0=2428
SELECT w1=1315
SELECT w2=1352
BUSY TASK ewma=997
DMA IRQ c0=0
DMA IRQ c1=2
DMA IRQ c2=0
DMA IRQ c3=0
SELECT busy=2480
SELECT w0=2447
SELECT w1=1325
SELECT w2=1365
BUSY TASK ewma=997
DMA IRQ c0=0
DMA IRQ c1=2
DMA IRQ c2=0
DMA IRQ c3=0
SELECT busy=2494
SELECT w0=2462
SELECT w1=1335
SELECT w2=1378
BUSY TASK ewma=997
DMA IRQ c0=0
DMA IRQ c1=2
DMA IRQ c2=0
DMA IRQ c3=0
SELECT busy=2537
SELECT w0=2503
SELECT w1=1356
SELECT w2=1404
BUSY TASK ewma=997
DMA IRQ c0=0
DMA IRQ c1=2
DMA IRQ c2=0
DMA IRQ c3=0
SELECT busy=2559
SELECT w0=2527
SELECT w1=1370
SELECT w2=1419
BUSY TASK ewma=997
DMA IRQ c0=0
DMA IRQ c1=2
DMA IRQ c2=0
DMA IRQ c3=0
SELECT busy=2582
SELECT w0=2548
SELECT w1=1381
SELECT w2=1431
BUSY TASK ewma=997
DMA IRQ c0=0
DMA IRQ c1=2
DMA IRQ c2=0
DMA IRQ c3=0
SELECT busy=2595
SELECT w0=2562
SELECT w1=1390
SELECT w2=1441
BUSY TASK ewma=997
DMA IRQ c0=0
DMA IRQ c1=2
DMA IRQ c2=0
DMA IRQ c3=0
SELECT busy=2642
SELECT w0=2609
SELECT w1=1420
SELECT w2=1467
BUSY TASK ewma=997
DMA IRQ c0=0
DMA IRQ c1=2
DMA IRQ c2=0
DMA IRQ c3=0
SELECT busy=2678
SELECT w0=2645
SELECT w1=1437
SELECT w2=1486
BUSY TASK ewma=997
DMA IRQ c0=0
DMA IRQ c1=2
DMA IRQ c2=0
DMA IRQ c3=0
SELECT busy=2702
SELECT w0=2668
SELECT w1=1446
SELECT w2=1495
BUSY TASK ewma=997
DMA IRQ c0=0
DMA IRQ c1=2
DMA IRQ c2=0
DMA IRQ c3=0
SELECT busy=2723
SELECT w0=2690
SELECT w1=1460
SELECT w2=1508
BUSY TASK ewma=997
DMA IRQ c0=0
DMA IRQ c1=2
DMA IRQ c2=0
DMA IRQ c3=0
SELECT busy=2740
SELECT w0=2707
SELECT w1=1469
SELECT w2=1518
BUSY TASK ewma=997
DMA IRQ c0=0
DMA IRQ c1=2
DMA IRQ c2=0
DMA IRQ c3=0
SELECT busy=2756
SELECT w0=2723
SELECT w1=1480
SELECT w2=1529
BUSY TASK ewma=997
DMA IRQ c0=0
DMA IRQ c1=2
DMA IRQ c2=0
DMA IRQ c3=0
SELECT busy=2774
SELECT w0=2741
SELECT w1=1490
SELECT w2=1538
BUSY TASK ewma=997
DMA IRQ c0=0
DMA IRQ c1=2
DMA IRQ c2=0
DMA IRQ c3=0
SELECT busy=2797
SELECT w0=2763
SELECT w1=1502
SELECT w2=1552
BUSY TASK ewma=997
DMA IRQ c0=0
DMA IRQ c1=2
DMA IRQ c2=0
DMA IRQ c3=0
SELECT busy=2833
SELECT w0=2800
SELECT w1=1519
SELECT w2=1570
BUSY TASK ewma=997
DMA IRQ c0=0
DMA IRQ c1=2
DMA IRQ c2=0
DMA IRQ c3=0
SELECT busy=2870
SELECT w0=2837
SELECT w1=1537
SELECT w2=1587
BUSY TASK ewma=997
DMA IRQ c0=0
DMA IRQ c1=2
DMA IRQ c2=0
DMA IRQ c3=0
SELECT busy=2910
SELECT w0=2877
SELECT w1=1558
SELECT w2=1609
BUSY TASK ewma=997
DMA IRQ c0=0
DMA IRQ c1=2
DMA IRQ c2=0
DMA IRQ c3=0
SELECT busy=2965
SELECT w0=2931
SELECT w1=1585
SELECT w2=1635
BUSY TASK ewma=997
DMA IRQ c0=0
DMA IRQ c1=2
DMA IRQ c2=0
DMA IRQ c3=0
SELECT busy=3003
SELECT w0=2969
SELECT w1=1605
SELECT w2=1655
BUSY TASK ewma=997
DMA IRQ c0=0
DMA IRQ c1=2
DMA IRQ c2=0
DMA IRQ c3=0
SELECT busy=3029
SELECT w0=2995
SELECT w1=1620
SELECT w2=1670
BUSY TASK ewma=997
DMA IRQ c0=0
DMA IRQ c1=2
DMA IRQ c2=0
DMA IRQ c3=0
SELECT busy=3073
SELECT w0=3039
SELECT w1=1642
SELECT w2=1693
BUSY TASK ewma=997
DMA IRQ c0=0
DMA IRQ c1=2
DMA IRQ c2=0
DMA IRQ c3=0
SELECT busy=3107
SELECT w0=3073
SELECT w1=1660
SELECT w2=1710
BUSY TASK ewma=997
DMA IRQ c0=0
DMA IRQ c1=2
DMA IRQ c2=0
DMA IRQ c3=0
SELECT busy=3134
SELECT w0=3101
SELECT w1=1672
SELECT w2=1723
BUSY TASK ewma=997
DMA IRQ c0=0
DMA IRQ c1=2
DMA IRQ c2=0
DMA IRQ c3=0
SELECT busy=3164
SELECT w0=3131
SELECT w1=1689
SELECT w2=1746
BUSY TASK ewma=997
DMA IRQ c0=0
DMA IRQ c1=2
DMA IRQ c2=0
DMA IRQ c3=0
SELECT busy=3184
SELECT w0=3151
SELECT w1=1704
SELECT w2=1767
BUSY TASK ewma=997
DMA IRQ c0=0
DMA IRQ c1=2
DMA IRQ c2=0
DMA IRQ c3=0
SELECT busy=3213
SELECT w0=3179
SELECT w1=1718
SELECT w2=1779
BUSY TASK ewma=997
DMA IRQ c0=0
DMA IRQ c1=2
DMA IRQ c2=0
DMA IRQ c3=0
SELECT busy=3231
SELECT w0=3198
SELECT w1=1730
SELECT w2=1793
BUSY TASK ewma=997
DMA IRQ c0=0
DMA IRQ c1=2
DMA IRQ c2=0
DMA IRQ c3=0
SELECT busy=3249
SELECT w0=3215
SELECT w1=1742
SELECT w2=1805
BUSY TASK ewma=997
DMA IRQ c0=0
DMA IRQ c1=2
DMA IRQ c2=0
DMA IRQ c3=0
SELECT busy=3268
SELECT w0=3234
SELECT w1=1751
SELECT w2=1815
BUSY TASK ewma=997
DMA IRQ c0=0
DMA IRQ c1=2
DMA IRQ c2=0
DMA IRQ c3=0
SELECT busy=3302
SELECT w0=3268
SELECT w1=1766
SELECT w2=1829
BUSY TASK ewma=997
DMA IRQ c0=0
DMA IRQ c1=2
DMA IRQ c2=0
DMA IRQ c3=0
SELECT busy=3327
SELECT w0=3293
SELECT w1=1776
SELECT w2=1839
BUSY TASK ewma=997
DMA IRQ c0=0
DMA IRQ c1=2
DMA IRQ c2=0
DMA IRQ c3=0
SELECT busy=3353
SELECT w0=3319
SELECT w1=1788
SELECT w2=1850
BUSY TASK ewma=997
DMA IRQ c0=0
DMA IRQ c1=2
DMA IRQ c2=0
DMA IRQ c3=0
SELECT busy=3379
SELECT w0=3346
SELECT w1=1805
SELECT w2=1867
BUSY TASK ewma=997
DMA IRQ c0=0
DMA IRQ c1=2
DMA IRQ c2=0
DMA IRQ c3=0
SELECT busy=3408
SELECT w0=3374
SELECT w1=1820
SELECT w2=1879
BUSY TASK ewma=997
IRQ counts: cpu0=6811 cpu1=7361 cpu2=7412 cpu3=7378
SCHED secondaries: calls=22155 unexpected=0
SECTEST switches=22104 cpu1=69944270,69127919 cpu2=56247148,53169369 cpu3=78283602,76313566
PINGPONG rounds=1359 pongs=1360
DMA IRQ c0=0
DMA IRQ c1=2
DMA IRQ c2=0
DMA IRQ c3=0
SELECT busy=3431
SELECT w0=3397
SELECT w1=1830
SELECT w2=1887
BUSY TASK ewma=997
DMA IRQ c0=0
DMA IRQ c1=2
DMA IRQ c2=0
DMA IRQ c3=0
SELECT busy=3450
SELECT w0=3416
SELECT w1=1837
SELECT w2=1896
BUSY TASK ewma=997
DMA IRQ c0=0
DMA IRQ c1=2
DMA IRQ c2=0
DMA IRQ c3=0
SELECT busy=3474
SELECT w0=3440
SELECT w1=1847
SELECT w2=1906
BUSY TASK ewma=997
DMA IRQ c0=0
DMA IRQ c1=2
DMA IRQ c2=0
DMA IRQ c3=0
SELECT busy=3493
SELECT w0=3459
SELECT w1=1855
SELECT w2=1913
BUSY TASK ewma=997
DMA IRQ c0=0
DMA IRQ c1=2
DMA IRQ c2=0
DMA IRQ c3=0
SELECT busy=3511
SELECT w0=3477
SELECT w1=1863
SELECT w2=1920
BUSY TASK ewma=997
DMA IRQ c0=0
DMA IRQ c1=2
DMA IRQ c2=0
DMA IRQ c3=0
SELECT busy=3533
SELECT w0=3499
SELECT w1=1875
SELECT w2=1931
BUSY TASK ewma=997
DMA IRQ c0=0
DMA IRQ c1=2
DMA IRQ c2=0
DMA IRQ c3=0
SELECT busy=3549
SELECT w0=3515
SELECT w1=1884
SELECT w2=1941
BUSY TASK ewma=997
DMA IRQ c0=0
DMA IRQ c1=2
DMA IRQ c2=0
DMA IRQ c3=0
SELECT busy=3565
SELECT w0=3531
SELECT w1=1893
SELECT w2=1950
BUSY TASK ewma=997
DMA IRQ c0=0
DMA IRQ c1=2
DMA IRQ c2=0
DMA IRQ c3=0
SELECT busy=3579
SELECT w0=3546
SELECT w1=1903
SELECT w2=1959
BUSY TASK ewma=997
DMA IRQ c0=0
DMA IRQ c1=2
DMA IRQ c2=0
DMA IRQ c3=0
SELECT busy=3597
SELECT w0=3563
SELECT w1=1912
SELECT w2=1968
BUSY TASK ewma=997
DMA IRQ c0=0
DMA IRQ c1=2
DMA IRQ c2=0
DMA IRQ c3=0
SELECT busy=3622
SELECT w0=3588
SELECT w1=1926
SELECT w2=1981
BUSY TASK ewma=997
DMA IRQ c0=0
DMA IRQ c1=2
DMA IRQ c2=0
DMA IRQ c3=0
SELECT busy=3667
SELECT w0=3633
SELECT w1=1946
SELECT w2=2002
BUSY TASK ewma=997
DMA IRQ c0=0
DMA IRQ c1=2
DMA IRQ c2=0
DMA IRQ c3=0
SELECT busy=3708
SELECT w0=3675
SELECT w1=1965
SELECT w2=2019
BUSY TASK ewma=997
DMA IRQ c0=0
DMA IRQ c1=2
DMA IRQ c2=0
DMA IRQ c3=0
SELECT busy=3737
SELECT w0=3704
SELECT w1=1978
SELECT w2=2031
BUSY TASK ewma=997
DMA IRQ c0=0
DMA IRQ c1=2
DMA IRQ c2=0
DMA IRQ c3=0
SELECT busy=3774
SELECT w0=3741
SELECT w1=1999
SELECT w2=2051
BUSY TASK ewma=997
DMA IRQ c0=0
DMA IRQ c1=2
DMA IRQ c2=0
DMA IRQ c3=0
SELECT busy=3806
SELECT w0=3774
SELECT w1=2021
SELECT w2=2070
BUSY TASK ewma=997
DMA IRQ c0=0
DMA IRQ c1=2
DMA IRQ c2=0
DMA IRQ c3=0
SELECT busy=3837
SELECT w0=3803
SELECT w1=2036
SELECT w2=2082
BUSY TASK ewma=997
DMA IRQ c0=0
DMA IRQ c1=2
DMA IRQ c2=0
DMA IRQ c3=0
SELECT busy=3864
SELECT w0=3830
SELECT w1=2056
SELECT w2=2097
BUSY TASK ewma=997
DMA IRQ c0=0
DMA IRQ c1=2
DMA IRQ c2=0
DMA IRQ c3=0
SELECT busy=3895
SELECT w0=3861
SELECT w1=2072
SELECT w2=2113
BUSY TASK ewma=997
DMA IRQ c0=0
DMA IRQ c1=2
DMA IRQ c2=0
DMA IRQ c3=0
SELECT busy=3926
SELECT w0=3892
SELECT w1=2090
SELECT w2=2128
BUSY TASK ewma=997
DMA IRQ c0=0
DMA IRQ c1=2
DMA IRQ c2=0
DMA IRQ c3=0
SELECT busy=3977
SELECT w0=3945
SELECT w1=2117
SELECT w2=2155
BUSY TASK ewma=997
DMA IRQ c0=0
DMA IRQ c1=2
DMA IRQ c2=0
DMA IRQ c3=0
SELECT busy=4017
SELECT w0=3983
SELECT w1=2138
SELECT w2=2174
BUSY TASK ewma=997
DMA IRQ c0=0
DMA IRQ c1=2
DMA IRQ c2=0
DMA IRQ c3=0
SELECT busy=4044
SELECT w0=4010
SELECT w1=2153
SELECT w2=2188
BUSY TASK ewma=997
DMA IRQ c0=0
DMA IRQ c1=2
DMA IRQ c2=0
DMA IRQ c3=0
SELECT busy=4077
SELECT w0=4043
SELECT w1=2169
SELECT w2=2202
BUSY TASK ewma=997
DMA IRQ c0=0
DMA IRQ c1=2
DMA IRQ c2=0
DMA IRQ c3=0
SELECT busy=4108
SELECT w0=4074
SELECT w1=2183
SELECT w2=2219
BUSY TASK ewma=997
DMA IRQ c0=0
DMA IRQ c1=2
DMA IRQ c2=0
DMA IRQ c3=0
SELECT busy=4143
SELECT w0=4111
SELECT w1=2201
SELECT w2=2239
BUSY TASK ewma=997
DMA IRQ c0=0
DMA IRQ c1=2
DMA IRQ c2=0
DMA IRQ c3=0
SELECT busy=4187
SELECT w0=4153
SELECT w1=2221
SELECT w2=2259
BUSY TASK ewma=997
DMA IRQ c0=0
DMA IRQ c1=2
DMA IRQ c2=0
DMA IRQ c3=0
SELECT busy=4226
SELECT w0=4193
SELECT w1=2242
SELECT w2=2277
BUSY TASK ewma=997
DMA IRQ c0=0
DMA IRQ c1=2
DMA IRQ c2=0
DMA IRQ c3=0
SELECT busy=4276
SELECT w0=4243
SELECT w1=2268
SELECT w2=2301
BUSY TASK ewma=997
DMA IRQ c0=0
DMA IRQ c1=2
DMA IRQ c2=0
DMA IRQ c3=0
SELECT busy=4320
SELECT w0=4287
SELECT w1=2291
SELECT w2=2326
BUSY TASK ewma=997
DMA IRQ c0=0
DMA IRQ c1=2
DMA IRQ c2=0
DMA IRQ c3=0
SELECT busy=4351
SELECT w0=4317
SELECT w1=2309
SELECT w2=2344
BUSY TASK ewma=997
DMA IRQ c0=0
DMA IRQ c1=2
DMA IRQ c2=0
DMA IRQ c3=0
SELECT busy=4365
SELECT w0=4332
SELECT w1=2317
SELECT w2=2355
BUSY TASK ewma=997
DMA IRQ c0=0
DMA IRQ c1=2
DMA IRQ c2=0
DMA IRQ c3=0
SELECT busy=4388
SELECT w0=4354
SELECT w1=2331
SELECT w2=2369
BUSY TASK ewma=997
DMA IRQ c0=0
DMA IRQ c1=2
DMA IRQ c2=0
DMA IRQ c3=0
SELECT busy=4408
SELECT w0=4375
SELECT w1=2342
SELECT w2=2383
BUSY TASK ewma=997
DMA IRQ c0=0
DMA IRQ c1=2
DMA IRQ c2=0
DMA IRQ c3=0
SELECT busy=4430
SELECT w0=4396
SELECT w1=2351
SELECT w2=2395
BUSY TASK ewma=997
DMA IRQ c0=0
DMA IRQ c1=2
DMA IRQ c2=0
DMA IRQ c3=0
SELECT busy=4450
SELECT w0=4417
SELECT w1=2360
SELECT w2=2405
BUSY TASK ewma=997
DMA IRQ c0=0
DMA IRQ c1=2
DMA IRQ c2=0
DMA IRQ c3=0
SELECT busy=4469
SELECT w0=4436
SELECT w1=2371
SELECT w2=2418
BUSY TASK ewma=997
DMA IRQ c0=0
DMA IRQ c1=2
DMA IRQ c2=0
DMA IRQ c3=0
SELECT busy=4487
SELECT w0=4454
SELECT w1=2383
SELECT w2=2435
BUSY TASK ewma=997
DMA IRQ c0=0
DMA IRQ c1=2
DMA IRQ c2=0
DMA IRQ c3=0
SELECT busy=4506
SELECT w0=4472
SELECT w1=2394
SELECT w2=2446
BUSY TASK ewma=997
DMA IRQ c0=0
DMA IRQ c1=2
DMA IRQ c2=0
DMA IRQ c3=0
SELECT busy=4526
SELECT w0=4493
SELECT w1=2406
SELECT w2=2457
BUSY TASK ewma=997
DMA IRQ c0=0
DMA IRQ c1=2
DMA IRQ c2=0
DMA IRQ c3=0
SELECT busy=4547
SELECT w0=4514
SELECT w1=2418
SELECT w2=2470
BUSY TASK ewma=997
DMA IRQ c0=0
DMA IRQ c1=2
DMA IRQ c2=0
DMA IRQ c3=0
SELECT busy=4561
SELECT w0=4528
SELECT w1=2428
SELECT w2=2481
BUSY TASK ewma=997
DMA IRQ c0=0
DMA IRQ c1=2
DMA IRQ c2=0
DMA IRQ c3=0
SELECT busy=4573
SELECT w0=4539
SELECT w1=2434
SELECT w2=2489
BUSY TASK ewma=997
DMA IRQ c0=0
DMA IRQ c1=2
DMA IRQ c2=0
DMA IRQ c3=0
SELECT busy=4598
SELECT w0=4566
SELECT w1=2445
SELECT w2=2501
BUSY TASK ewma=997
DMA IRQ c0=0
DMA IRQ c1=2
DMA IRQ c2=0
DMA IRQ c3=0
SELECT busy=4632
SELECT w0=4598
SELECT w1=2461
SELECT w2=2519
BUSY TASK ewma=997
DMA IRQ c0=0
DMA IRQ c1=2
DMA IRQ c2=0
DMA IRQ c3=0
SELECT busy=4668
SELECT w0=4634
SELECT w1=2479
SELECT w2=2534
BUSY TASK ewma=997
DMA IRQ c0=0
DMA IRQ c1=2
DMA IRQ c2=0
DMA IRQ c3=0
SELECT busy=4708
SELECT w0=4674
SELECT w1=2503
SELECT w2=2554
BUSY TASK ewma=997
DMA IRQ c0=0
DMA IRQ c1=2
DMA IRQ c2=0
DMA IRQ c3=0
SELECT busy=4740
SELECT w0=4707
SELECT w1=2517
SELECT w2=2568
BUSY TASK ewma=997
DMA IRQ c0=0
DMA IRQ c1=2
DMA IRQ c2=0
DMA IRQ c3=0
SELECT busy=4775
SELECT w0=4742
SELECT w1=2536
SELECT w2=2585
BUSY TASK ewma=997
DMA IRQ c0=0
DMA IRQ c1=2
DMA IRQ c2=0
DMA IRQ c3=0
SELECT busy=4814
SELECT w0=4781
SELECT w1=2554
SELECT w2=2604
BUSY TASK ewma=997
DMA IRQ c0=0
DMA IRQ c1=2
DMA IRQ c2=0
DMA IRQ c3=0
SELECT busy=4845
SELECT w0=4812
SELECT w1=2569
SELECT w2=2622
BUSY TASK ewma=997
DMA IRQ c0=0
DMA IRQ c1=2
DMA IRQ c2=0
DMA IRQ c3=0
SELECT busy=4866
SELECT w0=4833
SELECT w1=2582
SELECT w2=2635
BUSY TASK ewma=997
DMA IRQ c0=0
DMA IRQ c1=2
DMA IRQ c2=0
DMA IRQ c3=0
SELECT busy=4886
SELECT w0=4858
SELECT w1=2602
SELECT w2=2650
BUSY TASK ewma=997
DMA IRQ c0=0
DMA IRQ c1=2
DMA IRQ c2=0
DMA IRQ c3=0
SELECT busy=4916
SELECT w0=4882
SELECT w1=2613
SELECT w2=2660
BUSY TASK ewma=997
DMA IRQ c0=0
DMA IRQ c1=2
DMA IRQ c2=0
DMA IRQ c3=0
SELECT busy=4937
SELECT w0=4904
SELECT w1=2625
SELECT w2=2673
BUSY TASK ewma=997
DMA IRQ c0=0
DMA IRQ c1=2
DMA IRQ c2=0
DMA IRQ c3=0
SELECT busy=4960
SELECT w0=4927
SELECT w1=2639
SELECT w2=2687
BUSY TASK ewma=997
DMA IRQ c0=0
DMA IRQ c1=2
DMA IRQ c2=0
DMA IRQ c3=0
SELECT busy=4985
SELECT w0=4952
SELECT w1=2657
SELECT w2=2701
BUSY TASK ewma=997
DMA IRQ c0=0
DMA IRQ c1=2
DMA IRQ c2=0
DMA IRQ c3=0
SELECT busy=5013
SELECT w0=4979
SELECT w1=2674
SELECT w2=2721
BUSY TASK ewma=997
DMA IRQ c0=0
DMA IRQ c1=2
DMA IRQ c2=0
DMA IRQ c3=0
SELECT busy=5033
SELECT w0=4999
SELECT w1=2683
SELECT w2=2730
BUSY TASK ewma=997
DMA IRQ c0=0
DMA IRQ c1=2
DMA IRQ c2=0
DMA IRQ c3=0
SELECT busy=5051
SELECT w0=5017
SELECT w1=2692
SELECT w2=2737
BUSY TASK ewma=997
DMA IRQ c0=0
DMA IRQ c1=2
DMA IRQ c2=0
DMA IRQ c3=0
SELECT busy=5065
SELECT w0=5031
SELECT w1=2702
SELECT w2=2745
BUSY TASK ewma=997
DMA IRQ c0=0
DMA IRQ c1=2
DMA IRQ c2=0
DMA IRQ c3=0
SELECT busy=5080
SELECT w0=5046
SELECT w1=2711
SELECT w2=2753
BUSY TASK ewma=997
DMA IRQ c0=0
DMA IRQ c1=2
DMA IRQ c2=0
DMA IRQ c3=0
SELECT busy=5099
SELECT w0=5066
SELECT w1=2723
SELECT w2=2763
BUSY TASK ewma=997
DMA IRQ c0=0
DMA IRQ c1=2
DMA IRQ c2=0
DMA IRQ c3=0
SELECT busy=5119
SELECT w0=5086
SELECT w1=2736
SELECT w2=2775
BUSY TASK ewma=997
IRQ counts: cpu0=10237 cpu1=11110 cpu2=11103 cpu3=11134
SCHED secondaries: calls=33347 unexpected=0
SECTEST switches=33302 cpu1=105590823,104047101 cpu2=84861511,81670778 cpu3=114537856,112228686
PINGPONG rounds=1978 pongs=1978
DMA IRQ c0=0
DMA IRQ c1=2
DMA IRQ c2=0
DMA IRQ c3=0
SELECT busy=5146
SELECT w0=5112
SELECT w1=2748
SELECT w2=2791
BUSY TASK ewma=997
DMA IRQ c0=0
DMA IRQ c1=2
DMA IRQ c2=0
DMA IRQ c3=0
SELECT busy=5187
SELECT w0=5153
SELECT w1=2769
SELECT w2=2813
BUSY TASK ewma=997
DMA IRQ c0=0
DMA IRQ c1=2
DMA IRQ c2=0
DMA IRQ c3=0
SELECT busy=5232
SELECT w0=5199
SELECT w1=2792
SELECT w2=2839
BUSY TASK ewma=997
DMA IRQ c0=0
DMA IRQ c1=2
DMA IRQ c2=0
DMA IRQ c3=0
SELECT busy=5257
SELECT w0=5223
SELECT w1=2802
SELECT w2=2850
BUSY TASK ewma=997
DMA IRQ c0=0
DMA IRQ c1=2
DMA IRQ c2=0
DMA IRQ c3=0
SELECT busy=5276
SELECT w0=5243
SELECT w1=2812
SELECT w2=2860
BUSY TASK ewma=997
DMA IRQ c0=0
DMA IRQ c1=2
DMA IRQ c2=0
DMA IRQ c3=0
SELECT busy=5301
SELECT w0=5267
SELECT w1=2823
SELECT w2=2872
BUSY TASK ewma=997
DMA IRQ c0=0
DMA IRQ c1=2
DMA IRQ c2=0
DMA IRQ c3=0
SELECT busy=5324
SELECT w0=5291
SELECT w1=2834
SELECT w2=2885
BUSY TASK ewma=997
DMA IRQ c0=0
DMA IRQ c1=2
DMA IRQ c2=0
DMA IRQ c3=0
SELECT busy=5340
SELECT w0=5306
SELECT w1=2841
SELECT w2=2894
BUSY TASK ewma=997
DMA IRQ c0=0
DMA IRQ c1=2
DMA IRQ c2=0
DMA IRQ c3=0
SELECT busy=5362
SELECT w0=5329
SELECT w1=2851
SELECT w2=2907
BUSY TASK ewma=997
DMA IRQ c0=0
DMA IRQ c1=2
DMA IRQ c2=0
DMA IRQ c3=0
SELECT busy=5379
SELECT w0=5345
SELECT w1=2861
SELECT w2=2916
BUSY TASK ewma=997
DMA IRQ c0=0
DMA IRQ c1=2
DMA IRQ c2=0
DMA IRQ c3=0
SELECT busy=5402
SELECT w0=5369
SELECT w1=2874
SELECT w2=2931
BUSY TASK ewma=997
DMA IRQ c0=0
DMA IRQ c1=2
DMA IRQ c2=0
DMA IRQ c3=0
SELECT busy=5428
SELECT w0=5395
SELECT w1=2884
SELECT w2=2945
BUSY TASK ewma=997
DMA IRQ c0=0
DMA IRQ c1=2
DMA IRQ c2=0
DMA IRQ c3=0
SELECT busy=5452
SELECT w0=5418
SELECT w1=2894
SELECT w2=2958
BUSY TASK ewma=997
DMA IRQ c0=0
DMA IRQ c1=2
DMA IRQ c2=0
DMA IRQ c3=0
SELECT busy=5472
SELECT w0=5438
SELECT w1=2903
SELECT w2=2967
BUSY TASK ewma=997
DMA IRQ c0=0
DMA IRQ c1=2
DMA IRQ c2=0
DMA IRQ c3=0
SELECT busy=5497
SELECT w0=5464
SELECT w1=2913
SELECT w2=2981
BUSY TASK ewma=997
DMA IRQ c0=0
DMA IRQ c1=2
DMA IRQ c2=0
DMA IRQ c3=0
SELECT busy=5514
SELECT w0=5480
SELECT w1=2921
SELECT w2=2990
BUSY TASK ewma=997
DMA IRQ c0=0
DMA IRQ c1=2
DMA IRQ c2=0
DMA IRQ c3=0
SELECT busy=5531
SELECT w0=5498
SELECT w1=2932
SELECT w2=3004
BUSY TASK ewma=997
DMA IRQ c0=0
DMA IRQ c1=2
DMA IRQ c2=0
DMA IRQ c3=0
SELECT busy=5568
SELECT w0=5535
SELECT w1=2946
SELECT w2=3019
BUSY TASK ewma=997
DMA IRQ c0=0
DMA IRQ c1=2
DMA IRQ c2=0
DMA IRQ c3=0
SELECT busy=5590
SELECT w0=5557
SELECT w1=2955
SELECT w2=3033
BUSY TASK ewma=997
DMA IRQ c0=0
DMA IRQ c1=2
DMA IRQ c2=0
DMA IRQ c3=0
SELECT busy=5610
SELECT w0=5577
SELECT w1=2967
SELECT w2=3046
BUSY TASK ewma=997
DMA IRQ c0=0
DMA IRQ c1=2
DMA IRQ c2=0
DMA IRQ c3=0
SELECT busy=5628
SELECT w0=5594
SELECT w1=2977
SELECT w2=3058
BUSY TASK ewma=997
DMA IRQ c0=0
DMA IRQ c1=2
DMA IRQ c2=0
DMA IRQ c3=0
SELECT busy=5648
SELECT w0=5617
SELECT w1=2988
SELECT w2=3075
BUSY TASK ewma=997
DMA IRQ c0=0
DMA IRQ c1=2
DMA IRQ c2=0
DMA IRQ c3=0
SELECT busy=5669
SELECT w0=5636
SELECT w1=3000
SELECT w2=3087
BUSY TASK ewma=997
DMA IRQ c0=0
DMA IRQ c1=2
DMA IRQ c2=0
DMA IRQ c3=0
SELECT busy=5689
SELECT w0=5656
SELECT w1=3013
SELECT w2=3100
BUSY TASK ewma=997
DMA IRQ c0=0
DMA IRQ c1=2
DMA IRQ c2=0
DMA IRQ c3=0
SELECT busy=5705
SELECT w0=5671
SELECT w1=3021
SELECT w2=3108
BUSY TASK ewma=997
DMA IRQ c0=0
DMA IRQ c1=2
DMA IRQ c2=0
DMA IRQ c3=0
SELECT busy=5728
SELECT w0=5695
SELECT w1=3032
SELECT w2=3127
BUSY TASK ewma=997
DMA IRQ c0=0
DMA IRQ c1=2
DMA IRQ c2=0
DMA IRQ c3=0
SELECT busy=5746
SELECT w0=5714
SELECT w1=3038
SELECT w2=3137
BUSY TASK ewma=997
DMA IRQ c0=0
DMA IRQ c1=2
DMA IRQ c2=0
DMA IRQ c3=0
SELECT busy=5763
SELECT w0=5729
SELECT w1=3047
SELECT w2=3147
BUSY TASK ewma=997
DMA IRQ c0=0
DMA IRQ c1=2
DMA IRQ c2=0
DMA IRQ c3=0
SELECT busy=5789
SELECT w0=5756
SELECT w1=3061
SELECT w2=3160
BUSY TASK ewma=997
DMA IRQ c0=0
DMA IRQ c1=2
DMA IRQ c2=0
DMA IRQ c3=0
SELECT busy=5808
SELECT w0=5774
SELECT w1=3068
SELECT w2=3167
BUSY TASK ewma=997
DMA IRQ c0=0
DMA IRQ c1=2
DMA IRQ c2=0
DMA IRQ c3=0
SELECT busy=5827
SELECT w0=5793
SELECT w1=3078
SELECT w2=3179
BUSY TASK ewma=997
DMA IRQ c0=0
DMA IRQ c1=2
DMA IRQ c2=0
DMA IRQ c3=0
SELECT busy=5846
SELECT w0=5813
SELECT w1=3089
SELECT w2=3191
BUSY TASK ewma=997
DMA IRQ c0=0
DMA IRQ c1=2
DMA IRQ c2=0
DMA IRQ c3=0
SELECT busy=5861
SELECT w0=5828
SELECT w1=3096
SELECT w2=3199
BUSY TASK ewma=997
DMA IRQ c0=0
DMA IRQ c1=2
DMA IRQ c2=0
DMA IRQ c3=0
SELECT busy=5882
SELECT w0=5850
SELECT w1=3107
SELECT w2=3214
BUSY TASK ewma=997
DMA IRQ c0=0
DMA IRQ c1=2
DMA IRQ c2=0
DMA IRQ c3=0
SELECT busy=5906
SELECT w0=5872
SELECT w1=3117
SELECT w2=3225
BUSY TASK ewma=997
DMA IRQ c0=0
DMA IRQ c1=2
DMA IRQ c2=0
DMA IRQ c3=0
SELECT busy=5920
SELECT w0=5886
SELECT w1=3124
SELECT w2=3233
BUSY TASK ewma=997
DMA IRQ c0=0
DMA IRQ c1=2
DMA IRQ c2=0
DMA IRQ c3=0
SELECT busy=5950
SELECT w0=5917
SELECT w1=3137
SELECT w2=3247
BUSY TASK ewma=997
DMA IRQ c0=0
DMA IRQ c1=2
DMA IRQ c2=0
DMA IRQ c3=0
SELECT busy=5977
SELECT w0=5944
SELECT w1=3150
SELECT w2=3264
BUSY TASK ewma=997
DMA IRQ c0=0
DMA IRQ c1=2
DMA IRQ c2=0
DMA IRQ c3=0
SELECT busy=6013
SELECT w0=5981
SELECT w1=3164
SELECT w2=3282
BUSY TASK ewma=997
DMA IRQ c0=0
DMA IRQ c1=2
DMA IRQ c2=0
DMA IRQ c3=0
SELECT busy=6043
SELECT w0=6010
SELECT w1=3176
SELECT w2=3295
BUSY TASK ewma=997
DMA IRQ c0=0
DMA IRQ c1=2
DMA IRQ c2=0
DMA IRQ c3=0
SELECT busy=6067
SELECT w0=6034
SELECT w1=3188
SELECT w2=3311
BUSY TASK ewma=997
DMA IRQ c0=0
DMA IRQ c1=2
DMA IRQ c2=0
DMA IRQ c3=0
SELECT busy=6085
SELECT w0=6051
SELECT w1=3197
SELECT w2=3323
BUSY TASK ewma=997
DMA IRQ c0=0
DMA IRQ c1=2
DMA IRQ c2=0
DMA IRQ c3=0
SELECT busy=6103
SELECT w0=6070
SELECT w1=3204
SELECT w2=3334
BUSY TASK ewma=997
DMA IRQ c0=0
DMA IRQ c1=2
DMA IRQ c2=0
DMA IRQ c3=0
SELECT busy=6121
SELECT w0=6088
SELECT w1=3213
SELECT w2=3346
BUSY TASK ewma=997
DMA IRQ c0=0
DMA IRQ c1=2
DMA IRQ c2=0
DMA IRQ c3=0
SELECT busy=6165
SELECT w0=6132
SELECT w1=3232
SELECT w2=3369
BUSY TASK ewma=997
DMA IRQ c0=0
DMA IRQ c1=2
DMA IRQ c2=0
DMA IRQ c3=0
SELECT busy=6186
SELECT w0=6152
SELECT w1=3243
SELECT w2=3382
BUSY TASK ewma=997
DMA IRQ c0=0
DMA IRQ c1=2
DMA IRQ c2=0
DMA IRQ c3=0
SELECT busy=6205
SELECT w0=6171
SELECT w1=3247
SELECT w2=3388
BUSY TASK ewma=997
DMA IRQ c0=0
DMA IRQ c1=2
DMA IRQ c2=0
DMA IRQ c3=0
SELECT busy=6225
SELECT w0=6191
SELECT w1=3255
SELECT w2=3401
BUSY TASK ewma=997
DMA IRQ c0=0
DMA IRQ c1=2
DMA IRQ c2=0
DMA IRQ c3=0
SELECT busy=6256
SELECT w0=6223
SELECT w1=3268
SELECT w2=3417
BUSY TASK ewma=997
DMA IRQ c0=0
DMA IRQ c1=2
DMA IRQ c2=0
DMA IRQ c3=0
SELECT busy=6289
SELECT w0=6255
SELECT w1=3282
SELECT w2=3434
BUSY TASK ewma=997
DMA IRQ c0=0
DMA IRQ c1=2
DMA IRQ c2=0
DMA IRQ c3=0
SELECT busy=6309
SELECT w0=6276
SELECT w1=3290
SELECT w2=3446
BUSY TASK ewma=997
DMA IRQ c0=0
DMA IRQ c1=2
DMA IRQ c2=0
DMA IRQ c3=0
SELECT busy=6331
SELECT w0=6297
SELECT w1=3298
SELECT w2=3456
BUSY TASK ewma=997
DMA IRQ c0=0
DMA IRQ c1=2
DMA IRQ c2=0
DMA IRQ c3=0
SELECT busy=6349
SELECT w0=6316
SELECT w1=3306
SELECT w2=3468
BUSY TASK ewma=997
DMA IRQ c0=0
DMA IRQ c1=2
DMA IRQ c2=0
DMA IRQ c3=0
SELECT busy=6366
SELECT w0=6332
SELECT w1=3314
SELECT w2=3477
BUSY TASK ewma=997
DMA IRQ c0=0
DMA IRQ c1=2
DMA IRQ c2=0
DMA IRQ c3=0
SELECT busy=6383
SELECT w0=6350
SELECT w1=3322
SELECT w2=3488
BUSY TASK ewma=997
DMA IRQ c0=0
DMA IRQ c1=2
DMA IRQ c2=0
DMA IRQ c3=0
SELECT busy=6400
SELECT w0=6366
SELECT w1=3328
SELECT w2=3495
BUSY TASK ewma=997
DMA IRQ c0=0
DMA IRQ c1=2
DMA IRQ c2=0
DMA IRQ c3=0
SELECT busy=6418
SELECT w0=6384
SELECT w1=3334
SELECT w2=3503
BUSY TASK ewma=997
DMA IRQ c0=0
DMA IRQ c1=2
DMA IRQ c2=0
DMA IRQ c3=0
SELECT busy=6436
SELECT w0=6402
SELECT w1=3343
SELECT w2=3514
BUSY TASK ewma=997
DMA IRQ c0=0
DMA IRQ c1=2
DMA IRQ c2=0
DMA IRQ c3=0
SELECT busy=6458
SELECT w0=6424
SELECT w1=3353
SELECT w2=3525
BUSY TASK ewma=997
DMA IRQ c0=0
DMA IRQ c1=2
DMA IRQ c2=0
DMA IRQ c3=0
SELECT busy=6472
SELECT w0=6438
SELECT w1=3359
SELECT w2=3534
BUSY TASK ewma=997
DMA IRQ c0=0
DMA IRQ c1=2
DMA IRQ c2=0
DMA IRQ c3=0
SELECT busy=6492
SELECT w0=6459
SELECT w1=3368
SELECT w2=3545
BUSY TASK ewma=997
DMA IRQ c0=0
DMA IRQ c1=2
DMA IRQ c2=0
DMA IRQ c3=0
SELECT busy=6509
SELECT w0=6475
SELECT w1=3375
SELECT w2=3556
BUSY TASK ewma=997
DMA IRQ c0=0
DMA IRQ c1=2
DMA IRQ c2=0
DMA IRQ c3=0
SELECT busy=6543
SELECT w0=6509
SELECT w1=3389
SELECT w2=3575
BUSY TASK ewma=997
DMA IRQ c0=0
DMA IRQ c1=2
DMA IRQ c2=0
DMA IRQ c3=0
SELECT busy=6572
SELECT w0=6538
SELECT w1=3403
SELECT w2=3594
BUSY TASK ewma=997
IRQ counts: cpu0=13149 cpu1=14415 cpu2=14377 cpu3=14272
SCHED secondaries: calls=43071 unexpected=0
SECTEST switches=43030 cpu1=135554674,133942203 cpu2=113906739,109566210 cpu3=154236621,155080467
PINGPONG rounds=2000 pongs=2000
DMA IRQ c0=0
DMA IRQ c1=2
DMA IRQ c2=0
DMA IRQ c3=0
SELECT busy=6599
SELECT w0=6566
SELECT w1=3414
SELECT w2=3608
BUSY TASK ewma=997
DMA IRQ c0=0
DMA IRQ c1=2
DMA IRQ c2=0
DMA IRQ c3=0
SELECT busy=6614
SELECT w0=6581
SELECT w1=3420
SELECT w2=3617
BUSY TASK ewma=997
DMA IRQ c0=0
DMA IRQ c1=2
DMA IRQ c2=0
DMA IRQ c3=0
SELECT busy=6633
SELECT w0=6600
SELECT w1=3429
SELECT w2=3631
BUSY TASK ewma=997
DMA IRQ c0=0
DMA IRQ c1=2
DMA IRQ c2=0
DMA IRQ c3=0
SELECT busy=6654
SELECT w0=6620
SELECT w1=3435
SELECT w2=3638
BUSY TASK ewma=997
DMA IRQ c0=0
DMA IRQ c1=2
DMA IRQ c2=0
DMA IRQ c3=0
SELECT busy=6671
SELECT w0=6638
SELECT w1=3439
SELECT w2=3644
BUSY TASK ewma=997
DMA IRQ c0=0
DMA IRQ c1=2
DMA IRQ c2=0
DMA IRQ c3=0
SELECT busy=6686
SELECT w0=6652
SELECT w1=3447
SELECT w2=3652
BUSY TASK ewma=997
DMA IRQ c0=0
DMA IRQ c1=2
DMA IRQ c2=0
DMA IRQ c3=0
SELECT busy=6702
SELECT w0=6668
SELECT w1=3454
SELECT w2=3662
BUSY TASK ewma=997
DMA IRQ c0=0
DMA IRQ c1=2
DMA IRQ c2=0
DMA IRQ c3=0
SELECT busy=6714
SELECT w0=6680
SELECT w1=3459
SELECT w2=3667
BUSY TASK ewma=997
DMA IRQ c0=0
DMA IRQ c1=2
DMA IRQ c2=0
DMA IRQ c3=0
SELECT busy=6731
SELECT w0=6698
SELECT w1=3465
SELECT w2=3675
BUSY TASK ewma=997
DMA IRQ c0=0
DMA IRQ c1=2
DMA IRQ c2=0
DMA IRQ c3=0
SELECT busy=6745
SELECT w0=6711
SELECT w1=3470
SELECT w2=3682
BUSY TASK ewma=997
DMA IRQ c0=0
DMA IRQ c1=2
DMA IRQ c2=0
DMA IRQ c3=0
SELECT busy=6767
SELECT w0=6734
SELECT w1=3479
SELECT w2=3695
BUSY TASK ewma=997
DMA IRQ c0=0
DMA IRQ c1=2
DMA IRQ c2=0
DMA IRQ c3=0
SELECT busy=6785
SELECT w0=6753
SELECT w1=3488
SELECT w2=3706
BUSY TASK ewma=997
DMA IRQ c0=0
DMA IRQ c1=2
DMA IRQ c2=0
DMA IRQ c3=0
SELECT busy=6835
SELECT w0=6802
SELECT w1=3507
SELECT w2=3733
BUSY TASK ewma=997
DMA IRQ c0=0
DMA IRQ c1=2
DMA IRQ c2=0
DMA IRQ c3=0
SELECT busy=6855
SELECT w0=6822
SELECT w1=3517
SELECT w2=3745
BUSY TASK ewma=997
DMA IRQ c0=0
DMA IRQ c1=2
DMA IRQ c2=0
DMA IRQ c3=0
SELECT busy=6871
SELECT w0=6837
SELECT w1=3524
SELECT w2=3753
BUSY TASK ewma=997
DMA IRQ c0=0
DMA IRQ c1=2
DMA IRQ c2=0
DMA IRQ c3=0
SELECT busy=6885
SELECT w0=6852
SELECT w1=3531
SELECT w2=3764
BUSY TASK ewma=997
DMA IRQ c0=0
DMA IRQ c1=2
DMA IRQ c2=0
DMA IRQ c3=0
SELECT busy=6905
SELECT w0=6872
SELECT w1=3541
SELECT w2=3778
BUSY TASK ewma=997
DMA IRQ c0=0
DMA IRQ c1=2
DMA IRQ c2=0
DMA IRQ c3=0
SELECT busy=6928
SELECT w0=6896
SELECT w1=3550
SELECT w2=3791
BUSY TASK ewma=997
DMA IRQ c0=0
DMA IRQ c1=2
DMA IRQ c2=0
DMA IRQ c3=0
SELECT busy=6950
SELECT w0=6916
SELECT w1=3558
SELECT w2=3800
BUSY TASK ewma=997
DMA IRQ c0=0
DMA IRQ c1=2
DMA IRQ c2=0
DMA IRQ c3=0
SELECT busy=6969
SELECT w0=6936
SELECT w1=3565
SELECT w2=3807
BUSY TASK ewma=997
DMA IRQ c0=0
DMA IRQ c1=2
DMA IRQ c2=0
DMA IRQ c3=0
SELECT busy=6988
SELECT w0=6954
SELECT w1=3572
SELECT w2=3816
BUSY TASK ewma=997
DMA IRQ c0=0
DMA IRQ c1=2
DMA IRQ c2=0
DMA IRQ c3=0
SELECT busy=7007
SELECT w0=6973
SELECT w1=3578
SELECT w2=3824
BUSY TASK ewma=997
DMA IRQ c0=0
DMA IRQ c1=2
DMA IRQ c2=0
DMA IRQ c3=0
SELECT busy=7021
SELECT w0=6987
SELECT w1=3583
SELECT w2=3831
BUSY TASK ewma=997
DMA IRQ c0=0
DMA IRQ c1=2
DMA IRQ c2=0
DMA IRQ c3=0
SELECT busy=7040
SELECT w0=7006
SELECT w1=3592
SELECT w2=3841
BUSY TASK ewma=997
DMA IRQ c0=0
DMA IRQ c1=2
DMA IRQ c2=0
DMA IRQ c3=0
SELECT busy=7060
SELECT w0=7027
SELECT w1=3600
SELECT w2=3853
BUSY TASK ewma=997
DMA IRQ c0=0
DMA IRQ c1=2
DMA IRQ c2=0
DMA IRQ c3=0
SELECT busy=7075
SELECT w0=7042
SELECT w1=3607
SELECT w2=3863
BUSY TASK ewma=997
DMA IRQ c0=0
DMA IRQ c1=2
DMA IRQ c2=0
DMA IRQ c3=0
SELECT busy=7088
SELECT w0=7054
SELECT w1=3612
SELECT w2=3870
BUSY TASK ewma=997
DMA IRQ c0=0
DMA IRQ c1=2
DMA IRQ c2=0
DMA IRQ c3=0
SELECT busy=7108
SELECT w0=7074
SELECT w1=3620
SELECT w2=3878
BUSY TASK ewma=997
DMA IRQ c0=0
DMA IRQ c1=2
DMA IRQ c2=0
DMA IRQ c3=0
SELECT busy=7127
SELECT w0=7093
SELECT w1=3628
SELECT w2=3887
BUSY TASK ewma=997
DMA IRQ c0=0
DMA IRQ c1=2
DMA IRQ c2=0
DMA IRQ c3=0
SELECT busy=7145
SELECT w0=7111
SELECT w1=3635
SELECT w2=3896
BUSY TASK ewma=997
DMA IRQ c0=0
DMA IRQ c1=2
DMA IRQ c2=0
DMA IRQ c3=0
SELECT busy=7164
SELECT w0=7130
SELECT w1=3642
SELECT w2=3905
BUSY TASK ewma=997
DMA IRQ c0=0
DMA IRQ c1=2
DMA IRQ c2=0
DMA IRQ c3=0
SELECT busy=7184
SELECT w0=7150
SELECT w1=3650
SELECT w2=3914
BUSY TASK ewma=997
DMA IRQ c0=0
DMA IRQ c1=2
DMA IRQ c2=0
DMA IRQ c3=0
SELECT busy=7203
SELECT w0=7169
SELECT w1=3657
SELECT w2=3923
BUSY TASK ewma=997
DMA IRQ c0=0
DMA IRQ c1=2
DMA IRQ c2=0
DMA IRQ c3=0
SELECT busy=7220
SELECT w0=7186
SELECT w1=3664
SELECT w2=3933
BUSY TASK ewma=997
DMA IRQ c0=0
DMA IRQ c1=2
DMA IRQ c2=0
DMA IRQ c3=0
SELECT busy=7253
SELECT w0=7223
SELECT w1=3680
SELECT w2=3956
BUSY TASK ewma=997
DMA IRQ c0=0
DMA IRQ c1=2
DMA IRQ c2=0
DMA IRQ c3=0
SELECT busy=7281
SELECT w0=7248
SELECT w1=3689
SELECT w2=3968
BUSY TASK ewma=997
DMA IRQ c0=0
DMA IRQ c1=2
DMA IRQ c2=0
DMA IRQ c3=0
SELECT busy=7301
SELECT w0=7268
SELECT w1=3698
SELECT w2=3979
BUSY TASK ewma=997
DMA IRQ c0=0
DMA IRQ c1=2
DMA IRQ c2=0
DMA IRQ c3=0
SELECT busy=7316
SELECT w0=7282
SELECT w1=3703
SELECT w2=3989
BUSY TASK ewma=997
DMA IRQ c0=0
DMA IRQ c1=2
DMA IRQ c2=0
DMA IRQ c3=0
SELECT busy=7333
SELECT w0=7300
SELECT w1=3714
SELECT w2=4004
BUSY TASK ewma=997
DMA IRQ c0=0
DMA IRQ c1=2
DMA IRQ c2=0
DMA IRQ c3=0
SELECT busy=7354
SELECT w0=7321
SELECT w1=3727
SELECT w2=4018
BUSY TASK ewma=997
DMA IRQ c0=0
DMA IRQ c1=2
DMA IRQ c2=0
DMA IRQ c3=0
SELECT busy=7370
SELECT w0=7336
SELECT w1=3735
SELECT w2=4027
BUSY TASK ewma=997
DMA IRQ c0=0
DMA IRQ c1=2
DMA IRQ c2=0
DMA IRQ c3=0
SELECT busy=7389
SELECT w0=7356
SELECT w1=3743
SELECT w2=4038
BUSY TASK ewma=997
DMA IRQ c0=0
DMA IRQ c1=2
DMA IRQ c2=0
DMA IRQ c3=0
SELECT busy=7406
SELECT w0=7373
SELECT w1=3752
SELECT w2=4050
BUSY TASK ewma=997
DMA IRQ c0=0
DMA IRQ c1=2
DMA IRQ c2=0
DMA IRQ c3=0
SELECT busy=7446
SELECT w0=7412
SELECT w1=3770
SELECT w2=4074
BUSY TASK ewma=997
DMA IRQ c0=0
DMA IRQ c1=2
DMA IRQ c2=0
DMA IRQ c3=0
SELECT busy=7480
SELECT w0=7446
SELECT w1=3784
SELECT w2=4092
BUSY TASK ewma=997
DMA IRQ c0=0
DMA IRQ c1=2
DMA IRQ c2=0
DMA IRQ c3=0
SELECT busy=7502
SELECT w0=7468
SELECT w1=3792
SELECT w2=4103
BUSY TASK ewma=997
DMA IRQ c0=0
DMA IRQ c1=2
DMA IRQ c2=0
DMA IRQ c3=0
SELECT busy=7521
SELECT w0=7488
SELECT w1=3804
SELECT w2=4116
BUSY TASK ewma=997
DMA IRQ c0=0
DMA IRQ c1=2
DMA IRQ c2=0
DMA IRQ c3=0
SELECT busy=7539
SELECT w0=7505
SELECT w1=3814
SELECT w2=4126
BUSY TASK ewma=997
DMA IRQ c0=0
DMA IRQ c1=2
DMA IRQ c2=0
DMA IRQ c3=0
SELECT busy=7555
SELECT w0=7521
SELECT w1=3821
SELECT w2=4133
BUSY TASK ewma=997
DMA IRQ c0=0
DMA IRQ c1=2
DMA IRQ c2=0
DMA IRQ c3=0
SELECT busy=7573
SELECT w0=7539
SELECT w1=3829
SELECT w2=4143
BUSY TASK ewma=997
DMA IRQ c0=0
DMA IRQ c1=2
DMA IRQ c2=0
DMA IRQ c3=0
SELECT busy=7597
SELECT w0=7565
SELECT w1=3842
SELECT w2=4161
BUSY TASK ewma=997
DMA IRQ c0=0
DMA IRQ c1=2
DMA IRQ c2=0
DMA IRQ c3=0
SELECT busy=7623
SELECT w0=7590
SELECT w1=3854
SELECT w2=4176
BUSY TASK ewma=997
DMA IRQ c0=0
DMA IRQ c1=2
DMA IRQ c2=0
DMA IRQ c3=0
SELECT busy=7642
SELECT w0=7609
SELECT w1=3863
SELECT w2=4191
BUSY TASK ewma=997
DMA IRQ c0=0
DMA IRQ c1=2
DMA IRQ c2=0
DMA IRQ c3=0
SELECT busy=7667
SELECT w0=7634
SELECT w1=3874
SELECT w2=4207
BUSY TASK ewma=997
DMA IRQ c0=0
DMA IRQ c1=2
DMA IRQ c2=0
DMA IRQ c3=0
SELECT busy=7685
SELECT w0=7652
SELECT w1=3883
SELECT w2=4218
BUSY TASK ewma=997
DMA IRQ c0=0
DMA IRQ c1=2
DMA IRQ c2=0
DMA IRQ c3=0
SELECT busy=7708
SELECT w0=7674
SELECT w1=3891
SELECT w2=4228
BUSY TASK ewma=997
DMA IRQ c0=0
DMA IRQ c1=2
DMA IRQ c2=0
DMA IRQ c3=0
SELECT busy=7743
SELECT w0=7709
SELECT w1=3908
SELECT w2=4249
BUSY TASK ewma=997
DMA IRQ c0=0
DMA IRQ c1=2
DMA IRQ c2=0
DMA IRQ c3=0
SELECT busy=7774
SELECT w0=7740
SELECT w1=3919
SELECT w2=4265
BUSY TASK ewma=997
DMA IRQ c0=0
DMA IRQ c1=2
DMA IRQ c2=0
DMA IRQ c3=0
SELECT busy=7808
SELECT w0=7775
SELECT w1=3934
SELECT w2=4282
BUSY TASK ewma=997
DMA IRQ c0=0
DMA IRQ c1=2
DMA IRQ c2=0
DMA IRQ c3=0
SELECT busy=7838
SELECT w0=7805
SELECT w1=3945
SELECT w2=4295
BUSY TASK ewma=997
DMA IRQ c0=0
DMA IRQ c1=2
DMA IRQ c2=0
DMA IRQ c3=0
SELECT busy=7871
SELECT w0=7838
SELECT w1=3959
SELECT w2=4311
BUSY TASK ewma=997
DMA IRQ c0=0
DMA IRQ c1=2
DMA IRQ c2=0
DMA IRQ c3=0
SELECT busy=7905
SELECT w0=7873
SELECT w1=3974
SELECT w2=4334
BUSY TASK ewma=997
DMA IRQ c0=0
DMA IRQ c1=2
DMA IRQ c2=0
DMA IRQ c3=0
SELECT busy=7950
SELECT w0=7917
SELECT w1=3991
SELECT w2=4354
BUSY TASK ewma=997
DMA IRQ c0=0
DMA IRQ c1=2
DMA IRQ c2=0
DMA IRQ c3=0
SELECT busy=7985
SELECT w0=7952
SELECT w1=4008
SELECT w2=4373
BUSY TASK ewma=997
IRQ counts: cpu0=16013 cpu1=17463 cpu2=17515 cpu3=17437
SCHED secondaries: calls=52454 unexpected=0
SECTEST switches=52417 cpu1=163749856,162094369 cpu2=138653399,136405201 cpu3=191885360,192419914
PINGPONG rounds=2000 pongs=2000
DMA IRQ c0=0
DMA IRQ c1=2
DMA IRQ c2=0
DMA IRQ c3=0
SELECT busy=8036
SELECT w0=8002
SELECT w1=4030
SELECT w2=4397
BUSY TASK ewma=997
DMA IRQ c0=0
DMA IRQ c1=2
DMA IRQ c2=0
DMA IRQ c3=0
SELECT busy=8075
SELECT w0=8041
SELECT w1=4045
SELECT w2=4415
BUSY TASK ewma=997
DMA IRQ c0=0
DMA IRQ c1=2
DMA IRQ c2=0
DMA IRQ c3=0
SELECT busy=8106
SELECT w0=8072
SELECT w1=4059
SELECT w2=4431
BUSY TASK ewma=997
DMA IRQ c0=0
DMA IRQ c1=2
DMA IRQ c2=0
DMA IRQ c3=0
SELECT busy=8128
SELECT w0=8094
SELECT w1=4068
SELECT w2=4442
BUSY TASK ewma=997
DMA IRQ c0=0
DMA IRQ c1=2
DMA IRQ c2=0
DMA IRQ c3=0
SELECT busy=8146
SELECT w0=8113
SELECT w1=4077
SELECT w2=4458
BUSY TASK ewma=997
DMA IRQ c0=0
DMA IRQ c1=2
DMA IRQ c2=0
DMA IRQ c3=0
SELECT busy=8170
SELECT w0=8136
SELECT w1=4087
SELECT w2=4470
BUSY TASK ewma=997
DMA IRQ c0=0
DMA IRQ c1=2
DMA IRQ c2=0
DMA IRQ c3=0
SELECT busy=8195
SELECT w0=8161
SELECT w1=4096
SELECT w2=4482
BUSY TASK ewma=997
DMA IRQ c0=0
DMA IRQ c1=2
DMA IRQ c2=0
DMA IRQ c3=0
SELECT busy=8223
SELECT w0=8190
SELECT w1=4108
SELECT w2=4498
BUSY TASK ewma=997
DMA IRQ c0=0
DMA IRQ c1=2
DMA IRQ c2=0
DMA IRQ c3=0
SELECT busy=8241
SELECT w0=8208
SELECT w1=4115
SELECT w2=4508
BUSY TASK ewma=997
DMA IRQ c0=0
DMA IRQ c1=2
DMA IRQ c2=0
DMA IRQ c3=0
SELECT busy=8259
SELECT w0=8226
SELECT w1=4122
SELECT w2=4519
BUSY TASK ewma=997
DMA IRQ c0=0
DMA IRQ c1=2
DMA IRQ c2=0
DMA IRQ c3=0
SELECT busy=8275
SELECT w0=8241
SELECT w1=4129
SELECT w2=4528
BUSY TASK ewma=997
DMA IRQ c0=0
DMA IRQ c1=2
DMA IRQ c2=0
DMA IRQ c3=0
SELECT busy=8293
SELECT w0=8259
SELECT w1=4136
SELECT w2=4538
BUSY TASK ewma=997
DMA IRQ c0=0
DMA IRQ c1=2
DMA IRQ c2=0
DMA IRQ c3=0
SELECT busy=8310
SELECT w0=8277
SELECT w1=4143
SELECT w2=4549
BUSY TASK ewma=997
DMA IRQ c0=0
DMA IRQ c1=2
DMA IRQ c2=0
DMA IRQ c3=0
SELECT busy=8328
SELECT w0=8295
SELECT w1=4152
SELECT w2=4560
BUSY TASK ewma=997
DMA IRQ c0=0
DMA IRQ c1=2
DMA IRQ c2=0
DMA IRQ c3=0
SELECT busy=8344
SELECT w0=8310
SELECT w1=4160
SELECT w2=4570
BUSY TASK ewma=997
DMA IRQ c0=0
DMA IRQ c1=2
DMA IRQ c2=0
DMA IRQ c3=0
SELECT busy=8361
SELECT w0=8328
SELECT w1=4169
SELECT w2=4583
BUSY TASK ewma=997
DMA IRQ c0=0
DMA IRQ c1=2
DMA IRQ c2=0
DMA IRQ c3=0
SELECT busy=8387
SELECT w0=8354
SELECT w1=4179
SELECT w2=4597
BUSY TASK ewma=997
DMA IRQ c0=0
DMA IRQ c1=2
DMA IRQ c2=0
DMA IRQ c3=0
SELECT busy=8412
SELECT w0=8379
SELECT w1=4191
SELECT w2=4612
BUSY TASK ewma=997
DMA IRQ c0=0
DMA IRQ c1=2
DMA IRQ c2=0
DMA IRQ c3=0
SELECT busy=8429
SELECT w0=8395
SELECT w1=4199
SELECT w2=4624
BUSY TASK ewma=997
DMA IRQ c0=0
DMA IRQ c1=2
DMA IRQ c2=0
DMA IRQ c3=0
SELECT busy=8450
SELECT w0=8417
SELECT w1=4210
SELECT w2=4639
BUSY TASK ewma=997
DMA IRQ c0=0
DMA IRQ c1=2
DMA IRQ c2=0
DMA IRQ c3=0
SELECT busy=8469
SELECT w0=8435
SELECT w1=4221
SELECT w2=4649
BUSY TASK ewma=997
DMA IRQ c0=0
DMA IRQ c1=2
DMA IRQ c2=0
DMA IRQ c3=0
SELECT busy=8488
SELECT w0=8454
SELECT w1=4230
SELECT w2=4661
BUSY TASK ewma=997
DMA IRQ c0=0
DMA IRQ c1=2
DMA IRQ c2=0
DMA IRQ c3=0
SELECT busy=8511
SELECT w0=8478
SELECT w1=4240
SELECT w2=4676
BUSY TASK ewma=997
DMA IRQ c0=0
DMA IRQ c1=2
DMA IRQ c2=0
DMA IRQ c3=0
SELECT busy=8527
SELECT w0=8493
SELECT w1=4246
SELECT w2=4685
BUSY TASK ewma=997
DMA IRQ c0=0
DMA IRQ c1=2
DMA IRQ c2=0
DMA IRQ c3=0
SELECT busy=8542
SELECT w0=8508
SELECT w1=4254
SELECT w2=4693
BUSY TASK ewma=997
DMA IRQ c0=0
DMA IRQ c1=2
DMA IRQ c2=0
DMA IRQ c3=0
SELECT busy=8559
SELECT w0=8525
SELECT w1=4263
SELECT w2=4701
BUSY TASK ewma=997
DMA IRQ c0=0
DMA IRQ c1=2
DMA IRQ c2=0
DMA IRQ c3=0
SELECT busy=8569
SELECT w0=8536
SELECT w1=4267
SELECT w2=4709
BUSY TASK ewma=997
DMA IRQ c0=0
DMA IRQ c1=2
DMA IRQ c2=0
DMA IRQ c3=0
SELECT busy=8586
SELECT w0=8553
SELECT w1=4275
SELECT w2=4719
BUSY TASK ewma=997
DMA IRQ c0=0
DMA IRQ c1=2
DMA IRQ c2=0
DMA IRQ c3=0
SELECT busy=8602
SELECT w0=8569
SELECT w1=4282
SELECT w2=4729
BUSY TASK ewma=997
DMA IRQ c0=0
DMA IRQ c1=2
DMA IRQ c2=0
DMA IRQ c3=0
SELECT busy=8616
SELECT w0=8582
SELECT w1=4288
SELECT w2=4737
BUSY TASK ewma=997
DMA IRQ c0=0
DMA IRQ c1=2
DMA IRQ c2=0
DMA IRQ c3=0
SELECT busy=8636
SELECT w0=8602
SELECT w1=4295
SELECT w2=4746
BUSY TASK ewma=997
DMA IRQ c0=0
DMA IRQ c1=2
DMA IRQ c2=0
DMA IRQ c3=0
SELECT busy=8651
SELECT w0=8618
SELECT w1=4300
SELECT w2=4753
BUSY TASK ewma=997
DMA IRQ c0=0
DMA IRQ c1=2
DMA IRQ c2=0
DMA IRQ c3=0
SELECT busy=8676
SELECT w0=8643
SELECT w1=4312
SELECT w2=4768
BUSY TASK ewma=997
DMA IRQ c0=0
DMA IRQ c1=2
DMA IRQ c2=0
DMA IRQ c3=0
SELECT busy=8698
SELECT w0=8665
SELECT w1=4324
SELECT w2=4784
BUSY TASK ewma=997
DMA IRQ c0=0
DMA IRQ c1=2
DMA IRQ c2=0
DMA IRQ c3=0
SELECT busy=8721
SELECT w0=8688
SELECT w1=4334
SELECT w2=4795
BUSY TASK ewma=997
DMA IRQ c0=0
DMA IRQ c1=2
DMA IRQ c2=0
DMA IRQ c3=0
SELECT busy=8736
SELECT w0=8702
SELECT w1=4341
SELECT w2=4805
BUSY TASK ewma=997
DMA IRQ c0=0
DMA IRQ c1=2
DMA IRQ c2=0
DMA IRQ c3=0
SELECT busy=8750
SELECT w0=8717
SELECT w1=4347
SELECT w2=4813
BUSY TASK ewma=997
DMA IRQ c0=0
DMA IRQ c1=2
DMA IRQ c2=0
DMA IRQ c3=0
SELECT busy=8765
SELECT w0=8731
SELECT w1=4355
SELECT w2=4822
BUSY TASK ewma=997
DMA IRQ c0=0
DMA IRQ c1=2
DMA IRQ c2=0
DMA IRQ c3=0
SELECT busy=8778
SELECT w0=8744
SELECT w1=4361
SELECT w2=4829
BUSY TASK ewma=997
DMA IRQ c0=0
DMA IRQ c1=2
DMA IRQ c2=0
DMA IRQ c3=0
SELECT busy=8799
SELECT w0=8766
SELECT w1=4372
SELECT w2=4840
BUSY TASK ewma=997
DMA IRQ c0=0
DMA IRQ c1=2
DMA IRQ c2=0
DMA IRQ c3=0
SELECT busy=8812
SELECT w0=8778
SELECT w1=4378
SELECT w2=4847
BUSY TASK ewma=997
DMA IRQ c0=0
DMA IRQ c1=2
DMA IRQ c2=0
DMA IRQ c3=0
SELECT busy=8825
SELECT w0=8792
SELECT w1=4384
SELECT w2=4855
BUSY TASK ewma=997
DMA IRQ c0=0
DMA IRQ c1=2
DMA IRQ c2=0
DMA IRQ c3=0
SELECT busy=8849
SELECT w0=8816
SELECT w1=4398
SELECT w2=4871
BUSY TASK ewma=997
DMA IRQ c0=0
DMA IRQ c1=2
DMA IRQ c2=0
DMA IRQ c3=0
SELECT busy=8869
SELECT w0=8836
SELECT w1=4406
SELECT w2=4881
BUSY TASK ewma=997
DMA IRQ c0=0
DMA IRQ c1=2
DMA IRQ c2=0
DMA IRQ c3=0
SELECT busy=8888
SELECT w0=8854
SELECT w1=4412
SELECT w2=4889
BUSY TASK ewma=997
DMA IRQ c0=0
DMA IRQ c1=2
DMA IRQ c2=0
DMA IRQ c3=0
SELECT busy=8909
SELECT w0=8876
SELECT w1=4422
SELECT w2=4901
BUSY TASK ewma=997
DMA IRQ c0=0
DMA IRQ c1=2
DMA IRQ c2=0
DMA IRQ c3=0
SELECT busy=8933
SELECT w0=8899
SELECT w1=4430
SELECT w2=4913
BUSY TASK ewma=997
DMA IRQ c0=0
DMA IRQ c1=2
DMA IRQ c2=0
DMA IRQ c3=0
SELECT busy=8965
SELECT w0=8932
SELECT w1=4443
SELECT w2=4930
BUSY TASK ewma=997
DMA IRQ c0=0
DMA IRQ c1=2
DMA IRQ c2=0
DMA IRQ c3=0
SELECT busy=8991
SELECT w0=8958
SELECT w1=4455
SELECT w2=4947
BUSY TASK ewma=997
DMA IRQ c0=0
DMA IRQ c1=2
DMA IRQ c2=0
DMA IRQ c3=0
SELECT busy=9007
SELECT w0=8973
SELECT w1=4462
SELECT w2=4956
BUSY TASK ewma=997
DMA IRQ c0=0
DMA IRQ c1=2
DMA IRQ c2=0
DMA IRQ c3=0
SELECT busy=9022
SELECT w0=8988
SELECT w1=4467
SELECT w2=4964
BUSY TASK ewma=997
DMA IRQ c0=0
DMA IRQ c1=2
DMA IRQ c2=0
DMA IRQ c3=0
SELECT busy=9035
SELECT w0=9002
SELECT w1=4475
SELECT w2=4974
BUSY TASK ewma=997
DMA IRQ c0=0
DMA IRQ c1=2
DMA IRQ c2=0
DMA IRQ c3=0
SELECT busy=9053
SELECT w0=9020
SELECT w1=4482
SELECT w2=4981
BUSY TASK ewma=997
DMA IRQ c0=0
DMA IRQ c1=2
DMA IRQ c2=0
DMA IRQ c3=0
SELECT busy=9070
SELECT w0=9037
SELECT w1=4492
SELECT w2=4991
BUSY TASK ewma=997
DMA IRQ c0=0
DMA IRQ c1=2
DMA IRQ c2=0
DMA IRQ c3=0
SELECT busy=9087
SELECT w0=9054
SELECT w1=4500
SELECT w2=5001
BUSY TASK ewma=997
DMA IRQ c0=0
DMA IRQ c1=2
DMA IRQ c2=0
DMA IRQ c3=0
SELECT busy=9111
SELECT w0=9077
SELECT w1=4511
SELECT w2=5014
BUSY TASK ewma=997
DMA IRQ c0=0
DMA IRQ c1=2
DMA IRQ c2=0
DMA IRQ c3=0
SELECT busy=9126
SELECT w0=9092
SELECT w1=4518
SELECT w2=5022
BUSY TASK ewma=997
DMA IRQ c0=0
DMA IRQ c1=2
DMA IRQ c2=0
DMA IRQ c3=0
SELECT busy=9145
SELECT w0=9112
SELECT w1=4528
SELECT w2=5033
BUSY TASK ewma=997
DMA IRQ c0=0
DMA IRQ c1=2
DMA IRQ c2=0
DMA IRQ c3=0
SELECT busy=9174
SELECT w0=9141
SELECT w1=4544
SELECT w2=5052
BUSY TASK ewma=997
DMA IRQ c0=0
DMA IRQ c1=2
DMA IRQ c2=0
DMA IRQ c3=0
SELECT busy=9208
SELECT w0=9175
SELECT w1=4558
SELECT w2=5073
BUSY TASK ewma=997
DMA IRQ c0=0
DMA IRQ c1=2
DMA IRQ c2=0
DMA IRQ c3=0
SELECT busy=9251
SELECT w0=9217
SELECT w1=4577
SELECT w2=5097
BUSY TASK ewma=997
DMA IRQ c0=0
DMA IRQ c1=2
DMA IRQ c2=0
DMA IRQ c3=0
SELECT busy=9289
SELECT w0=9256
SELECT w1=4593
SELECT w2=5115
BUSY TASK ewma=997
DMA IRQ c0=0
DMA IRQ c1=2
DMA IRQ c2=0
DMA IRQ c3=0
SELECT busy=9326
SELECT w0=9292
SELECT w1=4606
SELECT w2=5133
BUSY TASK ewma=997
DMA IRQ c0=0
DMA IRQ c1=2
DMA IRQ c2=0
DMA IRQ c3=0
SELECT busy=9354
SELECT w0=9321
SELECT w1=4621
SELECT w2=5152
BUSY TASK ewma=997
IRQ counts: cpu0=18729 cpu1=20529 cpu2=20627 cpu3=20465
SCHED secondaries: calls=61626 unexpected=0
SECTEST switches=61588 cpu1=192922562,192247549 cpu2=165112728,162711899 cpu3=229299984,230043910
PINGPONG rounds=2000 pongs=2000
DMA IRQ c0=0
DMA IRQ c1=2
DMA IRQ c2=0
DMA IRQ c3=0
SELECT busy=9396
SELECT w0=9363
SELECT w1=4642
SELECT w2=5177
BUSY TASK ewma=997
DMA IRQ c0=0
DMA IRQ c1=2
DMA IRQ c2=0
DMA IRQ c3=0
SELECT busy=9413
SELECT w0=9380
SELECT w1=4648
SELECT w2=5184
BUSY TASK ewma=997
DMA IRQ c0=0
DMA IRQ c1=2
DMA IRQ c2=0
DMA IRQ c3=0
SELECT busy=9432
SELECT w0=9399
SELECT w1=4656
SELECT w2=5195
BUSY TASK ewma=997
DMA IRQ c0=0
DMA IRQ c1=2
DMA IRQ c2=0
DMA IRQ c3=0
SELECT busy=9452
SELECT w0=9419
SELECT w1=4664
SELECT w2=5205
BUSY TASK ewma=997
DMA IRQ c0=0
DMA IRQ c1=2
DMA IRQ c2=0
DMA IRQ c3=0
SELECT busy=9474
SELECT w0=9440
SELECT w1=4675
SELECT w2=5217
BUSY TASK ewma=997
DMA IRQ c0=0
DMA IRQ c1=2
DMA IRQ c2=0
DMA IRQ c3=0
SELECT busy=9490
SELECT w0=9456
SELECT w1=4685
SELECT w2=5228
BUSY TASK ewma=997
DMA IRQ c0=0
DMA IRQ c1=2
DMA IRQ c2=0
DMA IRQ c3=0
SELECT busy=9509
SELECT w0=9475
SELECT w1=4692
SELECT w2=5235
BUSY TASK ewma=997
DMA IRQ c0=0
DMA IRQ c1=2
DMA IRQ c2=0
DMA IRQ c3=0
SELECT busy=9532
SELECT w0=9499
SELECT w1=4702
SELECT w2=5249
BUSY TASK ewma=997
DMA IRQ c0=0
DMA IRQ c1=2
DMA IRQ c2=0
DMA IRQ c3=0
SELECT busy=9552
SELECT w0=9519
SELECT w1=4711
SELECT w2=5262
BUSY TASK ewma=997
DMA IRQ c0=0
DMA IRQ c1=2
DMA IRQ c2=0
DMA IRQ c3=0
SELECT busy=9568
SELECT w0=9535
SELECT w1=4717
SELECT w2=5271
BUSY TASK ewma=997
DMA IRQ c0=0
DMA IRQ c1=2
DMA IRQ c2=0
DMA IRQ c3=0
SELECT busy=9591
SELECT w0=9559
SELECT w1=4729
SELECT w2=5284
BUSY TASK ewma=997
DMA IRQ c0=0
DMA IRQ c1=2
DMA IRQ c2=0
DMA IRQ c3=0
SELECT busy=9626
SELECT w0=9593
SELECT w1=4739
SELECT w2=5297
BUSY TASK ewma=997
DMA IRQ c0=0
DMA IRQ c1=2
DMA IRQ c2=0
DMA IRQ c3=0
SELECT busy=9666
SELECT w0=9632
SELECT w1=4756
SELECT w2=5317
BUSY TASK ewma=997
DMA IRQ c0=0
DMA IRQ c1=2
DMA IRQ c2=0
DMA IRQ c3=0
SELECT busy=9695
SELECT w0=9662
SELECT w1=4765
SELECT w2=5328
BUSY TASK ewma=997
DMA IRQ c0=0
DMA IRQ c1=2
DMA IRQ c2=0
DMA IRQ c3=0
SELECT busy=9717
SELECT w0=9684
SELECT w1=4777
SELECT w2=5343
BUSY TASK ewma=997
DMA IRQ c0=0
DMA IRQ c1=2
DMA IRQ c2=0
DMA IRQ c3=0
SELECT busy=9737
SELECT w0=9703
SELECT w1=4786
SELECT w2=5353
BUSY TASK ewma=997
DMA IRQ c0=0
DMA IRQ c1=2
DMA IRQ c2=0
DMA IRQ c3=0
SELECT busy=9754
SELECT w0=9720
SELECT w1=4795
SELECT w2=5361
BUSY TASK ewma=997
DMA IRQ c0=0
DMA IRQ c1=2
DMA IRQ c2=0
DMA IRQ c3=0
SELECT busy=9788
SELECT w0=9754
SELECT w1=4811
SELECT w2=5380
BUSY TASK ewma=997
DMA IRQ c0=0
DMA IRQ c1=2
DMA IRQ c2=0
DMA IRQ c3=0
SELECT busy=9826
SELECT w0=9792
SELECT w1=4825
SELECT w2=5396
BUSY TASK ewma=997
DMA IRQ c0=0
DMA IRQ c1=2
DMA IRQ c2=0
DMA IRQ c3=0
SELECT busy=9863
SELECT w0=9829
SELECT w1=4840
SELECT w2=5416
BUSY TASK ewma=997
DMA IRQ c0=0
DMA IRQ c1=2
DMA IRQ c2=0
DMA IRQ c3=0
SELECT busy=9904
SELECT w0=9870
SELECT w1=4857
SELECT w2=5437
BUSY TASK ewma=997
DMA IRQ c0=0
DMA IRQ c1=2
DMA IRQ c2=0
DMA IRQ c3=0
SELECT busy=9947
SELECT w0=9914
SELECT w1=4876
SELECT w2=5460
BUSY TASK ewma=997
DMA IRQ c0=0
DMA IRQ c1=2
DMA IRQ c2=0
DMA IRQ c3=0
SELECT busy=9987
SELECT w0=9953
SELECT w1=4890
SELECT w2=5476
BUSY TASK ewma=997
DMA IRQ c0=0
DMA IRQ c1=2
DMA IRQ c2=0
DMA IRQ c3=0
SELECT busy=10006
SELECT w0=9973
SELECT w1=4897
SELECT w2=5485
BUSY TASK ewma=997
DMA IRQ c0=0
DMA IRQ c1=2
DMA IRQ c2=0
DMA IRQ c3=0
SELECT busy=10024
SELECT w0=9990
SELECT w1=4904
SELECT w2=5493
BUSY TASK ewma=997
DMA IRQ c0=0
DMA IRQ c1=2
DMA IRQ c2=0
DMA IRQ c3=0
SELECT busy=10059
SELECT w0=10026
SELECT w1=4919
SELECT w2=5511
BUSY TASK ewma=997
DMA IRQ c0=0
DMA IRQ c1=2
DMA IRQ c2=0
DMA IRQ c3=0
SELECT busy=10094
SELECT w0=10060
SELECT w1=4934
SELECT w2=5528
BUSY TASK ewma=997
DMA IRQ c0=0
DMA IRQ c1=2
DMA IRQ c2=0
DMA IRQ c3=0
SELECT busy=10127
SELECT w0=10093
SELECT w1=4947
SELECT w2=5547
BUSY TASK ewma=997
DMA IRQ c0=0
DMA IRQ c1=2
DMA IRQ c2=0
DMA IRQ c3=0
SELECT busy=10173
SELECT w0=10139
SELECT w1=4965
SELECT w2=5571
BUSY TASK ewma=997
DMA IRQ c0=0
DMA IRQ c1=2
DMA IRQ c2=0
DMA IRQ c3=0
SELECT busy=10207
SELECT w0=10173
SELECT w1=4978
SELECT w2=5588
BUSY TASK ewma=997
DMA IRQ c0=0
DMA IRQ c1=2
DMA IRQ c2=0
DMA IRQ c3=0
SELECT busy=10243
SELECT w0=10210
SELECT w1=4995
SELECT w2=5609
BUSY TASK ewma=997
DMA IRQ c0=0
DMA IRQ c1=2
DMA IRQ c2=0
DMA IRQ c3=0
SELECT busy=10263
SELECT w0=10230
SELECT w1=5006
SELECT w2=5622
BUSY TASK ewma=997
DMA IRQ c0=0
DMA IRQ c1=2
DMA IRQ c2=0
DMA IRQ c3=0
SELECT busy=10284
SELECT w0=10250
SELECT w1=5014
SELECT w2=5631
BUSY TASK ewma=997
DMA IRQ c0=0
DMA IRQ c1=2
DMA IRQ c2=0
DMA IRQ c3=0
SELECT busy=10302
SELECT w0=10268
SELECT w1=5023
SELECT w2=5639
BUSY TASK ewma=997
DMA IRQ c0=0
DMA IRQ c1=2
DMA IRQ c2=0
DMA IRQ c3=0
SELECT busy=10319
SELECT w0=10288
SELECT w1=5033
SELECT w2=5650
BUSY TASK ewma=997
DMA IRQ c0=0
DMA IRQ c1=2
DMA IRQ c2=0
DMA IRQ c3=0
SELECT busy=10339
SELECT w0=10306
SELECT w1=5041
SELECT w2=5662
BUSY TASK ewma=997
DMA IRQ c0=0
DMA IRQ c1=2
DMA IRQ c2=0
DMA IRQ c3=0
SELECT busy=10367
SELECT w0=10333
SELECT w1=5053
SELECT w2=5675
BUSY TASK ewma=997
DMA IRQ c0=0
DMA IRQ c1=2
DMA IRQ c2=0
DMA IRQ c3=0
SELECT busy=10392
SELECT w0=10358
SELECT w1=5062
SELECT w2=5688
BUSY TASK ewma=997
DMA IRQ c0=0
DMA IRQ c1=2
DMA IRQ c2=0
DMA IRQ c3=0
SELECT busy=10408
SELECT w0=10374
SELECT w1=5070
SELECT w2=5697
BUSY TASK ewma=997
DMA IRQ c0=0
DMA IRQ c1=2
DMA IRQ c2=0
DMA IRQ c3=0
SELECT busy=10426
SELECT w0=10393
SELECT w1=5078
SELECT w2=5708
BUSY TASK ewma=997
DMA IRQ c0=0
DMA IRQ c1=2
DMA IRQ c2=0
DMA IRQ c3=0
SELECT busy=10446
SELECT w0=10414
SELECT w1=5089
SELECT w2=5724
BUSY TASK ewma=997
DMA IRQ c0=0
DMA IRQ c1=2
DMA IRQ c2=0
DMA IRQ c3=0
SELECT busy=10489
SELECT w0=10456
SELECT w1=5109
SELECT w2=5745
BUSY TASK ewma=997
DMA IRQ c0=0
DMA IRQ c1=2
DMA IRQ c2=0
DMA IRQ c3=0
SELECT busy=10510
SELECT w0=10477
SELECT w1=5117
SELECT w2=5755
BUSY TASK ewma=997
DMA IRQ c0=0
DMA IRQ c1=2
DMA IRQ c2=0
DMA IRQ c3=0
SELECT busy=10526
SELECT w0=10493
SELECT w1=5124
SELECT w2=5764
BUSY TASK ewma=997
DMA IRQ c0=0
DMA IRQ c1=2
DMA IRQ c2=0
DMA IRQ c3=0
SELECT busy=10542
SELECT w0=10509
SELECT w1=5131
SELECT w2=5773
BUSY TASK ewma=997
DMA IRQ c0=0
DMA IRQ c1=2
DMA IRQ c2=0
DMA IRQ c3=0
SELECT busy=10561
SELECT w0=10527
SELECT w1=5139
SELECT w2=5781
BUSY TASK ewma=997
DMA IRQ c0=0
DMA IRQ c1=2
DMA IRQ c2=0
DMA IRQ c3=0
SELECT busy=10579
SELECT w0=10546
SELECT w1=5146
SELECT w2=5791
BUSY TASK ewma=997
DMA IRQ c0=0
DMA IRQ c1=2
DMA IRQ c2=0
DMA IRQ c3=0
SELECT busy=10602
SELECT w0=10569
SELECT w1=5158
SELECT w2=5805
BUSY TASK ewma=997
DMA IRQ c0=0
DMA IRQ c1=2
DMA IRQ c2=0
DMA IRQ c3=0
SELECT busy=10628
SELECT w0=10595
SELECT w1=5172
SELECT w2=5819
BUSY TASK ewma=997
DMA IRQ c0=0
DMA IRQ c1=2
DMA IRQ c2=0
DMA IRQ c3=0
SELECT busy=10648
SELECT w0=10614
SELECT w1=5183
SELECT w2=5834
BUSY TASK ewma=997
DMA IRQ c0=0
DMA IRQ c1=2
DMA IRQ c2=0
DMA IRQ c3=0
SELECT busy=10663
SELECT w0=10629
SELECT w1=5191
SELECT w2=5844
BUSY TASK ewma=997
DMA IRQ c0=0
DMA IRQ c1=2
DMA IRQ c2=0
DMA IRQ c3=0
SELECT busy=10682
SELECT w0=10649
SELECT w1=5200
SELECT w2=5858
BUSY TASK ewma=997
DMA IRQ c0=0
DMA IRQ c1=2
DMA IRQ c2=0
DMA IRQ c3=0
SELECT busy=10699
SELECT w0=10667
SELECT w1=5209
SELECT w2=5873
BUSY TASK ewma=997
DMA IRQ c0=0
DMA IRQ c1=2
DMA IRQ c2=0
DMA IRQ c3=0
SELECT busy=10722
SELECT w0=10688
SELECT w1=5218
SELECT w2=5885
BUSY TASK ewma=997
DMA IRQ c0=0
DMA IRQ c1=2
DMA IRQ c2=0
DMA IRQ c3=0
SELECT busy=10738
SELECT w0=10705
SELECT w1=5228
SELECT w2=5896
BUSY TASK ewma=997
DMA IRQ c0=0
DMA IRQ c1=2
DMA IRQ c2=0
DMA IRQ c3=0
SELECT busy=10754
SELECT w0=10721
SELECT w1=5235
SELECT w2=5906
BUSY TASK ewma=997
DMA IRQ c0=0
DMA IRQ c1=2
DMA IRQ c2=0
DMA IRQ c3=0
SELECT busy=10773
SELECT w0=10739
SELECT w1=5244
SELECT w2=5916
BUSY TASK ewma=997
DMA IRQ c0=0
DMA IRQ c1=2
DMA IRQ c2=0
DMA IRQ c3=0
SELECT busy=10796
SELECT w0=10763
SELECT w1=5255
SELECT w2=5933
BUSY TASK ewma=997
DMA IRQ c0=0
DMA IRQ c1=2
DMA IRQ c2=0
DMA IRQ c3=0
SELECT busy=10815
SELECT w0=10781
SELECT w1=5264
SELECT w2=5946
BUSY TASK ewma=997
DMA IRQ c0=0
DMA IRQ c1=2
DMA IRQ c2=0
DMA IRQ c3=0
SELECT busy=10852
SELECT w0=10820
SELECT w1=5282
SELECT w2=5965
BUSY TASK ewma=997
DMA IRQ c0=0
DMA IRQ c1=2
DMA IRQ c2=0
DMA IRQ c3=0
SELECT busy=10891
SELECT w0=10858
SELECT w1=5297
SELECT w2=5981
BUSY TASK ewma=997
DMA IRQ c0=0
DMA IRQ c1=2
DMA IRQ c2=0
DMA IRQ c3=0
SELECT busy=10926
SELECT w0=10893
SELECT w1=5314
SELECT w2=5999
BUSY TASK ewma=997
DMA IRQ c0=0
DMA IRQ c1=2
DMA IRQ c2=0
DMA IRQ c3=0
SELECT busy=10943
SELECT w0=10909
SELECT w1=5324
SELECT w2=6008
BUSY TASK ewma=997
DMA IRQ c0=0
DMA IRQ c1=2
DMA IRQ c2=0
DMA IRQ c3=0
SELECT busy=10964
SELECT w0=10931
SELECT w1=5335
SELECT w2=6023
BUSY TASK ewma=997
IRQ counts: cpu0=21925 cpu1=24078 cpu2=24093 cpu3=24008
SCHED secondaries: calls=72195 unexpected=0
SECTEST switches=72167 cpu1=221440541,220593078 cpu2=192948344,189807633 cpu3=268909121,268030618
PINGPONG rounds=2000 pongs=2000
DMA IRQ c0=0
DMA IRQ c1=2
DMA IRQ c2=0
DMA IRQ c3=0
SELECT busy=11003
SELECT w0=10973
SELECT w1=5358
SELECT w2=6052
BUSY TASK ewma=997
DMA IRQ c0=0
DMA IRQ c1=2
DMA IRQ c2=0
DMA IRQ c3=0
SELECT busy=11028
SELECT w0=10995
SELECT w1=5372
SELECT w2=6064
BUSY TASK ewma=997
DMA IRQ c0=0
DMA IRQ c1=2
DMA IRQ c2=0
DMA IRQ c3=0
SELECT busy=11051
SELECT w0=11017
SELECT w1=5381
SELECT w2=6078
BUSY TASK ewma=997
DMA IRQ c0=0
DMA IRQ c1=2
DMA IRQ c2=0
DMA IRQ c3=0
SELECT busy=11071
SELECT w0=11038
SELECT w1=5393
SELECT w2=6089
BUSY TASK ewma=997
DMA IRQ c0=0
DMA IRQ c1=2
DMA IRQ c2=0
DMA IRQ c3=0
SELECT busy=11088
SELECT w0=11055
SELECT w1=5402
SELECT w2=6101
BUSY TASK ewma=997
DMA IRQ c0=0
DMA IRQ c1=2
DMA IRQ c2=0
DMA IRQ c3=0
SELECT busy=11115
SELECT w0=11081
SELECT w1=5416
SELECT w2=6116
BUSY TASK ewma=997
DMA IRQ c0=0
DMA IRQ c1=2
DMA IRQ c2=0
DMA IRQ c3=0
SELECT busy=11136
SELECT w0=11103
SELECT w1=5426
SELECT w2=6128
BUSY TASK ewma=997
DMA IRQ c0=0
DMA IRQ c1=2
DMA IRQ c2=0
DMA IRQ c3=0
SELECT busy=11155
SELECT w0=11121
SELECT w1=5432
SELECT w2=6135
BUSY TASK ewma=997
DMA IRQ c0=0
DMA IRQ c1=2
DMA IRQ c2=0
DMA IRQ c3=0
SELECT busy=11179
SELECT w0=11146
SELECT w1=5442
SELECT w2=6149
BUSY TASK ewma=997
DMA IRQ c0=0
DMA IRQ c1=2
DMA IRQ c2=0
DMA IRQ c3=0
SELECT busy=11222
SELECT w0=11188
SELECT w1=5463
SELECT w2=6169
BUSY TASK ewma=997
DMA IRQ c0=0
DMA IRQ c1=2
DMA IRQ c2=0
DMA IRQ c3=0
SELECT busy=11262
SELECT w0=11229
SELECT w1=5480
SELECT w2=6192
BUSY TASK ewma=997
DMA IRQ c0=0
DMA IRQ c1=2
DMA IRQ c2=0
DMA IRQ c3=0
SELECT busy=11306
SELECT w0=11273
SELECT w1=5498
SELECT w2=6217
BUSY TASK ewma=997
DMA IRQ c0=0
DMA IRQ c1=2
DMA IRQ c2=0
DMA IRQ c3=0
SELECT busy=11349
SELECT w0=11316
SELECT w1=5514
SELECT w2=6235
BUSY TASK ewma=997
DMA IRQ c0=0
DMA IRQ c1=2
DMA IRQ c2=0
DMA IRQ c3=0
SELECT busy=11387
SELECT w0=11354
SELECT w1=5530
SELECT w2=6253
BUSY TASK ewma=997
DMA IRQ c0=0
DMA IRQ c1=2
DMA IRQ c2=0
DMA IRQ c3=0
SELECT busy=11410
SELECT w0=11376
SELECT w1=5538
SELECT w2=6264
BUSY TASK ewma=997
DMA IRQ c0=0
DMA IRQ c1=2
DMA IRQ c2=0
DMA IRQ c3=0
SELECT busy=11449
SELECT w0=11415
SELECT w1=5554
SELECT w2=6283
BUSY TASK ewma=997
DMA IRQ c0=0
DMA IRQ c1=2
DMA IRQ c2=0
DMA IRQ c3=0
SELECT busy=11494
SELECT w0=11464
SELECT w1=5571
SELECT w2=6308
BUSY TASK ewma=997
DMA IRQ c0=0
DMA IRQ c1=2
DMA IRQ c2=0
DMA IRQ c3=0
SELECT busy=11533
SELECT w0=11499
SELECT w1=5583
SELECT w2=6324
BUSY TASK ewma=997
DMA IRQ c0=0
DMA IRQ c1=2
DMA IRQ c2=0
DMA IRQ c3=0
SELECT busy=11576
SELECT w0=11542
SELECT w1=5600
SELECT w2=6346
BUSY TASK ewma=997
DMA IRQ c0=0
DMA IRQ c1=2
DMA IRQ c2=0
DMA IRQ c3=0
SELECT busy=11612
SELECT w0=11578
SELECT w1=5615
SELECT w2=6365
BUSY TASK ewma=997
DMA IRQ c0=0
DMA IRQ c1=2
DMA IRQ c2=0
DMA IRQ c3=0
SELECT busy=11654
SELECT w0=11620
SELECT w1=5636
SELECT w2=6390
BUSY TASK ewma=997
DMA IRQ c0=0
DMA IRQ c1=2
DMA IRQ c2=0
DMA IRQ c3=0
SELECT busy=11698
SELECT w0=11664
SELECT w1=5660
SELECT w2=6418
BUSY TASK ewma=997
DMA IRQ c0=0
DMA IRQ c1=2
DMA IRQ c2=0
DMA IRQ c3=0
SELECT busy=11744
SELECT w0=11711
SELECT w1=5682
SELECT w2=6445
BUSY TASK ewma=997
DMA IRQ c0=0
DMA IRQ c1=2
DMA IRQ c2=0
DMA IRQ c3=0
SELECT busy=11780
SELECT w0=11746
SELECT w1=5696
SELECT w2=6459
BUSY TASK ewma=997
DMA IRQ c0=0
DMA IRQ c1=2
DMA IRQ c2=0
DMA IRQ c3=0
SELECT busy=11820
SELECT w0=11786
SELECT w1=5714
SELECT w2=6480
BUSY TASK ewma=997
DMA IRQ c0=0
DMA IRQ c1=2
DMA IRQ c2=0
DMA IRQ c3=0
SELECT busy=11865
SELECT w0=11832
SELECT w1=5733
SELECT w2=6504
BUSY TASK ewma=997
DMA IRQ c0=0
DMA IRQ c1=2
DMA IRQ c2=0
DMA IRQ c3=0
SELECT busy=11903
SELECT w0=11869
SELECT w1=5747
SELECT w2=6520
BUSY TASK ewma=997
DMA IRQ c0=0
DMA IRQ c1=2
DMA IRQ c2=0
DMA IRQ c3=0
SELECT busy=11926
SELECT w0=11893
SELECT w1=5760
SELECT w2=6533
BUSY TASK ewma=997
DMA IRQ c0=0
DMA IRQ c1=2
DMA IRQ c2=0
DMA IRQ c3=0
SELECT busy=11943
SELECT w0=11910
SELECT w1=5770
SELECT w2=6542
BUSY TASK ewma=997
DMA IRQ c0=0
DMA IRQ c1=2
DMA IRQ c2=0
DMA IRQ c3=0
SELECT busy=11964
SELECT w0=11932
SELECT w1=5781
SELECT w2=6558
BUSY TASK ewma=997
DMA IRQ c0=0
DMA IRQ c1=2
DMA IRQ c2=0
DMA IRQ c3=0
SELECT busy=11994
SELECT w0=11962
SELECT w1=5799
SELECT w2=6577
BUSY TASK ewma=997
DMA IRQ c0=0
DMA IRQ c1=2
DMA IRQ c2=0
DMA IRQ c3=0
SELECT busy=12015
SELECT w0=11983
SELECT w1=5813
SELECT w2=6590
BUSY TASK ewma=997
DMA IRQ c0=0
DMA IRQ c1=2
DMA IRQ c2=0
DMA IRQ c3=0
SELECT busy=12033
SELECT w0=12000
SELECT w1=5822
SELECT w2=6599
BUSY TASK ewma=997
DMA IRQ c0=0
DMA IRQ c1=2
DMA IRQ c2=0
DMA IRQ c3=0
SELECT busy=12051
SELECT w0=12018
SELECT w1=5832
SELECT w2=6610
BUSY TASK ewma=997
DMA IRQ c0=0
DMA IRQ c1=2
DMA IRQ c2=0
DMA IRQ c3=0
SELECT busy=12065
SELECT w0=12032
SELECT w1=5838
SELECT w2=6617
BUSY TASK ewma=997
DMA IRQ c0=0
DMA IRQ c1=2
DMA IRQ c2=0
DMA IRQ c3=0
SELECT busy=12079
SELECT w0=12046
SELECT w1=5845
SELECT w2=6628
BUSY TASK ewma=997
DMA IRQ c0=0
DMA IRQ c1=2
DMA IRQ c2=0
DMA IRQ c3=0
SELECT busy=12095
SELECT w0=12062
SELECT w1=5854
SELECT w2=6638
BUSY TASK ewma=997
DMA IRQ c0=0
DMA IRQ c1=2
DMA IRQ c2=0
DMA IRQ c3=0
SELECT busy=12111
SELECT w0=12078
SELECT w1=5862
SELECT w2=6649
BUSY TASK ewma=997
DMA IRQ c0=0
DMA IRQ c1=2
DMA IRQ c2=0
DMA IRQ c3=0
SELECT busy=12130
SELECT w0=12096
SELECT w1=5871
SELECT w2=6659
BUSY TASK ewma=997
DMA IRQ c0=0
DMA IRQ c1=2
DMA IRQ c2=0
DMA IRQ c3=0
SELECT busy=12147
SELECT w0=12113
SELECT w1=5876
SELECT w2=6666
BUSY TASK ewma=997
DMA IRQ c0=0
DMA IRQ c1=2
DMA IRQ c2=0
DMA IRQ c3=0
SELECT busy=12172
SELECT w0=12139
SELECT w1=5888
SELECT w2=6684
BUSY TASK ewma=997
DMA IRQ c0=0
DMA IRQ c1=2
DMA IRQ c2=0
DMA IRQ c3=0
SELECT busy=12215
SELECT w0=12182
SELECT w1=5905
SELECT w2=6705
BUSY TASK ewma=997
DMA IRQ c0=0
DMA IRQ c1=2
DMA IRQ c2=0
DMA IRQ c3=0
SELECT busy=12253
SELECT w0=12220
SELECT w1=5925
SELECT w2=6728
BUSY TASK ewma=997
DMA IRQ c0=0
DMA IRQ c1=2
DMA IRQ c2=0
DMA IRQ c3=0
SELECT busy=12296
SELECT w0=12264
SELECT w1=5942
SELECT w2=6753
BUSY TASK ewma=997
DMA IRQ c0=0
DMA IRQ c1=2
DMA IRQ c2=0
DMA IRQ c3=0
SELECT busy=12335
SELECT w0=12301
SELECT w1=5957
SELECT w2=6773
BUSY TASK ewma=997
DMA IRQ c0=0
DMA IRQ c1=2
DMA IRQ c2=0
DMA IRQ c3=0
SELECT busy=12381
SELECT w0=12349
SELECT w1=5978
SELECT w2=6803
BUSY TASK ewma=997
DMA IRQ c0=0
DMA IRQ c1=2
DMA IRQ c2=0
DMA IRQ c3=0
SELECT busy=12404
SELECT w0=12371
SELECT w1=5985
SELECT w2=6812
BUSY TASK ewma=997
DMA IRQ c0=0
DMA IRQ c1=2
DMA IRQ c2=0
DMA IRQ c3=0
SELECT busy=12419
SELECT w0=12386
SELECT w1=5992
SELECT w2=6821
BUSY TASK ewma=997
DMA IRQ c0=0
DMA IRQ c1=2
DMA IRQ c2=0
DMA IRQ c3=0
SELECT busy=12455
SELECT w0=12421
SELECT w1=6009
SELECT w2=6841
BUSY TASK ewma=997
DMA IRQ c0=0
DMA IRQ c1=2
DMA IRQ c2=0
DMA IRQ c3=0
SELECT busy=12501
SELECT w0=12467
SELECT w1=6026
SELECT w2=6861
BUSY TASK ewma=997
DMA IRQ c0=0
DMA IRQ c1=2
DMA IRQ c2=0
DMA IRQ c3=0
SELECT busy=12549
SELECT w0=12518
SELECT w1=6055
SELECT w2=6893
BUSY TASK ewma=997
DMA IRQ c0=0
DMA IRQ c1=2
DMA IRQ c2=0
DMA IRQ c3=0
SELECT busy=12589
SELECT w0=12555
SELECT w1=6073
SELECT w2=6916
BUSY TASK ewma=997
DMA IRQ c0=0
DMA IRQ c1=2
DMA IRQ c2=0
DMA IRQ c3=0
SELECT busy=12635
SELECT w0=12602
SELECT w1=6089
SELECT w2=6938
BUSY TASK ewma=997
DMA IRQ c0=0
DMA IRQ c1=2
DMA IRQ c2=0
DMA IRQ c3=0
SELECT busy=12668
SELECT w0=12634
SELECT w1=6104
SELECT w2=6956
BUSY TASK ewma=997
DMA IRQ c0=0
DMA IRQ c1=2
DMA IRQ c2=0
DMA IRQ c3=0
SELECT busy=12703
SELECT w0=12672
SELECT w1=6120
SELECT w2=6978
BUSY TASK ewma=997
DMA IRQ c0=0
DMA IRQ c1=2
DMA IRQ c2=0
DMA IRQ c3=0
SELECT busy=12744
SELECT w0=12711
SELECT w1=6140
SELECT w2=7005
BUSY TASK ewma=997
DMA IRQ c0=0
DMA IRQ c1=2
DMA IRQ c2=0
DMA IRQ c3=0
SELECT busy=12780
SELECT w0=12746
SELECT w1=6154
SELECT w2=7021
BUSY TASK ewma=997
DMA IRQ c0=0
DMA IRQ c1=2
DMA IRQ c2=0
DMA IRQ c3=0
SELECT busy=12811
SELECT w0=12778
SELECT w1=6168
SELECT w2=7039
BUSY TASK ewma=997
DMA IRQ c0=0
DMA IRQ c1=2
DMA IRQ c2=0
DMA IRQ c3=0
SELECT busy=12833
SELECT w0=12800
SELECT w1=6176
SELECT w2=7049
BUSY TASK ewma=997
DMA IRQ c0=0
DMA IRQ c1=2
DMA IRQ c2=0
DMA IRQ c3=0
SELECT busy=12854
SELECT w0=12820
SELECT w1=6184
SELECT w2=7058
BUSY TASK ewma=997
DMA IRQ c0=0
DMA IRQ c1=2
DMA IRQ c2=0
DMA IRQ c3=0
SELECT busy=12874
SELECT w0=12840
SELECT w1=6193
SELECT w2=7069
BUSY TASK ewma=997
DMA IRQ c0=0
DMA IRQ c1=2
DMA IRQ c2=0
DMA IRQ c3=0
SELECT busy=12893
SELECT w0=12859
SELECT w1=6199
SELECT w2=7075
BUSY TASK ewma=997
DMA IRQ c0=0
DMA IRQ c1=2
DMA IRQ c2=0
DMA IRQ c3=0
SELECT busy=12916
SELECT w0=12884
SELECT w1=6212
SELECT w2=7090
BUSY TASK ewma=997
DMA IRQ c0=0
DMA IRQ c1=2
DMA IRQ c2=0
DMA IRQ c3=0
SELECT busy=12938
SELECT w0=12906
SELECT w1=6224
SELECT w2=7105
BUSY TASK ewma=997
IRQ counts: cpu0=25873 cpu1=28504 cpu2=28408 cpu3=28333
SCHED secondaries: calls=85251 unexpected=0
SECTEST switches=85200 cpu1=251459530,249352039 cpu2=222153160,218328474 cpu3=308324049,306986406
PINGPONG rounds=2000 pongs=2000
DMA IRQ c0=0
DMA IRQ c1=2
DMA IRQ c2=0
DMA IRQ c3=0
SELECT busy=12959
SELECT w0=12925
SELECT w1=6230
SELECT w2=7113
BUSY TASK ewma=997
DMA IRQ c0=0
DMA IRQ c1=2
DMA IRQ c2=0
DMA IRQ c3=0
SELECT busy=12974
SELECT w0=12941
SELECT w1=6238
SELECT w2=7124
BUSY TASK ewma=997
DMA IRQ c0=0
DMA IRQ c1=2
DMA IRQ c2=0
DMA IRQ c3=0
SELECT busy=12999
SELECT w0=12965
SELECT w1=6246
SELECT w2=7135
BUSY TASK ewma=997
DMA IRQ c0=0
DMA IRQ c1=2
DMA IRQ c2=0
DMA IRQ c3=0
SELECT busy=13039
SELECT w0=13005
SELECT w1=6260
SELECT w2=7153
BUSY TASK ewma=997
DMA IRQ c0=0
DMA IRQ c1=2
DMA IRQ c2=0
DMA IRQ c3=0
SELECT busy=13072
SELECT w0=13039
SELECT w1=6274
SELECT w2=7171
BUSY TASK ewma=997
DMA IRQ c0=0
DMA IRQ c1=2
DMA IRQ c2=0
DMA IRQ c3=0
SELECT busy=13098
SELECT w0=13065
SELECT w1=6286
SELECT w2=7188
BUSY TASK ewma=997
DMA IRQ c0=0
DMA IRQ c1=2
DMA IRQ c2=0
DMA IRQ c3=0
SELECT busy=13113
SELECT w0=13079
SELECT w1=6292
SELECT w2=7196
BUSY TASK ewma=997
DMA IRQ c0=0
DMA IRQ c1=2
DMA IRQ c2=0
DMA IRQ c3=0
SELECT busy=13141
SELECT w0=13108
SELECT w1=6302
SELECT w2=7211
BUSY TASK ewma=997
DMA IRQ c0=0
DMA IRQ c1=2
DMA IRQ c2=0
DMA IRQ c3=0
SELECT busy=13177
SELECT w0=13143
SELECT w1=6318
SELECT w2=7231
BUSY TASK ewma=997
DMA IRQ c0=0
DMA IRQ c1=2
DMA IRQ c2=0
DMA IRQ c3=0
SELECT busy=13223
SELECT w0=13190
SELECT w1=6335
SELECT w2=7250
BUSY TASK ewma=997
DMA IRQ c0=0
DMA IRQ c1=2
DMA IRQ c2=0
DMA IRQ c3=0
SELECT busy=13252
SELECT w0=13219
SELECT w1=6349
SELECT w2=7265
BUSY TASK ewma=997
DMA IRQ c0=0
DMA IRQ c1=2
DMA IRQ c2=0
DMA IRQ c3=0
SELECT busy=13269
SELECT w0=13235
SELECT w1=6356
SELECT w2=7274
BUSY TASK ewma=997
DMA IRQ c0=0
DMA IRQ c1=2
DMA IRQ c2=0
DMA IRQ c3=0
SELECT busy=13293
SELECT w0=13259
SELECT w1=6369
SELECT w2=7290
BUSY TASK ewma=997
DMA IRQ c0=0
DMA IRQ c1=2
DMA IRQ c2=0
DMA IRQ c3=0
SELECT busy=13339
SELECT w0=13308
SELECT w1=6393
SELECT w2=7321
BUSY TASK ewma=997
DMA IRQ c0=0
DMA IRQ c1=2
DMA IRQ c2=0
DMA IRQ c3=0
SELECT busy=13373
SELECT w0=13340
SELECT w1=6407
SELECT w2=7336
BUSY TASK ewma=997
DMA IRQ c0=0
DMA IRQ c1=2
DMA IRQ c2=0
DMA IRQ c3=0
SELECT busy=13410
SELECT w0=13376
SELECT w1=6422
SELECT w2=7358
BUSY TASK ewma=997
DMA IRQ c0=0
DMA IRQ c1=2
DMA IRQ c2=0
DMA IRQ c3=0
SELECT busy=13452
SELECT w0=13419
SELECT w1=6443
SELECT w2=7387
BUSY TASK ewma=997
DMA IRQ c0=0
DMA IRQ c1=2
DMA IRQ c2=0
DMA IRQ c3=0
SELECT busy=13496
SELECT w0=13462
SELECT w1=6459
SELECT w2=7404
BUSY TASK ewma=997
DMA IRQ c0=0
DMA IRQ c1=2
DMA IRQ c2=0
DMA IRQ c3=0
SELECT busy=13543
SELECT w0=13510
SELECT w1=6479
SELECT w2=7431
BUSY TASK ewma=997
DMA IRQ c0=0
DMA IRQ c1=2
DMA IRQ c2=0
DMA IRQ c3=0
SELECT busy=13577
SELECT w0=13544
SELECT w1=6495
SELECT w2=7449
BUSY TASK ewma=997
DMA IRQ c0=0
DMA IRQ c1=2
DMA IRQ c2=0
DMA IRQ c3=0
SELECT busy=13596
SELECT w0=13562
SELECT w1=6503
SELECT w2=7458
BUSY TASK ewma=997
DMA IRQ c0=0
DMA IRQ c1=2
DMA IRQ c2=0
DMA IRQ c3=0
SELECT busy=13613
SELECT w0=13581
SELECT w1=6513
SELECT w2=7473
BUSY TASK ewma=997
DMA IRQ c0=0
DMA IRQ c1=2
DMA IRQ c2=0
DMA IRQ c3=0
SELECT busy=13654
SELECT w0=13620
SELECT w1=6528
SELECT w2=7493
BUSY TASK ewma=997
DMA IRQ c0=0
DMA IRQ c1=2
DMA IRQ c2=0
DMA IRQ c3=0
SELECT busy=13696
SELECT w0=13663
SELECT w1=6544
SELECT w2=7515
BUSY TASK ewma=997
DMA IRQ c0=0
DMA IRQ c1=2
DMA IRQ c2=0
DMA IRQ c3=0
SELECT busy=13724
SELECT w0=13690
SELECT w1=6556
SELECT w2=7533
BUSY TASK ewma=997
DMA IRQ c0=0
DMA IRQ c1=2
DMA IRQ c2=0
DMA IRQ c3=0
SELECT busy=13759
SELECT w0=13726
SELECT w1=6571
SELECT w2=7550
BUSY TASK ewma=997
DMA IRQ c0=0
DMA IRQ c1=2
DMA IRQ c2=0
DMA IRQ c3=0
SELECT busy=13801
SELECT w0=13768
SELECT w1=6588
SELECT w2=7571
qemu-system-aarch64: terminating on signal 15 from pid 205488 (timeout)
