P4 M7: full integration test boot OK
CPU0: MPIDR_EL1=0x0000000080000000
CPU0: psci_cpu_on target=1 rc=0
CPU1: alive, MPIDR_EL1=0x0000000080000001 this_cpu()->cpu_id=1
CPU0: psci_cpu_on target=2 rc=0
CPU2: alive, MPIDR_EL1=0x0000000080000002 this_cpu()->cpu_id=2
CPU0: psci_cpu_on target=3 rc=0
CPU3: alive, MPIDR_EL1=0x0000000080000003 this_cpu()->cpu_id=3
CPUs online: 4
DMA IRQ target cpu=1
D2b: worker 1 runs on CPU1
D2b: worker 2 runs on CPU2
D2b: worker 0 runs on CPU0
P4 M7: worker submitted cmd_id=1
P4 M7: worker submitted cmd_id=2
P4 M7: worker submitted cmd_id=3
P4 M7: worker DATA OK, cmd_id=1
P4 M7: worker DATA OK, cmd_id=2
WORKER ewma=916
WORKER ewma=881
P4 M7: worker DATA OK, cmd_id=3
WORKER ewma=759
BUSY TASK ewma=997
DMA IRQ c0=0
DMA IRQ c1=2
DMA IRQ c2=0
DMA IRQ c3=0
SELECT busy=33
SELECT w0=31
SELECT w1=46
SELECT w2=58
BUSY TASK ewma=997
DMA IRQ c0=0
DMA IRQ c1=2
DMA IRQ c2=0
DMA IRQ c3=0
SELECT busy=53
SELECT w0=51
SELECT w1=85
SELECT w2=96
BUSY TASK ewma=997
DMA IRQ c0=0
DMA IRQ c1=2
DMA IRQ c2=0
DMA IRQ c3=0
SELECT busy=68
SELECT w0=66
SELECT w1=101
SELECT w2=112
BUSY TASK ewma=997
DMA IRQ c0=0
DMA IRQ c1=2
DMA IRQ c2=0
DMA IRQ c3=0
SELECT busy=82
SELECT w0=80
SELECT w1=111
SELECT w2=122
BUSY TASK ewma=997
DMA IRQ c0=0
DMA IRQ c1=2
DMA IRQ c2=0
DMA IRQ c3=0
SELECT busy=98
SELECT w0=96
SELECT w1=124
SELECT w2=133
BUSY TASK ewma=997
DMA IRQ c0=0
DMA IRQ c1=2
DMA IRQ c2=0
DMA IRQ c3=0
SELECT busy=119
SELECT w0=117
SELECT w1=135
SELECT w2=148
BUSY TASK ewma=997
DMA IRQ c0=0
DMA IRQ c1=2
DMA IRQ c2=0
DMA IRQ c3=0
SELECT busy=156
SELECT w0=153
SELECT w1=153
SELECT w2=168
BUSY TASK ewma=997
DMA IRQ c0=0
DMA IRQ c1=2
DMA IRQ c2=0
DMA IRQ c3=0
SELECT busy=180
SELECT w0=177
SELECT w1=166
SELECT w2=183
BUSY TASK ewma=997
DMA IRQ c0=0
DMA IRQ c1=2
DMA IRQ c2=0
DMA IRQ c3=0
SELECT busy=208
SELECT w0=206
SELECT w1=182
SELECT w2=207
BUSY TASK ewma=997
DMA IRQ c0=0
DMA IRQ c1=2
DMA IRQ c2=0
DMA IRQ c3=0
SELECT busy=229
SELECT w0=226
SELECT w1=192
SELECT w2=222
BUSY TASK ewma=997
DMA IRQ c0=0
DMA IRQ c1=2
DMA IRQ c2=0
DMA IRQ c3=0
SELECT busy=249
SELECT w0=246
SELECT w1=202
SELECT w2=234
BUSY TASK ewma=997
DMA IRQ c0=0
DMA IRQ c1=2
DMA IRQ c2=0
DMA IRQ c3=0
SELECT busy=270
SELECT w0=268
SELECT w1=216
SELECT w2=250
BUSY TASK ewma=997
DMA IRQ c0=0
DMA IRQ c1=2
DMA IRQ c2=0
DMA IRQ c3=0
SELECT busy=294
SELECT w0=292
SELECT w1=231
SELECT w2=269
BUSY TASK ewma=997
DMA IRQ c0=0
DMA IRQ c1=2
DMA IRQ c2=0
DMA IRQ c3=0
SELECT busy=316
SELECT w0=313
SELECT w1=242
SELECT w2=280
BUSY TASK ewma=997
DMA IRQ c0=0
DMA IRQ c1=2
DMA IRQ c2=0
DMA IRQ c3=0
SELECT busy=331
SELECT w0=329
SELECT w1=251
SELECT w2=289
BUSY TASK ewma=997
DMA IRQ c0=0
DMA IRQ c1=2
DMA IRQ c2=0
DMA IRQ c3=0
SELECT busy=352
SELECT w0=349
SELECT w1=260
SELECT w2=297
BUSY TASK ewma=997
DMA IRQ c0=0
DMA IRQ c1=2
DMA IRQ c2=0
DMA IRQ c3=0
SELECT busy=368
SELECT w0=365
SELECT w1=268
SELECT w2=305
BUSY TASK ewma=997
DMA IRQ c0=0
DMA IRQ c1=2
DMA IRQ c2=0
DMA IRQ c3=0
SELECT busy=390
SELECT w0=387
SELECT w1=279
SELECT w2=317
BUSY TASK ewma=997
DMA IRQ c0=0
DMA IRQ c1=2
DMA IRQ c2=0
DMA IRQ c3=0
SELECT busy=412
SELECT w0=409
SELECT w1=296
SELECT w2=333
BUSY TASK ewma=997
DMA IRQ c0=0
DMA IRQ c1=2
DMA IRQ c2=0
DMA IRQ c3=0
SELECT busy=431
SELECT w0=428
SELECT w1=306
SELECT w2=341
BUSY TASK ewma=997
DMA IRQ c0=0
DMA IRQ c1=2
DMA IRQ c2=0
DMA IRQ c3=0
SELECT busy=457
SELECT w0=454
SELECT w1=317
SELECT w2=355
BUSY TASK ewma=997
DMA IRQ c0=0
DMA IRQ c1=2
DMA IRQ c2=0
DMA IRQ c3=0
SELECT busy=475
SELECT w0=473
SELECT w1=326
SELECT w2=366
BUSY TASK ewma=997
DMA IRQ c0=0
DMA IRQ c1=2
DMA IRQ c2=0
DMA IRQ c3=0
SELECT busy=494
SELECT w0=491
SELECT w1=337
SELECT w2=377
BUSY TASK ewma=997
DMA IRQ c0=0
DMA IRQ c1=2
DMA IRQ c2=0
DMA IRQ c3=0
SELECT busy=506
SELECT w0=503
SELECT w1=343
SELECT w2=384
BUSY TASK ewma=997
DMA IRQ c0=0
DMA IRQ c1=2
DMA IRQ c2=0
DMA IRQ c3=0
SELECT busy=530
SELECT w0=528
SELECT w1=358
SELECT w2=397
BUSY TASK ewma=997
DMA IRQ c0=0
DMA IRQ c1=2
DMA IRQ c2=0
DMA IRQ c3=0
SELECT busy=549
SELECT w0=550
SELECT w1=372
SELECT w2=409
BUSY TASK ewma=997
DMA IRQ c0=0
DMA IRQ c1=2
DMA IRQ c2=0
DMA IRQ c3=0
SELECT busy=574
SELECT w0=571
SELECT w1=384
SELECT w2=419
BUSY TASK ewma=997
DMA IRQ c0=0
DMA IRQ c1=2
DMA IRQ c2=0
DMA IRQ c3=0
SELECT busy=587
SELECT w0=585
SELECT w1=392
SELECT w2=429
BUSY TASK ewma=997
DMA IRQ c0=0
DMA IRQ c1=2
DMA IRQ c2=0
DMA IRQ c3=0
SELECT busy=606
SELECT w0=604
SELECT w1=401
SELECT w2=434
BUSY TASK ewma=997
DMA IRQ c0=0
DMA IRQ c1=2
DMA IRQ c2=0
DMA IRQ c3=0
SELECT busy=622
SELECT w0=620
SELECT w1=409
SELECT w2=443
BUSY TASK ewma=997
DMA IRQ c0=0
DMA IRQ c1=2
DMA IRQ c2=0
DMA IRQ c3=0
SELECT busy=648
SELECT w0=646
SELECT w1=423
SELECT w2=456
BUSY TASK ewma=997
DMA IRQ c0=0
DMA IRQ c1=2
DMA IRQ c2=0
DMA IRQ c3=0
SELECT busy=681
SELECT w0=679
SELECT w1=442
SELECT w2=472
BUSY TASK ewma=997
DMA IRQ c0=0
DMA IRQ c1=2
DMA IRQ c2=0
DMA IRQ c3=0
SELECT busy=728
SELECT w0=727
SELECT w1=467
SELECT w2=502
BUSY TASK ewma=997
DMA IRQ c0=0
DMA IRQ c1=2
DMA IRQ c2=0
DMA IRQ c3=0
SELECT busy=755
SELECT w0=753
SELECT w1=483
SELECT w2=518
BUSY TASK ewma=997
DMA IRQ c0=0
DMA IRQ c1=2
DMA IRQ c2=0
DMA IRQ c3=0
SELECT busy=773
SELECT w0=771
SELECT w1=495
SELECT w2=527
BUSY TASK ewma=997
DMA IRQ c0=0
DMA IRQ c1=2
DMA IRQ c2=0
DMA IRQ c3=0
SELECT busy=791
SELECT w0=790
SELECT w1=511
SELECT w2=541
BUSY TASK ewma=997
DMA IRQ c0=0
DMA IRQ c1=2
DMA IRQ c2=0
DMA IRQ c3=0
SELECT busy=816
SELECT w0=813
SELECT w1=522
SELECT w2=553
BUSY TASK ewma=997
DMA IRQ c0=0
DMA IRQ c1=2
DMA IRQ c2=0
DMA IRQ c3=0
SELECT busy=851
SELECT w0=849
SELECT w1=543
SELECT w2=572
BUSY TASK ewma=997
DMA IRQ c0=0
DMA IRQ c1=2
DMA IRQ c2=0
DMA IRQ c3=0
SELECT busy=889
SELECT w0=887
SELECT w1=561
SELECT w2=591
BUSY TASK ewma=997
DMA IRQ c0=0
DMA IRQ c1=2
DMA IRQ c2=0
DMA IRQ c3=0
SELECT busy=928
SELECT w0=926
SELECT w1=582
SELECT w2=613
BUSY TASK ewma=997
DMA IRQ c0=0
DMA IRQ c1=2
DMA IRQ c2=0
DMA IRQ c3=0
SELECT busy=954
SELECT w0=951
SELECT w1=592
SELECT w2=623
BUSY TASK ewma=997
DMA IRQ c0=0
DMA IRQ c1=2
DMA IRQ c2=0
DMA IRQ c3=0
SELECT busy=978
SELECT w0=976
SELECT w1=605
SELECT w2=636
BUSY TASK ewma=997
DMA IRQ c0=0
DMA IRQ c1=2
DMA IRQ c2=0
DMA IRQ c3=0
SELECT busy=998
SELECT w0=995
SELECT w1=615
SELECT w2=646
BUSY TASK ewma=997
DMA IRQ c0=0
DMA IRQ c1=2
DMA IRQ c2=0
DMA IRQ c3=0
SELECT busy=1016
SELECT w0=1013
SELECT w1=622
SELECT w2=654
BUSY TASK ewma=997
DMA IRQ c0=0
DMA IRQ c1=2
DMA IRQ c2=0
DMA IRQ c3=0
SELECT busy=1038
SELECT w0=1037
SELECT w1=636
SELECT w2=670
BUSY TASK ewma=997
DMA IRQ c0=0
DMA IRQ c1=2
DMA IRQ c2=0
DMA IRQ c3=0
SELECT busy=1056
SELECT w0=1053
SELECT w1=644
SELECT w2=679
BUSY TASK ewma=997
DMA IRQ c0=0
DMA IRQ c1=2
DMA IRQ c2=0
DMA IRQ c3=0
SELECT busy=1077
SELECT w0=1075
SELECT w1=656
SELECT w2=692
BUSY TASK ewma=997
DMA IRQ c0=0
DMA IRQ c1=2
DMA IRQ c2=0
DMA IRQ c3=0
SELECT busy=1094
SELECT w0=1093
SELECT w1=666
SELECT w2=701
BUSY TASK ewma=997
DMA IRQ c0=0
DMA IRQ c1=2
DMA IRQ c2=0
DMA IRQ c3=0
SELECT busy=1119
SELECT w0=1116
SELECT w1=678
SELECT w2=711
BUSY TASK ewma=997
DMA IRQ c0=0
DMA IRQ c1=2
DMA IRQ c2=0
DMA IRQ c3=0
SELECT busy=1148
SELECT w0=1145
SELECT w1=693
SELECT w2=727
BUSY TASK ewma=997
DMA IRQ c0=0
DMA IRQ c1=2
DMA IRQ c2=0
DMA IRQ c3=0
SELECT busy=1179
SELECT w0=1177
SELECT w1=711
SELECT w2=743
BUSY TASK ewma=997
DMA IRQ c0=0
DMA IRQ c1=2
DMA IRQ c2=0
DMA IRQ c3=0
SELECT busy=1208
SELECT w0=1205
SELECT w1=727
SELECT w2=756
BUSY TASK ewma=997
DMA IRQ c0=0
DMA IRQ c1=2
DMA IRQ c2=0
DMA IRQ c3=0
SELECT busy=1233
SELECT w0=1230
SELECT w1=742
SELECT w2=777
BUSY TASK ewma=997
DMA IRQ c0=0
DMA IRQ c1=2
DMA IRQ c2=0
DMA IRQ c3=0
SELECT busy=1250
SELECT w0=1248
SELECT w1=754
SELECT w2=787
BUSY TASK ewma=997
DMA IRQ c0=0
DMA IRQ c1=2
DMA IRQ c2=0
DMA IRQ c3=0
SELECT busy=1268
SELECT w0=1265
SELECT w1=763
SELECT w2=797
BUSY TASK ewma=997
DMA IRQ c0=0
DMA IRQ c1=2
DMA IRQ c2=0
DMA IRQ c3=0
SELECT busy=1287
SELECT w0=1285
SELECT w1=775
SELECT w2=809
BUSY TASK ewma=997
DMA IRQ c0=0
DMA IRQ c1=2
DMA IRQ c2=0
DMA IRQ c3=0
SELECT busy=1313
SELECT w0=1311
SELECT w1=787
SELECT w2=825
BUSY TASK ewma=997
DMA IRQ c0=0
DMA IRQ c1=2
DMA IRQ c2=0
DMA IRQ c3=0
SELECT busy=1343
SELECT w0=1341
SELECT w1=804
SELECT w2=837
BUSY TASK ewma=997
DMA IRQ c0=0
DMA IRQ c1=2
DMA IRQ c2=0
DMA IRQ c3=0
SELECT busy=1367
SELECT w0=1364
SELECT w1=819
SELECT w2=849
BUSY TASK ewma=997
DMA IRQ c0=0
DMA IRQ c1=2
DMA IRQ c2=0
DMA IRQ c3=0
SELECT busy=1388
SELECT w0=1386
SELECT w1=832
SELECT w2=862
BUSY TASK ewma=997
DMA IRQ c0=0
DMA IRQ c1=2
DMA IRQ c2=0
DMA IRQ c3=0
SELECT busy=1406
SELECT w0=1403
SELECT w1=841
SELECT w2=873
BUSY TASK ewma=997
DMA IRQ c0=0
DMA IRQ c1=2
DMA IRQ c2=0
DMA IRQ c3=0
SELECT busy=1420
SELECT w0=1417
SELECT w1=847
SELECT w2=879
BUSY TASK ewma=997
DMA IRQ c0=0
DMA IRQ c1=2
DMA IRQ c2=0
DMA IRQ c3=0
SELECT busy=1440
SELECT w0=1438
SELECT w1=859
SELECT w2=893
BUSY TASK ewma=997
IRQ counts: cpu0=2918 cpu1=3335 cpu2=3317 cpu3=3437
SCHED secondaries: calls=10109 unexpected=0
SECTEST switches=10080 cpu1=35532484,34111226 cpu2=27687931,26333878 cpu3=46502413,39400618
PINGPONG rounds=672 pongs=673
DMA IRQ c0=0
DMA IRQ c1=2
DMA IRQ c2=0
DMA IRQ c3=0
SELECT busy=1478
SELECT w0=1475
SELECT w1=881
SELECT w2=913
BUSY TASK ewma=997
DMA IRQ c0=0
DMA IRQ c1=2
DMA IRQ c2=0
DMA IRQ c3=0
SELECT busy=1496
SELECT w0=1495
SELECT w1=895
SELECT w2=926
BUSY TASK ewma=997
DMA IRQ c0=0
DMA IRQ c1=2
DMA IRQ c2=0
DMA IRQ c3=0
SELECT busy=1520
SELECT w0=1517
SELECT w1=908
SELECT w2=936
BUSY TASK ewma=997
DMA IRQ c0=0
DMA IRQ c1=2
DMA IRQ c2=0
DMA IRQ c3=0
SELECT busy=1539
SELECT w0=1536
SELECT w1=921
SELECT w2=948
BUSY TASK ewma=997
DMA IRQ c0=0
DMA IRQ c1=2
DMA IRQ c2=0
DMA IRQ c3=0
SELECT busy=1555
SELECT w0=1552
SELECT w1=931
SELECT w2=960
BUSY TASK ewma=997
DMA IRQ c0=0
DMA IRQ c1=2
DMA IRQ c2=0
DMA IRQ c3=0
SELECT busy=1575
SELECT w0=1572
SELECT w1=943
SELECT w2=970
BUSY TASK ewma=997
DMA IRQ c0=0
DMA IRQ c1=2
DMA IRQ c2=0
DMA IRQ c3=0
SELECT busy=1609
SELECT w0=1607
SELECT w1=959
SELECT w2=989
BUSY TASK ewma=997
DMA IRQ c0=0
DMA IRQ c1=2
DMA IRQ c2=0
DMA IRQ c3=0
SELECT busy=1641
SELECT w0=1639
SELECT w1=975
SELECT w2=1005
BUSY TASK ewma=997
DMA IRQ c0=0
DMA IRQ c1=2
DMA IRQ c2=0
DMA IRQ c3=0
SELECT busy=1675
SELECT w0=1672
SELECT w1=993
SELECT w2=1023
BUSY TASK ewma=997
DMA IRQ c0=0
DMA IRQ c1=2
DMA IRQ c2=0
DMA IRQ c3=0
SELECT busy=1697
SELECT w0=1697
SELECT w1=1007
SELECT w2=1035
BUSY TASK ewma=997
DMA IRQ c0=0
DMA IRQ c1=2
DMA IRQ c2=0
DMA IRQ c3=0
SELECT busy=1716
SELECT w0=1714
SELECT w1=1016
SELECT w2=1046
BUSY TASK ewma=997
DMA IRQ c0=0
DMA IRQ c1=2
DMA IRQ c2=0
DMA IRQ c3=0
SELECT busy=1732
SELECT w0=1729
SELECT w1=1024
SELECT w2=1054
BUSY TASK ewma=997
DMA IRQ c0=0
DMA IRQ c1=2
DMA IRQ c2=0
DMA IRQ c3=0
SELECT busy=1749
SELECT w0=1747
SELECT w1=1033
SELECT w2=1065
BUSY TASK ewma=997
DMA IRQ c0=0
DMA IRQ c1=2
DMA IRQ c2=0
DMA IRQ c3=0
SELECT busy=1765
SELECT w0=1762
SELECT w1=1040
SELECT w2=1073
BUSY TASK ewma=997
DMA IRQ c0=0
DMA IRQ c1=2
DMA IRQ c2=0
DMA IRQ c3=0
SELECT busy=1784
SELECT w0=1782
SELECT w1=1052
SELECT w2=1086
BUSY TASK ewma=997
DMA IRQ c0=0
DMA IRQ c1=2
DMA IRQ c2=0
DMA IRQ c3=0
SELECT busy=1804
SELECT w0=1802
SELECT w1=1063
SELECT w2=1099
BUSY TASK ewma=997
DMA IRQ c0=0
DMA IRQ c1=2
DMA IRQ c2=0
DMA IRQ c3=0
SELECT busy=1829
SELECT w0=1826
SELECT w1=1076
SELECT w2=1111
BUSY TASK ewma=997
DMA IRQ c0=0
DMA IRQ c1=2
DMA IRQ c2=0
DMA IRQ c3=0
SELECT busy=1847
SELECT w0=1845
SELECT w1=1084
SELECT w2=1120
BUSY TASK ewma=997
DMA IRQ c0=0
DMA IRQ c1=2
DMA IRQ c2=0
DMA IRQ c3=0
SELECT busy=1868
SELECT w0=1866
SELECT w1=1095
SELECT w2=1131
BUSY TASK ewma=997
DMA IRQ c0=0
DMA IRQ c1=2
DMA IRQ c2=0
DMA IRQ c3=0
SELECT busy=1890
SELECT w0=1888
SELECT w1=1109
SELECT w2=1146
BUSY TASK ewma=997
DMA IRQ c0=0
DMA IRQ c1=2
DMA IRQ c2=0
DMA IRQ c3=0
SELECT busy=1915
SELECT w0=1913
SELECT w1=1122
SELECT w2=1160
BUSY TASK ewma=997
DMA IRQ c0=0
DMA IRQ c1=2
DMA IRQ c2=0
DMA IRQ c3=0
SELECT busy=1942
SELECT w0=1940
SELECT w1=1140
SELECT w2=1177
BUSY TASK ewma=997
DMA IRQ c0=0
DMA IRQ c1=2
DMA IRQ c2=0
DMA IRQ c3=0
SELECT busy=1961
SELECT w0=1958
SELECT w1=1149
SELECT w2=1184
BUSY TASK ewma=997
DMA IRQ c0=0
DMA IRQ c1=2
DMA IRQ c2=0
DMA IRQ c3=0
SELECT busy=1985
SELECT w0=1983
SELECT w1=1164
SELECT w2=1200
BUSY TASK ewma=997
DMA IRQ c0=0
DMA IRQ c1=2
DMA IRQ c2=0
DMA IRQ c3=0
SELECT busy=2002
SELECT w0=1999
SELECT w1=1172
SELECT w2=1209
BUSY TASK ewma=997
DMA IRQ c0=0
DMA IRQ c1=2
DMA IRQ c2=0
DMA IRQ c3=0
SELECT busy=2020
SELECT w0=2017
SELECT w1=1183
SELECT w2=1222
BUSY TASK ewma=997
DMA IRQ c0=0
DMA IRQ c1=2
DMA IRQ c2=0
DMA IRQ c3=0
SELECT busy=2040
SELECT w0=2038
SELECT w1=1197
SELECT w2=1233
BUSY TASK ewma=997
DMA IRQ c0=0
DMA IRQ c1=2
DMA IRQ c2=0
DMA IRQ c3=0
SELECT busy=2060
SELECT w0=2058
SELECT w1=1213
SELECT w2=1245
BUSY TASK ewma=997
DMA IRQ c0=0
DMA IRQ c1=2
DMA IRQ c2=0
DMA IRQ c3=0
SELECT busy=2082
SELECT w0=2079
SELECT w1=1226
SELECT w2=1259
BUSY TASK ewma=997
DMA IRQ c0=0
DMA IRQ c1=2
DMA IRQ c2=0
DMA IRQ c3=0
SELECT busy=2101
SELECT w0=2098
SELECT w1=1234
SELECT w2=1268
BUSY TASK ewma=997
DMA IRQ c0=0
DMA IRQ c1=2
DMA IRQ c2=0
DMA IRQ c3=0
SELECT busy=2122
SELECT w0=2120
SELECT w1=1248
SELECT w2=1286
BUSY TASK ewma=997
DMA IRQ c0=0
DMA IRQ c1=2
DMA IRQ c2=0
DMA IRQ c3=0
SELECT busy=2143
SELECT w0=2141
SELECT w1=1264
SELECT w2=1300
BUSY TASK ewma=997
DMA IRQ c0=0
DMA IRQ c1=2
DMA IRQ c2=0
DMA IRQ c3=0
SELECT busy=2166
SELECT w0=2164
SELECT w1=1280
SELECT w2=1311
BUSY TASK ewma=997
DMA IRQ c0=0
DMA IRQ c1=2
DMA IRQ c2=0
DMA IRQ c3=0
SELECT busy=2185
SELECT w0=2182
SELECT w1=1290
SELECT w2=1319
BUSY TASK ewma=997
DMA IRQ c0=0
DMA IRQ c1=2
DMA IRQ c2=0
DMA IRQ c3=0
SELECT busy=2200
SELECT w0=2197
SELECT w1=1297
SELECT w2=1327
BUSY TASK ewma=997
DMA IRQ c0=0
DMA IRQ c1=2
DMA IRQ c2=0
DMA IRQ c3=0
SELECT busy=2219
SELECT w0=2217
SELECT w1=1307
SELECT w2=1338
BUSY TASK ewma=997
DMA IRQ c0=0
DMA IRQ c1=2
DMA IRQ c2=0
DMA IRQ c3=0
SELECT busy=2234
SELECT w0=2232
SELECT w1=1317
SELECT w2=1349
BUSY TASK ewma=997
DMA IRQ c0=0
DMA IRQ c1=2
DMA IRQ c2=0
DMA IRQ c3=0
SELECT busy=2258
SELECT w0=2256
SELECT w1=1330
SELECT w2=1365
BUSY TASK ewma=997
DMA IRQ c0=0
DMA IRQ c1=2
DMA IRQ c2=0
DMA IRQ c3=0
SELECT busy=2274
SELECT w0=2271
SELECT w1=1340
SELECT w2=1376
BUSY TASK ewma=997
DMA IRQ c0=0
DMA IRQ c1=2
DMA IRQ c2=0
DMA IRQ c3=0
SELECT busy=2298
SELECT w0=2296
SELECT w1=1352
SELECT w2=1390
BUSY TASK ewma=997
DMA IRQ c0=0
DMA IRQ c1=2
DMA IRQ c2=0
DMA IRQ c3=0
SELECT busy=2318
SELECT w0=2315
SELECT w1=1363
SELECT w2=1404
BUSY TASK ewma=997
DMA IRQ c0=0
DMA IRQ c1=2
DMA IRQ c2=0
DMA IRQ c3=0
SELECT busy=2337
SELECT w0=2334
SELECT w1=1372
SELECT w2=1414
BUSY TASK ewma=997
DMA IRQ c0=0
DMA IRQ c1=2
DMA IRQ c2=0
DMA IRQ c3=0
SELECT busy=2356
SELECT w0=2354
SELECT w1=1382
SELECT w2=1424
BUSY TASK ewma=997
DMA IRQ c0=0
DMA IRQ c1=2
DMA IRQ c2=0
DMA IRQ c3=0
SELECT busy=2372
SELECT w0=2370
SELECT w1=1393
SELECT w2=1437
BUSY TASK ewma=997
DMA IRQ c0=0
DMA IRQ c1=2
DMA IRQ c2=0
DMA IRQ c3=0
SELECT busy=2393
SELECT w0=2390
SELECT w1=1400
SELECT w2=1447
BUSY TASK ewma=997
DMA IRQ c0=0
DMA IRQ c1=2
DMA IRQ c2=0
DMA IRQ c3=0
SELECT busy=2416
SELECT w0=2414
SELECT w1=1414
SELECT w2=1462
BUSY TASK ewma=997
DMA IRQ c0=0
DMA IRQ c1=2
DMA IRQ c2=0
DMA IRQ c3=0
SELECT busy=2434
SELECT w0=2431
SELECT w1=1424
SELECT w2=1474
BUSY TASK ewma=997
DMA IRQ c0=0
DMA IRQ c1=2
DMA IRQ c2=0
DMA IRQ c3=0
SELECT busy=2451
SELECT w0=2449
SELECT w1=1434
SELECT w2=1484
BUSY TASK ewma=997
DMA IRQ c0=0
DMA IRQ c1=2
DMA IRQ c2=0
DMA IRQ c3=0
SELECT busy=2474
SELECT w0=2472
SELECT w1=1451
SELECT w2=1498
BUSY TASK ewma=997
DMA IRQ c0=0
DMA IRQ c1=2
DMA IRQ c2=0
DMA IRQ c3=0
SELECT busy=2497
SELECT w0=2495
SELECT w1=1465
SELECT w2=1510
BUSY TASK ewma=997
DMA IRQ c0=0
DMA IRQ c1=2
DMA IRQ c2=0
DMA IRQ c3=0
SELECT busy=2519
SELECT w0=2516
SELECT w1=1476
SELECT w2=1520
BUSY TASK ewma=997
DMA IRQ c0=0
DMA IRQ c1=2
DMA IRQ c2=0
DMA IRQ c3=0
SELECT busy=2533
SELECT w0=2530
SELECT w1=1485
SELECT w2=1527
BUSY TASK ewma=997
DMA IRQ c0=0
DMA IRQ c1=2
DMA IRQ c2=0
DMA IRQ c3=0
SELECT busy=2550
SELECT w0=2547
SELECT w1=1495
SELECT w2=1536
BUSY TASK ewma=997
DMA IRQ c0=0
DMA IRQ c1=2
DMA IRQ c2=0
DMA IRQ c3=0
SELECT busy=2567
SELECT w0=2565
SELECT w1=1507
SELECT w2=1546
BUSY TASK ewma=997
DMA IRQ c0=0
DMA IRQ c1=2
DMA IRQ c2=0
DMA IRQ c3=0
SELECT busy=2583
SELECT w0=2581
SELECT w1=1516
SELECT w2=1553
BUSY TASK ewma=997
DMA IRQ c0=0
DMA IRQ c1=2
DMA IRQ c2=0
DMA IRQ c3=0
SELECT busy=2605
SELECT w0=2602
SELECT w1=1528
SELECT w2=1565
BUSY TASK ewma=997
DMA IRQ c0=0
DMA IRQ c1=2
DMA IRQ c2=0
DMA IRQ c3=0
SELECT busy=2619
SELECT w0=2617
SELECT w1=1536
SELECT w2=1573
BUSY TASK ewma=997
DMA IRQ c0=0
DMA IRQ c1=2
DMA IRQ c2=0
DMA IRQ c3=0
SELECT busy=2637
SELECT w0=2635
SELECT w1=1548
SELECT w2=1584
BUSY TASK ewma=997
DMA IRQ c0=0
DMA IRQ c1=2
DMA IRQ c2=0
DMA IRQ c3=0
SELECT busy=2658
SELECT w0=2655
SELECT w1=1562
SELECT w2=1596
BUSY TASK ewma=997
DMA IRQ c0=0
DMA IRQ c1=2
DMA IRQ c2=0
DMA IRQ c3=0
SELECT busy=2674
SELECT w0=2673
SELECT w1=1572
SELECT w2=1605
BUSY TASK ewma=997
DMA IRQ c0=0
DMA IRQ c1=2
DMA IRQ c2=0
DMA IRQ c3=0
SELECT busy=2692
SELECT w0=2690
SELECT w1=1584
SELECT w2=1617
BUSY TASK ewma=997
DMA IRQ c0=0
DMA IRQ c1=2
DMA IRQ c2=0
DMA IRQ c3=0
SELECT busy=2721
SELECT w0=2719
SELECT w1=1597
SELECT w2=1630
BUSY TASK ewma=997
DMA IRQ c0=0
DMA IRQ c1=2
DMA IRQ c2=0
DMA IRQ c3=0
SELECT busy=2741
SELECT w0=2738
SELECT w1=1607
SELECT w2=1638
BUSY TASK ewma=997
DMA IRQ c0=0
DMA IRQ c1=2
DMA IRQ c2=0
DMA IRQ c3=0
SELECT busy=2757
SELECT w0=2754
SELECT w1=1616
SELECT w2=1646
BUSY TASK ewma=997
IRQ counts: cpu0=5540 cpu1=6403 cpu2=6380 cpu3=6459
SCHED secondaries: calls=19250 unexpected=0
SECTEST switches=19208 cpu1=75395432,73635213 cpu2=56661375,54253043 cpu3=88228193,78169907
PINGPONG rounds=1212 pongs=1212
DMA IRQ c0=0
DMA IRQ c1=2
DMA IRQ c2=0
DMA IRQ c3=0
SELECT busy=2782
SELECT w0=2779
SELECT w1=1629
SELECT w2=1659
BUSY TASK ewma=997
DMA IRQ c0=0
DMA IRQ c1=2
DMA IRQ c2=0
DMA IRQ c3=0
SELECT busy=2811
SELECT w0=2808
SELECT w1=1644
SELECT w2=1674
BUSY TASK ewma=997
DMA IRQ c0=0
DMA IRQ c1=2
DMA IRQ c2=0
DMA IRQ c3=0
SELECT busy=2831
SELECT w0=2828
SELECT w1=1653
SELECT w2=1683
BUSY TASK ewma=997
DMA IRQ c0=0
DMA IRQ c1=2
DMA IRQ c2=0
DMA IRQ c3=0
SELECT busy=2847
SELECT w0=2845
SELECT w1=1664
SELECT w2=1692
BUSY TASK ewma=997
DMA IRQ c0=0
DMA IRQ c1=2
DMA IRQ c2=0
DMA IRQ c3=0
SELECT busy=2874
SELECT w0=2871
SELECT w1=1678
SELECT w2=1709
BUSY TASK ewma=997
DMA IRQ c0=0
DMA IRQ c1=2
DMA IRQ c2=0
DMA IRQ c3=0
SELECT busy=2907
SELECT w0=2905
SELECT w1=1697
SELECT w2=1729
BUSY TASK ewma=997
DMA IRQ c0=0
DMA IRQ c1=2
DMA IRQ c2=0
DMA IRQ c3=0
SELECT busy=2931
SELECT w0=2929
SELECT w1=1710
SELECT w2=1742
BUSY TASK ewma=997
DMA IRQ c0=0
DMA IRQ c1=2
DMA IRQ c2=0
DMA IRQ c3=0
SELECT busy=2951
SELECT w0=2950
SELECT w1=1725
SELECT w2=1755
BUSY TASK ewma=997
DMA IRQ c0=0
DMA IRQ c1=2
DMA IRQ c2=0
DMA IRQ c3=0
SELECT busy=2977
SELECT w0=2974
SELECT w1=1738
SELECT w2=1764
BUSY TASK ewma=997
DMA IRQ c0=0
DMA IRQ c1=2
DMA IRQ c2=0
DMA IRQ c3=0
SELECT busy=2998
SELECT w0=2995
SELECT w1=1751
SELECT w2=1780
BUSY TASK ewma=997
DMA IRQ c0=0
DMA IRQ c1=2
DMA IRQ c2=0
DMA IRQ c3=0
SELECT busy=3029
SELECT w0=3026
SELECT w1=1766
SELECT w2=1795
BUSY TASK ewma=997
DMA IRQ c0=0
DMA IRQ c1=2
DMA IRQ c2=0
DMA IRQ c3=0
SELECT busy=3068
SELECT w0=3067
SELECT w1=1785
SELECT w2=1821
BUSY TASK ewma=997
DMA IRQ c0=0
DMA IRQ c1=2
DMA IRQ c2=0
DMA IRQ c3=0
SELECT busy=3093
SELECT w0=3093
SELECT w1=1799
SELECT w2=1836
BUSY TASK ewma=997
DMA IRQ c0=0
DMA IRQ c1=2
DMA IRQ c2=0
DMA IRQ c3=0
SELECT busy=3115
SELECT w0=3113
SELECT w1=1812
SELECT w2=1846
BUSY TASK ewma=997
DMA IRQ c0=0
DMA IRQ c1=2
DMA IRQ c2=0
DMA IRQ c3=0
SELECT busy=3133
SELECT w0=3130
SELECT w1=1821
SELECT w2=1856
BUSY TASK ewma=997
DMA IRQ c0=0
DMA IRQ c1=2
DMA IRQ c2=0
DMA IRQ c3=0
SELECT busy=3167
SELECT w0=3165
SELECT w1=1840
SELECT w2=1874
BUSY TASK ewma=997
DMA IRQ c0=0
DMA IRQ c1=2
DMA IRQ c2=0
DMA IRQ c3=0
SELECT busy=3209
SELECT w0=3206
SELECT w1=1865
SELECT w2=1894
BUSY TASK ewma=997
DMA IRQ c0=0
DMA IRQ c1=2
DMA IRQ c2=0
DMA IRQ c3=0
SELECT busy=3238
SELECT w0=3235
SELECT w1=1880
SELECT w2=1912
BUSY TASK ewma=997
DMA IRQ c0=0
DMA IRQ c1=2
DMA IRQ c2=0
DMA IRQ c3=0
SELECT busy=3268
SELECT w0=3267
SELECT w1=1899
SELECT w2=1930
BUSY TASK ewma=997
DMA IRQ c0=0
DMA IRQ c1=2
DMA IRQ c2=0
DMA IRQ c3=0
SELECT busy=3314
SELECT w0=3312
SELECT w1=1921
SELECT w2=1954
BUSY TASK ewma=997
DMA IRQ c0=0
DMA IRQ c1=2
DMA IRQ c2=0
DMA IRQ c3=0
SELECT busy=3337
SELECT w0=3335
SELECT w1=1934
SELECT w2=1968
BUSY TASK ewma=997
DMA IRQ c0=0
DMA IRQ c1=2
DMA IRQ c2=0
DMA IRQ c3=0
SELECT busy=3353
SELECT w0=3351
SELECT w1=1945
SELECT w2=1979
BUSY TASK ewma=997
DMA IRQ c0=0
DMA IRQ c1=2
DMA IRQ c2=0
DMA IRQ c3=0
SELECT busy=3368
SELECT w0=3367
SELECT w1=1953
SELECT w2=1988
BUSY TASK ewma=997
DMA IRQ c0=0
DMA IRQ c1=2
DMA IRQ c2=0
DMA IRQ c3=0
SELECT busy=3389
SELECT w0=3386
SELECT w1=1964
SELECT w2=1997
BUSY TASK ewma=997
DMA IRQ c0=0
DMA IRQ c1=2
DMA IRQ c2=0
DMA IRQ c3=0
SELECT busy=3407
SELECT w0=3404
SELECT w1=1973
SELECT w2=2007
BUSY TASK ewma=997
DMA IRQ c0=0
DMA IRQ c1=2
DMA IRQ c2=0
DMA IRQ c3=0
SELECT busy=3429
SELECT w0=3427
SELECT w1=1987
SELECT w2=2019
BUSY TASK ewma=997
DMA IRQ c0=0
DMA IRQ c1=2
DMA IRQ c2=0
DMA IRQ c3=0
SELECT busy=3447
SELECT w0=3444
SELECT w1=1997
SELECT w2=2028
BUSY TASK ewma=997
DMA IRQ c0=0
DMA IRQ c1=2
DMA IRQ c2=0
DMA IRQ c3=0
SELECT busy=3464
SELECT w0=3461
SELECT w1=2007
SELECT w2=2037
BUSY TASK ewma=997
DMA IRQ c0=0
DMA IRQ c1=2
DMA IRQ c2=0
DMA IRQ c3=0
SELECT busy=3489
SELECT w0=3488
SELECT w1=2024
SELECT w2=2054
BUSY TASK ewma=997
DMA IRQ c0=0
DMA IRQ c1=2
DMA IRQ c2=0
DMA IRQ c3=0
SELECT busy=3514
SELECT w0=3511
SELECT w1=2034
SELECT w2=2065
BUSY TASK ewma=997
DMA IRQ c0=0
DMA IRQ c1=2
DMA IRQ c2=0
DMA IRQ c3=0
SELECT busy=3531
SELECT w0=3529
SELECT w1=2043
SELECT w2=2074
BUSY TASK ewma=997
DMA IRQ c0=0
DMA IRQ c1=2
DMA IRQ c2=0
DMA IRQ c3=0
SELECT busy=3548
SELECT w0=3545
SELECT w1=2053
SELECT w2=2083
BUSY TASK ewma=997
DMA IRQ c0=0
DMA IRQ c1=2
DMA IRQ c2=0
DMA IRQ c3=0
SELECT busy=3568
SELECT w0=3565
SELECT w1=2064
SELECT w2=2096
BUSY TASK ewma=997
DMA IRQ c0=0
DMA IRQ c1=2
DMA IRQ c2=0
DMA IRQ c3=0
SELECT busy=3590
SELECT w0=3588
SELECT w1=2076
SELECT w2=2108
BUSY TASK ewma=997
DMA IRQ c0=0
DMA IRQ c1=2
DMA IRQ c2=0
DMA IRQ c3=0
SELECT busy=3607
SELECT w0=3605
SELECT w1=2085
SELECT w2=2116
BUSY TASK ewma=997
DMA IRQ c0=0
DMA IRQ c1=2
DMA IRQ c2=0
DMA IRQ c3=0
SELECT busy=3626
SELECT w0=3623
SELECT w1=2096
SELECT w2=2127
BUSY TASK ewma=997
DMA IRQ c0=0
DMA IRQ c1=2
DMA IRQ c2=0
DMA IRQ c3=0
SELECT busy=3644
SELECT w0=3641
SELECT w1=2105
SELECT w2=2139
BUSY TASK ewma=997
DMA IRQ c0=0
DMA IRQ c1=2
DMA IRQ c2=0
DMA IRQ c3=0
SELECT busy=3659
SELECT w0=3657
SELECT w1=2114
SELECT w2=2148
BUSY TASK ewma=997
DMA IRQ c0=0
DMA IRQ c1=2
DMA IRQ c2=0
DMA IRQ c3=0
SELECT busy=3678
SELECT w0=3677
SELECT w1=2125
SELECT w2=2158
BUSY TASK ewma=997
DMA IRQ c0=0
DMA IRQ c1=2
DMA IRQ c2=0
DMA IRQ c3=0
SELECT busy=3697
SELECT w0=3694
SELECT w1=2136
SELECT w2=2168
BUSY TASK ewma=997
DMA IRQ c0=0
DMA IRQ c1=2
DMA IRQ c2=0
DMA IRQ c3=0
SELECT busy=3717
SELECT w0=3715
SELECT w1=2149
SELECT w2=2183
BUSY TASK ewma=997
DMA IRQ c0=0
DMA IRQ c1=2
DMA IRQ c2=0
DMA IRQ c3=0
SELECT busy=3733
SELECT w0=3730
SELECT w1=2157
SELECT w2=2191
BUSY TASK ewma=997
DMA IRQ c0=0
DMA IRQ c1=2
DMA IRQ c2=0
DMA IRQ c3=0
SELECT busy=3752
SELECT w0=3749
SELECT w1=2170
SELECT w2=2202
BUSY TASK ewma=997
DMA IRQ c0=0
DMA IRQ c1=2
DMA IRQ c2=0
DMA IRQ c3=0
SELECT busy=3770
SELECT w0=3768
SELECT w1=2180
SELECT w2=2211
BUSY TASK ewma=997
DMA IRQ c0=0
DMA IRQ c1=2
DMA IRQ c2=0
DMA IRQ c3=0
SELECT busy=3789
SELECT w0=3787
SELECT w1=2189
SELECT w2=2224
BUSY TASK ewma=997
DMA IRQ c0=0
DMA IRQ c1=2
DMA IRQ c2=0
DMA IRQ c3=0
SELECT busy=3811
SELECT w0=3809
SELECT w1=2202
SELECT w2=2236
BUSY TASK ewma=997
DMA IRQ c0=0
DMA IRQ c1=2
DMA IRQ c2=0
DMA IRQ c3=0
SELECT busy=3827
SELECT w0=3825
SELECT w1=2211
SELECT w2=2244
BUSY TASK ewma=997
DMA IRQ c0=0
DMA IRQ c1=2
DMA IRQ c2=0
DMA IRQ c3=0
SELECT busy=3849
SELECT w0=3847
SELECT w1=2222
SELECT w2=2256
BUSY TASK ewma=997
DMA IRQ c0=0
DMA IRQ c1=2
DMA IRQ c2=0
DMA IRQ c3=0
SELECT busy=3873
SELECT w0=3870
SELECT w1=2232
SELECT w2=2266
BUSY TASK ewma=997
DMA IRQ c0=0
DMA IRQ c1=2
DMA IRQ c2=0
DMA IRQ c3=0
SELECT busy=3900
SELECT w0=3899
SELECT w1=2245
SELECT w2=2287
BUSY TASK ewma=997
DMA IRQ c0=0
DMA IRQ c1=2
DMA IRQ c2=0
DMA IRQ c3=0
SELECT busy=3920
SELECT w0=3918
SELECT w1=2255
SELECT w2=2297
BUSY TASK ewma=997
DMA IRQ c0=0
DMA IRQ c1=2
DMA IRQ c2=0
DMA IRQ c3=0
SELECT busy=3941
SELECT w0=3939
SELECT w1=2265
SELECT w2=2307
BUSY TASK ewma=997
DMA IRQ c0=0
DMA IRQ c1=2
DMA IRQ c2=0
DMA IRQ c3=0
SELECT busy=3964
SELECT w0=3962
SELECT w1=2278
SELECT w2=2321
BUSY TASK ewma=997
DMA IRQ c0=0
DMA IRQ c1=2
DMA IRQ c2=0
DMA IRQ c3=0
SELECT busy=3987
SELECT w0=3985
SELECT w1=2290
SELECT w2=2334
BUSY TASK ewma=997
DMA IRQ c0=0
DMA IRQ c1=2
DMA IRQ c2=0
DMA IRQ c3=0
SELECT busy=4004
SELECT w0=4002
SELECT w1=2300
SELECT w2=2344
BUSY TASK ewma=997
DMA IRQ c0=0
DMA IRQ c1=2
DMA IRQ c2=0
DMA IRQ c3=0
SELECT busy=4037
SELECT w0=4035
SELECT w1=2317
SELECT w2=2362
BUSY TASK ewma=997
DMA IRQ c0=0
DMA IRQ c1=2
DMA IRQ c2=0
DMA IRQ c3=0
SELECT busy=4078
SELECT w0=4076
SELECT w1=2337
SELECT w2=2382
BUSY TASK ewma=997
DMA IRQ c0=0
DMA IRQ c1=2
DMA IRQ c2=0
DMA IRQ c3=0
SELECT busy=4118
SELECT w0=4116
SELECT w1=2354
SELECT w2=2404
BUSY TASK ewma=997
DMA IRQ c0=0
DMA IRQ c1=2
DMA IRQ c2=0
DMA IRQ c3=0
SELECT busy=4157
SELECT w0=4154
SELECT w1=2375
SELECT w2=2424
BUSY TASK ewma=997
DMA IRQ c0=0
DMA IRQ c1=2
DMA IRQ c2=0
DMA IRQ c3=0
SELECT busy=4193
SELECT w0=4192
SELECT w1=2396
SELECT w2=2446
BUSY TASK ewma=997
DMA IRQ c0=0
DMA IRQ c1=2
DMA IRQ c2=0
DMA IRQ c3=0
SELECT busy=4229
SELECT w0=4226
SELECT w1=2415
SELECT w2=2465
BUSY TASK ewma=997
DMA IRQ c0=0
DMA IRQ c1=2
DMA IRQ c2=0
DMA IRQ c3=0
SELECT busy=4267
SELECT w0=4265
SELECT w1=2433
SELECT w2=2484
BUSY TASK ewma=997
DMA IRQ c0=0
DMA IRQ c1=2
DMA IRQ c2=0
DMA IRQ c3=0
SELECT busy=4300
SELECT w0=4297
SELECT w1=2451
SELECT w2=2500
BUSY TASK ewma=997
DMA IRQ c0=0
DMA IRQ c1=2
DMA IRQ c2=0
DMA IRQ c3=0
SELECT busy=4339
SELECT w0=4337
SELECT w1=2475
SELECT w2=2520
BUSY TASK ewma=997
IRQ counts: cpu0=8760 cpu1=10013 cpu2=10017 cpu3=10136
SCHED secondaries: calls=30181 unexpected=0
SECTEST switches=30157 cpu1=112655877,109614550 cpu2=87752832,83014179 cpu3=129779775,119582864
PINGPONG rounds=1806 pongs=1807
DMA IRQ c0=0
DMA IRQ c1=2
DMA IRQ c2=0
DMA IRQ c3=0
SELECT busy=4400
SELECT w0=4398
SELECT w1=2509
SELECT w2=2552
BUSY TASK ewma=997
DMA IRQ c0=0
DMA IRQ c1=2
DMA IRQ c2=0
DMA IRQ c3=0
SELECT busy=4439
SELECT w0=4437
SELECT w1=2531
SELECT w2=2570
BUSY TASK ewma=997
DMA IRQ c0=0
DMA IRQ c1=2
DMA IRQ c2=0
DMA IRQ c3=0
SELECT busy=4458
SELECT w0=4456
SELECT w1=2540
SELECT w2=2581
BUSY TASK ewma=997
DMA IRQ c0=0
DMA IRQ c1=2
DMA IRQ c2=0
DMA IRQ c3=0
SELECT busy=4478
SELECT w0=4476
SELECT w1=2554
SELECT w2=2596
BUSY TASK ewma=997
DMA IRQ c0=0
DMA IRQ c1=2
DMA IRQ c2=0
DMA IRQ c3=0
SELECT busy=4506
SELECT w0=4504
SELECT w1=2572
SELECT w2=2613
BUSY TASK ewma=997
DMA IRQ c0=0
DMA IRQ c1=2
DMA IRQ c2=0
DMA IRQ c3=0
SELECT busy=4523
SELECT w0=4520
SELECT w1=2582
SELECT w2=2623
BUSY TASK ewma=997
DMA IRQ c0=0
DMA IRQ c1=2
DMA IRQ c2=0
DMA IRQ c3=0
SELECT busy=4541
SELECT w0=4539
SELECT w1=2592
SELECT w2=2636
BUSY TASK ewma=997
DMA IRQ c0=0
DMA IRQ c1=2
DMA IRQ c2=0
DMA IRQ c3=0
SELECT busy=4563
SELECT w0=4562
SELECT w1=2608
SELECT w2=2649
BUSY TASK ewma=997
DMA IRQ c0=0
DMA IRQ c1=2
DMA IRQ c2=0
DMA IRQ c3=0
SELECT busy=4581
SELECT w0=4579
SELECT w1=2617
SELECT w2=2658
BUSY TASK ewma=997
DMA IRQ c0=0
DMA IRQ c1=2
DMA IRQ c2=0
DMA IRQ c3=0
SELECT busy=4596
SELECT w0=4594
SELECT w1=2626
SELECT w2=2667
BUSY TASK ewma=997
DMA IRQ c0=0
DMA IRQ c1=2
DMA IRQ c2=0
DMA IRQ c3=0
SELECT busy=4619
SELECT w0=4616
SELECT w1=2635
SELECT w2=2676
BUSY TASK ewma=997
DMA IRQ c0=0
DMA IRQ c1=2
DMA IRQ c2=0
DMA IRQ c3=0
SELECT busy=4636
SELECT w0=4633
SELECT w1=2648
SELECT w2=2687
BUSY TASK ewma=997
DMA IRQ c0=0
DMA IRQ c1=2
DMA IRQ c2=0
DMA IRQ c3=0
SELECT busy=4654
SELECT w0=4653
SELECT w1=2658
SELECT w2=2697
BUSY TASK ewma=997
DMA IRQ c0=0
DMA IRQ c1=2
DMA IRQ c2=0
DMA IRQ c3=0
SELECT busy=4674
SELECT w0=4671
SELECT w1=2669
SELECT w2=2710
BUSY TASK ewma=997
DMA IRQ c0=0
DMA IRQ c1=2
DMA IRQ c2=0
DMA IRQ c3=0
SELECT busy=4690
SELECT w0=4688
SELECT w1=2678
SELECT w2=2720
BUSY TASK ewma=997
DMA IRQ c0=0
DMA IRQ c1=2
DMA IRQ c2=0
DMA IRQ c3=0
SELECT busy=4707
SELECT w0=4705
SELECT w1=2686
SELECT w2=2726
BUSY TASK ewma=997
DMA IRQ c0=0
DMA IRQ c1=2
DMA IRQ c2=0
DMA IRQ c3=0
SELECT busy=4730
SELECT w0=4728
SELECT w1=2695
SELECT w2=2736
BUSY TASK ewma=997
DMA IRQ c0=0
DMA IRQ c1=2
DMA IRQ c2=0
DMA IRQ c3=0
SELECT busy=4752
SELECT w0=4750
SELECT w1=2705
SELECT w2=2746
BUSY TASK ewma=997
DMA IRQ c0=0
DMA IRQ c1=2
DMA IRQ c2=0
DMA IRQ c3=0
SELECT busy=4778
SELECT w0=4775
SELECT w1=2717
SELECT w2=2759
BUSY TASK ewma=997
DMA IRQ c0=0
DMA IRQ c1=2
DMA IRQ c2=0
DMA IRQ c3=0
SELECT busy=4799
SELECT w0=4797
SELECT w1=2729
SELECT w2=2770
BUSY TASK ewma=997
DMA IRQ c0=0
DMA IRQ c1=2
DMA IRQ c2=0
DMA IRQ c3=0
SELECT busy=4819
SELECT w0=4817
SELECT w1=2741
SELECT w2=2781
BUSY TASK ewma=997
DMA IRQ c0=0
DMA IRQ c1=2
DMA IRQ c2=0
DMA IRQ c3=0
SELECT busy=4835
SELECT w0=4833
SELECT w1=2750
SELECT w2=2790
BUSY TASK ewma=997
DMA IRQ c0=0
DMA IRQ c1=2
DMA IRQ c2=0
DMA IRQ c3=0
SELECT busy=4852
SELECT w0=4849
SELECT w1=2758
SELECT w2=2799
BUSY TASK ewma=997
DMA IRQ c0=0
DMA IRQ c1=2
DMA IRQ c2=0
DMA IRQ c3=0
SELECT busy=4869
SELECT w0=4866
SELECT w1=2767
SELECT w2=2809
BUSY TASK ewma=997
DMA IRQ c0=0
DMA IRQ c1=2
DMA IRQ c2=0
DMA IRQ c3=0
SELECT busy=4893
SELECT w0=4891
SELECT w1=2782
SELECT w2=2822
BUSY TASK ewma=997
DMA IRQ c0=0
DMA IRQ c1=2
DMA IRQ c2=0
DMA IRQ c3=0
SELECT busy=4913
SELECT w0=4910
SELECT w1=2789
SELECT w2=2830
BUSY TASK ewma=997
DMA IRQ c0=0
DMA IRQ c1=2
DMA IRQ c2=0
DMA IRQ c3=0
SELECT busy=4941
SELECT w0=4938
SELECT w1=2800
SELECT w2=2844
BUSY TASK ewma=997
DMA IRQ c0=0
DMA IRQ c1=2
DMA IRQ c2=0
DMA IRQ c3=0
SELECT busy=4960
SELECT w0=4958
SELECT w1=2811
SELECT w2=2856
BUSY TASK ewma=997
DMA IRQ c0=0
DMA IRQ c1=2
DMA IRQ c2=0
DMA IRQ c3=0
SELECT busy=4982
SELECT w0=4980
SELECT w1=2827
SELECT w2=2869
BUSY TASK ewma=997
DMA IRQ c0=0
DMA IRQ c1=2
DMA IRQ c2=0
DMA IRQ c3=0
SELECT busy=5001
SELECT w0=4999
SELECT w1=2837
SELECT w2=2880
BUSY TASK ewma=997
DMA IRQ c0=0
DMA IRQ c1=2
DMA IRQ c2=0
DMA IRQ c3=0
SELECT busy=5018
SELECT w0=5016
SELECT w1=2847
SELECT w2=2894
BUSY TASK ewma=997
DMA IRQ c0=0
DMA IRQ c1=2
DMA IRQ c2=0
DMA IRQ c3=0
SELECT busy=5041
SELECT w0=5038
SELECT w1=2856
SELECT w2=2906
BUSY TASK ewma=997
DMA IRQ c0=0
DMA IRQ c1=2
DMA IRQ c2=0
DMA IRQ c3=0
SELECT busy=5062
SELECT w0=5059
SELECT w1=2863
SELECT w2=2914
BUSY TASK ewma=997
DMA IRQ c0=0
DMA IRQ c1=2
DMA IRQ c2=0
DMA IRQ c3=0
SELECT busy=5081
SELECT w0=5079
SELECT w1=2872
SELECT w2=2925
BUSY TASK ewma=997
DMA IRQ c0=0
DMA IRQ c1=2
DMA IRQ c2=0
DMA IRQ c3=0
SELECT busy=5100
SELECT w0=5097
SELECT w1=2879
SELECT w2=2932
BUSY TASK ewma=997
DMA IRQ c0=0
DMA IRQ c1=2
DMA IRQ c2=0
DMA IRQ c3=0
SELECT busy=5118
SELECT w0=5115
SELECT w1=2885
SELECT w2=2939
BUSY TASK ewma=997
DMA IRQ c0=0
DMA IRQ c1=2
DMA IRQ c2=0
DMA IRQ c3=0
SELECT busy=5136
SELECT w0=5133
SELECT w1=2893
SELECT w2=2948
BUSY TASK ewma=997
DMA IRQ c0=0
DMA IRQ c1=2
DMA IRQ c2=0
DMA IRQ c3=0
SELECT busy=5158
SELECT w0=5155
SELECT w1=2900
SELECT w2=2957
BUSY TASK ewma=997
DMA IRQ c0=0
DMA IRQ c1=2
DMA IRQ c2=0
DMA IRQ c3=0
SELECT busy=5175
SELECT w0=5172
SELECT w1=2905
SELECT w2=2964
BUSY TASK ewma=997
DMA IRQ c0=0
DMA IRQ c1=2
DMA IRQ c2=0
DMA IRQ c3=0
SELECT busy=5195
SELECT w0=5194
SELECT w1=2917
SELECT w2=2979
BUSY TASK ewma=997
DMA IRQ c0=0
DMA IRQ c1=2
DMA IRQ c2=0
DMA IRQ c3=0
SELECT busy=5215
SELECT w0=5213
SELECT w1=2926
SELECT w2=2992
BUSY TASK ewma=997
DMA IRQ c0=0
DMA IRQ c1=2
DMA IRQ c2=0
DMA IRQ c3=0
SELECT busy=5233
SELECT w0=5230
SELECT w1=2934
SELECT w2=3002
BUSY TASK ewma=997
DMA IRQ c0=0
DMA IRQ c1=2
DMA IRQ c2=0
DMA IRQ c3=0
SELECT busy=5251
SELECT w0=5249
SELECT w1=2945
SELECT w2=3013
BUSY TASK ewma=997
DMA IRQ c0=0
DMA IRQ c1=2
DMA IRQ c2=0
DMA IRQ c3=0
SELECT busy=5270
SELECT w0=5268
SELECT w1=2958
SELECT w2=3027
BUSY TASK ewma=997
DMA IRQ c0=0
DMA IRQ c1=2
DMA IRQ c2=0
DMA IRQ c3=0
SELECT busy=5292
SELECT w0=5289
SELECT w1=2968
SELECT w2=3037
BUSY TASK ewma=997
DMA IRQ c0=0
DMA IRQ c1=2
DMA IRQ c2=0
DMA IRQ c3=0
SELECT busy=5311
SELECT w0=5309
SELECT w1=2978
SELECT w2=3051
BUSY TASK ewma=997
DMA IRQ c0=0
DMA IRQ c1=2
DMA IRQ c2=0
DMA IRQ c3=0
SELECT busy=5331
SELECT w0=5329
SELECT w1=2988
SELECT w2=3062
BUSY TASK ewma=997
DMA IRQ c0=0
DMA IRQ c1=2
DMA IRQ c2=0
DMA IRQ c3=0
SELECT busy=5349
SELECT w0=5347
SELECT w1=2996
SELECT w2=3070
BUSY TASK ewma=997
DMA IRQ c0=0
DMA IRQ c1=2
DMA IRQ c2=0
DMA IRQ c3=0
SELECT busy=5366
SELECT w0=5364
SELECT w1=3004
SELECT w2=3081
BUSY TASK ewma=997
DMA IRQ c0=0
DMA IRQ c1=2
DMA IRQ c2=0
DMA IRQ c3=0
SELECT busy=5392
SELECT w0=5390
SELECT w1=3013
SELECT w2=3093
BUSY TASK ewma=997
DMA IRQ c0=0
DMA IRQ c1=2
DMA IRQ c2=0
DMA IRQ c3=0
SELECT busy=5410
SELECT w0=5410
SELECT w1=3023
SELECT w2=3104
BUSY TASK ewma=997
DMA IRQ c0=0
DMA IRQ c1=2
DMA IRQ c2=0
DMA IRQ c3=0
SELECT busy=5431
SELECT w0=5429
SELECT w1=3030
SELECT w2=3115
BUSY TASK ewma=997
DMA IRQ c0=0
DMA IRQ c1=2
DMA IRQ c2=0
DMA IRQ c3=0
SELECT busy=5456
SELECT w0=5454
SELECT w1=3043
SELECT w2=3132
BUSY TASK ewma=997
DMA IRQ c0=0
DMA IRQ c1=2
DMA IRQ c2=0
DMA IRQ c3=0
SELECT busy=5473
SELECT w0=5471
SELECT w1=3049
SELECT w2=3142
BUSY TASK ewma=997
DMA IRQ c0=0
DMA IRQ c1=2
DMA IRQ c2=0
DMA IRQ c3=0
SELECT busy=5494
SELECT w0=5492
SELECT w1=3059
SELECT w2=3154
BUSY TASK ewma=997
DMA IRQ c0=0
DMA IRQ c1=2
DMA IRQ c2=0
DMA IRQ c3=0
SELECT busy=5510
SELECT w0=5508
SELECT w1=3067
SELECT w2=3165
BUSY TASK ewma=997
DMA IRQ c0=0
DMA IRQ c1=2
DMA IRQ c2=0
DMA IRQ c3=0
SELECT busy=5531
SELECT w0=5529
SELECT w1=3076
SELECT w2=3181
BUSY TASK ewma=997
DMA IRQ c0=0
DMA IRQ c1=2
DMA IRQ c2=0
DMA IRQ c3=0
SELECT busy=5553
SELECT w0=5550
SELECT w1=3084
SELECT w2=3190
BUSY TASK ewma=997
DMA IRQ c0=0
DMA IRQ c1=2
DMA IRQ c2=0
DMA IRQ c3=0
SELECT busy=5571
SELECT w0=5570
SELECT w1=3096
SELECT w2=3205
BUSY TASK ewma=997
DMA IRQ c0=0
DMA IRQ c1=2
DMA IRQ c2=0
DMA IRQ c3=0
SELECT busy=5595
SELECT w0=5592
SELECT w1=3107
SELECT w2=3215
BUSY TASK ewma=997
DMA IRQ c0=0
DMA IRQ c1=2
DMA IRQ c2=0
DMA IRQ c3=0
SELECT busy=5608
SELECT w0=5606
SELECT w1=3114
SELECT w2=3224
BUSY TASK ewma=997
DMA IRQ c0=0
DMA IRQ c1=2
DMA IRQ c2=0
DMA IRQ c3=0
SELECT busy=5626
SELECT w0=5624
SELECT w1=3124
SELECT w2=3237
BUSY TASK ewma=997
DMA IRQ c0=0
DMA IRQ c1=2
DMA IRQ c2=0
DMA IRQ c3=0
SELECT busy=5647
SELECT w0=5644
SELECT w1=3132
SELECT w2=3247
BUSY TASK ewma=997
DMA IRQ c0=0
DMA IRQ c1=2
DMA IRQ c2=0
DMA IRQ c3=0
SELECT busy=5669
SELECT w0=5667
SELECT w1=3141
SELECT w2=3258
BUSY TASK ewma=997
IRQ counts: cpu0=11368 cpu1=12992 cpu2=12955 cpu3=13116
SCHED secondaries: calls=39071 unexpected=0
SECTEST switches=39030 cpu1=145665651,143059327 cpu2=118922672,112523366 cpu3=170961954,159586119
PINGPONG rounds=2000 pongs=2000
DMA IRQ c0=0
DMA IRQ c1=2
DMA IRQ c2=0
DMA IRQ c3=0
SELECT busy=5694
SELECT w0=5691
SELECT w1=3150
SELECT w2=3274
BUSY TASK ewma=997
DMA IRQ c0=0
DMA IRQ c1=2
DMA IRQ c2=0
DMA IRQ c3=0
SELECT busy=5712
SELECT w0=5709
SELECT w1=3158
SELECT w2=3284
BUSY TASK ewma=997
DMA IRQ c0=0
DMA IRQ c1=2
DMA IRQ c2=0
DMA IRQ c3=0
SELECT busy=5729
SELECT w0=5726
SELECT w1=3166
SELECT w2=3293
BUSY TASK ewma=997
DMA IRQ c0=0
DMA IRQ c1=2
DMA IRQ c2=0
DMA IRQ c3=0
SELECT busy=5744
SELECT w0=5741
SELECT w1=3173
SELECT w2=3302
BUSY TASK ewma=997
DMA IRQ c0=0
DMA IRQ c1=2
DMA IRQ c2=0
DMA IRQ c3=0
SELECT busy=5762
SELECT w0=5760
SELECT w1=3184
SELECT w2=3315
BUSY TASK ewma=997
DMA IRQ c0=0
DMA IRQ c1=2
DMA IRQ c2=0
DMA IRQ c3=0
SELECT busy=5804
SELECT w0=5801
SELECT w1=3202
SELECT w2=3339
BUSY TASK ewma=997
DMA IRQ c0=0
DMA IRQ c1=2
DMA IRQ c2=0
DMA IRQ c3=0
SELECT busy=5836
SELECT w0=5834
SELECT w1=3217
SELECT w2=3363
BUSY TASK ewma=997
DMA IRQ c0=0
DMA IRQ c1=2
DMA IRQ c2=0
DMA IRQ c3=0
SELECT busy=5877
SELECT w0=5876
SELECT w1=3237
SELECT w2=3387
BUSY TASK ewma=997
DMA IRQ c0=0
DMA IRQ c1=2
DMA IRQ c2=0
DMA IRQ c3=0
SELECT busy=5917
SELECT w0=5914
SELECT w1=3251
SELECT w2=3404
BUSY TASK ewma=997
DMA IRQ c0=0
DMA IRQ c1=2
DMA IRQ c2=0
DMA IRQ c3=0
SELECT busy=5945
SELECT w0=5942
SELECT w1=3263
SELECT w2=3420
BUSY TASK ewma=997
DMA IRQ c0=0
DMA IRQ c1=2
DMA IRQ c2=0
DMA IRQ c3=0
SELECT busy=5979
SELECT w0=5977
SELECT w1=3278
SELECT w2=3439
BUSY TASK ewma=997
DMA IRQ c0=0
DMA IRQ c1=2
DMA IRQ c2=0
DMA IRQ c3=0
SELECT busy=5994
SELECT w0=5992
SELECT w1=3285
SELECT w2=3448
BUSY TASK ewma=997
DMA IRQ c0=0
DMA IRQ c1=2
DMA IRQ c2=0
DMA IRQ c3=0
SELECT busy=6006
SELECT w0=6003
SELECT w1=3290
SELECT w2=3455
BUSY TASK ewma=997
DMA IRQ c0=0
DMA IRQ c1=2
DMA IRQ c2=0
DMA IRQ c3=0
SELECT busy=6020
SELECT w0=6018
SELECT w1=3297
SELECT w2=3464
BUSY TASK ewma=997
DMA IRQ c0=0
DMA IRQ c1=2
DMA IRQ c2=0
DMA IRQ c3=0
SELECT busy=6044
SELECT w0=6044
SELECT w1=3311
SELECT w2=3481
BUSY TASK ewma=997
DMA IRQ c0=0
DMA IRQ c1=2
DMA IRQ c2=0
DMA IRQ c3=0
SELECT busy=6085
SELECT w0=6082
SELECT w1=3327
SELECT w2=3504
BUSY TASK ewma=997
DMA IRQ c0=0
DMA IRQ c1=2
DMA IRQ c2=0
DMA IRQ c3=0
SELECT busy=6110
SELECT w0=6108
SELECT w1=3338
SELECT w2=3518
BUSY TASK ewma=997
DMA IRQ c0=0
DMA IRQ c1=2
DMA IRQ c2=0
DMA IRQ c3=0
SELECT busy=6124
SELECT w0=6122
SELECT w1=3344
SELECT w2=3527
BUSY TASK ewma=997
DMA IRQ c0=0
DMA IRQ c1=2
DMA IRQ c2=0
DMA IRQ c3=0
SELECT busy=6146
SELECT w0=6144
SELECT w1=3354
SELECT w2=3537
BUSY TASK ewma=997
DMA IRQ c0=0
DMA IRQ c1=2
DMA IRQ c2=0
DMA IRQ c3=0
SELECT busy=6162
SELECT w0=6160
SELECT w1=3360
SELECT w2=3544
BUSY TASK ewma=997
DMA IRQ c0=0
DMA IRQ c1=2
DMA IRQ c2=0
DMA IRQ c3=0
SELECT busy=6181
SELECT w0=6179
SELECT w1=3368
SELECT w2=3554
BUSY TASK ewma=997
DMA IRQ c0=0
DMA IRQ c1=2
DMA IRQ c2=0
DMA IRQ c3=0
SELECT busy=6196
SELECT w0=6194
SELECT w1=3376
SELECT w2=3563
BUSY TASK ewma=997
DMA IRQ c0=0
DMA IRQ c1=2
DMA IRQ c2=0
DMA IRQ c3=0
SELECT busy=6224
SELECT w0=6222
SELECT w1=3386
SELECT w2=3577
BUSY TASK ewma=997
DMA IRQ c0=0
DMA IRQ c1=2
DMA IRQ c2=0
DMA IRQ c3=0
SELECT busy=6267
SELECT w0=6265
SELECT w1=3407
SELECT w2=3598
BUSY TASK ewma=997
DMA IRQ c0=0
DMA IRQ c1=2
DMA IRQ c2=0
DMA IRQ c3=0
SELECT busy=6307
SELECT w0=6306
SELECT w1=3426
SELECT w2=3621
BUSY TASK ewma=997
DMA IRQ c0=0
DMA IRQ c1=2
DMA IRQ c2=0
DMA IRQ c3=0
SELECT busy=6349
SELECT w0=6346
SELECT w1=3441
SELECT w2=3641
BUSY TASK ewma=997
DMA IRQ c0=0
DMA IRQ c1=2
DMA IRQ c2=0
DMA IRQ c3=0
SELECT busy=6385
SELECT w0=6382
SELECT w1=3457
SELECT w2=3662
BUSY TASK ewma=997
DMA IRQ c0=0
DMA IRQ c1=2
DMA IRQ c2=0
DMA IRQ c3=0
SELECT busy=6422
SELECT w0=6419
SELECT w1=3472
SELECT w2=3682
BUSY TASK ewma=997
DMA IRQ c0=0
DMA IRQ c1=2
DMA IRQ c2=0
DMA IRQ c3=0
SELECT busy=6437
SELECT w0=6434
SELECT w1=3479
SELECT w2=3691
BUSY TASK ewma=997
DMA IRQ c0=0
DMA IRQ c1=2
DMA IRQ c2=0
DMA IRQ c3=0
SELECT busy=6455
SELECT w0=6452
SELECT w1=3486
SELECT w2=3700
BUSY TASK ewma=997
DMA IRQ c0=0
DMA IRQ c1=2
DMA IRQ c2=0
DMA IRQ c3=0
SELECT busy=6473
SELECT w0=6470
SELECT w1=3494
SELECT w2=3710
BUSY TASK ewma=997
DMA IRQ c0=0
DMA IRQ c1=2
DMA IRQ c2=0
DMA IRQ c3=0
SELECT busy=6496
SELECT w0=6494
SELECT w1=3506
SELECT w2=3725
BUSY TASK ewma=997
DMA IRQ c0=0
DMA IRQ c1=2
DMA IRQ c2=0
DMA IRQ c3=0
SELECT busy=6520
SELECT w0=6518
SELECT w1=3519
SELECT w2=3740
BUSY TASK ewma=997
DMA IRQ c0=0
DMA IRQ c1=2
DMA IRQ c2=0
DMA IRQ c3=0
SELECT busy=6536
SELECT w0=6533
SELECT w1=3527
SELECT w2=3751
BUSY TASK ewma=997
DMA IRQ c0=0
DMA IRQ c1=2
DMA IRQ c2=0
DMA IRQ c3=0
SELECT busy=6547
SELECT w0=6545
SELECT w1=3532
SELECT w2=3758
BUSY TASK ewma=997
DMA IRQ c0=0
DMA IRQ c1=2
DMA IRQ c2=0
DMA IRQ c3=0
SELECT busy=6560
SELECT w0=6558
SELECT w1=3539
SELECT w2=3766
BUSY TASK ewma=997
DMA IRQ c0=0
DMA IRQ c1=2
DMA IRQ c2=0
DMA IRQ c3=0
SELECT busy=6589
SELECT w0=6586
SELECT w1=3551
SELECT w2=3780
BUSY TASK ewma=997
DMA IRQ c0=0
DMA IRQ c1=2
DMA IRQ c2=0
DMA IRQ c3=0
SELECT busy=6619
SELECT w0=6616
SELECT w1=3564
SELECT w2=3795
BUSY TASK ewma=997
DMA IRQ c0=0
DMA IRQ c1=2
DMA IRQ c2=0
DMA IRQ c3=0
SELECT busy=6653
SELECT w0=6651
SELECT w1=3580
SELECT w2=3814
BUSY TASK ewma=997
DMA IRQ c0=0
DMA IRQ c1=2
DMA IRQ c2=0
DMA IRQ c3=0
SELECT busy=6687
SELECT w0=6685
SELECT w1=3593
SELECT w2=3830
BUSY TASK ewma=997
DMA IRQ c0=0
DMA IRQ c1=2
DMA IRQ c2=0
DMA IRQ c3=0
SELECT busy=6708
SELECT w0=6705
SELECT w1=3601
SELECT w2=3839
BUSY TASK ewma=997
DMA IRQ c0=0
DMA IRQ c1=2
DMA IRQ c2=0
DMA IRQ c3=0
SELECT busy=6738
SELECT w0=6735
SELECT w1=3617
SELECT w2=3858
BUSY TASK ewma=997
DMA IRQ c0=0
DMA IRQ c1=2
DMA IRQ c2=0
DMA IRQ c3=0
SELECT busy=6773
SELECT w0=6770
SELECT w1=3631
SELECT w2=3874
BUSY TASK ewma=997
DMA IRQ c0=0
DMA IRQ c1=2
DMA IRQ c2=0
DMA IRQ c3=0
SELECT busy=6796
SELECT w0=6794
SELECT w1=3643
SELECT w2=3888
BUSY TASK ewma=997
DMA IRQ c0=0
DMA IRQ c1=2
DMA IRQ c2=0
DMA IRQ c3=0
SELECT busy=6817
SELECT w0=6815
SELECT w1=3654
SELECT w2=3903
BUSY TASK ewma=997
DMA IRQ c0=0
DMA IRQ c1=2
DMA IRQ c2=0
DMA IRQ c3=0
SELECT busy=6841
SELECT w0=6838
SELECT w1=3663
SELECT w2=3913
BUSY TASK ewma=997
DMA IRQ c0=0
DMA IRQ c1=2
DMA IRQ c2=0
DMA IRQ c3=0
SELECT busy=6861
SELECT w0=6859
SELECT w1=3672
SELECT w2=3924
BUSY TASK ewma=997
DMA IRQ c0=0
DMA IRQ c1=2
DMA IRQ c2=0
DMA IRQ c3=0
SELECT busy=6878
SELECT w0=6876
SELECT w1=3679
SELECT w2=3930
BUSY TASK ewma=997
DMA IRQ c0=0
DMA IRQ c1=2
DMA IRQ c2=0
DMA IRQ c3=0
SELECT busy=6894
SELECT w0=6892
SELECT w1=3688
SELECT w2=3943
BUSY TASK ewma=997
DMA IRQ c0=0
DMA IRQ c1=2
DMA IRQ c2=0
DMA IRQ c3=0
SELECT busy=6923
SELECT w0=6920
SELECT w1=3701
SELECT w2=3958
BUSY TASK ewma=997
DMA IRQ c0=0
DMA IRQ c1=2
DMA IRQ c2=0
DMA IRQ c3=0
SELECT busy=6942
SELECT w0=6939
SELECT w1=3707
SELECT w2=3966
BUSY TASK ewma=997
DMA IRQ c0=0
DMA IRQ c1=2
DMA IRQ c2=0
DMA IRQ c3=0
SELECT busy=6962
SELECT w0=6960
SELECT w1=3717
SELECT w2=3978
BUSY TASK ewma=997
DMA IRQ c0=0
DMA IRQ c1=2
DMA IRQ c2=0
DMA IRQ c3=0
SELECT busy=6982
SELECT w0=6980
SELECT w1=3724
SELECT w2=3986
BUSY TASK ewma=997
DMA IRQ c0=0
DMA IRQ c1=2
DMA IRQ c2=0
DMA IRQ c3=0
SELECT busy=7002
SELECT w0=7001
SELECT w1=3733
SELECT w2=3998
BUSY TASK ewma=997
DMA IRQ c0=0
DMA IRQ c1=2
DMA IRQ c2=0
DMA IRQ c3=0
SELECT busy=7025
SELECT w0=7023
SELECT w1=3742
SELECT w2=4009
BUSY TASK ewma=997
DMA IRQ c0=0
DMA IRQ c1=2
DMA IRQ c2=0
DMA IRQ c3=0
SELECT busy=7044
SELECT w0=7041
SELECT w1=3748
SELECT w2=4016
BUSY TASK ewma=997
DMA IRQ c0=0
DMA IRQ c1=2
DMA IRQ c2=0
DMA IRQ c3=0
SELECT busy=7066
SELECT w0=7064
SELECT w1=3755
SELECT w2=4030
BUSY TASK ewma=997
DMA IRQ c0=0
DMA IRQ c1=2
DMA IRQ c2=0
DMA IRQ c3=0
SELECT busy=7088
SELECT w0=7086
SELECT w1=3767
SELECT w2=4041
BUSY TASK ewma=997
DMA IRQ c0=0
DMA IRQ c1=2
DMA IRQ c2=0
DMA IRQ c3=0
SELECT busy=7110
SELECT w0=7107
SELECT w1=3774
SELECT w2=4051
BUSY TASK ewma=997
DMA IRQ c0=0
DMA IRQ c1=2
DMA IRQ c2=0
DMA IRQ c3=0
SELECT busy=7130
SELECT w0=7127
SELECT w1=3781
SELECT w2=4062
BUSY TASK ewma=997
DMA IRQ c0=0
DMA IRQ c1=2
DMA IRQ c2=0
DMA IRQ c3=0
SELECT busy=7153
SELECT w0=7150
SELECT w1=3789
SELECT w2=4073
BUSY TASK ewma=997
DMA IRQ c0=0
DMA IRQ c1=2
DMA IRQ c2=0
DMA IRQ c3=0
SELECT busy=7172
SELECT w0=7170
SELECT w1=3796
SELECT w2=4082
BUSY TASK ewma=997
DMA IRQ c0=0
DMA IRQ c1=2
DMA IRQ c2=0
DMA IRQ c3=0
SELECT busy=7194
SELECT w0=7191
SELECT w1=3803
SELECT w2=4091
BUSY TASK ewma=997
DMA IRQ c0=0
DMA IRQ c1=2
DMA IRQ c2=0
DMA IRQ c3=0
SELECT busy=7213
SELECT w0=7211
SELECT w1=3813
SELECT w2=4104
BUSY TASK ewma=997
IRQ counts: cpu0=14464 cpu1=16375 cpu2=16342 cpu3=16447
SCHED secondaries: calls=49173 unexpected=0
SECTEST switches=49131 cpu1=174260805,171386629 cpu2=145519426,138810659 cpu3=209069019,195334229
PINGPONG rounds=2000 pongs=2000
DMA IRQ c0=0
DMA IRQ c1=2
DMA IRQ c2=0
DMA IRQ c3=0
SELECT busy=7242
SELECT w0=7239
SELECT w1=3826
SELECT w2=4120
BUSY TASK ewma=997
DMA IRQ c0=0
DMA IRQ c1=2
DMA IRQ c2=0
DMA IRQ c3=0
SELECT busy=7264
SELECT w0=7261
SELECT w1=3835
SELECT w2=4131
BUSY TASK ewma=997
DMA IRQ c0=0
DMA IRQ c1=2
DMA IRQ c2=0
DMA IRQ c3=0
SELECT busy=7286
SELECT w0=7284
SELECT w1=3847
SELECT w2=4146
BUSY TASK ewma=997
DMA IRQ c0=0
DMA IRQ c1=2
DMA IRQ c2=0
DMA IRQ c3=0
SELECT busy=7305
SELECT w0=7303
SELECT w1=3854
SELECT w2=4155
BUSY TASK ewma=997
DMA IRQ c0=0
DMA IRQ c1=2
DMA IRQ c2=0
DMA IRQ c3=0
SELECT busy=7325
SELECT w0=7322
SELECT w1=3861
SELECT w2=4164
BUSY TASK ewma=997
DMA IRQ c0=0
DMA IRQ c1=2
DMA IRQ c2=0
DMA IRQ c3=0
SELECT busy=7348
SELECT w0=7345
SELECT w1=3870
SELECT w2=4179
BUSY TASK ewma=997
DMA IRQ c0=0
DMA IRQ c1=2
DMA IRQ c2=0
DMA IRQ c3=0
SELECT busy=7369
SELECT w0=7367
SELECT w1=3880
SELECT w2=4193
BUSY TASK ewma=997
DMA IRQ c0=0
DMA IRQ c1=2
DMA IRQ c2=0
DMA IRQ c3=0
SELECT busy=7394
SELECT w0=7391
SELECT w1=3889
SELECT w2=4203
BUSY TASK ewma=997
DMA IRQ c0=0
DMA IRQ c1=2
DMA IRQ c2=0
DMA IRQ c3=0
SELECT busy=7412
SELECT w0=7410
SELECT w1=3895
SELECT w2=4211
BUSY TASK ewma=997
DMA IRQ c0=0
DMA IRQ c1=2
DMA IRQ c2=0
DMA IRQ c3=0
SELECT busy=7432
SELECT w0=7429
SELECT w1=3903
SELECT w2=4222
BUSY TASK ewma=997
DMA IRQ c0=0
DMA IRQ c1=2
DMA IRQ c2=0
DMA IRQ c3=0
SELECT busy=7444
SELECT w0=7441
SELECT w1=3908
SELECT w2=4231
BUSY TASK ewma=997
DMA IRQ c0=0
DMA IRQ c1=2
DMA IRQ c2=0
DMA IRQ c3=0
SELECT busy=7463
SELECT w0=7460
SELECT w1=3916
SELECT w2=4240
BUSY TASK ewma=997
DMA IRQ c0=0
DMA IRQ c1=2
DMA IRQ c2=0
DMA IRQ c3=0
SELECT busy=7483
SELECT w0=7481
SELECT w1=3925
SELECT w2=4253
BUSY TASK ewma=997
DMA IRQ c0=0
DMA IRQ c1=2
DMA IRQ c2=0
DMA IRQ c3=0
SELECT busy=7498
SELECT w0=7496
SELECT w1=3932
SELECT w2=4263
BUSY TASK ewma=997
DMA IRQ c0=0
DMA IRQ c1=2
DMA IRQ c2=0
DMA IRQ c3=0
SELECT busy=7515
SELECT w0=7513
SELECT w1=3940
SELECT w2=4275
BUSY TASK ewma=997
DMA IRQ c0=0
DMA IRQ c1=2
DMA IRQ c2=0
DMA IRQ c3=0
SELECT busy=7531
SELECT w0=7528
SELECT w1=3947
SELECT w2=4285
BUSY TASK ewma=997
DMA IRQ c0=0
DMA IRQ c1=2
DMA IRQ c2=0
DMA IRQ c3=0
SELECT busy=7558
SELECT w0=7556
SELECT w1=3960
SELECT w2=4303
BUSY TASK ewma=997
DMA IRQ c0=0
DMA IRQ c1=2
DMA IRQ c2=0
DMA IRQ c3=0
SELECT busy=7580
SELECT w0=7578
SELECT w1=3969
SELECT w2=4313
BUSY TASK ewma=997
DMA IRQ c0=0
DMA IRQ c1=2
DMA IRQ c2=0
DMA IRQ c3=0
SELECT busy=7600
SELECT w0=7597
SELECT w1=3977
SELECT w2=4322
BUSY TASK ewma=997
DMA IRQ c0=0
DMA IRQ c1=2
DMA IRQ c2=0
DMA IRQ c3=0
SELECT busy=7618
SELECT w0=7615
SELECT w1=3984
SELECT w2=4331
BUSY TASK ewma=997
DMA IRQ c0=0
DMA IRQ c1=2
DMA IRQ c2=0
DMA IRQ c3=0
SELECT busy=7636
SELECT w0=7633
SELECT w1=3991
SELECT w2=4339
BUSY TASK ewma=997
DMA IRQ c0=0
DMA IRQ c1=2
DMA IRQ c2=0
DMA IRQ c3=0
SELECT busy=7656
SELECT w0=7654
SELECT w1=3998
SELECT w2=4346
BUSY TASK ewma=997
DMA IRQ c0=0
DMA IRQ c1=2
DMA IRQ c2=0
DMA IRQ c3=0
SELECT busy=7676
SELECT w0=7673
SELECT w1=4005
SELECT w2=4355
BUSY TASK ewma=997
DMA IRQ c0=0
DMA IRQ c1=2
DMA IRQ c2=0
DMA IRQ c3=0
SELECT busy=7701
SELECT w0=7699
SELECT w1=4019
SELECT w2=4371
BUSY TASK ewma=997
DMA IRQ c0=0
DMA IRQ c1=2
DMA IRQ c2=0
DMA IRQ c3=0
SELECT busy=7726
SELECT w0=7724
SELECT w1=4032
SELECT w2=4387
BUSY TASK ewma=997
DMA IRQ c0=0
DMA IRQ c1=2
DMA IRQ c2=0
DMA IRQ c3=0
SELECT busy=7743
SELECT w0=7741
SELECT w1=4041
SELECT w2=4397
BUSY TASK ewma=997
DMA IRQ c0=0
DMA IRQ c1=2
DMA IRQ c2=0
DMA IRQ c3=0
SELECT busy=7763
SELECT w0=7761
SELECT w1=4048
SELECT w2=4405
BUSY TASK ewma=997
DMA IRQ c0=0
DMA IRQ c1=2
DMA IRQ c2=0
DMA IRQ c3=0
SELECT busy=7782
SELECT w0=7780
SELECT w1=4053
SELECT w2=4412
BUSY TASK ewma=997
DMA IRQ c0=0
DMA IRQ c1=2
DMA IRQ c2=0
DMA IRQ c3=0
SELECT busy=7800
SELECT w0=7797
SELECT w1=4057
SELECT w2=4419
BUSY TASK ewma=997
DMA IRQ c0=0
DMA IRQ c1=2
DMA IRQ c2=0
DMA IRQ c3=0
SELECT busy=7814
SELECT w0=7811
SELECT w1=4064
SELECT w2=4426
BUSY TASK ewma=997
DMA IRQ c0=0
DMA IRQ c1=2
DMA IRQ c2=0
DMA IRQ c3=0
SELECT busy=7830
SELECT w0=7827
SELECT w1=4071
SELECT w2=4435
BUSY TASK ewma=997
DMA IRQ c0=0
DMA IRQ c1=2
DMA IRQ c2=0
DMA IRQ c3=0
SELECT busy=7847
SELECT w0=7845
SELECT w1=4081
SELECT w2=4446
BUSY TASK ewma=997
DMA IRQ c0=0
DMA IRQ c1=2
DMA IRQ c2=0
DMA IRQ c3=0
SELECT busy=7865
SELECT w0=7863
SELECT w1=4092
SELECT w2=4460
BUSY TASK ewma=997
DMA IRQ c0=0
DMA IRQ c1=2
DMA IRQ c2=0
DMA IRQ c3=0
SELECT busy=7882
SELECT w0=7880
SELECT w1=4100
SELECT w2=4470
BUSY TASK ewma=997
DMA IRQ c0=0
DMA IRQ c1=2
DMA IRQ c2=0
DMA IRQ c3=0
SELECT busy=7901
SELECT w0=7900
SELECT w1=4110
SELECT w2=4487
BUSY TASK ewma=997
DMA IRQ c0=0
DMA IRQ c1=2
DMA IRQ c2=0
DMA IRQ c3=0
SELECT busy=7922
SELECT w0=7919
SELECT w1=4117
SELECT w2=4495
BUSY TASK ewma=997
DMA IRQ c0=0
DMA IRQ c1=2
DMA IRQ c2=0
DMA IRQ c3=0
SELECT busy=7939
SELECT w0=7936
SELECT w1=4127
SELECT w2=4506
BUSY TASK ewma=997
DMA IRQ c0=0
DMA IRQ c1=2
DMA IRQ c2=0
DMA IRQ c3=0
SELECT busy=7954
SELECT w0=7952
SELECT w1=4134
SELECT w2=4513
BUSY TASK ewma=997
DMA IRQ c0=0
DMA IRQ c1=2
DMA IRQ c2=0
DMA IRQ c3=0
SELECT busy=7974
SELECT w0=7971
SELECT w1=4141
SELECT w2=4523
BUSY TASK ewma=997
DMA IRQ c0=0
DMA IRQ c1=2
DMA IRQ c2=0
DMA IRQ c3=0
SELECT busy=7993
SELECT w0=7991
SELECT w1=4150
SELECT w2=4534
BUSY TASK ewma=997
DMA IRQ c0=0
DMA IRQ c1=2
DMA IRQ c2=0
DMA IRQ c3=0
SELECT busy=8009
SELECT w0=8006
SELECT w1=4157
SELECT w2=4543
BUSY TASK ewma=997
DMA IRQ c0=0
DMA IRQ c1=2
DMA IRQ c2=0
DMA IRQ c3=0
SELECT busy=8031
SELECT w0=8029
SELECT w1=4168
SELECT w2=4561
BUSY TASK ewma=997
DMA IRQ c0=0
DMA IRQ c1=2
DMA IRQ c2=0
DMA IRQ c3=0
SELECT busy=8051
SELECT w0=8050
SELECT w1=4179
SELECT w2=4575
BUSY TASK ewma=997
DMA IRQ c0=0
DMA IRQ c1=2
DMA IRQ c2=0
DMA IRQ c3=0
SELECT busy=8073
SELECT w0=8070
SELECT w1=4188
SELECT w2=4588
BUSY TASK ewma=997
DMA IRQ c0=0
DMA IRQ c1=2
DMA IRQ c2=0
DMA IRQ c3=0
SELECT busy=8102
SELECT w0=8100
SELECT w1=4204
SELECT w2=4612
BUSY TASK ewma=997
DMA IRQ c0=0
DMA IRQ c1=2
DMA IRQ c2=0
DMA IRQ c3=0
SELECT busy=8150
SELECT w0=8148
SELECT w1=4225
SELECT w2=4636
BUSY TASK ewma=997
DMA IRQ c0=0
DMA IRQ c1=2
DMA IRQ c2=0
DMA IRQ c3=0
SELECT busy=8192
SELECT w0=8190
SELECT w1=4245
SELECT w2=4661
BUSY TASK ewma=997
DMA IRQ c0=0
DMA IRQ c1=2
DMA IRQ c2=0
DMA IRQ c3=0
SELECT busy=8213
SELECT w0=8211
SELECT w1=4255
SELECT w2=4674
BUSY TASK ewma=997
DMA IRQ c0=0
DMA IRQ c1=2
DMA IRQ c2=0
DMA IRQ c3=0
SELECT busy=8235
SELECT w0=8233
SELECT w1=4265
SELECT w2=4686
BUSY TASK ewma=997
DMA IRQ c0=0
DMA IRQ c1=2
DMA IRQ c2=0
DMA IRQ c3=0
SELECT busy=8254
SELECT w0=8252
SELECT w1=4275
SELECT w2=4703
BUSY TASK ewma=997
DMA IRQ c0=0
DMA IRQ c1=2
DMA IRQ c2=0
DMA IRQ c3=0
SELECT busy=8272
SELECT w0=8270
SELECT w1=4284
SELECT w2=4715
BUSY TASK ewma=997
DMA IRQ c0=0
DMA IRQ c1=2
DMA IRQ c2=0
DMA IRQ c3=0
SELECT busy=8287
SELECT w0=8284
SELECT w1=4292
SELECT w2=4727
BUSY TASK ewma=997
DMA IRQ c0=0
DMA IRQ c1=2
DMA IRQ c2=0
DMA IRQ c3=0
SELECT busy=8304
SELECT w0=8301
SELECT w1=4299
SELECT w2=4735
BUSY TASK ewma=997
DMA IRQ c0=0
DMA IRQ c1=2
DMA IRQ c2=0
DMA IRQ c3=0
SELECT busy=8324
SELECT w0=8322
SELECT w1=4310
SELECT w2=4751
BUSY TASK ewma=997
DMA IRQ c0=0
DMA IRQ c1=2
DMA IRQ c2=0
DMA IRQ c3=0
SELECT busy=8347
SELECT w0=8345
SELECT w1=4322
SELECT w2=4766
BUSY TASK ewma=997
DMA IRQ c0=0
DMA IRQ c1=2
DMA IRQ c2=0
DMA IRQ c3=0
SELECT busy=8363
SELECT w0=8360
SELECT w1=4328
SELECT w2=4776
BUSY TASK ewma=997
DMA IRQ c0=0
DMA IRQ c1=2
DMA IRQ c2=0
DMA IRQ c3=0
SELECT busy=8381
SELECT w0=8379
SELECT w1=4338
SELECT w2=4789
BUSY TASK ewma=997
DMA IRQ c0=0
DMA IRQ c1=2
DMA IRQ c2=0
DMA IRQ c3=0
SELECT busy=8398
SELECT w0=8396
SELECT w1=4345
SELECT w2=4798
BUSY TASK ewma=997
DMA IRQ c0=0
DMA IRQ c1=2
DMA IRQ c2=0
DMA IRQ c3=0
SELECT busy=8409
SELECT w0=8407
SELECT w1=4351
SELECT w2=4806
BUSY TASK ewma=997
DMA IRQ c0=0
DMA IRQ c1=2
DMA IRQ c2=0
DMA IRQ c3=0
SELECT busy=8426
SELECT w0=8424
SELECT w1=4359
SELECT w2=4816
BUSY TASK ewma=997
DMA IRQ c0=0
DMA IRQ c1=2
DMA IRQ c2=0
DMA IRQ c3=0
SELECT busy=8446
SELECT w0=8443
SELECT w1=4366
SELECT w2=4823
BUSY TASK ewma=997
DMA IRQ c0=0
DMA IRQ c1=2
DMA IRQ c2=0
DMA IRQ c3=0
SELECT busy=8466
SELECT w0=8463
SELECT w1=4372
SELECT w2=4831
BUSY TASK ewma=997
DMA IRQ c0=0
DMA IRQ c1=2
DMA IRQ c2=0
DMA IRQ c3=0
SELECT busy=8485
SELECT w0=8482
SELECT w1=4380
SELECT w2=4841
BUSY TASK ewma=997
DMA IRQ c0=0
DMA IRQ c1=2
DMA IRQ c2=0
DMA IRQ c3=0
SELECT busy=8506
SELECT w0=8504
SELECT w1=4390
SELECT w2=4851
BUSY TASK ewma=997
IRQ counts: cpu0=17050 cpu1=19253 cpu2=19325 cpu3=19363
SCHED secondaries: calls=57948 unexpected=0
SECTEST switches=57911 cpu1=208220120,208689681 cpu2=175325567,170579421 cpu3=248834297,233985273
PINGPONG rounds=2000 pongs=2000
DMA IRQ c0=0
DMA IRQ c1=2
DMA IRQ c2=0
DMA IRQ c3=0
SELECT busy=8535
SELECT w0=8532
SELECT w1=4402
SELECT w2=4865
BUSY TASK ewma=997
DMA IRQ c0=0
DMA IRQ c1=2
DMA IRQ c2=0
DMA IRQ c3=0
SELECT busy=8552
SELECT w0=8549
SELECT w1=4411
SELECT w2=4878
BUSY TASK ewma=997
DMA IRQ c0=0
DMA IRQ c1=2
DMA IRQ c2=0
DMA IRQ c3=0
SELECT busy=8573
SELECT w0=8570
SELECT w1=4424
SELECT w2=4890
BUSY TASK ewma=997
DMA IRQ c0=0
DMA IRQ c1=2
DMA IRQ c2=0
DMA IRQ c3=0
SELECT busy=8591
SELECT w0=8588
SELECT w1=4431
SELECT w2=4899
BUSY TASK ewma=997
DMA IRQ c0=0
DMA IRQ c1=2
DMA IRQ c2=0
DMA IRQ c3=0
SELECT busy=8606
SELECT w0=8603
SELECT w1=4441
SELECT w2=4909
BUSY TASK ewma=997
DMA IRQ c0=0
DMA IRQ c1=2
DMA IRQ c2=0
DMA IRQ c3=0
SELECT busy=8635
SELECT w0=8633
SELECT w1=4456
SELECT w2=4930
BUSY TASK ewma=997
DMA IRQ c0=0
DMA IRQ c1=2
DMA IRQ c2=0
DMA IRQ c3=0
SELECT busy=8655
SELECT w0=8654
SELECT w1=4468
SELECT w2=4949
BUSY TASK ewma=997
DMA IRQ c0=0
DMA IRQ c1=2
DMA IRQ c2=0
DMA IRQ c3=0
SELECT busy=8674
SELECT w0=8672
SELECT w1=4477
SELECT w2=4960
BUSY TASK ewma=997
DMA IRQ c0=0
DMA IRQ c1=2
DMA IRQ c2=0
DMA IRQ c3=0
SELECT busy=8693
SELECT w0=8691
SELECT w1=4486
SELECT w2=4972
BUSY TASK ewma=997
DMA IRQ c0=0
DMA IRQ c1=2
DMA IRQ c2=0
DMA IRQ c3=0
SELECT busy=8717
SELECT w0=8715
SELECT w1=4498
SELECT w2=4985
BUSY TASK ewma=997
DMA IRQ c0=0
DMA IRQ c1=2
DMA IRQ c2=0
DMA IRQ c3=0
SELECT busy=8734
SELECT w0=8732
SELECT w1=4507
SELECT w2=4995
BUSY TASK ewma=997
DMA IRQ c0=0
DMA IRQ c1=2
DMA IRQ c2=0
DMA IRQ c3=0
SELECT busy=8751
SELECT w0=8749
SELECT w1=4515
SELECT w2=5003
BUSY TASK ewma=997
DMA IRQ c0=0
DMA IRQ c1=2
DMA IRQ c2=0
DMA IRQ c3=0
SELECT busy=8762
SELECT w0=8760
SELECT w1=4520
SELECT w2=5011
BUSY TASK ewma=997
DMA IRQ c0=0
DMA IRQ c1=2
DMA IRQ c2=0
DMA IRQ c3=0
SELECT busy=8779
SELECT w0=8777
SELECT w1=4528
SELECT w2=5020
BUSY TASK ewma=997
DMA IRQ c0=0
DMA IRQ c1=2
DMA IRQ c2=0
DMA IRQ c3=0
SELECT busy=8800
SELECT w0=8798
SELECT w1=4538
SELECT w2=5031
BUSY TASK ewma=997
DMA IRQ c0=0
DMA IRQ c1=2
DMA IRQ c2=0
DMA IRQ c3=0
SELECT busy=8819
SELECT w0=8817
SELECT w1=4550
SELECT w2=5043
BUSY TASK ewma=997
DMA IRQ c0=0
DMA IRQ c1=2
DMA IRQ c2=0
DMA IRQ c3=0
SELECT busy=8835
SELECT w0=8833
SELECT w1=4559
SELECT w2=5053
BUSY TASK ewma=997
DMA IRQ c0=0
DMA IRQ c1=2
DMA IRQ c2=0
DMA IRQ c3=0
SELECT busy=8854
SELECT w0=8852
SELECT w1=4568
SELECT w2=5065
BUSY TASK ewma=997
DMA IRQ c0=0
DMA IRQ c1=2
DMA IRQ c2=0
DMA IRQ c3=0
SELECT busy=8869
SELECT w0=8867
SELECT w1=4576
SELECT w2=5074
BUSY TASK ewma=997
DMA IRQ c0=0
DMA IRQ c1=2
DMA IRQ c2=0
DMA IRQ c3=0
SELECT busy=8888
SELECT w0=8885
SELECT w1=4584
SELECT w2=5085
BUSY TASK ewma=997
DMA IRQ c0=0
DMA IRQ c1=2
DMA IRQ c2=0
DMA IRQ c3=0
SELECT busy=8904
SELECT w0=8902
SELECT w1=4591
SELECT w2=5096
BUSY TASK ewma=997
DMA IRQ c0=0
DMA IRQ c1=2
DMA IRQ c2=0
DMA IRQ c3=0
SELECT busy=8925
SELECT w0=8923
SELECT w1=4603
SELECT w2=5115
BUSY TASK ewma=997
DMA IRQ c0=0
DMA IRQ c1=2
DMA IRQ c2=0
DMA IRQ c3=0
SELECT busy=8947
SELECT w0=8944
SELECT w1=4613
SELECT w2=5125
BUSY TASK ewma=997
DMA IRQ c0=0
DMA IRQ c1=2
DMA IRQ c2=0
DMA IRQ c3=0
SELECT busy=8968
SELECT w0=8965
SELECT w1=4621
SELECT w2=5134
BUSY TASK ewma=997
DMA IRQ c0=0
DMA IRQ c1=2
DMA IRQ c2=0
DMA IRQ c3=0
SELECT busy=8988
SELECT w0=8986
SELECT w1=4631
SELECT w2=5148
BUSY TASK ewma=997
DMA IRQ c0=0
DMA IRQ c1=2
DMA IRQ c2=0
DMA IRQ c3=0
SELECT busy=9003
SELECT w0=9001
SELECT w1=4637
SELECT w2=5158
BUSY TASK ewma=997
DMA IRQ c0=0
DMA IRQ c1=2
DMA IRQ c2=0
DMA IRQ c3=0
SELECT busy=9020
SELECT w0=9018
SELECT w1=4645
SELECT w2=5170
BUSY TASK ewma=997
DMA IRQ c0=0
DMA IRQ c1=2
DMA IRQ c2=0
DMA IRQ c3=0
SELECT busy=9047
SELECT w0=9045
SELECT w1=4657
SELECT w2=5186
BUSY TASK ewma=997
DMA IRQ c0=0
DMA IRQ c1=2
DMA IRQ c2=0
DMA IRQ c3=0
SELECT busy=9085
SELECT w0=9084
SELECT w1=4671
SELECT w2=5204
BUSY TASK ewma=997
DMA IRQ c0=0
DMA IRQ c1=2
DMA IRQ c2=0
DMA IRQ c3=0
SELECT busy=9131
SELECT w0=9132
SELECT w1=4691
SELECT w2=5226
BUSY TASK ewma=997
DMA IRQ c0=0
DMA IRQ c1=2
DMA IRQ c2=0
DMA IRQ c3=0
SELECT busy=9169
SELECT w0=9167
SELECT w1=4706
SELECT w2=5247
BUSY TASK ewma=997
DMA IRQ c0=0
DMA IRQ c1=2
DMA IRQ c2=0
DMA IRQ c3=0
SELECT busy=9196
SELECT w0=9193
SELECT w1=4717
SELECT w2=5259
BUSY TASK ewma=997
DMA IRQ c0=0
DMA IRQ c1=2
DMA IRQ c2=0
DMA IRQ c3=0
SELECT busy=9228
SELECT w0=9225
SELECT w1=4731
SELECT w2=5277
BUSY TASK ewma=997
DMA IRQ c0=0
DMA IRQ c1=2
DMA IRQ c2=0
DMA IRQ c3=0
SELECT busy=9269
SELECT w0=9266
SELECT w1=4750
SELECT w2=5299
BUSY TASK ewma=997
DMA IRQ c0=0
DMA IRQ c1=2
DMA IRQ c2=0
DMA IRQ c3=0
SELECT busy=9311
SELECT w0=9308
SELECT w1=4767
SELECT w2=5318
BUSY TASK ewma=997
DMA IRQ c0=0
DMA IRQ c1=2
DMA IRQ c2=0
DMA IRQ c3=0
SELECT busy=9348
SELECT w0=9346
SELECT w1=4785
SELECT w2=5339
BUSY TASK ewma=997
DMA IRQ c0=0
DMA IRQ c1=2
DMA IRQ c2=0
DMA IRQ c3=0
SELECT busy=9368
SELECT w0=9365
SELECT w1=4794
SELECT w2=5349
BUSY TASK ewma=997
DMA IRQ c0=0
DMA IRQ c1=2
DMA IRQ c2=0
DMA IRQ c3=0
SELECT busy=9381
SELECT w0=9378
SELECT w1=4800
SELECT w2=5357
BUSY TASK ewma=997
DMA IRQ c0=0
DMA IRQ c1=2
DMA IRQ c2=0
DMA IRQ c3=0
SELECT busy=9406
SELECT w0=9404
SELECT w1=4813
SELECT w2=5374
BUSY TASK ewma=997
DMA IRQ c0=0
DMA IRQ c1=2
DMA IRQ c2=0
DMA IRQ c3=0
SELECT busy=9447
SELECT w0=9444
SELECT w1=4828
SELECT w2=5395
BUSY TASK ewma=997
DMA IRQ c0=0
DMA IRQ c1=2
DMA IRQ c2=0
DMA IRQ c3=0
SELECT busy=9489
SELECT w0=9487
SELECT w1=4849
SELECT w2=5422
BUSY TASK ewma=997
DMA IRQ c0=0
DMA IRQ c1=2
DMA IRQ c2=0
DMA IRQ c3=0
SELECT busy=9507
SELECT w0=9505
SELECT w1=4857
SELECT w2=5431
BUSY TASK ewma=997
DMA IRQ c0=0
DMA IRQ c1=2
DMA IRQ c2=0
DMA IRQ c3=0
SELECT busy=9532
SELECT w0=9530
SELECT w1=4866
SELECT w2=5445
BUSY TASK ewma=997
DMA IRQ c0=0
DMA IRQ c1=2
DMA IRQ c2=0
DMA IRQ c3=0
SELECT busy=9569
SELECT w0=9573
SELECT w1=4887
SELECT w2=5472
BUSY TASK ewma=997
DMA IRQ c0=0
DMA IRQ c1=2
DMA IRQ c2=0
DMA IRQ c3=0
SELECT busy=9607
SELECT w0=9606
SELECT w1=4901
SELECT w2=5488
BUSY TASK ewma=997
DMA IRQ c0=0
DMA IRQ c1=2
DMA IRQ c2=0
DMA IRQ c3=0
SELECT busy=9648
SELECT w0=9646
SELECT w1=4921
SELECT w2=5515
BUSY TASK ewma=997
DMA IRQ c0=0
DMA IRQ c1=2
DMA IRQ c2=0
DMA IRQ c3=0
SELECT busy=9669
SELECT w0=9667
SELECT w1=4930
SELECT w2=5524
BUSY TASK ewma=997
DMA IRQ c0=0
DMA IRQ c1=2
DMA IRQ c2=0
DMA IRQ c3=0
SELECT busy=9684
SELECT w0=9681
SELECT w1=4937
SELECT w2=5532
BUSY TASK ewma=997
DMA IRQ c0=0
DMA IRQ c1=2
DMA IRQ c2=0
DMA IRQ c3=0
SELECT busy=9702
SELECT w0=9700
SELECT w1=4943
SELECT w2=5540
BUSY TASK ewma=997
DMA IRQ c0=0
DMA IRQ c1=2
DMA IRQ c2=0
DMA IRQ c3=0
SELECT busy=9719
SELECT w0=9716
SELECT w1=4952
SELECT w2=5548
BUSY TASK ewma=997
DMA IRQ c0=0
DMA IRQ c1=2
DMA IRQ c2=0
DMA IRQ c3=0
SELECT busy=9737
SELECT w0=9735
SELECT w1=4960
SELECT w2=5562
BUSY TASK ewma=997
DMA IRQ c0=0
DMA IRQ c1=2
DMA IRQ c2=0
DMA IRQ c3=0
SELECT busy=9762
SELECT w0=9759
SELECT w1=4971
SELECT w2=5572
BUSY TASK ewma=997
DMA IRQ c0=0
DMA IRQ c1=2
DMA IRQ c2=0
DMA IRQ c3=0
SELECT busy=9802
SELECT w0=9800
SELECT w1=4989
SELECT w2=5595
BUSY TASK ewma=997
DMA IRQ c0=0
DMA IRQ c1=2
DMA IRQ c2=0
DMA IRQ c3=0
SELECT busy=9826
SELECT w0=9824
SELECT w1=5003
SELECT w2=5611
BUSY TASK ewma=997
DMA IRQ c0=0
DMA IRQ c1=2
DMA IRQ c2=0
DMA IRQ c3=0
SELECT busy=9850
SELECT w0=9847
SELECT w1=5013
SELECT w2=5623
BUSY TASK ewma=997
DMA IRQ c0=0
DMA IRQ c1=2
DMA IRQ c2=0
DMA IRQ c3=0
SELECT busy=9875
SELECT w0=9872
SELECT w1=5023
SELECT w2=5637
BUSY TASK ewma=997
DMA IRQ c0=0
DMA IRQ c1=2
DMA IRQ c2=0
DMA IRQ c3=0
SELECT busy=9918
SELECT w0=9916
SELECT w1=5046
SELECT w2=5661
BUSY TASK ewma=997
DMA IRQ c0=0
DMA IRQ c1=2
DMA IRQ c2=0
DMA IRQ c3=0
SELECT busy=9947
SELECT w0=9944
SELECT w1=5056
SELECT w2=5673
BUSY TASK ewma=997
DMA IRQ c0=0
DMA IRQ c1=2
DMA IRQ c2=0
DMA IRQ c3=0
SELECT busy=9977
SELECT w0=9977
SELECT w1=5071
SELECT w2=5693
BUSY TASK ewma=997
DMA IRQ c0=0
DMA IRQ c1=2
DMA IRQ c2=0
DMA IRQ c3=0
SELECT busy=10018
SELECT w0=10015
SELECT w1=5087
SELECT w2=5711
BUSY TASK ewma=997
DMA IRQ c0=0
DMA IRQ c1=2
DMA IRQ c2=0
DMA IRQ c3=0
SELECT busy=10056
SELECT w0=10056
SELECT w1=5107
SELECT w2=5741
BUSY TASK ewma=997
DMA IRQ c0=0
DMA IRQ c1=2
DMA IRQ c2=0
DMA IRQ c3=0
SELECT busy=10102
SELECT w0=10100
SELECT w1=5129
SELECT w2=5765
BUSY TASK ewma=997
DMA IRQ c0=0
DMA IRQ c1=2
DMA IRQ c2=0
DMA IRQ c3=0
SELECT busy=10135
SELECT w0=10133
SELECT w1=5142
SELECT w2=5784
BUSY TASK ewma=997
DMA IRQ c0=0
DMA IRQ c1=2
DMA IRQ c2=0
DMA IRQ c3=0
SELECT busy=10150
SELECT w0=10147
SELECT w1=5148
SELECT w2=5793
BUSY TASK ewma=997
IRQ counts: cpu0=20326 cpu1=23039 cpu2=23091 cpu3=23089
SCHED secondaries: calls=69233 unexpected=0
SECTEST switches=69210 cpu1=239470956,238771520 cpu2=206965373,199743969 cpu3=291025817,273534634
PINGPONG rounds=2000 pongs=2000
DMA IRQ c0=0
DMA IRQ c1=2
DMA IRQ c2=0
DMA IRQ c3=0
SELECT busy=10178
SELECT w0=10175
SELECT w1=5163
SELECT w2=5810
BUSY TASK ewma=997
DMA IRQ c0=0
DMA IRQ c1=2
DMA IRQ c2=0
DMA IRQ c3=0
SELECT busy=10191
SELECT w0=10189
SELECT w1=5169
SELECT w2=5818
BUSY TASK ewma=997
DMA IRQ c0=0
DMA IRQ c1=2
DMA IRQ c2=0
DMA IRQ c3=0
SELECT busy=10209
SELECT w0=10207
SELECT w1=5178
SELECT w2=5830
BUSY TASK ewma=997
DMA IRQ c0=0
DMA IRQ c1=2
DMA IRQ c2=0
DMA IRQ c3=0
SELECT busy=10233
SELECT w0=10231
SELECT w1=5190
SELECT w2=5846
BUSY TASK ewma=997
DMA IRQ c0=0
DMA IRQ c1=2
DMA IRQ c2=0
DMA IRQ c3=0
SELECT busy=10263
SELECT w0=10262
SELECT w1=5203
SELECT w2=5862
BUSY TASK ewma=997
DMA IRQ c0=0
DMA IRQ c1=2
DMA IRQ c2=0
DMA IRQ c3=0
SELECT busy=10279
SELECT w0=10277
SELECT w1=5209
SELECT w2=5871
BUSY TASK ewma=997
DMA IRQ c0=0
DMA IRQ c1=2
DMA IRQ c2=0
DMA IRQ c3=0
SELECT busy=10296
SELECT w0=10294
SELECT w1=5217
SELECT w2=5881
BUSY TASK ewma=997
DMA IRQ c0=0
DMA IRQ c1=2
DMA IRQ c2=0
DMA IRQ c3=0
SELECT busy=10311
SELECT w0=10309
SELECT w1=5223
SELECT w2=5891
BUSY TASK ewma=997
DMA IRQ c0=0
DMA IRQ c1=2
DMA IRQ c2=0
DMA IRQ c3=0
SELECT busy=10329
SELECT w0=10327
SELECT w1=5232
SELECT w2=5904
BUSY TASK ewma=997
DMA IRQ c0=0
DMA IRQ c1=2
DMA IRQ c2=0
DMA IRQ c3=0
SELECT busy=10352
SELECT w0=10350
SELECT w1=5241
SELECT w2=5915
BUSY TASK ewma=997
DMA IRQ c0=0
DMA IRQ c1=2
DMA IRQ c2=0
DMA IRQ c3=0
SELECT busy=10367
SELECT w0=10365
SELECT w1=5249
SELECT w2=5924
BUSY TASK ewma=997
DMA IRQ c0=0
DMA IRQ c1=2
DMA IRQ c2=0
DMA IRQ c3=0
SELECT busy=10390
SELECT w0=10388
SELECT w1=5260
SELECT w2=5939
BUSY TASK ewma=997
DMA IRQ c0=0
DMA IRQ c1=2
DMA IRQ c2=0
DMA IRQ c3=0
SELECT busy=10419
SELECT w0=10417
SELECT w1=5273
SELECT w2=5954
BUSY TASK ewma=997
DMA IRQ c0=0
DMA IRQ c1=2
DMA IRQ c2=0
DMA IRQ c3=0
SELECT busy=10437
SELECT w0=10435
SELECT w1=5284
SELECT w2=5965
BUSY TASK ewma=997
DMA IRQ c0=0
DMA IRQ c1=2
DMA IRQ c2=0
DMA IRQ c3=0
SELECT busy=10453
SELECT w0=10452
SELECT w1=5293
SELECT w2=5976
BUSY TASK ewma=997
DMA IRQ c0=0
DMA IRQ c1=2
DMA IRQ c2=0
DMA IRQ c3=0
SELECT busy=10473
SELECT w0=10471
SELECT w1=5303
SELECT w2=5987
BUSY TASK ewma=997
DMA IRQ c0=0
DMA IRQ c1=2
DMA IRQ c2=0
DMA IRQ c3=0
SELECT busy=10486
SELECT w0=10483
SELECT w1=5308
SELECT w2=5994
BUSY TASK ewma=997
DMA IRQ c0=0
DMA IRQ c1=2
DMA IRQ c2=0
DMA IRQ c3=0
SELECT busy=10502
SELECT w0=10500
SELECT w1=5317
SELECT w2=6006
BUSY TASK ewma=997
DMA IRQ c0=0
DMA IRQ c1=2
DMA IRQ c2=0
DMA IRQ c3=0
SELECT busy=10518
SELECT w0=10516
SELECT w1=5324
SELECT w2=6015
BUSY TASK ewma=997
DMA IRQ c0=0
DMA IRQ c1=2
DMA IRQ c2=0
DMA IRQ c3=0
SELECT busy=10534
SELECT w0=10531
SELECT w1=5330
SELECT w2=6024
BUSY TASK ewma=997
DMA IRQ c0=0
DMA IRQ c1=2
DMA IRQ c2=0
DMA IRQ c3=0
SELECT busy=10554
SELECT w0=10552
SELECT w1=5339
SELECT w2=6034
BUSY TASK ewma=997
DMA IRQ c0=0
DMA IRQ c1=2
DMA IRQ c2=0
DMA IRQ c3=0
SELECT busy=10585
SELECT w0=10583
SELECT w1=5353
SELECT w2=6048
BUSY TASK ewma=997
DMA IRQ c0=0
DMA IRQ c1=2
DMA IRQ c2=0
DMA IRQ c3=0
SELECT busy=10617
SELECT w0=10614
SELECT w1=5367
SELECT w2=6067
BUSY TASK ewma=997
DMA IRQ c0=0
DMA IRQ c1=2
DMA IRQ c2=0
DMA IRQ c3=0
SELECT busy=10651
SELECT w0=10648
SELECT w1=5382
SELECT w2=6085
BUSY TASK ewma=997
DMA IRQ c0=0
DMA IRQ c1=2
DMA IRQ c2=0
DMA IRQ c3=0
SELECT busy=10691
SELECT w0=10688
SELECT w1=5399
SELECT w2=6104
BUSY TASK ewma=997
DMA IRQ c0=0
DMA IRQ c1=2
DMA IRQ c2=0
DMA IRQ c3=0
SELECT busy=10725
SELECT w0=10722
SELECT w1=5411
SELECT w2=6120
BUSY TASK ewma=997
DMA IRQ c0=0
DMA IRQ c1=2
DMA IRQ c2=0
DMA IRQ c3=0
SELECT busy=10760
SELECT w0=10758
SELECT w1=5428
SELECT w2=6137
BUSY TASK ewma=997
DMA IRQ c0=0
DMA IRQ c1=2
DMA IRQ c2=0
DMA IRQ c3=0
SELECT busy=10796
SELECT w0=10794
SELECT w1=5442
SELECT w2=6159
BUSY TASK ewma=997
DMA IRQ c0=0
DMA IRQ c1=2
DMA IRQ c2=0
DMA IRQ c3=0
SELECT busy=10831
SELECT w0=10831
SELECT w1=5457
SELECT w2=6179
BUSY TASK ewma=997
DMA IRQ c0=0
DMA IRQ c1=2
DMA IRQ c2=0
DMA IRQ c3=0
SELECT busy=10859
SELECT w0=10858
SELECT w1=5471
SELECT w2=6194
BUSY TASK ewma=997
DMA IRQ c0=0
DMA IRQ c1=2
DMA IRQ c2=0
DMA IRQ c3=0
SELECT busy=10883
SELECT w0=10880
SELECT w1=5477
SELECT w2=6200
BUSY TASK ewma=997
DMA IRQ c0=0
DMA IRQ c1=2
DMA IRQ c2=0
DMA IRQ c3=0
SELECT busy=10906
SELECT w0=10903
SELECT w1=5489
SELECT w2=6213
BUSY TASK ewma=997
DMA IRQ c0=0
DMA IRQ c1=2
DMA IRQ c2=0
DMA IRQ c3=0
SELECT busy=10923
SELECT w0=10921
SELECT w1=5497
SELECT w2=6222
BUSY TASK ewma=997
DMA IRQ c0=0
DMA IRQ c1=2
DMA IRQ c2=0
DMA IRQ c3=0
SELECT busy=10944
SELECT w0=10941
SELECT w1=5505
SELECT w2=6233
BUSY TASK ewma=997
DMA IRQ c0=0
DMA IRQ c1=2
DMA IRQ c2=0
DMA IRQ c3=0
SELECT busy=10959
SELECT w0=10957
SELECT w1=5512
SELECT w2=6243
BUSY TASK ewma=997
DMA IRQ c0=0
DMA IRQ c1=2
DMA IRQ c2=0
DMA IRQ c3=0
SELECT busy=10976
SELECT w0=10974
SELECT w1=5522
SELECT w2=6254
BUSY TASK ewma=997
DMA IRQ c0=0
DMA IRQ c1=2
DMA IRQ c2=0
DMA IRQ c3=0
SELECT busy=10996
SELECT w0=10993
SELECT w1=5528
SELECT w2=6262
BUSY TASK ewma=997
DMA IRQ c0=0
DMA IRQ c1=2
DMA IRQ c2=0
DMA IRQ c3=0
SELECT busy=11015
SELECT w0=11013
SELECT w1=5538
SELECT w2=6273
BUSY TASK ewma=997
DMA IRQ c0=0
DMA IRQ c1=2
DMA IRQ c2=0
DMA IRQ c3=0
SELECT busy=11037
SELECT w0=11035
SELECT w1=5549
SELECT w2=6285
BUSY TASK ewma=997
DMA IRQ c0=0
DMA IRQ c1=2
DMA IRQ c2=0
DMA IRQ c3=0
SELECT busy=11053
SELECT w0=11050
SELECT w1=5557
SELECT w2=6294
BUSY TASK ewma=997
DMA IRQ c0=0
DMA IRQ c1=2
DMA IRQ c2=0
DMA IRQ c3=0
SELECT busy=11071
SELECT w0=11068
SELECT w1=5564
SELECT w2=6302
BUSY TASK ewma=997
DMA IRQ c0=0
DMA IRQ c1=2
DMA IRQ c2=0
DMA IRQ c3=0
SELECT busy=11088
SELECT w0=11086
SELECT w1=5574
SELECT w2=6316
BUSY TASK ewma=997
DMA IRQ c0=0
DMA IRQ c1=2
DMA IRQ c2=0
DMA IRQ c3=0
SELECT busy=11109
SELECT w0=11107
SELECT w1=5584
SELECT w2=6327
BUSY TASK ewma=997
DMA IRQ c0=0
DMA IRQ c1=2
DMA IRQ c2=0
DMA IRQ c3=0
SELECT busy=11124
SELECT w0=11122
SELECT w1=5594
SELECT w2=6337
BUSY TASK ewma=997
DMA IRQ c0=0
DMA IRQ c1=2
DMA IRQ c2=0
DMA IRQ c3=0
SELECT busy=11146
SELECT w0=11144
SELECT w1=5605
SELECT w2=6350
BUSY TASK ewma=997
DMA IRQ c0=0
DMA IRQ c1=2
DMA IRQ c2=0
DMA IRQ c3=0
SELECT busy=11172
SELECT w0=11170
SELECT w1=5616
SELECT w2=6364
BUSY TASK ewma=997
DMA IRQ c0=0
DMA IRQ c1=2
DMA IRQ c2=0
DMA IRQ c3=0
SELECT busy=11197
SELECT w0=11195
SELECT w1=5625
SELECT w2=6379
BUSY TASK ewma=997
DMA IRQ c0=0
DMA IRQ c1=2
DMA IRQ c2=0
DMA IRQ c3=0
SELECT busy=11214
SELECT w0=11212
SELECT w1=5633
SELECT w2=6389
BUSY TASK ewma=997
DMA IRQ c0=0
DMA IRQ c1=2
DMA IRQ c2=0
DMA IRQ c3=0
SELECT busy=11229
SELECT w0=11227
SELECT w1=5638
SELECT w2=6397
BUSY TASK ewma=997
DMA IRQ c0=0
DMA IRQ c1=2
DMA IRQ c2=0
DMA IRQ c3=0
SELECT busy=11247
SELECT w0=11244
SELECT w1=5647
SELECT w2=6407
BUSY TASK ewma=997
DMA IRQ c0=0
DMA IRQ c1=2
DMA IRQ c2=0
DMA IRQ c3=0
SELECT busy=11262
SELECT w0=11260
SELECT w1=5654
SELECT w2=6416
BUSY TASK ewma=997
DMA IRQ c0=0
DMA IRQ c1=2
DMA IRQ c2=0
DMA IRQ c3=0
SELECT busy=11279
SELECT w0=11277
SELECT w1=5661
SELECT w2=6427
BUSY TASK ewma=997
DMA IRQ c0=0
DMA IRQ c1=2
DMA IRQ c2=0
DMA IRQ c3=0
SELECT busy=11297
SELECT w0=11295
SELECT w1=5671
SELECT w2=6437
BUSY TASK ewma=997
DMA IRQ c0=0
DMA IRQ c1=2
DMA IRQ c2=0
DMA IRQ c3=0
SELECT busy=11313
SELECT w0=11312
SELECT w1=5681
SELECT w2=6450
BUSY TASK ewma=997
DMA IRQ c0=0
DMA IRQ c1=2
DMA IRQ c2=0
DMA IRQ c3=0
SELECT busy=11336
SELECT w0=11334
SELECT w1=5690
SELECT w2=6463
BUSY TASK ewma=997
DMA IRQ c0=0
DMA IRQ c1=2
DMA IRQ c2=0
DMA IRQ c3=0
SELECT busy=11349
SELECT w0=11346
SELECT w1=5697
SELECT w2=6471
BUSY TASK ewma=997
DMA IRQ c0=0
DMA IRQ c1=2
DMA IRQ c2=0
DMA IRQ c3=0
SELECT busy=11366
SELECT w0=11364
SELECT w1=5705
SELECT w2=6479
BUSY TASK ewma=997
DMA IRQ c0=0
DMA IRQ c1=2
DMA IRQ c2=0
DMA IRQ c3=0
SELECT busy=11389
SELECT w0=11387
SELECT w1=5717
SELECT w2=6493
BUSY TASK ewma=997
DMA IRQ c0=0
DMA IRQ c1=2
DMA IRQ c2=0
DMA IRQ c3=0
SELECT busy=11417
SELECT w0=11416
SELECT w1=5728
SELECT w2=6508
BUSY TASK ewma=997
DMA IRQ c0=0
DMA IRQ c1=2
DMA IRQ c2=0
DMA IRQ c3=0
SELECT busy=11438
SELECT w0=11436
SELECT w1=5739
SELECT w2=6519
BUSY TASK ewma=997
DMA IRQ c0=0
DMA IRQ c1=2
DMA IRQ c2=0
DMA IRQ c3=0
SELECT busy=11461
SELECT w0=11459
SELECT w1=5751
SELECT w2=6535
BUSY TASK ewma=997
DMA IRQ c0=0
DMA IRQ c1=2
DMA IRQ c2=0
DMA IRQ c3=0
SELECT busy=11481
SELECT w0=11479
SELECT w1=5762
SELECT w2=6549
BUSY TASK ewma=997
DMA IRQ c0=0
DMA IRQ c1=2
DMA IRQ c2=0
DMA IRQ c3=0
SELECT busy=11502
SELECT w0=11500
SELECT w1=5774
SELECT w2=6562
BUSY TASK ewma=997
DMA IRQ c0=0
DMA IRQ c1=2
DMA IRQ c2=0
DMA IRQ c3=0
SELECT busy=11521
SELECT w0=11519
SELECT w1=5782
SELECT w2=6574
BUSY TASK ewma=997
IRQ counts: cpu0=23068 cpu1=26200 cpu2=26204 cpu3=26432
SCHED secondaries: calls=78837 unexpected=0
SECTEST switches=78804 cpu1=271238514,268631462 cpu2=234631503,225717179 cpu3=330820929,311283989
PINGPONG rounds=2000 pongs=2000
DMA IRQ c0=0
DMA IRQ c1=2
DMA IRQ c2=0
DMA IRQ c3=0
SELECT busy=11547
SELECT w0=11545
SELECT w1=5795
SELECT w2=6590
BUSY TASK ewma=997
DMA IRQ c0=0
DMA IRQ c1=2
DMA IRQ c2=0
DMA IRQ c3=0
SELECT busy=11565
SELECT w0=11563
SELECT w1=5803
SELECT w2=6604
BUSY TASK ewma=997
DMA IRQ c0=0
DMA IRQ c1=2
DMA IRQ c2=0
DMA IRQ c3=0
SELECT busy=11590
SELECT w0=11588
SELECT w1=5815
SELECT w2=6622
BUSY TASK ewma=997
DMA IRQ c0=0
DMA IRQ c1=2
DMA IRQ c2=0
DMA IRQ c3=0
SELECT busy=11613
SELECT w0=11611
SELECT w1=5830
SELECT w2=6639
BUSY TASK ewma=997
DMA IRQ c0=0
DMA IRQ c1=2
DMA IRQ c2=0
DMA IRQ c3=0
SELECT busy=11632
SELECT w0=11630
SELECT w1=5841
SELECT w2=6653
BUSY TASK ewma=997
DMA IRQ c0=0
DMA IRQ c1=2
DMA IRQ c2=0
DMA IRQ c3=0
SELECT busy=11650
SELECT w0=11648
SELECT w1=5852
SELECT w2=6664
BUSY TASK ewma=997
DMA IRQ c0=0
DMA IRQ c1=2
DMA IRQ c2=0
DMA IRQ c3=0
SELECT busy=11667
SELECT w0=11665
SELECT w1=5862
SELECT w2=6675
BUSY TASK ewma=997
DMA IRQ c0=0
DMA IRQ c1=2
DMA IRQ c2=0
DMA IRQ c3=0
SELECT busy=11685
SELECT w0=11683
SELECT w1=5871
SELECT w2=6684
BUSY TASK ewma=997
DMA IRQ c0=0
DMA IRQ c1=2
DMA IRQ c2=0
DMA IRQ c3=0
SELECT busy=11704
SELECT w0=11702
SELECT w1=5878
SELECT w2=6693
BUSY TASK ewma=997
DMA IRQ c0=0
DMA IRQ c1=2
DMA IRQ c2=0
DMA IRQ c3=0
SELECT busy=11724
SELECT w0=11721
SELECT w1=5887
SELECT w2=6706
BUSY TASK ewma=997
DMA IRQ c0=0
DMA IRQ c1=2
DMA IRQ c2=0
DMA IRQ c3=0
SELECT busy=11744
SELECT w0=11742
SELECT w1=5895
SELECT w2=6718
BUSY TASK ewma=997
DMA IRQ c0=0
DMA IRQ c1=2
DMA IRQ c2=0
DMA IRQ c3=0
SELECT busy=11761
SELECT w0=11758
SELECT w1=5902
SELECT w2=6727
BUSY TASK ewma=997
DMA IRQ c0=0
DMA IRQ c1=2
DMA IRQ c2=0
DMA IRQ c3=0
SELECT busy=11773
SELECT w0=11771
SELECT w1=5908
SELECT w2=6736
BUSY TASK ewma=997
DMA IRQ c0=0
DMA IRQ c1=2
DMA IRQ c2=0
DMA IRQ c3=0
SELECT busy=11808
SELECT w0=11806
SELECT w1=5925
SELECT w2=6755
BUSY TASK ewma=997
DMA IRQ c0=0
DMA IRQ c1=2
DMA IRQ c2=0
DMA IRQ c3=0
SELECT busy=11831
SELECT w0=11830
SELECT w1=5935
SELECT w2=6765
BUSY TASK ewma=997
DMA IRQ c0=0
DMA IRQ c1=2
DMA IRQ c2=0
DMA IRQ c3=0
SELECT busy=11851
SELECT w0=11848
SELECT w1=5942
SELECT w2=6775
BUSY TASK ewma=997
DMA IRQ c0=0
DMA IRQ c1=2
DMA IRQ c2=0
DMA IRQ c3=0
SELECT busy=11872
SELECT w0=11870
SELECT w1=5951
SELECT w2=6785
BUSY TASK ewma=997
DMA IRQ c0=0
DMA IRQ c1=2
DMA IRQ c2=0
DMA IRQ c3=0
SELECT busy=11892
SELECT w0=11890
SELECT w1=5960
SELECT w2=6794
BUSY TASK ewma=997
DMA IRQ c0=0
DMA IRQ c1=2
DMA IRQ c2=0
DMA IRQ c3=0
SELECT busy=11907
SELECT w0=11905
SELECT w1=5966
SELECT w2=6803
BUSY TASK ewma=997
DMA IRQ c0=0
DMA IRQ c1=2
DMA IRQ c2=0
DMA IRQ c3=0
SELECT busy=11927
SELECT w0=11925
SELECT w1=5977
SELECT w2=6818
BUSY TASK ewma=997
DMA IRQ c0=0
DMA IRQ c1=2
DMA IRQ c2=0
DMA IRQ c3=0
SELECT busy=11949
SELECT w0=11946
SELECT w1=5986
SELECT w2=6829
BUSY TASK ewma=997
DMA IRQ c0=0
DMA IRQ c1=2
DMA IRQ c2=0
DMA IRQ c3=0
SELECT busy=11963
SELECT w0=11960
SELECT w1=5992
SELECT w2=6836
BUSY TASK ewma=997
DMA IRQ c0=0
DMA IRQ c1=2
DMA IRQ c2=0
DMA IRQ c3=0
SELECT busy=11981
SELECT w0=11979
SELECT w1=6000
SELECT w2=6848
BUSY TASK ewma=997
DMA IRQ c0=0
DMA IRQ c1=2
DMA IRQ c2=0
DMA IRQ c3=0
SELECT busy=11999
SELECT w0=11996
SELECT w1=6009
SELECT w2=6860
BUSY TASK ewma=997
DMA IRQ c0=0
DMA IRQ c1=2
DMA IRQ c2=0
DMA IRQ c3=0
SELECT busy=12020
SELECT w0=12018
SELECT w1=6020
SELECT w2=6877
BUSY TASK ewma=997
DMA IRQ c0=0
DMA IRQ c1=2
DMA IRQ c2=0
DMA IRQ c3=0
SELECT busy=12044
SELECT w0=12042
SELECT w1=6033
SELECT w2=6890
BUSY TASK ewma=997
DMA IRQ c0=0
DMA IRQ c1=2
DMA IRQ c2=0
DMA IRQ c3=0
SELECT busy=12064
SELECT w0=12062
SELECT w1=6042
SELECT w2=6902
BUSY TASK ewma=997
DMA IRQ c0=0
DMA IRQ c1=2
DMA IRQ c2=0
DMA IRQ c3=0
SELECT busy=12085
SELECT w0=12083
SELECT w1=6053
SELECT w2=6912
BUSY TASK ewma=997
DMA IRQ c0=0
DMA IRQ c1=2
DMA IRQ c2=0
DMA IRQ c3=0
SELECT busy=12098
SELECT w0=12095
SELECT w1=6058
SELECT w2=6919
BUSY TASK ewma=997
DMA IRQ c0=0
DMA IRQ c1=2
DMA IRQ c2=0
DMA IRQ c3=0
SELECT busy=12111
SELECT w0=12108
SELECT w1=6065
SELECT w2=6927
BUSY TASK ewma=997
DMA IRQ c0=0
DMA IRQ c1=2
DMA IRQ c2=0
DMA IRQ c3=0
SELECT busy=12128
SELECT w0=12125
SELECT w1=6073
SELECT w2=6939
BUSY TASK ewma=997
DMA IRQ c0=0
DMA IRQ c1=2
DMA IRQ c2=0
DMA IRQ c3=0
SELECT busy=12145
SELECT w0=12142
SELECT w1=6080
SELECT w2=6947
BUSY TASK ewma=997
DMA IRQ c0=0
DMA IRQ c1=2
DMA IRQ c2=0
DMA IRQ c3=0
SELECT busy=12160
SELECT w0=12158
SELECT w1=6088
SELECT w2=6957
BUSY TASK ewma=997
DMA IRQ c0=0
DMA IRQ c1=2
DMA IRQ c2=0
DMA IRQ c3=0
SELECT busy=12187
SELECT w0=12186
SELECT w1=6102
SELECT w2=6972
BUSY TASK ewma=997
DMA IRQ c0=0
DMA IRQ c1=2
DMA IRQ c2=0
DMA IRQ c3=0
SELECT busy=12221
SELECT w0=12220
SELECT w1=6119
SELECT w2=6993
BUSY TASK ewma=997
DMA IRQ c0=0
DMA IRQ c1=2
DMA IRQ c2=0
DMA IRQ c3=0
SELECT busy=12245
SELECT w0=12243
SELECT w1=6128
SELECT w2=7005
BUSY TASK ewma=997
DMA IRQ c0=0
DMA IRQ c1=2
DMA IRQ c2=0
DMA IRQ c3=0
SELECT busy=12271
SELECT w0=12268
SELECT w1=6140
SELECT w2=7019
BUSY TASK ewma=997
DMA IRQ c0=0
DMA IRQ c1=2
DMA IRQ c2=0
DMA IRQ c3=0
SELECT busy=12297
SELECT w0=12295
SELECT w1=6156
SELECT w2=7034
BUSY TASK ewma=997
DMA IRQ c0=0
DMA IRQ c1=2
DMA IRQ c2=0
DMA IRQ c3=0
SELECT busy=12336
SELECT w0=12333
SELECT w1=6172
SELECT w2=7051
BUSY TASK ewma=997
DMA IRQ c0=0
DMA IRQ c1=2
DMA IRQ c2=0
DMA IRQ c3=0
SELECT busy=12375
SELECT w0=12373
SELECT w1=6191
SELECT w2=7074
BUSY TASK ewma=997
DMA IRQ c0=0
DMA IRQ c1=2
DMA IRQ c2=0
DMA IRQ c3=0
SELECT busy=12408
SELECT w0=12405
SELECT w1=6203
SELECT w2=7087
BUSY TASK ewma=997
DMA IRQ c0=0
DMA IRQ c1=2
DMA IRQ c2=0
DMA IRQ c3=0
SELECT busy=12428
SELECT w0=12426
SELECT w1=6214
SELECT w2=7100
BUSY TASK ewma=997
DMA IRQ c0=0
DMA IRQ c1=2
DMA IRQ c2=0
DMA IRQ c3=0
SELECT busy=12447
SELECT w0=12445
SELECT w1=6223
SELECT w2=7114
BUSY TASK ewma=997
DMA IRQ c0=0
DMA IRQ c1=2
DMA IRQ c2=0
DMA IRQ c3=0
SELECT busy=12469
SELECT w0=12467
SELECT w1=6231
SELECT w2=7126
BUSY TASK ewma=997
DMA IRQ c0=0
DMA IRQ c1=2
DMA IRQ c2=0
DMA IRQ c3=0
SELECT busy=12494
SELECT w0=12491
SELECT w1=6241
SELECT w2=7139
BUSY TASK ewma=997
DMA IRQ c0=0
DMA IRQ c1=2
DMA IRQ c2=0
DMA IRQ c3=0
SELECT busy=12536
SELECT w0=12534
SELECT w1=6259
SELECT w2=7162
BUSY TASK ewma=997
DMA IRQ c0=0
DMA IRQ c1=2
DMA IRQ c2=0
DMA IRQ c3=0
SELECT busy=12563
SELECT w0=12561
SELECT w1=6270
SELECT w2=7175
BUSY TASK ewma=997
DMA IRQ c0=0
DMA IRQ c1=2
DMA IRQ c2=0
DMA IRQ c3=0
SELECT busy=12586
SELECT w0=12586
SELECT w1=6282
SELECT w2=7191
BUSY TASK ewma=997
DMA IRQ c0=0
DMA IRQ c1=2
DMA IRQ c2=0
DMA IRQ c3=0
SELECT busy=12615
SELECT w0=12613
SELECT w1=6297
SELECT w2=7208
BUSY TASK ewma=997
DMA IRQ c0=0
DMA IRQ c1=2
DMA IRQ c2=0
DMA IRQ c3=0
SELECT busy=12635
SELECT w0=12633
SELECT w1=6307
SELECT w2=7221
BUSY TASK ewma=997
DMA IRQ c0=0
DMA IRQ c1=2
DMA IRQ c2=0
DMA IRQ c3=0
SELECT busy=12660
SELECT w0=12657
SELECT w1=6318
SELECT w2=7233
BUSY TASK ewma=997
DMA IRQ c0=0
DMA IRQ c1=2
DMA IRQ c2=0
DMA IRQ c3=0
SELECT busy=12678
SELECT w0=12676
SELECT w1=6324
SELECT w2=7240
BUSY TASK ewma=997
DMA IRQ c0=0
DMA IRQ c1=2
DMA IRQ c2=0
DMA IRQ c3=0
SELECT busy=12697
SELECT w0=12695
SELECT w1=6332
SELECT w2=7251
BUSY TASK ewma=997
DMA IRQ c0=0
DMA IRQ c1=2
DMA IRQ c2=0
DMA IRQ c3=0
SELECT busy=12724
SELECT w0=12722
SELECT w1=6345
SELECT w2=7271
BUSY TASK ewma=997
DMA IRQ c0=0
DMA IRQ c1=2
DMA IRQ c2=0
DMA IRQ c3=0
SELECT busy=12744
SELECT w0=12741
SELECT w1=6355
SELECT w2=7282
BUSY TASK ewma=997
DMA IRQ c0=0
DMA IRQ c1=2
DMA IRQ c2=0
DMA IRQ c3=0
SELECT busy=12768
SELECT w0=12765
SELECT w1=6366
SELECT w2=7295
BUSY TASK ewma=997
DMA IRQ c0=0
DMA IRQ c1=2
DMA IRQ c2=0
DMA IRQ c3=0
SELECT busy=12795
SELECT w0=12793
SELECT w1=6379
SELECT w2=7310
BUSY TASK ewma=997
DMA IRQ c0=0
DMA IRQ c1=2
DMA IRQ c2=0
DMA IRQ c3=0
SELECT busy=12831
SELECT w0=12828
SELECT w1=6392
SELECT w2=7328
BUSY TASK ewma=997
DMA IRQ c0=0
DMA IRQ c1=2
DMA IRQ c2=0
DMA IRQ c3=0
SELECT busy=12856
SELECT w0=12853
SELECT w1=6401
SELECT w2=7343
BUSY TASK ewma=997
DMA IRQ c0=0
DMA IRQ c1=2
DMA IRQ c2=0
DMA IRQ c3=0
SELECT busy=12879
SELECT w0=12878
SELECT w1=6413
SELECT w2=7359
BUSY TASK ewma=997
DMA IRQ c0=0
DMA IRQ c1=2
DMA IRQ c2=0
DMA IRQ c3=0
SELECT busy=12897
SELECT w0=12895
SELECT w1=6420
SELECT w2=7370
BUSY TASK ewma=997
DMA IRQ c0=0
DMA IRQ c1=2
DMA IRQ c2=0
DMA IRQ c3=0
SELECT busy=12918
SELECT w0=12917
SELECT w1=6429
SELECT w2=7379
BUSY TASK ewma=997
DMA IRQ c0=0
DMA IRQ c1=2
DMA IRQ c2=0
DMA IRQ c3=0
SELECT busy=12938
SELECT w0=12935
SELECT w1=6437
SELECT w2=7388
BUSY TASK ewma=997
DMA IRQ c0=0
DMA IRQ c1=2
DMA IRQ c2=0
DMA IRQ c3=0
SELECT busy=12957
SELECT w0=12955
SELECT w1=6446
SELECT w2=7400
BUSY TASK ewma=997
IRQ counts: cpu0=25946 cpu1=29533 cpu2=29522 cpu3=29891
SCHED secondaries: calls=88965 unexpected=0
SECTEST switches=88949 cpu1=305577341,300476830 cpu2=264624312,255202066 cpu3=374209944,353732922
PINGPONG rounds=2000 pongs=2000
DMA IRQ c0=0
DMA IRQ c1=2
DMA IRQ c2=0
DMA IRQ c3=0
SELECT busy=12994
SELECT w0=12992
SELECT w1=6465
SELECT w2=7424
BUSY TASK ewma=997
DMA IRQ c0=0
DMA IRQ c1=2
DMA IRQ c2=0
DMA IRQ c3=0
SELECT busy=13014
SELECT w0=13012
SELECT w1=6475
SELECT w2=7437
BUSY TASK ewma=997
DMA IRQ c0=0
DMA IRQ c1=2
DMA IRQ c2=0
DMA IRQ c3=0
SELECT busy=13033
SELECT w0=13031
SELECT w1=6484
SELECT w2=7447
BUSY TASK ewma=997
DMA IRQ c0=0
DMA IRQ c1=2
DMA IRQ c2=0
DMA IRQ c3=0
SELECT busy=13054
SELECT w0=13051
SELECT w1=6490
SELECT w2=7454
BUSY TASK ewma=997
DMA IRQ c0=0
DMA IRQ c1=2
DMA IRQ c2=0
DMA IRQ c3=0
SELECT busy=13080
SELECT w0=13079
SELECT w1=6503
SELECT w2=7471
BUSY TASK ewma=997
DMA IRQ c0=0
DMA IRQ c1=2
DMA IRQ c2=0
DMA IRQ c3=0
SELECT busy=13109
SELECT w0=13106
SELECT w1=6513
SELECT w2=7486
BUSY TASK ewma=997
DMA IRQ c0=0
DMA IRQ c1=2
DMA IRQ c2=0
DMA IRQ c3=0
SELECT busy=13125
SELECT w0=13123
SELECT w1=6518
SELECT w2=7492
BUSY TASK ewma=997
DMA IRQ c0=0
DMA IRQ c1=2
DMA IRQ c2=0
DMA IRQ c3=0
SELECT busy=13147
SELECT w0=13145
SELECT w1=6528
SELECT w2=7503
BUSY TASK ewma=997
DMA IRQ c0=0
DMA IRQ c1=2
DMA IRQ c2=0
DMA IRQ c3=0
SELECT busy=13172
SELECT w0=13171
SELECT w1=6539
SELECT w2=7516
BUSY TASK ewma=997
DMA IRQ c0=0
DMA IRQ c1=2
DMA IRQ c2=0
DMA IRQ c3=0
SELECT busy=13193
SELECT w0=13190
SELECT w1=6546
SELECT w2=7523
BUSY TASK ewma=997
DMA IRQ c0=0
DMA IRQ c1=2
DMA IRQ c2=0
DMA IRQ c3=0
SELECT busy=13211
SELECT w0=13208
SELECT w1=6551
SELECT w2=7530
BUSY TASK ewma=997
DMA IRQ c0=0
DMA IRQ c1=2
DMA IRQ c2=0
DMA IRQ c3=0
SELECT busy=13228
SELECT w0=13225
SELECT w1=6560
SELECT w2=7540
BUSY TASK ewma=997
DMA IRQ c0=0
DMA IRQ c1=2
DMA IRQ c2=0
DMA IRQ c3=0
SELECT busy=13244
SELECT w0=13241
SELECT w1=6568
SELECT w2=7550
BUSY TASK ewma=997
DMA IRQ c0=0
DMA IRQ c1=2
DMA IRQ c2=0
DMA IRQ c3=0
SELECT busy=13261
SELECT w0=13259
SELECT w1=6578
SELECT w2=7560
BUSY TASK ewma=997
DMA IRQ c0=0
DMA IRQ c1=2
DMA IRQ c2=0
DMA IRQ c3=0
SELECT busy=13280
SELECT w0=13277
SELECT w1=6585
SELECT w2=7570
BUSY TASK ewma=997
DMA IRQ c0=0
DMA IRQ c1=2
DMA IRQ c2=0
DMA IRQ c3=0
SELECT busy=13296
SELECT w0=13293
SELECT w1=6593
SELECT w2=7578
BUSY TASK ewma=997
DMA IRQ c0=0
DMA IRQ c1=2
DMA IRQ c2=0
DMA IRQ c3=0
SELECT busy=13315
SELECT w0=13313
SELECT w1=6603
SELECT w2=7589
BUSY TASK ewma=997
DMA IRQ c0=0
DMA IRQ c1=2
DMA IRQ c2=0
DMA IRQ c3=0
SELECT busy=13339
SELECT w0=13337
SELECT w1=6613
SELECT w2=7601
BUSY TASK ewma=997
DMA IRQ c0=0
DMA IRQ c1=2
DMA IRQ c2=0
DMA IRQ c3=0
SELECT busy=13380
SELECT w0=13378
SELECT w1=6629
SELECT w2=7620
BUSY TASK ewma=997
DMA IRQ c0=0
DMA IRQ c1=2
DMA IRQ c2=0
DMA IRQ c3=0
SELECT busy=13423
SELECT w0=13420
SELECT w1=6646
SELECT w2=7640
BUSY TASK ewma=997
DMA IRQ c0=0
DMA IRQ c1=2
DMA IRQ c2=0
DMA IRQ c3=0
SELECT busy=13455
SELECT w0=13452
SELECT w1=6658
SELECT w2=7657
BUSY TASK ewma=997
DMA IRQ c0=0
DMA IRQ c1=2
DMA IRQ c2=0
DMA IRQ c3=0
SELECT busy=13490
SELECT w0=13487
SELECT w1=6674
SELECT w2=7676
BUSY TASK ewma=997
DMA IRQ c0=0
DMA IRQ c1=2
DMA IRQ c2=0
DMA IRQ c3=0
SELECT busy=13512
SELECT w0=13510
SELECT w1=6684
SELECT w2=7687
BUSY TASK ewma=997
DMA IRQ c0=0
DMA IRQ c1=2
DMA IRQ c2=0
DMA IRQ c3=0
SELECT busy=13534
SELECT w0=13531
SELECT w1=6695
SELECT w2=7701
BUSY TASK ewma=997
DMA IRQ c0=0
DMA IRQ c1=2
DMA IRQ c2=0
DMA IRQ c3=0
SELECT busy=13550
SELECT w0=13548
SELECT w1=6703
SELECT w2=7712
BUSY TASK ewma=997
DMA IRQ c0=0
DMA IRQ c1=2
DMA IRQ c2=0
DMA IRQ c3=0
SELECT busy=13578
SELECT w0=13576
SELECT w1=6711
SELECT w2=7724
BUSY TASK ewma=997
DMA IRQ c0=0
DMA IRQ c1=2
DMA IRQ c2=0
DMA IRQ c3=0
SELECT busy=13614
SELECT w0=13612
SELECT w1=6730
SELECT w2=7744
BUSY TASK ewma=997
DMA IRQ c0=0
DMA IRQ c1=2
DMA IRQ c2=0
DMA IRQ c3=0
SELECT busy=13649
SELECT w0=13647
SELECT w1=6743
SELECT w2=7762
BUSY TASK ewma=997
DMA IRQ c0=0
DMA IRQ c1=2
DMA IRQ c2=0
DMA IRQ c3=0
SELECT busy=13680
SELECT w0=13678
SELECT w1=6755
SELECT w2=7779
BUSY TASK ewma=997
DMA IRQ c0=0
DMA IRQ c1=2
DMA IRQ c2=0
DMA IRQ c3=0
SELECT busy=13706
SELECT w0=13703
SELECT w1=6766
SELECT w2=7794
BUSY TASK ewma=997
DMA IRQ c0=0
DMA IRQ c1=2
DMA IRQ c2=0
DMA IRQ c3=0
SELECT busy=13746
SELECT w0=13744
SELECT w1=6784
SELECT w2=7815
BUSY TASK ewma=997
DMA IRQ c0=0
DMA IRQ c1=2
DMA IRQ c2=0
DMA IRQ c3=0
SELECT busy=13788
SELECT w0=13785
SELECT w1=6801
SELECT w2=7834
BUSY TASK ewma=997
DMA IRQ c0=0
DMA IRQ c1=2
DMA IRQ c2=0
DMA IRQ c3=0
SELECT busy=13821
SELECT w0=13818
SELECT w1=6816
SELECT w2=7853
qemu-system-aarch64: terminating on signal 15 from pid 202512 (timeout)
