P4 M7: full integration test boot OK
CPU0: MPIDR_EL1=0x0000000080000000
CPU0: psci_cpu_on target=1 rc=0
CPU1: alive, MPIDR_EL1=0x0000000080000001 this_cpu()->cpu_id=1
CPU0: psci_cpu_on target=2 rc=0
CPU2: alive, MPIDR_EL1=0x0000000080000002 this_cpu()->cpu_id=2
CPU0: psci_cpu_on target=3 rc=0
CPU3: alive, MPIDR_EL1=0x0000000080000003 this_cpu()->cpu_id=3
CPUs online: 4
DMA IRQ target cpu=1
D2b: worker 1 runs on CPU1
D2b: worker 0 runs on CPU0
D2b: worker 2 runs on CPU2
P4 M7: worker submitted cmd_id=2
P4 M7: worker submitted cmd_id=1
P4 M7: worker submitted cmd_id=3
BUSY TASK ewma=997
DMA IRQ c0=0
DMA IRQ c1=0
DMA IRQ c2=0
DMA IRQ c3=0
SELECT busy=40
SELECT w0=5
SELECT w1=5
P4 M7: worker DATA OK, cmd_id=2
P4 M7: worker DATA OK, cmd_id=1
P4 M7: worker DATA OK, cmd_id=3
WORKER ewma=916
WORKER ewma=657
WORKER ewma=881
SELECT w2=24
BUSY TASK ewma=997
DMA IRQ c0=0
DMA IRQ c1=2
DMA IRQ c2=0
DMA IRQ c3=0
SELECT busy=73
SELECT w0=49
SELECT w1=58
SELECT w2=72
BUSY TASK ewma=997
DMA IRQ c0=0
DMA IRQ c1=2
DMA IRQ c2=0
DMA IRQ c3=0
SELECT busy=100
SELECT w0=76
SELECT w1=99
SELECT w2=116
BUSY TASK ewma=997
DMA IRQ c0=0
DMA IRQ c1=2
DMA IRQ c2=0
DMA IRQ c3=0
SELECT busy=127
SELECT w0=103
SELECT w1=144
SELECT w2=158
BUSY TASK ewma=997
DMA IRQ c0=0
DMA IRQ c1=2
DMA IRQ c2=0
DMA IRQ c3=0
SELECT busy=153
SELECT w0=130
SELECT w1=185
SELECT w2=200
BUSY TASK ewma=997
DMA IRQ c0=0
DMA IRQ c1=2
DMA IRQ c2=0
DMA IRQ c3=0
SELECT busy=177
SELECT w0=153
SELECT w1=213
SELECT w2=227
BUSY TASK ewma=997
DMA IRQ c0=0
DMA IRQ c1=2
DMA IRQ c2=0
DMA IRQ c3=0
SELECT busy=195
SELECT w0=171
SELECT w1=247
SELECT w2=262
BUSY TASK ewma=997
DMA IRQ c0=0
DMA IRQ c1=2
DMA IRQ c2=0
DMA IRQ c3=0
SELECT busy=212
SELECT w0=189
SELECT w1=288
SELECT w2=304
BUSY TASK ewma=997
DMA IRQ c0=0
DMA IRQ c1=2
DMA IRQ c2=0
DMA IRQ c3=0
SELECT busy=233
SELECT w0=210
SELECT w1=315
SELECT w2=328
BUSY TASK ewma=997
DMA IRQ c0=0
DMA IRQ c1=2
DMA IRQ c2=0
DMA IRQ c3=0
SELECT busy=251
SELECT w0=228
SELECT w1=326
SELECT w2=335
BUSY TASK ewma=997
DMA IRQ c0=0
DMA IRQ c1=2
DMA IRQ c2=0
DMA IRQ c3=0
SELECT busy=269
SELECT w0=245
SELECT w1=338
SELECT w2=346
BUSY TASK ewma=997
DMA IRQ c0=0
DMA IRQ c1=2
DMA IRQ c2=0
DMA IRQ c3=0
SELECT busy=284
SELECT w0=260
SELECT w1=350
SELECT w2=354
BUSY TASK ewma=997
DMA IRQ c0=0
DMA IRQ c1=2
DMA IRQ c2=0
DMA IRQ c3=0
SELECT busy=303
SELECT w0=279
SELECT w1=365
SELECT w2=364
BUSY TASK ewma=997
DMA IRQ c0=0
DMA IRQ c1=2
DMA IRQ c2=0
DMA IRQ c3=0
SELECT busy=321
SELECT w0=298
SELECT w1=373
SELECT w2=372
BUSY TASK ewma=997
DMA IRQ c0=0
DMA IRQ c1=2
DMA IRQ c2=0
DMA IRQ c3=0
SELECT busy=341
SELECT w0=318
SELECT w1=385
SELECT w2=386
BUSY TASK ewma=997
DMA IRQ c0=0
DMA IRQ c1=2
DMA IRQ c2=0
DMA IRQ c3=0
SELECT busy=377
SELECT w0=353
SELECT w1=402
SELECT w2=402
BUSY TASK ewma=997
DMA IRQ c0=0
DMA IRQ c1=2
DMA IRQ c2=0
DMA IRQ c3=0
SELECT busy=413
SELECT w0=389
SELECT w1=418
SELECT w2=418
BUSY TASK ewma=997
DMA IRQ c0=0
DMA IRQ c1=2
DMA IRQ c2=0
DMA IRQ c3=0
SELECT busy=445
SELECT w0=421
SELECT w1=434
SELECT w2=434
BUSY TASK ewma=997
DMA IRQ c0=0
DMA IRQ c1=2
DMA IRQ c2=0
DMA IRQ c3=0
SELECT busy=488
SELECT w0=465
SELECT w1=458
SELECT w2=451
BUSY TASK ewma=997
DMA IRQ c0=0
DMA IRQ c1=2
DMA IRQ c2=0
DMA IRQ c3=0
SELECT busy=523
SELECT w0=500
SELECT w1=471
SELECT w2=466
BUSY TASK ewma=997
DMA IRQ c0=0
DMA IRQ c1=2
DMA IRQ c2=0
DMA IRQ c3=0
SELECT busy=547
SELECT w0=523
SELECT w1=482
SELECT w2=475
BUSY TASK ewma=997
DMA IRQ c0=0
DMA IRQ c1=2
DMA IRQ c2=0
DMA IRQ c3=0
SELECT busy=567
SELECT w0=543
SELECT w1=492
SELECT w2=484
BUSY TASK ewma=997
DMA IRQ c0=0
DMA IRQ c1=2
DMA IRQ c2=0
DMA IRQ c3=0
SELECT busy=587
SELECT w0=563
SELECT w1=502
SELECT w2=493
BUSY TASK ewma=997
DMA IRQ c0=0
DMA IRQ c1=2
DMA IRQ c2=0
DMA IRQ c3=0
SELECT busy=605
SELECT w0=581
SELECT w1=509
SELECT w2=501
BUSY TASK ewma=997
DMA IRQ c0=0
DMA IRQ c1=2
DMA IRQ c2=0
DMA IRQ c3=0
SELECT busy=624
SELECT w0=600
SELECT w1=520
SELECT w2=510
BUSY TASK ewma=997
DMA IRQ c0=0
DMA IRQ c1=2
DMA IRQ c2=0
DMA IRQ c3=0
SELECT busy=641
SELECT w0=618
SELECT w1=531
SELECT w2=524
BUSY TASK ewma=997
DMA IRQ c0=0
DMA IRQ c1=2
DMA IRQ c2=0
DMA IRQ c3=0
SELECT busy=668
SELECT w0=645
SELECT w1=547
SELECT w2=539
BUSY TASK ewma=997
DMA IRQ c0=0
DMA IRQ c1=2
DMA IRQ c2=0
DMA IRQ c3=0
SELECT busy=692
SELECT w0=669
SELECT w1=564
SELECT w2=556
BUSY TASK ewma=997
DMA IRQ c0=0
DMA IRQ c1=2
DMA IRQ c2=0
DMA IRQ c3=0
SELECT busy=713
SELECT w0=690
SELECT w1=575
SELECT w2=569
BUSY TASK ewma=997
DMA IRQ c0=0
DMA IRQ c1=2
DMA IRQ c2=0
DMA IRQ c3=0
SELECT busy=731
SELECT w0=708
SELECT w1=587
SELECT w2=580
BUSY TASK ewma=997
DMA IRQ c0=0
DMA IRQ c1=2
DMA IRQ c2=0
DMA IRQ c3=0
SELECT busy=748
SELECT w0=725
SELECT w1=596
SELECT w2=589
BUSY TASK ewma=997
DMA IRQ c0=0
DMA IRQ c1=2
DMA IRQ c2=0
DMA IRQ c3=0
SELECT busy=767
SELECT w0=744
SELECT w1=603
SELECT w2=595
BUSY TASK ewma=997
DMA IRQ c0=0
DMA IRQ c1=2
DMA IRQ c2=0
DMA IRQ c3=0
SELECT busy=786
SELECT w0=762
SELECT w1=609
SELECT w2=602
BUSY TASK ewma=997
DMA IRQ c0=0
DMA IRQ c1=2
DMA IRQ c2=0
DMA IRQ c3=0
SELECT busy=802
SELECT w0=779
SELECT w1=617
SELECT w2=610
BUSY TASK ewma=997
DMA IRQ c0=0
DMA IRQ c1=2
DMA IRQ c2=0
DMA IRQ c3=0
SELECT busy=819
SELECT w0=795
SELECT w1=625
SELECT w2=619
BUSY TASK ewma=997
DMA IRQ c0=0
DMA IRQ c1=2
DMA IRQ c2=0
DMA IRQ c3=0
SELECT busy=837
SELECT w0=814
SELECT w1=633
SELECT w2=628
BUSY TASK ewma=997
DMA IRQ c0=0
DMA IRQ c1=2
DMA IRQ c2=0
DMA IRQ c3=0
SELECT busy=857
SELECT w0=833
SELECT w1=641
SELECT w2=637
BUSY TASK ewma=997
DMA IRQ c0=0
DMA IRQ c1=2
DMA IRQ c2=0
DMA IRQ c3=0
SELECT busy=875
SELECT w0=851
SELECT w1=651
SELECT w2=647
BUSY TASK ewma=997
DMA IRQ c0=0
DMA IRQ c1=2
DMA IRQ c2=0
DMA IRQ c3=0
SELECT busy=893
SELECT w0=870
SELECT w1=659
SELECT w2=655
BUSY TASK ewma=997
DMA IRQ c0=0
DMA IRQ c1=2
DMA IRQ c2=0
DMA IRQ c3=0
SELECT busy=913
SELECT w0=889
SELECT w1=668
SELECT w2=663
BUSY TASK ewma=997
DMA IRQ c0=0
DMA IRQ c1=2
DMA IRQ c2=0
DMA IRQ c3=0
SELECT busy=931
SELECT w0=907
SELECT w1=678
SELECT w2=671
BUSY TASK ewma=997
DMA IRQ c0=0
DMA IRQ c1=2
DMA IRQ c2=0
DMA IRQ c3=0
SELECT busy=954
SELECT w0=932
SELECT w1=697
SELECT w2=686
BUSY TASK ewma=997
DMA IRQ c0=0
DMA IRQ c1=2
DMA IRQ c2=0
DMA IRQ c3=0
SELECT busy=973
SELECT w0=950
SELECT w1=707
SELECT w2=698
BUSY TASK ewma=997
DMA IRQ c0=0
DMA IRQ c1=2
DMA IRQ c2=0
DMA IRQ c3=0
SELECT busy=1004
SELECT w0=981
SELECT w1=730
SELECT w2=718
BUSY TASK ewma=997
DMA IRQ c0=0
DMA IRQ c1=2
DMA IRQ c2=0
DMA IRQ c3=0
SELECT busy=1021
SELECT w0=999
SELECT w1=741
SELECT w2=731
BUSY TASK ewma=997
DMA IRQ c0=0
DMA IRQ c1=2
DMA IRQ c2=0
DMA IRQ c3=0
SELECT busy=1039
SELECT w0=1016
SELECT w1=749
SELECT w2=740
BUSY TASK ewma=997
DMA IRQ c0=0
DMA IRQ c1=2
DMA IRQ c2=0
DMA IRQ c3=0
SELECT busy=1056
SELECT w0=1033
SELECT w1=758
SELECT w2=752
BUSY TASK ewma=997
DMA IRQ c0=0
DMA IRQ c1=2
DMA IRQ c2=0
DMA IRQ c3=0
SELECT busy=1073
SELECT w0=1050
SELECT w1=770
SELECT w2=765
BUSY TASK ewma=997
DMA IRQ c0=0
DMA IRQ c1=2
DMA IRQ c2=0
DMA IRQ c3=0
SELECT busy=1092
SELECT w0=1069
SELECT w1=788
SELECT w2=778
BUSY TASK ewma=997
DMA IRQ c0=0
DMA IRQ c1=2
DMA IRQ c2=0
DMA IRQ c3=0
SELECT busy=1118
SELECT w0=1094
SELECT w1=805
SELECT w2=790
BUSY TASK ewma=997
DMA IRQ c0=0
DMA IRQ c1=2
DMA IRQ c2=0
DMA IRQ c3=0
SELECT busy=1137
SELECT w0=1114
SELECT w1=814
SELECT w2=800
BUSY TASK ewma=997
DMA IRQ c0=0
DMA IRQ c1=2
DMA IRQ c2=0
DMA IRQ c3=0
SELECT busy=1153
SELECT w0=1130
SELECT w1=825
SELECT w2=810
BUSY TASK ewma=997
DMA IRQ c0=0
DMA IRQ c1=2
DMA IRQ c2=0
DMA IRQ c3=0
SELECT busy=1170
SELECT w0=1148
SELECT w1=838
SELECT w2=821
BUSY TASK ewma=997
DMA IRQ c0=0
DMA IRQ c1=2
DMA IRQ c2=0
DMA IRQ c3=0
SELECT busy=1187
SELECT w0=1164
SELECT w1=846
SELECT w2=830
BUSY TASK ewma=997
DMA IRQ c0=0
DMA IRQ c1=2
DMA IRQ c2=0
DMA IRQ c3=0
SELECT busy=1202
SELECT w0=1179
SELECT w1=856
SELECT w2=841
BUSY TASK ewma=997
DMA IRQ c0=0
DMA IRQ c1=2
DMA IRQ c2=0
DMA IRQ c3=0
SELECT busy=1219
SELECT w0=1198
SELECT w1=870
SELECT w2=856
BUSY TASK ewma=997
DMA IRQ c0=0
DMA IRQ c1=2
DMA IRQ c2=0
DMA IRQ c3=0
SELECT busy=1238
SELECT w0=1215
SELECT w1=882
SELECT w2=866
BUSY TASK ewma=997
DMA IRQ c0=0
DMA IRQ c1=2
DMA IRQ c2=0
DMA IRQ c3=0
SELECT busy=1260
SELECT w0=1237
SELECT w1=899
SELECT w2=879
BUSY TASK ewma=997
DMA IRQ c0=0
DMA IRQ c1=2
DMA IRQ c2=0
DMA IRQ c3=0
SELECT busy=1277
SELECT w0=1254
SELECT w1=909
SELECT w2=888
BUSY TASK ewma=997
DMA IRQ c0=0
DMA IRQ c1=2
DMA IRQ c2=0
DMA IRQ c3=0
SELECT busy=1292
SELECT w0=1269
SELECT w1=918
SELECT w2=898
BUSY TASK ewma=997
DMA IRQ c0=0
DMA IRQ c1=2
DMA IRQ c2=0
DMA IRQ c3=0
SELECT busy=1308
SELECT w0=1285
SELECT w1=929
SELECT w2=909
BUSY TASK ewma=997
DMA IRQ c0=0
DMA IRQ c1=2
DMA IRQ c2=0
DMA IRQ c3=0
SELECT busy=1327
SELECT w0=1304
SELECT w1=939
SELECT w2=924
BUSY TASK ewma=997
DMA IRQ c0=0
DMA IRQ c1=2
DMA IRQ c2=0
DMA IRQ c3=0
SELECT busy=1352
SELECT w0=1329
SELECT w1=958
SELECT w2=940
BUSY TASK ewma=997
IRQ counts: cpu0=2718 cpu1=3074 cpu2=3006 cpu3=2973
SCHED secondaries: calls=9065 unexpected=0
SECTEST switches=9041 cpu1=33522457,31934608 cpu2=24264669,24715837 cpu3=41680116,41548339
PINGPONG rounds=846 pongs=846
DMA IRQ c0=0
DMA IRQ c1=2
DMA IRQ c2=0
DMA IRQ c3=0
SELECT busy=1389
SELECT w0=1366
SELECT w1=978
SELECT w2=960
BUSY TASK ewma=997
DMA IRQ c0=0
DMA IRQ c1=2
DMA IRQ c2=0
DMA IRQ c3=0
SELECT busy=1405
SELECT w0=1382
SELECT w1=990
SELECT w2=971
BUSY TASK ewma=997
DMA IRQ c0=0
DMA IRQ c1=2
DMA IRQ c2=0
DMA IRQ c3=0
SELECT busy=1424
SELECT w0=1400
SELECT w1=1001
SELECT w2=981
BUSY TASK ewma=997
DMA IRQ c0=0
DMA IRQ c1=2
DMA IRQ c2=0
DMA IRQ c3=0
SELECT busy=1444
SELECT w0=1420
SELECT w1=1010
SELECT w2=990
BUSY TASK ewma=997
DMA IRQ c0=0
DMA IRQ c1=2
DMA IRQ c2=0
DMA IRQ c3=0
SELECT busy=1459
SELECT w0=1435
SELECT w1=1019
SELECT w2=997
BUSY TASK ewma=997
DMA IRQ c0=0
DMA IRQ c1=2
DMA IRQ c2=0
DMA IRQ c3=0
SELECT busy=1479
SELECT w0=1456
SELECT w1=1031
SELECT w2=1014
BUSY TASK ewma=997
DMA IRQ c0=0
DMA IRQ c1=2
DMA IRQ c2=0
DMA IRQ c3=0
SELECT busy=1510
SELECT w0=1487
SELECT w1=1048
SELECT w2=1028
BUSY TASK ewma=997
DMA IRQ c0=0
DMA IRQ c1=2
DMA IRQ c2=0
DMA IRQ c3=0
SELECT busy=1549
SELECT w0=1526
SELECT w1=1064
SELECT w2=1044
BUSY TASK ewma=997
DMA IRQ c0=0
DMA IRQ c1=2
DMA IRQ c2=0
DMA IRQ c3=0
SELECT busy=1572
SELECT w0=1548
SELECT w1=1083
SELECT w2=1059
BUSY TASK ewma=997
DMA IRQ c0=0
DMA IRQ c1=2
DMA IRQ c2=0
DMA IRQ c3=0
SELECT busy=1593
SELECT w0=1571
SELECT w1=1101
SELECT w2=1076
BUSY TASK ewma=997
DMA IRQ c0=0
DMA IRQ c1=2
DMA IRQ c2=0
DMA IRQ c3=0
SELECT busy=1618
SELECT w0=1595
SELECT w1=1119
SELECT w2=1088
BUSY TASK ewma=997
DMA IRQ c0=0
DMA IRQ c1=2
DMA IRQ c2=0
DMA IRQ c3=0
SELECT busy=1632
SELECT w0=1608
SELECT w1=1127
SELECT w2=1095
BUSY TASK ewma=997
DMA IRQ c0=0
DMA IRQ c1=2
DMA IRQ c2=0
DMA IRQ c3=0
SELECT busy=1651
SELECT w0=1627
SELECT w1=1134
SELECT w2=1103
BUSY TASK ewma=997
DMA IRQ c0=0
DMA IRQ c1=2
DMA IRQ c2=0
DMA IRQ c3=0
SELECT busy=1670
SELECT w0=1646
SELECT w1=1142
SELECT w2=1113
BUSY TASK ewma=997
DMA IRQ c0=0
DMA IRQ c1=2
DMA IRQ c2=0
DMA IRQ c3=0
SELECT busy=1706
SELECT w0=1683
SELECT w1=1163
SELECT w2=1136
BUSY TASK ewma=997
DMA IRQ c0=0
DMA IRQ c1=2
DMA IRQ c2=0
DMA IRQ c3=0
SELECT busy=1740
SELECT w0=1717
SELECT w1=1183
SELECT w2=1155
BUSY TASK ewma=997
DMA IRQ c0=0
DMA IRQ c1=2
DMA IRQ c2=0
DMA IRQ c3=0
SELECT busy=1772
SELECT w0=1751
SELECT w1=1202
SELECT w2=1177
BUSY TASK ewma=997
DMA IRQ c0=0
DMA IRQ c1=2
DMA IRQ c2=0
DMA IRQ c3=0
SELECT busy=1814
SELECT w0=1790
SELECT w1=1228
SELECT w2=1203
BUSY TASK ewma=997
DMA IRQ c0=0
DMA IRQ c1=2
DMA IRQ c2=0
DMA IRQ c3=0
SELECT busy=1854
SELECT w0=1831
SELECT w1=1250
SELECT w2=1225
BUSY TASK ewma=997
DMA IRQ c0=0
DMA IRQ c1=2
DMA IRQ c2=0
DMA IRQ c3=0
SELECT busy=1891
SELECT w0=1867
SELECT w1=1268
SELECT w2=1241
BUSY TASK ewma=997
DMA IRQ c0=0
DMA IRQ c1=2
DMA IRQ c2=0
DMA IRQ c3=0
SELECT busy=1914
SELECT w0=1891
SELECT w1=1280
SELECT w2=1251
BUSY TASK ewma=997
DMA IRQ c0=0
DMA IRQ c1=2
DMA IRQ c2=0
DMA IRQ c3=0
SELECT busy=1934
SELECT w0=1910
SELECT w1=1292
SELECT w2=1261
BUSY TASK ewma=997
DMA IRQ c0=0
DMA IRQ c1=2
DMA IRQ c2=0
DMA IRQ c3=0
SELECT busy=1952
SELECT w0=1928
SELECT w1=1299
SELECT w2=1267
BUSY TASK ewma=997
DMA IRQ c0=0
DMA IRQ c1=2
DMA IRQ c2=0
DMA IRQ c3=0
SELECT busy=1973
SELECT w0=1949
SELECT w1=1309
SELECT w2=1279
BUSY TASK ewma=997
DMA IRQ c0=0
DMA IRQ c1=2
DMA IRQ c2=0
DMA IRQ c3=0
SELECT busy=1990
SELECT w0=1967
SELECT w1=1321
SELECT w2=1290
BUSY TASK ewma=997
DMA IRQ c0=0
DMA IRQ c1=2
DMA IRQ c2=0
DMA IRQ c3=0
SELECT busy=2010
SELECT w0=1986
SELECT w1=1329
SELECT w2=1297
BUSY TASK ewma=997
DMA IRQ c0=0
DMA IRQ c1=2
DMA IRQ c2=0
DMA IRQ c3=0
SELECT busy=2028
SELECT w0=2004
SELECT w1=1337
SELECT w2=1306
BUSY TASK ewma=997
DMA IRQ c0=0
DMA IRQ c1=2
DMA IRQ c2=0
DMA IRQ c3=0
SELECT busy=2046
SELECT w0=2023
SELECT w1=1347
SELECT w2=1315
BUSY TASK ewma=997
DMA IRQ c0=0
DMA IRQ c1=2
DMA IRQ c2=0
DMA IRQ c3=0
SELECT busy=2065
SELECT w0=2041
SELECT w1=1355
SELECT w2=1324
BUSY TASK ewma=997
DMA IRQ c0=0
DMA IRQ c1=2
DMA IRQ c2=0
DMA IRQ c3=0
SELECT busy=2082
SELECT w0=2059
SELECT w1=1368
SELECT w2=1336
BUSY TASK ewma=997
DMA IRQ c0=0
DMA IRQ c1=2
DMA IRQ c2=0
DMA IRQ c3=0
SELECT busy=2100
SELECT w0=2076
SELECT w1=1375
SELECT w2=1344
BUSY TASK ewma=997
DMA IRQ c0=0
DMA IRQ c1=2
DMA IRQ c2=0
DMA IRQ c3=0
SELECT busy=2119
SELECT w0=2095
SELECT w1=1385
SELECT w2=1352
BUSY TASK ewma=997
DMA IRQ c0=0
DMA IRQ c1=2
DMA IRQ c2=0
DMA IRQ c3=0
SELECT busy=2139
SELECT w0=2115
SELECT w1=1394
SELECT w2=1364
BUSY TASK ewma=997
DMA IRQ c0=0
DMA IRQ c1=2
DMA IRQ c2=0
DMA IRQ c3=0
SELECT busy=2164
SELECT w0=2140
SELECT w1=1407
SELECT w2=1372
BUSY TASK ewma=997
DMA IRQ c0=0
DMA IRQ c1=2
DMA IRQ c2=0
DMA IRQ c3=0
SELECT busy=2208
SELECT w0=2185
SELECT w1=1440
SELECT w2=1395
BUSY TASK ewma=997
DMA IRQ c0=0
DMA IRQ c1=2
DMA IRQ c2=0
DMA IRQ c3=0
SELECT busy=2227
SELECT w0=2204
SELECT w1=1454
SELECT w2=1408
BUSY TASK ewma=997
DMA IRQ c0=0
DMA IRQ c1=2
DMA IRQ c2=0
DMA IRQ c3=0
SELECT busy=2252
SELECT w0=2229
SELECT w1=1471
SELECT w2=1426
BUSY TASK ewma=997
DMA IRQ c0=0
DMA IRQ c1=2
DMA IRQ c2=0
DMA IRQ c3=0
SELECT busy=2282
SELECT w0=2259
SELECT w1=1493
SELECT w2=1445
BUSY TASK ewma=997
DMA IRQ c0=0
DMA IRQ c1=2
DMA IRQ c2=0
DMA IRQ c3=0
SELECT busy=2303
SELECT w0=2280
SELECT w1=1506
SELECT w2=1458
BUSY TASK ewma=997
DMA IRQ c0=0
DMA IRQ c1=2
DMA IRQ c2=0
DMA IRQ c3=0
SELECT busy=2319
SELECT w0=2296
SELECT w1=1515
SELECT w2=1468
BUSY TASK ewma=997
DMA IRQ c0=0
DMA IRQ c1=2
DMA IRQ c2=0
DMA IRQ c3=0
SELECT busy=2338
SELECT w0=2315
SELECT w1=1527
SELECT w2=1482
BUSY TASK ewma=997
DMA IRQ c0=0
DMA IRQ c1=2
DMA IRQ c2=0
DMA IRQ c3=0
SELECT busy=2357
SELECT w0=2334
SELECT w1=1542
SELECT w2=1493
BUSY TASK ewma=997
DMA IRQ c0=0
DMA IRQ c1=2
DMA IRQ c2=0
DMA IRQ c3=0
SELECT busy=2373
SELECT w0=2349
SELECT w1=1551
SELECT w2=1502
BUSY TASK ewma=997
DMA IRQ c0=0
DMA IRQ c1=2
DMA IRQ c2=0
DMA IRQ c3=0
SELECT busy=2394
SELECT w0=2370
SELECT w1=1566
SELECT w2=1514
BUSY TASK ewma=997
DMA IRQ c0=0
DMA IRQ c1=2
DMA IRQ c2=0
DMA IRQ c3=0
SELECT busy=2414
SELECT w0=2390
SELECT w1=1575
SELECT w2=1521
BUSY TASK ewma=997
DMA IRQ c0=0
DMA IRQ c1=2
DMA IRQ c2=0
DMA IRQ c3=0
SELECT busy=2433
SELECT w0=2409
SELECT w1=1586
SELECT w2=1530
BUSY TASK ewma=997
DMA IRQ c0=0
DMA IRQ c1=2
DMA IRQ c2=0
DMA IRQ c3=0
SELECT busy=2452
SELECT w0=2428
SELECT w1=1594
SELECT w2=1539
BUSY TASK ewma=997
DMA IRQ c0=0
DMA IRQ c1=2
DMA IRQ c2=0
DMA IRQ c3=0
SELECT busy=2486
SELECT w0=2463
SELECT w1=1613
SELECT w2=1558
BUSY TASK ewma=997
DMA IRQ c0=0
DMA IRQ c1=2
DMA IRQ c2=0
DMA IRQ c3=0
SELECT busy=2521
SELECT w0=2497
SELECT w1=1634
SELECT w2=1579
BUSY TASK ewma=997
DMA IRQ c0=0
DMA IRQ c1=2
DMA IRQ c2=0
DMA IRQ c3=0
SELECT busy=2561
SELECT w0=2538
SELECT w1=1658
SELECT w2=1606
BUSY TASK ewma=997
DMA IRQ c0=0
DMA IRQ c1=2
DMA IRQ c2=0
DMA IRQ c3=0
SELECT busy=2597
SELECT w0=2573
SELECT w1=1676
SELECT w2=1625
BUSY TASK ewma=997
DMA IRQ c0=0
DMA IRQ c1=2
DMA IRQ c2=0
DMA IRQ c3=0
SELECT busy=2625
SELECT w0=2602
SELECT w1=1693
SELECT w2=1640
BUSY TASK ewma=997
DMA IRQ c0=0
DMA IRQ c1=2
DMA IRQ c2=0
DMA IRQ c3=0
SELECT busy=2664
SELECT w0=2641
SELECT w1=1715
SELECT w2=1661
BUSY TASK ewma=997
DMA IRQ c0=0
DMA IRQ c1=2
DMA IRQ c2=0
DMA IRQ c3=0
SELECT busy=2699
SELECT w0=2678
SELECT w1=1736
SELECT w2=1682
BUSY TASK ewma=997
DMA IRQ c0=0
DMA IRQ c1=2
DMA IRQ c2=0
DMA IRQ c3=0
SELECT busy=2740
SELECT w0=2716
SELECT w1=1756
SELECT w2=1701
BUSY TASK ewma=997
DMA IRQ c0=0
DMA IRQ c1=2
DMA IRQ c2=0
DMA IRQ c3=0
SELECT busy=2781
SELECT w0=2757
SELECT w1=1773
SELECT w2=1722
BUSY TASK ewma=997
DMA IRQ c0=0
DMA IRQ c1=2
DMA IRQ c2=0
DMA IRQ c3=0
SELECT busy=2818
SELECT w0=2795
SELECT w1=1796
SELECT w2=1746
BUSY TASK ewma=997
DMA IRQ c0=0
DMA IRQ c1=2
DMA IRQ c2=0
DMA IRQ c3=0
SELECT busy=2856
SELECT w0=2834
SELECT w1=1818
SELECT w2=1768
BUSY TASK ewma=997
DMA IRQ c0=0
DMA IRQ c1=2
DMA IRQ c2=0
DMA IRQ c3=0
SELECT busy=2891
SELECT w0=2867
SELECT w1=1835
SELECT w2=1784
BUSY TASK ewma=997
DMA IRQ c0=0
DMA IRQ c1=2
DMA IRQ c2=0
DMA IRQ c3=0
SELECT busy=2927
SELECT w0=2904
SELECT w1=1852
SELECT w2=1801
BUSY TASK ewma=997
DMA IRQ c0=0
DMA IRQ c1=2
DMA IRQ c2=0
DMA IRQ c3=0
SELECT busy=2972
SELECT w0=2949
SELECT w1=1876
SELECT w2=1822
BUSY TASK ewma=997
DMA IRQ c0=0
DMA IRQ c1=2
DMA IRQ c2=0
DMA IRQ c3=0
SELECT busy=2990
SELECT w0=2967
SELECT w1=1888
SELECT w2=1834
BUSY TASK ewma=997
DMA IRQ c0=0
DMA IRQ c1=2
DMA IRQ c2=0
DMA IRQ c3=0
SELECT busy=3009
SELECT w0=2985
SELECT w1=1897
SELECT w2=1843
BUSY TASK ewma=997
DMA IRQ c0=0
DMA IRQ c1=2
DMA IRQ c2=0
DMA IRQ c3=0
SELECT busy=3038
SELECT w0=3015
SELECT w1=1919
SELECT w2=1861
BUSY TASK ewma=997
IRQ counts: cpu0=6094 cpu1=7018 cpu2=6774 cpu3=6756
SCHED secondaries: calls=20571 unexpected=0
SECTEST switches=20531 cpu1=71181098,70537041 cpu2=52492805,52059984 cpu3=81964744,80086405
PINGPONG rounds=1544 pongs=1545
DMA IRQ c0=0
DMA IRQ c1=2
DMA IRQ c2=0
DMA IRQ c3=0
SELECT busy=3077
SELECT w0=3055
SELECT w1=1948
SELECT w2=1890
BUSY TASK ewma=997
DMA IRQ c0=0
DMA IRQ c1=2
DMA IRQ c2=0
DMA IRQ c3=0
SELECT busy=3107
SELECT w0=3086
SELECT w1=1967
SELECT w2=1907
BUSY TASK ewma=997
DMA IRQ c0=0
DMA IRQ c1=2
DMA IRQ c2=0
DMA IRQ c3=0
SELECT busy=3154
SELECT w0=3131
SELECT w1=1993
SELECT w2=1927
BUSY TASK ewma=997
DMA IRQ c0=0
DMA IRQ c1=2
DMA IRQ c2=0
DMA IRQ c3=0
SELECT busy=3184
SELECT w0=3160
SELECT w1=2005
SELECT w2=1940
BUSY TASK ewma=997
DMA IRQ c0=0
DMA IRQ c1=2
DMA IRQ c2=0
DMA IRQ c3=0
SELECT busy=3219
SELECT w0=3195
SELECT w1=2022
SELECT w2=1957
BUSY TASK ewma=997
DMA IRQ c0=0
DMA IRQ c1=2
DMA IRQ c2=0
DMA IRQ c3=0
SELECT busy=3253
SELECT w0=3230
SELECT w1=2035
SELECT w2=1970
BUSY TASK ewma=997
DMA IRQ c0=0
DMA IRQ c1=2
DMA IRQ c2=0
DMA IRQ c3=0
SELECT busy=3275
SELECT w0=3252
SELECT w1=2047
SELECT w2=1983
BUSY TASK ewma=997
DMA IRQ c0=0
DMA IRQ c1=2
DMA IRQ c2=0
DMA IRQ c3=0
SELECT busy=3292
SELECT w0=3269
SELECT w1=2060
SELECT w2=1994
BUSY TASK ewma=997
DMA IRQ c0=0
DMA IRQ c1=2
DMA IRQ c2=0
DMA IRQ c3=0
SELECT busy=3313
SELECT w0=3290
SELECT w1=2073
SELECT w2=2009
BUSY TASK ewma=997
DMA IRQ c0=0
DMA IRQ c1=2
DMA IRQ c2=0
DMA IRQ c3=0
SELECT busy=3336
SELECT w0=3313
SELECT w1=2086
SELECT w2=2019
BUSY TASK ewma=997
DMA IRQ c0=0
DMA IRQ c1=2
DMA IRQ c2=0
DMA IRQ c3=0
SELECT busy=3357
SELECT w0=3334
SELECT w1=2100
SELECT w2=2030
BUSY TASK ewma=997
DMA IRQ c0=0
DMA IRQ c1=2
DMA IRQ c2=0
DMA IRQ c3=0
SELECT busy=3372
SELECT w0=3349
SELECT w1=2109
SELECT w2=2039
BUSY TASK ewma=997
DMA IRQ c0=0
DMA IRQ c1=2
DMA IRQ c2=0
DMA IRQ c3=0
SELECT busy=3389
SELECT w0=3366
SELECT w1=2121
SELECT w2=2049
BUSY TASK ewma=997
DMA IRQ c0=0
DMA IRQ c1=2
DMA IRQ c2=0
DMA IRQ c3=0
SELECT busy=3406
SELECT w0=3383
SELECT w1=2134
SELECT w2=2059
BUSY TASK ewma=997
DMA IRQ c0=0
DMA IRQ c1=2
DMA IRQ c2=0
DMA IRQ c3=0
SELECT busy=3425
SELECT w0=3402
SELECT w1=2147
SELECT w2=2070
BUSY TASK ewma=997
DMA IRQ c0=0
DMA IRQ c1=2
DMA IRQ c2=0
DMA IRQ c3=0
SELECT busy=3449
SELECT w0=3425
SELECT w1=2158
SELECT w2=2083
BUSY TASK ewma=997
DMA IRQ c0=0
DMA IRQ c1=2
DMA IRQ c2=0
DMA IRQ c3=0
SELECT busy=3470
SELECT w0=3446
SELECT w1=2170
SELECT w2=2096
BUSY TASK ewma=997
DMA IRQ c0=0
DMA IRQ c1=2
DMA IRQ c2=0
DMA IRQ c3=0
SELECT busy=3498
SELECT w0=3474
SELECT w1=2184
SELECT w2=2112
BUSY TASK ewma=997
DMA IRQ c0=0
DMA IRQ c1=2
DMA IRQ c2=0
DMA IRQ c3=0
SELECT busy=3537
SELECT w0=3517
SELECT w1=2206
SELECT w2=2137
BUSY TASK ewma=997
DMA IRQ c0=0
DMA IRQ c1=2
DMA IRQ c2=0
DMA IRQ c3=0
SELECT busy=3577
SELECT w0=3554
SELECT w1=2228
SELECT w2=2156
BUSY TASK ewma=997
DMA IRQ c0=0
DMA IRQ c1=2
DMA IRQ c2=0
DMA IRQ c3=0
SELECT busy=3615
SELECT w0=3592
SELECT w1=2248
SELECT w2=2176
BUSY TASK ewma=997
DMA IRQ c0=0
DMA IRQ c1=2
DMA IRQ c2=0
DMA IRQ c3=0
SELECT busy=3650
SELECT w0=3627
SELECT w1=2267
SELECT w2=2194
BUSY TASK ewma=997
DMA IRQ c0=0
DMA IRQ c1=2
DMA IRQ c2=0
DMA IRQ c3=0
SELECT busy=3687
SELECT w0=3664
SELECT w1=2290
SELECT w2=2215
BUSY TASK ewma=997
DMA IRQ c0=0
DMA IRQ c1=2
DMA IRQ c2=0
DMA IRQ c3=0
SELECT busy=3706
SELECT w0=3682
SELECT w1=2302
SELECT w2=2225
BUSY TASK ewma=997
DMA IRQ c0=0
DMA IRQ c1=2
DMA IRQ c2=0
DMA IRQ c3=0
SELECT busy=3724
SELECT w0=3702
SELECT w1=2313
SELECT w2=2238
BUSY TASK ewma=997
DMA IRQ c0=0
DMA IRQ c1=2
DMA IRQ c2=0
DMA IRQ c3=0
SELECT busy=3749
SELECT w0=3725
SELECT w1=2331
SELECT w2=2251
BUSY TASK ewma=997
DMA IRQ c0=0
DMA IRQ c1=2
DMA IRQ c2=0
DMA IRQ c3=0
SELECT busy=3774
SELECT w0=3751
SELECT w1=2346
SELECT w2=2265
BUSY TASK ewma=997
DMA IRQ c0=0
DMA IRQ c1=2
DMA IRQ c2=0
DMA IRQ c3=0
SELECT busy=3811
SELECT w0=3787
SELECT w1=2365
SELECT w2=2284
BUSY TASK ewma=997
DMA IRQ c0=0
DMA IRQ c1=2
DMA IRQ c2=0
DMA IRQ c3=0
SELECT busy=3847
SELECT w0=3823
SELECT w1=2383
SELECT w2=2303
BUSY TASK ewma=997
DMA IRQ c0=0
DMA IRQ c1=2
DMA IRQ c2=0
DMA IRQ c3=0
SELECT busy=3878
SELECT w0=3855
SELECT w1=2398
SELECT w2=2316
BUSY TASK ewma=997
DMA IRQ c0=0
DMA IRQ c1=2
DMA IRQ c2=0
DMA IRQ c3=0
SELECT busy=3921
SELECT w0=3897
SELECT w1=2420
SELECT w2=2340
BUSY TASK ewma=997
DMA IRQ c0=0
DMA IRQ c1=2
DMA IRQ c2=0
DMA IRQ c3=0
SELECT busy=3941
SELECT w0=3918
SELECT w1=2432
SELECT w2=2349
BUSY TASK ewma=997
DMA IRQ c0=0
DMA IRQ c1=2
DMA IRQ c2=0
DMA IRQ c3=0
SELECT busy=3958
SELECT w0=3934
SELECT w1=2445
SELECT w2=2359
BUSY TASK ewma=997
DMA IRQ c0=0
DMA IRQ c1=2
DMA IRQ c2=0
DMA IRQ c3=0
SELECT busy=3997
SELECT w0=3974
SELECT w1=2471
SELECT w2=2381
BUSY TASK ewma=997
DMA IRQ c0=0
DMA IRQ c1=2
DMA IRQ c2=0
DMA IRQ c3=0
SELECT busy=4036
SELECT w0=4013
SELECT w1=2499
SELECT w2=2401
BUSY TASK ewma=997
DMA IRQ c0=0
DMA IRQ c1=2
DMA IRQ c2=0
DMA IRQ c3=0
SELECT busy=4056
SELECT w0=4033
SELECT w1=2511
SELECT w2=2417
BUSY TASK ewma=997
DMA IRQ c0=0
DMA IRQ c1=2
DMA IRQ c2=0
DMA IRQ c3=0
SELECT busy=4092
SELECT w0=4070
SELECT w1=2530
SELECT w2=2435
BUSY TASK ewma=997
DMA IRQ c0=0
DMA IRQ c1=2
DMA IRQ c2=0
DMA IRQ c3=0
SELECT busy=4128
SELECT w0=4104
SELECT w1=2546
SELECT w2=2449
BUSY TASK ewma=997
DMA IRQ c0=0
DMA IRQ c1=2
DMA IRQ c2=0
DMA IRQ c3=0
SELECT busy=4163
SELECT w0=4140
SELECT w1=2563
SELECT w2=2469
BUSY TASK ewma=997
DMA IRQ c0=0
DMA IRQ c1=2
DMA IRQ c2=0
DMA IRQ c3=0
SELECT busy=4216
SELECT w0=4193
SELECT w1=2592
SELECT w2=2495
BUSY TASK ewma=997
DMA IRQ c0=0
DMA IRQ c1=2
DMA IRQ c2=0
DMA IRQ c3=0
SELECT busy=4249
SELECT w0=4225
SELECT w1=2605
SELECT w2=2511
BUSY TASK ewma=997
DMA IRQ c0=0
DMA IRQ c1=2
DMA IRQ c2=0
DMA IRQ c3=0
SELECT busy=4275
SELECT w0=4252
SELECT w1=2618
SELECT w2=2527
BUSY TASK ewma=997
DMA IRQ c0=0
DMA IRQ c1=2
DMA IRQ c2=0
DMA IRQ c3=0
SELECT busy=4314
SELECT w0=4291
SELECT w1=2634
SELECT w2=2547
BUSY TASK ewma=997
DMA IRQ c0=0
DMA IRQ c1=2
DMA IRQ c2=0
DMA IRQ c3=0
SELECT busy=4350
SELECT w0=4326
SELECT w1=2650
SELECT w2=2568
BUSY TASK ewma=997
DMA IRQ c0=0
DMA IRQ c1=2
DMA IRQ c2=0
DMA IRQ c3=0
SELECT busy=4383
SELECT w0=4360
SELECT w1=2662
SELECT w2=2582
BUSY TASK ewma=997
DMA IRQ c0=0
DMA IRQ c1=2
DMA IRQ c2=0
DMA IRQ c3=0
SELECT busy=4424
SELECT w0=4400
SELECT w1=2682
SELECT w2=2604
BUSY TASK ewma=997
DMA IRQ c0=0
DMA IRQ c1=2
DMA IRQ c2=0
DMA IRQ c3=0
SELECT busy=4446
SELECT w0=4423
SELECT w1=2693
SELECT w2=2618
BUSY TASK ewma=997
DMA IRQ c0=0
DMA IRQ c1=2
DMA IRQ c2=0
DMA IRQ c3=0
SELECT busy=4460
SELECT w0=4436
SELECT w1=2699
SELECT w2=2625
BUSY TASK ewma=997
DMA IRQ c0=0
DMA IRQ c1=2
DMA IRQ c2=0
DMA IRQ c3=0
SELECT busy=4476
SELECT w0=4452
SELECT w1=2705
SELECT w2=2633
BUSY TASK ewma=997
DMA IRQ c0=0
DMA IRQ c1=2
DMA IRQ c2=0
DMA IRQ c3=0
SELECT busy=4495
SELECT w0=4471
SELECT w1=2713
SELECT w2=2644
BUSY TASK ewma=997
DMA IRQ c0=0
DMA IRQ c1=2
DMA IRQ c2=0
DMA IRQ c3=0
SELECT busy=4513
SELECT w0=4489
SELECT w1=2720
SELECT w2=2654
BUSY TASK ewma=997
DMA IRQ c0=0
DMA IRQ c1=2
DMA IRQ c2=0
DMA IRQ c3=0
SELECT busy=4528
SELECT w0=4505
SELECT w1=2729
SELECT w2=2666
BUSY TASK ewma=997
DMA IRQ c0=0
DMA IRQ c1=2
DMA IRQ c2=0
DMA IRQ c3=0
SELECT busy=4549
SELECT w0=4526
SELECT w1=2736
SELECT w2=2675
BUSY TASK ewma=997
DMA IRQ c0=0
DMA IRQ c1=2
DMA IRQ c2=0
DMA IRQ c3=0
SELECT busy=4574
SELECT w0=4550
SELECT w1=2748
SELECT w2=2690
BUSY TASK ewma=997
DMA IRQ c0=0
DMA IRQ c1=2
DMA IRQ c2=0
DMA IRQ c3=0
SELECT busy=4610
SELECT w0=4587
SELECT w1=2764
SELECT w2=2709
BUSY TASK ewma=997
DMA IRQ c0=0
DMA IRQ c1=2
DMA IRQ c2=0
DMA IRQ c3=0
SELECT busy=4639
SELECT w0=4619
SELECT w1=2778
SELECT w2=2725
BUSY TASK ewma=997
DMA IRQ c0=0
DMA IRQ c1=2
DMA IRQ c2=0
DMA IRQ c3=0
SELECT busy=4680
SELECT w0=4657
SELECT w1=2795
SELECT w2=2748
BUSY TASK ewma=997
DMA IRQ c0=0
DMA IRQ c1=2
DMA IRQ c2=0
DMA IRQ c3=0
SELECT busy=4707
SELECT w0=4683
SELECT w1=2809
SELECT w2=2761
BUSY TASK ewma=997
DMA IRQ c0=0
DMA IRQ c1=2
DMA IRQ c2=0
DMA IRQ c3=0
SELECT busy=4740
SELECT w0=4716
SELECT w1=2821
SELECT w2=2776
BUSY TASK ewma=997
DMA IRQ c0=0
DMA IRQ c1=2
DMA IRQ c2=0
DMA IRQ c3=0
SELECT busy=4773
SELECT w0=4750
SELECT w1=2837
SELECT w2=2797
BUSY TASK ewma=997
DMA IRQ c0=0
DMA IRQ c1=2
DMA IRQ c2=0
DMA IRQ c3=0
SELECT busy=4807
SELECT w0=4785
SELECT w1=2852
SELECT w2=2815
BUSY TASK ewma=997
DMA IRQ c0=0
DMA IRQ c1=2
DMA IRQ c2=0
DMA IRQ c3=0
SELECT busy=4844
SELECT w0=4821
SELECT w1=2865
SELECT w2=2831
BUSY TASK ewma=997
DMA IRQ c0=0
DMA IRQ c1=2
DMA IRQ c2=0
DMA IRQ c3=0
SELECT busy=4886
SELECT w0=4862
SELECT w1=2885
SELECT w2=2856
BUSY TASK ewma=997
DMA IRQ c0=0
DMA IRQ c1=2
DMA IRQ c2=0
DMA IRQ c3=0
SELECT busy=4922
SELECT w0=4898
SELECT w1=2901
SELECT w2=2872
BUSY TASK ewma=997
IRQ counts: cpu0=9878 cpu1=11307 cpu2=10865 cpu3=10907
SCHED secondaries: calls=33087 unexpected=0
SECTEST switches=33050 cpu1=105380597,104661228 cpu2=78485606,77495774 cpu3=120064144,119046956
PINGPONG rounds=2000 pongs=2000
DMA IRQ c0=0
DMA IRQ c1=2
DMA IRQ c2=0
DMA IRQ c3=0
SELECT busy=4959
SELECT w0=4935
SELECT w1=2917
SELECT w2=2891
BUSY TASK ewma=997
DMA IRQ c0=0
DMA IRQ c1=2
DMA IRQ c2=0
DMA IRQ c3=0
SELECT busy=4994
SELECT w0=4971
SELECT w1=2932
SELECT w2=2910
BUSY TASK ewma=997
DMA IRQ c0=0
DMA IRQ c1=2
DMA IRQ c2=0
DMA IRQ c3=0
SELECT busy=5038
SELECT w0=5017
SELECT w1=2951
SELECT w2=2933
BUSY TASK ewma=997
DMA IRQ c0=0
DMA IRQ c1=2
DMA IRQ c2=0
DMA IRQ c3=0
SELECT busy=5084
SELECT w0=5060
SELECT w1=2968
SELECT w2=2955
BUSY TASK ewma=997
DMA IRQ c0=0
DMA IRQ c1=2
DMA IRQ c2=0
DMA IRQ c3=0
SELECT busy=5124
SELECT w0=5100
SELECT w1=2984
SELECT w2=2976
BUSY TASK ewma=997
DMA IRQ c0=0
DMA IRQ c1=2
DMA IRQ c2=0
DMA IRQ c3=0
SELECT busy=5151
SELECT w0=5128
SELECT w1=2997
SELECT w2=2993
BUSY TASK ewma=997
DMA IRQ c0=0
DMA IRQ c1=2
DMA IRQ c2=0
DMA IRQ c3=0
SELECT busy=5193
SELECT w0=5169
SELECT w1=3016
SELECT w2=3013
BUSY TASK ewma=997
DMA IRQ c0=0
DMA IRQ c1=2
DMA IRQ c2=0
DMA IRQ c3=0
SELECT busy=5217
SELECT w0=5193
SELECT w1=3025
SELECT w2=3023
BUSY TASK ewma=997
DMA IRQ c0=0
DMA IRQ c1=2
DMA IRQ c2=0
DMA IRQ c3=0
SELECT busy=5236
SELECT w0=5212
SELECT w1=3033
SELECT w2=3037
BUSY TASK ewma=997
DMA IRQ c0=0
DMA IRQ c1=2
DMA IRQ c2=0
DMA IRQ c3=0
SELECT busy=5256
SELECT w0=5232
SELECT w1=3040
SELECT w2=3045
BUSY TASK ewma=997
DMA IRQ c0=0
DMA IRQ c1=2
DMA IRQ c2=0
DMA IRQ c3=0
SELECT busy=5274
SELECT w0=5250
SELECT w1=3045
SELECT w2=3051
BUSY TASK ewma=997
DMA IRQ c0=0
DMA IRQ c1=2
DMA IRQ c2=0
DMA IRQ c3=0
SELECT busy=5297
SELECT w0=5273
SELECT w1=3053
SELECT w2=3061
BUSY TASK ewma=997
DMA IRQ c0=0
DMA IRQ c1=2
DMA IRQ c2=0
DMA IRQ c3=0
SELECT busy=5327
SELECT w0=5304
SELECT w1=3068
SELECT w2=3078
BUSY TASK ewma=997
DMA IRQ c0=0
DMA IRQ c1=2
DMA IRQ c2=0
DMA IRQ c3=0
SELECT busy=5344
SELECT w0=5320
SELECT w1=3076
SELECT w2=3088
BUSY TASK ewma=997
DMA IRQ c0=0
DMA IRQ c1=2
DMA IRQ c2=0
DMA IRQ c3=0
SELECT busy=5359
SELECT w0=5336
SELECT w1=3083
SELECT w2=3096
BUSY TASK ewma=997
DMA IRQ c0=0
DMA IRQ c1=2
DMA IRQ c2=0
DMA IRQ c3=0
SELECT busy=5387
SELECT w0=5364
SELECT w1=3096
SELECT w2=3115
BUSY TASK ewma=997
DMA IRQ c0=0
DMA IRQ c1=2
DMA IRQ c2=0
DMA IRQ c3=0
SELECT busy=5420
SELECT w0=5397
SELECT w1=3113
SELECT w2=3134
BUSY TASK ewma=997
DMA IRQ c0=0
DMA IRQ c1=2
DMA IRQ c2=0
DMA IRQ c3=0
SELECT busy=5444
SELECT w0=5420
SELECT w1=3123
SELECT w2=3149
BUSY TASK ewma=997
DMA IRQ c0=0
DMA IRQ c1=2
DMA IRQ c2=0
DMA IRQ c3=0
SELECT busy=5462
SELECT w0=5438
SELECT w1=3130
SELECT w2=3156
BUSY TASK ewma=997
DMA IRQ c0=0
DMA IRQ c1=2
DMA IRQ c2=0
DMA IRQ c3=0
SELECT busy=5482
SELECT w0=5459
SELECT w1=3139
SELECT w2=3173
BUSY TASK ewma=997
DMA IRQ c0=0
DMA IRQ c1=2
DMA IRQ c2=0
DMA IRQ c3=0
SELECT busy=5502
SELECT w0=5480
SELECT w1=3152
SELECT w2=3189
BUSY TASK ewma=997
DMA IRQ c0=0
DMA IRQ c1=2
DMA IRQ c2=0
DMA IRQ c3=0
SELECT busy=5524
SELECT w0=5500
SELECT w1=3160
SELECT w2=3199
BUSY TASK ewma=997
DMA IRQ c0=0
DMA IRQ c1=2
DMA IRQ c2=0
DMA IRQ c3=0
SELECT busy=5541
SELECT w0=5517
SELECT w1=3166
SELECT w2=3211
BUSY TASK ewma=997
DMA IRQ c0=0
DMA IRQ c1=2
DMA IRQ c2=0
DMA IRQ c3=0
SELECT busy=5569
SELECT w0=5546
SELECT w1=3180
SELECT w2=3223
BUSY TASK ewma=997
DMA IRQ c0=0
DMA IRQ c1=2
DMA IRQ c2=0
DMA IRQ c3=0
SELECT busy=5589
SELECT w0=5565
SELECT w1=3188
SELECT w2=3233
BUSY TASK ewma=997
DMA IRQ c0=0
DMA IRQ c1=2
DMA IRQ c2=0
DMA IRQ c3=0
SELECT busy=5604
SELECT w0=5580
SELECT w1=3194
SELECT w2=3241
BUSY TASK ewma=997
DMA IRQ c0=0
DMA IRQ c1=2
DMA IRQ c2=0
DMA IRQ c3=0
SELECT busy=5623
SELECT w0=5599
SELECT w1=3202
SELECT w2=3250
BUSY TASK ewma=997
DMA IRQ c0=0
DMA IRQ c1=2
DMA IRQ c2=0
DMA IRQ c3=0
SELECT busy=5642
SELECT w0=5618
SELECT w1=3209
SELECT w2=3259
BUSY TASK ewma=997
DMA IRQ c0=0
DMA IRQ c1=2
DMA IRQ c2=0
DMA IRQ c3=0
SELECT busy=5656
SELECT w0=5633
SELECT w1=3216
SELECT w2=3268
BUSY TASK ewma=997
DMA IRQ c0=0
DMA IRQ c1=2
DMA IRQ c2=0
DMA IRQ c3=0
SELECT busy=5670
SELECT w0=5646
SELECT w1=3223
SELECT w2=3278
BUSY TASK ewma=997
DMA IRQ c0=0
DMA IRQ c1=2
DMA IRQ c2=0
DMA IRQ c3=0
SELECT busy=5690
SELECT w0=5667
SELECT w1=3234
SELECT w2=3291
BUSY TASK ewma=997
DMA IRQ c0=0
DMA IRQ c1=2
DMA IRQ c2=0
DMA IRQ c3=0
SELECT busy=5709
SELECT w0=5687
SELECT w1=3241
SELECT w2=3300
BUSY TASK ewma=997
DMA IRQ c0=0
DMA IRQ c1=2
DMA IRQ c2=0
DMA IRQ c3=0
SELECT busy=5722
SELECT w0=5699
SELECT w1=3247
SELECT w2=3307
BUSY TASK ewma=997
DMA IRQ c0=0
DMA IRQ c1=2
DMA IRQ c2=0
DMA IRQ c3=0
SELECT busy=5741
SELECT w0=5718
SELECT w1=3256
SELECT w2=3316
BUSY TASK ewma=997
DMA IRQ c0=0
DMA IRQ c1=2
DMA IRQ c2=0
DMA IRQ c3=0
SELECT busy=5784
SELECT w0=5760
SELECT w1=3274
SELECT w2=3339
BUSY TASK ewma=997
DMA IRQ c0=0
DMA IRQ c1=2
DMA IRQ c2=0
DMA IRQ c3=0
SELECT busy=5828
SELECT w0=5805
SELECT w1=3294
SELECT w2=3365
BUSY TASK ewma=997
DMA IRQ c0=0
DMA IRQ c1=2
DMA IRQ c2=0
DMA IRQ c3=0
SELECT busy=5864
SELECT w0=5840
SELECT w1=3313
SELECT w2=3389
BUSY TASK ewma=997
DMA IRQ c0=0
DMA IRQ c1=2
DMA IRQ c2=0
DMA IRQ c3=0
SELECT busy=5886
SELECT w0=5862
SELECT w1=3323
SELECT w2=3402
BUSY TASK ewma=997
DMA IRQ c0=0
DMA IRQ c1=2
DMA IRQ c2=0
DMA IRQ c3=0
SELECT busy=5902
SELECT w0=5879
SELECT w1=3332
SELECT w2=3413
BUSY TASK ewma=997
DMA IRQ c0=0
DMA IRQ c1=2
DMA IRQ c2=0
DMA IRQ c3=0
SELECT busy=5927
SELECT w0=5905
SELECT w1=3344
SELECT w2=3426
BUSY TASK ewma=997
DMA IRQ c0=0
DMA IRQ c1=2
DMA IRQ c2=0
DMA IRQ c3=0
SELECT busy=5967
SELECT w0=5944
SELECT w1=3364
SELECT w2=3451
BUSY TASK ewma=997
DMA IRQ c0=0
DMA IRQ c1=2
DMA IRQ c2=0
DMA IRQ c3=0
SELECT busy=6000
SELECT w0=5976
SELECT w1=3376
SELECT w2=3466
BUSY TASK ewma=997
DMA IRQ c0=0
DMA IRQ c1=2
DMA IRQ c2=0
DMA IRQ c3=0
SELECT busy=6039
SELECT w0=6016
SELECT w1=3392
SELECT w2=3488
BUSY TASK ewma=997
DMA IRQ c0=0
DMA IRQ c1=2
DMA IRQ c2=0
DMA IRQ c3=0
SELECT busy=6055
SELECT w0=6032
SELECT w1=3400
SELECT w2=3498
BUSY TASK ewma=997
DMA IRQ c0=0
DMA IRQ c1=2
DMA IRQ c2=0
DMA IRQ c3=0
SELECT busy=6070
SELECT w0=6047
SELECT w1=3408
SELECT w2=3507
BUSY TASK ewma=997
DMA IRQ c0=0
DMA IRQ c1=2
DMA IRQ c2=0
DMA IRQ c3=0
SELECT busy=6088
SELECT w0=6065
SELECT w1=3417
SELECT w2=3518
BUSY TASK ewma=997
DMA IRQ c0=0
DMA IRQ c1=2
DMA IRQ c2=0
DMA IRQ c3=0
SELECT busy=6104
SELECT w0=6080
SELECT w1=3424
SELECT w2=3527
BUSY TASK ewma=997
DMA IRQ c0=0
DMA IRQ c1=2
DMA IRQ c2=0
DMA IRQ c3=0
SELECT busy=6126
SELECT w0=6103
SELECT w1=3435
SELECT w2=3539
BUSY TASK ewma=997
DMA IRQ c0=0
DMA IRQ c1=2
DMA IRQ c2=0
DMA IRQ c3=0
SELECT busy=6142
SELECT w0=6119
SELECT w1=3448
SELECT w2=3551
BUSY TASK ewma=997
DMA IRQ c0=0
DMA IRQ c1=2
DMA IRQ c2=0
DMA IRQ c3=0
SELECT busy=6158
SELECT w0=6134
SELECT w1=3457
SELECT w2=3559
BUSY TASK ewma=997
DMA IRQ c0=0
DMA IRQ c1=2
DMA IRQ c2=0
DMA IRQ c3=0
SELECT busy=6179
SELECT w0=6155
SELECT w1=3468
SELECT w2=3570
BUSY TASK ewma=997
DMA IRQ c0=0
DMA IRQ c1=2
DMA IRQ c2=0
DMA IRQ c3=0
SELECT busy=6206
SELECT w0=6182
SELECT w1=3482
SELECT w2=3585
BUSY TASK ewma=997
DMA IRQ c0=0
DMA IRQ c1=2
DMA IRQ c2=0
DMA IRQ c3=0
SELECT busy=6227
SELECT w0=6203
SELECT w1=3489
SELECT w2=3593
BUSY TASK ewma=997
DMA IRQ c0=0
DMA IRQ c1=2
DMA IRQ c2=0
DMA IRQ c3=0
SELECT busy=6248
SELECT w0=6224
SELECT w1=3497
SELECT w2=3603
BUSY TASK ewma=997
DMA IRQ c0=0
DMA IRQ c1=2
DMA IRQ c2=0
DMA IRQ c3=0
SELECT busy=6264
SELECT w0=6241
SELECT w1=3506
SELECT w2=3613
BUSY TASK ewma=997
DMA IRQ c0=0
DMA IRQ c1=2
DMA IRQ c2=0
DMA IRQ c3=0
SELECT busy=6291
SELECT w0=6270
SELECT w1=3522
SELECT w2=3635
BUSY TASK ewma=997
DMA IRQ c0=0
DMA IRQ c1=2
DMA IRQ c2=0
DMA IRQ c3=0
SELECT busy=6316
SELECT w0=6294
SELECT w1=3536
SELECT w2=3650
BUSY TASK ewma=997
DMA IRQ c0=0
DMA IRQ c1=2
DMA IRQ c2=0
DMA IRQ c3=0
SELECT busy=6355
SELECT w0=6331
SELECT w1=3549
SELECT w2=3664
BUSY TASK ewma=997
DMA IRQ c0=0
DMA IRQ c1=2
DMA IRQ c2=0
DMA IRQ c3=0
SELECT busy=6394
SELECT w0=6371
SELECT w1=3570
SELECT w2=3688
BUSY TASK ewma=997
DMA IRQ c0=0
DMA IRQ c1=2
DMA IRQ c2=0
DMA IRQ c3=0
SELECT busy=6429
SELECT w0=6405
SELECT w1=3583
SELECT w2=3705
BUSY TASK ewma=997
DMA IRQ c0=0
DMA IRQ c1=2
DMA IRQ c2=0
DMA IRQ c3=0
SELECT busy=6465
SELECT w0=6441
SELECT w1=3597
SELECT w2=3725
BUSY TASK ewma=997
DMA IRQ c0=0
DMA IRQ c1=2
DMA IRQ c2=0
DMA IRQ c3=0
SELECT busy=6494
SELECT w0=6471
SELECT w1=3612
SELECT w2=3745
BUSY TASK ewma=997
DMA IRQ c0=0
DMA IRQ c1=2
DMA IRQ c2=0
DMA IRQ c3=0
SELECT busy=6530
SELECT w0=6508
SELECT w1=3632
SELECT w2=3773
BUSY TASK ewma=997
DMA IRQ c0=0
DMA IRQ c1=2
DMA IRQ c2=0
DMA IRQ c3=0
SELECT busy=6579
SELECT w0=6556
SELECT w1=3652
SELECT w2=3798
BUSY TASK ewma=997
IRQ counts: cpu0=13198 cpu1=15072 cpu2=14583 cpu3=14663
SCHED secondaries: calls=44331 unexpected=0
SECTEST switches=44288 cpu1=135211729,134751763 cpu2=106661257,105197216 cpu3=161420942,159986808
PINGPONG rounds=2000 pongs=2000
DMA IRQ c0=0
DMA IRQ c1=2
DMA IRQ c2=0
DMA IRQ c3=0
SELECT busy=6626
SELECT w0=6603
SELECT w1=3675
SELECT w2=3829
BUSY TASK ewma=997
DMA IRQ c0=0
DMA IRQ c1=2
DMA IRQ c2=0
DMA IRQ c3=0
SELECT busy=6673
SELECT w0=6649
SELECT w1=3693
SELECT w2=3848
BUSY TASK ewma=997
DMA IRQ c0=0
DMA IRQ c1=2
DMA IRQ c2=0
DMA IRQ c3=0
SELECT busy=6712
SELECT w0=6688
SELECT w1=3709
SELECT w2=3869
BUSY TASK ewma=997
DMA IRQ c0=0
DMA IRQ c1=2
DMA IRQ c2=0
DMA IRQ c3=0
SELECT busy=6751
SELECT w0=6727
SELECT w1=3724
SELECT w2=3892
BUSY TASK ewma=997
DMA IRQ c0=0
DMA IRQ c1=2
DMA IRQ c2=0
DMA IRQ c3=0
SELECT busy=6788
SELECT w0=6765
SELECT w1=3743
SELECT w2=3912
BUSY TASK ewma=997
DMA IRQ c0=0
DMA IRQ c1=2
DMA IRQ c2=0
DMA IRQ c3=0
SELECT busy=6830
SELECT w0=6807
SELECT w1=3765
SELECT w2=3936
BUSY TASK ewma=997
DMA IRQ c0=0
DMA IRQ c1=2
DMA IRQ c2=0
DMA IRQ c3=0
SELECT busy=6855
SELECT w0=6832
SELECT w1=3776
SELECT w2=3953
BUSY TASK ewma=997
DMA IRQ c0=0
DMA IRQ c1=2
DMA IRQ c2=0
DMA IRQ c3=0
SELECT busy=6872
SELECT w0=6849
SELECT w1=3783
SELECT w2=3962
BUSY TASK ewma=997
DMA IRQ c0=0
DMA IRQ c1=2
DMA IRQ c2=0
DMA IRQ c3=0
SELECT busy=6894
SELECT w0=6871
SELECT w1=3794
SELECT w2=3974
BUSY TASK ewma=997
DMA IRQ c0=0
DMA IRQ c1=2
DMA IRQ c2=0
DMA IRQ c3=0
SELECT busy=6917
SELECT w0=6894
SELECT w1=3804
SELECT w2=3989
BUSY TASK ewma=997
DMA IRQ c0=0
DMA IRQ c1=2
DMA IRQ c2=0
DMA IRQ c3=0
SELECT busy=6938
SELECT w0=6915
SELECT w1=3816
SELECT w2=4004
BUSY TASK ewma=997
DMA IRQ c0=0
DMA IRQ c1=2
DMA IRQ c2=0
DMA IRQ c3=0
SELECT busy=6958
SELECT w0=6935
SELECT w1=3827
SELECT w2=4016
BUSY TASK ewma=997
DMA IRQ c0=0
DMA IRQ c1=2
DMA IRQ c2=0
DMA IRQ c3=0
SELECT busy=6981
SELECT w0=6958
SELECT w1=3838
SELECT w2=4030
BUSY TASK ewma=997
DMA IRQ c0=0
DMA IRQ c1=2
DMA IRQ c2=0
DMA IRQ c3=0
SELECT busy=6997
SELECT w0=6974
SELECT w1=3846
SELECT w2=4040
BUSY TASK ewma=997
DMA IRQ c0=0
DMA IRQ c1=2
DMA IRQ c2=0
DMA IRQ c3=0
SELECT busy=7012
SELECT w0=6989
SELECT w1=3853
SELECT w2=4051
BUSY TASK ewma=997
DMA IRQ c0=0
DMA IRQ c1=2
DMA IRQ c2=0
DMA IRQ c3=0
SELECT busy=7032
SELECT w0=7008
SELECT w1=3861
SELECT w2=4059
BUSY TASK ewma=997
DMA IRQ c0=0
DMA IRQ c1=2
DMA IRQ c2=0
DMA IRQ c3=0
SELECT busy=7052
SELECT w0=7029
SELECT w1=3869
SELECT w2=4068
BUSY TASK ewma=997
DMA IRQ c0=0
DMA IRQ c1=2
DMA IRQ c2=0
DMA IRQ c3=0
SELECT busy=7073
SELECT w0=7050
SELECT w1=3881
SELECT w2=4081
BUSY TASK ewma=997
DMA IRQ c0=0
DMA IRQ c1=2
DMA IRQ c2=0
DMA IRQ c3=0
SELECT busy=7087
SELECT w0=7063
SELECT w1=3888
SELECT w2=4088
BUSY TASK ewma=997
DMA IRQ c0=0
DMA IRQ c1=2
DMA IRQ c2=0
DMA IRQ c3=0
SELECT busy=7101
SELECT w0=7078
SELECT w1=3896
SELECT w2=4096
BUSY TASK ewma=997
DMA IRQ c0=0
DMA IRQ c1=2
DMA IRQ c2=0
DMA IRQ c3=0
SELECT busy=7123
SELECT w0=7099
SELECT w1=3905
SELECT w2=4109
BUSY TASK ewma=997
DMA IRQ c0=0
DMA IRQ c1=2
DMA IRQ c2=0
DMA IRQ c3=0
SELECT busy=7153
SELECT w0=7130
SELECT w1=3918
SELECT w2=4125
BUSY TASK ewma=997
DMA IRQ c0=0
DMA IRQ c1=2
DMA IRQ c2=0
DMA IRQ c3=0
SELECT busy=7192
SELECT w0=7169
SELECT w1=3938
SELECT w2=4148
BUSY TASK ewma=997
DMA IRQ c0=0
DMA IRQ c1=2
DMA IRQ c2=0
DMA IRQ c3=0
SELECT busy=7227
SELECT w0=7204
SELECT w1=3953
SELECT w2=4167
BUSY TASK ewma=997
DMA IRQ c0=0
DMA IRQ c1=2
DMA IRQ c2=0
DMA IRQ c3=0
SELECT busy=7254
SELECT w0=7231
SELECT w1=3966
SELECT w2=4185
BUSY TASK ewma=997
DMA IRQ c0=0
DMA IRQ c1=2
DMA IRQ c2=0
DMA IRQ c3=0
SELECT busy=7273
SELECT w0=7250
SELECT w1=3975
SELECT w2=4201
BUSY TASK ewma=997
DMA IRQ c0=0
DMA IRQ c1=2
DMA IRQ c2=0
DMA IRQ c3=0
SELECT busy=7295
SELECT w0=7271
SELECT w1=3986
SELECT w2=4215
BUSY TASK ewma=997
DMA IRQ c0=0
DMA IRQ c1=2
DMA IRQ c2=0
DMA IRQ c3=0
SELECT busy=7318
SELECT w0=7294
SELECT w1=3996
SELECT w2=4230
BUSY TASK ewma=997
DMA IRQ c0=0
DMA IRQ c1=2
DMA IRQ c2=0
DMA IRQ c3=0
SELECT busy=7340
SELECT w0=7316
SELECT w1=4005
SELECT w2=4241
BUSY TASK ewma=997
DMA IRQ c0=0
DMA IRQ c1=2
DMA IRQ c2=0
DMA IRQ c3=0
SELECT busy=7357
SELECT w0=7333
SELECT w1=4014
SELECT w2=4254
BUSY TASK ewma=997
DMA IRQ c0=0
DMA IRQ c1=2
DMA IRQ c2=0
DMA IRQ c3=0
SELECT busy=7375
SELECT w0=7351
SELECT w1=4020
SELECT w2=4263
BUSY TASK ewma=997
DMA IRQ c0=0
DMA IRQ c1=2
DMA IRQ c2=0
DMA IRQ c3=0
SELECT busy=7391
SELECT w0=7368
SELECT w1=4026
SELECT w2=4272
BUSY TASK ewma=997
DMA IRQ c0=0
DMA IRQ c1=2
DMA IRQ c2=0
DMA IRQ c3=0
SELECT busy=7410
SELECT w0=7388
SELECT w1=4035
SELECT w2=4284
BUSY TASK ewma=997
DMA IRQ c0=0
DMA IRQ c1=2
DMA IRQ c2=0
DMA IRQ c3=0
SELECT busy=7430
SELECT w0=7406
SELECT w1=4045
SELECT w2=4293
BUSY TASK ewma=997
DMA IRQ c0=0
DMA IRQ c1=2
DMA IRQ c2=0
DMA IRQ c3=0
SELECT busy=7454
SELECT w0=7431
SELECT w1=4056
SELECT w2=4313
BUSY TASK ewma=997
DMA IRQ c0=0
DMA IRQ c1=2
DMA IRQ c2=0
DMA IRQ c3=0
SELECT busy=7479
SELECT w0=7456
SELECT w1=4070
SELECT w2=4330
BUSY TASK ewma=997
DMA IRQ c0=0
DMA IRQ c1=2
DMA IRQ c2=0
DMA IRQ c3=0
SELECT busy=7493
SELECT w0=7469
SELECT w1=4076
SELECT w2=4337
BUSY TASK ewma=997
DMA IRQ c0=0
DMA IRQ c1=2
DMA IRQ c2=0
DMA IRQ c3=0
SELECT busy=7522
SELECT w0=7499
SELECT w1=4089
SELECT w2=4354
BUSY TASK ewma=997
DMA IRQ c0=0
DMA IRQ c1=2
DMA IRQ c2=0
DMA IRQ c3=0
SELECT busy=7545
SELECT w0=7522
SELECT w1=4101
SELECT w2=4370
BUSY TASK ewma=997
DMA IRQ c0=0
DMA IRQ c1=2
DMA IRQ c2=0
DMA IRQ c3=0
SELECT busy=7565
SELECT w0=7541
SELECT w1=4109
SELECT w2=4379
BUSY TASK ewma=997
DMA IRQ c0=0
DMA IRQ c1=2
DMA IRQ c2=0
DMA IRQ c3=0
SELECT busy=7583
SELECT w0=7560
SELECT w1=4115
SELECT w2=4386
BUSY TASK ewma=997
DMA IRQ c0=0
DMA IRQ c1=2
DMA IRQ c2=0
DMA IRQ c3=0
SELECT busy=7603
SELECT w0=7580
SELECT w1=4126
SELECT w2=4402
BUSY TASK ewma=997
DMA IRQ c0=0
DMA IRQ c1=2
DMA IRQ c2=0
DMA IRQ c3=0
SELECT busy=7632
SELECT w0=7608
SELECT w1=4138
SELECT w2=4414
BUSY TASK ewma=997
DMA IRQ c0=0
DMA IRQ c1=2
DMA IRQ c2=0
DMA IRQ c3=0
SELECT busy=7652
SELECT w0=7628
SELECT w1=4145
SELECT w2=4424
BUSY TASK ewma=997
DMA IRQ c0=0
DMA IRQ c1=2
DMA IRQ c2=0
DMA IRQ c3=0
SELECT busy=7672
SELECT w0=7648
SELECT w1=4154
SELECT w2=4437
BUSY TASK ewma=997
DMA IRQ c0=0
DMA IRQ c1=2
DMA IRQ c2=0
DMA IRQ c3=0
SELECT busy=7695
SELECT w0=7671
SELECT w1=4163
SELECT w2=4446
BUSY TASK ewma=997
DMA IRQ c0=0
DMA IRQ c1=2
DMA IRQ c2=0
DMA IRQ c3=0
SELECT busy=7714
SELECT w0=7691
SELECT w1=4171
SELECT w2=4454
BUSY TASK ewma=997
DMA IRQ c0=0
DMA IRQ c1=2
DMA IRQ c2=0
DMA IRQ c3=0
SELECT busy=7734
SELECT w0=7710
SELECT w1=4178
SELECT w2=4461
BUSY TASK ewma=997
DMA IRQ c0=0
DMA IRQ c1=2
DMA IRQ c2=0
DMA IRQ c3=0
SELECT busy=7754
SELECT w0=7731
SELECT w1=4185
SELECT w2=4471
BUSY TASK ewma=997
DMA IRQ c0=0
DMA IRQ c1=2
DMA IRQ c2=0
DMA IRQ c3=0
SELECT busy=7773
SELECT w0=7749
SELECT w1=4192
SELECT w2=4478
BUSY TASK ewma=997
DMA IRQ c0=0
DMA IRQ c1=2
DMA IRQ c2=0
DMA IRQ c3=0
SELECT busy=7791
SELECT w0=7768
SELECT w1=4200
SELECT w2=4488
BUSY TASK ewma=997
DMA IRQ c0=0
DMA IRQ c1=2
DMA IRQ c2=0
DMA IRQ c3=0
SELECT busy=7817
SELECT w0=7795
SELECT w1=4211
SELECT w2=4501
BUSY TASK ewma=997
DMA IRQ c0=0
DMA IRQ c1=2
DMA IRQ c2=0
DMA IRQ c3=0
SELECT busy=7843
SELECT w0=7820
SELECT w1=4223
SELECT w2=4515
BUSY TASK ewma=997
DMA IRQ c0=0
DMA IRQ c1=2
DMA IRQ c2=0
DMA IRQ c3=0
SELECT busy=7868
SELECT w0=7845
SELECT w1=4238
SELECT w2=4530
BUSY TASK ewma=997
DMA IRQ c0=0
DMA IRQ c1=2
DMA IRQ c2=0
DMA IRQ c3=0
SELECT busy=7885
SELECT w0=7865
SELECT w1=4251
SELECT w2=4544
BUSY TASK ewma=997
DMA IRQ c0=0
DMA IRQ c1=2
DMA IRQ c2=0
DMA IRQ c3=0
SELECT busy=7909
SELECT w0=7885
SELECT w1=4263
SELECT w2=4555
BUSY TASK ewma=997
DMA IRQ c0=0
DMA IRQ c1=2
DMA IRQ c2=0
DMA IRQ c3=0
SELECT busy=7926
SELECT w0=7903
SELECT w1=4273
SELECT w2=4566
BUSY TASK ewma=997
DMA IRQ c0=0
DMA IRQ c1=2
DMA IRQ c2=0
DMA IRQ c3=0
SELECT busy=7945
SELECT w0=7922
SELECT w1=4282
SELECT w2=4579
BUSY TASK ewma=997
DMA IRQ c0=0
DMA IRQ c1=2
DMA IRQ c2=0
DMA IRQ c3=0
SELECT busy=7968
SELECT w0=7947
SELECT w1=4296
SELECT w2=4599
BUSY TASK ewma=997
DMA IRQ c0=0
DMA IRQ c1=2
DMA IRQ c2=0
DMA IRQ c3=0
SELECT busy=7990
SELECT w0=7967
SELECT w1=4307
SELECT w2=4614
BUSY TASK ewma=997
DMA IRQ c0=0
DMA IRQ c1=2
DMA IRQ c2=0
DMA IRQ c3=0
SELECT busy=8017
SELECT w0=7994
SELECT w1=4320
SELECT w2=4628
BUSY TASK ewma=997
DMA IRQ c0=0
DMA IRQ c1=2
DMA IRQ c2=0
DMA IRQ c3=0
SELECT busy=8036
SELECT w0=8012
SELECT w1=4330
SELECT w2=4640
BUSY TASK ewma=997
DMA IRQ c0=0
DMA IRQ c1=2
DMA IRQ c2=0
DMA IRQ c3=0
SELECT busy=8051
SELECT w0=8027
SELECT w1=4337
SELECT w2=4649
BUSY TASK ewma=997
DMA IRQ c0=0
DMA IRQ c1=2
DMA IRQ c2=0
DMA IRQ c3=0
SELECT busy=8063
SELECT w0=8040
SELECT w1=4343
SELECT w2=4657
BUSY TASK ewma=997
IRQ counts: cpu0=16128 cpu1=18481 cpu2=17970 cpu3=18124
SCHED secondaries: calls=54586 unexpected=0
SECTEST switches=54554 cpu1=169099239,168690049 cpu2=137904890,137278504 cpu3=206278820,202917053
PINGPONG rounds=2000 pongs=2000
DMA IRQ c0=0
DMA IRQ c1=2
DMA IRQ c2=0
DMA IRQ c3=0
SELECT busy=8092
SELECT w0=8069
SELECT w1=4358
SELECT w2=4674
BUSY TASK ewma=997
DMA IRQ c0=0
DMA IRQ c1=2
DMA IRQ c2=0
DMA IRQ c3=0
SELECT busy=8113
SELECT w0=8089
SELECT w1=4367
SELECT w2=4685
BUSY TASK ewma=997
DMA IRQ c0=0
DMA IRQ c1=2
DMA IRQ c2=0
DMA IRQ c3=0
SELECT busy=8131
SELECT w0=8108
SELECT w1=4377
SELECT w2=4702
BUSY TASK ewma=997
DMA IRQ c0=0
DMA IRQ c1=2
DMA IRQ c2=0
DMA IRQ c3=0
SELECT busy=8151
SELECT w0=8128
SELECT w1=4386
SELECT w2=4711
BUSY TASK ewma=997
DMA IRQ c0=0
DMA IRQ c1=2
DMA IRQ c2=0
DMA IRQ c3=0
SELECT busy=8173
SELECT w0=8150
SELECT w1=4396
SELECT w2=4726
BUSY TASK ewma=997
DMA IRQ c0=0
DMA IRQ c1=2
DMA IRQ c2=0
DMA IRQ c3=0
SELECT busy=8192
SELECT w0=8168
SELECT w1=4404
SELECT w2=4736
BUSY TASK ewma=997
DMA IRQ c0=0
DMA IRQ c1=2
DMA IRQ c2=0
DMA IRQ c3=0
SELECT busy=8217
SELECT w0=8194
SELECT w1=4416
SELECT w2=4751
BUSY TASK ewma=997
DMA IRQ c0=0
DMA IRQ c1=2
DMA IRQ c2=0
DMA IRQ c3=0
SELECT busy=8235
SELECT w0=8212
SELECT w1=4424
SELECT w2=4763
BUSY TASK ewma=997
DMA IRQ c0=0
DMA IRQ c1=2
DMA IRQ c2=0
DMA IRQ c3=0
SELECT busy=8258
SELECT w0=8235
SELECT w1=4434
SELECT w2=4775
BUSY TASK ewma=997
DMA IRQ c0=0
DMA IRQ c1=2
DMA IRQ c2=0
DMA IRQ c3=0
SELECT busy=8277
SELECT w0=8254
SELECT w1=4442
SELECT w2=4785
BUSY TASK ewma=997
DMA IRQ c0=0
DMA IRQ c1=2
DMA IRQ c2=0
DMA IRQ c3=0
SELECT busy=8317
SELECT w0=8293
SELECT w1=4459
SELECT w2=4803
BUSY TASK ewma=997
DMA IRQ c0=0
DMA IRQ c1=2
DMA IRQ c2=0
DMA IRQ c3=0
SELECT busy=8362
SELECT w0=8338
SELECT w1=4477
SELECT w2=4826
BUSY TASK ewma=997
DMA IRQ c0=0
DMA IRQ c1=2
DMA IRQ c2=0
DMA IRQ c3=0
SELECT busy=8413
SELECT w0=8389
SELECT w1=4500
SELECT w2=4852
BUSY TASK ewma=997
DMA IRQ c0=0
DMA IRQ c1=2
DMA IRQ c2=0
DMA IRQ c3=0
SELECT busy=8449
SELECT w0=8425
SELECT w1=4512
SELECT w2=4868
BUSY TASK ewma=997
DMA IRQ c0=0
DMA IRQ c1=2
DMA IRQ c2=0
DMA IRQ c3=0
SELECT busy=8483
SELECT w0=8460
SELECT w1=4529
SELECT w2=4890
BUSY TASK ewma=997
DMA IRQ c0=0
DMA IRQ c1=2
DMA IRQ c2=0
DMA IRQ c3=0
SELECT busy=8531
SELECT w0=8508
SELECT w1=4549
SELECT w2=4913
BUSY TASK ewma=997
DMA IRQ c0=0
DMA IRQ c1=2
DMA IRQ c2=0
DMA IRQ c3=0
SELECT busy=8571
SELECT w0=8548
SELECT w1=4570
SELECT w2=4938
BUSY TASK ewma=997
DMA IRQ c0=0
DMA IRQ c1=2
DMA IRQ c2=0
DMA IRQ c3=0
SELECT busy=8603
SELECT w0=8581
SELECT w1=4582
SELECT w2=4954
BUSY TASK ewma=997
DMA IRQ c0=0
DMA IRQ c1=2
DMA IRQ c2=0
DMA IRQ c3=0
SELECT busy=8635
SELECT w0=8612
SELECT w1=4596
SELECT w2=4973
BUSY TASK ewma=997
DMA IRQ c0=0
DMA IRQ c1=2
DMA IRQ c2=0
DMA IRQ c3=0
SELECT busy=8672
SELECT w0=8649
SELECT w1=4611
SELECT w2=4990
BUSY TASK ewma=997
DMA IRQ c0=0
DMA IRQ c1=2
DMA IRQ c2=0
DMA IRQ c3=0
SELECT busy=8703
SELECT w0=8679
SELECT w1=4623
SELECT w2=5006
BUSY TASK ewma=997
DMA IRQ c0=0
DMA IRQ c1=2
DMA IRQ c2=0
DMA IRQ c3=0
SELECT busy=8738
SELECT w0=8715
SELECT w1=4639
SELECT w2=5024
BUSY TASK ewma=997
DMA IRQ c0=0
DMA IRQ c1=2
DMA IRQ c2=0
DMA IRQ c3=0
SELECT busy=8776
SELECT w0=8752
SELECT w1=4654
SELECT w2=5040
BUSY TASK ewma=997
DMA IRQ c0=0
DMA IRQ c1=2
DMA IRQ c2=0
DMA IRQ c3=0
SELECT busy=8823
SELECT w0=8800
SELECT w1=4673
SELECT w2=5065
BUSY TASK ewma=997
DMA IRQ c0=0
DMA IRQ c1=2
DMA IRQ c2=0
DMA IRQ c3=0
SELECT busy=8863
SELECT w0=8839
SELECT w1=4689
SELECT w2=5084
BUSY TASK ewma=997
DMA IRQ c0=0
DMA IRQ c1=2
DMA IRQ c2=0
DMA IRQ c3=0
SELECT busy=8905
SELECT w0=8881
SELECT w1=4704
SELECT w2=5103
BUSY TASK ewma=997
DMA IRQ c0=0
DMA IRQ c1=2
DMA IRQ c2=0
DMA IRQ c3=0
SELECT busy=8939
SELECT w0=8916
SELECT w1=4723
SELECT w2=5124
BUSY TASK ewma=997
DMA IRQ c0=0
DMA IRQ c1=2
DMA IRQ c2=0
DMA IRQ c3=0
SELECT busy=8969
SELECT w0=8946
SELECT w1=4737
SELECT w2=5142
BUSY TASK ewma=997
DMA IRQ c0=0
DMA IRQ c1=2
DMA IRQ c2=0
DMA IRQ c3=0
SELECT busy=8992
SELECT w0=8969
SELECT w1=4749
SELECT w2=5158
BUSY TASK ewma=997
DMA IRQ c0=0
DMA IRQ c1=2
DMA IRQ c2=0
DMA IRQ c3=0
SELECT busy=9023
SELECT w0=8999
SELECT w1=4760
SELECT w2=5171
BUSY TASK ewma=997
DMA IRQ c0=0
DMA IRQ c1=2
DMA IRQ c2=0
DMA IRQ c3=0
SELECT busy=9050
SELECT w0=9026
SELECT w1=4773
SELECT w2=5187
BUSY TASK ewma=997
DMA IRQ c0=0
DMA IRQ c1=2
DMA IRQ c2=0
DMA IRQ c3=0
SELECT busy=9074
SELECT w0=9051
SELECT w1=4790
SELECT w2=5202
BUSY TASK ewma=997
DMA IRQ c0=0
DMA IRQ c1=2
DMA IRQ c2=0
DMA IRQ c3=0
SELECT busy=9090
SELECT w0=9067
SELECT w1=4799
SELECT w2=5211
BUSY TASK ewma=997
DMA IRQ c0=0
DMA IRQ c1=2
DMA IRQ c2=0
DMA IRQ c3=0
SELECT busy=9106
SELECT w0=9083
SELECT w1=4808
SELECT w2=5220
BUSY TASK ewma=997
DMA IRQ c0=0
DMA IRQ c1=2
DMA IRQ c2=0
DMA IRQ c3=0
SELECT busy=9128
SELECT w0=9105
SELECT w1=4820
SELECT w2=5232
BUSY TASK ewma=997
DMA IRQ c0=0
DMA IRQ c1=2
DMA IRQ c2=0
DMA IRQ c3=0
SELECT busy=9149
SELECT w0=9125
SELECT w1=4828
SELECT w2=5241
BUSY TASK ewma=997
DMA IRQ c0=0
DMA IRQ c1=2
DMA IRQ c2=0
DMA IRQ c3=0
SELECT busy=9164
SELECT w0=9141
SELECT w1=4836
SELECT w2=5254
BUSY TASK ewma=997
DMA IRQ c0=0
DMA IRQ c1=2
DMA IRQ c2=0
DMA IRQ c3=0
SELECT busy=9183
SELECT w0=9160
SELECT w1=4846
SELECT w2=5268
BUSY TASK ewma=997
DMA IRQ c0=0
DMA IRQ c1=2
DMA IRQ c2=0
DMA IRQ c3=0
SELECT busy=9205
SELECT w0=9181
SELECT w1=4854
SELECT w2=5277
BUSY TASK ewma=997
DMA IRQ c0=0
DMA IRQ c1=2
DMA IRQ c2=0
DMA IRQ c3=0
SELECT busy=9218
SELECT w0=9195
SELECT w1=4860
SELECT w2=5285
BUSY TASK ewma=997
DMA IRQ c0=0
DMA IRQ c1=2
DMA IRQ c2=0
DMA IRQ c3=0
SELECT busy=9234
SELECT w0=9210
SELECT w1=4867
SELECT w2=5294
BUSY TASK ewma=997
DMA IRQ c0=0
DMA IRQ c1=2
DMA IRQ c2=0
DMA IRQ c3=0
SELECT busy=9264
SELECT w0=9241
SELECT w1=4878
SELECT w2=5311
BUSY TASK ewma=997
DMA IRQ c0=0
DMA IRQ c1=2
DMA IRQ c2=0
DMA IRQ c3=0
SELECT busy=9290
SELECT w0=9266
SELECT w1=4887
SELECT w2=5322
BUSY TASK ewma=997
DMA IRQ c0=0
DMA IRQ c1=2
DMA IRQ c2=0
DMA IRQ c3=0
SELECT busy=9308
SELECT w0=9285
SELECT w1=4894
SELECT w2=5330
BUSY TASK ewma=997
DMA IRQ c0=0
DMA IRQ c1=2
DMA IRQ c2=0
DMA IRQ c3=0
SELECT busy=9329
SELECT w0=9305
SELECT w1=4900
SELECT w2=5338
BUSY TASK ewma=997
DMA IRQ c0=0
DMA IRQ c1=2
DMA IRQ c2=0
DMA IRQ c3=0
SELECT busy=9349
SELECT w0=9325
SELECT w1=4906
SELECT w2=5346
BUSY TASK ewma=997
DMA IRQ c0=0
DMA IRQ c1=2
DMA IRQ c2=0
DMA IRQ c3=0
SELECT busy=9370
SELECT w0=9346
SELECT w1=4914
SELECT w2=5355
BUSY TASK ewma=997
DMA IRQ c0=0
DMA IRQ c1=2
DMA IRQ c2=0
DMA IRQ c3=0
SELECT busy=9410
SELECT w0=9387
SELECT w1=4928
SELECT w2=5376
BUSY TASK ewma=997
DMA IRQ c0=0
DMA IRQ c1=2
DMA IRQ c2=0
DMA IRQ c3=0
SELECT busy=9434
SELECT w0=9410
SELECT w1=4935
SELECT w2=5386
BUSY TASK ewma=997
DMA IRQ c0=0
DMA IRQ c1=2
DMA IRQ c2=0
DMA IRQ c3=0
SELECT busy=9453
SELECT w0=9430
SELECT w1=4941
SELECT w2=5394
BUSY TASK ewma=997
DMA IRQ c0=0
DMA IRQ c1=2
DMA IRQ c2=0
DMA IRQ c3=0
SELECT busy=9472
SELECT w0=9449
SELECT w1=4947
SELECT w2=5402
BUSY TASK ewma=997
DMA IRQ c0=0
DMA IRQ c1=2
DMA IRQ c2=0
DMA IRQ c3=0
SELECT busy=9494
SELECT w0=9470
SELECT w1=4955
SELECT w2=5412
BUSY TASK ewma=997
DMA IRQ c0=0
DMA IRQ c1=2
DMA IRQ c2=0
DMA IRQ c3=0
SELECT busy=9513
SELECT w0=9490
SELECT w1=4962
SELECT w2=5422
BUSY TASK ewma=997
DMA IRQ c0=0
DMA IRQ c1=2
DMA IRQ c2=0
DMA IRQ c3=0
SELECT busy=9530
SELECT w0=9506
SELECT w1=4969
SELECT w2=5431
BUSY TASK ewma=997
DMA IRQ c0=0
DMA IRQ c1=2
DMA IRQ c2=0
DMA IRQ c3=0
SELECT busy=9548
SELECT w0=9525
SELECT w1=4978
SELECT w2=5441
BUSY TASK ewma=997
DMA IRQ c0=0
DMA IRQ c1=2
DMA IRQ c2=0
DMA IRQ c3=0
SELECT busy=9567
SELECT w0=9543
SELECT w1=4985
SELECT w2=5451
BUSY TASK ewma=997
DMA IRQ c0=0
DMA IRQ c1=2
DMA IRQ c2=0
DMA IRQ c3=0
SELECT busy=9583
SELECT w0=9560
SELECT w1=4993
SELECT w2=5461
BUSY TASK ewma=997
DMA IRQ c0=0
DMA IRQ c1=2
DMA IRQ c2=0
DMA IRQ c3=0
SELECT busy=9600
SELECT w0=9576
SELECT w1=5000
SELECT w2=5472
BUSY TASK ewma=997
DMA IRQ c0=0
DMA IRQ c1=2
DMA IRQ c2=0
DMA IRQ c3=0
SELECT busy=9615
SELECT w0=9591
SELECT w1=5006
SELECT w2=5480
BUSY TASK ewma=997
DMA IRQ c0=0
DMA IRQ c1=2
DMA IRQ c2=0
DMA IRQ c3=0
SELECT busy=9635
SELECT w0=9612
SELECT w1=5015
SELECT w2=5490
BUSY TASK ewma=997
DMA IRQ c0=0
DMA IRQ c1=2
DMA IRQ c2=0
DMA IRQ c3=0
SELECT busy=9650
SELECT w0=9627
SELECT w1=5023
SELECT w2=5501
BUSY TASK ewma=997
DMA IRQ c0=0
DMA IRQ c1=2
DMA IRQ c2=0
DMA IRQ c3=0
SELECT busy=9666
SELECT w0=9643
SELECT w1=5031
SELECT w2=5511
BUSY TASK ewma=997
DMA IRQ c0=0
DMA IRQ c1=2
DMA IRQ c2=0
DMA IRQ c3=0
SELECT busy=9683
SELECT w0=9659
SELECT w1=5037
SELECT w2=5521
BUSY TASK ewma=997
DMA IRQ c0=0
DMA IRQ c1=2
DMA IRQ c2=0
DMA IRQ c3=0
SELECT busy=9701
SELECT w0=9677
SELECT w1=5044
SELECT w2=5532
BUSY TASK ewma=997
IRQ counts: cpu0=19404 cpu1=21981 cpu2=21476 cpu3=21600
SCHED secondaries: calls=65075 unexpected=0
SECTEST switches=65057 cpu1=198011059,197049930 cpu2=163483910,161927507 cpu3=244077728,240216968
PINGPONG rounds=2000 pongs=2000
DMA IRQ c0=0
DMA IRQ c1=2
DMA IRQ c2=0
DMA IRQ c3=0
SELECT busy=9731
SELECT w0=9707
SELECT w1=5058
SELECT w2=5553
BUSY TASK ewma=997
DMA IRQ c0=0
DMA IRQ c1=2
DMA IRQ c2=0
DMA IRQ c3=0
SELECT busy=9745
SELECT w0=9722
SELECT w1=5064
SELECT w2=5562
BUSY TASK ewma=997
DMA IRQ c0=0
DMA IRQ c1=2
DMA IRQ c2=0
DMA IRQ c3=0
SELECT busy=9770
SELECT w0=9747
SELECT w1=5081
SELECT w2=5578
BUSY TASK ewma=997
DMA IRQ c0=0
DMA IRQ c1=2
DMA IRQ c2=0
DMA IRQ c3=0
SELECT busy=9790
SELECT w0=9766
SELECT w1=5089
SELECT w2=5589
BUSY TASK ewma=997
DMA IRQ c0=0
DMA IRQ c1=2
DMA IRQ c2=0
DMA IRQ c3=0
SELECT busy=9805
SELECT w0=9782
SELECT w1=5098
SELECT w2=5601
BUSY TASK ewma=997
DMA IRQ c0=0
DMA IRQ c1=2
DMA IRQ c2=0
DMA IRQ c3=0
SELECT busy=9825
SELECT w0=9802
SELECT w1=5110
SELECT w2=5615
BUSY TASK ewma=997
DMA IRQ c0=0
DMA IRQ c1=2
DMA IRQ c2=0
DMA IRQ c3=0
SELECT busy=9841
SELECT w0=9818
SELECT w1=5118
SELECT w2=5624
BUSY TASK ewma=997
DMA IRQ c0=0
DMA IRQ c1=2
DMA IRQ c2=0
DMA IRQ c3=0
SELECT busy=9863
SELECT w0=9840
SELECT w1=5129
SELECT w2=5635
BUSY TASK ewma=997
DMA IRQ c0=0
DMA IRQ c1=2
DMA IRQ c2=0
DMA IRQ c3=0
SELECT busy=9895
SELECT w0=9871
SELECT w1=5142
SELECT w2=5651
BUSY TASK ewma=997
DMA IRQ c0=0
DMA IRQ c1=2
DMA IRQ c2=0
DMA IRQ c3=0
SELECT busy=9921
SELECT w0=9897
SELECT w1=5152
SELECT w2=5664
BUSY TASK ewma=997
DMA IRQ c0=0
DMA IRQ c1=2
DMA IRQ c2=0
DMA IRQ c3=0
SELECT busy=9954
SELECT w0=9931
SELECT w1=5165
SELECT w2=5682
BUSY TASK ewma=997
DMA IRQ c0=0
DMA IRQ c1=2
DMA IRQ c2=0
DMA IRQ c3=0
SELECT busy=9986
SELECT w0=9962
SELECT w1=5179
SELECT w2=5697
BUSY TASK ewma=997
DMA IRQ c0=0
DMA IRQ c1=2
DMA IRQ c2=0
DMA IRQ c3=0
SELECT busy=10019
SELECT w0=9995
SELECT w1=5195
SELECT w2=5717
BUSY TASK ewma=997
DMA IRQ c0=0
DMA IRQ c1=2
DMA IRQ c2=0
DMA IRQ c3=0
SELECT busy=10061
SELECT w0=10038
SELECT w1=5211
SELECT w2=5739
BUSY TASK ewma=997
DMA IRQ c0=0
DMA IRQ c1=2
DMA IRQ c2=0
DMA IRQ c3=0
SELECT busy=10094
SELECT w0=10070
SELECT w1=5222
SELECT w2=5754
BUSY TASK ewma=997
DMA IRQ c0=0
DMA IRQ c1=2
DMA IRQ c2=0
DMA IRQ c3=0
SELECT busy=10127
SELECT w0=10103
SELECT w1=5236
SELECT w2=5772
BUSY TASK ewma=997
DMA IRQ c0=0
DMA IRQ c1=2
DMA IRQ c2=0
DMA IRQ c3=0
SELECT busy=10162
SELECT w0=10138
SELECT w1=5249
SELECT w2=5789
BUSY TASK ewma=997
DMA IRQ c0=0
DMA IRQ c1=2
DMA IRQ c2=0
DMA IRQ c3=0
SELECT busy=10194
SELECT w0=10170
SELECT w1=5262
SELECT w2=5804
BUSY TASK ewma=997
DMA IRQ c0=0
DMA IRQ c1=2
DMA IRQ c2=0
DMA IRQ c3=0
SELECT busy=10232
SELECT w0=10209
SELECT w1=5276
SELECT w2=5824
BUSY TASK ewma=997
DMA IRQ c0=0
DMA IRQ c1=2
DMA IRQ c2=0
DMA IRQ c3=0
SELECT busy=10270
SELECT w0=10248
SELECT w1=5292
SELECT w2=5846
BUSY TASK ewma=997
DMA IRQ c0=0
DMA IRQ c1=2
DMA IRQ c2=0
DMA IRQ c3=0
SELECT busy=10313
SELECT w0=10289
SELECT w1=5315
SELECT w2=5868
BUSY TASK ewma=997
DMA IRQ c0=0
DMA IRQ c1=2
DMA IRQ c2=0
DMA IRQ c3=0
SELECT busy=10356
SELECT w0=10332
SELECT w1=5330
SELECT w2=5890
BUSY TASK ewma=997
DMA IRQ c0=0
DMA IRQ c1=2
DMA IRQ c2=0
DMA IRQ c3=0
SELECT busy=10393
SELECT w0=10370
SELECT w1=5348
SELECT w2=5912
BUSY TASK ewma=997
DMA IRQ c0=0
DMA IRQ c1=2
DMA IRQ c2=0
DMA IRQ c3=0
SELECT busy=10432
SELECT w0=10409
SELECT w1=5365
SELECT w2=5933
BUSY TASK ewma=997
DMA IRQ c0=0
DMA IRQ c1=2
DMA IRQ c2=0
DMA IRQ c3=0
SELECT busy=10475
SELECT w0=10452
SELECT w1=5388
SELECT w2=5957
BUSY TASK ewma=997
DMA IRQ c0=0
DMA IRQ c1=2
DMA IRQ c2=0
DMA IRQ c3=0
SELECT busy=10516
SELECT w0=10493
SELECT w1=5407
SELECT w2=5974
BUSY TASK ewma=997
DMA IRQ c0=0
DMA IRQ c1=2
DMA IRQ c2=0
DMA IRQ c3=0
SELECT busy=10552
SELECT w0=10528
SELECT w1=5421
SELECT w2=5990
BUSY TASK ewma=997
DMA IRQ c0=0
DMA IRQ c1=2
DMA IRQ c2=0
DMA IRQ c3=0
SELECT busy=10594
SELECT w0=10571
SELECT w1=5441
SELECT w2=6011
BUSY TASK ewma=997
DMA IRQ c0=0
DMA IRQ c1=2
DMA IRQ c2=0
DMA IRQ c3=0
SELECT busy=10630
SELECT w0=10607
SELECT w1=5456
SELECT w2=6028
BUSY TASK ewma=997
DMA IRQ c0=0
DMA IRQ c1=2
DMA IRQ c2=0
DMA IRQ c3=0
SELECT busy=10662
SELECT w0=10640
SELECT w1=5472
SELECT w2=6044
BUSY TASK ewma=997
DMA IRQ c0=0
DMA IRQ c1=2
DMA IRQ c2=0
DMA IRQ c3=0
SELECT busy=10698
SELECT w0=10675
SELECT w1=5487
SELECT w2=6061
BUSY TASK ewma=997
DMA IRQ c0=0
DMA IRQ c1=2
DMA IRQ c2=0
DMA IRQ c3=0
SELECT busy=10737
SELECT w0=10714
SELECT w1=5503
SELECT w2=6086
BUSY TASK ewma=997
DMA IRQ c0=0
DMA IRQ c1=2
DMA IRQ c2=0
DMA IRQ c3=0
SELECT busy=10774
SELECT w0=10751
SELECT w1=5517
SELECT w2=6105
BUSY TASK ewma=997
DMA IRQ c0=0
DMA IRQ c1=2
DMA IRQ c2=0
DMA IRQ c3=0
SELECT busy=10808
SELECT w0=10784
SELECT w1=5529
SELECT w2=6120
BUSY TASK ewma=997
DMA IRQ c0=0
DMA IRQ c1=2
DMA IRQ c2=0
DMA IRQ c3=0
SELECT busy=10838
SELECT w0=10815
SELECT w1=5541
SELECT w2=6137
BUSY TASK ewma=997
DMA IRQ c0=0
DMA IRQ c1=2
DMA IRQ c2=0
DMA IRQ c3=0
SELECT busy=10870
SELECT w0=10846
SELECT w1=5554
SELECT w2=6153
BUSY TASK ewma=997
DMA IRQ c0=0
DMA IRQ c1=2
DMA IRQ c2=0
DMA IRQ c3=0
SELECT busy=10899
SELECT w0=10876
SELECT w1=5568
SELECT w2=6171
BUSY TASK ewma=997
DMA IRQ c0=0
DMA IRQ c1=2
DMA IRQ c2=0
DMA IRQ c3=0
SELECT busy=10926
SELECT w0=10903
SELECT w1=5578
SELECT w2=6187
BUSY TASK ewma=997
DMA IRQ c0=0
DMA IRQ c1=2
DMA IRQ c2=0
DMA IRQ c3=0
SELECT busy=10953
SELECT w0=10930
SELECT w1=5588
SELECT w2=6201
BUSY TASK ewma=997
DMA IRQ c0=0
DMA IRQ c1=2
DMA IRQ c2=0
DMA IRQ c3=0
SELECT busy=10976
SELECT w0=10953
SELECT w1=5598
SELECT w2=6216
BUSY TASK ewma=997
DMA IRQ c0=0
DMA IRQ c1=2
DMA IRQ c2=0
DMA IRQ c3=0
SELECT busy=10995
SELECT w0=10973
SELECT w1=5607
SELECT w2=6228
BUSY TASK ewma=997
DMA IRQ c0=0
DMA IRQ c1=2
DMA IRQ c2=0
DMA IRQ c3=0
SELECT busy=11019
SELECT w0=10996
SELECT w1=5618
SELECT w2=6241
BUSY TASK ewma=997
DMA IRQ c0=0
DMA IRQ c1=2
DMA IRQ c2=0
DMA IRQ c3=0
SELECT busy=11041
SELECT w0=11018
SELECT w1=5630
SELECT w2=6258
BUSY TASK ewma=997
DMA IRQ c0=0
DMA IRQ c1=2
DMA IRQ c2=0
DMA IRQ c3=0
SELECT busy=11063
SELECT w0=11040
SELECT w1=5641
SELECT w2=6271
BUSY TASK ewma=997
DMA IRQ c0=0
DMA IRQ c1=2
DMA IRQ c2=0
DMA IRQ c3=0
SELECT busy=11087
SELECT w0=11063
SELECT w1=5654
SELECT w2=6284
BUSY TASK ewma=997
DMA IRQ c0=0
DMA IRQ c1=2
DMA IRQ c2=0
DMA IRQ c3=0
SELECT busy=11100
SELECT w0=11077
SELECT w1=5660
SELECT w2=6291
BUSY TASK ewma=997
DMA IRQ c0=0
DMA IRQ c1=2
DMA IRQ c2=0
DMA IRQ c3=0
SELECT busy=11119
SELECT w0=11096
SELECT w1=5670
SELECT w2=6301
BUSY TASK ewma=997
DMA IRQ c0=0
DMA IRQ c1=2
DMA IRQ c2=0
DMA IRQ c3=0
SELECT busy=11137
SELECT w0=11114
SELECT w1=5678
SELECT w2=6313
BUSY TASK ewma=997
DMA IRQ c0=0
DMA IRQ c1=2
DMA IRQ c2=0
DMA IRQ c3=0
SELECT busy=11154
SELECT w0=11131
SELECT w1=5687
SELECT w2=6322
BUSY TASK ewma=997
DMA IRQ c0=0
DMA IRQ c1=2
DMA IRQ c2=0
DMA IRQ c3=0
SELECT busy=11172
SELECT w0=11148
SELECT w1=5695
SELECT w2=6335
BUSY TASK ewma=997
DMA IRQ c0=0
DMA IRQ c1=2
DMA IRQ c2=0
DMA IRQ c3=0
SELECT busy=11190
SELECT w0=11167
SELECT w1=5704
SELECT w2=6346
BUSY TASK ewma=997
DMA IRQ c0=0
DMA IRQ c1=2
DMA IRQ c2=0
DMA IRQ c3=0
SELECT busy=11208
SELECT w0=11186
SELECT w1=5715
SELECT w2=6356
BUSY TASK ewma=997
DMA IRQ c0=0
DMA IRQ c1=2
DMA IRQ c2=0
DMA IRQ c3=0
SELECT busy=11231
SELECT w0=11208
SELECT w1=5724
SELECT w2=6368
BUSY TASK ewma=997
DMA IRQ c0=0
DMA IRQ c1=2
DMA IRQ c2=0
DMA IRQ c3=0
SELECT busy=11247
SELECT w0=11224
SELECT w1=5733
SELECT w2=6379
BUSY TASK ewma=997
DMA IRQ c0=0
DMA IRQ c1=2
DMA IRQ c2=0
DMA IRQ c3=0
SELECT busy=11262
SELECT w0=11239
SELECT w1=5740
SELECT w2=6389
BUSY TASK ewma=997
DMA IRQ c0=0
DMA IRQ c1=2
DMA IRQ c2=0
DMA IRQ c3=0
SELECT busy=11281
SELECT w0=11258
SELECT w1=5752
SELECT w2=6401
BUSY TASK ewma=997
DMA IRQ c0=0
DMA IRQ c1=2
DMA IRQ c2=0
DMA IRQ c3=0
SELECT busy=11297
SELECT w0=11274
SELECT w1=5760
SELECT w2=6411
BUSY TASK ewma=997
DMA IRQ c0=0
DMA IRQ c1=2
DMA IRQ c2=0
DMA IRQ c3=0
SELECT busy=11319
SELECT w0=11296
SELECT w1=5771
SELECT w2=6423
BUSY TASK ewma=997
DMA IRQ c0=0
DMA IRQ c1=2
DMA IRQ c2=0
DMA IRQ c3=0
SELECT busy=11336
SELECT w0=11313
SELECT w1=5779
SELECT w2=6433
BUSY TASK ewma=997
DMA IRQ c0=0
DMA IRQ c1=2
DMA IRQ c2=0
DMA IRQ c3=0
SELECT busy=11352
SELECT w0=11329
SELECT w1=5786
SELECT w2=6443
BUSY TASK ewma=997
DMA IRQ c0=0
DMA IRQ c1=2
DMA IRQ c2=0
DMA IRQ c3=0
SELECT busy=11372
SELECT w0=11348
SELECT w1=5796
SELECT w2=6455
BUSY TASK ewma=997
DMA IRQ c0=0
DMA IRQ c1=2
DMA IRQ c2=0
DMA IRQ c3=0
SELECT busy=11391
SELECT w0=11369
SELECT w1=5808
SELECT w2=6468
BUSY TASK ewma=997
DMA IRQ c0=0
DMA IRQ c1=2
DMA IRQ c2=0
DMA IRQ c3=0
SELECT busy=11415
SELECT w0=11391
SELECT w1=5816
SELECT w2=6481
BUSY TASK ewma=997
DMA IRQ c0=0
DMA IRQ c1=2
DMA IRQ c2=0
DMA IRQ c3=0
SELECT busy=11431
SELECT w0=11408
SELECT w1=5824
SELECT w2=6490
BUSY TASK ewma=997
IRQ counts: cpu0=22866 cpu1=25899 cpu2=25307 cpu3=25397
SCHED secondaries: calls=76603 unexpected=0
SECTEST switches=76592 cpu1=227923393,225849694 cpu2=190980405,187406892 cpu3=282520868,278024856
PINGPONG rounds=2000 pongs=2000
DMA IRQ c0=0
DMA IRQ c1=2
DMA IRQ c2=0
DMA IRQ c3=0
SELECT busy=11463
SELECT w0=11439
SELECT w1=5846
SELECT w2=6510
BUSY TASK ewma=997
DMA IRQ c0=0
DMA IRQ c1=2
DMA IRQ c2=0
DMA IRQ c3=0
SELECT busy=11479
SELECT w0=11456
SELECT w1=5855
SELECT w2=6518
BUSY TASK ewma=997
DMA IRQ c0=0
DMA IRQ c1=2
DMA IRQ c2=0
DMA IRQ c3=0
SELECT busy=11494
SELECT w0=11470
SELECT w1=5862
SELECT w2=6527
BUSY TASK ewma=997
DMA IRQ c0=0
DMA IRQ c1=2
DMA IRQ c2=0
DMA IRQ c3=0
SELECT busy=11516
SELECT w0=11492
SELECT w1=5874
SELECT w2=6541
BUSY TASK ewma=997
DMA IRQ c0=0
DMA IRQ c1=2
DMA IRQ c2=0
DMA IRQ c3=0
SELECT busy=11534
SELECT w0=11510
SELECT w1=5885
SELECT w2=6551
BUSY TASK ewma=997
DMA IRQ c0=0
DMA IRQ c1=2
DMA IRQ c2=0
DMA IRQ c3=0
SELECT busy=11557
SELECT w0=11534
SELECT w1=5896
SELECT w2=6565
BUSY TASK ewma=997
DMA IRQ c0=0
DMA IRQ c1=2
DMA IRQ c2=0
DMA IRQ c3=0
SELECT busy=11577
SELECT w0=11554
SELECT w1=5907
SELECT w2=6576
BUSY TASK ewma=997
DMA IRQ c0=0
DMA IRQ c1=2
DMA IRQ c2=0
DMA IRQ c3=0
SELECT busy=11595
SELECT w0=11572
SELECT w1=5916
SELECT w2=6587
BUSY TASK ewma=997
DMA IRQ c0=0
DMA IRQ c1=2
DMA IRQ c2=0
DMA IRQ c3=0
SELECT busy=11615
SELECT w0=11591
SELECT w1=5923
SELECT w2=6595
BUSY TASK ewma=997
DMA IRQ c0=0
DMA IRQ c1=2
DMA IRQ c2=0
DMA IRQ c3=0
SELECT busy=11634
SELECT w0=11611
SELECT w1=5935
SELECT w2=6608
BUSY TASK ewma=997
DMA IRQ c0=0
DMA IRQ c1=2
DMA IRQ c2=0
DMA IRQ c3=0
SELECT busy=11650
SELECT w0=11626
SELECT w1=5942
SELECT w2=6616
BUSY TASK ewma=997
DMA IRQ c0=0
DMA IRQ c1=2
DMA IRQ c2=0
DMA IRQ c3=0
SELECT busy=11666
SELECT w0=11642
SELECT w1=5951
SELECT w2=6627
BUSY TASK ewma=997
DMA IRQ c0=0
DMA IRQ c1=2
DMA IRQ c2=0
DMA IRQ c3=0
SELECT busy=11683
SELECT w0=11660
SELECT w1=5965
SELECT w2=6639
BUSY TASK ewma=997
DMA IRQ c0=0
DMA IRQ c1=2
DMA IRQ c2=0
DMA IRQ c3=0
SELECT busy=11706
SELECT w0=11683
SELECT w1=5975
SELECT w2=6652
BUSY TASK ewma=997
DMA IRQ c0=0
DMA IRQ c1=2
DMA IRQ c2=0
DMA IRQ c3=0
SELECT busy=11720
SELECT w0=11696
SELECT w1=5981
SELECT w2=6659
BUSY TASK ewma=997
DMA IRQ c0=0
DMA IRQ c1=2
DMA IRQ c2=0
DMA IRQ c3=0
SELECT busy=11732
SELECT w0=11708
SELECT w1=5987
SELECT w2=6666
BUSY TASK ewma=997
DMA IRQ c0=0
DMA IRQ c1=2
DMA IRQ c2=0
DMA IRQ c3=0
SELECT busy=11750
SELECT w0=11727
SELECT w1=5993
SELECT w2=6674
BUSY TASK ewma=997
DMA IRQ c0=0
DMA IRQ c1=2
DMA IRQ c2=0
DMA IRQ c3=0
SELECT busy=11771
SELECT w0=11748
SELECT w1=6002
SELECT w2=6686
BUSY TASK ewma=997
DMA IRQ c0=0
DMA IRQ c1=2
DMA IRQ c2=0
DMA IRQ c3=0
SELECT busy=11793
SELECT w0=11771
SELECT w1=6013
SELECT w2=6699
BUSY TASK ewma=997
DMA IRQ c0=0
DMA IRQ c1=2
DMA IRQ c2=0
DMA IRQ c3=0
SELECT busy=11808
SELECT w0=11785
SELECT w1=6020
SELECT w2=6706
BUSY TASK ewma=997
DMA IRQ c0=0
DMA IRQ c1=2
DMA IRQ c2=0
DMA IRQ c3=0
SELECT busy=11829
SELECT w0=11806
SELECT w1=6030
SELECT w2=6721
BUSY TASK ewma=997
DMA IRQ c0=0
DMA IRQ c1=2
DMA IRQ c2=0
DMA IRQ c3=0
SELECT busy=11849
SELECT w0=11825
SELECT w1=6041
SELECT w2=6734
BUSY TASK ewma=997
DMA IRQ c0=0
DMA IRQ c1=2
DMA IRQ c2=0
DMA IRQ c3=0
SELECT busy=11872
SELECT w0=11849
SELECT w1=6055
SELECT w2=6749
BUSY TASK ewma=997
DMA IRQ c0=0
DMA IRQ c1=2
DMA IRQ c2=0
DMA IRQ c3=0
SELECT busy=11895
SELECT w0=11873
SELECT w1=6069
SELECT w2=6764
BUSY TASK ewma=997
DMA IRQ c0=0
DMA IRQ c1=2
DMA IRQ c2=0
DMA IRQ c3=0
SELECT busy=11914
SELECT w0=11891
SELECT w1=6080
SELECT w2=6776
BUSY TASK ewma=997
DMA IRQ c0=0
DMA IRQ c1=2
DMA IRQ c2=0
DMA IRQ c3=0
SELECT busy=11935
SELECT w0=11912
SELECT w1=6092
SELECT w2=6788
BUSY TASK ewma=997
DMA IRQ c0=0
DMA IRQ c1=2
DMA IRQ c2=0
DMA IRQ c3=0
SELECT busy=11959
SELECT w0=11935
SELECT w1=6102
SELECT w2=6798
BUSY TASK ewma=997
DMA IRQ c0=0
DMA IRQ c1=2
DMA IRQ c2=0
DMA IRQ c3=0
SELECT busy=11978
SELECT w0=11955
SELECT w1=6114
SELECT w2=6813
BUSY TASK ewma=997
DMA IRQ c0=0
DMA IRQ c1=2
DMA IRQ c2=0
DMA IRQ c3=0
SELECT busy=12000
SELECT w0=11977
SELECT w1=6124
SELECT w2=6826
BUSY TASK ewma=997
DMA IRQ c0=0
DMA IRQ c1=2
DMA IRQ c2=0
DMA IRQ c3=0
SELECT busy=12017
SELECT w0=11994
SELECT w1=6133
SELECT w2=6842
BUSY TASK ewma=997
DMA IRQ c0=0
DMA IRQ c1=2
DMA IRQ c2=0
DMA IRQ c3=0
SELECT busy=12037
SELECT w0=12013
SELECT w1=6143
SELECT w2=6853
BUSY TASK ewma=997
DMA IRQ c0=0
DMA IRQ c1=2
DMA IRQ c2=0
DMA IRQ c3=0
SELECT busy=12050
SELECT w0=12027
SELECT w1=6150
SELECT w2=6864
BUSY TASK ewma=997
DMA IRQ c0=0
DMA IRQ c1=2
DMA IRQ c2=0
DMA IRQ c3=0
SELECT busy=12081
SELECT w0=12058
SELECT w1=6163
SELECT w2=6880
BUSY TASK ewma=997
DMA IRQ c0=0
DMA IRQ c1=2
DMA IRQ c2=0
DMA IRQ c3=0
SELECT busy=12103
SELECT w0=12080
SELECT w1=6173
SELECT w2=6890
BUSY TASK ewma=997
DMA IRQ c0=0
DMA IRQ c1=2
DMA IRQ c2=0
DMA IRQ c3=0
SELECT busy=12120
SELECT w0=12096
SELECT w1=6181
SELECT w2=6897
BUSY TASK ewma=997
DMA IRQ c0=0
DMA IRQ c1=2
DMA IRQ c2=0
DMA IRQ c3=0
SELECT busy=12134
SELECT w0=12111
SELECT w1=6190
SELECT w2=6909
BUSY TASK ewma=997
DMA IRQ c0=0
DMA IRQ c1=2
DMA IRQ c2=0
DMA IRQ c3=0
SELECT busy=12152
SELECT w0=12129
SELECT w1=6202
SELECT w2=6922
BUSY TASK ewma=997
DMA IRQ c0=0
DMA IRQ c1=2
DMA IRQ c2=0
DMA IRQ c3=0
SELECT busy=12171
SELECT w0=12147
SELECT w1=6212
SELECT w2=6932
BUSY TASK ewma=997
DMA IRQ c0=0
DMA IRQ c1=2
DMA IRQ c2=0
DMA IRQ c3=0
SELECT busy=12196
SELECT w0=12173
SELECT w1=6225
SELECT w2=6948
BUSY TASK ewma=997
DMA IRQ c0=0
DMA IRQ c1=2
DMA IRQ c2=0
DMA IRQ c3=0
SELECT busy=12215
SELECT w0=12191
SELECT w1=6235
SELECT w2=6959
BUSY TASK ewma=997
DMA IRQ c0=0
DMA IRQ c1=2
DMA IRQ c2=0
DMA IRQ c3=0
SELECT busy=12235
SELECT w0=12212
SELECT w1=6245
SELECT w2=6972
BUSY TASK ewma=997
DMA IRQ c0=0
DMA IRQ c1=2
DMA IRQ c2=0
DMA IRQ c3=0
SELECT busy=12259
SELECT w0=12236
SELECT w1=6254
SELECT w2=6980
BUSY TASK ewma=997
DMA IRQ c0=0
DMA IRQ c1=2
DMA IRQ c2=0
DMA IRQ c3=0
SELECT busy=12278
SELECT w0=12257
SELECT w1=6265
SELECT w2=6994
BUSY TASK ewma=997
DMA IRQ c0=0
DMA IRQ c1=2
DMA IRQ c2=0
DMA IRQ c3=0
SELECT busy=12299
SELECT w0=12276
SELECT w1=6276
SELECT w2=7004
BUSY TASK ewma=997
DMA IRQ c0=0
DMA IRQ c1=2
DMA IRQ c2=0
DMA IRQ c3=0
SELECT busy=12319
SELECT w0=12296
SELECT w1=6286
SELECT w2=7014
BUSY TASK ewma=997
DMA IRQ c0=0
DMA IRQ c1=2
DMA IRQ c2=0
DMA IRQ c3=0
SELECT busy=12336
SELECT w0=12312
SELECT w1=6299
SELECT w2=7025
BUSY TASK ewma=997
DMA IRQ c0=0
DMA IRQ c1=2
DMA IRQ c2=0
DMA IRQ c3=0
SELECT busy=12356
SELECT w0=12332
SELECT w1=6308
SELECT w2=7039
BUSY TASK ewma=997
DMA IRQ c0=0
DMA IRQ c1=2
DMA IRQ c2=0
DMA IRQ c3=0
SELECT busy=12378
SELECT w0=12354
SELECT w1=6316
SELECT w2=7050
BUSY TASK ewma=997
DMA IRQ c0=0
DMA IRQ c1=2
DMA IRQ c2=0
DMA IRQ c3=0
SELECT busy=12403
SELECT w0=12380
SELECT w1=6326
SELECT w2=7063
BUSY TASK ewma=997
DMA IRQ c0=0
DMA IRQ c1=2
DMA IRQ c2=0
DMA IRQ c3=0
SELECT busy=12438
SELECT w0=12414
SELECT w1=6341
SELECT w2=7079
BUSY TASK ewma=997
DMA IRQ c0=0
DMA IRQ c1=2
DMA IRQ c2=0
DMA IRQ c3=0
SELECT busy=12473
SELECT w0=12449
SELECT w1=6356
SELECT w2=7096
BUSY TASK ewma=997
DMA IRQ c0=0
DMA IRQ c1=2
DMA IRQ c2=0
DMA IRQ c3=0
SELECT busy=12506
SELECT w0=12482
SELECT w1=6371
SELECT w2=7117
BUSY TASK ewma=997
DMA IRQ c0=0
DMA IRQ c1=2
DMA IRQ c2=0
DMA IRQ c3=0
SELECT busy=12534
SELECT w0=12511
SELECT w1=6381
SELECT w2=7130
BUSY TASK ewma=997
DMA IRQ c0=0
DMA IRQ c1=2
DMA IRQ c2=0
DMA IRQ c3=0
SELECT busy=12562
SELECT w0=12539
SELECT w1=6392
SELECT w2=7145
BUSY TASK ewma=997
DMA IRQ c0=0
DMA IRQ c1=2
DMA IRQ c2=0
DMA IRQ c3=0
SELECT busy=12584
SELECT w0=12560
SELECT w1=6402
SELECT w2=7158
BUSY TASK ewma=997
DMA IRQ c0=0
DMA IRQ c1=2
DMA IRQ c2=0
DMA IRQ c3=0
SELECT busy=12599
SELECT w0=12576
SELECT w1=6408
SELECT w2=7167
BUSY TASK ewma=997
DMA IRQ c0=0
DMA IRQ c1=2
DMA IRQ c2=0
DMA IRQ c3=0
SELECT busy=12618
SELECT w0=12595
SELECT w1=6416
SELECT w2=7176
BUSY TASK ewma=997
DMA IRQ c0=0
DMA IRQ c1=2
DMA IRQ c2=0
DMA IRQ c3=0
SELECT busy=12635
SELECT w0=12611
SELECT w1=6423
SELECT w2=7185
BUSY TASK ewma=997
DMA IRQ c0=0
DMA IRQ c1=2
DMA IRQ c2=0
DMA IRQ c3=0
SELECT busy=12655
SELECT w0=12632
SELECT w1=6431
SELECT w2=7199
BUSY TASK ewma=997
DMA IRQ c0=0
DMA IRQ c1=2
DMA IRQ c2=0
DMA IRQ c3=0
SELECT busy=12677
SELECT w0=12654
SELECT w1=6441
SELECT w2=7211
BUSY TASK ewma=997
DMA IRQ c0=0
DMA IRQ c1=2
DMA IRQ c2=0
DMA IRQ c3=0
SELECT busy=12714
SELECT w0=12691
SELECT w1=6457
SELECT w2=7236
BUSY TASK ewma=997
DMA IRQ c0=0
DMA IRQ c1=2
DMA IRQ c2=0
DMA IRQ c3=0
SELECT busy=12751
SELECT w0=12728
SELECT w1=6476
SELECT w2=7258
BUSY TASK ewma=997
DMA IRQ c0=0
DMA IRQ c1=2
DMA IRQ c2=0
DMA IRQ c3=0
SELECT busy=12783
SELECT w0=12759
SELECT w1=6489
SELECT w2=7276
BUSY TASK ewma=997
DMA IRQ c0=0
DMA IRQ c1=2
DMA IRQ c2=0
DMA IRQ c3=0
SELECT busy=12805
SELECT w0=12782
SELECT w1=6499
SELECT w2=7289
BUSY TASK ewma=997
IRQ counts: cpu0=25622 cpu1=29285 cpu2=28509 cpu3=28683
SCHED secondaries: calls=86479 unexpected=0
SECTEST switches=86438 cpu1=260511592,259411347 cpu2=220780778,216733953 cpu3=325303810,319643009
PINGPONG rounds=2000 pongs=2000
DMA IRQ c0=0
DMA IRQ c1=2
DMA IRQ c2=0
DMA IRQ c3=0
SELECT busy=12830
SELECT w0=12806
SELECT w1=6511
SELECT w2=7300
BUSY TASK ewma=997
DMA IRQ c0=0
DMA IRQ c1=2
DMA IRQ c2=0
DMA IRQ c3=0
SELECT busy=12849
SELECT w0=12826
SELECT w1=6517
SELECT w2=7306
BUSY TASK ewma=997
DMA IRQ c0=0
DMA IRQ c1=2
DMA IRQ c2=0
DMA IRQ c3=0
SELECT busy=12877
SELECT w0=12853
SELECT w1=6530
SELECT w2=7322
BUSY TASK ewma=997
DMA IRQ c0=0
DMA IRQ c1=2
DMA IRQ c2=0
DMA IRQ c3=0
SELECT busy=12897
SELECT w0=12873
SELECT w1=6539
SELECT w2=7333
BUSY TASK ewma=997
DMA IRQ c0=0
DMA IRQ c1=2
DMA IRQ c2=0
DMA IRQ c3=0
SELECT busy=12916
SELECT w0=12893
SELECT w1=6545
SELECT w2=7341
BUSY TASK ewma=997
DMA IRQ c0=0
DMA IRQ c1=2
DMA IRQ c2=0
DMA IRQ c3=0
SELECT busy=12938
SELECT w0=12915
SELECT w1=6553
SELECT w2=7349
BUSY TASK ewma=997
DMA IRQ c0=0
DMA IRQ c1=2
DMA IRQ c2=0
DMA IRQ c3=0
SELECT busy=12957
SELECT w0=12933
SELECT w1=6559
SELECT w2=7356
BUSY TASK ewma=997
DMA IRQ c0=0
DMA IRQ c1=2
DMA IRQ c2=0
DMA IRQ c3=0
SELECT busy=12978
SELECT w0=12955
SELECT w1=6567
SELECT w2=7368
BUSY TASK ewma=997
DMA IRQ c0=0
DMA IRQ c1=2
DMA IRQ c2=0
DMA IRQ c3=0
SELECT busy=12998
SELECT w0=12974
SELECT w1=6573
SELECT w2=7375
BUSY TASK ewma=997
DMA IRQ c0=0
DMA IRQ c1=2
DMA IRQ c2=0
DMA IRQ c3=0
SELECT busy=13016
SELECT w0=12992
SELECT w1=6580
SELECT w2=7384
BUSY TASK ewma=997
DMA IRQ c0=0
DMA IRQ c1=2
DMA IRQ c2=0
DMA IRQ c3=0
SELECT busy=13035
SELECT w0=13012
SELECT w1=6586
SELECT w2=7391
BUSY TASK ewma=997
DMA IRQ c0=0
DMA IRQ c1=2
DMA IRQ c2=0
DMA IRQ c3=0
SELECT busy=13052
SELECT w0=13029
SELECT w1=6593
SELECT w2=7404
BUSY TASK ewma=997
DMA IRQ c0=0
DMA IRQ c1=2
DMA IRQ c2=0
DMA IRQ c3=0
SELECT busy=13066
SELECT w0=13043
SELECT w1=6599
SELECT w2=7412
BUSY TASK ewma=997
DMA IRQ c0=0
DMA IRQ c1=2
DMA IRQ c2=0
DMA IRQ c3=0
SELECT busy=13079
SELECT w0=13056
SELECT w1=6605
SELECT w2=7420
BUSY TASK ewma=997
DMA IRQ c0=0
DMA IRQ c1=2
DMA IRQ c2=0
DMA IRQ c3=0
SELECT busy=13093
SELECT w0=13069
SELECT w1=6611
SELECT w2=7428
BUSY TASK ewma=997
DMA IRQ c0=0
DMA IRQ c1=2
DMA IRQ c2=0
DMA IRQ c3=0
SELECT busy=13111
SELECT w0=13087
SELECT w1=6621
SELECT w2=7443
BUSY TASK ewma=997
DMA IRQ c0=0
DMA IRQ c1=2
DMA IRQ c2=0
DMA IRQ c3=0
SELECT busy=13132
SELECT w0=13108
SELECT w1=6629
SELECT w2=7455
BUSY TASK ewma=997
DMA IRQ c0=0
DMA IRQ c1=2
DMA IRQ c2=0
DMA IRQ c3=0
SELECT busy=13150
SELECT w0=13127
SELECT w1=6636
SELECT w2=7465
BUSY TASK ewma=997
DMA IRQ c0=0
DMA IRQ c1=2
DMA IRQ c2=0
DMA IRQ c3=0
SELECT busy=13169
SELECT w0=13146
SELECT w1=6644
SELECT w2=7474
BUSY TASK ewma=997
DMA IRQ c0=0
DMA IRQ c1=2
DMA IRQ c2=0
DMA IRQ c3=0
SELECT busy=13187
SELECT w0=13163
SELECT w1=6651
SELECT w2=7483
BUSY TASK ewma=997
DMA IRQ c0=0
DMA IRQ c1=2
DMA IRQ c2=0
DMA IRQ c3=0
SELECT busy=13205
SELECT w0=13182
SELECT w1=6659
SELECT w2=7491
BUSY TASK ewma=997
DMA IRQ c0=0
DMA IRQ c1=2
DMA IRQ c2=0
DMA IRQ c3=0
SELECT busy=13225
SELECT w0=13201
SELECT w1=6667
SELECT w2=7502
BUSY TASK ewma=997
DMA IRQ c0=0
DMA IRQ c1=2
DMA IRQ c2=0
DMA IRQ c3=0
SELECT busy=13244
SELECT w0=13220
SELECT w1=6675
SELECT w2=7510
BUSY TASK ewma=997
DMA IRQ c0=0
DMA IRQ c1=2
DMA IRQ c2=0
DMA IRQ c3=0
SELECT busy=13262
SELECT w0=13239
SELECT w1=6684
SELECT w2=7520
BUSY TASK ewma=997
DMA IRQ c0=0
DMA IRQ c1=2
DMA IRQ c2=0
DMA IRQ c3=0
SELECT busy=13280
SELECT w0=13256
SELECT w1=6691
SELECT w2=7528
BUSY TASK ewma=997
DMA IRQ c0=0
DMA IRQ c1=2
DMA IRQ c2=0
DMA IRQ c3=0
SELECT busy=13299
SELECT w0=13275
SELECT w1=6699
SELECT w2=7538
BUSY TASK ewma=997
DMA IRQ c0=0
DMA IRQ c1=2
DMA IRQ c2=0
DMA IRQ c3=0
SELECT busy=13317
SELECT w0=13293
SELECT w1=6705
SELECT w2=7547
BUSY TASK ewma=997
DMA IRQ c0=0
DMA IRQ c1=2
DMA IRQ c2=0
DMA IRQ c3=0
SELECT busy=13334
SELECT w0=13310
SELECT w1=6712
SELECT w2=7556
BUSY TASK ewma=997
DMA IRQ c0=0
DMA IRQ c1=2
DMA IRQ c2=0
DMA IRQ c3=0
SELECT busy=13352
SELECT w0=13328
SELECT w1=6720
SELECT w2=7566
BUSY TASK ewma=997
DMA IRQ c0=0
DMA IRQ c1=2
DMA IRQ c2=0
DMA IRQ c3=0
SELECT busy=13371
SELECT w0=13347
SELECT w1=6726
SELECT w2=7577
BUSY TASK ewma=997
DMA IRQ c0=0
DMA IRQ c1=2
DMA IRQ c2=0
DMA IRQ c3=0
SELECT busy=13389
SELECT w0=13365
SELECT w1=6734
SELECT w2=7586
BUSY TASK ewma=997
DMA IRQ c0=0
DMA IRQ c1=2
DMA IRQ c2=0
DMA IRQ c3=0
SELECT busy=13412
SELECT w0=13388
SELECT w1=6749
SELECT w2=7600
BUSY TASK ewma=997
DMA IRQ c0=0
DMA IRQ c1=2
DMA IRQ c2=0
DMA IRQ c3=0
SELECT busy=13441
SELECT w0=13418
SELECT w1=6765
SELECT w2=7619
BUSY TASK ewma=997
DMA IRQ c0=0
DMA IRQ c1=2
DMA IRQ c2=0
DMA IRQ c3=0
SELECT busy=13479
SELECT w0=13456
SELECT w1=6784
SELECT w2=7644
BUSY TASK ewma=997
DMA IRQ c0=0
DMA IRQ c1=2
DMA IRQ c2=0
DMA IRQ c3=0
SELECT busy=13498
SELECT w0=13475
SELECT w1=6798
SELECT w2=7657
BUSY TASK ewma=997
DMA IRQ c0=0
DMA IRQ c1=2
DMA IRQ c2=0
DMA IRQ c3=0
SELECT busy=13528
SELECT w0=13505
SELECT w1=6815
SELECT w2=7678
BUSY TASK ewma=997
DMA IRQ c0=0
DMA IRQ c1=2
DMA IRQ c2=0
DMA IRQ c3=0
SELECT busy=13556
SELECT w0=13533
SELECT w1=6828
SELECT w2=7695
BUSY TASK ewma=997
DMA IRQ c0=0
DMA IRQ c1=2
DMA IRQ c2=0
DMA IRQ c3=0
SELECT busy=13576
SELECT w0=13553
SELECT w1=6837
SELECT w2=7709
BUSY TASK ewma=997
DMA IRQ c0=0
DMA IRQ c1=2
DMA IRQ c2=0
DMA IRQ c3=0
SELECT busy=13606
SELECT w0=13583
SELECT w1=6846
SELECT w2=7719
BUSY TASK ewma=997
DMA IRQ c0=0
DMA IRQ c1=2
DMA IRQ c2=0
DMA IRQ c3=0
SELECT busy=13635
SELECT w0=13612
SELECT w1=6860
SELECT w2=7737
BUSY TASK ewma=997
DMA IRQ c0=0
DMA IRQ c1=2
DMA IRQ c2=0
DMA IRQ c3=0
SELECT busy=13650
SELECT w0=13627
SELECT w1=6871
SELECT w2=7749
BUSY TASK ewma=997
DMA IRQ c0=0
DMA IRQ c1=2
DMA IRQ c2=0
DMA IRQ c3=0
SELECT busy=13667
SELECT w0=13643
SELECT w1=6880
SELECT w2=7757
BUSY TASK ewma=997
DMA IRQ c0=0
DMA IRQ c1=2
DMA IRQ c2=0
DMA IRQ c3=0
SELECT busy=13685
SELECT w0=13661
SELECT w1=6888
SELECT w2=7766
BUSY TASK ewma=997
DMA IRQ c0=0
DMA IRQ c1=2
DMA IRQ c2=0
DMA IRQ c3=0
SELECT busy=13703
SELECT w0=13679
SELECT w1=6896
SELECT w2=7775
BUSY TASK ewma=997
DMA IRQ c0=0
DMA IRQ c1=2
DMA IRQ c2=0
DMA IRQ c3=0
SELECT busy=13719
SELECT w0=13696
SELECT w1=6908
SELECT w2=7788
BUSY TASK ewma=997
DMA IRQ c0=0
DMA IRQ c1=2
DMA IRQ c2=0
DMA IRQ c3=0
SELECT busy=13751
SELECT w0=13728
SELECT w1=6924
SELECT w2=7807
BUSY TASK ewma=997
DMA IRQ c0=0
DMA IRQ c1=2
DMA IRQ c2=0
DMA IRQ c3=0
SELECT busy=13773
SELECT w0=13749
SELECT w1=6932
SELECT w2=7816
BUSY TASK ewma=997
DMA IRQ c0=0
DMA IRQ c1=2
DMA IRQ c2=0
DMA IRQ c3=0
SELECT busy=13793
SELECT w0=13770
SELECT w1=6942
SELECT w2=7829
BUSY TASK ewma=997
DMA IRQ c0=0
DMA IRQ c1=2
DMA IRQ c2=0
DMA IRQ c3=0
SELECT busy=13810
SELECT w0=13786
SELECT w1=6950
SELECT w2=7841
BUSY TASK ewma=997
DMA IRQ c0=0
DMA IRQ c1=2
DMA IRQ c2=0
DMA IRQ c3=0
SELECT busy=13826
SELECT w0=13803
SELECT w1=6958
SELECT w2=7851
BUSY TASK ewma=997
DMA IRQ c0=0
DMA IRQ c1=2
DMA IRQ c2=0
DMA IRQ c3=0
SELECT busy=13845
SELECT w0=13822
SELECT w1=6968
SELECT w2=7864
BUSY TASK ewma=997
DMA IRQ c0=0
DMA IRQ c1=2
DMA IRQ c2=0
DMA IRQ c3=0
SELECT busy=13866
SELECT w0=13843
SELECT w1=6979
SELECT w2=7881
BUSY TASK ewma=997
DMA IRQ c0=0
DMA IRQ c1=2
DMA IRQ c2=0
DMA IRQ c3=0
SELECT busy=13883
SELECT w0=13859
SELECT w1=6987
SELECT w2=7892
BUSY TASK ewma=997
DMA IRQ c0=0
DMA IRQ c1=2
DMA IRQ c2=0
DMA IRQ c3=0
SELECT busy=13906
SELECT w0=13882
SELECT w1=6997
SELECT w2=7904
BUSY TASK ewma=997
DMA IRQ c0=0
DMA IRQ c1=2
DMA IRQ c2=0
DMA IRQ c3=0
SELECT busy=13927
SELECT w0=13904
SELECT w1=7009
SELECT w2=7916
BUSY TASK ewma=997
DMA IRQ c0=0
DMA IRQ c1=2
DMA IRQ c2=0
DMA IRQ c3=0
SELECT busy=13947
SELECT w0=13923
SELECT w1=7015
SELECT w2=7925
BUSY TASK ewma=997
DMA IRQ c0=0
DMA IRQ c1=2
DMA IRQ c2=0
DMA IRQ c3=0
SELECT busy=13972
SELECT w0=13948
SELECT w1=7022
SELECT w2=7935
BUSY TASK ewma=997
DMA IRQ c0=0
DMA IRQ c1=2
DMA IRQ c2=0
DMA IRQ c3=0
SELECT busy=13991
SELECT w0=13968
SELECT w1=7031
SELECT w2=7950
BUSY TASK ewma=997
DMA IRQ c0=0
DMA IRQ c1=2
DMA IRQ c2=0
DMA IRQ c3=0
SELECT busy=14013
SELECT w0=13990
SELECT w1=7041
SELECT w2=7963
BUSY TASK ewma=997
DMA IRQ c0=0
DMA IRQ c1=2
DMA IRQ c2=0
DMA IRQ c3=0
SELECT busy=14038
SELECT w0=14015
SELECT w1=7051
SELECT w2=7977
BUSY TASK ewma=997
DMA IRQ c0=0
DMA IRQ c1=2
DMA IRQ c2=0
DMA IRQ c3=0
SELECT busy=14060
SELECT w0=14036
SELECT w1=7059
SELECT w2=7987
BUSY TASK ewma=997
DMA IRQ c0=0
DMA IRQ c1=2
DMA IRQ c2=0
DMA IRQ c3=0
SELECT busy=14077
SELECT w0=14054
SELECT w1=7069
SELECT w2=8000
BUSY TASK ewma=997
DMA IRQ c0=0
DMA IRQ c1=2
DMA IRQ c2=0
DMA IRQ c3=0
SELECT busy=14095
SELECT w0=14072
SELECT w1=7078
SELECT w2=8013
BUSY TASK ewma=997
DMA IRQ c0=0
DMA IRQ c1=2
DMA IRQ c2=0
DMA IRQ c3=0
SELECT busy=14110
SELECT w0=14087
SELECT w1=7086
SELECT w2=8021
BUSY TASK ewma=997
IRQ counts: cpu0=28218 cpu1=32193 cpu2=31423 cpu3=31490
SCHED secondaries: calls=95107 unexpected=0
SECTEST switches=95068 cpu1=290182263,288570849 cpu2=248423325,244071544 cpu3=365558622,360207423
PINGPONG rounds=2000 pongs=2000
DMA IRQ c0=0
DMA IRQ c1=2
DMA IRQ c2=0
DMA IRQ c3=0
SELECT busy=14126
SELECT w0=14102
SELECT w1=7093
SELECT w2=8028
BUSY TASK ewma=997
DMA IRQ c0=0
DMA IRQ c1=2
DMA IRQ c2=0
DMA IRQ c3=0
SELECT busy=14149
SELECT w0=14125
SELECT w1=7101
SELECT w2=8040
BUSY TASK ewma=997
DMA IRQ c0=0
DMA IRQ c1=2
DMA IRQ c2=0
DMA IRQ c3=0
SELECT busy=14167
SELECT w0=14143
SELECT w1=7107
SELECT w2=8049
BUSY TASK ewma=997
DMA IRQ c0=0
DMA IRQ c1=2
DMA IRQ c2=0
DMA IRQ c3=0
SELECT busy=14182
SELECT w0=14158
SELECT w1=7114
SELECT w2=8057
BUSY TASK ewma=997
DMA IRQ c0=0
DMA IRQ c1=2
DMA IRQ c2=0
DMA IRQ c3=0
SELECT busy=14204
SELECT w0=14180
SELECT w1=7124
SELECT w2=8072
BUSY TASK ewma=997
DMA IRQ c0=0
DMA IRQ c1=2
DMA IRQ c2=0
DMA IRQ c3=0
SELECT busy=14222
SELECT w0=14198
SELECT w1=7133
SELECT w2=8083
BUSY TASK ewma=997
DMA IRQ c0=0
DMA IRQ c1=2
DMA IRQ c2=0
DMA IRQ c3=0
SELECT busy=14247
SELECT w0=14224
SELECT w1=7147
SELECT w2=8096
BUSY TASK ewma=997
DMA IRQ c0=0
DMA IRQ c1=2
DMA IRQ c2=0
DMA IRQ c3=0
SELECT busy=14269
SELECT w0=14246
SELECT w1=7158
SELECT w2=8108
BUSY TASK ewma=997
DMA IRQ c0=0
DMA IRQ c1=2
DMA IRQ c2=0
DMA IRQ c3=0
SELECT busy=14290
SELECT w0=14267
SELECT w1=7169
SELECT w2=8119
BUSY TASK ewma=997
DMA IRQ c0=0
DMA IRQ c1=2
DMA IRQ c2=0
DMA IRQ c3=0
SELECT busy=14311
SELECT w0=14287
SELECT w1=7177
SELECT w2=8128
BUSY TASK ewma=997
DMA IRQ c0=0
DMA IRQ c1=2
DMA IRQ c2=0
DMA IRQ c3=0
SELECT busy=14330
SELECT w0=14307
SELECT w1=7187
SELECT w2=8139
BUSY TASK ewma=997
DMA IRQ c0=0
DMA IRQ c1=2
DMA IRQ c2=0
DMA IRQ c3=0
SELECT busy=14357
SELECT w0=14334
SELECT w1=7198
SELECT w2=8152
BUSY TASK ewma=997
DMA IRQ c0=0
DMA IRQ c1=2
DMA IRQ c2=0
DMA IRQ c3=0
SELECT busy=14375
SELECT w0=14352
SELECT w1=7204
SELECT w2=8162
BUSY TASK ewma=997
DMA IRQ c0=0
DMA IRQ c1=2
DMA IRQ c2=0
DMA IRQ c3=0
SELECT busy=14396
SELECT w0=14372
SELECT w1=7213
SELECT w2=8170
BUSY TASK ewma=997
DMA IRQ c0=0
DMA IRQ c1=2
DMA IRQ c2=0
DMA IRQ c3=0
SELECT busy=14404
SELECT w0=14380
SELECT w1=7216
SELECT w2=8174
BUSY TASK ewma=997
DMA IRQ c0=0
DMA IRQ c1=2
DMA IRQ c2=0
DMA IRQ c3=0
SELECT busy=14423
SELECT w0=14400
SELECT w1=7227
SELECT w2=8188
BUSY TASK ewma=997
DMA IRQ c0=0
DMA IRQ c1=2
DMA IRQ c2=0
DMA IRQ c3=0
SELECT busy=14440
SELECT w0=14418
SELECT w1=7238
SELECT w2=8199
BUSY TASK ewma=997
DMA IRQ c0=0
DMA IRQ c1=2
DMA IRQ c2=0
DMA IRQ c3=0
SELECT busy=14463
SELECT w0=14440
SELECT w1=7249
SELECT w2=8213
BUSY TASK ewma=997
DMA IRQ c0=0
DMA IRQ c1=2
DMA IRQ c2=0
DMA IRQ c3=0
SELECT busy=14492
SELECT w0=14469
SELECT w1=7264
SELECT w2=8235
BUSY TASK ewma=997
DMA IRQ c0=0
DMA IRQ c1=2
DMA IRQ c2=0
DMA IRQ c3=0
SELECT busy=14511
SELECT w0=14488
SELECT w1=7274
SELECT w2=8249
qemu-system-aarch64: terminating on signal 15 from pid 204647 (timeout)
