P4 M7: full integration test boot OK
CPU0: MPIDR_EL1=0x0000000080000000
CPU0: psci_cpu_on target=1 rc=0
CPU1: alive, MPIDR_EL1=0x0000000080000001 this_cpu()->cpu_id=1
CPU0: psci_cpu_on target=2 rc=0
CPU2: alive, MPIDR_EL1=0x0000000080000002 this_cpu()->cpu_id=2
CPU0: psci_cpu_on target=3 rc=0
CPU3: alive, MPIDR_EL1=0x0000000080000003 this_cpu()->cpu_id=3
CPUs online: 4
DMA IRQ target cpu=1
D2b: worker 2 runs on CPU2
D2b: worker 1 runs on CPU1
D2b: worker 0 runs on CPU0
P4 M7: worker submitted cmd_id=1
P4 M7: worker submitted cmd_id=2
P4 M7: worker submitted cmd_id=3
BUSY TASK ewma=996
DMA IRQ c0=0
DMA IRQ c1=0
DMA IRQ c2=0
DMA IRQ c3=0
SELECT busy=20
SELECT w0=3
SELECT w1=4
SELECT w2=4
BUSY TASK ewma=997
DMA IRQ c0=0
DMA IRQ c1=0
DMA IRQ c2=0
DMA IRQ c3=0
SELECT busy=38
SELECT w0=3
SELECT w1=4
SELECT w2=4
P4 M7: worker DATA OK, cmd_id=3
P4 M7: worker DATA OK, cmd_id=1
WORKER ewma=759
P4 M7: worker DATA OK, cmd_id=2
WORKER ewma=916
WORKER ewma=881
BUSY TASK ewma=997
DMA IRQ c0=0
DMA IRQ c1=1
DMA IRQ c2=0
DMA IRQ c3=0
SELECT busy=65
SELECT w0=88
SELECT w1=50
SELECT w2=56
BUSY TASK ewma=997
DMA IRQ c0=0
DMA IRQ c1=1
DMA IRQ c2=0
DMA IRQ c3=0
SELECT busy=86
SELECT w0=108
SELECT w1=72
SELECT w2=78
BUSY TASK ewma=997
DMA IRQ c0=0
DMA IRQ c1=1
DMA IRQ c2=0
DMA IRQ c3=0
SELECT busy=105
SELECT w0=128
SELECT w1=83
SELECT w2=90
BUSY TASK ewma=997
DMA IRQ c0=0
DMA IRQ c1=1
DMA IRQ c2=0
DMA IRQ c3=0
SELECT busy=129
SELECT w0=152
SELECT w1=92
SELECT w2=105
BUSY TASK ewma=997
DMA IRQ c0=0
DMA IRQ c1=1
DMA IRQ c2=0
DMA IRQ c3=0
SELECT busy=147
SELECT w0=169
SELECT w1=101
SELECT w2=114
BUSY TASK ewma=997
DMA IRQ c0=0
DMA IRQ c1=1
DMA IRQ c2=0
DMA IRQ c3=0
SELECT busy=168
SELECT w0=190
SELECT w1=109
SELECT w2=123
BUSY TASK ewma=997
DMA IRQ c0=0
DMA IRQ c1=1
DMA IRQ c2=0
DMA IRQ c3=0
SELECT busy=185
SELECT w0=207
SELECT w1=114
SELECT w2=129
BUSY TASK ewma=997
DMA IRQ c0=0
DMA IRQ c1=1
DMA IRQ c2=0
DMA IRQ c3=0
SELECT busy=204
SELECT w0=227
SELECT w1=126
SELECT w2=142
BUSY TASK ewma=997
DMA IRQ c0=0
DMA IRQ c1=1
DMA IRQ c2=0
DMA IRQ c3=0
SELECT busy=221
SELECT w0=245
SELECT w1=137
SELECT w2=151
BUSY TASK ewma=997
DMA IRQ c0=0
DMA IRQ c1=1
DMA IRQ c2=0
DMA IRQ c3=0
SELECT busy=246
SELECT w0=268
SELECT w1=147
SELECT w2=158
BUSY TASK ewma=997
DMA IRQ c0=0
DMA IRQ c1=1
DMA IRQ c2=0
DMA IRQ c3=0
SELECT busy=270
SELECT w0=292
SELECT w1=158
SELECT w2=169
BUSY TASK ewma=997
DMA IRQ c0=0
DMA IRQ c1=1
DMA IRQ c2=0
DMA IRQ c3=0
SELECT busy=290
SELECT w0=312
SELECT w1=170
SELECT w2=178
BUSY TASK ewma=997
DMA IRQ c0=0
DMA IRQ c1=1
DMA IRQ c2=0
DMA IRQ c3=0
SELECT busy=312
SELECT w0=335
SELECT w1=183
SELECT w2=188
BUSY TASK ewma=997
DMA IRQ c0=0
DMA IRQ c1=1
DMA IRQ c2=0
DMA IRQ c3=0
SELECT busy=334
SELECT w0=357
SELECT w1=194
SELECT w2=201
BUSY TASK ewma=997
DMA IRQ c0=0
DMA IRQ c1=1
DMA IRQ c2=0
DMA IRQ c3=0
SELECT busy=362
SELECT w0=385
SELECT w1=209
SELECT w2=216
BUSY TASK ewma=997
DMA IRQ c0=0
DMA IRQ c1=1
DMA IRQ c2=0
DMA IRQ c3=0
SELECT busy=383
SELECT w0=406
SELECT w1=223
SELECT w2=235
BUSY TASK ewma=997
DMA IRQ c0=0
DMA IRQ c1=1
DMA IRQ c2=0
DMA IRQ c3=0
SELECT busy=402
SELECT w0=424
SELECT w1=234
SELECT w2=244
BUSY TASK ewma=997
DMA IRQ c0=0
DMA IRQ c1=1
DMA IRQ c2=0
DMA IRQ c3=0
SELECT busy=423
SELECT w0=448
SELECT w1=243
SELECT w2=256
BUSY TASK ewma=997
DMA IRQ c0=0
DMA IRQ c1=1
DMA IRQ c2=0
DMA IRQ c3=0
SELECT busy=441
SELECT w0=466
SELECT w1=265
SELECT w2=272
BUSY TASK ewma=997
DMA IRQ c0=0
DMA IRQ c1=1
DMA IRQ c2=0
DMA IRQ c3=0
SELECT busy=465
SELECT w0=487
SELECT w1=277
SELECT w2=285
BUSY TASK ewma=997
DMA IRQ c0=0
DMA IRQ c1=1
DMA IRQ c2=0
DMA IRQ c3=0
SELECT busy=481
SELECT w0=504
SELECT w1=290
SELECT w2=298
BUSY TASK ewma=997
DMA IRQ c0=0
DMA IRQ c1=1
DMA IRQ c2=0
DMA IRQ c3=0
SELECT busy=500
SELECT w0=522
SELECT w1=298
SELECT w2=306
BUSY TASK ewma=997
DMA IRQ c0=0
DMA IRQ c1=1
DMA IRQ c2=0
DMA IRQ c3=0
SELECT busy=516
SELECT w0=538
SELECT w1=309
SELECT w2=316
BUSY TASK ewma=997
DMA IRQ c0=0
DMA IRQ c1=1
DMA IRQ c2=0
DMA IRQ c3=0
SELECT busy=536
SELECT w0=560
SELECT w1=324
SELECT w2=332
BUSY TASK ewma=997
DMA IRQ c0=0
DMA IRQ c1=1
DMA IRQ c2=0
DMA IRQ c3=0
SELECT busy=562
SELECT w0=585
SELECT w1=336
SELECT w2=343
BUSY TASK ewma=997
DMA IRQ c0=0
DMA IRQ c1=1
DMA IRQ c2=0
DMA IRQ c3=0
SELECT busy=582
SELECT w0=604
SELECT w1=345
SELECT w2=355
BUSY TASK ewma=997
DMA IRQ c0=0
DMA IRQ c1=1
DMA IRQ c2=0
DMA IRQ c3=0
SELECT busy=602
SELECT w0=625
SELECT w1=355
SELECT w2=368
BUSY TASK ewma=997
DMA IRQ c0=0
DMA IRQ c1=1
DMA IRQ c2=0
DMA IRQ c3=0
SELECT busy=630
SELECT w0=653
SELECT w1=368
SELECT w2=379
BUSY TASK ewma=997
DMA IRQ c0=0
DMA IRQ c1=1
DMA IRQ c2=0
DMA IRQ c3=0
SELECT busy=650
SELECT w0=673
SELECT w1=379
SELECT w2=394
BUSY TASK ewma=997
DMA IRQ c0=0
DMA IRQ c1=1
DMA IRQ c2=0
DMA IRQ c3=0
SELECT busy=676
SELECT w0=699
SELECT w1=393
SELECT w2=412
BUSY TASK ewma=997
DMA IRQ c0=0
DMA IRQ c1=1
DMA IRQ c2=0
DMA IRQ c3=0
SELECT busy=702
SELECT w0=725
SELECT w1=413
SELECT w2=431
BUSY TASK ewma=997
DMA IRQ c0=0
DMA IRQ c1=1
DMA IRQ c2=0
DMA IRQ c3=0
SELECT busy=729
SELECT w0=752
SELECT w1=428
SELECT w2=446
BUSY TASK ewma=997
DMA IRQ c0=0
DMA IRQ c1=1
DMA IRQ c2=0
DMA IRQ c3=0
SELECT busy=745
SELECT w0=768
SELECT w1=441
SELECT w2=457
BUSY TASK ewma=997
DMA IRQ c0=0
DMA IRQ c1=1
DMA IRQ c2=0
DMA IRQ c3=0
SELECT busy=768
SELECT w0=791
SELECT w1=456
SELECT w2=468
BUSY TASK ewma=997
DMA IRQ c0=0
DMA IRQ c1=1
DMA IRQ c2=0
DMA IRQ c3=0
SELECT busy=788
SELECT w0=811
SELECT w1=473
SELECT w2=479
BUSY TASK ewma=997
DMA IRQ c0=0
DMA IRQ c1=1
DMA IRQ c2=0
DMA IRQ c3=0
SELECT busy=816
SELECT w0=838
SELECT w1=485
SELECT w2=490
BUSY TASK ewma=997
DMA IRQ c0=0
DMA IRQ c1=1
DMA IRQ c2=0
DMA IRQ c3=0
SELECT busy=836
SELECT w0=859
SELECT w1=496
SELECT w2=500
BUSY TASK ewma=997
DMA IRQ c0=0
DMA IRQ c1=1
DMA IRQ c2=0
DMA IRQ c3=0
SELECT busy=858
SELECT w0=880
SELECT w1=507
SELECT w2=512
BUSY TASK ewma=997
DMA IRQ c0=0
DMA IRQ c1=1
DMA IRQ c2=0
DMA IRQ c3=0
SELECT busy=883
SELECT w0=906
SELECT w1=520
SELECT w2=523
BUSY TASK ewma=997
DMA IRQ c0=0
DMA IRQ c1=1
DMA IRQ c2=0
DMA IRQ c3=0
SELECT busy=901
SELECT w0=924
SELECT w1=530
SELECT w2=532
BUSY TASK ewma=997
DMA IRQ c0=0
DMA IRQ c1=1
DMA IRQ c2=0
DMA IRQ c3=0
SELECT busy=924
SELECT w0=947
SELECT w1=538
SELECT w2=542
BUSY TASK ewma=997
DMA IRQ c0=0
DMA IRQ c1=1
DMA IRQ c2=0
DMA IRQ c3=0
SELECT busy=948
SELECT w0=970
SELECT w1=549
SELECT w2=552
BUSY TASK ewma=997
DMA IRQ c0=0
DMA IRQ c1=1
DMA IRQ c2=0
DMA IRQ c3=0
SELECT busy=974
SELECT w0=997
SELECT w1=565
SELECT w2=573
BUSY TASK ewma=997
DMA IRQ c0=0
DMA IRQ c1=1
DMA IRQ c2=0
DMA IRQ c3=0
SELECT busy=995
SELECT w0=1018
SELECT w1=577
SELECT w2=584
BUSY TASK ewma=997
DMA IRQ c0=0
DMA IRQ c1=1
DMA IRQ c2=0
DMA IRQ c3=0
SELECT busy=1024
SELECT w0=1047
SELECT w1=589
SELECT w2=597
BUSY TASK ewma=997
DMA IRQ c0=0
DMA IRQ c1=1
DMA IRQ c2=0
DMA IRQ c3=0
SELECT busy=1049
SELECT w0=1072
SELECT w1=605
SELECT w2=611
BUSY TASK ewma=997
DMA IRQ c0=0
DMA IRQ c1=1
DMA IRQ c2=0
DMA IRQ c3=0
SELECT busy=1070
SELECT w0=1093
SELECT w1=618
SELECT w2=622
BUSY TASK ewma=997
DMA IRQ c0=0
DMA IRQ c1=1
DMA IRQ c2=0
DMA IRQ c3=0
SELECT busy=1089
SELECT w0=1111
SELECT w1=626
SELECT w2=629
BUSY TASK ewma=997
DMA IRQ c0=0
DMA IRQ c1=1
DMA IRQ c2=0
DMA IRQ c3=0
SELECT busy=1109
SELECT w0=1131
SELECT w1=641
SELECT w2=639
BUSY TASK ewma=997
DMA IRQ c0=0
DMA IRQ c1=1
DMA IRQ c2=0
DMA IRQ c3=0
SELECT busy=1127
SELECT w0=1149
SELECT w1=646
SELECT w2=644
BUSY TASK ewma=997
DMA IRQ c0=0
DMA IRQ c1=1
DMA IRQ c2=0
DMA IRQ c3=0
SELECT busy=1148
SELECT w0=1170
SELECT w1=657
SELECT w2=654
BUSY TASK ewma=997
DMA IRQ c0=0
DMA IRQ c1=1
DMA IRQ c2=0
DMA IRQ c3=0
SELECT busy=1167
SELECT w0=1189
SELECT w1=668
SELECT w2=665
BUSY TASK ewma=997
DMA IRQ c0=0
DMA IRQ c1=1
DMA IRQ c2=0
DMA IRQ c3=0
SELECT busy=1186
SELECT w0=1209
SELECT w1=675
SELECT w2=671
BUSY TASK ewma=997
DMA IRQ c0=0
DMA IRQ c1=1
DMA IRQ c2=0
DMA IRQ c3=0
SELECT busy=1200
SELECT w0=1224
SELECT w1=683
SELECT w2=679
BUSY TASK ewma=997
DMA IRQ c0=0
DMA IRQ c1=1
DMA IRQ c2=0
DMA IRQ c3=0
SELECT busy=1220
SELECT w0=1243
SELECT w1=694
SELECT w2=693
BUSY TASK ewma=997
DMA IRQ c0=0
DMA IRQ c1=1
DMA IRQ c2=0
DMA IRQ c3=0
SELECT busy=1239
SELECT w0=1261
SELECT w1=702
SELECT w2=700
BUSY TASK ewma=997
DMA IRQ c0=0
DMA IRQ c1=1
DMA IRQ c2=0
DMA IRQ c3=0
SELECT busy=1265
SELECT w0=1288
SELECT w1=717
SELECT w2=719
BUSY TASK ewma=997
DMA IRQ c0=0
DMA IRQ c1=1
DMA IRQ c2=0
DMA IRQ c3=0
SELECT busy=1291
SELECT w0=1314
SELECT w1=732
SELECT w2=741
BUSY TASK ewma=997
DMA IRQ c0=0
DMA IRQ c1=1
DMA IRQ c2=0
DMA IRQ c3=0
SELECT busy=1311
SELECT w0=1334
SELECT w1=741
SELECT w2=749
BUSY TASK ewma=997
DMA IRQ c0=0
DMA IRQ c1=1
DMA IRQ c2=0
DMA IRQ c3=0
SELECT busy=1333
SELECT w0=1355
SELECT w1=758
SELECT w2=759
BUSY TASK ewma=997
DMA IRQ c0=0
DMA IRQ c1=1
DMA IRQ c2=0
DMA IRQ c3=0
SELECT busy=1354
SELECT w0=1376
SELECT w1=766
SELECT w2=767
BUSY TASK ewma=997
IRQ counts: cpu0=2709 cpu1=3023 cpu2=3018 cpu3=2946
SCHED secondaries: calls=9005 unexpected=0
SECTEST switches=8970 cpu1=38602135,35428169 cpu2=30706062,28658536 cpu3=39547416,36286780
PINGPONG rounds=561 pongs=562
DMA IRQ c0=0
DMA IRQ c1=1
DMA IRQ c2=0
DMA IRQ c3=0
SELECT busy=1382
SELECT w0=1404
SELECT w1=787
SELECT w2=786
BUSY TASK ewma=997
DMA IRQ c0=0
DMA IRQ c1=1
DMA IRQ c2=0
DMA IRQ c3=0
SELECT busy=1406
SELECT w0=1429
SELECT w1=805
SELECT w2=803
BUSY TASK ewma=997
DMA IRQ c0=0
DMA IRQ c1=1
DMA IRQ c2=0
DMA IRQ c3=0
SELECT busy=1432
SELECT w0=1455
SELECT w1=825
SELECT w2=816
BUSY TASK ewma=997
DMA IRQ c0=0
DMA IRQ c1=1
DMA IRQ c2=0
DMA IRQ c3=0
SELECT busy=1460
SELECT w0=1484
SELECT w1=844
SELECT w2=836
BUSY TASK ewma=997
DMA IRQ c0=0
DMA IRQ c1=1
DMA IRQ c2=0
DMA IRQ c3=0
SELECT busy=1479
SELECT w0=1501
SELECT w1=849
SELECT w2=843
BUSY TASK ewma=997
DMA IRQ c0=0
DMA IRQ c1=1
DMA IRQ c2=0
DMA IRQ c3=0
SELECT busy=1496
SELECT w0=1518
SELECT w1=855
SELECT w2=848
BUSY TASK ewma=997
DMA IRQ c0=0
DMA IRQ c1=1
DMA IRQ c2=0
DMA IRQ c3=0
SELECT busy=1513
SELECT w0=1535
SELECT w1=866
SELECT w2=858
BUSY TASK ewma=997
DMA IRQ c0=0
DMA IRQ c1=1
DMA IRQ c2=0
DMA IRQ c3=0
SELECT busy=1532
SELECT w0=1554
SELECT w1=876
SELECT w2=869
BUSY TASK ewma=997
DMA IRQ c0=0
DMA IRQ c1=1
DMA IRQ c2=0
DMA IRQ c3=0
SELECT busy=1553
SELECT w0=1576
SELECT w1=887
SELECT w2=881
BUSY TASK ewma=997
DMA IRQ c0=0
DMA IRQ c1=1
DMA IRQ c2=0
DMA IRQ c3=0
SELECT busy=1576
SELECT w0=1598
SELECT w1=899
SELECT w2=892
BUSY TASK ewma=997
DMA IRQ c0=0
DMA IRQ c1=1
DMA IRQ c2=0
DMA IRQ c3=0
SELECT busy=1593
SELECT w0=1616
SELECT w1=907
SELECT w2=900
BUSY TASK ewma=997
DMA IRQ c0=0
DMA IRQ c1=1
DMA IRQ c2=0
DMA IRQ c3=0
SELECT busy=1614
SELECT w0=1636
SELECT w1=916
SELECT w2=910
BUSY TASK ewma=997
DMA IRQ c0=0
DMA IRQ c1=1
DMA IRQ c2=0
DMA IRQ c3=0
SELECT busy=1632
SELECT w0=1654
SELECT w1=925
SELECT w2=918
BUSY TASK ewma=997
DMA IRQ c0=0
DMA IRQ c1=1
DMA IRQ c2=0
DMA IRQ c3=0
SELECT busy=1655
SELECT w0=1678
SELECT w1=939
SELECT w2=934
BUSY TASK ewma=997
DMA IRQ c0=0
DMA IRQ c1=1
DMA IRQ c2=0
DMA IRQ c3=0
SELECT busy=1682
SELECT w0=1704
SELECT w1=951
SELECT w2=945
BUSY TASK ewma=997
DMA IRQ c0=0
DMA IRQ c1=1
DMA IRQ c2=0
DMA IRQ c3=0
SELECT busy=1712
SELECT w0=1735
SELECT w1=972
SELECT w2=958
BUSY TASK ewma=997
DMA IRQ c0=0
DMA IRQ c1=1
DMA IRQ c2=0
DMA IRQ c3=0
SELECT busy=1734
SELECT w0=1757
SELECT w1=986
SELECT w2=971
BUSY TASK ewma=997
DMA IRQ c0=0
DMA IRQ c1=1
DMA IRQ c2=0
DMA IRQ c3=0
SELECT busy=1756
SELECT w0=1779
SELECT w1=997
SELECT w2=987
BUSY TASK ewma=997
DMA IRQ c0=0
DMA IRQ c1=1
DMA IRQ c2=0
DMA IRQ c3=0
SELECT busy=1771
SELECT w0=1794
SELECT w1=1008
SELECT w2=995
BUSY TASK ewma=997
DMA IRQ c0=0
DMA IRQ c1=1
DMA IRQ c2=0
DMA IRQ c3=0
SELECT busy=1791
SELECT w0=1814
SELECT w1=1021
SELECT w2=1008
BUSY TASK ewma=997
DMA IRQ c0=0
DMA IRQ c1=1
DMA IRQ c2=0
DMA IRQ c3=0
SELECT busy=1818
SELECT w0=1841
SELECT w1=1038
SELECT w2=1026
BUSY TASK ewma=997
DMA IRQ c0=0
DMA IRQ c1=1
DMA IRQ c2=0
DMA IRQ c3=0
SELECT busy=1843
SELECT w0=1866
SELECT w1=1052
SELECT w2=1040
BUSY TASK ewma=997
DMA IRQ c0=0
DMA IRQ c1=1
DMA IRQ c2=0
DMA IRQ c3=0
SELECT busy=1865
SELECT w0=1887
SELECT w1=1062
SELECT w2=1049
BUSY TASK ewma=997
DMA IRQ c0=0
DMA IRQ c1=1
DMA IRQ c2=0
DMA IRQ c3=0
SELECT busy=1885
SELECT w0=1908
SELECT w1=1075
SELECT w2=1062
BUSY TASK ewma=997
DMA IRQ c0=0
DMA IRQ c1=1
DMA IRQ c2=0
DMA IRQ c3=0
SELECT busy=1910
SELECT w0=1933
SELECT w1=1087
SELECT w2=1074
BUSY TASK ewma=997
DMA IRQ c0=0
DMA IRQ c1=1
DMA IRQ c2=0
DMA IRQ c3=0
SELECT busy=1941
SELECT w0=1964
SELECT w1=1108
SELECT w2=1097
BUSY TASK ewma=997
DMA IRQ c0=0
DMA IRQ c1=1
DMA IRQ c2=0
DMA IRQ c3=0
SELECT busy=1959
SELECT w0=1982
SELECT w1=1120
SELECT w2=1108
BUSY TASK ewma=997
DMA IRQ c0=0
DMA IRQ c1=1
DMA IRQ c2=0
DMA IRQ c3=0
SELECT busy=1985
SELECT w0=2008
SELECT w1=1136
SELECT w2=1126
BUSY TASK ewma=997
DMA IRQ c0=0
DMA IRQ c1=1
DMA IRQ c2=0
DMA IRQ c3=0
SELECT busy=2010
SELECT w0=2033
SELECT w1=1151
SELECT w2=1137
BUSY TASK ewma=997
DMA IRQ c0=0
DMA IRQ c1=1
DMA IRQ c2=0
DMA IRQ c3=0
SELECT busy=2033
SELECT w0=2056
SELECT w1=1164
SELECT w2=1152
BUSY TASK ewma=997
DMA IRQ c0=0
DMA IRQ c1=1
DMA IRQ c2=0
DMA IRQ c3=0
SELECT busy=2052
SELECT w0=2075
SELECT w1=1175
SELECT w2=1162
BUSY TASK ewma=997
DMA IRQ c0=0
DMA IRQ c1=1
DMA IRQ c2=0
DMA IRQ c3=0
SELECT busy=2062
SELECT w0=2084
SELECT w1=1178
SELECT w2=1167
BUSY TASK ewma=997
DMA IRQ c0=0
DMA IRQ c1=1
DMA IRQ c2=0
DMA IRQ c3=0
SELECT busy=2080
SELECT w0=2103
SELECT w1=1187
SELECT w2=1176
BUSY TASK ewma=997
DMA IRQ c0=0
DMA IRQ c1=1
DMA IRQ c2=0
DMA IRQ c3=0
SELECT busy=2098
SELECT w0=2120
SELECT w1=1193
SELECT w2=1180
BUSY TASK ewma=997
DMA IRQ c0=0
DMA IRQ c1=1
DMA IRQ c2=0
DMA IRQ c3=0
SELECT busy=2120
SELECT w0=2142
SELECT w1=1201
SELECT w2=1186
BUSY TASK ewma=997
DMA IRQ c0=0
DMA IRQ c1=1
DMA IRQ c2=0
DMA IRQ c3=0
SELECT busy=2140
SELECT w0=2163
SELECT w1=1210
SELECT w2=1198
BUSY TASK ewma=997
DMA IRQ c0=0
DMA IRQ c1=1
DMA IRQ c2=0
DMA IRQ c3=0
SELECT busy=2162
SELECT w0=2184
SELECT w1=1223
SELECT w2=1211
BUSY TASK ewma=997
DMA IRQ c0=0
DMA IRQ c1=1
DMA IRQ c2=0
DMA IRQ c3=0
SELECT busy=2179
SELECT w0=2202
SELECT w1=1233
SELECT w2=1222
BUSY TASK ewma=997
DMA IRQ c0=0
DMA IRQ c1=1
DMA IRQ c2=0
DMA IRQ c3=0
SELECT busy=2193
SELECT w0=2216
SELECT w1=1241
SELECT w2=1230
BUSY TASK ewma=997
DMA IRQ c0=0
DMA IRQ c1=1
DMA IRQ c2=0
DMA IRQ c3=0
SELECT busy=2212
SELECT w0=2235
SELECT w1=1252
SELECT w2=1242
BUSY TASK ewma=997
DMA IRQ c0=0
DMA IRQ c1=1
DMA IRQ c2=0
DMA IRQ c3=0
SELECT busy=2232
SELECT w0=2254
SELECT w1=1264
SELECT w2=1254
BUSY TASK ewma=997
DMA IRQ c0=0
DMA IRQ c1=1
DMA IRQ c2=0
DMA IRQ c3=0
SELECT busy=2251
SELECT w0=2273
SELECT w1=1271
SELECT w2=1263
BUSY TASK ewma=997
DMA IRQ c0=0
DMA IRQ c1=1
DMA IRQ c2=0
DMA IRQ c3=0
SELECT busy=2269
SELECT w0=2291
SELECT w1=1284
SELECT w2=1273
BUSY TASK ewma=997
DMA IRQ c0=0
DMA IRQ c1=1
DMA IRQ c2=0
DMA IRQ c3=0
SELECT busy=2288
SELECT w0=2310
SELECT w1=1293
SELECT w2=1281
BUSY TASK ewma=997
DMA IRQ c0=0
DMA IRQ c1=1
DMA IRQ c2=0
DMA IRQ c3=0
SELECT busy=2304
SELECT w0=2327
SELECT w1=1303
SELECT w2=1291
BUSY TASK ewma=997
DMA IRQ c0=0
DMA IRQ c1=1
DMA IRQ c2=0
DMA IRQ c3=0
SELECT busy=2327
SELECT w0=2350
SELECT w1=1317
SELECT w2=1305
BUSY TASK ewma=997
DMA IRQ c0=0
DMA IRQ c1=1
DMA IRQ c2=0
DMA IRQ c3=0
SELECT busy=2351
SELECT w0=2374
SELECT w1=1336
SELECT w2=1320
BUSY TASK ewma=997
DMA IRQ c0=0
DMA IRQ c1=1
DMA IRQ c2=0
DMA IRQ c3=0
SELECT busy=2370
SELECT w0=2392
SELECT w1=1350
SELECT w2=1330
BUSY TASK ewma=997
DMA IRQ c0=0
DMA IRQ c1=1
DMA IRQ c2=0
DMA IRQ c3=0
SELECT busy=2388
SELECT w0=2411
SELECT w1=1364
SELECT w2=1340
BUSY TASK ewma=997
DMA IRQ c0=0
DMA IRQ c1=1
DMA IRQ c2=0
DMA IRQ c3=0
SELECT busy=2420
SELECT w0=2443
SELECT w1=1382
SELECT w2=1359
BUSY TASK ewma=997
DMA IRQ c0=0
DMA IRQ c1=1
DMA IRQ c2=0
DMA IRQ c3=0
SELECT busy=2446
SELECT w0=2468
SELECT w1=1395
SELECT w2=1374
BUSY TASK ewma=997
DMA IRQ c0=0
DMA IRQ c1=1
DMA IRQ c2=0
DMA IRQ c3=0
SELECT busy=2471
SELECT w0=2493
SELECT w1=1406
SELECT w2=1385
BUSY TASK ewma=997
DMA IRQ c0=0
DMA IRQ c1=1
DMA IRQ c2=0
DMA IRQ c3=0
SELECT busy=2494
SELECT w0=2517
SELECT w1=1418
SELECT w2=1397
BUSY TASK ewma=997
DMA IRQ c0=0
DMA IRQ c1=1
DMA IRQ c2=0
DMA IRQ c3=0
SELECT busy=2520
SELECT w0=2542
SELECT w1=1432
SELECT w2=1414
BUSY TASK ewma=997
DMA IRQ c0=0
DMA IRQ c1=1
DMA IRQ c2=0
DMA IRQ c3=0
SELECT busy=2542
SELECT w0=2564
SELECT w1=1443
SELECT w2=1424
BUSY TASK ewma=997
DMA IRQ c0=0
DMA IRQ c1=1
DMA IRQ c2=0
DMA IRQ c3=0
SELECT busy=2564
SELECT w0=2587
SELECT w1=1453
SELECT w2=1437
BUSY TASK ewma=997
DMA IRQ c0=0
DMA IRQ c1=1
DMA IRQ c2=0
DMA IRQ c3=0
SELECT busy=2590
SELECT w0=2612
SELECT w1=1469
SELECT w2=1451
BUSY TASK ewma=997
DMA IRQ c0=0
DMA IRQ c1=1
DMA IRQ c2=0
DMA IRQ c3=0
SELECT busy=2605
SELECT w0=2628
SELECT w1=1477
SELECT w2=1461
BUSY TASK ewma=997
DMA IRQ c0=0
DMA IRQ c1=1
DMA IRQ c2=0
DMA IRQ c3=0
SELECT busy=2617
SELECT w0=2639
SELECT w1=1484
SELECT w2=1470
BUSY TASK ewma=997
DMA IRQ c0=0
DMA IRQ c1=1
DMA IRQ c2=0
DMA IRQ c3=0
SELECT busy=2638
SELECT w0=2661
SELECT w1=1493
SELECT w2=1482
BUSY TASK ewma=997
DMA IRQ c0=0
DMA IRQ c1=1
DMA IRQ c2=0
DMA IRQ c3=0
SELECT busy=2661
SELECT w0=2684
SELECT w1=1509
SELECT w2=1497
BUSY TASK ewma=997
DMA IRQ c0=0
DMA IRQ c1=1
DMA IRQ c2=0
DMA IRQ c3=0
SELECT busy=2682
SELECT w0=2705
SELECT w1=1522
SELECT w2=1510
BUSY TASK ewma=997
DMA IRQ c0=0
DMA IRQ c1=1
DMA IRQ c2=0
DMA IRQ c3=0
SELECT busy=2701
SELECT w0=2725
SELECT w1=1531
SELECT w2=1521
BUSY TASK ewma=997
DMA IRQ c0=0
DMA IRQ c1=1
DMA IRQ c2=0
DMA IRQ c3=0
SELECT busy=2726
SELECT w0=2748
SELECT w1=1544
SELECT w2=1534
BUSY TASK ewma=997
IRQ counts: cpu0=5461 cpu1=6210 cpu2=6175 cpu3=6093
SCHED secondaries: calls=18490 unexpected=0
SECTEST switches=18482 cpu1=78420975,76426691 cpu2=60548691,59023570 cpu3=81952784,78556579
PINGPONG rounds=1081 pongs=1082
DMA IRQ c0=0
DMA IRQ c1=1
DMA IRQ c2=0
DMA IRQ c3=0
SELECT busy=2769
SELECT w0=2792
SELECT w1=1572
SELECT w2=1563
BUSY TASK ewma=997
DMA IRQ c0=0
DMA IRQ c1=1
DMA IRQ c2=0
DMA IRQ c3=0
SELECT busy=2787
SELECT w0=2810
SELECT w1=1583
SELECT w2=1579
BUSY TASK ewma=997
DMA IRQ c0=0
DMA IRQ c1=1
DMA IRQ c2=0
DMA IRQ c3=0
SELECT busy=2810
SELECT w0=2832
SELECT w1=1597
SELECT w2=1598
BUSY TASK ewma=997
DMA IRQ c0=0
DMA IRQ c1=1
DMA IRQ c2=0
DMA IRQ c3=0
SELECT busy=2832
SELECT w0=2855
SELECT w1=1612
SELECT w2=1612
BUSY TASK ewma=997
DMA IRQ c0=0
DMA IRQ c1=1
DMA IRQ c2=0
DMA IRQ c3=0
SELECT busy=2851
SELECT w0=2876
SELECT w1=1628
SELECT w2=1627
BUSY TASK ewma=997
DMA IRQ c0=0
DMA IRQ c1=1
DMA IRQ c2=0
DMA IRQ c3=0
SELECT busy=2875
SELECT w0=2898
SELECT w1=1641
SELECT w2=1643
BUSY TASK ewma=997
DMA IRQ c0=0
DMA IRQ c1=1
DMA IRQ c2=0
DMA IRQ c3=0
SELECT busy=2891
SELECT w0=2913
SELECT w1=1649
SELECT w2=1652
BUSY TASK ewma=997
DMA IRQ c0=0
DMA IRQ c1=1
DMA IRQ c2=0
DMA IRQ c3=0
SELECT busy=2903
SELECT w0=2925
SELECT w1=1655
SELECT w2=1658
BUSY TASK ewma=997
DMA IRQ c0=0
DMA IRQ c1=1
DMA IRQ c2=0
DMA IRQ c3=0
SELECT busy=2919
SELECT w0=2942
SELECT w1=1664
SELECT w2=1668
BUSY TASK ewma=997
DMA IRQ c0=0
DMA IRQ c1=1
DMA IRQ c2=0
DMA IRQ c3=0
SELECT busy=2940
SELECT w0=2963
SELECT w1=1676
SELECT w2=1681
BUSY TASK ewma=997
DMA IRQ c0=0
DMA IRQ c1=1
DMA IRQ c2=0
DMA IRQ c3=0
SELECT busy=2963
SELECT w0=2986
SELECT w1=1688
SELECT w2=1695
BUSY TASK ewma=997
DMA IRQ c0=0
DMA IRQ c1=1
DMA IRQ c2=0
DMA IRQ c3=0
SELECT busy=2988
SELECT w0=3010
SELECT w1=1697
SELECT w2=1703
BUSY TASK ewma=997
DMA IRQ c0=0
DMA IRQ c1=1
DMA IRQ c2=0
DMA IRQ c3=0
SELECT busy=3009
SELECT w0=3031
SELECT w1=1705
SELECT w2=1712
BUSY TASK ewma=997
DMA IRQ c0=0
DMA IRQ c1=1
DMA IRQ c2=0
DMA IRQ c3=0
SELECT busy=3032
SELECT w0=3054
SELECT w1=1715
SELECT w2=1723
BUSY TASK ewma=997
DMA IRQ c0=0
DMA IRQ c1=1
DMA IRQ c2=0
DMA IRQ c3=0
SELECT busy=3060
SELECT w0=3082
SELECT w1=1730
SELECT w2=1744
BUSY TASK ewma=997
DMA IRQ c0=0
DMA IRQ c1=1
DMA IRQ c2=0
DMA IRQ c3=0
SELECT busy=3080
SELECT w0=3102
SELECT w1=1739
SELECT w2=1754
BUSY TASK ewma=997
DMA IRQ c0=0
DMA IRQ c1=1
DMA IRQ c2=0
DMA IRQ c3=0
SELECT busy=3094
SELECT w0=3116
SELECT w1=1747
SELECT w2=1761
BUSY TASK ewma=997
DMA IRQ c0=0
DMA IRQ c1=1
DMA IRQ c2=0
DMA IRQ c3=0
SELECT busy=3117
SELECT w0=3139
SELECT w1=1756
SELECT w2=1770
BUSY TASK ewma=997
DMA IRQ c0=0
DMA IRQ c1=1
DMA IRQ c2=0
DMA IRQ c3=0
SELECT busy=3143
SELECT w0=3167
SELECT w1=1768
SELECT w2=1784
BUSY TASK ewma=997
DMA IRQ c0=0
DMA IRQ c1=1
DMA IRQ c2=0
DMA IRQ c3=0
SELECT busy=3175
SELECT w0=3197
SELECT w1=1784
SELECT w2=1803
BUSY TASK ewma=997
DMA IRQ c0=0
DMA IRQ c1=1
DMA IRQ c2=0
DMA IRQ c3=0
SELECT busy=3201
SELECT w0=3224
SELECT w1=1796
SELECT w2=1816
BUSY TASK ewma=997
DMA IRQ c0=0
DMA IRQ c1=1
DMA IRQ c2=0
DMA IRQ c3=0
SELECT busy=3227
SELECT w0=3249
SELECT w1=1807
SELECT w2=1828
BUSY TASK ewma=997
DMA IRQ c0=0
DMA IRQ c1=1
DMA IRQ c2=0
DMA IRQ c3=0
SELECT busy=3247
SELECT w0=3269
SELECT w1=1820
SELECT w2=1839
BUSY TASK ewma=997
DMA IRQ c0=0
DMA IRQ c1=1
DMA IRQ c2=0
DMA IRQ c3=0
SELECT busy=3271
SELECT w0=3293
SELECT w1=1829
SELECT w2=1848
BUSY TASK ewma=997
DMA IRQ c0=0
DMA IRQ c1=1
DMA IRQ c2=0
DMA IRQ c3=0
SELECT busy=3287
SELECT w0=3310
SELECT w1=1838
SELECT w2=1856
BUSY TASK ewma=997
DMA IRQ c0=0
DMA IRQ c1=1
DMA IRQ c2=0
DMA IRQ c3=0
SELECT busy=3310
SELECT w0=3332
SELECT w1=1851
SELECT w2=1867
BUSY TASK ewma=997
DMA IRQ c0=0
DMA IRQ c1=1
DMA IRQ c2=0
DMA IRQ c3=0
SELECT busy=3332
SELECT w0=3354
SELECT w1=1865
SELECT w2=1878
BUSY TASK ewma=997
DMA IRQ c0=0
DMA IRQ c1=1
DMA IRQ c2=0
DMA IRQ c3=0
SELECT busy=3351
SELECT w0=3373
SELECT w1=1876
SELECT w2=1888
BUSY TASK ewma=997
DMA IRQ c0=0
DMA IRQ c1=1
DMA IRQ c2=0
DMA IRQ c3=0
SELECT busy=3367
SELECT w0=3389
SELECT w1=1884
SELECT w2=1898
BUSY TASK ewma=997
DMA IRQ c0=0
DMA IRQ c1=1
DMA IRQ c2=0
DMA IRQ c3=0
SELECT busy=3382
SELECT w0=3405
SELECT w1=1893
SELECT w2=1907
BUSY TASK ewma=997
DMA IRQ c0=0
DMA IRQ c1=1
DMA IRQ c2=0
DMA IRQ c3=0
SELECT busy=3403
SELECT w0=3425
SELECT w1=1904
SELECT w2=1916
BUSY TASK ewma=997
DMA IRQ c0=0
DMA IRQ c1=1
DMA IRQ c2=0
DMA IRQ c3=0
SELECT busy=3422
SELECT w0=3445
SELECT w1=1915
SELECT w2=1928
BUSY TASK ewma=997
DMA IRQ c0=0
DMA IRQ c1=1
DMA IRQ c2=0
DMA IRQ c3=0
SELECT busy=3441
SELECT w0=3464
SELECT w1=1926
SELECT w2=1937
BUSY TASK ewma=997
DMA IRQ c0=0
DMA IRQ c1=1
DMA IRQ c2=0
DMA IRQ c3=0
SELECT busy=3455
SELECT w0=3478
SELECT w1=1935
SELECT w2=1946
BUSY TASK ewma=997
DMA IRQ c0=0
DMA IRQ c1=1
DMA IRQ c2=0
DMA IRQ c3=0
SELECT busy=3475
SELECT w0=3498
SELECT w1=1946
SELECT w2=1958
BUSY TASK ewma=997
DMA IRQ c0=0
DMA IRQ c1=1
DMA IRQ c2=0
DMA IRQ c3=0
SELECT busy=3502
SELECT w0=3524
SELECT w1=1962
SELECT w2=1975
BUSY TASK ewma=997
DMA IRQ c0=0
DMA IRQ c1=1
DMA IRQ c2=0
DMA IRQ c3=0
SELECT busy=3525
SELECT w0=3547
SELECT w1=1973
SELECT w2=1987
BUSY TASK ewma=997
DMA IRQ c0=0
DMA IRQ c1=1
DMA IRQ c2=0
DMA IRQ c3=0
SELECT busy=3545
SELECT w0=3567
SELECT w1=1982
SELECT w2=1996
BUSY TASK ewma=997
DMA IRQ c0=0
DMA IRQ c1=1
DMA IRQ c2=0
DMA IRQ c3=0
SELECT busy=3562
SELECT w0=3586
SELECT w1=1993
SELECT w2=2011
BUSY TASK ewma=997
DMA IRQ c0=0
DMA IRQ c1=1
DMA IRQ c2=0
DMA IRQ c3=0
SELECT busy=3586
SELECT w0=3610
SELECT w1=2010
SELECT w2=2026
BUSY TASK ewma=997
DMA IRQ c0=0
DMA IRQ c1=1
DMA IRQ c2=0
DMA IRQ c3=0
SELECT busy=3608
SELECT w0=3631
SELECT w1=2021
SELECT w2=2037
BUSY TASK ewma=997
DMA IRQ c0=0
DMA IRQ c1=1
DMA IRQ c2=0
DMA IRQ c3=0
SELECT busy=3637
SELECT w0=3660
SELECT w1=2039
SELECT w2=2054
BUSY TASK ewma=997
DMA IRQ c0=0
DMA IRQ c1=1
DMA IRQ c2=0
DMA IRQ c3=0
SELECT busy=3659
SELECT w0=3683
SELECT w1=2052
SELECT w2=2070
BUSY TASK ewma=997
DMA IRQ c0=0
DMA IRQ c1=1
DMA IRQ c2=0
DMA IRQ c3=0
SELECT busy=3684
SELECT w0=3710
SELECT w1=2066
SELECT w2=2088
BUSY TASK ewma=997
DMA IRQ c0=0
DMA IRQ c1=1
DMA IRQ c2=0
DMA IRQ c3=0
SELECT busy=3711
SELECT w0=3734
SELECT w1=2077
SELECT w2=2098
BUSY TASK ewma=997
DMA IRQ c0=0
DMA IRQ c1=1
DMA IRQ c2=0
DMA IRQ c3=0
SELECT busy=3732
SELECT w0=3754
SELECT w1=2088
SELECT w2=2109
BUSY TASK ewma=997
DMA IRQ c0=0
DMA IRQ c1=1
DMA IRQ c2=0
DMA IRQ c3=0
SELECT busy=3756
SELECT w0=3778
SELECT w1=2102
SELECT w2=2120
BUSY TASK ewma=997
DMA IRQ c0=0
DMA IRQ c1=1
DMA IRQ c2=0
DMA IRQ c3=0
SELECT busy=3779
SELECT w0=3802
SELECT w1=2116
SELECT w2=2134
BUSY TASK ewma=997
DMA IRQ c0=0
DMA IRQ c1=1
DMA IRQ c2=0
DMA IRQ c3=0
SELECT busy=3801
SELECT w0=3825
SELECT w1=2132
SELECT w2=2147
BUSY TASK ewma=997
DMA IRQ c0=0
DMA IRQ c1=1
DMA IRQ c2=0
DMA IRQ c3=0
SELECT busy=3825
SELECT w0=3848
SELECT w1=2152
SELECT w2=2162
BUSY TASK ewma=997
DMA IRQ c0=0
DMA IRQ c1=1
DMA IRQ c2=0
DMA IRQ c3=0
SELECT busy=3847
SELECT w0=3869
SELECT w1=2164
SELECT w2=2175
BUSY TASK ewma=997
DMA IRQ c0=0
DMA IRQ c1=1
DMA IRQ c2=0
DMA IRQ c3=0
SELECT busy=3864
SELECT w0=3887
SELECT w1=2175
SELECT w2=2186
BUSY TASK ewma=997
DMA IRQ c0=0
DMA IRQ c1=1
DMA IRQ c2=0
DMA IRQ c3=0
SELECT busy=3883
SELECT w0=3905
SELECT w1=2186
SELECT w2=2199
BUSY TASK ewma=997
DMA IRQ c0=0
DMA IRQ c1=1
DMA IRQ c2=0
DMA IRQ c3=0
SELECT busy=3901
SELECT w0=3924
SELECT w1=2196
SELECT w2=2208
BUSY TASK ewma=997
DMA IRQ c0=0
DMA IRQ c1=1
DMA IRQ c2=0
DMA IRQ c3=0
SELECT busy=3922
SELECT w0=3945
SELECT w1=2207
SELECT w2=2222
BUSY TASK ewma=997
DMA IRQ c0=0
DMA IRQ c1=1
DMA IRQ c2=0
DMA IRQ c3=0
SELECT busy=3954
SELECT w0=3977
SELECT w1=2225
SELECT w2=2237
BUSY TASK ewma=997
DMA IRQ c0=0
DMA IRQ c1=1
DMA IRQ c2=0
DMA IRQ c3=0
SELECT busy=3987
SELECT w0=4010
SELECT w1=2245
SELECT w2=2252
BUSY TASK ewma=997
DMA IRQ c0=0
DMA IRQ c1=1
DMA IRQ c2=0
DMA IRQ c3=0
SELECT busy=4009
SELECT w0=4032
SELECT w1=2258
SELECT w2=2263
BUSY TASK ewma=997
DMA IRQ c0=0
DMA IRQ c1=1
DMA IRQ c2=0
DMA IRQ c3=0
SELECT busy=4027
SELECT w0=4050
SELECT w1=2268
SELECT w2=2272
BUSY TASK ewma=997
DMA IRQ c0=0
DMA IRQ c1=1
DMA IRQ c2=0
DMA IRQ c3=0
SELECT busy=4045
SELECT w0=4067
SELECT w1=2277
SELECT w2=2282
BUSY TASK ewma=997
DMA IRQ c0=0
DMA IRQ c1=1
DMA IRQ c2=0
DMA IRQ c3=0
SELECT busy=4060
SELECT w0=4083
SELECT w1=2285
SELECT w2=2292
BUSY TASK ewma=997
DMA IRQ c0=0
DMA IRQ c1=1
DMA IRQ c2=0
DMA IRQ c3=0
SELECT busy=4078
SELECT w0=4101
SELECT w1=2295
SELECT w2=2304
BUSY TASK ewma=997
DMA IRQ c0=0
DMA IRQ c1=1
DMA IRQ c2=0
DMA IRQ c3=0
SELECT busy=4098
SELECT w0=4120
SELECT w1=2306
SELECT w2=2317
BUSY TASK ewma=997
DMA IRQ c0=0
DMA IRQ c1=1
DMA IRQ c2=0
DMA IRQ c3=0
SELECT busy=4115
SELECT w0=4139
SELECT w1=2319
SELECT w2=2329
BUSY TASK ewma=997
IRQ counts: cpu0=8237 cpu1=9356 cpu2=9405 cpu3=9287
SCHED secondaries: calls=28052 unexpected=0
SECTEST switches=28027 cpu1=115463362,113226238 cpu2=88999975,87153385 cpu3=123069826,118757731
PINGPONG rounds=1644 pongs=1645
DMA IRQ c0=0
DMA IRQ c1=1
DMA IRQ c2=0
DMA IRQ c3=0
SELECT busy=4145
SELECT w0=4168
SELECT w1=2336
SELECT w2=2347
BUSY TASK ewma=997
DMA IRQ c0=0
DMA IRQ c1=1
DMA IRQ c2=0
DMA IRQ c3=0
SELECT busy=4161
SELECT w0=4183
SELECT w1=2347
SELECT w2=2359
BUSY TASK ewma=997
DMA IRQ c0=0
DMA IRQ c1=1
DMA IRQ c2=0
DMA IRQ c3=0
SELECT busy=4176
SELECT w0=4199
SELECT w1=2357
SELECT w2=2370
BUSY TASK ewma=997
DMA IRQ c0=0
DMA IRQ c1=1
DMA IRQ c2=0
DMA IRQ c3=0
SELECT busy=4196
SELECT w0=4219
SELECT w1=2370
SELECT w2=2387
BUSY TASK ewma=997
DMA IRQ c0=0
DMA IRQ c1=1
DMA IRQ c2=0
DMA IRQ c3=0
SELECT busy=4217
SELECT w0=4240
SELECT w1=2384
SELECT w2=2400
BUSY TASK ewma=997
DMA IRQ c0=0
DMA IRQ c1=1
DMA IRQ c2=0
DMA IRQ c3=0
SELECT busy=4241
SELECT w0=4264
SELECT w1=2401
SELECT w2=2417
BUSY TASK ewma=997
DMA IRQ c0=0
DMA IRQ c1=1
DMA IRQ c2=0
DMA IRQ c3=0
SELECT busy=4268
SELECT w0=4291
SELECT w1=2417
SELECT w2=2433
BUSY TASK ewma=997
DMA IRQ c0=0
DMA IRQ c1=1
DMA IRQ c2=0
DMA IRQ c3=0
SELECT busy=4291
SELECT w0=4313
SELECT w1=2428
SELECT w2=2445
BUSY TASK ewma=997
DMA IRQ c0=0
DMA IRQ c1=1
DMA IRQ c2=0
DMA IRQ c3=0
SELECT busy=4316
SELECT w0=4338
SELECT w1=2442
SELECT w2=2462
BUSY TASK ewma=997
DMA IRQ c0=0
DMA IRQ c1=1
DMA IRQ c2=0
DMA IRQ c3=0
SELECT busy=4333
SELECT w0=4356
SELECT w1=2452
SELECT w2=2475
BUSY TASK ewma=997
DMA IRQ c0=0
DMA IRQ c1=1
DMA IRQ c2=0
DMA IRQ c3=0
SELECT busy=4359
SELECT w0=4381
SELECT w1=2465
SELECT w2=2487
BUSY TASK ewma=997
DMA IRQ c0=0
DMA IRQ c1=1
DMA IRQ c2=0
DMA IRQ c3=0
SELECT busy=4379
SELECT w0=4402
SELECT w1=2478
SELECT w2=2500
BUSY TASK ewma=997
DMA IRQ c0=0
DMA IRQ c1=1
DMA IRQ c2=0
DMA IRQ c3=0
SELECT busy=4397
SELECT w0=4420
SELECT w1=2494
SELECT w2=2510
BUSY TASK ewma=997
DMA IRQ c0=0
DMA IRQ c1=1
DMA IRQ c2=0
DMA IRQ c3=0
SELECT busy=4417
SELECT w0=4440
SELECT w1=2502
SELECT w2=2516
BUSY TASK ewma=997
DMA IRQ c0=0
DMA IRQ c1=1
DMA IRQ c2=0
DMA IRQ c3=0
SELECT busy=4436
SELECT w0=4458
SELECT w1=2511
SELECT w2=2522
BUSY TASK ewma=997
DMA IRQ c0=0
DMA IRQ c1=1
DMA IRQ c2=0
DMA IRQ c3=0
SELECT busy=4457
SELECT w0=4480
SELECT w1=2522
SELECT w2=2536
BUSY TASK ewma=997
DMA IRQ c0=0
DMA IRQ c1=1
DMA IRQ c2=0
DMA IRQ c3=0
SELECT busy=4477
SELECT w0=4500
SELECT w1=2534
SELECT w2=2547
BUSY TASK ewma=997
DMA IRQ c0=0
DMA IRQ c1=1
DMA IRQ c2=0
DMA IRQ c3=0
SELECT busy=4502
SELECT w0=4524
SELECT w1=2546
SELECT w2=2564
BUSY TASK ewma=997
DMA IRQ c0=0
DMA IRQ c1=1
DMA IRQ c2=0
DMA IRQ c3=0
SELECT busy=4526
SELECT w0=4549
SELECT w1=2561
SELECT w2=2579
BUSY TASK ewma=997
DMA IRQ c0=0
DMA IRQ c1=1
DMA IRQ c2=0
DMA IRQ c3=0
SELECT busy=4545
SELECT w0=4568
SELECT w1=2578
SELECT w2=2592
BUSY TASK ewma=997
DMA IRQ c0=0
DMA IRQ c1=1
DMA IRQ c2=0
DMA IRQ c3=0
SELECT busy=4564
SELECT w0=4586
SELECT w1=2593
SELECT w2=2603
BUSY TASK ewma=997
DMA IRQ c0=0
DMA IRQ c1=1
DMA IRQ c2=0
DMA IRQ c3=0
SELECT busy=4579
SELECT w0=4601
SELECT w1=2604
SELECT w2=2616
BUSY TASK ewma=997
DMA IRQ c0=0
DMA IRQ c1=1
DMA IRQ c2=0
DMA IRQ c3=0
SELECT busy=4594
SELECT w0=4616
SELECT w1=2613
SELECT w2=2623
BUSY TASK ewma=997
DMA IRQ c0=0
DMA IRQ c1=1
DMA IRQ c2=0
DMA IRQ c3=0
SELECT busy=4614
SELECT w0=4636
SELECT w1=2621
SELECT w2=2631
BUSY TASK ewma=997
DMA IRQ c0=0
DMA IRQ c1=1
DMA IRQ c2=0
DMA IRQ c3=0
SELECT busy=4638
SELECT w0=4660
SELECT w1=2634
SELECT w2=2641
BUSY TASK ewma=997
DMA IRQ c0=0
DMA IRQ c1=1
DMA IRQ c2=0
DMA IRQ c3=0
SELECT busy=4655
SELECT w0=4678
SELECT w1=2643
SELECT w2=2651
BUSY TASK ewma=997
DMA IRQ c0=0
DMA IRQ c1=1
DMA IRQ c2=0
DMA IRQ c3=0
SELECT busy=4674
SELECT w0=4697
SELECT w1=2654
SELECT w2=2665
BUSY TASK ewma=997
DMA IRQ c0=0
DMA IRQ c1=1
DMA IRQ c2=0
DMA IRQ c3=0
SELECT busy=4700
SELECT w0=4723
SELECT w1=2672
SELECT w2=2681
BUSY TASK ewma=997
DMA IRQ c0=0
DMA IRQ c1=1
DMA IRQ c2=0
DMA IRQ c3=0
SELECT busy=4723
SELECT w0=4745
SELECT w1=2679
SELECT w2=2686
BUSY TASK ewma=997
DMA IRQ c0=0
DMA IRQ c1=1
DMA IRQ c2=0
DMA IRQ c3=0
SELECT busy=4745
SELECT w0=4767
SELECT w1=2692
SELECT w2=2696
BUSY TASK ewma=997
DMA IRQ c0=0
DMA IRQ c1=1
DMA IRQ c2=0
DMA IRQ c3=0
SELECT busy=4776
SELECT w0=4799
SELECT w1=2713
SELECT w2=2717
BUSY TASK ewma=997
DMA IRQ c0=0
DMA IRQ c1=1
DMA IRQ c2=0
DMA IRQ c3=0
SELECT busy=4799
SELECT w0=4823
SELECT w1=2734
SELECT w2=2734
BUSY TASK ewma=997
DMA IRQ c0=0
DMA IRQ c1=1
DMA IRQ c2=0
DMA IRQ c3=0
SELECT busy=4822
SELECT w0=4844
SELECT w1=2743
SELECT w2=2741
BUSY TASK ewma=997
DMA IRQ c0=0
DMA IRQ c1=1
DMA IRQ c2=0
DMA IRQ c3=0
SELECT busy=4842
SELECT w0=4865
SELECT w1=2758
SELECT w2=2758
BUSY TASK ewma=997
DMA IRQ c0=0
DMA IRQ c1=1
DMA IRQ c2=0
DMA IRQ c3=0
SELECT busy=4865
SELECT w0=4888
SELECT w1=2772
SELECT w2=2770
BUSY TASK ewma=997
DMA IRQ c0=0
DMA IRQ c1=1
DMA IRQ c2=0
DMA IRQ c3=0
SELECT busy=4887
SELECT w0=4910
SELECT w1=2788
SELECT w2=2785
BUSY TASK ewma=997
DMA IRQ c0=0
DMA IRQ c1=1
DMA IRQ c2=0
DMA IRQ c3=0
SELECT busy=4911
SELECT w0=4934
SELECT w1=2801
SELECT w2=2796
BUSY TASK ewma=997
DMA IRQ c0=0
DMA IRQ c1=1
DMA IRQ c2=0
DMA IRQ c3=0
SELECT busy=4939
SELECT w0=4962
SELECT w1=2823
SELECT w2=2812
BUSY TASK ewma=997
DMA IRQ c0=0
DMA IRQ c1=1
DMA IRQ c2=0
DMA IRQ c3=0
SELECT busy=4956
SELECT w0=4978
SELECT w1=2831
SELECT w2=2820
BUSY TASK ewma=997
DMA IRQ c0=0
DMA IRQ c1=1
DMA IRQ c2=0
DMA IRQ c3=0
SELECT busy=4975
SELECT w0=4998
SELECT w1=2843
SELECT w2=2831
BUSY TASK ewma=997
DMA IRQ c0=0
DMA IRQ c1=1
DMA IRQ c2=0
DMA IRQ c3=0
SELECT busy=4994
SELECT w0=5017
SELECT w1=2853
SELECT w2=2843
BUSY TASK ewma=997
DMA IRQ c0=0
DMA IRQ c1=1
DMA IRQ c2=0
DMA IRQ c3=0
SELECT busy=5011
SELECT w0=5034
SELECT w1=2864
SELECT w2=2859
BUSY TASK ewma=997
DMA IRQ c0=0
DMA IRQ c1=1
DMA IRQ c2=0
DMA IRQ c3=0
SELECT busy=5040
SELECT w0=5063
SELECT w1=2880
SELECT w2=2872
BUSY TASK ewma=997
DMA IRQ c0=0
DMA IRQ c1=1
DMA IRQ c2=0
DMA IRQ c3=0
SELECT busy=5056
SELECT w0=5079
SELECT w1=2887
SELECT w2=2883
BUSY TASK ewma=997
DMA IRQ c0=0
DMA IRQ c1=1
DMA IRQ c2=0
DMA IRQ c3=0
SELECT busy=5082
SELECT w0=5105
SELECT w1=2908
SELECT w2=2901
BUSY TASK ewma=997
DMA IRQ c0=0
DMA IRQ c1=1
DMA IRQ c2=0
DMA IRQ c3=0
SELECT busy=5101
SELECT w0=5123
SELECT w1=2915
SELECT w2=2909
BUSY TASK ewma=997
DMA IRQ c0=0
DMA IRQ c1=1
DMA IRQ c2=0
DMA IRQ c3=0
SELECT busy=5122
SELECT w0=5144
SELECT w1=2923
SELECT w2=2922
BUSY TASK ewma=997
DMA IRQ c0=0
DMA IRQ c1=1
DMA IRQ c2=0
DMA IRQ c3=0
SELECT busy=5138
SELECT w0=5160
SELECT w1=2930
SELECT w2=2928
BUSY TASK ewma=997
DMA IRQ c0=0
DMA IRQ c1=1
DMA IRQ c2=0
DMA IRQ c3=0
SELECT busy=5157
SELECT w0=5179
SELECT w1=2941
SELECT w2=2938
BUSY TASK ewma=997
DMA IRQ c0=0
DMA IRQ c1=1
DMA IRQ c2=0
DMA IRQ c3=0
SELECT busy=5173
SELECT w0=5195
SELECT w1=2951
SELECT w2=2947
BUSY TASK ewma=997
DMA IRQ c0=0
DMA IRQ c1=1
DMA IRQ c2=0
DMA IRQ c3=0
SELECT busy=5198
SELECT w0=5221
SELECT w1=2962
SELECT w2=2961
BUSY TASK ewma=997
DMA IRQ c0=0
DMA IRQ c1=1
DMA IRQ c2=0
DMA IRQ c3=0
SELECT busy=5220
SELECT w0=5242
SELECT w1=2969
SELECT w2=2973
BUSY TASK ewma=997
DMA IRQ c0=0
DMA IRQ c1=1
DMA IRQ c2=0
DMA IRQ c3=0
SELECT busy=5239
SELECT w0=5261
SELECT w1=2977
SELECT w2=2981
BUSY TASK ewma=997
DMA IRQ c0=0
DMA IRQ c1=1
DMA IRQ c2=0
DMA IRQ c3=0
SELECT busy=5258
SELECT w0=5280
SELECT w1=2984
SELECT w2=2989
BUSY TASK ewma=997
DMA IRQ c0=0
DMA IRQ c1=1
DMA IRQ c2=0
DMA IRQ c3=0
SELECT busy=5278
SELECT w0=5301
SELECT w1=2995
SELECT w2=2999
BUSY TASK ewma=997
DMA IRQ c0=0
DMA IRQ c1=1
DMA IRQ c2=0
DMA IRQ c3=0
SELECT busy=5306
SELECT w0=5329
SELECT w1=3010
SELECT w2=3016
BUSY TASK ewma=997
DMA IRQ c0=0
DMA IRQ c1=1
DMA IRQ c2=0
DMA IRQ c3=0
SELECT busy=5330
SELECT w0=5353
SELECT w1=3020
SELECT w2=3030
BUSY TASK ewma=997
DMA IRQ c0=0
DMA IRQ c1=1
DMA IRQ c2=0
DMA IRQ c3=0
SELECT busy=5353
SELECT w0=5376
SELECT w1=3029
SELECT w2=3042
BUSY TASK ewma=997
DMA IRQ c0=0
DMA IRQ c1=1
DMA IRQ c2=0
DMA IRQ c3=0
SELECT busy=5373
SELECT w0=5395
SELECT w1=3036
SELECT w2=3051
BUSY TASK ewma=997
DMA IRQ c0=0
DMA IRQ c1=1
DMA IRQ c2=0
DMA IRQ c3=0
SELECT busy=5394
SELECT w0=5416
SELECT w1=3043
SELECT w2=3060
BUSY TASK ewma=997
DMA IRQ c0=0
DMA IRQ c1=1
DMA IRQ c2=0
DMA IRQ c3=0
SELECT busy=5426
SELECT w0=5448
SELECT w1=3054
SELECT w2=3079
BUSY TASK ewma=997
DMA IRQ c0=0
DMA IRQ c1=1
DMA IRQ c2=0
DMA IRQ c3=0
SELECT busy=5442
SELECT w0=5465
SELECT w1=3061
SELECT w2=3088
BUSY TASK ewma=997
DMA IRQ c0=0
DMA IRQ c1=1
DMA IRQ c2=0
DMA IRQ c3=0
SELECT busy=5461
SELECT w0=5483
SELECT w1=3067
SELECT w2=3094
BUSY TASK ewma=997
DMA IRQ c0=0
DMA IRQ c1=1
DMA IRQ c2=0
DMA IRQ c3=0
SELECT busy=5486
SELECT w0=5509
SELECT w1=3076
SELECT w2=3110
BUSY TASK ewma=997
IRQ counts: cpu0=10981 cpu1=12670 cpu2=12592 cpu3=12520
SCHED secondaries: calls=37786 unexpected=0
SECTEST switches=37743 cpu1=153941792,151090856 cpu2=120736186,116669218 cpu3=164813026,160399623
PINGPONG rounds=2000 pongs=2000
DMA IRQ c0=0
DMA IRQ c1=1
DMA IRQ c2=0
DMA IRQ c3=0
SELECT busy=5508
SELECT w0=5530
SELECT w1=3088
SELECT w2=3124
BUSY TASK ewma=997
DMA IRQ c0=0
DMA IRQ c1=1
DMA IRQ c2=0
DMA IRQ c3=0
SELECT busy=5527
SELECT w0=5550
SELECT w1=3097
SELECT w2=3134
BUSY TASK ewma=997
DMA IRQ c0=0
DMA IRQ c1=1
DMA IRQ c2=0
DMA IRQ c3=0
SELECT busy=5549
SELECT w0=5572
SELECT w1=3107
SELECT w2=3148
BUSY TASK ewma=997
DMA IRQ c0=0
DMA IRQ c1=1
DMA IRQ c2=0
DMA IRQ c3=0
SELECT busy=5569
SELECT w0=5591
SELECT w1=3113
SELECT w2=3156
BUSY TASK ewma=997
DMA IRQ c0=0
DMA IRQ c1=1
DMA IRQ c2=0
DMA IRQ c3=0
SELECT busy=5607
SELECT w0=5630
SELECT w1=3128
SELECT w2=3179
BUSY TASK ewma=997
DMA IRQ c0=0
DMA IRQ c1=1
DMA IRQ c2=0
DMA IRQ c3=0
SELECT busy=5624
SELECT w0=5646
SELECT w1=3138
SELECT w2=3187
BUSY TASK ewma=997
DMA IRQ c0=0
DMA IRQ c1=1
DMA IRQ c2=0
DMA IRQ c3=0
SELECT busy=5644
SELECT w0=5667
SELECT w1=3148
SELECT w2=3201
BUSY TASK ewma=997
DMA IRQ c0=0
DMA IRQ c1=1
DMA IRQ c2=0
DMA IRQ c3=0
SELECT busy=5663
SELECT w0=5687
SELECT w1=3159
SELECT w2=3214
BUSY TASK ewma=997
DMA IRQ c0=0
DMA IRQ c1=1
DMA IRQ c2=0
DMA IRQ c3=0
SELECT busy=5684
SELECT w0=5706
SELECT w1=3169
SELECT w2=3224
BUSY TASK ewma=997
DMA IRQ c0=0
DMA IRQ c1=1
DMA IRQ c2=0
DMA IRQ c3=0
SELECT busy=5704
SELECT w0=5727
SELECT w1=3178
SELECT w2=3238
BUSY TASK ewma=997
DMA IRQ c0=0
DMA IRQ c1=1
DMA IRQ c2=0
DMA IRQ c3=0
SELECT busy=5725
SELECT w0=5747
SELECT w1=3186
SELECT w2=3248
BUSY TASK ewma=997
DMA IRQ c0=0
DMA IRQ c1=1
DMA IRQ c2=0
DMA IRQ c3=0
SELECT busy=5742
SELECT w0=5765
SELECT w1=3195
SELECT w2=3257
BUSY TASK ewma=997
DMA IRQ c0=0
DMA IRQ c1=1
DMA IRQ c2=0
DMA IRQ c3=0
SELECT busy=5768
SELECT w0=5791
SELECT w1=3209
SELECT w2=3270
BUSY TASK ewma=997
DMA IRQ c0=0
DMA IRQ c1=1
DMA IRQ c2=0
DMA IRQ c3=0
SELECT busy=5785
SELECT w0=5808
SELECT w1=3217
SELECT w2=3280
BUSY TASK ewma=997
DMA IRQ c0=0
DMA IRQ c1=1
DMA IRQ c2=0
DMA IRQ c3=0
SELECT busy=5796
SELECT w0=5818
SELECT w1=3222
SELECT w2=3285
BUSY TASK ewma=997
DMA IRQ c0=0
DMA IRQ c1=1
DMA IRQ c2=0
DMA IRQ c3=0
SELECT busy=5822
SELECT w0=5845
SELECT w1=3238
SELECT w2=3306
BUSY TASK ewma=997
DMA IRQ c0=0
DMA IRQ c1=1
DMA IRQ c2=0
DMA IRQ c3=0
SELECT busy=5846
SELECT w0=5869
SELECT w1=3248
SELECT w2=3317
BUSY TASK ewma=997
DMA IRQ c0=0
DMA IRQ c1=1
DMA IRQ c2=0
DMA IRQ c3=0
SELECT busy=5869
SELECT w0=5892
SELECT w1=3257
SELECT w2=3331
BUSY TASK ewma=997
DMA IRQ c0=0
DMA IRQ c1=1
DMA IRQ c2=0
DMA IRQ c3=0
SELECT busy=5897
SELECT w0=5920
SELECT w1=3268
SELECT w2=3343
BUSY TASK ewma=997
DMA IRQ c0=0
DMA IRQ c1=1
DMA IRQ c2=0
DMA IRQ c3=0
SELECT busy=5921
SELECT w0=5943
SELECT w1=3275
SELECT w2=3354
BUSY TASK ewma=997
DMA IRQ c0=0
DMA IRQ c1=1
DMA IRQ c2=0
DMA IRQ c3=0
SELECT busy=5951
SELECT w0=5975
SELECT w1=3287
SELECT w2=3371
BUSY TASK ewma=997
DMA IRQ c0=0
DMA IRQ c1=1
DMA IRQ c2=0
DMA IRQ c3=0
SELECT busy=5973
SELECT w0=5996
SELECT w1=3295
SELECT w2=3381
BUSY TASK ewma=997
DMA IRQ c0=0
DMA IRQ c1=1
DMA IRQ c2=0
DMA IRQ c3=0
SELECT busy=5999
SELECT w0=6023
SELECT w1=3302
SELECT w2=3389
BUSY TASK ewma=997
DMA IRQ c0=0
DMA IRQ c1=1
DMA IRQ c2=0
DMA IRQ c3=0
SELECT busy=6032
SELECT w0=6057
SELECT w1=3312
SELECT w2=3402
BUSY TASK ewma=997
DMA IRQ c0=0
DMA IRQ c1=1
DMA IRQ c2=0
DMA IRQ c3=0
SELECT busy=6055
SELECT w0=6078
SELECT w1=3321
SELECT w2=3417
BUSY TASK ewma=997
DMA IRQ c0=0
DMA IRQ c1=1
DMA IRQ c2=0
DMA IRQ c3=0
SELECT busy=6084
SELECT w0=6109
SELECT w1=3332
SELECT w2=3434
BUSY TASK ewma=997
DMA IRQ c0=0
DMA IRQ c1=1
DMA IRQ c2=0
DMA IRQ c3=0
SELECT busy=6111
SELECT w0=6134
SELECT w1=3344
SELECT w2=3453
BUSY TASK ewma=997
DMA IRQ c0=0
DMA IRQ c1=1
DMA IRQ c2=0
DMA IRQ c3=0
SELECT busy=6127
SELECT w0=6149
SELECT w1=3351
SELECT w2=3462
BUSY TASK ewma=997
DMA IRQ c0=0
DMA IRQ c1=1
DMA IRQ c2=0
DMA IRQ c3=0
SELECT busy=6141
SELECT w0=6164
SELECT w1=3358
SELECT w2=3472
BUSY TASK ewma=997
DMA IRQ c0=0
DMA IRQ c1=1
DMA IRQ c2=0
DMA IRQ c3=0
SELECT busy=6158
SELECT w0=6181
SELECT w1=3367
SELECT w2=3482
BUSY TASK ewma=997
DMA IRQ c0=0
DMA IRQ c1=1
DMA IRQ c2=0
DMA IRQ c3=0
SELECT busy=6171
SELECT w0=6194
SELECT w1=3373
SELECT w2=3489
BUSY TASK ewma=997
DMA IRQ c0=0
DMA IRQ c1=1
DMA IRQ c2=0
DMA IRQ c3=0
SELECT busy=6189
SELECT w0=6212
SELECT w1=3382
SELECT w2=3503
BUSY TASK ewma=997
DMA IRQ c0=0
DMA IRQ c1=1
DMA IRQ c2=0
DMA IRQ c3=0
SELECT busy=6208
SELECT w0=6231
SELECT w1=3390
SELECT w2=3513
BUSY TASK ewma=997
DMA IRQ c0=0
DMA IRQ c1=1
DMA IRQ c2=0
DMA IRQ c3=0
SELECT busy=6225
SELECT w0=6248
SELECT w1=3399
SELECT w2=3525
BUSY TASK ewma=997
DMA IRQ c0=0
DMA IRQ c1=1
DMA IRQ c2=0
DMA IRQ c3=0
SELECT busy=6243
SELECT w0=6266
SELECT w1=3405
SELECT w2=3533
BUSY TASK ewma=997
DMA IRQ c0=0
DMA IRQ c1=1
DMA IRQ c2=0
DMA IRQ c3=0
SELECT busy=6260
SELECT w0=6283
SELECT w1=3413
SELECT w2=3541
BUSY TASK ewma=997
DMA IRQ c0=0
DMA IRQ c1=1
DMA IRQ c2=0
DMA IRQ c3=0
SELECT busy=6275
SELECT w0=6297
SELECT w1=3419
SELECT w2=3549
BUSY TASK ewma=997
DMA IRQ c0=0
DMA IRQ c1=1
DMA IRQ c2=0
DMA IRQ c3=0
SELECT busy=6301
SELECT w0=6323
SELECT w1=3427
SELECT w2=3561
BUSY TASK ewma=997
DMA IRQ c0=0
DMA IRQ c1=1
DMA IRQ c2=0
DMA IRQ c3=0
SELECT busy=6323
SELECT w0=6346
SELECT w1=3440
SELECT w2=3573
BUSY TASK ewma=997
DMA IRQ c0=0
DMA IRQ c1=1
DMA IRQ c2=0
DMA IRQ c3=0
SELECT busy=6342
SELECT w0=6364
SELECT w1=3451
SELECT w2=3583
BUSY TASK ewma=997
DMA IRQ c0=0
DMA IRQ c1=1
DMA IRQ c2=0
DMA IRQ c3=0
SELECT busy=6356
SELECT w0=6379
SELECT w1=3458
SELECT w2=3592
BUSY TASK ewma=997
DMA IRQ c0=0
DMA IRQ c1=1
DMA IRQ c2=0
DMA IRQ c3=0
SELECT busy=6376
SELECT w0=6399
SELECT w1=3467
SELECT w2=3606
BUSY TASK ewma=997
DMA IRQ c0=0
DMA IRQ c1=1
DMA IRQ c2=0
DMA IRQ c3=0
SELECT busy=6396
SELECT w0=6418
SELECT w1=3475
SELECT w2=3617
BUSY TASK ewma=997
DMA IRQ c0=0
DMA IRQ c1=1
DMA IRQ c2=0
DMA IRQ c3=0
SELECT busy=6414
SELECT w0=6436
SELECT w1=3482
SELECT w2=3626
BUSY TASK ewma=997
DMA IRQ c0=0
DMA IRQ c1=1
DMA IRQ c2=0
DMA IRQ c3=0
SELECT busy=6432
SELECT w0=6454
SELECT w1=3488
SELECT w2=3633
BUSY TASK ewma=997
DMA IRQ c0=0
DMA IRQ c1=1
DMA IRQ c2=0
DMA IRQ c3=0
SELECT busy=6453
SELECT w0=6477
SELECT w1=3499
SELECT w2=3645
BUSY TASK ewma=997
DMA IRQ c0=0
DMA IRQ c1=1
DMA IRQ c2=0
DMA IRQ c3=0
SELECT busy=6475
SELECT w0=6499
SELECT w1=3512
SELECT w2=3658
BUSY TASK ewma=997
DMA IRQ c0=0
DMA IRQ c1=1
DMA IRQ c2=0
DMA IRQ c3=0
SELECT busy=6494
SELECT w0=6517
SELECT w1=3521
SELECT w2=3670
BUSY TASK ewma=997
DMA IRQ c0=0
DMA IRQ c1=1
DMA IRQ c2=0
DMA IRQ c3=0
SELECT busy=6524
SELECT w0=6547
SELECT w1=3539
SELECT w2=3687
BUSY TASK ewma=997
DMA IRQ c0=0
DMA IRQ c1=1
DMA IRQ c2=0
DMA IRQ c3=0
SELECT busy=6546
SELECT w0=6569
SELECT w1=3551
SELECT w2=3700
BUSY TASK ewma=997
DMA IRQ c0=0
DMA IRQ c1=1
DMA IRQ c2=0
DMA IRQ c3=0
SELECT busy=6568
SELECT w0=6591
SELECT w1=3562
SELECT w2=3712
BUSY TASK ewma=997
DMA IRQ c0=0
DMA IRQ c1=1
DMA IRQ c2=0
DMA IRQ c3=0
SELECT busy=6588
SELECT w0=6610
SELECT w1=3574
SELECT w2=3721
BUSY TASK ewma=997
DMA IRQ c0=0
DMA IRQ c1=1
DMA IRQ c2=0
DMA IRQ c3=0
SELECT busy=6611
SELECT w0=6634
SELECT w1=3585
SELECT w2=3733
BUSY TASK ewma=997
DMA IRQ c0=0
DMA IRQ c1=1
DMA IRQ c2=0
DMA IRQ c3=0
SELECT busy=6634
SELECT w0=6657
SELECT w1=3597
SELECT w2=3747
BUSY TASK ewma=997
DMA IRQ c0=0
DMA IRQ c1=1
DMA IRQ c2=0
DMA IRQ c3=0
SELECT busy=6651
SELECT w0=6673
SELECT w1=3605
SELECT w2=3757
BUSY TASK ewma=997
DMA IRQ c0=0
DMA IRQ c1=1
DMA IRQ c2=0
DMA IRQ c3=0
SELECT busy=6680
SELECT w0=6702
SELECT w1=3620
SELECT w2=3773
BUSY TASK ewma=997
DMA IRQ c0=0
DMA IRQ c1=1
DMA IRQ c2=0
DMA IRQ c3=0
SELECT busy=6698
SELECT w0=6721
SELECT w1=3628
SELECT w2=3789
BUSY TASK ewma=997
DMA IRQ c0=0
DMA IRQ c1=1
DMA IRQ c2=0
DMA IRQ c3=0
SELECT busy=6718
SELECT w0=6741
SELECT w1=3638
SELECT w2=3804
BUSY TASK ewma=997
DMA IRQ c0=0
DMA IRQ c1=1
DMA IRQ c2=0
DMA IRQ c3=0
SELECT busy=6740
SELECT w0=6762
SELECT w1=3647
SELECT w2=3815
BUSY TASK ewma=997
DMA IRQ c0=0
DMA IRQ c1=1
DMA IRQ c2=0
DMA IRQ c3=0
SELECT busy=6757
SELECT w0=6780
SELECT w1=3654
SELECT w2=3824
BUSY TASK ewma=997
DMA IRQ c0=0
DMA IRQ c1=1
DMA IRQ c2=0
DMA IRQ c3=0
SELECT busy=6781
SELECT w0=6804
SELECT w1=3665
SELECT w2=3838
BUSY TASK ewma=997
DMA IRQ c0=0
DMA IRQ c1=1
DMA IRQ c2=0
DMA IRQ c3=0
SELECT busy=6809
SELECT w0=6832
SELECT w1=3677
SELECT w2=3853
BUSY TASK ewma=997
DMA IRQ c0=0
DMA IRQ c1=1
DMA IRQ c2=0
DMA IRQ c3=0
SELECT busy=6833
SELECT w0=6855
SELECT w1=3685
SELECT w2=3861
BUSY TASK ewma=997
DMA IRQ c0=0
DMA IRQ c1=1
DMA IRQ c2=0
DMA IRQ c3=0
SELECT busy=6860
SELECT w0=6882
SELECT w1=3696
SELECT w2=3872
BUSY TASK ewma=997
IRQ counts: cpu0=13737 cpu1=15762 cpu2=15630 cpu3=15540
SCHED secondaries: calls=46952 unexpected=0
SECTEST switches=46936 cpu1=186475923,181753393 cpu2=149342584,146151368 cpu3=205032763,199751691
PINGPONG rounds=2000 pongs=2000
DMA IRQ c0=0
DMA IRQ c1=1
DMA IRQ c2=0
DMA IRQ c3=0
SELECT busy=6892
SELECT w0=6914
SELECT w1=3709
SELECT w2=3887
BUSY TASK ewma=997
DMA IRQ c0=0
DMA IRQ c1=1
DMA IRQ c2=0
DMA IRQ c3=0
SELECT busy=6914
SELECT w0=6937
SELECT w1=3718
SELECT w2=3898
BUSY TASK ewma=997
DMA IRQ c0=0
DMA IRQ c1=1
DMA IRQ c2=0
DMA IRQ c3=0
SELECT busy=6930
SELECT w0=6952
SELECT w1=3724
SELECT w2=3907
BUSY TASK ewma=997
DMA IRQ c0=0
DMA IRQ c1=1
DMA IRQ c2=0
DMA IRQ c3=0
SELECT busy=6945
SELECT w0=6967
SELECT w1=3730
SELECT w2=3915
BUSY TASK ewma=997
DMA IRQ c0=0
DMA IRQ c1=1
DMA IRQ c2=0
DMA IRQ c3=0
SELECT busy=6960
SELECT w0=6983
SELECT w1=3737
SELECT w2=3927
BUSY TASK ewma=997
DMA IRQ c0=0
DMA IRQ c1=1
DMA IRQ c2=0
DMA IRQ c3=0
SELECT busy=6982
SELECT w0=7005
SELECT w1=3749
SELECT w2=3943
BUSY TASK ewma=997
DMA IRQ c0=0
DMA IRQ c1=1
DMA IRQ c2=0
DMA IRQ c3=0
SELECT busy=7000
SELECT w0=7022
SELECT w1=3759
SELECT w2=3953
BUSY TASK ewma=997
DMA IRQ c0=0
DMA IRQ c1=1
DMA IRQ c2=0
DMA IRQ c3=0
SELECT busy=7029
SELECT w0=7051
SELECT w1=3779
SELECT w2=3970
BUSY TASK ewma=997
DMA IRQ c0=0
DMA IRQ c1=1
DMA IRQ c2=0
DMA IRQ c3=0
SELECT busy=7050
SELECT w0=7072
SELECT w1=3796
SELECT w2=3989
BUSY TASK ewma=997
DMA IRQ c0=0
DMA IRQ c1=1
DMA IRQ c2=0
DMA IRQ c3=0
SELECT busy=7068
SELECT w0=7091
SELECT w1=3805
SELECT w2=4002
BUSY TASK ewma=997
DMA IRQ c0=0
DMA IRQ c1=1
DMA IRQ c2=0
DMA IRQ c3=0
SELECT busy=7092
SELECT w0=7114
SELECT w1=3816
SELECT w2=4016
BUSY TASK ewma=997
DMA IRQ c0=0
DMA IRQ c1=1
DMA IRQ c2=0
DMA IRQ c3=0
SELECT busy=7109
SELECT w0=7131
SELECT w1=3823
SELECT w2=4024
BUSY TASK ewma=997
DMA IRQ c0=0
DMA IRQ c1=1
DMA IRQ c2=0
DMA IRQ c3=0
SELECT busy=7133
SELECT w0=7156
SELECT w1=3834
SELECT w2=4037
BUSY TASK ewma=997
DMA IRQ c0=0
DMA IRQ c1=1
DMA IRQ c2=0
DMA IRQ c3=0
SELECT busy=7167
SELECT w0=7190
SELECT w1=3852
SELECT w2=4059
BUSY TASK ewma=997
DMA IRQ c0=0
DMA IRQ c1=1
DMA IRQ c2=0
DMA IRQ c3=0
SELECT busy=7187
SELECT w0=7209
SELECT w1=3858
SELECT w2=4067
BUSY TASK ewma=997
DMA IRQ c0=0
DMA IRQ c1=1
DMA IRQ c2=0
DMA IRQ c3=0
SELECT busy=7212
SELECT w0=7235
SELECT w1=3868
SELECT w2=4079
BUSY TASK ewma=997
DMA IRQ c0=0
DMA IRQ c1=1
DMA IRQ c2=0
DMA IRQ c3=0
SELECT busy=7232
SELECT w0=7255
SELECT w1=3876
SELECT w2=4087
BUSY TASK ewma=997
DMA IRQ c0=0
DMA IRQ c1=1
DMA IRQ c2=0
DMA IRQ c3=0
SELECT busy=7253
SELECT w0=7276
SELECT w1=3889
SELECT w2=4105
BUSY TASK ewma=997
DMA IRQ c0=0
DMA IRQ c1=1
DMA IRQ c2=0
DMA IRQ c3=0
SELECT busy=7279
SELECT w0=7302
SELECT w1=3903
SELECT w2=4123
BUSY TASK ewma=997
DMA IRQ c0=0
DMA IRQ c1=1
DMA IRQ c2=0
DMA IRQ c3=0
SELECT busy=7299
SELECT w0=7322
SELECT w1=3911
SELECT w2=4134
BUSY TASK ewma=997
DMA IRQ c0=0
DMA IRQ c1=1
DMA IRQ c2=0
DMA IRQ c3=0
SELECT busy=7315
SELECT w0=7337
SELECT w1=3917
SELECT w2=4141
BUSY TASK ewma=997
DMA IRQ c0=0
DMA IRQ c1=1
DMA IRQ c2=0
DMA IRQ c3=0
SELECT busy=7331
SELECT w0=7353
SELECT w1=3924
SELECT w2=4150
BUSY TASK ewma=997
DMA IRQ c0=0
DMA IRQ c1=1
DMA IRQ c2=0
DMA IRQ c3=0
SELECT busy=7344
SELECT w0=7366
SELECT w1=3931
SELECT w2=4158
BUSY TASK ewma=997
DMA IRQ c0=0
DMA IRQ c1=1
DMA IRQ c2=0
DMA IRQ c3=0
SELECT busy=7365
SELECT w0=7388
SELECT w1=3940
SELECT w2=4168
BUSY TASK ewma=997
DMA IRQ c0=0
DMA IRQ c1=1
DMA IRQ c2=0
DMA IRQ c3=0
SELECT busy=7381
SELECT w0=7403
SELECT w1=3946
SELECT w2=4176
BUSY TASK ewma=997
DMA IRQ c0=0
DMA IRQ c1=1
DMA IRQ c2=0
DMA IRQ c3=0
SELECT busy=7407
SELECT w0=7430
SELECT w1=3957
SELECT w2=4195
BUSY TASK ewma=997
DMA IRQ c0=0
DMA IRQ c1=1
DMA IRQ c2=0
DMA IRQ c3=0
SELECT busy=7432
SELECT w0=7454
SELECT w1=3969
SELECT w2=4206
BUSY TASK ewma=997
DMA IRQ c0=0
DMA IRQ c1=1
DMA IRQ c2=0
DMA IRQ c3=0
SELECT busy=7457
SELECT w0=7480
SELECT w1=3981
SELECT w2=4224
BUSY TASK ewma=997
DMA IRQ c0=0
DMA IRQ c1=1
DMA IRQ c2=0
DMA IRQ c3=0
SELECT busy=7481
SELECT w0=7504
SELECT w1=3994
SELECT w2=4237
BUSY TASK ewma=997
DMA IRQ c0=0
DMA IRQ c1=1
DMA IRQ c2=0
DMA IRQ c3=0
SELECT busy=7496
SELECT w0=7519
SELECT w1=4003
SELECT w2=4246
BUSY TASK ewma=997
DMA IRQ c0=0
DMA IRQ c1=1
DMA IRQ c2=0
DMA IRQ c3=0
SELECT busy=7514
SELECT w0=7536
SELECT w1=4009
SELECT w2=4254
BUSY TASK ewma=997
DMA IRQ c0=0
DMA IRQ c1=1
DMA IRQ c2=0
DMA IRQ c3=0
SELECT busy=7529
SELECT w0=7552
SELECT w1=4016
SELECT w2=4264
BUSY TASK ewma=997
DMA IRQ c0=0
DMA IRQ c1=1
DMA IRQ c2=0
DMA IRQ c3=0
SELECT busy=7545
SELECT w0=7568
SELECT w1=4026
SELECT w2=4277
BUSY TASK ewma=997
DMA IRQ c0=0
DMA IRQ c1=1
DMA IRQ c2=0
DMA IRQ c3=0
SELECT busy=7566
SELECT w0=7588
SELECT w1=4036
SELECT w2=4289
BUSY TASK ewma=997
DMA IRQ c0=0
DMA IRQ c1=1
DMA IRQ c2=0
DMA IRQ c3=0
SELECT busy=7589
SELECT w0=7611
SELECT w1=4046
SELECT w2=4302
BUSY TASK ewma=997
DMA IRQ c0=0
DMA IRQ c1=1
DMA IRQ c2=0
DMA IRQ c3=0
SELECT busy=7613
SELECT w0=7635
SELECT w1=4056
SELECT w2=4315
BUSY TASK ewma=997
DMA IRQ c0=0
DMA IRQ c1=1
DMA IRQ c2=0
DMA IRQ c3=0
SELECT busy=7639
SELECT w0=7661
SELECT w1=4067
SELECT w2=4328
BUSY TASK ewma=997
DMA IRQ c0=0
DMA IRQ c1=1
DMA IRQ c2=0
DMA IRQ c3=0
SELECT busy=7664
SELECT w0=7686
SELECT w1=4076
SELECT w2=4341
BUSY TASK ewma=997
DMA IRQ c0=0
DMA IRQ c1=1
DMA IRQ c2=0
DMA IRQ c3=0
SELECT busy=7689
SELECT w0=7712
SELECT w1=4086
SELECT w2=4353
BUSY TASK ewma=997
DMA IRQ c0=0
DMA IRQ c1=1
DMA IRQ c2=0
DMA IRQ c3=0
SELECT busy=7716
SELECT w0=7739
SELECT w1=4096
SELECT w2=4368
BUSY TASK ewma=997
DMA IRQ c0=0
DMA IRQ c1=1
DMA IRQ c2=0
DMA IRQ c3=0
SELECT busy=7750
SELECT w0=7773
SELECT w1=4107
SELECT w2=4382
BUSY TASK ewma=997
DMA IRQ c0=0
DMA IRQ c1=1
DMA IRQ c2=0
DMA IRQ c3=0
SELECT busy=7769
SELECT w0=7792
SELECT w1=4115
SELECT w2=4392
BUSY TASK ewma=997
DMA IRQ c0=0
DMA IRQ c1=1
DMA IRQ c2=0
DMA IRQ c3=0
SELECT busy=7780
SELECT w0=7802
SELECT w1=4120
SELECT w2=4398
BUSY TASK ewma=997
DMA IRQ c0=0
DMA IRQ c1=1
DMA IRQ c2=0
DMA IRQ c3=0
SELECT busy=7799
SELECT w0=7822
SELECT w1=4128
SELECT w2=4407
BUSY TASK ewma=997
DMA IRQ c0=0
DMA IRQ c1=1
DMA IRQ c2=0
DMA IRQ c3=0
SELECT busy=7822
SELECT w0=7845
SELECT w1=4142
SELECT w2=4421
BUSY TASK ewma=997
DMA IRQ c0=0
DMA IRQ c1=1
DMA IRQ c2=0
DMA IRQ c3=0
SELECT busy=7842
SELECT w0=7864
SELECT w1=4148
SELECT w2=4432
BUSY TASK ewma=997
DMA IRQ c0=0
DMA IRQ c1=1
DMA IRQ c2=0
DMA IRQ c3=0
SELECT busy=7875
SELECT w0=7898
SELECT w1=4172
SELECT w2=4456
BUSY TASK ewma=997
DMA IRQ c0=0
DMA IRQ c1=1
DMA IRQ c2=0
DMA IRQ c3=0
SELECT busy=7899
SELECT w0=7922
SELECT w1=4182
SELECT w2=4471
BUSY TASK ewma=997
DMA IRQ c0=0
DMA IRQ c1=1
DMA IRQ c2=0
DMA IRQ c3=0
SELECT busy=7923
SELECT w0=7946
SELECT w1=4193
SELECT w2=4485
BUSY TASK ewma=997
DMA IRQ c0=0
DMA IRQ c1=1
DMA IRQ c2=0
DMA IRQ c3=0
SELECT busy=7943
SELECT w0=7966
SELECT w1=4206
SELECT w2=4502
BUSY TASK ewma=997
DMA IRQ c0=0
DMA IRQ c1=1
DMA IRQ c2=0
DMA IRQ c3=0
SELECT busy=7977
SELECT w0=8002
SELECT w1=4225
SELECT w2=4523
BUSY TASK ewma=997
DMA IRQ c0=0
DMA IRQ c1=1
DMA IRQ c2=0
DMA IRQ c3=0
SELECT busy=8002
SELECT w0=8024
SELECT w1=4230
SELECT w2=4530
BUSY TASK ewma=997
DMA IRQ c0=0
DMA IRQ c1=1
DMA IRQ c2=0
DMA IRQ c3=0
SELECT busy=8022
SELECT w0=8045
SELECT w1=4240
SELECT w2=4541
BUSY TASK ewma=997
DMA IRQ c0=0
DMA IRQ c1=1
DMA IRQ c2=0
DMA IRQ c3=0
SELECT busy=8040
SELECT w0=8062
SELECT w1=4247
SELECT w2=4550
BUSY TASK ewma=997
DMA IRQ c0=0
DMA IRQ c1=1
DMA IRQ c2=0
DMA IRQ c3=0
SELECT busy=8064
SELECT w0=8087
SELECT w1=4257
SELECT w2=4568
BUSY TASK ewma=997
DMA IRQ c0=0
DMA IRQ c1=1
DMA IRQ c2=0
DMA IRQ c3=0
SELECT busy=8084
SELECT w0=8106
SELECT w1=4266
SELECT w2=4578
BUSY TASK ewma=997
DMA IRQ c0=0
DMA IRQ c1=1
DMA IRQ c2=0
DMA IRQ c3=0
SELECT busy=8106
SELECT w0=8129
SELECT w1=4276
SELECT w2=4590
BUSY TASK ewma=997
DMA IRQ c0=0
DMA IRQ c1=1
DMA IRQ c2=0
DMA IRQ c3=0
SELECT busy=8133
SELECT w0=8157
SELECT w1=4288
SELECT w2=4601
BUSY TASK ewma=997
DMA IRQ c0=0
DMA IRQ c1=1
DMA IRQ c2=0
DMA IRQ c3=0
SELECT busy=8149
SELECT w0=8172
SELECT w1=4296
SELECT w2=4614
BUSY TASK ewma=997
DMA IRQ c0=0
DMA IRQ c1=1
DMA IRQ c2=0
DMA IRQ c3=0
SELECT busy=8172
SELECT w0=8195
SELECT w1=4303
SELECT w2=4622
BUSY TASK ewma=997
DMA IRQ c0=0
DMA IRQ c1=1
DMA IRQ c2=0
DMA IRQ c3=0
SELECT busy=8196
SELECT w0=8219
SELECT w1=4312
SELECT w2=4635
BUSY TASK ewma=997
DMA IRQ c0=0
DMA IRQ c1=1
DMA IRQ c2=0
DMA IRQ c3=0
SELECT busy=8222
SELECT w0=8245
SELECT w1=4326
SELECT w2=4655
BUSY TASK ewma=997
DMA IRQ c0=0
DMA IRQ c1=1
DMA IRQ c2=0
DMA IRQ c3=0
SELECT busy=8245
SELECT w0=8268
SELECT w1=4339
SELECT w2=4671
BUSY TASK ewma=997
DMA IRQ c0=0
DMA IRQ c1=1
DMA IRQ c2=0
DMA IRQ c3=0
SELECT busy=8270
SELECT w0=8292
SELECT w1=4351
SELECT w2=4685
BUSY TASK ewma=997
IRQ counts: cpu0=16557 cpu1=19050 cpu2=18895 cpu3=18844
SCHED secondaries: calls=56821 unexpected=0
SECTEST switches=56841 cpu1=219498248,212775578 cpu2=180401412,176067210 cpu3=249964049,242211028
PINGPONG rounds=2000 pongs=2000
DMA IRQ c0=0
DMA IRQ c1=1
DMA IRQ c2=0
DMA IRQ c3=0
SELECT busy=8320
SELECT w0=8343
SELECT w1=4379
SELECT w2=4724
BUSY TASK ewma=997
DMA IRQ c0=0
DMA IRQ c1=1
DMA IRQ c2=0
DMA IRQ c3=0
SELECT busy=8341
SELECT w0=8363
SELECT w1=4387
SELECT w2=4735
BUSY TASK ewma=997
DMA IRQ c0=0
DMA IRQ c1=1
DMA IRQ c2=0
DMA IRQ c3=0
SELECT busy=8369
SELECT w0=8393
SELECT w1=4404
SELECT w2=4755
BUSY TASK ewma=997
DMA IRQ c0=0
DMA IRQ c1=1
DMA IRQ c2=0
DMA IRQ c3=0
SELECT busy=8396
SELECT w0=8419
SELECT w1=4419
SELECT w2=4777
BUSY TASK ewma=997
DMA IRQ c0=0
DMA IRQ c1=1
DMA IRQ c2=0
DMA IRQ c3=0
SELECT busy=8419
SELECT w0=8442
SELECT w1=4432
SELECT w2=4803
BUSY TASK ewma=997
DMA IRQ c0=0
DMA IRQ c1=1
DMA IRQ c2=0
DMA IRQ c3=0
SELECT busy=8438
SELECT w0=8461
SELECT w1=4441
SELECT w2=4817
BUSY TASK ewma=997
DMA IRQ c0=0
DMA IRQ c1=1
DMA IRQ c2=0
DMA IRQ c3=0
SELECT busy=8455
SELECT w0=8478
SELECT w1=4450
SELECT w2=4827
BUSY TASK ewma=997
DMA IRQ c0=0
DMA IRQ c1=1
DMA IRQ c2=0
DMA IRQ c3=0
SELECT busy=8480
SELECT w0=8503
SELECT w1=4458
SELECT w2=4837
qemu-system-aarch64: terminating on signal 15 from pid 198641 (timeout)
