P4 M7: full integration test boot OK
CPU0: MPIDR_EL1=0x0000000080000000
CPU0: psci_cpu_on target=1 rc=0
CPU1: alive, MPIDR_EL1=0x0000000080000001 this_cpu()->cpu_id=1
CPU0: psci_cpu_on target=2 rc=0
CPU2: alive, MPIDR_EL1=0x0000000080000002 this_cpu()->cpu_id=2
CPU0: psci_cpu_on target=3 rc=0
CPU3: alive, MPIDR_EL1=0x0000000080000003 this_cpu()->cpu_id=3
CPUs online: 4
DMA IRQ target cpu=1
D2b: worker 1 runs on CPU1
D2b: worker 0 runs on CPU0
P4 M7: worker submitted cmd_id=1
P4 M7: worker submitted cmd_id=2
D2b: worker 2 runs on CPU2
P4 M7: worker submitted cmd_id=3
BUSY TASK ewma=997
DMA IRQ c0=0
DMA IRQ c1=0
DMA IRQ c2=0
DMA IRQ c3=0
SELECT busy=35
SELECT w0=3
SELECT w1=7
SELECT w2=4
P4 M7: worker DATA OK, cmd_id=1
P4 M7: worker DATA OK, cmd_id=2
WORKER ewma=831
WORKER ewma=941
P4 M7: worker DATA OK, cmd_id=3
WORKER ewma=759
BUSY TASK ewma=997
DMA IRQ c0=0
DMA IRQ c1=2
DMA IRQ c2=0
DMA IRQ c3=0
SELECT busy=72
SELECT w0=72
SELECT w1=78
SELECT w2=54
BUSY TASK ewma=997
DMA IRQ c0=0
DMA IRQ c1=2
DMA IRQ c2=0
DMA IRQ c3=0
SELECT busy=110
SELECT w0=110
SELECT w1=100
SELECT w2=85
BUSY TASK ewma=997
DMA IRQ c0=0
DMA IRQ c1=2
DMA IRQ c2=0
DMA IRQ c3=0
SELECT busy=143
SELECT w0=143
SELECT w1=117
SELECT w2=105
BUSY TASK ewma=997
DMA IRQ c0=0
DMA IRQ c1=2
DMA IRQ c2=0
DMA IRQ c3=0
SELECT busy=174
SELECT w0=174
SELECT w1=134
SELECT w2=128
BUSY TASK ewma=997
DMA IRQ c0=0
DMA IRQ c1=2
DMA IRQ c2=0
DMA IRQ c3=0
SELECT busy=217
SELECT w0=218
SELECT w1=156
SELECT w2=154
BUSY TASK ewma=997
DMA IRQ c0=0
DMA IRQ c1=2
DMA IRQ c2=0
DMA IRQ c3=0
SELECT busy=253
SELECT w0=254
SELECT w1=172
SELECT w2=175
BUSY TASK ewma=997
DMA IRQ c0=0
DMA IRQ c1=2
DMA IRQ c2=0
DMA IRQ c3=0
SELECT busy=294
SELECT w0=295
SELECT w1=194
SELECT w2=195
BUSY TASK ewma=997
DMA IRQ c0=0
DMA IRQ c1=2
DMA IRQ c2=0
DMA IRQ c3=0
SELECT busy=329
SELECT w0=329
SELECT w1=210
SELECT w2=214
BUSY TASK ewma=997
DMA IRQ c0=0
DMA IRQ c1=2
DMA IRQ c2=0
DMA IRQ c3=0
SELECT busy=374
SELECT w0=374
SELECT w1=234
SELECT w2=235
BUSY TASK ewma=997
DMA IRQ c0=0
DMA IRQ c1=2
DMA IRQ c2=0
DMA IRQ c3=0
SELECT busy=402
SELECT w0=402
SELECT w1=246
SELECT w2=248
BUSY TASK ewma=997
DMA IRQ c0=0
DMA IRQ c1=2
DMA IRQ c2=0
DMA IRQ c3=0
SELECT busy=451
SELECT w0=452
SELECT w1=277
SELECT w2=277
BUSY TASK ewma=997
DMA IRQ c0=0
DMA IRQ c1=2
DMA IRQ c2=0
DMA IRQ c3=0
SELECT busy=496
SELECT w0=499
SELECT w1=302
SELECT w2=299
BUSY TASK ewma=997
DMA IRQ c0=0
DMA IRQ c1=2
DMA IRQ c2=0
DMA IRQ c3=0
SELECT busy=538
SELECT w0=541
SELECT w1=325
SELECT w2=318
BUSY TASK ewma=997
DMA IRQ c0=0
DMA IRQ c1=2
DMA IRQ c2=0
DMA IRQ c3=0
SELECT busy=582
SELECT w0=582
SELECT w1=345
SELECT w2=338
BUSY TASK ewma=997
DMA IRQ c0=0
DMA IRQ c1=2
DMA IRQ c2=0
DMA IRQ c3=0
SELECT busy=605
SELECT w0=605
SELECT w1=355
SELECT w2=350
BUSY TASK ewma=997
DMA IRQ c0=0
DMA IRQ c1=2
DMA IRQ c2=0
DMA IRQ c3=0
SELECT busy=635
SELECT w0=635
SELECT w1=373
SELECT w2=367
BUSY TASK ewma=997
DMA IRQ c0=0
DMA IRQ c1=2
DMA IRQ c2=0
DMA IRQ c3=0
SELECT busy=671
SELECT w0=671
SELECT w1=389
SELECT w2=384
BUSY TASK ewma=997
DMA IRQ c0=0
DMA IRQ c1=2
DMA IRQ c2=0
DMA IRQ c3=0
SELECT busy=705
SELECT w0=706
SELECT w1=409
SELECT w2=404
BUSY TASK ewma=997
DMA IRQ c0=0
DMA IRQ c1=2
DMA IRQ c2=0
DMA IRQ c3=0
SELECT busy=742
SELECT w0=742
SELECT w1=426
SELECT w2=421
BUSY TASK ewma=997
DMA IRQ c0=0
DMA IRQ c1=2
DMA IRQ c2=0
DMA IRQ c3=0
SELECT busy=785
SELECT w0=786
SELECT w1=450
SELECT w2=445
BUSY TASK ewma=997
DMA IRQ c0=0
DMA IRQ c1=2
DMA IRQ c2=0
DMA IRQ c3=0
SELECT busy=815
SELECT w0=815
SELECT w1=464
SELECT w2=459
BUSY TASK ewma=997
DMA IRQ c0=0
DMA IRQ c1=2
DMA IRQ c2=0
DMA IRQ c3=0
SELECT busy=853
SELECT w0=854
SELECT w1=482
SELECT w2=476
BUSY TASK ewma=997
DMA IRQ c0=0
DMA IRQ c1=2
DMA IRQ c2=0
DMA IRQ c3=0
SELECT busy=891
SELECT w0=892
SELECT w1=500
SELECT w2=492
BUSY TASK ewma=997
DMA IRQ c0=0
DMA IRQ c1=2
DMA IRQ c2=0
DMA IRQ c3=0
SELECT busy=918
SELECT w0=918
SELECT w1=514
SELECT w2=507
BUSY TASK ewma=997
DMA IRQ c0=0
DMA IRQ c1=2
DMA IRQ c2=0
DMA IRQ c3=0
SELECT busy=936
SELECT w0=939
SELECT w1=528
SELECT w2=518
BUSY TASK ewma=997
DMA IRQ c0=0
DMA IRQ c1=2
DMA IRQ c2=0
DMA IRQ c3=0
SELECT busy=960
SELECT w0=960
SELECT w1=539
SELECT w2=531
BUSY TASK ewma=997
DMA IRQ c0=0
DMA IRQ c1=2
DMA IRQ c2=0
DMA IRQ c3=0
SELECT busy=997
SELECT w0=997
SELECT w1=562
SELECT w2=550
BUSY TASK ewma=997
DMA IRQ c0=0
DMA IRQ c1=2
DMA IRQ c2=0
DMA IRQ c3=0
SELECT busy=1024
SELECT w0=1024
SELECT w1=579
SELECT w2=565
BUSY TASK ewma=997
DMA IRQ c0=0
DMA IRQ c1=2
DMA IRQ c2=0
DMA IRQ c3=0
SELECT busy=1055
SELECT w0=1055
SELECT w1=592
SELECT w2=578
BUSY TASK ewma=997
DMA IRQ c0=0
DMA IRQ c1=2
DMA IRQ c2=0
DMA IRQ c3=0
SELECT busy=1085
SELECT w0=1086
SELECT w1=609
SELECT w2=596
BUSY TASK ewma=997
DMA IRQ c0=0
DMA IRQ c1=2
DMA IRQ c2=0
DMA IRQ c3=0
SELECT busy=1102
SELECT w0=1104
SELECT w1=621
SELECT w2=607
BUSY TASK ewma=997
DMA IRQ c0=0
DMA IRQ c1=2
DMA IRQ c2=0
DMA IRQ c3=0
SELECT busy=1145
SELECT w0=1147
SELECT w1=643
SELECT w2=631
BUSY TASK ewma=997
DMA IRQ c0=0
DMA IRQ c1=2
DMA IRQ c2=0
DMA IRQ c3=0
SELECT busy=1197
SELECT w0=1197
SELECT w1=673
SELECT w2=656
BUSY TASK ewma=997
DMA IRQ c0=0
DMA IRQ c1=2
DMA IRQ c2=0
DMA IRQ c3=0
SELECT busy=1229
SELECT w0=1231
SELECT w1=693
SELECT w2=675
BUSY TASK ewma=997
DMA IRQ c0=0
DMA IRQ c1=2
DMA IRQ c2=0
DMA IRQ c3=0
SELECT busy=1252
SELECT w0=1253
SELECT w1=706
SELECT w2=687
BUSY TASK ewma=997
DMA IRQ c0=0
DMA IRQ c1=2
DMA IRQ c2=0
DMA IRQ c3=0
SELECT busy=1270
SELECT w0=1271
SELECT w1=720
SELECT w2=700
BUSY TASK ewma=997
DMA IRQ c0=0
DMA IRQ c1=2
DMA IRQ c2=0
DMA IRQ c3=0
SELECT busy=1311
SELECT w0=1312
SELECT w1=743
SELECT w2=719
BUSY TASK ewma=997
DMA IRQ c0=0
DMA IRQ c1=2
DMA IRQ c2=0
DMA IRQ c3=0
SELECT busy=1336
SELECT w0=1336
SELECT w1=756
SELECT w2=732
BUSY TASK ewma=997
DMA IRQ c0=0
DMA IRQ c1=2
DMA IRQ c2=0
DMA IRQ c3=0
SELECT busy=1358
SELECT w0=1359
SELECT w1=767
SELECT w2=745
BUSY TASK ewma=997
DMA IRQ c0=0
DMA IRQ c1=2
DMA IRQ c2=0
DMA IRQ c3=0
SELECT busy=1375
SELECT w0=1375
SELECT w1=776
SELECT w2=755
BUSY TASK ewma=997
DMA IRQ c0=0
DMA IRQ c1=2
DMA IRQ c2=0
DMA IRQ c3=0
SELECT busy=1388
SELECT w0=1389
SELECT w1=786
SELECT w2=766
BUSY TASK ewma=997
DMA IRQ c0=0
DMA IRQ c1=2
DMA IRQ c2=0
DMA IRQ c3=0
SELECT busy=1405
SELECT w0=1406
SELECT w1=796
SELECT w2=777
BUSY TASK ewma=997
DMA IRQ c0=0
DMA IRQ c1=2
DMA IRQ c2=0
DMA IRQ c3=0
SELECT busy=1427
SELECT w0=1428
SELECT w1=808
SELECT w2=788
BUSY TASK ewma=997
DMA IRQ c0=0
DMA IRQ c1=2
DMA IRQ c2=0
DMA IRQ c3=0
SELECT busy=1446
SELECT w0=1446
SELECT w1=818
SELECT w2=796
BUSY TASK ewma=997
DMA IRQ c0=0
DMA IRQ c1=2
DMA IRQ c2=0
DMA IRQ c3=0
SELECT busy=1461
SELECT w0=1462
SELECT w1=825
SELECT w2=804
BUSY TASK ewma=997
DMA IRQ c0=0
DMA IRQ c1=2
DMA IRQ c2=0
DMA IRQ c3=0
SELECT busy=1484
SELECT w0=1485
SELECT w1=837
SELECT w2=821
BUSY TASK ewma=997
DMA IRQ c0=0
DMA IRQ c1=2
DMA IRQ c2=0
DMA IRQ c3=0
SELECT busy=1504
SELECT w0=1504
SELECT w1=851
SELECT w2=833
BUSY TASK ewma=997
DMA IRQ c0=0
DMA IRQ c1=2
DMA IRQ c2=0
DMA IRQ c3=0
SELECT busy=1524
SELECT w0=1524
SELECT w1=864
SELECT w2=844
BUSY TASK ewma=997
DMA IRQ c0=0
DMA IRQ c1=2
DMA IRQ c2=0
DMA IRQ c3=0
SELECT busy=1542
SELECT w0=1542
SELECT w1=873
SELECT w2=851
BUSY TASK ewma=997
DMA IRQ c0=0
DMA IRQ c1=2
DMA IRQ c2=0
DMA IRQ c3=0
SELECT busy=1565
SELECT w0=1565
SELECT w1=887
SELECT w2=866
BUSY TASK ewma=997
DMA IRQ c0=0
DMA IRQ c1=2
DMA IRQ c2=0
DMA IRQ c3=0
SELECT busy=1600
SELECT w0=1601
SELECT w1=904
SELECT w2=883
BUSY TASK ewma=997
DMA IRQ c0=0
DMA IRQ c1=2
DMA IRQ c2=0
DMA IRQ c3=0
SELECT busy=1635
SELECT w0=1636
SELECT w1=926
SELECT w2=903
BUSY TASK ewma=997
DMA IRQ c0=0
DMA IRQ c1=2
DMA IRQ c2=0
DMA IRQ c3=0
SELECT busy=1664
SELECT w0=1665
SELECT w1=944
SELECT w2=923
BUSY TASK ewma=997
DMA IRQ c0=0
DMA IRQ c1=2
DMA IRQ c2=0
DMA IRQ c3=0
SELECT busy=1685
SELECT w0=1686
SELECT w1=956
SELECT w2=939
BUSY TASK ewma=997
DMA IRQ c0=0
DMA IRQ c1=2
DMA IRQ c2=0
DMA IRQ c3=0
SELECT busy=1702
SELECT w0=1703
SELECT w1=967
SELECT w2=952
BUSY TASK ewma=997
DMA IRQ c0=0
DMA IRQ c1=2
DMA IRQ c2=0
DMA IRQ c3=0
SELECT busy=1720
SELECT w0=1720
SELECT w1=974
SELECT w2=959
BUSY TASK ewma=997
DMA IRQ c0=0
DMA IRQ c1=2
DMA IRQ c2=0
DMA IRQ c3=0
SELECT busy=1742
SELECT w0=1744
SELECT w1=988
SELECT w2=971
BUSY TASK ewma=997
DMA IRQ c0=0
DMA IRQ c1=2
DMA IRQ c2=0
DMA IRQ c3=0
SELECT busy=1782
SELECT w0=1783
SELECT w1=1008
SELECT w2=993
BUSY TASK ewma=997
DMA IRQ c0=0
DMA IRQ c1=2
DMA IRQ c2=0
DMA IRQ c3=0
SELECT busy=1813
SELECT w0=1814
SELECT w1=1025
SELECT w2=1007
BUSY TASK ewma=997
DMA IRQ c0=0
DMA IRQ c1=2
DMA IRQ c2=0
DMA IRQ c3=0
SELECT busy=1843
SELECT w0=1844
SELECT w1=1038
SELECT w2=1021
BUSY TASK ewma=997
DMA IRQ c0=0
DMA IRQ c1=2
DMA IRQ c2=0
DMA IRQ c3=0
SELECT busy=1882
SELECT w0=1884
SELECT w1=1061
SELECT w2=1040
BUSY TASK ewma=997
DMA IRQ c0=0
DMA IRQ c1=2
DMA IRQ c2=0
DMA IRQ c3=0
SELECT busy=1921
SELECT w0=1922
SELECT w1=1080
SELECT w2=1062
BUSY TASK ewma=997
IRQ counts: cpu0=3872 cpu1=4274 cpu2=4218 cpu3=4102
SCHED secondaries: calls=12598 unexpected=0
SECTEST switches=12555 cpu1=34133964,34752000 cpu2=25807978,25062675 cpu3=39041267,37035312
PINGPONG rounds=780 pongs=781
DMA IRQ c0=0
DMA IRQ c1=2
DMA IRQ c2=0
DMA IRQ c3=0
SELECT busy=1962
SELECT w0=1962
SELECT w1=1102
SELECT w2=1078
BUSY TASK ewma=997
DMA IRQ c0=0
DMA IRQ c1=2
DMA IRQ c2=0
DMA IRQ c3=0
SELECT busy=1985
SELECT w0=1986
SELECT w1=1117
SELECT w2=1095
BUSY TASK ewma=997
DMA IRQ c0=0
DMA IRQ c1=2
DMA IRQ c2=0
DMA IRQ c3=0
SELECT busy=2008
SELECT w0=2008
SELECT w1=1131
SELECT w2=1108
BUSY TASK ewma=997
DMA IRQ c0=0
DMA IRQ c1=2
DMA IRQ c2=0
DMA IRQ c3=0
SELECT busy=2039
SELECT w0=2039
SELECT w1=1149
SELECT w2=1123
BUSY TASK ewma=997
DMA IRQ c0=0
DMA IRQ c1=2
DMA IRQ c2=0
DMA IRQ c3=0
SELECT busy=2072
SELECT w0=2073
SELECT w1=1169
SELECT w2=1140
BUSY TASK ewma=997
DMA IRQ c0=0
DMA IRQ c1=2
DMA IRQ c2=0
DMA IRQ c3=0
SELECT busy=2112
SELECT w0=2113
SELECT w1=1186
SELECT w2=1158
BUSY TASK ewma=997
DMA IRQ c0=0
DMA IRQ c1=2
DMA IRQ c2=0
DMA IRQ c3=0
SELECT busy=2148
SELECT w0=2149
SELECT w1=1207
SELECT w2=1176
BUSY TASK ewma=997
DMA IRQ c0=0
DMA IRQ c1=2
DMA IRQ c2=0
DMA IRQ c3=0
SELECT busy=2187
SELECT w0=2187
SELECT w1=1225
SELECT w2=1195
BUSY TASK ewma=997
DMA IRQ c0=0
DMA IRQ c1=2
DMA IRQ c2=0
DMA IRQ c3=0
SELECT busy=2223
SELECT w0=2223
SELECT w1=1241
SELECT w2=1212
BUSY TASK ewma=997
DMA IRQ c0=0
DMA IRQ c1=2
DMA IRQ c2=0
DMA IRQ c3=0
SELECT busy=2257
SELECT w0=2258
SELECT w1=1260
SELECT w2=1230
BUSY TASK ewma=997
DMA IRQ c0=0
DMA IRQ c1=2
DMA IRQ c2=0
DMA IRQ c3=0
SELECT busy=2294
SELECT w0=2294
SELECT w1=1278
SELECT w2=1248
BUSY TASK ewma=997
DMA IRQ c0=0
DMA IRQ c1=2
DMA IRQ c2=0
DMA IRQ c3=0
SELECT busy=2323
SELECT w0=2323
SELECT w1=1291
SELECT w2=1263
BUSY TASK ewma=997
DMA IRQ c0=0
DMA IRQ c1=2
DMA IRQ c2=0
DMA IRQ c3=0
SELECT busy=2342
SELECT w0=2342
SELECT w1=1300
SELECT w2=1274
BUSY TASK ewma=997
DMA IRQ c0=0
DMA IRQ c1=2
DMA IRQ c2=0
DMA IRQ c3=0
SELECT busy=2357
SELECT w0=2358
SELECT w1=1310
SELECT w2=1286
BUSY TASK ewma=997
DMA IRQ c0=0
DMA IRQ c1=2
DMA IRQ c2=0
DMA IRQ c3=0
SELECT busy=2390
SELECT w0=2391
SELECT w1=1326
SELECT w2=1306
BUSY TASK ewma=997
DMA IRQ c0=0
DMA IRQ c1=2
DMA IRQ c2=0
DMA IRQ c3=0
SELECT busy=2420
SELECT w0=2420
SELECT w1=1341
SELECT w2=1319
BUSY TASK ewma=997
DMA IRQ c0=0
DMA IRQ c1=2
DMA IRQ c2=0
DMA IRQ c3=0
SELECT busy=2446
SELECT w0=2447
SELECT w1=1354
SELECT w2=1333
BUSY TASK ewma=997
DMA IRQ c0=0
DMA IRQ c1=2
DMA IRQ c2=0
DMA IRQ c3=0
SELECT busy=2479
SELECT w0=2480
SELECT w1=1368
SELECT w2=1349
BUSY TASK ewma=997
DMA IRQ c0=0
DMA IRQ c1=2
DMA IRQ c2=0
DMA IRQ c3=0
SELECT busy=2520
SELECT w0=2521
SELECT w1=1391
SELECT w2=1368
BUSY TASK ewma=997
DMA IRQ c0=0
DMA IRQ c1=2
DMA IRQ c2=0
DMA IRQ c3=0
SELECT busy=2558
SELECT w0=2558
SELECT w1=1407
SELECT w2=1385
BUSY TASK ewma=997
DMA IRQ c0=0
DMA IRQ c1=2
DMA IRQ c2=0
DMA IRQ c3=0
SELECT busy=2591
SELECT w0=2591
SELECT w1=1422
SELECT w2=1401
BUSY TASK ewma=997
DMA IRQ c0=0
DMA IRQ c1=2
DMA IRQ c2=0
DMA IRQ c3=0
SELECT busy=2625
SELECT w0=2625
SELECT w1=1439
SELECT w2=1416
BUSY TASK ewma=997
DMA IRQ c0=0
DMA IRQ c1=2
DMA IRQ c2=0
DMA IRQ c3=0
SELECT busy=2655
SELECT w0=2656
SELECT w1=1454
SELECT w2=1433
BUSY TASK ewma=997
DMA IRQ c0=0
DMA IRQ c1=2
DMA IRQ c2=0
DMA IRQ c3=0
SELECT busy=2693
SELECT w0=2694
SELECT w1=1475
SELECT w2=1452
BUSY TASK ewma=997
DMA IRQ c0=0
DMA IRQ c1=2
DMA IRQ c2=0
DMA IRQ c3=0
SELECT busy=2729
SELECT w0=2730
SELECT w1=1498
SELECT w2=1469
BUSY TASK ewma=997
DMA IRQ c0=0
DMA IRQ c1=2
DMA IRQ c2=0
DMA IRQ c3=0
SELECT busy=2750
SELECT w0=2750
SELECT w1=1507
SELECT w2=1478
BUSY TASK ewma=997
DMA IRQ c0=0
DMA IRQ c1=2
DMA IRQ c2=0
DMA IRQ c3=0
SELECT busy=2767
SELECT w0=2767
SELECT w1=1517
SELECT w2=1488
BUSY TASK ewma=997
DMA IRQ c0=0
DMA IRQ c1=2
DMA IRQ c2=0
DMA IRQ c3=0
SELECT busy=2779
SELECT w0=2780
SELECT w1=1524
SELECT w2=1496
BUSY TASK ewma=997
DMA IRQ c0=0
DMA IRQ c1=2
DMA IRQ c2=0
DMA IRQ c3=0
SELECT busy=2795
SELECT w0=2796
SELECT w1=1533
SELECT w2=1506
BUSY TASK ewma=997
DMA IRQ c0=0
DMA IRQ c1=2
DMA IRQ c2=0
DMA IRQ c3=0
SELECT busy=2819
SELECT w0=2820
SELECT w1=1545
SELECT w2=1521
BUSY TASK ewma=997
DMA IRQ c0=0
DMA IRQ c1=2
DMA IRQ c2=0
DMA IRQ c3=0
SELECT busy=2839
SELECT w0=2840
SELECT w1=1555
SELECT w2=1532
BUSY TASK ewma=997
DMA IRQ c0=0
DMA IRQ c1=2
DMA IRQ c2=0
DMA IRQ c3=0
SELECT busy=2857
SELECT w0=2858
SELECT w1=1566
SELECT w2=1543
BUSY TASK ewma=997
DMA IRQ c0=0
DMA IRQ c1=2
DMA IRQ c2=0
DMA IRQ c3=0
SELECT busy=2884
SELECT w0=2885
SELECT w1=1582
SELECT w2=1561
BUSY TASK ewma=997
DMA IRQ c0=0
DMA IRQ c1=2
DMA IRQ c2=0
DMA IRQ c3=0
SELECT busy=2908
SELECT w0=2909
SELECT w1=1593
SELECT w2=1576
BUSY TASK ewma=997
DMA IRQ c0=0
DMA IRQ c1=2
DMA IRQ c2=0
DMA IRQ c3=0
SELECT busy=2924
SELECT w0=2925
SELECT w1=1602
SELECT w2=1586
BUSY TASK ewma=997
DMA IRQ c0=0
DMA IRQ c1=2
DMA IRQ c2=0
DMA IRQ c3=0
SELECT busy=2942
SELECT w0=2943
SELECT w1=1615
SELECT w2=1598
BUSY TASK ewma=997
DMA IRQ c0=0
DMA IRQ c1=2
DMA IRQ c2=0
DMA IRQ c3=0
SELECT busy=2963
SELECT w0=2963
SELECT w1=1628
SELECT w2=1610
BUSY TASK ewma=997
DMA IRQ c0=0
DMA IRQ c1=2
DMA IRQ c2=0
DMA IRQ c3=0
SELECT busy=2990
SELECT w0=2991
SELECT w1=1648
SELECT w2=1629
BUSY TASK ewma=997
DMA IRQ c0=0
DMA IRQ c1=2
DMA IRQ c2=0
DMA IRQ c3=0
SELECT busy=3021
SELECT w0=3022
SELECT w1=1663
SELECT w2=1644
BUSY TASK ewma=997
DMA IRQ c0=0
DMA IRQ c1=2
DMA IRQ c2=0
DMA IRQ c3=0
SELECT busy=3043
SELECT w0=3043
SELECT w1=1672
SELECT w2=1655
BUSY TASK ewma=997
DMA IRQ c0=0
DMA IRQ c1=2
DMA IRQ c2=0
DMA IRQ c3=0
SELECT busy=3074
SELECT w0=3074
SELECT w1=1686
SELECT w2=1668
BUSY TASK ewma=997
DMA IRQ c0=0
DMA IRQ c1=2
DMA IRQ c2=0
DMA IRQ c3=0
SELECT busy=3103
SELECT w0=3104
SELECT w1=1702
SELECT w2=1685
BUSY TASK ewma=997
DMA IRQ c0=0
DMA IRQ c1=2
DMA IRQ c2=0
DMA IRQ c3=0
SELECT busy=3134
SELECT w0=3135
SELECT w1=1720
SELECT w2=1703
BUSY TASK ewma=997
DMA IRQ c0=0
DMA IRQ c1=2
DMA IRQ c2=0
DMA IRQ c3=0
SELECT busy=3151
SELECT w0=3152
SELECT w1=1729
SELECT w2=1714
BUSY TASK ewma=997
DMA IRQ c0=0
DMA IRQ c1=2
DMA IRQ c2=0
DMA IRQ c3=0
SELECT busy=3168
SELECT w0=3169
SELECT w1=1738
SELECT w2=1721
BUSY TASK ewma=997
DMA IRQ c0=0
DMA IRQ c1=2
DMA IRQ c2=0
DMA IRQ c3=0
SELECT busy=3181
SELECT w0=3182
SELECT w1=1746
SELECT w2=1729
BUSY TASK ewma=997
DMA IRQ c0=0
DMA IRQ c1=2
DMA IRQ c2=0
DMA IRQ c3=0
SELECT busy=3200
SELECT w0=3200
SELECT w1=1756
SELECT w2=1739
BUSY TASK ewma=997
DMA IRQ c0=0
DMA IRQ c1=2
DMA IRQ c2=0
DMA IRQ c3=0
SELECT busy=3216
SELECT w0=3217
SELECT w1=1766
SELECT w2=1750
BUSY TASK ewma=997
DMA IRQ c0=0
DMA IRQ c1=2
DMA IRQ c2=0
DMA IRQ c3=0
SELECT busy=3233
SELECT w0=3233
SELECT w1=1776
SELECT w2=1758
BUSY TASK ewma=997
DMA IRQ c0=0
DMA IRQ c1=2
DMA IRQ c2=0
DMA IRQ c3=0
SELECT busy=3247
SELECT w0=3247
SELECT w1=1783
SELECT w2=1765
BUSY TASK ewma=997
DMA IRQ c0=0
DMA IRQ c1=2
DMA IRQ c2=0
DMA IRQ c3=0
SELECT busy=3260
SELECT w0=3260
SELECT w1=1790
SELECT w2=1773
BUSY TASK ewma=997
DMA IRQ c0=0
DMA IRQ c1=2
DMA IRQ c2=0
DMA IRQ c3=0
SELECT busy=3283
SELECT w0=3284
SELECT w1=1802
SELECT w2=1788
BUSY TASK ewma=997
DMA IRQ c0=0
DMA IRQ c1=2
DMA IRQ c2=0
DMA IRQ c3=0
SELECT busy=3302
SELECT w0=3303
SELECT w1=1814
SELECT w2=1803
BUSY TASK ewma=997
DMA IRQ c0=0
DMA IRQ c1=2
DMA IRQ c2=0
DMA IRQ c3=0
SELECT busy=3326
SELECT w0=3327
SELECT w1=1833
SELECT w2=1820
BUSY TASK ewma=997
DMA IRQ c0=0
DMA IRQ c1=2
DMA IRQ c2=0
DMA IRQ c3=0
SELECT busy=3348
SELECT w0=3349
SELECT w1=1844
SELECT w2=1833
BUSY TASK ewma=997
DMA IRQ c0=0
DMA IRQ c1=2
DMA IRQ c2=0
DMA IRQ c3=0
SELECT busy=3366
SELECT w0=3367
SELECT w1=1855
SELECT w2=1845
BUSY TASK ewma=997
DMA IRQ c0=0
DMA IRQ c1=2
DMA IRQ c2=0
DMA IRQ c3=0
SELECT busy=3402
SELECT w0=3404
SELECT w1=1879
SELECT w2=1867
BUSY TASK ewma=997
DMA IRQ c0=0
DMA IRQ c1=2
DMA IRQ c2=0
DMA IRQ c3=0
SELECT busy=3431
SELECT w0=3432
SELECT w1=1898
SELECT w2=1886
BUSY TASK ewma=997
DMA IRQ c0=0
DMA IRQ c1=2
DMA IRQ c2=0
DMA IRQ c3=0
SELECT busy=3480
SELECT w0=3480
SELECT w1=1921
SELECT w2=1905
BUSY TASK ewma=997
DMA IRQ c0=0
DMA IRQ c1=2
DMA IRQ c2=0
DMA IRQ c3=0
SELECT busy=3509
SELECT w0=3509
SELECT w1=1936
SELECT w2=1919
BUSY TASK ewma=997
DMA IRQ c0=0
DMA IRQ c1=2
DMA IRQ c2=0
DMA IRQ c3=0
SELECT busy=3535
SELECT w0=3536
SELECT w1=1951
SELECT w2=1932
BUSY TASK ewma=997
DMA IRQ c0=0
DMA IRQ c1=2
DMA IRQ c2=0
DMA IRQ c3=0
SELECT busy=3560
SELECT w0=3560
SELECT w1=1964
SELECT w2=1942
BUSY TASK ewma=997
DMA IRQ c0=0
DMA IRQ c1=2
DMA IRQ c2=0
DMA IRQ c3=0
SELECT busy=3584
SELECT w0=3585
SELECT w1=1979
SELECT w2=1960
BUSY TASK ewma=997
DMA IRQ c0=0
DMA IRQ c1=2
DMA IRQ c2=0
DMA IRQ c3=0
SELECT busy=3613
SELECT w0=3613
SELECT w1=1994
SELECT w2=1972
BUSY TASK ewma=997
IRQ counts: cpu0=7238 cpu1=7962 cpu2=7901 cpu3=7685
SCHED secondaries: calls=23551 unexpected=0
SECTEST switches=23502 cpu1=69016457,67884439 cpu2=50342758,51073283 cpu3=75258022,75102795
PINGPONG rounds=1493 pongs=1493
DMA IRQ c0=0
DMA IRQ c1=2
DMA IRQ c2=0
DMA IRQ c3=0
SELECT busy=3639
SELECT w0=3639
SELECT w1=2007
SELECT w2=1984
BUSY TASK ewma=997
DMA IRQ c0=0
DMA IRQ c1=2
DMA IRQ c2=0
DMA IRQ c3=0
SELECT busy=3665
SELECT w0=3665
SELECT w1=2020
SELECT w2=1997
BUSY TASK ewma=997
DMA IRQ c0=0
DMA IRQ c1=2
DMA IRQ c2=0
DMA IRQ c3=0
SELECT busy=3689
SELECT w0=3689
SELECT w1=2030
SELECT w2=2008
BUSY TASK ewma=997
DMA IRQ c0=0
DMA IRQ c1=2
DMA IRQ c2=0
DMA IRQ c3=0
SELECT busy=3711
SELECT w0=3712
SELECT w1=2044
SELECT w2=2024
BUSY TASK ewma=997
DMA IRQ c0=0
DMA IRQ c1=2
DMA IRQ c2=0
DMA IRQ c3=0
SELECT busy=3732
SELECT w0=3732
SELECT w1=2052
SELECT w2=2032
BUSY TASK ewma=997
DMA IRQ c0=0
DMA IRQ c1=2
DMA IRQ c2=0
DMA IRQ c3=0
SELECT busy=3762
SELECT w0=3762
SELECT w1=2067
SELECT w2=2046
BUSY TASK ewma=997
DMA IRQ c0=0
DMA IRQ c1=2
DMA IRQ c2=0
DMA IRQ c3=0
SELECT busy=3793
SELECT w0=3793
SELECT w1=2087
SELECT w2=2064
BUSY TASK ewma=997
DMA IRQ c0=0
DMA IRQ c1=2
DMA IRQ c2=0
DMA IRQ c3=0
SELECT busy=3837
SELECT w0=3838
SELECT w1=2111
SELECT w2=2090
BUSY TASK ewma=997
DMA IRQ c0=0
DMA IRQ c1=2
DMA IRQ c2=0
DMA IRQ c3=0
SELECT busy=3866
SELECT w0=3866
SELECT w1=2127
SELECT w2=2103
BUSY TASK ewma=997
DMA IRQ c0=0
DMA IRQ c1=2
DMA IRQ c2=0
DMA IRQ c3=0
SELECT busy=3901
SELECT w0=3902
SELECT w1=2142
SELECT w2=2118
BUSY TASK ewma=997
DMA IRQ c0=0
DMA IRQ c1=2
DMA IRQ c2=0
DMA IRQ c3=0
SELECT busy=3932
SELECT w0=3932
SELECT w1=2160
SELECT w2=2132
BUSY TASK ewma=997
DMA IRQ c0=0
DMA IRQ c1=2
DMA IRQ c2=0
DMA IRQ c3=0
SELECT busy=3977
SELECT w0=3977
SELECT w1=2184
SELECT w2=2158
BUSY TASK ewma=997
DMA IRQ c0=0
DMA IRQ c1=2
DMA IRQ c2=0
DMA IRQ c3=0
SELECT busy=4017
SELECT w0=4017
SELECT w1=2201
SELECT w2=2175
BUSY TASK ewma=997
DMA IRQ c0=0
DMA IRQ c1=2
DMA IRQ c2=0
DMA IRQ c3=0
SELECT busy=4049
SELECT w0=4050
SELECT w1=2220
SELECT w2=2196
BUSY TASK ewma=997
DMA IRQ c0=0
DMA IRQ c1=2
DMA IRQ c2=0
DMA IRQ c3=0
SELECT busy=4086
SELECT w0=4087
SELECT w1=2240
SELECT w2=2216
BUSY TASK ewma=997
DMA IRQ c0=0
DMA IRQ c1=2
DMA IRQ c2=0
DMA IRQ c3=0
SELECT busy=4118
SELECT w0=4119
SELECT w1=2256
SELECT w2=2232
BUSY TASK ewma=997
DMA IRQ c0=0
DMA IRQ c1=2
DMA IRQ c2=0
DMA IRQ c3=0
SELECT busy=4158
SELECT w0=4160
SELECT w1=2278
SELECT w2=2253
BUSY TASK ewma=997
DMA IRQ c0=0
DMA IRQ c1=2
DMA IRQ c2=0
DMA IRQ c3=0
SELECT busy=4200
SELECT w0=4201
SELECT w1=2301
SELECT w2=2275
BUSY TASK ewma=997
DMA IRQ c0=0
DMA IRQ c1=2
DMA IRQ c2=0
DMA IRQ c3=0
SELECT busy=4233
SELECT w0=4233
SELECT w1=2315
SELECT w2=2288
BUSY TASK ewma=997
DMA IRQ c0=0
DMA IRQ c1=2
DMA IRQ c2=0
DMA IRQ c3=0
SELECT busy=4267
SELECT w0=4267
SELECT w1=2332
SELECT w2=2302
BUSY TASK ewma=997
DMA IRQ c0=0
DMA IRQ c1=2
DMA IRQ c2=0
DMA IRQ c3=0
SELECT busy=4308
SELECT w0=4309
SELECT w1=2354
SELECT w2=2327
BUSY TASK ewma=997
DMA IRQ c0=0
DMA IRQ c1=2
DMA IRQ c2=0
DMA IRQ c3=0
SELECT busy=4344
SELECT w0=4344
SELECT w1=2371
SELECT w2=2348
BUSY TASK ewma=997
DMA IRQ c0=0
DMA IRQ c1=2
DMA IRQ c2=0
DMA IRQ c3=0
SELECT busy=4381
SELECT w0=4382
SELECT w1=2391
SELECT w2=2370
BUSY TASK ewma=997
DMA IRQ c0=0
DMA IRQ c1=2
DMA IRQ c2=0
DMA IRQ c3=0
SELECT busy=4424
SELECT w0=4425
SELECT w1=2412
SELECT w2=2389
BUSY TASK ewma=997
DMA IRQ c0=0
DMA IRQ c1=2
DMA IRQ c2=0
DMA IRQ c3=0
SELECT busy=4456
SELECT w0=4456
SELECT w1=2427
SELECT w2=2405
BUSY TASK ewma=997
DMA IRQ c0=0
DMA IRQ c1=2
DMA IRQ c2=0
DMA IRQ c3=0
SELECT busy=4495
SELECT w0=4496
SELECT w1=2446
SELECT w2=2425
BUSY TASK ewma=997
DMA IRQ c0=0
DMA IRQ c1=2
DMA IRQ c2=0
DMA IRQ c3=0
SELECT busy=4531
SELECT w0=4531
SELECT w1=2467
SELECT w2=2443
BUSY TASK ewma=997
DMA IRQ c0=0
DMA IRQ c1=2
DMA IRQ c2=0
DMA IRQ c3=0
SELECT busy=4571
SELECT w0=4572
SELECT w1=2489
SELECT w2=2466
BUSY TASK ewma=997
DMA IRQ c0=0
DMA IRQ c1=2
DMA IRQ c2=0
DMA IRQ c3=0
SELECT busy=4608
SELECT w0=4610
SELECT w1=2511
SELECT w2=2491
BUSY TASK ewma=997
DMA IRQ c0=0
DMA IRQ c1=2
DMA IRQ c2=0
DMA IRQ c3=0
SELECT busy=4630
SELECT w0=4631
SELECT w1=2524
SELECT w2=2503
BUSY TASK ewma=997
DMA IRQ c0=0
DMA IRQ c1=2
DMA IRQ c2=0
DMA IRQ c3=0
SELECT busy=4649
SELECT w0=4649
SELECT w1=2536
SELECT w2=2513
BUSY TASK ewma=997
DMA IRQ c0=0
DMA IRQ c1=2
DMA IRQ c2=0
DMA IRQ c3=0
SELECT busy=4668
SELECT w0=4669
SELECT w1=2547
SELECT w2=2525
BUSY TASK ewma=997
DMA IRQ c0=0
DMA IRQ c1=2
DMA IRQ c2=0
DMA IRQ c3=0
SELECT busy=4683
SELECT w0=4684
SELECT w1=2556
SELECT w2=2534
BUSY TASK ewma=997
DMA IRQ c0=0
DMA IRQ c1=2
DMA IRQ c2=0
DMA IRQ c3=0
SELECT busy=4700
SELECT w0=4701
SELECT w1=2569
SELECT w2=2545
BUSY TASK ewma=997
DMA IRQ c0=0
DMA IRQ c1=2
DMA IRQ c2=0
DMA IRQ c3=0
SELECT busy=4719
SELECT w0=4720
SELECT w1=2582
SELECT w2=2559
BUSY TASK ewma=997
DMA IRQ c0=0
DMA IRQ c1=2
DMA IRQ c2=0
DMA IRQ c3=0
SELECT busy=4743
SELECT w0=4744
SELECT w1=2597
SELECT w2=2573
BUSY TASK ewma=997
DMA IRQ c0=0
DMA IRQ c1=2
DMA IRQ c2=0
DMA IRQ c3=0
SELECT busy=4758
SELECT w0=4758
SELECT w1=2608
SELECT w2=2583
BUSY TASK ewma=997
DMA IRQ c0=0
DMA IRQ c1=2
DMA IRQ c2=0
DMA IRQ c3=0
SELECT busy=4769
SELECT w0=4770
SELECT w1=2615
SELECT w2=2590
BUSY TASK ewma=997
DMA IRQ c0=0
DMA IRQ c1=2
DMA IRQ c2=0
DMA IRQ c3=0
SELECT busy=4800
SELECT w0=4801
SELECT w1=2632
SELECT w2=2606
BUSY TASK ewma=997
DMA IRQ c0=0
DMA IRQ c1=2
DMA IRQ c2=0
DMA IRQ c3=0
SELECT busy=4819
SELECT w0=4819
SELECT w1=2642
SELECT w2=2616
BUSY TASK ewma=997
DMA IRQ c0=0
DMA IRQ c1=2
DMA IRQ c2=0
DMA IRQ c3=0
SELECT busy=4851
SELECT w0=4851
SELECT w1=2657
SELECT w2=2631
BUSY TASK ewma=997
DMA IRQ c0=0
DMA IRQ c1=2
DMA IRQ c2=0
DMA IRQ c3=0
SELECT busy=4888
SELECT w0=4888
SELECT w1=2673
SELECT w2=2653
BUSY TASK ewma=997
DMA IRQ c0=0
DMA IRQ c1=2
DMA IRQ c2=0
DMA IRQ c3=0
SELECT busy=4920
SELECT w0=4920
SELECT w1=2684
SELECT w2=2668
BUSY TASK ewma=997
DMA IRQ c0=0
DMA IRQ c1=2
DMA IRQ c2=0
DMA IRQ c3=0
SELECT busy=4968
SELECT w0=4970
SELECT w1=2707
SELECT w2=2694
BUSY TASK ewma=997
DMA IRQ c0=0
DMA IRQ c1=2
DMA IRQ c2=0
DMA IRQ c3=0
SELECT busy=5011
SELECT w0=5012
SELECT w1=2724
SELECT w2=2718
BUSY TASK ewma=997
DMA IRQ c0=0
DMA IRQ c1=2
DMA IRQ c2=0
DMA IRQ c3=0
SELECT busy=5049
SELECT w0=5050
SELECT w1=2740
SELECT w2=2739
BUSY TASK ewma=997
DMA IRQ c0=0
DMA IRQ c1=2
DMA IRQ c2=0
DMA IRQ c3=0
SELECT busy=5086
SELECT w0=5086
SELECT w1=2760
SELECT w2=2759
BUSY TASK ewma=997
DMA IRQ c0=0
DMA IRQ c1=2
DMA IRQ c2=0
DMA IRQ c3=0
SELECT busy=5114
SELECT w0=5114
SELECT w1=2770
SELECT w2=2771
BUSY TASK ewma=997
DMA IRQ c0=0
DMA IRQ c1=2
DMA IRQ c2=0
DMA IRQ c3=0
SELECT busy=5148
SELECT w0=5150
SELECT w1=2786
SELECT w2=2792
BUSY TASK ewma=997
DMA IRQ c0=0
DMA IRQ c1=2
DMA IRQ c2=0
DMA IRQ c3=0
SELECT busy=5176
SELECT w0=5177
SELECT w1=2797
SELECT w2=2804
BUSY TASK ewma=997
DMA IRQ c0=0
DMA IRQ c1=2
DMA IRQ c2=0
DMA IRQ c3=0
SELECT busy=5214
SELECT w0=5216
SELECT w1=2812
SELECT w2=2824
BUSY TASK ewma=997
DMA IRQ c0=0
DMA IRQ c1=2
DMA IRQ c2=0
DMA IRQ c3=0
SELECT busy=5244
SELECT w0=5245
SELECT w1=2826
SELECT w2=2839
BUSY TASK ewma=997
DMA IRQ c0=0
DMA IRQ c1=2
DMA IRQ c2=0
DMA IRQ c3=0
SELECT busy=5285
SELECT w0=5286
SELECT w1=2843
SELECT w2=2860
BUSY TASK ewma=997
DMA IRQ c0=0
DMA IRQ c1=2
DMA IRQ c2=0
DMA IRQ c3=0
SELECT busy=5324
SELECT w0=5325
SELECT w1=2857
SELECT w2=2879
BUSY TASK ewma=997
DMA IRQ c0=0
DMA IRQ c1=2
DMA IRQ c2=0
DMA IRQ c3=0
SELECT busy=5361
SELECT w0=5361
SELECT w1=2871
SELECT w2=2896
BUSY TASK ewma=997
DMA IRQ c0=0
DMA IRQ c1=2
DMA IRQ c2=0
DMA IRQ c3=0
SELECT busy=5394
SELECT w0=5394
SELECT w1=2884
SELECT w2=2912
BUSY TASK ewma=997
DMA IRQ c0=0
DMA IRQ c1=2
DMA IRQ c2=0
DMA IRQ c3=0
SELECT busy=5423
SELECT w0=5423
SELECT w1=2896
SELECT w2=2927
BUSY TASK ewma=997
DMA IRQ c0=0
DMA IRQ c1=2
DMA IRQ c2=0
DMA IRQ c3=0
SELECT busy=5462
SELECT w0=5463
SELECT w1=2914
SELECT w2=2949
BUSY TASK ewma=997
DMA IRQ c0=0
DMA IRQ c1=2
DMA IRQ c2=0
DMA IRQ c3=0
SELECT busy=5490
SELECT w0=5491
SELECT w1=2925
SELECT w2=2966
BUSY TASK ewma=997
DMA IRQ c0=0
DMA IRQ c1=2
DMA IRQ c2=0
DMA IRQ c3=0
SELECT busy=5522
SELECT w0=5523
SELECT w1=2941
SELECT w2=2982
BUSY TASK ewma=997
DMA IRQ c0=0
DMA IRQ c1=2
DMA IRQ c2=0
DMA IRQ c3=0
SELECT busy=5555
SELECT w0=5555
SELECT w1=2954
SELECT w2=2999
BUSY TASK ewma=997
DMA IRQ c0=0
DMA IRQ c1=2
DMA IRQ c2=0
DMA IRQ c3=0
SELECT busy=5590
SELECT w0=5590
SELECT w1=2972
SELECT w2=3017
BUSY TASK ewma=997
DMA IRQ c0=0
DMA IRQ c1=2
DMA IRQ c2=0
DMA IRQ c3=0
SELECT busy=5621
SELECT w0=5622
SELECT w1=2986
SELECT w2=3035
BUSY TASK ewma=997
DMA IRQ c0=0
DMA IRQ c1=2
DMA IRQ c2=0
DMA IRQ c3=0
SELECT busy=5655
SELECT w0=5655
SELECT w1=2997
SELECT w2=3050
BUSY TASK ewma=997
IRQ counts: cpu0=11350 cpu1=12384 cpu2=12281 cpu3=11980
SCHED secondaries: calls=36646 unexpected=0
SECTEST switches=36601 cpu1=100984613,97449071 cpu2=76400398,76676754 cpu3=112356701,109819970
PINGPONG rounds=2000 pongs=2000
DMA IRQ c0=0
DMA IRQ c1=2
DMA IRQ c2=0
DMA IRQ c3=0
SELECT busy=5695
SELECT w0=5695
SELECT w1=3013
SELECT w2=3070
BUSY TASK ewma=997
DMA IRQ c0=0
DMA IRQ c1=2
DMA IRQ c2=0
DMA IRQ c3=0
SELECT busy=5729
SELECT w0=5729
SELECT w1=3025
SELECT w2=3085
BUSY TASK ewma=997
DMA IRQ c0=0
DMA IRQ c1=2
DMA IRQ c2=0
DMA IRQ c3=0
SELECT busy=5758
SELECT w0=5758
SELECT w1=3041
SELECT w2=3103
BUSY TASK ewma=997
DMA IRQ c0=0
DMA IRQ c1=2
DMA IRQ c2=0
DMA IRQ c3=0
SELECT busy=5791
SELECT w0=5792
SELECT w1=3057
SELECT w2=3122
BUSY TASK ewma=997
DMA IRQ c0=0
DMA IRQ c1=2
DMA IRQ c2=0
DMA IRQ c3=0
SELECT busy=5807
SELECT w0=5808
SELECT w1=3064
SELECT w2=3134
BUSY TASK ewma=997
DMA IRQ c0=0
DMA IRQ c1=2
DMA IRQ c2=0
DMA IRQ c3=0
SELECT busy=5829
SELECT w0=5830
SELECT w1=3073
SELECT w2=3145
BUSY TASK ewma=997
DMA IRQ c0=0
DMA IRQ c1=2
DMA IRQ c2=0
DMA IRQ c3=0
SELECT busy=5847
SELECT w0=5848
SELECT w1=3082
SELECT w2=3156
BUSY TASK ewma=997
DMA IRQ c0=0
DMA IRQ c1=2
DMA IRQ c2=0
DMA IRQ c3=0
SELECT busy=5867
SELECT w0=5867
SELECT w1=3090
SELECT w2=3166
BUSY TASK ewma=997
DMA IRQ c0=0
DMA IRQ c1=2
DMA IRQ c2=0
DMA IRQ c3=0
SELECT busy=5885
SELECT w0=5885
SELECT w1=3096
SELECT w2=3175
BUSY TASK ewma=997
DMA IRQ c0=0
DMA IRQ c1=2
DMA IRQ c2=0
DMA IRQ c3=0
SELECT busy=5904
SELECT w0=5905
SELECT w1=3105
SELECT w2=3188
BUSY TASK ewma=997
DMA IRQ c0=0
DMA IRQ c1=2
DMA IRQ c2=0
DMA IRQ c3=0
SELECT busy=5921
SELECT w0=5922
SELECT w1=3112
SELECT w2=3196
BUSY TASK ewma=997
DMA IRQ c0=0
DMA IRQ c1=2
DMA IRQ c2=0
DMA IRQ c3=0
SELECT busy=5940
SELECT w0=5940
SELECT w1=3119
SELECT w2=3206
BUSY TASK ewma=997
DMA IRQ c0=0
DMA IRQ c1=2
DMA IRQ c2=0
DMA IRQ c3=0
SELECT busy=5957
SELECT w0=5958
SELECT w1=3125
SELECT w2=3214
BUSY TASK ewma=997
DMA IRQ c0=0
DMA IRQ c1=2
DMA IRQ c2=0
DMA IRQ c3=0
SELECT busy=5976
SELECT w0=5977
SELECT w1=3132
SELECT w2=3222
BUSY TASK ewma=997
DMA IRQ c0=0
DMA IRQ c1=2
DMA IRQ c2=0
DMA IRQ c3=0
SELECT busy=5995
SELECT w0=5996
SELECT w1=3137
SELECT w2=3229
BUSY TASK ewma=997
DMA IRQ c0=0
DMA IRQ c1=2
DMA IRQ c2=0
DMA IRQ c3=0
SELECT busy=6013
SELECT w0=6014
SELECT w1=3145
SELECT w2=3240
BUSY TASK ewma=997
DMA IRQ c0=0
DMA IRQ c1=2
DMA IRQ c2=0
DMA IRQ c3=0
SELECT busy=6040
SELECT w0=6041
SELECT w1=3155
SELECT w2=3254
BUSY TASK ewma=997
DMA IRQ c0=0
DMA IRQ c1=2
DMA IRQ c2=0
DMA IRQ c3=0
SELECT busy=6076
SELECT w0=6077
SELECT w1=3171
SELECT w2=3274
BUSY TASK ewma=997
DMA IRQ c0=0
DMA IRQ c1=2
DMA IRQ c2=0
DMA IRQ c3=0
SELECT busy=6114
SELECT w0=6115
SELECT w1=3186
SELECT w2=3296
BUSY TASK ewma=997
DMA IRQ c0=0
DMA IRQ c1=2
DMA IRQ c2=0
DMA IRQ c3=0
SELECT busy=6147
SELECT w0=6148
SELECT w1=3200
SELECT w2=3316
BUSY TASK ewma=997
DMA IRQ c0=0
DMA IRQ c1=2
DMA IRQ c2=0
DMA IRQ c3=0
SELECT busy=6188
SELECT w0=6189
SELECT w1=3217
SELECT w2=3335
BUSY TASK ewma=997
DMA IRQ c0=0
DMA IRQ c1=2
DMA IRQ c2=0
DMA IRQ c3=0
SELECT busy=6221
SELECT w0=6221
SELECT w1=3235
SELECT w2=3353
BUSY TASK ewma=997
DMA IRQ c0=0
DMA IRQ c1=2
DMA IRQ c2=0
DMA IRQ c3=0
SELECT busy=6249
SELECT w0=6250
SELECT w1=3247
SELECT w2=3369
BUSY TASK ewma=997
DMA IRQ c0=0
DMA IRQ c1=2
DMA IRQ c2=0
DMA IRQ c3=0
SELECT busy=6285
SELECT w0=6285
SELECT w1=3260
SELECT w2=3388
BUSY TASK ewma=997
DMA IRQ c0=0
DMA IRQ c1=2
DMA IRQ c2=0
DMA IRQ c3=0
SELECT busy=6324
SELECT w0=6324
SELECT w1=3274
SELECT w2=3406
BUSY TASK ewma=997
DMA IRQ c0=0
DMA IRQ c1=2
DMA IRQ c2=0
DMA IRQ c3=0
SELECT busy=6358
SELECT w0=6359
SELECT w1=3287
SELECT w2=3422
BUSY TASK ewma=997
DMA IRQ c0=0
DMA IRQ c1=2
DMA IRQ c2=0
DMA IRQ c3=0
SELECT busy=6394
SELECT w0=6395
SELECT w1=3300
SELECT w2=3439
BUSY TASK ewma=997
DMA IRQ c0=0
DMA IRQ c1=2
DMA IRQ c2=0
DMA IRQ c3=0
SELECT busy=6435
SELECT w0=6436
SELECT w1=3318
SELECT w2=3460
BUSY TASK ewma=997
DMA IRQ c0=0
DMA IRQ c1=2
DMA IRQ c2=0
DMA IRQ c3=0
SELECT busy=6474
SELECT w0=6475
SELECT w1=3335
SELECT w2=3485
BUSY TASK ewma=997
DMA IRQ c0=0
DMA IRQ c1=2
DMA IRQ c2=0
DMA IRQ c3=0
SELECT busy=6508
SELECT w0=6509
SELECT w1=3349
SELECT w2=3503
BUSY TASK ewma=997
DMA IRQ c0=0
DMA IRQ c1=2
DMA IRQ c2=0
DMA IRQ c3=0
SELECT busy=6532
SELECT w0=6532
SELECT w1=3357
SELECT w2=3512
BUSY TASK ewma=997
DMA IRQ c0=0
DMA IRQ c1=2
DMA IRQ c2=0
DMA IRQ c3=0
SELECT busy=6550
SELECT w0=6551
SELECT w1=3363
SELECT w2=3520
BUSY TASK ewma=997
DMA IRQ c0=0
DMA IRQ c1=2
DMA IRQ c2=0
DMA IRQ c3=0
SELECT busy=6570
SELECT w0=6570
SELECT w1=3370
SELECT w2=3528
BUSY TASK ewma=997
DMA IRQ c0=0
DMA IRQ c1=2
DMA IRQ c2=0
DMA IRQ c3=0
SELECT busy=6591
SELECT w0=6592
SELECT w1=3381
SELECT w2=3545
BUSY TASK ewma=997
DMA IRQ c0=0
DMA IRQ c1=2
DMA IRQ c2=0
DMA IRQ c3=0
SELECT busy=6610
SELECT w0=6611
SELECT w1=3390
SELECT w2=3557
BUSY TASK ewma=997
DMA IRQ c0=0
DMA IRQ c1=2
DMA IRQ c2=0
DMA IRQ c3=0
SELECT busy=6628
SELECT w0=6629
SELECT w1=3396
SELECT w2=3566
BUSY TASK ewma=997
DMA IRQ c0=0
DMA IRQ c1=2
DMA IRQ c2=0
DMA IRQ c3=0
SELECT busy=6648
SELECT w0=6648
SELECT w1=3404
SELECT w2=3576
BUSY TASK ewma=997
DMA IRQ c0=0
DMA IRQ c1=2
DMA IRQ c2=0
DMA IRQ c3=0
SELECT busy=6667
SELECT w0=6667
SELECT w1=3412
SELECT w2=3585
BUSY TASK ewma=997
DMA IRQ c0=0
DMA IRQ c1=2
DMA IRQ c2=0
DMA IRQ c3=0
SELECT busy=6685
SELECT w0=6685
SELECT w1=3420
SELECT w2=3593
BUSY TASK ewma=997
DMA IRQ c0=0
DMA IRQ c1=2
DMA IRQ c2=0
DMA IRQ c3=0
SELECT busy=6704
SELECT w0=6704
SELECT w1=3427
SELECT w2=3603
BUSY TASK ewma=997
DMA IRQ c0=0
DMA IRQ c1=2
DMA IRQ c2=0
DMA IRQ c3=0
SELECT busy=6723
SELECT w0=6723
SELECT w1=3435
SELECT w2=3610
BUSY TASK ewma=997
DMA IRQ c0=0
DMA IRQ c1=2
DMA IRQ c2=0
DMA IRQ c3=0
SELECT busy=6742
SELECT w0=6742
SELECT w1=3442
SELECT w2=3619
BUSY TASK ewma=997
DMA IRQ c0=0
DMA IRQ c1=2
DMA IRQ c2=0
DMA IRQ c3=0
SELECT busy=6764
SELECT w0=6765
SELECT w1=3457
SELECT w2=3636
BUSY TASK ewma=997
DMA IRQ c0=0
DMA IRQ c1=2
DMA IRQ c2=0
DMA IRQ c3=0
SELECT busy=6786
SELECT w0=6786
SELECT w1=3464
SELECT w2=3645
BUSY TASK ewma=997
DMA IRQ c0=0
DMA IRQ c1=2
DMA IRQ c2=0
DMA IRQ c3=0
SELECT busy=6807
SELECT w0=6807
SELECT w1=3475
SELECT w2=3656
BUSY TASK ewma=997
DMA IRQ c0=0
DMA IRQ c1=2
DMA IRQ c2=0
DMA IRQ c3=0
SELECT busy=6826
SELECT w0=6826
SELECT w1=3483
SELECT w2=3664
BUSY TASK ewma=997
DMA IRQ c0=0
DMA IRQ c1=2
DMA IRQ c2=0
DMA IRQ c3=0
SELECT busy=6845
SELECT w0=6845
SELECT w1=3491
SELECT w2=3673
BUSY TASK ewma=997
DMA IRQ c0=0
DMA IRQ c1=2
DMA IRQ c2=0
DMA IRQ c3=0
SELECT busy=6864
SELECT w0=6864
SELECT w1=3499
SELECT w2=3683
BUSY TASK ewma=997
DMA IRQ c0=0
DMA IRQ c1=2
DMA IRQ c2=0
DMA IRQ c3=0
SELECT busy=6878
SELECT w0=6879
SELECT w1=3508
SELECT w2=3692
BUSY TASK ewma=997
DMA IRQ c0=0
DMA IRQ c1=2
DMA IRQ c2=0
DMA IRQ c3=0
SELECT busy=6894
SELECT w0=6894
SELECT w1=3516
SELECT w2=3700
BUSY TASK ewma=997
DMA IRQ c0=0
DMA IRQ c1=2
DMA IRQ c2=0
DMA IRQ c3=0
SELECT busy=6910
SELECT w0=6911
SELECT w1=3523
SELECT w2=3708
BUSY TASK ewma=997
DMA IRQ c0=0
DMA IRQ c1=2
DMA IRQ c2=0
DMA IRQ c3=0
SELECT busy=6929
SELECT w0=6929
SELECT w1=3529
SELECT w2=3716
BUSY TASK ewma=997
DMA IRQ c0=0
DMA IRQ c1=2
DMA IRQ c2=0
DMA IRQ c3=0
SELECT busy=6951
SELECT w0=6951
SELECT w1=3539
SELECT w2=3730
BUSY TASK ewma=997
DMA IRQ c0=0
DMA IRQ c1=2
DMA IRQ c2=0
DMA IRQ c3=0
SELECT busy=6970
SELECT w0=6971
SELECT w1=3549
SELECT w2=3746
BUSY TASK ewma=997
DMA IRQ c0=0
DMA IRQ c1=2
DMA IRQ c2=0
DMA IRQ c3=0
SELECT busy=6988
SELECT w0=6988
SELECT w1=3556
SELECT w2=3754
BUSY TASK ewma=997
DMA IRQ c0=0
DMA IRQ c1=2
DMA IRQ c2=0
DMA IRQ c3=0
SELECT busy=7006
SELECT w0=7006
SELECT w1=3563
SELECT w2=3763
BUSY TASK ewma=997
DMA IRQ c0=0
DMA IRQ c1=2
DMA IRQ c2=0
DMA IRQ c3=0
SELECT busy=7026
SELECT w0=7026
SELECT w1=3569
SELECT w2=3771
BUSY TASK ewma=997
DMA IRQ c0=0
DMA IRQ c1=2
DMA IRQ c2=0
DMA IRQ c3=0
SELECT busy=7045
SELECT w0=7045
SELECT w1=3575
SELECT w2=3779
BUSY TASK ewma=997
DMA IRQ c0=0
DMA IRQ c1=2
DMA IRQ c2=0
DMA IRQ c3=0
SELECT busy=7072
SELECT w0=7073
SELECT w1=3588
SELECT w2=3797
BUSY TASK ewma=997
DMA IRQ c0=0
DMA IRQ c1=2
DMA IRQ c2=0
DMA IRQ c3=0
SELECT busy=7102
SELECT w0=7104
SELECT w1=3603
SELECT w2=3814
BUSY TASK ewma=997
DMA IRQ c0=0
DMA IRQ c1=2
DMA IRQ c2=0
DMA IRQ c3=0
SELECT busy=7138
SELECT w0=7138
SELECT w1=3617
SELECT w2=3834
BUSY TASK ewma=997
DMA IRQ c0=0
DMA IRQ c1=2
DMA IRQ c2=0
DMA IRQ c3=0
SELECT busy=7173
SELECT w0=7173
SELECT w1=3630
SELECT w2=3852
BUSY TASK ewma=997
DMA IRQ c0=0
DMA IRQ c1=2
DMA IRQ c2=0
DMA IRQ c3=0
SELECT busy=7215
SELECT w0=7217
SELECT w1=3653
SELECT w2=3878
BUSY TASK ewma=997
DMA IRQ c0=0
DMA IRQ c1=2
DMA IRQ c2=0
DMA IRQ c3=0
SELECT busy=7256
SELECT w0=7256
SELECT w1=3671
SELECT w2=3899
BUSY TASK ewma=997
IRQ counts: cpu0=14556 cpu1=15759 cpu2=15688 cpu3=15315
SCHED secondaries: calls=46788 unexpected=0
SECTEST switches=46790 cpu1=129531071,125616759 cpu2=102824999,103009477 cpu3=149231053,145998028
PINGPONG rounds=2000 pongs=2000
DMA IRQ c0=0
DMA IRQ c1=2
DMA IRQ c2=0
DMA IRQ c3=0
SELECT busy=7305
SELECT w0=7306
SELECT w1=3694
SELECT w2=3929
BUSY TASK ewma=997
DMA IRQ c0=0
DMA IRQ c1=2
DMA IRQ c2=0
DMA IRQ c3=0
SELECT busy=7344
SELECT w0=7344
SELECT w1=3709
SELECT w2=3949
BUSY TASK ewma=997
DMA IRQ c0=0
DMA IRQ c1=2
DMA IRQ c2=0
DMA IRQ c3=0
SELECT busy=7384
SELECT w0=7384
SELECT w1=3725
SELECT w2=3969
BUSY TASK ewma=997
DMA IRQ c0=0
DMA IRQ c1=2
DMA IRQ c2=0
DMA IRQ c3=0
SELECT busy=7422
SELECT w0=7423
SELECT w1=3740
SELECT w2=3989
BUSY TASK ewma=997
DMA IRQ c0=0
DMA IRQ c1=2
DMA IRQ c2=0
DMA IRQ c3=0
SELECT busy=7453
SELECT w0=7454
SELECT w1=3754
SELECT w2=4008
BUSY TASK ewma=997
DMA IRQ c0=0
DMA IRQ c1=2
DMA IRQ c2=0
DMA IRQ c3=0
SELECT busy=7493
SELECT w0=7494
SELECT w1=3770
SELECT w2=4031
BUSY TASK ewma=997
DMA IRQ c0=0
DMA IRQ c1=2
DMA IRQ c2=0
DMA IRQ c3=0
SELECT busy=7530
SELECT w0=7530
SELECT w1=3785
SELECT w2=4051
BUSY TASK ewma=997
DMA IRQ c0=0
DMA IRQ c1=2
DMA IRQ c2=0
DMA IRQ c3=0
SELECT busy=7562
SELECT w0=7563
SELECT w1=3798
SELECT w2=4069
BUSY TASK ewma=997
DMA IRQ c0=0
DMA IRQ c1=2
DMA IRQ c2=0
DMA IRQ c3=0
SELECT busy=7586
SELECT w0=7586
SELECT w1=3807
SELECT w2=4080
BUSY TASK ewma=997
DMA IRQ c0=0
DMA IRQ c1=2
DMA IRQ c2=0
DMA IRQ c3=0
SELECT busy=7622
SELECT w0=7623
SELECT w1=3822
SELECT w2=4100
BUSY TASK ewma=997
DMA IRQ c0=0
DMA IRQ c1=2
DMA IRQ c2=0
DMA IRQ c3=0
SELECT busy=7659
SELECT w0=7659
SELECT w1=3838
SELECT w2=4119
BUSY TASK ewma=997
DMA IRQ c0=0
DMA IRQ c1=2
DMA IRQ c2=0
DMA IRQ c3=0
SELECT busy=7693
SELECT w0=7693
SELECT w1=3852
SELECT w2=4138
BUSY TASK ewma=997
DMA IRQ c0=0
DMA IRQ c1=2
DMA IRQ c2=0
DMA IRQ c3=0
SELECT busy=7732
SELECT w0=7732
SELECT w1=3868
SELECT w2=4153
BUSY TASK ewma=997
DMA IRQ c0=0
DMA IRQ c1=2
DMA IRQ c2=0
DMA IRQ c3=0
SELECT busy=7771
SELECT w0=7771
SELECT w1=3881
SELECT w2=4171
BUSY TASK ewma=997
DMA IRQ c0=0
DMA IRQ c1=2
DMA IRQ c2=0
DMA IRQ c3=0
SELECT busy=7814
SELECT w0=7814
SELECT w1=3896
SELECT w2=4192
BUSY TASK ewma=997
DMA IRQ c0=0
DMA IRQ c1=2
DMA IRQ c2=0
DMA IRQ c3=0
SELECT busy=7846
SELECT w0=7847
SELECT w1=3909
SELECT w2=4213
BUSY TASK ewma=997
DMA IRQ c0=0
DMA IRQ c1=2
DMA IRQ c2=0
DMA IRQ c3=0
SELECT busy=7887
SELECT w0=7889
SELECT w1=3930
SELECT w2=4236
BUSY TASK ewma=997
DMA IRQ c0=0
DMA IRQ c1=2
DMA IRQ c2=0
DMA IRQ c3=0
SELECT busy=7924
SELECT w0=7925
SELECT w1=3946
SELECT w2=4256
BUSY TASK ewma=997
DMA IRQ c0=0
DMA IRQ c1=2
DMA IRQ c2=0
DMA IRQ c3=0
SELECT busy=7956
SELECT w0=7956
SELECT w1=3957
SELECT w2=4273
BUSY TASK ewma=997
DMA IRQ c0=0
DMA IRQ c1=2
DMA IRQ c2=0
DMA IRQ c3=0
SELECT busy=7988
SELECT w0=7989
SELECT w1=3972
SELECT w2=4290
BUSY TASK ewma=997
DMA IRQ c0=0
DMA IRQ c1=2
DMA IRQ c2=0
DMA IRQ c3=0
SELECT busy=8019
SELECT w0=8019
SELECT w1=3985
SELECT w2=4308
BUSY TASK ewma=997
DMA IRQ c0=0
DMA IRQ c1=2
DMA IRQ c2=0
DMA IRQ c3=0
SELECT busy=8057
SELECT w0=8059
SELECT w1=3998
SELECT w2=4329
BUSY TASK ewma=997
DMA IRQ c0=0
DMA IRQ c1=2
DMA IRQ c2=0
DMA IRQ c3=0
SELECT busy=8088
SELECT w0=8088
SELECT w1=4012
SELECT w2=4345
BUSY TASK ewma=997
DMA IRQ c0=0
DMA IRQ c1=2
DMA IRQ c2=0
DMA IRQ c3=0
SELECT busy=8130
SELECT w0=8130
SELECT w1=4028
SELECT w2=4366
BUSY TASK ewma=997
DMA IRQ c0=0
DMA IRQ c1=2
DMA IRQ c2=0
DMA IRQ c3=0
SELECT busy=8169
SELECT w0=8169
SELECT w1=4044
SELECT w2=4386
BUSY TASK ewma=997
DMA IRQ c0=0
DMA IRQ c1=2
DMA IRQ c2=0
DMA IRQ c3=0
SELECT busy=8205
SELECT w0=8206
SELECT w1=4060
SELECT w2=4405
BUSY TASK ewma=997
DMA IRQ c0=0
DMA IRQ c1=2
DMA IRQ c2=0
DMA IRQ c3=0
SELECT busy=8245
SELECT w0=8246
SELECT w1=4075
SELECT w2=4429
BUSY TASK ewma=997
DMA IRQ c0=0
DMA IRQ c1=2
DMA IRQ c2=0
DMA IRQ c3=0
SELECT busy=8285
SELECT w0=8286
SELECT w1=4092
SELECT w2=4450
BUSY TASK ewma=997
DMA IRQ c0=0
DMA IRQ c1=2
DMA IRQ c2=0
DMA IRQ c3=0
SELECT busy=8318
SELECT w0=8319
SELECT w1=4107
SELECT w2=4467
BUSY TASK ewma=997
DMA IRQ c0=0
DMA IRQ c1=2
DMA IRQ c2=0
DMA IRQ c3=0
SELECT busy=8358
SELECT w0=8358
SELECT w1=4121
SELECT w2=4483
BUSY TASK ewma=997
DMA IRQ c0=0
DMA IRQ c1=2
DMA IRQ c2=0
DMA IRQ c3=0
SELECT busy=8384
SELECT w0=8384
SELECT w1=4130
SELECT w2=4495
BUSY TASK ewma=997
DMA IRQ c0=0
DMA IRQ c1=2
DMA IRQ c2=0
DMA IRQ c3=0
SELECT busy=8405
SELECT w0=8406
SELECT w1=4140
SELECT w2=4507
BUSY TASK ewma=997
DMA IRQ c0=0
DMA IRQ c1=2
DMA IRQ c2=0
DMA IRQ c3=0
SELECT busy=8424
SELECT w0=8425
SELECT w1=4150
SELECT w2=4519
BUSY TASK ewma=997
DMA IRQ c0=0
DMA IRQ c1=2
DMA IRQ c2=0
DMA IRQ c3=0
SELECT busy=8446
SELECT w0=8446
SELECT w1=4159
SELECT w2=4536
BUSY TASK ewma=997
DMA IRQ c0=0
DMA IRQ c1=2
DMA IRQ c2=0
DMA IRQ c3=0
SELECT busy=8480
SELECT w0=8480
SELECT w1=4174
SELECT w2=4551
BUSY TASK ewma=997
DMA IRQ c0=0
DMA IRQ c1=2
DMA IRQ c2=0
DMA IRQ c3=0
SELECT busy=8525
SELECT w0=8527
SELECT w1=4196
SELECT w2=4576
BUSY TASK ewma=997
DMA IRQ c0=0
DMA IRQ c1=2
DMA IRQ c2=0
DMA IRQ c3=0
SELECT busy=8557
SELECT w0=8557
SELECT w1=4208
SELECT w2=4594
BUSY TASK ewma=997
DMA IRQ c0=0
DMA IRQ c1=2
DMA IRQ c2=0
DMA IRQ c3=0
SELECT busy=8595
SELECT w0=8595
SELECT w1=4226
SELECT w2=4616
BUSY TASK ewma=997
DMA IRQ c0=0
DMA IRQ c1=2
DMA IRQ c2=0
DMA IRQ c3=0
SELECT busy=8621
SELECT w0=8622
SELECT w1=4238
SELECT w2=4631
BUSY TASK ewma=997
DMA IRQ c0=0
DMA IRQ c1=2
DMA IRQ c2=0
DMA IRQ c3=0
SELECT busy=8652
SELECT w0=8653
SELECT w1=4251
SELECT w2=4648
BUSY TASK ewma=997
DMA IRQ c0=0
DMA IRQ c1=2
DMA IRQ c2=0
DMA IRQ c3=0
SELECT busy=8685
SELECT w0=8685
SELECT w1=4268
SELECT w2=4668
BUSY TASK ewma=997
DMA IRQ c0=0
DMA IRQ c1=2
DMA IRQ c2=0
DMA IRQ c3=0
SELECT busy=8721
SELECT w0=8722
SELECT w1=4283
SELECT w2=4687
BUSY TASK ewma=997
DMA IRQ c0=0
DMA IRQ c1=2
DMA IRQ c2=0
DMA IRQ c3=0
SELECT busy=8757
SELECT w0=8757
SELECT w1=4299
SELECT w2=4707
BUSY TASK ewma=997
DMA IRQ c0=0
DMA IRQ c1=2
DMA IRQ c2=0
DMA IRQ c3=0
SELECT busy=8806
SELECT w0=8807
SELECT w1=4320
SELECT w2=4734
BUSY TASK ewma=997
DMA IRQ c0=0
DMA IRQ c1=2
DMA IRQ c2=0
DMA IRQ c3=0
SELECT busy=8834
SELECT w0=8834
SELECT w1=4331
SELECT w2=4748
BUSY TASK ewma=997
DMA IRQ c0=0
DMA IRQ c1=2
DMA IRQ c2=0
DMA IRQ c3=0
SELECT busy=8873
SELECT w0=8873
SELECT w1=4346
SELECT w2=4770
BUSY TASK ewma=997
DMA IRQ c0=0
DMA IRQ c1=2
DMA IRQ c2=0
DMA IRQ c3=0
SELECT busy=8910
SELECT w0=8911
SELECT w1=4366
SELECT w2=4796
BUSY TASK ewma=997
DMA IRQ c0=0
DMA IRQ c1=2
DMA IRQ c2=0
DMA IRQ c3=0
SELECT busy=8943
SELECT w0=8943
SELECT w1=4380
SELECT w2=4814
BUSY TASK ewma=997
DMA IRQ c0=0
DMA IRQ c1=2
DMA IRQ c2=0
DMA IRQ c3=0
SELECT busy=8984
SELECT w0=8984
SELECT w1=4398
SELECT w2=4834
BUSY TASK ewma=997
DMA IRQ c0=0
DMA IRQ c1=2
DMA IRQ c2=0
DMA IRQ c3=0
SELECT busy=9022
SELECT w0=9023
SELECT w1=4414
SELECT w2=4855
BUSY TASK ewma=997
DMA IRQ c0=0
DMA IRQ c1=2
DMA IRQ c2=0
DMA IRQ c3=0
SELECT busy=9060
SELECT w0=9060
SELECT w1=4428
SELECT w2=4872
BUSY TASK ewma=997
DMA IRQ c0=0
DMA IRQ c1=2
DMA IRQ c2=0
DMA IRQ c3=0
SELECT busy=9093
SELECT w0=9094
SELECT w1=4444
SELECT w2=4892
BUSY TASK ewma=997
DMA IRQ c0=0
DMA IRQ c1=2
DMA IRQ c2=0
DMA IRQ c3=0
SELECT busy=9131
SELECT w0=9131
SELECT w1=4461
SELECT w2=4913
BUSY TASK ewma=997
DMA IRQ c0=0
DMA IRQ c1=2
DMA IRQ c2=0
DMA IRQ c3=0
SELECT busy=9166
SELECT w0=9167
SELECT w1=4475
SELECT w2=4930
BUSY TASK ewma=997
DMA IRQ c0=0
DMA IRQ c1=2
DMA IRQ c2=0
DMA IRQ c3=0
SELECT busy=9191
SELECT w0=9191
SELECT w1=4487
SELECT w2=4945
BUSY TASK ewma=997
DMA IRQ c0=0
DMA IRQ c1=2
DMA IRQ c2=0
DMA IRQ c3=0
SELECT busy=9211
SELECT w0=9211
SELECT w1=4495
SELECT w2=4955
BUSY TASK ewma=997
DMA IRQ c0=0
DMA IRQ c1=2
DMA IRQ c2=0
DMA IRQ c3=0
SELECT busy=9231
SELECT w0=9231
SELECT w1=4502
SELECT w2=4964
BUSY TASK ewma=997
DMA IRQ c0=0
DMA IRQ c1=2
DMA IRQ c2=0
DMA IRQ c3=0
SELECT busy=9249
SELECT w0=9250
SELECT w1=4509
SELECT w2=4972
BUSY TASK ewma=997
DMA IRQ c0=0
DMA IRQ c1=2
DMA IRQ c2=0
DMA IRQ c3=0
SELECT busy=9268
SELECT w0=9268
SELECT w1=4515
SELECT w2=4980
BUSY TASK ewma=997
DMA IRQ c0=0
DMA IRQ c1=2
DMA IRQ c2=0
DMA IRQ c3=0
SELECT busy=9288
SELECT w0=9290
SELECT w1=4524
SELECT w2=4991
BUSY TASK ewma=997
DMA IRQ c0=0
DMA IRQ c1=2
DMA IRQ c2=0
DMA IRQ c3=0
SELECT busy=9307
SELECT w0=9308
SELECT w1=4538
SELECT w2=5004
BUSY TASK ewma=997
DMA IRQ c0=0
DMA IRQ c1=2
DMA IRQ c2=0
DMA IRQ c3=0
SELECT busy=9335
SELECT w0=9336
SELECT w1=4549
SELECT w2=5018
BUSY TASK ewma=997
DMA IRQ c0=0
DMA IRQ c1=2
DMA IRQ c2=0
DMA IRQ c3=0
SELECT busy=9364
SELECT w0=9365
SELECT w1=4563
SELECT w2=5033
BUSY TASK ewma=997
DMA IRQ c0=0
DMA IRQ c1=2
DMA IRQ c2=0
DMA IRQ c3=0
SELECT busy=9401
SELECT w0=9402
SELECT w1=4578
SELECT w2=5055
BUSY TASK ewma=997
IRQ counts: cpu0=18846 cpu1=20294 cpu2=20306 cpu3=19750
SCHED secondaries: calls=60364 unexpected=0
SECTEST switches=60315 cpu1=154562438,150826463 cpu2=129224343,129380720 cpu3=183856514,180331483
PINGPONG rounds=2000 pongs=2000
DMA IRQ c0=0
DMA IRQ c1=2
DMA IRQ c2=0
DMA IRQ c3=0
SELECT busy=9446
SELECT w0=9448
SELECT w1=4598
SELECT w2=5080
BUSY TASK ewma=997
DMA IRQ c0=0
DMA IRQ c1=2
DMA IRQ c2=0
DMA IRQ c3=0
SELECT busy=9477
SELECT w0=9478
SELECT w1=4610
SELECT w2=5097
BUSY TASK ewma=997
DMA IRQ c0=0
DMA IRQ c1=2
DMA IRQ c2=0
DMA IRQ c3=0
SELECT busy=9513
SELECT w0=9514
SELECT w1=4626
SELECT w2=5118
BUSY TASK ewma=997
DMA IRQ c0=0
DMA IRQ c1=2
DMA IRQ c2=0
DMA IRQ c3=0
SELECT busy=9551
SELECT w0=9552
SELECT w1=4642
SELECT w2=5134
BUSY TASK ewma=997
DMA IRQ c0=0
DMA IRQ c1=2
DMA IRQ c2=0
DMA IRQ c3=0
SELECT busy=9590
SELECT w0=9590
SELECT w1=4661
SELECT w2=5155
BUSY TASK ewma=997
DMA IRQ c0=0
DMA IRQ c1=2
DMA IRQ c2=0
DMA IRQ c3=0
SELECT busy=9628
SELECT w0=9629
SELECT w1=4681
SELECT w2=5179
BUSY TASK ewma=997
DMA IRQ c0=0
DMA IRQ c1=2
DMA IRQ c2=0
DMA IRQ c3=0
SELECT busy=9666
SELECT w0=9666
SELECT w1=4696
SELECT w2=5200
BUSY TASK ewma=997
DMA IRQ c0=0
DMA IRQ c1=2
DMA IRQ c2=0
DMA IRQ c3=0
SELECT busy=9703
SELECT w0=9703
SELECT w1=4711
SELECT w2=5219
BUSY TASK ewma=997
DMA IRQ c0=0
DMA IRQ c1=2
DMA IRQ c2=0
DMA IRQ c3=0
SELECT busy=9745
SELECT w0=9745
SELECT w1=4730
SELECT w2=5239
BUSY TASK ewma=997
DMA IRQ c0=0
DMA IRQ c1=2
DMA IRQ c2=0
DMA IRQ c3=0
SELECT busy=9787
SELECT w0=9787
SELECT w1=4744
SELECT w2=5256
BUSY TASK ewma=997
DMA IRQ c0=0
DMA IRQ c1=2
DMA IRQ c2=0
DMA IRQ c3=0
SELECT busy=9814
SELECT w0=9814
SELECT w1=4756
SELECT w2=5270
BUSY TASK ewma=997
DMA IRQ c0=0
DMA IRQ c1=2
DMA IRQ c2=0
DMA IRQ c3=0
SELECT busy=9846
SELECT w0=9847
SELECT w1=4773
SELECT w2=5289
BUSY TASK ewma=997
DMA IRQ c0=0
DMA IRQ c1=2
DMA IRQ c2=0
DMA IRQ c3=0
SELECT busy=9875
SELECT w0=9875
SELECT w1=4783
SELECT w2=5300
BUSY TASK ewma=997
DMA IRQ c0=0
DMA IRQ c1=2
DMA IRQ c2=0
DMA IRQ c3=0
SELECT busy=9905
SELECT w0=9905
SELECT w1=4796
SELECT w2=5315
BUSY TASK ewma=997
DMA IRQ c0=0
DMA IRQ c1=2
DMA IRQ c2=0
DMA IRQ c3=0
SELECT busy=9949
SELECT w0=9950
SELECT w1=4817
SELECT w2=5341
BUSY TASK ewma=997
DMA IRQ c0=0
DMA IRQ c1=2
DMA IRQ c2=0
DMA IRQ c3=0
SELECT busy=9973
SELECT w0=9973
SELECT w1=4830
SELECT w2=5355
BUSY TASK ewma=997
DMA IRQ c0=0
DMA IRQ c1=2
DMA IRQ c2=0
DMA IRQ c3=0
SELECT busy=9988
SELECT w0=9988
SELECT w1=4839
SELECT w2=5361
BUSY TASK ewma=997
DMA IRQ c0=0
DMA IRQ c1=2
DMA IRQ c2=0
DMA IRQ c3=0
SELECT busy=10013
SELECT w0=10013
SELECT w1=4850
SELECT w2=5373
BUSY TASK ewma=997
DMA IRQ c0=0
DMA IRQ c1=2
DMA IRQ c2=0
DMA IRQ c3=0
SELECT busy=10050
SELECT w0=10052
SELECT w1=4867
SELECT w2=5395
BUSY TASK ewma=997
DMA IRQ c0=0
DMA IRQ c1=2
DMA IRQ c2=0
DMA IRQ c3=0
SELECT busy=10086
SELECT w0=10087
SELECT w1=4883
SELECT w2=5413
BUSY TASK ewma=997
DMA IRQ c0=0
DMA IRQ c1=2
DMA IRQ c2=0
DMA IRQ c3=0
SELECT busy=10120
SELECT w0=10120
SELECT w1=4895
SELECT w2=5427
BUSY TASK ewma=997
DMA IRQ c0=0
DMA IRQ c1=2
DMA IRQ c2=0
DMA IRQ c3=0
SELECT busy=10158
SELECT w0=10159
SELECT w1=4909
SELECT w2=5444
BUSY TASK ewma=997
DMA IRQ c0=0
DMA IRQ c1=2
DMA IRQ c2=0
DMA IRQ c3=0
SELECT busy=10186
SELECT w0=10186
SELECT w1=4922
SELECT w2=5462
BUSY TASK ewma=997
DMA IRQ c0=0
DMA IRQ c1=2
DMA IRQ c2=0
DMA IRQ c3=0
SELECT busy=10224
SELECT w0=10224
SELECT w1=4938
SELECT w2=5481
BUSY TASK ewma=997
DMA IRQ c0=0
DMA IRQ c1=2
DMA IRQ c2=0
DMA IRQ c3=0
SELECT busy=10256
SELECT w0=10257
SELECT w1=4950
SELECT w2=5497
BUSY TASK ewma=997
DMA IRQ c0=0
DMA IRQ c1=2
DMA IRQ c2=0
DMA IRQ c3=0
SELECT busy=10278
SELECT w0=10279
SELECT w1=4962
SELECT w2=5515
BUSY TASK ewma=997
DMA IRQ c0=0
DMA IRQ c1=2
DMA IRQ c2=0
DMA IRQ c3=0
SELECT busy=10296
SELECT w0=10296
SELECT w1=4970
SELECT w2=5526
BUSY TASK ewma=997
DMA IRQ c0=0
DMA IRQ c1=2
DMA IRQ c2=0
DMA IRQ c3=0
SELECT busy=10310
SELECT w0=10312
SELECT w1=4978
SELECT w2=5538
BUSY TASK ewma=997
DMA IRQ c0=0
DMA IRQ c1=2
DMA IRQ c2=0
DMA IRQ c3=0
SELECT busy=10340
SELECT w0=10341
SELECT w1=4990
SELECT w2=5555
BUSY TASK ewma=997
DMA IRQ c0=0
DMA IRQ c1=2
DMA IRQ c2=0
DMA IRQ c3=0
SELECT busy=10354
SELECT w0=10354
SELECT w1=4996
SELECT w2=5563
BUSY TASK ewma=997
DMA IRQ c0=0
DMA IRQ c1=2
DMA IRQ c2=0
DMA IRQ c3=0
SELECT busy=10371
SELECT w0=10371
SELECT w1=5002
SELECT w2=5570
BUSY TASK ewma=997
DMA IRQ c0=0
DMA IRQ c1=2
DMA IRQ c2=0
DMA IRQ c3=0
SELECT busy=10388
SELECT w0=10388
SELECT w1=5010
SELECT w2=5581
BUSY TASK ewma=997
DMA IRQ c0=0
DMA IRQ c1=2
DMA IRQ c2=0
DMA IRQ c3=0
SELECT busy=10408
SELECT w0=10410
SELECT w1=5019
SELECT w2=5596
BUSY TASK ewma=997
DMA IRQ c0=0
DMA IRQ c1=2
DMA IRQ c2=0
DMA IRQ c3=0
SELECT busy=10426
SELECT w0=10427
SELECT w1=5027
SELECT w2=5605
BUSY TASK ewma=997
DMA IRQ c0=0
DMA IRQ c1=2
DMA IRQ c2=0
DMA IRQ c3=0
SELECT busy=10449
SELECT w0=10450
SELECT w1=5040
SELECT w2=5624
BUSY TASK ewma=997
DMA IRQ c0=0
DMA IRQ c1=2
DMA IRQ c2=0
DMA IRQ c3=0
SELECT busy=10485
SELECT w0=10486
SELECT w1=5054
SELECT w2=5644
BUSY TASK ewma=997
DMA IRQ c0=0
DMA IRQ c1=2
DMA IRQ c2=0
DMA IRQ c3=0
SELECT busy=10521
SELECT w0=10522
SELECT w1=5071
SELECT w2=5667
BUSY TASK ewma=997
DMA IRQ c0=0
DMA IRQ c1=2
DMA IRQ c2=0
DMA IRQ c3=0
SELECT busy=10543
SELECT w0=10543
SELECT w1=5079
SELECT w2=5676
BUSY TASK ewma=997
DMA IRQ c0=0
DMA IRQ c1=2
DMA IRQ c2=0
DMA IRQ c3=0
SELECT busy=10562
SELECT w0=10563
SELECT w1=5089
SELECT w2=5690
BUSY TASK ewma=997
DMA IRQ c0=0
DMA IRQ c1=2
DMA IRQ c2=0
DMA IRQ c3=0
SELECT busy=10587
SELECT w0=10589
SELECT w1=5102
SELECT w2=5706
BUSY TASK ewma=997
DMA IRQ c0=0
DMA IRQ c1=2
DMA IRQ c2=0
DMA IRQ c3=0
SELECT busy=10608
SELECT w0=10609
SELECT w1=5108
SELECT w2=5715
BUSY TASK ewma=997
DMA IRQ c0=0
DMA IRQ c1=2
DMA IRQ c2=0
DMA IRQ c3=0
SELECT busy=10629
SELECT w0=10630
SELECT w1=5119
SELECT w2=5729
BUSY TASK ewma=997
DMA IRQ c0=0
DMA IRQ c1=2
DMA IRQ c2=0
DMA IRQ c3=0
SELECT busy=10648
SELECT w0=10648
SELECT w1=5131
SELECT w2=5741
BUSY TASK ewma=997
DMA IRQ c0=0
DMA IRQ c1=2
DMA IRQ c2=0
DMA IRQ c3=0
SELECT busy=10667
SELECT w0=10668
SELECT w1=5144
SELECT w2=5756
BUSY TASK ewma=997
DMA IRQ c0=0
DMA IRQ c1=2
DMA IRQ c2=0
DMA IRQ c3=0
SELECT busy=10688
SELECT w0=10689
SELECT w1=5159
SELECT w2=5768
BUSY TASK ewma=997
DMA IRQ c0=0
DMA IRQ c1=2
DMA IRQ c2=0
DMA IRQ c3=0
SELECT busy=10711
SELECT w0=10711
SELECT w1=5170
SELECT w2=5780
BUSY TASK ewma=997
DMA IRQ c0=0
DMA IRQ c1=2
DMA IRQ c2=0
DMA IRQ c3=0
SELECT busy=10732
SELECT w0=10733
SELECT w1=5184
SELECT w2=5796
BUSY TASK ewma=997
DMA IRQ c0=0
DMA IRQ c1=2
DMA IRQ c2=0
DMA IRQ c3=0
SELECT busy=10756
SELECT w0=10761
SELECT w1=5198
SELECT w2=5815
BUSY TASK ewma=997
DMA IRQ c0=0
DMA IRQ c1=2
DMA IRQ c2=0
DMA IRQ c3=0
SELECT busy=10777
SELECT w0=10777
SELECT w1=5207
SELECT w2=5827
BUSY TASK ewma=997
DMA IRQ c0=0
DMA IRQ c1=2
DMA IRQ c2=0
DMA IRQ c3=0
SELECT busy=10794
SELECT w0=10794
SELECT w1=5216
SELECT w2=5840
BUSY TASK ewma=997
DMA IRQ c0=0
DMA IRQ c1=2
DMA IRQ c2=0
DMA IRQ c3=0
SELECT busy=10807
SELECT w0=10808
SELECT w1=5224
SELECT w2=5849
BUSY TASK ewma=997
DMA IRQ c0=0
DMA IRQ c1=2
DMA IRQ c2=0
DMA IRQ c3=0
SELECT busy=10830
SELECT w0=10830
SELECT w1=5234
SELECT w2=5868
BUSY TASK ewma=997
DMA IRQ c0=0
DMA IRQ c1=2
DMA IRQ c2=0
DMA IRQ c3=0
SELECT busy=10850
SELECT w0=10850
SELECT w1=5244
SELECT w2=5879
BUSY TASK ewma=997
DMA IRQ c0=0
DMA IRQ c1=2
DMA IRQ c2=0
DMA IRQ c3=0
SELECT busy=10865
SELECT w0=10866
SELECT w1=5256
SELECT w2=5891
BUSY TASK ewma=997
DMA IRQ c0=0
DMA IRQ c1=2
DMA IRQ c2=0
DMA IRQ c3=0
SELECT busy=10888
SELECT w0=10888
SELECT w1=5267
SELECT w2=5900
BUSY TASK ewma=997
DMA IRQ c0=0
DMA IRQ c1=2
DMA IRQ c2=0
DMA IRQ c3=0
SELECT busy=10909
SELECT w0=10910
SELECT w1=5277
SELECT w2=5915
BUSY TASK ewma=997
DMA IRQ c0=0
DMA IRQ c1=2
DMA IRQ c2=0
DMA IRQ c3=0
SELECT busy=10927
SELECT w0=10928
SELECT w1=5286
SELECT w2=5927
BUSY TASK ewma=997
DMA IRQ c0=0
DMA IRQ c1=2
DMA IRQ c2=0
DMA IRQ c3=0
SELECT busy=10950
SELECT w0=10952
SELECT w1=5299
SELECT w2=5949
BUSY TASK ewma=997
DMA IRQ c0=0
DMA IRQ c1=2
DMA IRQ c2=0
DMA IRQ c3=0
SELECT busy=10967
SELECT w0=10967
SELECT w1=5307
SELECT w2=5956
BUSY TASK ewma=997
DMA IRQ c0=0
DMA IRQ c1=2
DMA IRQ c2=0
DMA IRQ c3=0
SELECT busy=10986
SELECT w0=10986
SELECT w1=5315
SELECT w2=5965
BUSY TASK ewma=997
DMA IRQ c0=0
DMA IRQ c1=2
DMA IRQ c2=0
DMA IRQ c3=0
SELECT busy=11004
SELECT w0=11005
SELECT w1=5322
SELECT w2=5973
BUSY TASK ewma=997
DMA IRQ c0=0
DMA IRQ c1=2
DMA IRQ c2=0
DMA IRQ c3=0
SELECT busy=11023
SELECT w0=11024
SELECT w1=5332
SELECT w2=5984
BUSY TASK ewma=997
DMA IRQ c0=0
DMA IRQ c1=2
DMA IRQ c2=0
DMA IRQ c3=0
SELECT busy=11040
SELECT w0=11040
SELECT w1=5338
SELECT w2=5993
BUSY TASK ewma=997
DMA IRQ c0=0
DMA IRQ c1=2
DMA IRQ c2=0
DMA IRQ c3=0
SELECT busy=11056
SELECT w0=11057
SELECT w1=5348
SELECT w2=6004
BUSY TASK ewma=997
IRQ counts: cpu0=22122 cpu1=24107 cpu2=24070 cpu3=23492
SCHED secondaries: calls=71688 unexpected=0
SECTEST switches=71661 cpu1=185895718,181232019 cpu2=159720713,158995721 cpu3=224362865,220133723
PINGPONG rounds=2000 pongs=2000
DMA IRQ c0=0
DMA IRQ c1=2
DMA IRQ c2=0
DMA IRQ c3=0
SELECT busy=11087
SELECT w0=11087
SELECT w1=5361
SELECT w2=6023
BUSY TASK ewma=997
DMA IRQ c0=0
DMA IRQ c1=2
DMA IRQ c2=0
DMA IRQ c3=0
SELECT busy=11105
SELECT w0=11105
SELECT w1=5367
SELECT w2=6031
BUSY TASK ewma=997
DMA IRQ c0=0
DMA IRQ c1=2
DMA IRQ c2=0
DMA IRQ c3=0
SELECT busy=11124
SELECT w0=11124
SELECT w1=5374
SELECT w2=6040
BUSY TASK ewma=997
DMA IRQ c0=0
DMA IRQ c1=2
DMA IRQ c2=0
DMA IRQ c3=0
SELECT busy=11143
SELECT w0=11144
SELECT w1=5382
SELECT w2=6050
BUSY TASK ewma=997
DMA IRQ c0=0
DMA IRQ c1=2
DMA IRQ c2=0
DMA IRQ c3=0
SELECT busy=11163
SELECT w0=11165
SELECT w1=5391
SELECT w2=6061
BUSY TASK ewma=997
DMA IRQ c0=0
DMA IRQ c1=2
DMA IRQ c2=0
DMA IRQ c3=0
SELECT busy=11198
SELECT w0=11199
SELECT w1=5407
SELECT w2=6082
BUSY TASK ewma=997
DMA IRQ c0=0
DMA IRQ c1=2
DMA IRQ c2=0
DMA IRQ c3=0
SELECT busy=11241
SELECT w0=11244
SELECT w1=5427
SELECT w2=6110
BUSY TASK ewma=997
DMA IRQ c0=0
DMA IRQ c1=2
DMA IRQ c2=0
DMA IRQ c3=0
SELECT busy=11265
SELECT w0=11265
SELECT w1=5434
SELECT w2=6120
BUSY TASK ewma=997
DMA IRQ c0=0
DMA IRQ c1=2
DMA IRQ c2=0
DMA IRQ c3=0
SELECT busy=11281
SELECT w0=11282
SELECT w1=5443
SELECT w2=6132
BUSY TASK ewma=997
DMA IRQ c0=0
DMA IRQ c1=2
DMA IRQ c2=0
DMA IRQ c3=0
SELECT busy=11303
SELECT w0=11303
SELECT w1=5456
SELECT w2=6144
BUSY TASK ewma=997
DMA IRQ c0=0
DMA IRQ c1=2
DMA IRQ c2=0
DMA IRQ c3=0
SELECT busy=11321
SELECT w0=11321
SELECT w1=5463
SELECT w2=6152
BUSY TASK ewma=997
DMA IRQ c0=0
DMA IRQ c1=2
DMA IRQ c2=0
DMA IRQ c3=0
SELECT busy=11342
SELECT w0=11343
SELECT w1=5478
SELECT w2=6166
BUSY TASK ewma=997
DMA IRQ c0=0
DMA IRQ c1=2
DMA IRQ c2=0
DMA IRQ c3=0
SELECT busy=11361
SELECT w0=11361
SELECT w1=5484
SELECT w2=6173
BUSY TASK ewma=997
DMA IRQ c0=0
DMA IRQ c1=2
DMA IRQ c2=0
DMA IRQ c3=0
SELECT busy=11379
SELECT w0=11380
SELECT w1=5492
SELECT w2=6182
BUSY TASK ewma=997
DMA IRQ c0=0
DMA IRQ c1=2
DMA IRQ c2=0
DMA IRQ c3=0
SELECT busy=11396
SELECT w0=11397
SELECT w1=5501
SELECT w2=6189
BUSY TASK ewma=997
DMA IRQ c0=0
DMA IRQ c1=2
DMA IRQ c2=0
DMA IRQ c3=0
SELECT busy=11406
SELECT w0=11407
SELECT w1=5504
SELECT w2=6195
BUSY TASK ewma=997
DMA IRQ c0=0
DMA IRQ c1=2
DMA IRQ c2=0
DMA IRQ c3=0
SELECT busy=11424
SELECT w0=11424
SELECT w1=5511
SELECT w2=6204
BUSY TASK ewma=997
DMA IRQ c0=0
DMA IRQ c1=2
DMA IRQ c2=0
DMA IRQ c3=0
SELECT busy=11441
SELECT w0=11441
SELECT w1=5518
SELECT w2=6214
BUSY TASK ewma=997
DMA IRQ c0=0
DMA IRQ c1=2
DMA IRQ c2=0
DMA IRQ c3=0
SELECT busy=11460
SELECT w0=11461
SELECT w1=5526
SELECT w2=6225
BUSY TASK ewma=997
DMA IRQ c0=0
DMA IRQ c1=2
DMA IRQ c2=0
DMA IRQ c3=0
SELECT busy=11478
SELECT w0=11478
SELECT w1=5534
SELECT w2=6238
BUSY TASK ewma=997
DMA IRQ c0=0
DMA IRQ c1=2
DMA IRQ c2=0
DMA IRQ c3=0
SELECT busy=11498
SELECT w0=11498
SELECT w1=5540
SELECT w2=6245
BUSY TASK ewma=997
DMA IRQ c0=0
DMA IRQ c1=2
DMA IRQ c2=0
DMA IRQ c3=0
SELECT busy=11520
SELECT w0=11520
SELECT w1=5547
SELECT w2=6255
BUSY TASK ewma=997
DMA IRQ c0=0
DMA IRQ c1=2
DMA IRQ c2=0
DMA IRQ c3=0
SELECT busy=11538
SELECT w0=11538
SELECT w1=5555
SELECT w2=6264
BUSY TASK ewma=997
DMA IRQ c0=0
DMA IRQ c1=2
DMA IRQ c2=0
DMA IRQ c3=0
SELECT busy=11557
SELECT w0=11557
SELECT w1=5562
SELECT w2=6272
BUSY TASK ewma=997
DMA IRQ c0=0
DMA IRQ c1=2
DMA IRQ c2=0
DMA IRQ c3=0
SELECT busy=11576
SELECT w0=11576
SELECT w1=5570
SELECT w2=6281
BUSY TASK ewma=997
DMA IRQ c0=0
DMA IRQ c1=2
DMA IRQ c2=0
DMA IRQ c3=0
SELECT busy=11598
SELECT w0=11598
SELECT w1=5582
SELECT w2=6296
BUSY TASK ewma=997
DMA IRQ c0=0
DMA IRQ c1=2
DMA IRQ c2=0
DMA IRQ c3=0
SELECT busy=11616
SELECT w0=11617
SELECT w1=5590
SELECT w2=6304
BUSY TASK ewma=997
DMA IRQ c0=0
DMA IRQ c1=2
DMA IRQ c2=0
DMA IRQ c3=0
SELECT busy=11636
SELECT w0=11636
SELECT w1=5597
SELECT w2=6314
BUSY TASK ewma=997
DMA IRQ c0=0
DMA IRQ c1=2
DMA IRQ c2=0
DMA IRQ c3=0
SELECT busy=11653
SELECT w0=11654
SELECT w1=5605
SELECT w2=6325
BUSY TASK ewma=997
DMA IRQ c0=0
DMA IRQ c1=2
DMA IRQ c2=0
DMA IRQ c3=0
SELECT busy=11670
SELECT w0=11671
SELECT w1=5614
SELECT w2=6335
BUSY TASK ewma=997
DMA IRQ c0=0
DMA IRQ c1=2
DMA IRQ c2=0
DMA IRQ c3=0
SELECT busy=11691
SELECT w0=11691
SELECT w1=5622
SELECT w2=6345
BUSY TASK ewma=997
DMA IRQ c0=0
DMA IRQ c1=2
DMA IRQ c2=0
DMA IRQ c3=0
SELECT busy=11710
SELECT w0=11710
SELECT w1=5630
SELECT w2=6353
BUSY TASK ewma=997
DMA IRQ c0=0
DMA IRQ c1=2
DMA IRQ c2=0
DMA IRQ c3=0
SELECT busy=11727
SELECT w0=11728
SELECT w1=5638
SELECT w2=6362
BUSY TASK ewma=997
DMA IRQ c0=0
DMA IRQ c1=2
DMA IRQ c2=0
DMA IRQ c3=0
SELECT busy=11746
SELECT w0=11746
SELECT w1=5645
SELECT w2=6371
BUSY TASK ewma=997
DMA IRQ c0=0
DMA IRQ c1=2
DMA IRQ c2=0
DMA IRQ c3=0
SELECT busy=11764
SELECT w0=11764
SELECT w1=5652
SELECT w2=6380
BUSY TASK ewma=997
DMA IRQ c0=0
DMA IRQ c1=2
DMA IRQ c2=0
DMA IRQ c3=0
SELECT busy=11785
SELECT w0=11786
SELECT w1=5660
SELECT w2=6390
BUSY TASK ewma=997
DMA IRQ c0=0
DMA IRQ c1=2
DMA IRQ c2=0
DMA IRQ c3=0
SELECT busy=11806
SELECT w0=11806
SELECT w1=5668
SELECT w2=6403
BUSY TASK ewma=997
DMA IRQ c0=0
DMA IRQ c1=2
DMA IRQ c2=0
DMA IRQ c3=0
SELECT busy=11829
SELECT w0=11829
SELECT w1=5677
SELECT w2=6415
BUSY TASK ewma=997
DMA IRQ c0=0
DMA IRQ c1=2
DMA IRQ c2=0
DMA IRQ c3=0
SELECT busy=11848
SELECT w0=11848
SELECT w1=5687
SELECT w2=6428
BUSY TASK ewma=997
DMA IRQ c0=0
DMA IRQ c1=2
DMA IRQ c2=0
DMA IRQ c3=0
SELECT busy=11871
SELECT w0=11872
SELECT w1=5698
SELECT w2=6441
BUSY TASK ewma=997
DMA IRQ c0=0
DMA IRQ c1=2
DMA IRQ c2=0
DMA IRQ c3=0
SELECT busy=11890
SELECT w0=11891
SELECT w1=5709
SELECT w2=6455
BUSY TASK ewma=997
DMA IRQ c0=0
DMA IRQ c1=2
DMA IRQ c2=0
DMA IRQ c3=0
SELECT busy=11909
SELECT w0=11911
SELECT w1=5720
SELECT w2=6467
BUSY TASK ewma=997
DMA IRQ c0=0
DMA IRQ c1=2
DMA IRQ c2=0
DMA IRQ c3=0
SELECT busy=11931
SELECT w0=11932
SELECT w1=5729
SELECT w2=6479
BUSY TASK ewma=997
DMA IRQ c0=0
DMA IRQ c1=2
DMA IRQ c2=0
DMA IRQ c3=0
SELECT busy=11957
SELECT w0=11957
SELECT w1=5742
SELECT w2=6496
BUSY TASK ewma=997
DMA IRQ c0=0
DMA IRQ c1=2
DMA IRQ c2=0
DMA IRQ c3=0
SELECT busy=11975
SELECT w0=11975
SELECT w1=5751
SELECT w2=6512
BUSY TASK ewma=997
DMA IRQ c0=0
DMA IRQ c1=2
DMA IRQ c2=0
DMA IRQ c3=0
SELECT busy=11992
SELECT w0=11992
SELECT w1=5757
SELECT w2=6521
BUSY TASK ewma=997
DMA IRQ c0=0
DMA IRQ c1=2
DMA IRQ c2=0
DMA IRQ c3=0
SELECT busy=12010
SELECT w0=12011
SELECT w1=5763
SELECT w2=6529
BUSY TASK ewma=997
DMA IRQ c0=0
DMA IRQ c1=2
DMA IRQ c2=0
DMA IRQ c3=0
SELECT busy=12028
SELECT w0=12029
SELECT w1=5770
SELECT w2=6538
BUSY TASK ewma=997
DMA IRQ c0=0
DMA IRQ c1=2
DMA IRQ c2=0
DMA IRQ c3=0
SELECT busy=12055
SELECT w0=12056
SELECT w1=5782
SELECT w2=6556
BUSY TASK ewma=997
DMA IRQ c0=0
DMA IRQ c1=2
DMA IRQ c2=0
DMA IRQ c3=0
SELECT busy=12075
SELECT w0=12076
SELECT w1=5789
SELECT w2=6566
BUSY TASK ewma=997
DMA IRQ c0=0
DMA IRQ c1=2
DMA IRQ c2=0
DMA IRQ c3=0
SELECT busy=12093
SELECT w0=12093
SELECT w1=5795
SELECT w2=6575
BUSY TASK ewma=997
DMA IRQ c0=0
DMA IRQ c1=2
DMA IRQ c2=0
DMA IRQ c3=0
SELECT busy=12116
SELECT w0=12117
SELECT w1=5805
SELECT w2=6588
BUSY TASK ewma=997
DMA IRQ c0=0
DMA IRQ c1=2
DMA IRQ c2=0
DMA IRQ c3=0
SELECT busy=12146
SELECT w0=12146
SELECT w1=5820
SELECT w2=6603
BUSY TASK ewma=997
DMA IRQ c0=0
DMA IRQ c1=2
DMA IRQ c2=0
DMA IRQ c3=0
SELECT busy=12161
SELECT w0=12161
SELECT w1=5825
SELECT w2=6611
BUSY TASK ewma=997
DMA IRQ c0=0
DMA IRQ c1=2
DMA IRQ c2=0
DMA IRQ c3=0
SELECT busy=12180
SELECT w0=12180
SELECT w1=5833
SELECT w2=6621
BUSY TASK ewma=997
DMA IRQ c0=0
DMA IRQ c1=2
DMA IRQ c2=0
DMA IRQ c3=0
SELECT busy=12203
SELECT w0=12204
SELECT w1=5842
SELECT w2=6632
BUSY TASK ewma=997
DMA IRQ c0=0
DMA IRQ c1=2
DMA IRQ c2=0
DMA IRQ c3=0
SELECT busy=12224
SELECT w0=12225
SELECT w1=5851
SELECT w2=6644
BUSY TASK ewma=997
DMA IRQ c0=0
DMA IRQ c1=2
DMA IRQ c2=0
DMA IRQ c3=0
SELECT busy=12248
SELECT w0=12250
SELECT w1=5868
SELECT w2=6659
BUSY TASK ewma=997
DMA IRQ c0=0
DMA IRQ c1=2
DMA IRQ c2=0
DMA IRQ c3=0
SELECT busy=12273
SELECT w0=12273
SELECT w1=5878
SELECT w2=6673
BUSY TASK ewma=997
DMA IRQ c0=0
DMA IRQ c1=2
DMA IRQ c2=0
DMA IRQ c3=0
SELECT busy=12291
SELECT w0=12292
SELECT w1=5888
SELECT w2=6684
BUSY TASK ewma=997
DMA IRQ c0=0
DMA IRQ c1=2
DMA IRQ c2=0
DMA IRQ c3=0
SELECT busy=12311
SELECT w0=12311
SELECT w1=5896
SELECT w2=6694
BUSY TASK ewma=997
DMA IRQ c0=0
DMA IRQ c1=2
DMA IRQ c2=0
DMA IRQ c3=0
SELECT busy=12329
SELECT w0=12330
SELECT w1=5904
SELECT w2=6704
BUSY TASK ewma=997
DMA IRQ c0=0
DMA IRQ c1=2
DMA IRQ c2=0
DMA IRQ c3=0
SELECT busy=12347
SELECT w0=12348
SELECT w1=5912
SELECT w2=6715
BUSY TASK ewma=997
DMA IRQ c0=0
DMA IRQ c1=2
DMA IRQ c2=0
DMA IRQ c3=0
SELECT busy=12368
SELECT w0=12368
SELECT w1=5920
SELECT w2=6724
BUSY TASK ewma=997
IRQ counts: cpu0=24744 cpu1=26982 cpu2=26954 cpu3=26322
SCHED secondaries: calls=80259 unexpected=0
SECTEST switches=80233 cpu1=218223110,211152079 cpu2=188442059,187055537 cpu3=265254649,261645185
PINGPONG rounds=2000 pongs=2000
DMA IRQ c0=0
DMA IRQ c1=2
DMA IRQ c2=0
DMA IRQ c3=0
SELECT busy=12411
SELECT w0=12412
SELECT w1=5943
SELECT w2=6753
BUSY TASK ewma=997
DMA IRQ c0=0
DMA IRQ c1=2
DMA IRQ c2=0
DMA IRQ c3=0
SELECT busy=12432
SELECT w0=12432
SELECT w1=5951
SELECT w2=6762
BUSY TASK ewma=997
DMA IRQ c0=0
DMA IRQ c1=2
DMA IRQ c2=0
DMA IRQ c3=0
SELECT busy=12455
SELECT w0=12456
SELECT w1=5963
SELECT w2=6777
BUSY TASK ewma=997
DMA IRQ c0=0
DMA IRQ c1=2
DMA IRQ c2=0
DMA IRQ c3=0
SELECT busy=12478
SELECT w0=12478
SELECT w1=5971
SELECT w2=6787
BUSY TASK ewma=997
DMA IRQ c0=0
DMA IRQ c1=2
DMA IRQ c2=0
DMA IRQ c3=0
SELECT busy=12499
SELECT w0=12500
SELECT w1=5982
SELECT w2=6802
BUSY TASK ewma=997
DMA IRQ c0=0
DMA IRQ c1=2
DMA IRQ c2=0
DMA IRQ c3=0
SELECT busy=12519
SELECT w0=12520
SELECT w1=5994
SELECT w2=6817
BUSY TASK ewma=997
DMA IRQ c0=0
DMA IRQ c1=2
DMA IRQ c2=0
DMA IRQ c3=0
SELECT busy=12540
SELECT w0=12540
SELECT w1=6003
SELECT w2=6828
BUSY TASK ewma=997
DMA IRQ c0=0
DMA IRQ c1=2
DMA IRQ c2=0
DMA IRQ c3=0
SELECT busy=12576
SELECT w0=12580
SELECT w1=6020
SELECT w2=6847
BUSY TASK ewma=997
DMA IRQ c0=0
DMA IRQ c1=2
DMA IRQ c2=0
DMA IRQ c3=0
SELECT busy=12612
SELECT w0=12613
SELECT w1=6038
SELECT w2=6868
BUSY TASK ewma=997
DMA IRQ c0=0
DMA IRQ c1=2
DMA IRQ c2=0
DMA IRQ c3=0
SELECT busy=12631
SELECT w0=12631
SELECT w1=6046
SELECT w2=6880
BUSY TASK ewma=997
DMA IRQ c0=0
DMA IRQ c1=2
DMA IRQ c2=0
DMA IRQ c3=0
SELECT busy=12674
SELECT w0=12675
SELECT w1=6066
SELECT w2=6904
BUSY TASK ewma=997
DMA IRQ c0=0
DMA IRQ c1=2
DMA IRQ c2=0
DMA IRQ c3=0
SELECT busy=12701
SELECT w0=12702
SELECT w1=6076
SELECT w2=6917
BUSY TASK ewma=997
DMA IRQ c0=0
DMA IRQ c1=2
DMA IRQ c2=0
DMA IRQ c3=0
SELECT busy=12723
SELECT w0=12725
SELECT w1=6087
SELECT w2=6930
BUSY TASK ewma=997
DMA IRQ c0=0
DMA IRQ c1=2
DMA IRQ c2=0
DMA IRQ c3=0
SELECT busy=12755
SELECT w0=12756
SELECT w1=6101
SELECT w2=6946
BUSY TASK ewma=997
DMA IRQ c0=0
DMA IRQ c1=2
DMA IRQ c2=0
DMA IRQ c3=0
SELECT busy=12789
SELECT w0=12790
SELECT w1=6116
SELECT w2=6967
BUSY TASK ewma=997
DMA IRQ c0=0
DMA IRQ c1=2
DMA IRQ c2=0
DMA IRQ c3=0
SELECT busy=12833
SELECT w0=12833
SELECT w1=6137
SELECT w2=6991
BUSY TASK ewma=997
DMA IRQ c0=0
DMA IRQ c1=2
DMA IRQ c2=0
DMA IRQ c3=0
SELECT busy=12875
SELECT w0=12876
SELECT w1=6156
SELECT w2=7013
BUSY TASK ewma=997
DMA IRQ c0=0
DMA IRQ c1=2
DMA IRQ c2=0
DMA IRQ c3=0
SELECT busy=12920
SELECT w0=12921
SELECT w1=6176
SELECT w2=7036
BUSY TASK ewma=997
DMA IRQ c0=0
DMA IRQ c1=2
DMA IRQ c2=0
DMA IRQ c3=0
SELECT busy=12956
SELECT w0=12956
SELECT w1=6191
SELECT w2=7056
BUSY TASK ewma=997
DMA IRQ c0=0
DMA IRQ c1=2
DMA IRQ c2=0
DMA IRQ c3=0
SELECT busy=12989
SELECT w0=12989
SELECT w1=6206
SELECT w2=7074
BUSY TASK ewma=997
DMA IRQ c0=0
DMA IRQ c1=2
DMA IRQ c2=0
DMA IRQ c3=0
SELECT busy=13024
SELECT w0=13025
SELECT w1=6222
SELECT w2=7092
BUSY TASK ewma=997
DMA IRQ c0=0
DMA IRQ c1=2
DMA IRQ c2=0
DMA IRQ c3=0
SELECT busy=13062
SELECT w0=13064
SELECT w1=6240
SELECT w2=7117
BUSY TASK ewma=997
DMA IRQ c0=0
DMA IRQ c1=2
DMA IRQ c2=0
DMA IRQ c3=0
SELECT busy=13099
SELECT w0=13100
SELECT w1=6257
SELECT w2=7138
BUSY TASK ewma=997
DMA IRQ c0=0
DMA IRQ c1=2
DMA IRQ c2=0
DMA IRQ c3=0
SELECT busy=13130
SELECT w0=13131
SELECT w1=6272
SELECT w2=7153
BUSY TASK ewma=997
DMA IRQ c0=0
DMA IRQ c1=2
DMA IRQ c2=0
DMA IRQ c3=0
SELECT busy=13152
SELECT w0=13152
SELECT w1=6281
SELECT w2=7166
BUSY TASK ewma=997
DMA IRQ c0=0
DMA IRQ c1=2
DMA IRQ c2=0
DMA IRQ c3=0
SELECT busy=13171
SELECT w0=13172
SELECT w1=6292
SELECT w2=7179
BUSY TASK ewma=997
DMA IRQ c0=0
DMA IRQ c1=2
DMA IRQ c2=0
DMA IRQ c3=0
SELECT busy=13207
SELECT w0=13209
SELECT w1=6310
SELECT w2=7199
BUSY TASK ewma=997
DMA IRQ c0=0
DMA IRQ c1=2
DMA IRQ c2=0
DMA IRQ c3=0
SELECT busy=13238
SELECT w0=13238
SELECT w1=6321
SELECT w2=7214
BUSY TASK ewma=997
DMA IRQ c0=0
DMA IRQ c1=2
DMA IRQ c2=0
DMA IRQ c3=0
SELECT busy=13280
SELECT w0=13280
SELECT w1=6338
SELECT w2=7237
BUSY TASK ewma=997
DMA IRQ c0=0
DMA IRQ c1=2
DMA IRQ c2=0
DMA IRQ c3=0
SELECT busy=13320
SELECT w0=13321
SELECT w1=6356
SELECT w2=7260
BUSY TASK ewma=997
DMA IRQ c0=0
DMA IRQ c1=2
DMA IRQ c2=0
DMA IRQ c3=0
SELECT busy=13357
SELECT w0=13358
SELECT w1=6372
SELECT w2=7281
BUSY TASK ewma=997
DMA IRQ c0=0
DMA IRQ c1=2
DMA IRQ c2=0
DMA IRQ c3=0
SELECT busy=13389
SELECT w0=13390
SELECT w1=6385
SELECT w2=7295
BUSY TASK ewma=997
DMA IRQ c0=0
DMA IRQ c1=2
DMA IRQ c2=0
DMA IRQ c3=0
SELECT busy=13428
SELECT w0=13429
SELECT w1=6408
SELECT w2=7321
BUSY TASK ewma=997
DMA IRQ c0=0
DMA IRQ c1=2
DMA IRQ c2=0
DMA IRQ c3=0
SELECT busy=13462
SELECT w0=13463
SELECT w1=6422
SELECT w2=7337
BUSY TASK ewma=997
DMA IRQ c0=0
DMA IRQ c1=2
DMA IRQ c2=0
DMA IRQ c3=0
SELECT busy=13491
SELECT w0=13491
SELECT w1=6433
SELECT w2=7349
BUSY TASK ewma=997
DMA IRQ c0=0
DMA IRQ c1=2
DMA IRQ c2=0
DMA IRQ c3=0
SELECT busy=13514
SELECT w0=13514
SELECT w1=6442
SELECT w2=7363
BUSY TASK ewma=997
DMA IRQ c0=0
DMA IRQ c1=2
DMA IRQ c2=0
DMA IRQ c3=0
SELECT busy=13535
SELECT w0=13535
SELECT w1=6454
SELECT w2=7376
BUSY TASK ewma=997
DMA IRQ c0=0
DMA IRQ c1=2
DMA IRQ c2=0
DMA IRQ c3=0
SELECT busy=13556
SELECT w0=13556
SELECT w1=6462
SELECT w2=7385
BUSY TASK ewma=997
DMA IRQ c0=0
DMA IRQ c1=2
DMA IRQ c2=0
DMA IRQ c3=0
SELECT busy=13577
SELECT w0=13578
SELECT w1=6469
SELECT w2=7394
BUSY TASK ewma=997
DMA IRQ c0=0
DMA IRQ c1=2
DMA IRQ c2=0
DMA IRQ c3=0
SELECT busy=13600
SELECT w0=13600
SELECT w1=6482
SELECT w2=7411
BUSY TASK ewma=997
DMA IRQ c0=0
DMA IRQ c1=2
DMA IRQ c2=0
DMA IRQ c3=0
SELECT busy=13641
SELECT w0=13642
SELECT w1=6498
SELECT w2=7430
BUSY TASK ewma=997
DMA IRQ c0=0
DMA IRQ c1=2
DMA IRQ c2=0
DMA IRQ c3=0
SELECT busy=13680
SELECT w0=13680
SELECT w1=6517
SELECT w2=7453
BUSY TASK ewma=997
DMA IRQ c0=0
DMA IRQ c1=2
DMA IRQ c2=0
DMA IRQ c3=0
SELECT busy=13709
SELECT w0=13709
SELECT w1=6527
SELECT w2=7464
BUSY TASK ewma=997
DMA IRQ c0=0
DMA IRQ c1=2
DMA IRQ c2=0
DMA IRQ c3=0
SELECT busy=13730
SELECT w0=13732
SELECT w1=6540
SELECT w2=7480
BUSY TASK ewma=997
DMA IRQ c0=0
DMA IRQ c1=2
DMA IRQ c2=0
DMA IRQ c3=0
SELECT busy=13755
SELECT w0=13756
SELECT w1=6550
SELECT w2=7490
BUSY TASK ewma=997
DMA IRQ c0=0
DMA IRQ c1=2
DMA IRQ c2=0
DMA IRQ c3=0
SELECT busy=13772
SELECT w0=13773
SELECT w1=6559
SELECT w2=7502
BUSY TASK ewma=997
DMA IRQ c0=0
DMA IRQ c1=2
DMA IRQ c2=0
DMA IRQ c3=0
SELECT busy=13815
SELECT w0=13818
SELECT w1=6578
SELECT w2=7527
BUSY TASK ewma=997
DMA IRQ c0=0
DMA IRQ c1=2
DMA IRQ c2=0
DMA IRQ c3=0
SELECT busy=13844
SELECT w0=13845
SELECT w1=6593
SELECT w2=7545
BUSY TASK ewma=997
DMA IRQ c0=0
DMA IRQ c1=2
DMA IRQ c2=0
DMA IRQ c3=0
SELECT busy=13886
SELECT w0=13887
SELECT w1=6613
SELECT w2=7568
BUSY TASK ewma=997
DMA IRQ c0=0
DMA IRQ c1=2
DMA IRQ c2=0
DMA IRQ c3=0
SELECT busy=13913
SELECT w0=13914
SELECT w1=6623
SELECT w2=7581
BUSY TASK ewma=997
DMA IRQ c0=0
DMA IRQ c1=2
DMA IRQ c2=0
DMA IRQ c3=0
SELECT busy=13951
SELECT w0=13951
SELECT w1=6637
SELECT w2=7598
BUSY TASK ewma=997
DMA IRQ c0=0
DMA IRQ c1=2
DMA IRQ c2=0
DMA IRQ c3=0
SELECT busy=13984
SELECT w0=13984
SELECT w1=6651
SELECT w2=7619
BUSY TASK ewma=997
DMA IRQ c0=0
DMA IRQ c1=2
DMA IRQ c2=0
DMA IRQ c3=0
SELECT busy=14007
SELECT w0=14008
SELECT w1=6662
SELECT w2=7635
BUSY TASK ewma=997
DMA IRQ c0=0
DMA IRQ c1=2
DMA IRQ c2=0
DMA IRQ c3=0
SELECT busy=14045
SELECT w0=14045
SELECT w1=6679
SELECT w2=7656
BUSY TASK ewma=997
DMA IRQ c0=0
DMA IRQ c1=2
DMA IRQ c2=0
DMA IRQ c3=0
SELECT busy=14076
SELECT w0=14077
SELECT w1=6694
SELECT w2=7675
BUSY TASK ewma=997
DMA IRQ c0=0
DMA IRQ c1=2
DMA IRQ c2=0
DMA IRQ c3=0
SELECT busy=14099
SELECT w0=14099
SELECT w1=6703
SELECT w2=7687
BUSY TASK ewma=997
DMA IRQ c0=0
DMA IRQ c1=2
DMA IRQ c2=0
DMA IRQ c3=0
SELECT busy=14117
SELECT w0=14118
SELECT w1=6710
SELECT w2=7697
BUSY TASK ewma=997
DMA IRQ c0=0
DMA IRQ c1=2
DMA IRQ c2=0
DMA IRQ c3=0
SELECT busy=14138
SELECT w0=14138
SELECT w1=6718
SELECT w2=7707
BUSY TASK ewma=997
DMA IRQ c0=0
DMA IRQ c1=2
DMA IRQ c2=0
DMA IRQ c3=0
SELECT busy=14160
SELECT w0=14161
SELECT w1=6727
SELECT w2=7718
qemu-system-aarch64: terminating on signal 15 from pid 203376 (timeout)
