P4 M7: full integration test boot OK
CPU0: MPIDR_EL1=0x0000000080000000
CPU0: psci_cpu_on target=1 rc=0
CPU1: alive, MPIDR_EL1=0x0000000080000001 this_cpu()->cpu_id=1
CPU0: psci_cpu_on target=2 rc=0
CPU2: alive, MPIDR_EL1=0x0000000080000002 this_cpu()->cpu_id=2
CPU0: psci_cpu_on target=3 rc=0
CPU3: alive, MPIDR_EL1=0x0000000080000003 this_cpu()->cpu_id=3
CPUs online: 4
DMA IRQ target cpu=1
D2b: worker 1 runs on CPU1
D2b: worker 0 runs on CPU0
P4 M7: worker submitted cmd_id=1
P4 M7: worker submitted cmd_id=2
D2b: worker 2 runs on CPU2
P4 M7: worker submitted cmd_id=3
BUSY TASK ewma=997
DMA IRQ c0=0
DMA IRQ c1=0
DMA IRQ c2=0
DMA IRQ c3=0
SELECT busy=27
SELECT w0=3
SELECT w1=5
SELECT w2=4
P4 M7: worker DATA OK, cmd_id=1
WORKER ewma=916
P4 M7: worker DATA OK, cmd_id=2
P4 M7: worker DATA OK, cmd_id=3
WORKER ewma=916
WORKER ewma=831
BUSY TASK ewma=997
DMA IRQ c0=0
DMA IRQ c1=3
DMA IRQ c2=0
DMA IRQ c3=0
SELECT busy=55
SELECT w0=42
SELECT w1=72
SELECT w2=50
BUSY TASK ewma=997
DMA IRQ c0=0
DMA IRQ c1=3
DMA IRQ c2=0
DMA IRQ c3=0
SELECT busy=78
SELECT w0=65
SELECT w1=84
SELECT w2=64
BUSY TASK ewma=997
DMA IRQ c0=0
DMA IRQ c1=3
DMA IRQ c2=0
DMA IRQ c3=0
SELECT busy=94
SELECT w0=81
SELECT w1=95
SELECT w2=75
BUSY TASK ewma=997
DMA IRQ c0=0
DMA IRQ c1=3
DMA IRQ c2=0
DMA IRQ c3=0
SELECT busy=121
SELECT w0=109
SELECT w1=107
SELECT w2=89
BUSY TASK ewma=997
DMA IRQ c0=0
DMA IRQ c1=3
DMA IRQ c2=0
DMA IRQ c3=0
SELECT busy=143
SELECT w0=130
SELECT w1=119
SELECT w2=101
BUSY TASK ewma=997
DMA IRQ c0=0
DMA IRQ c1=3
DMA IRQ c2=0
DMA IRQ c3=0
SELECT busy=164
SELECT w0=150
SELECT w1=131
SELECT w2=115
BUSY TASK ewma=997
DMA IRQ c0=0
DMA IRQ c1=3
DMA IRQ c2=0
DMA IRQ c3=0
SELECT busy=190
SELECT w0=183
SELECT w1=150
SELECT w2=136
BUSY TASK ewma=997
DMA IRQ c0=0
DMA IRQ c1=3
DMA IRQ c2=0
DMA IRQ c3=0
SELECT busy=214
SELECT w0=200
SELECT w1=159
SELECT w2=144
BUSY TASK ewma=997
DMA IRQ c0=0
DMA IRQ c1=3
DMA IRQ c2=0
DMA IRQ c3=0
SELECT busy=236
SELECT w0=222
SELECT w1=172
SELECT w2=156
BUSY TASK ewma=997
DMA IRQ c0=0
DMA IRQ c1=3
DMA IRQ c2=0
DMA IRQ c3=0
SELECT busy=256
SELECT w0=242
SELECT w1=180
SELECT w2=163
BUSY TASK ewma=997
DMA IRQ c0=0
DMA IRQ c1=3
DMA IRQ c2=0
DMA IRQ c3=0
SELECT busy=278
SELECT w0=264
SELECT w1=193
SELECT w2=178
BUSY TASK ewma=997
DMA IRQ c0=0
DMA IRQ c1=3
DMA IRQ c2=0
DMA IRQ c3=0
SELECT busy=301
SELECT w0=288
SELECT w1=207
SELECT w2=197
BUSY TASK ewma=997
DMA IRQ c0=0
DMA IRQ c1=3
DMA IRQ c2=0
DMA IRQ c3=0
SELECT busy=322
SELECT w0=309
SELECT w1=223
SELECT w2=218
BUSY TASK ewma=997
DMA IRQ c0=0
DMA IRQ c1=3
DMA IRQ c2=0
DMA IRQ c3=0
SELECT busy=341
SELECT w0=327
SELECT w1=231
SELECT w2=230
BUSY TASK ewma=997
DMA IRQ c0=0
DMA IRQ c1=3
DMA IRQ c2=0
DMA IRQ c3=0
SELECT busy=355
SELECT w0=341
SELECT w1=238
SELECT w2=238
BUSY TASK ewma=997
DMA IRQ c0=0
DMA IRQ c1=3
DMA IRQ c2=0
DMA IRQ c3=0
SELECT busy=374
SELECT w0=361
SELECT w1=251
SELECT w2=253
BUSY TASK ewma=997
DMA IRQ c0=0
DMA IRQ c1=3
DMA IRQ c2=0
DMA IRQ c3=0
SELECT busy=395
SELECT w0=381
SELECT w1=261
SELECT w2=264
BUSY TASK ewma=997
DMA IRQ c0=0
DMA IRQ c1=3
DMA IRQ c2=0
DMA IRQ c3=0
SELECT busy=421
SELECT w0=408
SELECT w1=279
SELECT w2=278
BUSY TASK ewma=997
DMA IRQ c0=0
DMA IRQ c1=3
DMA IRQ c2=0
DMA IRQ c3=0
SELECT busy=445
SELECT w0=432
SELECT w1=289
SELECT w2=289
BUSY TASK ewma=997
DMA IRQ c0=0
DMA IRQ c1=3
DMA IRQ c2=0
DMA IRQ c3=0
SELECT busy=468
SELECT w0=456
SELECT w1=301
SELECT w2=301
BUSY TASK ewma=997
DMA IRQ c0=0
DMA IRQ c1=3
DMA IRQ c2=0
DMA IRQ c3=0
SELECT busy=487
SELECT w0=473
SELECT w1=307
SELECT w2=307
BUSY TASK ewma=997
DMA IRQ c0=0
DMA IRQ c1=3
DMA IRQ c2=0
DMA IRQ c3=0
SELECT busy=503
SELECT w0=489
SELECT w1=316
SELECT w2=318
BUSY TASK ewma=997
DMA IRQ c0=0
DMA IRQ c1=3
DMA IRQ c2=0
DMA IRQ c3=0
SELECT busy=522
SELECT w0=508
SELECT w1=327
SELECT w2=328
BUSY TASK ewma=997
DMA IRQ c0=0
DMA IRQ c1=3
DMA IRQ c2=0
DMA IRQ c3=0
SELECT busy=539
SELECT w0=525
SELECT w1=335
SELECT w2=338
BUSY TASK ewma=997
DMA IRQ c0=0
DMA IRQ c1=3
DMA IRQ c2=0
DMA IRQ c3=0
SELECT busy=558
SELECT w0=546
SELECT w1=348
SELECT w2=352
BUSY TASK ewma=997
DMA IRQ c0=0
DMA IRQ c1=3
DMA IRQ c2=0
DMA IRQ c3=0
SELECT busy=584
SELECT w0=570
SELECT w1=361
SELECT w2=365
BUSY TASK ewma=997
DMA IRQ c0=0
DMA IRQ c1=3
DMA IRQ c2=0
DMA IRQ c3=0
SELECT busy=607
SELECT w0=594
SELECT w1=378
SELECT w2=380
BUSY TASK ewma=997
DMA IRQ c0=0
DMA IRQ c1=3
DMA IRQ c2=0
DMA IRQ c3=0
SELECT busy=630
SELECT w0=617
SELECT w1=392
SELECT w2=395
BUSY TASK ewma=997
DMA IRQ c0=0
DMA IRQ c1=3
DMA IRQ c2=0
DMA IRQ c3=0
SELECT busy=649
SELECT w0=636
SELECT w1=407
SELECT w2=415
BUSY TASK ewma=997
DMA IRQ c0=0
DMA IRQ c1=3
DMA IRQ c2=0
DMA IRQ c3=0
SELECT busy=671
SELECT w0=657
SELECT w1=416
SELECT w2=426
BUSY TASK ewma=997
DMA IRQ c0=0
DMA IRQ c1=3
DMA IRQ c2=0
DMA IRQ c3=0
SELECT busy=692
SELECT w0=679
SELECT w1=431
SELECT w2=441
BUSY TASK ewma=997
DMA IRQ c0=0
DMA IRQ c1=3
DMA IRQ c2=0
DMA IRQ c3=0
SELECT busy=724
SELECT w0=710
SELECT w1=447
SELECT w2=456
BUSY TASK ewma=997
DMA IRQ c0=0
DMA IRQ c1=3
DMA IRQ c2=0
DMA IRQ c3=0
SELECT busy=747
SELECT w0=735
SELECT w1=459
SELECT w2=469
BUSY TASK ewma=997
DMA IRQ c0=0
DMA IRQ c1=3
DMA IRQ c2=0
DMA IRQ c3=0
SELECT busy=768
SELECT w0=755
SELECT w1=475
SELECT w2=481
BUSY TASK ewma=997
DMA IRQ c0=0
DMA IRQ c1=3
DMA IRQ c2=0
DMA IRQ c3=0
SELECT busy=791
SELECT w0=778
SELECT w1=492
SELECT w2=494
BUSY TASK ewma=997
DMA IRQ c0=0
DMA IRQ c1=3
DMA IRQ c2=0
DMA IRQ c3=0
SELECT busy=803
SELECT w0=790
SELECT w1=498
SELECT w2=500
BUSY TASK ewma=997
DMA IRQ c0=0
DMA IRQ c1=3
DMA IRQ c2=0
DMA IRQ c3=0
SELECT busy=825
SELECT w0=814
SELECT w1=513
SELECT w2=512
BUSY TASK ewma=997
DMA IRQ c0=0
DMA IRQ c1=3
DMA IRQ c2=0
DMA IRQ c3=0
SELECT busy=846
SELECT w0=832
SELECT w1=525
SELECT w2=522
BUSY TASK ewma=997
DMA IRQ c0=0
DMA IRQ c1=3
DMA IRQ c2=0
DMA IRQ c3=0
SELECT busy=877
SELECT w0=863
SELECT w1=539
SELECT w2=537
BUSY TASK ewma=997
DMA IRQ c0=0
DMA IRQ c1=3
DMA IRQ c2=0
DMA IRQ c3=0
SELECT busy=899
SELECT w0=885
SELECT w1=554
SELECT w2=551
BUSY TASK ewma=997
DMA IRQ c0=0
DMA IRQ c1=3
DMA IRQ c2=0
DMA IRQ c3=0
SELECT busy=919
SELECT w0=907
SELECT w1=568
SELECT w2=568
BUSY TASK ewma=997
DMA IRQ c0=0
DMA IRQ c1=3
DMA IRQ c2=0
DMA IRQ c3=0
SELECT busy=958
SELECT w0=944
SELECT w1=584
SELECT w2=585
BUSY TASK ewma=997
DMA IRQ c0=0
DMA IRQ c1=3
DMA IRQ c2=0
DMA IRQ c3=0
SELECT busy=978
SELECT w0=964
SELECT w1=595
SELECT w2=595
BUSY TASK ewma=997
DMA IRQ c0=0
DMA IRQ c1=3
DMA IRQ c2=0
DMA IRQ c3=0
SELECT busy=992
SELECT w0=978
SELECT w1=605
SELECT w2=602
BUSY TASK ewma=997
DMA IRQ c0=0
DMA IRQ c1=3
DMA IRQ c2=0
DMA IRQ c3=0
SELECT busy=1007
SELECT w0=995
SELECT w1=613
SELECT w2=611
BUSY TASK ewma=997
DMA IRQ c0=0
DMA IRQ c1=3
DMA IRQ c2=0
DMA IRQ c3=0
SELECT busy=1022
SELECT w0=1009
SELECT w1=620
SELECT w2=619
BUSY TASK ewma=997
DMA IRQ c0=0
DMA IRQ c1=3
DMA IRQ c2=0
DMA IRQ c3=0
SELECT busy=1044
SELECT w0=1031
SELECT w1=633
SELECT w2=631
BUSY TASK ewma=997
DMA IRQ c0=0
DMA IRQ c1=3
DMA IRQ c2=0
DMA IRQ c3=0
SELECT busy=1074
SELECT w0=1061
SELECT w1=646
SELECT w2=642
BUSY TASK ewma=997
DMA IRQ c0=0
DMA IRQ c1=3
DMA IRQ c2=0
DMA IRQ c3=0
SELECT busy=1105
SELECT w0=1092
SELECT w1=665
SELECT w2=658
BUSY TASK ewma=997
DMA IRQ c0=0
DMA IRQ c1=3
DMA IRQ c2=0
DMA IRQ c3=0
SELECT busy=1133
SELECT w0=1120
SELECT w1=688
SELECT w2=680
BUSY TASK ewma=997
DMA IRQ c0=0
DMA IRQ c1=3
DMA IRQ c2=0
DMA IRQ c3=0
SELECT busy=1156
SELECT w0=1142
SELECT w1=700
SELECT w2=694
BUSY TASK ewma=997
DMA IRQ c0=0
DMA IRQ c1=3
DMA IRQ c2=0
DMA IRQ c3=0
SELECT busy=1185
SELECT w0=1171
SELECT w1=712
SELECT w2=711
BUSY TASK ewma=997
DMA IRQ c0=0
DMA IRQ c1=3
DMA IRQ c2=0
DMA IRQ c3=0
SELECT busy=1199
SELECT w0=1185
SELECT w1=721
SELECT w2=718
BUSY TASK ewma=997
DMA IRQ c0=0
DMA IRQ c1=3
DMA IRQ c2=0
DMA IRQ c3=0
SELECT busy=1220
SELECT w0=1206
SELECT w1=732
SELECT w2=729
BUSY TASK ewma=997
DMA IRQ c0=0
DMA IRQ c1=3
DMA IRQ c2=0
DMA IRQ c3=0
SELECT busy=1238
SELECT w0=1225
SELECT w1=740
SELECT w2=738
BUSY TASK ewma=997
DMA IRQ c0=0
DMA IRQ c1=3
DMA IRQ c2=0
DMA IRQ c3=0
SELECT busy=1265
SELECT w0=1252
SELECT w1=756
SELECT w2=753
BUSY TASK ewma=997
DMA IRQ c0=0
DMA IRQ c1=3
DMA IRQ c2=0
DMA IRQ c3=0
SELECT busy=1297
SELECT w0=1284
SELECT w1=777
SELECT w2=769
BUSY TASK ewma=997
DMA IRQ c0=0
DMA IRQ c1=3
DMA IRQ c2=0
DMA IRQ c3=0
SELECT busy=1322
SELECT w0=1309
SELECT w1=791
SELECT w2=785
BUSY TASK ewma=997
DMA IRQ c0=0
DMA IRQ c1=3
DMA IRQ c2=0
DMA IRQ c3=0
SELECT busy=1344
SELECT w0=1330
SELECT w1=801
SELECT w2=795
BUSY TASK ewma=997
DMA IRQ c0=0
DMA IRQ c1=3
DMA IRQ c2=0
DMA IRQ c3=0
SELECT busy=1364
SELECT w0=1352
SELECT w1=810
SELECT w2=804
BUSY TASK ewma=997
DMA IRQ c0=0
DMA IRQ c1=3
DMA IRQ c2=0
DMA IRQ c3=0
SELECT busy=1385
SELECT w0=1372
SELECT w1=823
SELECT w2=825
BUSY TASK ewma=997
DMA IRQ c0=0
DMA IRQ c1=3
DMA IRQ c2=0
DMA IRQ c3=0
SELECT busy=1405
SELECT w0=1392
SELECT w1=833
SELECT w2=833
BUSY TASK ewma=997
IRQ counts: cpu0=2839 cpu1=3377 cpu2=3418 cpu3=3677
SCHED secondaries: calls=10474 unexpected=0
SECTEST switches=10420 cpu1=38482510,38908707 cpu2=31331024,30900248 cpu3=48347065,48594669
PINGPONG rounds=511 pongs=511
DMA IRQ c0=0
DMA IRQ c1=3
DMA IRQ c2=0
DMA IRQ c3=0
SELECT busy=1433
SELECT w0=1420
SELECT w1=848
SELECT w2=847
BUSY TASK ewma=997
DMA IRQ c0=0
DMA IRQ c1=3
DMA IRQ c2=0
DMA IRQ c3=0
SELECT busy=1458
SELECT w0=1445
SELECT w1=860
SELECT w2=859
BUSY TASK ewma=997
DMA IRQ c0=0
DMA IRQ c1=3
DMA IRQ c2=0
DMA IRQ c3=0
SELECT busy=1499
SELECT w0=1485
SELECT w1=887
SELECT w2=886
BUSY TASK ewma=997
DMA IRQ c0=0
DMA IRQ c1=3
DMA IRQ c2=0
DMA IRQ c3=0
SELECT busy=1532
SELECT w0=1525
SELECT w1=910
SELECT w2=913
BUSY TASK ewma=997
DMA IRQ c0=0
DMA IRQ c1=3
DMA IRQ c2=0
DMA IRQ c3=0
SELECT busy=1563
SELECT w0=1549
SELECT w1=923
SELECT w2=928
BUSY TASK ewma=997
DMA IRQ c0=0
DMA IRQ c1=3
DMA IRQ c2=0
DMA IRQ c3=0
SELECT busy=1579
SELECT w0=1569
SELECT w1=936
SELECT w2=944
BUSY TASK ewma=997
DMA IRQ c0=0
DMA IRQ c1=3
DMA IRQ c2=0
DMA IRQ c3=0
SELECT busy=1603
SELECT w0=1590
SELECT w1=951
SELECT w2=957
BUSY TASK ewma=997
DMA IRQ c0=0
DMA IRQ c1=3
DMA IRQ c2=0
DMA IRQ c3=0
SELECT busy=1629
SELECT w0=1616
SELECT w1=974
SELECT w2=970
BUSY TASK ewma=997
DMA IRQ c0=0
DMA IRQ c1=3
DMA IRQ c2=0
DMA IRQ c3=0
SELECT busy=1658
SELECT w0=1644
SELECT w1=991
SELECT w2=982
BUSY TASK ewma=997
DMA IRQ c0=0
DMA IRQ c1=3
DMA IRQ c2=0
DMA IRQ c3=0
SELECT busy=1680
SELECT w0=1667
SELECT w1=1005
SELECT w2=998
BUSY TASK ewma=997
DMA IRQ c0=0
DMA IRQ c1=3
DMA IRQ c2=0
DMA IRQ c3=0
SELECT busy=1705
SELECT w0=1693
SELECT w1=1018
SELECT w2=1010
BUSY TASK ewma=997
DMA IRQ c0=0
DMA IRQ c1=3
DMA IRQ c2=0
DMA IRQ c3=0
SELECT busy=1726
SELECT w0=1714
SELECT w1=1030
SELECT w2=1025
BUSY TASK ewma=997
DMA IRQ c0=0
DMA IRQ c1=3
DMA IRQ c2=0
DMA IRQ c3=0
SELECT busy=1750
SELECT w0=1737
SELECT w1=1048
SELECT w2=1042
BUSY TASK ewma=997
DMA IRQ c0=0
DMA IRQ c1=3
DMA IRQ c2=0
DMA IRQ c3=0
SELECT busy=1777
SELECT w0=1764
SELECT w1=1059
SELECT w2=1055
BUSY TASK ewma=997
DMA IRQ c0=0
DMA IRQ c1=3
DMA IRQ c2=0
DMA IRQ c3=0
SELECT busy=1793
SELECT w0=1780
SELECT w1=1070
SELECT w2=1066
BUSY TASK ewma=997
DMA IRQ c0=0
DMA IRQ c1=3
DMA IRQ c2=0
DMA IRQ c3=0
SELECT busy=1815
SELECT w0=1802
SELECT w1=1086
SELECT w2=1085
BUSY TASK ewma=997
DMA IRQ c0=0
DMA IRQ c1=3
DMA IRQ c2=0
DMA IRQ c3=0
SELECT busy=1846
SELECT w0=1833
SELECT w1=1100
SELECT w2=1100
BUSY TASK ewma=997
DMA IRQ c0=0
DMA IRQ c1=3
DMA IRQ c2=0
DMA IRQ c3=0
SELECT busy=1869
SELECT w0=1856
SELECT w1=1114
SELECT w2=1116
BUSY TASK ewma=997
DMA IRQ c0=0
DMA IRQ c1=3
DMA IRQ c2=0
DMA IRQ c3=0
SELECT busy=1896
SELECT w0=1883
SELECT w1=1132
SELECT w2=1131
BUSY TASK ewma=997
DMA IRQ c0=0
DMA IRQ c1=3
DMA IRQ c2=0
DMA IRQ c3=0
SELECT busy=1918
SELECT w0=1904
SELECT w1=1144
SELECT w2=1141
BUSY TASK ewma=997
DMA IRQ c0=0
DMA IRQ c1=3
DMA IRQ c2=0
DMA IRQ c3=0
SELECT busy=1945
SELECT w0=1932
SELECT w1=1162
SELECT w2=1157
BUSY TASK ewma=997
DMA IRQ c0=0
DMA IRQ c1=3
DMA IRQ c2=0
DMA IRQ c3=0
SELECT busy=1970
SELECT w0=1956
SELECT w1=1176
SELECT w2=1171
BUSY TASK ewma=997
DMA IRQ c0=0
DMA IRQ c1=3
DMA IRQ c2=0
DMA IRQ c3=0
SELECT busy=1998
SELECT w0=1984
SELECT w1=1189
SELECT w2=1182
BUSY TASK ewma=997
DMA IRQ c0=0
DMA IRQ c1=3
DMA IRQ c2=0
DMA IRQ c3=0
SELECT busy=2017
SELECT w0=2004
SELECT w1=1199
SELECT w2=1192
BUSY TASK ewma=997
DMA IRQ c0=0
DMA IRQ c1=3
DMA IRQ c2=0
DMA IRQ c3=0
SELECT busy=2043
SELECT w0=2030
SELECT w1=1211
SELECT w2=1206
BUSY TASK ewma=997
DMA IRQ c0=0
DMA IRQ c1=3
DMA IRQ c2=0
DMA IRQ c3=0
SELECT busy=2066
SELECT w0=2053
SELECT w1=1225
SELECT w2=1224
BUSY TASK ewma=997
DMA IRQ c0=0
DMA IRQ c1=3
DMA IRQ c2=0
DMA IRQ c3=0
SELECT busy=2090
SELECT w0=2077
SELECT w1=1239
SELECT w2=1237
BUSY TASK ewma=997
DMA IRQ c0=0
DMA IRQ c1=3
DMA IRQ c2=0
DMA IRQ c3=0
SELECT busy=2113
SELECT w0=2099
SELECT w1=1249
SELECT w2=1245
BUSY TASK ewma=997
DMA IRQ c0=0
DMA IRQ c1=3
DMA IRQ c2=0
DMA IRQ c3=0
SELECT busy=2130
SELECT w0=2117
SELECT w1=1262
SELECT w2=1258
BUSY TASK ewma=997
DMA IRQ c0=0
DMA IRQ c1=3
DMA IRQ c2=0
DMA IRQ c3=0
SELECT busy=2153
SELECT w0=2139
SELECT w1=1275
SELECT w2=1270
BUSY TASK ewma=997
DMA IRQ c0=0
DMA IRQ c1=3
DMA IRQ c2=0
DMA IRQ c3=0
SELECT busy=2180
SELECT w0=2168
SELECT w1=1296
SELECT w2=1286
BUSY TASK ewma=997
DMA IRQ c0=0
DMA IRQ c1=3
DMA IRQ c2=0
DMA IRQ c3=0
SELECT busy=2205
SELECT w0=2193
SELECT w1=1311
SELECT w2=1303
BUSY TASK ewma=997
DMA IRQ c0=0
DMA IRQ c1=3
DMA IRQ c2=0
DMA IRQ c3=0
SELECT busy=2232
SELECT w0=2219
SELECT w1=1324
SELECT w2=1316
BUSY TASK ewma=997
DMA IRQ c0=0
DMA IRQ c1=3
DMA IRQ c2=0
DMA IRQ c3=0
SELECT busy=2253
SELECT w0=2240
SELECT w1=1344
SELECT w2=1331
BUSY TASK ewma=997
DMA IRQ c0=0
DMA IRQ c1=3
DMA IRQ c2=0
DMA IRQ c3=0
SELECT busy=2276
SELECT w0=2263
SELECT w1=1357
SELECT w2=1343
BUSY TASK ewma=997
DMA IRQ c0=0
DMA IRQ c1=3
DMA IRQ c2=0
DMA IRQ c3=0
SELECT busy=2309
SELECT w0=2297
SELECT w1=1373
SELECT w2=1363
BUSY TASK ewma=997
DMA IRQ c0=0
DMA IRQ c1=3
DMA IRQ c2=0
DMA IRQ c3=0
SELECT busy=2333
SELECT w0=2320
SELECT w1=1388
SELECT w2=1378
BUSY TASK ewma=997
DMA IRQ c0=0
DMA IRQ c1=3
DMA IRQ c2=0
DMA IRQ c3=0
SELECT busy=2363
SELECT w0=2349
SELECT w1=1401
SELECT w2=1391
BUSY TASK ewma=997
DMA IRQ c0=0
DMA IRQ c1=3
DMA IRQ c2=0
DMA IRQ c3=0
SELECT busy=2387
SELECT w0=2374
SELECT w1=1413
SELECT w2=1404
BUSY TASK ewma=997
DMA IRQ c0=0
DMA IRQ c1=3
DMA IRQ c2=0
DMA IRQ c3=0
SELECT busy=2404
SELECT w0=2391
SELECT w1=1421
SELECT w2=1414
BUSY TASK ewma=997
DMA IRQ c0=0
DMA IRQ c1=3
DMA IRQ c2=0
DMA IRQ c3=0
SELECT busy=2426
SELECT w0=2412
SELECT w1=1434
SELECT w2=1428
BUSY TASK ewma=997
DMA IRQ c0=0
DMA IRQ c1=3
DMA IRQ c2=0
DMA IRQ c3=0
SELECT busy=2452
SELECT w0=2439
SELECT w1=1450
SELECT w2=1443
BUSY TASK ewma=997
DMA IRQ c0=0
DMA IRQ c1=3
DMA IRQ c2=0
DMA IRQ c3=0
SELECT busy=2473
SELECT w0=2460
SELECT w1=1464
SELECT w2=1456
BUSY TASK ewma=997
DMA IRQ c0=0
DMA IRQ c1=3
DMA IRQ c2=0
DMA IRQ c3=0
SELECT busy=2497
SELECT w0=2483
SELECT w1=1476
SELECT w2=1466
BUSY TASK ewma=997
DMA IRQ c0=0
DMA IRQ c1=3
DMA IRQ c2=0
DMA IRQ c3=0
SELECT busy=2528
SELECT w0=2515
SELECT w1=1492
SELECT w2=1483
BUSY TASK ewma=997
DMA IRQ c0=0
DMA IRQ c1=3
DMA IRQ c2=0
DMA IRQ c3=0
SELECT busy=2543
SELECT w0=2530
SELECT w1=1506
SELECT w2=1492
BUSY TASK ewma=997
DMA IRQ c0=0
DMA IRQ c1=3
DMA IRQ c2=0
DMA IRQ c3=0
SELECT busy=2564
SELECT w0=2552
SELECT w1=1523
SELECT w2=1507
BUSY TASK ewma=997
DMA IRQ c0=0
DMA IRQ c1=3
DMA IRQ c2=0
DMA IRQ c3=0
SELECT busy=2582
SELECT w0=2570
SELECT w1=1535
SELECT w2=1518
BUSY TASK ewma=997
DMA IRQ c0=0
DMA IRQ c1=3
DMA IRQ c2=0
DMA IRQ c3=0
SELECT busy=2610
SELECT w0=2596
SELECT w1=1555
SELECT w2=1538
BUSY TASK ewma=997
DMA IRQ c0=0
DMA IRQ c1=3
DMA IRQ c2=0
DMA IRQ c3=0
SELECT busy=2631
SELECT w0=2618
SELECT w1=1569
SELECT w2=1549
BUSY TASK ewma=997
DMA IRQ c0=0
DMA IRQ c1=3
DMA IRQ c2=0
DMA IRQ c3=0
SELECT busy=2653
SELECT w0=2640
SELECT w1=1585
SELECT w2=1565
BUSY TASK ewma=997
DMA IRQ c0=0
DMA IRQ c1=3
DMA IRQ c2=0
DMA IRQ c3=0
SELECT busy=2673
SELECT w0=2660
SELECT w1=1592
SELECT w2=1573
BUSY TASK ewma=997
DMA IRQ c0=0
DMA IRQ c1=3
DMA IRQ c2=0
DMA IRQ c3=0
SELECT busy=2691
SELECT w0=2677
SELECT w1=1601
SELECT w2=1586
BUSY TASK ewma=997
DMA IRQ c0=0
DMA IRQ c1=3
DMA IRQ c2=0
DMA IRQ c3=0
SELECT busy=2710
SELECT w0=2697
SELECT w1=1610
SELECT w2=1593
BUSY TASK ewma=997
DMA IRQ c0=0
DMA IRQ c1=3
DMA IRQ c2=0
DMA IRQ c3=0
SELECT busy=2740
SELECT w0=2727
SELECT w1=1624
SELECT w2=1607
BUSY TASK ewma=997
DMA IRQ c0=0
DMA IRQ c1=3
DMA IRQ c2=0
DMA IRQ c3=0
SELECT busy=2779
SELECT w0=2765
SELECT w1=1647
SELECT w2=1626
BUSY TASK ewma=997
DMA IRQ c0=0
DMA IRQ c1=3
DMA IRQ c2=0
DMA IRQ c3=0
SELECT busy=2795
SELECT w0=2781
SELECT w1=1654
SELECT w2=1632
BUSY TASK ewma=997
DMA IRQ c0=0
DMA IRQ c1=3
DMA IRQ c2=0
DMA IRQ c3=0
SELECT busy=2814
SELECT w0=2801
SELECT w1=1664
SELECT w2=1642
BUSY TASK ewma=997
DMA IRQ c0=0
DMA IRQ c1=3
DMA IRQ c2=0
DMA IRQ c3=0
SELECT busy=2829
SELECT w0=2815
SELECT w1=1669
SELECT w2=1648
BUSY TASK ewma=997
DMA IRQ c0=0
DMA IRQ c1=3
DMA IRQ c2=0
DMA IRQ c3=0
SELECT busy=2850
SELECT w0=2837
SELECT w1=1682
SELECT w2=1663
BUSY TASK ewma=997
DMA IRQ c0=0
DMA IRQ c1=3
DMA IRQ c2=0
DMA IRQ c3=0
SELECT busy=2875
SELECT w0=2863
SELECT w1=1697
SELECT w2=1677
BUSY TASK ewma=997
DMA IRQ c0=0
DMA IRQ c1=3
DMA IRQ c2=0
DMA IRQ c3=0
SELECT busy=2894
SELECT w0=2883
SELECT w1=1705
SELECT w2=1689
BUSY TASK ewma=997
DMA IRQ c0=0
DMA IRQ c1=3
DMA IRQ c2=0
DMA IRQ c3=0
SELECT busy=2914
SELECT w0=2901
SELECT w1=1716
SELECT w2=1698
BUSY TASK ewma=997
DMA IRQ c0=0
DMA IRQ c1=3
DMA IRQ c2=0
DMA IRQ c3=0
SELECT busy=2935
SELECT w0=2921
SELECT w1=1724
SELECT w2=1704
BUSY TASK ewma=997
IRQ counts: cpu0=5889 cpu1=7030 cpu2=6993 cpu3=7379
SCHED secondaries: calls=21405 unexpected=0
SECTEST switches=21346 cpu1=83148904,83616672 cpu2=65991926,65225633 cpu3=96426101,96950020
PINGPONG rounds=1032 pongs=1033
DMA IRQ c0=0
DMA IRQ c1=3
DMA IRQ c2=0
DMA IRQ c3=0
SELECT busy=2956
SELECT w0=2943
SELECT w1=1733
SELECT w2=1713
BUSY TASK ewma=997
DMA IRQ c0=0
DMA IRQ c1=3
DMA IRQ c2=0
DMA IRQ c3=0
SELECT busy=2980
SELECT w0=2967
SELECT w1=1751
SELECT w2=1728
BUSY TASK ewma=997
DMA IRQ c0=0
DMA IRQ c1=3
DMA IRQ c2=0
DMA IRQ c3=0
SELECT busy=3004
SELECT w0=2990
SELECT w1=1762
SELECT w2=1740
BUSY TASK ewma=997
DMA IRQ c0=0
DMA IRQ c1=3
DMA IRQ c2=0
DMA IRQ c3=0
SELECT busy=3019
SELECT w0=3006
SELECT w1=1773
SELECT w2=1749
BUSY TASK ewma=997
DMA IRQ c0=0
DMA IRQ c1=3
DMA IRQ c2=0
DMA IRQ c3=0
SELECT busy=3036
SELECT w0=3023
SELECT w1=1784
SELECT w2=1759
BUSY TASK ewma=997
DMA IRQ c0=0
DMA IRQ c1=3
DMA IRQ c2=0
DMA IRQ c3=0
SELECT busy=3056
SELECT w0=3042
SELECT w1=1793
SELECT w2=1771
BUSY TASK ewma=997
DMA IRQ c0=0
DMA IRQ c1=3
DMA IRQ c2=0
DMA IRQ c3=0
SELECT busy=3068
SELECT w0=3055
SELECT w1=1801
SELECT w2=1777
BUSY TASK ewma=997
DMA IRQ c0=0
DMA IRQ c1=3
DMA IRQ c2=0
DMA IRQ c3=0
SELECT busy=3086
SELECT w0=3072
SELECT w1=1807
SELECT w2=1784
BUSY TASK ewma=997
DMA IRQ c0=0
DMA IRQ c1=3
DMA IRQ c2=0
DMA IRQ c3=0
SELECT busy=3102
SELECT w0=3089
SELECT w1=1818
SELECT w2=1794
BUSY TASK ewma=997
DMA IRQ c0=0
DMA IRQ c1=3
DMA IRQ c2=0
DMA IRQ c3=0
SELECT busy=3124
SELECT w0=3110
SELECT w1=1829
SELECT w2=1803
BUSY TASK ewma=997
DMA IRQ c0=0
DMA IRQ c1=3
DMA IRQ c2=0
DMA IRQ c3=0
SELECT busy=3147
SELECT w0=3133
SELECT w1=1840
SELECT w2=1814
BUSY TASK ewma=997
DMA IRQ c0=0
DMA IRQ c1=3
DMA IRQ c2=0
DMA IRQ c3=0
SELECT busy=3168
SELECT w0=3155
SELECT w1=1853
SELECT w2=1827
BUSY TASK ewma=997
DMA IRQ c0=0
DMA IRQ c1=3
DMA IRQ c2=0
DMA IRQ c3=0
SELECT busy=3185
SELECT w0=3171
SELECT w1=1865
SELECT w2=1837
BUSY TASK ewma=997
DMA IRQ c0=0
DMA IRQ c1=3
DMA IRQ c2=0
DMA IRQ c3=0
SELECT busy=3207
SELECT w0=3193
SELECT w1=1879
SELECT w2=1850
BUSY TASK ewma=997
DMA IRQ c0=0
DMA IRQ c1=3
DMA IRQ c2=0
DMA IRQ c3=0
SELECT busy=3239
SELECT w0=3225
SELECT w1=1893
SELECT w2=1863
BUSY TASK ewma=997
DMA IRQ c0=0
DMA IRQ c1=3
DMA IRQ c2=0
DMA IRQ c3=0
SELECT busy=3265
SELECT w0=3252
SELECT w1=1903
SELECT w2=1878
BUSY TASK ewma=997
DMA IRQ c0=0
DMA IRQ c1=3
DMA IRQ c2=0
DMA IRQ c3=0
SELECT busy=3302
SELECT w0=3288
SELECT w1=1920
SELECT w2=1894
BUSY TASK ewma=997
DMA IRQ c0=0
DMA IRQ c1=3
DMA IRQ c2=0
DMA IRQ c3=0
SELECT busy=3334
SELECT w0=3321
SELECT w1=1935
SELECT w2=1909
BUSY TASK ewma=997
DMA IRQ c0=0
DMA IRQ c1=3
DMA IRQ c2=0
DMA IRQ c3=0
SELECT busy=3355
SELECT w0=3341
SELECT w1=1944
SELECT w2=1916
BUSY TASK ewma=997
DMA IRQ c0=0
DMA IRQ c1=3
DMA IRQ c2=0
DMA IRQ c3=0
SELECT busy=3380
SELECT w0=3366
SELECT w1=1956
SELECT w2=1929
BUSY TASK ewma=997
DMA IRQ c0=0
DMA IRQ c1=3
DMA IRQ c2=0
DMA IRQ c3=0
SELECT busy=3404
SELECT w0=3391
SELECT w1=1970
SELECT w2=1943
BUSY TASK ewma=997
DMA IRQ c0=0
DMA IRQ c1=3
DMA IRQ c2=0
DMA IRQ c3=0
SELECT busy=3426
SELECT w0=3412
SELECT w1=1982
SELECT w2=1954
BUSY TASK ewma=997
DMA IRQ c0=0
DMA IRQ c1=3
DMA IRQ c2=0
DMA IRQ c3=0
SELECT busy=3441
SELECT w0=3427
SELECT w1=1991
SELECT w2=1962
BUSY TASK ewma=997
DMA IRQ c0=0
DMA IRQ c1=3
DMA IRQ c2=0
DMA IRQ c3=0
SELECT busy=3461
SELECT w0=3448
SELECT w1=2002
SELECT w2=1975
BUSY TASK ewma=997
DMA IRQ c0=0
DMA IRQ c1=3
DMA IRQ c2=0
DMA IRQ c3=0
SELECT busy=3483
SELECT w0=3470
SELECT w1=2015
SELECT w2=1985
BUSY TASK ewma=997
DMA IRQ c0=0
DMA IRQ c1=3
DMA IRQ c2=0
DMA IRQ c3=0
SELECT busy=3499
SELECT w0=3486
SELECT w1=2025
SELECT w2=1995
BUSY TASK ewma=997
DMA IRQ c0=0
DMA IRQ c1=3
DMA IRQ c2=0
DMA IRQ c3=0
SELECT busy=3516
SELECT w0=3502
SELECT w1=2035
SELECT w2=2002
BUSY TASK ewma=997
DMA IRQ c0=0
DMA IRQ c1=3
DMA IRQ c2=0
DMA IRQ c3=0
SELECT busy=3535
SELECT w0=3521
SELECT w1=2046
SELECT w2=2015
BUSY TASK ewma=997
DMA IRQ c0=0
DMA IRQ c1=3
DMA IRQ c2=0
DMA IRQ c3=0
SELECT busy=3562
SELECT w0=3548
SELECT w1=2061
SELECT w2=2029
BUSY TASK ewma=997
DMA IRQ c0=0
DMA IRQ c1=3
DMA IRQ c2=0
DMA IRQ c3=0
SELECT busy=3578
SELECT w0=3564
SELECT w1=2069
SELECT w2=2037
BUSY TASK ewma=997
DMA IRQ c0=0
DMA IRQ c1=3
DMA IRQ c2=0
DMA IRQ c3=0
SELECT busy=3598
SELECT w0=3585
SELECT w1=2080
SELECT w2=2049
BUSY TASK ewma=997
DMA IRQ c0=0
DMA IRQ c1=3
DMA IRQ c2=0
DMA IRQ c3=0
SELECT busy=3617
SELECT w0=3604
SELECT w1=2089
SELECT w2=2060
BUSY TASK ewma=997
DMA IRQ c0=0
DMA IRQ c1=3
DMA IRQ c2=0
DMA IRQ c3=0
SELECT busy=3643
SELECT w0=3629
SELECT w1=2102
SELECT w2=2071
BUSY TASK ewma=997
DMA IRQ c0=0
DMA IRQ c1=3
DMA IRQ c2=0
DMA IRQ c3=0
SELECT busy=3659
SELECT w0=3646
SELECT w1=2113
SELECT w2=2081
BUSY TASK ewma=997
DMA IRQ c0=0
DMA IRQ c1=3
DMA IRQ c2=0
DMA IRQ c3=0
SELECT busy=3678
SELECT w0=3665
SELECT w1=2126
SELECT w2=2092
BUSY TASK ewma=997
DMA IRQ c0=0
DMA IRQ c1=3
DMA IRQ c2=0
DMA IRQ c3=0
SELECT busy=3698
SELECT w0=3684
SELECT w1=2136
SELECT w2=2102
BUSY TASK ewma=997
DMA IRQ c0=0
DMA IRQ c1=3
DMA IRQ c2=0
DMA IRQ c3=0
SELECT busy=3716
SELECT w0=3703
SELECT w1=2146
SELECT w2=2112
BUSY TASK ewma=997
DMA IRQ c0=0
DMA IRQ c1=3
DMA IRQ c2=0
DMA IRQ c3=0
SELECT busy=3734
SELECT w0=3721
SELECT w1=2155
SELECT w2=2125
BUSY TASK ewma=997
DMA IRQ c0=0
DMA IRQ c1=3
DMA IRQ c2=0
DMA IRQ c3=0
SELECT busy=3753
SELECT w0=3740
SELECT w1=2165
SELECT w2=2136
BUSY TASK ewma=997
DMA IRQ c0=0
DMA IRQ c1=3
DMA IRQ c2=0
DMA IRQ c3=0
SELECT busy=3772
SELECT w0=3760
SELECT w1=2175
SELECT w2=2148
BUSY TASK ewma=997
DMA IRQ c0=0
DMA IRQ c1=3
DMA IRQ c2=0
DMA IRQ c3=0
SELECT busy=3791
SELECT w0=3778
SELECT w1=2185
SELECT w2=2158
BUSY TASK ewma=997
DMA IRQ c0=0
DMA IRQ c1=3
DMA IRQ c2=0
DMA IRQ c3=0
SELECT busy=3808
SELECT w0=3795
SELECT w1=2194
SELECT w2=2167
BUSY TASK ewma=997
DMA IRQ c0=0
DMA IRQ c1=3
DMA IRQ c2=0
DMA IRQ c3=0
SELECT busy=3821
SELECT w0=3807
SELECT w1=2199
SELECT w2=2173
BUSY TASK ewma=997
DMA IRQ c0=0
DMA IRQ c1=3
DMA IRQ c2=0
DMA IRQ c3=0
SELECT busy=3844
SELECT w0=3831
SELECT w1=2212
SELECT w2=2185
BUSY TASK ewma=997
DMA IRQ c0=0
DMA IRQ c1=3
DMA IRQ c2=0
DMA IRQ c3=0
SELECT busy=3859
SELECT w0=3845
SELECT w1=2221
SELECT w2=2193
BUSY TASK ewma=997
DMA IRQ c0=0
DMA IRQ c1=3
DMA IRQ c2=0
DMA IRQ c3=0
SELECT busy=3876
SELECT w0=3862
SELECT w1=2231
SELECT w2=2203
BUSY TASK ewma=997
DMA IRQ c0=0
DMA IRQ c1=3
DMA IRQ c2=0
DMA IRQ c3=0
SELECT busy=3896
SELECT w0=3882
SELECT w1=2244
SELECT w2=2213
BUSY TASK ewma=997
DMA IRQ c0=0
DMA IRQ c1=3
DMA IRQ c2=0
DMA IRQ c3=0
SELECT busy=3917
SELECT w0=3904
SELECT w1=2256
SELECT w2=2224
BUSY TASK ewma=997
DMA IRQ c0=0
DMA IRQ c1=3
DMA IRQ c2=0
DMA IRQ c3=0
SELECT busy=3936
SELECT w0=3924
SELECT w1=2269
SELECT w2=2236
BUSY TASK ewma=997
DMA IRQ c0=0
DMA IRQ c1=3
DMA IRQ c2=0
DMA IRQ c3=0
SELECT busy=3960
SELECT w0=3946
SELECT w1=2279
SELECT w2=2247
BUSY TASK ewma=997
DMA IRQ c0=0
DMA IRQ c1=3
DMA IRQ c2=0
DMA IRQ c3=0
SELECT busy=3993
SELECT w0=3982
SELECT w1=2298
SELECT w2=2266
BUSY TASK ewma=997
DMA IRQ c0=0
DMA IRQ c1=3
DMA IRQ c2=0
DMA IRQ c3=0
SELECT busy=4025
SELECT w0=4012
SELECT w1=2315
SELECT w2=2282
BUSY TASK ewma=997
DMA IRQ c0=0
DMA IRQ c1=3
DMA IRQ c2=0
DMA IRQ c3=0
SELECT busy=4061
SELECT w0=4047
SELECT w1=2337
SELECT w2=2302
BUSY TASK ewma=997
DMA IRQ c0=0
DMA IRQ c1=3
DMA IRQ c2=0
DMA IRQ c3=0
SELECT busy=4093
SELECT w0=4079
SELECT w1=2354
SELECT w2=2322
BUSY TASK ewma=997
DMA IRQ c0=0
DMA IRQ c1=3
DMA IRQ c2=0
DMA IRQ c3=0
SELECT busy=4128
SELECT w0=4115
SELECT w1=2375
SELECT w2=2341
BUSY TASK ewma=997
DMA IRQ c0=0
DMA IRQ c1=3
DMA IRQ c2=0
DMA IRQ c3=0
SELECT busy=4150
SELECT w0=4137
SELECT w1=2386
SELECT w2=2351
BUSY TASK ewma=997
DMA IRQ c0=0
DMA IRQ c1=3
DMA IRQ c2=0
DMA IRQ c3=0
SELECT busy=4166
SELECT w0=4153
SELECT w1=2396
SELECT w2=2362
BUSY TASK ewma=997
DMA IRQ c0=0
DMA IRQ c1=3
DMA IRQ c2=0
DMA IRQ c3=0
SELECT busy=4187
SELECT w0=4174
SELECT w1=2410
SELECT w2=2374
BUSY TASK ewma=997
DMA IRQ c0=0
DMA IRQ c1=3
DMA IRQ c2=0
DMA IRQ c3=0
SELECT busy=4206
SELECT w0=4193
SELECT w1=2424
SELECT w2=2385
BUSY TASK ewma=997
DMA IRQ c0=0
DMA IRQ c1=3
DMA IRQ c2=0
DMA IRQ c3=0
SELECT busy=4226
SELECT w0=4213
SELECT w1=2437
SELECT w2=2397
BUSY TASK ewma=997
DMA IRQ c0=0
DMA IRQ c1=3
DMA IRQ c2=0
DMA IRQ c3=0
SELECT busy=4242
SELECT w0=4228
SELECT w1=2447
SELECT w2=2407
BUSY TASK ewma=997
DMA IRQ c0=0
DMA IRQ c1=3
DMA IRQ c2=0
DMA IRQ c3=0
SELECT busy=4259
SELECT w0=4245
SELECT w1=2456
SELECT w2=2418
BUSY TASK ewma=997
DMA IRQ c0=0
DMA IRQ c1=3
DMA IRQ c2=0
DMA IRQ c3=0
SELECT busy=4271
SELECT w0=4258
SELECT w1=2465
SELECT w2=2425
BUSY TASK ewma=997
DMA IRQ c0=0
DMA IRQ c1=3
DMA IRQ c2=0
DMA IRQ c3=0
SELECT busy=4290
SELECT w0=4277
SELECT w1=2476
SELECT w2=2436
BUSY TASK ewma=997
IRQ counts: cpu0=8593 cpu1=10111 cpu2=9989 cpu3=10438
SCHED secondaries: calls=30559 unexpected=0
SECTEST switches=30513 cpu1=122631332,122641760 cpu2=93889352,94305600 cpu3=137687606,136658821
PINGPONG rounds=1573 pongs=1574
DMA IRQ c0=0
DMA IRQ c1=3
DMA IRQ c2=0
DMA IRQ c3=0
SELECT busy=4318
SELECT w0=4308
SELECT w1=2496
SELECT w2=2454
BUSY TASK ewma=997
DMA IRQ c0=0
DMA IRQ c1=3
DMA IRQ c2=0
DMA IRQ c3=0
SELECT busy=4342
SELECT w0=4329
SELECT w1=2511
SELECT w2=2468
BUSY TASK ewma=997
DMA IRQ c0=0
DMA IRQ c1=3
DMA IRQ c2=0
DMA IRQ c3=0
SELECT busy=4364
SELECT w0=4351
SELECT w1=2524
SELECT w2=2484
BUSY TASK ewma=997
DMA IRQ c0=0
DMA IRQ c1=3
DMA IRQ c2=0
DMA IRQ c3=0
SELECT busy=4386
SELECT w0=4373
SELECT w1=2537
SELECT w2=2496
BUSY TASK ewma=997
DMA IRQ c0=0
DMA IRQ c1=3
DMA IRQ c2=0
DMA IRQ c3=0
SELECT busy=4414
SELECT w0=4402
SELECT w1=2556
SELECT w2=2514
BUSY TASK ewma=997
DMA IRQ c0=0
DMA IRQ c1=3
DMA IRQ c2=0
DMA IRQ c3=0
SELECT busy=4453
SELECT w0=4440
SELECT w1=2576
SELECT w2=2535
BUSY TASK ewma=997
DMA IRQ c0=0
DMA IRQ c1=3
DMA IRQ c2=0
DMA IRQ c3=0
SELECT busy=4497
SELECT w0=4484
SELECT w1=2600
SELECT w2=2560
BUSY TASK ewma=997
DMA IRQ c0=0
DMA IRQ c1=3
DMA IRQ c2=0
DMA IRQ c3=0
SELECT busy=4528
SELECT w0=4515
SELECT w1=2615
SELECT w2=2575
BUSY TASK ewma=997
DMA IRQ c0=0
DMA IRQ c1=3
DMA IRQ c2=0
DMA IRQ c3=0
SELECT busy=4565
SELECT w0=4551
SELECT w1=2636
SELECT w2=2595
BUSY TASK ewma=997
DMA IRQ c0=0
DMA IRQ c1=3
DMA IRQ c2=0
DMA IRQ c3=0
SELECT busy=4610
SELECT w0=4598
SELECT w1=2666
SELECT w2=2622
BUSY TASK ewma=997
DMA IRQ c0=0
DMA IRQ c1=3
DMA IRQ c2=0
DMA IRQ c3=0
SELECT busy=4660
SELECT w0=4646
SELECT w1=2690
SELECT w2=2648
BUSY TASK ewma=997
DMA IRQ c0=0
DMA IRQ c1=3
DMA IRQ c2=0
DMA IRQ c3=0
SELECT busy=4698
SELECT w0=4685
SELECT w1=2708
SELECT w2=2665
BUSY TASK ewma=997
DMA IRQ c0=0
DMA IRQ c1=3
DMA IRQ c2=0
DMA IRQ c3=0
SELECT busy=4746
SELECT w0=4735
SELECT w1=2739
SELECT w2=2693
BUSY TASK ewma=997
DMA IRQ c0=0
DMA IRQ c1=3
DMA IRQ c2=0
DMA IRQ c3=0
SELECT busy=4784
SELECT w0=4770
SELECT w1=2759
SELECT w2=2713
BUSY TASK ewma=997
DMA IRQ c0=0
DMA IRQ c1=3
DMA IRQ c2=0
DMA IRQ c3=0
SELECT busy=4813
SELECT w0=4800
SELECT w1=2775
SELECT w2=2728
BUSY TASK ewma=997
DMA IRQ c0=0
DMA IRQ c1=3
DMA IRQ c2=0
DMA IRQ c3=0
SELECT busy=4840
SELECT w0=4826
SELECT w1=2787
SELECT w2=2739
BUSY TASK ewma=997
DMA IRQ c0=0
DMA IRQ c1=3
DMA IRQ c2=0
DMA IRQ c3=0
SELECT busy=4868
SELECT w0=4855
SELECT w1=2808
SELECT w2=2755
BUSY TASK ewma=997
DMA IRQ c0=0
DMA IRQ c1=3
DMA IRQ c2=0
DMA IRQ c3=0
SELECT busy=4894
SELECT w0=4880
SELECT w1=2819
SELECT w2=2766
BUSY TASK ewma=997
DMA IRQ c0=0
DMA IRQ c1=3
DMA IRQ c2=0
DMA IRQ c3=0
SELECT busy=4915
SELECT w0=4902
SELECT w1=2833
SELECT w2=2781
BUSY TASK ewma=997
DMA IRQ c0=0
DMA IRQ c1=3
DMA IRQ c2=0
DMA IRQ c3=0
SELECT busy=4948
SELECT w0=4935
SELECT w1=2857
SELECT w2=2801
BUSY TASK ewma=997
DMA IRQ c0=0
DMA IRQ c1=3
DMA IRQ c2=0
DMA IRQ c3=0
SELECT busy=4965
SELECT w0=4952
SELECT w1=2869
SELECT w2=2815
BUSY TASK ewma=997
DMA IRQ c0=0
DMA IRQ c1=3
DMA IRQ c2=0
DMA IRQ c3=0
SELECT busy=4984
SELECT w0=4970
SELECT w1=2882
SELECT w2=2826
BUSY TASK ewma=997
DMA IRQ c0=0
DMA IRQ c1=3
DMA IRQ c2=0
DMA IRQ c3=0
SELECT busy=5001
SELECT w0=4988
SELECT w1=2894
SELECT w2=2839
BUSY TASK ewma=997
DMA IRQ c0=0
DMA IRQ c1=3
DMA IRQ c2=0
DMA IRQ c3=0
SELECT busy=5019
SELECT w0=5006
SELECT w1=2903
SELECT w2=2849
BUSY TASK ewma=997
DMA IRQ c0=0
DMA IRQ c1=3
DMA IRQ c2=0
DMA IRQ c3=0
SELECT busy=5034
SELECT w0=5020
SELECT w1=2911
SELECT w2=2858
BUSY TASK ewma=997
DMA IRQ c0=0
DMA IRQ c1=3
DMA IRQ c2=0
DMA IRQ c3=0
SELECT busy=5058
SELECT w0=5045
SELECT w1=2926
SELECT w2=2873
BUSY TASK ewma=997
DMA IRQ c0=0
DMA IRQ c1=3
DMA IRQ c2=0
DMA IRQ c3=0
SELECT busy=5072
SELECT w0=5058
SELECT w1=2934
SELECT w2=2882
BUSY TASK ewma=997
DMA IRQ c0=0
DMA IRQ c1=3
DMA IRQ c2=0
DMA IRQ c3=0
SELECT busy=5089
SELECT w0=5076
SELECT w1=2945
SELECT w2=2894
BUSY TASK ewma=997
DMA IRQ c0=0
DMA IRQ c1=3
DMA IRQ c2=0
DMA IRQ c3=0
SELECT busy=5108
SELECT w0=5097
SELECT w1=2958
SELECT w2=2905
BUSY TASK ewma=997
DMA IRQ c0=0
DMA IRQ c1=3
DMA IRQ c2=0
DMA IRQ c3=0
SELECT busy=5135
SELECT w0=5122
SELECT w1=2970
SELECT w2=2921
BUSY TASK ewma=997
DMA IRQ c0=0
DMA IRQ c1=3
DMA IRQ c2=0
DMA IRQ c3=0
SELECT busy=5156
SELECT w0=5143
SELECT w1=2982
SELECT w2=2930
BUSY TASK ewma=997
DMA IRQ c0=0
DMA IRQ c1=3
DMA IRQ c2=0
DMA IRQ c3=0
SELECT busy=5172
SELECT w0=5159
SELECT w1=2997
SELECT w2=2941
BUSY TASK ewma=997
DMA IRQ c0=0
DMA IRQ c1=3
DMA IRQ c2=0
DMA IRQ c3=0
SELECT busy=5191
SELECT w0=5177
SELECT w1=3010
SELECT w2=2951
BUSY TASK ewma=997
DMA IRQ c0=0
DMA IRQ c1=3
DMA IRQ c2=0
DMA IRQ c3=0
SELECT busy=5206
SELECT w0=5192
SELECT w1=3019
SELECT w2=2960
BUSY TASK ewma=997
DMA IRQ c0=0
DMA IRQ c1=3
DMA IRQ c2=0
DMA IRQ c3=0
SELECT busy=5224
SELECT w0=5211
SELECT w1=3032
SELECT w2=2973
BUSY TASK ewma=997
DMA IRQ c0=0
DMA IRQ c1=3
DMA IRQ c2=0
DMA IRQ c3=0
SELECT busy=5255
SELECT w0=5242
SELECT w1=3048
SELECT w2=2992
BUSY TASK ewma=997
DMA IRQ c0=0
DMA IRQ c1=3
DMA IRQ c2=0
DMA IRQ c3=0
SELECT busy=5270
SELECT w0=5256
SELECT w1=3054
SELECT w2=2998
BUSY TASK ewma=997
DMA IRQ c0=0
DMA IRQ c1=3
DMA IRQ c2=0
DMA IRQ c3=0
SELECT busy=5306
SELECT w0=5293
SELECT w1=3071
SELECT w2=3014
BUSY TASK ewma=997
DMA IRQ c0=0
DMA IRQ c1=3
DMA IRQ c2=0
DMA IRQ c3=0
SELECT busy=5334
SELECT w0=5320
SELECT w1=3085
SELECT w2=3030
BUSY TASK ewma=997
DMA IRQ c0=0
DMA IRQ c1=3
DMA IRQ c2=0
DMA IRQ c3=0
SELECT busy=5363
SELECT w0=5349
SELECT w1=3097
SELECT w2=3045
BUSY TASK ewma=997
DMA IRQ c0=0
DMA IRQ c1=3
DMA IRQ c2=0
DMA IRQ c3=0
SELECT busy=5394
SELECT w0=5380
SELECT w1=3110
SELECT w2=3062
BUSY TASK ewma=997
DMA IRQ c0=0
DMA IRQ c1=3
DMA IRQ c2=0
DMA IRQ c3=0
SELECT busy=5432
SELECT w0=5418
SELECT w1=3127
SELECT w2=3081
BUSY TASK ewma=997
DMA IRQ c0=0
DMA IRQ c1=3
DMA IRQ c2=0
DMA IRQ c3=0
SELECT busy=5459
SELECT w0=5445
SELECT w1=3136
SELECT w2=3093
BUSY TASK ewma=997
DMA IRQ c0=0
DMA IRQ c1=3
DMA IRQ c2=0
DMA IRQ c3=0
SELECT busy=5480
SELECT w0=5467
SELECT w1=3147
SELECT w2=3109
BUSY TASK ewma=997
DMA IRQ c0=0
DMA IRQ c1=3
DMA IRQ c2=0
DMA IRQ c3=0
SELECT busy=5502
SELECT w0=5489
SELECT w1=3158
SELECT w2=3122
BUSY TASK ewma=997
DMA IRQ c0=0
DMA IRQ c1=3
DMA IRQ c2=0
DMA IRQ c3=0
SELECT busy=5529
SELECT w0=5517
SELECT w1=3173
SELECT w2=3138
BUSY TASK ewma=997
DMA IRQ c0=0
DMA IRQ c1=3
DMA IRQ c2=0
DMA IRQ c3=0
SELECT busy=5558
SELECT w0=5545
SELECT w1=3187
SELECT w2=3155
BUSY TASK ewma=997
DMA IRQ c0=0
DMA IRQ c1=3
DMA IRQ c2=0
DMA IRQ c3=0
SELECT busy=5594
SELECT w0=5581
SELECT w1=3204
SELECT w2=3175
BUSY TASK ewma=997
DMA IRQ c0=0
DMA IRQ c1=3
DMA IRQ c2=0
DMA IRQ c3=0
SELECT busy=5627
SELECT w0=5614
SELECT w1=3222
SELECT w2=3193
BUSY TASK ewma=997
DMA IRQ c0=0
DMA IRQ c1=3
DMA IRQ c2=0
DMA IRQ c3=0
SELECT busy=5670
SELECT w0=5657
SELECT w1=3244
SELECT w2=3219
BUSY TASK ewma=997
DMA IRQ c0=0
DMA IRQ c1=3
DMA IRQ c2=0
DMA IRQ c3=0
SELECT busy=5707
SELECT w0=5693
SELECT w1=3259
SELECT w2=3238
BUSY TASK ewma=997
DMA IRQ c0=0
DMA IRQ c1=3
DMA IRQ c2=0
DMA IRQ c3=0
SELECT busy=5726
SELECT w0=5713
SELECT w1=3267
SELECT w2=3249
BUSY TASK ewma=997
DMA IRQ c0=0
DMA IRQ c1=3
DMA IRQ c2=0
DMA IRQ c3=0
SELECT busy=5742
SELECT w0=5728
SELECT w1=3273
SELECT w2=3255
BUSY TASK ewma=997
DMA IRQ c0=0
DMA IRQ c1=3
DMA IRQ c2=0
DMA IRQ c3=0
SELECT busy=5756
SELECT w0=5743
SELECT w1=3281
SELECT w2=3265
BUSY TASK ewma=997
DMA IRQ c0=0
DMA IRQ c1=3
DMA IRQ c2=0
DMA IRQ c3=0
SELECT busy=5772
SELECT w0=5759
SELECT w1=3289
SELECT w2=3273
BUSY TASK ewma=997
DMA IRQ c0=0
DMA IRQ c1=3
DMA IRQ c2=0
DMA IRQ c3=0
SELECT busy=5790
SELECT w0=5777
SELECT w1=3298
SELECT w2=3283
BUSY TASK ewma=997
DMA IRQ c0=0
DMA IRQ c1=3
DMA IRQ c2=0
DMA IRQ c3=0
SELECT busy=5808
SELECT w0=5795
SELECT w1=3306
SELECT w2=3293
BUSY TASK ewma=997
DMA IRQ c0=0
DMA IRQ c1=3
DMA IRQ c2=0
DMA IRQ c3=0
SELECT busy=5822
SELECT w0=5809
SELECT w1=3312
SELECT w2=3301
BUSY TASK ewma=997
DMA IRQ c0=0
DMA IRQ c1=3
DMA IRQ c2=0
DMA IRQ c3=0
SELECT busy=5837
SELECT w0=5824
SELECT w1=3319
SELECT w2=3312
BUSY TASK ewma=997
DMA IRQ c0=0
DMA IRQ c1=3
DMA IRQ c2=0
DMA IRQ c3=0
SELECT busy=5855
SELECT w0=5841
SELECT w1=3327
SELECT w2=3323
BUSY TASK ewma=997
DMA IRQ c0=0
DMA IRQ c1=3
DMA IRQ c2=0
DMA IRQ c3=0
SELECT busy=5870
SELECT w0=5857
SELECT w1=3336
SELECT w2=3333
BUSY TASK ewma=997
DMA IRQ c0=0
DMA IRQ c1=3
DMA IRQ c2=0
DMA IRQ c3=0
SELECT busy=5895
SELECT w0=5881
SELECT w1=3349
SELECT w2=3347
BUSY TASK ewma=997
DMA IRQ c0=0
DMA IRQ c1=3
DMA IRQ c2=0
DMA IRQ c3=0
SELECT busy=5912
SELECT w0=5899
SELECT w1=3358
SELECT w2=3357
BUSY TASK ewma=997
DMA IRQ c0=0
DMA IRQ c1=3
DMA IRQ c2=0
DMA IRQ c3=0
SELECT busy=5937
SELECT w0=5923
SELECT w1=3369
SELECT w2=3369
BUSY TASK ewma=997
IRQ counts: cpu0=11889 cpu1=14011 cpu2=13770 cpu3=14225
SCHED secondaries: calls=42009 unexpected=0
SECTEST switches=41963 cpu1=156804451,156975358 cpu2=121811031,121470918 cpu3=178449254,174566271
PINGPONG rounds=2000 pongs=2000
DMA IRQ c0=0
DMA IRQ c1=3
DMA IRQ c2=0
DMA IRQ c3=0
SELECT busy=5964
SELECT w0=5950
SELECT w1=3384
SELECT w2=3388
BUSY TASK ewma=997
DMA IRQ c0=0
DMA IRQ c1=3
DMA IRQ c2=0
DMA IRQ c3=0
SELECT busy=5989
SELECT w0=5976
SELECT w1=3397
SELECT w2=3405
BUSY TASK ewma=997
DMA IRQ c0=0
DMA IRQ c1=3
DMA IRQ c2=0
DMA IRQ c3=0
SELECT busy=6003
SELECT w0=5989
SELECT w1=3401
SELECT w2=3411
BUSY TASK ewma=997
DMA IRQ c0=0
DMA IRQ c1=3
DMA IRQ c2=0
DMA IRQ c3=0
SELECT busy=6025
SELECT w0=6013
SELECT w1=3412
SELECT w2=3423
BUSY TASK ewma=997
DMA IRQ c0=0
DMA IRQ c1=3
DMA IRQ c2=0
DMA IRQ c3=0
SELECT busy=6048
SELECT w0=6035
SELECT w1=3424
SELECT w2=3441
BUSY TASK ewma=997
DMA IRQ c0=0
DMA IRQ c1=3
DMA IRQ c2=0
DMA IRQ c3=0
SELECT busy=6068
SELECT w0=6055
SELECT w1=3434
SELECT w2=3452
BUSY TASK ewma=997
DMA IRQ c0=0
DMA IRQ c1=3
DMA IRQ c2=0
DMA IRQ c3=0
SELECT busy=6091
SELECT w0=6078
SELECT w1=3445
SELECT w2=3464
BUSY TASK ewma=997
DMA IRQ c0=0
DMA IRQ c1=3
DMA IRQ c2=0
DMA IRQ c3=0
SELECT busy=6111
SELECT w0=6098
SELECT w1=3456
SELECT w2=3475
BUSY TASK ewma=997
DMA IRQ c0=0
DMA IRQ c1=3
DMA IRQ c2=0
DMA IRQ c3=0
SELECT busy=6127
SELECT w0=6115
SELECT w1=3467
SELECT w2=3485
BUSY TASK ewma=997
DMA IRQ c0=0
DMA IRQ c1=3
DMA IRQ c2=0
DMA IRQ c3=0
SELECT busy=6146
SELECT w0=6133
SELECT w1=3476
SELECT w2=3495
BUSY TASK ewma=997
DMA IRQ c0=0
DMA IRQ c1=3
DMA IRQ c2=0
DMA IRQ c3=0
SELECT busy=6166
SELECT w0=6153
SELECT w1=3485
SELECT w2=3506
BUSY TASK ewma=997
DMA IRQ c0=0
DMA IRQ c1=3
DMA IRQ c2=0
DMA IRQ c3=0
SELECT busy=6183
SELECT w0=6169
SELECT w1=3491
SELECT w2=3514
BUSY TASK ewma=997
DMA IRQ c0=0
DMA IRQ c1=3
DMA IRQ c2=0
DMA IRQ c3=0
SELECT busy=6202
SELECT w0=6189
SELECT w1=3505
SELECT w2=3530
BUSY TASK ewma=997
DMA IRQ c0=0
DMA IRQ c1=3
DMA IRQ c2=0
DMA IRQ c3=0
SELECT busy=6217
SELECT w0=6204
SELECT w1=3513
SELECT w2=3541
BUSY TASK ewma=997
DMA IRQ c0=0
DMA IRQ c1=3
DMA IRQ c2=0
DMA IRQ c3=0
SELECT busy=6235
SELECT w0=6222
SELECT w1=3523
SELECT w2=3552
BUSY TASK ewma=997
DMA IRQ c0=0
DMA IRQ c1=3
DMA IRQ c2=0
DMA IRQ c3=0
SELECT busy=6258
SELECT w0=6245
SELECT w1=3533
SELECT w2=3566
BUSY TASK ewma=997
DMA IRQ c0=0
DMA IRQ c1=3
DMA IRQ c2=0
DMA IRQ c3=0
SELECT busy=6276
SELECT w0=6262
SELECT w1=3538
SELECT w2=3572
BUSY TASK ewma=997
DMA IRQ c0=0
DMA IRQ c1=3
DMA IRQ c2=0
DMA IRQ c3=0
SELECT busy=6294
SELECT w0=6280
SELECT w1=3545
SELECT w2=3582
BUSY TASK ewma=997
DMA IRQ c0=0
DMA IRQ c1=3
DMA IRQ c2=0
DMA IRQ c3=0
SELECT busy=6312
SELECT w0=6298
SELECT w1=3553
SELECT w2=3591
BUSY TASK ewma=997
DMA IRQ c0=0
DMA IRQ c1=3
DMA IRQ c2=0
DMA IRQ c3=0
SELECT busy=6329
SELECT w0=6315
SELECT w1=3562
SELECT w2=3608
BUSY TASK ewma=997
DMA IRQ c0=0
DMA IRQ c1=3
DMA IRQ c2=0
DMA IRQ c3=0
SELECT busy=6349
SELECT w0=6336
SELECT w1=3572
SELECT w2=3623
BUSY TASK ewma=997
DMA IRQ c0=0
DMA IRQ c1=3
DMA IRQ c2=0
DMA IRQ c3=0
SELECT busy=6368
SELECT w0=6354
SELECT w1=3584
SELECT w2=3635
BUSY TASK ewma=997
DMA IRQ c0=0
DMA IRQ c1=3
DMA IRQ c2=0
DMA IRQ c3=0
SELECT busy=6393
SELECT w0=6384
SELECT w1=3598
SELECT w2=3651
BUSY TASK ewma=997
DMA IRQ c0=0
DMA IRQ c1=3
DMA IRQ c2=0
DMA IRQ c3=0
SELECT busy=6424
SELECT w0=6411
SELECT w1=3610
SELECT w2=3664
BUSY TASK ewma=997
DMA IRQ c0=0
DMA IRQ c1=3
DMA IRQ c2=0
DMA IRQ c3=0
SELECT busy=6456
SELECT w0=6442
SELECT w1=3620
SELECT w2=3677
BUSY TASK ewma=997
DMA IRQ c0=0
DMA IRQ c1=3
DMA IRQ c2=0
DMA IRQ c3=0
SELECT busy=6490
SELECT w0=6476
SELECT w1=3634
SELECT w2=3694
BUSY TASK ewma=997
DMA IRQ c0=0
DMA IRQ c1=3
DMA IRQ c2=0
DMA IRQ c3=0
SELECT busy=6527
SELECT w0=6514
SELECT w1=3650
SELECT w2=3716
BUSY TASK ewma=997
DMA IRQ c0=0
DMA IRQ c1=3
DMA IRQ c2=0
DMA IRQ c3=0
SELECT busy=6567
SELECT w0=6554
SELECT w1=3663
SELECT w2=3735
BUSY TASK ewma=997
DMA IRQ c0=0
DMA IRQ c1=3
DMA IRQ c2=0
DMA IRQ c3=0
SELECT busy=6599
SELECT w0=6586
SELECT w1=3676
SELECT w2=3753
BUSY TASK ewma=997
DMA IRQ c0=0
DMA IRQ c1=3
DMA IRQ c2=0
DMA IRQ c3=0
SELECT busy=6626
SELECT w0=6612
SELECT w1=3688
SELECT w2=3770
BUSY TASK ewma=997
DMA IRQ c0=0
DMA IRQ c1=3
DMA IRQ c2=0
DMA IRQ c3=0
SELECT busy=6659
SELECT w0=6647
SELECT w1=3705
SELECT w2=3790
BUSY TASK ewma=997
DMA IRQ c0=0
DMA IRQ c1=3
DMA IRQ c2=0
DMA IRQ c3=0
SELECT busy=6695
SELECT w0=6682
SELECT w1=3718
SELECT w2=3805
BUSY TASK ewma=997
DMA IRQ c0=0
DMA IRQ c1=3
DMA IRQ c2=0
DMA IRQ c3=0
SELECT busy=6719
SELECT w0=6705
SELECT w1=3728
SELECT w2=3817
BUSY TASK ewma=997
DMA IRQ c0=0
DMA IRQ c1=3
DMA IRQ c2=0
DMA IRQ c3=0
SELECT busy=6748
SELECT w0=6735
SELECT w1=3742
SELECT w2=3832
BUSY TASK ewma=997
DMA IRQ c0=0
DMA IRQ c1=3
DMA IRQ c2=0
DMA IRQ c3=0
SELECT busy=6789
SELECT w0=6776
SELECT w1=3757
SELECT w2=3853
BUSY TASK ewma=997
DMA IRQ c0=0
DMA IRQ c1=3
DMA IRQ c2=0
DMA IRQ c3=0
SELECT busy=6824
SELECT w0=6812
SELECT w1=3772
SELECT w2=3872
BUSY TASK ewma=997
DMA IRQ c0=0
DMA IRQ c1=3
DMA IRQ c2=0
DMA IRQ c3=0
SELECT busy=6863
SELECT w0=6850
SELECT w1=3789
SELECT w2=3894
BUSY TASK ewma=997
DMA IRQ c0=0
DMA IRQ c1=3
DMA IRQ c2=0
DMA IRQ c3=0
SELECT busy=6901
SELECT w0=6891
SELECT w1=3807
SELECT w2=3918
BUSY TASK ewma=997
DMA IRQ c0=0
DMA IRQ c1=3
DMA IRQ c2=0
DMA IRQ c3=0
SELECT busy=6934
SELECT w0=6923
SELECT w1=3821
SELECT w2=3934
BUSY TASK ewma=997
DMA IRQ c0=0
DMA IRQ c1=3
DMA IRQ c2=0
DMA IRQ c3=0
SELECT busy=6969
SELECT w0=6956
SELECT w1=3835
SELECT w2=3948
BUSY TASK ewma=997
DMA IRQ c0=0
DMA IRQ c1=3
DMA IRQ c2=0
DMA IRQ c3=0
SELECT busy=7003
SELECT w0=6989
SELECT w1=3849
SELECT w2=3968
BUSY TASK ewma=997
DMA IRQ c0=0
DMA IRQ c1=3
DMA IRQ c2=0
DMA IRQ c3=0
SELECT busy=7036
SELECT w0=7024
SELECT w1=3864
SELECT w2=3986
BUSY TASK ewma=997
DMA IRQ c0=0
DMA IRQ c1=3
DMA IRQ c2=0
DMA IRQ c3=0
SELECT busy=7053
SELECT w0=7040
SELECT w1=3869
SELECT w2=3993
BUSY TASK ewma=997
DMA IRQ c0=0
DMA IRQ c1=3
DMA IRQ c2=0
DMA IRQ c3=0
SELECT busy=7068
SELECT w0=7055
SELECT w1=3877
SELECT w2=4003
BUSY TASK ewma=997
DMA IRQ c0=0
DMA IRQ c1=3
DMA IRQ c2=0
DMA IRQ c3=0
SELECT busy=7081
SELECT w0=7068
SELECT w1=3884
SELECT w2=4011
BUSY TASK ewma=997
DMA IRQ c0=0
DMA IRQ c1=3
DMA IRQ c2=0
DMA IRQ c3=0
SELECT busy=7100
SELECT w0=7087
SELECT w1=3890
SELECT w2=4019
BUSY TASK ewma=997
DMA IRQ c0=0
DMA IRQ c1=3
DMA IRQ c2=0
DMA IRQ c3=0
SELECT busy=7119
SELECT w0=7106
SELECT w1=3895
SELECT w2=4025
BUSY TASK ewma=997
DMA IRQ c0=0
DMA IRQ c1=3
DMA IRQ c2=0
DMA IRQ c3=0
SELECT busy=7141
SELECT w0=7127
SELECT w1=3906
SELECT w2=4037
BUSY TASK ewma=997
DMA IRQ c0=0
DMA IRQ c1=3
DMA IRQ c2=0
DMA IRQ c3=0
SELECT busy=7161
SELECT w0=7148
SELECT w1=3912
SELECT w2=4044
BUSY TASK ewma=997
DMA IRQ c0=0
DMA IRQ c1=3
DMA IRQ c2=0
DMA IRQ c3=0
SELECT busy=7180
SELECT w0=7166
SELECT w1=3919
SELECT w2=4054
BUSY TASK ewma=997
DMA IRQ c0=0
DMA IRQ c1=3
DMA IRQ c2=0
DMA IRQ c3=0
SELECT busy=7198
SELECT w0=7185
SELECT w1=3925
SELECT w2=4062
BUSY TASK ewma=997
DMA IRQ c0=0
DMA IRQ c1=3
DMA IRQ c2=0
DMA IRQ c3=0
SELECT busy=7217
SELECT w0=7203
SELECT w1=3931
SELECT w2=4071
BUSY TASK ewma=997
DMA IRQ c0=0
DMA IRQ c1=3
DMA IRQ c2=0
DMA IRQ c3=0
SELECT busy=7234
SELECT w0=7221
SELECT w1=3938
SELECT w2=4080
BUSY TASK ewma=997
DMA IRQ c0=0
DMA IRQ c1=3
DMA IRQ c2=0
DMA IRQ c3=0
SELECT busy=7249
SELECT w0=7235
SELECT w1=3943
SELECT w2=4087
BUSY TASK ewma=997
DMA IRQ c0=0
DMA IRQ c1=3
DMA IRQ c2=0
DMA IRQ c3=0
SELECT busy=7263
SELECT w0=7250
SELECT w1=3950
SELECT w2=4098
BUSY TASK ewma=997
DMA IRQ c0=0
DMA IRQ c1=3
DMA IRQ c2=0
DMA IRQ c3=0
SELECT busy=7282
SELECT w0=7269
SELECT w1=3960
SELECT w2=4112
BUSY TASK ewma=997
DMA IRQ c0=0
DMA IRQ c1=3
DMA IRQ c2=0
DMA IRQ c3=0
SELECT busy=7302
SELECT w0=7288
SELECT w1=3967
SELECT w2=4121
BUSY TASK ewma=997
DMA IRQ c0=0
DMA IRQ c1=3
DMA IRQ c2=0
DMA IRQ c3=0
SELECT busy=7319
SELECT w0=7306
SELECT w1=3976
SELECT w2=4132
BUSY TASK ewma=997
DMA IRQ c0=0
DMA IRQ c1=3
DMA IRQ c2=0
DMA IRQ c3=0
SELECT busy=7338
SELECT w0=7325
SELECT w1=3984
SELECT w2=4141
BUSY TASK ewma=997
DMA IRQ c0=0
DMA IRQ c1=3
DMA IRQ c2=0
DMA IRQ c3=0
SELECT busy=7388
SELECT w0=7376
SELECT w1=4007
SELECT w2=4166
BUSY TASK ewma=997
DMA IRQ c0=0
DMA IRQ c1=3
DMA IRQ c2=0
DMA IRQ c3=0
SELECT busy=7431
SELECT w0=7418
SELECT w1=4024
SELECT w2=4186
BUSY TASK ewma=997
DMA IRQ c0=0
DMA IRQ c1=3
DMA IRQ c2=0
DMA IRQ c3=0
SELECT busy=7468
SELECT w0=7457
SELECT w1=4040
SELECT w2=4206
BUSY TASK ewma=997
DMA IRQ c0=0
DMA IRQ c1=3
DMA IRQ c2=0
DMA IRQ c3=0
SELECT busy=7501
SELECT w0=7487
SELECT w1=4055
SELECT w2=4223
BUSY TASK ewma=997
DMA IRQ c0=0
DMA IRQ c1=3
DMA IRQ c2=0
DMA IRQ c3=0
SELECT busy=7536
SELECT w0=7522
SELECT w1=4069
SELECT w2=4240
BUSY TASK ewma=997
IRQ counts: cpu0=15121 cpu1=17547 cpu2=17272 cpu3=17598
SCHED secondaries: calls=52421 unexpected=0
SECTEST switches=52362 cpu1=186235995,185096798 cpu2=149352632,149270146 cpu3=215115787,211655681
PINGPONG rounds=2000 pongs=2000
DMA IRQ c0=0
DMA IRQ c1=3
DMA IRQ c2=0
DMA IRQ c3=0
SELECT busy=7583
SELECT w0=7570
SELECT w1=4090
SELECT w2=4266
BUSY TASK ewma=997
DMA IRQ c0=0
DMA IRQ c1=3
DMA IRQ c2=0
DMA IRQ c3=0
SELECT busy=7628
SELECT w0=7615
SELECT w1=4110
SELECT w2=4288
BUSY TASK ewma=997
DMA IRQ c0=0
DMA IRQ c1=3
DMA IRQ c2=0
DMA IRQ c3=0
SELECT busy=7662
SELECT w0=7649
SELECT w1=4124
SELECT w2=4307
BUSY TASK ewma=997
DMA IRQ c0=0
DMA IRQ c1=3
DMA IRQ c2=0
DMA IRQ c3=0
SELECT busy=7688
SELECT w0=7675
SELECT w1=4137
SELECT w2=4325
BUSY TASK ewma=997
DMA IRQ c0=0
DMA IRQ c1=3
DMA IRQ c2=0
DMA IRQ c3=0
SELECT busy=7708
SELECT w0=7695
SELECT w1=4148
SELECT w2=4337
BUSY TASK ewma=997
DMA IRQ c0=0
DMA IRQ c1=3
DMA IRQ c2=0
DMA IRQ c3=0
SELECT busy=7727
SELECT w0=7714
SELECT w1=4156
SELECT w2=4346
BUSY TASK ewma=997
DMA IRQ c0=0
DMA IRQ c1=3
DMA IRQ c2=0
DMA IRQ c3=0
SELECT busy=7744
SELECT w0=7730
SELECT w1=4165
SELECT w2=4357
BUSY TASK ewma=997
DMA IRQ c0=0
DMA IRQ c1=3
DMA IRQ c2=0
DMA IRQ c3=0
SELECT busy=7760
SELECT w0=7747
SELECT w1=4172
SELECT w2=4366
BUSY TASK ewma=997
DMA IRQ c0=0
DMA IRQ c1=3
DMA IRQ c2=0
DMA IRQ c3=0
SELECT busy=7780
SELECT w0=7767
SELECT w1=4183
SELECT w2=4379
BUSY TASK ewma=997
DMA IRQ c0=0
DMA IRQ c1=3
DMA IRQ c2=0
DMA IRQ c3=0
SELECT busy=7795
SELECT w0=7781
SELECT w1=4189
SELECT w2=4388
BUSY TASK ewma=997
DMA IRQ c0=0
DMA IRQ c1=3
DMA IRQ c2=0
DMA IRQ c3=0
SELECT busy=7814
SELECT w0=7800
SELECT w1=4196
SELECT w2=4395
BUSY TASK ewma=997
DMA IRQ c0=0
DMA IRQ c1=3
DMA IRQ c2=0
DMA IRQ c3=0
SELECT busy=7833
SELECT w0=7820
SELECT w1=4203
SELECT w2=4404
BUSY TASK ewma=997
DMA IRQ c0=0
DMA IRQ c1=3
DMA IRQ c2=0
DMA IRQ c3=0
SELECT busy=7855
SELECT w0=7841
SELECT w1=4210
SELECT w2=4414
BUSY TASK ewma=997
DMA IRQ c0=0
DMA IRQ c1=3
DMA IRQ c2=0
DMA IRQ c3=0
SELECT busy=7878
SELECT w0=7865
SELECT w1=4221
SELECT w2=4427
BUSY TASK ewma=997
DMA IRQ c0=0
DMA IRQ c1=3
DMA IRQ c2=0
DMA IRQ c3=0
SELECT busy=7902
SELECT w0=7889
SELECT w1=4236
SELECT w2=4442
BUSY TASK ewma=997
DMA IRQ c0=0
DMA IRQ c1=3
DMA IRQ c2=0
DMA IRQ c3=0
SELECT busy=7922
SELECT w0=7909
SELECT w1=4244
SELECT w2=4454
BUSY TASK ewma=997
DMA IRQ c0=0
DMA IRQ c1=3
DMA IRQ c2=0
DMA IRQ c3=0
SELECT busy=7942
SELECT w0=7929
SELECT w1=4252
SELECT w2=4462
BUSY TASK ewma=997
DMA IRQ c0=0
DMA IRQ c1=3
DMA IRQ c2=0
DMA IRQ c3=0
SELECT busy=7968
SELECT w0=7956
SELECT w1=4267
SELECT w2=4479
BUSY TASK ewma=997
DMA IRQ c0=0
DMA IRQ c1=3
DMA IRQ c2=0
DMA IRQ c3=0
SELECT busy=8010
SELECT w0=7997
SELECT w1=4282
SELECT w2=4498
BUSY TASK ewma=997
DMA IRQ c0=0
DMA IRQ c1=3
DMA IRQ c2=0
DMA IRQ c3=0
SELECT busy=8036
SELECT w0=8023
SELECT w1=4295
SELECT w2=4516
BUSY TASK ewma=997
DMA IRQ c0=0
DMA IRQ c1=3
DMA IRQ c2=0
DMA IRQ c3=0
SELECT busy=8060
SELECT w0=8047
SELECT w1=4306
SELECT w2=4529
BUSY TASK ewma=997
DMA IRQ c0=0
DMA IRQ c1=3
DMA IRQ c2=0
DMA IRQ c3=0
SELECT busy=8077
SELECT w0=8064
SELECT w1=4316
SELECT w2=4538
BUSY TASK ewma=997
DMA IRQ c0=0
DMA IRQ c1=3
DMA IRQ c2=0
DMA IRQ c3=0
SELECT busy=8112
SELECT w0=8098
SELECT w1=4331
SELECT w2=4558
BUSY TASK ewma=997
DMA IRQ c0=0
DMA IRQ c1=3
DMA IRQ c2=0
DMA IRQ c3=0
SELECT busy=8148
SELECT w0=8135
SELECT w1=4345
SELECT w2=4573
BUSY TASK ewma=997
DMA IRQ c0=0
DMA IRQ c1=3
DMA IRQ c2=0
DMA IRQ c3=0
SELECT busy=8182
SELECT w0=8168
SELECT w1=4361
SELECT w2=4588
BUSY TASK ewma=997
DMA IRQ c0=0
DMA IRQ c1=3
DMA IRQ c2=0
DMA IRQ c3=0
SELECT busy=8212
SELECT w0=8198
SELECT w1=4374
SELECT w2=4603
BUSY TASK ewma=997
DMA IRQ c0=0
DMA IRQ c1=3
DMA IRQ c2=0
DMA IRQ c3=0
SELECT busy=8249
SELECT w0=8236
SELECT w1=4393
SELECT w2=4628
qemu-system-aarch64: terminating on signal 15 from pid 209463 (timeout)
