P4 M7: full integration test boot OK
CPU0: MPIDR_EL1=0x0000000080000000
CPU0: psci_cpu_on target=1 rc=0
CPU1: alive, MPIDR_EL1=0x0000000080000001 this_cpu()->cpu_id=1
CPU0: psci_cpu_on target=2 rc=0
CPU2: alive, MPIDR_EL1=0x0000000080000002 this_cpu()->cpu_id=2
CPU0: psci_cpu_on target=3 rc=0
CPU3: alive, MPIDR_EL1=0x0000000080000003 this_cpu()->cpu_id=3
CPUs online: 4
DMA IRQ target cpu=1
D2b: worker 1 runs on CPU1
D2b: worker 2 runs on CPU2
D2b: worker 0 runs on CPU0
P4 M7: worker submitted cmd_id=1
P4 M7: worker submitted cmd_id=3
P4 M7: worker submitted cmd_id=2
BUSY TASK ewma=997
DMA IRQ c0=0
DMA IRQ c1=1
P4 M7: worker DATA OK, cmd_id=2
P4 M7: worker DATA OK, cmd_id=1
WORKER ewma=881
P4 M7: worker DATA OK, cmd_id=3
WORKER ewma=881
WORKER ewma=759
DMA IRQ c2=0
DMA IRQ c3=0
SELECT busy=33
SELECT w0=22
SELECT w1=30
SELECT w2=31
BUSY TASK ewma=997
DMA IRQ c0=0
DMA IRQ c1=2
DMA IRQ c2=0
DMA IRQ c3=0
SELECT busy=75
SELECT w0=64
SELECT w1=87
SELECT w2=85
BUSY TASK ewma=997
DMA IRQ c0=0
DMA IRQ c1=2
DMA IRQ c2=0
DMA IRQ c3=0
SELECT busy=104
SELECT w0=92
SELECT w1=129
SELECT w2=128
BUSY TASK ewma=997
DMA IRQ c0=0
DMA IRQ c1=2
DMA IRQ c2=0
DMA IRQ c3=0
SELECT busy=137
SELECT w0=125
SELECT w1=188
SELECT w2=185
BUSY TASK ewma=997
DMA IRQ c0=0
DMA IRQ c1=2
DMA IRQ c2=0
DMA IRQ c3=0
SELECT busy=161
SELECT w0=150
SELECT w1=227
SELECT w2=225
BUSY TASK ewma=997
DMA IRQ c0=0
DMA IRQ c1=2
DMA IRQ c2=0
DMA IRQ c3=0
SELECT busy=188
SELECT w0=176
SELECT w1=269
SELECT w2=269
BUSY TASK ewma=997
DMA IRQ c0=0
DMA IRQ c1=2
DMA IRQ c2=0
DMA IRQ c3=0
SELECT busy=205
SELECT w0=194
SELECT w1=295
SELECT w2=290
BUSY TASK ewma=997
DMA IRQ c0=0
DMA IRQ c1=2
DMA IRQ c2=0
DMA IRQ c3=0
SELECT busy=242
SELECT w0=230
SELECT w1=311
SELECT w2=308
BUSY TASK ewma=997
DMA IRQ c0=0
DMA IRQ c1=2
DMA IRQ c2=0
DMA IRQ c3=0
SELECT busy=278
SELECT w0=268
SELECT w1=335
SELECT w2=331
BUSY TASK ewma=997
DMA IRQ c0=0
DMA IRQ c1=2
DMA IRQ c2=0
DMA IRQ c3=0
SELECT busy=312
SELECT w0=301
SELECT w1=352
SELECT w2=348
BUSY TASK ewma=997
DMA IRQ c0=0
DMA IRQ c1=2
DMA IRQ c2=0
DMA IRQ c3=0
SELECT busy=353
SELECT w0=343
SELECT w1=373
SELECT w2=368
BUSY TASK ewma=997
DMA IRQ c0=0
DMA IRQ c1=2
DMA IRQ c2=0
DMA IRQ c3=0
SELECT busy=388
SELECT w0=377
SELECT w1=394
SELECT w2=386
BUSY TASK ewma=997
DMA IRQ c0=0
DMA IRQ c1=2
DMA IRQ c2=0
DMA IRQ c3=0
SELECT busy=411
SELECT w0=400
SELECT w1=407
SELECT w2=401
BUSY TASK ewma=997
DMA IRQ c0=0
DMA IRQ c1=2
DMA IRQ c2=0
DMA IRQ c3=0
SELECT busy=443
SELECT w0=431
SELECT w1=423
SELECT w2=418
BUSY TASK ewma=997
DMA IRQ c0=0
DMA IRQ c1=2
DMA IRQ c2=0
DMA IRQ c3=0
SELECT busy=484
SELECT w0=472
SELECT w1=445
SELECT w2=439
BUSY TASK ewma=997
DMA IRQ c0=0
DMA IRQ c1=2
DMA IRQ c2=0
DMA IRQ c3=0
SELECT busy=521
SELECT w0=509
SELECT w1=465
SELECT w2=458
BUSY TASK ewma=997
DMA IRQ c0=0
DMA IRQ c1=2
DMA IRQ c2=0
DMA IRQ c3=0
SELECT busy=553
SELECT w0=542
SELECT w1=483
SELECT w2=477
BUSY TASK ewma=997
DMA IRQ c0=0
DMA IRQ c1=2
DMA IRQ c2=0
DMA IRQ c3=0
SELECT busy=575
SELECT w0=563
SELECT w1=492
SELECT w2=487
BUSY TASK ewma=997
DMA IRQ c0=0
DMA IRQ c1=2
DMA IRQ c2=0
DMA IRQ c3=0
SELECT busy=595
SELECT w0=584
SELECT w1=503
SELECT w2=500
BUSY TASK ewma=997
DMA IRQ c0=0
DMA IRQ c1=2
DMA IRQ c2=0
DMA IRQ c3=0
SELECT busy=613
SELECT w0=602
SELECT w1=511
SELECT w2=508
BUSY TASK ewma=997
DMA IRQ c0=0
DMA IRQ c1=2
DMA IRQ c2=0
DMA IRQ c3=0
SELECT busy=637
SELECT w0=626
SELECT w1=524
SELECT w2=526
BUSY TASK ewma=997
DMA IRQ c0=0
DMA IRQ c1=2
DMA IRQ c2=0
DMA IRQ c3=0
SELECT busy=654
SELECT w0=643
SELECT w1=540
SELECT w2=539
BUSY TASK ewma=997
DMA IRQ c0=0
DMA IRQ c1=2
DMA IRQ c2=0
DMA IRQ c3=0
SELECT busy=677
SELECT w0=666
SELECT w1=554
SELECT w2=554
BUSY TASK ewma=997
DMA IRQ c0=0
DMA IRQ c1=2
DMA IRQ c2=0
DMA IRQ c3=0
SELECT busy=701
SELECT w0=691
SELECT w1=569
SELECT w2=568
BUSY TASK ewma=997
DMA IRQ c0=0
DMA IRQ c1=2
DMA IRQ c2=0
DMA IRQ c3=0
SELECT busy=721
SELECT w0=710
SELECT w1=580
SELECT w2=585
BUSY TASK ewma=997
DMA IRQ c0=0
DMA IRQ c1=2
DMA IRQ c2=0
DMA IRQ c3=0
SELECT busy=744
SELECT w0=733
SELECT w1=591
SELECT w2=596
BUSY TASK ewma=997
DMA IRQ c0=0
DMA IRQ c1=2
DMA IRQ c2=0
DMA IRQ c3=0
SELECT busy=774
SELECT w0=763
SELECT w1=603
SELECT w2=613
BUSY TASK ewma=997
DMA IRQ c0=0
DMA IRQ c1=2
DMA IRQ c2=0
DMA IRQ c3=0
SELECT busy=790
SELECT w0=779
SELECT w1=612
SELECT w2=624
BUSY TASK ewma=997
DMA IRQ c0=0
DMA IRQ c1=2
DMA IRQ c2=0
DMA IRQ c3=0
SELECT busy=808
SELECT w0=796
SELECT w1=622
SELECT w2=635
BUSY TASK ewma=997
DMA IRQ c0=0
DMA IRQ c1=2
DMA IRQ c2=0
DMA IRQ c3=0
SELECT busy=824
SELECT w0=813
SELECT w1=631
SELECT w2=647
BUSY TASK ewma=997
DMA IRQ c0=0
DMA IRQ c1=2
DMA IRQ c2=0
DMA IRQ c3=0
SELECT busy=845
SELECT w0=833
SELECT w1=642
SELECT w2=658
BUSY TASK ewma=997
DMA IRQ c0=0
DMA IRQ c1=2
DMA IRQ c2=0
DMA IRQ c3=0
SELECT busy=863
SELECT w0=853
SELECT w1=654
SELECT w2=668
BUSY TASK ewma=997
DMA IRQ c0=0
DMA IRQ c1=2
DMA IRQ c2=0
DMA IRQ c3=0
SELECT busy=881
SELECT w0=870
SELECT w1=665
SELECT w2=680
BUSY TASK ewma=997
DMA IRQ c0=0
DMA IRQ c1=2
DMA IRQ c2=0
DMA IRQ c3=0
SELECT busy=899
SELECT w0=888
SELECT w1=675
SELECT w2=691
BUSY TASK ewma=997
DMA IRQ c0=0
DMA IRQ c1=2
DMA IRQ c2=0
DMA IRQ c3=0
SELECT busy=924
SELECT w0=912
SELECT w1=688
SELECT w2=703
BUSY TASK ewma=997
DMA IRQ c0=0
DMA IRQ c1=2
DMA IRQ c2=0
DMA IRQ c3=0
SELECT busy=949
SELECT w0=938
SELECT w1=704
SELECT w2=718
BUSY TASK ewma=997
DMA IRQ c0=0
DMA IRQ c1=2
DMA IRQ c2=0
DMA IRQ c3=0
SELECT busy=978
SELECT w0=967
SELECT w1=720
SELECT w2=734
BUSY TASK ewma=997
DMA IRQ c0=0
DMA IRQ c1=2
DMA IRQ c2=0
DMA IRQ c3=0
SELECT busy=1008
SELECT w0=997
SELECT w1=737
SELECT w2=754
BUSY TASK ewma=997
DMA IRQ c0=0
DMA IRQ c1=2
DMA IRQ c2=0
DMA IRQ c3=0
SELECT busy=1033
SELECT w0=1022
SELECT w1=756
SELECT w2=769
BUSY TASK ewma=997
DMA IRQ c0=0
DMA IRQ c1=2
DMA IRQ c2=0
DMA IRQ c3=0
SELECT busy=1058
SELECT w0=1046
SELECT w1=768
SELECT w2=785
BUSY TASK ewma=997
DMA IRQ c0=0
DMA IRQ c1=2
DMA IRQ c2=0
DMA IRQ c3=0
SELECT busy=1084
SELECT w0=1072
SELECT w1=782
SELECT w2=802
BUSY TASK ewma=997
DMA IRQ c0=0
DMA IRQ c1=2
DMA IRQ c2=0
DMA IRQ c3=0
SELECT busy=1121
SELECT w0=1109
SELECT w1=801
SELECT w2=822
BUSY TASK ewma=997
DMA IRQ c0=0
DMA IRQ c1=2
DMA IRQ c2=0
DMA IRQ c3=0
SELECT busy=1158
SELECT w0=1147
SELECT w1=818
SELECT w2=841
BUSY TASK ewma=997
DMA IRQ c0=0
DMA IRQ c1=2
DMA IRQ c2=0
DMA IRQ c3=0
SELECT busy=1184
SELECT w0=1173
SELECT w1=829
SELECT w2=854
BUSY TASK ewma=997
DMA IRQ c0=0
DMA IRQ c1=2
DMA IRQ c2=0
DMA IRQ c3=0
SELECT busy=1209
SELECT w0=1198
SELECT w1=840
SELECT w2=874
BUSY TASK ewma=997
DMA IRQ c0=0
DMA IRQ c1=2
DMA IRQ c2=0
DMA IRQ c3=0
SELECT busy=1230
SELECT w0=1218
SELECT w1=852
SELECT w2=887
BUSY TASK ewma=997
DMA IRQ c0=0
DMA IRQ c1=2
DMA IRQ c2=0
DMA IRQ c3=0
SELECT busy=1250
SELECT w0=1238
SELECT w1=862
SELECT w2=898
BUSY TASK ewma=997
DMA IRQ c0=0
DMA IRQ c1=2
DMA IRQ c2=0
DMA IRQ c3=0
SELECT busy=1274
SELECT w0=1265
SELECT w1=881
SELECT w2=918
BUSY TASK ewma=997
DMA IRQ c0=0
DMA IRQ c1=2
DMA IRQ c2=0
DMA IRQ c3=0
SELECT busy=1294
SELECT w0=1283
SELECT w1=894
SELECT w2=930
BUSY TASK ewma=997
DMA IRQ c0=0
DMA IRQ c1=2
DMA IRQ c2=0
DMA IRQ c3=0
SELECT busy=1312
SELECT w0=1300
SELECT w1=904
SELECT w2=940
BUSY TASK ewma=997
DMA IRQ c0=0
DMA IRQ c1=2
DMA IRQ c2=0
DMA IRQ c3=0
SELECT busy=1332
SELECT w0=1320
SELECT w1=911
SELECT w2=946
BUSY TASK ewma=997
DMA IRQ c0=0
DMA IRQ c1=2
DMA IRQ c2=0
DMA IRQ c3=0
SELECT busy=1351
SELECT w0=1340
SELECT w1=922
SELECT w2=959
BUSY TASK ewma=997
DMA IRQ c0=0
DMA IRQ c1=2
DMA IRQ c2=0
DMA IRQ c3=0
SELECT busy=1368
SELECT w0=1356
SELECT w1=931
SELECT w2=967
BUSY TASK ewma=997
DMA IRQ c0=0
DMA IRQ c1=2
DMA IRQ c2=0
DMA IRQ c3=0
SELECT busy=1384
SELECT w0=1373
SELECT w1=940
SELECT w2=979
BUSY TASK ewma=997
DMA IRQ c0=0
DMA IRQ c1=2
DMA IRQ c2=0
DMA IRQ c3=0
SELECT busy=1403
SELECT w0=1392
SELECT w1=957
SELECT w2=991
BUSY TASK ewma=997
DMA IRQ c0=0
DMA IRQ c1=2
DMA IRQ c2=0
DMA IRQ c3=0
SELECT busy=1426
SELECT w0=1414
SELECT w1=973
SELECT w2=1002
BUSY TASK ewma=997
DMA IRQ c0=0
DMA IRQ c1=2
DMA IRQ c2=0
DMA IRQ c3=0
SELECT busy=1441
SELECT w0=1430
SELECT w1=987
SELECT w2=1013
BUSY TASK ewma=997
DMA IRQ c0=0
DMA IRQ c1=2
DMA IRQ c2=0
DMA IRQ c3=0
SELECT busy=1462
SELECT w0=1450
SELECT w1=996
SELECT w2=1021
BUSY TASK ewma=997
DMA IRQ c0=0
DMA IRQ c1=2
DMA IRQ c2=0
DMA IRQ c3=0
SELECT busy=1480
SELECT w0=1468
SELECT w1=1004
SELECT w2=1029
BUSY TASK ewma=997
DMA IRQ c0=0
DMA IRQ c1=2
DMA IRQ c2=0
DMA IRQ c3=0
SELECT busy=1496
SELECT w0=1484
SELECT w1=1012
SELECT w2=1037
BUSY TASK ewma=997
DMA IRQ c0=0
DMA IRQ c1=2
DMA IRQ c2=0
DMA IRQ c3=0
SELECT busy=1515
SELECT w0=1504
SELECT w1=1021
SELECT w2=1048
BUSY TASK ewma=997
DMA IRQ c0=0
DMA IRQ c1=2
DMA IRQ c2=0
DMA IRQ c3=0
SELECT busy=1537
SELECT w0=1525
SELECT w1=1033
SELECT w2=1063
BUSY TASK ewma=997
DMA IRQ c0=0
DMA IRQ c1=2
DMA IRQ c2=0
DMA IRQ c3=0
SELECT busy=1554
SELECT w0=1543
SELECT w1=1043
SELECT w2=1077
BUSY TASK ewma=997
IRQ counts: cpu0=3125 cpu1=3550 cpu2=3654 cpu3=3539
SCHED secondaries: calls=10747 unexpected=0
SECTEST switches=10713 cpu1=34496463,34705609 cpu2=27192357,26412947 cpu3=41388332,41326508
PINGPONG rounds=861 pongs=862
DMA IRQ c0=0
DMA IRQ c1=2
DMA IRQ c2=0
DMA IRQ c3=0
SELECT busy=1581
SELECT w0=1570
SELECT w1=1059
SELECT w2=1095
BUSY TASK ewma=997
DMA IRQ c0=0
DMA IRQ c1=2
DMA IRQ c2=0
DMA IRQ c3=0
SELECT busy=1600
SELECT w0=1590
SELECT w1=1073
SELECT w2=1110
BUSY TASK ewma=997
DMA IRQ c0=0
DMA IRQ c1=2
DMA IRQ c2=0
DMA IRQ c3=0
SELECT busy=1629
SELECT w0=1618
SELECT w1=1085
SELECT w2=1122
BUSY TASK ewma=997
DMA IRQ c0=0
DMA IRQ c1=2
DMA IRQ c2=0
DMA IRQ c3=0
SELECT busy=1647
SELECT w0=1635
SELECT w1=1097
SELECT w2=1129
BUSY TASK ewma=997
DMA IRQ c0=0
DMA IRQ c1=2
DMA IRQ c2=0
DMA IRQ c3=0
SELECT busy=1669
SELECT w0=1658
SELECT w1=1114
SELECT w2=1143
BUSY TASK ewma=997
DMA IRQ c0=0
DMA IRQ c1=2
DMA IRQ c2=0
DMA IRQ c3=0
SELECT busy=1695
SELECT w0=1683
SELECT w1=1127
SELECT w2=1157
BUSY TASK ewma=997
DMA IRQ c0=0
DMA IRQ c1=2
DMA IRQ c2=0
DMA IRQ c3=0
SELECT busy=1718
SELECT w0=1706
SELECT w1=1141
SELECT w2=1174
BUSY TASK ewma=997
DMA IRQ c0=0
DMA IRQ c1=2
DMA IRQ c2=0
DMA IRQ c3=0
SELECT busy=1738
SELECT w0=1726
SELECT w1=1152
SELECT w2=1183
BUSY TASK ewma=997
DMA IRQ c0=0
DMA IRQ c1=2
DMA IRQ c2=0
DMA IRQ c3=0
SELECT busy=1756
SELECT w0=1744
SELECT w1=1159
SELECT w2=1189
BUSY TASK ewma=997
DMA IRQ c0=0
DMA IRQ c1=2
DMA IRQ c2=0
DMA IRQ c3=0
SELECT busy=1776
SELECT w0=1765
SELECT w1=1168
SELECT w2=1198
BUSY TASK ewma=997
DMA IRQ c0=0
DMA IRQ c1=2
DMA IRQ c2=0
DMA IRQ c3=0
SELECT busy=1798
SELECT w0=1787
SELECT w1=1174
SELECT w2=1205
BUSY TASK ewma=997
DMA IRQ c0=0
DMA IRQ c1=2
DMA IRQ c2=0
DMA IRQ c3=0
SELECT busy=1821
SELECT w0=1809
SELECT w1=1183
SELECT w2=1214
BUSY TASK ewma=997
DMA IRQ c0=0
DMA IRQ c1=2
DMA IRQ c2=0
DMA IRQ c3=0
SELECT busy=1844
SELECT w0=1832
SELECT w1=1195
SELECT w2=1227
BUSY TASK ewma=997
DMA IRQ c0=0
DMA IRQ c1=2
DMA IRQ c2=0
DMA IRQ c3=0
SELECT busy=1867
SELECT w0=1856
SELECT w1=1217
SELECT w2=1241
BUSY TASK ewma=997
DMA IRQ c0=0
DMA IRQ c1=2
DMA IRQ c2=0
DMA IRQ c3=0
SELECT busy=1886
SELECT w0=1874
SELECT w1=1228
SELECT w2=1252
BUSY TASK ewma=997
DMA IRQ c0=0
DMA IRQ c1=2
DMA IRQ c2=0
DMA IRQ c3=0
SELECT busy=1906
SELECT w0=1895
SELECT w1=1246
SELECT w2=1268
BUSY TASK ewma=997
DMA IRQ c0=0
DMA IRQ c1=2
DMA IRQ c2=0
DMA IRQ c3=0
SELECT busy=1931
SELECT w0=1919
SELECT w1=1260
SELECT w2=1281
BUSY TASK ewma=997
DMA IRQ c0=0
DMA IRQ c1=2
DMA IRQ c2=0
DMA IRQ c3=0
SELECT busy=1956
SELECT w0=1945
SELECT w1=1285
SELECT w2=1300
BUSY TASK ewma=997
DMA IRQ c0=0
DMA IRQ c1=2
DMA IRQ c2=0
DMA IRQ c3=0
SELECT busy=1977
SELECT w0=1966
SELECT w1=1304
SELECT w2=1313
BUSY TASK ewma=997
DMA IRQ c0=0
DMA IRQ c1=2
DMA IRQ c2=0
DMA IRQ c3=0
SELECT busy=1997
SELECT w0=1985
SELECT w1=1313
SELECT w2=1324
BUSY TASK ewma=997
DMA IRQ c0=0
DMA IRQ c1=2
DMA IRQ c2=0
DMA IRQ c3=0
SELECT busy=2018
SELECT w0=2007
SELECT w1=1327
SELECT w2=1340
BUSY TASK ewma=997
DMA IRQ c0=0
DMA IRQ c1=2
DMA IRQ c2=0
DMA IRQ c3=0
SELECT busy=2036
SELECT w0=2025
SELECT w1=1339
SELECT w2=1353
BUSY TASK ewma=997
DMA IRQ c0=0
DMA IRQ c1=2
DMA IRQ c2=0
DMA IRQ c3=0
SELECT busy=2067
SELECT w0=2056
SELECT w1=1358
SELECT w2=1374
BUSY TASK ewma=997
DMA IRQ c0=0
DMA IRQ c1=2
DMA IRQ c2=0
DMA IRQ c3=0
SELECT busy=2090
SELECT w0=2079
SELECT w1=1374
SELECT w2=1386
BUSY TASK ewma=997
DMA IRQ c0=0
DMA IRQ c1=2
DMA IRQ c2=0
DMA IRQ c3=0
SELECT busy=2116
SELECT w0=2105
SELECT w1=1390
SELECT w2=1405
BUSY TASK ewma=997
DMA IRQ c0=0
DMA IRQ c1=2
DMA IRQ c2=0
DMA IRQ c3=0
SELECT busy=2137
SELECT w0=2125
SELECT w1=1404
SELECT w2=1419
BUSY TASK ewma=997
DMA IRQ c0=0
DMA IRQ c1=2
DMA IRQ c2=0
DMA IRQ c3=0
SELECT busy=2162
SELECT w0=2151
SELECT w1=1414
SELECT w2=1434
BUSY TASK ewma=997
DMA IRQ c0=0
DMA IRQ c1=2
DMA IRQ c2=0
DMA IRQ c3=0
SELECT busy=2184
SELECT w0=2172
SELECT w1=1422
SELECT w2=1442
BUSY TASK ewma=997
DMA IRQ c0=0
DMA IRQ c1=2
DMA IRQ c2=0
DMA IRQ c3=0
SELECT busy=2200
SELECT w0=2188
SELECT w1=1431
SELECT w2=1451
BUSY TASK ewma=997
DMA IRQ c0=0
DMA IRQ c1=2
DMA IRQ c2=0
DMA IRQ c3=0
SELECT busy=2216
SELECT w0=2205
SELECT w1=1444
SELECT w2=1462
BUSY TASK ewma=997
DMA IRQ c0=0
DMA IRQ c1=2
DMA IRQ c2=0
DMA IRQ c3=0
SELECT busy=2245
SELECT w0=2234
SELECT w1=1461
SELECT w2=1486
BUSY TASK ewma=997
DMA IRQ c0=0
DMA IRQ c1=2
DMA IRQ c2=0
DMA IRQ c3=0
SELECT busy=2270
SELECT w0=2258
SELECT w1=1475
SELECT w2=1494
BUSY TASK ewma=997
DMA IRQ c0=0
DMA IRQ c1=2
DMA IRQ c2=0
DMA IRQ c3=0
SELECT busy=2290
SELECT w0=2279
SELECT w1=1484
SELECT w2=1506
BUSY TASK ewma=997
DMA IRQ c0=0
DMA IRQ c1=2
DMA IRQ c2=0
DMA IRQ c3=0
SELECT busy=2314
SELECT w0=2303
SELECT w1=1496
SELECT w2=1516
BUSY TASK ewma=997
DMA IRQ c0=0
DMA IRQ c1=2
DMA IRQ c2=0
DMA IRQ c3=0
SELECT busy=2336
SELECT w0=2325
SELECT w1=1512
SELECT w2=1527
BUSY TASK ewma=997
DMA IRQ c0=0
DMA IRQ c1=2
DMA IRQ c2=0
DMA IRQ c3=0
SELECT busy=2364
SELECT w0=2353
SELECT w1=1534
SELECT w2=1545
BUSY TASK ewma=997
DMA IRQ c0=0
DMA IRQ c1=2
DMA IRQ c2=0
DMA IRQ c3=0
SELECT busy=2388
SELECT w0=2377
SELECT w1=1550
SELECT w2=1569
BUSY TASK ewma=997
DMA IRQ c0=0
DMA IRQ c1=2
DMA IRQ c2=0
DMA IRQ c3=0
SELECT busy=2423
SELECT w0=2412
SELECT w1=1567
SELECT w2=1591
BUSY TASK ewma=997
DMA IRQ c0=0
DMA IRQ c1=2
DMA IRQ c2=0
DMA IRQ c3=0
SELECT busy=2453
SELECT w0=2442
SELECT w1=1581
SELECT w2=1604
BUSY TASK ewma=997
DMA IRQ c0=0
DMA IRQ c1=2
DMA IRQ c2=0
DMA IRQ c3=0
SELECT busy=2486
SELECT w0=2474
SELECT w1=1596
SELECT w2=1617
BUSY TASK ewma=997
DMA IRQ c0=0
DMA IRQ c1=2
DMA IRQ c2=0
DMA IRQ c3=0
SELECT busy=2505
SELECT w0=2494
SELECT w1=1608
SELECT w2=1629
BUSY TASK ewma=997
DMA IRQ c0=0
DMA IRQ c1=2
DMA IRQ c2=0
DMA IRQ c3=0
SELECT busy=2533
SELECT w0=2522
SELECT w1=1622
SELECT w2=1642
BUSY TASK ewma=997
DMA IRQ c0=0
DMA IRQ c1=2
DMA IRQ c2=0
DMA IRQ c3=0
SELECT busy=2549
SELECT w0=2537
SELECT w1=1631
SELECT w2=1651
BUSY TASK ewma=997
DMA IRQ c0=0
DMA IRQ c1=2
DMA IRQ c2=0
DMA IRQ c3=0
SELECT busy=2568
SELECT w0=2557
SELECT w1=1638
SELECT w2=1657
BUSY TASK ewma=997
DMA IRQ c0=0
DMA IRQ c1=2
DMA IRQ c2=0
DMA IRQ c3=0
SELECT busy=2588
SELECT w0=2577
SELECT w1=1646
SELECT w2=1665
BUSY TASK ewma=997
DMA IRQ c0=0
DMA IRQ c1=2
DMA IRQ c2=0
DMA IRQ c3=0
SELECT busy=2608
SELECT w0=2596
SELECT w1=1653
SELECT w2=1673
BUSY TASK ewma=997
DMA IRQ c0=0
DMA IRQ c1=2
DMA IRQ c2=0
DMA IRQ c3=0
SELECT busy=2629
SELECT w0=2617
SELECT w1=1664
SELECT w2=1685
BUSY TASK ewma=997
DMA IRQ c0=0
DMA IRQ c1=2
DMA IRQ c2=0
DMA IRQ c3=0
SELECT busy=2644
SELECT w0=2633
SELECT w1=1677
SELECT w2=1695
BUSY TASK ewma=997
DMA IRQ c0=0
DMA IRQ c1=2
DMA IRQ c2=0
DMA IRQ c3=0
SELECT busy=2669
SELECT w0=2658
SELECT w1=1689
SELECT w2=1708
BUSY TASK ewma=997
DMA IRQ c0=0
DMA IRQ c1=2
DMA IRQ c2=0
DMA IRQ c3=0
SELECT busy=2692
SELECT w0=2680
SELECT w1=1700
SELECT w2=1718
BUSY TASK ewma=997
DMA IRQ c0=0
DMA IRQ c1=2
DMA IRQ c2=0
DMA IRQ c3=0
SELECT busy=2712
SELECT w0=2700
SELECT w1=1709
SELECT w2=1728
BUSY TASK ewma=997
DMA IRQ c0=0
DMA IRQ c1=2
DMA IRQ c2=0
DMA IRQ c3=0
SELECT busy=2733
SELECT w0=2722
SELECT w1=1722
SELECT w2=1741
BUSY TASK ewma=997
DMA IRQ c0=0
DMA IRQ c1=2
DMA IRQ c2=0
DMA IRQ c3=0
SELECT busy=2756
SELECT w0=2745
SELECT w1=1732
SELECT w2=1753
BUSY TASK ewma=997
DMA IRQ c0=0
DMA IRQ c1=2
DMA IRQ c2=0
DMA IRQ c3=0
SELECT busy=2770
SELECT w0=2758
SELECT w1=1742
SELECT w2=1760
BUSY TASK ewma=997
DMA IRQ c0=0
DMA IRQ c1=2
DMA IRQ c2=0
DMA IRQ c3=0
SELECT busy=2786
SELECT w0=2774
SELECT w1=1751
SELECT w2=1768
BUSY TASK ewma=997
DMA IRQ c0=0
DMA IRQ c1=2
DMA IRQ c2=0
DMA IRQ c3=0
SELECT busy=2805
SELECT w0=2793
SELECT w1=1764
SELECT w2=1784
BUSY TASK ewma=997
DMA IRQ c0=0
DMA IRQ c1=2
DMA IRQ c2=0
DMA IRQ c3=0
SELECT busy=2829
SELECT w0=2818
SELECT w1=1779
SELECT w2=1799
BUSY TASK ewma=997
DMA IRQ c0=0
DMA IRQ c1=2
DMA IRQ c2=0
DMA IRQ c3=0
SELECT busy=2856
SELECT w0=2845
SELECT w1=1796
SELECT w2=1814
BUSY TASK ewma=997
DMA IRQ c0=0
DMA IRQ c1=2
DMA IRQ c2=0
DMA IRQ c3=0
SELECT busy=2880
SELECT w0=2868
SELECT w1=1808
SELECT w2=1826
BUSY TASK ewma=997
DMA IRQ c0=0
DMA IRQ c1=2
DMA IRQ c2=0
DMA IRQ c3=0
SELECT busy=2904
SELECT w0=2894
SELECT w1=1821
SELECT w2=1839
BUSY TASK ewma=997
DMA IRQ c0=0
DMA IRQ c1=2
DMA IRQ c2=0
DMA IRQ c3=0
SELECT busy=2926
SELECT w0=2915
SELECT w1=1835
SELECT w2=1850
BUSY TASK ewma=997
DMA IRQ c0=0
DMA IRQ c1=2
DMA IRQ c2=0
DMA IRQ c3=0
SELECT busy=2948
SELECT w0=2936
SELECT w1=1848
SELECT w2=1862
BUSY TASK ewma=997
DMA IRQ c0=0
DMA IRQ c1=2
DMA IRQ c2=0
DMA IRQ c3=0
SELECT busy=2966
SELECT w0=2954
SELECT w1=1856
SELECT w2=1870
BUSY TASK ewma=997
DMA IRQ c0=0
DMA IRQ c1=2
DMA IRQ c2=0
DMA IRQ c3=0
SELECT busy=2981
SELECT w0=2969
SELECT w1=1863
SELECT w2=1877
BUSY TASK ewma=997
IRQ counts: cpu0=5975 cpu1=6891 cpu2=6946 cpu3=6777
SCHED secondaries: calls=20640 unexpected=0
SECTEST switches=20615 cpu1=75453980,76541159 cpu2=59566946,57893131 cpu3=86005425,82841934
PINGPONG rounds=1415 pongs=1415
DMA IRQ c0=0
DMA IRQ c1=2
DMA IRQ c2=0
DMA IRQ c3=0
SELECT busy=3007
SELECT w0=2995
SELECT w1=1877
SELECT w2=1894
BUSY TASK ewma=997
DMA IRQ c0=0
DMA IRQ c1=2
DMA IRQ c2=0
DMA IRQ c3=0
SELECT busy=3032
SELECT w0=3020
SELECT w1=1884
SELECT w2=1901
BUSY TASK ewma=997
DMA IRQ c0=0
DMA IRQ c1=2
DMA IRQ c2=0
DMA IRQ c3=0
SELECT busy=3064
SELECT w0=3053
SELECT w1=1905
SELECT w2=1920
BUSY TASK ewma=997
DMA IRQ c0=0
DMA IRQ c1=2
DMA IRQ c2=0
DMA IRQ c3=0
SELECT busy=3086
SELECT w0=3075
SELECT w1=1920
SELECT w2=1937
BUSY TASK ewma=997
DMA IRQ c0=0
DMA IRQ c1=2
DMA IRQ c2=0
DMA IRQ c3=0
SELECT busy=3106
SELECT w0=3094
SELECT w1=1932
SELECT w2=1948
BUSY TASK ewma=997
DMA IRQ c0=0
DMA IRQ c1=2
DMA IRQ c2=0
DMA IRQ c3=0
SELECT busy=3125
SELECT w0=3113
SELECT w1=1940
SELECT w2=1958
BUSY TASK ewma=997
DMA IRQ c0=0
DMA IRQ c1=2
DMA IRQ c2=0
DMA IRQ c3=0
SELECT busy=3143
SELECT w0=3132
SELECT w1=1947
SELECT w2=1967
BUSY TASK ewma=997
DMA IRQ c0=0
DMA IRQ c1=2
DMA IRQ c2=0
DMA IRQ c3=0
SELECT busy=3163
SELECT w0=3151
SELECT w1=1962
SELECT w2=1977
BUSY TASK ewma=997
DMA IRQ c0=0
DMA IRQ c1=2
DMA IRQ c2=0
DMA IRQ c3=0
SELECT busy=3181
SELECT w0=3169
SELECT w1=1971
SELECT w2=1985
BUSY TASK ewma=997
DMA IRQ c0=0
DMA IRQ c1=2
DMA IRQ c2=0
DMA IRQ c3=0
SELECT busy=3201
SELECT w0=3190
SELECT w1=1982
SELECT w2=1995
BUSY TASK ewma=997
DMA IRQ c0=0
DMA IRQ c1=2
DMA IRQ c2=0
DMA IRQ c3=0
SELECT busy=3222
SELECT w0=3211
SELECT w1=1994
SELECT w2=2006
BUSY TASK ewma=997
DMA IRQ c0=0
DMA IRQ c1=2
DMA IRQ c2=0
DMA IRQ c3=0
SELECT busy=3250
SELECT w0=3240
SELECT w1=2011
SELECT w2=2026
BUSY TASK ewma=997
DMA IRQ c0=0
DMA IRQ c1=2
DMA IRQ c2=0
DMA IRQ c3=0
SELECT busy=3269
SELECT w0=3258
SELECT w1=2024
SELECT w2=2040
BUSY TASK ewma=997
DMA IRQ c0=0
DMA IRQ c1=2
DMA IRQ c2=0
DMA IRQ c3=0
SELECT busy=3294
SELECT w0=3283
SELECT w1=2041
SELECT w2=2059
BUSY TASK ewma=997
DMA IRQ c0=0
DMA IRQ c1=2
DMA IRQ c2=0
DMA IRQ c3=0
SELECT busy=3322
SELECT w0=3311
SELECT w1=2058
SELECT w2=2076
BUSY TASK ewma=997
DMA IRQ c0=0
DMA IRQ c1=2
DMA IRQ c2=0
DMA IRQ c3=0
SELECT busy=3349
SELECT w0=3338
SELECT w1=2075
SELECT w2=2098
BUSY TASK ewma=997
DMA IRQ c0=0
DMA IRQ c1=2
DMA IRQ c2=0
DMA IRQ c3=0
SELECT busy=3375
SELECT w0=3364
SELECT w1=2093
SELECT w2=2112
BUSY TASK ewma=997
DMA IRQ c0=0
DMA IRQ c1=2
DMA IRQ c2=0
DMA IRQ c3=0
SELECT busy=3399
SELECT w0=3387
SELECT w1=2104
SELECT w2=2124
BUSY TASK ewma=997
DMA IRQ c0=0
DMA IRQ c1=2
DMA IRQ c2=0
DMA IRQ c3=0
SELECT busy=3419
SELECT w0=3407
SELECT w1=2116
SELECT w2=2132
BUSY TASK ewma=997
DMA IRQ c0=0
DMA IRQ c1=2
DMA IRQ c2=0
DMA IRQ c3=0
SELECT busy=3444
SELECT w0=3435
SELECT w1=2139
SELECT w2=2145
BUSY TASK ewma=997
DMA IRQ c0=0
DMA IRQ c1=2
DMA IRQ c2=0
DMA IRQ c3=0
SELECT busy=3469
SELECT w0=3458
SELECT w1=2153
SELECT w2=2157
BUSY TASK ewma=997
DMA IRQ c0=0
DMA IRQ c1=2
DMA IRQ c2=0
DMA IRQ c3=0
SELECT busy=3489
SELECT w0=3477
SELECT w1=2163
SELECT w2=2168
BUSY TASK ewma=997
DMA IRQ c0=0
DMA IRQ c1=2
DMA IRQ c2=0
DMA IRQ c3=0
SELECT busy=3507
SELECT w0=3495
SELECT w1=2174
SELECT w2=2179
BUSY TASK ewma=997
DMA IRQ c0=0
DMA IRQ c1=2
DMA IRQ c2=0
DMA IRQ c3=0
SELECT busy=3526
SELECT w0=3514
SELECT w1=2188
SELECT w2=2193
BUSY TASK ewma=997
DMA IRQ c0=0
DMA IRQ c1=2
DMA IRQ c2=0
DMA IRQ c3=0
SELECT busy=3550
SELECT w0=3539
SELECT w1=2204
SELECT w2=2213
BUSY TASK ewma=997
DMA IRQ c0=0
DMA IRQ c1=2
DMA IRQ c2=0
DMA IRQ c3=0
SELECT busy=3573
SELECT w0=3561
SELECT w1=2219
SELECT w2=2225
BUSY TASK ewma=997
DMA IRQ c0=0
DMA IRQ c1=2
DMA IRQ c2=0
DMA IRQ c3=0
SELECT busy=3596
SELECT w0=3585
SELECT w1=2234
SELECT w2=2240
BUSY TASK ewma=997
DMA IRQ c0=0
DMA IRQ c1=2
DMA IRQ c2=0
DMA IRQ c3=0
SELECT busy=3611
SELECT w0=3600
SELECT w1=2243
SELECT w2=2249
BUSY TASK ewma=997
DMA IRQ c0=0
DMA IRQ c1=2
DMA IRQ c2=0
DMA IRQ c3=0
SELECT busy=3633
SELECT w0=3621
SELECT w1=2256
SELECT w2=2261
BUSY TASK ewma=997
DMA IRQ c0=0
DMA IRQ c1=2
DMA IRQ c2=0
DMA IRQ c3=0
SELECT busy=3652
SELECT w0=3641
SELECT w1=2261
SELECT w2=2266
BUSY TASK ewma=997
DMA IRQ c0=0
DMA IRQ c1=2
DMA IRQ c2=0
DMA IRQ c3=0
SELECT busy=3675
SELECT w0=3664
SELECT w1=2271
SELECT w2=2277
BUSY TASK ewma=997
DMA IRQ c0=0
DMA IRQ c1=2
DMA IRQ c2=0
DMA IRQ c3=0
SELECT busy=3693
SELECT w0=3681
SELECT w1=2278
SELECT w2=2284
BUSY TASK ewma=997
DMA IRQ c0=0
DMA IRQ c1=2
DMA IRQ c2=0
DMA IRQ c3=0
SELECT busy=3712
SELECT w0=3701
SELECT w1=2288
SELECT w2=2293
BUSY TASK ewma=997
DMA IRQ c0=0
DMA IRQ c1=2
DMA IRQ c2=0
DMA IRQ c3=0
SELECT busy=3728
SELECT w0=3716
SELECT w1=2295
SELECT w2=2301
BUSY TASK ewma=997
DMA IRQ c0=0
DMA IRQ c1=2
DMA IRQ c2=0
DMA IRQ c3=0
SELECT busy=3750
SELECT w0=3738
SELECT w1=2304
SELECT w2=2309
BUSY TASK ewma=997
DMA IRQ c0=0
DMA IRQ c1=2
DMA IRQ c2=0
DMA IRQ c3=0
SELECT busy=3781
SELECT w0=3770
SELECT w1=2324
SELECT w2=2330
BUSY TASK ewma=997
DMA IRQ c0=0
DMA IRQ c1=2
DMA IRQ c2=0
DMA IRQ c3=0
SELECT busy=3801
SELECT w0=3790
SELECT w1=2340
SELECT w2=2345
BUSY TASK ewma=997
DMA IRQ c0=0
DMA IRQ c1=2
DMA IRQ c2=0
DMA IRQ c3=0
SELECT busy=3830
SELECT w0=3820
SELECT w1=2360
SELECT w2=2362
BUSY TASK ewma=997
DMA IRQ c0=0
DMA IRQ c1=2
DMA IRQ c2=0
DMA IRQ c3=0
SELECT busy=3850
SELECT w0=3839
SELECT w1=2369
SELECT w2=2371
BUSY TASK ewma=997
DMA IRQ c0=0
DMA IRQ c1=2
DMA IRQ c2=0
DMA IRQ c3=0
SELECT busy=3864
SELECT w0=3853
SELECT w1=2377
SELECT w2=2380
BUSY TASK ewma=997
DMA IRQ c0=0
DMA IRQ c1=2
DMA IRQ c2=0
DMA IRQ c3=0
SELECT busy=3879
SELECT w0=3867
SELECT w1=2384
SELECT w2=2388
BUSY TASK ewma=997
DMA IRQ c0=0
DMA IRQ c1=2
DMA IRQ c2=0
DMA IRQ c3=0
SELECT busy=3895
SELECT w0=3883
SELECT w1=2393
SELECT w2=2393
BUSY TASK ewma=997
DMA IRQ c0=0
DMA IRQ c1=2
DMA IRQ c2=0
DMA IRQ c3=0
SELECT busy=3915
SELECT w0=3903
SELECT w1=2399
SELECT w2=2401
BUSY TASK ewma=997
DMA IRQ c0=0
DMA IRQ c1=2
DMA IRQ c2=0
DMA IRQ c3=0
SELECT busy=3933
SELECT w0=3921
SELECT w1=2405
SELECT w2=2407
BUSY TASK ewma=997
DMA IRQ c0=0
DMA IRQ c1=2
DMA IRQ c2=0
DMA IRQ c3=0
SELECT busy=3953
SELECT w0=3942
SELECT w1=2416
SELECT w2=2418
BUSY TASK ewma=997
DMA IRQ c0=0
DMA IRQ c1=2
DMA IRQ c2=0
DMA IRQ c3=0
SELECT busy=3972
SELECT w0=3960
SELECT w1=2425
SELECT w2=2428
BUSY TASK ewma=997
DMA IRQ c0=0
DMA IRQ c1=2
DMA IRQ c2=0
DMA IRQ c3=0
SELECT busy=3995
SELECT w0=3984
SELECT w1=2440
SELECT w2=2445
BUSY TASK ewma=997
DMA IRQ c0=0
DMA IRQ c1=2
DMA IRQ c2=0
DMA IRQ c3=0
SELECT busy=4013
SELECT w0=4001
SELECT w1=2448
SELECT w2=2451
BUSY TASK ewma=997
DMA IRQ c0=0
DMA IRQ c1=2
DMA IRQ c2=0
DMA IRQ c3=0
SELECT busy=4034
SELECT w0=4023
SELECT w1=2458
SELECT w2=2462
BUSY TASK ewma=997
DMA IRQ c0=0
DMA IRQ c1=2
DMA IRQ c2=0
DMA IRQ c3=0
SELECT busy=4060
SELECT w0=4049
SELECT w1=2476
SELECT w2=2479
BUSY TASK ewma=997
DMA IRQ c0=0
DMA IRQ c1=2
DMA IRQ c2=0
DMA IRQ c3=0
SELECT busy=4091
SELECT w0=4081
SELECT w1=2493
SELECT w2=2497
BUSY TASK ewma=997
DMA IRQ c0=0
DMA IRQ c1=2
DMA IRQ c2=0
DMA IRQ c3=0
SELECT busy=4109
SELECT w0=4097
SELECT w1=2504
SELECT w2=2507
BUSY TASK ewma=997
DMA IRQ c0=0
DMA IRQ c1=2
DMA IRQ c2=0
DMA IRQ c3=0
SELECT busy=4128
SELECT w0=4117
SELECT w1=2516
SELECT w2=2519
BUSY TASK ewma=997
DMA IRQ c0=0
DMA IRQ c1=2
DMA IRQ c2=0
DMA IRQ c3=0
SELECT busy=4143
SELECT w0=4132
SELECT w1=2529
SELECT w2=2531
BUSY TASK ewma=997
DMA IRQ c0=0
DMA IRQ c1=2
DMA IRQ c2=0
DMA IRQ c3=0
SELECT busy=4162
SELECT w0=4151
SELECT w1=2542
SELECT w2=2545
BUSY TASK ewma=997
DMA IRQ c0=0
DMA IRQ c1=2
DMA IRQ c2=0
DMA IRQ c3=0
SELECT busy=4178
SELECT w0=4166
SELECT w1=2550
SELECT w2=2554
BUSY TASK ewma=997
DMA IRQ c0=0
DMA IRQ c1=2
DMA IRQ c2=0
DMA IRQ c3=0
SELECT busy=4196
SELECT w0=4185
SELECT w1=2561
SELECT w2=2570
BUSY TASK ewma=997
DMA IRQ c0=0
DMA IRQ c1=2
DMA IRQ c2=0
DMA IRQ c3=0
SELECT busy=4218
SELECT w0=4207
SELECT w1=2576
SELECT w2=2588
BUSY TASK ewma=997
DMA IRQ c0=0
DMA IRQ c1=2
DMA IRQ c2=0
DMA IRQ c3=0
SELECT busy=4247
SELECT w0=4235
SELECT w1=2593
SELECT w2=2607
BUSY TASK ewma=997
DMA IRQ c0=0
DMA IRQ c1=2
DMA IRQ c2=0
DMA IRQ c3=0
SELECT busy=4265
SELECT w0=4254
SELECT w1=2603
SELECT w2=2618
BUSY TASK ewma=997
DMA IRQ c0=0
DMA IRQ c1=2
DMA IRQ c2=0
DMA IRQ c3=0
SELECT busy=4286
SELECT w0=4275
SELECT w1=2618
SELECT w2=2633
BUSY TASK ewma=997
DMA IRQ c0=0
DMA IRQ c1=2
DMA IRQ c2=0
DMA IRQ c3=0
SELECT busy=4307
SELECT w0=4295
SELECT w1=2628
SELECT w2=2643
BUSY TASK ewma=997
DMA IRQ c0=0
DMA IRQ c1=2
DMA IRQ c2=0
DMA IRQ c3=0
SELECT busy=4321
SELECT w0=4309
SELECT w1=2635
SELECT w2=2652
BUSY TASK ewma=997
DMA IRQ c0=0
DMA IRQ c1=2
DMA IRQ c2=0
DMA IRQ c3=0
SELECT busy=4335
SELECT w0=4323
SELECT w1=2643
SELECT w2=2660
BUSY TASK ewma=997
IRQ counts: cpu0=8695 cpu1=10080 cpu2=10140 cpu3=9985
SCHED secondaries: calls=30228 unexpected=0
SECTEST switches=30217 cpu1=113675207,115759114 cpu2=90333161,86993349 cpu3=128566215,124928991
PINGPONG rounds=1957 pongs=1957
DMA IRQ c0=0
DMA IRQ c1=2
DMA IRQ c2=0
DMA IRQ c3=0
SELECT busy=4367
SELECT w0=4355
SELECT w1=2659
SELECT w2=2678
BUSY TASK ewma=997
DMA IRQ c0=0
DMA IRQ c1=2
DMA IRQ c2=0
DMA IRQ c3=0
SELECT busy=4392
SELECT w0=4381
SELECT w1=2673
SELECT w2=2692
BUSY TASK ewma=997
DMA IRQ c0=0
DMA IRQ c1=2
DMA IRQ c2=0
DMA IRQ c3=0
SELECT busy=4412
SELECT w0=4402
SELECT w1=2685
SELECT w2=2706
BUSY TASK ewma=997
DMA IRQ c0=0
DMA IRQ c1=2
DMA IRQ c2=0
DMA IRQ c3=0
SELECT busy=4438
SELECT w0=4427
SELECT w1=2696
SELECT w2=2717
BUSY TASK ewma=997
DMA IRQ c0=0
DMA IRQ c1=2
DMA IRQ c2=0
DMA IRQ c3=0
SELECT busy=4459
SELECT w0=4448
SELECT w1=2711
SELECT w2=2732
BUSY TASK ewma=997
DMA IRQ c0=0
DMA IRQ c1=2
DMA IRQ c2=0
DMA IRQ c3=0
SELECT busy=4481
SELECT w0=4470
SELECT w1=2724
SELECT w2=2751
BUSY TASK ewma=997
DMA IRQ c0=0
DMA IRQ c1=2
DMA IRQ c2=0
DMA IRQ c3=0
SELECT busy=4502
SELECT w0=4491
SELECT w1=2736
SELECT w2=2768
BUSY TASK ewma=997
DMA IRQ c0=0
DMA IRQ c1=2
DMA IRQ c2=0
DMA IRQ c3=0
SELECT busy=4525
SELECT w0=4514
SELECT w1=2748
SELECT w2=2780
BUSY TASK ewma=997
DMA IRQ c0=0
DMA IRQ c1=2
DMA IRQ c2=0
DMA IRQ c3=0
SELECT busy=4543
SELECT w0=4531
SELECT w1=2758
SELECT w2=2790
BUSY TASK ewma=997
DMA IRQ c0=0
DMA IRQ c1=2
DMA IRQ c2=0
DMA IRQ c3=0
SELECT busy=4561
SELECT w0=4550
SELECT w1=2766
SELECT w2=2800
BUSY TASK ewma=997
DMA IRQ c0=0
DMA IRQ c1=2
DMA IRQ c2=0
DMA IRQ c3=0
SELECT busy=4578
SELECT w0=4567
SELECT w1=2773
SELECT w2=2808
BUSY TASK ewma=997
DMA IRQ c0=0
DMA IRQ c1=2
DMA IRQ c2=0
DMA IRQ c3=0
SELECT busy=4599
SELECT w0=4587
SELECT w1=2782
SELECT w2=2820
BUSY TASK ewma=997
DMA IRQ c0=0
DMA IRQ c1=2
DMA IRQ c2=0
DMA IRQ c3=0
SELECT busy=4619
SELECT w0=4608
SELECT w1=2793
SELECT w2=2833
BUSY TASK ewma=997
DMA IRQ c0=0
DMA IRQ c1=2
DMA IRQ c2=0
DMA IRQ c3=0
SELECT busy=4639
SELECT w0=4630
SELECT w1=2802
SELECT w2=2844
BUSY TASK ewma=997
DMA IRQ c0=0
DMA IRQ c1=2
DMA IRQ c2=0
DMA IRQ c3=0
SELECT busy=4668
SELECT w0=4657
SELECT w1=2813
SELECT w2=2863
BUSY TASK ewma=997
DMA IRQ c0=0
DMA IRQ c1=2
DMA IRQ c2=0
DMA IRQ c3=0
SELECT busy=4694
SELECT w0=4682
SELECT w1=2825
SELECT w2=2876
BUSY TASK ewma=997
DMA IRQ c0=0
DMA IRQ c1=2
DMA IRQ c2=0
DMA IRQ c3=0
SELECT busy=4712
SELECT w0=4701
SELECT w1=2837
SELECT w2=2889
BUSY TASK ewma=997
DMA IRQ c0=0
DMA IRQ c1=2
DMA IRQ c2=0
DMA IRQ c3=0
SELECT busy=4733
SELECT w0=4721
SELECT w1=2845
SELECT w2=2903
BUSY TASK ewma=997
DMA IRQ c0=0
DMA IRQ c1=2
DMA IRQ c2=0
DMA IRQ c3=0
SELECT busy=4756
SELECT w0=4746
SELECT w1=2856
SELECT w2=2920
BUSY TASK ewma=997
DMA IRQ c0=0
DMA IRQ c1=2
DMA IRQ c2=0
DMA IRQ c3=0
SELECT busy=4785
SELECT w0=4774
SELECT w1=2868
SELECT w2=2935
BUSY TASK ewma=997
DMA IRQ c0=0
DMA IRQ c1=2
DMA IRQ c2=0
DMA IRQ c3=0
SELECT busy=4804
SELECT w0=4793
SELECT w1=2877
SELECT w2=2947
BUSY TASK ewma=997
DMA IRQ c0=0
DMA IRQ c1=2
DMA IRQ c2=0
DMA IRQ c3=0
SELECT busy=4827
SELECT w0=4815
SELECT w1=2887
SELECT w2=2959
BUSY TASK ewma=997
DMA IRQ c0=0
DMA IRQ c1=2
DMA IRQ c2=0
DMA IRQ c3=0
SELECT busy=4847
SELECT w0=4836
SELECT w1=2898
SELECT w2=2969
BUSY TASK ewma=997
DMA IRQ c0=0
DMA IRQ c1=2
DMA IRQ c2=0
DMA IRQ c3=0
SELECT busy=4862
SELECT w0=4850
SELECT w1=2904
SELECT w2=2977
BUSY TASK ewma=997
DMA IRQ c0=0
DMA IRQ c1=2
DMA IRQ c2=0
DMA IRQ c3=0
SELECT busy=4880
SELECT w0=4868
SELECT w1=2912
SELECT w2=2987
BUSY TASK ewma=997
DMA IRQ c0=0
DMA IRQ c1=2
DMA IRQ c2=0
DMA IRQ c3=0
SELECT busy=4896
SELECT w0=4884
SELECT w1=2919
SELECT w2=2996
BUSY TASK ewma=997
DMA IRQ c0=0
DMA IRQ c1=2
DMA IRQ c2=0
DMA IRQ c3=0
SELECT busy=4918
SELECT w0=4908
SELECT w1=2931
SELECT w2=3010
BUSY TASK ewma=997
DMA IRQ c0=0
DMA IRQ c1=2
DMA IRQ c2=0
DMA IRQ c3=0
SELECT busy=4939
SELECT w0=4928
SELECT w1=2940
SELECT w2=3022
BUSY TASK ewma=997
DMA IRQ c0=0
DMA IRQ c1=2
DMA IRQ c2=0
DMA IRQ c3=0
SELECT busy=4972
SELECT w0=4962
SELECT w1=2955
SELECT w2=3038
BUSY TASK ewma=997
DMA IRQ c0=0
DMA IRQ c1=2
DMA IRQ c2=0
DMA IRQ c3=0
SELECT busy=4997
SELECT w0=4986
SELECT w1=2964
SELECT w2=3052
BUSY TASK ewma=997
DMA IRQ c0=0
DMA IRQ c1=2
DMA IRQ c2=0
DMA IRQ c3=0
SELECT busy=5021
SELECT w0=5010
SELECT w1=2977
SELECT w2=3065
BUSY TASK ewma=997
DMA IRQ c0=0
DMA IRQ c1=2
DMA IRQ c2=0
DMA IRQ c3=0
SELECT busy=5040
SELECT w0=5029
SELECT w1=2985
SELECT w2=3075
BUSY TASK ewma=997
DMA IRQ c0=0
DMA IRQ c1=2
DMA IRQ c2=0
DMA IRQ c3=0
SELECT busy=5068
SELECT w0=5056
SELECT w1=2995
SELECT w2=3087
BUSY TASK ewma=997
DMA IRQ c0=0
DMA IRQ c1=2
DMA IRQ c2=0
DMA IRQ c3=0
SELECT busy=5088
SELECT w0=5077
SELECT w1=3007
SELECT w2=3104
BUSY TASK ewma=997
DMA IRQ c0=0
DMA IRQ c1=2
DMA IRQ c2=0
DMA IRQ c3=0
SELECT busy=5112
SELECT w0=5101
SELECT w1=3019
SELECT w2=3127
BUSY TASK ewma=997
DMA IRQ c0=0
DMA IRQ c1=2
DMA IRQ c2=0
DMA IRQ c3=0
SELECT busy=5134
SELECT w0=5123
SELECT w1=3031
SELECT w2=3143
BUSY TASK ewma=997
DMA IRQ c0=0
DMA IRQ c1=2
DMA IRQ c2=0
DMA IRQ c3=0
SELECT busy=5164
SELECT w0=5153
SELECT w1=3045
SELECT w2=3159
BUSY TASK ewma=997
DMA IRQ c0=0
DMA IRQ c1=2
DMA IRQ c2=0
DMA IRQ c3=0
SELECT busy=5204
SELECT w0=5193
SELECT w1=3063
SELECT w2=3181
BUSY TASK ewma=997
DMA IRQ c0=0
DMA IRQ c1=2
DMA IRQ c2=0
DMA IRQ c3=0
SELECT busy=5243
SELECT w0=5232
SELECT w1=3079
SELECT w2=3199
BUSY TASK ewma=997
DMA IRQ c0=0
DMA IRQ c1=2
DMA IRQ c2=0
DMA IRQ c3=0
SELECT busy=5262
SELECT w0=5250
SELECT w1=3088
SELECT w2=3213
BUSY TASK ewma=997
DMA IRQ c0=0
DMA IRQ c1=2
DMA IRQ c2=0
DMA IRQ c3=0
SELECT busy=5298
SELECT w0=5286
SELECT w1=3102
SELECT w2=3230
BUSY TASK ewma=997
DMA IRQ c0=0
DMA IRQ c1=2
DMA IRQ c2=0
DMA IRQ c3=0
SELECT busy=5321
SELECT w0=5310
SELECT w1=3115
SELECT w2=3245
BUSY TASK ewma=997
DMA IRQ c0=0
DMA IRQ c1=2
DMA IRQ c2=0
DMA IRQ c3=0
SELECT busy=5361
SELECT w0=5349
SELECT w1=3140
SELECT w2=3259
BUSY TASK ewma=997
DMA IRQ c0=0
DMA IRQ c1=2
DMA IRQ c2=0
DMA IRQ c3=0
SELECT busy=5380
SELECT w0=5371
SELECT w1=3152
SELECT w2=3274
BUSY TASK ewma=997
DMA IRQ c0=0
DMA IRQ c1=2
DMA IRQ c2=0
DMA IRQ c3=0
SELECT busy=5408
SELECT w0=5396
SELECT w1=3161
SELECT w2=3288
BUSY TASK ewma=997
DMA IRQ c0=0
DMA IRQ c1=2
DMA IRQ c2=0
DMA IRQ c3=0
SELECT busy=5428
SELECT w0=5416
SELECT w1=3168
SELECT w2=3296
BUSY TASK ewma=997
DMA IRQ c0=0
DMA IRQ c1=2
DMA IRQ c2=0
DMA IRQ c3=0
SELECT busy=5447
SELECT w0=5436
SELECT w1=3177
SELECT w2=3309
BUSY TASK ewma=997
DMA IRQ c0=0
DMA IRQ c1=2
DMA IRQ c2=0
DMA IRQ c3=0
SELECT busy=5472
SELECT w0=5461
SELECT w1=3185
SELECT w2=3318
BUSY TASK ewma=997
DMA IRQ c0=0
DMA IRQ c1=2
DMA IRQ c2=0
DMA IRQ c3=0
SELECT busy=5489
SELECT w0=5477
SELECT w1=3192
SELECT w2=3327
BUSY TASK ewma=997
DMA IRQ c0=0
DMA IRQ c1=2
DMA IRQ c2=0
DMA IRQ c3=0
SELECT busy=5509
SELECT w0=5498
SELECT w1=3201
SELECT w2=3338
BUSY TASK ewma=997
DMA IRQ c0=0
DMA IRQ c1=2
DMA IRQ c2=0
DMA IRQ c3=0
SELECT busy=5528
SELECT w0=5516
SELECT w1=3206
SELECT w2=3345
BUSY TASK ewma=997
DMA IRQ c0=0
DMA IRQ c1=2
DMA IRQ c2=0
DMA IRQ c3=0
SELECT busy=5549
SELECT w0=5539
SELECT w1=3219
SELECT w2=3358
BUSY TASK ewma=997
DMA IRQ c0=0
DMA IRQ c1=2
DMA IRQ c2=0
DMA IRQ c3=0
SELECT busy=5574
SELECT w0=5563
SELECT w1=3229
SELECT w2=3369
BUSY TASK ewma=997
DMA IRQ c0=0
DMA IRQ c1=2
DMA IRQ c2=0
DMA IRQ c3=0
SELECT busy=5590
SELECT w0=5578
SELECT w1=3233
SELECT w2=3376
BUSY TASK ewma=997
DMA IRQ c0=0
DMA IRQ c1=2
DMA IRQ c2=0
DMA IRQ c3=0
SELECT busy=5610
SELECT w0=5599
SELECT w1=3240
SELECT w2=3385
BUSY TASK ewma=997
DMA IRQ c0=0
DMA IRQ c1=2
DMA IRQ c2=0
DMA IRQ c3=0
SELECT busy=5635
SELECT w0=5623
SELECT w1=3248
SELECT w2=3403
BUSY TASK ewma=997
DMA IRQ c0=0
DMA IRQ c1=2
DMA IRQ c2=0
DMA IRQ c3=0
SELECT busy=5659
SELECT w0=5647
SELECT w1=3260
SELECT w2=3417
BUSY TASK ewma=997
DMA IRQ c0=0
DMA IRQ c1=2
DMA IRQ c2=0
DMA IRQ c3=0
SELECT busy=5680
SELECT w0=5668
SELECT w1=3269
SELECT w2=3428
BUSY TASK ewma=997
DMA IRQ c0=0
DMA IRQ c1=2
DMA IRQ c2=0
DMA IRQ c3=0
SELECT busy=5700
SELECT w0=5688
SELECT w1=3277
SELECT w2=3439
BUSY TASK ewma=997
DMA IRQ c0=0
DMA IRQ c1=2
DMA IRQ c2=0
DMA IRQ c3=0
SELECT busy=5714
SELECT w0=5702
SELECT w1=3283
SELECT w2=3446
BUSY TASK ewma=997
DMA IRQ c0=0
DMA IRQ c1=2
DMA IRQ c2=0
DMA IRQ c3=0
SELECT busy=5730
SELECT w0=5718
SELECT w1=3289
SELECT w2=3454
BUSY TASK ewma=997
DMA IRQ c0=0
DMA IRQ c1=2
DMA IRQ c2=0
DMA IRQ c3=0
SELECT busy=5769
SELECT w0=5757
SELECT w1=3305
SELECT w2=3474
BUSY TASK ewma=997
DMA IRQ c0=0
DMA IRQ c1=2
DMA IRQ c2=0
DMA IRQ c3=0
SELECT busy=5788
SELECT w0=5777
SELECT w1=3319
SELECT w2=3488
BUSY TASK ewma=997
DMA IRQ c0=0
DMA IRQ c1=2
DMA IRQ c2=0
DMA IRQ c3=0
SELECT busy=5806
SELECT w0=5794
SELECT w1=3331
SELECT w2=3498
BUSY TASK ewma=997
IRQ counts: cpu0=11629 cpu1=13471 cpu2=13525 cpu3=13443
SCHED secondaries: calls=40445 unexpected=0
SECTEST switches=40431 cpu1=147699232,150166913 cpu2=123658079,118240548 cpu3=172911430,167787270
PINGPONG rounds=2000 pongs=2000
DMA IRQ c0=0
DMA IRQ c1=2
DMA IRQ c2=0
DMA IRQ c3=0
SELECT busy=5832
SELECT w0=5820
SELECT w1=3346
SELECT w2=3518
BUSY TASK ewma=997
DMA IRQ c0=0
DMA IRQ c1=2
DMA IRQ c2=0
DMA IRQ c3=0
SELECT busy=5847
SELECT w0=5835
SELECT w1=3356
SELECT w2=3529
BUSY TASK ewma=997
DMA IRQ c0=0
DMA IRQ c1=2
DMA IRQ c2=0
DMA IRQ c3=0
SELECT busy=5864
SELECT w0=5853
SELECT w1=3365
SELECT w2=3539
BUSY TASK ewma=997
DMA IRQ c0=0
DMA IRQ c1=2
DMA IRQ c2=0
DMA IRQ c3=0
SELECT busy=5881
SELECT w0=5871
SELECT w1=3374
SELECT w2=3549
BUSY TASK ewma=997
DMA IRQ c0=0
DMA IRQ c1=2
DMA IRQ c2=0
DMA IRQ c3=0
SELECT busy=5904
SELECT w0=5892
SELECT w1=3386
SELECT w2=3561
BUSY TASK ewma=997
DMA IRQ c0=0
DMA IRQ c1=2
DMA IRQ c2=0
DMA IRQ c3=0
SELECT busy=5923
SELECT w0=5912
SELECT w1=3400
SELECT w2=3576
BUSY TASK ewma=997
DMA IRQ c0=0
DMA IRQ c1=2
DMA IRQ c2=0
DMA IRQ c3=0
SELECT busy=5945
SELECT w0=5933
SELECT w1=3410
SELECT w2=3590
BUSY TASK ewma=997
DMA IRQ c0=0
DMA IRQ c1=2
DMA IRQ c2=0
DMA IRQ c3=0
SELECT busy=5967
SELECT w0=5955
SELECT w1=3416
SELECT w2=3596
BUSY TASK ewma=997
DMA IRQ c0=0
DMA IRQ c1=2
DMA IRQ c2=0
DMA IRQ c3=0
SELECT busy=5986
SELECT w0=5975
SELECT w1=3423
SELECT w2=3604
BUSY TASK ewma=997
DMA IRQ c0=0
DMA IRQ c1=2
DMA IRQ c2=0
DMA IRQ c3=0
SELECT busy=6007
SELECT w0=5997
SELECT w1=3431
SELECT w2=3614
BUSY TASK ewma=997
DMA IRQ c0=0
DMA IRQ c1=2
DMA IRQ c2=0
DMA IRQ c3=0
SELECT busy=6026
SELECT w0=6014
SELECT w1=3439
SELECT w2=3627
BUSY TASK ewma=997
DMA IRQ c0=0
DMA IRQ c1=2
DMA IRQ c2=0
DMA IRQ c3=0
SELECT busy=6046
SELECT w0=6035
SELECT w1=3450
SELECT w2=3640
BUSY TASK ewma=997
DMA IRQ c0=0
DMA IRQ c1=2
DMA IRQ c2=0
DMA IRQ c3=0
SELECT busy=6068
SELECT w0=6056
SELECT w1=3459
SELECT w2=3652
BUSY TASK ewma=997
DMA IRQ c0=0
DMA IRQ c1=2
DMA IRQ c2=0
DMA IRQ c3=0
SELECT busy=6083
SELECT w0=6072
SELECT w1=3466
SELECT w2=3661
BUSY TASK ewma=997
DMA IRQ c0=0
DMA IRQ c1=2
DMA IRQ c2=0
DMA IRQ c3=0
SELECT busy=6117
SELECT w0=6105
SELECT w1=3480
SELECT w2=3677
BUSY TASK ewma=997
DMA IRQ c0=0
DMA IRQ c1=2
DMA IRQ c2=0
DMA IRQ c3=0
SELECT busy=6149
SELECT w0=6138
SELECT w1=3490
SELECT w2=3691
BUSY TASK ewma=997
DMA IRQ c0=0
DMA IRQ c1=2
DMA IRQ c2=0
DMA IRQ c3=0
SELECT busy=6170
SELECT w0=6159
SELECT w1=3498
SELECT w2=3702
BUSY TASK ewma=997
DMA IRQ c0=0
DMA IRQ c1=2
DMA IRQ c2=0
DMA IRQ c3=0
SELECT busy=6189
SELECT w0=6178
SELECT w1=3506
SELECT w2=3714
BUSY TASK ewma=997
DMA IRQ c0=0
DMA IRQ c1=2
DMA IRQ c2=0
DMA IRQ c3=0
SELECT busy=6207
SELECT w0=6196
SELECT w1=3516
SELECT w2=3728
BUSY TASK ewma=997
DMA IRQ c0=0
DMA IRQ c1=2
DMA IRQ c2=0
DMA IRQ c3=0
SELECT busy=6226
SELECT w0=6214
SELECT w1=3525
SELECT w2=3739
BUSY TASK ewma=997
DMA IRQ c0=0
DMA IRQ c1=2
DMA IRQ c2=0
DMA IRQ c3=0
SELECT busy=6241
SELECT w0=6229
SELECT w1=3534
SELECT w2=3750
BUSY TASK ewma=997
DMA IRQ c0=0
DMA IRQ c1=2
DMA IRQ c2=0
DMA IRQ c3=0
SELECT busy=6263
SELECT w0=6253
SELECT w1=3545
SELECT w2=3763
BUSY TASK ewma=997
DMA IRQ c0=0
DMA IRQ c1=2
DMA IRQ c2=0
DMA IRQ c3=0
SELECT busy=6286
SELECT w0=6275
SELECT w1=3556
SELECT w2=3775
BUSY TASK ewma=997
DMA IRQ c0=0
DMA IRQ c1=2
DMA IRQ c2=0
DMA IRQ c3=0
SELECT busy=6304
SELECT w0=6292
SELECT w1=3561
SELECT w2=3782
BUSY TASK ewma=997
DMA IRQ c0=0
DMA IRQ c1=2
DMA IRQ c2=0
DMA IRQ c3=0
SELECT busy=6319
SELECT w0=6307
SELECT w1=3569
SELECT w2=3790
BUSY TASK ewma=997
DMA IRQ c0=0
DMA IRQ c1=2
DMA IRQ c2=0
DMA IRQ c3=0
SELECT busy=6336
SELECT w0=6324
SELECT w1=3576
SELECT w2=3799
BUSY TASK ewma=997
DMA IRQ c0=0
DMA IRQ c1=2
DMA IRQ c2=0
DMA IRQ c3=0
SELECT busy=6354
SELECT w0=6343
SELECT w1=3584
SELECT w2=3807
BUSY TASK ewma=997
DMA IRQ c0=0
DMA IRQ c1=2
DMA IRQ c2=0
DMA IRQ c3=0
SELECT busy=6373
SELECT w0=6362
SELECT w1=3593
SELECT w2=3820
BUSY TASK ewma=997
DMA IRQ c0=0
DMA IRQ c1=2
DMA IRQ c2=0
DMA IRQ c3=0
SELECT busy=6394
SELECT w0=6382
SELECT w1=3605
SELECT w2=3830
BUSY TASK ewma=997
DMA IRQ c0=0
DMA IRQ c1=2
DMA IRQ c2=0
DMA IRQ c3=0
SELECT busy=6416
SELECT w0=6408
SELECT w1=3616
SELECT w2=3843
BUSY TASK ewma=997
DMA IRQ c0=0
DMA IRQ c1=2
DMA IRQ c2=0
DMA IRQ c3=0
SELECT busy=6434
SELECT w0=6422
SELECT w1=3621
SELECT w2=3850
BUSY TASK ewma=997
DMA IRQ c0=0
DMA IRQ c1=2
DMA IRQ c2=0
DMA IRQ c3=0
SELECT busy=6450
SELECT w0=6438
SELECT w1=3627
SELECT w2=3858
BUSY TASK ewma=997
DMA IRQ c0=0
DMA IRQ c1=2
DMA IRQ c2=0
DMA IRQ c3=0
SELECT busy=6463
SELECT w0=6452
SELECT w1=3634
SELECT w2=3866
BUSY TASK ewma=997
DMA IRQ c0=0
DMA IRQ c1=2
DMA IRQ c2=0
DMA IRQ c3=0
SELECT busy=6480
SELECT w0=6469
SELECT w1=3642
SELECT w2=3876
BUSY TASK ewma=997
DMA IRQ c0=0
DMA IRQ c1=2
DMA IRQ c2=0
DMA IRQ c3=0
SELECT busy=6494
SELECT w0=6483
SELECT w1=3649
SELECT w2=3883
BUSY TASK ewma=997
DMA IRQ c0=0
DMA IRQ c1=2
DMA IRQ c2=0
DMA IRQ c3=0
SELECT busy=6519
SELECT w0=6508
SELECT w1=3665
SELECT w2=3897
BUSY TASK ewma=997
DMA IRQ c0=0
DMA IRQ c1=2
DMA IRQ c2=0
DMA IRQ c3=0
SELECT busy=6534
SELECT w0=6522
SELECT w1=3671
SELECT w2=3907
BUSY TASK ewma=997
DMA IRQ c0=0
DMA IRQ c1=2
DMA IRQ c2=0
DMA IRQ c3=0
SELECT busy=6552
SELECT w0=6541
SELECT w1=3679
SELECT w2=3920
BUSY TASK ewma=997
DMA IRQ c0=0
DMA IRQ c1=2
DMA IRQ c2=0
DMA IRQ c3=0
SELECT busy=6574
SELECT w0=6564
SELECT w1=3690
SELECT w2=3937
BUSY TASK ewma=997
DMA IRQ c0=0
DMA IRQ c1=2
DMA IRQ c2=0
DMA IRQ c3=0
SELECT busy=6594
SELECT w0=6582
SELECT w1=3698
SELECT w2=3948
BUSY TASK ewma=997
DMA IRQ c0=0
DMA IRQ c1=2
DMA IRQ c2=0
DMA IRQ c3=0
SELECT busy=6612
SELECT w0=6601
SELECT w1=3705
SELECT w2=3959
BUSY TASK ewma=997
DMA IRQ c0=0
DMA IRQ c1=2
DMA IRQ c2=0
DMA IRQ c3=0
SELECT busy=6634
SELECT w0=6624
SELECT w1=3716
SELECT w2=3974
BUSY TASK ewma=997
DMA IRQ c0=0
DMA IRQ c1=2
DMA IRQ c2=0
DMA IRQ c3=0
SELECT busy=6654
SELECT w0=6642
SELECT w1=3723
SELECT w2=3984
BUSY TASK ewma=997
DMA IRQ c0=0
DMA IRQ c1=2
DMA IRQ c2=0
DMA IRQ c3=0
SELECT busy=6674
SELECT w0=6663
SELECT w1=3737
SELECT w2=3998
BUSY TASK ewma=997
DMA IRQ c0=0
DMA IRQ c1=2
DMA IRQ c2=0
DMA IRQ c3=0
SELECT busy=6692
SELECT w0=6681
SELECT w1=3745
SELECT w2=4006
BUSY TASK ewma=997
DMA IRQ c0=0
DMA IRQ c1=2
DMA IRQ c2=0
DMA IRQ c3=0
SELECT busy=6716
SELECT w0=6705
SELECT w1=3757
SELECT w2=4020
BUSY TASK ewma=997
DMA IRQ c0=0
DMA IRQ c1=2
DMA IRQ c2=0
DMA IRQ c3=0
SELECT busy=6741
SELECT w0=6730
SELECT w1=3771
SELECT w2=4035
BUSY TASK ewma=997
DMA IRQ c0=0
DMA IRQ c1=2
DMA IRQ c2=0
DMA IRQ c3=0
SELECT busy=6771
SELECT w0=6760
SELECT w1=3793
SELECT w2=4054
BUSY TASK ewma=997
DMA IRQ c0=0
DMA IRQ c1=2
DMA IRQ c2=0
DMA IRQ c3=0
SELECT busy=6790
SELECT w0=6779
SELECT w1=3806
SELECT w2=4067
BUSY TASK ewma=997
DMA IRQ c0=0
DMA IRQ c1=2
DMA IRQ c2=0
DMA IRQ c3=0
SELECT busy=6814
SELECT w0=6803
SELECT w1=3823
SELECT w2=4083
BUSY TASK ewma=997
DMA IRQ c0=0
DMA IRQ c1=2
DMA IRQ c2=0
DMA IRQ c3=0
SELECT busy=6833
SELECT w0=6823
SELECT w1=3835
SELECT w2=4097
BUSY TASK ewma=997
DMA IRQ c0=0
DMA IRQ c1=2
DMA IRQ c2=0
DMA IRQ c3=0
SELECT busy=6862
SELECT w0=6851
SELECT w1=3848
SELECT w2=4112
BUSY TASK ewma=997
DMA IRQ c0=0
DMA IRQ c1=2
DMA IRQ c2=0
DMA IRQ c3=0
SELECT busy=6880
SELECT w0=6869
SELECT w1=3857
SELECT w2=4123
BUSY TASK ewma=997
DMA IRQ c0=0
DMA IRQ c1=2
DMA IRQ c2=0
DMA IRQ c3=0
SELECT busy=6900
SELECT w0=6888
SELECT w1=3867
SELECT w2=4134
BUSY TASK ewma=997
DMA IRQ c0=0
DMA IRQ c1=2
DMA IRQ c2=0
DMA IRQ c3=0
SELECT busy=6915
SELECT w0=6904
SELECT w1=3876
SELECT w2=4146
BUSY TASK ewma=997
DMA IRQ c0=0
DMA IRQ c1=2
DMA IRQ c2=0
DMA IRQ c3=0
SELECT busy=6932
SELECT w0=6921
SELECT w1=3886
SELECT w2=4157
BUSY TASK ewma=997
DMA IRQ c0=0
DMA IRQ c1=2
DMA IRQ c2=0
DMA IRQ c3=0
SELECT busy=6952
SELECT w0=6941
SELECT w1=3897
SELECT w2=4170
BUSY TASK ewma=997
DMA IRQ c0=0
DMA IRQ c1=2
DMA IRQ c2=0
DMA IRQ c3=0
SELECT busy=6972
SELECT w0=6960
SELECT w1=3905
SELECT w2=4182
BUSY TASK ewma=997
DMA IRQ c0=0
DMA IRQ c1=2
DMA IRQ c2=0
DMA IRQ c3=0
SELECT busy=6989
SELECT w0=6977
SELECT w1=3916
SELECT w2=4193
BUSY TASK ewma=997
DMA IRQ c0=0
DMA IRQ c1=2
DMA IRQ c2=0
DMA IRQ c3=0
SELECT busy=7007
SELECT w0=6996
SELECT w1=3926
SELECT w2=4205
BUSY TASK ewma=997
DMA IRQ c0=0
DMA IRQ c1=2
DMA IRQ c2=0
DMA IRQ c3=0
SELECT busy=7021
SELECT w0=7010
SELECT w1=3934
SELECT w2=4216
BUSY TASK ewma=997
DMA IRQ c0=0
DMA IRQ c1=2
DMA IRQ c2=0
DMA IRQ c3=0
SELECT busy=7042
SELECT w0=7031
SELECT w1=3945
SELECT w2=4229
BUSY TASK ewma=997
DMA IRQ c0=0
DMA IRQ c1=2
DMA IRQ c2=0
DMA IRQ c3=0
SELECT busy=7060
SELECT w0=7049
SELECT w1=3951
SELECT w2=4238
BUSY TASK ewma=997
DMA IRQ c0=0
DMA IRQ c1=2
DMA IRQ c2=0
DMA IRQ c3=0
SELECT busy=7082
SELECT w0=7071
SELECT w1=3962
SELECT w2=4251
BUSY TASK ewma=997
IRQ counts: cpu0=14183 cpu1=16620 cpu2=16519 cpu3=16572
SCHED secondaries: calls=49731 unexpected=0
SECTEST switches=49701 cpu1=182580877,184101673 cpu2=155618937,147992876 cpu3=215998580,210084497
PINGPONG rounds=2000 pongs=2000
DMA IRQ c0=0
DMA IRQ c1=2
DMA IRQ c2=0
DMA IRQ c3=0
SELECT busy=7112
SELECT w0=7100
SELECT w1=3975
SELECT w2=4269
BUSY TASK ewma=997
DMA IRQ c0=0
DMA IRQ c1=2
DMA IRQ c2=0
DMA IRQ c3=0
SELECT busy=7135
SELECT w0=7123
SELECT w1=3984
SELECT w2=4281
BUSY TASK ewma=997
DMA IRQ c0=0
DMA IRQ c1=2
DMA IRQ c2=0
DMA IRQ c3=0
SELECT busy=7162
SELECT w0=7151
SELECT w1=3996
SELECT w2=4299
BUSY TASK ewma=997
DMA IRQ c0=0
DMA IRQ c1=2
DMA IRQ c2=0
DMA IRQ c3=0
SELECT busy=7182
SELECT w0=7170
SELECT w1=4003
SELECT w2=4309
BUSY TASK ewma=997
DMA IRQ c0=0
DMA IRQ c1=2
DMA IRQ c2=0
DMA IRQ c3=0
SELECT busy=7205
SELECT w0=7194
SELECT w1=4015
SELECT w2=4322
BUSY TASK ewma=997
DMA IRQ c0=0
DMA IRQ c1=2
DMA IRQ c2=0
DMA IRQ c3=0
SELECT busy=7229
SELECT w0=7221
SELECT w1=4029
SELECT w2=4344
BUSY TASK ewma=997
DMA IRQ c0=0
DMA IRQ c1=2
DMA IRQ c2=0
DMA IRQ c3=0
SELECT busy=7260
SELECT w0=7249
SELECT w1=4044
SELECT w2=4363
BUSY TASK ewma=997
DMA IRQ c0=0
DMA IRQ c1=2
DMA IRQ c2=0
DMA IRQ c3=0
SELECT busy=7280
SELECT w0=7268
SELECT w1=4055
SELECT w2=4373
BUSY TASK ewma=997
DMA IRQ c0=0
DMA IRQ c1=2
DMA IRQ c2=0
DMA IRQ c3=0
SELECT busy=7300
SELECT w0=7289
SELECT w1=4067
SELECT w2=4385
BUSY TASK ewma=997
DMA IRQ c0=0
DMA IRQ c1=2
DMA IRQ c2=0
DMA IRQ c3=0
SELECT busy=7321
SELECT w0=7310
SELECT w1=4075
SELECT w2=4399
BUSY TASK ewma=997
DMA IRQ c0=0
DMA IRQ c1=2
DMA IRQ c2=0
DMA IRQ c3=0
SELECT busy=7338
SELECT w0=7326
SELECT w1=4079
SELECT w2=4406
BUSY TASK ewma=997
DMA IRQ c0=0
DMA IRQ c1=2
DMA IRQ c2=0
DMA IRQ c3=0
SELECT busy=7360
SELECT w0=7348
SELECT w1=4086
SELECT w2=4414
BUSY TASK ewma=997
DMA IRQ c0=0
DMA IRQ c1=2
DMA IRQ c2=0
DMA IRQ c3=0
SELECT busy=7380
SELECT w0=7369
SELECT w1=4098
SELECT w2=4430
BUSY TASK ewma=997
DMA IRQ c0=0
DMA IRQ c1=2
DMA IRQ c2=0
DMA IRQ c3=0
SELECT busy=7400
SELECT w0=7389
SELECT w1=4108
SELECT w2=4441
BUSY TASK ewma=997
DMA IRQ c0=0
DMA IRQ c1=2
DMA IRQ c2=0
DMA IRQ c3=0
SELECT busy=7419
SELECT w0=7408
SELECT w1=4114
SELECT w2=4448
BUSY TASK ewma=997
DMA IRQ c0=0
DMA IRQ c1=2
DMA IRQ c2=0
DMA IRQ c3=0
SELECT busy=7438
SELECT w0=7427
SELECT w1=4120
SELECT w2=4456
BUSY TASK ewma=997
DMA IRQ c0=0
DMA IRQ c1=2
DMA IRQ c2=0
DMA IRQ c3=0
SELECT busy=7459
SELECT w0=7448
SELECT w1=4130
SELECT w2=4469
BUSY TASK ewma=997
DMA IRQ c0=0
DMA IRQ c1=2
DMA IRQ c2=0
DMA IRQ c3=0
SELECT busy=7472
SELECT w0=7461
SELECT w1=4135
SELECT w2=4476
BUSY TASK ewma=997
DMA IRQ c0=0
DMA IRQ c1=2
DMA IRQ c2=0
DMA IRQ c3=0
SELECT busy=7485
SELECT w0=7474
SELECT w1=4141
SELECT w2=4484
BUSY TASK ewma=997
DMA IRQ c0=0
DMA IRQ c1=2
DMA IRQ c2=0
DMA IRQ c3=0
SELECT busy=7504
SELECT w0=7492
SELECT w1=4147
SELECT w2=4493
BUSY TASK ewma=997
DMA IRQ c0=0
DMA IRQ c1=2
DMA IRQ c2=0
DMA IRQ c3=0
SELECT busy=7528
SELECT w0=7516
SELECT w1=4156
SELECT w2=4507
BUSY TASK ewma=997
DMA IRQ c0=0
DMA IRQ c1=2
DMA IRQ c2=0
DMA IRQ c3=0
SELECT busy=7564
SELECT w0=7552
SELECT w1=4171
SELECT w2=4522
BUSY TASK ewma=997
DMA IRQ c0=0
DMA IRQ c1=2
DMA IRQ c2=0
DMA IRQ c3=0
SELECT busy=7593
SELECT w0=7582
SELECT w1=4182
SELECT w2=4535
BUSY TASK ewma=997
DMA IRQ c0=0
DMA IRQ c1=2
DMA IRQ c2=0
DMA IRQ c3=0
SELECT busy=7632
SELECT w0=7621
SELECT w1=4201
SELECT w2=4559
BUSY TASK ewma=997
DMA IRQ c0=0
DMA IRQ c1=2
DMA IRQ c2=0
DMA IRQ c3=0
SELECT busy=7668
SELECT w0=7657
SELECT w1=4218
SELECT w2=4580
BUSY TASK ewma=997
DMA IRQ c0=0
DMA IRQ c1=2
DMA IRQ c2=0
DMA IRQ c3=0
SELECT busy=7697
SELECT w0=7686
SELECT w1=4233
SELECT w2=4598
BUSY TASK ewma=997
DMA IRQ c0=0
DMA IRQ c1=2
DMA IRQ c2=0
DMA IRQ c3=0
SELECT busy=7738
SELECT w0=7727
SELECT w1=4248
SELECT w2=4617
BUSY TASK ewma=997
DMA IRQ c0=0
DMA IRQ c1=2
DMA IRQ c2=0
DMA IRQ c3=0
SELECT busy=7765
SELECT w0=7753
SELECT w1=4258
SELECT w2=4629
BUSY TASK ewma=997
DMA IRQ c0=0
DMA IRQ c1=2
DMA IRQ c2=0
DMA IRQ c3=0
SELECT busy=7804
SELECT w0=7792
SELECT w1=4273
SELECT w2=4645
BUSY TASK ewma=997
DMA IRQ c0=0
DMA IRQ c1=2
DMA IRQ c2=0
DMA IRQ c3=0
SELECT busy=7837
SELECT w0=7825
SELECT w1=4288
SELECT w2=4663
BUSY TASK ewma=997
DMA IRQ c0=0
DMA IRQ c1=2
DMA IRQ c2=0
DMA IRQ c3=0
SELECT busy=7865
SELECT w0=7853
SELECT w1=4300
SELECT w2=4678
BUSY TASK ewma=997
DMA IRQ c0=0
DMA IRQ c1=2
DMA IRQ c2=0
DMA IRQ c3=0
SELECT busy=7901
SELECT w0=7889
SELECT w1=4314
SELECT w2=4694
BUSY TASK ewma=997
DMA IRQ c0=0
DMA IRQ c1=2
DMA IRQ c2=0
DMA IRQ c3=0
SELECT busy=7937
SELECT w0=7925
SELECT w1=4326
SELECT w2=4710
BUSY TASK ewma=997
DMA IRQ c0=0
DMA IRQ c1=2
DMA IRQ c2=0
DMA IRQ c3=0
SELECT busy=7969
SELECT w0=7958
SELECT w1=4346
SELECT w2=4729
BUSY TASK ewma=997
DMA IRQ c0=0
DMA IRQ c1=2
DMA IRQ c2=0
DMA IRQ c3=0
SELECT busy=8000
SELECT w0=7989
SELECT w1=4359
SELECT w2=4747
BUSY TASK ewma=997
DMA IRQ c0=0
DMA IRQ c1=2
DMA IRQ c2=0
DMA IRQ c3=0
SELECT busy=8035
SELECT w0=8024
SELECT w1=4373
SELECT w2=4763
BUSY TASK ewma=997
DMA IRQ c0=0
DMA IRQ c1=2
DMA IRQ c2=0
DMA IRQ c3=0
SELECT busy=8072
SELECT w0=8061
SELECT w1=4389
SELECT w2=4782
BUSY TASK ewma=997
DMA IRQ c0=0
DMA IRQ c1=2
DMA IRQ c2=0
DMA IRQ c3=0
SELECT busy=8114
SELECT w0=8102
SELECT w1=4406
SELECT w2=4804
BUSY TASK ewma=997
DMA IRQ c0=0
DMA IRQ c1=2
DMA IRQ c2=0
DMA IRQ c3=0
SELECT busy=8137
SELECT w0=8126
SELECT w1=4418
SELECT w2=4822
BUSY TASK ewma=997
DMA IRQ c0=0
DMA IRQ c1=2
DMA IRQ c2=0
DMA IRQ c3=0
SELECT busy=8154
SELECT w0=8142
SELECT w1=4425
SELECT w2=4831
BUSY TASK ewma=997
DMA IRQ c0=0
DMA IRQ c1=2
DMA IRQ c2=0
DMA IRQ c3=0
SELECT busy=8175
SELECT w0=8166
SELECT w1=4437
SELECT w2=4847
BUSY TASK ewma=997
DMA IRQ c0=0
DMA IRQ c1=2
DMA IRQ c2=0
DMA IRQ c3=0
SELECT busy=8200
SELECT w0=8189
SELECT w1=4446
SELECT w2=4859
BUSY TASK ewma=997
DMA IRQ c0=0
DMA IRQ c1=2
DMA IRQ c2=0
DMA IRQ c3=0
SELECT busy=8220
SELECT w0=8209
SELECT w1=4454
SELECT w2=4868
BUSY TASK ewma=997
DMA IRQ c0=0
DMA IRQ c1=2
DMA IRQ c2=0
DMA IRQ c3=0
SELECT busy=8235
SELECT w0=8223
SELECT w1=4460
SELECT w2=4875
BUSY TASK ewma=997
DMA IRQ c0=0
DMA IRQ c1=2
DMA IRQ c2=0
DMA IRQ c3=0
SELECT busy=8261
SELECT w0=8250
SELECT w1=4471
SELECT w2=4887
BUSY TASK ewma=997
DMA IRQ c0=0
DMA IRQ c1=2
DMA IRQ c2=0
DMA IRQ c3=0
SELECT busy=8293
SELECT w0=8281
SELECT w1=4483
SELECT w2=4904
BUSY TASK ewma=997
DMA IRQ c0=0
DMA IRQ c1=2
DMA IRQ c2=0
DMA IRQ c3=0
SELECT busy=8327
SELECT w0=8316
SELECT w1=4496
SELECT w2=4920
BUSY TASK ewma=997
DMA IRQ c0=0
DMA IRQ c1=2
DMA IRQ c2=0
DMA IRQ c3=0
SELECT busy=8354
SELECT w0=8342
SELECT w1=4509
SELECT w2=4935
BUSY TASK ewma=997
DMA IRQ c0=0
DMA IRQ c1=2
DMA IRQ c2=0
DMA IRQ c3=0
SELECT busy=8379
SELECT w0=8368
SELECT w1=4518
SELECT w2=4949
BUSY TASK ewma=997
DMA IRQ c0=0
DMA IRQ c1=2
DMA IRQ c2=0
DMA IRQ c3=0
SELECT busy=8392
SELECT w0=8380
SELECT w1=4524
SELECT w2=4956
BUSY TASK ewma=997
DMA IRQ c0=0
DMA IRQ c1=2
DMA IRQ c2=0
DMA IRQ c3=0
SELECT busy=8412
SELECT w0=8400
SELECT w1=4530
SELECT w2=4963
BUSY TASK ewma=997
DMA IRQ c0=0
DMA IRQ c1=2
DMA IRQ c2=0
DMA IRQ c3=0
SELECT busy=8432
SELECT w0=8421
SELECT w1=4539
SELECT w2=4974
BUSY TASK ewma=997
DMA IRQ c0=0
DMA IRQ c1=2
DMA IRQ c2=0
DMA IRQ c3=0
SELECT busy=8450
SELECT w0=8439
SELECT w1=4545
SELECT w2=4981
BUSY TASK ewma=997
DMA IRQ c0=0
DMA IRQ c1=2
DMA IRQ c2=0
DMA IRQ c3=0
SELECT busy=8469
SELECT w0=8458
SELECT w1=4555
SELECT w2=4991
BUSY TASK ewma=997
DMA IRQ c0=0
DMA IRQ c1=2
DMA IRQ c2=0
DMA IRQ c3=0
SELECT busy=8491
SELECT w0=8480
SELECT w1=4567
SELECT w2=5003
BUSY TASK ewma=997
DMA IRQ c0=0
DMA IRQ c1=2
DMA IRQ c2=0
DMA IRQ c3=0
SELECT busy=8507
SELECT w0=8496
SELECT w1=4574
SELECT w2=5015
BUSY TASK ewma=997
DMA IRQ c0=0
DMA IRQ c1=2
DMA IRQ c2=0
DMA IRQ c3=0
SELECT busy=8528
SELECT w0=8517
SELECT w1=4582
SELECT w2=5024
BUSY TASK ewma=997
DMA IRQ c0=0
DMA IRQ c1=2
DMA IRQ c2=0
DMA IRQ c3=0
SELECT busy=8552
SELECT w0=8542
SELECT w1=4594
SELECT w2=5037
BUSY TASK ewma=997
DMA IRQ c0=0
DMA IRQ c1=2
DMA IRQ c2=0
DMA IRQ c3=0
SELECT busy=8578
SELECT w0=8567
SELECT w1=4607
SELECT w2=5055
BUSY TASK ewma=997
DMA IRQ c0=0
DMA IRQ c1=2
DMA IRQ c2=0
DMA IRQ c3=0
SELECT busy=8595
SELECT w0=8584
SELECT w1=4614
SELECT w2=5062
BUSY TASK ewma=997
DMA IRQ c0=0
DMA IRQ c1=2
DMA IRQ c2=0
DMA IRQ c3=0
SELECT busy=8613
SELECT w0=8601
SELECT w1=4622
SELECT w2=5070
BUSY TASK ewma=997
DMA IRQ c0=0
DMA IRQ c1=2
DMA IRQ c2=0
DMA IRQ c3=0
SELECT busy=8638
SELECT w0=8627
SELECT w1=4637
SELECT w2=5089
BUSY TASK ewma=997
DMA IRQ c0=0
DMA IRQ c1=2
DMA IRQ c2=0
DMA IRQ c3=0
SELECT busy=8671
SELECT w0=8660
SELECT w1=4653
SELECT w2=5107
BUSY TASK ewma=997
DMA IRQ c0=0
DMA IRQ c1=2
DMA IRQ c2=0
DMA IRQ c3=0
SELECT busy=8702
SELECT w0=8690
SELECT w1=4669
SELECT w2=5121
BUSY TASK ewma=997
IRQ counts: cpu0=17447 cpu1=20174 cpu2=20017 cpu3=20028
SCHED secondaries: calls=60222 unexpected=0
SECTEST switches=60179 cpu1=210805221,212297280 cpu2=182571386,173972627 cpu3=252928119,245071214
PINGPONG rounds=2000 pongs=2000
DMA IRQ c0=0
DMA IRQ c1=2
DMA IRQ c2=0
DMA IRQ c3=0
SELECT busy=8741
SELECT w0=8730
SELECT w1=4686
SELECT w2=5143
BUSY TASK ewma=997
DMA IRQ c0=0
DMA IRQ c1=2
DMA IRQ c2=0
DMA IRQ c3=0
SELECT busy=8772
SELECT w0=8760
SELECT w1=4697
SELECT w2=5158
BUSY TASK ewma=997
DMA IRQ c0=0
DMA IRQ c1=2
DMA IRQ c2=0
DMA IRQ c3=0
SELECT busy=8811
SELECT w0=8801
SELECT w1=4711
SELECT w2=5178
BUSY TASK ewma=997
DMA IRQ c0=0
DMA IRQ c1=2
DMA IRQ c2=0
DMA IRQ c3=0
SELECT busy=8847
SELECT w0=8836
SELECT w1=4727
SELECT w2=5197
BUSY TASK ewma=997
DMA IRQ c0=0
DMA IRQ c1=2
DMA IRQ c2=0
DMA IRQ c3=0
SELECT busy=8880
SELECT w0=8869
SELECT w1=4740
SELECT w2=5215
BUSY TASK ewma=997
DMA IRQ c0=0
DMA IRQ c1=2
DMA IRQ c2=0
DMA IRQ c3=0
SELECT busy=8915
SELECT w0=8904
SELECT w1=4753
SELECT w2=5232
BUSY TASK ewma=997
DMA IRQ c0=0
DMA IRQ c1=2
DMA IRQ c2=0
DMA IRQ c3=0
SELECT busy=8949
SELECT w0=8939
SELECT w1=4766
SELECT w2=5248
BUSY TASK ewma=997
DMA IRQ c0=0
DMA IRQ c1=2
DMA IRQ c2=0
DMA IRQ c3=0
SELECT busy=8983
SELECT w0=8972
SELECT w1=4783
SELECT w2=5269
BUSY TASK ewma=997
DMA IRQ c0=0
DMA IRQ c1=2
DMA IRQ c2=0
DMA IRQ c3=0
SELECT busy=9030
SELECT w0=9018
SELECT w1=4802
SELECT w2=5292
BUSY TASK ewma=997
DMA IRQ c0=0
DMA IRQ c1=2
DMA IRQ c2=0
DMA IRQ c3=0
SELECT busy=9061
SELECT w0=9049
SELECT w1=4814
SELECT w2=5308
BUSY TASK ewma=997
DMA IRQ c0=0
DMA IRQ c1=2
DMA IRQ c2=0
DMA IRQ c3=0
SELECT busy=9091
SELECT w0=9079
SELECT w1=4827
SELECT w2=5324
BUSY TASK ewma=997
DMA IRQ c0=0
DMA IRQ c1=2
DMA IRQ c2=0
DMA IRQ c3=0
SELECT busy=9128
SELECT w0=9116
SELECT w1=4842
SELECT w2=5341
BUSY TASK ewma=997
DMA IRQ c0=0
DMA IRQ c1=2
DMA IRQ c2=0
DMA IRQ c3=0
SELECT busy=9163
SELECT w0=9151
SELECT w1=4855
SELECT w2=5356
BUSY TASK ewma=997
DMA IRQ c0=0
DMA IRQ c1=2
DMA IRQ c2=0
DMA IRQ c3=0
SELECT busy=9201
SELECT w0=9192
SELECT w1=4868
SELECT w2=5375
BUSY TASK ewma=997
DMA IRQ c0=0
DMA IRQ c1=2
DMA IRQ c2=0
DMA IRQ c3=0
SELECT busy=9239
SELECT w0=9227
SELECT w1=4885
SELECT w2=5395
BUSY TASK ewma=997
DMA IRQ c0=0
DMA IRQ c1=2
DMA IRQ c2=0
DMA IRQ c3=0
SELECT busy=9274
SELECT w0=9262
SELECT w1=4899
SELECT w2=5411
BUSY TASK ewma=997
DMA IRQ c0=0
DMA IRQ c1=2
DMA IRQ c2=0
DMA IRQ c3=0
SELECT busy=9300
SELECT w0=9289
SELECT w1=4911
SELECT w2=5427
BUSY TASK ewma=997
DMA IRQ c0=0
DMA IRQ c1=2
DMA IRQ c2=0
DMA IRQ c3=0
SELECT busy=9320
SELECT w0=9310
SELECT w1=4922
SELECT w2=5439
BUSY TASK ewma=997
DMA IRQ c0=0
DMA IRQ c1=2
DMA IRQ c2=0
DMA IRQ c3=0
SELECT busy=9352
SELECT w0=9340
SELECT w1=4934
SELECT w2=5456
BUSY TASK ewma=997
DMA IRQ c0=0
DMA IRQ c1=2
DMA IRQ c2=0
DMA IRQ c3=0
SELECT busy=9384
SELECT w0=9373
SELECT w1=4949
SELECT w2=5475
BUSY TASK ewma=997
DMA IRQ c0=0
DMA IRQ c1=2
DMA IRQ c2=0
DMA IRQ c3=0
SELECT busy=9426
SELECT w0=9415
SELECT w1=4966
SELECT w2=5496
BUSY TASK ewma=997
DMA IRQ c0=0
DMA IRQ c1=2
DMA IRQ c2=0
DMA IRQ c3=0
SELECT busy=9459
SELECT w0=9448
SELECT w1=4979
SELECT w2=5513
BUSY TASK ewma=997
DMA IRQ c0=0
DMA IRQ c1=2
DMA IRQ c2=0
DMA IRQ c3=0
SELECT busy=9487
SELECT w0=9476
SELECT w1=4989
SELECT w2=5525
BUSY TASK ewma=997
DMA IRQ c0=0
DMA IRQ c1=2
DMA IRQ c2=0
DMA IRQ c3=0
SELECT busy=9528
SELECT w0=9516
SELECT w1=5005
SELECT w2=5546
BUSY TASK ewma=997
DMA IRQ c0=0
DMA IRQ c1=2
DMA IRQ c2=0
DMA IRQ c3=0
SELECT busy=9562
SELECT w0=9550
SELECT w1=5022
SELECT w2=5565
BUSY TASK ewma=997
DMA IRQ c0=0
DMA IRQ c1=2
DMA IRQ c2=0
DMA IRQ c3=0
SELECT busy=9595
SELECT w0=9584
SELECT w1=5036
SELECT w2=5583
BUSY TASK ewma=997
DMA IRQ c0=0
DMA IRQ c1=2
DMA IRQ c2=0
DMA IRQ c3=0
SELECT busy=9631
SELECT w0=9620
SELECT w1=5049
SELECT w2=5601
BUSY TASK ewma=997
DMA IRQ c0=0
DMA IRQ c1=2
DMA IRQ c2=0
DMA IRQ c3=0
SELECT busy=9669
SELECT w0=9657
SELECT w1=5062
SELECT w2=5617
BUSY TASK ewma=997
DMA IRQ c0=0
DMA IRQ c1=2
DMA IRQ c2=0
DMA IRQ c3=0
SELECT busy=9712
SELECT w0=9700
SELECT w1=5079
SELECT w2=5637
BUSY TASK ewma=997
DMA IRQ c0=0
DMA IRQ c1=2
DMA IRQ c2=0
DMA IRQ c3=0
SELECT busy=9754
SELECT w0=9742
SELECT w1=5094
SELECT w2=5657
BUSY TASK ewma=997
DMA IRQ c0=0
DMA IRQ c1=2
DMA IRQ c2=0
DMA IRQ c3=0
SELECT busy=9784
SELECT w0=9772
SELECT w1=5104
SELECT w2=5671
BUSY TASK ewma=997
DMA IRQ c0=0
DMA IRQ c1=2
DMA IRQ c2=0
DMA IRQ c3=0
SELECT busy=9822
SELECT w0=9811
SELECT w1=5122
SELECT w2=5691
BUSY TASK ewma=997
DMA IRQ c0=0
DMA IRQ c1=2
DMA IRQ c2=0
DMA IRQ c3=0
SELECT busy=9862
SELECT w0=9851
SELECT w1=5141
SELECT w2=5714
BUSY TASK ewma=997
DMA IRQ c0=0
DMA IRQ c1=2
DMA IRQ c2=0
DMA IRQ c3=0
SELECT busy=9897
SELECT w0=9885
SELECT w1=5155
SELECT w2=5729
BUSY TASK ewma=997
DMA IRQ c0=0
DMA IRQ c1=2
DMA IRQ c2=0
DMA IRQ c3=0
SELECT busy=9933
SELECT w0=9921
SELECT w1=5169
SELECT w2=5746
BUSY TASK ewma=997
DMA IRQ c0=0
DMA IRQ c1=2
DMA IRQ c2=0
DMA IRQ c3=0
SELECT busy=9977
SELECT w0=9966
SELECT w1=5189
SELECT w2=5773
BUSY TASK ewma=997
DMA IRQ c0=0
DMA IRQ c1=2
DMA IRQ c2=0
DMA IRQ c3=0
SELECT busy=10022
SELECT w0=10010
SELECT w1=5207
SELECT w2=5794
BUSY TASK ewma=997
DMA IRQ c0=0
DMA IRQ c1=2
DMA IRQ c2=0
DMA IRQ c3=0
SELECT busy=10061
SELECT w0=10050
SELECT w1=5224
SELECT w2=5815
BUSY TASK ewma=997
DMA IRQ c0=0
DMA IRQ c1=2
DMA IRQ c2=0
DMA IRQ c3=0
SELECT busy=10095
SELECT w0=10084
SELECT w1=5243
SELECT w2=5835
BUSY TASK ewma=997
DMA IRQ c0=0
DMA IRQ c1=2
DMA IRQ c2=0
DMA IRQ c3=0
SELECT busy=10116
SELECT w0=10105
SELECT w1=5257
SELECT w2=5848
BUSY TASK ewma=997
DMA IRQ c0=0
DMA IRQ c1=2
DMA IRQ c2=0
DMA IRQ c3=0
SELECT busy=10141
SELECT w0=10129
SELECT w1=5266
SELECT w2=5860
BUSY TASK ewma=997
DMA IRQ c0=0
DMA IRQ c1=2
DMA IRQ c2=0
DMA IRQ c3=0
SELECT busy=10164
SELECT w0=10153
SELECT w1=5273
SELECT w2=5871
BUSY TASK ewma=997
DMA IRQ c0=0
DMA IRQ c1=2
DMA IRQ c2=0
DMA IRQ c3=0
SELECT busy=10183
SELECT w0=10172
SELECT w1=5283
SELECT w2=5889
BUSY TASK ewma=997
DMA IRQ c0=0
DMA IRQ c1=2
DMA IRQ c2=0
DMA IRQ c3=0
SELECT busy=10203
SELECT w0=10193
SELECT w1=5291
SELECT w2=5901
BUSY TASK ewma=997
DMA IRQ c0=0
DMA IRQ c1=2
DMA IRQ c2=0
DMA IRQ c3=0
SELECT busy=10234
SELECT w0=10224
SELECT w1=5303
SELECT w2=5915
BUSY TASK ewma=997
DMA IRQ c0=0
DMA IRQ c1=2
DMA IRQ c2=0
DMA IRQ c3=0
SELECT busy=10262
SELECT w0=10251
SELECT w1=5314
SELECT w2=5929
BUSY TASK ewma=997
DMA IRQ c0=0
DMA IRQ c1=2
DMA IRQ c2=0
DMA IRQ c3=0
SELECT busy=10280
SELECT w0=10268
SELECT w1=5320
SELECT w2=5937
BUSY TASK ewma=997
DMA IRQ c0=0
DMA IRQ c1=2
DMA IRQ c2=0
DMA IRQ c3=0
SELECT busy=10305
SELECT w0=10293
SELECT w1=5330
SELECT w2=5949
BUSY TASK ewma=997
DMA IRQ c0=0
DMA IRQ c1=2
DMA IRQ c2=0
DMA IRQ c3=0
SELECT busy=10322
SELECT w0=10311
SELECT w1=5337
SELECT w2=5958
BUSY TASK ewma=997
DMA IRQ c0=0
DMA IRQ c1=2
DMA IRQ c2=0
DMA IRQ c3=0
SELECT busy=10350
SELECT w0=10339
SELECT w1=5347
SELECT w2=5971
BUSY TASK ewma=997
DMA IRQ c0=0
DMA IRQ c1=2
DMA IRQ c2=0
DMA IRQ c3=0
SELECT busy=10375
SELECT w0=10363
SELECT w1=5359
SELECT w2=5984
BUSY TASK ewma=997
DMA IRQ c0=0
DMA IRQ c1=2
DMA IRQ c2=0
DMA IRQ c3=0
SELECT busy=10404
SELECT w0=10392
SELECT w1=5372
SELECT w2=6001
BUSY TASK ewma=997
DMA IRQ c0=0
DMA IRQ c1=2
DMA IRQ c2=0
DMA IRQ c3=0
SELECT busy=10434
SELECT w0=10422
SELECT w1=5387
SELECT w2=6020
BUSY TASK ewma=997
DMA IRQ c0=0
DMA IRQ c1=2
DMA IRQ c2=0
DMA IRQ c3=0
SELECT busy=10471
SELECT w0=10459
SELECT w1=5400
SELECT w2=6038
BUSY TASK ewma=997
DMA IRQ c0=0
DMA IRQ c1=2
DMA IRQ c2=0
DMA IRQ c3=0
SELECT busy=10508
SELECT w0=10496
SELECT w1=5414
SELECT w2=6055
BUSY TASK ewma=997
DMA IRQ c0=0
DMA IRQ c1=2
DMA IRQ c2=0
DMA IRQ c3=0
SELECT busy=10538
SELECT w0=10526
SELECT w1=5427
SELECT w2=6069
BUSY TASK ewma=997
DMA IRQ c0=0
DMA IRQ c1=2
DMA IRQ c2=0
DMA IRQ c3=0
SELECT busy=10566
SELECT w0=10555
SELECT w1=5440
SELECT w2=6086
BUSY TASK ewma=997
DMA IRQ c0=0
DMA IRQ c1=2
DMA IRQ c2=0
DMA IRQ c3=0
SELECT busy=10587
SELECT w0=10576
SELECT w1=5449
SELECT w2=6101
BUSY TASK ewma=997
DMA IRQ c0=0
DMA IRQ c1=2
DMA IRQ c2=0
DMA IRQ c3=0
SELECT busy=10606
SELECT w0=10595
SELECT w1=5457
SELECT w2=6111
BUSY TASK ewma=997
DMA IRQ c0=0
DMA IRQ c1=2
DMA IRQ c2=0
DMA IRQ c3=0
SELECT busy=10625
SELECT w0=10613
SELECT w1=5465
SELECT w2=6121
BUSY TASK ewma=997
DMA IRQ c0=0
DMA IRQ c1=2
DMA IRQ c2=0
DMA IRQ c3=0
SELECT busy=10642
SELECT w0=10630
SELECT w1=5475
SELECT w2=6133
BUSY TASK ewma=997
DMA IRQ c0=0
DMA IRQ c1=2
DMA IRQ c2=0
DMA IRQ c3=0
SELECT busy=10673
SELECT w0=10661
SELECT w1=5490
SELECT w2=6151
BUSY TASK ewma=997
DMA IRQ c0=0
DMA IRQ c1=2
DMA IRQ c2=0
DMA IRQ c3=0
SELECT busy=10708
SELECT w0=10696
SELECT w1=5501
SELECT w2=6167
BUSY TASK ewma=997
DMA IRQ c0=0
DMA IRQ c1=2
DMA IRQ c2=0
DMA IRQ c3=0
SELECT busy=10749
SELECT w0=10737
SELECT w1=5514
SELECT w2=6184
BUSY TASK ewma=997
IRQ counts: cpu0=21539 cpu1=24398 cpu2=24266 cpu3=24148
SCHED secondaries: calls=72826 unexpected=0
SECTEST switches=72792 cpu1=236064932,236910637 cpu2=207494009,197984356 cpu3=287075563,278840295
PINGPONG rounds=2000 pongs=2000
DMA IRQ c0=0
DMA IRQ c1=2
DMA IRQ c2=0
DMA IRQ c3=0
SELECT busy=10796
SELECT w0=10784
SELECT w1=5535
SELECT w2=6210
BUSY TASK ewma=997
DMA IRQ c0=0
DMA IRQ c1=2
DMA IRQ c2=0
DMA IRQ c3=0
SELECT busy=10836
SELECT w0=10825
SELECT w1=5552
SELECT w2=6233
BUSY TASK ewma=997
DMA IRQ c0=0
DMA IRQ c1=2
DMA IRQ c2=0
DMA IRQ c3=0
SELECT busy=10874
SELECT w0=10864
SELECT w1=5567
SELECT w2=6253
BUSY TASK ewma=997
DMA IRQ c0=0
DMA IRQ c1=2
DMA IRQ c2=0
DMA IRQ c3=0
SELECT busy=10907
SELECT w0=10895
SELECT w1=5579
SELECT w2=6270
BUSY TASK ewma=997
DMA IRQ c0=0
DMA IRQ c1=2
DMA IRQ c2=0
DMA IRQ c3=0
SELECT busy=10934
SELECT w0=10922
SELECT w1=5592
SELECT w2=6285
BUSY TASK ewma=997
DMA IRQ c0=0
DMA IRQ c1=2
DMA IRQ c2=0
DMA IRQ c3=0
SELECT busy=10977
SELECT w0=10966
SELECT w1=5609
SELECT w2=6307
BUSY TASK ewma=997
DMA IRQ c0=0
DMA IRQ c1=2
DMA IRQ c2=0
DMA IRQ c3=0
SELECT busy=11012
SELECT w0=11003
SELECT w1=5625
SELECT w2=6327
BUSY TASK ewma=997
DMA IRQ c0=0
DMA IRQ c1=2
DMA IRQ c2=0
DMA IRQ c3=0
SELECT busy=11049
SELECT w0=11038
SELECT w1=5640
SELECT w2=6345
BUSY TASK ewma=997
DMA IRQ c0=0
DMA IRQ c1=2
DMA IRQ c2=0
DMA IRQ c3=0
SELECT busy=11067
SELECT w0=11056
SELECT w1=5648
SELECT w2=6354
BUSY TASK ewma=997
DMA IRQ c0=0
DMA IRQ c1=2
DMA IRQ c2=0
DMA IRQ c3=0
SELECT busy=11083
SELECT w0=11072
SELECT w1=5655
SELECT w2=6364
BUSY TASK ewma=997
DMA IRQ c0=0
DMA IRQ c1=2
DMA IRQ c2=0
DMA IRQ c3=0
SELECT busy=11100
SELECT w0=11089
SELECT w1=5664
SELECT w2=6377
BUSY TASK ewma=997
DMA IRQ c0=0
DMA IRQ c1=2
DMA IRQ c2=0
DMA IRQ c3=0
SELECT busy=11117
SELECT w0=11106
SELECT w1=5670
SELECT w2=6386
BUSY TASK ewma=997
DMA IRQ c0=0
DMA IRQ c1=2
DMA IRQ c2=0
DMA IRQ c3=0
SELECT busy=11132
SELECT w0=11121
SELECT w1=5677
SELECT w2=6397
BUSY TASK ewma=997
DMA IRQ c0=0
DMA IRQ c1=2
DMA IRQ c2=0
DMA IRQ c3=0
SELECT busy=11149
SELECT w0=11137
SELECT w1=5683
SELECT w2=6405
BUSY TASK ewma=997
DMA IRQ c0=0
DMA IRQ c1=2
DMA IRQ c2=0
DMA IRQ c3=0
SELECT busy=11167
SELECT w0=11155
SELECT w1=5691
SELECT w2=6415
BUSY TASK ewma=997
DMA IRQ c0=0
DMA IRQ c1=2
DMA IRQ c2=0
DMA IRQ c3=0
SELECT busy=11192
SELECT w0=11180
SELECT w1=5702
SELECT w2=6430
BUSY TASK ewma=997
DMA IRQ c0=0
DMA IRQ c1=2
DMA IRQ c2=0
DMA IRQ c3=0
SELECT busy=11209
SELECT w0=11198
SELECT w1=5710
SELECT w2=6440
BUSY TASK ewma=997
DMA IRQ c0=0
DMA IRQ c1=2
DMA IRQ c2=0
DMA IRQ c3=0
SELECT busy=11227
SELECT w0=11216
SELECT w1=5720
SELECT w2=6452
BUSY TASK ewma=997
DMA IRQ c0=0
DMA IRQ c1=2
DMA IRQ c2=0
DMA IRQ c3=0
SELECT busy=11250
SELECT w0=11238
SELECT w1=5728
SELECT w2=6465
BUSY TASK ewma=997
DMA IRQ c0=0
DMA IRQ c1=2
DMA IRQ c2=0
DMA IRQ c3=0
SELECT busy=11265
SELECT w0=11254
SELECT w1=5736
SELECT w2=6474
BUSY TASK ewma=997
DMA IRQ c0=0
DMA IRQ c1=2
DMA IRQ c2=0
DMA IRQ c3=0
SELECT busy=11287
SELECT w0=11275
SELECT w1=5744
SELECT w2=6483
BUSY TASK ewma=997
DMA IRQ c0=0
DMA IRQ c1=2
DMA IRQ c2=0
DMA IRQ c3=0
SELECT busy=11304
SELECT w0=11293
SELECT w1=5751
SELECT w2=6493
BUSY TASK ewma=997
DMA IRQ c0=0
DMA IRQ c1=2
DMA IRQ c2=0
DMA IRQ c3=0
SELECT busy=11323
SELECT w0=11312
SELECT w1=5759
SELECT w2=6505
BUSY TASK ewma=997
DMA IRQ c0=0
DMA IRQ c1=2
DMA IRQ c2=0
DMA IRQ c3=0
SELECT busy=11354
SELECT w0=11343
SELECT w1=5772
SELECT w2=6522
BUSY TASK ewma=997
DMA IRQ c0=0
DMA IRQ c1=2
DMA IRQ c2=0
DMA IRQ c3=0
SELECT busy=11376
SELECT w0=11365
SELECT w1=5781
SELECT w2=6535
BUSY TASK ewma=997
DMA IRQ c0=0
DMA IRQ c1=2
DMA IRQ c2=0
DMA IRQ c3=0
SELECT busy=11390
SELECT w0=11379
SELECT w1=5788
SELECT w2=6542
BUSY TASK ewma=997
DMA IRQ c0=0
DMA IRQ c1=2
DMA IRQ c2=0
DMA IRQ c3=0
SELECT busy=11423
SELECT w0=11412
SELECT w1=5803
SELECT w2=6562
BUSY TASK ewma=997
DMA IRQ c0=0
DMA IRQ c1=2
DMA IRQ c2=0
DMA IRQ c3=0
SELECT busy=11440
SELECT w0=11428
SELECT w1=5813
SELECT w2=6574
BUSY TASK ewma=997
DMA IRQ c0=0
DMA IRQ c1=2
DMA IRQ c2=0
DMA IRQ c3=0
SELECT busy=11460
SELECT w0=11449
SELECT w1=5822
SELECT w2=6585
BUSY TASK ewma=997
DMA IRQ c0=0
DMA IRQ c1=2
DMA IRQ c2=0
DMA IRQ c3=0
SELECT busy=11503
SELECT w0=11491
SELECT w1=5840
SELECT w2=6608
BUSY TASK ewma=997
DMA IRQ c0=0
DMA IRQ c1=2
DMA IRQ c2=0
DMA IRQ c3=0
SELECT busy=11538
SELECT w0=11527
SELECT w1=5854
SELECT w2=6626
BUSY TASK ewma=997
DMA IRQ c0=0
DMA IRQ c1=2
DMA IRQ c2=0
DMA IRQ c3=0
SELECT busy=11578
SELECT w0=11567
SELECT w1=5873
SELECT w2=6651
BUSY TASK ewma=997
DMA IRQ c0=0
DMA IRQ c1=2
DMA IRQ c2=0
DMA IRQ c3=0
SELECT busy=11625
SELECT w0=11613
SELECT w1=5890
SELECT w2=6672
BUSY TASK ewma=997
DMA IRQ c0=0
DMA IRQ c1=2
DMA IRQ c2=0
DMA IRQ c3=0
SELECT busy=11661
SELECT w0=11649
SELECT w1=5902
SELECT w2=6689
BUSY TASK ewma=997
DMA IRQ c0=0
DMA IRQ c1=2
DMA IRQ c2=0
DMA IRQ c3=0
SELECT busy=11690
SELECT w0=11679
SELECT w1=5915
SELECT w2=6703
BUSY TASK ewma=997
DMA IRQ c0=0
DMA IRQ c1=2
DMA IRQ c2=0
DMA IRQ c3=0
SELECT busy=11736
SELECT w0=11725
SELECT w1=5936
SELECT w2=6729
BUSY TASK ewma=997
DMA IRQ c0=0
DMA IRQ c1=2
DMA IRQ c2=0
DMA IRQ c3=0
SELECT busy=11771
SELECT w0=11759
SELECT w1=5952
SELECT w2=6749
BUSY TASK ewma=997
DMA IRQ c0=0
DMA IRQ c1=2
DMA IRQ c2=0
DMA IRQ c3=0
SELECT busy=11801
SELECT w0=11789
SELECT w1=5966
SELECT w2=6767
qemu-system-aarch64: terminating on signal 15 from pid 199977 (timeout)
