P4 M7: full integration test boot OK
CPU0: MPIDR_EL1=0x0000000080000000
CPU0: psci_cpu_on target=1 rc=0
CPU1: alive, MPIDR_EL1=0x0000000080000001 this_cpu()->cpu_id=1
CPU0: psci_cpu_on target=2 rc=0
CPU2: alive, MPIDR_EL1=0x0000000080000002 this_cpu()->cpu_id=2
CPU0: psci_cpu_on target=3 rc=0
CPU3: alive, MPIDR_EL1=0x0000000080000003 this_cpu()->cpu_id=3
CPUs online: 4
DMA IRQ target cpu=1
D2b: worker 1 runs on CPU1
D2b: worker 2 runs on CPU2
D2b: worker 0 runs on CPU0
P4 M7: worker submitted cmd_id=2
P4 M7: worker submitted cmd_id=1
P4 M7: worker submitted cmd_id=3
BUSY TASK ewma=996
DMA IRQ c0=0
DMA IRQ c1=0
DMA IRQ c2=0
DMA IRQ c3=0
SELECT busy=23
P4 M7: worker DATA OK, cmd_id=1
SELECT w0=5
SELECT w1=8
WORKER ewma=916
P4 M7: worker DATA OK, cmd_id=2
P4 M7: worker DATA OK, cmd_id=3
WORKER ewma=881
WORKER ewma=881
SELECT w2=15
BUSY TASK ewma=997
DMA IRQ c0=0
DMA IRQ c1=2
DMA IRQ c2=0
DMA IRQ c3=0
SELECT busy=44
SELECT w0=36
SELECT w1=102
SELECT w2=43
BUSY TASK ewma=997
DMA IRQ c0=0
DMA IRQ c1=2
DMA IRQ c2=0
DMA IRQ c3=0
SELECT busy=63
SELECT w0=56
SELECT w1=129
SELECT w2=70
BUSY TASK ewma=997
DMA IRQ c0=0
DMA IRQ c1=2
DMA IRQ c2=0
DMA IRQ c3=0
SELECT busy=85
SELECT w0=77
SELECT w1=160
SELECT w2=99
BUSY TASK ewma=997
DMA IRQ c0=0
DMA IRQ c1=2
DMA IRQ c2=0
DMA IRQ c3=0
SELECT busy=103
SELECT w0=95
SELECT w1=196
SELECT w2=134
BUSY TASK ewma=997
DMA IRQ c0=0
DMA IRQ c1=2
DMA IRQ c2=0
DMA IRQ c3=0
SELECT busy=127
SELECT w0=120
SELECT w1=236
SELECT w2=176
BUSY TASK ewma=997
DMA IRQ c0=0
DMA IRQ c1=2
DMA IRQ c2=0
DMA IRQ c3=0
SELECT busy=158
SELECT w0=151
SELECT w1=256
SELECT w2=193
BUSY TASK ewma=997
DMA IRQ c0=0
DMA IRQ c1=2
DMA IRQ c2=0
DMA IRQ c3=0
SELECT busy=185
SELECT w0=178
SELECT w1=279
SELECT w2=212
BUSY TASK ewma=997
DMA IRQ c0=0
DMA IRQ c1=2
DMA IRQ c2=0
DMA IRQ c3=0
SELECT busy=211
SELECT w0=203
SELECT w1=291
SELECT w2=222
BUSY TASK ewma=997
DMA IRQ c0=0
DMA IRQ c1=2
DMA IRQ c2=0
DMA IRQ c3=0
SELECT busy=231
SELECT w0=223
SELECT w1=302
SELECT w2=230
BUSY TASK ewma=997
DMA IRQ c0=0
DMA IRQ c1=2
DMA IRQ c2=0
DMA IRQ c3=0
SELECT busy=256
SELECT w0=248
SELECT w1=319
SELECT w2=244
BUSY TASK ewma=997
DMA IRQ c0=0
DMA IRQ c1=2
DMA IRQ c2=0
DMA IRQ c3=0
SELECT busy=287
SELECT w0=280
SELECT w1=347
SELECT w2=262
BUSY TASK ewma=997
DMA IRQ c0=0
DMA IRQ c1=2
DMA IRQ c2=0
DMA IRQ c3=0
SELECT busy=317
SELECT w0=310
SELECT w1=372
SELECT w2=281
BUSY TASK ewma=997
DMA IRQ c0=0
DMA IRQ c1=2
DMA IRQ c2=0
DMA IRQ c3=0
SELECT busy=359
SELECT w0=352
SELECT w1=397
SELECT w2=305
BUSY TASK ewma=997
DMA IRQ c0=0
DMA IRQ c1=2
DMA IRQ c2=0
DMA IRQ c3=0
SELECT busy=391
SELECT w0=384
SELECT w1=416
SELECT w2=327
BUSY TASK ewma=997
DMA IRQ c0=0
DMA IRQ c1=2
DMA IRQ c2=0
DMA IRQ c3=0
SELECT busy=423
SELECT w0=416
SELECT w1=435
SELECT w2=347
BUSY TASK ewma=997
DMA IRQ c0=0
DMA IRQ c1=2
DMA IRQ c2=0
DMA IRQ c3=0
SELECT busy=451
SELECT w0=444
SELECT w1=450
SELECT w2=364
BUSY TASK ewma=997
DMA IRQ c0=0
DMA IRQ c1=2
DMA IRQ c2=0
DMA IRQ c3=0
SELECT busy=471
SELECT w0=463
SELECT w1=461
SELECT w2=374
BUSY TASK ewma=997
DMA IRQ c0=0
DMA IRQ c1=2
DMA IRQ c2=0
DMA IRQ c3=0
SELECT busy=491
SELECT w0=483
SELECT w1=466
SELECT w2=380
BUSY TASK ewma=997
DMA IRQ c0=0
DMA IRQ c1=2
DMA IRQ c2=0
DMA IRQ c3=0
SELECT busy=510
SELECT w0=502
SELECT w1=475
SELECT w2=389
BUSY TASK ewma=997
DMA IRQ c0=0
DMA IRQ c1=2
DMA IRQ c2=0
DMA IRQ c3=0
SELECT busy=532
SELECT w0=525
SELECT w1=490
SELECT w2=404
BUSY TASK ewma=997
DMA IRQ c0=0
DMA IRQ c1=2
DMA IRQ c2=0
DMA IRQ c3=0
SELECT busy=550
SELECT w0=544
SELECT w1=500
SELECT w2=417
BUSY TASK ewma=997
DMA IRQ c0=0
DMA IRQ c1=2
DMA IRQ c2=0
DMA IRQ c3=0
SELECT busy=579
SELECT w0=571
SELECT w1=518
SELECT w2=436
BUSY TASK ewma=997
DMA IRQ c0=0
DMA IRQ c1=2
DMA IRQ c2=0
DMA IRQ c3=0
SELECT busy=603
SELECT w0=596
SELECT w1=532
SELECT w2=452
BUSY TASK ewma=997
DMA IRQ c0=0
DMA IRQ c1=2
DMA IRQ c2=0
DMA IRQ c3=0
SELECT busy=618
SELECT w0=610
SELECT w1=542
SELECT w2=460
BUSY TASK ewma=997
DMA IRQ c0=0
DMA IRQ c1=2
DMA IRQ c2=0
DMA IRQ c3=0
SELECT busy=637
SELECT w0=630
SELECT w1=554
SELECT w2=476
BUSY TASK ewma=997
DMA IRQ c0=0
DMA IRQ c1=2
DMA IRQ c2=0
DMA IRQ c3=0
SELECT busy=660
SELECT w0=653
SELECT w1=566
SELECT w2=489
BUSY TASK ewma=997
DMA IRQ c0=0
DMA IRQ c1=2
DMA IRQ c2=0
DMA IRQ c3=0
SELECT busy=677
SELECT w0=670
SELECT w1=577
SELECT w2=501
BUSY TASK ewma=997
DMA IRQ c0=0
DMA IRQ c1=2
DMA IRQ c2=0
DMA IRQ c3=0
SELECT busy=700
SELECT w0=693
SELECT w1=599
SELECT w2=524
BUSY TASK ewma=997
DMA IRQ c0=0
DMA IRQ c1=2
DMA IRQ c2=0
DMA IRQ c3=0
SELECT busy=721
SELECT w0=713
SELECT w1=609
SELECT w2=534
BUSY TASK ewma=997
DMA IRQ c0=0
DMA IRQ c1=2
DMA IRQ c2=0
DMA IRQ c3=0
SELECT busy=756
SELECT w0=748
SELECT w1=630
SELECT w2=551
BUSY TASK ewma=997
DMA IRQ c0=0
DMA IRQ c1=2
DMA IRQ c2=0
DMA IRQ c3=0
SELECT busy=786
SELECT w0=779
SELECT w1=654
SELECT w2=571
BUSY TASK ewma=997
DMA IRQ c0=0
DMA IRQ c1=2
DMA IRQ c2=0
DMA IRQ c3=0
SELECT busy=807
SELECT w0=799
SELECT w1=663
SELECT w2=583
BUSY TASK ewma=997
DMA IRQ c0=0
DMA IRQ c1=2
DMA IRQ c2=0
DMA IRQ c3=0
SELECT busy=826
SELECT w0=818
SELECT w1=671
SELECT w2=591
BUSY TASK ewma=997
DMA IRQ c0=0
DMA IRQ c1=2
DMA IRQ c2=0
DMA IRQ c3=0
SELECT busy=852
SELECT w0=844
SELECT w1=685
SELECT w2=605
BUSY TASK ewma=997
DMA IRQ c0=0
DMA IRQ c1=2
DMA IRQ c2=0
DMA IRQ c3=0
SELECT busy=872
SELECT w0=864
SELECT w1=689
SELECT w2=609
BUSY TASK ewma=997
DMA IRQ c0=0
DMA IRQ c1=2
DMA IRQ c2=0
DMA IRQ c3=0
SELECT busy=891
SELECT w0=884
SELECT w1=698
SELECT w2=620
BUSY TASK ewma=997
DMA IRQ c0=0
DMA IRQ c1=2
DMA IRQ c2=0
DMA IRQ c3=0
SELECT busy=914
SELECT w0=906
SELECT w1=712
SELECT w2=631
BUSY TASK ewma=997
DMA IRQ c0=0
DMA IRQ c1=2
DMA IRQ c2=0
DMA IRQ c3=0
SELECT busy=935
SELECT w0=927
SELECT w1=718
SELECT w2=639
BUSY TASK ewma=997
DMA IRQ c0=0
DMA IRQ c1=2
DMA IRQ c2=0
DMA IRQ c3=0
SELECT busy=956
SELECT w0=949
SELECT w1=732
SELECT w2=651
BUSY TASK ewma=997
DMA IRQ c0=0
DMA IRQ c1=2
DMA IRQ c2=0
DMA IRQ c3=0
SELECT busy=989
SELECT w0=982
SELECT w1=753
SELECT w2=669
BUSY TASK ewma=997
DMA IRQ c0=0
DMA IRQ c1=2
DMA IRQ c2=0
DMA IRQ c3=0
SELECT busy=1022
SELECT w0=1014
SELECT w1=768
SELECT w2=687
BUSY TASK ewma=997
DMA IRQ c0=0
DMA IRQ c1=2
DMA IRQ c2=0
DMA IRQ c3=0
SELECT busy=1040
SELECT w0=1032
SELECT w1=776
SELECT w2=693
BUSY TASK ewma=997
DMA IRQ c0=0
DMA IRQ c1=2
DMA IRQ c2=0
DMA IRQ c3=0
SELECT busy=1062
SELECT w0=1054
SELECT w1=783
SELECT w2=700
BUSY TASK ewma=997
DMA IRQ c0=0
DMA IRQ c1=2
DMA IRQ c2=0
DMA IRQ c3=0
SELECT busy=1080
SELECT w0=1073
SELECT w1=792
SELECT w2=714
BUSY TASK ewma=997
DMA IRQ c0=0
DMA IRQ c1=2
DMA IRQ c2=0
DMA IRQ c3=0
SELECT busy=1099
SELECT w0=1092
SELECT w1=803
SELECT w2=724
BUSY TASK ewma=997
DMA IRQ c0=0
DMA IRQ c1=2
DMA IRQ c2=0
DMA IRQ c3=0
SELECT busy=1118
SELECT w0=1110
SELECT w1=813
SELECT w2=734
BUSY TASK ewma=997
DMA IRQ c0=0
DMA IRQ c1=2
DMA IRQ c2=0
DMA IRQ c3=0
SELECT busy=1139
SELECT w0=1131
SELECT w1=822
SELECT w2=744
BUSY TASK ewma=997
DMA IRQ c0=0
DMA IRQ c1=2
DMA IRQ c2=0
DMA IRQ c3=0
SELECT busy=1159
SELECT w0=1151
SELECT w1=833
SELECT w2=753
BUSY TASK ewma=997
DMA IRQ c0=0
DMA IRQ c1=2
DMA IRQ c2=0
DMA IRQ c3=0
SELECT busy=1179
SELECT w0=1172
SELECT w1=854
SELECT w2=767
BUSY TASK ewma=997
DMA IRQ c0=0
DMA IRQ c1=2
DMA IRQ c2=0
DMA IRQ c3=0
SELECT busy=1204
SELECT w0=1196
SELECT w1=867
SELECT w2=779
BUSY TASK ewma=997
DMA IRQ c0=0
DMA IRQ c1=2
DMA IRQ c2=0
DMA IRQ c3=0
SELECT busy=1226
SELECT w0=1220
SELECT w1=878
SELECT w2=793
BUSY TASK ewma=997
DMA IRQ c0=0
DMA IRQ c1=2
DMA IRQ c2=0
DMA IRQ c3=0
SELECT busy=1251
SELECT w0=1243
SELECT w1=890
SELECT w2=803
BUSY TASK ewma=997
DMA IRQ c0=0
DMA IRQ c1=2
DMA IRQ c2=0
DMA IRQ c3=0
SELECT busy=1276
SELECT w0=1269
SELECT w1=907
SELECT w2=817
BUSY TASK ewma=997
DMA IRQ c0=0
DMA IRQ c1=2
DMA IRQ c2=0
DMA IRQ c3=0
SELECT busy=1296
SELECT w0=1289
SELECT w1=917
SELECT w2=825
BUSY TASK ewma=997
DMA IRQ c0=0
DMA IRQ c1=2
DMA IRQ c2=0
DMA IRQ c3=0
SELECT busy=1325
SELECT w0=1318
SELECT w1=942
SELECT w2=842
BUSY TASK ewma=997
DMA IRQ c0=0
DMA IRQ c1=2
DMA IRQ c2=0
DMA IRQ c3=0
SELECT busy=1358
SELECT w0=1351
SELECT w1=968
SELECT w2=864
BUSY TASK ewma=997
DMA IRQ c0=0
DMA IRQ c1=2
DMA IRQ c2=0
DMA IRQ c3=0
SELECT busy=1383
SELECT w0=1376
SELECT w1=986
SELECT w2=883
BUSY TASK ewma=997
DMA IRQ c0=0
DMA IRQ c1=2
DMA IRQ c2=0
DMA IRQ c3=0
SELECT busy=1405
SELECT w0=1397
SELECT w1=997
SELECT w2=894
BUSY TASK ewma=997
DMA IRQ c0=0
DMA IRQ c1=2
DMA IRQ c2=0
DMA IRQ c3=0
SELECT busy=1427
SELECT w0=1420
SELECT w1=1012
SELECT w2=907
BUSY TASK ewma=997
DMA IRQ c0=0
DMA IRQ c1=2
DMA IRQ c2=0
DMA IRQ c3=0
SELECT busy=1447
SELECT w0=1439
SELECT w1=1019
SELECT w2=916
BUSY TASK ewma=997
DMA IRQ c0=0
DMA IRQ c1=2
DMA IRQ c2=0
DMA IRQ c3=0
SELECT busy=1460
SELECT w0=1453
SELECT w1=1028
SELECT w2=923
BUSY TASK ewma=997
DMA IRQ c0=0
DMA IRQ c1=2
DMA IRQ c2=0
DMA IRQ c3=0
SELECT busy=1480
SELECT w0=1472
SELECT w1=1033
SELECT w2=929
BUSY TASK ewma=997
IRQ counts: cpu0=2979 cpu1=3513 cpu2=3397 cpu3=3511
SCHED secondaries: calls=10422 unexpected=0
SECTEST switches=10407 cpu1=35897056,34656012 cpu2=26990316,25592959 cpu3=42483591,41642376
PINGPONG rounds=743 pongs=744
DMA IRQ c0=0
DMA IRQ c1=2
DMA IRQ c2=0
DMA IRQ c3=0
SELECT busy=1506
SELECT w0=1499
SELECT w1=1056
SELECT w2=945
BUSY TASK ewma=997
DMA IRQ c0=0
DMA IRQ c1=2
DMA IRQ c2=0
DMA IRQ c3=0
SELECT busy=1531
SELECT w0=1523
SELECT w1=1068
SELECT w2=960
BUSY TASK ewma=997
DMA IRQ c0=0
DMA IRQ c1=2
DMA IRQ c2=0
DMA IRQ c3=0
SELECT busy=1556
SELECT w0=1549
SELECT w1=1093
SELECT w2=982
BUSY TASK ewma=997
DMA IRQ c0=0
DMA IRQ c1=2
DMA IRQ c2=0
DMA IRQ c3=0
SELECT busy=1583
SELECT w0=1576
SELECT w1=1111
SELECT w2=999
BUSY TASK ewma=997
DMA IRQ c0=0
DMA IRQ c1=2
DMA IRQ c2=0
DMA IRQ c3=0
SELECT busy=1602
SELECT w0=1595
SELECT w1=1121
SELECT w2=1011
BUSY TASK ewma=997
DMA IRQ c0=0
DMA IRQ c1=2
DMA IRQ c2=0
DMA IRQ c3=0
SELECT busy=1621
SELECT w0=1615
SELECT w1=1134
SELECT w2=1022
BUSY TASK ewma=997
DMA IRQ c0=0
DMA IRQ c1=2
DMA IRQ c2=0
DMA IRQ c3=0
SELECT busy=1647
SELECT w0=1640
SELECT w1=1144
SELECT w2=1033
BUSY TASK ewma=997
DMA IRQ c0=0
DMA IRQ c1=2
DMA IRQ c2=0
DMA IRQ c3=0
SELECT busy=1669
SELECT w0=1662
SELECT w1=1158
SELECT w2=1050
BUSY TASK ewma=997
DMA IRQ c0=0
DMA IRQ c1=2
DMA IRQ c2=0
DMA IRQ c3=0
SELECT busy=1691
SELECT w0=1684
SELECT w1=1172
SELECT w2=1065
BUSY TASK ewma=997
DMA IRQ c0=0
DMA IRQ c1=2
DMA IRQ c2=0
DMA IRQ c3=0
SELECT busy=1714
SELECT w0=1707
SELECT w1=1190
SELECT w2=1080
BUSY TASK ewma=997
DMA IRQ c0=0
DMA IRQ c1=2
DMA IRQ c2=0
DMA IRQ c3=0
SELECT busy=1738
SELECT w0=1731
SELECT w1=1208
SELECT w2=1098
BUSY TASK ewma=997
DMA IRQ c0=0
DMA IRQ c1=2
DMA IRQ c2=0
DMA IRQ c3=0
SELECT busy=1758
SELECT w0=1754
SELECT w1=1220
SELECT w2=1110
BUSY TASK ewma=997
DMA IRQ c0=0
DMA IRQ c1=2
DMA IRQ c2=0
DMA IRQ c3=0
SELECT busy=1789
SELECT w0=1784
SELECT w1=1236
SELECT w2=1126
BUSY TASK ewma=997
DMA IRQ c0=0
DMA IRQ c1=2
DMA IRQ c2=0
DMA IRQ c3=0
SELECT busy=1814
SELECT w0=1806
SELECT w1=1248
SELECT w2=1136
BUSY TASK ewma=997
DMA IRQ c0=0
DMA IRQ c1=2
DMA IRQ c2=0
DMA IRQ c3=0
SELECT busy=1835
SELECT w0=1827
SELECT w1=1255
SELECT w2=1143
BUSY TASK ewma=997
DMA IRQ c0=0
DMA IRQ c1=2
DMA IRQ c2=0
DMA IRQ c3=0
SELECT busy=1856
SELECT w0=1848
SELECT w1=1263
SELECT w2=1152
BUSY TASK ewma=997
DMA IRQ c0=0
DMA IRQ c1=2
DMA IRQ c2=0
DMA IRQ c3=0
SELECT busy=1878
SELECT w0=1870
SELECT w1=1273
SELECT w2=1165
BUSY TASK ewma=997
DMA IRQ c0=0
DMA IRQ c1=2
DMA IRQ c2=0
DMA IRQ c3=0
SELECT busy=1892
SELECT w0=1884
SELECT w1=1278
SELECT w2=1171
BUSY TASK ewma=997
DMA IRQ c0=0
DMA IRQ c1=2
DMA IRQ c2=0
DMA IRQ c3=0
SELECT busy=1914
SELECT w0=1910
SELECT w1=1291
SELECT w2=1186
BUSY TASK ewma=997
DMA IRQ c0=0
DMA IRQ c1=2
DMA IRQ c2=0
DMA IRQ c3=0
SELECT busy=1943
SELECT w0=1936
SELECT w1=1306
SELECT w2=1202
BUSY TASK ewma=997
DMA IRQ c0=0
DMA IRQ c1=2
DMA IRQ c2=0
DMA IRQ c3=0
SELECT busy=1960
SELECT w0=1952
SELECT w1=1317
SELECT w2=1212
BUSY TASK ewma=997
DMA IRQ c0=0
DMA IRQ c1=2
DMA IRQ c2=0
DMA IRQ c3=0
SELECT busy=1978
SELECT w0=1972
SELECT w1=1328
SELECT w2=1222
BUSY TASK ewma=997
DMA IRQ c0=0
DMA IRQ c1=2
DMA IRQ c2=0
DMA IRQ c3=0
SELECT busy=1998
SELECT w0=1990
SELECT w1=1336
SELECT w2=1231
BUSY TASK ewma=997
DMA IRQ c0=0
DMA IRQ c1=2
DMA IRQ c2=0
DMA IRQ c3=0
SELECT busy=2040
SELECT w0=2033
SELECT w1=1360
SELECT w2=1253
BUSY TASK ewma=997
DMA IRQ c0=0
DMA IRQ c1=2
DMA IRQ c2=0
DMA IRQ c3=0
SELECT busy=2072
SELECT w0=2064
SELECT w1=1375
SELECT w2=1268
BUSY TASK ewma=997
DMA IRQ c0=0
DMA IRQ c1=2
DMA IRQ c2=0
DMA IRQ c3=0
SELECT busy=2108
SELECT w0=2102
SELECT w1=1397
SELECT w2=1291
BUSY TASK ewma=997
DMA IRQ c0=0
DMA IRQ c1=2
DMA IRQ c2=0
DMA IRQ c3=0
SELECT busy=2139
SELECT w0=2131
SELECT w1=1411
SELECT w2=1307
BUSY TASK ewma=997
DMA IRQ c0=0
DMA IRQ c1=2
DMA IRQ c2=0
DMA IRQ c3=0
SELECT busy=2163
SELECT w0=2155
SELECT w1=1424
SELECT w2=1319
BUSY TASK ewma=997
DMA IRQ c0=0
DMA IRQ c1=2
DMA IRQ c2=0
DMA IRQ c3=0
SELECT busy=2187
SELECT w0=2179
SELECT w1=1436
SELECT w2=1329
BUSY TASK ewma=997
DMA IRQ c0=0
DMA IRQ c1=2
DMA IRQ c2=0
DMA IRQ c3=0
SELECT busy=2208
SELECT w0=2202
SELECT w1=1446
SELECT w2=1338
BUSY TASK ewma=997
DMA IRQ c0=0
DMA IRQ c1=2
DMA IRQ c2=0
DMA IRQ c3=0
SELECT busy=2242
SELECT w0=2234
SELECT w1=1459
SELECT w2=1355
BUSY TASK ewma=997
DMA IRQ c0=0
DMA IRQ c1=2
DMA IRQ c2=0
DMA IRQ c3=0
SELECT busy=2272
SELECT w0=2266
SELECT w1=1477
SELECT w2=1373
BUSY TASK ewma=997
DMA IRQ c0=0
DMA IRQ c1=2
DMA IRQ c2=0
DMA IRQ c3=0
SELECT busy=2313
SELECT w0=2305
SELECT w1=1496
SELECT w2=1394
BUSY TASK ewma=997
DMA IRQ c0=0
DMA IRQ c1=2
DMA IRQ c2=0
DMA IRQ c3=0
SELECT busy=2351
SELECT w0=2343
SELECT w1=1515
SELECT w2=1413
BUSY TASK ewma=997
DMA IRQ c0=0
DMA IRQ c1=2
DMA IRQ c2=0
DMA IRQ c3=0
SELECT busy=2389
SELECT w0=2384
SELECT w1=1535
SELECT w2=1434
BUSY TASK ewma=997
DMA IRQ c0=0
DMA IRQ c1=2
DMA IRQ c2=0
DMA IRQ c3=0
SELECT busy=2423
SELECT w0=2416
SELECT w1=1547
SELECT w2=1446
BUSY TASK ewma=997
DMA IRQ c0=0
DMA IRQ c1=2
DMA IRQ c2=0
DMA IRQ c3=0
SELECT busy=2456
SELECT w0=2448
SELECT w1=1563
SELECT w2=1461
BUSY TASK ewma=997
DMA IRQ c0=0
DMA IRQ c1=2
DMA IRQ c2=0
DMA IRQ c3=0
SELECT busy=2471
SELECT w0=2464
SELECT w1=1573
SELECT w2=1471
BUSY TASK ewma=997
DMA IRQ c0=0
DMA IRQ c1=2
DMA IRQ c2=0
DMA IRQ c3=0
SELECT busy=2491
SELECT w0=2484
SELECT w1=1586
SELECT w2=1484
BUSY TASK ewma=997
DMA IRQ c0=0
DMA IRQ c1=2
DMA IRQ c2=0
DMA IRQ c3=0
SELECT busy=2508
SELECT w0=2501
SELECT w1=1597
SELECT w2=1492
BUSY TASK ewma=997
DMA IRQ c0=0
DMA IRQ c1=2
DMA IRQ c2=0
DMA IRQ c3=0
SELECT busy=2524
SELECT w0=2517
SELECT w1=1607
SELECT w2=1504
BUSY TASK ewma=997
DMA IRQ c0=0
DMA IRQ c1=2
DMA IRQ c2=0
DMA IRQ c3=0
SELECT busy=2545
SELECT w0=2537
SELECT w1=1617
SELECT w2=1514
BUSY TASK ewma=997
DMA IRQ c0=0
DMA IRQ c1=2
DMA IRQ c2=0
DMA IRQ c3=0
SELECT busy=2567
SELECT w0=2559
SELECT w1=1631
SELECT w2=1527
BUSY TASK ewma=997
DMA IRQ c0=0
DMA IRQ c1=2
DMA IRQ c2=0
DMA IRQ c3=0
SELECT busy=2585
SELECT w0=2577
SELECT w1=1640
SELECT w2=1539
BUSY TASK ewma=997
DMA IRQ c0=0
DMA IRQ c1=2
DMA IRQ c2=0
DMA IRQ c3=0
SELECT busy=2606
SELECT w0=2599
SELECT w1=1653
SELECT w2=1553
BUSY TASK ewma=997
DMA IRQ c0=0
DMA IRQ c1=2
DMA IRQ c2=0
DMA IRQ c3=0
SELECT busy=2626
SELECT w0=2618
SELECT w1=1664
SELECT w2=1563
BUSY TASK ewma=997
DMA IRQ c0=0
DMA IRQ c1=2
DMA IRQ c2=0
DMA IRQ c3=0
SELECT busy=2643
SELECT w0=2636
SELECT w1=1672
SELECT w2=1572
BUSY TASK ewma=997
DMA IRQ c0=0
DMA IRQ c1=2
DMA IRQ c2=0
DMA IRQ c3=0
SELECT busy=2663
SELECT w0=2655
SELECT w1=1687
SELECT w2=1587
BUSY TASK ewma=997
DMA IRQ c0=0
DMA IRQ c1=2
DMA IRQ c2=0
DMA IRQ c3=0
SELECT busy=2681
SELECT w0=2674
SELECT w1=1694
SELECT w2=1593
BUSY TASK ewma=997
DMA IRQ c0=0
DMA IRQ c1=2
DMA IRQ c2=0
DMA IRQ c3=0
SELECT busy=2702
SELECT w0=2694
SELECT w1=1704
SELECT w2=1603
BUSY TASK ewma=997
DMA IRQ c0=0
DMA IRQ c1=2
DMA IRQ c2=0
DMA IRQ c3=0
SELECT busy=2718
SELECT w0=2711
SELECT w1=1714
SELECT w2=1612
BUSY TASK ewma=997
DMA IRQ c0=0
DMA IRQ c1=2
DMA IRQ c2=0
DMA IRQ c3=0
SELECT busy=2739
SELECT w0=2734
SELECT w1=1729
SELECT w2=1629
BUSY TASK ewma=997
DMA IRQ c0=0
DMA IRQ c1=2
DMA IRQ c2=0
DMA IRQ c3=0
SELECT busy=2775
SELECT w0=2770
SELECT w1=1745
SELECT w2=1650
BUSY TASK ewma=997
DMA IRQ c0=0
DMA IRQ c1=2
DMA IRQ c2=0
DMA IRQ c3=0
SELECT busy=2800
SELECT w0=2793
SELECT w1=1759
SELECT w2=1666
BUSY TASK ewma=997
DMA IRQ c0=0
DMA IRQ c1=2
DMA IRQ c2=0
DMA IRQ c3=0
SELECT busy=2823
SELECT w0=2816
SELECT w1=1774
SELECT w2=1682
BUSY TASK ewma=997
DMA IRQ c0=0
DMA IRQ c1=2
DMA IRQ c2=0
DMA IRQ c3=0
SELECT busy=2856
SELECT w0=2850
SELECT w1=1791
SELECT w2=1698
BUSY TASK ewma=997
DMA IRQ c0=0
DMA IRQ c1=2
DMA IRQ c2=0
DMA IRQ c3=0
SELECT busy=2898
SELECT w0=2891
SELECT w1=1811
SELECT w2=1721
BUSY TASK ewma=997
DMA IRQ c0=0
DMA IRQ c1=2
DMA IRQ c2=0
DMA IRQ c3=0
SELECT busy=2920
SELECT w0=2912
SELECT w1=1823
SELECT w2=1732
BUSY TASK ewma=997
DMA IRQ c0=0
DMA IRQ c1=2
DMA IRQ c2=0
DMA IRQ c3=0
SELECT busy=2947
SELECT w0=2940
SELECT w1=1837
SELECT w2=1755
BUSY TASK ewma=997
DMA IRQ c0=0
DMA IRQ c1=2
DMA IRQ c2=0
DMA IRQ c3=0
SELECT busy=2964
SELECT w0=2956
SELECT w1=1847
SELECT w2=1767
BUSY TASK ewma=997
DMA IRQ c0=0
DMA IRQ c1=2
DMA IRQ c2=0
DMA IRQ c3=0
SELECT busy=3000
SELECT w0=2993
SELECT w1=1867
SELECT w2=1787
BUSY TASK ewma=997
DMA IRQ c0=0
DMA IRQ c1=2
DMA IRQ c2=0
DMA IRQ c3=0
SELECT busy=3024
SELECT w0=3017
SELECT w1=1879
SELECT w2=1804
BUSY TASK ewma=997
DMA IRQ c0=0
DMA IRQ c1=2
DMA IRQ c2=0
DMA IRQ c3=0
SELECT busy=3045
SELECT w0=3038
SELECT w1=1897
SELECT w2=1818
BUSY TASK ewma=997
DMA IRQ c0=0
DMA IRQ c1=2
DMA IRQ c2=0
DMA IRQ c3=0
SELECT busy=3068
SELECT w0=3061
SELECT w1=1912
SELECT w2=1833
BUSY TASK ewma=997
IRQ counts: cpu0=6149 cpu1=7071 cpu2=7074 cpu3=7229
SCHED secondaries: calls=21390 unexpected=0
SECTEST switches=21351 cpu1=72605270,70285388 cpu2=57198496,53956457 cpu3=84847190,83436778
PINGPONG rounds=1379 pongs=1380
DMA IRQ c0=0
DMA IRQ c1=2
DMA IRQ c2=0
DMA IRQ c3=0
SELECT busy=3088
SELECT w0=3082
SELECT w1=1924
SELECT w2=1845
BUSY TASK ewma=997
DMA IRQ c0=0
DMA IRQ c1=2
DMA IRQ c2=0
DMA IRQ c3=0
SELECT busy=3118
SELECT w0=3111
SELECT w1=1943
SELECT w2=1869
BUSY TASK ewma=997
DMA IRQ c0=0
DMA IRQ c1=2
DMA IRQ c2=0
DMA IRQ c3=0
SELECT busy=3144
SELECT w0=3136
SELECT w1=1953
SELECT w2=1881
BUSY TASK ewma=997
DMA IRQ c0=0
DMA IRQ c1=2
DMA IRQ c2=0
DMA IRQ c3=0
SELECT busy=3173
SELECT w0=3165
SELECT w1=1968
SELECT w2=1900
BUSY TASK ewma=997
DMA IRQ c0=0
DMA IRQ c1=2
DMA IRQ c2=0
DMA IRQ c3=0
SELECT busy=3196
SELECT w0=3189
SELECT w1=1983
SELECT w2=1914
BUSY TASK ewma=997
DMA IRQ c0=0
DMA IRQ c1=2
DMA IRQ c2=0
DMA IRQ c3=0
SELECT busy=3223
SELECT w0=3215
SELECT w1=1995
SELECT w2=1927
BUSY TASK ewma=997
DMA IRQ c0=0
DMA IRQ c1=2
DMA IRQ c2=0
DMA IRQ c3=0
SELECT busy=3239
SELECT w0=3231
SELECT w1=2001
SELECT w2=1933
BUSY TASK ewma=997
DMA IRQ c0=0
DMA IRQ c1=2
DMA IRQ c2=0
DMA IRQ c3=0
SELECT busy=3258
SELECT w0=3250
SELECT w1=2011
SELECT w2=1947
BUSY TASK ewma=997
DMA IRQ c0=0
DMA IRQ c1=2
DMA IRQ c2=0
DMA IRQ c3=0
SELECT busy=3284
SELECT w0=3278
SELECT w1=2032
SELECT w2=1962
BUSY TASK ewma=997
DMA IRQ c0=0
DMA IRQ c1=2
DMA IRQ c2=0
DMA IRQ c3=0
SELECT busy=3312
SELECT w0=3304
SELECT w1=2046
SELECT w2=1978
BUSY TASK ewma=997
DMA IRQ c0=0
DMA IRQ c1=2
DMA IRQ c2=0
DMA IRQ c3=0
SELECT busy=3331
SELECT w0=3323
SELECT w1=2062
SELECT w2=1989
BUSY TASK ewma=997
DMA IRQ c0=0
DMA IRQ c1=2
DMA IRQ c2=0
DMA IRQ c3=0
SELECT busy=3353
SELECT w0=3348
SELECT w1=2080
SELECT w2=2003
BUSY TASK ewma=997
DMA IRQ c0=0
DMA IRQ c1=2
DMA IRQ c2=0
DMA IRQ c3=0
SELECT busy=3382
SELECT w0=3375
SELECT w1=2094
SELECT w2=2016
BUSY TASK ewma=997
DMA IRQ c0=0
DMA IRQ c1=2
DMA IRQ c2=0
DMA IRQ c3=0
SELECT busy=3404
SELECT w0=3399
SELECT w1=2111
SELECT w2=2035
BUSY TASK ewma=997
DMA IRQ c0=0
DMA IRQ c1=2
DMA IRQ c2=0
DMA IRQ c3=0
SELECT busy=3428
SELECT w0=3421
SELECT w1=2122
SELECT w2=2043
BUSY TASK ewma=997
DMA IRQ c0=0
DMA IRQ c1=2
DMA IRQ c2=0
DMA IRQ c3=0
SELECT busy=3443
SELECT w0=3436
SELECT w1=2130
SELECT w2=2052
BUSY TASK ewma=997
DMA IRQ c0=0
DMA IRQ c1=2
DMA IRQ c2=0
DMA IRQ c3=0
SELECT busy=3463
SELECT w0=3457
SELECT w1=2146
SELECT w2=2067
BUSY TASK ewma=997
DMA IRQ c0=0
DMA IRQ c1=2
DMA IRQ c2=0
DMA IRQ c3=0
SELECT busy=3487
SELECT w0=3480
SELECT w1=2162
SELECT w2=2080
BUSY TASK ewma=997
DMA IRQ c0=0
DMA IRQ c1=2
DMA IRQ c2=0
DMA IRQ c3=0
SELECT busy=3506
SELECT w0=3499
SELECT w1=2174
SELECT w2=2093
BUSY TASK ewma=997
DMA IRQ c0=0
DMA IRQ c1=2
DMA IRQ c2=0
DMA IRQ c3=0
SELECT busy=3528
SELECT w0=3521
SELECT w1=2189
SELECT w2=2109
BUSY TASK ewma=997
DMA IRQ c0=0
DMA IRQ c1=2
DMA IRQ c2=0
DMA IRQ c3=0
SELECT busy=3551
SELECT w0=3544
SELECT w1=2199
SELECT w2=2125
BUSY TASK ewma=997
DMA IRQ c0=0
DMA IRQ c1=2
DMA IRQ c2=0
DMA IRQ c3=0
SELECT busy=3569
SELECT w0=3561
SELECT w1=2207
SELECT w2=2133
BUSY TASK ewma=997
DMA IRQ c0=0
DMA IRQ c1=2
DMA IRQ c2=0
DMA IRQ c3=0
SELECT busy=3593
SELECT w0=3585
SELECT w1=2220
SELECT w2=2152
BUSY TASK ewma=997
DMA IRQ c0=0
DMA IRQ c1=2
DMA IRQ c2=0
DMA IRQ c3=0
SELECT busy=3618
SELECT w0=3611
SELECT w1=2240
SELECT w2=2169
BUSY TASK ewma=997
DMA IRQ c0=0
DMA IRQ c1=2
DMA IRQ c2=0
DMA IRQ c3=0
SELECT busy=3644
SELECT w0=3638
SELECT w1=2257
SELECT w2=2186
BUSY TASK ewma=997
DMA IRQ c0=0
DMA IRQ c1=2
DMA IRQ c2=0
DMA IRQ c3=0
SELECT busy=3676
SELECT w0=3669
SELECT w1=2283
SELECT w2=2203
BUSY TASK ewma=997
DMA IRQ c0=0
DMA IRQ c1=2
DMA IRQ c2=0
DMA IRQ c3=0
SELECT busy=3694
SELECT w0=3686
SELECT w1=2296
SELECT w2=2218
BUSY TASK ewma=997
DMA IRQ c0=0
DMA IRQ c1=2
DMA IRQ c2=0
DMA IRQ c3=0
SELECT busy=3721
SELECT w0=3714
SELECT w1=2316
SELECT w2=2232
BUSY TASK ewma=997
DMA IRQ c0=0
DMA IRQ c1=2
DMA IRQ c2=0
DMA IRQ c3=0
SELECT busy=3752
SELECT w0=3745
SELECT w1=2336
SELECT w2=2253
BUSY TASK ewma=997
DMA IRQ c0=0
DMA IRQ c1=2
DMA IRQ c2=0
DMA IRQ c3=0
SELECT busy=3775
SELECT w0=3767
SELECT w1=2345
SELECT w2=2261
BUSY TASK ewma=997
DMA IRQ c0=0
DMA IRQ c1=2
DMA IRQ c2=0
DMA IRQ c3=0
SELECT busy=3811
SELECT w0=3805
SELECT w1=2369
SELECT w2=2284
BUSY TASK ewma=997
DMA IRQ c0=0
DMA IRQ c1=2
DMA IRQ c2=0
DMA IRQ c3=0
SELECT busy=3835
SELECT w0=3828
SELECT w1=2384
SELECT w2=2297
BUSY TASK ewma=997
DMA IRQ c0=0
DMA IRQ c1=2
DMA IRQ c2=0
DMA IRQ c3=0
SELECT busy=3853
SELECT w0=3845
SELECT w1=2395
SELECT w2=2307
BUSY TASK ewma=997
DMA IRQ c0=0
DMA IRQ c1=2
DMA IRQ c2=0
DMA IRQ c3=0
SELECT busy=3874
SELECT w0=3866
SELECT w1=2407
SELECT w2=2318
BUSY TASK ewma=997
DMA IRQ c0=0
DMA IRQ c1=2
DMA IRQ c2=0
DMA IRQ c3=0
SELECT busy=3901
SELECT w0=3893
SELECT w1=2423
SELECT w2=2331
BUSY TASK ewma=997
DMA IRQ c0=0
DMA IRQ c1=2
DMA IRQ c2=0
DMA IRQ c3=0
SELECT busy=3940
SELECT w0=3932
SELECT w1=2441
SELECT w2=2351
BUSY TASK ewma=997
DMA IRQ c0=0
DMA IRQ c1=2
DMA IRQ c2=0
DMA IRQ c3=0
SELECT busy=3967
SELECT w0=3959
SELECT w1=2454
SELECT w2=2364
BUSY TASK ewma=997
DMA IRQ c0=0
DMA IRQ c1=2
DMA IRQ c2=0
DMA IRQ c3=0
SELECT busy=3998
SELECT w0=3990
SELECT w1=2468
SELECT w2=2378
BUSY TASK ewma=997
DMA IRQ c0=0
DMA IRQ c1=2
DMA IRQ c2=0
DMA IRQ c3=0
SELECT busy=4027
SELECT w0=4019
SELECT w1=2481
SELECT w2=2392
BUSY TASK ewma=997
DMA IRQ c0=0
DMA IRQ c1=2
DMA IRQ c2=0
DMA IRQ c3=0
SELECT busy=4060
SELECT w0=4053
SELECT w1=2497
SELECT w2=2409
BUSY TASK ewma=997
DMA IRQ c0=0
DMA IRQ c1=2
DMA IRQ c2=0
DMA IRQ c3=0
SELECT busy=4088
SELECT w0=4081
SELECT w1=2514
SELECT w2=2423
BUSY TASK ewma=997
DMA IRQ c0=0
DMA IRQ c1=2
DMA IRQ c2=0
DMA IRQ c3=0
SELECT busy=4134
SELECT w0=4126
SELECT w1=2538
SELECT w2=2447
BUSY TASK ewma=997
DMA IRQ c0=0
DMA IRQ c1=2
DMA IRQ c2=0
DMA IRQ c3=0
SELECT busy=4174
SELECT w0=4166
SELECT w1=2559
SELECT w2=2467
BUSY TASK ewma=997
DMA IRQ c0=0
DMA IRQ c1=2
DMA IRQ c2=0
DMA IRQ c3=0
SELECT busy=4210
SELECT w0=4202
SELECT w1=2575
SELECT w2=2487
BUSY TASK ewma=997
DMA IRQ c0=0
DMA IRQ c1=2
DMA IRQ c2=0
DMA IRQ c3=0
SELECT busy=4249
SELECT w0=4242
SELECT w1=2597
SELECT w2=2511
BUSY TASK ewma=997
DMA IRQ c0=0
DMA IRQ c1=2
DMA IRQ c2=0
DMA IRQ c3=0
SELECT busy=4282
SELECT w0=4274
SELECT w1=2613
SELECT w2=2527
BUSY TASK ewma=997
DMA IRQ c0=0
DMA IRQ c1=2
DMA IRQ c2=0
DMA IRQ c3=0
SELECT busy=4326
SELECT w0=4319
SELECT w1=2634
SELECT w2=2548
BUSY TASK ewma=997
DMA IRQ c0=0
DMA IRQ c1=2
DMA IRQ c2=0
DMA IRQ c3=0
SELECT busy=4365
SELECT w0=4357
SELECT w1=2650
SELECT w2=2567
BUSY TASK ewma=997
DMA IRQ c0=0
DMA IRQ c1=2
DMA IRQ c2=0
DMA IRQ c3=0
SELECT busy=4404
SELECT w0=4397
SELECT w1=2672
SELECT w2=2586
BUSY TASK ewma=997
DMA IRQ c0=0
DMA IRQ c1=2
DMA IRQ c2=0
DMA IRQ c3=0
SELECT busy=4436
SELECT w0=4430
SELECT w1=2686
SELECT w2=2599
BUSY TASK ewma=997
DMA IRQ c0=0
DMA IRQ c1=2
DMA IRQ c2=0
DMA IRQ c3=0
SELECT busy=4469
SELECT w0=4461
SELECT w1=2701
SELECT w2=2616
BUSY TASK ewma=997
DMA IRQ c0=0
DMA IRQ c1=2
DMA IRQ c2=0
DMA IRQ c3=0
SELECT busy=4490
SELECT w0=4483
SELECT w1=2711
SELECT w2=2626
BUSY TASK ewma=997
DMA IRQ c0=0
DMA IRQ c1=2
DMA IRQ c2=0
DMA IRQ c3=0
SELECT busy=4516
SELECT w0=4508
SELECT w1=2727
SELECT w2=2642
BUSY TASK ewma=997
DMA IRQ c0=0
DMA IRQ c1=2
DMA IRQ c2=0
DMA IRQ c3=0
SELECT busy=4539
SELECT w0=4531
SELECT w1=2736
SELECT w2=2653
BUSY TASK ewma=997
DMA IRQ c0=0
DMA IRQ c1=2
DMA IRQ c2=0
DMA IRQ c3=0
SELECT busy=4564
SELECT w0=4556
SELECT w1=2752
SELECT w2=2664
BUSY TASK ewma=997
DMA IRQ c0=0
DMA IRQ c1=2
DMA IRQ c2=0
DMA IRQ c3=0
SELECT busy=4591
SELECT w0=4584
SELECT w1=2776
SELECT w2=2680
BUSY TASK ewma=997
DMA IRQ c0=0
DMA IRQ c1=2
DMA IRQ c2=0
DMA IRQ c3=0
SELECT busy=4621
SELECT w0=4613
SELECT w1=2789
SELECT w2=2696
BUSY TASK ewma=997
DMA IRQ c0=0
DMA IRQ c1=2
DMA IRQ c2=0
DMA IRQ c3=0
SELECT busy=4641
SELECT w0=4634
SELECT w1=2796
SELECT w2=2703
BUSY TASK ewma=997
DMA IRQ c0=0
DMA IRQ c1=2
DMA IRQ c2=0
DMA IRQ c3=0
SELECT busy=4662
SELECT w0=4656
SELECT w1=2807
SELECT w2=2713
BUSY TASK ewma=997
DMA IRQ c0=0
DMA IRQ c1=2
DMA IRQ c2=0
DMA IRQ c3=0
SELECT busy=4681
SELECT w0=4673
SELECT w1=2815
SELECT w2=2722
BUSY TASK ewma=997
DMA IRQ c0=0
DMA IRQ c1=2
DMA IRQ c2=0
DMA IRQ c3=0
SELECT busy=4700
SELECT w0=4692
SELECT w1=2823
SELECT w2=2729
BUSY TASK ewma=997
DMA IRQ c0=0
DMA IRQ c1=2
DMA IRQ c2=0
DMA IRQ c3=0
SELECT busy=4723
SELECT w0=4716
SELECT w1=2835
SELECT w2=2739
BUSY TASK ewma=997
DMA IRQ c0=0
DMA IRQ c1=2
DMA IRQ c2=0
DMA IRQ c3=0
SELECT busy=4746
SELECT w0=4739
SELECT w1=2845
SELECT w2=2754
BUSY TASK ewma=997
DMA IRQ c0=0
DMA IRQ c1=2
DMA IRQ c2=0
DMA IRQ c3=0
SELECT busy=4775
SELECT w0=4768
SELECT w1=2859
SELECT w2=2772
BUSY TASK ewma=997
IRQ counts: cpu0=9599 cpu1=10978 cpu2=10934 cpu3=11103
SCHED secondaries: calls=33019 unexpected=0
SECTEST switches=32994 cpu1=111543368,105586696 cpu2=86458092,81812537 cpu3=127427183,123505671
PINGPONG rounds=2000 pongs=2000
DMA IRQ c0=0
DMA IRQ c1=2
DMA IRQ c2=0
DMA IRQ c3=0
SELECT busy=4817
SELECT w0=4810
SELECT w1=2876
SELECT w2=2798
BUSY TASK ewma=997
DMA IRQ c0=0
DMA IRQ c1=2
DMA IRQ c2=0
DMA IRQ c3=0
SELECT busy=4852
SELECT w0=4845
SELECT w1=2894
SELECT w2=2820
BUSY TASK ewma=997
DMA IRQ c0=0
DMA IRQ c1=2
DMA IRQ c2=0
DMA IRQ c3=0
SELECT busy=4886
SELECT w0=4879
SELECT w1=2910
SELECT w2=2840
BUSY TASK ewma=997
DMA IRQ c0=0
DMA IRQ c1=2
DMA IRQ c2=0
DMA IRQ c3=0
SELECT busy=4912
SELECT w0=4906
SELECT w1=2926
SELECT w2=2862
BUSY TASK ewma=997
DMA IRQ c0=0
DMA IRQ c1=2
DMA IRQ c2=0
DMA IRQ c3=0
SELECT busy=4936
SELECT w0=4928
SELECT w1=2933
SELECT w2=2870
BUSY TASK ewma=997
DMA IRQ c0=0
DMA IRQ c1=2
DMA IRQ c2=0
DMA IRQ c3=0
SELECT busy=4957
SELECT w0=4949
SELECT w1=2944
SELECT w2=2885
BUSY TASK ewma=997
DMA IRQ c0=0
DMA IRQ c1=2
DMA IRQ c2=0
DMA IRQ c3=0
SELECT busy=4984
SELECT w0=4978
SELECT w1=2958
SELECT w2=2905
BUSY TASK ewma=997
DMA IRQ c0=0
DMA IRQ c1=2
DMA IRQ c2=0
DMA IRQ c3=0
SELECT busy=5019
SELECT w0=5012
SELECT w1=2974
SELECT w2=2924
BUSY TASK ewma=997
DMA IRQ c0=0
DMA IRQ c1=2
DMA IRQ c2=0
DMA IRQ c3=0
SELECT busy=5052
SELECT w0=5045
SELECT w1=2988
SELECT w2=2942
BUSY TASK ewma=997
DMA IRQ c0=0
DMA IRQ c1=2
DMA IRQ c2=0
DMA IRQ c3=0
SELECT busy=5086
SELECT w0=5079
SELECT w1=3002
SELECT w2=2960
BUSY TASK ewma=997
DMA IRQ c0=0
DMA IRQ c1=2
DMA IRQ c2=0
DMA IRQ c3=0
SELECT busy=5113
SELECT w0=5106
SELECT w1=3015
SELECT w2=2974
BUSY TASK ewma=997
DMA IRQ c0=0
DMA IRQ c1=2
DMA IRQ c2=0
DMA IRQ c3=0
SELECT busy=5146
SELECT w0=5140
SELECT w1=3029
SELECT w2=2994
BUSY TASK ewma=997
DMA IRQ c0=0
DMA IRQ c1=2
DMA IRQ c2=0
DMA IRQ c3=0
SELECT busy=5186
SELECT w0=5178
SELECT w1=3049
SELECT w2=3014
BUSY TASK ewma=997
DMA IRQ c0=0
DMA IRQ c1=2
DMA IRQ c2=0
DMA IRQ c3=0
SELECT busy=5227
SELECT w0=5220
SELECT w1=3069
SELECT w2=3036
BUSY TASK ewma=997
DMA IRQ c0=0
DMA IRQ c1=2
DMA IRQ c2=0
DMA IRQ c3=0
SELECT busy=5269
SELECT w0=5262
SELECT w1=3087
SELECT w2=3059
BUSY TASK ewma=997
DMA IRQ c0=0
DMA IRQ c1=2
DMA IRQ c2=0
DMA IRQ c3=0
SELECT busy=5291
SELECT w0=5284
SELECT w1=3098
SELECT w2=3070
BUSY TASK ewma=997
DMA IRQ c0=0
DMA IRQ c1=2
DMA IRQ c2=0
DMA IRQ c3=0
SELECT busy=5314
SELECT w0=5306
SELECT w1=3107
SELECT w2=3087
BUSY TASK ewma=997
DMA IRQ c0=0
DMA IRQ c1=2
DMA IRQ c2=0
DMA IRQ c3=0
SELECT busy=5330
SELECT w0=5323
SELECT w1=3117
SELECT w2=3107
BUSY TASK ewma=997
DMA IRQ c0=0
DMA IRQ c1=2
DMA IRQ c2=0
DMA IRQ c3=0
SELECT busy=5360
SELECT w0=5353
SELECT w1=3131
SELECT w2=3126
BUSY TASK ewma=997
DMA IRQ c0=0
DMA IRQ c1=2
DMA IRQ c2=0
DMA IRQ c3=0
SELECT busy=5376
SELECT w0=5369
SELECT w1=3139
SELECT w2=3140
BUSY TASK ewma=997
DMA IRQ c0=0
DMA IRQ c1=2
DMA IRQ c2=0
DMA IRQ c3=0
SELECT busy=5407
SELECT w0=5403
SELECT w1=3151
SELECT w2=3159
BUSY TASK ewma=997
DMA IRQ c0=0
DMA IRQ c1=2
DMA IRQ c2=0
DMA IRQ c3=0
SELECT busy=5433
SELECT w0=5425
SELECT w1=3162
SELECT w2=3171
BUSY TASK ewma=997
DMA IRQ c0=0
DMA IRQ c1=2
DMA IRQ c2=0
DMA IRQ c3=0
SELECT busy=5453
SELECT w0=5445
SELECT w1=3167
SELECT w2=3177
BUSY TASK ewma=997
DMA IRQ c0=0
DMA IRQ c1=2
DMA IRQ c2=0
DMA IRQ c3=0
SELECT busy=5472
SELECT w0=5465
SELECT w1=3177
SELECT w2=3193
BUSY TASK ewma=997
DMA IRQ c0=0
DMA IRQ c1=2
DMA IRQ c2=0
DMA IRQ c3=0
SELECT busy=5496
SELECT w0=5489
SELECT w1=3191
SELECT w2=3207
BUSY TASK ewma=997
DMA IRQ c0=0
DMA IRQ c1=2
DMA IRQ c2=0
DMA IRQ c3=0
SELECT busy=5521
SELECT w0=5514
SELECT w1=3203
SELECT w2=3221
BUSY TASK ewma=997
DMA IRQ c0=0
DMA IRQ c1=2
DMA IRQ c2=0
DMA IRQ c3=0
SELECT busy=5547
SELECT w0=5540
SELECT w1=3215
SELECT w2=3236
BUSY TASK ewma=997
DMA IRQ c0=0
DMA IRQ c1=2
DMA IRQ c2=0
DMA IRQ c3=0
SELECT busy=5578
SELECT w0=5570
SELECT w1=3227
SELECT w2=3258
BUSY TASK ewma=997
DMA IRQ c0=0
DMA IRQ c1=2
DMA IRQ c2=0
DMA IRQ c3=0
SELECT busy=5595
SELECT w0=5588
SELECT w1=3236
SELECT w2=3269
BUSY TASK ewma=997
DMA IRQ c0=0
DMA IRQ c1=2
DMA IRQ c2=0
DMA IRQ c3=0
SELECT busy=5619
SELECT w0=5611
SELECT w1=3244
SELECT w2=3280
BUSY TASK ewma=997
DMA IRQ c0=0
DMA IRQ c1=2
DMA IRQ c2=0
DMA IRQ c3=0
SELECT busy=5645
SELECT w0=5637
SELECT w1=3255
SELECT w2=3301
BUSY TASK ewma=997
DMA IRQ c0=0
DMA IRQ c1=2
DMA IRQ c2=0
DMA IRQ c3=0
SELECT busy=5666
SELECT w0=5659
SELECT w1=3264
SELECT w2=3316
BUSY TASK ewma=997
DMA IRQ c0=0
DMA IRQ c1=2
DMA IRQ c2=0
DMA IRQ c3=0
SELECT busy=5689
SELECT w0=5682
SELECT w1=3277
SELECT w2=3329
BUSY TASK ewma=997
DMA IRQ c0=0
DMA IRQ c1=2
DMA IRQ c2=0
DMA IRQ c3=0
SELECT busy=5714
SELECT w0=5706
SELECT w1=3287
SELECT w2=3342
BUSY TASK ewma=997
DMA IRQ c0=0
DMA IRQ c1=2
DMA IRQ c2=0
DMA IRQ c3=0
SELECT busy=5732
SELECT w0=5724
SELECT w1=3295
SELECT w2=3351
BUSY TASK ewma=997
DMA IRQ c0=0
DMA IRQ c1=2
DMA IRQ c2=0
DMA IRQ c3=0
SELECT busy=5754
SELECT w0=5747
SELECT w1=3304
SELECT w2=3362
BUSY TASK ewma=997
DMA IRQ c0=0
DMA IRQ c1=2
DMA IRQ c2=0
DMA IRQ c3=0
SELECT busy=5777
SELECT w0=5770
SELECT w1=3316
SELECT w2=3378
BUSY TASK ewma=997
DMA IRQ c0=0
DMA IRQ c1=2
DMA IRQ c2=0
DMA IRQ c3=0
SELECT busy=5799
SELECT w0=5791
SELECT w1=3326
SELECT w2=3392
BUSY TASK ewma=997
DMA IRQ c0=0
DMA IRQ c1=2
DMA IRQ c2=0
DMA IRQ c3=0
SELECT busy=5817
SELECT w0=5809
SELECT w1=3330
SELECT w2=3397
BUSY TASK ewma=997
DMA IRQ c0=0
DMA IRQ c1=2
DMA IRQ c2=0
DMA IRQ c3=0
SELECT busy=5842
SELECT w0=5835
SELECT w1=3342
SELECT w2=3410
BUSY TASK ewma=997
DMA IRQ c0=0
DMA IRQ c1=2
DMA IRQ c2=0
DMA IRQ c3=0
SELECT busy=5860
SELECT w0=5854
SELECT w1=3354
SELECT w2=3426
BUSY TASK ewma=997
DMA IRQ c0=0
DMA IRQ c1=2
DMA IRQ c2=0
DMA IRQ c3=0
SELECT busy=5892
SELECT w0=5884
SELECT w1=3364
SELECT w2=3439
BUSY TASK ewma=997
DMA IRQ c0=0
DMA IRQ c1=2
DMA IRQ c2=0
DMA IRQ c3=0
SELECT busy=5917
SELECT w0=5909
SELECT w1=3374
SELECT w2=3451
BUSY TASK ewma=997
DMA IRQ c0=0
DMA IRQ c1=2
DMA IRQ c2=0
DMA IRQ c3=0
SELECT busy=5937
SELECT w0=5930
SELECT w1=3382
SELECT w2=3462
BUSY TASK ewma=997
DMA IRQ c0=0
DMA IRQ c1=2
DMA IRQ c2=0
DMA IRQ c3=0
SELECT busy=5961
SELECT w0=5954
SELECT w1=3393
SELECT w2=3480
BUSY TASK ewma=997
DMA IRQ c0=0
DMA IRQ c1=2
DMA IRQ c2=0
DMA IRQ c3=0
SELECT busy=5993
SELECT w0=5985
SELECT w1=3405
SELECT w2=3495
BUSY TASK ewma=997
DMA IRQ c0=0
DMA IRQ c1=2
DMA IRQ c2=0
DMA IRQ c3=0
SELECT busy=6018
SELECT w0=6010
SELECT w1=3415
SELECT w2=3507
BUSY TASK ewma=997
DMA IRQ c0=0
DMA IRQ c1=2
DMA IRQ c2=0
DMA IRQ c3=0
SELECT busy=6041
SELECT w0=6034
SELECT w1=3422
SELECT w2=3522
BUSY TASK ewma=997
DMA IRQ c0=0
DMA IRQ c1=2
DMA IRQ c2=0
DMA IRQ c3=0
SELECT busy=6077
SELECT w0=6069
SELECT w1=3436
SELECT w2=3541
BUSY TASK ewma=997
DMA IRQ c0=0
DMA IRQ c1=2
DMA IRQ c2=0
DMA IRQ c3=0
SELECT busy=6096
SELECT w0=6089
SELECT w1=3444
SELECT w2=3550
BUSY TASK ewma=997
DMA IRQ c0=0
DMA IRQ c1=2
DMA IRQ c2=0
DMA IRQ c3=0
SELECT busy=6117
SELECT w0=6109
SELECT w1=3454
SELECT w2=3563
BUSY TASK ewma=997
DMA IRQ c0=0
DMA IRQ c1=2
DMA IRQ c2=0
DMA IRQ c3=0
SELECT busy=6143
SELECT w0=6135
SELECT w1=3464
SELECT w2=3577
BUSY TASK ewma=997
DMA IRQ c0=0
DMA IRQ c1=2
DMA IRQ c2=0
DMA IRQ c3=0
SELECT busy=6171
SELECT w0=6164
SELECT w1=3477
SELECT w2=3594
BUSY TASK ewma=997
DMA IRQ c0=0
DMA IRQ c1=2
DMA IRQ c2=0
DMA IRQ c3=0
SELECT busy=6214
SELECT w0=6208
SELECT w1=3497
SELECT w2=3619
BUSY TASK ewma=997
DMA IRQ c0=0
DMA IRQ c1=2
DMA IRQ c2=0
DMA IRQ c3=0
SELECT busy=6255
SELECT w0=6248
SELECT w1=3512
SELECT w2=3636
BUSY TASK ewma=997
DMA IRQ c0=0
DMA IRQ c1=2
DMA IRQ c2=0
DMA IRQ c3=0
SELECT busy=6280
SELECT w0=6274
SELECT w1=3524
SELECT w2=3651
BUSY TASK ewma=997
DMA IRQ c0=0
DMA IRQ c1=2
DMA IRQ c2=0
DMA IRQ c3=0
SELECT busy=6303
SELECT w0=6296
SELECT w1=3536
SELECT w2=3666
BUSY TASK ewma=997
DMA IRQ c0=0
DMA IRQ c1=2
DMA IRQ c2=0
DMA IRQ c3=0
SELECT busy=6338
SELECT w0=6331
SELECT w1=3552
SELECT w2=3688
BUSY TASK ewma=997
DMA IRQ c0=0
DMA IRQ c1=2
DMA IRQ c2=0
DMA IRQ c3=0
SELECT busy=6356
SELECT w0=6349
SELECT w1=3560
SELECT w2=3699
BUSY TASK ewma=997
DMA IRQ c0=0
DMA IRQ c1=2
DMA IRQ c2=0
DMA IRQ c3=0
SELECT busy=6372
SELECT w0=6365
SELECT w1=3572
SELECT w2=3713
BUSY TASK ewma=997
DMA IRQ c0=0
DMA IRQ c1=2
DMA IRQ c2=0
DMA IRQ c3=0
SELECT busy=6394
SELECT w0=6387
SELECT w1=3584
SELECT w2=3729
BUSY TASK ewma=997
DMA IRQ c0=0
DMA IRQ c1=2
DMA IRQ c2=0
DMA IRQ c3=0
SELECT busy=6407
SELECT w0=6399
SELECT w1=3589
SELECT w2=3736
BUSY TASK ewma=997
DMA IRQ c0=0
DMA IRQ c1=2
DMA IRQ c2=0
DMA IRQ c3=0
SELECT busy=6425
SELECT w0=6418
SELECT w1=3598
SELECT w2=3749
BUSY TASK ewma=997
DMA IRQ c0=0
DMA IRQ c1=2
DMA IRQ c2=0
DMA IRQ c3=0
SELECT busy=6455
SELECT w0=6447
SELECT w1=3608
SELECT w2=3765
BUSY TASK ewma=997
IRQ counts: cpu0=12935 cpu1=14686 cpu2=14865 cpu3=14893
SCHED secondaries: calls=44446 unexpected=0
SECTEST switches=44408 cpu1=142090187,135676831 cpu2=119088292,112618531 cpu3=169473503,164698360
PINGPONG rounds=2000 pongs=2000
DMA IRQ c0=0
DMA IRQ c1=2
DMA IRQ c2=0
DMA IRQ c3=0
SELECT busy=6481
SELECT w0=6473
SELECT w1=3615
SELECT w2=3774
BUSY TASK ewma=997
DMA IRQ c0=0
DMA IRQ c1=2
DMA IRQ c2=0
DMA IRQ c3=0
SELECT busy=6499
SELECT w0=6492
SELECT w1=3621
SELECT w2=3781
BUSY TASK ewma=997
DMA IRQ c0=0
DMA IRQ c1=2
DMA IRQ c2=0
DMA IRQ c3=0
SELECT busy=6528
SELECT w0=6520
SELECT w1=3635
SELECT w2=3799
BUSY TASK ewma=997
DMA IRQ c0=0
DMA IRQ c1=2
DMA IRQ c2=0
DMA IRQ c3=0
SELECT busy=6549
SELECT w0=6541
SELECT w1=3640
SELECT w2=3804
BUSY TASK ewma=997
DMA IRQ c0=0
DMA IRQ c1=2
DMA IRQ c2=0
DMA IRQ c3=0
SELECT busy=6567
SELECT w0=6560
SELECT w1=3652
SELECT w2=3822
BUSY TASK ewma=997
DMA IRQ c0=0
DMA IRQ c1=2
DMA IRQ c2=0
DMA IRQ c3=0
SELECT busy=6592
SELECT w0=6586
SELECT w1=3664
SELECT w2=3837
BUSY TASK ewma=997
DMA IRQ c0=0
DMA IRQ c1=2
DMA IRQ c2=0
DMA IRQ c3=0
SELECT busy=6624
SELECT w0=6617
SELECT w1=3678
SELECT w2=3858
BUSY TASK ewma=997
DMA IRQ c0=0
DMA IRQ c1=2
DMA IRQ c2=0
DMA IRQ c3=0
SELECT busy=6653
SELECT w0=6645
SELECT w1=3692
SELECT w2=3872
BUSY TASK ewma=997
DMA IRQ c0=0
DMA IRQ c1=2
DMA IRQ c2=0
DMA IRQ c3=0
SELECT busy=6690
SELECT w0=6683
SELECT w1=3708
SELECT w2=3895
BUSY TASK ewma=997
DMA IRQ c0=0
DMA IRQ c1=2
DMA IRQ c2=0
DMA IRQ c3=0
SELECT busy=6737
SELECT w0=6729
SELECT w1=3728
SELECT w2=3922
BUSY TASK ewma=997
DMA IRQ c0=0
DMA IRQ c1=2
DMA IRQ c2=0
DMA IRQ c3=0
SELECT busy=6766
SELECT w0=6759
SELECT w1=3748
SELECT w2=3942
BUSY TASK ewma=997
DMA IRQ c0=0
DMA IRQ c1=2
DMA IRQ c2=0
DMA IRQ c3=0
SELECT busy=6790
SELECT w0=6783
SELECT w1=3761
SELECT w2=3956
BUSY TASK ewma=997
DMA IRQ c0=0
DMA IRQ c1=2
DMA IRQ c2=0
DMA IRQ c3=0
SELECT busy=6830
SELECT w0=6823
SELECT w1=3792
SELECT w2=3984
BUSY TASK ewma=997
DMA IRQ c0=0
DMA IRQ c1=2
DMA IRQ c2=0
DMA IRQ c3=0
SELECT busy=6866
SELECT w0=6858
SELECT w1=3809
SELECT w2=4000
BUSY TASK ewma=997
DMA IRQ c0=0
DMA IRQ c1=2
DMA IRQ c2=0
DMA IRQ c3=0
SELECT busy=6884
SELECT w0=6877
SELECT w1=3818
SELECT w2=4009
BUSY TASK ewma=997
DMA IRQ c0=0
DMA IRQ c1=2
DMA IRQ c2=0
DMA IRQ c3=0
SELECT busy=6898
SELECT w0=6890
SELECT w1=3824
SELECT w2=4015
BUSY TASK ewma=997
DMA IRQ c0=0
DMA IRQ c1=2
DMA IRQ c2=0
DMA IRQ c3=0
SELECT busy=6915
SELECT w0=6907
SELECT w1=3829
SELECT w2=4022
BUSY TASK ewma=997
DMA IRQ c0=0
DMA IRQ c1=2
DMA IRQ c2=0
DMA IRQ c3=0
SELECT busy=6932
SELECT w0=6925
SELECT w1=3834
SELECT w2=4028
BUSY TASK ewma=997
DMA IRQ c0=0
DMA IRQ c1=2
DMA IRQ c2=0
DMA IRQ c3=0
SELECT busy=6956
SELECT w0=6949
SELECT w1=3844
SELECT w2=4041
BUSY TASK ewma=997
DMA IRQ c0=0
DMA IRQ c1=2
DMA IRQ c2=0
DMA IRQ c3=0
SELECT busy=6978
SELECT w0=6972
SELECT w1=3854
SELECT w2=4054
BUSY TASK ewma=997
DMA IRQ c0=0
DMA IRQ c1=2
DMA IRQ c2=0
DMA IRQ c3=0
SELECT busy=6998
SELECT w0=6990
SELECT w1=3861
SELECT w2=4063
BUSY TASK ewma=997
DMA IRQ c0=0
DMA IRQ c1=2
DMA IRQ c2=0
DMA IRQ c3=0
SELECT busy=7020
SELECT w0=7014
SELECT w1=3872
SELECT w2=4076
BUSY TASK ewma=997
DMA IRQ c0=0
DMA IRQ c1=2
DMA IRQ c2=0
DMA IRQ c3=0
SELECT busy=7040
SELECT w0=7032
SELECT w1=3877
SELECT w2=4083
BUSY TASK ewma=997
DMA IRQ c0=0
DMA IRQ c1=2
DMA IRQ c2=0
DMA IRQ c3=0
SELECT busy=7058
SELECT w0=7050
SELECT w1=3883
SELECT w2=4091
BUSY TASK ewma=997
DMA IRQ c0=0
DMA IRQ c1=2
DMA IRQ c2=0
DMA IRQ c3=0
SELECT busy=7078
SELECT w0=7070
SELECT w1=3890
SELECT w2=4101
BUSY TASK ewma=997
DMA IRQ c0=0
DMA IRQ c1=2
DMA IRQ c2=0
DMA IRQ c3=0
SELECT busy=7096
SELECT w0=7089
SELECT w1=3899
SELECT w2=4113
BUSY TASK ewma=997
DMA IRQ c0=0
DMA IRQ c1=2
DMA IRQ c2=0
DMA IRQ c3=0
SELECT busy=7119
SELECT w0=7111
SELECT w1=3910
SELECT w2=4126
BUSY TASK ewma=997
DMA IRQ c0=0
DMA IRQ c1=2
DMA IRQ c2=0
DMA IRQ c3=0
SELECT busy=7147
SELECT w0=7139
SELECT w1=3921
SELECT w2=4141
BUSY TASK ewma=997
DMA IRQ c0=0
DMA IRQ c1=2
DMA IRQ c2=0
DMA IRQ c3=0
SELECT busy=7171
SELECT w0=7164
SELECT w1=3934
SELECT w2=4163
BUSY TASK ewma=997
DMA IRQ c0=0
DMA IRQ c1=2
DMA IRQ c2=0
DMA IRQ c3=0
SELECT busy=7196
SELECT w0=7192
SELECT w1=3949
SELECT w2=4184
BUSY TASK ewma=997
DMA IRQ c0=0
DMA IRQ c1=2
DMA IRQ c2=0
DMA IRQ c3=0
SELECT busy=7222
SELECT w0=7214
SELECT w1=3961
SELECT w2=4198
BUSY TASK ewma=997
DMA IRQ c0=0
DMA IRQ c1=2
DMA IRQ c2=0
DMA IRQ c3=0
SELECT busy=7246
SELECT w0=7238
SELECT w1=3972
SELECT w2=4215
BUSY TASK ewma=997
DMA IRQ c0=0
DMA IRQ c1=2
DMA IRQ c2=0
DMA IRQ c3=0
SELECT busy=7280
SELECT w0=7272
SELECT w1=3984
SELECT w2=4231
BUSY TASK ewma=997
DMA IRQ c0=0
DMA IRQ c1=2
DMA IRQ c2=0
DMA IRQ c3=0
SELECT busy=7313
SELECT w0=7306
SELECT w1=3998
SELECT w2=4249
BUSY TASK ewma=997
DMA IRQ c0=0
DMA IRQ c1=2
DMA IRQ c2=0
DMA IRQ c3=0
SELECT busy=7347
SELECT w0=7340
SELECT w1=4012
SELECT w2=4267
BUSY TASK ewma=997
DMA IRQ c0=0
DMA IRQ c1=2
DMA IRQ c2=0
DMA IRQ c3=0
SELECT busy=7370
SELECT w0=7363
SELECT w1=4022
SELECT w2=4284
BUSY TASK ewma=997
DMA IRQ c0=0
DMA IRQ c1=2
DMA IRQ c2=0
DMA IRQ c3=0
SELECT busy=7398
SELECT w0=7391
SELECT w1=4036
SELECT w2=4300
BUSY TASK ewma=997
DMA IRQ c0=0
DMA IRQ c1=2
DMA IRQ c2=0
DMA IRQ c3=0
SELECT busy=7421
SELECT w0=7415
SELECT w1=4047
SELECT w2=4315
BUSY TASK ewma=997
DMA IRQ c0=0
DMA IRQ c1=2
DMA IRQ c2=0
DMA IRQ c3=0
SELECT busy=7446
SELECT w0=7439
SELECT w1=4060
SELECT w2=4335
BUSY TASK ewma=997
DMA IRQ c0=0
DMA IRQ c1=2
DMA IRQ c2=0
DMA IRQ c3=0
SELECT busy=7463
SELECT w0=7455
SELECT w1=4070
SELECT w2=4345
BUSY TASK ewma=997
DMA IRQ c0=0
DMA IRQ c1=2
DMA IRQ c2=0
DMA IRQ c3=0
SELECT busy=7479
SELECT w0=7471
SELECT w1=4079
SELECT w2=4360
BUSY TASK ewma=997
DMA IRQ c0=0
DMA IRQ c1=2
DMA IRQ c2=0
DMA IRQ c3=0
SELECT busy=7507
SELECT w0=7499
SELECT w1=4086
SELECT w2=4368
BUSY TASK ewma=997
DMA IRQ c0=0
DMA IRQ c1=2
DMA IRQ c2=0
DMA IRQ c3=0
SELECT busy=7532
SELECT w0=7524
SELECT w1=4095
SELECT w2=4378
BUSY TASK ewma=997
DMA IRQ c0=0
DMA IRQ c1=2
DMA IRQ c2=0
DMA IRQ c3=0
SELECT busy=7550
SELECT w0=7543
SELECT w1=4104
SELECT w2=4394
BUSY TASK ewma=997
DMA IRQ c0=0
DMA IRQ c1=2
DMA IRQ c2=0
DMA IRQ c3=0
SELECT busy=7569
SELECT w0=7561
SELECT w1=4111
SELECT w2=4403
BUSY TASK ewma=997
DMA IRQ c0=0
DMA IRQ c1=2
DMA IRQ c2=0
DMA IRQ c3=0
SELECT busy=7594
SELECT w0=7586
SELECT w1=4121
SELECT w2=4418
BUSY TASK ewma=997
DMA IRQ c0=0
DMA IRQ c1=2
DMA IRQ c2=0
DMA IRQ c3=0
SELECT busy=7618
SELECT w0=7613
SELECT w1=4134
SELECT w2=4440
BUSY TASK ewma=997
DMA IRQ c0=0
DMA IRQ c1=2
DMA IRQ c2=0
DMA IRQ c3=0
SELECT busy=7647
SELECT w0=7639
SELECT w1=4147
SELECT w2=4458
BUSY TASK ewma=997
DMA IRQ c0=0
DMA IRQ c1=2
DMA IRQ c2=0
DMA IRQ c3=0
SELECT busy=7680
SELECT w0=7673
SELECT w1=4164
SELECT w2=4489
BUSY TASK ewma=997
DMA IRQ c0=0
DMA IRQ c1=2
DMA IRQ c2=0
DMA IRQ c3=0
SELECT busy=7699
SELECT w0=7692
SELECT w1=4173
SELECT w2=4499
BUSY TASK ewma=997
DMA IRQ c0=0
DMA IRQ c1=2
DMA IRQ c2=0
DMA IRQ c3=0
SELECT busy=7714
SELECT w0=7707
SELECT w1=4179
SELECT w2=4511
BUSY TASK ewma=997
DMA IRQ c0=0
DMA IRQ c1=2
DMA IRQ c2=0
DMA IRQ c3=0
SELECT busy=7733
SELECT w0=7726
SELECT w1=4190
SELECT w2=4524
BUSY TASK ewma=997
DMA IRQ c0=0
DMA IRQ c1=2
DMA IRQ c2=0
DMA IRQ c3=0
SELECT busy=7776
SELECT w0=7770
SELECT w1=4211
SELECT w2=4551
BUSY TASK ewma=997
DMA IRQ c0=0
DMA IRQ c1=2
DMA IRQ c2=0
DMA IRQ c3=0
SELECT busy=7796
SELECT w0=7789
SELECT w1=4217
SELECT w2=4559
BUSY TASK ewma=997
DMA IRQ c0=0
DMA IRQ c1=2
DMA IRQ c2=0
DMA IRQ c3=0
SELECT busy=7827
SELECT w0=7820
SELECT w1=4232
SELECT w2=4575
BUSY TASK ewma=997
DMA IRQ c0=0
DMA IRQ c1=2
DMA IRQ c2=0
DMA IRQ c3=0
SELECT busy=7854
SELECT w0=7846
SELECT w1=4241
SELECT w2=4585
BUSY TASK ewma=997
DMA IRQ c0=0
DMA IRQ c1=2
DMA IRQ c2=0
DMA IRQ c3=0
SELECT busy=7880
SELECT w0=7872
SELECT w1=4252
SELECT w2=4601
BUSY TASK ewma=997
DMA IRQ c0=0
DMA IRQ c1=2
DMA IRQ c2=0
DMA IRQ c3=0
SELECT busy=7901
SELECT w0=7894
SELECT w1=4271
SELECT w2=4615
BUSY TASK ewma=997
DMA IRQ c0=0
DMA IRQ c1=2
DMA IRQ c2=0
DMA IRQ c3=0
SELECT busy=7921
SELECT w0=7913
SELECT w1=4280
SELECT w2=4622
BUSY TASK ewma=997
DMA IRQ c0=0
DMA IRQ c1=2
DMA IRQ c2=0
DMA IRQ c3=0
SELECT busy=7941
SELECT w0=7934
SELECT w1=4292
SELECT w2=4635
BUSY TASK ewma=997
DMA IRQ c0=0
DMA IRQ c1=2
DMA IRQ c2=0
DMA IRQ c3=0
SELECT busy=7965
SELECT w0=7958
SELECT w1=4309
SELECT w2=4649
BUSY TASK ewma=997
DMA IRQ c0=0
DMA IRQ c1=2
DMA IRQ c2=0
DMA IRQ c3=0
SELECT busy=7989
SELECT w0=7982
SELECT w1=4322
SELECT w2=4666
BUSY TASK ewma=997
DMA IRQ c0=0
DMA IRQ c1=2
DMA IRQ c2=0
DMA IRQ c3=0
SELECT busy=8013
SELECT w0=8006
SELECT w1=4337
SELECT w2=4685
BUSY TASK ewma=997
DMA IRQ c0=0
DMA IRQ c1=2
DMA IRQ c2=0
DMA IRQ c3=0
SELECT busy=8042
SELECT w0=8035
SELECT w1=4351
SELECT w2=4701
BUSY TASK ewma=997
IRQ counts: cpu0=16115 cpu1=18432 cpu2=18630 cpu3=18794
SCHED secondaries: calls=55875 unexpected=0
SECTEST switches=55852 cpu1=176816107,170410986 cpu2=154588106,146956977 cpu3=218675804,211874112
PINGPONG rounds=2000 pongs=2000
DMA IRQ c0=0
DMA IRQ c1=2
DMA IRQ c2=0
DMA IRQ c3=0
SELECT busy=8084
SELECT w0=8077
SELECT w1=4373
SELECT w2=4731
BUSY TASK ewma=997
DMA IRQ c0=0
DMA IRQ c1=2
DMA IRQ c2=0
DMA IRQ c3=0
SELECT busy=8115
SELECT w0=8107
SELECT w1=4384
SELECT w2=4745
BUSY TASK ewma=997
DMA IRQ c0=0
DMA IRQ c1=2
DMA IRQ c2=0
DMA IRQ c3=0
SELECT busy=8134
SELECT w0=8127
SELECT w1=4395
SELECT w2=4757
BUSY TASK ewma=997
DMA IRQ c0=0
DMA IRQ c1=2
DMA IRQ c2=0
DMA IRQ c3=0
SELECT busy=8159
SELECT w0=8152
SELECT w1=4408
SELECT w2=4771
BUSY TASK ewma=997
DMA IRQ c0=0
DMA IRQ c1=2
DMA IRQ c2=0
DMA IRQ c3=0
SELECT busy=8180
SELECT w0=8173
SELECT w1=4418
SELECT w2=4784
BUSY TASK ewma=997
DMA IRQ c0=0
DMA IRQ c1=2
DMA IRQ c2=0
DMA IRQ c3=0
SELECT busy=8212
SELECT w0=8208
SELECT w1=4438
SELECT w2=4806
BUSY TASK ewma=997
DMA IRQ c0=0
DMA IRQ c1=2
DMA IRQ c2=0
DMA IRQ c3=0
SELECT busy=8245
SELECT w0=8238
SELECT w1=4459
SELECT w2=4827
BUSY TASK ewma=997
DMA IRQ c0=0
DMA IRQ c1=2
DMA IRQ c2=0
DMA IRQ c3=0
SELECT busy=8268
SELECT w0=8260
SELECT w1=4468
SELECT w2=4836
BUSY TASK ewma=997
DMA IRQ c0=0
DMA IRQ c1=2
DMA IRQ c2=0
DMA IRQ c3=0
SELECT busy=8291
SELECT w0=8283
SELECT w1=4478
SELECT w2=4854
BUSY TASK ewma=997
DMA IRQ c0=0
DMA IRQ c1=2
DMA IRQ c2=0
DMA IRQ c3=0
SELECT busy=8316
SELECT w0=8308
SELECT w1=4488
SELECT w2=4869
BUSY TASK ewma=997
DMA IRQ c0=0
DMA IRQ c1=2
DMA IRQ c2=0
DMA IRQ c3=0
SELECT busy=8342
SELECT w0=8335
SELECT w1=4504
SELECT w2=4887
BUSY TASK ewma=997
DMA IRQ c0=0
DMA IRQ c1=2
DMA IRQ c2=0
DMA IRQ c3=0
SELECT busy=8359
SELECT w0=8352
SELECT w1=4509
SELECT w2=4893
BUSY TASK ewma=997
DMA IRQ c0=0
DMA IRQ c1=2
DMA IRQ c2=0
DMA IRQ c3=0
SELECT busy=8379
SELECT w0=8372
SELECT w1=4514
SELECT w2=4898
BUSY TASK ewma=997
DMA IRQ c0=0
DMA IRQ c1=2
DMA IRQ c2=0
DMA IRQ c3=0
SELECT busy=8400
SELECT w0=8395
SELECT w1=4523
SELECT w2=4910
BUSY TASK ewma=997
DMA IRQ c0=0
DMA IRQ c1=2
DMA IRQ c2=0
DMA IRQ c3=0
SELECT busy=8432
SELECT w0=8425
SELECT w1=4533
SELECT w2=4927
BUSY TASK ewma=997
DMA IRQ c0=0
DMA IRQ c1=2
DMA IRQ c2=0
DMA IRQ c3=0
SELECT busy=8459
SELECT w0=8453
SELECT w1=4548
SELECT w2=4944
BUSY TASK ewma=997
DMA IRQ c0=0
DMA IRQ c1=2
DMA IRQ c2=0
DMA IRQ c3=0
SELECT busy=8483
SELECT w0=8476
SELECT w1=4565
SELECT w2=4966
BUSY TASK ewma=997
DMA IRQ c0=0
DMA IRQ c1=2
DMA IRQ c2=0
DMA IRQ c3=0
SELECT busy=8518
SELECT w0=8511
SELECT w1=4585
SELECT w2=4986
BUSY TASK ewma=997
DMA IRQ c0=0
DMA IRQ c1=2
DMA IRQ c2=0
DMA IRQ c3=0
SELECT busy=8538
SELECT w0=8531
SELECT w1=4599
SELECT w2=4998
BUSY TASK ewma=997
DMA IRQ c0=0
DMA IRQ c1=2
DMA IRQ c2=0
DMA IRQ c3=0
SELECT busy=8565
SELECT w0=8559
SELECT w1=4613
SELECT w2=5016
BUSY TASK ewma=997
DMA IRQ c0=0
DMA IRQ c1=2
DMA IRQ c2=0
DMA IRQ c3=0
SELECT busy=8597
SELECT w0=8589
SELECT w1=4625
SELECT w2=5034
BUSY TASK ewma=997
DMA IRQ c0=0
DMA IRQ c1=2
DMA IRQ c2=0
DMA IRQ c3=0
SELECT busy=8619
SELECT w0=8612
SELECT w1=4636
SELECT w2=5046
qemu-system-aarch64: terminating on signal 15 from pid 207676 (timeout)
