P4 M7: full integration test boot OK
CPU0: MPIDR_EL1=0x0000000080000000
CPU0: psci_cpu_on target=1 rc=0
CPU1: alive, MPIDR_EL1=0x0000000080000001 this_cpu()->cpu_id=1
CPU0: psci_cpu_on target=2 rc=0
CPU2: alive, MPIDR_EL1=0x0000000080000002 this_cpu()->cpu_id=2
CPU0: psci_cpu_on target=3 rc=0
CPU3: alive, MPIDR_EL1=0x0000000080000003 this_cpu()->cpu_id=3
CPUs online: 4
DMA IRQ target cpu=1
D2b: worker 2 runs on CPU2
D2b: worker 1 runs on CPU1
D2b: worker 0 runs on CPU0
P4 M7: worker submitted cmd_id=2
P4 M7: worker submitted cmd_id=1
P4 M7: worker submitted cmd_id=3
BUSY TASK ewma=992
DMA IRQ c0=0
DMA IRQ c1=0
DMA IRQ c2=0
DMA IRQ c3=0
SELECT busy=25
SELECT w0=3
SELECT w1=4
SELECT w2=5
P4 M7: worker DATA OK, cmd_id=1
P4 M7: worker DATA OK, cmd_id=2
P4 M7: worker DATA OK, cmd_id=3
WORKER ewma=831
WORKER ewma=831
WORKER ewma=759
BUSY TASK ewma=997
DMA IRQ c0=0
DMA IRQ c1=2
DMA IRQ c2=0
DMA IRQ c3=0
SELECT busy=43
SELECT w0=31
SELECT w1=45
SELECT w2=40
BUSY TASK ewma=997
DMA IRQ c0=0
DMA IRQ c1=2
DMA IRQ c2=0
DMA IRQ c3=0
SELECT busy=66
SELECT w0=55
SELECT w1=66
SELECT w2=62
BUSY TASK ewma=997
DMA IRQ c0=0
DMA IRQ c1=2
DMA IRQ c2=0
DMA IRQ c3=0
SELECT busy=94
SELECT w0=85
SELECT w1=88
SELECT w2=77
BUSY TASK ewma=997
DMA IRQ c0=0
DMA IRQ c1=2
DMA IRQ c2=0
DMA IRQ c3=0
SELECT busy=122
SELECT w0=113
SELECT w1=108
SELECT w2=90
BUSY TASK ewma=997
DMA IRQ c0=0
DMA IRQ c1=2
DMA IRQ c2=0
DMA IRQ c3=0
SELECT busy=147
SELECT w0=136
SELECT w1=126
SELECT w2=103
BUSY TASK ewma=997
DMA IRQ c0=0
DMA IRQ c1=2
DMA IRQ c2=0
DMA IRQ c3=0
SELECT busy=167
SELECT w0=159
SELECT w1=144
SELECT w2=113
BUSY TASK ewma=997
DMA IRQ c0=0
DMA IRQ c1=2
DMA IRQ c2=0
DMA IRQ c3=0
SELECT busy=194
SELECT w0=184
SELECT w1=162
SELECT w2=129
BUSY TASK ewma=997
DMA IRQ c0=0
DMA IRQ c1=2
DMA IRQ c2=0
DMA IRQ c3=0
SELECT busy=217
SELECT w0=207
SELECT w1=176
SELECT w2=141
BUSY TASK ewma=997
DMA IRQ c0=0
DMA IRQ c1=2
DMA IRQ c2=0
DMA IRQ c3=0
SELECT busy=239
SELECT w0=227
SELECT w1=185
SELECT w2=151
BUSY TASK ewma=997
DMA IRQ c0=0
DMA IRQ c1=2
DMA IRQ c2=0
DMA IRQ c3=0
SELECT busy=257
SELECT w0=246
SELECT w1=193
SELECT w2=160
BUSY TASK ewma=997
DMA IRQ c0=0
DMA IRQ c1=2
DMA IRQ c2=0
DMA IRQ c3=0
SELECT busy=287
SELECT w0=276
SELECT w1=211
SELECT w2=191
BUSY TASK ewma=997
DMA IRQ c0=0
DMA IRQ c1=2
DMA IRQ c2=0
DMA IRQ c3=0
SELECT busy=306
SELECT w0=295
SELECT w1=224
SELECT w2=205
BUSY TASK ewma=997
DMA IRQ c0=0
DMA IRQ c1=2
DMA IRQ c2=0
DMA IRQ c3=0
SELECT busy=327
SELECT w0=316
SELECT w1=234
SELECT w2=214
BUSY TASK ewma=997
DMA IRQ c0=0
DMA IRQ c1=2
DMA IRQ c2=0
DMA IRQ c3=0
SELECT busy=353
SELECT w0=341
SELECT w1=248
SELECT w2=229
BUSY TASK ewma=997
DMA IRQ c0=0
DMA IRQ c1=2
DMA IRQ c2=0
DMA IRQ c3=0
SELECT busy=374
SELECT w0=362
SELECT w1=257
SELECT w2=238
BUSY TASK ewma=997
DMA IRQ c0=0
DMA IRQ c1=2
DMA IRQ c2=0
DMA IRQ c3=0
SELECT busy=399
SELECT w0=387
SELECT w1=271
SELECT w2=258
BUSY TASK ewma=997
DMA IRQ c0=0
DMA IRQ c1=2
DMA IRQ c2=0
DMA IRQ c3=0
SELECT busy=422
SELECT w0=410
SELECT w1=279
SELECT w2=265
BUSY TASK ewma=997
DMA IRQ c0=0
DMA IRQ c1=2
DMA IRQ c2=0
DMA IRQ c3=0
SELECT busy=450
SELECT w0=439
SELECT w1=295
SELECT w2=280
BUSY TASK ewma=997
DMA IRQ c0=0
DMA IRQ c1=2
DMA IRQ c2=0
DMA IRQ c3=0
SELECT busy=469
SELECT w0=457
SELECT w1=305
SELECT w2=289
BUSY TASK ewma=997
DMA IRQ c0=0
DMA IRQ c1=2
DMA IRQ c2=0
DMA IRQ c3=0
SELECT busy=489
SELECT w0=477
SELECT w1=314
SELECT w2=298
BUSY TASK ewma=997
DMA IRQ c0=0
DMA IRQ c1=2
DMA IRQ c2=0
DMA IRQ c3=0
SELECT busy=511
SELECT w0=501
SELECT w1=331
SELECT w2=314
BUSY TASK ewma=997
DMA IRQ c0=0
DMA IRQ c1=2
DMA IRQ c2=0
DMA IRQ c3=0
SELECT busy=536
SELECT w0=525
SELECT w1=356
SELECT w2=331
BUSY TASK ewma=997
DMA IRQ c0=0
DMA IRQ c1=2
DMA IRQ c2=0
DMA IRQ c3=0
SELECT busy=552
SELECT w0=540
SELECT w1=362
SELECT w2=336
BUSY TASK ewma=997
DMA IRQ c0=0
DMA IRQ c1=2
DMA IRQ c2=0
DMA IRQ c3=0
SELECT busy=572
SELECT w0=560
SELECT w1=374
SELECT w2=347
BUSY TASK ewma=997
DMA IRQ c0=0
DMA IRQ c1=2
DMA IRQ c2=0
DMA IRQ c3=0
SELECT busy=592
SELECT w0=581
SELECT w1=388
SELECT w2=363
BUSY TASK ewma=997
DMA IRQ c0=0
DMA IRQ c1=2
DMA IRQ c2=0
DMA IRQ c3=0
SELECT busy=617
SELECT w0=606
SELECT w1=401
SELECT w2=380
BUSY TASK ewma=997
DMA IRQ c0=0
DMA IRQ c1=2
DMA IRQ c2=0
DMA IRQ c3=0
SELECT busy=637
SELECT w0=626
SELECT w1=411
SELECT w2=389
BUSY TASK ewma=997
DMA IRQ c0=0
DMA IRQ c1=2
DMA IRQ c2=0
DMA IRQ c3=0
SELECT busy=659
SELECT w0=648
SELECT w1=426
SELECT w2=403
BUSY TASK ewma=997
DMA IRQ c0=0
DMA IRQ c1=2
DMA IRQ c2=0
DMA IRQ c3=0
SELECT busy=685
SELECT w0=674
SELECT w1=442
SELECT w2=420
BUSY TASK ewma=997
DMA IRQ c0=0
DMA IRQ c1=2
DMA IRQ c2=0
DMA IRQ c3=0
SELECT busy=704
SELECT w0=692
SELECT w1=451
SELECT w2=428
BUSY TASK ewma=997
DMA IRQ c0=0
DMA IRQ c1=2
DMA IRQ c2=0
DMA IRQ c3=0
SELECT busy=721
SELECT w0=710
SELECT w1=459
SELECT w2=436
BUSY TASK ewma=997
DMA IRQ c0=0
DMA IRQ c1=2
DMA IRQ c2=0
DMA IRQ c3=0
SELECT busy=745
SELECT w0=734
SELECT w1=473
SELECT w2=452
BUSY TASK ewma=997
DMA IRQ c0=0
DMA IRQ c1=2
DMA IRQ c2=0
DMA IRQ c3=0
SELECT busy=765
SELECT w0=753
SELECT w1=487
SELECT w2=462
BUSY TASK ewma=997
DMA IRQ c0=0
DMA IRQ c1=2
DMA IRQ c2=0
DMA IRQ c3=0
SELECT busy=784
SELECT w0=774
SELECT w1=501
SELECT w2=474
BUSY TASK ewma=997
DMA IRQ c0=0
DMA IRQ c1=2
DMA IRQ c2=0
DMA IRQ c3=0
SELECT busy=809
SELECT w0=798
SELECT w1=512
SELECT w2=487
BUSY TASK ewma=997
DMA IRQ c0=0
DMA IRQ c1=2
DMA IRQ c2=0
DMA IRQ c3=0
SELECT busy=827
SELECT w0=816
SELECT w1=522
SELECT w2=499
BUSY TASK ewma=997
DMA IRQ c0=0
DMA IRQ c1=2
DMA IRQ c2=0
DMA IRQ c3=0
SELECT busy=848
SELECT w0=837
SELECT w1=534
SELECT w2=516
BUSY TASK ewma=997
DMA IRQ c0=0
DMA IRQ c1=2
DMA IRQ c2=0
DMA IRQ c3=0
SELECT busy=876
SELECT w0=864
SELECT w1=553
SELECT w2=529
BUSY TASK ewma=997
DMA IRQ c0=0
DMA IRQ c1=2
DMA IRQ c2=0
DMA IRQ c3=0
SELECT busy=905
SELECT w0=894
SELECT w1=578
SELECT w2=554
BUSY TASK ewma=997
DMA IRQ c0=0
DMA IRQ c1=2
DMA IRQ c2=0
DMA IRQ c3=0
SELECT busy=933
SELECT w0=923
SELECT w1=593
SELECT w2=568
BUSY TASK ewma=997
DMA IRQ c0=0
DMA IRQ c1=2
DMA IRQ c2=0
DMA IRQ c3=0
SELECT busy=953
SELECT w0=941
SELECT w1=606
SELECT w2=576
BUSY TASK ewma=997
DMA IRQ c0=0
DMA IRQ c1=2
DMA IRQ c2=0
DMA IRQ c3=0
SELECT busy=974
SELECT w0=963
SELECT w1=617
SELECT w2=586
BUSY TASK ewma=997
DMA IRQ c0=0
DMA IRQ c1=2
DMA IRQ c2=0
DMA IRQ c3=0
SELECT busy=1001
SELECT w0=990
SELECT w1=634
SELECT w2=599
BUSY TASK ewma=997
DMA IRQ c0=0
DMA IRQ c1=2
DMA IRQ c2=0
DMA IRQ c3=0
SELECT busy=1035
SELECT w0=1023
SELECT w1=654
SELECT w2=617
BUSY TASK ewma=997
DMA IRQ c0=0
DMA IRQ c1=2
DMA IRQ c2=0
DMA IRQ c3=0
SELECT busy=1063
SELECT w0=1052
SELECT w1=667
SELECT w2=635
BUSY TASK ewma=997
DMA IRQ c0=0
DMA IRQ c1=2
DMA IRQ c2=0
DMA IRQ c3=0
SELECT busy=1098
SELECT w0=1087
SELECT w1=683
SELECT w2=652
BUSY TASK ewma=997
DMA IRQ c0=0
DMA IRQ c1=2
DMA IRQ c2=0
DMA IRQ c3=0
SELECT busy=1126
SELECT w0=1114
SELECT w1=700
SELECT w2=665
BUSY TASK ewma=997
DMA IRQ c0=0
DMA IRQ c1=2
DMA IRQ c2=0
DMA IRQ c3=0
SELECT busy=1149
SELECT w0=1139
SELECT w1=711
SELECT w2=678
BUSY TASK ewma=997
DMA IRQ c0=0
DMA IRQ c1=2
DMA IRQ c2=0
DMA IRQ c3=0
SELECT busy=1178
SELECT w0=1167
SELECT w1=729
SELECT w2=695
BUSY TASK ewma=997
DMA IRQ c0=0
DMA IRQ c1=2
DMA IRQ c2=0
DMA IRQ c3=0
SELECT busy=1207
SELECT w0=1196
SELECT w1=748
SELECT w2=711
BUSY TASK ewma=997
DMA IRQ c0=0
DMA IRQ c1=2
DMA IRQ c2=0
DMA IRQ c3=0
SELECT busy=1237
SELECT w0=1226
SELECT w1=761
SELECT w2=724
BUSY TASK ewma=997
DMA IRQ c0=0
DMA IRQ c1=2
DMA IRQ c2=0
DMA IRQ c3=0
SELECT busy=1258
SELECT w0=1248
SELECT w1=778
SELECT w2=738
BUSY TASK ewma=997
DMA IRQ c0=0
DMA IRQ c1=2
DMA IRQ c2=0
DMA IRQ c3=0
SELECT busy=1287
SELECT w0=1276
SELECT w1=791
SELECT w2=753
BUSY TASK ewma=997
DMA IRQ c0=0
DMA IRQ c1=2
DMA IRQ c2=0
DMA IRQ c3=0
SELECT busy=1319
SELECT w0=1308
SELECT w1=808
SELECT w2=773
BUSY TASK ewma=997
DMA IRQ c0=0
DMA IRQ c1=2
DMA IRQ c2=0
DMA IRQ c3=0
SELECT busy=1345
SELECT w0=1334
SELECT w1=820
SELECT w2=786
BUSY TASK ewma=997
DMA IRQ c0=0
DMA IRQ c1=2
DMA IRQ c2=0
DMA IRQ c3=0
SELECT busy=1369
SELECT w0=1358
SELECT w1=836
SELECT w2=799
BUSY TASK ewma=997
DMA IRQ c0=0
DMA IRQ c1=2
DMA IRQ c2=0
DMA IRQ c3=0
SELECT busy=1399
SELECT w0=1389
SELECT w1=852
SELECT w2=815
BUSY TASK ewma=997
DMA IRQ c0=0
DMA IRQ c1=2
DMA IRQ c2=0
DMA IRQ c3=0
SELECT busy=1432
SELECT w0=1421
SELECT w1=874
SELECT w2=837
BUSY TASK ewma=997
DMA IRQ c0=0
DMA IRQ c1=2
DMA IRQ c2=0
DMA IRQ c3=0
SELECT busy=1458
SELECT w0=1446
SELECT w1=890
SELECT w2=850
BUSY TASK ewma=997
DMA IRQ c0=0
DMA IRQ c1=2
DMA IRQ c2=0
DMA IRQ c3=0
SELECT busy=1483
SELECT w0=1471
SELECT w1=907
SELECT w2=861
BUSY TASK ewma=997
DMA IRQ c0=0
DMA IRQ c1=2
DMA IRQ c2=0
DMA IRQ c3=0
SELECT busy=1502
SELECT w0=1490
SELECT w1=915
SELECT w2=870
BUSY TASK ewma=997
DMA IRQ c0=0
DMA IRQ c1=2
DMA IRQ c2=0
DMA IRQ c3=0
SELECT busy=1520
SELECT w0=1508
SELECT w1=922
SELECT w2=877
BUSY TASK ewma=997
IRQ counts: cpu0=3065 cpu1=3651 cpu2=3537 cpu3=3432
SCHED secondaries: calls=10623 unexpected=0
SECTEST switches=10584 cpu1=38783742,39046950 cpu2=31534052,31338144 cpu3=41557967,39121486
PINGPONG rounds=654 pongs=655
DMA IRQ c0=0
DMA IRQ c1=2
DMA IRQ c2=0
DMA IRQ c3=0
SELECT busy=1547
SELECT w0=1535
SELECT w1=936
SELECT w2=891
BUSY TASK ewma=997
DMA IRQ c0=0
DMA IRQ c1=2
DMA IRQ c2=0
DMA IRQ c3=0
SELECT busy=1571
SELECT w0=1560
SELECT w1=955
SELECT w2=909
BUSY TASK ewma=997
DMA IRQ c0=0
DMA IRQ c1=2
DMA IRQ c2=0
DMA IRQ c3=0
SELECT busy=1600
SELECT w0=1589
SELECT w1=977
SELECT w2=924
BUSY TASK ewma=997
DMA IRQ c0=0
DMA IRQ c1=2
DMA IRQ c2=0
DMA IRQ c3=0
SELECT busy=1617
SELECT w0=1605
SELECT w1=984
SELECT w2=930
BUSY TASK ewma=997
DMA IRQ c0=0
DMA IRQ c1=2
DMA IRQ c2=0
DMA IRQ c3=0
SELECT busy=1638
SELECT w0=1626
SELECT w1=998
SELECT w2=943
BUSY TASK ewma=997
DMA IRQ c0=0
DMA IRQ c1=2
DMA IRQ c2=0
DMA IRQ c3=0
SELECT busy=1657
SELECT w0=1646
SELECT w1=1009
SELECT w2=956
BUSY TASK ewma=997
DMA IRQ c0=0
DMA IRQ c1=2
DMA IRQ c2=0
DMA IRQ c3=0
SELECT busy=1676
SELECT w0=1665
SELECT w1=1022
SELECT w2=966
BUSY TASK ewma=997
DMA IRQ c0=0
DMA IRQ c1=2
DMA IRQ c2=0
DMA IRQ c3=0
SELECT busy=1703
SELECT w0=1691
SELECT w1=1039
SELECT w2=982
BUSY TASK ewma=997
DMA IRQ c0=0
DMA IRQ c1=2
DMA IRQ c2=0
DMA IRQ c3=0
SELECT busy=1726
SELECT w0=1715
SELECT w1=1054
SELECT w2=997
BUSY TASK ewma=997
DMA IRQ c0=0
DMA IRQ c1=2
DMA IRQ c2=0
DMA IRQ c3=0
SELECT busy=1750
SELECT w0=1740
SELECT w1=1070
SELECT w2=1010
BUSY TASK ewma=997
DMA IRQ c0=0
DMA IRQ c1=2
DMA IRQ c2=0
DMA IRQ c3=0
SELECT busy=1775
SELECT w0=1764
SELECT w1=1080
SELECT w2=1021
BUSY TASK ewma=997
DMA IRQ c0=0
DMA IRQ c1=2
DMA IRQ c2=0
DMA IRQ c3=0
SELECT busy=1793
SELECT w0=1783
SELECT w1=1091
SELECT w2=1031
BUSY TASK ewma=997
DMA IRQ c0=0
DMA IRQ c1=2
DMA IRQ c2=0
DMA IRQ c3=0
SELECT busy=1815
SELECT w0=1804
SELECT w1=1097
SELECT w2=1037
BUSY TASK ewma=997
DMA IRQ c0=0
DMA IRQ c1=2
DMA IRQ c2=0
DMA IRQ c3=0
SELECT busy=1834
SELECT w0=1823
SELECT w1=1105
SELECT w2=1045
BUSY TASK ewma=997
DMA IRQ c0=0
DMA IRQ c1=2
DMA IRQ c2=0
DMA IRQ c3=0
SELECT busy=1864
SELECT w0=1853
SELECT w1=1123
SELECT w2=1063
BUSY TASK ewma=997
DMA IRQ c0=0
DMA IRQ c1=2
DMA IRQ c2=0
DMA IRQ c3=0
SELECT busy=1885
SELECT w0=1874
SELECT w1=1136
SELECT w2=1073
BUSY TASK ewma=997
DMA IRQ c0=0
DMA IRQ c1=2
DMA IRQ c2=0
DMA IRQ c3=0
SELECT busy=1908
SELECT w0=1897
SELECT w1=1150
SELECT w2=1087
BUSY TASK ewma=997
DMA IRQ c0=0
DMA IRQ c1=2
DMA IRQ c2=0
DMA IRQ c3=0
SELECT busy=1932
SELECT w0=1921
SELECT w1=1167
SELECT w2=1105
BUSY TASK ewma=997
DMA IRQ c0=0
DMA IRQ c1=2
DMA IRQ c2=0
DMA IRQ c3=0
SELECT busy=1953
SELECT w0=1942
SELECT w1=1179
SELECT w2=1115
BUSY TASK ewma=997
DMA IRQ c0=0
DMA IRQ c1=2
DMA IRQ c2=0
DMA IRQ c3=0
SELECT busy=1974
SELECT w0=1963
SELECT w1=1188
SELECT w2=1124
BUSY TASK ewma=997
DMA IRQ c0=0
DMA IRQ c1=2
DMA IRQ c2=0
DMA IRQ c3=0
SELECT busy=2002
SELECT w0=1991
SELECT w1=1204
SELECT w2=1139
BUSY TASK ewma=997
DMA IRQ c0=0
DMA IRQ c1=2
DMA IRQ c2=0
DMA IRQ c3=0
SELECT busy=2029
SELECT w0=2017
SELECT w1=1219
SELECT w2=1157
BUSY TASK ewma=997
DMA IRQ c0=0
DMA IRQ c1=2
DMA IRQ c2=0
DMA IRQ c3=0
SELECT busy=2050
SELECT w0=2039
SELECT w1=1234
SELECT w2=1170
BUSY TASK ewma=997
DMA IRQ c0=0
DMA IRQ c1=2
DMA IRQ c2=0
DMA IRQ c3=0
SELECT busy=2075
SELECT w0=2064
SELECT w1=1249
SELECT w2=1193
BUSY TASK ewma=997
DMA IRQ c0=0
DMA IRQ c1=2
DMA IRQ c2=0
DMA IRQ c3=0
SELECT busy=2099
SELECT w0=2088
SELECT w1=1264
SELECT w2=1203
BUSY TASK ewma=997
DMA IRQ c0=0
DMA IRQ c1=2
DMA IRQ c2=0
DMA IRQ c3=0
SELECT busy=2127
SELECT w0=2116
SELECT w1=1281
SELECT w2=1220
BUSY TASK ewma=997
DMA IRQ c0=0
DMA IRQ c1=2
DMA IRQ c2=0
DMA IRQ c3=0
SELECT busy=2156
SELECT w0=2145
SELECT w1=1298
SELECT w2=1237
BUSY TASK ewma=997
DMA IRQ c0=0
DMA IRQ c1=2
DMA IRQ c2=0
DMA IRQ c3=0
SELECT busy=2183
SELECT w0=2171
SELECT w1=1312
SELECT w2=1249
BUSY TASK ewma=997
DMA IRQ c0=0
DMA IRQ c1=2
DMA IRQ c2=0
DMA IRQ c3=0
SELECT busy=2203
SELECT w0=2192
SELECT w1=1325
SELECT w2=1259
BUSY TASK ewma=997
DMA IRQ c0=0
DMA IRQ c1=2
DMA IRQ c2=0
DMA IRQ c3=0
SELECT busy=2227
SELECT w0=2216
SELECT w1=1339
SELECT w2=1274
BUSY TASK ewma=997
DMA IRQ c0=0
DMA IRQ c1=2
DMA IRQ c2=0
DMA IRQ c3=0
SELECT busy=2254
SELECT w0=2243
SELECT w1=1361
SELECT w2=1290
BUSY TASK ewma=997
DMA IRQ c0=0
DMA IRQ c1=2
DMA IRQ c2=0
DMA IRQ c3=0
SELECT busy=2277
SELECT w0=2266
SELECT w1=1379
SELECT w2=1305
BUSY TASK ewma=997
DMA IRQ c0=0
DMA IRQ c1=2
DMA IRQ c2=0
DMA IRQ c3=0
SELECT busy=2294
SELECT w0=2283
SELECT w1=1387
SELECT w2=1311
BUSY TASK ewma=997
DMA IRQ c0=0
DMA IRQ c1=2
DMA IRQ c2=0
DMA IRQ c3=0
SELECT busy=2313
SELECT w0=2301
SELECT w1=1391
SELECT w2=1316
BUSY TASK ewma=997
DMA IRQ c0=0
DMA IRQ c1=2
DMA IRQ c2=0
DMA IRQ c3=0
SELECT busy=2331
SELECT w0=2319
SELECT w1=1397
SELECT w2=1323
BUSY TASK ewma=997
DMA IRQ c0=0
DMA IRQ c1=2
DMA IRQ c2=0
DMA IRQ c3=0
SELECT busy=2349
SELECT w0=2337
SELECT w1=1407
SELECT w2=1335
BUSY TASK ewma=997
DMA IRQ c0=0
DMA IRQ c1=2
DMA IRQ c2=0
DMA IRQ c3=0
SELECT busy=2368
SELECT w0=2356
SELECT w1=1417
SELECT w2=1345
BUSY TASK ewma=997
DMA IRQ c0=0
DMA IRQ c1=2
DMA IRQ c2=0
DMA IRQ c3=0
SELECT busy=2394
SELECT w0=2383
SELECT w1=1432
SELECT w2=1360
BUSY TASK ewma=997
DMA IRQ c0=0
DMA IRQ c1=2
DMA IRQ c2=0
DMA IRQ c3=0
SELECT busy=2413
SELECT w0=2401
SELECT w1=1441
SELECT w2=1367
BUSY TASK ewma=997
DMA IRQ c0=0
DMA IRQ c1=2
DMA IRQ c2=0
DMA IRQ c3=0
SELECT busy=2433
SELECT w0=2423
SELECT w1=1457
SELECT w2=1382
BUSY TASK ewma=997
DMA IRQ c0=0
DMA IRQ c1=2
DMA IRQ c2=0
DMA IRQ c3=0
SELECT busy=2452
SELECT w0=2441
SELECT w1=1471
SELECT w2=1394
BUSY TASK ewma=997
DMA IRQ c0=0
DMA IRQ c1=2
DMA IRQ c2=0
DMA IRQ c3=0
SELECT busy=2473
SELECT w0=2462
SELECT w1=1486
SELECT w2=1409
BUSY TASK ewma=997
DMA IRQ c0=0
DMA IRQ c1=2
DMA IRQ c2=0
DMA IRQ c3=0
SELECT busy=2497
SELECT w0=2487
SELECT w1=1501
SELECT w2=1422
BUSY TASK ewma=997
DMA IRQ c0=0
DMA IRQ c1=2
DMA IRQ c2=0
DMA IRQ c3=0
SELECT busy=2515
SELECT w0=2504
SELECT w1=1506
SELECT w2=1429
BUSY TASK ewma=997
DMA IRQ c0=0
DMA IRQ c1=2
DMA IRQ c2=0
DMA IRQ c3=0
SELECT busy=2543
SELECT w0=2532
SELECT w1=1523
SELECT w2=1444
BUSY TASK ewma=997
DMA IRQ c0=0
DMA IRQ c1=2
DMA IRQ c2=0
DMA IRQ c3=0
SELECT busy=2558
SELECT w0=2547
SELECT w1=1530
SELECT w2=1452
BUSY TASK ewma=997
DMA IRQ c0=0
DMA IRQ c1=2
DMA IRQ c2=0
DMA IRQ c3=0
SELECT busy=2579
SELECT w0=2570
SELECT w1=1543
SELECT w2=1466
BUSY TASK ewma=997
DMA IRQ c0=0
DMA IRQ c1=2
DMA IRQ c2=0
DMA IRQ c3=0
SELECT busy=2608
SELECT w0=2596
SELECT w1=1556
SELECT w2=1478
BUSY TASK ewma=997
DMA IRQ c0=0
DMA IRQ c1=2
DMA IRQ c2=0
DMA IRQ c3=0
SELECT busy=2630
SELECT w0=2619
SELECT w1=1572
SELECT w2=1493
BUSY TASK ewma=997
DMA IRQ c0=0
DMA IRQ c1=2
DMA IRQ c2=0
DMA IRQ c3=0
SELECT busy=2654
SELECT w0=2643
SELECT w1=1583
SELECT w2=1504
BUSY TASK ewma=997
DMA IRQ c0=0
DMA IRQ c1=2
DMA IRQ c2=0
DMA IRQ c3=0
SELECT busy=2689
SELECT w0=2678
SELECT w1=1601
SELECT w2=1527
BUSY TASK ewma=997
DMA IRQ c0=0
DMA IRQ c1=2
DMA IRQ c2=0
DMA IRQ c3=0
SELECT busy=2710
SELECT w0=2698
SELECT w1=1614
SELECT w2=1538
BUSY TASK ewma=997
DMA IRQ c0=0
DMA IRQ c1=2
DMA IRQ c2=0
DMA IRQ c3=0
SELECT busy=2729
SELECT w0=2718
SELECT w1=1626
SELECT w2=1550
BUSY TASK ewma=997
DMA IRQ c0=0
DMA IRQ c1=2
DMA IRQ c2=0
DMA IRQ c3=0
SELECT busy=2753
SELECT w0=2742
SELECT w1=1637
SELECT w2=1564
BUSY TASK ewma=997
DMA IRQ c0=0
DMA IRQ c1=2
DMA IRQ c2=0
DMA IRQ c3=0
SELECT busy=2777
SELECT w0=2766
SELECT w1=1653
SELECT w2=1580
BUSY TASK ewma=997
DMA IRQ c0=0
DMA IRQ c1=2
DMA IRQ c2=0
DMA IRQ c3=0
SELECT busy=2793
SELECT w0=2782
SELECT w1=1662
SELECT w2=1593
BUSY TASK ewma=997
DMA IRQ c0=0
DMA IRQ c1=2
DMA IRQ c2=0
DMA IRQ c3=0
SELECT busy=2820
SELECT w0=2808
SELECT w1=1679
SELECT w2=1604
BUSY TASK ewma=997
DMA IRQ c0=0
DMA IRQ c1=2
DMA IRQ c2=0
DMA IRQ c3=0
SELECT busy=2841
SELECT w0=2830
SELECT w1=1692
SELECT w2=1618
BUSY TASK ewma=997
DMA IRQ c0=0
DMA IRQ c1=2
DMA IRQ c2=0
DMA IRQ c3=0
SELECT busy=2866
SELECT w0=2854
SELECT w1=1699
SELECT w2=1627
BUSY TASK ewma=997
DMA IRQ c0=0
DMA IRQ c1=2
DMA IRQ c2=0
DMA IRQ c3=0
SELECT busy=2884
SELECT w0=2872
SELECT w1=1705
SELECT w2=1633
BUSY TASK ewma=997
DMA IRQ c0=0
DMA IRQ c1=2
DMA IRQ c2=0
DMA IRQ c3=0
SELECT busy=2901
SELECT w0=2889
SELECT w1=1709
SELECT w2=1638
BUSY TASK ewma=997
DMA IRQ c0=0
DMA IRQ c1=2
DMA IRQ c2=0
DMA IRQ c3=0
SELECT busy=2925
SELECT w0=2913
SELECT w1=1717
SELECT w2=1650
BUSY TASK ewma=997
DMA IRQ c0=0
DMA IRQ c1=2
DMA IRQ c2=0
DMA IRQ c3=0
SELECT busy=2944
SELECT w0=2933
SELECT w1=1735
SELECT w2=1661
BUSY TASK ewma=997
DMA IRQ c0=0
DMA IRQ c1=2
DMA IRQ c2=0
DMA IRQ c3=0
SELECT busy=2962
SELECT w0=2951
SELECT w1=1745
SELECT w2=1670
BUSY TASK ewma=997
IRQ counts: cpu0=5949 cpu1=7019 cpu2=6794 cpu3=6687
SCHED secondaries: calls=20515 unexpected=0
SECTEST switches=20501 cpu1=77149519,78003706 cpu2=63280871,62931037 cpu3=85936175,80017950
PINGPONG rounds=1157 pongs=1157
DMA IRQ c0=0
DMA IRQ c1=2
DMA IRQ c2=0
DMA IRQ c3=0
SELECT busy=3003
SELECT w0=2991
SELECT w1=1767
SELECT w2=1690
BUSY TASK ewma=997
DMA IRQ c0=0
DMA IRQ c1=2
DMA IRQ c2=0
DMA IRQ c3=0
SELECT busy=3031
SELECT w0=3021
SELECT w1=1783
SELECT w2=1713
BUSY TASK ewma=997
DMA IRQ c0=0
DMA IRQ c1=2
DMA IRQ c2=0
DMA IRQ c3=0
SELECT busy=3058
SELECT w0=3046
SELECT w1=1799
SELECT w2=1727
BUSY TASK ewma=997
DMA IRQ c0=0
DMA IRQ c1=2
DMA IRQ c2=0
DMA IRQ c3=0
SELECT busy=3077
SELECT w0=3065
SELECT w1=1816
SELECT w2=1738
BUSY TASK ewma=997
DMA IRQ c0=0
DMA IRQ c1=2
DMA IRQ c2=0
DMA IRQ c3=0
SELECT busy=3094
SELECT w0=3083
SELECT w1=1827
SELECT w2=1752
BUSY TASK ewma=997
DMA IRQ c0=0
DMA IRQ c1=2
DMA IRQ c2=0
DMA IRQ c3=0
SELECT busy=3119
SELECT w0=3108
SELECT w1=1844
SELECT w2=1767
BUSY TASK ewma=997
DMA IRQ c0=0
DMA IRQ c1=2
DMA IRQ c2=0
DMA IRQ c3=0
SELECT busy=3138
SELECT w0=3127
SELECT w1=1857
SELECT w2=1778
BUSY TASK ewma=997
DMA IRQ c0=0
DMA IRQ c1=2
DMA IRQ c2=0
DMA IRQ c3=0
SELECT busy=3158
SELECT w0=3146
SELECT w1=1867
SELECT w2=1788
BUSY TASK ewma=997
DMA IRQ c0=0
DMA IRQ c1=2
DMA IRQ c2=0
DMA IRQ c3=0
SELECT busy=3177
SELECT w0=3166
SELECT w1=1875
SELECT w2=1797
BUSY TASK ewma=997
DMA IRQ c0=0
DMA IRQ c1=2
DMA IRQ c2=0
DMA IRQ c3=0
SELECT busy=3200
SELECT w0=3189
SELECT w1=1890
SELECT w2=1811
BUSY TASK ewma=997
DMA IRQ c0=0
DMA IRQ c1=2
DMA IRQ c2=0
DMA IRQ c3=0
SELECT busy=3219
SELECT w0=3208
SELECT w1=1905
SELECT w2=1825
BUSY TASK ewma=997
DMA IRQ c0=0
DMA IRQ c1=2
DMA IRQ c2=0
DMA IRQ c3=0
SELECT busy=3241
SELECT w0=3229
SELECT w1=1915
SELECT w2=1835
BUSY TASK ewma=997
DMA IRQ c0=0
DMA IRQ c1=2
DMA IRQ c2=0
DMA IRQ c3=0
SELECT busy=3261
SELECT w0=3252
SELECT w1=1932
SELECT w2=1850
BUSY TASK ewma=997
DMA IRQ c0=0
DMA IRQ c1=2
DMA IRQ c2=0
DMA IRQ c3=0
SELECT busy=3286
SELECT w0=3277
SELECT w1=1961
SELECT w2=1866
BUSY TASK ewma=997
DMA IRQ c0=0
DMA IRQ c1=2
DMA IRQ c2=0
DMA IRQ c3=0
SELECT busy=3315
SELECT w0=3304
SELECT w1=1975
SELECT w2=1885
BUSY TASK ewma=997
DMA IRQ c0=0
DMA IRQ c1=2
DMA IRQ c2=0
DMA IRQ c3=0
SELECT busy=3336
SELECT w0=3324
SELECT w1=1983
SELECT w2=1891
BUSY TASK ewma=997
DMA IRQ c0=0
DMA IRQ c1=2
DMA IRQ c2=0
DMA IRQ c3=0
SELECT busy=3360
SELECT w0=3348
SELECT w1=1993
SELECT w2=1902
BUSY TASK ewma=997
DMA IRQ c0=0
DMA IRQ c1=2
DMA IRQ c2=0
DMA IRQ c3=0
SELECT busy=3376
SELECT w0=3365
SELECT w1=2003
SELECT w2=1912
BUSY TASK ewma=997
DMA IRQ c0=0
DMA IRQ c1=2
DMA IRQ c2=0
DMA IRQ c3=0
SELECT busy=3396
SELECT w0=3384
SELECT w1=2014
SELECT w2=1923
BUSY TASK ewma=997
DMA IRQ c0=0
DMA IRQ c1=2
DMA IRQ c2=0
DMA IRQ c3=0
SELECT busy=3415
SELECT w0=3404
SELECT w1=2026
SELECT w2=1933
BUSY TASK ewma=997
DMA IRQ c0=0
DMA IRQ c1=2
DMA IRQ c2=0
DMA IRQ c3=0
SELECT busy=3437
SELECT w0=3425
SELECT w1=2040
SELECT w2=1946
BUSY TASK ewma=997
DMA IRQ c0=0
DMA IRQ c1=2
DMA IRQ c2=0
DMA IRQ c3=0
SELECT busy=3451
SELECT w0=3440
SELECT w1=2052
SELECT w2=1956
BUSY TASK ewma=997
DMA IRQ c0=0
DMA IRQ c1=2
DMA IRQ c2=0
DMA IRQ c3=0
SELECT busy=3474
SELECT w0=3462
SELECT w1=2063
SELECT w2=1967
BUSY TASK ewma=997
DMA IRQ c0=0
DMA IRQ c1=2
DMA IRQ c2=0
DMA IRQ c3=0
SELECT busy=3490
SELECT w0=3479
SELECT w1=2073
SELECT w2=1975
BUSY TASK ewma=997
DMA IRQ c0=0
DMA IRQ c1=2
DMA IRQ c2=0
DMA IRQ c3=0
SELECT busy=3506
SELECT w0=3495
SELECT w1=2081
SELECT w2=1983
BUSY TASK ewma=997
DMA IRQ c0=0
DMA IRQ c1=2
DMA IRQ c2=0
DMA IRQ c3=0
SELECT busy=3523
SELECT w0=3511
SELECT w1=2091
SELECT w2=1994
BUSY TASK ewma=997
DMA IRQ c0=0
DMA IRQ c1=2
DMA IRQ c2=0
DMA IRQ c3=0
SELECT busy=3539
SELECT w0=3527
SELECT w1=2099
SELECT w2=2003
BUSY TASK ewma=997
DMA IRQ c0=0
DMA IRQ c1=2
DMA IRQ c2=0
DMA IRQ c3=0
SELECT busy=3552
SELECT w0=3540
SELECT w1=2107
SELECT w2=2010
BUSY TASK ewma=997
DMA IRQ c0=0
DMA IRQ c1=2
DMA IRQ c2=0
DMA IRQ c3=0
SELECT busy=3569
SELECT w0=3557
SELECT w1=2116
SELECT w2=2021
BUSY TASK ewma=997
DMA IRQ c0=0
DMA IRQ c1=2
DMA IRQ c2=0
DMA IRQ c3=0
SELECT busy=3588
SELECT w0=3577
SELECT w1=2130
SELECT w2=2037
BUSY TASK ewma=997
DMA IRQ c0=0
DMA IRQ c1=2
DMA IRQ c2=0
DMA IRQ c3=0
SELECT busy=3609
SELECT w0=3598
SELECT w1=2143
SELECT w2=2049
BUSY TASK ewma=997
DMA IRQ c0=0
DMA IRQ c1=2
DMA IRQ c2=0
DMA IRQ c3=0
SELECT busy=3626
SELECT w0=3615
SELECT w1=2153
SELECT w2=2057
BUSY TASK ewma=997
DMA IRQ c0=0
DMA IRQ c1=2
DMA IRQ c2=0
DMA IRQ c3=0
SELECT busy=3647
SELECT w0=3635
SELECT w1=2164
SELECT w2=2070
BUSY TASK ewma=997
DMA IRQ c0=0
DMA IRQ c1=2
DMA IRQ c2=0
DMA IRQ c3=0
SELECT busy=3674
SELECT w0=3664
SELECT w1=2181
SELECT w2=2084
BUSY TASK ewma=997
DMA IRQ c0=0
DMA IRQ c1=2
DMA IRQ c2=0
DMA IRQ c3=0
SELECT busy=3696
SELECT w0=3685
SELECT w1=2190
SELECT w2=2094
BUSY TASK ewma=997
DMA IRQ c0=0
DMA IRQ c1=2
DMA IRQ c2=0
DMA IRQ c3=0
SELECT busy=3719
SELECT w0=3709
SELECT w1=2201
SELECT w2=2107
BUSY TASK ewma=997
DMA IRQ c0=0
DMA IRQ c1=2
DMA IRQ c2=0
DMA IRQ c3=0
SELECT busy=3739
SELECT w0=3728
SELECT w1=2213
SELECT w2=2120
BUSY TASK ewma=997
DMA IRQ c0=0
DMA IRQ c1=2
DMA IRQ c2=0
DMA IRQ c3=0
SELECT busy=3768
SELECT w0=3756
SELECT w1=2222
SELECT w2=2130
BUSY TASK ewma=997
DMA IRQ c0=0
DMA IRQ c1=2
DMA IRQ c2=0
DMA IRQ c3=0
SELECT busy=3790
SELECT w0=3778
SELECT w1=2235
SELECT w2=2142
BUSY TASK ewma=997
DMA IRQ c0=0
DMA IRQ c1=2
DMA IRQ c2=0
DMA IRQ c3=0
SELECT busy=3809
SELECT w0=3798
SELECT w1=2245
SELECT w2=2152
BUSY TASK ewma=997
DMA IRQ c0=0
DMA IRQ c1=2
DMA IRQ c2=0
DMA IRQ c3=0
SELECT busy=3829
SELECT w0=3817
SELECT w1=2254
SELECT w2=2162
BUSY TASK ewma=997
DMA IRQ c0=0
DMA IRQ c1=2
DMA IRQ c2=0
DMA IRQ c3=0
SELECT busy=3856
SELECT w0=3845
SELECT w1=2268
SELECT w2=2178
BUSY TASK ewma=997
DMA IRQ c0=0
DMA IRQ c1=2
DMA IRQ c2=0
DMA IRQ c3=0
SELECT busy=3884
SELECT w0=3872
SELECT w1=2287
SELECT w2=2196
BUSY TASK ewma=997
DMA IRQ c0=0
DMA IRQ c1=2
DMA IRQ c2=0
DMA IRQ c3=0
SELECT busy=3906
SELECT w0=3894
SELECT w1=2301
SELECT w2=2210
BUSY TASK ewma=997
DMA IRQ c0=0
DMA IRQ c1=2
DMA IRQ c2=0
DMA IRQ c3=0
SELECT busy=3934
SELECT w0=3922
SELECT w1=2316
SELECT w2=2223
BUSY TASK ewma=997
DMA IRQ c0=0
DMA IRQ c1=2
DMA IRQ c2=0
DMA IRQ c3=0
SELECT busy=3955
SELECT w0=3943
SELECT w1=2329
SELECT w2=2232
BUSY TASK ewma=997
DMA IRQ c0=0
DMA IRQ c1=2
DMA IRQ c2=0
DMA IRQ c3=0
SELECT busy=3983
SELECT w0=3972
SELECT w1=2347
SELECT w2=2251
BUSY TASK ewma=997
DMA IRQ c0=0
DMA IRQ c1=2
DMA IRQ c2=0
DMA IRQ c3=0
SELECT busy=4029
SELECT w0=4022
SELECT w1=2372
SELECT w2=2278
BUSY TASK ewma=997
DMA IRQ c0=0
DMA IRQ c1=2
DMA IRQ c2=0
DMA IRQ c3=0
SELECT busy=4072
SELECT w0=4060
SELECT w1=2391
SELECT w2=2296
BUSY TASK ewma=997
DMA IRQ c0=0
DMA IRQ c1=2
DMA IRQ c2=0
DMA IRQ c3=0
SELECT busy=4109
SELECT w0=4098
SELECT w1=2409
SELECT w2=2312
BUSY TASK ewma=997
DMA IRQ c0=0
DMA IRQ c1=2
DMA IRQ c2=0
DMA IRQ c3=0
SELECT busy=4134
SELECT w0=4123
SELECT w1=2424
SELECT w2=2327
BUSY TASK ewma=997
DMA IRQ c0=0
DMA IRQ c1=2
DMA IRQ c2=0
DMA IRQ c3=0
SELECT busy=4160
SELECT w0=4149
SELECT w1=2437
SELECT w2=2342
BUSY TASK ewma=997
DMA IRQ c0=0
DMA IRQ c1=2
DMA IRQ c2=0
DMA IRQ c3=0
SELECT busy=4179
SELECT w0=4169
SELECT w1=2455
SELECT w2=2364
BUSY TASK ewma=997
DMA IRQ c0=0
DMA IRQ c1=2
DMA IRQ c2=0
DMA IRQ c3=0
SELECT busy=4204
SELECT w0=4193
SELECT w1=2465
SELECT w2=2374
BUSY TASK ewma=997
DMA IRQ c0=0
DMA IRQ c1=2
DMA IRQ c2=0
DMA IRQ c3=0
SELECT busy=4220
SELECT w0=4209
SELECT w1=2474
SELECT w2=2383
BUSY TASK ewma=997
DMA IRQ c0=0
DMA IRQ c1=2
DMA IRQ c2=0
DMA IRQ c3=0
SELECT busy=4236
SELECT w0=4224
SELECT w1=2481
SELECT w2=2390
BUSY TASK ewma=997
DMA IRQ c0=0
DMA IRQ c1=2
DMA IRQ c2=0
DMA IRQ c3=0
SELECT busy=4266
SELECT w0=4255
SELECT w1=2495
SELECT w2=2402
BUSY TASK ewma=997
DMA IRQ c0=0
DMA IRQ c1=2
DMA IRQ c2=0
DMA IRQ c3=0
SELECT busy=4288
SELECT w0=4277
SELECT w1=2506
SELECT w2=2416
BUSY TASK ewma=997
DMA IRQ c0=0
DMA IRQ c1=2
DMA IRQ c2=0
DMA IRQ c3=0
SELECT busy=4307
SELECT w0=4296
SELECT w1=2517
SELECT w2=2427
BUSY TASK ewma=997
DMA IRQ c0=0
DMA IRQ c1=2
DMA IRQ c2=0
DMA IRQ c3=0
SELECT busy=4325
SELECT w0=4313
SELECT w1=2528
SELECT w2=2436
BUSY TASK ewma=997
DMA IRQ c0=0
DMA IRQ c1=2
DMA IRQ c2=0
DMA IRQ c3=0
SELECT busy=4357
SELECT w0=4346
SELECT w1=2543
SELECT w2=2453
BUSY TASK ewma=997
DMA IRQ c0=0
DMA IRQ c1=2
DMA IRQ c2=0
DMA IRQ c3=0
SELECT busy=4402
SELECT w0=4390
SELECT w1=2567
SELECT w2=2475
BUSY TASK ewma=997
DMA IRQ c0=0
DMA IRQ c1=2
DMA IRQ c2=0
DMA IRQ c3=0
SELECT busy=4427
SELECT w0=4415
SELECT w1=2576
SELECT w2=2486
BUSY TASK ewma=997
DMA IRQ c0=0
DMA IRQ c1=2
DMA IRQ c2=0
DMA IRQ c3=0
SELECT busy=4448
SELECT w0=4438
SELECT w1=2590
SELECT w2=2503
BUSY TASK ewma=997
IRQ counts: cpu0=8953 cpu1=10517 cpu2=10239 cpu3=10154
SCHED secondaries: calls=30921 unexpected=0
SECTEST switches=30877 cpu1=118204286,118721792 cpu2=93982474,92541562 cpu3=130301629,120980859
PINGPONG rounds=1718 pongs=1719
DMA IRQ c0=0
DMA IRQ c1=2
DMA IRQ c2=0
DMA IRQ c3=0
SELECT busy=4490
SELECT w0=4479
SELECT w1=2612
SELECT w2=2521
BUSY TASK ewma=997
DMA IRQ c0=0
DMA IRQ c1=2
DMA IRQ c2=0
DMA IRQ c3=0
SELECT busy=4523
SELECT w0=4511
SELECT w1=2626
SELECT w2=2536
BUSY TASK ewma=997
DMA IRQ c0=0
DMA IRQ c1=2
DMA IRQ c2=0
DMA IRQ c3=0
SELECT busy=4548
SELECT w0=4536
SELECT w1=2640
SELECT w2=2554
BUSY TASK ewma=997
DMA IRQ c0=0
DMA IRQ c1=2
DMA IRQ c2=0
DMA IRQ c3=0
SELECT busy=4569
SELECT w0=4558
SELECT w1=2652
SELECT w2=2569
BUSY TASK ewma=997
DMA IRQ c0=0
DMA IRQ c1=2
DMA IRQ c2=0
DMA IRQ c3=0
SELECT busy=4595
SELECT w0=4583
SELECT w1=2668
SELECT w2=2583
BUSY TASK ewma=997
DMA IRQ c0=0
DMA IRQ c1=2
DMA IRQ c2=0
DMA IRQ c3=0
SELECT busy=4639
SELECT w0=4628
SELECT w1=2690
SELECT w2=2608
BUSY TASK ewma=997
DMA IRQ c0=0
DMA IRQ c1=2
DMA IRQ c2=0
DMA IRQ c3=0
SELECT busy=4668
SELECT w0=4656
SELECT w1=2703
SELECT w2=2620
BUSY TASK ewma=997
DMA IRQ c0=0
DMA IRQ c1=2
DMA IRQ c2=0
DMA IRQ c3=0
SELECT busy=4684
SELECT w0=4673
SELECT w1=2713
SELECT w2=2631
BUSY TASK ewma=997
DMA IRQ c0=0
DMA IRQ c1=2
DMA IRQ c2=0
DMA IRQ c3=0
SELECT busy=4708
SELECT w0=4696
SELECT w1=2725
SELECT w2=2642
BUSY TASK ewma=997
DMA IRQ c0=0
DMA IRQ c1=2
DMA IRQ c2=0
DMA IRQ c3=0
SELECT busy=4726
SELECT w0=4714
SELECT w1=2735
SELECT w2=2651
BUSY TASK ewma=997
DMA IRQ c0=0
DMA IRQ c1=2
DMA IRQ c2=0
DMA IRQ c3=0
SELECT busy=4752
SELECT w0=4741
SELECT w1=2748
SELECT w2=2663
BUSY TASK ewma=997
DMA IRQ c0=0
DMA IRQ c1=2
DMA IRQ c2=0
DMA IRQ c3=0
SELECT busy=4774
SELECT w0=4762
SELECT w1=2763
SELECT w2=2677
BUSY TASK ewma=997
DMA IRQ c0=0
DMA IRQ c1=2
DMA IRQ c2=0
DMA IRQ c3=0
SELECT busy=4783
SELECT w0=4771
SELECT w1=2767
SELECT w2=2678
BUSY TASK ewma=997
DMA IRQ c0=0
DMA IRQ c1=2
DMA IRQ c2=0
DMA IRQ c3=0
SELECT busy=4801
SELECT w0=4789
SELECT w1=2777
SELECT w2=2687
BUSY TASK ewma=997
DMA IRQ c0=0
DMA IRQ c1=2
DMA IRQ c2=0
DMA IRQ c3=0
SELECT busy=4814
SELECT w0=4802
SELECT w1=2786
SELECT w2=2692
BUSY TASK ewma=997
DMA IRQ c0=0
DMA IRQ c1=2
DMA IRQ c2=0
DMA IRQ c3=0
SELECT busy=4840
SELECT w0=4829
SELECT w1=2803
SELECT w2=2706
BUSY TASK ewma=997
DMA IRQ c0=0
DMA IRQ c1=2
DMA IRQ c2=0
DMA IRQ c3=0
SELECT busy=4862
SELECT w0=4850
SELECT w1=2816
SELECT w2=2716
BUSY TASK ewma=997
DMA IRQ c0=0
DMA IRQ c1=2
DMA IRQ c2=0
DMA IRQ c3=0
SELECT busy=4891
SELECT w0=4880
SELECT w1=2838
SELECT w2=2734
BUSY TASK ewma=997
DMA IRQ c0=0
DMA IRQ c1=2
DMA IRQ c2=0
DMA IRQ c3=0
SELECT busy=4916
SELECT w0=4904
SELECT w1=2849
SELECT w2=2745
BUSY TASK ewma=997
DMA IRQ c0=0
DMA IRQ c1=2
DMA IRQ c2=0
DMA IRQ c3=0
SELECT busy=4935
SELECT w0=4923
SELECT w1=2860
SELECT w2=2757
BUSY TASK ewma=997
DMA IRQ c0=0
DMA IRQ c1=2
DMA IRQ c2=0
DMA IRQ c3=0
SELECT busy=4948
SELECT w0=4936
SELECT w1=2869
SELECT w2=2764
BUSY TASK ewma=997
DMA IRQ c0=0
DMA IRQ c1=2
DMA IRQ c2=0
DMA IRQ c3=0
SELECT busy=4975
SELECT w0=4964
SELECT w1=2886
SELECT w2=2784
BUSY TASK ewma=997
DMA IRQ c0=0
DMA IRQ c1=2
DMA IRQ c2=0
DMA IRQ c3=0
SELECT busy=4993
SELECT w0=4981
SELECT w1=2896
SELECT w2=2800
BUSY TASK ewma=997
DMA IRQ c0=0
DMA IRQ c1=2
DMA IRQ c2=0
DMA IRQ c3=0
SELECT busy=5010
SELECT w0=4998
SELECT w1=2905
SELECT w2=2809
BUSY TASK ewma=997
DMA IRQ c0=0
DMA IRQ c1=2
DMA IRQ c2=0
DMA IRQ c3=0
SELECT busy=5028
SELECT w0=5016
SELECT w1=2910
SELECT w2=2815
BUSY TASK ewma=997
DMA IRQ c0=0
DMA IRQ c1=2
DMA IRQ c2=0
DMA IRQ c3=0
SELECT busy=5048
SELECT w0=5037
SELECT w1=2925
SELECT w2=2831
BUSY TASK ewma=997
DMA IRQ c0=0
DMA IRQ c1=2
DMA IRQ c2=0
DMA IRQ c3=0
SELECT busy=5072
SELECT w0=5061
SELECT w1=2941
SELECT w2=2848
BUSY TASK ewma=997
DMA IRQ c0=0
DMA IRQ c1=2
DMA IRQ c2=0
DMA IRQ c3=0
SELECT busy=5091
SELECT w0=5080
SELECT w1=2953
SELECT w2=2861
BUSY TASK ewma=997
DMA IRQ c0=0
DMA IRQ c1=2
DMA IRQ c2=0
DMA IRQ c3=0
SELECT busy=5111
SELECT w0=5101
SELECT w1=2967
SELECT w2=2876
BUSY TASK ewma=997
DMA IRQ c0=0
DMA IRQ c1=2
DMA IRQ c2=0
DMA IRQ c3=0
SELECT busy=5136
SELECT w0=5124
SELECT w1=2978
SELECT w2=2886
BUSY TASK ewma=997
DMA IRQ c0=0
DMA IRQ c1=2
DMA IRQ c2=0
DMA IRQ c3=0
SELECT busy=5150
SELECT w0=5138
SELECT w1=2985
SELECT w2=2897
BUSY TASK ewma=997
DMA IRQ c0=0
DMA IRQ c1=2
DMA IRQ c2=0
DMA IRQ c3=0
SELECT busy=5168
SELECT w0=5157
SELECT w1=2996
SELECT w2=2911
BUSY TASK ewma=997
DMA IRQ c0=0
DMA IRQ c1=2
DMA IRQ c2=0
DMA IRQ c3=0
SELECT busy=5183
SELECT w0=5173
SELECT w1=3005
SELECT w2=2922
BUSY TASK ewma=997
DMA IRQ c0=0
DMA IRQ c1=2
DMA IRQ c2=0
DMA IRQ c3=0
SELECT busy=5204
SELECT w0=5194
SELECT w1=3019
SELECT w2=2935
BUSY TASK ewma=997
DMA IRQ c0=0
DMA IRQ c1=2
DMA IRQ c2=0
DMA IRQ c3=0
SELECT busy=5227
SELECT w0=5217
SELECT w1=3033
SELECT w2=2950
BUSY TASK ewma=997
DMA IRQ c0=0
DMA IRQ c1=2
DMA IRQ c2=0
DMA IRQ c3=0
SELECT busy=5248
SELECT w0=5237
SELECT w1=3044
SELECT w2=2965
BUSY TASK ewma=997
DMA IRQ c0=0
DMA IRQ c1=2
DMA IRQ c2=0
DMA IRQ c3=0
SELECT busy=5273
SELECT w0=5261
SELECT w1=3061
SELECT w2=2979
BUSY TASK ewma=997
DMA IRQ c0=0
DMA IRQ c1=2
DMA IRQ c2=0
DMA IRQ c3=0
SELECT busy=5300
SELECT w0=5289
SELECT w1=3079
SELECT w2=2996
BUSY TASK ewma=997
DMA IRQ c0=0
DMA IRQ c1=2
DMA IRQ c2=0
DMA IRQ c3=0
SELECT busy=5324
SELECT w0=5315
SELECT w1=3093
SELECT w2=3023
BUSY TASK ewma=997
DMA IRQ c0=0
DMA IRQ c1=2
DMA IRQ c2=0
DMA IRQ c3=0
SELECT busy=5351
SELECT w0=5341
SELECT w1=3104
SELECT w2=3039
BUSY TASK ewma=997
DMA IRQ c0=0
DMA IRQ c1=2
DMA IRQ c2=0
DMA IRQ c3=0
SELECT busy=5372
SELECT w0=5361
SELECT w1=3113
SELECT w2=3053
BUSY TASK ewma=997
DMA IRQ c0=0
DMA IRQ c1=2
DMA IRQ c2=0
DMA IRQ c3=0
SELECT busy=5399
SELECT w0=5388
SELECT w1=3128
SELECT w2=3068
BUSY TASK ewma=997
DMA IRQ c0=0
DMA IRQ c1=2
DMA IRQ c2=0
DMA IRQ c3=0
SELECT busy=5422
SELECT w0=5411
SELECT w1=3143
SELECT w2=3092
BUSY TASK ewma=997
DMA IRQ c0=0
DMA IRQ c1=2
DMA IRQ c2=0
DMA IRQ c3=0
SELECT busy=5442
SELECT w0=5431
SELECT w1=3153
SELECT w2=3104
BUSY TASK ewma=997
DMA IRQ c0=0
DMA IRQ c1=2
DMA IRQ c2=0
DMA IRQ c3=0
SELECT busy=5461
SELECT w0=5450
SELECT w1=3160
SELECT w2=3113
BUSY TASK ewma=997
DMA IRQ c0=0
DMA IRQ c1=2
DMA IRQ c2=0
DMA IRQ c3=0
SELECT busy=5480
SELECT w0=5469
SELECT w1=3170
SELECT w2=3127
BUSY TASK ewma=997
DMA IRQ c0=0
DMA IRQ c1=2
DMA IRQ c2=0
DMA IRQ c3=0
SELECT busy=5506
SELECT w0=5495
SELECT w1=3183
SELECT w2=3150
BUSY TASK ewma=997
DMA IRQ c0=0
DMA IRQ c1=2
DMA IRQ c2=0
DMA IRQ c3=0
SELECT busy=5526
SELECT w0=5514
SELECT w1=3193
SELECT w2=3161
BUSY TASK ewma=997
DMA IRQ c0=0
DMA IRQ c1=2
DMA IRQ c2=0
DMA IRQ c3=0
SELECT busy=5550
SELECT w0=5538
SELECT w1=3205
SELECT w2=3178
BUSY TASK ewma=997
DMA IRQ c0=0
DMA IRQ c1=2
DMA IRQ c2=0
DMA IRQ c3=0
SELECT busy=5576
SELECT w0=5565
SELECT w1=3219
SELECT w2=3195
BUSY TASK ewma=997
DMA IRQ c0=0
DMA IRQ c1=2
DMA IRQ c2=0
DMA IRQ c3=0
SELECT busy=5594
SELECT w0=5583
SELECT w1=3228
SELECT w2=3204
BUSY TASK ewma=997
DMA IRQ c0=0
DMA IRQ c1=2
DMA IRQ c2=0
DMA IRQ c3=0
SELECT busy=5610
SELECT w0=5600
SELECT w1=3237
SELECT w2=3219
BUSY TASK ewma=997
DMA IRQ c0=0
DMA IRQ c1=2
DMA IRQ c2=0
DMA IRQ c3=0
SELECT busy=5631
SELECT w0=5620
SELECT w1=3247
SELECT w2=3232
BUSY TASK ewma=997
DMA IRQ c0=0
DMA IRQ c1=2
DMA IRQ c2=0
DMA IRQ c3=0
SELECT busy=5657
SELECT w0=5646
SELECT w1=3263
SELECT w2=3247
BUSY TASK ewma=997
DMA IRQ c0=0
DMA IRQ c1=2
DMA IRQ c2=0
DMA IRQ c3=0
SELECT busy=5671
SELECT w0=5659
SELECT w1=3269
SELECT w2=3254
BUSY TASK ewma=997
DMA IRQ c0=0
DMA IRQ c1=2
DMA IRQ c2=0
DMA IRQ c3=0
SELECT busy=5691
SELECT w0=5680
SELECT w1=3281
SELECT w2=3268
BUSY TASK ewma=997
DMA IRQ c0=0
DMA IRQ c1=2
DMA IRQ c2=0
DMA IRQ c3=0
SELECT busy=5718
SELECT w0=5706
SELECT w1=3294
SELECT w2=3283
BUSY TASK ewma=997
DMA IRQ c0=0
DMA IRQ c1=2
DMA IRQ c2=0
DMA IRQ c3=0
SELECT busy=5732
SELECT w0=5721
SELECT w1=3301
SELECT w2=3291
BUSY TASK ewma=997
DMA IRQ c0=0
DMA IRQ c1=2
DMA IRQ c2=0
DMA IRQ c3=0
SELECT busy=5754
SELECT w0=5744
SELECT w1=3311
SELECT w2=3302
BUSY TASK ewma=997
DMA IRQ c0=0
DMA IRQ c1=2
DMA IRQ c2=0
DMA IRQ c3=0
SELECT busy=5772
SELECT w0=5760
SELECT w1=3318
SELECT w2=3313
BUSY TASK ewma=997
DMA IRQ c0=0
DMA IRQ c1=2
DMA IRQ c2=0
DMA IRQ c3=0
SELECT busy=5793
SELECT w0=5782
SELECT w1=3329
SELECT w2=3323
BUSY TASK ewma=997
DMA IRQ c0=0
DMA IRQ c1=2
DMA IRQ c2=0
DMA IRQ c3=0
SELECT busy=5817
SELECT w0=5807
SELECT w1=3342
SELECT w2=3343
BUSY TASK ewma=997
DMA IRQ c0=0
DMA IRQ c1=2
DMA IRQ c2=0
DMA IRQ c3=0
SELECT busy=5844
SELECT w0=5834
SELECT w1=3358
SELECT w2=3373
BUSY TASK ewma=997
DMA IRQ c0=0
DMA IRQ c1=2
DMA IRQ c2=0
DMA IRQ c3=0
SELECT busy=5880
SELECT w0=5870
SELECT w1=3373
SELECT w2=3405
BUSY TASK ewma=997
IRQ counts: cpu0=11791 cpu1=14008 cpu2=13876 cpu3=13690
SCHED secondaries: calls=41590 unexpected=0
SECTEST switches=41567 cpu1=157587257,157113394 cpu2=128559731,127601623 cpu3=177847003,167233620
PINGPONG rounds=2000 pongs=2000
DMA IRQ c0=0
DMA IRQ c1=2
DMA IRQ c2=0
DMA IRQ c3=0
SELECT busy=5914
SELECT w0=5902
SELECT w1=3390
SELECT w2=3425
BUSY TASK ewma=997
DMA IRQ c0=0
DMA IRQ c1=2
DMA IRQ c2=0
DMA IRQ c3=0
SELECT busy=5933
SELECT w0=5922
SELECT w1=3398
SELECT w2=3437
BUSY TASK ewma=997
DMA IRQ c0=0
DMA IRQ c1=2
DMA IRQ c2=0
DMA IRQ c3=0
SELECT busy=5957
SELECT w0=5946
SELECT w1=3410
SELECT w2=3456
BUSY TASK ewma=997
DMA IRQ c0=0
DMA IRQ c1=2
DMA IRQ c2=0
DMA IRQ c3=0
SELECT busy=5987
SELECT w0=5976
SELECT w1=3430
SELECT w2=3479
BUSY TASK ewma=997
DMA IRQ c0=0
DMA IRQ c1=2
DMA IRQ c2=0
DMA IRQ c3=0
SELECT busy=6006
SELECT w0=5994
SELECT w1=3439
SELECT w2=3488
BUSY TASK ewma=997
DMA IRQ c0=0
DMA IRQ c1=2
DMA IRQ c2=0
DMA IRQ c3=0
SELECT busy=6023
SELECT w0=6012
SELECT w1=3448
SELECT w2=3499
BUSY TASK ewma=997
DMA IRQ c0=0
DMA IRQ c1=2
DMA IRQ c2=0
DMA IRQ c3=0
SELECT busy=6047
SELECT w0=6035
SELECT w1=3460
SELECT w2=3511
BUSY TASK ewma=997
DMA IRQ c0=0
DMA IRQ c1=2
DMA IRQ c2=0
DMA IRQ c3=0
SELECT busy=6069
SELECT w0=6057
SELECT w1=3471
SELECT w2=3524
BUSY TASK ewma=997
DMA IRQ c0=0
DMA IRQ c1=2
DMA IRQ c2=0
DMA IRQ c3=0
SELECT busy=6085
SELECT w0=6073
SELECT w1=3478
SELECT w2=3536
BUSY TASK ewma=997
DMA IRQ c0=0
DMA IRQ c1=2
DMA IRQ c2=0
DMA IRQ c3=0
SELECT busy=6105
SELECT w0=6093
SELECT w1=3484
SELECT w2=3547
BUSY TASK ewma=997
DMA IRQ c0=0
DMA IRQ c1=2
DMA IRQ c2=0
DMA IRQ c3=0
SELECT busy=6131
SELECT w0=6121
SELECT w1=3497
SELECT w2=3571
BUSY TASK ewma=997
DMA IRQ c0=0
DMA IRQ c1=2
DMA IRQ c2=0
DMA IRQ c3=0
SELECT busy=6158
SELECT w0=6146
SELECT w1=3506
SELECT w2=3582
BUSY TASK ewma=997
DMA IRQ c0=0
DMA IRQ c1=2
DMA IRQ c2=0
DMA IRQ c3=0
SELECT busy=6177
SELECT w0=6166
SELECT w1=3521
SELECT w2=3592
BUSY TASK ewma=997
DMA IRQ c0=0
DMA IRQ c1=2
DMA IRQ c2=0
DMA IRQ c3=0
SELECT busy=6209
SELECT w0=6198
SELECT w1=3537
SELECT w2=3610
BUSY TASK ewma=997
DMA IRQ c0=0
DMA IRQ c1=2
DMA IRQ c2=0
DMA IRQ c3=0
SELECT busy=6233
SELECT w0=6222
SELECT w1=3550
SELECT w2=3633
BUSY TASK ewma=997
DMA IRQ c0=0
DMA IRQ c1=2
DMA IRQ c2=0
DMA IRQ c3=0
SELECT busy=6253
SELECT w0=6241
SELECT w1=3560
SELECT w2=3648
BUSY TASK ewma=997
DMA IRQ c0=0
DMA IRQ c1=2
DMA IRQ c2=0
DMA IRQ c3=0
SELECT busy=6274
SELECT w0=6263
SELECT w1=3571
SELECT w2=3664
BUSY TASK ewma=997
DMA IRQ c0=0
DMA IRQ c1=2
DMA IRQ c2=0
DMA IRQ c3=0
SELECT busy=6295
SELECT w0=6286
SELECT w1=3582
SELECT w2=3680
BUSY TASK ewma=997
DMA IRQ c0=0
DMA IRQ c1=2
DMA IRQ c2=0
DMA IRQ c3=0
SELECT busy=6316
SELECT w0=6305
SELECT w1=3592
SELECT w2=3691
BUSY TASK ewma=997
DMA IRQ c0=0
DMA IRQ c1=2
DMA IRQ c2=0
DMA IRQ c3=0
SELECT busy=6344
SELECT w0=6332
SELECT w1=3602
SELECT w2=3703
BUSY TASK ewma=997
DMA IRQ c0=0
DMA IRQ c1=2
DMA IRQ c2=0
DMA IRQ c3=0
SELECT busy=6364
SELECT w0=6353
SELECT w1=3617
SELECT w2=3716
BUSY TASK ewma=997
DMA IRQ c0=0
DMA IRQ c1=2
DMA IRQ c2=0
DMA IRQ c3=0
SELECT busy=6385
SELECT w0=6374
SELECT w1=3636
SELECT w2=3734
BUSY TASK ewma=997
DMA IRQ c0=0
DMA IRQ c1=2
DMA IRQ c2=0
DMA IRQ c3=0
SELECT busy=6414
SELECT w0=6403
SELECT w1=3660
SELECT w2=3751
BUSY TASK ewma=997
DMA IRQ c0=0
DMA IRQ c1=2
DMA IRQ c2=0
DMA IRQ c3=0
SELECT busy=6440
SELECT w0=6428
SELECT w1=3667
SELECT w2=3758
BUSY TASK ewma=997
DMA IRQ c0=0
DMA IRQ c1=2
DMA IRQ c2=0
DMA IRQ c3=0
SELECT busy=6462
SELECT w0=6453
SELECT w1=3681
SELECT w2=3771
BUSY TASK ewma=997
DMA IRQ c0=0
DMA IRQ c1=2
DMA IRQ c2=0
DMA IRQ c3=0
SELECT busy=6483
SELECT w0=6471
SELECT w1=3685
SELECT w2=3777
BUSY TASK ewma=997
DMA IRQ c0=0
DMA IRQ c1=2
DMA IRQ c2=0
DMA IRQ c3=0
SELECT busy=6512
SELECT w0=6502
SELECT w1=3703
SELECT w2=3794
BUSY TASK ewma=997
DMA IRQ c0=0
DMA IRQ c1=2
DMA IRQ c2=0
DMA IRQ c3=0
SELECT busy=6533
SELECT w0=6521
SELECT w1=3707
SELECT w2=3800
BUSY TASK ewma=997
DMA IRQ c0=0
DMA IRQ c1=2
DMA IRQ c2=0
DMA IRQ c3=0
SELECT busy=6555
SELECT w0=6544
SELECT w1=3717
SELECT w2=3812
BUSY TASK ewma=997
DMA IRQ c0=0
DMA IRQ c1=2
DMA IRQ c2=0
DMA IRQ c3=0
SELECT busy=6580
SELECT w0=6570
SELECT w1=3739
SELECT w2=3834
BUSY TASK ewma=997
DMA IRQ c0=0
DMA IRQ c1=2
DMA IRQ c2=0
DMA IRQ c3=0
SELECT busy=6600
SELECT w0=6589
SELECT w1=3744
SELECT w2=3840
BUSY TASK ewma=997
DMA IRQ c0=0
DMA IRQ c1=2
DMA IRQ c2=0
DMA IRQ c3=0
SELECT busy=6618
SELECT w0=6607
SELECT w1=3754
SELECT w2=3850
BUSY TASK ewma=997
DMA IRQ c0=0
DMA IRQ c1=2
DMA IRQ c2=0
DMA IRQ c3=0
SELECT busy=6655
SELECT w0=6644
SELECT w1=3774
SELECT w2=3873
BUSY TASK ewma=997
DMA IRQ c0=0
DMA IRQ c1=2
DMA IRQ c2=0
DMA IRQ c3=0
SELECT busy=6678
SELECT w0=6666
SELECT w1=3778
SELECT w2=3877
BUSY TASK ewma=997
DMA IRQ c0=0
DMA IRQ c1=2
DMA IRQ c2=0
DMA IRQ c3=0
SELECT busy=6701
SELECT w0=6690
SELECT w1=3794
SELECT w2=3895
BUSY TASK ewma=997
DMA IRQ c0=0
DMA IRQ c1=2
DMA IRQ c2=0
DMA IRQ c3=0
SELECT busy=6719
SELECT w0=6707
SELECT w1=3803
SELECT w2=3905
BUSY TASK ewma=997
DMA IRQ c0=0
DMA IRQ c1=2
DMA IRQ c2=0
DMA IRQ c3=0
SELECT busy=6733
SELECT w0=6722
SELECT w1=3811
SELECT w2=3913
BUSY TASK ewma=997
DMA IRQ c0=0
DMA IRQ c1=2
DMA IRQ c2=0
DMA IRQ c3=0
SELECT busy=6749
SELECT w0=6738
SELECT w1=3819
SELECT w2=3921
BUSY TASK ewma=997
DMA IRQ c0=0
DMA IRQ c1=2
DMA IRQ c2=0
DMA IRQ c3=0
SELECT busy=6764
SELECT w0=6752
SELECT w1=3826
SELECT w2=3929
BUSY TASK ewma=997
DMA IRQ c0=0
DMA IRQ c1=2
DMA IRQ c2=0
DMA IRQ c3=0
SELECT busy=6784
SELECT w0=6773
SELECT w1=3834
SELECT w2=3942
BUSY TASK ewma=997
DMA IRQ c0=0
DMA IRQ c1=2
DMA IRQ c2=0
DMA IRQ c3=0
SELECT busy=6813
SELECT w0=6802
SELECT w1=3848
SELECT w2=3954
BUSY TASK ewma=997
DMA IRQ c0=0
DMA IRQ c1=2
DMA IRQ c2=0
DMA IRQ c3=0
SELECT busy=6836
SELECT w0=6824
SELECT w1=3860
SELECT w2=3966
BUSY TASK ewma=997
DMA IRQ c0=0
DMA IRQ c1=2
DMA IRQ c2=0
DMA IRQ c3=0
SELECT busy=6854
SELECT w0=6844
SELECT w1=3871
SELECT w2=3980
BUSY TASK ewma=997
DMA IRQ c0=0
DMA IRQ c1=2
DMA IRQ c2=0
DMA IRQ c3=0
SELECT busy=6879
SELECT w0=6869
SELECT w1=3879
SELECT w2=3990
BUSY TASK ewma=997
DMA IRQ c0=0
DMA IRQ c1=2
DMA IRQ c2=0
DMA IRQ c3=0
SELECT busy=6910
SELECT w0=6899
SELECT w1=3891
SELECT w2=4012
BUSY TASK ewma=997
DMA IRQ c0=0
DMA IRQ c1=2
DMA IRQ c2=0
DMA IRQ c3=0
SELECT busy=6941
SELECT w0=6931
SELECT w1=3907
SELECT w2=4039
BUSY TASK ewma=997
DMA IRQ c0=0
DMA IRQ c1=2
DMA IRQ c2=0
DMA IRQ c3=0
SELECT busy=6974
SELECT w0=6962
SELECT w1=3920
SELECT w2=4057qemu-system-aarch64: terminating on signal 15 from pid 197768 (timeout)
