P4 M7: full integration test boot OK
CPU0: MPIDR_EL1=0x0000000080000000
CPU0: psci_cpu_on target=1 rc=0
CPU1: alive, MPIDR_EL1=0x0000000080000001 this_cpu()->cpu_id=1
CPU0: psci_cpu_on target=2 rc=0
CPU2: alive, MPIDR_EL1=0x0000000080000002 this_cpu()->cpu_id=2
CPU0: psci_cpu_on target=3 rc=0
CPU3: alive, MPIDR_EL1=0x0000000080000003 this_cpu()->cpu_id=3
CPUs online: 4
DMA IRQ target cpu=2
D2b: worker 2 runs on CPU2
D2b: worker 0 runs on CPU0
D2b: worker 1 runs on CPU1
P4 M7: worker submitted cmd_id=2
P4 M7: worker submitted cmd_id=3
P4 M7: worker submitted cmd_id=1
BUSY TASK ewma=996
DMA IRQ c0=0
DMA IRQ c1=0
DMA IRQ c2=0
DMA IRQ c3=0
SELECT busy=21
SELECT w0=4
SELECT w1=4
SELECT w2=5
BUSY TASK ewma=997
DMA IRQ c0=0
DMA IRQ c1=0
DMA IRQ c2=0
P4 M7: worker DATA OK, cmd_id=2
P4 M7: worker DATA OK, cmd_id=3
P4 M7: worker DATA OK, cmd_id=1
WORKER ewma=831
WORKER ewma=916
WORKER ewma=916
DMA IRQ c3=0
SELECT busy=33
SELECT w0=22
SELECT w1=29
SELECT w2=20
BUSY TASK ewma=997
DMA IRQ c0=0
DMA IRQ c1=0
DMA IRQ c2=1
DMA IRQ c3=0
SELECT busy=63
SELECT w0=50
SELECT w1=50
SELECT w2=34
BUSY TASK ewma=997
DMA IRQ c0=0
DMA IRQ c1=0
DMA IRQ c2=1
DMA IRQ c3=0
SELECT busy=86
SELECT w0=73
SELECT w1=70
SELECT w2=52
BUSY TASK ewma=997
DMA IRQ c0=0
DMA IRQ c1=0
DMA IRQ c2=1
DMA IRQ c3=0
SELECT busy=118
SELECT w0=105
SELECT w1=92
SELECT w2=68
BUSY TASK ewma=997
DMA IRQ c0=0
DMA IRQ c1=0
DMA IRQ c2=1
DMA IRQ c3=0
SELECT busy=149
SELECT w0=137
SELECT w1=114
SELECT w2=84
BUSY TASK ewma=997
DMA IRQ c0=0
DMA IRQ c1=0
DMA IRQ c2=1
DMA IRQ c3=0
SELECT busy=174
SELECT w0=161
SELECT w1=130
SELECT w2=98
BUSY TASK ewma=997
DMA IRQ c0=0
DMA IRQ c1=0
DMA IRQ c2=1
DMA IRQ c3=0
SELECT busy=203
SELECT w0=189
SELECT w1=150
SELECT w2=111
BUSY TASK ewma=997
DMA IRQ c0=0
DMA IRQ c1=0
DMA IRQ c2=1
DMA IRQ c3=0
SELECT busy=219
SELECT w0=206
SELECT w1=159
SELECT w2=122
BUSY TASK ewma=997
DMA IRQ c0=0
DMA IRQ c1=0
DMA IRQ c2=1
DMA IRQ c3=0
SELECT busy=232
SELECT w0=219
SELECT w1=169
SELECT w2=129
BUSY TASK ewma=997
DMA IRQ c0=0
DMA IRQ c1=0
DMA IRQ c2=1
DMA IRQ c3=0
SELECT busy=271
SELECT w0=259
SELECT w1=195
SELECT w2=160
BUSY TASK ewma=997
DMA IRQ c0=0
DMA IRQ c1=0
DMA IRQ c2=1
DMA IRQ c3=0
SELECT busy=294
SELECT w0=280
SELECT w1=209
SELECT w2=170
BUSY TASK ewma=997
DMA IRQ c0=0
DMA IRQ c1=0
DMA IRQ c2=1
DMA IRQ c3=0
SELECT busy=313
SELECT w0=299
SELECT w1=221
SELECT w2=179
BUSY TASK ewma=997
DMA IRQ c0=0
DMA IRQ c1=0
DMA IRQ c2=1
DMA IRQ c3=0
SELECT busy=330
SELECT w0=316
SELECT w1=230
SELECT w2=188
BUSY TASK ewma=997
DMA IRQ c0=0
DMA IRQ c1=0
DMA IRQ c2=1
DMA IRQ c3=0
SELECT busy=339
SELECT w0=326
SELECT w1=234
SELECT w2=192
BUSY TASK ewma=997
DMA IRQ c0=0
DMA IRQ c1=0
DMA IRQ c2=1
DMA IRQ c3=0
SELECT busy=370
SELECT w0=359
SELECT w1=252
SELECT w2=208
BUSY TASK ewma=997
DMA IRQ c0=0
DMA IRQ c1=0
DMA IRQ c2=1
DMA IRQ c3=0
SELECT busy=401
SELECT w0=388
SELECT w1=271
SELECT w2=225
BUSY TASK ewma=997
DMA IRQ c0=0
DMA IRQ c1=0
DMA IRQ c2=1
DMA IRQ c3=0
SELECT busy=432
SELECT w0=418
SELECT w1=292
SELECT w2=247
BUSY TASK ewma=997
DMA IRQ c0=0
DMA IRQ c1=0
DMA IRQ c2=1
DMA IRQ c3=0
SELECT busy=456
SELECT w0=442
SELECT w1=305
SELECT w2=259
BUSY TASK ewma=997
DMA IRQ c0=0
DMA IRQ c1=0
DMA IRQ c2=1
DMA IRQ c3=0
SELECT busy=473
SELECT w0=460
SELECT w1=311
SELECT w2=267
BUSY TASK ewma=997
DMA IRQ c0=0
DMA IRQ c1=0
DMA IRQ c2=1
DMA IRQ c3=0
SELECT busy=504
SELECT w0=490
SELECT w1=327
SELECT w2=283
BUSY TASK ewma=997
DMA IRQ c0=0
DMA IRQ c1=0
DMA IRQ c2=1
DMA IRQ c3=0
SELECT busy=520
SELECT w0=506
SELECT w1=333
SELECT w2=290
BUSY TASK ewma=997
DMA IRQ c0=0
DMA IRQ c1=0
DMA IRQ c2=1
DMA IRQ c3=0
SELECT busy=531
SELECT w0=517
SELECT w1=338
SELECT w2=294
BUSY TASK ewma=997
DMA IRQ c0=0
DMA IRQ c1=0
DMA IRQ c2=1
DMA IRQ c3=0
SELECT busy=555
SELECT w0=542
SELECT w1=358
SELECT w2=308
BUSY TASK ewma=997
DMA IRQ c0=0
DMA IRQ c1=0
DMA IRQ c2=1
DMA IRQ c3=0
SELECT busy=575
SELECT w0=561
SELECT w1=366
SELECT w2=316
BUSY TASK ewma=997
DMA IRQ c0=0
DMA IRQ c1=0
DMA IRQ c2=1
DMA IRQ c3=0
SELECT busy=600
SELECT w0=586
SELECT w1=384
SELECT w2=328
BUSY TASK ewma=997
DMA IRQ c0=0
DMA IRQ c1=0
DMA IRQ c2=1
DMA IRQ c3=0
SELECT busy=620
SELECT w0=607
SELECT w1=397
SELECT w2=339
BUSY TASK ewma=997
DMA IRQ c0=0
DMA IRQ c1=0
DMA IRQ c2=1
DMA IRQ c3=0
SELECT busy=643
SELECT w0=631
SELECT w1=413
SELECT w2=356
BUSY TASK ewma=997
DMA IRQ c0=0
DMA IRQ c1=0
DMA IRQ c2=1
DMA IRQ c3=0
SELECT busy=661
SELECT w0=647
SELECT w1=421
SELECT w2=364
BUSY TASK ewma=997
DMA IRQ c0=0
DMA IRQ c1=0
DMA IRQ c2=1
DMA IRQ c3=0
SELECT busy=680
SELECT w0=666
SELECT w1=430
SELECT w2=377
BUSY TASK ewma=997
DMA IRQ c0=0
DMA IRQ c1=0
DMA IRQ c2=1
DMA IRQ c3=0
SELECT busy=705
SELECT w0=692
SELECT w1=446
SELECT w2=389
BUSY TASK ewma=997
DMA IRQ c0=0
DMA IRQ c1=0
DMA IRQ c2=1
DMA IRQ c3=0
SELECT busy=729
SELECT w0=716
SELECT w1=461
SELECT w2=402
BUSY TASK ewma=997
DMA IRQ c0=0
DMA IRQ c1=0
DMA IRQ c2=1
DMA IRQ c3=0
SELECT busy=751
SELECT w0=737
SELECT w1=471
SELECT w2=413
BUSY TASK ewma=997
DMA IRQ c0=0
DMA IRQ c1=0
DMA IRQ c2=1
DMA IRQ c3=0
SELECT busy=770
SELECT w0=756
SELECT w1=478
SELECT w2=421
BUSY TASK ewma=997
DMA IRQ c0=0
DMA IRQ c1=0
DMA IRQ c2=1
DMA IRQ c3=0
SELECT busy=786
SELECT w0=773
SELECT w1=492
SELECT w2=436
BUSY TASK ewma=997
DMA IRQ c0=0
DMA IRQ c1=0
DMA IRQ c2=1
DMA IRQ c3=0
SELECT busy=812
SELECT w0=799
SELECT w1=506
SELECT w2=452
BUSY TASK ewma=997
DMA IRQ c0=0
DMA IRQ c1=0
DMA IRQ c2=1
DMA IRQ c3=0
SELECT busy=833
SELECT w0=820
SELECT w1=518
SELECT w2=468
BUSY TASK ewma=997
DMA IRQ c0=0
DMA IRQ c1=0
DMA IRQ c2=1
DMA IRQ c3=0
SELECT busy=865
SELECT w0=851
SELECT w1=535
SELECT w2=492
BUSY TASK ewma=997
DMA IRQ c0=0
DMA IRQ c1=0
DMA IRQ c2=1
DMA IRQ c3=0
SELECT busy=899
SELECT w0=886
SELECT w1=561
SELECT w2=512
BUSY TASK ewma=997
DMA IRQ c0=0
DMA IRQ c1=0
DMA IRQ c2=1
DMA IRQ c3=0
SELECT busy=915
SELECT w0=902
SELECT w1=572
SELECT w2=524
BUSY TASK ewma=997
DMA IRQ c0=0
DMA IRQ c1=0
DMA IRQ c2=1
DMA IRQ c3=0
SELECT busy=931
SELECT w0=917
SELECT w1=578
SELECT w2=530
BUSY TASK ewma=997
DMA IRQ c0=0
DMA IRQ c1=0
DMA IRQ c2=1
DMA IRQ c3=0
SELECT busy=946
SELECT w0=932
SELECT w1=584
SELECT w2=539
BUSY TASK ewma=997
DMA IRQ c0=0
DMA IRQ c1=0
DMA IRQ c2=1
DMA IRQ c3=0
SELECT busy=961
SELECT w0=947
SELECT w1=592
SELECT w2=549
BUSY TASK ewma=997
DMA IRQ c0=0
DMA IRQ c1=0
DMA IRQ c2=1
DMA IRQ c3=0
SELECT busy=984
SELECT w0=971
SELECT w1=607
SELECT w2=565
BUSY TASK ewma=997
DMA IRQ c0=0
DMA IRQ c1=0
DMA IRQ c2=1
DMA IRQ c3=0
SELECT busy=1019
SELECT w0=1007
SELECT w1=636
SELECT w2=586
BUSY TASK ewma=997
DMA IRQ c0=0
DMA IRQ c1=0
DMA IRQ c2=1
DMA IRQ c3=0
SELECT busy=1036
SELECT w0=1023
SELECT w1=646
SELECT w2=594
BUSY TASK ewma=997
DMA IRQ c0=0
DMA IRQ c1=0
DMA IRQ c2=1
DMA IRQ c3=0
SELECT busy=1062
SELECT w0=1048
SELECT w1=662
SELECT w2=608
BUSY TASK ewma=997
DMA IRQ c0=0
DMA IRQ c1=0
DMA IRQ c2=1
DMA IRQ c3=0
SELECT busy=1093
SELECT w0=1079
SELECT w1=678
SELECT w2=629
BUSY TASK ewma=997
DMA IRQ c0=0
DMA IRQ c1=0
DMA IRQ c2=1
DMA IRQ c3=0
SELECT busy=1116
SELECT w0=1102
SELECT w1=693
SELECT w2=639
BUSY TASK ewma=997
DMA IRQ c0=0
DMA IRQ c1=0
DMA IRQ c2=1
DMA IRQ c3=0
SELECT busy=1151
SELECT w0=1140
SELECT w1=719
SELECT w2=655
BUSY TASK ewma=997
DMA IRQ c0=0
DMA IRQ c1=0
DMA IRQ c2=1
DMA IRQ c3=0
SELECT busy=1187
SELECT w0=1173
SELECT w1=737
SELECT w2=676
BUSY TASK ewma=997
DMA IRQ c0=0
DMA IRQ c1=0
DMA IRQ c2=1
DMA IRQ c3=0
SELECT busy=1206
SELECT w0=1192
SELECT w1=749
SELECT w2=694
BUSY TASK ewma=997
DMA IRQ c0=0
DMA IRQ c1=0
DMA IRQ c2=1
DMA IRQ c3=0
SELECT busy=1225
SELECT w0=1213
SELECT w1=766
SELECT w2=707
BUSY TASK ewma=997
DMA IRQ c0=0
DMA IRQ c1=0
DMA IRQ c2=1
DMA IRQ c3=0
SELECT busy=1251
SELECT w0=1238
SELECT w1=780
SELECT w2=722
BUSY TASK ewma=997
DMA IRQ c0=0
DMA IRQ c1=0
DMA IRQ c2=1
DMA IRQ c3=0
SELECT busy=1274
SELECT w0=1260
SELECT w1=792
SELECT w2=734
BUSY TASK ewma=997
DMA IRQ c0=0
DMA IRQ c1=0
DMA IRQ c2=1
DMA IRQ c3=0
SELECT busy=1296
SELECT w0=1282
SELECT w1=803
SELECT w2=746
BUSY TASK ewma=997
DMA IRQ c0=0
DMA IRQ c1=0
DMA IRQ c2=1
DMA IRQ c3=0
SELECT busy=1313
SELECT w0=1299
SELECT w1=811
SELECT w2=755
BUSY TASK ewma=997
DMA IRQ c0=0
DMA IRQ c1=0
DMA IRQ c2=1
DMA IRQ c3=0
SELECT busy=1329
SELECT w0=1315
SELECT w1=816
SELECT w2=761
BUSY TASK ewma=997
DMA IRQ c0=0
DMA IRQ c1=0
DMA IRQ c2=1
DMA IRQ c3=0
SELECT busy=1344
SELECT w0=1330
SELECT w1=824
SELECT w2=768
BUSY TASK ewma=997
DMA IRQ c0=0
DMA IRQ c1=0
DMA IRQ c2=1
DMA IRQ c3=0
SELECT busy=1366
SELECT w0=1353
SELECT w1=843
SELECT w2=791
BUSY TASK ewma=997
DMA IRQ c0=0
DMA IRQ c1=0
DMA IRQ c2=1
DMA IRQ c3=0
SELECT busy=1393
SELECT w0=1380
SELECT w1=861
SELECT w2=805
BUSY TASK ewma=997
DMA IRQ c0=0
DMA IRQ c1=0
DMA IRQ c2=1
DMA IRQ c3=0
SELECT busy=1421
SELECT w0=1407
SELECT w1=875
SELECT w2=821
BUSY TASK ewma=997
DMA IRQ c0=0
DMA IRQ c1=0
DMA IRQ c2=1
DMA IRQ c3=0
SELECT busy=1436
SELECT w0=1423
SELECT w1=882
SELECT w2=829
BUSY TASK ewma=997
IRQ counts: cpu0=2899 cpu1=3565 cpu2=3493 cpu3=3545
SCHED secondaries: calls=10630 unexpected=0
SECTEST switches=10621 cpu1=46319150,42020974 cpu2=34282049,34385690 cpu3=49145222,44693602
PINGPONG rounds=533 pongs=534
DMA IRQ c0=0
DMA IRQ c1=0
DMA IRQ c2=1
DMA IRQ c3=0
SELECT busy=1481
SELECT w0=1467
SELECT w1=913
SELECT w2=858
BUSY TASK ewma=997
DMA IRQ c0=0
DMA IRQ c1=0
DMA IRQ c2=1
DMA IRQ c3=0
SELECT busy=1500
SELECT w0=1487
SELECT w1=925
SELECT w2=868
BUSY TASK ewma=997
DMA IRQ c0=0
DMA IRQ c1=0
DMA IRQ c2=1
DMA IRQ c3=0
SELECT busy=1524
SELECT w0=1511
SELECT w1=940
SELECT w2=890
BUSY TASK ewma=997
DMA IRQ c0=0
DMA IRQ c1=0
DMA IRQ c2=1
DMA IRQ c3=0
SELECT busy=1550
SELECT w0=1536
SELECT w1=948
SELECT w2=896
BUSY TASK ewma=997
DMA IRQ c0=0
DMA IRQ c1=0
DMA IRQ c2=1
DMA IRQ c3=0
SELECT busy=1575
SELECT w0=1564
SELECT w1=960
SELECT w2=910
BUSY TASK ewma=997
DMA IRQ c0=0
DMA IRQ c1=0
DMA IRQ c2=1
DMA IRQ c3=0
SELECT busy=1602
SELECT w0=1588
SELECT w1=972
SELECT w2=919
BUSY TASK ewma=997
DMA IRQ c0=0
DMA IRQ c1=0
DMA IRQ c2=1
DMA IRQ c3=0
SELECT busy=1621
SELECT w0=1608
SELECT w1=982
SELECT w2=929
BUSY TASK ewma=997
DMA IRQ c0=0
DMA IRQ c1=0
DMA IRQ c2=1
DMA IRQ c3=0
SELECT busy=1641
SELECT w0=1627
SELECT w1=994
SELECT w2=940
BUSY TASK ewma=997
DMA IRQ c0=0
DMA IRQ c1=0
DMA IRQ c2=1
DMA IRQ c3=0
SELECT busy=1662
SELECT w0=1648
SELECT w1=1006
SELECT w2=954
BUSY TASK ewma=997
DMA IRQ c0=0
DMA IRQ c1=0
DMA IRQ c2=1
DMA IRQ c3=0
SELECT busy=1684
SELECT w0=1671
SELECT w1=1022
SELECT w2=971
BUSY TASK ewma=997
DMA IRQ c0=0
DMA IRQ c1=0
DMA IRQ c2=1
DMA IRQ c3=0
SELECT busy=1706
SELECT w0=1693
SELECT w1=1035
SELECT w2=984
BUSY TASK ewma=997
DMA IRQ c0=0
DMA IRQ c1=0
DMA IRQ c2=1
DMA IRQ c3=0
SELECT busy=1728
SELECT w0=1714
SELECT w1=1047
SELECT w2=997
BUSY TASK ewma=997
DMA IRQ c0=0
DMA IRQ c1=0
DMA IRQ c2=1
DMA IRQ c3=0
SELECT busy=1759
SELECT w0=1746
SELECT w1=1063
SELECT w2=1020
BUSY TASK ewma=997
DMA IRQ c0=0
DMA IRQ c1=0
DMA IRQ c2=1
DMA IRQ c3=0
SELECT busy=1785
SELECT w0=1775
SELECT w1=1083
SELECT w2=1038
BUSY TASK ewma=997
DMA IRQ c0=0
DMA IRQ c1=0
DMA IRQ c2=1
DMA IRQ c3=0
SELECT busy=1815
SELECT w0=1802
SELECT w1=1103
SELECT w2=1060
BUSY TASK ewma=997
DMA IRQ c0=0
DMA IRQ c1=0
DMA IRQ c2=1
DMA IRQ c3=0
SELECT busy=1846
SELECT w0=1833
SELECT w1=1122
SELECT w2=1076
BUSY TASK ewma=997
DMA IRQ c0=0
DMA IRQ c1=0
DMA IRQ c2=1
DMA IRQ c3=0
SELECT busy=1866
SELECT w0=1852
SELECT w1=1131
SELECT w2=1085
BUSY TASK ewma=997
DMA IRQ c0=0
DMA IRQ c1=0
DMA IRQ c2=1
DMA IRQ c3=0
SELECT busy=1897
SELECT w0=1884
SELECT w1=1147
SELECT w2=1103
BUSY TASK ewma=997
DMA IRQ c0=0
DMA IRQ c1=0
DMA IRQ c2=1
DMA IRQ c3=0
SELECT busy=1917
SELECT w0=1903
SELECT w1=1157
SELECT w2=1110
BUSY TASK ewma=997
DMA IRQ c0=0
DMA IRQ c1=0
DMA IRQ c2=1
DMA IRQ c3=0
SELECT busy=1938
SELECT w0=1924
SELECT w1=1168
SELECT w2=1119
BUSY TASK ewma=997
DMA IRQ c0=0
DMA IRQ c1=0
DMA IRQ c2=1
DMA IRQ c3=0
SELECT busy=1957
SELECT w0=1943
SELECT w1=1177
SELECT w2=1131
BUSY TASK ewma=997
DMA IRQ c0=0
DMA IRQ c1=0
DMA IRQ c2=1
DMA IRQ c3=0
SELECT busy=1978
SELECT w0=1965
SELECT w1=1190
SELECT w2=1143
BUSY TASK ewma=997
DMA IRQ c0=0
DMA IRQ c1=0
DMA IRQ c2=1
DMA IRQ c3=0
SELECT busy=1995
SELECT w0=1981
SELECT w1=1202
SELECT w2=1152
BUSY TASK ewma=997
DMA IRQ c0=0
DMA IRQ c1=0
DMA IRQ c2=1
DMA IRQ c3=0
SELECT busy=2006
SELECT w0=1992
SELECT w1=1205
SELECT w2=1157
BUSY TASK ewma=997
DMA IRQ c0=0
DMA IRQ c1=0
DMA IRQ c2=1
DMA IRQ c3=0
SELECT busy=2020
SELECT w0=2006
SELECT w1=1213
SELECT w2=1165
BUSY TASK ewma=997
DMA IRQ c0=0
DMA IRQ c1=0
DMA IRQ c2=1
DMA IRQ c3=0
SELECT busy=2040
SELECT w0=2027
SELECT w1=1227
SELECT w2=1176
BUSY TASK ewma=997
DMA IRQ c0=0
DMA IRQ c1=0
DMA IRQ c2=1
DMA IRQ c3=0
SELECT busy=2057
SELECT w0=2044
SELECT w1=1239
SELECT w2=1192
BUSY TASK ewma=997
DMA IRQ c0=0
DMA IRQ c1=0
DMA IRQ c2=1
DMA IRQ c3=0
SELECT busy=2080
SELECT w0=2066
SELECT w1=1252
SELECT w2=1202
BUSY TASK ewma=997
DMA IRQ c0=0
DMA IRQ c1=0
DMA IRQ c2=1
DMA IRQ c3=0
SELECT busy=2097
SELECT w0=2083
SELECT w1=1266
SELECT w2=1213
BUSY TASK ewma=997
DMA IRQ c0=0
DMA IRQ c1=0
DMA IRQ c2=1
DMA IRQ c3=0
SELECT busy=2117
SELECT w0=2104
SELECT w1=1285
SELECT w2=1226
BUSY TASK ewma=997
DMA IRQ c0=0
DMA IRQ c1=0
DMA IRQ c2=1
DMA IRQ c3=0
SELECT busy=2140
SELECT w0=2130
SELECT w1=1302
SELECT w2=1244
BUSY TASK ewma=997
DMA IRQ c0=0
DMA IRQ c1=0
DMA IRQ c2=1
DMA IRQ c3=0
SELECT busy=2179
SELECT w0=2166
SELECT w1=1331
SELECT w2=1261
BUSY TASK ewma=997
DMA IRQ c0=0
DMA IRQ c1=0
DMA IRQ c2=1
DMA IRQ c3=0
SELECT busy=2204
SELECT w0=2191
SELECT w1=1349
SELECT w2=1278
BUSY TASK ewma=997
DMA IRQ c0=0
DMA IRQ c1=0
DMA IRQ c2=1
DMA IRQ c3=0
SELECT busy=2233
SELECT w0=2220
SELECT w1=1365
SELECT w2=1291
BUSY TASK ewma=997
DMA IRQ c0=0
DMA IRQ c1=0
DMA IRQ c2=1
DMA IRQ c3=0
SELECT busy=2255
SELECT w0=2242
SELECT w1=1385
SELECT w2=1307
BUSY TASK ewma=997
DMA IRQ c0=0
DMA IRQ c1=0
DMA IRQ c2=1
DMA IRQ c3=0
SELECT busy=2286
SELECT w0=2273
SELECT w1=1406
SELECT w2=1330
BUSY TASK ewma=997
DMA IRQ c0=0
DMA IRQ c1=0
DMA IRQ c2=1
DMA IRQ c3=0
SELECT busy=2306
SELECT w0=2293
SELECT w1=1423
SELECT w2=1348
BUSY TASK ewma=997
DMA IRQ c0=0
DMA IRQ c1=0
DMA IRQ c2=1
DMA IRQ c3=0
SELECT busy=2333
SELECT w0=2324
SELECT w1=1443
SELECT w2=1361
BUSY TASK ewma=997
DMA IRQ c0=0
DMA IRQ c1=0
DMA IRQ c2=1
DMA IRQ c3=0
SELECT busy=2362
SELECT w0=2348
SELECT w1=1456
SELECT w2=1373
BUSY TASK ewma=997
DMA IRQ c0=0
DMA IRQ c1=0
DMA IRQ c2=1
DMA IRQ c3=0
SELECT busy=2377
SELECT w0=2364
SELECT w1=1463
SELECT w2=1380
BUSY TASK ewma=997
DMA IRQ c0=0
DMA IRQ c1=0
DMA IRQ c2=1
DMA IRQ c3=0
SELECT busy=2404
SELECT w0=2391
SELECT w1=1484
SELECT w2=1393
BUSY TASK ewma=997
DMA IRQ c0=0
DMA IRQ c1=0
DMA IRQ c2=1
DMA IRQ c3=0
SELECT busy=2430
SELECT w0=2416
SELECT w1=1493
SELECT w2=1404
BUSY TASK ewma=997
DMA IRQ c0=0
DMA IRQ c1=0
DMA IRQ c2=1
DMA IRQ c3=0
SELECT busy=2448
SELECT w0=2435
SELECT w1=1505
SELECT w2=1417
BUSY TASK ewma=997
DMA IRQ c0=0
DMA IRQ c1=0
DMA IRQ c2=1
DMA IRQ c3=0
SELECT busy=2473
SELECT w0=2459
SELECT w1=1519
SELECT w2=1432
BUSY TASK ewma=997
DMA IRQ c0=0
DMA IRQ c1=0
DMA IRQ c2=1
DMA IRQ c3=0
SELECT busy=2501
SELECT w0=2488
SELECT w1=1537
SELECT w2=1446
BUSY TASK ewma=997
DMA IRQ c0=0
DMA IRQ c1=0
DMA IRQ c2=1
DMA IRQ c3=0
SELECT busy=2521
SELECT w0=2508
SELECT w1=1555
SELECT w2=1464
BUSY TASK ewma=997
DMA IRQ c0=0
DMA IRQ c1=0
DMA IRQ c2=1
DMA IRQ c3=0
SELECT busy=2542
SELECT w0=2529
SELECT w1=1580
SELECT w2=1482
BUSY TASK ewma=997
DMA IRQ c0=0
DMA IRQ c1=0
DMA IRQ c2=1
DMA IRQ c3=0
SELECT busy=2565
SELECT w0=2552
SELECT w1=1600
SELECT w2=1501
BUSY TASK ewma=997
DMA IRQ c0=0
DMA IRQ c1=0
DMA IRQ c2=1
DMA IRQ c3=0
SELECT busy=2593
SELECT w0=2580
SELECT w1=1617
SELECT w2=1514
BUSY TASK ewma=997
DMA IRQ c0=0
DMA IRQ c1=0
DMA IRQ c2=1
DMA IRQ c3=0
SELECT busy=2611
SELECT w0=2598
SELECT w1=1628
SELECT w2=1528
BUSY TASK ewma=997
DMA IRQ c0=0
DMA IRQ c1=0
DMA IRQ c2=1
DMA IRQ c3=0
SELECT busy=2641
SELECT w0=2628
SELECT w1=1643
SELECT w2=1547
BUSY TASK ewma=997
DMA IRQ c0=0
DMA IRQ c1=0
DMA IRQ c2=1
DMA IRQ c3=0
SELECT busy=2655
SELECT w0=2642
SELECT w1=1650
SELECT w2=1554
BUSY TASK ewma=997
DMA IRQ c0=0
DMA IRQ c1=0
DMA IRQ c2=1
DMA IRQ c3=0
SELECT busy=2683
SELECT w0=2671
SELECT w1=1673
SELECT w2=1568
BUSY TASK ewma=997
DMA IRQ c0=0
DMA IRQ c1=0
DMA IRQ c2=1
DMA IRQ c3=0
SELECT busy=2703
SELECT w0=2690
SELECT w1=1678
SELECT w2=1573
BUSY TASK ewma=997
DMA IRQ c0=0
DMA IRQ c1=0
DMA IRQ c2=1
DMA IRQ c3=0
SELECT busy=2732
SELECT w0=2719
SELECT w1=1691
SELECT w2=1588
BUSY TASK ewma=997
DMA IRQ c0=0
DMA IRQ c1=0
DMA IRQ c2=1
DMA IRQ c3=0
SELECT busy=2755
SELECT w0=2742
SELECT w1=1704
SELECT w2=1601
BUSY TASK ewma=997
DMA IRQ c0=0
DMA IRQ c1=0
DMA IRQ c2=1
DMA IRQ c3=0
SELECT busy=2777
SELECT w0=2763
SELECT w1=1719
SELECT w2=1612
BUSY TASK ewma=997
DMA IRQ c0=0
DMA IRQ c1=0
DMA IRQ c2=1
DMA IRQ c3=0
SELECT busy=2798
SELECT w0=2784
SELECT w1=1732
SELECT w2=1630
BUSY TASK ewma=997
DMA IRQ c0=0
DMA IRQ c1=0
DMA IRQ c2=1
DMA IRQ c3=0
SELECT busy=2820
SELECT w0=2807
SELECT w1=1743
SELECT w2=1646
BUSY TASK ewma=997
DMA IRQ c0=0
DMA IRQ c1=0
DMA IRQ c2=1
DMA IRQ c3=0
SELECT busy=2843
SELECT w0=2829
SELECT w1=1754
SELECT w2=1660
BUSY TASK ewma=997
DMA IRQ c0=0
DMA IRQ c1=0
DMA IRQ c2=1
DMA IRQ c3=0
SELECT busy=2862
SELECT w0=2848
SELECT w1=1765
SELECT w2=1667
BUSY TASK ewma=997
DMA IRQ c0=0
DMA IRQ c1=0
DMA IRQ c2=1
DMA IRQ c3=0
SELECT busy=2879
SELECT w0=2866
SELECT w1=1771
SELECT w2=1674
BUSY TASK ewma=997
DMA IRQ c0=0
DMA IRQ c1=0
DMA IRQ c2=1
DMA IRQ c3=0
SELECT busy=2903
SELECT w0=2889
SELECT w1=1785
SELECT w2=1692
BUSY TASK ewma=997
DMA IRQ c0=0
DMA IRQ c1=0
DMA IRQ c2=1
DMA IRQ c3=0
SELECT busy=2923
SELECT w0=2910
SELECT w1=1799
SELECT w2=1703
BUSY TASK ewma=997
IRQ counts: cpu0=5863 cpu1=7324 cpu2=7082 cpu3=7081
SCHED secondaries: calls=21495 unexpected=0
SECTEST switches=21486 cpu1=95309110,88502035 cpu2=68204898,68752565 cpu3=94797810,91910078
PINGPONG rounds=1075 pongs=1076
DMA IRQ c0=0
DMA IRQ c1=0
DMA IRQ c2=1
DMA IRQ c3=0
SELECT busy=2955
SELECT w0=2941
SELECT w1=1814
SELECT w2=1718
BUSY TASK ewma=997
DMA IRQ c0=0
DMA IRQ c1=0
DMA IRQ c2=1
DMA IRQ c3=0
SELECT busy=2973
SELECT w0=2960
SELECT w1=1821
SELECT w2=1723
BUSY TASK ewma=997
DMA IRQ c0=0
DMA IRQ c1=0
DMA IRQ c2=1
DMA IRQ c3=0
SELECT busy=2992
SELECT w0=2979
SELECT w1=1829
SELECT w2=1739
BUSY TASK ewma=997
DMA IRQ c0=0
DMA IRQ c1=0
DMA IRQ c2=1
DMA IRQ c3=0
SELECT busy=3009
SELECT w0=2995
SELECT w1=1840
SELECT w2=1752
BUSY TASK ewma=997
DMA IRQ c0=0
DMA IRQ c1=0
DMA IRQ c2=1
DMA IRQ c3=0
SELECT busy=3032
SELECT w0=3018
SELECT w1=1856
SELECT w2=1765
BUSY TASK ewma=997
DMA IRQ c0=0
DMA IRQ c1=0
DMA IRQ c2=1
DMA IRQ c3=0
SELECT busy=3055
SELECT w0=3043
SELECT w1=1869
SELECT w2=1787
BUSY TASK ewma=997
DMA IRQ c0=0
DMA IRQ c1=0
DMA IRQ c2=1
DMA IRQ c3=0
SELECT busy=3079
SELECT w0=3065
SELECT w1=1885
SELECT w2=1799
BUSY TASK ewma=997
DMA IRQ c0=0
DMA IRQ c1=0
DMA IRQ c2=1
DMA IRQ c3=0
SELECT busy=3097
SELECT w0=3084
SELECT w1=1895
SELECT w2=1811
BUSY TASK ewma=997
DMA IRQ c0=0
DMA IRQ c1=0
DMA IRQ c2=1
DMA IRQ c3=0
SELECT busy=3114
SELECT w0=3100
SELECT w1=1901
SELECT w2=1819
BUSY TASK ewma=997
DMA IRQ c0=0
DMA IRQ c1=0
DMA IRQ c2=1
DMA IRQ c3=0
SELECT busy=3130
SELECT w0=3117
SELECT w1=1911
SELECT w2=1828
BUSY TASK ewma=997
DMA IRQ c0=0
DMA IRQ c1=0
DMA IRQ c2=1
DMA IRQ c3=0
SELECT busy=3148
SELECT w0=3135
SELECT w1=1918
SELECT w2=1835
BUSY TASK ewma=997
DMA IRQ c0=0
DMA IRQ c1=0
DMA IRQ c2=1
DMA IRQ c3=0
SELECT busy=3169
SELECT w0=3156
SELECT w1=1928
SELECT w2=1846
BUSY TASK ewma=997
DMA IRQ c0=0
DMA IRQ c1=0
DMA IRQ c2=1
DMA IRQ c3=0
SELECT busy=3192
SELECT w0=3181
SELECT w1=1952
SELECT w2=1863
BUSY TASK ewma=997
DMA IRQ c0=0
DMA IRQ c1=0
DMA IRQ c2=1
DMA IRQ c3=0
SELECT busy=3210
SELECT w0=3196
SELECT w1=1963
SELECT w2=1868
BUSY TASK ewma=997
DMA IRQ c0=0
DMA IRQ c1=0
DMA IRQ c2=1
DMA IRQ c3=0
SELECT busy=3228
SELECT w0=3214
SELECT w1=1967
SELECT w2=1875
BUSY TASK ewma=997
DMA IRQ c0=0
DMA IRQ c1=0
DMA IRQ c2=1
DMA IRQ c3=0
SELECT busy=3254
SELECT w0=3240
SELECT w1=1985
SELECT w2=1890
BUSY TASK ewma=997
DMA IRQ c0=0
DMA IRQ c1=0
DMA IRQ c2=1
DMA IRQ c3=0
SELECT busy=3272
SELECT w0=3258
SELECT w1=1995
SELECT w2=1899
BUSY TASK ewma=997
DMA IRQ c0=0
DMA IRQ c1=0
DMA IRQ c2=1
DMA IRQ c3=0
SELECT busy=3285
SELECT w0=3273
SELECT w1=2014
SELECT w2=1915
BUSY TASK ewma=997
DMA IRQ c0=0
DMA IRQ c1=0
DMA IRQ c2=1
DMA IRQ c3=0
SELECT busy=3308
SELECT w0=3294
SELECT w1=2019
SELECT w2=1919
BUSY TASK ewma=997
DMA IRQ c0=0
qemu-system-aarch64: terminating on signal 15 from pid 228877 (timeout)
