P4 M7: full integration test boot OK
CPU0: MPIDR_EL1=0x0000000080000000
CPU0: psci_cpu_on target=1 rc=0
CPU1: alive, MPIDR_EL1=0x0000000080000001 this_cpu()->cpu_id=1
CPU0: psci_cpu_on target=2 rc=0
CPU2: alive, MPIDR_EL1=0x0000000080000002 this_cpu()->cpu_id=2
CPU0: psci_cpu_on target=3 rc=0
CPU3: alive, MPIDR_EL1=0x0000000080000003 this_cpu()->cpu_id=3
CPUs online: 4
DMA IRQ target cpu=2
D2b: worker 1 runs on CPU1
D2b: worker 0 runs on CPU0
D2b: worker 2 runs on CPU2
P4 M7: worker submitted cmd_id=3
P4 M7: worker submitted cmd_id=2
P4 M7: worker DATA OK, cmd_id=3
P4 M7: worker submitted cmd_id=1
P4 M7: worker DATA OK, cmd_id=2
P4 M7: worker DATA OK, cmd_id=1
WORKER ewma=831
WORKER ewma=759
WORKER ewma=759
BUSY TASK ewma=997
DMA IRQ c0=0
DMA IRQ c1=0
DMA IRQ c2=1
DMA IRQ c3=0
SELECT busy=21
SELECT w0=20
SELECT w1=16
SELECT w2=13
BUSY TASK ewma=997
DMA IRQ c0=0
DMA IRQ c1=0
DMA IRQ c2=1
DMA IRQ c3=0
SELECT busy=40
SELECT w0=39
SELECT w1=33
SELECT w2=28
BUSY TASK ewma=997
DMA IRQ c0=0
DMA IRQ c1=0
DMA IRQ c2=1
DMA IRQ c3=0
SELECT busy=58
SELECT w0=57
SELECT w1=61
SELECT w2=54
BUSY TASK ewma=997
DMA IRQ c0=0
DMA IRQ c1=0
DMA IRQ c2=1
DMA IRQ c3=0
SELECT busy=77
SELECT w0=77
SELECT w1=104
SELECT w2=100
BUSY TASK ewma=997
DMA IRQ c0=0
DMA IRQ c1=0
DMA IRQ c2=1
DMA IRQ c3=0
SELECT busy=99
SELECT w0=98
SELECT w1=131
SELECT w2=127
BUSY TASK ewma=997
DMA IRQ c0=0
DMA IRQ c1=0
DMA IRQ c2=1
DMA IRQ c3=0
SELECT busy=117
SELECT w0=116
SELECT w1=155
SELECT w2=154
BUSY TASK ewma=997
DMA IRQ c0=0
DMA IRQ c1=0
DMA IRQ c2=1
DMA IRQ c3=0
SELECT busy=127
SELECT w0=127
SELECT w1=159
SELECT w2=161
BUSY TASK ewma=997
DMA IRQ c0=0
DMA IRQ c1=0
DMA IRQ c2=1
DMA IRQ c3=0
SELECT busy=149
SELECT w0=149
SELECT w1=170
SELECT w2=179
BUSY TASK ewma=997
DMA IRQ c0=0
DMA IRQ c1=0
DMA IRQ c2=1
DMA IRQ c3=0
SELECT busy=159
SELECT w0=158
SELECT w1=174
SELECT w2=185
BUSY TASK ewma=997
DMA IRQ c0=0
DMA IRQ c1=0
DMA IRQ c2=1
DMA IRQ c3=0
SELECT busy=179
SELECT w0=179
SELECT w1=186
SELECT w2=199
BUSY TASK ewma=997
DMA IRQ c0=0
DMA IRQ c1=0
DMA IRQ c2=1
DMA IRQ c3=0
SELECT busy=204
SELECT w0=203
SELECT w1=197
SELECT w2=210
BUSY TASK ewma=997
DMA IRQ c0=0
DMA IRQ c1=0
DMA IRQ c2=1
DMA IRQ c3=0
SELECT busy=224
SELECT w0=223
SELECT w1=207
SELECT w2=224
BUSY TASK ewma=997
DMA IRQ c0=0
DMA IRQ c1=0
DMA IRQ c2=1
DMA IRQ c3=0
SELECT busy=257
SELECT w0=257
SELECT w1=231
SELECT w2=244
BUSY TASK ewma=997
DMA IRQ c0=0
DMA IRQ c1=0
DMA IRQ c2=1
DMA IRQ c3=0
SELECT busy=276
SELECT w0=276
SELECT w1=238
SELECT w2=252
BUSY TASK ewma=997
DMA IRQ c0=0
DMA IRQ c1=0
DMA IRQ c2=1
DMA IRQ c3=0
SELECT busy=299
SELECT w0=298
SELECT w1=249
SELECT w2=276
BUSY TASK ewma=997
DMA IRQ c0=0
DMA IRQ c1=0
DMA IRQ c2=1
DMA IRQ c3=0
SELECT busy=319
SELECT w0=319
SELECT w1=261
SELECT w2=286
BUSY TASK ewma=997
DMA IRQ c0=0
DMA IRQ c1=0
DMA IRQ c2=1
DMA IRQ c3=0
SELECT busy=341
SELECT w0=341
SELECT w1=273
SELECT w2=301
BUSY TASK ewma=997
DMA IRQ c0=0
DMA IRQ c1=0
DMA IRQ c2=1
DMA IRQ c3=0
SELECT busy=361
SELECT w0=360
SELECT w1=283
SELECT w2=314
BUSY TASK ewma=997
DMA IRQ c0=0
DMA IRQ c1=0
DMA IRQ c2=1
DMA IRQ c3=0
SELECT busy=377
SELECT w0=376
SELECT w1=292
SELECT w2=323
BUSY TASK ewma=997
DMA IRQ c0=0
DMA IRQ c1=0
DMA IRQ c2=1
DMA IRQ c3=0
SELECT busy=401
SELECT w0=401
SELECT w1=311
SELECT w2=343
BUSY TASK ewma=997
DMA IRQ c0=0
DMA IRQ c1=0
DMA IRQ c2=1
DMA IRQ c3=0
SELECT busy=429
SELECT w0=431
SELECT w1=329
SELECT w2=364
BUSY TASK ewma=997
DMA IRQ c0=0
DMA IRQ c1=0
DMA IRQ c2=1
DMA IRQ c3=0
SELECT busy=453
SELECT w0=454
SELECT w1=342
SELECT w2=376
BUSY TASK ewma=997
DMA IRQ c0=0
DMA IRQ c1=0
DMA IRQ c2=1
DMA IRQ c3=0
SELECT busy=487
SELECT w0=487
SELECT w1=361
SELECT w2=396
BUSY TASK ewma=997
DMA IRQ c0=0
DMA IRQ c1=0
DMA IRQ c2=1
DMA IRQ c3=0
SELECT busy=507
SELECT w0=507
SELECT w1=376
SELECT w2=414
BUSY TASK ewma=997
DMA IRQ c0=0
DMA IRQ c1=0
DMA IRQ c2=1
DMA IRQ c3=0
SELECT busy=529
SELECT w0=528
SELECT w1=386
SELECT w2=425
BUSY TASK ewma=997
DMA IRQ c0=0
DMA IRQ c1=0
DMA IRQ c2=1
DMA IRQ c3=0
SELECT busy=553
SELECT w0=553
SELECT w1=409
SELECT w2=441
BUSY TASK ewma=997
DMA IRQ c0=0
DMA IRQ c1=0
DMA IRQ c2=1
DMA IRQ c3=0
SELECT busy=578
SELECT w0=577
SELECT w1=421
SELECT w2=453
BUSY TASK ewma=997
DMA IRQ c0=0
DMA IRQ c1=0
DMA IRQ c2=1
DMA IRQ c3=0
SELECT busy=596
SELECT w0=595
SELECT w1=426
SELECT w2=458
BUSY TASK ewma=997
DMA IRQ c0=0
DMA IRQ c1=0
DMA IRQ c2=1
DMA IRQ c3=0
SELECT busy=616
SELECT w0=615
SELECT w1=440
SELECT w2=470
BUSY TASK ewma=997
DMA IRQ c0=0
DMA IRQ c1=0
DMA IRQ c2=1
DMA IRQ c3=0
SELECT busy=630
SELECT w0=629
SELECT w1=449
SELECT w2=476
BUSY TASK ewma=997
DMA IRQ c0=0
DMA IRQ c1=0
DMA IRQ c2=1
DMA IRQ c3=0
SELECT busy=648
SELECT w0=648
SELECT w1=457
SELECT w2=486
BUSY TASK ewma=997
DMA IRQ c0=0
DMA IRQ c1=0
DMA IRQ c2=1
DMA IRQ c3=0
SELECT busy=668
SELECT w0=667
SELECT w1=468
SELECT w2=503
BUSY TASK ewma=997
DMA IRQ c0=0
DMA IRQ c1=0
DMA IRQ c2=1
DMA IRQ c3=0
SELECT busy=688
SELECT w0=688
SELECT w1=483
SELECT w2=523
BUSY TASK ewma=997
DMA IRQ c0=0
DMA IRQ c1=0
DMA IRQ c2=1
DMA IRQ c3=0
SELECT busy=711
SELECT w0=712
SELECT w1=500
SELECT w2=548
BUSY TASK ewma=997
DMA IRQ c0=0
DMA IRQ c1=0
DMA IRQ c2=1
DMA IRQ c3=0
SELECT busy=738
SELECT w0=737
SELECT w1=510
SELECT w2=556
BUSY TASK ewma=997
DMA IRQ c0=0
DMA IRQ c1=0
DMA IRQ c2=1
DMA IRQ c3=0
SELECT busy=756
SELECT w0=756
SELECT w1=521
SELECT w2=568
BUSY TASK ewma=997
DMA IRQ c0=0
DMA IRQ c1=0
DMA IRQ c2=1
DMA IRQ c3=0
SELECT busy=777
SELECT w0=776
SELECT w1=533
SELECT w2=579
BUSY TASK ewma=997
DMA IRQ c0=0
DMA IRQ c1=0
DMA IRQ c2=1
DMA IRQ c3=0
SELECT busy=803
SELECT w0=802
SELECT w1=551
SELECT w2=596
BUSY TASK ewma=997
DMA IRQ c0=0
DMA IRQ c1=0
DMA IRQ c2=1
DMA IRQ c3=0
SELECT busy=825
SELECT w0=824
SELECT w1=562
SELECT w2=613
BUSY TASK ewma=997
DMA IRQ c0=0
DMA IRQ c1=0
DMA IRQ c2=1
DMA IRQ c3=0
SELECT busy=847
SELECT w0=847
SELECT w1=576
SELECT w2=629
BUSY TASK ewma=997
DMA IRQ c0=0
DMA IRQ c1=0
DMA IRQ c2=1
DMA IRQ c3=0
SELECT busy=869
SELECT w0=869
SELECT w1=585
SELECT w2=641
BUSY TASK ewma=997
DMA IRQ c0=0
DMA IRQ c1=0
DMA IRQ c2=1
DMA IRQ c3=0
SELECT busy=899
SELECT w0=899
SELECT w1=607
SELECT w2=657
BUSY TASK ewma=997
DMA IRQ c0=0
DMA IRQ c1=0
DMA IRQ c2=1
DMA IRQ c3=0
SELECT busy=923
SELECT w0=924
SELECT w1=631
SELECT w2=673
BUSY TASK ewma=997
DMA IRQ c0=0
DMA IRQ c1=0
DMA IRQ c2=1
DMA IRQ c3=0
SELECT busy=952
SELECT w0=954
SELECT w1=652
SELECT w2=690
BUSY TASK ewma=997
DMA IRQ c0=0
DMA IRQ c1=0
DMA IRQ c2=1
DMA IRQ c3=0
SELECT busy=977
SELECT w0=977
SELECT w1=665
SELECT w2=702
BUSY TASK ewma=997
DMA IRQ c0=0
DMA IRQ c1=0
DMA IRQ c2=1
DMA IRQ c3=0
SELECT busy=1010
SELECT w0=1010
SELECT w1=687
SELECT w2=730
BUSY TASK ewma=997
DMA IRQ c0=0
DMA IRQ c1=0
DMA IRQ c2=1
DMA IRQ c3=0
SELECT busy=1037
SELECT w0=1036
SELECT w1=704
SELECT w2=752
BUSY TASK ewma=997
DMA IRQ c0=0
DMA IRQ c1=0
DMA IRQ c2=1
DMA IRQ c3=0
SELECT busy=1063
SELECT w0=1066
SELECT w1=721
SELECT w2=768
BUSY TASK ewma=997
DMA IRQ c0=0
DMA IRQ c1=0
DMA IRQ c2=1
DMA IRQ c3=0
SELECT busy=1102
SELECT w0=1103
SELECT w1=746
SELECT w2=799
BUSY TASK ewma=997
DMA IRQ c0=0
DMA IRQ c1=0
DMA IRQ c2=1
DMA IRQ c3=0
SELECT busy=1128
SELECT w0=1128
SELECT w1=757
SELECT w2=812
BUSY TASK ewma=997
DMA IRQ c0=0
DMA IRQ c1=0
DMA IRQ c2=1
DMA IRQ c3=0
SELECT busy=1149
SELECT w0=1149
SELECT w1=770
SELECT w2=827
BUSY TASK ewma=997
DMA IRQ c0=0
DMA IRQ c1=0
DMA IRQ c2=1
DMA IRQ c3=0
SELECT busy=1173
SELECT w0=1173
SELECT w1=779
SELECT w2=838
BUSY TASK ewma=997
DMA IRQ c0=0
DMA IRQ c1=0
DMA IRQ c2=1
DMA IRQ c3=0
SELECT busy=1205
SELECT w0=1204
SELECT w1=794
SELECT w2=852
BUSY TASK ewma=997
DMA IRQ c0=0
DMA IRQ c1=0
DMA IRQ c2=1
DMA IRQ c3=0
SELECT busy=1228
SELECT w0=1228
SELECT w1=805
SELECT w2=862
BUSY TASK ewma=997
DMA IRQ c0=0
DMA IRQ c1=0
DMA IRQ c2=1
DMA IRQ c3=0
SELECT busy=1251
SELECT w0=1251
SELECT w1=819
SELECT w2=879
BUSY TASK ewma=997
DMA IRQ c0=0
DMA IRQ c1=0
DMA IRQ c2=1
DMA IRQ c3=0
SELECT busy=1274
SELECT w0=1274
SELECT w1=832
SELECT w2=891
BUSY TASK ewma=997
DMA IRQ c0=0
DMA IRQ c1=0
DMA IRQ c2=1
DMA IRQ c3=0
SELECT busy=1294
SELECT w0=1296
SELECT w1=846
SELECT w2=903
BUSY TASK ewma=997
DMA IRQ c0=0
DMA IRQ c1=0
DMA IRQ c2=1
DMA IRQ c3=0
SELECT busy=1327
SELECT w0=1329
SELECT w1=865
SELECT w2=923
BUSY TASK ewma=997
DMA IRQ c0=0
DMA IRQ c1=0
DMA IRQ c2=1
DMA IRQ c3=0
SELECT busy=1348
SELECT w0=1348
SELECT w1=877
SELECT w2=932
BUSY TASK ewma=997
DMA IRQ c0=0
DMA IRQ c1=0
DMA IRQ c2=1
DMA IRQ c3=0
SELECT busy=1368
SELECT w0=1368
SELECT w1=884
SELECT w2=940
BUSY TASK ewma=997
DMA IRQ c0=0
DMA IRQ c1=0
DMA IRQ c2=1
DMA IRQ c3=0
SELECT busy=1391
SELECT w0=1393
SELECT w1=899
SELECT w2=953
BUSY TASK ewma=997
DMA IRQ c0=0
DMA IRQ c1=0
DMA IRQ c2=1
DMA IRQ c3=0
SELECT busy=1414
SELECT w0=1414
SELECT w1=908
SELECT w2=963
BUSY TASK ewma=997
DMA IRQ c0=0
DMA IRQ c1=0
DMA IRQ c2=1
DMA IRQ c3=0
SELECT busy=1433
SELECT w0=1432
SELECT w1=921
SELECT w2=972
BUSY TASK ewma=997
IRQ counts: cpu0=2905 cpu1=3486 cpu2=3665 cpu3=3377
SCHED secondaries: calls=10547 unexpected=0
SECTEST switches=10531 cpu1=39470010,38155965 cpu2=34268744,31611422 cpu3=46812612,48845569
PINGPONG rounds=671 pongs=672
DMA IRQ c0=0
DMA IRQ c1=0
DMA IRQ c2=1
DMA IRQ c3=0
SELECT busy=1477
SELECT w0=1478
SELECT w1=954
SELECT w2=1011
BUSY TASK ewma=997
DMA IRQ c0=0
DMA IRQ c1=0
DMA IRQ c2=1
DMA IRQ c3=0
SELECT busy=1509
SELECT w0=1508
SELECT w1=978
SELECT w2=1023
BUSY TASK ewma=997
DMA IRQ c0=0
DMA IRQ c1=0
DMA IRQ c2=1
DMA IRQ c3=0
SELECT busy=1530
SELECT w0=1530
SELECT w1=993
SELECT w2=1044
BUSY TASK ewma=997
DMA IRQ c0=0
DMA IRQ c1=0
DMA IRQ c2=1
DMA IRQ c3=0
SELECT busy=1554
SELECT w0=1554
SELECT w1=1008
SELECT w2=1066
BUSY TASK ewma=997
DMA IRQ c0=0
DMA IRQ c1=0
DMA IRQ c2=1
DMA IRQ c3=0
SELECT busy=1569
SELECT w0=1568
SELECT w1=1017
SELECT w2=1076
BUSY TASK ewma=997
DMA IRQ c0=0
DMA IRQ c1=0
DMA IRQ c2=1
DMA IRQ c3=0
SELECT busy=1599
SELECT w0=1600
SELECT w1=1045
SELECT w2=1096
BUSY TASK ewma=997
DMA IRQ c0=0
DMA IRQ c1=0
DMA IRQ c2=1
DMA IRQ c3=0
SELECT busy=1626
SELECT w0=1626
SELECT w1=1064
SELECT w2=1112
BUSY TASK ewma=997
DMA IRQ c0=0
DMA IRQ c1=0
DMA IRQ c2=1
DMA IRQ c3=0
SELECT busy=1651
SELECT w0=1651
SELECT w1=1085
SELECT w2=1129
BUSY TASK ewma=997
DMA IRQ c0=0
DMA IRQ c1=0
DMA IRQ c2=1
DMA IRQ c3=0
SELECT busy=1685
SELECT w0=1687
SELECT w1=1106
SELECT w2=1146
BUSY TASK ewma=997
DMA IRQ c0=0
DMA IRQ c1=0
DMA IRQ c2=1
DMA IRQ c3=0
SELECT busy=1712
SELECT w0=1712
SELECT w1=1133
SELECT w2=1165
BUSY TASK ewma=997
DMA IRQ c0=0
DMA IRQ c1=0
DMA IRQ c2=1
DMA IRQ c3=0
SELECT busy=1745
SELECT w0=1745
SELECT w1=1158
SELECT w2=1182
BUSY TASK ewma=997
DMA IRQ c0=0
DMA IRQ c1=0
DMA IRQ c2=1
DMA IRQ c3=0
SELECT busy=1775
SELECT w0=1776
SELECT w1=1188
SELECT w2=1203
BUSY TASK ewma=997
DMA IRQ c0=0
DMA IRQ c1=0
DMA IRQ c2=1
DMA IRQ c3=0
SELECT busy=1803
SELECT w0=1803
SELECT w1=1216
SELECT w2=1222
BUSY TASK ewma=997
DMA IRQ c0=0
DMA IRQ c1=0
DMA IRQ c2=1
DMA IRQ c3=0
SELECT busy=1835
SELECT w0=1835
SELECT w1=1241
SELECT w2=1244
BUSY TASK ewma=997
DMA IRQ c0=0
DMA IRQ c1=0
DMA IRQ c2=1
DMA IRQ c3=0
SELECT busy=1867
SELECT w0=1867
SELECT w1=1260
SELECT w2=1257
BUSY TASK ewma=997
DMA IRQ c0=0
DMA IRQ c1=0
DMA IRQ c2=1
DMA IRQ c3=0
SELECT busy=1887
SELECT w0=1888
SELECT w1=1271
SELECT w2=1267
BUSY TASK ewma=997
DMA IRQ c0=0
DMA IRQ c1=0
DMA IRQ c2=1
DMA IRQ c3=0
SELECT busy=1912
SELECT w0=1912
SELECT w1=1287
SELECT w2=1281
BUSY TASK ewma=997
DMA IRQ c0=0
DMA IRQ c1=0
DMA IRQ c2=1
DMA IRQ c3=0
SELECT busy=1938
SELECT w0=1937
SELECT w1=1302
SELECT w2=1292
BUSY TASK ewma=997
DMA IRQ c0=0
DMA IRQ c1=0
DMA IRQ c2=1
DMA IRQ c3=0
SELECT busy=1963
SELECT w0=1962
SELECT w1=1313
SELECT w2=1302
BUSY TASK ewma=997
DMA IRQ c0=0
DMA IRQ c1=0
DMA IRQ c2=1
DMA IRQ c3=0
SELECT busy=1980
SELECT w0=1980
SELECT w1=1318
SELECT w2=1305
BUSY TASK ewma=997
DMA IRQ c0=0
DMA IRQ c1=0
DMA IRQ c2=1
DMA IRQ c3=0
SELECT busy=2004
SELECT w0=2003
SELECT w1=1328
SELECT w2=1318
BUSY TASK ewma=997
DMA IRQ c0=0
DMA IRQ c1=0
DMA IRQ c2=1
DMA IRQ c3=0
SELECT busy=2027
SELECT w0=2026
SELECT w1=1341
SELECT w2=1329
BUSY TASK ewma=997
DMA IRQ c0=0
DMA IRQ c1=0
DMA IRQ c2=1
DMA IRQ c3=0
SELECT busy=2047
SELECT w0=2047
SELECT w1=1351
SELECT w2=1341
BUSY TASK ewma=997
DMA IRQ c0=0
DMA IRQ c1=0
DMA IRQ c2=1
DMA IRQ c3=0
SELECT busy=2072
SELECT w0=2071
SELECT w1=1364
SELECT w2=1354
BUSY TASK ewma=997
DMA IRQ c0=0
DMA IRQ c1=0
DMA IRQ c2=1
DMA IRQ c3=0
SELECT busy=2095
SELECT w0=2095
SELECT w1=1378
SELECT w2=1367
BUSY TASK ewma=997
DMA IRQ c0=0
DMA IRQ c1=0
DMA IRQ c2=1
DMA IRQ c3=0
SELECT busy=2117
SELECT w0=2119
SELECT w1=1393
SELECT w2=1383
BUSY TASK ewma=997
DMA IRQ c0=0
DMA IRQ c1=0
DMA IRQ c2=1
DMA IRQ c3=0
SELECT busy=2140
SELECT w0=2140
SELECT w1=1404
SELECT w2=1394
BUSY TASK ewma=997
DMA IRQ c0=0
DMA IRQ c1=0
DMA IRQ c2=1
DMA IRQ c3=0
SELECT busy=2164
SELECT w0=2163
SELECT w1=1414
SELECT w2=1404
BUSY TASK ewma=997
DMA IRQ c0=0
DMA IRQ c1=0
DMA IRQ c2=1
DMA IRQ c3=0
SELECT busy=2188
SELECT w0=2188
SELECT w1=1435
SELECT w2=1422
BUSY TASK ewma=997
DMA IRQ c0=0
DMA IRQ c1=0
DMA IRQ c2=1
DMA IRQ c3=0
SELECT busy=2226
SELECT w0=2226
SELECT w1=1451
SELECT w2=1440
BUSY TASK ewma=997
DMA IRQ c0=0
DMA IRQ c1=0
DMA IRQ c2=1
DMA IRQ c3=0
SELECT busy=2249
SELECT w0=2249
SELECT w1=1461
SELECT w2=1453
BUSY TASK ewma=997
DMA IRQ c0=0
DMA IRQ c1=0
DMA IRQ c2=1
DMA IRQ c3=0
SELECT busy=2273
SELECT w0=2273
SELECT w1=1482
SELECT w2=1470
BUSY TASK ewma=997
DMA IRQ c0=0
DMA IRQ c1=0
DMA IRQ c2=1
DMA IRQ c3=0
SELECT busy=2301
SELECT w0=2300
SELECT w1=1506
SELECT w2=1484
BUSY TASK ewma=997
DMA IRQ c0=0
DMA IRQ c1=0
DMA IRQ c2=1
DMA IRQ c3=0
SELECT busy=2324
SELECT w0=2324
SELECT w1=1523
SELECT w2=1500
BUSY TASK ewma=997
DMA IRQ c0=0
DMA IRQ c1=0
DMA IRQ c2=1
DMA IRQ c3=0
SELECT busy=2342
SELECT w0=2341
SELECT w1=1530
SELECT w2=1507
BUSY TASK ewma=997
DMA IRQ c0=0
DMA IRQ c1=0
DMA IRQ c2=1
DMA IRQ c3=0
SELECT busy=2354
SELECT w0=2353
SELECT w1=1537
SELECT w2=1513
BUSY TASK ewma=997
DMA IRQ c0=0
DMA IRQ c1=0
DMA IRQ c2=1
DMA IRQ c3=0
SELECT busy=2382
SELECT w0=2382
SELECT w1=1556
SELECT w2=1527
BUSY TASK ewma=997
DMA IRQ c0=0
DMA IRQ c1=0
DMA IRQ c2=1
DMA IRQ c3=0
SELECT busy=2402
SELECT w0=2403
SELECT w1=1574
SELECT w2=1542
BUSY TASK ewma=997
DMA IRQ c0=0
DMA IRQ c1=0
DMA IRQ c2=1
DMA IRQ c3=0
SELECT busy=2426
SELECT w0=2426
SELECT w1=1583
SELECT w2=1551
BUSY TASK ewma=997
DMA IRQ c0=0
DMA IRQ c1=0
DMA IRQ c2=1
DMA IRQ c3=0
SELECT busy=2453
SELECT w0=2452
SELECT w1=1599
SELECT w2=1563
BUSY TASK ewma=997
DMA IRQ c0=0
DMA IRQ c1=0
DMA IRQ c2=1
DMA IRQ c3=0
SELECT busy=2477
SELECT w0=2476
SELECT w1=1611
SELECT w2=1573
BUSY TASK ewma=997
DMA IRQ c0=0
DMA IRQ c1=0
DMA IRQ c2=1
DMA IRQ c3=0
SELECT busy=2502
SELECT w0=2502
SELECT w1=1628
SELECT w2=1593
BUSY TASK ewma=997
DMA IRQ c0=0
DMA IRQ c1=0
DMA IRQ c2=1
DMA IRQ c3=0
SELECT busy=2526
SELECT w0=2525
SELECT w1=1641
SELECT w2=1606
BUSY TASK ewma=997
DMA IRQ c0=0
DMA IRQ c1=0
DMA IRQ c2=1
DMA IRQ c3=0
SELECT busy=2536
SELECT w0=2535
SELECT w1=1646
SELECT w2=1611
BUSY TASK ewma=997
DMA IRQ c0=0
DMA IRQ c1=0
DMA IRQ c2=1
DMA IRQ c3=0
SELECT busy=2569
SELECT w0=2569
SELECT w1=1665
SELECT w2=1627
BUSY TASK ewma=997
DMA IRQ c0=0
DMA IRQ c1=0
DMA IRQ c2=1
DMA IRQ c3=0
SELECT busy=2591
SELECT w0=2591
SELECT w1=1679
SELECT w2=1637
BUSY TASK ewma=997
DMA IRQ c0=0
DMA IRQ c1=0
DMA IRQ c2=1
DMA IRQ c3=0
SELECT busy=2612
SELECT w0=2613
SELECT w1=1689
SELECT w2=1650
BUSY TASK ewma=997
DMA IRQ c0=0
DMA IRQ c1=0
DMA IRQ c2=1
DMA IRQ c3=0
SELECT busy=2638
SELECT w0=2637
SELECT w1=1705
SELECT w2=1663
BUSY TASK ewma=997
DMA IRQ c0=0
DMA IRQ c1=0
DMA IRQ c2=1
DMA IRQ c3=0
SELECT busy=2654
SELECT w0=2656
SELECT w1=1718
SELECT w2=1671
BUSY TASK ewma=997
DMA IRQ c0=0
DMA IRQ c1=0
DMA IRQ c2=1
DMA IRQ c3=0
SELECT busy=2672
SELECT w0=2672
SELECT w1=1726
SELECT w2=1680
BUSY TASK ewma=997
DMA IRQ c0=0
DMA IRQ c1=0
DMA IRQ c2=1
DMA IRQ c3=0
SELECT busy=2692
SELECT w0=2692
SELECT w1=1738
SELECT w2=1689
BUSY TASK ewma=997
DMA IRQ c0=0
DMA IRQ c1=0
DMA IRQ c2=1
DMA IRQ c3=0
SELECT busy=2722
SELECT w0=2722
SELECT w1=1756
SELECT w2=1707
BUSY TASK ewma=997
DMA IRQ c0=0
DMA IRQ c1=0
DMA IRQ c2=1
DMA IRQ c3=0
SELECT busy=2746
SELECT w0=2746
SELECT w1=1772
SELECT w2=1723
BUSY TASK ewma=997
DMA IRQ c0=0
DMA IRQ c1=0
DMA IRQ c2=1
DMA IRQ c3=0
SELECT busy=2773
SELECT w0=2773
SELECT w1=1793
SELECT w2=1748
BUSY TASK ewma=997
DMA IRQ c0=0
DMA IRQ c1=0
DMA IRQ c2=1
DMA IRQ c3=0
SELECT busy=2802
SELECT w0=2801
SELECT w1=1808
SELECT w2=1762
BUSY TASK ewma=997
DMA IRQ c0=0
DMA IRQ c1=0
DMA IRQ c2=1
DMA IRQ c3=0
SELECT busy=2824
SELECT w0=2824
SELECT w1=1820
SELECT w2=1773
BUSY TASK ewma=997
DMA IRQ c0=0
DMA IRQ c1=0
DMA IRQ c2=1
DMA IRQ c3=0
SELECT busy=2840
SELECT w0=2841
SELECT w1=1831
SELECT w2=1783
BUSY TASK ewma=997
DMA IRQ c0=0
DMA IRQ c1=0
DMA IRQ c2=1
DMA IRQ c3=0
SELECT busy=2859
SELECT w0=2859
SELECT w1=1840
SELECT w2=1797
BUSY TASK ewma=997
DMA IRQ c0=0
DMA IRQ c1=0
DMA IRQ c2=1
DMA IRQ c3=0
SELECT busy=2881
SELECT w0=2882
SELECT w1=1857
SELECT w2=1816
BUSY TASK ewma=997
DMA IRQ c0=0
DMA IRQ c1=0
DMA IRQ c2=1
DMA IRQ c3=0
SELECT busy=2907
SELECT w0=2907
SELECT w1=1875
SELECT w2=1833
BUSY TASK ewma=997
DMA IRQ c0=0
DMA IRQ c1=0
DMA IRQ c2=1
DMA IRQ c3=0
SELECT busy=2944
SELECT w0=2944
SELECT w1=1895
SELECT w2=1855
BUSY TASK ewma=997
DMA IRQ c0=0
DMA IRQ c1=0
DMA IRQ c2=1
DMA IRQ c3=0
SELECT busy=2970
SELECT w0=2970
SELECT w1=1915
SELECT w2=1873
BUSY TASK ewma=997
DMA IRQ c0=0
DMA IRQ c1=0
DMA IRQ c2=1
DMA IRQ c3=0
SELECT busy=2992
SELECT w0=2992
SELECT w1=1930
SELECT w2=1890
BUSY TASK ewma=997
DMA IRQ c0=0
DMA IRQ c1=0
DMA IRQ c2=1
DMA IRQ c3=0
SELECT busy=3021
SELECT w0=3021
SELECT w1=1953
SELECT w2=1906
BUSY TASK ewma=997
IRQ counts: cpu0=6083 cpu1=7736 cpu2=7529 cpu3=7248
SCHED secondaries: calls=22521 unexpected=0
SECTEST switches=22480 cpu1=87293850,85848073 cpu2=70387041,68744941 cpu3=95017844,96561237
PINGPONG rounds=1216 pongs=1217
DMA IRQ c0=0
DMA IRQ c1=0
DMA IRQ c2=1
DMA IRQ c3=0
SELECT busy=3054
SELECT w0=3054
SELECT w1=1970
SELECT w2=1922
BUSY TASK ewma=997
DMA IRQ c0=0
DMA IRQ c1=0
DMA IRQ c2=1
DMA IRQ c3=0
SELECT busy=3073
SELECT w0=3073
SELECT w1=1980
SELECT w2=1931
BUSY TASK ewma=997
DMA IRQ c0=0
DMA IRQ c1=0
DMA IRQ c2=1
DMA IRQ c3=0
SELECT busy=3084
SELECT w0=3083
SELECT w1=1983
SELECT w2=1935
BUSY TASK ewma=997
DMA IRQ c0=0
DMA IRQ c1=0
DMA IRQ c2=1
DMA IRQ c3=0
SELECT busy=3101
SELECT wqemu-system-aarch64: terminating on signal 15 from pid 232417 (timeout)
