P4 M7: full integration test boot OK
CPU0: MPIDR_EL1=0x0000000080000000
CPU0: psci_cpu_on target=1 rc=0
CPU1: alive, MPIDR_EL1=0x0000000080000001 this_cpu()->cpu_id=1
CPU0: psci_cpu_on target=2 rc=0
CPU2: alive, MPIDR_EL1=0x0000000080000002 this_cpu()->cpu_id=2
CPU0: psci_cpu_on target=3 rc=0
CPU3: alive, MPIDR_EL1=0x0000000080000003 this_cpu()->cpu_id=3
CPUs online: 4
DMA IRQ target cpu=2
D2b: worker 1 runs on CPU1
D2b: worker 2 runs on CPU2
P4 M7: worker submitted cmd_id=1
D2b: worker 0 runs on CPU0
P4 M7: worker submitted cmd_id=2
P4 M7: worker submitted cmd_id=3
P4 M7: worker DATA OK, cmd_id=1
BUSY TASK ewma=995
P4 M7: worker DATA OK, cmd_id=2
WORKER ewma=881
DMA IRQ c0=0
P4 M7: worker DATA OK, cmd_id=3
WORKER ewma=759
WORKER ewma=831
DMA IRQ c1=0
DMA IRQ c2=2
DMA IRQ c3=0
SELECT busy=23
SELECT w0=24
SELECT w1=97
SELECT w2=26
BUSY TASK ewma=997
DMA IRQ c0=0
DMA IRQ c1=0
DMA IRQ c2=2
DMA IRQ c3=0
SELECT busy=47
SELECT w0=46
SELECT w1=128
SELECT w2=52
BUSY TASK ewma=997
DMA IRQ c0=0
DMA IRQ c1=0
DMA IRQ c2=2
DMA IRQ c3=0
SELECT busy=69
SELECT w0=68
SELECT w1=162
SELECT w2=88
BUSY TASK ewma=997
DMA IRQ c0=0
DMA IRQ c1=0
DMA IRQ c2=2
DMA IRQ c3=0
SELECT busy=101
SELECT w0=101
SELECT w1=176
SELECT w2=112
BUSY TASK ewma=997
DMA IRQ c0=0
DMA IRQ c1=0
DMA IRQ c2=2
DMA IRQ c3=0
SELECT busy=129
SELECT w0=129
SELECT w1=189
SELECT w2=131
BUSY TASK ewma=997
DMA IRQ c0=0
DMA IRQ c1=0
DMA IRQ c2=2
DMA IRQ c3=0
SELECT busy=149
SELECT w0=149
SELECT w1=202
SELECT w2=152
BUSY TASK ewma=997
DMA IRQ c0=0
DMA IRQ c1=0
DMA IRQ c2=2
DMA IRQ c3=0
SELECT busy=174
SELECT w0=173
SELECT w1=215
SELECT w2=166
BUSY TASK ewma=997
DMA IRQ c0=0
DMA IRQ c1=0
DMA IRQ c2=2
DMA IRQ c3=0
SELECT busy=200
SELECT w0=199
SELECT w1=232
SELECT w2=177
BUSY TASK ewma=997
DMA IRQ c0=0
DMA IRQ c1=0
DMA IRQ c2=2
DMA IRQ c3=0
SELECT busy=218
SELECT w0=217
SELECT w1=239
SELECT w2=185
BUSY TASK ewma=997
DMA IRQ c0=0
DMA IRQ c1=0
DMA IRQ c2=2
DMA IRQ c3=0
SELECT busy=234
SELECT w0=233
SELECT w1=249
SELECT w2=194
BUSY TASK ewma=997
DMA IRQ c0=0
DMA IRQ c1=0
DMA IRQ c2=2
DMA IRQ c3=0
SELECT busy=256
SELECT w0=256
SELECT w1=260
SELECT w2=207
BUSY TASK ewma=997
DMA IRQ c0=0
DMA IRQ c1=0
DMA IRQ c2=2
DMA IRQ c3=0
SELECT busy=281
SELECT w0=282
SELECT w1=270
SELECT w2=220
BUSY TASK ewma=997
DMA IRQ c0=0
DMA IRQ c1=0
DMA IRQ c2=2
DMA IRQ c3=0
SELECT busy=302
SELECT w0=301
SELECT w1=281
SELECT w2=228
BUSY TASK ewma=997
DMA IRQ c0=0
DMA IRQ c1=0
DMA IRQ c2=2
DMA IRQ c3=0
SELECT busy=319
SELECT w0=319
SELECT w1=290
SELECT w2=238
BUSY TASK ewma=997
DMA IRQ c0=0
DMA IRQ c1=0
DMA IRQ c2=2
DMA IRQ c3=0
SELECT busy=344
SELECT w0=343
SELECT w1=303
SELECT w2=252
BUSY TASK ewma=997
DMA IRQ c0=0
DMA IRQ c1=0
DMA IRQ c2=2
DMA IRQ c3=0
SELECT busy=361
SELECT w0=360
SELECT w1=311
SELECT w2=261
BUSY TASK ewma=997
DMA IRQ c0=0
DMA IRQ c1=0
DMA IRQ c2=2
DMA IRQ c3=0
SELECT busy=382
SELECT w0=383
SELECT w1=324
SELECT w2=274
BUSY TASK ewma=997
DMA IRQ c0=0
DMA IRQ c1=0
DMA IRQ c2=2
DMA IRQ c3=0
SELECT busy=401
SELECT w0=400
SELECT w1=332
SELECT w2=282
BUSY TASK ewma=997
DMA IRQ c0=0
DMA IRQ c1=0
DMA IRQ c2=2
DMA IRQ c3=0
SELECT busy=426
SELECT w0=427
SELECT w1=350
SELECT w2=299
BUSY TASK ewma=997
DMA IRQ c0=0
DMA IRQ c1=0
DMA IRQ c2=2
DMA IRQ c3=0
SELECT busy=448
SELECT w0=447
SELECT w1=358
SELECT w2=308
BUSY TASK ewma=997
DMA IRQ c0=0
DMA IRQ c1=0
DMA IRQ c2=2
DMA IRQ c3=0
SELECT busy=469
SELECT w0=469
SELECT w1=364
SELECT w2=315
BUSY TASK ewma=997
DMA IRQ c0=0
DMA IRQ c1=0
DMA IRQ c2=2
DMA IRQ c3=0
SELECT busy=493
SELECT w0=493
SELECT w1=374
SELECT w2=326
BUSY TASK ewma=997
DMA IRQ c0=0
DMA IRQ c1=0
DMA IRQ c2=2
DMA IRQ c3=0
SELECT busy=510
SELECT w0=510
SELECT w1=386
SELECT w2=336
BUSY TASK ewma=997
DMA IRQ c0=0
DMA IRQ c1=0
DMA IRQ c2=2
DMA IRQ c3=0
SELECT busy=540
SELECT w0=541
SELECT w1=400
SELECT w2=350
BUSY TASK ewma=997
DMA IRQ c0=0
DMA IRQ c1=0
DMA IRQ c2=2
DMA IRQ c3=0
SELECT busy=564
SELECT w0=564
SELECT w1=413
SELECT w2=367
BUSY TASK ewma=997
DMA IRQ c0=0
DMA IRQ c1=0
DMA IRQ c2=2
DMA IRQ c3=0
SELECT busy=582
SELECT w0=581
SELECT w1=424
SELECT w2=379
BUSY TASK ewma=997
DMA IRQ c0=0
DMA IRQ c1=0
DMA IRQ c2=2
DMA IRQ c3=0
SELECT busy=598
SELECT w0=599
SELECT w1=435
SELECT w2=389
BUSY TASK ewma=997
DMA IRQ c0=0
DMA IRQ c1=0
DMA IRQ c2=2
DMA IRQ c3=0
SELECT busy=618
SELECT w0=618
SELECT w1=445
SELECT w2=405
BUSY TASK ewma=997
DMA IRQ c0=0
DMA IRQ c1=0
DMA IRQ c2=2
DMA IRQ c3=0
SELECT busy=643
SELECT w0=643
SELECT w1=461
SELECT w2=420
BUSY TASK ewma=997
DMA IRQ c0=0
DMA IRQ c1=0
DMA IRQ c2=2
DMA IRQ c3=0
SELECT busy=665
SELECT w0=665
SELECT w1=473
SELECT w2=433
BUSY TASK ewma=997
DMA IRQ c0=0
DMA IRQ c1=0
DMA IRQ c2=2
DMA IRQ c3=0
SELECT busy=685
SELECT w0=685
SELECT w1=484
SELECT w2=445
BUSY TASK ewma=997
DMA IRQ c0=0
DMA IRQ c1=0
DMA IRQ c2=2
DMA IRQ c3=0
SELECT busy=698
SELECT w0=698
SELECT w1=493
SELECT w2=456
BUSY TASK ewma=997
DMA IRQ c0=0
DMA IRQ c1=0
DMA IRQ c2=2
DMA IRQ c3=0
SELECT busy=723
SELECT w0=722
SELECT w1=505
SELECT w2=469
BUSY TASK ewma=997
DMA IRQ c0=0
DMA IRQ c1=0
DMA IRQ c2=2
DMA IRQ c3=0
SELECT busy=740
SELECT w0=744
SELECT w1=520
SELECT w2=483
BUSY TASK ewma=997
DMA IRQ c0=0
DMA IRQ c1=0
DMA IRQ c2=2
DMA IRQ c3=0
SELECT busy=766
SELECT w0=765
SELECT w1=529
SELECT w2=492
BUSY TASK ewma=997
DMA IRQ c0=0
DMA IRQ c1=0
DMA IRQ c2=2
DMA IRQ c3=0
SELECT busy=783
SELECT w0=783
SELECT w1=538
SELECT w2=502
BUSY TASK ewma=997
DMA IRQ c0=0
DMA IRQ c1=0
DMA IRQ c2=2
DMA IRQ c3=0
SELECT busy=801
SELECT w0=800
SELECT w1=549
SELECT w2=510
BUSY TASK ewma=997
DMA IRQ c0=0
DMA IRQ c1=0
DMA IRQ c2=2
DMA IRQ c3=0
SELECT busy=819
SELECT w0=818
SELECT w1=555
SELECT w2=516
BUSY TASK ewma=997
DMA IRQ c0=0
DMA IRQ c1=0
DMA IRQ c2=2
DMA IRQ c3=0
SELECT busy=840
SELECT w0=846
SELECT w1=566
SELECT w2=530
BUSY TASK ewma=997
DMA IRQ c0=0
DMA IRQ c1=0
DMA IRQ c2=2
DMA IRQ c3=0
SELECT busy=867
SELECT w0=867
SELECT w1=587
SELECT w2=547
BUSY TASK ewma=997
DMA IRQ c0=0
DMA IRQ c1=0
DMA IRQ c2=2
DMA IRQ c3=0
SELECT busy=890
SELECT w0=891
SELECT w1=605
SELECT w2=561
BUSY TASK ewma=997
DMA IRQ c0=0
DMA IRQ c1=0
DMA IRQ c2=2
DMA IRQ c3=0
SELECT busy=918
SELECT w0=918
SELECT w1=620
SELECT w2=575
BUSY TASK ewma=997
DMA IRQ c0=0
DMA IRQ c1=0
DMA IRQ c2=2
DMA IRQ c3=0
SELECT busy=943
SELECT w0=942
SELECT w1=634
SELECT w2=586
BUSY TASK ewma=997
DMA IRQ c0=0
DMA IRQ c1=0
DMA IRQ c2=2
DMA IRQ c3=0
SELECT busy=978
SELECT w0=978
SELECT w1=658
SELECT w2=607
BUSY TASK ewma=997
DMA IRQ c0=0
DMA IRQ c1=0
DMA IRQ c2=2
DMA IRQ c3=0
SELECT busy=1010
SELECT w0=1011
SELECT w1=682
SELECT w2=629
BUSY TASK ewma=997
DMA IRQ c0=0
DMA IRQ c1=0
DMA IRQ c2=2
DMA IRQ c3=0
SELECT busy=1032
SELECT w0=1032
SELECT w1=696
SELECT w2=645
BUSY TASK ewma=997
DMA IRQ c0=0
DMA IRQ c1=0
DMA IRQ c2=2
DMA IRQ c3=0
SELECT busy=1050
SELECT w0=1052
SELECT w1=711
SELECT w2=659
BUSY TASK ewma=997
DMA IRQ c0=0
DMA IRQ c1=0
DMA IRQ c2=2
DMA IRQ c3=0
SELECT busy=1081
SELECT w0=1080
SELECT w1=724
SELECT w2=672
BUSY TASK ewma=997
DMA IRQ c0=0
DMA IRQ c1=0
DMA IRQ c2=2
DMA IRQ c3=0
SELECT busy=1101
SELECT w0=1101
SELECT w1=735
SELECT w2=683
BUSY TASK ewma=997
DMA IRQ c0=0
DMA IRQ c1=0
DMA IRQ c2=2
DMA IRQ c3=0
SELECT busy=1127
SELECT w0=1127
SELECT w1=753
SELECT w2=698
BUSY TASK ewma=997
DMA IRQ c0=0
DMA IRQ c1=0
DMA IRQ c2=2
DMA IRQ c3=0
SELECT busy=1151
SELECT w0=1152
SELECT w1=768
SELECT w2=712
BUSY TASK ewma=997
DMA IRQ c0=0
DMA IRQ c1=0
DMA IRQ c2=2
DMA IRQ c3=0
SELECT busy=1180
SELECT w0=1180
SELECT w1=784
SELECT w2=725
BUSY TASK ewma=997
DMA IRQ c0=0
DMA IRQ c1=0
DMA IRQ c2=2
DMA IRQ c3=0
SELECT busy=1210
SELECT w0=1210
SELECT w1=798
SELECT w2=739
BUSY TASK ewma=997
DMA IRQ c0=0
DMA IRQ c1=0
DMA IRQ c2=2
DMA IRQ c3=0
SELECT busy=1243
SELECT w0=1242
SELECT w1=811
SELECT w2=753
BUSY TASK ewma=997
DMA IRQ c0=0
DMA IRQ c1=0
DMA IRQ c2=2
DMA IRQ c3=0
SELECT busy=1269
SELECT w0=1269
SELECT w1=828
SELECT w2=772
BUSY TASK ewma=997
DMA IRQ c0=0
DMA IRQ c1=0
DMA IRQ c2=2
DMA IRQ c3=0
SELECT busy=1295
SELECT w0=1295
SELECT w1=841
SELECT w2=789
BUSY TASK ewma=997
DMA IRQ c0=0
DMA IRQ c1=0
DMA IRQ c2=2
DMA IRQ c3=0
SELECT busy=1311
SELECT w0=1311
SELECT w1=847
SELECT w2=796
BUSY TASK ewma=997
DMA IRQ c0=0
DMA IRQ c1=0
DMA IRQ c2=2
DMA IRQ c3=0
SELECT busy=1333
SELECT w0=1332
SELECT w1=856
SELECT w2=806
BUSY TASK ewma=997
DMA IRQ c0=0
DMA IRQ c1=0
DMA IRQ c2=2
DMA IRQ c3=0
SELECT busy=1360
SELECT w0=1360
SELECT w1=872
SELECT w2=825
BUSY TASK ewma=997
DMA IRQ c0=0
DMA IRQ c1=0
DMA IRQ c2=2
DMA IRQ c3=0
SELECT busy=1385
SELECT w0=1386
SELECT w1=889
SELECT w2=843
BUSY TASK ewma=997
DMA IRQ c0=0
DMA IRQ c1=0
DMA IRQ c2=2
DMA IRQ c3=0
SELECT busy=1414
SELECT w0=1415
SELECT w1=911
SELECT w2=864
BUSY TASK ewma=997
DMA IRQ c0=0
DMA IRQ c1=0
DMA IRQ c2=2
DMA IRQ c3=0
SELECT busy=1436
SELECT w0=1436
SELECT w1=930
SELECT w2=878
BUSY TASK ewma=997
DMA IRQ c0=0
DMA IRQ c1=0
DMA IRQ c2=2
DMA IRQ c3=0
SELECT busy=1457
SELECT w0=1456
SELECT w1=943
SELECT w2=890
BUSY TASK ewma=997
IRQ counts: cpu0=2948 cpu1=3531 cpu2=3481 cpu3=3509
SCHED secondaries: calls=10543 unexpected=0
SECTEST switches=10550 cpu1=41689408,38543389 cpu2=30952582,29612710 cpu3=45636535,44737863
PINGPONG rounds=590 pongs=591
DMA IRQ c0=0
DMA IRQ c1=0
DMA IRQ c2=2
DMA IRQ c3=0
SELECT busy=1495
SELECT w0=1496
SELECT w1=976
SELECT w2=920
BUSY TASK ewma=997
DMA IRQ c0=0
DMA IRQ c1=0
DMA IRQ c2=2
DMA IRQ c3=0
SELECT busy=1517
SELECT w0=1516
SELECT w1=986
SELECT w2=928
BUSY TASK ewma=997
DMA IRQ c0=0
DMA IRQ c1=0
DMA IRQ c2=2
DMA IRQ c3=0
SELECT busy=1537
SELECT w0=1536
SELECT w1=999
SELECT w2=940
BUSY TASK ewma=997
DMA IRQ c0=0
DMA IRQ c1=0
DMA IRQ c2=2
DMA IRQ c3=0
SELECT busy=1567
SELECT w0=1567
SELECT w1=1014
SELECT w2=961
BUSY TASK ewma=997
DMA IRQ c0=0
DMA IRQ c1=0
DMA IRQ c2=2
DMA IRQ c3=0
SELECT busy=1591
SELECT w0=1590
SELECT w1=1028
SELECT w2=974
BUSY TASK ewma=997
DMA IRQ c0=0
DMA IRQ c1=0
DMA IRQ c2=2
DMA IRQ c3=0
SELECT busy=1616
SELECT w0=1616
SELECT w1=1046
SELECT w2=993
BUSY TASK ewma=997
DMA IRQ c0=0
DMA IRQ c1=0
DMA IRQ c2=2
DMA IRQ c3=0
SELECT busy=1645
SELECT w0=1645
SELECT w1=1069
SELECT w2=1021
BUSY TASK ewma=997
DMA IRQ c0=0
DMA IRQ c1=0
DMA IRQ c2=2
DMA IRQ c3=0
SELECT busy=1669
SELECT w0=1668
SELECT w1=1082
SELECT w2=1031
BUSY TASK ewma=997
DMA IRQ c0=0
DMA IRQ c1=0
DMA IRQ c2=2
DMA IRQ c3=0
SELECT busy=1693
SELECT w0=1692
SELECT w1=1098
SELECT w2=1040
BUSY TASK ewma=997
DMA IRQ c0=0
DMA IRQ c1=0
DMA IRQ c2=2
DMA IRQ c3=0
SELECT busy=1714
SELECT w0=1714
SELECT w1=1111
SELECT w2=1051
BUSY TASK ewma=997
DMA IRQ c0=0
DMA IRQ c1=0
DMA IRQ c2=2
DMA IRQ c3=0
SELECT busy=1736
SELECT w0=1735
SELECT w1=1124
SELECT w2=1063
BUSY TASK ewma=997
DMA IRQ c0=0
DMA IRQ c1=0
DMA IRQ c2=2
DMA IRQ c3=0
SELECT busy=1755
SELECT w0=1757
SELECT w1=1141
SELECT w2=1081
BUSY TASK ewma=997
DMA IRQ c0=0
DMA IRQ c1=0
DMA IRQ c2=2
DMA IRQ c3=0
SELECT busy=1782
SELECT w0=1782
SELECT w1=1154
SELECT w2=1095
BUSY TASK ewma=997
DMA IRQ c0=0
DMA IRQ c1=0
DMA IRQ c2=2
DMA IRQ c3=0
SELECT busy=1803
SELECT w0=1803
SELECT w1=1167
SELECT w2=1107
BUSY TASK ewma=997
DMA IRQ c0=0
DMA IRQ c1=0
DMA IRQ c2=2
DMA IRQ c3=0
SELECT busy=1831
SELECT w0=1831
SELECT w1=1185
SELECT w2=1122
BUSY TASK ewma=997
DMA IRQ c0=0
DMA IRQ c1=0
DMA IRQ c2=2
DMA IRQ c3=0
SELECT busy=1855
SELECT w0=1855
SELECT w1=1200
SELECT w2=1136
BUSY TASK ewma=997
DMA IRQ c0=0
DMA IRQ c1=0
DMA IRQ c2=2
DMA IRQ c3=0
SELECT busy=1886
SELECT w0=1886
SELECT w1=1220
SELECT w2=1153
BUSY TASK ewma=997
DMA IRQ c0=0
DMA IRQ c1=0
DMA IRQ c2=2
DMA IRQ c3=0
SELECT busy=1909
SELECT w0=1909
SELECT w1=1229
SELECT w2=1162
BUSY TASK ewma=997
DMA IRQ c0=0
DMA IRQ c1=0
DMA IRQ c2=2
DMA IRQ c3=0
SELECT busy=1931
SELECT w0=1931
SELECT w1=1246
SELECT w2=1176
BUSY TASK ewma=997
DMA IRQ c0=0
DMA IRQ c1=0
DMA IRQ c2=2
DMA IRQ c3=0
SELECT busy=1958
SELECT w0=1959
SELECT w1=1265
SELECT w2=1192
BUSY TASK ewma=997
DMA IRQ c0=0
DMA IRQ c1=0
DMA IRQ c2=2
DMA IRQ c3=0
SELECT busy=1991
SELECT w0=1992
SELECT w1=1280
SELECT w2=1208
BUSY TASK ewma=997
DMA IRQ c0=0
DMA IRQ c1=0
DMA IRQ c2=2
DMA IRQ c3=0
SELECT busy=2016
SELECT w0=2016
SELECT w1=1291
SELECT w2=1221
BUSY TASK ewma=997
DMA IRQ c0=0
DMA IRQ c1=0
DMA IRQ c2=2
DMA IRQ c3=0
SELECT busy=2048
SELECT w0=2048
SELECT w1=1317
SELECT w2=1247
BUSY TASK ewma=997
DMA IRQ c0=0
DMA IRQ c1=0
DMA IRQ c2=2
DMA IRQ c3=0
SELECT busy=2076
SELECT w0=2076
SELECT w1=1332
SELECT w2=1259
BUSY TASK ewma=997
DMA IRQ c0=0
DMA IRQ c1=0
DMA IRQ c2=2
DMA IRQ c3=0
SELECT busy=2097
SELECT w0=2096
SELECT w1=1345
SELECT w2=1275
BUSY TASK ewma=997
DMA IRQ c0=0
DMA IRQ c1=0
DMA IRQ c2=2
DMA IRQ c3=0
SELECT busy=2113
SELECT w0=2113
SELECT w1=1361
SELECT w2=1288
BUSY TASK ewma=997
DMA IRQ c0=0
DMA IRQ c1=0
DMA IRQ c2=2
DMA IRQ c3=0
SELECT busy=2137
SELECT w0=2137
SELECT w1=1373
SELECT w2=1301
BUSY TASK ewma=997
DMA IRQ c0=0
DMA IRQ c1=0
DMA IRQ c2=2
DMA IRQ c3=0
SELECT busy=2164
SELECT w0=2164
SELECT w1=1390
SELECT w2=1318
BUSY TASK ewma=997
DMA IRQ c0=0
DMA IRQ c1=0
DMA IRQ c2=2
DMA IRQ c3=0
SELECT busy=2187
SELECT w0=2186
SELECT w1=1395
SELECT w2=1323
BUSY TASK ewma=997
DMA IRQ c0=0
DMA IRQ c1=0
DMA IRQ c2=2
DMA IRQ c3=0
SELECT busy=2205
SELECT w0=2204
SELECT w1=1399
SELECT w2=1327
BUSY TASK ewma=997
DMA IRQ c0=0
DMA IRQ c1=0
DMA IRQ c2=2
DMA IRQ c3=0
SELECT busy=2233
SELECT w0=2232
SELECT w1=1415
SELECT w2=1338
BUSY TASK ewma=997
DMA IRQ c0=0
DMA IRQ c1=0
DMA IRQ c2=2
DMA IRQ c3=0
SELECT busy=2251
SELECT w0=2250
SELECT w1=1424
SELECT w2=1347
BUSY TASK ewma=997
DMA IRQ c0=0
DMA IRQ c1=0
DMA IRQ c2=2
DMA IRQ c3=0
SELECT busy=2272
SELECT w0=2271
SELECT w1=1435
SELECT w2=1360
BUSY TASK ewma=997
DMA IRQ c0=0
DMA IRQ c1=0
DMA IRQ c2=2
DMA IRQ c3=0
SELECT busy=2292
SELECT w0=2291
SELECT w1=1446
SELECT w2=1371
BUSY TASK ewma=997
DMA IRQ c0=0
DMA IRQ c1=0
DMA IRQ c2=2
DMA IRQ c3=0
SELECT busy=2311
SELECT w0=2311
SELECT w1=1459
SELECT w2=1385
BUSY TASK ewma=997
DMA IRQ c0=0
DMA IRQ c1=0
DMA IRQ c2=2
DMA IRQ c3=0
SELECT busy=2335
SELECT w0=2335
SELECT w1=1476
SELECT w2=1399
BUSY TASK ewma=997
DMA IRQ c0=0
DMA IRQ c1=0
DMA IRQ c2=2
DMA IRQ c3=0
SELECT busy=2357
SELECT w0=2357
SELECT w1=1490
SELECT w2=1414
BUSY TASK ewma=997
DMA IRQ c0=0
DMA IRQ c1=0
DMA IRQ c2=2
DMA IRQ c3=0
SELECT busy=2379
SELECT w0=2379
SELECT w1=1507
SELECT w2=1429
BUSY TASK ewma=997
DMA IRQ c0=0
DMA IRQ c1=0
DMA IRQ c2=2
DMA IRQ c3=0
SELECT busy=2403
SELECT w0=2403
SELECT w1=1521
SELECT w2=1442
BUSY TASK ewma=997
DMA IRQ c0=0
DMA IRQ c1=0
DMA IRQ c2=2
DMA IRQ c3=0
SELECT busy=2426
SELECT w0=2426
SELECT w1=1537
SELECT w2=1457
BUSY TASK ewma=997
DMA IRQ c0=0
DMA IRQ c1=0
DMA IRQ c2=2
DMA IRQ c3=0
SELECT busy=2449
SELECT w0=2449
SELECT w1=1556
SELECT w2=1480
BUSY TASK ewma=997
DMA IRQ c0=0
DMA IRQ c1=0
DMA IRQ c2=2
DMA IRQ c3=0
SELECT busy=2466
SELECT w0=2465
SELECT w1=1566
SELECT w2=1490
BUSY TASK ewma=997
DMA IRQ c0=0
DMA IRQ c1=0
DMA IRQ c2=2
DMA IRQ c3=0
SELECT busy=2484
SELECT w0=2483
SELECT w1=1577
SELECT w2=1503
BUSY TASK ewma=997
DMA IRQ c0=0
DMA IRQ c1=0
DMA IRQ c2=2
DMA IRQ c3=0
SELECT busy=2506
SELECT w0=2506
SELECT w1=1590
SELECT w2=1516
BUSY TASK ewma=997
DMA IRQ c0=0
DMA IRQ c1=0
DMA IRQ c2=2
DMA IRQ c3=0
SELECT busy=2527
SELECT w0=2526
SELECT w1=1598
SELECT w2=1524
BUSY TASK ewma=997
DMA IRQ c0=0
DMA IRQ c1=0
DMA IRQ c2=2
DMA IRQ c3=0
SELECT busy=2544
SELECT w0=2543
SELECT w1=1603
SELECT w2=1529
BUSY TASK ewma=997
DMA IRQ c0=0
DMA IRQ c1=0
DMA IRQ c2=2
DMA IRQ c3=0
SELECT busy=2566
SELECT w0=2566
SELECT w1=1612
SELECT w2=1538
BUSY TASK ewma=997
DMA IRQ c0=0
DMA IRQ c1=0
DMA IRQ c2=2
DMA IRQ c3=0
SELECT busy=2587
SELECT w0=2586
SELECT w1=1621
SELECT w2=1546
BUSY TASK ewma=997
DMA IRQ c0=0
DMA IRQ c1=0
DMA IRQ c2=2
DMA IRQ c3=0
SELECT busy=2605
SELECT w0=2607
SELECT w1=1631
SELECT w2=1558
BUSY TASK ewma=997
DMA IRQ c0=0
DMA IRQ c1=0
DMA IRQ c2=2
DMA IRQ c3=0
SELECT busy=2629
SELECT w0=2629
SELECT w1=1649
SELECT w2=1569
BUSY TASK ewma=997
DMA IRQ c0=0
DMA IRQ c1=0
DMA IRQ c2=2
DMA IRQ c3=0
SELECT busy=2658
SELECT w0=2658
SELECT w1=1660
SELECT w2=1583
BUSY TASK ewma=997
DMA IRQ c0=0
DMA IRQ c1=0
DMA IRQ c2=2
DMA IRQ c3=0
SELECT busy=2678
SELECT w0=2677
SELECT w1=1665
SELECT w2=1589
BUSY TASK ewma=997
DMA IRQ c0=0
DMA IRQ c1=0
DMA IRQ c2=2
DMA IRQ c3=0
SELECT busy=2698
SELECT w0=2699
SELECT w1=1680
SELECT w2=1600
BUSY TASK ewma=997
DMA IRQ c0=0
DMA IRQ c1=0
DMA IRQ c2=2
DMA IRQ c3=0
SELECT busy=2717
SELECT w0=2717
SELECT w1=1687
SELECT w2=1608
BUSY TASK ewma=997
DMA IRQ c0=0
DMA IRQ c1=0
DMA IRQ c2=2
DMA IRQ c3=0
SELECT busy=2745
SELECT w0=2744
SELECT w1=1700
SELECT w2=1623
BUSY TASK ewma=997
DMA IRQ c0=0
DMA IRQ c1=0
DMA IRQ c2=2
DMA IRQ c3=0
SELECT busy=2771
SELECT w0=2772
SELECT w1=1712
SELECT w2=1637
BUSY TASK ewma=997
DMA IRQ c0=0
DMA IRQ c1=0
DMA IRQ c2=2
DMA IRQ c3=0
SELECT busy=2794
SELECT w0=2793
SELECT w1=1721
SELECT w2=1646
BUSY TASK ewma=997
DMA IRQ c0=0
DMA IRQ c1=0
DMA IRQ c2=2
DMA IRQ c3=0
SELECT busy=2819
SELECT w0=2819
SELECT w1=1731
SELECT w2=1654
BUSY TASK ewma=997
DMA IRQ c0=0
DMA IRQ c1=0
DMA IRQ c2=2
DMA IRQ c3=0
SELECT busy=2844
SELECT w0=2844
SELECT w1=1740
SELECT w2=1664
BUSY TASK ewma=997
DMA IRQ c0=0
DMA IRQ c1=0
DMA IRQ c2=2
DMA IRQ c3=0
SELECT busy=2879
SELECT w0=2879
SELECT w1=1759
SELECT w2=1679
BUSY TASK ewma=997
DMA IRQ c0=0
DMA IRQ c1=0
DMA IRQ c2=2
DMA IRQ c3=0
SELECT busy=2909
SELECT w0=2909
SELECT w1=1773
SELECT w2=1694
BUSY TASK ewma=997
DMA IRQ c0=0
DMA IRQ c1=0
DMA IRQ c2=2
DMA IRQ c3=0
SELECT busy=2930
SELECT w0=2930
SELECT w1=1787
SELECT w2=1709
BUSY TASK ewma=997
DMA IRQ c0=0
DMA IRQ c1=0
DMA IRQ c2=2
DMA IRQ c3=0
SELECT busy=2951
SELECT w0=2950
SELECT w1=1794
SELECT w2=1715
BUSY TASK ewma=997
DMA IRQ c0=0
DMA IRQ c1=0
DMA IRQ c2=2
DMA IRQ c3=0
SELECT busy=2967
SELECT w0=2966
SELECT w1=1801
SELECT w2=1724
BUSY TASK ewma=997
IRQ counts: cpu0=5966 cpu1=7054 cpu2=6911 cpu3=6904
SCHED secondaries: calls=20869 unexpected=0
SECTEST switches=20825 cpu1=80724705,80519165 cpu2=63172963,62023061 cpu3=89584270,88645623
PINGPONG rounds=1076 pongs=1077
DMA IRQ c0=0
DMA IRQ c1=0
DMA IRQ c2=2
DMA IRQ c3=0
SELECT busy=2990
SELECT w0=2989
SELECT w1=1808
SELECT w2=1730
BUSY TASK ewma=997
DMA IRQ c0=0
DMA IRQ c1=0
DMA IRQ c2=2
DMA IRQ c3=0
SELECT busy=3014
SELECT w0=3014
SELECT w1=1816
SELECT w2=1742
BUSY TASK ewma=997
DMA IRQ c0=0
DMA IRQ c1=0
DMA IRQ c2=2
DMA IRQ c3=0
SELECT busy=3036
SELECT w0=3037
SELECT w1=1829
SELECT w2=1752
BUSY TASK ewma=997
DMA IRQ c0=0
DMA IRQ c1=0
DMA IRQ c2=2
DMA IRQ c3=0
SELECT busy=3063
SELECT w0=3062
SELECT w1=1844
SELECT w2=1764
BUSY TASK ewma=997
DMA IRQ c0=0
DMA IRQ c1=0
DMA IRQ c2=2
DMA IRQ c3=0
SELECT busy=3079
SELECT w0=3078
SELECT w1=1855
SELECT w2=1775
BUSY TASK ewma=997
DMA IRQ c0=0
DMA IRQ c1=0
DMA IRQ c2=2
DMA IRQ c3=0
SELECT busy=3106
SELECT w0=3106
SELECT w1=1872
SELECT w2=1791
BUSY TASK ewma=997
DMA IRQ c0=0
DMA IRQ c1=0
DMA IRQ c2=2
DMA IRQ c3=0
SELECT busy=3118
SELECT w0=3117
SELECT w1=1877
SELECT w2=1795
BUSY TASK ewma=997
DMA IRQ c0=0
DMA IRQ c1=0
DMA IRQ c2=2
DMA IRQ c3=0
SELECT busy=3133
SELECT w0=3132
SELECT w1=1887
SELECT w2=1804
BUSY TASK ewma=997
DMA IRQ c0=0
DMA IRQ c1=0
DMA IRQ c2=2
DMA IRQ c3=0
SELECT busy=3156
SELECT w0=3156
SELECT w1=1899
SELECT w2=1813
BUSY TASK ewma=997
DMA IRQ c0=0
DMA IRQ c1=0
DMA IRQ c2=2
DMA IRQ c3=0
SELECT busy=3177
SELECT w0=3177
SELECT w1=1913
SELECT w2=1824
BUSY TASK ewma=997
DMA IRQ c0=0
DMA IRQ c1=0
DMA IRQ c2=2
DMA IRQ c3=0
SELECT busy=3211
SELECT w0=3210
SELECT w1=1934
SELECT w2=1840
BUSY TASK ewma=997
DMA IRQ c0=0
DMA IRQ c1=0
DMA IRQ c2=2
DMA IRQ c3=0
SELECT busy=3224
SELECT w0=3224
SELECT w1=1942
SELECT w2=1849
BUSY TASK ewma=997
DMA IRQ c0=0
DMA IRQ c1=0
DMA IRQ c2=2
DMA IRQ c3=0
SELECT busy=3247
SELECT w0=3246
SELECT w1=1950
SELECT w2=1856
BUSY TASK ewma=997
DMA IRQ c0=0
DMA IRQ c1=0
DMA IRQ c2=2
DMA IRQ c3=0
SELECT busy=3267
SELECT w0=3266
SELECT w1=1963
SELECT w2=1871
BUSY TASK ewma=997
DMA IRQ c0=0
DMA IRQ c1=0
DMA IRQ c2=2
DMA IRQ c3=0
SELECT busy=3286
SELECT w0=3285
SELECT w1=1969
SELECT w2=1878
BUSY TASK ewma=997
DMA IRQ c0=0
DMA IRQ c1=0
DMA IRQ c2=2
DMA IRQ c3=0
SELECT busy=3305
SELECT w0=3304
SELECT w1=1979
SELECT w2=1885
BUSY TASK ewma=997
DMA IRQ c0=0
DMA IRQ c1=0
DMA IRQ c2=2
DMA IRQ c3=0
SELECT busy=3322
SELECT w0=3321
SELECT w1=1985
SELECT w2=1891
BUSY TASK ewma=997
DMA IRQ c0=0
DMA IRQ c1=0
DMA IRQ c2=2
DMA IRQ c3=0
SELECT busy=3344
SELECT w0=3344
SELECT w1=1998
SELECT w2=1912
BUSY TASK ewma=997
DMA IRQ c0=0
DMA IRQ c1=0
DMA IRQ c2=2
DMA IRQ c3=0
SELECT busy=3371
SELECT w0=3370
SELECT w1qemu-system-aarch64: terminating on signal 15 from pid 234813 (timeout)
=