P4 M7: full integration test boot OK
CPU0: MPIDR_EL1=0x0000000080000000
CPU0: psci_cpu_on target=1 rc=0
CPU1: alive, MPIDR_EL1=0x0000000080000001 this_cpu()->cpu_id=1
CPU0: psci_cpu_on target=2 rc=0
CPU2: alive, MPIDR_EL1=0x0000000080000002 this_cpu()->cpu_id=2
CPU0: psci_cpu_on target=3 rc=0
CPU3: alive, MPIDR_EL1=0x0000000080000003 this_cpu()->cpu_id=3
CPUs online: 4
DMA IRQ target cpu=2
D2b: worker 1 runs on CPU1
D2b: worker 2 runs on CPU2
D2b: worker 0 runs on CPU0
P4 M7: worker submitted cmd_id=1
P4 M7: worker submitted cmd_id=2
P4 M7: worker submitted cmd_id=3
P4 M7: worker DATA OK, cmd_id=1
WORKER ewma=759
BUSY TASK ewma=985
DMA IRQ c0=0
DMA IRQ c1=0
DMA IRQ c2=1
DMA IRQ c3=0
SELECT busy=17
SELECT w0=4
SELECT w1=302
SELECT w2=6
P4 M7: worker DATA OK, cmd_id=3
P4 M7: worker DATA OK, cmd_id=2
WORKER ewma=916
WORKER ewma=881
BUSY TASK ewma=997
DMA IRQ c0=0
DMA IRQ c1=0
DMA IRQ c2=2
DMA IRQ c3=0
SELECT busy=35
SELECT w0=31
SELECT w1=393
SELECT w2=40
BUSY TASK ewma=997
DMA IRQ c0=0
DMA IRQ c1=0
DMA IRQ c2=2
DMA IRQ c3=0
SELECT busy=55
SELECT w0=51
SELECT w1=416
SELECT w2=61
BUSY TASK ewma=997
DMA IRQ c0=0
DMA IRQ c1=0
DMA IRQ c2=2
DMA IRQ c3=0
SELECT busy=71
SELECT w0=66
SELECT w1=430
SELECT w2=72
BUSY TASK ewma=997
DMA IRQ c0=0
DMA IRQ c1=0
DMA IRQ c2=2
DMA IRQ c3=0
SELECT busy=92
SELECT w0=88
SELECT w1=447
SELECT w2=85
BUSY TASK ewma=997
DMA IRQ c0=0
DMA IRQ c1=0
DMA IRQ c2=2
DMA IRQ c3=0
SELECT busy=115
SELECT w0=110
SELECT w1=462
SELECT w2=96
BUSY TASK ewma=997
DMA IRQ c0=0
DMA IRQ c1=0
DMA IRQ c2=2
DMA IRQ c3=0
SELECT busy=137
SELECT w0=131
SELECT w1=482
SELECT w2=106
BUSY TASK ewma=997
DMA IRQ c0=0
DMA IRQ c1=0
DMA IRQ c2=2
DMA IRQ c3=0
SELECT busy=150
SELECT w0=145
SELECT w1=491
SELECT w2=115
BUSY TASK ewma=997
DMA IRQ c0=0
DMA IRQ c1=0
DMA IRQ c2=2
DMA IRQ c3=0
SELECT busy=173
SELECT w0=168
SELECT w1=504
SELECT w2=128
BUSY TASK ewma=997
DMA IRQ c0=0
DMA IRQ c1=0
DMA IRQ c2=2
DMA IRQ c3=0
SELECT busy=198
SELECT w0=193
SELECT w1=523
SELECT w2=143
BUSY TASK ewma=997
DMA IRQ c0=0
DMA IRQ c1=0
DMA IRQ c2=2
DMA IRQ c3=0
SELECT busy=216
SELECT w0=211
SELECT w1=535
SELECT w2=155
BUSY TASK ewma=997
DMA IRQ c0=0
DMA IRQ c1=0
DMA IRQ c2=2
DMA IRQ c3=0
SELECT busy=232
SELECT w0=227
SELECT w1=543
SELECT w2=164
BUSY TASK ewma=997
DMA IRQ c0=0
DMA IRQ c1=0
DMA IRQ c2=2
DMA IRQ c3=0
SELECT busy=248
SELECT w0=243
SELECT w1=552
SELECT w2=173
BUSY TASK ewma=997
DMA IRQ c0=0
DMA IRQ c1=0
DMA IRQ c2=2
DMA IRQ c3=0
SELECT busy=276
SELECT w0=270
SELECT w1=565
SELECT w2=185
BUSY TASK ewma=997
DMA IRQ c0=0
DMA IRQ c1=0
DMA IRQ c2=2
DMA IRQ c3=0
SELECT busy=295
SELECT w0=290
SELECT w1=576
SELECT w2=197
BUSY TASK ewma=997
DMA IRQ c0=0
DMA IRQ c1=0
DMA IRQ c2=2
DMA IRQ c3=0
SELECT busy=322
SELECT w0=316
SELECT w1=592
SELECT w2=215
BUSY TASK ewma=997
DMA IRQ c0=0
DMA IRQ c1=0
DMA IRQ c2=2
DMA IRQ c3=0
SELECT busy=343
SELECT w0=337
SELECT w1=608
SELECT w2=233
BUSY TASK ewma=997
DMA IRQ c0=0
DMA IRQ c1=0
DMA IRQ c2=2
DMA IRQ c3=0
SELECT busy=375
SELECT w0=372
SELECT w1=625
SELECT w2=253
BUSY TASK ewma=997
DMA IRQ c0=0
DMA IRQ c1=0
DMA IRQ c2=2
DMA IRQ c3=0
SELECT busy=418
SELECT w0=413
SELECT w1=648
SELECT w2=275
BUSY TASK ewma=997
DMA IRQ c0=0
DMA IRQ c1=0
DMA IRQ c2=2
DMA IRQ c3=0
SELECT busy=436
SELECT w0=431
SELECT w1=658
SELECT w2=287
BUSY TASK ewma=997
DMA IRQ c0=0
DMA IRQ c1=0
DMA IRQ c2=2
DMA IRQ c3=0
SELECT busy=461
SELECT w0=457
SELECT w1=673
SELECT w2=305
BUSY TASK ewma=997
DMA IRQ c0=0
DMA IRQ c1=0
DMA IRQ c2=2
DMA IRQ c3=0
SELECT busy=482
SELECT w0=477
SELECT w1=686
SELECT w2=319
BUSY TASK ewma=997
DMA IRQ c0=0
DMA IRQ c1=0
DMA IRQ c2=2
DMA IRQ c3=0
SELECT busy=503
SELECT w0=499
SELECT w1=700
SELECT w2=337
BUSY TASK ewma=997
DMA IRQ c0=0
DMA IRQ c1=0
DMA IRQ c2=2
DMA IRQ c3=0
SELECT busy=524
SELECT w0=519
SELECT w1=716
SELECT w2=350
BUSY TASK ewma=997
DMA IRQ c0=0
DMA IRQ c1=0
DMA IRQ c2=2
DMA IRQ c3=0
SELECT busy=545
SELECT w0=540
SELECT w1=725
SELECT w2=360
BUSY TASK ewma=997
DMA IRQ c0=0
DMA IRQ c1=0
DMA IRQ c2=2
DMA IRQ c3=0
SELECT busy=565
SELECT w0=560
SELECT w1=739
SELECT w2=378
BUSY TASK ewma=997
DMA IRQ c0=0
DMA IRQ c1=0
DMA IRQ c2=2
DMA IRQ c3=0
SELECT busy=595
SELECT w0=590
SELECT w1=757
SELECT w2=395
BUSY TASK ewma=997
DMA IRQ c0=0
DMA IRQ c1=0
DMA IRQ c2=2
DMA IRQ c3=0
SELECT busy=620
SELECT w0=615
SELECT w1=770
SELECT w2=407
BUSY TASK ewma=997
DMA IRQ c0=0
DMA IRQ c1=0
DMA IRQ c2=2
DMA IRQ c3=0
SELECT busy=640
SELECT w0=635
SELECT w1=784
SELECT w2=417
BUSY TASK ewma=997
DMA IRQ c0=0
DMA IRQ c1=0
DMA IRQ c2=2
DMA IRQ c3=0
SELECT busy=666
SELECT w0=661
SELECT w1=804
SELECT w2=437
BUSY TASK ewma=997
DMA IRQ c0=0
DMA IRQ c1=0
DMA IRQ c2=2
DMA IRQ c3=0
SELECT busy=691
SELECT w0=686
SELECT w1=822
SELECT w2=451
BUSY TASK ewma=997
DMA IRQ c0=0
DMA IRQ c1=0
DMA IRQ c2=2
DMA IRQ c3=0
SELECT busy=713
SELECT w0=708
SELECT w1=845
SELECT w2=473
BUSY TASK ewma=997
DMA IRQ c0=0
DMA IRQ c1=0
DMA IRQ c2=2
DMA IRQ c3=0
SELECT busy=738
SELECT w0=732
SELECT w1=854
SELECT w2=481
BUSY TASK ewma=997
DMA IRQ c0=0
DMA IRQ c1=0
DMA IRQ c2=2
DMA IRQ c3=0
SELECT busy=758
SELECT w0=752
SELECT w1=866
SELECT w2=493
BUSY TASK ewma=997
DMA IRQ c0=0
DMA IRQ c1=0
DMA IRQ c2=2
DMA IRQ c3=0
SELECT busy=775
SELECT w0=770
SELECT w1=877
SELECT w2=502
BUSY TASK ewma=997
DMA IRQ c0=0
DMA IRQ c1=0
DMA IRQ c2=2
DMA IRQ c3=0
SELECT busy=799
SELECT w0=793
SELECT w1=889
SELECT w2=516
BUSY TASK ewma=997
DMA IRQ c0=0
DMA IRQ c1=0
DMA IRQ c2=2
DMA IRQ c3=0
SELECT busy=824
SELECT w0=820
SELECT w1=904
SELECT w2=535
BUSY TASK ewma=997
DMA IRQ c0=0
DMA IRQ c1=0
DMA IRQ c2=2
DMA IRQ c3=0
SELECT busy=853
SELECT w0=848
SELECT w1=915
SELECT w2=547
BUSY TASK ewma=997
DMA IRQ c0=0
DMA IRQ c1=0
DMA IRQ c2=2
DMA IRQ c3=0
SELECT busy=882
SELECT w0=877
SELECT w1=932
SELECT w2=562
BUSY TASK ewma=997
DMA IRQ c0=0
DMA IRQ c1=0
DMA IRQ c2=2
DMA IRQ c3=0
SELECT busy=914
SELECT w0=910
SELECT w1=948
SELECT w2=580
BUSY TASK ewma=997
DMA IRQ c0=0
DMA IRQ c1=0
DMA IRQ c2=2
DMA IRQ c3=0
SELECT busy=950
SELECT w0=944
SELECT w1=965
SELECT w2=599
BUSY TASK ewma=997
DMA IRQ c0=0
DMA IRQ c1=0
DMA IRQ c2=2
DMA IRQ c3=0
SELECT busy=970
SELECT w0=965
SELECT w1=977
SELECT w2=616
BUSY TASK ewma=997
DMA IRQ c0=0
DMA IRQ c1=0
DMA IRQ c2=2
DMA IRQ c3=0
SELECT busy=1006
SELECT w0=1001
SELECT w1=1000
SELECT w2=639
BUSY TASK ewma=997
DMA IRQ c0=0
DMA IRQ c1=0
DMA IRQ c2=2
DMA IRQ c3=0
SELECT busy=1036
SELECT w0=1031
SELECT w1=1022
SELECT w2=659
BUSY TASK ewma=997
DMA IRQ c0=0
DMA IRQ c1=0
DMA IRQ c2=2
DMA IRQ c3=0
SELECT busy=1065
SELECT w0=1060
SELECT w1=1038
SELECT w2=676
BUSY TASK ewma=997
DMA IRQ c0=0
DMA IRQ c1=0
DMA IRQ c2=2
DMA IRQ c3=0
SELECT busy=1092
SELECT w0=1086
SELECT w1=1056
SELECT w2=691
BUSY TASK ewma=997
DMA IRQ c0=0
DMA IRQ c1=0
DMA IRQ c2=2
DMA IRQ c3=0
SELECT busy=1116
SELECT w0=1110
SELECT w1=1068
SELECT w2=703
BUSY TASK ewma=997
DMA IRQ c0=0
DMA IRQ c1=0
DMA IRQ c2=2
DMA IRQ c3=0
SELECT busy=1135
SELECT w0=1129
SELECT w1=1076
SELECT w2=711
BUSY TASK ewma=997
DMA IRQ c0=0
DMA IRQ c1=0
DMA IRQ c2=2
DMA IRQ c3=0
SELECT busy=1154
SELECT w0=1149
SELECT w1=1088
SELECT w2=723
BUSY TASK ewma=997
DMA IRQ c0=0
DMA IRQ c1=0
DMA IRQ c2=2
DMA IRQ c3=0
SELECT busy=1182
SELECT w0=1177
SELECT w1=1103
SELECT w2=741
BUSY TASK ewma=997
DMA IRQ c0=0
DMA IRQ c1=0
DMA IRQ c2=2
DMA IRQ c3=0
SELECT busy=1214
SELECT w0=1208
SELECT w1=1121
SELECT w2=755
BUSY TASK ewma=997
DMA IRQ c0=0
DMA IRQ c1=0
DMA IRQ c2=2
DMA IRQ c3=0
SELECT busy=1235
SELECT w0=1232
SELECT w1=1135
SELECT w2=771
BUSY TASK ewma=997
DMA IRQ c0=0
DMA IRQ c1=0
DMA IRQ c2=2
DMA IRQ c3=0
SELECT busy=1264
SELECT w0=1259
SELECT w1=1152
SELECT w2=787
BUSY TASK ewma=997
DMA IRQ c0=0
DMA IRQ c1=0
DMA IRQ c2=2
DMA IRQ c3=0
SELECT busy=1282
SELECT w0=1276
SELECT w1=1160
SELECT w2=794
BUSY TASK ewma=997
DMA IRQ c0=0
DMA IRQ c1=0
DMA IRQ c2=2
DMA IRQ c3=0
SELECT busy=1312
SELECT w0=1307
SELECT w1=1177
SELECT w2=809
BUSY TASK ewma=997
DMA IRQ c0=0
DMA IRQ c1=0
DMA IRQ c2=2
DMA IRQ c3=0
SELECT busy=1342
SELECT w0=1336
SELECT w1=1194
SELECT w2=823
BUSY TASK ewma=997
DMA IRQ c0=0
DMA IRQ c1=0
DMA IRQ c2=2
DMA IRQ c3=0
SELECT busy=1361
SELECT w0=1355
SELECT w1=1204
SELECT w2=832
BUSY TASK ewma=997
DMA IRQ c0=0
DMA IRQ c1=0
DMA IRQ c2=2
DMA IRQ c3=0
SELECT busy=1371
SELECT w0=1365
SELECT w1=1209
SELECT w2=836
BUSY TASK ewma=997
DMA IRQ c0=0
DMA IRQ c1=0
DMA IRQ c2=2
DMA IRQ c3=0
SELECT busy=1393
SELECT w0=1387
SELECT w1=1225
SELECT w2=848
BUSY TASK ewma=997
DMA IRQ c0=0
DMA IRQ c1=0
DMA IRQ c2=2
DMA IRQ c3=0
SELECT busy=1411
SELECT w0=1406
SELECT w1=1239
SELECT w2=859
BUSY TASK ewma=997
DMA IRQ c0=0
DMA IRQ c1=0
DMA IRQ c2=2
DMA IRQ c3=0
SELECT busy=1427
SELECT w0=1421
SELECT w1=1245
SELECT w2=865
BUSY TASK ewma=997
DMA IRQ c0=0
DMA IRQ c1=0
DMA IRQ c2=2
DMA IRQ c3=0
SELECT busy=1449
SELECT w0=1443
SELECT w1=1257
SELECT w2=877
BUSY TASK ewma=997
DMA IRQ c0=0
DMA IRQ c1=0
DMA IRQ c2=2
DMA IRQ c3=0
SELECT busy=1472
SELECT w0=1467
SELECT w1=1274
SELECT w2=889
BUSY TASK ewma=997
IRQ counts: cpu0=2943 cpu1=3773 cpu2=3594 cpu3=3628
SCHED secondaries: calls=11016 unexpected=0
SECTEST switches=10980 cpu1=43167304,43814218 cpu2=35620085,37172447 cpu3=48620087,46911026
PINGPONG rounds=607 pongs=607
DMA IRQ c0=0
DMA IRQ c1=0
DMA IRQ c2=2
DMA IRQ c3=0
SELECT busy=1489
SELECT w0=1483
SELECT w1=1288
SELECT w2=900
BUSY TASK ewma=997
DMA IRQ c0=0
DMA IRQ c1=0
DMA IRQ c2=2
DMA IRQ c3=0
SELECT busy=1502
SELECT w0=1496
SELECT w1=1296
SELECT w2=908
BUSY TASK ewma=997
DMA IRQ c0=0
DMA IRQ c1=0
DMA IRQ c2=2
DMA IRQ c3=0
SELECT busy=1513
SELECT w0=1507
SELECT w1=1301
SELECT w2=914
BUSY TASK ewma=997
DMA IRQ c0=0
DMA IRQ c1=0
DMA IRQ c2=2
DMA IRQ c3=0
SELECT busy=1526
SELECT w0=1520
SELECT w1=1308
SELECT w2=922
BUSY TASK ewma=997
DMA IRQ c0=0
DMA IRQ c1=0
DMA IRQ c2=2
DMA IRQ c3=0
SELECT busy=1547
SELECT w0=1542
SELECT w1=1319
SELECT w2=936
BUSY TASK ewma=997
DMA IRQ c0=0
DMA IRQ c1=0
DMA IRQ c2=2
DMA IRQ c3=0
SELECT busy=1567
SELECT w0=1562
SELECT w1=1330
SELECT w2=947
BUSY TASK ewma=997
DMA IRQ c0=0
DMA IRQ c1=0
DMA IRQ c2=2
DMA IRQ c3=0
SELECT busy=1590
SELECT w0=1584
SELECT w1=1341
SELECT w2=958
BUSY TASK ewma=997
DMA IRQ c0=0
DMA IRQ c1=0
DMA IRQ c2=2
DMA IRQ c3=0
SELECT busy=1612
SELECT w0=1606
SELECT w1=1353
SELECT w2=976
BUSY TASK ewma=997
DMA IRQ c0=0
DMA IRQ c1=0
DMA IRQ c2=2
DMA IRQ c3=0
SELECT busy=1636
SELECT w0=1632
SELECT w1=1372
SELECT w2=990
BUSY TASK ewma=997
DMA IRQ c0=0
DMA IRQ c1=0
DMA IRQ c2=2
DMA IRQ c3=0
SELECT busy=1659
SELECT w0=1653
SELECT w1=1389
SELECT w2=1002
BUSY TASK ewma=997
DMA IRQ c0=0
DMA IRQ c1=0
DMA IRQ c2=2
DMA IRQ c3=0
SELECT busy=1685
SELECT w0=1680
SELECT w1=1403
SELECT w2=1015
BUSY TASK ewma=997
DMA IRQ c0=0
DMA IRQ c1=0
DMA IRQ c2=2
DMA IRQ c3=0
SELECT busy=1712
SELECT w0=1707
SELECT w1=1421
SELECT w2=1031
BUSY TASK ewma=997
DMA IRQ c0=0
DMA IRQ c1=0
DMA IRQ c2=2
DMA IRQ c3=0
SELECT busy=1728
SELECT w0=1722
SELECT w1=1430
SELECT w2=1040
BUSY TASK ewma=997
DMA IRQ c0=0
DMA IRQ c1=0
DMA IRQ c2=2
DMA IRQ c3=0
SELECT busy=1748
SELECT w0=1746
SELECT w1=1448
SELECT w2=1057
BUSY TASK ewma=997
DMA IRQ c0=0
DMA IRQ c1=0
DMA IRQ c2=2
DMA IRQ c3=0
SELECT busy=1770
SELECT w0=1764
SELECT w1=1457
SELECT w2=1067
BUSY TASK ewma=997
DMA IRQ c0=0
DMA IRQ c1=0
DMA IRQ c2=2
DMA IRQ c3=0
SELECT busy=1797
SELECT w0=1791
SELECT w1=1473
SELECT w2=1082
BUSY TASK ewma=997
DMA IRQ c0=0
DMA IRQ c1=0
DMA IRQ c2=2
DMA IRQ c3=0
SELECT busy=1816
SELECT w0=1811
SELECT w1=1481
SELECT w2=1091
BUSY TASK ewma=997
DMA IRQ c0=0
DMA IRQ c1=0
DMA IRQ c2=2
DMA IRQ c3=0
SELECT busy=1850
SELECT w0=1844
SELECT w1=1497
SELECT w2=1107
BUSY TASK ewma=997
DMA IRQ c0=0
DMA IRQ c1=0
DMA IRQ c2=2
DMA IRQ c3=0
SELECT busy=1872
SELECT w0=1867
SELECT w1=1517
SELECT w2=1124
BUSY TASK ewma=997
DMA IRQ c0=0
DMA IRQ c1=0
DMA IRQ c2=2
DMA IRQ c3=0
SELECT busy=1895
SELECT w0=1891
SELECT w1=1535
SELECT w2=1144
BUSY TASK ewma=997
DMA IRQ c0=0
DMA IRQ c1=0
DMA IRQ c2=2
DMA IRQ c3=0
SELECT busy=1918
SELECT w0=1913
SELECT w1=1546
SELECT w2=1155
BUSY TASK ewma=997
DMA IRQ c0=0
DMA IRQ c1=0
DMA IRQ c2=2
DMA IRQ c3=0
SELECT busy=1941
SELECT w0=1935
SELECT w1=1563
SELECT w2=1165
BUSY TASK ewma=997
DMA IRQ c0=0
DMA IRQ c1=0
DMA IRQ c2=2
DMA IRQ c3=0
SELECT busy=1959
SELECT w0=1953
SELECT w1=1571
SELECT w2=1174
BUSY TASK ewma=997
DMA IRQ c0=0
DMA IRQ c1=0
DMA IRQ c2=2
DMA IRQ c3=0
SELECT busy=1985
SELECT w0=1980
SELECT w1=1590
SELECT w2=1190
BUSY TASK ewma=997
DMA IRQ c0=0
DMA IRQ c1=0
DMA IRQ c2=2
DMA IRQ c3=0
SELECT busy=2012
SELECT w0=2007
SELECT w1=1608
SELECT w2=1208
BUSY TASK ewma=997
DMA IRQ c0=0
DMA IRQ c1=0
DMA IRQ c2=2
DMA IRQ c3=0
SELECT busy=2031
SELECT w0=2026
SELECT w1=1617
SELECT w2=1219
BUSY TASK ewma=997
DMA IRQ c0=0
DMA IRQ c1=0
DMA IRQ c2=2
DMA IRQ c3=0
SELECT busy=2060
SELECT w0=2057
SELECT w1=1634
SELECT w2=1237
BUSY TASK ewma=997
DMA IRQ c0=0
DMA IRQ c1=0
DMA IRQ c2=2
DMA IRQ c3=0
SELECT busy=2098
SELECT w0=2093
SELECT w1=1651
SELECT w2=1253
BUSY TASK ewma=997
DMA IRQ c0=0
DMA IRQ c1=0
DMA IRQ c2=2
DMA IRQ c3=0
SELECT busy=2115
SELECT w0=2110
SELECT w1=1659
SELECT w2=1264
BUSY TASK ewma=997
DMA IRQ c0=0
DMA IRQ c1=0
DMA IRQ c2=2
DMA IRQ c3=0
SELECT busy=2139
SELECT w0=2134
SELECT w1=1672
SELECT w2=1274
BUSY TASK ewma=997
DMA IRQ c0=0
DMA IRQ c1=0
DMA IRQ c2=2
DMA IRQ c3=0
SELECT busy=2158
SELECT w0=2152
SELECT w1=1684
SELECT w2=1284
BUSY TASK ewma=997
DMA IRQ c0=0
DMA IRQ c1=0
DMA IRQ c2=2
DMA IRQ c3=0
SELECT busy=2179
SELECT w0=2174
SELECT w1=1700
SELECT w2=1300
BUSY TASK ewma=997
DMA IRQ c0=0
DMA IRQ c1=0
DMA IRQ c2=2
DMA IRQ c3=0
SELECT busy=2202
SELECT w0=2198
SELECT w1=1718
SELECT w2=1317
BUSY TASK ewma=997
DMA IRQ c0=0
DMA IRQ c1=0
DMA IRQ c2=2
DMA IRQ c3=0
SELECT busy=2223
SELECT w0=2218
SELECT w1=1735
SELECT w2=1329
BUSY TASK ewma=997
DMA IRQ c0=0
DMA IRQ c1=0
DMA IRQ c2=2
DMA IRQ c3=0
SELECT busy=2240
SELECT w0=2234
SELECT w1=1739
SELECT w2=1334
BUSY TASK ewma=997
DMA IRQ c0=0
DMA IRQ c1=0
DMA IRQ c2=2
DMA IRQ c3=0
SELECT busy=2266
SELECT w0=2261
SELECT w1=1756
SELECT w2=1349
BUSY TASK ewma=997
DMA IRQ c0=0
DMA IRQ c1=0
DMA IRQ c2=2
DMA IRQ c3=0
SELECT busy=2285
SELECT w0=2279
SELECT w1=1767
SELECT w2=1359
BUSY TASK ewma=997
DMA IRQ c0=0
DMA IRQ c1=0
DMA IRQ c2=2
DMA IRQ c3=0
SELECT busy=2306
SELECT w0=2300
SELECT w1=1775
SELECT w2=1366
BUSY TASK ewma=997
DMA IRQ c0=0
DMA IRQ c1=0
DMA IRQ c2=2
DMA IRQ c3=0
SELECT busy=2327
SELECT w0=2322
SELECT w1=1788
SELECT w2=1382
BUSY TASK ewma=997
DMA IRQ c0=0
DMA IRQ c1=0
DMA IRQ c2=2
DMA IRQ c3=0
SELECT busy=2347
SELECT w0=2342
SELECT w1=1798
SELECT w2=1391
BUSY TASK ewma=997
DMA IRQ c0=0
DMA IRQ c1=0
DMA IRQ c2=2
DMA IRQ c3=0
SELECT busy=2365
SELECT w0=2359
SELECT w1=1807
SELECT w2=1399
BUSY TASK ewma=997
DMA IRQ c0=0
DMA IRQ c1=0
DMA IRQ c2=2
DMA IRQ c3=0
SELECT busy=2391
SELECT w0=2385
SELECT w1=1821
SELECT w2=1413
BUSY TASK ewma=997
DMA IRQ c0=0
DMA IRQ c1=0
DMA IRQ c2=2
DMA IRQ c3=0
SELECT busy=2409
SELECT w0=2405
SELECT w1=1833
SELECT w2=1428
BUSY TASK ewma=997
DMA IRQ c0=0
DMA IRQ c1=0
DMA IRQ c2=2
DMA IRQ c3=0
SELECT busy=2434
SELECT w0=2428
SELECT w1=1845
SELECT w2=1439
BUSY TASK ewma=997
DMA IRQ c0=0
DMA IRQ c1=0
DMA IRQ c2=2
DMA IRQ c3=0
SELECT busy=2451
SELECT w0=2445
SELECT w1=1854
SELECT w2=1448
BUSY TASK ewma=997
DMA IRQ c0=0
DMA IRQ c1=0
DMA IRQ c2=2
DMA IRQ c3=0
SELECT busy=2473
SELECT w0=2468
SELECT w1=1868
SELECT w2=1461
BUSY TASK ewma=997
DMA IRQ c0=0
DMA IRQ c1=0
DMA IRQ c2=2
DMA IRQ c3=0
SELECT busy=2498
SELECT w0=2492
SELECT w1=1881
SELECT w2=1472
BUSY TASK ewma=997
DMA IRQ c0=0
DMA IRQ c1=0
DMA IRQ c2=2
DMA IRQ c3=0
SELECT busy=2516
SELECT w0=2511
SELECT w1=1886
SELECT w2=1477
BUSY TASK ewma=997
DMA IRQ c0=0
DMA IRQ c1=0
DMA IRQ c2=2
DMA IRQ c3=0
SELECT busy=2535
SELECT w0=2530
SELECT w1=1900
SELECT w2=1495
BUSY TASK ewma=997
DMA IRQ c0=0
DMA IRQ c1=0
DMA IRQ c2=2
DMA IRQ c3=0
SELECT busy=2560
SELECT w0=2557
SELECT w1=1915
SELECT w2=1511
BUSY TASK ewma=997
DMA IRQ c0=0
DMA IRQ c1=0
DMA IRQ c2=2
DMA IRQ c3=0
SELECT busy=2583
SELECT w0=2577
SELECT w1=1925
SELECT w2=1523
BUSY TASK ewma=997
DMA IRQ c0=0
DMA IRQ c1=0
DMA IRQ c2=2
DMA IRQ c3=0
SELECT busy=2598
SELECT w0=2593
SELECT w1=1936
SELECT w2=1538
BUSY TASK ewma=997
DMA IRQ c0=0
DMA IRQ c1=0
DMA IRQ c2=2
DMA IRQ c3=0
SELECT busy=2617
SELECT w0=2612
SELECT w1=1951
SELECT w2=1554
BUSY TASK ewma=997
DMA IRQ c0=0
DMA IRQ c1=0
DMA IRQ c2=2
DMA IRQ c3=0
SELECT busy=2645
SELECT w0=2640
SELECT w1=1964
SELECT w2=1569
BUSY TASK ewma=997
DMA IRQ c0=0
DMA IRQ c1=0
DMA IRQ c2=2
DMA IRQ c3=0
SELECT busy=2666
SELECT w0=2660
SELECT w1=1975
SELECT w2=1579
BUSY TASK ewma=997
DMA IRQ c0=0
DMA IRQ c1=0
DMA IRQ c2=2
DMA IRQ c3=0
SELECT busy=2687
SELECT w0=2683
SELECT w1=1993
SELECT w2=1594
BUSY TASK ewma=997
DMA IRQ c0=0
DMA IRQ c1=0
DMA IRQ c2=2
DMA IRQ c3=0
SELECT busy=2717
SELECT w0=2711
SELECT w1=2012
SELECT w2=1610
BUSY TASK ewma=997
DMA IRQ c0=0
DMA IRQ c1=0
DMA IRQ c2=2
DMA IRQ c3=0
SELECT busy=2744
SELECT w0=2739
SELECT w1=2028
SELECT w2=1625
BUSY TASK ewma=997
DMA IRQ c0=0
DMA IRQ c1=0
DMA IRQ c2=2
DMA IRQ c3=0
SELECT busy=2780
SELECT w0=2775
SELECT w1=2044
SELECT w2=1642
BUSY TASK ewma=997
DMA IRQ c0=0
DMA IRQ c1=0
DMA IRQ c2=2
DMA IRQ c3=0
SELECT busy=2805
SELECT w0=2800
SELECT w1=2057
SELECT w2=1657
BUSY TASK ewma=997
DMA IRQ c0=0
DMA IRQ c1=0
DMA IRQ c2=2
DMA IRQ c3=0
SELECT busy=2824
SELECT w0=2819
SELECT w1=2065
SELECT w2=1665
BUSY TASK ewma=997
DMA IRQ c0=0
DMA IRQ c1=0
DMA IRQ c2=2
DMA IRQ c3=0
SELECT busy=2842
SELECT w0=2837
SELECT w1=2075
SELECT w2=1671
BUSY TASK ewma=997
DMA IRQ c0=0
DMA IRQ c1=0
DMA IRQ c2=2
DMA IRQ c3=0
SELECT busy=2864
SELECT w0=2861
SELECT w1=2092
SELECT w2=1691
BUSY TASK ewma=997
DMA IRQ c0=0
DMA IRQ c1=0
DMA IRQ c2=2
DMA IRQ c3=0
SELECT busy=2885
SELECT w0=2881
SELECT w1=2105
SELECT w2=1704
BUSY TASK ewma=997
IRQ counts: cpu0=5803 cpu1=7212 cpu2=6987 cpu3=7043
SCHED secondaries: calls=21242 unexpected=0
SECTEST switches=21194 cpu1=84108980,83714939 cpu2=68928560,69462364 cpu3=93003923,92023925
PINGPONG rounds=1091 pongs=1092
DMA IRQ c0=0
DMA IRQ c1=0
DMA IRQ c2=2
DMA IRQ c3=0
SELECT busy=2913
SELECT w0=2909
SELECT w1=2118
SELECT w2=1716
BUSY TASK ewma=997
DMA IRQ c0=0
DMA IRQ c1=0
DMA IRQ c2=2
DMA IRQ c3=0
SELECT busy=2937
SELECT w0=2932
SELECT w1=2126
SELECT w2=1726
BUSY TASK ewma=997
DMA IRQ c0=0
DMA IRQ c1=0
DMA IRQ c2=2
DMA IRQ c3=0
SELECT busy=2960
SELECT w0=2955
SELECT w1=2145
SELECT w2=1743
BUSY TASK ewma=997
DMA IRQ c0=0
DMA IRQ c1=0
DMA IRQ c2=2
DMA IRQ c3=0
SELECT busy=2986
SELECT w0=2981
SELECT w1=2158
SELECT w2=1757
BUSY TASK ewma=997
DMA IRQ c0=0
DMA IRQ c1=0
DMA IRQ c2=2
DMA IRQ c3=0
SELECT busy=3008
SELECT w0=3002
SELECT w1=2169
SELECT w2=1768
BUSY TASK ewma=997
DMA IRQ c0=0
DMA IRQ c1=0
DMA IRQ c2=2
DMA IRQ c3=0
SELECT busy=3034
SELECT w0=3029
SELECT w1=2184
SELECT w2=1784
BUSY TASK ewma=997
DMA IRQ c0=0
DMA IRQ c1=0
DMA IRQ c2=2
DMA IRQ c3=0
SELECT busy=3064
SELECT w0=3059
SELECT w1=2203
SELECT w2=1802
BUSY TASK ewma=997
DMA IRQ c0=0
DMA IRQ c1=0
DMA IRQ c2=2
DMA IRQ c3=0
SELECT busy=3090
SELECT w0=3085
SELECT w1=2222
SELECT w2=1816
BUSY TASK ewma=997
DMA IRQ c0=0
DMA IRQ c1=0
DMA IRQ c2=2
DMA IRQ c3=0
SELECT busy=3115
SELECT w0=3109
SELECT w1=2238
SELECT w2=1836
BUSY TASK ewma=997
DMA IRQ c0=0
DMA IRQ c1=0
DMA IRQ c2=2
DMA IRQ c3=0
SELECT busy=3137
SELECT w0=3132
SELECT w1=2249
SELECT w2=1850
BUSY TASK ewma=997
DMA IRQ c0=0
DMA IRQ c1=0
DMA IRQ c2=2
DMA IRQ c3=0
SELECT busy=3156
SELECT w0=3150
SELECT w1=2257
SELECT w2=1857
BUSY TASK ewma=997
DMA IRQ c0=0
DMA IRQ c1=0
DMA IRQ c2=2
DMA IRQ c3=0
SELECT busy=3181
SELECT w0=3176
SELECT w1=2280
SELECT w2=1877
BUSY TASK ewma=997
DMA IRQ c0=0
DMA IRQ c1=0
DMA IRQ c2=2
DMA IRQ c3=0
SELECT busy=3203
SELECT w0=3198
SELECT w1=2296
SELECT w2=1894
BUSY TASK ewma=997
DMA IRQ c0=0
DMA IRQ c1=0
DMA IRQ c2=2
DMA IRQ c3=0
SELECT busy=3232
SELECT w0=3227
SELECT w1=2312
SELECT w2=1909
BUSY TASK ewma=997
DMA IRQ c0=0
DMA IRQ c1=0
DMA IRQ c2=2
DMA IRQ c3=0
SELECT busy=3261
SELECT w0=3256
SELECT w1=2329
SELECT w2=1931
BUSY TASK ewma=997
DMA IRQ c0=0
DMA IRQ c1=0
DMA IRQ c2=2
DMA IRQ c3=0
SELECT busy=3281
SELECT w0=3276
SELECT w1=2343
SELECT w2=1943
BUSY TASK ewma=997
DMA IRQ c0=0
DMA IRQ c1=0
DMA IRQ c2=2
DMA IRQ c3=0
qemu-system-aarch64: terminating on signal 15 from pid 233982 (timeout)
