P4 M7: full integration test boot OK
CPU0: MPIDR_EL1=0x0000000080000000
CPU0: psci_cpu_on target=1 rc=0
CPU1: alive, MPIDR_EL1=0x0000000080000001 this_cpu()->cpu_id=1
CPU0: psci_cpu_on target=2 rc=0
CPU2: alive, MPIDR_EL1=0x0000000080000002 this_cpu()->cpu_id=2
CPU0: psci_cpu_on target=3 rc=0
CPU3: alive, MPIDR_EL1=0x0000000080000003 this_cpu()->cpu_id=3
CPUs online: 4
DMA IRQ target cpu=2
D2b: worker 2 runs on CPU2
D2b: worker 1 runs on CPU1
D2b: worker 0 runs on CPU0
P4 M7: worker submitted cmd_id=2
P4 M7: worker submitted cmd_id=3
P4 M7: worker submitted cmd_id=1
P4 M7: worker DATA OK, cmd_id=2
P4 M7: worker DATA OK, cmd_id=1
WORKER ewma=759
WORKER ewma=759
P4 M7: worker DATA OK, cmd_id=3
WORKER ewma=831
BUSY TASK ewma=992
DMA IRQ c0=0
DMA IRQ c1=0
DMA IRQ c2=1
DMA IRQ c3=0
SELECT busy=19
SELECT w0=18
SELECT w1=32
SELECT w2=21
BUSY TASK ewma=997
DMA IRQ c0=0
DMA IRQ c1=0
DMA IRQ c2=1
DMA IRQ c3=0
SELECT busy=37
SELECT w0=36
SELECT w1=58
SELECT w2=41
BUSY TASK ewma=997
DMA IRQ c0=0
DMA IRQ c1=0
DMA IRQ c2=1
DMA IRQ c3=0
SELECT busy=55
SELECT w0=55
SELECT w1=99
SELECT w2=88
BUSY TASK ewma=997
DMA IRQ c0=0
DMA IRQ c1=0
DMA IRQ c2=1
DMA IRQ c3=0
SELECT busy=75
SELECT w0=75
SELECT w1=119
SELECT w2=103
BUSY TASK ewma=997
DMA IRQ c0=0
DMA IRQ c1=0
DMA IRQ c2=1
DMA IRQ c3=0
SELECT busy=95
SELECT w0=95
SELECT w1=130
SELECT w2=118
BUSY TASK ewma=997
DMA IRQ c0=0
DMA IRQ c1=0
DMA IRQ c2=1
DMA IRQ c3=0
SELECT busy=114
SELECT w0=114
SELECT w1=141
SELECT w2=128
BUSY TASK ewma=997
DMA IRQ c0=0
DMA IRQ c1=0
DMA IRQ c2=1
DMA IRQ c3=0
SELECT busy=143
SELECT w0=143
SELECT w1=156
SELECT w2=144
BUSY TASK ewma=997
DMA IRQ c0=0
DMA IRQ c1=0
DMA IRQ c2=1
DMA IRQ c3=0
SELECT busy=168
SELECT w0=167
SELECT w1=172
SELECT w2=153
BUSY TASK ewma=997
DMA IRQ c0=0
DMA IRQ c1=0
DMA IRQ c2=1
DMA IRQ c3=0
SELECT busy=186
SELECT w0=186
SELECT w1=186
SELECT w2=168
BUSY TASK ewma=997
DMA IRQ c0=0
DMA IRQ c1=0
DMA IRQ c2=1
DMA IRQ c3=0
SELECT busy=209
SELECT w0=209
SELECT w1=206
SELECT w2=183
BUSY TASK ewma=997
DMA IRQ c0=0
DMA IRQ c1=0
DMA IRQ c2=1
DMA IRQ c3=0
SELECT busy=227
SELECT w0=226
SELECT w1=212
SELECT w2=188
BUSY TASK ewma=997
DMA IRQ c0=0
DMA IRQ c1=0
DMA IRQ c2=1
DMA IRQ c3=0
SELECT busy=245
SELECT w0=244
SELECT w1=219
SELECT w2=195
BUSY TASK ewma=997
DMA IRQ c0=0
DMA IRQ c1=0
DMA IRQ c2=1
DMA IRQ c3=0
SELECT busy=262
SELECT w0=261
SELECT w1=225
SELECT w2=201
BUSY TASK ewma=997
DMA IRQ c0=0
DMA IRQ c1=0
DMA IRQ c2=1
DMA IRQ c3=0
SELECT busy=288
SELECT w0=288
SELECT w1=244
SELECT w2=218
BUSY TASK ewma=997
DMA IRQ c0=0
DMA IRQ c1=0
DMA IRQ c2=1
DMA IRQ c3=0
SELECT busy=309
SELECT w0=309
SELECT w1=256
SELECT w2=230
BUSY TASK ewma=997
DMA IRQ c0=0
DMA IRQ c1=0
DMA IRQ c2=1
DMA IRQ c3=0
SELECT busy=331
SELECT w0=330
SELECT w1=265
SELECT w2=239
BUSY TASK ewma=997
DMA IRQ c0=0
DMA IRQ c1=0
DMA IRQ c2=1
DMA IRQ c3=0
SELECT busy=352
SELECT w0=351
SELECT w1=275
SELECT w2=248
BUSY TASK ewma=997
DMA IRQ c0=0
DMA IRQ c1=0
DMA IRQ c2=1
DMA IRQ c3=0
SELECT busy=370
SELECT w0=369
SELECT w1=285
SELECT w2=258
BUSY TASK ewma=997
DMA IRQ c0=0
DMA IRQ c1=0
DMA IRQ c2=1
DMA IRQ c3=0
SELECT busy=390
SELECT w0=389
SELECT w1=300
SELECT w2=272
BUSY TASK ewma=997
DMA IRQ c0=0
DMA IRQ c1=0
DMA IRQ c2=1
DMA IRQ c3=0
SELECT busy=411
SELECT w0=411
SELECT w1=324
SELECT w2=290
BUSY TASK ewma=997
DMA IRQ c0=0
DMA IRQ c1=0
DMA IRQ c2=1
DMA IRQ c3=0
SELECT busy=434
SELECT w0=433
SELECT w1=335
SELECT w2=297
BUSY TASK ewma=997
DMA IRQ c0=0
DMA IRQ c1=0
DMA IRQ c2=1
DMA IRQ c3=0
SELECT busy=454
SELECT w0=454
SELECT w1=356
SELECT w2=314
BUSY TASK ewma=997
DMA IRQ c0=0
DMA IRQ c1=0
DMA IRQ c2=1
DMA IRQ c3=0
SELECT busy=478
SELECT w0=479
SELECT w1=365
SELECT w2=325
BUSY TASK ewma=997
DMA IRQ c0=0
DMA IRQ c1=0
DMA IRQ c2=1
DMA IRQ c3=0
SELECT busy=504
SELECT w0=503
SELECT w1=376
SELECT w2=336
BUSY TASK ewma=997
DMA IRQ c0=0
DMA IRQ c1=0
DMA IRQ c2=1
DMA IRQ c3=0
SELECT busy=519
SELECT w0=519
SELECT w1=386
SELECT w2=345
BUSY TASK ewma=997
DMA IRQ c0=0
DMA IRQ c1=0
DMA IRQ c2=1
DMA IRQ c3=0
SELECT busy=538
SELECT w0=538
SELECT w1=397
SELECT w2=356
BUSY TASK ewma=997
DMA IRQ c0=0
DMA IRQ c1=0
DMA IRQ c2=1
DMA IRQ c3=0
SELECT busy=564
SELECT w0=564
SELECT w1=416
SELECT w2=379
BUSY TASK ewma=997
DMA IRQ c0=0
DMA IRQ c1=0
DMA IRQ c2=1
DMA IRQ c3=0
SELECT busy=587
SELECT w0=586
SELECT w1=427
SELECT w2=389
BUSY TASK ewma=997
DMA IRQ c0=0
DMA IRQ c1=0
DMA IRQ c2=1
DMA IRQ c3=0
SELECT busy=602
SELECT w0=601
SELECT w1=433
SELECT w2=395
BUSY TASK ewma=997
DMA IRQ c0=0
DMA IRQ c1=0
DMA IRQ c2=1
DMA IRQ c3=0
SELECT busy=620
SELECT w0=619
SELECT w1=444
SELECT w2=405
BUSY TASK ewma=997
DMA IRQ c0=0
DMA IRQ c1=0
DMA IRQ c2=1
DMA IRQ c3=0
SELECT busy=637
SELECT w0=636
SELECT w1=455
SELECT w2=412
BUSY TASK ewma=997
DMA IRQ c0=0
DMA IRQ c1=0
DMA IRQ c2=1
DMA IRQ c3=0
SELECT busy=662
SELECT w0=662
SELECT w1=466
SELECT w2=426
BUSY TASK ewma=997
DMA IRQ c0=0
DMA IRQ c1=0
DMA IRQ c2=1
DMA IRQ c3=0
SELECT busy=692
SELECT w0=691
SELECT w1=478
SELECT w2=436
BUSY TASK ewma=997
DMA IRQ c0=0
DMA IRQ c1=0
DMA IRQ c2=1
DMA IRQ c3=0
SELECT busy=709
SELECT w0=708
SELECT w1=484
SELECT w2=444
BUSY TASK ewma=997
DMA IRQ c0=0
DMA IRQ c1=0
DMA IRQ c2=1
DMA IRQ c3=0
SELECT busy=729
SELECT w0=729
SELECT w1=501
SELECT w2=460
BUSY TASK ewma=997
DMA IRQ c0=0
DMA IRQ c1=0
DMA IRQ c2=1
DMA IRQ c3=0
SELECT busy=763
SELECT w0=763
SELECT w1=519
SELECT w2=475
BUSY TASK ewma=997
DMA IRQ c0=0
DMA IRQ c1=0
DMA IRQ c2=1
DMA IRQ c3=0
SELECT busy=785
SELECT w0=786
SELECT w1=531
SELECT w2=485
BUSY TASK ewma=997
DMA IRQ c0=0
DMA IRQ c1=0
DMA IRQ c2=1
DMA IRQ c3=0
SELECT busy=808
SELECT w0=808
SELECT w1=549
SELECT w2=500
BUSY TASK ewma=997
DMA IRQ c0=0
DMA IRQ c1=0
DMA IRQ c2=1
DMA IRQ c3=0
SELECT busy=832
SELECT w0=831
SELECT w1=559
SELECT w2=509
BUSY TASK ewma=997
DMA IRQ c0=0
DMA IRQ c1=0
DMA IRQ c2=1
DMA IRQ c3=0
SELECT busy=853
SELECT w0=853
SELECT w1=576
SELECT w2=525
BUSY TASK ewma=997
DMA IRQ c0=0
DMA IRQ c1=0
DMA IRQ c2=1
DMA IRQ c3=0
SELECT busy=883
SELECT w0=882
SELECT w1=593
SELECT w2=540
BUSY TASK ewma=997
DMA IRQ c0=0
DMA IRQ c1=0
DMA IRQ c2=1
DMA IRQ c3=0
SELECT busy=900
SELECT w0=899
SELECT w1=602
SELECT w2=547
BUSY TASK ewma=997
DMA IRQ c0=0
DMA IRQ c1=0
DMA IRQ c2=1
DMA IRQ c3=0
SELECT busy=914
SELECT w0=913
SELECT w1=612
SELECT w2=558
BUSY TASK ewma=997
DMA IRQ c0=0
DMA IRQ c1=0
DMA IRQ c2=1
DMA IRQ c3=0
SELECT busy=936
SELECT w0=936
SELECT w1=625
SELECT w2=575
BUSY TASK ewma=997
DMA IRQ c0=0
DMA IRQ c1=0
DMA IRQ c2=1
DMA IRQ c3=0
SELECT busy=956
SELECT w0=956
SELECT w1=634
SELECT w2=583
BUSY TASK ewma=997
DMA IRQ c0=0
DMA IRQ c1=0
DMA IRQ c2=1
DMA IRQ c3=0
SELECT busy=974
SELECT w0=973
SELECT w1=643
SELECT w2=591
BUSY TASK ewma=997
DMA IRQ c0=0
DMA IRQ c1=0
DMA IRQ c2=1
DMA IRQ c3=0
SELECT busy=993
SELECT w0=993
SELECT w1=656
SELECT w2=609
BUSY TASK ewma=997
DMA IRQ c0=0
DMA IRQ c1=0
DMA IRQ c2=1
DMA IRQ c3=0
SELECT busy=1021
SELECT w0=1020
SELECT w1=669
SELECT w2=624
BUSY TASK ewma=997
DMA IRQ c0=0
DMA IRQ c1=0
DMA IRQ c2=1
DMA IRQ c3=0
SELECT busy=1038
SELECT w0=1038
SELECT w1=677
SELECT w2=632
BUSY TASK ewma=997
DMA IRQ c0=0
DMA IRQ c1=0
DMA IRQ c2=1
DMA IRQ c3=0
SELECT busy=1064
SELECT w0=1063
SELECT w1=691
SELECT w2=654
BUSY TASK ewma=997
DMA IRQ c0=0
DMA IRQ c1=0
DMA IRQ c2=1
DMA IRQ c3=0
SELECT busy=1084
SELECT w0=1084
SELECT w1=701
SELECT w2=666
BUSY TASK ewma=997
DMA IRQ c0=0
DMA IRQ c1=0
DMA IRQ c2=1
DMA IRQ c3=0
SELECT busy=1104
SELECT w0=1104
SELECT w1=707
SELECT w2=670
BUSY TASK ewma=997
DMA IRQ c0=0
DMA IRQ c1=0
DMA IRQ c2=1
DMA IRQ c3=0
SELECT busy=1123
SELECT w0=1123
SELECT w1=717
SELECT w2=680
BUSY TASK ewma=997
DMA IRQ c0=0
DMA IRQ c1=0
DMA IRQ c2=1
DMA IRQ c3=0
SELECT busy=1143
SELECT w0=1144
SELECT w1=735
SELECT w2=692
BUSY TASK ewma=997
DMA IRQ c0=0
DMA IRQ c1=0
DMA IRQ c2=1
DMA IRQ c3=0
SELECT busy=1167
SELECT w0=1167
SELECT w1=753
SELECT w2=708
BUSY TASK ewma=997
DMA IRQ c0=0
DMA IRQ c1=0
DMA IRQ c2=1
DMA IRQ c3=0
SELECT busy=1190
SELECT w0=1189
SELECT w1=765
SELECT w2=719
BUSY TASK ewma=997
DMA IRQ c0=0
DMA IRQ c1=0
DMA IRQ c2=1
DMA IRQ c3=0
SELECT busy=1214
SELECT w0=1215
SELECT w1=782
SELECT w2=735
BUSY TASK ewma=997
DMA IRQ c0=0
DMA IRQ c1=0
DMA IRQ c2=1
DMA IRQ c3=0
SELECT busy=1233
SELECT w0=1233
SELECT w1=793
SELECT w2=746
BUSY TASK ewma=997
DMA IRQ c0=0
DMA IRQ c1=0
DMA IRQ c2=1
DMA IRQ c3=0
SELECT busy=1251
SELECT w0=1251
SELECT w1=804
SELECT w2=763
BUSY TASK ewma=997
DMA IRQ c0=0
DMA IRQ c1=0
DMA IRQ c2=1
DMA IRQ c3=0
SELECT busy=1281
SELECT w0=1280
SELECT w1=821
SELECT w2=781
BUSY TASK ewma=997
DMA IRQ c0=0
DMA IRQ c1=0
DMA IRQ c2=1
DMA IRQ c3=0
SELECT busy=1302
SELECT w0=1302
SELECT w1=833
SELECT w2=793
BUSY TASK ewma=997
DMA IRQ c0=0
DMA IRQ c1=0
DMA IRQ c2=1
DMA IRQ c3=0
SELECT busy=1325
SELECT w0=1325
SELECT w1=846
SELECT w2=807
BUSY TASK ewma=997
DMA IRQ c0=0
DMA IRQ c1=0
DMA IRQ c2=1
DMA IRQ c3=0
SELECT busy=1343
SELECT w0=1343
SELECT w1=860
SELECT w2=818
BUSY TASK ewma=997
IRQ counts: cpu0=2716 cpu1=3289 cpu2=3176 cpu3=3160
SCHED secondaries: calls=9631 unexpected=0
SECTEST switches=9589 cpu1=37222182,37819520 cpu2=37001034,31380213 cpu3=44681812,42475530
PINGPONG rounds=593 pongs=593
DMA IRQ c0=0
DMA IRQ c1=0
DMA IRQ c2=1
DMA IRQ c3=0
SELECT busy=1366
SELECT w0=1365
SELECT w1=870
SELECT w2=829
BUSY TASK ewma=997
DMA IRQ c0=0
DMA IRQ c1=0
DMA IRQ c2=1
DMA IRQ c3=0
SELECT busy=1384
SELECT w0=1383
SELECT w1=877
SELECT w2=835
BUSY TASK ewma=997
DMA IRQ c0=0
DMA IRQ c1=0
DMA IRQ c2=1
DMA IRQ c3=0
SELECT busy=1397
SELECT w0=1396
SELECT w1=885
SELECT w2=842
BUSY TASK ewma=997
DMA IRQ c0=0
DMA IRQ c1=0
DMA IRQ c2=1
DMA IRQ c3=0
SELECT busy=1415
SELECT w0=1414
SELECT w1=892
SELECT w2=850
BUSY TASK ewma=997
DMA IRQ c0=0
DMA IRQ c1=0
DMA IRQ c2=1
DMA IRQ c3=0
SELECT busy=1430
SELECT w0=1430
SELECT w1=901
SELECT w2=859
BUSY TASK ewma=997
DMA IRQ c0=0
DMA IRQ c1=0
DMA IRQ c2=1
DMA IRQ c3=0
SELECT busy=1449
SELECT w0=1449
SELECT w1=911
SELECT w2=870
BUSY TASK ewma=997
DMA IRQ c0=0
DMA IRQ c1=0
DMA IRQ c2=1
DMA IRQ c3=0
SELECT busy=1471
SELECT w0=1471
SELECT w1=923
SELECT w2=882
BUSY TASK ewma=997
DMA IRQ c0=0
DMA IRQ c1=0
DMA IRQ c2=1
DMA IRQ c3=0
SELECT busy=1493
SELECT w0=1493
SELECT w1=936
SELECT w2=893
BUSY TASK ewma=997
DMA IRQ c0=0
DMA IRQ c1=0
DMA IRQ c2=1
DMA IRQ c3=0
SELECT busy=1512
SELECT w0=1512
SELECT w1=947
SELECT w2=903
BUSY TASK ewma=997
DMA IRQ c0=0
DMA IRQ c1=0
DMA IRQ c2=1
DMA IRQ c3=0
SELECT busy=1536
SELECT w0=1535
SELECT w1=960
SELECT w2=915
BUSY TASK ewma=997
DMA IRQ c0=0
DMA IRQ c1=0
DMA IRQ c2=1
DMA IRQ c3=0
SELECT busy=1555
SELECT w0=1554
SELECT w1=970
SELECT w2=924
BUSY TASK ewma=997
DMA IRQ c0=0
DMA IRQ c1=0
DMA IRQ c2=1
DMA IRQ c3=0
SELECT busy=1571
SELECT w0=1571
SELECT w1=987
SELECT w2=935
BUSY TASK ewma=997
DMA IRQ c0=0
DMA IRQ c1=0
DMA IRQ c2=1
DMA IRQ c3=0
SELECT busy=1592
SELECT w0=1591
SELECT w1=1001
SELECT w2=947
BUSY TASK ewma=997
DMA IRQ c0=0
DMA IRQ c1=0
DMA IRQ c2=1
DMA IRQ c3=0
SELECT busy=1611
SELECT w0=1611
SELECT w1=1011
SELECT w2=960
BUSY TASK ewma=997
DMA IRQ c0=0
DMA IRQ c1=0
DMA IRQ c2=1
DMA IRQ c3=0
SELECT busy=1633
SELECT w0=1633
SELECT w1=1033
SELECT w2=977
BUSY TASK ewma=997
DMA IRQ c0=0
DMA IRQ c1=0
DMA IRQ c2=1
DMA IRQ c3=0
SELECT busy=1661
SELECT w0=1662
SELECT w1=1048
SELECT w2=991
BUSY TASK ewma=997
DMA IRQ c0=0
DMA IRQ c1=0
DMA IRQ c2=1
DMA IRQ c3=0
SELECT busy=1682
SELECT w0=1682
SELECT w1=1064
SELECT w2=1004
BUSY TASK ewma=997
DMA IRQ c0=0
DMA IRQ c1=0
DMA IRQ c2=1
DMA IRQ c3=0
SELECT busy=1707
SELECT w0=1707
SELECT w1=1079
SELECT w2=1018
BUSY TASK ewma=997
DMA IRQ c0=0
DMA IRQ c1=0
DMA IRQ c2=1
DMA IRQ c3=0
SELECT busy=1727
SELECT w0=1726
SELECT w1=1091
SELECT w2=1027
BUSY TASK ewma=997
DMA IRQ c0=0
DMA IRQ c1=0
DMA IRQ c2=1
DMA IRQ c3=0
SELECT busy=1744
SELECT w0=1743
SELECT w1=1101
SELECT w2=1038
BUSY TASK ewma=997
DMA IRQ c0=0
DMA IRQ c1=0
DMA IRQ c2=1
DMA IRQ c3=0
SELECT busy=1764
SELECT w0=1763
SELECT w1=1111
SELECT w2=1049
BUSY TASK ewma=997
DMA IRQ c0=0
DMA IRQ c1=0
DMA IRQ c2=1
DMA IRQ c3=0
SELECT busy=1784
SELECT w0=1784
SELECT w1=1121
SELECT w2=1061
BUSY TASK ewma=997
DMA IRQ c0=0
DMA IRQ c1=0
DMA IRQ c2=1
DMA IRQ c3=0
SELECT busy=1802
SELECT w0=1802
SELECT w1=1131
SELECT w2=1074
BUSY TASK ewma=997
DMA IRQ c0=0
DMA IRQ c1=0
DMA IRQ c2=1
DMA IRQ c3=0
SELECT busy=1816
SELECT w0=1815
SELECT w1=1138
SELECT w2=1081
BUSY TASK ewma=997
DMA IRQ c0=0
DMA IRQ c1=0
DMA IRQ c2=1
DMA IRQ c3=0
SELECT busy=1834
SELECT w0=1834
SELECT w1=1149
SELECT w2=1092
BUSY TASK ewma=997
DMA IRQ c0=0
DMA IRQ c1=0
DMA IRQ c2=1
DMA IRQ c3=0
SELECT busy=1853
SELECT w0=1853
SELECT w1=1162
SELECT w2=1110
BUSY TASK ewma=997
DMA IRQ c0=0
DMA IRQ c1=0
DMA IRQ c2=1
DMA IRQ c3=0
SELECT busy=1882
SELECT w0=1882
SELECT w1=1182
SELECT w2=1125
BUSY TASK ewma=997
DMA IRQ c0=0
DMA IRQ c1=0
DMA IRQ c2=1
DMA IRQ c3=0
SELECT busy=1914
SELECT w0=1913
SELECT w1=1198
SELECT w2=1138
BUSY TASK ewma=997
DMA IRQ c0=0
DMA IRQ c1=0
DMA IRQ c2=1
DMA IRQ c3=0
SELECT busy=1944
SELECT w0=1945
SELECT w1=1214
SELECT w2=1158
BUSY TASK ewma=997
DMA IRQ c0=0
DMA IRQ c1=0
DMA IRQ c2=1
DMA IRQ c3=0
SELECT busy=1967
SELECT w0=1966
SELECT w1=1226
SELECT w2=1169
BUSY TASK ewma=997
DMA IRQ c0=0
DMA IRQ c1=0
DMA IRQ c2=1
DMA IRQ c3=0
SELECT busy=2002
SELECT w0=2002
SELECT w1=1246
SELECT w2=1192
BUSY TASK ewma=997
DMA IRQ c0=0
DMA IRQ c1=0
DMA IRQ c2=1
DMA IRQ c3=0
SELECT busy=2023
SELECT w0=2022
SELECT w1=1257
SELECT w2=1202
BUSY TASK ewma=997
DMA IRQ c0=0
DMA IRQ c1=0
DMA IRQ c2=1
DMA IRQ c3=0
SELECT busy=2041
SELECT w0=2040
SELECT w1=1267
SELECT w2=1212
BUSY TASK ewma=997
DMA IRQ c0=0
DMA IRQ c1=0
DMA IRQ c2=1
DMA IRQ c3=0
SELECT busy=2063
SELECT w0=2067
SELECT w1=1281
SELECT w2=1225
BUSY TASK ewma=997
DMA IRQ c0=0
DMA IRQ c1=0
DMA IRQ c2=1
DMA IRQ c3=0
SELECT busy=2087
SELECT w0=2086
SELECT w1=1289
SELECT w2=1231
BUSY TASK ewma=997
DMA IRQ c0=0
DMA IRQ c1=0
DMA IRQ c2=1
DMA IRQ c3=0
SELECT busy=2113
SELECT w0=2113
SELECT w1=1304
SELECT w2=1245
BUSY TASK ewma=997
DMA IRQ c0=0
DMA IRQ c1=0
DMA IRQ c2=1
DMA IRQ c3=0
SELECT busy=2133
SELECT w0=2133
SELECT w1=1316
SELECT w2=1258
BUSY TASK ewma=997
DMA IRQ c0=0
DMA IRQ c1=0
DMA IRQ c2=1
DMA IRQ c3=0
SELECT busy=2156
SELECT w0=2157
SELECT w1=1332
SELECT w2=1278
BUSY TASK ewma=997
DMA IRQ c0=0
DMA IRQ c1=0
DMA IRQ c2=1
DMA IRQ c3=0
SELECT busy=2184
SELECT w0=2184
SELECT w1=1345
SELECT w2=1298
BUSY TASK ewma=997
DMA IRQ c0=0
DMA IRQ c1=0
DMA IRQ c2=1
DMA IRQ c3=0
SELECT busy=2205
SELECT w0=2206
SELECT w1=1362
SELECT w2=1318
BUSY TASK ewma=997
DMA IRQ c0=0
DMA IRQ c1=0
DMA IRQ c2=1
DMA IRQ c3=0
SELECT busy=2245
SELECT w0=2245
SELECT w1=1386
SELECT w2=1352
BUSY TASK ewma=997
DMA IRQ c0=0
DMA IRQ c1=0
DMA IRQ c2=1
DMA IRQ c3=0
SELECT busy=2270
SELECT w0=2270
SELECT w1=1398
SELECT w2=1368
BUSY TASK ewma=997
DMA IRQ c0=0
DMA IRQ c1=0
DMA IRQ c2=1
DMA IRQ c3=0
SELECT busy=2295
SELECT w0=2295
SELECT w1=1412
SELECT w2=1386
BUSY TASK ewma=997
DMA IRQ c0=0
DMA IRQ c1=0
DMA IRQ c2=1
DMA IRQ c3=0
SELECT busy=2312
SELECT w0=2313
SELECT w1=1421
SELECT w2=1399
BUSY TASK ewma=997
DMA IRQ c0=0
DMA IRQ c1=0
DMA IRQ c2=1
DMA IRQ c3=0
SELECT busy=2332
SELECT w0=2331
SELECT w1=1429
SELECT w2=1410
BUSY TASK ewma=997
DMA IRQ c0=0
DMA IRQ c1=0
DMA IRQ c2=1
DMA IRQ c3=0
SELECT busy=2352
SELECT w0=2351
SELECT w1=1438
SELECT w2=1424
BUSY TASK ewma=997
DMA IRQ c0=0
DMA IRQ c1=0
DMA IRQ c2=1
DMA IRQ c3=0
SELECT busy=2375
SELECT w0=2376
SELECT w1=1451
SELECT w2=1441
BUSY TASK ewma=997
DMA IRQ c0=0
DMA IRQ c1=0
DMA IRQ c2=1
DMA IRQ c3=0
SELECT busy=2398
SELECT w0=2397
SELECT w1=1459
SELECT w2=1451
BUSY TASK ewma=997
DMA IRQ c0=0
DMA IRQ c1=0
DMA IRQ c2=1
DMA IRQ c3=0
SELECT busy=2416
SELECT w0=2415
SELECT w1=1465
SELECT w2=1458
BUSY TASK ewma=997
DMA IRQ c0=0
DMA IRQ c1=0
DMA IRQ c2=1
DMA IRQ c3=0
SELECT busy=2434
SELECT w0=2434
SELECT w1=1478
SELECT w2=1469
BUSY TASK ewma=997
DMA IRQ c0=0
DMA IRQ c1=0
DMA IRQ c2=1
DMA IRQ c3=0
SELECT busy=2453
SELECT w0=2453
SELECT w1=1487
SELECT w2=1481
BUSY TASK ewma=997
DMA IRQ c0=0
DMA IRQ c1=0
DMA IRQ c2=1
DMA IRQ c3=0
SELECT busy=2482
SELECT w0=2482
SELECT w1=1502
SELECT w2=1501
BUSY TASK ewma=997
DMA IRQ c0=0
DMA IRQ c1=0
DMA IRQ c2=1
DMA IRQ c3=0
SELECT busy=2501
SELECT w0=2502
SELECT w1=1510
SELECT w2=1510
BUSY TASK ewma=997
DMA IRQ c0=0
DMA IRQ c1=0
DMA IRQ c2=1
DMA IRQ c3=0
SELECT busy=2527
SELECT w0=2527
SELECT w1=1526
SELECT w2=1523
BUSY TASK ewma=997
DMA IRQ c0=0
DMA IRQ c1=0
DMA IRQ c2=1
DMA IRQ c3=0
SELECT busy=2557
SELECT w0=2557
SELECT w1=1541
SELECT w2=1537
BUSY TASK ewma=997
DMA IRQ c0=0
DMA IRQ c1=0
DMA IRQ c2=1
DMA IRQ c3=0
SELECT busy=2585
SELECT w0=2585
SELECT w1=1566
SELECT w2=1558
BUSY TASK ewma=997
DMA IRQ c0=0
DMA IRQ c1=0
DMA IRQ c2=1
DMA IRQ c3=0
SELECT busy=2605
SELECT w0=2606
SELECT w1=1581
SELECT w2=1577
BUSY TASK ewma=997
DMA IRQ c0=0
DMA IRQ c1=0
DMA IRQ c2=1
DMA IRQ c3=0
SELECT busy=2629
SELECT w0=2629
SELECT w1=1594
SELECT w2=1591
BUSY TASK ewma=997
DMA IRQ c0=0
DMA IRQ c1=0
DMA IRQ c2=1
DMA IRQ c3=0
SELECT busy=2651
SELECT w0=2652
SELECT w1=1608
SELECT w2=1607
BUSY TASK ewma=997
DMA IRQ c0=0
DMA IRQ c1=0
DMA IRQ c2=1
DMA IRQ c3=0
SELECT busy=2671
SELECT w0=2670
SELECT w1=1611
SELECT w2=1610
BUSY TASK ewma=997
DMA IRQ c0=0
DMA IRQ c1=0
DMA IRQ c2=1
DMA IRQ c3=0
SELECT busy=2691
SELECT w0=2692
SELECT w1=1625
SELECT w2=1623
BUSY TASK ewma=997
DMA IRQ c0=0
DMA IRQ c1=0
DMA IRQ c2=1
DMA IRQ c3=0
SELECT busy=2719
SELECT w0=2718
SELECT w1=1639
SELECT w2=1636
BUSY TASK ewma=997
DMA IRQ c0=0
DMA IRQ c1=0
DMA IRQ c2=1
DMA IRQ c3=0
SELECT busy=2733
SELECT w0=2733
SELECT w1=1648
SELECT w2=1644
BUSY TASK ewma=997
DMA IRQ c0=0
DMA IRQ c1=0
DMA IRQ c2=1
DMA IRQ c3=0
SELECT busy=2748
SELECT w0=2748
SELECT w1=1655
SELECT w2=1653
BUSY TASK ewma=997
IRQ counts: cpu0=5528 cpu1=6551 cpu2=6599 cpu3=6396
SCHED secondaries: calls=19547 unexpected=0
SECTEST switches=19505 cpu1=75200126,73220073 cpu2=72260663,64383366 cpu3=86746658,81794505
PINGPONG rounds=1132 pongs=1133
DMA IRQ c0=0
DMA IRQ c1=0
DMA IRQ c2=1
DMA IRQ c3=0
SELECT busy=2774
SELECT w0=2774
SELECT w1=1668
SELECT w2=1670
BUSY TASK ewma=997
DMA IRQ c0=0
DMA IRQ c1=0
DMA IRQ c2=1
DMA IRQ c3=0
SELECT busy=2795
SELECT w0=2795
SELECT w1=1680
SELECT w2=1682
BUSY TASK ewma=997
DMA IRQ c0=0
DMA IRQ c1=0
DMA IRQ c2=1
DMA IRQ c3=0
SELECT busy=2819
SELECT w0=2818
SELECT w1=1693
SELECT w2=1693
BUSY TASK ewma=997
DMA IRQ c0=0
DMA IRQ c1=0
DMA IRQ c2=1
DMA IRQ c3=0
SELECT busy=2835
SELECT w0=2835
SELECT w1=1703
SELECT w2=1703
BUSY TASK ewma=997
DMA IRQ c0=0
DMA IRQ c1=0
DMA IRQ c2=1
DMA IRQ c3=0
SELECT busy=2856
SELECT w0=2856
SELECT w1=1714
SELECT w2=1715
BUSY TASK ewma=997
DMA IRQ c0=0
DMA IRQ c1=0
DMA IRQ c2=1
DMA IRQ c3=0
SELECT busy=2883
SELECT w0=2883
SELECT w1=1730
SELECT w2=1728
BUSY TASK ewma=997
DMA IRQ c0=0
DMA IRQ c1=0
DMA IRQ c2=1
DMA IRQ c3=0
SELECT busy=2908
SELECT w0=2908
SELECT w1=1744
SELECT w2=1745
BUSY TASK ewma=997
DMA IRQ c0=0
DMA IRQ c1=0
DMA IRQ c2=1
DMA IRQ c3=0
SELECT busy=2928
SELECT w0=2927
SELECT w1=1755
SELECT w2=1755
BUSY TASK ewma=997
DMA IRQ c0=0
DMA IRQ c1=0
DMA IRQ c2=1
DMA IRQ c3=0
SELECT busy=2947
SELECT w0=2946
SELECT w1=1766
SELECT w2=1767
BUSY TASK ewma=997
DMA IRQ c0=0
DMA IRQ c1=0
DMA IRQ c2=1
DMA IRQ c3=0
SELECT busy=2968
SELECT w0=2970
SELECT w1=1780
SELECT w2=1782
BUSY TASK ewma=997
DMA IRQ c0=0
DMA IRQ c1=0
DMA IRQ c2=1
DMA IRQ c3=0
SELECT busy=2991
SELECT w0=2991
SELECT w1=1791
SELECT w2=1793
BUSY TASK ewma=997
DMA IRQ c0=0
DMA IRQ c1=0
DMA IRQ c2=1
DMA IRQ c3=0
SELECT busy=3012
SELECT w0=3011
SELECT w1=1803
SELECT w2=1803
BUSY TASK ewma=997
DMA IRQ c0=0
DMA IRQ c1=0
DMA IRQ c2=1
DMA IRQ c3=0
SELECT busy=3030
SELECT w0=3030
SELECT w1=1811
SELECT w2=1811
BUSY TASK ewma=997
DMA IRQ c0=0
DMA IRQ c1=0
DMA IRQ c2=1
DMA IRQ c3=0
SELECT busy=3051
SELECT w0=3050
SELECT w1=1821
SELECT w2=1822
BUSY TASK ewma=997
DMA IRQ c0=0
DMA IRQ c1=0
DMA IRQ c2=1
DMA IRQ c3=0
SELECT busy=3073
SELECT w0=3073
SELECT w1=1837
SELECT w2=1832
BUSY TASK ewma=997
DMA IRQ c0=0
DMA IRQ c1=0
DMA IRQ c2=1
DMA IRQ c3=0
SELECT busy=3096
SELECT w0=3096
SELECT w1=1850
SELECT w2=1847
BUSY TASK ewma=997
DMA IRQ c0=0
DMA IRQ c1=0
DMA IRQ c2=1
DMA IRQ c3=0
SELECT busy=3114
SELECT w0=3114
SELECT w1=1860
SELECT w2=1856
BUSY TASK ewma=997
DMA IRQ c0=0
DMA IRQ c1=0
DMA IRQ c2=1
DMA IRQ c3=0
SELECT busy=3133
SELECT w0=3132
SELECT w1=1869
SELECT w2=1865
BUSY TASK ewma=997
DMA IRQ c0=0
DMA IRQ c1=0
DMA IRQ c2=1
DMA IRQ c3=0
SELECT busy=3151
SELECT w0=3150
SELECT w1=1878
SELECT w2=1873
BUSY TASK ewma=997
DMA IRQ c0=0
DMA IRQ c1=0
DMA IRQ c2=1
DMA IRQ c3=0
SELECT busy=3174
SELECT w0=3175
SELECT w1=1892
SELECT w2=1891
BUSY TASK ewma=997
DMA IRQ c0=0
DMA IRQ c1=0
DMA IRQ c2=1
DMA IRQ c3=0
SELECT busy=3194
SELECT w0=3194
SELECT w1=1906
SELECT w2=1908
BUSY TASK ewma=997
DMA IRQ c0=0
DMA IRQ c1=0
DMA IRQ c2=1
DMA IRQ c3=0
SELECT busy=3209
SELECT w0=3208
SELECT w1=1916
SELECT w2=1915
BUSY TASK ewma=997
DMA IRQ c0=0
DMA IRQ c1=0
DMA IRQ c2=1
DMA IRQ c3=0
SELECT busy=3226
SELECT w0=3225
SELECT w1=1923
SELECT w2=1926
BUSY TASK ewma=997
DMA IRQ c0=0
DMA IRQ c1=0
DMA IRQ c2=1
DMA IRQ c3=0
SELECT busy=3244
SELECT w0=3245
SELECT w1=1936
SELECT w2=1941
BUSY TASK ewma=997
DMA IRQ c0=0
DMA IRQ c1=0
DMA IRQ c2=1
DMA IRQ c3=0
SELECT busy=3271
SELECT w0=3272
SELECT w1=1955
SELECT w2=1966
BUSY TASK ewma=997
DMA IRQ c0=0
DMA IRQ c1=0
DMA IRQ c2=1
DMA IRQ c3=0
SELECT busy=3295
SELECT w0=3294
SELECT w1=1965
SELECT w2=1978
BUSY TASK ewma=997
DMA IRQ c0=0
DMA IRQ c1=0
DMA IRQ c2=1
DMA IRQ c3=0
SELECT busy=3313
SELECT w0=3312
SELECT w1=1972
SELECT w2=1984
BUSY TASK ewma=997
DMA IRQ c0=0
DMA IRQ c1=0
DMA IRQ c2=1
DMA IRQ c3=0
SELECT busy=3331
SELECT w0=3332
SELECT w1=1988
SELECT w2=2006
BUSY TASK ewma=997
DMA IRQ c0=0
DMA IRQ c1=0
DMA IRQ c2=1
DMA IRQ c3=0
SELECT busy=3352
SELECT w0=3352
SELECT w1=2003
SELECT w2=2022
BUSY TASK ewma=997
DMA IRQ c0=0
DMA IRQ c1=0
DMA IRQ c2=1
DMA IRQ c3=0
SELECT busy=3378
SELECT w0=3378
SELECT w1=2021
SELECT w2=2041
BUSY TASK ewma=997
DMA IRQ c0=0
DMA IRQ c1=0
DMA IRQ c2=1
DMA IRQ c3=0
SELECT busy=3395
SELECT w0=3394
SELECT w1=2029
SELECT w2=2050
BUSY TASK ewma=997
DMA IRQ c0=0
DMA IRQ c1=0
DMA IRQ c2=1
DMA IRQ c3=0
SELECT busy=3414
SELECT w0=3413
SELECT w1=2043
SELECT w2=2066
BUSY TASK ewma=997
DMA IRQ c0=0
DMA IRQ c1=0
DMA IRQ c2=1
DMA IRQ c3=0
SELECT busy=3433
SELECT w0=3432
SELECT w1=2051
SELECT w2=2078
BUSY TASK ewma=997
DMA IRQ c0=0
DMA IRQ c1=0
DMA IRQ c2=1
DMA IRQ c3=0
SELECT busy=3458
SELECT w0=3457
SELECT w1=2064
SELECT w2=2094
BUSY TASK ewma=997
DMA IRQ c0=0
DMA IRQ c1=0
DMA IRQ c2=1
DMA IRQ c3=0
SELECT busy=3480
SELECT w0=3480
SELECT w1=2071
SELECT w2=2101
BUSY TASK ewma=997
DMA IRQ c0=0
DMA IRQ c1=0
DMA IRQ c2=1
DMA IRQ c3=0
SELECT busy=3501
SELECT w0=3501
SELECT w1=2082
SELECT w2=2113
BUSY TASK ewma=997
DMA IRQ c0=0
DMA IRQ c1=0
DMA IRQ c2=1
DMA IRQ c3=0
SELECT busy=3518
SELECT w0=3519
SELECT w1=2097
SELECT w2=2127
BUSY TASK ewma=997
DMA IRQ c0=0
DMA IRQ c1=0
DMA IRQ c2=1
DMA IRQ c3=0
SELECT busy=3545
SELECT w0=3544
SELECT w1=2108
SELECT w2=2137
BUSY TASK ewma=997
DMA IRQ c0=0
DMA IRQ c1=0
DMA IRQ c2=1
DMA IRQ c3=0
SELECT busy=3563
SELECT w0=3563
SELECT w1=2123
SELECT w2=2157
BUSY TASK ewma=997
DMA IRQ c0=0
DMA IRQ c1=0
DMA IRQ c2=1
DMA IRQ c3=0
SELECT busy=3598
SELECT w0=3598
SELECT w1=2146
SELECT w2=2184
BUSY TASK ewma=997
DMA IRQ c0=0
DMA IRQ c1=0
DMA IRQ c2=1
DMA IRQ c3=0
SELECT busy=3628
SELECT w0=3629
SELECT w1=2169
SELECT w2=2203
BUSY TASK ewma=997
DMA IRQ c0=0
DMA IRQ c1=0
DMA IRQ c2=1
DMA IRQ c3=0
SELECT busy=3653
SELECT w0=3652
SELECT w1=2184
SELECT w2=2215
BUSY TASK ewma=997
DMA IRQ c0=0
DMA IRQ c1=0
DMA IRQ c2=1
DMA IRQ c3=0
SELECT busy=3672
SELECT w0=3671
SELECT w1=2190
SELECT w2=2223
BUSY TASK ewma=997
DMA IRQ c0=0
DMA IRQ c1=0
DMA IRQ c2=1
DMA IRQ c3=0
SELECT busy=3693
SELECT w0=3692
SELECT w1=2201
SELECT w2=2233
BUSY TASK ewma=997
DMA IRQ c0=0
DMA IRQ c1=0
DMA IRQ c2=1
DMA IRQ c3=0
SELECT busy=3720
SELECT w0=3719
SELECT w1=2213
SELECT w2=2250
BUSY TASK ewma=997
DMA IRQ c0=0
DMA IRQ c1=0
DMA IRQ c2=1
DMA IRQ c3=0
SELECT busy=3746
SELECT w0=3745
SELECT w1=2225
SELECT w2=2262
BUSY TASK ewma=997
DMA IRQ c0=0
DMA IRQ c1=0
DMA IRQ c2=1
DMA IRQ c3=0
SELECT busy=3759
SELECT w0=3759
SELECT w1=2234
SELECT w2=2270
BUSY TASK ewma=997
DMA IRQ c0=0
DMA IRQ c1=0
DMA IRQ c2=1
DMA IRQ c3=0
SELECT busy=3778
SELECT w0=3778
SELECT w1=2248
SELECT w2=2281
BUSY TASK ewma=997
DMA IRQ c0=0
DMA IRQ c1=0
DMA IRQ c2=1
DMA IRQ c3=0
SELECT busy=3795
SELECT w0=3794
SELECT w1=2262
SELECT w2=2293
BUSY TASK ewma=997
DMA IRQ c0=0
DMA IRQ c1=0
DMA IRQ c2=1
DMA IRQ c3=0
SELECT busy=3819
SELECT w0=3818
SELECT w1=2276
SELECT w2=2306
BUSY TASK ewma=997
DMA IRQ c0=0
DMA IRQ c1=0
DMA IRQ c2=1
DMA IRQ c3=0
SELECT busy=3837
SELECT w0=3836
SELECT w1=2287
SELECT w2=2316
BUSY TASK ewma=997
DMA IRQ c0=0
DMA IRQ c1=0
DMA IRQ c2=1
DMA IRQ c3=0
SELECT busy=3857
SELECT w0=3858
SELECT w1=2299
SELECT w2=2328
BUSY TASK ewma=997
DMA IRQ c0=0
DMA IRQ c1=0
DMA IRQ c2=1
DMA IRQ c3=0
SELECT busy=3886
SELECT w0=3886
SELECT w1=2314
SELECT w2=2345
BUSY TASK ewma=997
DMA IRQ c0=0
DMA IRQ c1=0
DMA IRQ c2=1
DMA IRQ c3=0
SELECT busy=3913
SELECT w0=3913
SELECT w1=2327
SELECT w2=2358
BUSY TASK ewma=997
DMA IRQ c0=0
DMA IRQ c1=0
DMA IRQ c2=1
DMA IRQ c3=0
SELECT busy=3935
SELECT w0=3935
SELECT w1=2335
SELECT w2=2365
BUSY TASK ewma=997
DMA IRQ c0=0
DMA IRQ c1=0
DMA IRQ c2=1
DMA IRQ c3=0
SELECT busy=3954
SELECT w0=3955
SELECT w1=2346
SELECT w2=2377
BUSY TASK ewma=997
DMA IRQ c0=0
DMA IRQ c1=0
DMA IRQ c2=1
DMA IRQ c3=0
SELECT busy=3978
SELECT w0=3977
SELECT w1=2360
SELECT w2=2391
BUSY TASK ewma=997
DMA IRQ c0=0
DMA IRQ c1=0
DMA IRQ c2=1
DMA IRQ c3=0
SELECT busy=4001
SELECT w0=4000
SELECT w1=2367
SELECT w2=2399
BUSY TASK ewma=997
DMA IRQ c0=0
DMA IRQ c1=0
DMA IRQ c2=1
DMA IRQ c3=0
SELECT busy=4020
SELECT w0=4020
SELECT w1=2378
SELECT w2=2411
BUSY TASK ewma=997
DMA IRQ c0=0
DMA IRQ c1=0
DMA IRQ c2=1
DMA IRQ c3=0
SELECT busy=4040
SELECT w0=4039
SELECT w1=2389
SELECT w2=2421
BUSY TASK ewma=997
DMA IRQ c0=0
DMA IRQ c1=0
DMA IRQ c2=1
DMA IRQ c3=0
SELECT busy=4062
SELECT w0=4061
SELECT w1=2397
SELECT w2=2428
BUSY TASK ewma=997
DMA IRQ c0=0
DMA IRQ c1=0
DMA IRQ c2=1
DMA IRQ c3=0
SELECT busy=4083
SELECT w0=4083
SELECT w1=2408
SELECT w2=2440
BUSY TASK ewma=997
DMA IRQ c0=0
DMA IRQ c1=0
DMA IRQ c2=1
DMA IRQ c3=0
SELECT busy=4101
SELECT w0=4100
SELECT w1=2414
SELECT w2=2447
BUSY TASK ewma=997
DMA IRQ c0=0
DMA IRQ c1=0
DMA IRQ c2=1
DMA IRQ c3=0
SELECT busy=4118
SELECT w0=4119
SELECT w1=2423
SELECT w2=2459
BUSY TASK ewma=997
IRQ counts: cpu0=8266 cpu1=9711 cpu2=9915 cpu3=9666
SCHED secondaries: calls=29301 unexpected=0
SECTEST switches=29268 cpu1=113893545,115379082 cpu2=106766252,98750876 cpu3=128268155,128991031
PINGPONG rounds=1640 pongs=1641
DMA IRQ c0=0
DMA IRQ c1=0
DMA IRQ c2=1
DMA IRQ c3=0
SELECT busy=4150
SELECT w0=4150
SELECT w1=2442
SELECT w2=2478
BUSY TASK ewma=997
DMA IRQ c0=0
DMA IRQ c1=0
DMA IRQ c2=1
DMA IRQ c3=0
SELECT busy=4170
SELECT w0=4170
SELECT w1=2454
SELECT w2=2494
BUSY TASK ewma=997
DMA IRQ c0=0
DMA IRQ c1=0
DMA IRQ c2=1
DMA IRQ c3=0
SELECT busy=4194
SELECT w0=4194
SELECT w1=2467
SELECT w2=2510
BUSY TASK ewma=997
DMA IRQ c0=0
DMA IRQ c1=0
DMA IRQ c2=1
DMA IRQ c3=0
SELECT busy=4214
SELECT w0=4214
SELECT w1=2477
SELECT w2=2521
BUSY TASK ewma=997
DMA IRQ c0=0
DMA IRQ c1=0
DMA IRQ c2=1
DMA IRQ c3=0
SELECT busy=4245
SELECT w0=4245
SELECT w1=2493
SELECT w2=2540
BUSY TASK ewma=997
DMA IRQ c0=0
DMA IRQ c1=0
DMA IRQ c2=1
DMA IRQ c3=0
SELECT busy=4268
SELECT w0=4268
SELECT w1=2504
SELECT w2=2552
BUSY TASK ewma=997
DMA IRQ c0=0
DMA IRQ c1=0
DMA IRQ c2=1
DMA IRQ c3=0
SELECT busy=4281
SELECT w0=4281
SELECT w1=2512
SELECT w2=2560
BUSY TASK ewma=997
DMA IRQ c0=0
DMA IRQ c1=0
DMA IRQ c2=1
DMA IRQ c3=0
SELECT busy=4295
SELECT w0=4294
SELECT w1=2519
SELECT w2=2566
BUSY TASK ewma=997
DMA IRQ c0=0
DMA IRQ c1=0
DMA IRQ c2=1
DMA IRQ c3=0
SELECT busy=4311
SELECT w0=4310
SELECT w1=2527
SELECT w2=2576
BUSY TASK ewma=997
DMA IRQ c0=0
DMA IRQ c1=0
DMA IRQ c2=1
DMA IRQ c3=0
SELECT busy=4333
SELECT w0=4333
SELECT w1=2541
SELECT w2=2589
BUSY TASK ewma=997
DMA IRQ c0=0
DMA IRQ c1=0
DMA IRQ c2=1
DMA IRQ c3=0
SELECT busy=4377
SELECT w0=4377
SELECT w1=2566
SELECT w2=2615
BUSY TASK ewma=997
DMA IRQ c0=0
DMA IRQ c1=0
DMA IRQ c2=1
DMA IRQ c3=0
SELECT busy=4404
SELECT w0=4404
SELECT w1=2581
SELECT w2=2630
BUSY TASK ewma=997
DMA IRQ c0=0
DMA IRQ c1=0
DMA IRQ c2=1
DMA IRQ c3=0
SELECT busy=4424
SELECT w0=4423
SELECT w1=2591
SELECT w2=2642
BUSY TASK ewma=997
DMA IRQ c0=0
DMA IRQ c1=0
DMA IRQ c2=1
DMA IRQ c3=0
SELECT busy=4447
SELECT w0=4448
SELECT w1=2603
SELECT w2=2655
BUSY TASK ewma=997
DMA IRQ c0=0
DMA IRQ c1=0
DMA IRQ c2=1
DMA IRQ c3=0
SELECT busy=4468
SELECT w0=4467
SELECT w1=2614
SELECT w2=2668
BUSY TASK ewma=997
DMA IRQ c0=0
DMA IRQ c1=0
DMA IRQ c2=1
DMA IRQ c3=0
SELECT busy=4501
SELECT w0=4501
SELECT w1=2631
SELECT w2=2688
BUSY TASK ewma=997
DMA IRQ c0=0
DMA IRQ c1=0
DMA IRQ c2=1
DMA IRQ c3=0
SELECT busy=4525
SELECT w0=4524
SELECT w1=2642
SELECT w2=2704
BUSY TASK ewma=997
DMA IRQ c0=0
DMA IRQ c1=0
DMA IRQ c2=1
DMA IRQ c3=0
SELECT busy=4545
SELECT w0=4544
SELECT w1=2654
SELECT w2=2718
BUSY TASK ewma=997
DMA IRQ c0=0
DMA IRQ c1=0
DMA IRQ c2=1
DMA IRQ c3=0
SELECT busy=4573
SELECT w0=4573
SELECT w1=2670
SELECT w2=2742
BUSY TASK ewma=997
DMA IRQ c0=0
DMA IRQ c1=0
DMA IRQ c2=1
DMA IRQ c3=0
SELECT busy=4596
SELECT w0=4595
SELECT w1=2680
SELECT w2=2751
BUSY TASK ewma=997
DMA IRQ c0=0
DMA IRQ c1=0
DMA IRQ c2=1
DMA IRQ c3=0
SELECT busy=4613
SELECT w0=4613
SELECT w1=2693
SELECT w2=2762
BUSY TASK ewma=997
DMA IRQ c0=0
DMA IRQ c1=0
DMA IRQ c2=1
DMA IRQ c3=0
SELECT busy=4638
SELECT w0=4637
SELECT w1=2707
SELECT w2=2777
BUSY TASK ewma=997
DMA IRQ c0=0
DMA IRQ c1=0
DMA IRQ c2=1
DMA IRQ c3=0
SELECT busy=4660
SELECT w0=4659
SELECT w1=2716
SELECT w2=2788
BUSY TASK ewma=997
DMA IRQ c0=0
DMA IRQ c1=0
DMA IRQ c2=1
DMA IRQ c3=0
SELECT busy=4684
SELECT w0=4683
SELECT w1=2727
SELECT w2=2800
BUSY TASK ewma=997
DMA IRQ c0=0
DMA IRQ c1=0
DMA IRQ c2=1
DMA IRQ c3=0
SELECT busy=4700
SELECT w0=4699
SELECT w1=2735
SELECT w2=2809
BUSY TASK ewma=997
DMA IRQ c0=0
DMA IRQ c1=0
DMA IRQ c2=1
DMA IRQ c3=0
SELECT busy=4717
SELECT w0=4716
SELECT w1=2744
SELECT w2=2817
BUSY TASK ewma=997
DMA IRQ c0=0
DMA IRQ c1=0
DMA IRQ c2=1
DMA IRQ c3=0
SELECT busy=4734
SELECT w0=4734
SELECT w1=2755
SELECT w2=2829
BUSY TASK ewma=997
DMA IRQ c0=0
DMA IRQ c1=0
DMA IRQ c2=1
DMA IRQ c3=0
SELECT busy=4749
SELECT w0=4749
SELECT w1=2763
SELECT w2=2836
BUSY TASK ewma=997
DMA IRQ c0=0
DMA IRQ c1=0
DMA IRQ c2=1
DMA IRQ c3=0
SELECT busy=4770
SELECT w0=4769
SELECT w1=2774
SELECT w2=2849
BUSY TASK ewma=997
DMA IRQ c0=0
DMA IRQ c1=0
DMA IRQ c2=1
DMA IRQ c3=0
SELECT busy=4793
SELECT w0=4793
SELECT w1=2788
SELECT w2=2861
BUSY TASK ewma=997
DMA IRQ c0=0
DMA IRQ c1=0
DMA IRQ c2=1
DMA IRQ c3=0
SELECT busy=4813
SELECT w0=4812
SELECT w1=2797
SELECT w2=2871
BUSY TASK ewma=997
DMA IRQ c0=0
DMA IRQ c1=0
DMA IRQ c2=1
DMA IRQ c3=0
SELECT busy=4827
SELECT w0=4826
SELECT w1=2806
SELECT w2=2879
BUSY TASK ewma=997
DMA IRQ c0=0
DMA IRQ c1=0
DMA IRQ c2=1
DMA IRQ c3=0
SELECT busy=4843
SELECT w0=4842
SELECT w1=2815
SELECT w2=2890
BUSY TASK ewma=997
DMA IRQ c0=0
DMA IRQ c1=0
DMA IRQ c2=1
DMA IRQ c3=0
SELECT busy=4861
SELECT w0=4861
SELECT w1=2826
SELECT w2=2904
BUSY TASK ewma=997
DMA IRQ c0=0
DMA IRQ c1=0
DMA IRQ c2=1
DMA IRQ c3=0
SELECT busy=4878
SELECT w0=4877
SELECT w1=2834
SELECT w2=2912
BUSY TASK ewma=997
DMA IRQ c0=0
DMA IRQ c1=0
DMA IRQ c2=1
DMA IRQ c3=0
SELECT busy=4896
SELECT w0=4896
SELECT w1=2844
SELECT w2=2922
BUSY TASK ewma=997
DMA IRQ c0=0
DMA IRQ c1=0
DMA IRQ c2=1
DMA IRQ c3=0
SELECT busy=4914
SELECT w0=4913
SELECT w1=2858
SELECT w2=2932
BUSY TASK ewma=997
DMA IRQ c0=0
DMA IRQ c1=0
DMA IRQ c2=1
DMA IRQ c3=0
SELECT busy=4930
SELECT w0=4929
SELECT w1=2867
SELECT w2=2943
BUSY TASK ewma=997
DMA IRQ c0=0
DMA IRQ c1=0
DMA IRQ c2=1
DMA IRQ c3=0
SELECT busy=4945
SELECT w0=4944
SELECT w1=2874
SELECT w2=2951
BUSY TASK ewma=997
DMA IRQ c0=0
DMA IRQ c1=0
DMA IRQ c2=1
DMA IRQ c3=0
SELECT busy=4961
SELECT w0=4960
SELECT w1=2882
SELECT w2=2958
BUSY TASK ewma=997
DMA IRQ c0=0
DMA IRQ c1=0
DMA IRQ c2=1
DMA IRQ c3=0
SELECT busy=4985
SELECT w0=4985
SELECT w1=2896
SELECT w2=2974
BUSY TASK ewma=997
DMA IRQ c0=0
DMA IRQ c1=0
DMA IRQ c2=1
DMA IRQ c3=0
SELECT busy=5018
SELECT w0=5018
SELECT w1=2911
SELECT w2=2988
BUSY TASK ewma=997
DMA IRQ c0=0
DMA IRQ c1=0
DMA IRQ c2=1
DMA IRQ c3=0
SELECT busy=5049
SELECT w0=5048
SELECT w1=2926
SELECT w2=3004
BUSY TASK ewma=997
DMA IRQ c0=0
DMA IRQ c1=0
DMA IRQ c2=1
DMA IRQ c3=0
SELECT busy=5070
SELECT w0=5070
SELECT w1=2937
SELECT w2=3018
BUSY TASK ewma=997
DMA IRQ c0=0
DMA IRQ c1=0
DMA IRQ c2=1
DMA IRQ c3=0
SELECT busy=5089
SELECT w0=5088
SELECT w1=2945
SELECT w2=3032
BUSY TASK ewma=997
DMA IRQ c0=0
DMA IRQ c1=0
DMA IRQ c2=1
DMA IRQ c3=0
SELECT busy=5106
SELECT w0=5106
SELECT w1=2948
SELECT w2=3037
BUSY TASK ewma=997
DMA IRQ c0=0
DMA IRQ c1=0
DMA IRQ c2=1
DMA IRQ c3=0
SELECT busy=5127
SELECT w0=5127
SELECT w1=2957
SELECT w2=3051
BUSY TASK ewma=997
DMA IRQ c0=0
DMA IRQ c1=0
DMA IRQ c2=1
DMA IRQ c3=0
SELECT busy=5155
SELECT w0=5155
SELECT w1=2971
SELECT w2=3066
BUSY TASK ewma=997
DMA IRQ c0=0
DMA IRQ c1=0
DMA IRQ c2=1
DMA IRQ c3=0
SELECT busy=5178
SELECT w0=5178
SELECT w1=2988
SELECT w2=3082
BUSY TASK ewma=997
DMA IRQ c0=0
DMA IRQ c1=0
DMA IRQ c2=1
DMA IRQ c3=0
SELECT busy=5205
SELECT w0=5206
SELECT w1=3002
SELECT w2=3097
BUSY TASK ewma=997
DMA IRQ c0=0
DMA IRQ c1=0
DMA IRQ c2=1
DMA IRQ c3=0
SELECT busy=5227
SELECT w0=5226
SELECT w1=3010
SELECT w2=3107
BUSY TASK ewma=997
DMA IRQ c0=0
DMA IRQ c1=0
DMA IRQ c2=1
DMA IRQ c3=0
SELECT busy=5245
SELECT w0=5244
SELECT w1=3015
SELECT w2=3114
BUSY TASK ewma=997
DMA IRQ c0=0
DMA IRQ c1=0
DMA IRQ c2=1
DMA IRQ c3=0
SELECT busy=5273
SELECT w0=5275
SELECT w1=3026
SELECT w2=3130
BUSY TASK ewma=997
DMA IRQ c0=0
DMA IRQ c1=0
DMA IRQ c2=1
DMA IRQ c3=0
SELECT busy=5308
SELECT w0=5307
SELECT w1=3038
SELECT w2=3145
BUSY TASK ewma=997
DMA IRQ c0=0
DMA IRQ c1=0
DMA IRQ c2=1
DMA IRQ c3=0
SELECT busy=5334
SELECT w0=5334
SELECT w1=3048
SELECT w2=3159
BUSY TASK ewma=997
DMA IRQ c0=0
DMA IRQ c1=0
DMA IRQ c2=1
DMA IRQ c3=0
SELECT busy=5366
SELECT w0=5366
SELECT w1=3064
SELECT w2=3178
BUSY TASK ewma=997
DMA IRQ c0=0
DMA IRQ c1=0
DMA IRQ c2=1
DMA IRQ c3=0
SELECT busy=5391
SELECT w0=5390
SELECT w1=3074
SELECT w2=3189
BUSY TASK ewma=997
DMA IRQ c0=0
DMA IRQ c1=0
DMA IRQ c2=1
DMA IRQ c3=0
SELECT busy=5413
SELECT w0=5413
SELECT w1=3083
SELECT w2=3201
BUSY TASK ewma=997
DMA IRQ c0=0
DMA IRQ c1=0
DMA IRQ c2=1
DMA IRQ c3=0
SELECT busy=5437
SELECT w0=5437
SELECT w1=3097
SELECT w2=3218
BUSY TASK ewma=997
DMA IRQ c0=0
DMA IRQ c1=0
DMA IRQ c2=1
DMA IRQ c3=0
SELECT busy=5458
SELECT w0=5457
SELECT w1=3105
SELECT w2=3230
BUSY TASK ewma=997
DMA IRQ c0=0
DMA IRQ c1=0
DMA IRQ c2=1
DMA IRQ c3=0
SELECT busy=5479
SELECT w0=5479
SELECT w1=3114
SELECT w2=3251
BUSY TASK ewma=997
DMA IRQ c0=0
qemu-system-aarch64: terminating on signal 15 from pid 225117 (timeout)
