P4 M7: full integration test boot OK
CPU0: MPIDR_EL1=0x0000000080000000
CPU0: psci_cpu_on target=1 rc=0
CPU1: alive, MPIDR_EL1=0x0000000080000001 this_cpu()->cpu_id=1
CPU0: psci_cpu_on target=2 rc=0
CPU2: alive, MPIDR_EL1=0x0000000080000002 this_cpu()->cpu_id=2
CPU0: psci_cpu_on target=3 rc=0
CPU3: alive, MPIDR_EL1=0x0000000080000003 this_cpu()->cpu_id=3
CPUs online: 4
DMA IRQ target cpu=2
D2b: worker 2 runs on CPU2
D2b: worker 1 runs on CPU1
D2b: worker 0 runs on CPU0
P4 M7: worker submitted cmd_id=2
P4 M7: worker submitted cmd_id=1
P4 M7: worker submitted cmd_id=3
BUSY TASK ewma=992
DMA IRQ c0=0
DMA IRQ c1=0
DMA IRQ c2=1
P4 M7: worker DATA OK, cmd_id=2
P4 M7: worker DATA OK, cmd_id=3
WORKER ewma=831
WORKER ewma=759
P4 M7: worker DATA OK, cmd_id=1
WORKER ewma=759
DMA IRQ c3=0
SELECT busy=19
SELECT w0=27
SELECT w1=32
SELECT w2=24
BUSY TASK ewma=997
DMA IRQ c0=0
DMA IRQ c1=0
DMA IRQ c2=2
DMA IRQ c3=0
SELECT busy=42
SELECT w0=50
SELECT w1=54
SELECT w2=46
BUSY TASK ewma=997
DMA IRQ c0=0
DMA IRQ c1=0
DMA IRQ c2=2
DMA IRQ c3=0
SELECT busy=60
SELECT w0=68
SELECT w1=67
SELECT w2=55
BUSY TASK ewma=997
DMA IRQ c0=0
DMA IRQ c1=0
DMA IRQ c2=2
DMA IRQ c3=0
SELECT busy=79
SELECT w0=87
SELECT w1=83
SELECT w2=67
BUSY TASK ewma=997
DMA IRQ c0=0
DMA IRQ c1=0
DMA IRQ c2=2
DMA IRQ c3=0
SELECT busy=95
SELECT w0=102
SELECT w1=93
SELECT w2=77
BUSY TASK ewma=997
DMA IRQ c0=0
DMA IRQ c1=0
DMA IRQ c2=2
DMA IRQ c3=0
SELECT busy=116
SELECT w0=123
SELECT w1=105
SELECT w2=90
BUSY TASK ewma=997
DMA IRQ c0=0
DMA IRQ c1=0
DMA IRQ c2=2
DMA IRQ c3=0
SELECT busy=133
SELECT w0=142
SELECT w1=119
SELECT w2=105
BUSY TASK ewma=997
DMA IRQ c0=0
DMA IRQ c1=0
DMA IRQ c2=2
DMA IRQ c3=0
SELECT busy=157
SELECT w0=164
SELECT w1=130
SELECT w2=117
BUSY TASK ewma=997
DMA IRQ c0=0
DMA IRQ c1=0
DMA IRQ c2=2
DMA IRQ c3=0
SELECT busy=179
SELECT w0=186
SELECT w1=139
SELECT w2=130
BUSY TASK ewma=997
DMA IRQ c0=0
DMA IRQ c1=0
DMA IRQ c2=2
DMA IRQ c3=0
SELECT busy=204
SELECT w0=212
SELECT w1=158
SELECT w2=142
BUSY TASK ewma=997
DMA IRQ c0=0
DMA IRQ c1=0
DMA IRQ c2=2
DMA IRQ c3=0
SELECT busy=228
SELECT w0=236
SELECT w1=174
SELECT w2=164
BUSY TASK ewma=997
DMA IRQ c0=0
DMA IRQ c1=0
DMA IRQ c2=2
DMA IRQ c3=0
SELECT busy=264
SELECT w0=272
SELECT w1=195
SELECT w2=185
BUSY TASK ewma=997
DMA IRQ c0=0
DMA IRQ c1=0
DMA IRQ c2=2
DMA IRQ c3=0
SELECT busy=283
SELECT w0=291
SELECT w1=200
SELECT w2=190
BUSY TASK ewma=997
DMA IRQ c0=0
DMA IRQ c1=0
DMA IRQ c2=2
DMA IRQ c3=0
SELECT busy=303
SELECT w0=310
SELECT w1=208
SELECT w2=198
BUSY TASK ewma=997
DMA IRQ c0=0
DMA IRQ c1=0
DMA IRQ c2=2
DMA IRQ c3=0
SELECT busy=322
SELECT w0=331
SELECT w1=220
SELECT w2=213
BUSY TASK ewma=997
DMA IRQ c0=0
DMA IRQ c1=0
DMA IRQ c2=2
DMA IRQ c3=0
SELECT busy=355
SELECT w0=363
SELECT w1=240
SELECT w2=233
BUSY TASK ewma=997
DMA IRQ c0=0
DMA IRQ c1=0
DMA IRQ c2=2
DMA IRQ c3=0
SELECT busy=367
SELECT w0=374
SELECT w1=249
SELECT w2=237
BUSY TASK ewma=997
DMA IRQ c0=0
DMA IRQ c1=0
DMA IRQ c2=2
DMA IRQ c3=0
SELECT busy=383
SELECT w0=391
SELECT w1=264
SELECT w2=248
BUSY TASK ewma=997
DMA IRQ c0=0
DMA IRQ c1=0
DMA IRQ c2=2
DMA IRQ c3=0
SELECT busy=415
SELECT w0=423
SELECT w1=294
SELECT w2=272
BUSY TASK ewma=997
DMA IRQ c0=0
DMA IRQ c1=0
DMA IRQ c2=2
DMA IRQ c3=0
SELECT busy=436
SELECT w0=444
SELECT w1=309
SELECT w2=289
BUSY TASK ewma=997
DMA IRQ c0=0
DMA IRQ c1=0
DMA IRQ c2=2
DMA IRQ c3=0
SELECT busy=465
SELECT w0=473
SELECT w1=327
SELECT w2=307
BUSY TASK ewma=997
DMA IRQ c0=0
DMA IRQ c1=0
DMA IRQ c2=2
DMA IRQ c3=0
SELECT busy=483
SELECT w0=491
SELECT w1=333
SELECT w2=315
BUSY TASK ewma=997
DMA IRQ c0=0
DMA IRQ c1=0
DMA IRQ c2=2
DMA IRQ c3=0
SELECT busy=506
SELECT w0=515
SELECT w1=353
SELECT w2=329
BUSY TASK ewma=997
DMA IRQ c0=0
DMA IRQ c1=0
DMA IRQ c2=2
DMA IRQ c3=0
SELECT busy=531
SELECT w0=538
SELECT w1=370
SELECT w2=339
BUSY TASK ewma=997
DMA IRQ c0=0
DMA IRQ c1=0
DMA IRQ c2=2
DMA IRQ c3=0
SELECT busy=552
SELECT w0=559
SELECT w1=379
SELECT w2=345
BUSY TASK ewma=997
DMA IRQ c0=0
DMA IRQ c1=0
DMA IRQ c2=2
DMA IRQ c3=0
SELECT busy=583
SELECT w0=592
SELECT w1=405
SELECT w2=368
BUSY TASK ewma=997
DMA IRQ c0=0
DMA IRQ c1=0
DMA IRQ c2=2
DMA IRQ c3=0
SELECT busy=609
SELECT w0=617
SELECT w1=423
SELECT w2=386
BUSY TASK ewma=997
DMA IRQ c0=0
DMA IRQ c1=0
DMA IRQ c2=2
DMA IRQ c3=0
SELECT busy=635
SELECT w0=643
SELECT w1=441
SELECT w2=401
BUSY TASK ewma=997
DMA IRQ c0=0
DMA IRQ c1=0
DMA IRQ c2=2
DMA IRQ c3=0
SELECT busy=653
SELECT w0=661
SELECT w1=451
SELECT w2=413
BUSY TASK ewma=997
DMA IRQ c0=0
DMA IRQ c1=0
DMA IRQ c2=2
DMA IRQ c3=0
SELECT busy=672
SELECT w0=680
SELECT w1=461
SELECT w2=423
BUSY TASK ewma=997
DMA IRQ c0=0
DMA IRQ c1=0
DMA IRQ c2=2
DMA IRQ c3=0
SELECT busy=691
SELECT w0=699
SELECT w1=471
SELECT w2=432
BUSY TASK ewma=997
DMA IRQ c0=0
DMA IRQ c1=0
DMA IRQ c2=2
DMA IRQ c3=0
SELECT busy=712
SELECT w0=719
SELECT w1=481
SELECT w2=445
BUSY TASK ewma=997
DMA IRQ c0=0
DMA IRQ c1=0
DMA IRQ c2=2
DMA IRQ c3=0
SELECT busy=729
SELECT w0=737
SELECT w1=493
SELECT w2=463
BUSY TASK ewma=997
DMA IRQ c0=0
DMA IRQ c1=0
DMA IRQ c2=2
DMA IRQ c3=0
SELECT busy=755
SELECT w0=764
SELECT w1=509
SELECT w2=481
BUSY TASK ewma=997
DMA IRQ c0=0
DMA IRQ c1=0
DMA IRQ c2=2
DMA IRQ c3=0
SELECT busy=784
SELECT w0=792
SELECT w1=525
SELECT w2=499
BUSY TASK ewma=997
DMA IRQ c0=0
DMA IRQ c1=0
DMA IRQ c2=2
DMA IRQ c3=0
SELECT busy=812
SELECT w0=821
SELECT w1=545
SELECT w2=515
BUSY TASK ewma=997
DMA IRQ c0=0
DMA IRQ c1=0
DMA IRQ c2=2
DMA IRQ c3=0
SELECT busy=835
SELECT w0=844
SELECT w1=558
SELECT w2=527
BUSY TASK ewma=997
DMA IRQ c0=0
DMA IRQ c1=0
DMA IRQ c2=2
DMA IRQ c3=0
SELECT busy=861
SELECT w0=870
SELECT w1=574
SELECT w2=547
BUSY TASK ewma=997
DMA IRQ c0=0
DMA IRQ c1=0
DMA IRQ c2=2
DMA IRQ c3=0
SELECT busy=887
SELECT w0=896
SELECT w1=596
SELECT w2=561
BUSY TASK ewma=997
DMA IRQ c0=0
DMA IRQ c1=0
DMA IRQ c2=2
DMA IRQ c3=0
SELECT busy=914
SELECT w0=921
SELECT w1=614
SELECT w2=575
BUSY TASK ewma=997
DMA IRQ c0=0
DMA IRQ c1=0
DMA IRQ c2=2
DMA IRQ c3=0
SELECT busy=943
SELECT w0=950
SELECT w1=629
SELECT w2=589
BUSY TASK ewma=997
DMA IRQ c0=0
DMA IRQ c1=0
DMA IRQ c2=2
DMA IRQ c3=0
SELECT busy=968
SELECT w0=976
SELECT w1=641
SELECT w2=601
BUSY TASK ewma=997
DMA IRQ c0=0
DMA IRQ c1=0
DMA IRQ c2=2
DMA IRQ c3=0
SELECT busy=998
SELECT w0=1007
SELECT w1=656
SELECT w2=614
BUSY TASK ewma=997
DMA IRQ c0=0
DMA IRQ c1=0
DMA IRQ c2=2
DMA IRQ c3=0
SELECT busy=1019
SELECT w0=1026
SELECT w1=666
SELECT w2=623
BUSY TASK ewma=997
DMA IRQ c0=0
DMA IRQ c1=0
DMA IRQ c2=2
DMA IRQ c3=0
SELECT busy=1033
SELECT w0=1041
SELECT w1=676
SELECT w2=634
BUSY TASK ewma=997
DMA IRQ c0=0
DMA IRQ c1=0
DMA IRQ c2=2
DMA IRQ c3=0
SELECT busy=1059
SELECT w0=1066
SELECT w1=685
SELECT w2=643
BUSY TASK ewma=997
DMA IRQ c0=0
DMA IRQ c1=0
DMA IRQ c2=2
DMA IRQ c3=0
SELECT busy=1076
SELECT w0=1085
SELECT w1=696
SELECT w2=659
BUSY TASK ewma=997
DMA IRQ c0=0
DMA IRQ c1=0
DMA IRQ c2=2
DMA IRQ c3=0
SELECT busy=1094
SELECT w0=1101
SELECT w1=707
SELECT w2=672
BUSY TASK ewma=997
DMA IRQ c0=0
DMA IRQ c1=0
DMA IRQ c2=2
DMA IRQ c3=0
SELECT busy=1117
SELECT w0=1126
SELECT w1=725
SELECT w2=692
BUSY TASK ewma=997
DMA IRQ c0=0
DMA IRQ c1=0
DMA IRQ c2=2
DMA IRQ c3=0
SELECT busy=1146
SELECT w0=1154
SELECT w1=741
SELECT w2=709
BUSY TASK ewma=997
DMA IRQ c0=0
DMA IRQ c1=0
DMA IRQ c2=2
DMA IRQ c3=0
SELECT busy=1166
SELECT w0=1174
SELECT w1=755
SELECT w2=725
BUSY TASK ewma=997
DMA IRQ c0=0
DMA IRQ c1=0
DMA IRQ c2=2
DMA IRQ c3=0
SELECT busy=1186
SELECT w0=1193
SELECT w1=767
SELECT w2=737
BUSY TASK ewma=997
DMA IRQ c0=0
DMA IRQ c1=0
DMA IRQ c2=2
DMA IRQ c3=0
SELECT busy=1209
SELECT w0=1219
SELECT w1=787
SELECT w2=753
BUSY TASK ewma=997
DMA IRQ c0=0
DMA IRQ c1=0
DMA IRQ c2=2
DMA IRQ c3=0
SELECT busy=1232
SELECT w0=1239
SELECT w1=792
SELECT w2=758
BUSY TASK ewma=997
DMA IRQ c0=0
DMA IRQ c1=0
DMA IRQ c2=2
DMA IRQ c3=0
SELECT busy=1252
SELECT w0=1259
SELECT w1=799
SELECT w2=764
BUSY TASK ewma=997
DMA IRQ c0=0
DMA IRQ c1=0
DMA IRQ c2=2
DMA IRQ c3=0
SELECT busy=1282
SELECT w0=1289
SELECT w1=813
SELECT w2=778
BUSY TASK ewma=997
DMA IRQ c0=0
DMA IRQ c1=0
DMA IRQ c2=2
DMA IRQ c3=0
SELECT busy=1304
SELECT w0=1311
SELECT w1=822
SELECT w2=787
BUSY TASK ewma=997
DMA IRQ c0=0
DMA IRQ c1=0
DMA IRQ c2=2
DMA IRQ c3=0
SELECT busy=1327
SELECT w0=1336
SELECT w1=836
SELECT w2=802
BUSY TASK ewma=997
DMA IRQ c0=0
DMA IRQ c1=0
DMA IRQ c2=2
DMA IRQ c3=0
SELECT busy=1349
SELECT w0=1356
SELECT w1=846
SELECT w2=811
BUSY TASK ewma=997
DMA IRQ c0=0
DMA IRQ c1=0
DMA IRQ c2=2
DMA IRQ c3=0
SELECT busy=1374
SELECT w0=1383
SELECT w1=858
SELECT w2=825
BUSY TASK ewma=997
DMA IRQ c0=0
DMA IRQ c1=0
DMA IRQ c2=2
DMA IRQ c3=0
SELECT busy=1402
SELECT w0=1410
SELECT w1=875
SELECT w2=840
BUSY TASK ewma=997
DMA IRQ c0=0
DMA IRQ c1=0
DMA IRQ c2=2
DMA IRQ c3=0
SELECT busy=1424
SELECT w0=1432
SELECT w1=888
SELECT w2=855
BUSY TASK ewma=997
DMA IRQ c0=0
DMA IRQ c1=0
DMA IRQ c2=2
DMA IRQ c3=0
SELECT busy=1448
SELECT w0=1456
SELECT w1=902
SELECT w2=870
BUSY TASK ewma=997
IRQ counts: cpu0=2942 cpu1=3707 cpu2=3647 cpu3=3731
SCHED secondaries: calls=11106 unexpected=0
SECTEST switches=11092 cpu1=45797961,44446299 cpu2=33357359,32419447 cpu3=50357927,47580493
PINGPONG rounds=568 pongs=569
DMA IRQ c0=0
DMA IRQ c1=0
DMA IRQ c2=2
DMA IRQ c3=0
SELECT busy=1497
SELECT w0=1504
SELECT w1=928
SELECT w2=896
BUSY TASK ewma=997
DMA IRQ c0=0
DMA IRQ c1=0
DMA IRQ c2=2
DMA IRQ c3=0
SELECT busy=1515
SELECT w0=1522
SELECT w1=935
SELECT w2=905
BUSY TASK ewma=997
DMA IRQ c0=0
DMA IRQ c1=0
DMA IRQ c2=2
DMA IRQ c3=0
SELECT busy=1537
SELECT w0=1545
SELECT w1=950
SELECT w2=923
BUSY TASK ewma=997
DMA IRQ c0=0
DMA IRQ c1=0
DMA IRQ c2=2
DMA IRQ c3=0
SELECT busy=1565
SELECT w0=1573
SELECT w1=969
SELECT w2=935
BUSY TASK ewma=997
DMA IRQ c0=0
DMA IRQ c1=0
DMA IRQ c2=2
DMA IRQ c3=0
SELECT busy=1584
SELECT w0=1592
SELECT w1=982
SELECT w2=951
BUSY TASK ewma=997
DMA IRQ c0=0
DMA IRQ c1=0
DMA IRQ c2=2
DMA IRQ c3=0
SELECT busy=1605
SELECT w0=1613
SELECT w1=997
SELECT w2=961
BUSY TASK ewma=997
DMA IRQ c0=0
DMA IRQ c1=0
DMA IRQ c2=2
DMA IRQ c3=0
SELECT busy=1626
SELECT w0=1634
SELECT w1=1009
SELECT w2=975
BUSY TASK ewma=997
DMA IRQ c0=0
DMA IRQ c1=0
DMA IRQ c2=2
DMA IRQ c3=0
SELECT busy=1647
SELECT w0=1655
SELECT w1=1021
SELECT w2=987
BUSY TASK ewma=997
DMA IRQ c0=0
DMA IRQ c1=0
DMA IRQ c2=2
DMA IRQ c3=0
SELECT busy=1674
SELECT w0=1681
SELECT w1=1031
SELECT w2=1003
BUSY TASK ewma=997
DMA IRQ c0=0
DMA IRQ c1=0
DMA IRQ c2=2
DMA IRQ c3=0
SELECT busy=1692
SELECT w0=1700
SELECT w1=1043
SELECT w2=1016
BUSY TASK ewma=997
DMA IRQ c0=0
DMA IRQ c1=0
DMA IRQ c2=2
DMA IRQ c3=0
SELECT busy=1713
SELECT w0=1720
SELECT w1=1053
SELECT w2=1028
BUSY TASK ewma=997
DMA IRQ c0=0
DMA IRQ c1=0
DMA IRQ c2=2
DMA IRQ c3=0
SELECT busy=1741
SELECT w0=1748
SELECT w1=1073
SELECT w2=1045
BUSY TASK ewma=997
DMA IRQ c0=0
DMA IRQ c1=0
DMA IRQ c2=2
DMA IRQ c3=0
SELECT busy=1774
SELECT w0=1784
SELECT w1=1092
SELECT w2=1061
BUSY TASK ewma=997
DMA IRQ c0=0
DMA IRQ c1=0
DMA IRQ c2=2
DMA IRQ c3=0
SELECT busy=1803
SELECT w0=1810
SELECT w1=1105
SELECT w2=1071
BUSY TASK ewma=997
DMA IRQ c0=0
DMA IRQ c1=0
DMA IRQ c2=2
DMA IRQ c3=0
SELECT busy=1824
SELECT w0=1831
SELECT w1=1121
SELECT w2=1082
BUSY TASK ewma=997
DMA IRQ c0=0
DMA IRQ c1=0
DMA IRQ c2=2
DMA IRQ c3=0
SELECT busy=1839
SELECT w0=1847
SELECT w1=1127
SELECT w2=1091
BUSY TASK ewma=997
DMA IRQ c0=0
DMA IRQ c1=0
DMA IRQ c2=2
DMA IRQ c3=0
SELECT busy=1858
SELECT w0=1866
SELECT w1=1135
SELECT w2=1098
BUSY TASK ewma=997
DMA IRQ c0=0
DMA IRQ c1=0
DMA IRQ c2=2
DMA IRQ c3=0
SELECT busy=1881
SELECT w0=1889
SELECT w1=1150
SELECT w2=1113
BUSY TASK ewma=997
DMA IRQ c0=0
DMA IRQ c1=0
DMA IRQ c2=2
DMA IRQ c3=0
SELECT busy=1907
SELECT w0=1915
SELECT w1=1164
SELECT w2=1128
BUSY TASK ewma=997
DMA IRQ c0=0
DMA IRQ c1=0
DMA IRQ c2=2
DMA IRQ c3=0
SELECT busy=1929
SELECT w0=1937
SELECT w1=1176
SELECT w2=1139
BUSY TASK ewma=997
DMA IRQ c0=0
DMA IRQ c1=0
DMA IRQ c2=2
DMA IRQ c3=0
SELECT busy=1949
SELECT w0=1957
SELECT w1=1193
SELECT w2=1148
BUSY TASK ewma=997
DMA IRQ c0=0
DMA IRQ c1=0
DMA IRQ c2=2
DMA IRQ c3=0
SELECT busy=1968
SELECT w0=1976
SELECT w1=1199
SELECT w2=1154
BUSY TASK ewma=997
DMA IRQ c0=0
DMA IRQ c1=0
DMA IRQ c2=2
DMA IRQ c3=0
SELECT busy=1987
SELECT w0=1994
SELECT w1=1203
SELECT w2=1158
BUSY TASK ewma=997
DMA IRQ c0=0
DMA IRQ c1=0
DMA IRQ c2=2
DMA IRQ c3=0
SELECT busy=2004
SELECT w0=2011
SELECT w1=1206
SELECT w2=1162
BUSY TASK ewma=997
DMA IRQ c0=0
DMA IRQ c1=0
DMA IRQ c2=2
DMA IRQ c3=0
SELECT busy=2023
SELECT w0=2030
SELECT w1=1212
SELECT w2=1168
BUSY TASK ewma=997
DMA IRQ c0=0
DMA IRQ c1=0
DMA IRQ c2=2
DMA IRQ c3=0
SELECT busy=2039
SELECT w0=2047
SELECT w1=1218
SELECT w2=1175
BUSY TASK ewma=997
DMA IRQ c0=0
DMA IRQ c1=0
DMA IRQ c2=2
DMA IRQ c3=0
SELECT busy=2060
SELECT w0=2069
SELECT w1=1234
SELECT w2=1194
BUSY TASK ewma=997
DMA IRQ c0=0
DMA IRQ c1=0
DMA IRQ c2=2
DMA IRQ c3=0
SELECT busy=2084
SELECT w0=2091
SELECT w1=1247
SELECT w2=1202
BUSY TASK ewma=997
DMA IRQ c0=0
DMA IRQ c1=0
DMA IRQ c2=2
DMA IRQ c3=0
SELECT busy=2101
SELECT w0=2109
SELECT w1=1261
SELECT w2=1220
BUSY TASK ewma=997
DMA IRQ c0=0
DMA IRQ c1=0
DMA IRQ c2=2
DMA IRQ c3=0
SELECT busy=2119
SELECT w0=2126
SELECT w1=1270
SELECT w2=1231
BUSY TASK ewma=997
DMA IRQ c0=0
DMA IRQ c1=0
DMA IRQ c2=2
DMA IRQ c3=0
SELECT busy=2142
SELECT w0=2149
SELECT w1=1283
SELECT w2=1242
BUSY TASK ewma=997
DMA IRQ c0=0
DMA IRQ c1=0
DMA IRQ c2=2
DMA IRQ c3=0
SELECT busy=2165
SELECT w0=2172
SELECT w1=1297
SELECT w2=1255
BUSY TASK ewma=997
DMA IRQ c0=0
DMA IRQ c1=0
DMA IRQ c2=2
DMA IRQ c3=0
SELECT busy=2189
SELECT w0=2196
SELECT w1=1308
SELECT w2=1266
BUSY TASK ewma=997
DMA IRQ c0=0
DMA IRQ c1=0
DMA IRQ c2=2
DMA IRQ c3=0
SELECT busy=2211
SELECT w0=2218
SELECT w1=1317
SELECT w2=1273
BUSY TASK ewma=997
DMA IRQ c0=0
DMA IRQ c1=0
DMA IRQ c2=2
DMA IRQ c3=0
SELECT busy=2229
SELECT w0=2236
SELECT w1=1327
SELECT w2=1286
BUSY TASK ewma=997
DMA IRQ c0=0
DMA IRQ c1=0
DMA IRQ c2=2
DMA IRQ c3=0
SELECT busy=2251
SELECT w0=2259
SELECT w1=1341
SELECT w2=1296
BUSY TASK ewma=997
DMA IRQ c0=0
DMA IRQ c1=0
DMA IRQ c2=2
DMA IRQ c3=0
SELECT busy=2271
SELECT w0=2279
SELECT w1=1354
SELECT w2=1306
BUSY TASK ewma=997
DMA IRQ c0=0
DMA IRQ c1=0
DMA IRQ c2=2
DMA IRQ c3=0
SELECT busy=2294
SELECT w0=2301
SELECT w1=1367
SELECT w2=1316
BUSY TASK ewma=997
DMA IRQ c0=0
DMA IRQ c1=0
DMA IRQ c2=2
DMA IRQ c3=0
SELECT busy=2310
SELECT w0=2319
SELECT w1=1377
SELECT w2=1327
BUSY TASK ewma=997
DMA IRQ c0=0
DMA IRQ c1=0
DMA IRQ c2=2
DMA IRQ c3=0
SELECT busy=2332
SELECT w0=2339
SELECT w1=1392
SELECT w2=1338
BUSY TASK ewma=997
DMA IRQ c0=0
DMA IRQ c1=0
DMA IRQ c2=2
DMA IRQ c3=0
SELECT busy=2348
SELECT w0=2356
SELECT w1=1401
SELECT w2=1350
BUSY TASK ewma=997
DMA IRQ c0=0
DMA IRQ c1=0
DMA IRQ c2=2
DMA IRQ c3=0
SELECT busy=2367
SELECT w0=2375
SELECT w1=1413
SELECT w2=1362
BUSY TASK ewma=997
DMA IRQ c0=0
DMA IRQ c1=0
DMA IRQ c2=2
DMA IRQ c3=0
SELECT busy=2385
SELECT w0=2392
SELECT w1=1419
SELECT w2=1367
BUSY TASK ewma=997
DMA IRQ c0=0
DMA IRQ c1=0
DMA IRQ c2=2
DMA IRQ c3=0
SELECT busy=2406
SELECT w0=2415
SELECT w1=1432
SELECT w2=1383
BUSY TASK ewma=997
DMA IRQ c0=0
DMA IRQ c1=0
DMA IRQ c2=2
DMA IRQ c3=0
SELECT busy=2427
SELECT w0=2435
SELECT w1=1447
SELECT w2=1399
BUSY TASK ewma=997
DMA IRQ c0=0
DMA IRQ c1=0
DMA IRQ c2=2
DMA IRQ c3=0
SELECT busy=2447
SELECT w0=2455
SELECT w1=1462
SELECT w2=1412
BUSY TASK ewma=997
DMA IRQ c0=0
DMA IRQ c1=0
DMA IRQ c2=2
DMA IRQ c3=0
SELECT busy=2472
SELECT w0=2480
SELECT w1=1477
SELECT w2=1428
BUSY TASK ewma=997
DMA IRQ c0=0
DMA IRQ c1=0
DMA IRQ c2=2
DMA IRQ c3=0
SELECT busy=2494
SELECT w0=2502
SELECT w1=1491
SELECT w2=1440
BUSY TASK ewma=997
DMA IRQ c0=0
DMA IRQ c1=0
DMA IRQ c2=2
DMA IRQ c3=0
SELECT busy=2517
SELECT w0=2525
SELECT w1=1509
SELECT w2=1453
BUSY TASK ewma=997
DMA IRQ c0=0
DMA IRQ c1=0
DMA IRQ c2=2
DMA IRQ c3=0
SELECT busy=2535
SELECT w0=2544
SELECT w1=1527
SELECT w2=1469
BUSY TASK ewma=997
DMA IRQ c0=0
DMA IRQ c1=0
DMA IRQ c2=2
DMA IRQ c3=0
SELECT busy=2559
SELECT w0=2566
SELECT w1=1534
SELECT w2=1474
BUSY TASK ewma=997
DMA IRQ c0=0
DMA IRQ c1=0
DMA IRQ c2=2
DMA IRQ c3=0
SELECT busy=2581
SELECT w0=2589
SELECT w1=1549
SELECT w2=1495
BUSY TASK ewma=997
DMA IRQ c0=0
DMA IRQ c1=0
DMA IRQ c2=2
DMA IRQ c3=0
SELECT busy=2603
SELECT w0=2610
SELECT w1=1559
SELECT w2=1505
BUSY TASK ewma=997
DMA IRQ c0=0
DMA IRQ c1=0
DMA IRQ c2=2
DMA IRQ c3=0
SELECT busy=2619
SELECT w0=2626
SELECT w1=1568
SELECT w2=1513
BUSY TASK ewma=997
DMA IRQ c0=0
DMA IRQ c1=0
DMA IRQ c2=2
DMA IRQ c3=0
SELECT busy=2639
SELECT w0=2647
SELECT w1=1576
SELECT w2=1520
BUSY TASK ewma=997
DMA IRQ c0=0
DMA IRQ c1=0
DMA IRQ c2=2
DMA IRQ c3=0
SELECT busy=2665
SELECT w0=2672
SELECT w1=1591
SELECT w2=1533
BUSY TASK ewma=997
DMA IRQ c0=0
DMA IRQ c1=0
DMA IRQ c2=2
DMA IRQ c3=0
SELECT busy=2682
SELECT w0=2690
SELECT w1=1610
SELECT w2=1551
BUSY TASK ewma=997
DMA IRQ c0=0
DMA IRQ c1=0
DMA IRQ c2=2
DMA IRQ c3=0
SELECT busy=2699
SELECT w0=2708
SELECT w1=1618
SELECT w2=1559
BUSY TASK ewma=997
DMA IRQ c0=0
DMA IRQ c1=0
DMA IRQ c2=2
DMA IRQ c3=0
SELECT busy=2720
SELECT w0=2727
SELECT w1=1632
SELECT w2=1579
BUSY TASK ewma=997
DMA IRQ c0=0
DMA IRQ c1=0
DMA IRQ c2=2
DMA IRQ c3=0
SELECT busy=2746
SELECT w0=2753
SELECT w1=1648
SELECT w2=1596
BUSY TASK ewma=997
DMA IRQ c0=0
DMA IRQ c1=0
DMA IRQ c2=2
DMA IRQ c3=0
SELECT busy=2761
SELECT w0=2770
SELECT w1=1661
SELECT w2=1608
BUSY TASK ewma=997
DMA IRQ c0=0
DMA IRQ c1=0
DMA IRQ c2=2
DMA IRQ c3=0
SELECT busy=2785
SELECT w0=2792
SELECT w1=1671
SELECT w2=1619
BUSY TASK ewma=997
DMA IRQ c0=0
DMA IRQ c1=0
DMA IRQ c2=2
DMA IRQ c3=0
SELECT busy=2804
SELECT w0=2811
SELECT w1=1681
SELECT w2=1628
BUSY TASK ewma=997
DMA IRQ c0=0
DMA IRQ c1=0
DMA IRQ c2=2
DMA IRQ c3=0
SELECT busy=2825
SELECT w0=2833
SELECT w1=1692
SELECT w2=1640
BUSY TASK ewma=997
IRQ counts: cpu0=5698 cpu1=6932 cpu2=6797 cpu3=6871
SCHED secondaries: calls=20614 unexpected=0
SECTEST switches=20588 cpu1=86754834,83496507 cpu2=65379155,62492707 cpu3=93988318,89809425
PINGPONG rounds=1070 pongs=1072
DMA IRQ c0=0
DMA IRQ c1=0
DMA IRQ c2=2
DMA IRQ c3=0
SELECT busy=2871
SELECT w0=2880
SELECT w1=1716
SELECT w2=1660
BUSY TASK ewma=997
DMA IRQ c0=0
DMA IRQ c1=0
DMA IRQ c2=2
DMA IRQ c3=0
SELECT busy=2895
SELECT w0=2907
SELECT w1=1735
SELECT w2=1676
BUSY TASK ewma=997
DMA IRQ c0=0
DMA IRQ c1=0
DMA IRQ c2=2
DMA IRQ c3=0
SELECT busy=2938
SELECT w0=2945
SELECT w1=1759
SELECT w2=1695
BUSY TASK ewma=997
DMA IRQ c0=0
DMA IRQ c1=0
DMA IRQ c2=2
DMA IRQ c3=0
SELECT busy=2948
SELECT w0=2955
SELECT w1=1768
SELECT w2=1703
BUSY TASK ewma=997
DMA IRQ c0=0
DMA IRQ c1=0
DMA IRQ c2=2
DMA IRQ c3=0
SELECT busy=2967
SELECT w0=2976
SELECT w1=1781
SELECT w2=1718
BUSY TASK ewma=997
DMA IRQ c0=0
DMA IRQ c1=0
DMA IRQ c2=2
DMA IRQ c3=0
SELECT busy=2993
SELECT w0=3001
SELECT w1=1795
SELECT w2=1728
BUSY TASK ewma=997
DMA IRQ c0=0
DMA IRQ c1=0
DMA IRQ c2=2
DMA IRQ c3=0
SELECT busy=3010
SELECT w0=3018
SELECT w1=1804
SELECT w2=1738
BUSY TASK ewma=997
DMA IRQ c0=0
DMA IRQ c1=0
DMA IRQ c2=2
DMA IRQ c3=0
SELECT busy=3031
SELECT w0=3039
SELECT w1=1817
SELECT w2=1749
BUSY TASK ewma=997
DMA IRQ c0=0
DMA IRQ c1=0
DMA IRQ c2=2
DMA IRQ c3=0
SELECT busy=3049
SELECT w0=3056
SELECT w1=1826
SELECT w2=1759
BUSY TASK ewma=997
DMA IRQ c0=0
DMA IRQ c1=0
DMA IRQ c2=2
DMA IRQ c3=0
SELECT busy=3070
SELECT w0=3078
SELECT w1=1838
SELECT w2=1772
BUSY TASK ewma=997
DMA IRQ c0=0
DMA IRQ c1=0
DMA IRQ c2=2
DMA IRQ c3=0
SELECT busy=3091
SELECT w0=3098
SELECT w1=1848
SELECT w2=1782
BUSY TASK ewma=997
DMA IRQ c0=0
DMA IRQ c1=0
DMA IRQ c2=2
DMA IRQ c3=0
SELECT busy=3113
SELECT w0=3121
SELECT w1=1864
SELECT w2=1798
BUSY TASK ewma=997
DMA IRQ c0=0
DMA IRQ c1=0
DMA IRQ c2=2
DMA IRQ c3=0
SELECT busy=3142
SELECT w0=3149
SELECT w1=1882
SELECT w2=1814
BUSY TASK ewma=997
DMA IRQ c0=0
DMA IRQ c1=0
DMA IRQ c2=2
DMA IRQ c3=0
SELECT busy=3163
SELECT w0=3171
SELECT w1=1896
SELECT w2=1828
BUSY TASK ewma=997
DMA IRQ c0=0
DMA IRQ c1=0
DMA IRQ c2=2
DMA IRQ c3=0
SELECT busy=3188
SELECT w0=3196
SELECT w1=1909
SELECT w2=1841
BUSY TASK ewma=997
DMA IRQ c0=0
DMA IRQ c1=0
DMA IRQ c2=2
DMA IRQ c3=0
SELECT busy=3209
SELECT w0=3217
SELECT w1=1922
SELECT w2=1855
BUSY TASK ewma=997
DMA IRQ c0=0
DMA IRQ c1=0
DMA IRQ c2=2
DMA IRQ c3=0
SELECT busy=3231
SELECT w0=3238
SELECT w1=1935
SELECT w2=1867
BUSY TASK ewma=997
DMA IRQ c0=0
DMA IRQ c1=0
DMA IRQ c2=2
DMA IRQ c3=0
SELECT busy=3253
SELECT w0=3261
SELECT w1=1946
SELECT w2=1881
BUSY TASK ewma=997
DMA IRQ c0=0
DMA IRQ c1=0
qemu-system-aarch64: terminating on signal 15 from pid 233195 (timeout)
