P4 M7: full integration test boot OK
CPU0: MPIDR_EL1=0x0000000080000000
CPU0: psci_cpu_on target=1 rc=0
CPU1: alive, MPIDR_EL1=0x0000000080000001 this_cpu()->cpu_id=1
CPU0: psci_cpu_on target=2 rc=0
CPU2: alive, MPIDR_EL1=0x0000000080000002 this_cpu()->cpu_id=2
CPU0: psci_cpu_on target=3 rc=0
CPU3: alive, MPIDR_EL1=0x0000000080000003 this_cpu()->cpu_id=3
CPUs online: 4
DMA IRQ target cpu=2
D2b: worker 1 runs on CPU1
D2b: worker 2 runs on CPU2
P4 M7: worker submitted cmd_id=1
D2b: worker 0 runs on CPU0
P4 M7: worker DATA OK, cmd_id=1
P4 M7: worker submitted cmd_id=3
P4 M7: worker submitted cmd_id=2
WORKER ewma=759
P4 M7: worker DATA OK, cmd_id=2
WORKER ewma=916
BUSY TASK ewma=989
DMA IRQ c0=0
DMA IRQ c1=0
DMA IRQ c2=1
DMA IRQ c3=0
SELECT busy=17
SELECT w0=3
SELECT w1=177
SELECT w2=31
P4 M7: worker DATA OK, cmd_id=3
WORKER ewma=759
BUSY TASK ewma=997
DMA IRQ c0=0
DMA IRQ c1=0
DMA IRQ c2=2
DMA IRQ c3=0
SELECT busy=40
SELECT w0=35
SELECT w1=255
SELECT w2=79
BUSY TASK ewma=997
DMA IRQ c0=0
DMA IRQ c1=0
DMA IRQ c2=2
DMA IRQ c3=0
SELECT busy=72
SELECT w0=67
SELECT w1=296
SELECT w2=115
BUSY TASK ewma=997
DMA IRQ c0=0
DMA IRQ c1=0
DMA IRQ c2=2
DMA IRQ c3=0
SELECT busy=101
SELECT w0=96
SELECT w1=316
SELECT w2=129
BUSY TASK ewma=997
DMA IRQ c0=0
DMA IRQ c1=0
DMA IRQ c2=2
DMA IRQ c3=0
SELECT busy=134
SELECT w0=129
SELECT w1=338
SELECT w2=147
BUSY TASK ewma=997
DMA IRQ c0=0
DMA IRQ c1=0
DMA IRQ c2=2
DMA IRQ c3=0
SELECT busy=157
SELECT w0=153
SELECT w1=355
SELECT w2=165
BUSY TASK ewma=997
DMA IRQ c0=0
DMA IRQ c1=0
DMA IRQ c2=2
DMA IRQ c3=0
SELECT busy=177
SELECT w0=171
SELECT w1=362
SELECT w2=173
BUSY TASK ewma=997
DMA IRQ c0=0
DMA IRQ c1=0
DMA IRQ c2=2
DMA IRQ c3=0
SELECT busy=192
SELECT w0=187
SELECT w1=371
SELECT w2=181
BUSY TASK ewma=997
DMA IRQ c0=0
DMA IRQ c1=0
DMA IRQ c2=2
DMA IRQ c3=0
SELECT busy=215
SELECT w0=210
SELECT w1=387
SELECT w2=198
BUSY TASK ewma=997
DMA IRQ c0=0
DMA IRQ c1=0
DMA IRQ c2=2
DMA IRQ c3=0
SELECT busy=234
SELECT w0=229
SELECT w1=399
SELECT w2=208
BUSY TASK ewma=997
DMA IRQ c0=0
DMA IRQ c1=0
DMA IRQ c2=2
DMA IRQ c3=0
SELECT busy=252
SELECT w0=248
SELECT w1=411
SELECT w2=216
BUSY TASK ewma=997
DMA IRQ c0=0
DMA IRQ c1=0
DMA IRQ c2=2
DMA IRQ c3=0
SELECT busy=275
SELECT w0=269
SELECT w1=425
SELECT w2=225
BUSY TASK ewma=997
DMA IRQ c0=0
DMA IRQ c1=0
DMA IRQ c2=2
DMA IRQ c3=0
SELECT busy=299
SELECT w0=293
SELECT w1=439
SELECT w2=238
BUSY TASK ewma=997
DMA IRQ c0=0
DMA IRQ c1=0
DMA IRQ c2=2
DMA IRQ c3=0
SELECT busy=322
SELECT w0=317
SELECT w1=458
SELECT w2=255
BUSY TASK ewma=997
DMA IRQ c0=0
DMA IRQ c1=0
DMA IRQ c2=2
DMA IRQ c3=0
SELECT busy=342
SELECT w0=339
SELECT w1=472
SELECT w2=274
BUSY TASK ewma=997
DMA IRQ c0=0
DMA IRQ c1=0
DMA IRQ c2=2
DMA IRQ c3=0
SELECT busy=370
SELECT w0=365
SELECT w1=487
SELECT w2=290
BUSY TASK ewma=997
DMA IRQ c0=0
DMA IRQ c1=0
DMA IRQ c2=2
DMA IRQ c3=0
SELECT busy=399
SELECT w0=394
SELECT w1=504
SELECT w2=306
BUSY TASK ewma=997
DMA IRQ c0=0
DMA IRQ c1=0
DMA IRQ c2=2
DMA IRQ c3=0
SELECT busy=424
SELECT w0=419
SELECT w1=518
SELECT w2=322
BUSY TASK ewma=997
DMA IRQ c0=0
DMA IRQ c1=0
DMA IRQ c2=2
DMA IRQ c3=0
SELECT busy=446
SELECT w0=443
SELECT w1=536
SELECT w2=339
BUSY TASK ewma=997
DMA IRQ c0=0
DMA IRQ c1=0
DMA IRQ c2=2
DMA IRQ c3=0
SELECT busy=469
SELECT w0=464
SELECT w1=551
SELECT w2=358
BUSY TASK ewma=997
DMA IRQ c0=0
DMA IRQ c1=0
DMA IRQ c2=2
DMA IRQ c3=0
SELECT busy=495
SELECT w0=490
SELECT w1=574
SELECT w2=374
BUSY TASK ewma=997
DMA IRQ c0=0
DMA IRQ c1=0
DMA IRQ c2=2
DMA IRQ c3=0
SELECT busy=523
SELECT w0=517
SELECT w1=590
SELECT w2=388
BUSY TASK ewma=997
DMA IRQ c0=0
DMA IRQ c1=0
DMA IRQ c2=2
DMA IRQ c3=0
SELECT busy=542
SELECT w0=537
SELECT w1=599
SELECT w2=400
BUSY TASK ewma=997
DMA IRQ c0=0
DMA IRQ c1=0
DMA IRQ c2=2
DMA IRQ c3=0
SELECT busy=563
SELECT w0=557
SELECT w1=611
SELECT w2=409
BUSY TASK ewma=997
DMA IRQ c0=0
DMA IRQ c1=0
DMA IRQ c2=2
DMA IRQ c3=0
SELECT busy=581
SELECT w0=581
SELECT w1=627
SELECT w2=420
BUSY TASK ewma=997
DMA IRQ c0=0
DMA IRQ c1=0
DMA IRQ c2=2
DMA IRQ c3=0
SELECT busy=603
SELECT w0=597
SELECT w1=635
SELECT w2=431
BUSY TASK ewma=997
DMA IRQ c0=0
DMA IRQ c1=0
DMA IRQ c2=2
DMA IRQ c3=0
SELECT busy=623
SELECT w0=618
SELECT w1=649
SELECT w2=443
BUSY TASK ewma=997
DMA IRQ c0=0
DMA IRQ c1=0
DMA IRQ c2=2
DMA IRQ c3=0
SELECT busy=647
SELECT w0=642
SELECT w1=666
SELECT w2=459
BUSY TASK ewma=997
DMA IRQ c0=0
DMA IRQ c1=0
DMA IRQ c2=2
DMA IRQ c3=0
SELECT busy=666
SELECT w0=660
SELECT w1=677
SELECT w2=470
BUSY TASK ewma=997
DMA IRQ c0=0
DMA IRQ c1=0
DMA IRQ c2=2
DMA IRQ c3=0
SELECT busy=680
SELECT w0=675
SELECT w1=683
SELECT w2=477
BUSY TASK ewma=997
DMA IRQ c0=0
DMA IRQ c1=0
DMA IRQ c2=2
DMA IRQ c3=0
SELECT busy=700
SELECT w0=694
SELECT w1=694
SELECT w2=486
BUSY TASK ewma=997
DMA IRQ c0=0
DMA IRQ c1=0
DMA IRQ c2=2
DMA IRQ c3=0
SELECT busy=720
SELECT w0=714
SELECT w1=702
SELECT w2=496
BUSY TASK ewma=997
DMA IRQ c0=0
DMA IRQ c1=0
DMA IRQ c2=2
DMA IRQ c3=0
SELECT busy=742
SELECT w0=736
SELECT w1=710
SELECT w2=505
BUSY TASK ewma=997
DMA IRQ c0=0
DMA IRQ c1=0
DMA IRQ c2=2
DMA IRQ c3=0
SELECT busy=760
SELECT w0=754
SELECT w1=714
SELECT w2=510
BUSY TASK ewma=997
DMA IRQ c0=0
DMA IRQ c1=0
DMA IRQ c2=2
DMA IRQ c3=0
SELECT busy=778
SELECT w0=773
SELECT w1=721
SELECT w2=516
BUSY TASK ewma=997
DMA IRQ c0=0
DMA IRQ c1=0
DMA IRQ c2=2
DMA IRQ c3=0
SELECT busy=793
SELECT w0=788
SELECT w1=729
SELECT w2=523
BUSY TASK ewma=997
DMA IRQ c0=0
DMA IRQ c1=0
DMA IRQ c2=2
DMA IRQ c3=0
SELECT busy=815
SELECT w0=809
SELECT w1=739
SELECT w2=535
BUSY TASK ewma=997
DMA IRQ c0=0
DMA IRQ c1=0
DMA IRQ c2=2
DMA IRQ c3=0
SELECT busy=838
SELECT w0=833
SELECT w1=752
SELECT w2=548
BUSY TASK ewma=997
DMA IRQ c0=0
DMA IRQ c1=0
DMA IRQ c2=2
DMA IRQ c3=0
SELECT busy=857
SELECT w0=853
SELECT w1=765
SELECT w2=561
BUSY TASK ewma=997
DMA IRQ c0=0
DMA IRQ c1=0
DMA IRQ c2=2
DMA IRQ c3=0
SELECT busy=881
SELECT w0=875
SELECT w1=776
SELECT w2=574
BUSY TASK ewma=997
DMA IRQ c0=0
DMA IRQ c1=0
DMA IRQ c2=2
DMA IRQ c3=0
SELECT busy=908
SELECT w0=903
SELECT w1=798
SELECT w2=594
BUSY TASK ewma=997
DMA IRQ c0=0
DMA IRQ c1=0
DMA IRQ c2=2
DMA IRQ c3=0
SELECT busy=943
SELECT w0=937
SELECT w1=810
SELECT w2=607
BUSY TASK ewma=997
DMA IRQ c0=0
DMA IRQ c1=0
DMA IRQ c2=2
DMA IRQ c3=0
SELECT busy=964
SELECT w0=958
SELECT w1=823
SELECT w2=624
BUSY TASK ewma=997
DMA IRQ c0=0
DMA IRQ c1=0
DMA IRQ c2=2
DMA IRQ c3=0
SELECT busy=988
SELECT w0=983
SELECT w1=843
SELECT w2=640
BUSY TASK ewma=997
DMA IRQ c0=0
DMA IRQ c1=0
DMA IRQ c2=2
DMA IRQ c3=0
SELECT busy=1005
SELECT w0=999
SELECT w1=853
SELECT w2=649
BUSY TASK ewma=997
DMA IRQ c0=0
DMA IRQ c1=0
DMA IRQ c2=2
DMA IRQ c3=0
SELECT busy=1020
SELECT w0=1016
SELECT w1=865
SELECT w2=660
BUSY TASK ewma=997
DMA IRQ c0=0
DMA IRQ c1=0
DMA IRQ c2=2
DMA IRQ c3=0
SELECT busy=1043
SELECT w0=1038
SELECT w1=878
SELECT w2=671
BUSY TASK ewma=997
DMA IRQ c0=0
DMA IRQ c1=0
DMA IRQ c2=2
DMA IRQ c3=0
SELECT busy=1060
SELECT w0=1054
SELECT w1=886
SELECT w2=680
BUSY TASK ewma=997
DMA IRQ c0=0
DMA IRQ c1=0
DMA IRQ c2=2
DMA IRQ c3=0
SELECT busy=1077
SELECT w0=1072
SELECT w1=903
SELECT w2=695
BUSY TASK ewma=997
DMA IRQ c0=0
DMA IRQ c1=0
DMA IRQ c2=2
DMA IRQ c3=0
SELECT busy=1100
SELECT w0=1096
SELECT w1=922
SELECT w2=712
BUSY TASK ewma=997
DMA IRQ c0=0
DMA IRQ c1=0
DMA IRQ c2=2
DMA IRQ c3=0
SELECT busy=1135
SELECT w0=1129
SELECT w1=942
SELECT w2=727
BUSY TASK ewma=997
DMA IRQ c0=0
DMA IRQ c1=0
DMA IRQ c2=2
DMA IRQ c3=0
SELECT busy=1163
SELECT w0=1157
SELECT w1=964
SELECT w2=746
BUSY TASK ewma=997
DMA IRQ c0=0
DMA IRQ c1=0
DMA IRQ c2=2
DMA IRQ c3=0
SELECT busy=1183
SELECT w0=1178
SELECT w1=975
SELECT w2=759
BUSY TASK ewma=997
DMA IRQ c0=0
DMA IRQ c1=0
DMA IRQ c2=2
DMA IRQ c3=0
SELECT busy=1213
SELECT w0=1208
SELECT w1=994
SELECT w2=774
BUSY TASK ewma=997
DMA IRQ c0=0
DMA IRQ c1=0
DMA IRQ c2=2
DMA IRQ c3=0
SELECT busy=1249
SELECT w0=1244
SELECT w1=1022
SELECT w2=795
BUSY TASK ewma=997
DMA IRQ c0=0
DMA IRQ c1=0
DMA IRQ c2=2
DMA IRQ c3=0
SELECT busy=1273
SELECT w0=1267
SELECT w1=1034
SELECT w2=803
BUSY TASK ewma=997
DMA IRQ c0=0
DMA IRQ c1=0
DMA IRQ c2=2
DMA IRQ c3=0
SELECT busy=1293
SELECT w0=1288
SELECT w1=1044
SELECT w2=814
BUSY TASK ewma=997
DMA IRQ c0=0
DMA IRQ c1=0
DMA IRQ c2=2
DMA IRQ c3=0
SELECT busy=1316
SELECT w0=1311
SELECT w1=1061
SELECT w2=827
BUSY TASK ewma=997
DMA IRQ c0=0
DMA IRQ c1=0
DMA IRQ c2=2
DMA IRQ c3=0
SELECT busy=1342
SELECT w0=1340
SELECT w1=1086
SELECT w2=850
BUSY TASK ewma=997
DMA IRQ c0=0
DMA IRQ c1=0
DMA IRQ c2=2
DMA IRQ c3=0
SELECT busy=1365
SELECT w0=1359
SELECT w1=1093
SELECT w2=855
BUSY TASK ewma=997
DMA IRQ c0=0
DMA IRQ c1=0
DMA IRQ c2=2
DMA IRQ c3=0
SELECT busy=1391
SELECT w0=1388
SELECT w1=1111
SELECT w2=871
BUSY TASK ewma=997
DMA IRQ c0=0
DMA IRQ c1=0
DMA IRQ c2=2
DMA IRQ c3=0
SELECT busy=1421
SELECT w0=1416
SELECT w1=1131
SELECT w2=890
BUSY TASK ewma=997
DMA IRQ c0=0
DMA IRQ c1=0
DMA IRQ c2=2
DMA IRQ c3=0
SELECT busy=1442
SELECT w0=1436
SELECT w1=1139
SELECT w2=898
BUSY TASK ewma=997
IRQ counts: cpu0=2899 cpu1=3689 cpu2=3460 cpu3=3381
SCHED secondaries: calls=10546 unexpected=0
SECTEST switches=10528 cpu1=43226739,43121489 cpu2=32990325,33723934 cpu3=42865977,43876497
PINGPONG rounds=619 pongs=619
DMA IRQ c0=0
DMA IRQ c1=0
DMA IRQ c2=2
DMA IRQ c3=0
SELECT busy=1463
SELECT w0=1458
SELECT w1=1154
SELECT w2=914
BUSY TASK ewma=997
DMA IRQ c0=0
DMA IRQ c1=0
DMA IRQ c2=2
DMA IRQ c3=0
SELECT busy=1486
SELECT w0=1481
SELECT w1=1165
SELECT w2=929
BUSY TASK ewma=997
DMA IRQ c0=0
DMA IRQ c1=0
DMA IRQ c2=2
DMA IRQ c3=0
SELECT busy=1514
SELECT w0=1508
SELECT w1=1178
SELECT w2=943
BUSY TASK ewma=997
DMA IRQ c0=0
DMA IRQ c1=0
DMA IRQ c2=2
DMA IRQ c3=0
SELECT busy=1534
SELECT w0=1528
SELECT w1=1193
SELECT w2=955
BUSY TASK ewma=997
DMA IRQ c0=0
DMA IRQ c1=0
DMA IRQ c2=2
DMA IRQ c3=0
SELECT busy=1559
SELECT w0=1555
SELECT w1=1207
SELECT w2=976
BUSY TASK ewma=997
DMA IRQ c0=0
DMA IRQ c1=0
DMA IRQ c2=2
DMA IRQ c3=0
SELECT busy=1579
SELECT w0=1573
SELECT w1=1216
SELECT w2=987
BUSY TASK ewma=997
DMA IRQ c0=0
DMA IRQ c1=0
DMA IRQ c2=2
DMA IRQ c3=0
SELECT busy=1604
SELECT w0=1598
SELECT w1=1227
SELECT w2=1001
BUSY TASK ewma=997
DMA IRQ c0=0
DMA IRQ c1=0
DMA IRQ c2=2
DMA IRQ c3=0
SELECT busy=1617
SELECT w0=1611
SELECT w1=1235
SELECT w2=1007
BUSY TASK ewma=997
DMA IRQ c0=0
DMA IRQ c1=0
DMA IRQ c2=2
DMA IRQ c3=0
SELECT busy=1639
SELECT w0=1635
SELECT w1=1250
SELECT w2=1021
BUSY TASK ewma=997
DMA IRQ c0=0
DMA IRQ c1=0
DMA IRQ c2=2
DMA IRQ c3=0
SELECT busy=1669
SELECT w0=1663
SELECT w1=1263
SELECT w2=1038
BUSY TASK ewma=997
DMA IRQ c0=0
DMA IRQ c1=0
DMA IRQ c2=2
DMA IRQ c3=0
SELECT busy=1684
SELECT w0=1678
SELECT w1=1268
SELECT w2=1042
BUSY TASK ewma=997
DMA IRQ c0=0
DMA IRQ c1=0
DMA IRQ c2=2
DMA IRQ c3=0
SELECT busy=1700
SELECT w0=1695
SELECT w1=1274
SELECT w2=1049
BUSY TASK ewma=997
DMA IRQ c0=0
DMA IRQ c1=0
DMA IRQ c2=2
DMA IRQ c3=0
SELECT busy=1727
SELECT w0=1722
SELECT w1=1290
SELECT w2=1064
BUSY TASK ewma=997
DMA IRQ c0=0
DMA IRQ c1=0
DMA IRQ c2=2
DMA IRQ c3=0
SELECT busy=1757
SELECT w0=1753
SELECT w1=1305
SELECT w2=1082
BUSY TASK ewma=997
DMA IRQ c0=0
DMA IRQ c1=0
DMA IRQ c2=2
DMA IRQ c3=0
SELECT busy=1784
SELECT w0=1780
SELECT w1=1320
SELECT w2=1098
BUSY TASK ewma=997
DMA IRQ c0=0
DMA IRQ c1=0
DMA IRQ c2=2
DMA IRQ c3=0
SELECT busy=1804
SELECT w0=1802
SELECT w1=1336
SELECT w2=1114
BUSY TASK ewma=997
DMA IRQ c0=0
DMA IRQ c1=0
DMA IRQ c2=2
DMA IRQ c3=0
SELECT busy=1831
SELECT w0=1826
SELECT w1=1351
SELECT w2=1130
BUSY TASK ewma=997
DMA IRQ c0=0
DMA IRQ c1=0
DMA IRQ c2=2
DMA IRQ c3=0
SELECT busy=1854
SELECT w0=1849
SELECT w1=1367
SELECT w2=1146
BUSY TASK ewma=997
DMA IRQ c0=0
DMA IRQ c1=0
DMA IRQ c2=2
DMA IRQ c3=0
SELECT busy=1884
SELECT w0=1879
SELECT w1=1388
SELECT w2=1161
BUSY TASK ewma=997
DMA IRQ c0=0
DMA IRQ c1=0
DMA IRQ c2=2
DMA IRQ c3=0
SELECT busy=1908
SELECT w0=1904
SELECT w1=1407
SELECT w2=1179
BUSY TASK ewma=997
DMA IRQ c0=0
DMA IRQ c1=0
DMA IRQ c2=2
DMA IRQ c3=0
SELECT busy=1931
SELECT w0=1926
SELECT w1=1425
SELECT w2=1191
BUSY TASK ewma=997
DMA IRQ c0=0
DMA IRQ c1=0
DMA IRQ c2=2
DMA IRQ c3=0
SELECT busy=1952
SELECT w0=1947
SELECT w1=1444
SELECT w2=1206
BUSY TASK ewma=997
DMA IRQ c0=0
DMA IRQ c1=0
DMA IRQ c2=2
DMA IRQ c3=0
SELECT busy=1977
SELECT w0=1972
SELECT w1=1464
SELECT w2=1221
BUSY TASK ewma=997
DMA IRQ c0=0
DMA IRQ c1=0
DMA IRQ c2=2
DMA IRQ c3=0
SELECT busy=1999
SELECT w0=1994
SELECT w1=1481
SELECT w2=1233
BUSY TASK ewma=997
DMA IRQ c0=0
DMA IRQ c1=0
DMA IRQ c2=2
DMA IRQ c3=0
SELECT busy=2020
SELECT w0=2014
SELECT w1=1492
SELECT w2=1245
BUSY TASK ewma=997
DMA IRQ c0=0
DMA IRQ c1=0
DMA IRQ c2=2
DMA IRQ c3=0
SELECT busy=2040
SELECT w0=2035
SELECT w1=1510
SELECT w2=1263
BUSY TASK ewma=997
DMA IRQ c0=0
DMA IRQ c1=0
DMA IRQ c2=2
DMA IRQ c3=0
SELECT busy=2060
SELECT w0=2055
SELECT w1=1535
SELECT w2=1278
BUSY TASK ewma=997
DMA IRQ c0=0
DMA IRQ c1=0
DMA IRQ c2=2
DMA IRQ c3=0
SELECT busy=2079
SELECT w0=2074
SELECT w1=1551
SELECT w2=1292
BUSY TASK ewma=997
DMA IRQ c0=0
DMA IRQ c1=0
DMA IRQ c2=2
DMA IRQ c3=0
SELECT busy=2123
SELECT w0=2118
SELECT w1=1572
SELECT w2=1321
BUSY TASK ewma=997
DMA IRQ c0=0
DMA IRQ c1=0
DMA IRQ c2=2
DMA IRQ c3=0
SELECT busy=2139
SELECT w0=2134
SELECT w1=1583
SELECT w2=1331
BUSY TASK ewma=997
DMA IRQ c0=0
DMA IRQ c1=0
DMA IRQ c2=2
DMA IRQ c3=0
SELECT busy=2156
SELECT w0=2150
SELECT w1=1595
SELECT w2=1341
BUSY TASK ewma=997
DMA IRQ c0=0
DMA IRQ c1=0
DMA IRQ c2=2
DMA IRQ c3=0
SELECT busy=2180
SELECT w0=2177
SELECT w1=1612
SELECT w2=1363
BUSY TASK ewma=997
DMA IRQ c0=0
DMA IRQ c1=0
DMA IRQ c2=2
DMA IRQ c3=0
SELECT busy=2205
SELECT w0=2200
SELECT w1=1630
SELECT w2=1382
BUSY TASK ewma=997
DMA IRQ c0=0
DMA IRQ c1=0
DMA IRQ c2=2
DMA IRQ c3=0
SELECT busy=2228
SELECT w0=2223
SELECT w1=1646
SELECT w2=1400
BUSY TASK ewma=997
DMA IRQ c0=0
DMA IRQ c1=0
DMA IRQ c2=2
DMA IRQ c3=0
SELECT busy=2247
SELECT w0=2242
SELECT w1=1658
SELECT w2=1411
BUSY TASK ewma=997
DMA IRQ c0=0
DMA IRQ c1=0
DMA IRQ c2=2
DMA IRQ c3=0
SELECT busy=2264
SELECT w0=2259
SELECT w1=1670
SELECT w2=1421
BUSY TASK ewma=997
DMA IRQ c0=0
DMA IRQ c1=0
DMA IRQ c2=2
DMA IRQ c3=0
SELECT busy=2289
SELECT w0=2284
SELECT w1=1688
SELECT w2=1441
BUSY TASK ewma=997
DMA IRQ c0=0
DMA IRQ c1=0
DMA IRQ c2=2
DMA IRQ c3=0
SELECT busy=2311
SELECT w0=2306
SELECT w1=1705
SELECT w2=1454
BUSY TASK ewma=997
DMA IRQ c0=0
DMA IRQ c1=0
DMA IRQ c2=2
DMA IRQ c3=0
SELECT busy=2328
SELECT w0=2322
SELECT w1=1715
SELECT w2=1464
BUSY TASK ewma=997
DMA IRQ c0=0
DMA IRQ c1=0
DMA IRQ c2=2
DMA IRQ c3=0
SELECT busy=2344
SELECT w0=2339
SELECT w1=1724
SELECT w2=1472
BUSY TASK ewma=997
DMA IRQ c0=0
DMA IRQ c1=0
DMA IRQ c2=2
DMA IRQ c3=0
SELECT busy=2372
SELECT w0=2366
SELECT w1=1740
SELECT w2=1486
BUSY TASK ewma=997
DMA IRQ c0=0
DMA IRQ c1=0
DMA IRQ c2=2
DMA IRQ c3=0
SELECT busy=2395
SELECT w0=2391
SELECT w1=1756
SELECT w2=1498
BUSY TASK ewma=997
DMA IRQ c0=0
DMA IRQ c1=0
DMA IRQ c2=2
DMA IRQ c3=0
SELECT busy=2418
SELECT w0=2413
SELECT w1=1770
SELECT w2=1511
BUSY TASK ewma=997
DMA IRQ c0=0
DMA IRQ c1=0
DMA IRQ c2=2
DMA IRQ c3=0
SELECT busy=2460
SELECT w0=2454
SELECT w1=1786
SELECT w2=1528
BUSY TASK ewma=997
DMA IRQ c0=0
DMA IRQ c1=0
DMA IRQ c2=2
DMA IRQ c3=0
SELECT busy=2477
SELECT w0=2472
SELECT w1=1795
SELECT w2=1541
BUSY TASK ewma=997
DMA IRQ c0=0
DMA IRQ c1=0
DMA IRQ c2=2
DMA IRQ c3=0
SELECT busy=2506
SELECT w0=2503
SELECT w1=1810
SELECT w2=1558
BUSY TASK ewma=997
DMA IRQ c0=0
DMA IRQ c1=0
DMA IRQ c2=2
DMA IRQ c3=0
SELECT busy=2538
SELECT w0=2533
SELECT w1=1825
SELECT w2=1575
BUSY TASK ewma=997
DMA IRQ c0=0
DMA IRQ c1=0
DMA IRQ c2=2
DMA IRQ c3=0
SELECT busy=2566
SELECT w0=2560
SELECT w1=1836
SELECT w2=1586
BUSY TASK ewma=997
DMA IRQ c0=0
DMA IRQ c1=0
DMA IRQ c2=2
DMA IRQ c3=0
SELECT busy=2605
SELECT w0=2605
SELECT w1=1850
SELECT w2=1605
BUSY TASK ewma=997
DMA IRQ c0=0
DMA IRQ c1=0
DMA IRQ c2=2
DMA IRQ c3=0
SELECT busy=2636
SELECT w0=2631
SELECT w1=1867
SELECT w2=1625
BUSY TASK ewma=997
DMA IRQ c0=0
DMA IRQ c1=0
DMA IRQ c2=2
DMA IRQ c3=0
SELECT busy=2660
SELECT w0=2655
SELECT w1=1881
SELECT w2=1640
BUSY TASK ewma=997
DMA IRQ c0=0
DMA IRQ c1=0
DMA IRQ c2=2
DMA IRQ c3=0
SELECT busy=2690
SELECT w0=2684
SELECT w1=1896
SELECT w2=1654
BUSY TASK ewma=997
DMA IRQ c0=0
DMA IRQ c1=0
DMA IRQ c2=2
DMA IRQ c3=0
SELECT busy=2712
SELECT w0=2706
SELECT w1=1909
SELECT w2=1673
BUSY TASK ewma=997
DMA IRQ c0=0
DMA IRQ c1=0
DMA IRQ c2=2
DMA IRQ c3=0
SELECT busy=2737
SELECT w0=2732
SELECT w1=1921
SELECT w2=1687
BUSY TASK ewma=997
DMA IRQ c0=0
DMA IRQ c1=0
DMA IRQ c2=2
DMA IRQ c3=0
SELECT busy=2757
SELECT w0=2752
SELECT w1=1934
SELECT w2=1703
BUSY TASK ewma=997
DMA IRQ c0=0
DMA IRQ c1=0
DMA IRQ c2=2
DMA IRQ c3=0
SELECT busy=2779
SELECT w0=2774
SELECT w1=1947
SELECT w2=1717
BUSY TASK ewma=997
DMA IRQ c0=0
DMA IRQ c1=0
DMA IRQ c2=2
DMA IRQ c3=0
SELECT busy=2808
SELECT w0=2803
SELECT w1=1964
SELECT w2=1736
BUSY TASK ewma=997
DMA IRQ c0=0
DMA IRQ c1=0
DMA IRQ c2=2
DMA IRQ c3=0
SELECT busy=2831
SELECT w0=2826
SELECT w1=1976
SELECT w2=1755
BUSY TASK ewma=997
DMA IRQ c0=0
DMA IRQ c1=0
DMA IRQ c2=2
DMA IRQ c3=0
SELECT busy=2865
SELECT w0=2862
SELECT w1=1998
SELECT w2=1774
BUSY TASK ewma=997
DMA IRQ c0=0
DMA IRQ c1=0
DMA IRQ c2=2
DMA IRQ c3=0
SELECT busy=2885
SELECT w0=2880
SELECT w1=2008
SELECT w2=1783
BUSY TASK ewma=997
DMA IRQ c0=0
DMA IRQ c1=0
DMA IRQ c2=2
DMA IRQ c3=0
SELECT busy=2900
SELECT w0=2894
SELECT w1=2016
SELECT w2=1793
BUSY TASK ewma=997
DMA IRQ c0=0
DMA IRQ c1=0
DMA IRQ c2=2
DMA IRQ c3=0
SELECT busy=2923
SELECT w0=2918
SELECT w1=2032
SELECT w2=1808
BUSY TASK ewma=997
DMA IRQ c0=0
DMA IRQ c1=0
DMA IRQ c2=2
DMA IRQ c3=0
SELECT busy=2943
SELECT w0=2937
SELECT w1=2040
SELECT w2=1815
BUSY TASK ewma=997
DMA IRQ c0=0
DMA IRQ c1=0
DMA IRQ c2=2
DMA IRQ c3=0
SELECT busy=2963
SELECT w0=2957
SELECT w1=2048
SELECT w2=1824
BUSY TASK ewma=997
IRQ counts: cpu0=5957 cpu1=7464 cpu2=7304 cpu3=7193
SCHED secondaries: calls=21987 unexpected=0
SECTEST switches=21965 cpu1=85631793,85274441 cpu2=70724774,69534534 cpu3=91384162,91521812
PINGPONG rounds=1163 pongs=1163
DMA IRQ c0=0
DMA IRQ c1=0
DMA IRQ c2=2
DMA IRQ c3=0
SELECT busy=2992
SELECT w0=2986
SELECT w1=2066
SELECT w2=1844
BUSY TASK ewma=997
DMA IRQ c0=0
DMA IRQ c1=0
DMA IRQ c2=2
DMA IRQ c3=0
SELECT busy=3006
SELECT w0=3001
SELECT w1=2075
SELECT w2=1852
BUSY TASK ewma=997
DMA IRQ c0=0
DMA IRQ c1=0
DMA IRQ c2=2
DMA IRQ c3=0
SELECT busy=3025
SELECT w0=3020
SELECT w1=2083
SELECT w2=1858
BUSY TASK ewma=997
DMA IRQ c0=0
DMA IRQ c1=0
DMA IRQ c2=2
DMA IRQ c3=0
SELECT busy=3045
SELECT w0=3039
SELECT w1=2092
SELECT w2=1867
BUSY TASK ewma=997
DMA IRQ c0=0
DMA IRQ c1=0
DMA IRQ c2=2
DMA IRQ c3=0
SELECT busy=3064
SELECT w0=3058
SELECT w1=2099
SELECT w2=1874
BUSY TASK ewma=997
DMA IRQ c0=0
DMA IRQ c1=0
DMA IRQ c2=2
DMA IRQ c3=0
SELECT busy=3078
SELECT w0=3073
SELECT w1=2107
SELECT w2=1884
BUSY TASK ewma=997
DMA IRQ c0=0
DMA IRQ c1=0
DMA IRQ c2=2
DMA IRQ c3=0
SELECT busy=3094
SELECT w0=3088
SELECT w1=2114
SELECT w2=1893
BUSY TASK ewma=997
DMA IRQ c0=0
DMA IRQ c1=0
DMA IRQ c2=2
DMA IRQ c3=0
SELECT busy=3116
SELECT w0=3110
SELECT w1=2124
SELECT w2=1902
BUSY TASK ewma=997
DMA IRQ c0=0
DMA IRQ c1=0
DMA IRQ c2=2
DMA IRQ c3=0
SELECT busy=3139
SELECT w0=3135
SELECT w1=2134
SELECT w2=1912
BUSY TASK ewma=997
DMA IRQ c0=0
DMA IRQ c1=0
DMA IRQ c2=2
DMA IRQ c3=0
SELECT busy=3160
SELECT w0=3155
SELECT w1=2141
SELECT w2=1919
BUSY TASK ewma=997
DMA IRQ c0=0
DMA IRQ c1=0
DMA IRQ c2=2
DMA IRQ c3=0
SELECT busy=3178
SELECT w0=3172
SELECT w1=2149
SELECT w2=1925
BUSY TASK ewma=997
DMA IRQ c0=0
DMA IRQ c1=0
DMA IRQ c2=2
DMA IRQ c3=0
SELECT busy=3195
SELECT w0=3191
SELECT w1=2160
SELECT w2=1935
BUSY TASK ewma=997
DMA IRQ c0=0
DMA IRQ c1=0
DMA IRQ c2=2
DMA IRQ c3=0
SELECT busy=3213
SELECT w0=3207
SELECT w1=2171
SELECT w2=1944
BUSY TASK ewma=997
DMA IRQ c0=0
DMA IRQ c1=0
DMA IRQ c2=2
DMA IRQ c3=0
SELECT busy=3227
SELECT w0=3222
SELECT w1=2182
qemu-system-aarch64: terminating on signal 15 from pid 236040 (timeout)
