P4 M7: full integration test boot OK
CPU0: MPIDR_EL1=0x0000000080000000
CPU0: psci_cpu_on target=1 rc=0
CPU1: alive, MPIDR_EL1=0x0000000080000001 this_cpu()->cpu_id=1
CPU0: psci_cpu_on target=2 rc=0
CPU2: alive, MPIDR_EL1=0x0000000080000002 this_cpu()->cpu_id=2
CPU0: psci_cpu_on target=3 rc=0
CPU3: alive, MPIDR_EL1=0x0000000080000003 this_cpu()->cpu_id=3
CPUs online: 4
DMA IRQ target cpu=2
D2b: worker 2 runs on CPU2
D2b: worker 1 runs on CPU1
D2b: worker 0 runs on CPU0
P4 M7: worker submitted cmd_id=2
P4 M7: worker submitted cmd_id=3
P4 M7: worker submitted cmd_id=1
BUSY TASK ewma=994
DMA IRQ c0=0
DMA IRQ c1=0
DMA IRQ c2=0
DMA IRQ c3=0
SELECT busy=18
SELECT w0=4
SELECT w1=6
SELECT w2=6
P4 M7: worker DATA OK, cmd_id=1
P4 M7: worker DATA OK, cmd_id=3
WORKER ewma=881
P4 M7: worker DATA OK, cmd_id=2
WORKER ewma=958
WORKER ewma=916
BUSY TASK ewma=997
DMA IRQ c0=0
DMA IRQ c1=0
DMA IRQ c2=1
DMA IRQ c3=0
SELECT busy=44
SELECT w0=27
SELECT w1=24
SELECT w2=35
BUSY TASK ewma=997
DMA IRQ c0=0
DMA IRQ c1=0
DMA IRQ c2=1
DMA IRQ c3=0
SELECT busy=61
SELECT w0=46
SELECT w1=59
SELECT w2=74
BUSY TASK ewma=997
DMA IRQ c0=0
DMA IRQ c1=0
DMA IRQ c2=1
DMA IRQ c3=0
SELECT busy=85
SELECT w0=70
SELECT w1=80
SELECT w2=97
BUSY TASK ewma=997
DMA IRQ c0=0
DMA IRQ c1=0
DMA IRQ c2=1
DMA IRQ c3=0
SELECT busy=112
SELECT w0=95
SELECT w1=93
SELECT w2=111
BUSY TASK ewma=997
DMA IRQ c0=0
DMA IRQ c1=0
DMA IRQ c2=1
DMA IRQ c3=0
SELECT busy=133
SELECT w0=116
SELECT w1=103
SELECT w2=129
BUSY TASK ewma=997
DMA IRQ c0=0
DMA IRQ c1=0
DMA IRQ c2=1
DMA IRQ c3=0
SELECT busy=153
SELECT w0=137
SELECT w1=115
SELECT w2=141
BUSY TASK ewma=997
DMA IRQ c0=0
DMA IRQ c1=0
DMA IRQ c2=1
DMA IRQ c3=0
SELECT busy=180
SELECT w0=163
SELECT w1=129
SELECT w2=161
BUSY TASK ewma=997
DMA IRQ c0=0
DMA IRQ c1=0
DMA IRQ c2=1
DMA IRQ c3=0
SELECT busy=201
SELECT w0=185
SELECT w1=137
SELECT w2=169
BUSY TASK ewma=997
DMA IRQ c0=0
DMA IRQ c1=0
DMA IRQ c2=1
DMA IRQ c3=0
SELECT busy=228
SELECT w0=211
SELECT w1=152
SELECT w2=185
BUSY TASK ewma=997
DMA IRQ c0=0
DMA IRQ c1=0
DMA IRQ c2=1
DMA IRQ c3=0
SELECT busy=247
SELECT w0=231
SELECT w1=164
SELECT w2=202
BUSY TASK ewma=997
DMA IRQ c0=0
DMA IRQ c1=0
DMA IRQ c2=1
DMA IRQ c3=0
SELECT busy=282
SELECT w0=267
SELECT w1=189
SELECT w2=218
BUSY TASK ewma=997
DMA IRQ c0=0
DMA IRQ c1=0
DMA IRQ c2=1
DMA IRQ c3=0
SELECT busy=310
SELECT w0=294
SELECT w1=203
SELECT w2=235
BUSY TASK ewma=997
DMA IRQ c0=0
DMA IRQ c1=0
DMA IRQ c2=1
DMA IRQ c3=0
SELECT busy=329
SELECT w0=312
SELECT w1=213
SELECT w2=244
BUSY TASK ewma=997
DMA IRQ c0=0
DMA IRQ c1=0
DMA IRQ c2=1
DMA IRQ c3=0
SELECT busy=357
SELECT w0=341
SELECT w1=228
SELECT w2=271
BUSY TASK ewma=997
DMA IRQ c0=0
DMA IRQ c1=0
DMA IRQ c2=1
DMA IRQ c3=0
SELECT busy=374
SELECT w0=358
SELECT w1=239
SELECT w2=283
BUSY TASK ewma=997
DMA IRQ c0=0
DMA IRQ c1=0
DMA IRQ c2=1
DMA IRQ c3=0
SELECT busy=394
SELECT w0=377
SELECT w1=248
SELECT w2=294
BUSY TASK ewma=997
DMA IRQ c0=0
DMA IRQ c1=0
DMA IRQ c2=1
DMA IRQ c3=0
SELECT busy=404
SELECT w0=388
SELECT w1=260
SELECT w2=302
BUSY TASK ewma=997
DMA IRQ c0=0
DMA IRQ c1=0
DMA IRQ c2=1
DMA IRQ c3=0
SELECT busy=432
SELECT w0=417
SELECT w1=275
SELECT w2=319
BUSY TASK ewma=997
DMA IRQ c0=0
DMA IRQ c1=0
DMA IRQ c2=1
DMA IRQ c3=0
SELECT busy=466
SELECT w0=450
SELECT w1=290
SELECT w2=334
BUSY TASK ewma=997
DMA IRQ c0=0
DMA IRQ c1=0
DMA IRQ c2=1
DMA IRQ c3=0
SELECT busy=488
SELECT w0=472
SELECT w1=304
SELECT w2=350
BUSY TASK ewma=997
DMA IRQ c0=0
DMA IRQ c1=0
DMA IRQ c2=1
DMA IRQ c3=0
SELECT busy=510
SELECT w0=494
SELECT w1=314
SELECT w2=358
BUSY TASK ewma=997
DMA IRQ c0=0
DMA IRQ c1=0
DMA IRQ c2=1
DMA IRQ c3=0
SELECT busy=541
SELECT w0=524
SELECT w1=328
SELECT w2=370
BUSY TASK ewma=997
DMA IRQ c0=0
DMA IRQ c1=0
DMA IRQ c2=1
DMA IRQ c3=0
SELECT busy=562
SELECT w0=547
SELECT w1=344
SELECT w2=384
BUSY TASK ewma=997
DMA IRQ c0=0
DMA IRQ c1=0
DMA IRQ c2=1
DMA IRQ c3=0
SELECT busy=586
SELECT w0=569
SELECT w1=360
SELECT w2=402
BUSY TASK ewma=997
DMA IRQ c0=0
DMA IRQ c1=0
DMA IRQ c2=1
DMA IRQ c3=0
SELECT busy=609
SELECT w0=592
SELECT w1=370
SELECT w2=415
BUSY TASK ewma=997
DMA IRQ c0=0
DMA IRQ c1=0
DMA IRQ c2=1
DMA IRQ c3=0
SELECT busy=631
SELECT w0=615
SELECT w1=390
SELECT w2=432
BUSY TASK ewma=997
DMA IRQ c0=0
DMA IRQ c1=0
DMA IRQ c2=1
DMA IRQ c3=0
SELECT busy=650
SELECT w0=633
SELECT w1=396
SELECT w2=438
BUSY TASK ewma=997
DMA IRQ c0=0
DMA IRQ c1=0
DMA IRQ c2=1
DMA IRQ c3=0
SELECT busy=665
SELECT w0=648
SELECT w1=401
SELECT w2=443
BUSY TASK ewma=997
DMA IRQ c0=0
DMA IRQ c1=0
DMA IRQ c2=1
DMA IRQ c3=0
SELECT busy=682
SELECT w0=665
SELECT w1=406
SELECT w2=449
BUSY TASK ewma=997
DMA IRQ c0=0
DMA IRQ c1=0
DMA IRQ c2=1
DMA IRQ c3=0
SELECT busy=703
SELECT w0=687
SELECT w1=420
SELECT w2=467
BUSY TASK ewma=997
DMA IRQ c0=0
DMA IRQ c1=0
DMA IRQ c2=1
DMA IRQ c3=0
SELECT busy=723
SELECT w0=706
SELECT w1=430
SELECT w2=475
BUSY TASK ewma=997
DMA IRQ c0=0
DMA IRQ c1=0
DMA IRQ c2=1
DMA IRQ c3=0
SELECT busy=739
SELECT w0=722
SELECT w1=442
SELECT w2=489
BUSY TASK ewma=997
DMA IRQ c0=0
DMA IRQ c1=0
DMA IRQ c2=1
DMA IRQ c3=0
SELECT busy=763
SELECT w0=747
SELECT w1=465
SELECT w2=503
BUSY TASK ewma=997
DMA IRQ c0=0
DMA IRQ c1=0
DMA IRQ c2=1
DMA IRQ c3=0
SELECT busy=777
SELECT w0=760
SELECT w1=472
SELECT w2=511
BUSY TASK ewma=997
DMA IRQ c0=0
DMA IRQ c1=0
DMA IRQ c2=1
DMA IRQ c3=0
SELECT busy=796
SELECT w0=779
SELECT w1=482
SELECT w2=522
BUSY TASK ewma=997
DMA IRQ c0=0
DMA IRQ c1=0
DMA IRQ c2=1
DMA IRQ c3=0
SELECT busy=829
SELECT w0=813
SELECT w1=501
SELECT w2=544
BUSY TASK ewma=997
DMA IRQ c0=0
DMA IRQ c1=0
DMA IRQ c2=1
DMA IRQ c3=0
SELECT busy=858
SELECT w0=845
SELECT w1=517
SELECT w2=561
BUSY TASK ewma=997
DMA IRQ c0=0
DMA IRQ c1=0
DMA IRQ c2=1
DMA IRQ c3=0
SELECT busy=885
SELECT w0=868
SELECT w1=527
SELECT w2=572
BUSY TASK ewma=997
DMA IRQ c0=0
DMA IRQ c1=0
DMA IRQ c2=1
DMA IRQ c3=0
SELECT busy=902
SELECT w0=887
SELECT w1=542
SELECT w2=585
BUSY TASK ewma=997
DMA IRQ c0=0
DMA IRQ c1=0
DMA IRQ c2=1
DMA IRQ c3=0
SELECT busy=922
SELECT w0=906
SELECT w1=551
SELECT w2=592
BUSY TASK ewma=997
DMA IRQ c0=0
DMA IRQ c1=0
DMA IRQ c2=1
DMA IRQ c3=0
SELECT busy=945
SELECT w0=928
SELECT w1=560
SELECT w2=602
BUSY TASK ewma=997
DMA IRQ c0=0
DMA IRQ c1=0
DMA IRQ c2=1
DMA IRQ c3=0
SELECT busy=966
SELECT w0=950
SELECT w1=571
SELECT w2=612
BUSY TASK ewma=997
DMA IRQ c0=0
DMA IRQ c1=0
DMA IRQ c2=1
DMA IRQ c3=0
SELECT busy=991
SELECT w0=975
SELECT w1=586
SELECT w2=628
BUSY TASK ewma=997
DMA IRQ c0=0
DMA IRQ c1=0
DMA IRQ c2=1
DMA IRQ c3=0
SELECT busy=1025
SELECT w0=1009
SELECT w1=602
SELECT w2=643
BUSY TASK ewma=997
DMA IRQ c0=0
DMA IRQ c1=0
DMA IRQ c2=1
DMA IRQ c3=0
SELECT busy=1053
SELECT w0=1037
SELECT w1=615
SELECT w2=654
BUSY TASK ewma=997
DMA IRQ c0=0
DMA IRQ c1=0
DMA IRQ c2=1
DMA IRQ c3=0
SELECT busy=1077
SELECT w0=1061
SELECT w1=627
SELECT w2=667
BUSY TASK ewma=997
DMA IRQ c0=0
DMA IRQ c1=0
DMA IRQ c2=1
DMA IRQ c3=0
SELECT busy=1098
SELECT w0=1081
SELECT w1=639
SELECT w2=676
BUSY TASK ewma=997
DMA IRQ c0=0
DMA IRQ c1=0
DMA IRQ c2=1
DMA IRQ c3=0
SELECT busy=1117
SELECT w0=1100
SELECT w1=645
SELECT w2=683
BUSY TASK ewma=997
DMA IRQ c0=0
DMA IRQ c1=0
DMA IRQ c2=1
DMA IRQ c3=0
SELECT busy=1134
SELECT w0=1117
SELECT w1=653
SELECT w2=692
BUSY TASK ewma=997
DMA IRQ c0=0
DMA IRQ c1=0
DMA IRQ c2=1
DMA IRQ c3=0
SELECT busy=1158
SELECT w0=1141
SELECT w1=675
SELECT w2=714
BUSY TASK ewma=997
DMA IRQ c0=0
DMA IRQ c1=0
DMA IRQ c2=1
DMA IRQ c3=0
SELECT busy=1183
SELECT w0=1168
SELECT w1=693
SELECT w2=736
BUSY TASK ewma=997
DMA IRQ c0=0
DMA IRQ c1=0
DMA IRQ c2=1
DMA IRQ c3=0
SELECT busy=1220
SELECT w0=1204
SELECT w1=714
SELECT w2=764
BUSY TASK ewma=997
DMA IRQ c0=0
DMA IRQ c1=0
DMA IRQ c2=1
DMA IRQ c3=0
SELECT busy=1246
SELECT w0=1229
SELECT w1=726
SELECT w2=779
BUSY TASK ewma=997
DMA IRQ c0=0
DMA IRQ c1=0
DMA IRQ c2=1
DMA IRQ c3=0
SELECT busy=1267
SELECT w0=1251
SELECT w1=740
SELECT w2=792
BUSY TASK ewma=997
DMA IRQ c0=0
DMA IRQ c1=0
DMA IRQ c2=1
DMA IRQ c3=0
SELECT busy=1290
SELECT w0=1275
SELECT w1=760
SELECT w2=812
BUSY TASK ewma=997
DMA IRQ c0=0
DMA IRQ c1=0
DMA IRQ c2=1
DMA IRQ c3=0
SELECT busy=1320
SELECT w0=1304
SELECT w1=774
SELECT w2=822
BUSY TASK ewma=997
DMA IRQ c0=0
DMA IRQ c1=0
DMA IRQ c2=1
DMA IRQ c3=0
SELECT busy=1344
SELECT w0=1328
SELECT w1=795
SELECT w2=840
BUSY TASK ewma=997
DMA IRQ c0=0
DMA IRQ c1=0
DMA IRQ c2=1
DMA IRQ c3=0
SELECT busy=1372
SELECT w0=1355
SELECT w1=813
SELECT w2=853
BUSY TASK ewma=997
DMA IRQ c0=0
DMA IRQ c1=0
DMA IRQ c2=1
DMA IRQ c3=0
SELECT busy=1400
SELECT w0=1384
SELECT w1=827
SELECT w2=871
BUSY TASK ewma=997
DMA IRQ c0=0
DMA IRQ c1=0
DMA IRQ c2=1
DMA IRQ c3=0
SELECT busy=1425
SELECT w0=1408
SELECT w1=840
SELECT w2=881
BUSY TASK ewma=997
DMA IRQ c0=0
DMA IRQ c1=0
DMA IRQ c2=1
DMA IRQ c3=0
SELECT busy=1443
SELECT w0=1426
SELECT w1=852
SELECT w2=888
BUSY TASK ewma=997
DMA IRQ c0=0
DMA IRQ c1=0
DMA IRQ c2=1
DMA IRQ c3=0
SELECT busy=1466
SELECT w0=1449
SELECT w1=864
SELECT w2=900
BUSY TASK ewma=997
IRQ counts: cpu0=2970 cpu1=3483 cpu2=3537 cpu3=3480
SCHED secondaries: calls=10509 unexpected=0
SECTEST switches=10498 cpu1=39355196,40529682 cpu2=31615172,31863087 cpu3=44331856,44845300
PINGPONG rounds=571 pongs=572
DMA IRQ c0=0
DMA IRQ c1=0
DMA IRQ c2=1
DMA IRQ c3=0
SELECT busy=1501
SELECT w0=1484
SELECT w1=880
SELECT w2=916
BUSY TASK ewma=997
DMA IRQ c0=0
DMA IRQ c1=0
DMA IRQ c2=1
DMA IRQ c3=0
SELECT busy=1513
SELECT w0=1497
SELECT w1=888
SELECT w2=924
BUSY TASK ewma=997
DMA IRQ c0=0
DMA IRQ c1=0
DMA IRQ c2=1
DMA IRQ c3=0
SELECT busy=1534
SELECT w0=1519
SELECT w1=901
SELECT w2=938
BUSY TASK ewma=997
DMA IRQ c0=0
DMA IRQ c1=0
DMA IRQ c2=1
DMA IRQ c3=0
SELECT busy=1559
SELECT w0=1543
SELECT w1=914
SELECT w2=950
BUSY TASK ewma=997
DMA IRQ c0=0
DMA IRQ c1=0
DMA IRQ c2=1
DMA IRQ c3=0
SELECT busy=1582
SELECT w0=1565
SELECT w1=928
SELECT w2=963
BUSY TASK ewma=997
DMA IRQ c0=0
DMA IRQ c1=0
DMA IRQ c2=1
DMA IRQ c3=0
SELECT busy=1597
SELECT w0=1581
SELECT w1=943
SELECT w2=973
BUSY TASK ewma=997
DMA IRQ c0=0
DMA IRQ c1=0
DMA IRQ c2=1
DMA IRQ c3=0
SELECT busy=1617
SELECT w0=1600
SELECT w1=955
SELECT w2=985
BUSY TASK ewma=997
DMA IRQ c0=0
DMA IRQ c1=0
DMA IRQ c2=1
DMA IRQ c3=0
SELECT busy=1641
SELECT w0=1624
SELECT w1=964
SELECT w2=992
BUSY TASK ewma=997
DMA IRQ c0=0
DMA IRQ c1=0
DMA IRQ c2=1
DMA IRQ c3=0
SELECT busy=1659
SELECT w0=1644
SELECT w1=974
SELECT w2=1003
BUSY TASK ewma=997
DMA IRQ c0=0
DMA IRQ c1=0
DMA IRQ c2=1
DMA IRQ c3=0
SELECT busy=1686
SELECT w0=1670
SELECT w1=993
SELECT w2=1023
BUSY TASK ewma=997
DMA IRQ c0=0
DMA IRQ c1=0
DMA IRQ c2=1
DMA IRQ c3=0
SELECT busy=1710
SELECT w0=1694
SELECT w1=1006
SELECT w2=1037
BUSY TASK ewma=997
DMA IRQ c0=0
DMA IRQ c1=0
DMA IRQ c2=1
DMA IRQ c3=0
SELECT busy=1732
SELECT w0=1716
SELECT w1=1020
SELECT w2=1051
BUSY TASK ewma=997
DMA IRQ c0=0
DMA IRQ c1=0
DMA IRQ c2=1
DMA IRQ c3=0
SELECT busy=1752
SELECT w0=1736
SELECT w1=1032
SELECT w2=1067
BUSY TASK ewma=997
DMA IRQ c0=0
DMA IRQ c1=0
DMA IRQ c2=1
DMA IRQ c3=0
SELECT busy=1773
SELECT w0=1757
SELECT w1=1044
SELECT w2=1082
BUSY TASK ewma=997
DMA IRQ c0=0
DMA IRQ c1=0
DMA IRQ c2=1
DMA IRQ c3=0
SELECT busy=1801
SELECT w0=1786
SELECT w1=1060
SELECT w2=1098
BUSY TASK ewma=997
DMA IRQ c0=0
DMA IRQ c1=0
DMA IRQ c2=1
DMA IRQ c3=0
SELECT busy=1827
SELECT w0=1811
SELECT w1=1070
SELECT w2=1107
BUSY TASK ewma=997
DMA IRQ c0=0
DMA IRQ c1=0
DMA IRQ c2=1
DMA IRQ c3=0
SELECT busy=1849
SELECT w0=1832
SELECT w1=1081
SELECT w2=1121
BUSY TASK ewma=997
DMA IRQ c0=0
DMA IRQ c1=0
DMA IRQ c2=1
DMA IRQ c3=0
SELECT busy=1872
SELECT w0=1856
SELECT w1=1104
SELECT w2=1142
BUSY TASK ewma=997
DMA IRQ c0=0
DMA IRQ c1=0
DMA IRQ c2=1
DMA IRQ c3=0
SELECT busy=1901
SELECT w0=1884
SELECT w1=1119
SELECT w2=1156
BUSY TASK ewma=997
DMA IRQ c0=0
DMA IRQ c1=0
DMA IRQ c2=1
DMA IRQ c3=0
SELECT busy=1921
SELECT w0=1904
SELECT w1=1134
SELECT w2=1166
BUSY TASK ewma=997
DMA IRQ c0=0
DMA IRQ c1=0
DMA IRQ c2=1
DMA IRQ c3=0
SELECT busy=1942
SELECT w0=1926
SELECT w1=1145
SELECT w2=1177
BUSY TASK ewma=997
DMA IRQ c0=0
DMA IRQ c1=0
DMA IRQ c2=1
DMA IRQ c3=0
SELECT busy=1966
SELECT w0=1950
SELECT w1=1155
SELECT w2=1189
BUSY TASK ewma=997
DMA IRQ c0=0
DMA IRQ c1=0
DMA IRQ c2=1
DMA IRQ c3=0
SELECT busy=1985
SELECT w0=1970
SELECT w1=1170
SELECT w2=1201
BUSY TASK ewma=997
DMA IRQ c0=0
DMA IRQ c1=0
DMA IRQ c2=1
DMA IRQ c3=0
SELECT busy=2007
SELECT w0=1992
SELECT w1=1186
SELECT w2=1217
BUSY TASK ewma=997
DMA IRQ c0=0
DMA IRQ c1=0
DMA IRQ c2=1
DMA IRQ c3=0
SELECT busy=2029
SELECT w0=2013
SELECT w1=1194
SELECT w2=1223
BUSY TASK ewma=997
DMA IRQ c0=0
DMA IRQ c1=0
DMA IRQ c2=1
DMA IRQ c3=0
SELECT busy=2050
SELECT w0=2033
SELECT w1=1207
SELECT w2=1231
BUSY TASK ewma=997
DMA IRQ c0=0
DMA IRQ c1=0
DMA IRQ c2=1
DMA IRQ c3=0
SELECT busy=2068
SELECT w0=2051
SELECT w1=1214
SELECT w2=1238
BUSY TASK ewma=997
DMA IRQ c0=0
DMA IRQ c1=0
DMA IRQ c2=1
DMA IRQ c3=0
SELECT busy=2086
SELECT w0=2070
SELECT w1=1228
SELECT w2=1252
BUSY TASK ewma=997
DMA IRQ c0=0
DMA IRQ c1=0
DMA IRQ c2=1
DMA IRQ c3=0
SELECT busy=2102
SELECT w0=2085
SELECT w1=1238
SELECT w2=1261
BUSY TASK ewma=997
DMA IRQ c0=0
DMA IRQ c1=0
DMA IRQ c2=1
DMA IRQ c3=0
SELECT busy=2130
SELECT w0=2114
SELECT w1=1253
SELECT w2=1279
BUSY TASK ewma=997
DMA IRQ c0=0
DMA IRQ c1=0
DMA IRQ c2=1
DMA IRQ c3=0
SELECT busy=2158
SELECT w0=2142
SELECT w1=1266
SELECT w2=1294
BUSY TASK ewma=997
DMA IRQ c0=0
DMA IRQ c1=0
DMA IRQ c2=1
DMA IRQ c3=0
SELECT busy=2185
SELECT w0=2169
SELECT w1=1285
SELECT w2=1312
BUSY TASK ewma=997
DMA IRQ c0=0
DMA IRQ c1=0
DMA IRQ c2=1
DMA IRQ c3=0
SELECT busy=2202
SELECT w0=2186
SELECT w1=1298
SELECT w2=1324
BUSY TASK ewma=997
DMA IRQ c0=0
DMA IRQ c1=0
DMA IRQ c2=1
DMA IRQ c3=0
SELECT busy=2228
SELECT w0=2212
SELECT w1=1310
SELECT w2=1338
BUSY TASK ewma=997
DMA IRQ c0=0
DMA IRQ c1=0
DMA IRQ c2=1
DMA IRQ c3=0
SELECT busy=2254
SELECT w0=2239
SELECT w1=1327
SELECT w2=1352
BUSY TASK ewma=997
DMA IRQ c0=0
DMA IRQ c1=0
DMA IRQ c2=1
DMA IRQ c3=0
SELECT busy=2271
SELECT w0=2255
SELECT w1=1337
SELECT w2=1361
BUSY TASK ewma=997
DMA IRQ c0=0
DMA IRQ c1=0
DMA IRQ c2=1
DMA IRQ c3=0
SELECT busy=2301
SELECT w0=2286
SELECT w1=1363
SELECT w2=1382
BUSY TASK ewma=997
DMA IRQ c0=0
DMA IRQ c1=0
DMA IRQ c2=1
DMA IRQ c3=0
SELECT busy=2329
SELECT w0=2313
SELECT w1=1378
SELECT w2=1395
BUSY TASK ewma=997
DMA IRQ c0=0
DMA IRQ c1=0
DMA IRQ c2=1
DMA IRQ c3=0
SELECT busy=2348
SELECT w0=2332
SELECT w1=1390
SELECT w2=1409
BUSY TASK ewma=997
DMA IRQ c0=0
DMA IRQ c1=0
DMA IRQ c2=1
DMA IRQ c3=0
SELECT busy=2371
SELECT w0=2355
SELECT w1=1404
SELECT w2=1423
BUSY TASK ewma=997
DMA IRQ c0=0
DMA IRQ c1=0
DMA IRQ c2=1
DMA IRQ c3=0
SELECT busy=2397
SELECT w0=2381
SELECT w1=1420
SELECT w2=1436
BUSY TASK ewma=997
DMA IRQ c0=0
DMA IRQ c1=0
DMA IRQ c2=1
DMA IRQ c3=0
SELECT busy=2425
SELECT w0=2408
SELECT w1=1439
SELECT w2=1457
BUSY TASK ewma=997
DMA IRQ c0=0
DMA IRQ c1=0
DMA IRQ c2=1
DMA IRQ c3=0
SELECT busy=2447
SELECT w0=2431
SELECT w1=1454
SELECT w2=1477
BUSY TASK ewma=997
DMA IRQ c0=0
DMA IRQ c1=0
DMA IRQ c2=1
DMA IRQ c3=0
SELECT busy=2470
SELECT w0=2454
SELECT w1=1470
SELECT w2=1492
BUSY TASK ewma=997
DMA IRQ c0=0
DMA IRQ c1=0
DMA IRQ c2=1
DMA IRQ c3=0
SELECT busy=2498
SELECT w0=2482
SELECT w1=1489
SELECT w2=1511
BUSY TASK ewma=997
DMA IRQ c0=0
DMA IRQ c1=0
DMA IRQ c2=1
DMA IRQ c3=0
SELECT busy=2518
SELECT w0=2501
SELECT w1=1498
SELECT w2=1520
BUSY TASK ewma=997
DMA IRQ c0=0
DMA IRQ c1=0
DMA IRQ c2=1
DMA IRQ c3=0
SELECT busy=2542
SELECT w0=2527
SELECT w1=1519
SELECT w2=1542
BUSY TASK ewma=997
DMA IRQ c0=0
DMA IRQ c1=0
DMA IRQ c2=1
DMA IRQ c3=0
SELECT busy=2559
SELECT w0=2542
SELECT w1=1534
SELECT w2=1549
BUSY TASK ewma=997
DMA IRQ c0=0
DMA IRQ c1=0
DMA IRQ c2=1
DMA IRQ c3=0
SELECT busy=2573
SELECT w0=2558
SELECT w1=1549
SELECT w2=1563
BUSY TASK ewma=997
DMA IRQ c0=0
DMA IRQ c1=0
DMA IRQ c2=1
DMA IRQ c3=0
SELECT busy=2597
SELECT w0=2580
SELECT w1=1568
SELECT w2=1579
BUSY TASK ewma=997
DMA IRQ c0=0
DMA IRQ c1=0
DMA IRQ c2=1
DMA IRQ c3=0
SELECT busy=2625
SELECT w0=2610
SELECT w1=1584
SELECT w2=1593
BUSY TASK ewma=997
DMA IRQ c0=0
DMA IRQ c1=0
DMA IRQ c2=1
DMA IRQ c3=0
SELECT busy=2650
SELECT w0=2633
SELECT w1=1597
SELECT w2=1607
BUSY TASK ewma=997
DMA IRQ c0=0
DMA IRQ c1=0
DMA IRQ c2=1
DMA IRQ c3=0
SELECT busy=2668
SELECT w0=2651
SELECT w1=1611
SELECT w2=1617
BUSY TASK ewma=997
DMA IRQ c0=0
DMA IRQ c1=0
DMA IRQ c2=1
DMA IRQ c3=0
SELECT busy=2692
SELECT w0=2677
SELECT w1=1630
SELECT w2=1633
BUSY TASK ewma=997
DMA IRQ c0=0
DMA IRQ c1=0
DMA IRQ c2=1
DMA IRQ c3=0
SELECT busy=2716
SELECT w0=2699
SELECT w1=1645
SELECT w2=1644
BUSY TASK ewma=997
DMA IRQ c0=0
DMA IRQ c1=0
DMA IRQ c2=1
DMA IRQ c3=0
SELECT busy=2739
SELECT w0=2724
SELECT w1=1662
SELECT w2=1659
BUSY TASK ewma=997
DMA IRQ c0=0
DMA IRQ c1=0
DMA IRQ c2=1
DMA IRQ c3=0
SELECT busy=2764
SELECT w0=2748
SELECT w1=1677
SELECT w2=1671
BUSY TASK ewma=997
DMA IRQ c0=0
DMA IRQ c1=0
DMA IRQ c2=1
DMA IRQ c3=0
SELECT busy=2793
SELECT w0=2778
SELECT w1=1695
SELECT w2=1691
BUSY TASK ewma=997
DMA IRQ c0=0
DMA IRQ c1=0
DMA IRQ c2=1
DMA IRQ c3=0
SELECT busy=2825
SELECT w0=2808
SELECT w1=1713
SELECT w2=1708
BUSY TASK ewma=997
DMA IRQ c0=0
DMA IRQ c1=0
DMA IRQ c2=1
DMA IRQ c3=0
SELECT busy=2855
SELECT w0=2842
SELECT w1=1733
SELECT w2=1725
BUSY TASK ewma=997
DMA IRQ c0=0
DMA IRQ c1=0
DMA IRQ c2=1
DMA IRQ c3=0
SELECT busy=2878
SELECT w0=2862
SELECT w1=1745
SELECT w2=1744
BUSY TASK ewma=997
DMA IRQ c0=0
DMA IRQ c1=0
DMA IRQ c2=1
DMA IRQ c3=0
SELECT busy=2900
SELECT w0=2884
SELECT w1=1753
SELECT w2=1750
BUSY TASK ewma=997
DMA IRQ c0=0
DMA IRQ c1=0
DMA IRQ c2=1
DMA IRQ c3=0
SELECT busy=2924
SELECT w0=2908
SELECT w1=1767
SELECT w2=1767
BUSY TASK ewma=997
DMA IRQ c0=0
DMA IRQ c1=0
DMA IRQ c2=1
DMA IRQ c3=0
SELECT busy=2946
SELECT w0=2929
SELECT w1=1774
SELECT w2=1774
BUSY TASK ewma=997
IRQ counts: cpu0=5906 cpu1=7197 cpu2=7116 cpu3=7015
SCHED secondaries: calls=21328 unexpected=0
SECTEST switches=21276 cpu1=84667320,84927455 cpu2=65654152,66486906 cpu3=93627930,91038583
PINGPONG rounds=1139 pongs=1140
DMA IRQ c0=0
DMA IRQ c1=0
DMA IRQ c2=1
DMA IRQ c3=0
SELECT busy=2962
SELECT w0=2945
SELECT w1=1781
SELECT w2=1779
BUSY TASK ewma=997
DMA IRQ c0=0
DMA IRQ c1=0
DMA IRQ c2=1
DMA IRQ c3=0
SELECT busy=2979
SELECT w0=2963
SELECT w1=1791
SELECT w2=1787
BUSY TASK ewma=997
DMA IRQ c0=0
DMA IRQ c1=0
DMA IRQ c2=1
DMA IRQ c3=0
SELECT busy=2994
SELECT w0=2977
SELECT w1=1801
SELECT w2=1794
BUSY TASK ewma=997
DMA IRQ c0=0
DMA IRQ c1=0
DMA IRQ c2=1
DMA IRQ c3=0
SELECT busy=3013
SELECT w0=2996
SELECT w1=1810
SELECT w2=1803
BUSY TASK ewma=997
DMA IRQ c0=0
DMA IRQ c1=0
DMA IRQ c2=1
DMA IRQ c3=0
SELECT busy=3038
SELECT w0=3021
SELECT w1=1820
SELECT w2=1817
BUSY TASK ewma=997
DMA IRQ c0=0
DMA IRQ c1=0
DMA IRQ c2=1
DMA IRQ c3=0
SELECT busy=3053
SELECT w0=3037
SELECT w1=1831
SELECT w2=1828
BUSY TASK ewma=997
DMA IRQ c0=0
DMA IRQ c1=0
DMA IRQ c2=1
DMA IRQ c3=0
SELECT busy=3078
SELECT w0=3062
SELECT w1=1846
SELECT w2=1845
BUSY TASK ewma=997
DMA IRQ c0=0
DMA IRQ c1=0
DMA IRQ c2=1
DMA IRQ c3=0
SELECT busy=3102
SELECT w0=3086
SELECT w1=1859
SELECT w2=1860
BUSY TASK ewma=997
DMA IRQ c0=0
DMA IRQ c1=0
DMA IRQ c2=1
DMA IRQ c3=0
SELECT busy=3126
SELECT w0=3111
SELECT w1=1875
SELECT w2=1874
BUSY TASK ewma=997
DMA IRQ c0=0
DMA IRQ c1=0
DMA IRQ c2=1
DMA IRQ c3=0
SELECT busy=3149
SELECT w0=3132
SELECT w1=1884
SELECT w2=1883
BUSY TASK ewma=997
DMA IRQ c0=0
DMA IRQ c1=0
DMA IRQ c2=1
DMA IRQ c3=0
SELECT busy=3166
SELECT w0=3149
SELECT w1=1892
SELECT w2=1890
BUSY TASK ewma=997
DMA IRQ c0=0
DMA IRQ c1=0
DMA IRQ c2=1
DMA IRQ c3=0
SELECT busy=3187
SELECT w0=3171
SELECT w1=1905
SELECT w2=1900
BUSY TASK ewma=997
DMA IRQ c0=0
DMA IRQ c1=0
DMA IRQ c2=1
DMA IRQ c3=0
SELECT busy=3210
SELECT w0=3194
SELECT w1=1917
SELECT w2=1916
BUSY TASK ewma=997
DMA IRQ c0=0
DMA IRQ c1=0
DMA IRQ c2=1
DMA IRQ c3=0
SELECT busy=3221
SELECT w0=3204
SELECT w1=1923
SELECT w2=1923
BUSY TASK ewma=997
DMA IRQ c0=0
DMA IRQ c1=0
DMA IRQ c2=1
DMA IRQ c3=0
SELECT busy=3233
SELECT w0=3216
SELECT w1=1929
SELECT w2=1929
BUSY TASK ewma=997
DMA IRQ c0=0
DMA IRQ c1=0
DMA IRQ c2=1
DMA IRQ c3=0
SELECT busy=3264
SELECT w0=3248
SELECT w1=1952
SELECT w2=1945
BUSY TASK ewma=997
DMA IRQ c0=0
DMA IRQ c1=0
DMA IRQ c2=1
DMA IRQ c3=0
SELECT busy=3295
SELECT w0=3281
SELECT w1=1971
SELECT w2=1972
BUSY TASK ewma=997
DMA IRQ c0=0
DMA IRQ c1=0
DMA IRQ c2=1
DMA IRQ c3=0
SELECT busy=3324
SELECT w0=3309
SELECT w1=1989
SELECT w2=1992
BUSY TASK ewma=997
DMA IRQ c0=0
DMA IRQ c1=0
DMA IRQ c2=1
DMA IRQ c3=0
SELECT busy=3348
SELECT w0=3332
SELECT w1=1999
SELECT w2=2002
BUSY TASK ewma=997
DMA IRQ c0=0
DMA IRQ c1=0
DMA IRQ c2=1
DMA IRQ c3=0
SELECT busy=3372
SELECT w0=3355
SELECT w1=2011
SELECT w2=2013
BUSY TASK ewma=997
DMA IRQ c0=0
DMA IRQ c1=0
DMA IRQ c2=1
DMA IRQ c3=0
SELECT busy=3393
SELECT w0=3376
SELECT w1=2021
SELECT w2=2026
BUSY TASK ewma=997
DMA IRQ c0=0
DMA IRQ c1=0
DMA IRQ c2=1
DMA IRQ c3=0
SELECT busy=3415
SELECT w0=3399
SELECT w1=2044
SELECT w2=2047
qemu-system-aarch64: terminating on signal 15 from pid 235650 (timeout)
