P4 M7: full integration test boot OK
CPU0: MPIDR_EL1=0x0000000080000000
CPU0: psci_cpu_on target=1 rc=0
CPU1: alive, MPIDR_EL1=0x0000000080000001 this_cpu()->cpu_id=1
CPU0: psci_cpu_on target=2 rc=0
CPU2: alive, MPIDR_EL1=0x0000000080000002 this_cpu()->cpu_id=2
CPU0: psci_cpu_on target=3 rc=0
CPU3: alive, MPIDR_EL1=0x0000000080000003 this_cpu()->cpu_id=3
CPUs online: 4
DMA IRQ target cpu=2
D2b: worker 1 runs on CPU1
D2b: worker 2 runs on CPU2
D2b: worker 0 runs on CPU0
P4 M7: worker submitted cmd_id=2
P4 M7: worker submitted cmd_id=3
P4 M7: worker submitted cmd_id=1
P4 M7: worker DATA OK, cmd_id=1
P4 M7: worker DATA OK, cmd_id=2
WORKER ewma=759
BUSY TASK ewma=995
WORKER ewma=941
DMA IRQ c0=0
DMA IRQ c1=0
DMA IRQ c2=1
DMA IRQ c3=0
SELECT busy=20
SELECT w0=4
SELECT w1=37
SELECT w2=38
P4 M7: worker DATA OK, cmd_id=3
WORKER ewma=831
BUSY TASK ewma=997
DMA IRQ c0=0
DMA IRQ c1=0
DMA IRQ c2=2
DMA IRQ c3=0
SELECT busy=30
SELECT w0=24
SELECT w1=73
SELECT w2=61
BUSY TASK ewma=997
DMA IRQ c0=0
DMA IRQ c1=0
DMA IRQ c2=2
DMA IRQ c3=0
SELECT busy=51
SELECT w0=44
SELECT w1=103
SELECT w2=87
BUSY TASK ewma=997
DMA IRQ c0=0
DMA IRQ c1=0
DMA IRQ c2=2
DMA IRQ c3=0
SELECT busy=63
SELECT w0=57
SELECT w1=112
SELECT w2=96
BUSY TASK ewma=997
DMA IRQ c0=0
DMA IRQ c1=0
DMA IRQ c2=2
DMA IRQ c3=0
SELECT busy=82
SELECT w0=75
SELECT w1=121
SELECT w2=106
BUSY TASK ewma=997
DMA IRQ c0=0
DMA IRQ c1=0
DMA IRQ c2=2
DMA IRQ c3=0
SELECT busy=99
SELECT w0=93
SELECT w1=141
SELECT w2=125
BUSY TASK ewma=997
DMA IRQ c0=0
DMA IRQ c1=0
DMA IRQ c2=2
DMA IRQ c3=0
SELECT busy=117
SELECT w0=110
SELECT w1=148
SELECT w2=129
BUSY TASK ewma=997
DMA IRQ c0=0
DMA IRQ c1=0
DMA IRQ c2=2
DMA IRQ c3=0
SELECT busy=136
SELECT w0=129
SELECT w1=156
SELECT w2=136
BUSY TASK ewma=997
DMA IRQ c0=0
DMA IRQ c1=0
DMA IRQ c2=2
DMA IRQ c3=0
SELECT busy=157
SELECT w0=150
SELECT w1=168
SELECT w2=147
BUSY TASK ewma=997
DMA IRQ c0=0
DMA IRQ c1=0
DMA IRQ c2=2
DMA IRQ c3=0
SELECT busy=175
SELECT w0=168
SELECT w1=176
SELECT w2=154
BUSY TASK ewma=997
DMA IRQ c0=0
DMA IRQ c1=0
DMA IRQ c2=2
DMA IRQ c3=0
SELECT busy=200
SELECT w0=194
SELECT w1=190
SELECT w2=168
BUSY TASK ewma=997
DMA IRQ c0=0
DMA IRQ c1=0
DMA IRQ c2=2
DMA IRQ c3=0
SELECT busy=228
SELECT w0=222
SELECT w1=207
SELECT w2=185
BUSY TASK ewma=997
DMA IRQ c0=0
DMA IRQ c1=0
DMA IRQ c2=2
DMA IRQ c3=0
SELECT busy=247
SELECT w0=241
SELECT w1=217
SELECT w2=200
BUSY TASK ewma=997
DMA IRQ c0=0
DMA IRQ c1=0
DMA IRQ c2=2
DMA IRQ c3=0
SELECT busy=274
SELECT w0=267
SELECT w1=234
SELECT w2=211
BUSY TASK ewma=997
DMA IRQ c0=0
DMA IRQ c1=0
DMA IRQ c2=2
DMA IRQ c3=0
SELECT busy=298
SELECT w0=292
SELECT w1=242
SELECT w2=221
BUSY TASK ewma=997
DMA IRQ c0=0
DMA IRQ c1=0
DMA IRQ c2=2
DMA IRQ c3=0
SELECT busy=317
SELECT w0=311
SELECT w1=253
SELECT w2=234
BUSY TASK ewma=997
DMA IRQ c0=0
DMA IRQ c1=0
DMA IRQ c2=2
DMA IRQ c3=0
SELECT busy=337
SELECT w0=330
SELECT w1=266
SELECT w2=242
BUSY TASK ewma=997
DMA IRQ c0=0
DMA IRQ c1=0
DMA IRQ c2=2
DMA IRQ c3=0
SELECT busy=346
SELECT w0=340
SELECT w1=271
SELECT w2=248
BUSY TASK ewma=997
DMA IRQ c0=0
DMA IRQ c1=0
DMA IRQ c2=2
DMA IRQ c3=0
SELECT busy=367
SELECT w0=361
SELECT w1=277
SELECT w2=255
BUSY TASK ewma=997
DMA IRQ c0=0
DMA IRQ c1=0
DMA IRQ c2=2
DMA IRQ c3=0
SELECT busy=389
SELECT w0=382
SELECT w1=288
SELECT w2=265
BUSY TASK ewma=997
DMA IRQ c0=0
DMA IRQ c1=0
DMA IRQ c2=2
DMA IRQ c3=0
SELECT busy=414
SELECT w0=407
SELECT w1=302
SELECT w2=276
BUSY TASK ewma=997
DMA IRQ c0=0
DMA IRQ c1=0
DMA IRQ c2=2
DMA IRQ c3=0
SELECT busy=435
SELECT w0=429
SELECT w1=311
SELECT w2=286
BUSY TASK ewma=997
DMA IRQ c0=0
DMA IRQ c1=0
DMA IRQ c2=2
DMA IRQ c3=0
SELECT busy=457
SELECT w0=451
SELECT w1=320
SELECT w2=294
BUSY TASK ewma=997
DMA IRQ c0=0
DMA IRQ c1=0
DMA IRQ c2=2
DMA IRQ c3=0
SELECT busy=478
SELECT w0=473
SELECT w1=333
SELECT w2=308
BUSY TASK ewma=997
DMA IRQ c0=0
DMA IRQ c1=0
DMA IRQ c2=2
DMA IRQ c3=0
SELECT busy=504
SELECT w0=497
SELECT w1=348
SELECT w2=322
BUSY TASK ewma=997
DMA IRQ c0=0
DMA IRQ c1=0
DMA IRQ c2=2
DMA IRQ c3=0
SELECT busy=519
SELECT w0=512
SELECT w1=358
SELECT w2=335
BUSY TASK ewma=997
DMA IRQ c0=0
DMA IRQ c1=0
DMA IRQ c2=2
DMA IRQ c3=0
SELECT busy=544
SELECT w0=537
SELECT w1=373
SELECT w2=346
BUSY TASK ewma=997
DMA IRQ c0=0
DMA IRQ c1=0
DMA IRQ c2=2
DMA IRQ c3=0
SELECT busy=564
SELECT w0=558
SELECT w1=385
SELECT w2=357
BUSY TASK ewma=997
DMA IRQ c0=0
DMA IRQ c1=0
DMA IRQ c2=2
DMA IRQ c3=0
SELECT busy=593
SELECT w0=587
SELECT w1=404
SELECT w2=376
BUSY TASK ewma=997
DMA IRQ c0=0
DMA IRQ c1=0
DMA IRQ c2=2
DMA IRQ c3=0
SELECT busy=620
SELECT w0=613
SELECT w1=416
SELECT w2=389
BUSY TASK ewma=997
DMA IRQ c0=0
DMA IRQ c1=0
DMA IRQ c2=2
DMA IRQ c3=0
SELECT busy=644
SELECT w0=638
SELECT w1=430
SELECT w2=403
BUSY TASK ewma=997
DMA IRQ c0=0
DMA IRQ c1=0
DMA IRQ c2=2
DMA IRQ c3=0
SELECT busy=666
SELECT w0=659
SELECT w1=451
SELECT w2=416
BUSY TASK ewma=997
DMA IRQ c0=0
DMA IRQ c1=0
DMA IRQ c2=2
DMA IRQ c3=0
SELECT busy=683
SELECT w0=678
SELECT w1=463
SELECT w2=427
BUSY TASK ewma=997
DMA IRQ c0=0
DMA IRQ c1=0
DMA IRQ c2=2
DMA IRQ c3=0
SELECT busy=704
SELECT w0=698
SELECT w1=471
SELECT w2=438
BUSY TASK ewma=997
DMA IRQ c0=0
DMA IRQ c1=0
DMA IRQ c2=2
DMA IRQ c3=0
SELECT busy=728
SELECT w0=721
SELECT w1=486
SELECT w2=453
BUSY TASK ewma=997
DMA IRQ c0=0
DMA IRQ c1=0
DMA IRQ c2=2
DMA IRQ c3=0
SELECT busy=750
SELECT w0=744
SELECT w1=498
SELECT w2=470
BUSY TASK ewma=997
DMA IRQ c0=0
DMA IRQ c1=0
DMA IRQ c2=2
DMA IRQ c3=0
SELECT busy=769
SELECT w0=762
SELECT w1=506
SELECT w2=479
BUSY TASK ewma=997
DMA IRQ c0=0
DMA IRQ c1=0
DMA IRQ c2=2
DMA IRQ c3=0
SELECT busy=782
SELECT w0=775
SELECT w1=511
SELECT w2=486
BUSY TASK ewma=997
DMA IRQ c0=0
DMA IRQ c1=0
DMA IRQ c2=2
DMA IRQ c3=0
SELECT busy=799
SELECT w0=792
SELECT w1=520
SELECT w2=495
BUSY TASK ewma=997
DMA IRQ c0=0
DMA IRQ c1=0
DMA IRQ c2=2
DMA IRQ c3=0
SELECT busy=818
SELECT w0=812
SELECT w1=532
SELECT w2=508
BUSY TASK ewma=997
DMA IRQ c0=0
DMA IRQ c1=0
DMA IRQ c2=2
DMA IRQ c3=0
SELECT busy=847
SELECT w0=842
SELECT w1=549
SELECT w2=525
BUSY TASK ewma=997
DMA IRQ c0=0
DMA IRQ c1=0
DMA IRQ c2=2
DMA IRQ c3=0
SELECT busy=868
SELECT w0=862
SELECT w1=560
SELECT w2=541
BUSY TASK ewma=997
DMA IRQ c0=0
DMA IRQ c1=0
DMA IRQ c2=2
DMA IRQ c3=0
SELECT busy=895
SELECT w0=889
SELECT w1=574
SELECT w2=554
BUSY TASK ewma=997
DMA IRQ c0=0
DMA IRQ c1=0
DMA IRQ c2=2
DMA IRQ c3=0
SELECT busy=916
SELECT w0=909
SELECT w1=586
SELECT w2=571
BUSY TASK ewma=997
DMA IRQ c0=0
DMA IRQ c1=0
DMA IRQ c2=2
DMA IRQ c3=0
SELECT busy=933
SELECT w0=926
SELECT w1=591
SELECT w2=576
BUSY TASK ewma=997
DMA IRQ c0=0
DMA IRQ c1=0
DMA IRQ c2=2
DMA IRQ c3=0
SELECT busy=949
SELECT w0=944
SELECT w1=603
SELECT w2=591
BUSY TASK ewma=997
DMA IRQ c0=0
DMA IRQ c1=0
DMA IRQ c2=2
DMA IRQ c3=0
SELECT busy=970
SELECT w0=963
SELECT w1=614
SELECT w2=598
BUSY TASK ewma=997
DMA IRQ c0=0
DMA IRQ c1=0
DMA IRQ c2=2
DMA IRQ c3=0
SELECT busy=990
SELECT w0=983
SELECT w1=622
SELECT w2=604
BUSY TASK ewma=997
DMA IRQ c0=0
DMA IRQ c1=0
DMA IRQ c2=2
DMA IRQ c3=0
SELECT busy=1002
SELECT w0=995
SELECT w1=629
SELECT w2=611
BUSY TASK ewma=997
DMA IRQ c0=0
DMA IRQ c1=0
DMA IRQ c2=2
DMA IRQ c3=0
SELECT busy=1028
SELECT w0=1022
SELECT w1=642
SELECT w2=626
BUSY TASK ewma=997
DMA IRQ c0=0
DMA IRQ c1=0
DMA IRQ c2=2
DMA IRQ c3=0
SELECT busy=1053
SELECT w0=1046
SELECT w1=657
SELECT w2=642
BUSY TASK ewma=997
DMA IRQ c0=0
DMA IRQ c1=0
DMA IRQ c2=2
DMA IRQ c3=0
SELECT busy=1075
SELECT w0=1069
SELECT w1=668
SELECT w2=654
BUSY TASK ewma=997
DMA IRQ c0=0
DMA IRQ c1=0
DMA IRQ c2=2
DMA IRQ c3=0
SELECT busy=1094
SELECT w0=1088
SELECT w1=681
SELECT w2=668
BUSY TASK ewma=997
DMA IRQ c0=0
DMA IRQ c1=0
DMA IRQ c2=2
DMA IRQ c3=0
SELECT busy=1115
SELECT w0=1108
SELECT w1=689
SELECT w2=676
BUSY TASK ewma=997
DMA IRQ c0=0
DMA IRQ c1=0
DMA IRQ c2=2
DMA IRQ c3=0
SELECT busy=1135
SELECT w0=1128
SELECT w1=697
SELECT w2=684
BUSY TASK ewma=997
DMA IRQ c0=0
DMA IRQ c1=0
DMA IRQ c2=2
DMA IRQ c3=0
SELECT busy=1152
SELECT w0=1146
SELECT w1=703
SELECT w2=691
BUSY TASK ewma=997
DMA IRQ c0=0
DMA IRQ c1=0
DMA IRQ c2=2
DMA IRQ c3=0
SELECT busy=1173
SELECT w0=1167
SELECT w1=717
SELECT w2=704
BUSY TASK ewma=997
DMA IRQ c0=0
DMA IRQ c1=0
DMA IRQ c2=2
DMA IRQ c3=0
SELECT busy=1197
SELECT w0=1190
SELECT w1=730
SELECT w2=718
BUSY TASK ewma=997
DMA IRQ c0=0
DMA IRQ c1=0
DMA IRQ c2=2
DMA IRQ c3=0
SELECT busy=1215
SELECT w0=1210
SELECT w1=743
SELECT w2=733
BUSY TASK ewma=997
DMA IRQ c0=0
DMA IRQ c1=0
DMA IRQ c2=2
DMA IRQ c3=0
SELECT busy=1238
SELECT w0=1231
SELECT w1=756
SELECT w2=748
BUSY TASK ewma=997
DMA IRQ c0=0
DMA IRQ c1=0
DMA IRQ c2=2
DMA IRQ c3=0
SELECT busy=1262
SELECT w0=1256
SELECT w1=768
SELECT w2=762
BUSY TASK ewma=997
DMA IRQ c0=0
DMA IRQ c1=0
DMA IRQ c2=2
DMA IRQ c3=0
SELECT busy=1283
SELECT w0=1276
SELECT w1=779
SELECT w2=775
BUSY TASK ewma=997
DMA IRQ c0=0
DMA IRQ c1=0
DMA IRQ c2=2
DMA IRQ c3=0
SELECT busy=1307
SELECT w0=1301
SELECT w1=793
SELECT w2=789
BUSY TASK ewma=997
IRQ counts: cpu0=2656 cpu1=2927 cpu2=2953 cpu3=3007
SCHED secondaries: calls=8940 unexpected=0
SECTEST switches=8931 cpu1=37572197,35010960 cpu2=28736351,27620104 cpu3=43981296,42957865
PINGPONG rounds=540 pongs=542
DMA IRQ c0=0
DMA IRQ c1=0
DMA IRQ c2=2
DMA IRQ c3=0
SELECT busy=1346
SELECT w0=1339
SELECT w1=814
SELECT w2=810
BUSY TASK ewma=997
DMA IRQ c0=0
DMA IRQ c1=0
DMA IRQ c2=2
DMA IRQ c3=0
SELECT busy=1363
SELECT w0=1357
SELECT w1=823
SELECT w2=818
BUSY TASK ewma=997
DMA IRQ c0=0
DMA IRQ c1=0
DMA IRQ c2=2
DMA IRQ c3=0
SELECT busy=1382
SELECT w0=1375
SELECT w1=832
SELECT w2=828
BUSY TASK ewma=997
DMA IRQ c0=0
DMA IRQ c1=0
DMA IRQ c2=2
DMA IRQ c3=0
SELECT busy=1401
SELECT w0=1395
SELECT w1=846
SELECT w2=840
BUSY TASK ewma=997
DMA IRQ c0=0
DMA IRQ c1=0
DMA IRQ c2=2
DMA IRQ c3=0
SELECT busy=1424
SELECT w0=1418
SELECT w1=863
SELECT w2=856
BUSY TASK ewma=997
DMA IRQ c0=0
DMA IRQ c1=0
DMA IRQ c2=2
DMA IRQ c3=0
SELECT busy=1453
SELECT w0=1449
SELECT w1=885
SELECT w2=880
BUSY TASK ewma=997
DMA IRQ c0=0
DMA IRQ c1=0
DMA IRQ c2=2
DMA IRQ c3=0
SELECT busy=1482
SELECT w0=1475
SELECT w1=898
SELECT w2=892
BUSY TASK ewma=997
DMA IRQ c0=0
DMA IRQ c1=0
DMA IRQ c2=2
DMA IRQ c3=0
SELECT busy=1503
SELECT w0=1497
SELECT w1=904
SELECT w2=899
BUSY TASK ewma=997
DMA IRQ c0=0
DMA IRQ c1=0
DMA IRQ c2=2
DMA IRQ c3=0
SELECT busy=1534
SELECT w0=1529
SELECT w1=922
SELECT w2=914
BUSY TASK ewma=997
DMA IRQ c0=0
DMA IRQ c1=0
DMA IRQ c2=2
DMA IRQ c3=0
SELECT busy=1558
SELECT w0=1553
SELECT w1=939
SELECT w2=937
BUSY TASK ewma=997
DMA IRQ c0=0
DMA IRQ c1=0
DMA IRQ c2=2
DMA IRQ c3=0
SELECT busy=1582
SELECT w0=1576
SELECT w1=956
SELECT w2=950
BUSY TASK ewma=997
DMA IRQ c0=0
DMA IRQ c1=0
DMA IRQ c2=2
DMA IRQ c3=0
SELECT busy=1602
SELECT w0=1595
SELECT w1=968
SELECT w2=958
BUSY TASK ewma=997
DMA IRQ c0=0
DMA IRQ c1=0
DMA IRQ c2=2
DMA IRQ c3=0
SELECT busy=1622
SELECT w0=1615
SELECT w1=976
SELECT w2=966
BUSY TASK ewma=997
DMA IRQ c0=0
DMA IRQ c1=0
DMA IRQ c2=2
DMA IRQ c3=0
SELECT busy=1649
SELECT w0=1643
SELECT w1=998
SELECT w2=983
BUSY TASK ewma=997
DMA IRQ c0=0
DMA IRQ c1=0
DMA IRQ c2=2
DMA IRQ c3=0
SELECT busy=1667
SELECT w0=1660
SELECT w1=1010
SELECT w2=992
BUSY TASK ewma=997
DMA IRQ c0=0
DMA IRQ c1=0
DMA IRQ c2=2
DMA IRQ c3=0
SELECT busy=1685
SELECT w0=1679
SELECT w1=1022
SELECT w2=1008
BUSY TASK ewma=997
DMA IRQ c0=0
DMA IRQ c1=0
DMA IRQ c2=2
DMA IRQ c3=0
SELECT busy=1703
SELECT w0=1697
SELECT w1=1033
SELECT w2=1023
BUSY TASK ewma=997
DMA IRQ c0=0
DMA IRQ c1=0
DMA IRQ c2=2
DMA IRQ c3=0
SELECT busy=1724
SELECT w0=1717
SELECT w1=1045
SELECT w2=1034
BUSY TASK ewma=997
DMA IRQ c0=0
DMA IRQ c1=0
DMA IRQ c2=2
DMA IRQ c3=0
SELECT busy=1742
SELECT w0=1735
SELECT w1=1054
SELECT w2=1050
BUSY TASK ewma=997
DMA IRQ c0=0
DMA IRQ c1=0
DMA IRQ c2=2
DMA IRQ c3=0
SELECT busy=1761
SELECT w0=1754
SELECT w1=1063
SELECT w2=1061
BUSY TASK ewma=997
DMA IRQ c0=0
DMA IRQ c1=0
DMA IRQ c2=2
DMA IRQ c3=0
SELECT busy=1783
SELECT w0=1776
SELECT w1=1075
SELECT w2=1075
BUSY TASK ewma=997
DMA IRQ c0=0
DMA IRQ c1=0
DMA IRQ c2=2
DMA IRQ c3=0
SELECT busy=1798
SELECT w0=1791
SELECT w1=1085
SELECT w2=1085
BUSY TASK ewma=997
DMA IRQ c0=0
DMA IRQ c1=0
DMA IRQ c2=2
DMA IRQ c3=0
SELECT busy=1821
SELECT w0=1814
SELECT w1=1101
SELECT w2=1101
BUSY TASK ewma=997
DMA IRQ c0=0
DMA IRQ c1=0
DMA IRQ c2=2
DMA IRQ c3=0
SELECT busy=1838
SELECT w0=1832
SELECT w1=1114
SELECT w2=1112
BUSY TASK ewma=997
DMA IRQ c0=0
DMA IRQ c1=0
DMA IRQ c2=2
DMA IRQ c3=0
SELECT busy=1859
SELECT w0=1852
SELECT w1=1126
SELECT w2=1127
BUSY TASK ewma=997
DMA IRQ c0=0
DMA IRQ c1=0
DMA IRQ c2=2
DMA IRQ c3=0
SELECT busy=1874
SELECT w0=1868
SELECT w1=1138
SELECT w2=1137
BUSY TASK ewma=997
DMA IRQ c0=0
DMA IRQ c1=0
DMA IRQ c2=2
DMA IRQ c3=0
SELECT busy=1901
SELECT w0=1895
SELECT w1=1155
SELECT w2=1155
BUSY TASK ewma=997
DMA IRQ c0=0
DMA IRQ c1=0
DMA IRQ c2=2
DMA IRQ c3=0
SELECT busy=1924
SELECT w0=1917
SELECT w1=1165
SELECT w2=1164
BUSY TASK ewma=997
DMA IRQ c0=0
DMA IRQ c1=0
DMA IRQ c2=2
DMA IRQ c3=0
SELECT busy=1945
SELECT w0=1939
SELECT w1=1176
SELECT w2=1180
BUSY TASK ewma=997
DMA IRQ c0=0
DMA IRQ c1=0
DMA IRQ c2=2
DMA IRQ c3=0
SELECT busy=1963
SELECT w0=1956
SELECT w1=1184
SELECT w2=1190
BUSY TASK ewma=997
DMA IRQ c0=0
DMA IRQ c1=0
DMA IRQ c2=2
DMA IRQ c3=0
SELECT busy=1981
SELECT w0=1974
SELECT w1=1192
SELECT w2=1197
BUSY TASK ewma=997
DMA IRQ c0=0
DMA IRQ c1=0
DMA IRQ c2=2
DMA IRQ c3=0
SELECT busy=2005
SELECT w0=1998
SELECT w1=1204
SELECT w2=1207
BUSY TASK ewma=997
DMA IRQ c0=0
DMA IRQ c1=0
DMA IRQ c2=2
DMA IRQ c3=0
SELECT busy=2030
SELECT w0=2024
SELECT w1=1221
SELECT w2=1225
BUSY TASK ewma=997
DMA IRQ c0=0
DMA IRQ c1=0
DMA IRQ c2=2
DMA IRQ c3=0
SELECT busy=2052
SELECT w0=2045
SELECT w1=1232
SELECT w2=1237
BUSY TASK ewma=997
DMA IRQ c0=0
DMA IRQ c1=0
DMA IRQ c2=2
DMA IRQ c3=0
SELECT busy=2059
SELECT w0=2053
SELECT w1=1237
SELECT w2=1242
BUSY TASK ewma=997
DMA IRQ c0=0
DMA IRQ c1=0
DMA IRQ c2=2
DMA IRQ c3=0
SELECT busy=2080
SELECT w0=2074
SELECT w1=1247
SELECT w2=1253
BUSY TASK ewma=997
DMA IRQ c0=0
DMA IRQ c1=0
DMA IRQ c2=2
DMA IRQ c3=0
SELECT busy=2097
SELECT w0=2090
SELECT w1=1256
SELECT w2=1262
BUSY TASK ewma=997
DMA IRQ c0=0
DMA IRQ c1=0
DMA IRQ c2=2
DMA IRQ c3=0
SELECT busy=2113
SELECT w0=2106
SELECT w1=1265
SELECT w2=1269
BUSY TASK ewma=997
DMA IRQ c0=0
DMA IRQ c1=0
DMA IRQ c2=2
DMA IRQ c3=0
SELECT busy=2131
SELECT w0=2126
SELECT w1=1277
SELECT w2=1286
BUSY TASK ewma=997
DMA IRQ c0=0
DMA IRQ c1=0
DMA IRQ c2=2
DMA IRQ c3=0
SELECT busy=2163
SELECT w0=2158
SELECT w1=1294
SELECT w2=1305
BUSY TASK ewma=997
DMA IRQ c0=0
DMA IRQ c1=0
DMA IRQ c2=2
DMA IRQ c3=0
SELECT busy=2198
SELECT w0=2192
SELECT w1=1314
SELECT w2=1322
BUSY TASK ewma=997
DMA IRQ c0=0
DMA IRQ c1=0
DMA IRQ c2=2
DMA IRQ c3=0
SELECT busy=2225
SELECT w0=2218
SELECT w1=1326
SELECT w2=1334
BUSY TASK ewma=997
DMA IRQ c0=0
DMA IRQ c1=0
DMA IRQ c2=2
DMA IRQ c3=0
SELECT busy=2243
SELECT w0=2236
SELECT w1=1338
SELECT w2=1347
BUSY TASK ewma=997
DMA IRQ c0=0
DMA IRQ c1=0
DMA IRQ c2=2
DMA IRQ c3=0
SELECT busy=2269
SELECT w0=2263
SELECT w1=1354
SELECT w2=1365
BUSY TASK ewma=997
DMA IRQ c0=0
DMA IRQ c1=0
DMA IRQ c2=2
DMA IRQ c3=0
SELECT busy=2290
SELECT w0=2286
SELECT w1=1367
SELECT w2=1378
BUSY TASK ewma=997
DMA IRQ c0=0
DMA IRQ c1=0
DMA IRQ c2=2
DMA IRQ c3=0
SELECT busy=2312
SELECT w0=2306
SELECT w1=1383
SELECT w2=1392
BUSY TASK ewma=997
DMA IRQ c0=0
DMA IRQ c1=0
DMA IRQ c2=2
DMA IRQ c3=0
SELECT busy=2338
SELECT w0=2333
SELECT w1=1398
SELECT w2=1412
BUSY TASK ewma=997
DMA IRQ c0=0
DMA IRQ c1=0
DMA IRQ c2=2
DMA IRQ c3=0
SELECT busy=2364
SELECT w0=2357
SELECT w1=1409
SELECT w2=1424
BUSY TASK ewma=997
DMA IRQ c0=0
DMA IRQ c1=0
DMA IRQ c2=2
DMA IRQ c3=0
SELECT busy=2381
SELECT w0=2374
SELECT w1=1416
SELECT w2=1431
BUSY TASK ewma=997
DMA IRQ c0=0
DMA IRQ c1=0
DMA IRQ c2=2
DMA IRQ c3=0
SELECT busy=2402
SELECT w0=2395
SELECT w1=1428
SELECT w2=1445
BUSY TASK ewma=997
DMA IRQ c0=0
DMA IRQ c1=0
DMA IRQ c2=2
DMA IRQ c3=0
SELECT busy=2424
SELECT w0=2417
SELECT w1=1440
SELECT w2=1457
BUSY TASK ewma=997
DMA IRQ c0=0
DMA IRQ c1=0
DMA IRQ c2=2
DMA IRQ c3=0
SELECT busy=2456
SELECT w0=2450
SELECT w1=1458
SELECT w2=1479
BUSY TASK ewma=997
DMA IRQ c0=0
DMA IRQ c1=0
DMA IRQ c2=2
DMA IRQ c3=0
SELECT busy=2478
SELECT w0=2472
SELECT w1=1470
SELECT w2=1497
BUSY TASK ewma=997
DMA IRQ c0=0
DMA IRQ c1=0
DMA IRQ c2=2
DMA IRQ c3=0
SELECT busy=2492
SELECT w0=2486
SELECT w1=1478
SELECT w2=1504
BUSY TASK ewma=997
DMA IRQ c0=0
DMA IRQ c1=0
DMA IRQ c2=2
DMA IRQ c3=0
SELECT busy=2522
SELECT w0=2516
SELECT w1=1494
SELECT w2=1522
BUSY TASK ewma=997
DMA IRQ c0=0
DMA IRQ c1=0
DMA IRQ c2=2
DMA IRQ c3=0
SELECT busy=2551
SELECT w0=2546
SELECT w1=1510
SELECT w2=1538
BUSY TASK ewma=997
DMA IRQ c0=0
DMA IRQ c1=0
DMA IRQ c2=2
DMA IRQ c3=0
SELECT busy=2578
SELECT w0=2572
SELECT w1=1524
SELECT w2=1550
BUSY TASK ewma=997
DMA IRQ c0=0
DMA IRQ c1=0
DMA IRQ c2=2
DMA IRQ c3=0
SELECT busy=2604
SELECT w0=2598
SELECT w1=1539
SELECT w2=1569
BUSY TASK ewma=997
DMA IRQ c0=0
DMA IRQ c1=0
DMA IRQ c2=2
DMA IRQ c3=0
SELECT busy=2627
SELECT w0=2620
SELECT w1=1551
SELECT w2=1582
BUSY TASK ewma=997
DMA IRQ c0=0
DMA IRQ c1=0
DMA IRQ c2=2
DMA IRQ c3=0
SELECT busy=2642
SELECT w0=2635
SELECT w1=1561
SELECT w2=1590
BUSY TASK ewma=997
DMA IRQ c0=0
DMA IRQ c1=0
DMA IRQ c2=2
DMA IRQ c3=0
SELECT busy=2667
SELECT w0=2661
SELECT w1=1580
SELECT w2=1610
BUSY TASK ewma=997
DMA IRQ c0=0
DMA IRQ c1=0
DMA IRQ c2=2
DMA IRQ c3=0
SELECT busy=2691
SELECT w0=2685
SELECT w1=1596
SELECT w2=1622
BUSY TASK ewma=997
DMA IRQ c0=0
DMA IRQ c1=0
DMA IRQ c2=2
DMA IRQ c3=0
SELECT busy=2722
SELECT w0=2717
SELECT w1=1616
SELECT w2=1645
BUSY TASK ewma=997
DMA IRQ c0=0
DMA IRQ c1=0
DMA IRQ c2=2
DMA IRQ c3=0
SELECT busy=2735
SELECT w0=2728
SELECT w1=1621
SELECT w2=1649
BUSY TASK ewma=997
IRQ counts: cpu0=5484 cpu1=6346 cpu2=6470 cpu3=6360
SCHED secondaries: calls=19192 unexpected=0
SECTEST switches=19148 cpu1=77395183,78322564 cpu2=60043673,63100293 cpu3=89342398,86816067
PINGPONG rounds=1045 pongs=1045
DMA IRQ c0=0
DMA IRQ c1=0
DMA IRQ c2=2
DMA IRQ c3=0
SELECT busy=2754
SELECT w0=2747
SELECT w1=1634
SELECT w2=1659
BUSY TASK ewma=997
DMA IRQ c0=0
DMA IRQ c1=0
DMA IRQ c2=2
DMA IRQ c3=0
SELECT busy=2770
SELECT w0=2763
SELECT w1=1642
SELECT w2=1668
BUSY TASK ewma=997
DMA IRQ c0=0
DMA IRQ c1=0
DMA IRQ c2=2
DMA IRQ c3=0
SELECT busy=2793
SELECT w0=2787
SELECT w1=1657
SELECT w2=1683
BUSY TASK ewma=997
DMA IRQ c0=0
DMA IRQ c1=0
DMA IRQ c2=2
DMA IRQ c3=0
SELECT busy=2821
SELECT w0=2814
SELECT w1=1671
SELECT w2=1695
BUSY TASK ewma=997
DMA IRQ c0=0
DMA IRQ c1=0
DMA IRQ c2=2
DMA IRQ c3=0
SELECT busy=2843
SELECT w0=2837
SELECT w1=1681
SELECT w2=1707
BUSY TASK ewma=997
DMA IRQ c0=0
DMA IRQ c1=0
DMA IRQ c2=2
DMA IRQ c3=0
SELECT busy=2864
SELECT w0=2857
SELECT w1=1690
SELECT w2=1716
BUSY TASK ewma=997
DMA IRQ c0=0
DMA IRQ c1=0
DMA IRQ c2=2
DMA IRQ c3=0
SELECT busy=2889
SELECT w0=2883
SELECT w1=1705
SELECT w2=1731
BUSY TASK ewma=997
DMA IRQ c0=0
DMA IRQ c1=0
DMA IRQ c2=2
DMA IRQ c3=0
SELECT busy=2917
SELECT w0=2911
SELECT w1=1722
SELECT w2=1746
BUSY TASK ewma=997
DMA IRQ c0=0
DMA IRQ c1=0
DMA IRQ c2=2
DMA IRQ c3=0
SELECT busy=2941
SELECT w0=2936
SELECT w1=1737
SELECT w2=1760
BUSY TASK ewma=997
DMA IRQ c0=0
DMA IRQ c1=0
DMA IRQ c2=2
DMA IRQ c3=0
SELECT busy=2967
SELECT w0=2960
SELECT w1=1751
SELECT w2=1774
BUSY TASK ewma=997
DMA IRQ c0=0
DMA IRQ c1=0
DMA IRQ c2=2
DMA IRQ c3=0
SELECT busy=2992
SELECT w0=2986
SELECT w1=1768
SELECT w2=1793
BUSY TASK ewma=997
DMA IRQ c0=0
DMA IRQ c1=0
DMA IRQ c2=2
DMA IRQ c3=0
SELECT busy=3017
SELECT w0=3015
SELECT w1=1784
SELECT w2=1814
BUSY TASK ewma=997
DMA IRQ c0=0
DMA IRQ c1=0
DMA IRQ c2=2
DMA IRQ c3=0
SELECT busy=3046
SELECT w0=3040
SELECT w1=1804
SELECT w2=1835
BUSY TASK ewma=997
DMA IRQ c0=0
DMA IRQ c1=0
DMA IRQ c2=2
DMA IRQ c3=0
SELECT busy=3067
SELECT w0=3061
SELECT w1=1820
SELECT w2=1848
BUSY TASK ewma=997
DMA IRQ c0=0
DMA IRQ c1=0
DMA IRQ c2=2
DMA IRQ c3=0
SELECT busy=3088
SELECT w0=3082
SELECT w1=1833
SELECT w2=1864
BUSY TASK ewma=997
DMA IRQ c0=0
DMA IRQ c1=0
DMA IRQ c2=2
DMA IRQ c3=0
SELECT busy=3107
SELECT w0=3100
SELECT w1=1842
SELECT w2=1873
BUSY TASK ewma=997
DMA IRQ c0=0
DMA IRQ c1=0
DMA IRQ c2=2
DMA IRQ c3=0
SELECT busy=3135
SELECT w0=3129
SELECT w1=1858
SELECT w2=1886
BUSY TASK ewma=997
DMA IRQ c0=0
DMA IRQ c1=0
DMA IRQ c2=2
DMA IRQ c3=0
SELECT busy=3159
SELECT w0=3156
SELECT w1=1877
SELECT w2=1903
BUSY TASK ewma=997
DMA IRQ c0=0
DMA IRQ c1=0
DMA IRQ c2=2
DMA IRQ c3=0
SELECT busy=3185
SELECT w0=3179
SELECT w1=1896
SELECT w2=1916
BUSY TASK ewma=997
DMA IRQ c0=0
DMA IRQ c1=0
DMA IRQ c2=2
DMA IRQ c3=0
SELECT busy=3208
SELECT w0=3202
SELECT w1=1912
SELECT w2=1931
BUSY TASK ewma=997
DMA IRQ c0=0
DMA IRQ c1=0
DMA IRQ c2=2
DMA IRQ c3=0
SELECT busy=3222
SELECT w0=3216
SELECT w1=1921
SELECT w2=1947
BUSY TASK ewma=997
DMA IRQ c0=0
DMA IRQ c1=0
DMA IRQ c2=2
DMA IRQ c3=0
SELECT busy=3251
SELECT w0=3246
SELECT w1=1940
SELECT w2=1973
BUSY TASK ewma=997
DMA IRQ c0=0
DMA IRQ c1=0
DMA IRQ c2=2
DMA IRQ c3=0
SELECT busy=3276
SELECT w0=3269
SELECT w1=1953
SELECT w2=1992
BUSY TASK ewma=997
DMA IRQ c0=0
DMA IRQ c1=0
DMA IRQ c2=2
DMA IRQ c3=0
SELECT busy=3298
SELECT w0=3292
SELECT w1=1969
SELECT w2=2007
BUSY TASK ewma=997
DMA IRQ c0=0
DMA IRQ c1=0
DMA IRQ c2=2
DMA IRQ c3=0
SELECT busy=3320
SELECT w0=3314
SELECT w1=1983
SELECT w2=2021
BUSY TASK ewma=997
DMA IRQ c0=0
DMA IRQ c1=0
DMA IRQ c2=2
DMA IRQ c3=0
SELECT busy=3340
SELECT w0=3333
SELECT w1=1994
SELECT w2=2033
BUSY TASK ewma=997
DMA IRQ c0=0
DMA IRQ c1=0
DMA IRQ c2=2
DMA IRQ c3=0
SELECT busy=3358
SELECT w0=3351
SELECT w1=2008
SELECT w2=2051
BUSY TASK ewma=997
DMA IRQ c0=0
DMA IRQ c1=0
DMA IRQ c2=2
DMA IRQ c3=0
SELECT busy=3394
SELECT w0=3387
SELECT w1=2035
SELECT w2=2071
BUSY TASK ewma=997
DMA IRQ c0=0
DMA IRQ c1=0
DMA IRQ c2=2
DMA IRQ c3=0
SELECT busy=3409
SELECT w0=3403
SELECT w1=2045
SELECT w2=2079
BUSY TASK ewma=997
DMA IRQ c0=0
DMA IRQ c1=0
DMA IRQ c2=2
DMA IRQ c3=0
SELECT busy=3434
SELECT w0=3428
SELECT w1=2059
SELECT w2=2098
BUSY TASK ewma=997
DMA IRQ c0=0
DMA IRQ c1=0
DMA IRQ c2=2
DMA IRQ c3=0
SELECT busy=3457
SELECT w0=3450
SELECT w1=2071
SELECT w2=2109
BUSY TASK ewma=997
DMA IRQ c0=0
DMA IRQ c1=0
DMA IRQ c2=2
DMA IRQ c3=0
SELECT busy=3474
SELECT w0=3468
SELECT w1=2084
SELECT w2=2123
BUSY TASK ewma=997
DMA IRQ c0=0
DMA IRQ c1=0
DMA IRQ c2=2
DMA IRQ c3=0
SELECT busy=3495
SELECT w0=3489
SELECT w1=2097
SELECT w2=2136
BUSY TASK ewma=997
DMA IRQ c0=0
DMA IRQ c1=0
DMA IRQ c2=2
DMA IRQ c3=0
SELECT busy=3523
SELECT w0=3517
SELECT w1=2112
SELECT w2=2155
BUSY TASK ewma=997
DMA IRQ c0=0
DMA IRQ c1=0
DMA IRQ c2=2
DMA IRQ c3=0
SELECT busy=3547
SELECT w0=3542
SELECT w1=2130
SELECT w2=2172
BUSY TASK ewma=997
qemu-system-aarch64: terminating on signal 15 from pid 232019 (timeout)
