P4 M7: full integration test boot OK
CPU0: MPIDR_EL1=0x0000000080000000
CPU0: psci_cpu_on target=1 rc=0
CPU1: alive, MPIDR_EL1=0x0000000080000001 this_cpu()->cpu_id=1
CPU0: psci_cpu_on target=2 rc=0
CPU2: alive, MPIDR_EL1=0x0000000080000002 this_cpu()->cpu_id=2
CPU0: psci_cpu_on target=3 rc=0
CPU3: alive, MPIDR_EL1=0x0000000080000003 this_cpu()->cpu_id=3
CPUs online: 4
DMA IRQ target cpu=2
D2b: worker 1 runs on CPU1
D2b: worker 0 runs on CPU0
D2b: worker 2 runs on CPU2
P4 M7: worker submitted cmd_id=1
P4 M7: worker submitted cmd_id=2
P4 M7: worker submitted cmd_id=3
BUSY TASK ewma=997
DMA IRQ c0=0
DMA IRQ c1=0
DMA IRQ c2=0
DMA IRQ c3=0
SELECT busy=24
SELECT w0=3
SELECT w1=3
SELECT w2=4
P4 M7: worker DATA OK, cmd_id=1
P4 M7: worker DATA OK, cmd_id=2
P4 M7: worker DATA OK, cmd_id=3
WORKER ewma=657
WORKER ewma=657
WORKER ewma=759
BUSY TASK ewma=997
DMA IRQ c0=0
DMA IRQ c1=0
DMA IRQ c2=3
DMA IRQ c3=0
SELECT busy=50
SELECT w0=38
SELECT w1=37
SELECT w2=37
BUSY TASK ewma=997
DMA IRQ c0=0
DMA IRQ c1=0
DMA IRQ c2=3
DMA IRQ c3=0
SELECT busy=66
SELECT w0=54
SELECT w1=57
SELECT w2=55
BUSY TASK ewma=997
DMA IRQ c0=0
DMA IRQ c1=0
DMA IRQ c2=3
DMA IRQ c3=0
SELECT busy=82
SELECT w0=70
SELECT w1=75
SELECT w2=75
BUSY TASK ewma=997
DMA IRQ c0=0
DMA IRQ c1=0
DMA IRQ c2=3
DMA IRQ c3=0
SELECT busy=105
SELECT w0=94
SELECT w1=93
SELECT w2=93
BUSY TASK ewma=997
DMA IRQ c0=0
DMA IRQ c1=0
DMA IRQ c2=3
DMA IRQ c3=0
SELECT busy=133
SELECT w0=121
SELECT w1=108
SELECT w2=111
BUSY TASK ewma=997
DMA IRQ c0=0
DMA IRQ c1=0
DMA IRQ c2=3
DMA IRQ c3=0
SELECT busy=154
SELECT w0=143
SELECT w1=121
SELECT w2=123
BUSY TASK ewma=997
DMA IRQ c0=0
DMA IRQ c1=0
DMA IRQ c2=3
DMA IRQ c3=0
SELECT busy=178
SELECT w0=167
SELECT w1=131
SELECT w2=137
BUSY TASK ewma=997
DMA IRQ c0=0
DMA IRQ c1=0
DMA IRQ c2=3
DMA IRQ c3=0
SELECT busy=198
SELECT w0=187
SELECT w1=137
SELECT w2=142
BUSY TASK ewma=997
DMA IRQ c0=0
DMA IRQ c1=0
DMA IRQ c2=3
DMA IRQ c3=0
SELECT busy=234
SELECT w0=223
SELECT w1=159
SELECT w2=167
BUSY TASK ewma=997
DMA IRQ c0=0
DMA IRQ c1=0
DMA IRQ c2=3
DMA IRQ c3=0
SELECT busy=260
SELECT w0=249
SELECT w1=177
SELECT w2=192
BUSY TASK ewma=997
DMA IRQ c0=0
DMA IRQ c1=0
DMA IRQ c2=3
DMA IRQ c3=0
SELECT busy=291
SELECT w0=280
SELECT w1=196
SELECT w2=212
BUSY TASK ewma=997
DMA IRQ c0=0
DMA IRQ c1=0
DMA IRQ c2=3
DMA IRQ c3=0
SELECT busy=315
SELECT w0=304
SELECT w1=213
SELECT w2=231
BUSY TASK ewma=997
DMA IRQ c0=0
DMA IRQ c1=0
DMA IRQ c2=3
DMA IRQ c3=0
SELECT busy=335
SELECT w0=323
SELECT w1=219
SELECT w2=239
BUSY TASK ewma=997
DMA IRQ c0=0
DMA IRQ c1=0
DMA IRQ c2=3
DMA IRQ c3=0
SELECT busy=367
SELECT w0=356
SELECT w1=237
SELECT w2=262
BUSY TASK ewma=997
DMA IRQ c0=0
DMA IRQ c1=0
DMA IRQ c2=3
DMA IRQ c3=0
SELECT busy=390
SELECT w0=379
SELECT w1=250
SELECT w2=277
BUSY TASK ewma=997
DMA IRQ c0=0
DMA IRQ c1=0
DMA IRQ c2=3
DMA IRQ c3=0
SELECT busy=411
SELECT w0=400
SELECT w1=269
SELECT w2=290
BUSY TASK ewma=997
DMA IRQ c0=0
DMA IRQ c1=0
DMA IRQ c2=3
DMA IRQ c3=0
SELECT busy=445
SELECT w0=434
SELECT w1=290
SELECT w2=317
BUSY TASK ewma=997
DMA IRQ c0=0
DMA IRQ c1=0
DMA IRQ c2=3
DMA IRQ c3=0
SELECT busy=467
SELECT w0=456
SELECT w1=310
SELECT w2=330
BUSY TASK ewma=997
DMA IRQ c0=0
DMA IRQ c1=0
DMA IRQ c2=3
DMA IRQ c3=0
SELECT busy=487
SELECT w0=475
SELECT w1=323
SELECT w2=341
BUSY TASK ewma=997
DMA IRQ c0=0
DMA IRQ c1=0
DMA IRQ c2=3
DMA IRQ c3=0
SELECT busy=500
SELECT w0=488
SELECT w1=329
SELECT w2=349
BUSY TASK ewma=997
DMA IRQ c0=0
DMA IRQ c1=0
DMA IRQ c2=3
DMA IRQ c3=0
SELECT busy=524
SELECT w0=512
SELECT w1=342
SELECT w2=362
BUSY TASK ewma=997
DMA IRQ c0=0
DMA IRQ c1=0
DMA IRQ c2=3
DMA IRQ c3=0
SELECT busy=548
SELECT w0=537
SELECT w1=354
SELECT w2=377
BUSY TASK ewma=997
DMA IRQ c0=0
DMA IRQ c1=0
DMA IRQ c2=3
DMA IRQ c3=0
SELECT busy=551
SELECT w0=539
SELECT w1=355
SELECT w2=378
BUSY TASK ewma=997
DMA IRQ c0=0
DMA IRQ c1=0
DMA IRQ c2=3
DMA IRQ c3=0
SELECT busy=560
SELECT w0=548
SELECT w1=359
SELECT w2=383
BUSY TASK ewma=997
DMA IRQ c0=0
DMA IRQ c1=0
DMA IRQ c2=3
DMA IRQ c3=0
SELECT busy=581
SELECT w0=570
SELECT w1=373
SELECT w2=400
BUSY TASK ewma=997
DMA IRQ c0=0
DMA IRQ c1=0
DMA IRQ c2=3
DMA IRQ c3=0
SELECT busy=609
SELECT w0=598
SELECT w1=388
SELECT w2=418
BUSY TASK ewma=997
DMA IRQ c0=0
DMA IRQ c1=0
DMA IRQ c2=3
DMA IRQ c3=0
SELECT busy=639
SELECT w0=628
SELECT w1=410
SELECT w2=439
BUSY TASK ewma=997
DMA IRQ c0=0
DMA IRQ c1=0
DMA IRQ c2=3
DMA IRQ c3=0
SELECT busy=664
SELECT w0=653
SELECT w1=422
SELECT w2=446
BUSY TASK ewma=997
DMA IRQ c0=0
DMA IRQ c1=0
DMA IRQ c2=3
DMA IRQ c3=0
SELECT busy=691
SELECT w0=680
SELECT w1=434
SELECT w2=458
BUSY TASK ewma=997
DMA IRQ c0=0
DMA IRQ c1=0
DMA IRQ c2=3
DMA IRQ c3=0
SELECT busy=710
SELECT w0=698
SELECT w1=442
SELECT w2=464
BUSY TASK ewma=997
DMA IRQ c0=0
DMA IRQ c1=0
DMA IRQ c2=3
DMA IRQ c3=0
SELECT busy=720
SELECT w0=709
SELECT w1=448
SELECT w2=477
BUSY TASK ewma=997
DMA IRQ c0=0
DMA IRQ c1=0
DMA IRQ c2=3
DMA IRQ c3=0
SELECT busy=738
SELECT w0=727
SELECT w1=458
SELECT w2=487
BUSY TASK ewma=997
DMA IRQ c0=0
DMA IRQ c1=0
DMA IRQ c2=3
DMA IRQ c3=0
SELECT busy=758
SELECT w0=746
SELECT w1=468
SELECT w2=495
BUSY TASK ewma=997
DMA IRQ c0=0
DMA IRQ c1=0
DMA IRQ c2=3
DMA IRQ c3=0
SELECT busy=786
SELECT w0=775
SELECT w1=488
SELECT w2=512
BUSY TASK ewma=997
DMA IRQ c0=0
DMA IRQ c1=0
DMA IRQ c2=3
DMA IRQ c3=0
SELECT busy=810
SELECT w0=799
SELECT w1=505
SELECT w2=538
BUSY TASK ewma=997
DMA IRQ c0=0
DMA IRQ c1=0
DMA IRQ c2=3
DMA IRQ c3=0
SELECT busy=835
SELECT w0=825
SELECT w1=518
SELECT w2=557
BUSY TASK ewma=997
DMA IRQ c0=0
DMA IRQ c1=0
DMA IRQ c2=3
DMA IRQ c3=0
SELECT busy=862
SELECT w0=851
SELECT w1=538
SELECT w2=575
BUSY TASK ewma=997
DMA IRQ c0=0
DMA IRQ c1=0
DMA IRQ c2=3
DMA IRQ c3=0
SELECT busy=891
SELECT w0=880
SELECT w1=560
SELECT w2=596
BUSY TASK ewma=997
DMA IRQ c0=0
DMA IRQ c1=0
DMA IRQ c2=3
DMA IRQ c3=0
SELECT busy=919
SELECT w0=907
SELECT w1=576
SELECT w2=611
BUSY TASK ewma=997
DMA IRQ c0=0
DMA IRQ c1=0
DMA IRQ c2=3
DMA IRQ c3=0
SELECT busy=951
SELECT w0=940
SELECT w1=590
SELECT w2=625
BUSY TASK ewma=997
DMA IRQ c0=0
DMA IRQ c1=0
DMA IRQ c2=3
DMA IRQ c3=0
SELECT busy=972
SELECT w0=962
SELECT w1=601
SELECT w2=641
BUSY TASK ewma=997
DMA IRQ c0=0
DMA IRQ c1=0
DMA IRQ c2=3
DMA IRQ c3=0
SELECT busy=1003
SELECT w0=992
SELECT w1=618
SELECT w2=657
BUSY TASK ewma=997
DMA IRQ c0=0
DMA IRQ c1=0
DMA IRQ c2=3
DMA IRQ c3=0
SELECT busy=1026
SELECT w0=1015
SELECT w1=631
SELECT w2=670
BUSY TASK ewma=997
DMA IRQ c0=0
DMA IRQ c1=0
DMA IRQ c2=3
DMA IRQ c3=0
SELECT busy=1050
SELECT w0=1039
SELECT w1=645
SELECT w2=685
BUSY TASK ewma=997
DMA IRQ c0=0
DMA IRQ c1=0
DMA IRQ c2=3
DMA IRQ c3=0
SELECT busy=1079
SELECT w0=1068
SELECT w1=660
SELECT w2=701
BUSY TASK ewma=997
DMA IRQ c0=0
DMA IRQ c1=0
DMA IRQ c2=3
DMA IRQ c3=0
SELECT busy=1097
SELECT w0=1086
SELECT w1=670
SELECT w2=711
BUSY TASK ewma=997
DMA IRQ c0=0
DMA IRQ c1=0
DMA IRQ c2=3
DMA IRQ c3=0
SELECT busy=1120
SELECT w0=1109
SELECT w1=683
SELECT w2=726
BUSY TASK ewma=997
DMA IRQ c0=0
DMA IRQ c1=0
DMA IRQ c2=3
DMA IRQ c3=0
SELECT busy=1149
SELECT w0=1138
SELECT w1=707
SELECT w2=743
BUSY TASK ewma=997
DMA IRQ c0=0
DMA IRQ c1=0
DMA IRQ c2=3
DMA IRQ c3=0
SELECT busy=1180
SELECT w0=1169
SELECT w1=724
SELECT w2=759
BUSY TASK ewma=997
DMA IRQ c0=0
DMA IRQ c1=0
DMA IRQ c2=3
DMA IRQ c3=0
SELECT busy=1203
SELECT w0=1191
SELECT w1=737
SELECT w2=772
BUSY TASK ewma=997
DMA IRQ c0=0
DMA IRQ c1=0
DMA IRQ c2=3
DMA IRQ c3=0
SELECT busy=1220
SELECT w0=1208
SELECT w1=750
SELECT w2=782
BUSY TASK ewma=997
DMA IRQ c0=0
DMA IRQ c1=0
DMA IRQ c2=3
DMA IRQ c3=0
SELECT busy=1241
SELECT w0=1230
SELECT w1=763
SELECT w2=794
BUSY TASK ewma=997
DMA IRQ c0=0
DMA IRQ c1=0
DMA IRQ c2=3
DMA IRQ c3=0
SELECT busy=1261
SELECT w0=1252
SELECT w1=776
SELECT w2=808
BUSY TASK ewma=997
DMA IRQ c0=0
DMA IRQ c1=0
DMA IRQ c2=3
DMA IRQ c3=0
SELECT busy=1287
SELECT w0=1276
SELECT w1=796
SELECT w2=825
BUSY TASK ewma=997
DMA IRQ c0=0
DMA IRQ c1=0
DMA IRQ c2=3
DMA IRQ c3=0
SELECT busy=1319
SELECT w0=1308
SELECT w1=811
SELECT w2=840
BUSY TASK ewma=997
DMA IRQ c0=0
DMA IRQ c1=0
DMA IRQ c2=3
DMA IRQ c3=0
SELECT busy=1342
SELECT w0=1331
SELECT w1=828
SELECT w2=850
BUSY TASK ewma=997
DMA IRQ c0=0
DMA IRQ c1=0
DMA IRQ c2=3
DMA IRQ c3=0
SELECT busy=1361
SELECT w0=1349
SELECT w1=832
SELECT w2=854
BUSY TASK ewma=997
DMA IRQ c0=0
DMA IRQ c1=0
DMA IRQ c2=3
DMA IRQ c3=0
SELECT busy=1380
SELECT w0=1369
SELECT w1=839
SELECT w2=860
BUSY TASK ewma=997
DMA IRQ c0=0
DMA IRQ c1=0
DMA IRQ c2=3
DMA IRQ c3=0
SELECT busy=1404
SELECT w0=1395
SELECT w1=854
SELECT w2=874
BUSY TASK ewma=997
DMA IRQ c0=0
DMA IRQ c1=0
DMA IRQ c2=3
DMA IRQ c3=0
SELECT busy=1429
SELECT w0=1419
SELECT w1=874
SELECT w2=895
BUSY TASK ewma=997
DMA IRQ c0=0
DMA IRQ c1=0
DMA IRQ c2=3
DMA IRQ c3=0
SELECT busy=1455
SELECT w0=1444
SELECT w1=891
SELECT w2=917
BUSY TASK ewma=997
DMA IRQ c0=0
DMA IRQ c1=0
DMA IRQ c2=3
DMA IRQ c3=0
SELECT busy=1481
SELECT w0=1470
SELECT w1=906
SELECT w2=933
BUSY TASK ewma=997
IRQ counts: cpu0=2977 cpu1=3627 cpu2=3722 cpu3=3628
SCHED secondaries: calls=11019 unexpected=0
SECTEST switches=10985 cpu1=43044632,41776671 cpu2=34269636,34925649 cpu3=51514234,46794120
PINGPONG rounds=588 pongs=588
DMA IRQ c0=0
DMA IRQ c1=0
DMA IRQ c2=3
DMA IRQ c3=0
SELECT busy=1508
SELECT w0=1496
SELECT w1=918
SELECT w2=946
BUSY TASK ewma=997
DMA IRQ c0=0
DMA IRQ c1=0
DMA IRQ c2=3
DMA IRQ c3=0
SELECT busy=1530
SELECT w0=1519
SELECT w1=931
SELECT w2=961
BUSY TASK ewma=997
DMA IRQ c0=0
DMA IRQ c1=0
DMA IRQ c2=3
DMA IRQ c3=0
SELECT busy=1554
SELECT w0=1543
SELECT w1=945
SELECT w2=973
BUSY TASK ewma=997
DMA IRQ c0=0
DMA IRQ c1=0
DMA IRQ c2=3
DMA IRQ c3=0
SELECT busy=1569
SELECT w0=1557
SELECT w1=954
SELECT w2=982
BUSY TASK ewma=997
DMA IRQ c0=0
DMA IRQ c1=0
DMA IRQ c2=3
DMA IRQ c3=0
SELECT busy=1589
SELECT w0=1577
SELECT w1=965
SELECT w2=992
BUSY TASK ewma=997
DMA IRQ c0=0
DMA IRQ c1=0
DMA IRQ c2=3
DMA IRQ c3=0
SELECT busy=1608
SELECT w0=1596
SELECT w1=977
SELECT w2=1004
BUSY TASK ewma=997
DMA IRQ c0=0
DMA IRQ c1=0
DMA IRQ c2=3
DMA IRQ c3=0
SELECT busy=1629
SELECT w0=1618
SELECT w1=989
SELECT w2=1014
BUSY TASK ewma=997
DMA IRQ c0=0
DMA IRQ c1=0
DMA IRQ c2=3
DMA IRQ c3=0
SELECT busy=1647
SELECT w0=1637
SELECT w1=1002
SELECT w2=1035
BUSY TASK ewma=997
DMA IRQ c0=0
DMA IRQ c1=0
DMA IRQ c2=3
DMA IRQ c3=0
SELECT busy=1672
SELECT w0=1661
SELECT w1=1016
SELECT w2=1052
BUSY TASK ewma=997
DMA IRQ c0=0
DMA IRQ c1=0
DMA IRQ c2=3
DMA IRQ c3=0
SELECT busy=1694
SELECT w0=1682
SELECT w1=1020
SELECT w2=1056
BUSY TASK ewma=997
DMA IRQ c0=0
DMA IRQ c1=0
DMA IRQ c2=3
DMA IRQ c3=0
SELECT busy=1717
SELECT w0=1707
SELECT w1=1031
SELECT w2=1067
BUSY TASK ewma=997
DMA IRQ c0=0
DMA IRQ c1=0
DMA IRQ c2=3
DMA IRQ c3=0
SELECT busy=1744
SELECT w0=1734
SELECT w1=1049
SELECT w2=1086
BUSY TASK ewma=997
DMA IRQ c0=0
DMA IRQ c1=0
DMA IRQ c2=3
DMA IRQ c3=0
SELECT busy=1770
SELECT w0=1758
SELECT w1=1062
SELECT w2=1097
BUSY TASK ewma=997
DMA IRQ c0=0
DMA IRQ c1=0
DMA IRQ c2=3
DMA IRQ c3=0
SELECT busy=1791
SELECT w0=1781
SELECT w1=1070
SELECT w2=1107
BUSY TASK ewma=997
DMA IRQ c0=0
DMA IRQ c1=0
DMA IRQ c2=3
DMA IRQ c3=0
SELECT busy=1812
SELECT w0=1801
SELECT w1=1082
SELECT w2=1120
BUSY TASK ewma=997
DMA IRQ c0=0
DMA IRQ c1=0
DMA IRQ c2=3
DMA IRQ c3=0
SELECT busy=1829
SELECT w0=1817
SELECT w1=1091
SELECT w2=1131
BUSY TASK ewma=997
DMA IRQ c0=0
DMA IRQ c1=0
DMA IRQ c2=3
DMA IRQ c3=0
SELECT busy=1850
SELECT w0=1838
SELECT w1=1102
SELECT w2=1143
BUSY TASK ewma=997
DMA IRQ c0=0
DMA IRQ c1=0
DMA IRQ c2=3
DMA IRQ c3=0
SELECT busy=1870
SELECT w0=1858
SELECT w1=1117
SELECT w2=1153
BUSY TASK ewma=997
DMA IRQ c0=0
DMA IRQ c1=0
DMA IRQ c2=3
DMA IRQ c3=0
SELECT busy=1891
SELECT w0=1882
SELECT w1=1132
SELECT w2=1169
BUSY TASK ewma=997
DMA IRQ c0=0
DMA IRQ c1=0
DMA IRQ c2=3
DMA IRQ c3=0
SELECT busy=1919
SELECT w0=1908
SELECT w1=1147
SELECT w2=1182
BUSY TASK ewma=997
DMA IRQ c0=0
DMA IRQ c1=0
DMA IRQ c2=3
DMA IRQ c3=0
SELECT busy=1940
SELECT w0=1928
SELECT w1=1154
SELECT w2=1189
BUSY TASK ewma=997
DMA IRQ c0=0
DMA IRQ c1=0
DMA IRQ c2=3
DMA IRQ c3=0
SELECT busy=1958
SELECT w0=1949
SELECT w1=1165
SELECT w2=1200
BUSY TASK ewma=997
DMA IRQ c0=0
DMA IRQ c1=0
DMA IRQ c2=3
DMA IRQ c3=0
SELECT busy=1987
SELECT w0=1976
SELECT w1=1184
SELECT w2=1215
BUSY TASK ewma=997
DMA IRQ c0=0
DMA IRQ c1=0
DMA IRQ c2=3
DMA IRQ c3=0
SELECT busy=2005
SELECT w0=1994
SELECT w1=1196
SELECT w2=1227
BUSY TASK ewma=997
DMA IRQ c0=0
DMA IRQ c1=0
DMA IRQ c2=3
DMA IRQ c3=0
SELECT busy=2029
SELECT w0=2018
SELECT w1=1209
SELECT w2=1241
BUSY TASK ewma=997
DMA IRQ c0=0
DMA IRQ c1=0
DMA IRQ c2=3
DMA IRQ c3=0
SELECT busy=2051
SELECT w0=2040
SELECT w1=1228
SELECT w2=1255
BUSY TASK ewma=997
DMA IRQ c0=0
DMA IRQ c1=0
DMA IRQ c2=3
DMA IRQ c3=0
SELECT busy=2086
SELECT w0=2075
SELECT w1=1242
SELECT w2=1269
BUSY TASK ewma=997
DMA IRQ c0=0
DMA IRQ c1=0
DMA IRQ c2=3
DMA IRQ c3=0
SELECT busy=2109
SELECT w0=2098
SELECT w1=1253
SELECT w2=1283
BUSY TASK ewma=997
DMA IRQ c0=0
DMA IRQ c1=0
DMA IRQ c2=3
DMA IRQ c3=0
SELECT busy=2140
SELECT w0=2128
SELECT w1=1266
SELECT w2=1298
BUSY TASK ewma=997
DMA IRQ c0=0
DMA IRQ c1=0
DMA IRQ c2=3
DMA IRQ c3=0
SELECT busy=2159
SELECT w0=2148
SELECT w1=1278
SELECT w2=1319
BUSY TASK ewma=997
DMA IRQ c0=0
DMA IRQ c1=0
DMA IRQ c2=3
DMA IRQ c3=0
SELECT busy=2180
SELECT w0=2168
SELECT w1=1288
SELECT w2=1335
BUSY TASK ewma=997
DMA IRQ c0=0
DMA IRQ c1=0
DMA IRQ c2=3
DMA IRQ c3=0
SELECT busy=2203
SELECT w0=2192
SELECT w1=1299
SELECT w2=1346
BUSY TASK ewma=997
DMA IRQ c0=0
DMA IRQ c1=0
DMA IRQ c2=3
DMA IRQ c3=0
SELECT busy=2223
SELECT w0=2213
SELECT w1=1311
SELECT w2=1360
BUSY TASK ewma=997
DMA IRQ c0=0
DMA IRQ c1=0
DMA IRQ c2=3
DMA IRQ c3=0
SELECT busy=2246
SELECT w0=2234
SELECT w1=1324
SELECT w2=1370
BUSY TASK ewma=997
DMA IRQ c0=0
DMA IRQ c1=0
DMA IRQ c2=3
DMA IRQ c3=0
SELECT busy=2262
SELECT w0=2251
SELECT w1=1331
SELECT w2=1379
BUSY TASK ewma=997
DMA IRQ c0=0
DMA IRQ c1=0
DMA IRQ c2=3
DMA IRQ c3=0
SELECT busy=2281
SELECT w0=2270
SELECT w1=1342
SELECT w2=1393
BUSY TASK ewma=997
DMA IRQ c0=0
DMA IRQ c1=0
DMA IRQ c2=3
DMA IRQ c3=0
SELECT busy=2308
SELECT w0=2297
SELECT w1=1363
SELECT w2=1412
BUSY TASK ewma=997
DMA IRQ c0=0
DMA IRQ c1=0
DMA IRQ c2=3
DMA IRQ c3=0
SELECT busy=2332
SELECT w0=2320
SELECT w1=1381
SELECT w2=1428
BUSY TASK ewma=997
DMA IRQ c0=0
DMA IRQ c1=0
DMA IRQ c2=3
DMA IRQ c3=0
SELECT busy=2354
SELECT w0=2342
SELECT w1=1391
SELECT w2=1438
BUSY TASK ewma=997
DMA IRQ c0=0
DMA IRQ c1=0
DMA IRQ c2=3
DMA IRQ c3=0
SELECT busy=2378
SELECT w0=2366
SELECT w1=1404
SELECT w2=1455
BUSY TASK ewma=997
DMA IRQ c0=0
DMA IRQ c1=0
DMA IRQ c2=3
DMA IRQ c3=0
SELECT busy=2394
SELECT w0=2383
SELECT w1=1410
SELECT w2=1459
BUSY TASK ewma=997
DMA IRQ c0=0
DMA IRQ c1=0
DMA IRQ c2=3
DMA IRQ c3=0
SELECT busy=2412
SELECT w0=2400
SELECT w1=1413
SELECT w2=1464
BUSY TASK ewma=997
DMA IRQ c0=0
DMA IRQ c1=0
DMA IRQ c2=3
DMA IRQ c3=0
SELECT busy=2431
SELECT w0=2420
SELECT w1=1429
SELECT w2=1476
BUSY TASK ewma=997
DMA IRQ c0=0
DMA IRQ c1=0
DMA IRQ c2=3
DMA IRQ c3=0
SELECT busy=2452
SELECT w0=2441
SELECT w1=1443
SELECT w2=1491
BUSY TASK ewma=997
DMA IRQ c0=0
DMA IRQ c1=0
DMA IRQ c2=3
DMA IRQ c3=0
SELECT busy=2479
SELECT w0=2467
SELECT w1=1460
SELECT w2=1507
BUSY TASK ewma=997
DMA IRQ c0=0
DMA IRQ c1=0
DMA IRQ c2=3
DMA IRQ c3=0
SELECT busy=2503
SELECT w0=2493
SELECT w1=1476
SELECT w2=1523
BUSY TASK ewma=997
DMA IRQ c0=0
DMA IRQ c1=0
DMA IRQ c2=3
DMA IRQ c3=0
SELECT busy=2528
SELECT w0=2517
SELECT w1=1494
SELECT w2=1537
BUSY TASK ewma=997
DMA IRQ c0=0
DMA IRQ c1=0
DMA IRQ c2=3
DMA IRQ c3=0
SELECT busy=2548
SELECT w0=2537
SELECT w1=1504
SELECT w2=1544
BUSY TASK ewma=997
DMA IRQ c0=0
DMA IRQ c1=0
DMA IRQ c2=3
DMA IRQ c3=0
SELECT busy=2573
SELECT w0=2561
SELECT w1=1516
SELECT w2=1558
BUSY TASK ewma=997
DMA IRQ c0=0
DMA IRQ c1=0
DMA IRQ c2=3
DMA IRQ c3=0
SELECT busy=2589
SELECT w0=2578
SELECT w1=1529
SELECT w2=1569
BUSY TASK ewma=997
DMA IRQ c0=0
DMA IRQ c1=0
DMA IRQ c2=3
DMA IRQ c3=0
SELECT busy=2615
SELECT w0=2603
SELECT w1=1546
SELECT w2=1588
BUSY TASK ewma=997
DMA IRQ c0=0
DMA IRQ c1=0
DMA IRQ c2=3
DMA IRQ c3=0
SELECT busy=2644
SELECT w0=2632
SELECT w1=1568
SELECT w2=1604
BUSY TASK ewma=997
DMA IRQ c0=0
DMA IRQ c1=0
DMA IRQ c2=3
DMA IRQ c3=0
SELECT busy=2667
SELECT w0=2656
SELECT w1=1584
SELECT w2=1619
BUSY TASK ewma=997
DMA IRQ c0=0
DMA IRQ c1=0
DMA IRQ c2=3
DMA IRQ c3=0
SELECT busy=2691
SELECT w0=2680
SELECT w1=1600
SELECT w2=1634
BUSY TASK ewma=997
DMA IRQ c0=0
DMA IRQ c1=0
DMA IRQ c2=3
DMA IRQ c3=0
SELECT busy=2708
SELECT w0=2697
SELECT w1=1609
SELECT w2=1640
BUSY TASK ewma=997
DMA IRQ c0=0
DMA IRQ c1=0
DMA IRQ c2=3
DMA IRQ c3=0
SELECT busy=2727
SELECT w0=2717
SELECT w1=1619
SELECT w2=1652
BUSY TASK ewma=997
DMA IRQ c0=0
DMA IRQ c1=0
DMA IRQ c2=3
DMA IRQ c3=0
SELECT busy=2750
SELECT w0=2741
SELECT w1=1633
SELECT w2=1666
BUSY TASK ewma=997
DMA IRQ c0=0
DMA IRQ c1=0
DMA IRQ c2=3
DMA IRQ c3=0
SELECT busy=2775
SELECT w0=2765
SELECT w1=1653
SELECT w2=1680
BUSY TASK ewma=997
DMA IRQ c0=0
DMA IRQ c1=0
DMA IRQ c2=3
DMA IRQ c3=0
SELECT busy=2802
SELECT w0=2791
SELECT w1=1670
SELECT w2=1698
BUSY TASK ewma=997
DMA IRQ c0=0
DMA IRQ c1=0
DMA IRQ c2=3
DMA IRQ c3=0
SELECT busy=2818
SELECT w0=2807
SELECT w1=1680
SELECT w2=1707
BUSY TASK ewma=997
DMA IRQ c0=0
DMA IRQ c1=0
DMA IRQ c2=3
DMA IRQ c3=0
SELECT busy=2839
SELECT w0=2828
SELECT w1=1694
SELECT w2=1722
BUSY TASK ewma=997
DMA IRQ c0=0
DMA IRQ c1=0
DMA IRQ c2=3
DMA IRQ c3=0
SELECT busy=2856
SELECT w0=2845
SELECT w1=1700
SELECT w2=1731
BUSY TASK ewma=997
DMA IRQ c0=0
DMA IRQ c1=0
DMA IRQ c2=3
DMA IRQ c3=0
SELECT busy=2877
SELECT w0=2866
SELECT w1=1712
SELECT w2=1741
BUSY TASK ewma=997
DMA IRQ c0=0
DMA IRQ c1=0
DMA IRQ c2=3
DMA IRQ c3=0
SELECT busy=2898
SELECT w0=2886
SELECT w1=1720
SELECT w2=1748
BUSY TASK ewma=997
IRQ counts: cpu0=5813 cpu1=6999 cpu2=7079 cpu3=6926
SCHED secondaries: calls=21010 unexpected=0
SECTEST switches=20970 cpu1=84435468,82148590 cpu2=67362712,68115095 cpu3=97432046,90767006
PINGPONG rounds=1075 pongs=1075
DMA IRQ c0=0
DMA IRQ c1=0
DMA IRQ c2=3
DMA IRQ c3=0
SELECT busy=2919
SELECT w0=2907
SELECT w1=1728
SELECT w2=1757
BUSY TASK ewma=997
DMA IRQ c0=0
DMA IRQ c1=0
DMA IRQ c2=3
DMA IRQ c3=0
SELECT busy=2941
SELECT w0=2930
SELECT w1=1739
SELECT w2=1770
BUSY TASK ewma=997
DMA IRQ c0=0
DMA IRQ c1=0
DMA IRQ c2=3
DMA IRQ c3=0
SELECT busy=2973
SELECT w0=2963
SELECT w1=1757
SELECT w2=1793
BUSY TASK ewma=997
DMA IRQ c0=0
DMA IRQ c1=0
DMA IRQ c2=3
DMA IRQ c3=0
SELECT busy=3000
SELECT w0=2989
SELECT w1=1771
SELECT w2=1807
BUSY TASK ewma=997
DMA IRQ c0=0
DMA IRQ c1=0
DMA IRQ c2=3
DMA IRQ c3=0
SELECT busy=3023
SELECT w0=3011
SELECT w1=1782
SELECT w2=1816
BUSY TASK ewma=997
DMA IRQ c0=0
DMA IRQ c1=0
DMA IRQ c2=3
DMA IRQ c3=0
SELECT busy=3044
SELECT w0=3032
SELECT w1=1793
SELECT w2=1825
BUSY TASK ewma=997
DMA IRQ c0=0
DMA IRQ c1=0
DMA IRQ c2=3
DMA IRQ c3=0
SELECT busy=3066
SELECT w0=3055
SELECT w1=1806
SELECT w2=1840
BUSY TASK ewma=997
DMA IRQ c0=0
DMA IRQ c1=0
DMA IRQ c2=3
DMA IRQ c3=0
SELECT busy=3085
SELECT w0=3073
SELECT w1=1815
SELECT w2=1850
BUSY TASK ewma=997
DMA IRQ c0=0
DMA IRQ c1=0
DMA IRQ c2=3
DMA IRQ c3=0
SELECT busy=3103
SELECT w0=3091
SELECT w1=1820
SELECT w2=1856
BUSY TASK ewma=997
DMA IRQ c0=0
DMA IRQ c1=0
DMA IRQ c2=3
DMA IRQ c3=0
SELECT busy=3123
SELECT w0=3111
SELECT w1=1833
SELECT w2=1876
BUSY TASK ewma=997
DMA IRQ c0=0
DMA IRQ c1=0
DMA IRQ c2=3
DMA IRQ c3=0
SELECT busy=3147
SELECT w0=3136
SELECT w1=1851
SELECT w2=1893
BUSY TASK ewma=997
DMA IRQ c0=0
DMA IRQ c1=0
DMA IRQ c2=3
DMA IRQ c3=0
SELECT busy=3166
SELECT w0=3155
SELECT w1=1862
SELECT w2=1903
BUSY TASK ewma=997
DMA IRQ c0=0
DMA IRQ c1=0
DMA IRQ c2=3
DMA IRQ c3=0
SELECT busy=3185
SELECT w0=3173
SELECT w1=1870
SELECT w2=1913
BUSY TASK ewma=997
DMA IRQ c0=0
DMA IRQ c1=0
DMA IRQ c2=3
DMA IRQ c3=0
SELECT busy=3202
SELECT w0=3192
SELECT w1=1887
SELECT w2=1926
BUSY TASK ewma=997
DMA IRQ c0=0
DMA IRQ c1=0
DMA IRQ c2=3
DMA IRQ c3=0
SELECT busy=3224
SELECT w0=3212
SELECT w1=1903
SELECT w2=1938
BUSY TASK ewma=997
DMA IRQ c0=0
DMA IRQ c1=0
DMA IRQ c2=3
DMA IRQ c3=0
SELECT busy=3246
SELECT w0=3235
SELECT w1=1915
SELECT w2=1952
BUSY TASK ewma=997
DMA IRQ c0=0
DMA IRQ c1=0
DMA IRQ c2=3
DMA IRQ c3=0
SELECT busy=3267
SELECT w0=3256
SELECT w1=1932
SELECT w2=1967
BUSY TASK ewma=997
DMA IRQ c0=0
DMA IRQ c1=0
DMA IRQ c2=3
DMA IRQ c3=0
SELECT busy=3282
SELECT w0=3270
SELECT w1=1939
SELECT w2=1974
BUSY TASK ewma=997
DMA IRQ c0=0
DMA IRQ c1=0
DMA IRQ c2=3
DMA IRQ c3=0
SELECT busy=3304
SELECT w0=3293
SELECT w1=1951
SELECT w2=1988
BUSY TASK ewma=997
DMA IRQ c0=0
DMA IRQ c1=0
DMA IRQ c2=3
DMA IRQ c3=0
SELECT busy=3324
SELECT w0=3313
SELECT w1=1963
SELECT w2=1999
BUSY TASK ewma=997
DMA IRQ c0=0
DMA IRQ c1=0
DMA IRQ c2=3
DMA IRQ c3=0
SELECT busy=3344
SELECT w0=3333
SELECT w1=1975
SELECT w2=2014
BUSY TASK ewma=997
DMA IRQ c0=0
DMA IRQ c1=0
DMA IRQ c2=3
DMA IRQ c3=0
SELECT busy=3364
SELECT w0=3353
SELECT w1=1988
SELECT w2=2029
BUSY TASK ewma=997
DMA IRQ c0=0
DMA IRQ c1=0
DMA IRQ c2=3
DMA IRQ c3=0
SELECT busy=3386
SELECT w0=3378
SELECT w1=2008
SELECT w2=2043
BUSY TASK ewma=997
DMA IRQ c0=0
DMA IRQ c1=0
DMA IRQ c2=3
DMA IRQ c3=0
SELECT busy=3412
SELECT w0=3400
SELECT w1=2018
SELECT w2=2053
qemu-system-aarch64: terminating on signal 15 from pid 234391 (timeout)
