P4 M7: full integration test boot OK
CPU0: MPIDR_EL1=0x0000000080000000
CPU0: psci_cpu_on target=1 rc=0
CPU1: alive, MPIDR_EL1=0x0000000080000001 this_cpu()->cpu_id=1
CPU0: psci_cpu_on target=2 rc=0
CPU2: alive, MPIDR_EL1=0x0000000080000002 this_cpu()->cpu_id=2
CPU0: psci_cpu_on target=3 rc=0
CPU3: alive, MPIDR_EL1=0x0000000080000003 this_cpu()->cpu_id=3
CPUs online: 4
DMA IRQ target cpu=2
D2b: worker 1 runs on CPU1
D2b: worker 0 runs on CPU0
D2b: worker 2 runs on CPU2
P4 M7: worker submitted cmd_id=1
P4 M7: worker submitted cmd_id=2
P4 M7: worker submitted cmd_id=3
P4 M7: worker DATA OK, cmd_id=2
P4 M7: worker DATA OK, cmd_id=1
WORKER ewma=657
WORKER ewma=881
P4 M7: worker DATA OK, cmd_id=3
WORKER ewma=759
BUSY TASK ewma=997
DMA IRQ c0=0
DMA IRQ c1=0
DMA IRQ c2=1
DMA IRQ c3=0
SELECT busy=25
SELECT w0=25
SELECT w1=36
SELECT w2=25
BUSY TASK ewma=997
DMA IRQ c0=0
DMA IRQ c1=0
DMA IRQ c2=1
DMA IRQ c3=0
SELECT busy=44
SELECT w0=44
SELECT w1=54
SELECT w2=42
BUSY TASK ewma=997
DMA IRQ c0=0
DMA IRQ c1=0
DMA IRQ c2=1
DMA IRQ c3=0
SELECT busy=72
SELECT w0=73
SELECT w1=77
SELECT w2=70
BUSY TASK ewma=997
DMA IRQ c0=0
DMA IRQ c1=0
DMA IRQ c2=1
DMA IRQ c3=0
SELECT busy=89
SELECT w0=89
SELECT w1=87
SELECT w2=80
BUSY TASK ewma=997
DMA IRQ c0=0
DMA IRQ c1=0
DMA IRQ c2=1
DMA IRQ c3=0
SELECT busy=119
SELECT w0=119
SELECT w1=101
SELECT w2=97
BUSY TASK ewma=997
DMA IRQ c0=0
DMA IRQ c1=0
DMA IRQ c2=1
DMA IRQ c3=0
SELECT busy=142
SELECT w0=142
SELECT w1=118
SELECT w2=114
BUSY TASK ewma=997
DMA IRQ c0=0
DMA IRQ c1=0
DMA IRQ c2=1
DMA IRQ c3=0
SELECT busy=169
SELECT w0=169
SELECT w1=132
SELECT w2=126
BUSY TASK ewma=997
DMA IRQ c0=0
DMA IRQ c1=0
DMA IRQ c2=1
DMA IRQ c3=0
SELECT busy=191
SELECT w0=191
SELECT w1=146
SELECT w2=139
BUSY TASK ewma=997
DMA IRQ c0=0
DMA IRQ c1=0
DMA IRQ c2=1
DMA IRQ c3=0
SELECT busy=208
SELECT w0=207
SELECT w1=158
SELECT w2=151
BUSY TASK ewma=997
DMA IRQ c0=0
DMA IRQ c1=0
DMA IRQ c2=1
DMA IRQ c3=0
SELECT busy=234
SELECT w0=233
SELECT w1=173
SELECT w2=164
BUSY TASK ewma=997
DMA IRQ c0=0
DMA IRQ c1=0
DMA IRQ c2=1
DMA IRQ c3=0
SELECT busy=260
SELECT w0=260
SELECT w1=189
SELECT w2=181
BUSY TASK ewma=997
DMA IRQ c0=0
DMA IRQ c1=0
DMA IRQ c2=1
DMA IRQ c3=0
SELECT busy=289
SELECT w0=289
SELECT w1=205
SELECT w2=196
BUSY TASK ewma=997
DMA IRQ c0=0
DMA IRQ c1=0
DMA IRQ c2=1
DMA IRQ c3=0
SELECT busy=310
SELECT w0=310
SELECT w1=219
SELECT w2=210
BUSY TASK ewma=997
DMA IRQ c0=0
DMA IRQ c1=0
DMA IRQ c2=1
DMA IRQ c3=0
SELECT busy=329
SELECT w0=329
SELECT w1=228
SELECT w2=218
BUSY TASK ewma=997
DMA IRQ c0=0
DMA IRQ c1=0
DMA IRQ c2=1
DMA IRQ c3=0
SELECT busy=352
SELECT w0=352
SELECT w1=242
SELECT w2=230
BUSY TASK ewma=997
DMA IRQ c0=0
DMA IRQ c1=0
DMA IRQ c2=1
DMA IRQ c3=0
SELECT busy=383
SELECT w0=382
SELECT w1=259
SELECT w2=246
BUSY TASK ewma=997
DMA IRQ c0=0
DMA IRQ c1=0
DMA IRQ c2=1
DMA IRQ c3=0
SELECT busy=402
SELECT w0=401
SELECT w1=269
SELECT w2=257
BUSY TASK ewma=997
DMA IRQ c0=0
DMA IRQ c1=0
DMA IRQ c2=1
DMA IRQ c3=0
SELECT busy=428
SELECT w0=429
SELECT w1=284
SELECT w2=281
BUSY TASK ewma=997
DMA IRQ c0=0
DMA IRQ c1=0
DMA IRQ c2=1
DMA IRQ c3=0
SELECT busy=455
SELECT w0=455
SELECT w1=300
SELECT w2=300
BUSY TASK ewma=997
DMA IRQ c0=0
DMA IRQ c1=0
DMA IRQ c2=1
DMA IRQ c3=0
SELECT busy=477
SELECT w0=477
SELECT w1=315
SELECT w2=315
BUSY TASK ewma=997
DMA IRQ c0=0
DMA IRQ c1=0
DMA IRQ c2=1
DMA IRQ c3=0
SELECT busy=499
SELECT w0=499
SELECT w1=332
SELECT w2=324
BUSY TASK ewma=997
DMA IRQ c0=0
DMA IRQ c1=0
DMA IRQ c2=1
DMA IRQ c3=0
SELECT busy=514
SELECT w0=513
SELECT w1=338
SELECT w2=332
BUSY TASK ewma=997
DMA IRQ c0=0
DMA IRQ c1=0
DMA IRQ c2=1
DMA IRQ c3=0
SELECT busy=536
SELECT w0=536
SELECT w1=352
SELECT w2=342
BUSY TASK ewma=997
DMA IRQ c0=0
DMA IRQ c1=0
DMA IRQ c2=1
DMA IRQ c3=0
SELECT busy=558
SELECT w0=557
SELECT w1=366
SELECT w2=361
BUSY TASK ewma=997
DMA IRQ c0=0
DMA IRQ c1=0
DMA IRQ c2=1
DMA IRQ c3=0
SELECT busy=577
SELECT w0=576
SELECT w1=374
SELECT w2=371
BUSY TASK ewma=997
DMA IRQ c0=0
DMA IRQ c1=0
DMA IRQ c2=1
DMA IRQ c3=0
SELECT busy=599
SELECT w0=599
SELECT w1=392
SELECT w2=383
BUSY TASK ewma=997
DMA IRQ c0=0
DMA IRQ c1=0
DMA IRQ c2=1
DMA IRQ c3=0
SELECT busy=624
SELECT w0=624
SELECT w1=403
SELECT w2=397
BUSY TASK ewma=997
DMA IRQ c0=0
DMA IRQ c1=0
DMA IRQ c2=1
DMA IRQ c3=0
SELECT busy=643
SELECT w0=643
SELECT w1=422
SELECT w2=411
BUSY TASK ewma=997
DMA IRQ c0=0
DMA IRQ c1=0
DMA IRQ c2=1
DMA IRQ c3=0
SELECT busy=668
SELECT w0=667
SELECT w1=433
SELECT w2=421
BUSY TASK ewma=997
DMA IRQ c0=0
DMA IRQ c1=0
DMA IRQ c2=1
DMA IRQ c3=0
SELECT busy=687
SELECT w0=688
SELECT w1=453
SELECT w2=437
BUSY TASK ewma=997
DMA IRQ c0=0
DMA IRQ c1=0
DMA IRQ c2=1
DMA IRQ c3=0
SELECT busy=713
SELECT w0=714
SELECT w1=472
SELECT w2=454
BUSY TASK ewma=997
DMA IRQ c0=0
DMA IRQ c1=0
DMA IRQ c2=1
DMA IRQ c3=0
SELECT busy=744
SELECT w0=743
SELECT w1=493
SELECT w2=468
BUSY TASK ewma=997
DMA IRQ c0=0
DMA IRQ c1=0
DMA IRQ c2=1
DMA IRQ c3=0
SELECT busy=768
SELECT w0=767
SELECT w1=505
SELECT w2=481
BUSY TASK ewma=997
DMA IRQ c0=0
DMA IRQ c1=0
DMA IRQ c2=1
DMA IRQ c3=0
SELECT busy=791
SELECT w0=790
SELECT w1=517
SELECT w2=490
BUSY TASK ewma=997
DMA IRQ c0=0
DMA IRQ c1=0
DMA IRQ c2=1
DMA IRQ c3=0
SELECT busy=806
SELECT w0=806
SELECT w1=527
SELECT w2=498
BUSY TASK ewma=997
DMA IRQ c0=0
DMA IRQ c1=0
DMA IRQ c2=1
DMA IRQ c3=0
SELECT busy=824
SELECT w0=823
SELECT w1=536
SELECT w2=508
BUSY TASK ewma=997
DMA IRQ c0=0
DMA IRQ c1=0
DMA IRQ c2=1
DMA IRQ c3=0
SELECT busy=844
SELECT w0=844
SELECT w1=550
SELECT w2=526
BUSY TASK ewma=997
DMA IRQ c0=0
DMA IRQ c1=0
DMA IRQ c2=1
DMA IRQ c3=0
SELECT busy=871
SELECT w0=871
SELECT w1=564
SELECT w2=543
BUSY TASK ewma=997
DMA IRQ c0=0
DMA IRQ c1=0
DMA IRQ c2=1
DMA IRQ c3=0
SELECT busy=890
SELECT w0=890
SELECT w1=574
SELECT w2=554
BUSY TASK ewma=997
DMA IRQ c0=0
DMA IRQ c1=0
DMA IRQ c2=1
DMA IRQ c3=0
SELECT busy=909
SELECT w0=909
SELECT w1=584
SELECT w2=565
BUSY TASK ewma=997
DMA IRQ c0=0
DMA IRQ c1=0
DMA IRQ c2=1
DMA IRQ c3=0
SELECT busy=925
SELECT w0=927
SELECT w1=599
SELECT w2=577
BUSY TASK ewma=997
DMA IRQ c0=0
DMA IRQ c1=0
DMA IRQ c2=1
DMA IRQ c3=0
SELECT busy=949
SELECT w0=949
SELECT w1=610
SELECT w2=591
BUSY TASK ewma=997
DMA IRQ c0=0
DMA IRQ c1=0
DMA IRQ c2=1
DMA IRQ c3=0
SELECT busy=978
SELECT w0=977
SELECT w1=625
SELECT w2=605
BUSY TASK ewma=997
DMA IRQ c0=0
DMA IRQ c1=0
DMA IRQ c2=1
DMA IRQ c3=0
SELECT busy=995
SELECT w0=994
SELECT w1=633
SELECT w2=613
BUSY TASK ewma=997
DMA IRQ c0=0
DMA IRQ c1=0
DMA IRQ c2=1
DMA IRQ c3=0
SELECT busy=1012
SELECT w0=1011
SELECT w1=640
SELECT w2=619
BUSY TASK ewma=997
DMA IRQ c0=0
DMA IRQ c1=0
DMA IRQ c2=1
DMA IRQ c3=0
SELECT busy=1029
SELECT w0=1028
SELECT w1=646
SELECT w2=628
BUSY TASK ewma=997
DMA IRQ c0=0
DMA IRQ c1=0
DMA IRQ c2=1
DMA IRQ c3=0
SELECT busy=1051
SELECT w0=1050
SELECT w1=656
SELECT w2=638
BUSY TASK ewma=997
DMA IRQ c0=0
DMA IRQ c1=0
DMA IRQ c2=1
DMA IRQ c3=0
SELECT busy=1079
SELECT w0=1079
SELECT w1=674
SELECT w2=658
BUSY TASK ewma=997
DMA IRQ c0=0
DMA IRQ c1=0
DMA IRQ c2=1
DMA IRQ c3=0
SELECT busy=1098
SELECT w0=1097
SELECT w1=683
SELECT w2=665
BUSY TASK ewma=997
DMA IRQ c0=0
DMA IRQ c1=0
DMA IRQ c2=1
DMA IRQ c3=0
SELECT busy=1119
SELECT w0=1119
SELECT w1=697
SELECT w2=679
BUSY TASK ewma=997
DMA IRQ c0=0
DMA IRQ c1=0
DMA IRQ c2=1
DMA IRQ c3=0
SELECT busy=1146
SELECT w0=1146
SELECT w1=714
SELECT w2=698
BUSY TASK ewma=997
DMA IRQ c0=0
DMA IRQ c1=0
DMA IRQ c2=1
DMA IRQ c3=0
SELECT busy=1165
SELECT w0=1165
SELECT w1=722
SELECT w2=707
BUSY TASK ewma=997
DMA IRQ c0=0
DMA IRQ c1=0
DMA IRQ c2=1
DMA IRQ c3=0
SELECT busy=1188
SELECT w0=1188
SELECT w1=734
SELECT w2=720
BUSY TASK ewma=997
DMA IRQ c0=0
DMA IRQ c1=0
DMA IRQ c2=1
DMA IRQ c3=0
SELECT busy=1207
SELECT w0=1206
SELECT w1=743
SELECT w2=730
BUSY TASK ewma=997
DMA IRQ c0=0
DMA IRQ c1=0
DMA IRQ c2=1
DMA IRQ c3=0
SELECT busy=1230
SELECT w0=1230
SELECT w1=758
SELECT w2=747
BUSY TASK ewma=997
DMA IRQ c0=0
DMA IRQ c1=0
DMA IRQ c2=1
DMA IRQ c3=0
SELECT busy=1246
SELECT w0=1245
SELECT w1=764
SELECT w2=756
BUSY TASK ewma=997
DMA IRQ c0=0
DMA IRQ c1=0
DMA IRQ c2=1
DMA IRQ c3=0
SELECT busy=1261
SELECT w0=1262
SELECT w1=776
SELECT w2=769
BUSY TASK ewma=997
DMA IRQ c0=0
DMA IRQ c1=0
DMA IRQ c2=1
DMA IRQ c3=0
SELECT busy=1282
SELECT w0=1284
SELECT w1=789
SELECT w2=782
BUSY TASK ewma=997
DMA IRQ c0=0
DMA IRQ c1=0
DMA IRQ c2=1
DMA IRQ c3=0
SELECT busy=1301
SELECT w0=1300
SELECT w1=796
SELECT w2=791
BUSY TASK ewma=997
DMA IRQ c0=0
DMA IRQ c1=0
DMA IRQ c2=1
DMA IRQ c3=0
SELECT busy=1318
SELECT w0=1317
SELECT w1=805
SELECT w2=800
BUSY TASK ewma=997
DMA IRQ c0=0
DMA IRQ c1=0
DMA IRQ c2=1
DMA IRQ c3=0
SELECT busy=1349
SELECT w0=1350
SELECT w1=825
SELECT w2=822
BUSY TASK ewma=997
DMA IRQ c0=0
DMA IRQ c1=0
DMA IRQ c2=1
DMA IRQ c3=0
SELECT busy=1373
SELECT w0=1373
SELECT w1=839
SELECT w2=837
BUSY TASK ewma=997
DMA IRQ c0=0
DMA IRQ c1=0
DMA IRQ c2=1
DMA IRQ c3=0
SELECT busy=1397
SELECT w0=1398
SELECT w1=853
SELECT w2=852
BUSY TASK ewma=997
IRQ counts: cpu0=2849 cpu1=3452 cpu2=3443 cpu3=3573
SCHED secondaries: calls=10506 unexpected=0
SECTEST switches=10498 cpu1=42085266,46023453 cpu2=33274375,33163986 cpu3=49633982,47736034
PINGPONG rounds=578 pongs=579
DMA IRQ c0=0
DMA IRQ c1=0
DMA IRQ c2=1
DMA IRQ c3=0
SELECT busy=1452
SELECT w0=1452
SELECT w1=881
SELECT w2=887
BUSY TASK ewma=997
DMA IRQ c0=0
DMA IRQ c1=0
DMA IRQ c2=1
DMA IRQ c3=0
SELECT busy=1471
SELECT w0=1471
SELECT w1=893
SELECT w2=904
BUSY TASK ewma=997
DMA IRQ c0=0
DMA IRQ c1=0
DMA IRQ c2=1
DMA IRQ c3=0
SELECT busy=1489
SELECT w0=1489
SELECT w1=908
SELECT w2=919
BUSY TASK ewma=997
DMA IRQ c0=0
DMA IRQ c1=0
DMA IRQ c2=1
DMA IRQ c3=0
SELECT busy=1510
SELECT w0=1509
SELECT w1=916
SELECT w2=929
BUSY TASK ewma=997
DMA IRQ c0=0
DMA IRQ c1=0
DMA IRQ c2=1
DMA IRQ c3=0
SELECT busy=1537
SELECT w0=1537
SELECT w1=930
SELECT w2=940
BUSY TASK ewma=997
DMA IRQ c0=0
DMA IRQ c1=0
DMA IRQ c2=1
DMA IRQ c3=0
SELECT busy=1560
SELECT w0=1560
SELECT w1=942
SELECT w2=953
BUSY TASK ewma=997
DMA IRQ c0=0
DMA IRQ c1=0
DMA IRQ c2=1
DMA IRQ c3=0
SELECT busy=1587
SELECT w0=1588
SELECT w1=959
SELECT w2=968
BUSY TASK ewma=997
DMA IRQ c0=0
DMA IRQ c1=0
DMA IRQ c2=1
DMA IRQ c3=0
SELECT busy=1604
SELECT w0=1604
SELECT w1=967
SELECT w2=975
BUSY TASK ewma=997
DMA IRQ c0=0
DMA IRQ c1=0
DMA IRQ c2=1
DMA IRQ c3=0
SELECT busy=1628
SELECT w0=1628
SELECT w1=986
SELECT w2=990
BUSY TASK ewma=997
DMA IRQ c0=0
DMA IRQ c1=0
DMA IRQ c2=1
DMA IRQ c3=0
SELECT busy=1652
SELECT w0=1654
SELECT w1=998
SELECT w2=1004
BUSY TASK ewma=997
DMA IRQ c0=0
DMA IRQ c1=0
DMA IRQ c2=1
DMA IRQ c3=0
SELECT busy=1676
SELECT w0=1676
SELECT w1=1013
SELECT w2=1026
BUSY TASK ewma=997
DMA IRQ c0=0
DMA IRQ c1=0
DMA IRQ c2=1
DMA IRQ c3=0
SELECT busy=1703
SELECT w0=1705
SELECT w1=1032
SELECT w2=1045
BUSY TASK ewma=997
DMA IRQ c0=0
DMA IRQ c1=0
DMA IRQ c2=1
DMA IRQ c3=0
SELECT busy=1725
SELECT w0=1726
SELECT w1=1044
SELECT w2=1057
BUSY TASK ewma=997
DMA IRQ c0=0
DMA IRQ c1=0
DMA IRQ c2=1
DMA IRQ c3=0
SELECT busy=1748
SELECT w0=1747
SELECT w1=1051
SELECT w2=1066
BUSY TASK ewma=997
DMA IRQ c0=0
DMA IRQ c1=0
DMA IRQ c2=1
DMA IRQ c3=0
SELECT busy=1770
SELECT w0=1771
SELECT w1=1062
SELECT w2=1078
BUSY TASK ewma=997
DMA IRQ c0=0
DMA IRQ c1=0
DMA IRQ c2=1
DMA IRQ c3=0
SELECT busy=1793
SELECT w0=1793
SELECT w1=1074
SELECT w2=1087
BUSY TASK ewma=997
DMA IRQ c0=0
DMA IRQ c1=0
DMA IRQ c2=1
DMA IRQ c3=0
SELECT busy=1816
SELECT w0=1815
SELECT w1=1084
SELECT w2=1097
BUSY TASK ewma=997
DMA IRQ c0=0
DMA IRQ c1=0
DMA IRQ c2=1
DMA IRQ c3=0
SELECT busy=1839
SELECT w0=1839
SELECT w1=1099
SELECT w2=1109
BUSY TASK ewma=997
DMA IRQ c0=0
DMA IRQ c1=0
DMA IRQ c2=1
DMA IRQ c3=0
SELECT busy=1867
SELECT w0=1867
SELECT w1=1114
SELECT w2=1131
BUSY TASK ewma=997
DMA IRQ c0=0
DMA IRQ c1=0
DMA IRQ c2=1
DMA IRQ c3=0
SELECT busy=1901
SELECT w0=1902
SELECT w1=1134
SELECT w2=1153
BUSY TASK ewma=997
DMA IRQ c0=0
DMA IRQ c1=0
DMA IRQ c2=1
DMA IRQ c3=0
SELECT busy=1933
SELECT w0=1933
SELECT w1=1153
SELECT w2=1175
BUSY TASK ewma=997
DMA IRQ c0=0
DMA IRQ c1=0
DMA IRQ c2=1
DMA IRQ c3=0
SELECT busy=1968
SELECT w0=1968
SELECT w1=1171
SELECT w2=1194
BUSY TASK ewma=997
DMA IRQ c0=0
DMA IRQ c1=0
DMA IRQ c2=1
DMA IRQ c3=0
SELECT busy=1989
SELECT w0=1989
SELECT w1=1183
SELECT w2=1205
BUSY TASK ewma=997
DMA IRQ c0=0
DMA IRQ c1=0
DMA IRQ c2=1
DMA IRQ c3=0
SELECT busy=2014
SELECT w0=2015
SELECT w1=1198
SELECT w2=1217
BUSY TASK ewma=997
DMA IRQ c0=0
DMA IRQ c1=0
DMA IRQ c2=1
DMA IRQ c3=0
SELECT busy=2041
SELECT w0=2041
SELECT w1=1215
SELECT w2=1238
BUSY TASK ewma=997
DMA IRQ c0=0
DMA IRQ c1=0
DMA IRQ c2=1
DMA IRQ c3=0
SELECT busy=2065
SELECT w0=2065
SELECT w1=1228
SELECT w2=1252
BUSY TASK ewma=997
DMA IRQ c0=0
DMA IRQ c1=0
DMA IRQ c2=1
DMA IRQ c3=0
SELECT busy=2088
SELECT w0=2087
SELECT w1=1237
SELECT w2=1259
BUSY TASK ewma=997
DMA IRQ c0=0
DMA IRQ c1=0
DMA IRQ c2=1
DMA IRQ c3=0
SELECT busy=2106
SELECT w0=2106
SELECT w1=1249
SELECT w2=1274
BUSY TASK ewma=997
DMA IRQ c0=0
DMA IRQ c1=0
DMA IRQ c2=1
DMA IRQ c3=0
SELECT busy=2127
SELECT w0=2127
SELECT w1=1262
SELECT w2=1290
BUSY TASK ewma=997
DMA IRQ c0=0
DMA IRQ c1=0
DMA IRQ c2=1
DMA IRQ c3=0
SELECT busy=2152
SELECT w0=2151
SELECT w1=1280
SELECT w2=1308
BUSY TASK ewma=997
DMA IRQ c0=0
DMA IRQ c1=0
DMA IRQ c2=1
DMA IRQ c3=0
SELECT busy=2168
SELECT w0=2168
SELECT w1=1291
SELECT w2=1318
BUSY TASK ewma=997
DMA IRQ c0=0
DMA IRQ c1=0
DMA IRQ c2=1
DMA IRQ c3=0
SELECT busy=2182
SELECT w0=2181
SELECT w1=1298
SELECT w2=1326
BUSY TASK ewma=997
DMA IRQ c0=0
DMA IRQ c1=0
DMA IRQ c2=1
DMA IRQ c3=0
SELECT busy=2203
SELECT w0=2203
SELECT w1=1310
SELECT w2=1341
BUSY TASK ewma=997
DMA IRQ c0=0
DMA IRQ c1=0
DMA IRQ c2=1
DMA IRQ c3=0
SELECT busy=2228
SELECT w0=2228
SELECT w1=1332
SELECT w2=1359
BUSY TASK ewma=997
DMA IRQ c0=0
DMA IRQ c1=0
DMA IRQ c2=1
DMA IRQ c3=0
SELECT busy=2256
SELECT w0=2255
SELECT w1=1346
SELECT w2=1372
BUSY TASK ewma=997
DMA IRQ c0=0
DMA IRQ c1=0
DMA IRQ c2=1
DMA IRQ c3=0
SELECT busy=2273
SELECT w0=2273
SELECT w1=1353
SELECT w2=1379
BUSY TASK ewma=997
DMA IRQ c0=0
DMA IRQ c1=0
DMA IRQ c2=1
DMA IRQ c3=0
SELECT busy=2296
SELECT w0=2296
SELECT w1=1369
SELECT w2=1396
BUSY TASK ewma=997
DMA IRQ c0=0
DMA IRQ c1=0
DMA IRQ c2=1
DMA IRQ c3=0
SELECT busy=2336
SELECT w0=2335
SELECT w1=1392
SELECT w2=1413
BUSY TASK ewma=997
DMA IRQ c0=0
DMA IRQ c1=0
DMA IRQ c2=1
DMA IRQ c3=0
SELECT busy=2359
SELECT w0=2359
SELECT w1=1413
SELECT w2=1434
BUSY TASK ewma=997
DMA IRQ c0=0
DMA IRQ c1=0
DMA IRQ c2=1
DMA IRQ c3=0
SELECT busy=2382
SELECT w0=2383
SELECT w1=1427
SELECT w2=1447
BUSY TASK ewma=997
DMA IRQ c0=0
DMA IRQ c1=0
DMA IRQ c2=1
DMA IRQ c3=0
SELECT busy=2415
SELECT w0=2414
SELECT w1=1447
SELECT w2=1460
BUSY TASK ewma=997
DMA IRQ c0=0
DMA IRQ c1=0
DMA IRQ c2=1
DMA IRQ c3=0
SELECT busy=2440
SELECT w0=2440
SELECT w1=1461
SELECT w2=1471
BUSY TASK ewma=997
DMA IRQ c0=0
DMA IRQ c1=0
DMA IRQ c2=1
DMA IRQ c3=0
SELECT busy=2459
SELECT w0=2458
SELECT w1=1467
SELECT w2=1478
BUSY TASK ewma=997
DMA IRQ c0=0
DMA IRQ c1=0
DMA IRQ c2=1
DMA IRQ c3=0
SELECT busy=2485
SELECT w0=2485
SELECT w1=1494
SELECT w2=1499
BUSY TASK ewma=997
DMA IRQ c0=0
DMA IRQ c1=0
DMA IRQ c2=1
DMA IRQ c3=0
SELECT busy=2508
SELECT w0=2507
SELECT w1=1504
SELECT w2=1507
BUSY TASK ewma=997
DMA IRQ c0=0
DMA IRQ c1=0
DMA IRQ c2=1
DMA IRQ c3=0
SELECT busy=2520
SELECT w0=2520
SELECT w1=1513
SELECT w2=1514
BUSY TASK ewma=997
DMA IRQ c0=0
DMA IRQ c1=0
DMA IRQ c2=1
DMA IRQ c3=0
SELECT busy=2545
SELECT w0=2545
SELECT w1=1529
SELECT w2=1536
BUSY TASK ewma=997
DMA IRQ c0=0
DMA IRQ c1=0
DMA IRQ c2=1
DMA IRQ c3=0
SELECT busy=2568
SELECT w0=2569
SELECT w1=1545
SELECT w2=1555
BUSY TASK ewma=997
DMA IRQ c0=0
DMA IRQ c1=0
DMA IRQ c2=1
DMA IRQ c3=0
SELECT busy=2592
SELECT w0=2592
SELECT w1=1558
SELECT w2=1569
BUSY TASK ewma=997
DMA IRQ c0=0
DMA IRQ c1=0
DMA IRQ c2=1
DMA IRQ c3=0
SELECT busy=2618
SELECT w0=2617
SELECT w1=1571
SELECT w2=1583
BUSY TASK ewma=997
DMA IRQ c0=0
DMA IRQ c1=0
DMA IRQ c2=1
DMA IRQ c3=0
SELECT busy=2638
SELECT w0=2639
SELECT w1=1586
SELECT w2=1596
BUSY TASK ewma=997
DMA IRQ c0=0
DMA IRQ c1=0
DMA IRQ c2=1
DMA IRQ c3=0
SELECT busy=2663
SELECT w0=2665
SELECT w1=1605
SELECT w2=1614
BUSY TASK ewma=997
DMA IRQ c0=0
DMA IRQ c1=0
DMA IRQ c2=1
DMA IRQ c3=0
SELECT busy=2683
SELECT w0=2682
SELECT w1=1612
SELECT w2=1621
BUSY TASK ewma=997
DMA IRQ c0=0
DMA IRQ c1=0
DMA IRQ c2=1
DMA IRQ c3=0
SELECT busy=2705
SELECT w0=2706
SELECT w1=1628
SELECT w2=1636
BUSY TASK ewma=997
DMA IRQ c0=0
DMA IRQ c1=0
DMA IRQ c2=1
DMA IRQ c3=0
SELECT busy=2729
SELECT w0=2728
SELECT w1=1644
SELECT w2=1646
BUSY TASK ewma=997
DMA IRQ c0=0
DMA IRQ c1=0
DMA IRQ c2=1
DMA IRQ c3=0
SELECT busy=2751
SELECT w0=2750
SELECT w1=1661
SELECT w2=1658
BUSY TASK ewma=997
DMA IRQ c0=0
DMA IRQ c1=0
DMA IRQ c2=1
DMA IRQ c3=0
SELECT busy=2773
SELECT w0=2775
SELECT w1=1677
SELECT w2=1675
BUSY TASK ewma=997
DMA IRQ c0=0
DMA IRQ c1=0
DMA IRQ c2=1
DMA IRQ c3=0
SELECT busy=2793
SELECT w0=2793
SELECT w1=1686
SELECT w2=1685
BUSY TASK ewma=997
DMA IRQ c0=0
DMA IRQ c1=0
DMA IRQ c2=1
DMA IRQ c3=0
SELECT busy=2807
SELECT w0=2807
SELECT w1=1694
SELECT w2=1693
BUSY TASK ewma=997
DMA IRQ c0=0
DMA IRQ c1=0
DMA IRQ c2=1
DMA IRQ c3=0
SELECT busy=2822
SELECT w0=2821
SELECT w1=1702
SELECT w2=1701
BUSY TASK ewma=997
DMA IRQ c0=0
DMA IRQ c1=0
DMA IRQ c2=1
DMA IRQ c3=0
SELECT busy=2838
SELECT w0=2838
SELECT w1=1713
SELECT w2=1715
BUSY TASK ewma=997
DMA IRQ c0=0
DMA IRQ c1=0
DMA IRQ c2=1
DMA IRQ c3=0
SELECT busy=2864
SELECT w0=2863
SELECT w1=1725
SELECT w2=1726
BUSY TASK ewma=997
DMA IRQ c0=0
DMA IRQ c1=0
DMA IRQ c2=1
DMA IRQ c3=0
SELECT busy=2884
SELECT w0=2883
SELECT w1=1736
SELECT w2=1738
BUSY TASK ewma=997
DMA IRQ c0=0
DMA IRQ c1=0
DMA IRQ c2=1
DMA IRQ c3=0
SELECT busy=2908
SELECT w0=2908
SELECT w1=1749
SELECT w2=1753
BUSY TASK ewma=997
IRQ counts: cpu0=5865 cpu1=7177 cpu2=7162 cpu3=7133
SCHED secondaries: calls=21474 unexpected=0
SECTEST switches=21429 cpu1=87291095,88680246 cpu2=67783851,67797690 cpu3=94489333,89998870
PINGPONG rounds=1108 pongs=1109
DMA IRQ c0=0
DMA IRQ c1=0
DMA IRQ c2=1
DMA IRQ c3=0
SELECT busy=2945
SELECT w0=2945
SELECT w1=1772
SELECT w2=1776
BUSY TASK ewma=997
DMA IRQ c0=0
DMA IRQ c1=0
DMA IRQ c2=1
DMA IRQ c3=0
SELECT busy=2966
SELECT w0=2965
SELECT w1=1781
SELECT w2=1785
BUSY TASK ewma=997
DMA IRQ c0=0
DMA IRQ c1=0
DMA IRQ c2=1
DMA IRQ c3=0
SELECT busy=2990
SELECT w0=2990
SELECT w1=1793
SELECT w2=1798
BUSY TASK ewma=997
DMA IRQ c0=0
DMA IRQ c1=0
DMA IRQ c2=1
DMA IRQ c3=0
SELECT busy=3008
SELECT w0=3008
SELECT w1=1800
SELECT w2=1807
BUSY TASK ewma=997
DMA IRQ c0=0
DMA IRQ c1=0
DMA IRQ c2=1
DMA IRQ c3=0
SELECT busy=3026
SELECT w0=3026
SELECT w1=1811
SELECT w2=1820
BUSY TASK ewma=997
DMA IRQ c0=0
DMA IRQ c1=0
DMA IRQ c2=1
DMA IRQ c3=0
SELECT busy=3051
SELECT w0=3050
SELECT w1=1828
SELECT w2=1831
BUSY TASK ewma=997
DMA IRQ c0=0
DMA IRQ c1=0
DMA IRQ c2=1
DMA IRQ c3=0
SELECT busy=3075
SELECT w0=3075
SELECT w1=1842
SELECT w2=1844
BUSY TASK ewma=997
DMA IRQ c0=0
DMA IRQ c1=0
DMA IRQ c2=1
DMA IRQ c3=0
SELECT busy=3100
SELECT w0=3100
SELECT w1=1859
SELECT w2=1862
BUSY TASK ewma=997
DMA IRQ c0=0
DMA IRQ c1=0
DMA IRQ c2=1
DMA IRQ c3=0
SELECT busy=3129
SELECT w0=3129
SELECT w1=1875
SELECT w2=1886
BUSY TASK ewma=997
DMA IRQ c0=0
DMA IRQ c1=0
DMA IRQ c2=1
DMA IRQ c3=0
SELECT busy=3153
SELECT w0=3152
SELECT w1=1885
SELECT w2=1896
BUSY TASK ewma=997
DMA IRQ c0=0
DMA IRQ c1=0
DMA IRQ c2=1
DMA IRQ c3=0
SELECT busy=3170
SELECT w0=3169
SELECT w1=1892
SELECT w2=1904
BUSY TASK ewma=997
DMA IRQ c0=0
DMA IRQ c1=0
DMA IRQ c2=1
DMA IRQ c3=0
SELECT busy=3195
SELECT w0=3194
SELECT w1=1905
SELECT w2=1917
BUSY TASK ewma=997
DMA IRQ c0=0
DMA IRQ c1=0
DMA IRQ c2=1
DMA IRQ c3=0
SELECT busy=3230
SELECT w0=3230
SELECT w1=1923
SELECT w2=1935
BUSY TASK ewma=997
DMA IRQ c0=0
DMA IRQ c1=0
DMA IRQ c2=1
DMA IRQ c3=0
SELECT busy=3256
SELECT w0=3255
SELECT w1=1939
SELECT w2=1952
BUSY TASK ewma=997
DMA IRQ c0=0
DMA IRQ c1=0
DMA IRQ c2=1
DMA IRQ c3=0
SELECT busy=3280
SELECT w0=3280
SELECT w1=1955
SELECT w2=1965
BUSY TASK ewma=997
DMA IRQ c0=0
DMA IRQ c1=0
DMA IRQ c2=1
DMA IRQ c3=0
SELECT busy=3298
SELECT w0=3297
SELECT w1=1964
SELECT w2=1971
BUSY TASK ewma=997
DMA IRQ c0=0
DMA IRQ c1=0
DMA IRQ c2=1
DMA IRQ c3=0
SELECT busy=3316
SELECT w0=3315
SELECT w1=1970
SELECT w2=1980
BUSY TASK ewma=997
DMA IRQ c0=0
DMA IRQ c1=0
DMA IRQ c2=1
DMA IRQ c3=0
SELECT busy=3335
SELECT w0=3335
SELECT w1=1988
SELECT w2=1993
BUSY TASK ewma=997
DMA IRQ c0=0
DMA IRQ c1=0
DMA IRQ c2=1
DMA IRQ c3=0
SELECT busy=3353
SELECT w0=3353
SELECT w1=1996
SELECT w2=2000
BUSY TASK ewma=997
DMA IRQ c0=0
DMA IRQ c1=0
DMA IRQ c2=1
DMA IRQ c3=0
SELECT busy=3375
SELECT w0=3376
SELECT w1=2009
SELECT w2=2014
BUSY TASK ewma=997
DMA IRQ c0=0
DMA IRQ c1=0
DMA IRQ c2=1
DMA IRQ c3=0
SELECT busy=3402
SELECT w0=3402
SELECT w1=2028
SELECT w2=2034
BUSY TASK ewma=997
DMA IRQ c0=0
DMA IRQ c1=0
DMA IRQ c2=1
DMA IRQ c3=0
SELECT busy=3426
SELECT w0=3425
SELECT w1=2039
SELECT w2=2046
BUSY TASK ewma=997
DMA IRQ c0=0
DMA IRQ c1=0
DMA IRQ c2=1
DMA IRQ c3=0
SELECT busy=3450
SELECT w0=3450
SELECT w1=2055
SELECT w2=2065
qemu-system-aarch64: terminating on signal 15 from pid 229262 (timeout)
