P4 M7: full integration test boot OK
CPU0: MPIDR_EL1=0x0000000080000000
CPU0: psci_cpu_on target=1 rc=0
CPU1: alive, MPIDR_EL1=0x0000000080000001 this_cpu()->cpu_id=1
CPU0: psci_cpu_on target=2 rc=0
CPU2: alive, MPIDR_EL1=0x0000000080000002 this_cpu()->cpu_id=2
CPU0: psci_cpu_on target=3 rc=0
CPU3: alive, MPIDR_EL1=0x0000000080000003 this_cpu()->cpu_id=3
CPUs online: 4
DMA IRQ target cpu=2
D2b: worker 2 runs on CPU2
D2b: worker 1 runs on CPU1
D2b: worker 0 runs on CPU0
P4 M7: worker submitted cmd_id=1
P4 M7: worker submitted cmd_id=2
P4 M7: worker submitted cmd_id=3
BUSY TASK ewma=958
DMA IRQ c0=0
DMA IRQ c1=0
DMA IRQ c2=0
DMA IRQ c3=0
SELECT busy=15
SELECT w0=3
SELECT w1=4
SELECT w2=4
BUSY TASK ewma=997
P4 M7: worker DATA OK, cmd_id=1
P4 M7: worker DATA OK, cmd_id=2
WORKER ewma=759
WORKER ewma=759
P4 M7: worker DATA OK, cmd_id=3
WORKER ewma=759
DMA IRQ c0=0
DMA IRQ c1=0
DMA IRQ c2=1
DMA IRQ c3=0
SELECT busy=38
SELECT w0=23
SELECT w1=46
SELECT w2=60
BUSY TASK ewma=997
DMA IRQ c0=0
DMA IRQ c1=0
DMA IRQ c2=1
DMA IRQ c3=0
SELECT busy=52
SELECT w0=36
SELECT w1=67
SELECT w2=80
BUSY TASK ewma=997
DMA IRQ c0=0
DMA IRQ c1=0
DMA IRQ c2=1
DMA IRQ c3=0
SELECT busy=66
SELECT w0=51
SELECT w1=88
SELECT w2=103
BUSY TASK ewma=997
DMA IRQ c0=0
DMA IRQ c1=0
DMA IRQ c2=1
DMA IRQ c3=0
SELECT busy=96
SELECT w0=80
SELECT w1=114
SELECT w2=127
BUSY TASK ewma=997
DMA IRQ c0=0
DMA IRQ c1=0
DMA IRQ c2=1
DMA IRQ c3=0
SELECT busy=113
SELECT w0=97
SELECT w1=117
SELECT w2=131
BUSY TASK ewma=997
DMA IRQ c0=0
DMA IRQ c1=0
DMA IRQ c2=1
DMA IRQ c3=0
SELECT busy=132
SELECT w0=118
SELECT w1=131
SELECT w2=150
BUSY TASK ewma=997
DMA IRQ c0=0
DMA IRQ c1=0
DMA IRQ c2=1
DMA IRQ c3=0
SELECT busy=162
SELECT w0=146
SELECT w1=142
SELECT w2=167
BUSY TASK ewma=997
DMA IRQ c0=0
DMA IRQ c1=0
DMA IRQ c2=1
DMA IRQ c3=0
SELECT busy=179
SELECT w0=164
SELECT w1=151
SELECT w2=177
BUSY TASK ewma=997
DMA IRQ c0=0
DMA IRQ c1=0
DMA IRQ c2=1
DMA IRQ c3=0
SELECT busy=197
SELECT w0=182
SELECT w1=161
SELECT w2=189
BUSY TASK ewma=997
DMA IRQ c0=0
DMA IRQ c1=0
DMA IRQ c2=1
DMA IRQ c3=0
SELECT busy=214
SELECT w0=199
SELECT w1=168
SELECT w2=197
BUSY TASK ewma=997
DMA IRQ c0=0
DMA IRQ c1=0
DMA IRQ c2=1
DMA IRQ c3=0
SELECT busy=241
SELECT w0=228
SELECT w1=186
SELECT w2=221
BUSY TASK ewma=997
DMA IRQ c0=0
DMA IRQ c1=0
DMA IRQ c2=1
DMA IRQ c3=0
SELECT busy=268
SELECT w0=253
SELECT w1=199
SELECT w2=235
BUSY TASK ewma=997
DMA IRQ c0=0
DMA IRQ c1=0
DMA IRQ c2=1
DMA IRQ c3=0
SELECT busy=294
SELECT w0=279
SELECT w1=216
SELECT w2=253
BUSY TASK ewma=997
DMA IRQ c0=0
DMA IRQ c1=0
DMA IRQ c2=1
DMA IRQ c3=0
SELECT busy=316
SELECT w0=301
SELECT w1=228
SELECT w2=267
BUSY TASK ewma=997
DMA IRQ c0=0
DMA IRQ c1=0
DMA IRQ c2=1
DMA IRQ c3=0
SELECT busy=331
SELECT w0=316
SELECT w1=238
SELECT w2=275
BUSY TASK ewma=997
DMA IRQ c0=0
DMA IRQ c1=0
DMA IRQ c2=1
DMA IRQ c3=0
SELECT busy=354
SELECT w0=340
SELECT w1=258
SELECT w2=292
BUSY TASK ewma=997
DMA IRQ c0=0
DMA IRQ c1=0
DMA IRQ c2=1
DMA IRQ c3=0
SELECT busy=389
SELECT w0=374
SELECT w1=278
SELECT w2=313
BUSY TASK ewma=997
DMA IRQ c0=0
DMA IRQ c1=0
DMA IRQ c2=1
DMA IRQ c3=0
SELECT busy=410
SELECT w0=394
SELECT w1=287
SELECT w2=319
BUSY TASK ewma=997
DMA IRQ c0=0
DMA IRQ c1=0
DMA IRQ c2=1
DMA IRQ c3=0
SELECT busy=440
SELECT w0=425
SELECT w1=306
SELECT w2=336
BUSY TASK ewma=997
DMA IRQ c0=0
DMA IRQ c1=0
DMA IRQ c2=1
DMA IRQ c3=0
SELECT busy=462
SELECT w0=446
SELECT w1=327
SELECT w2=351
BUSY TASK ewma=997
DMA IRQ c0=0
DMA IRQ c1=0
DMA IRQ c2=1
DMA IRQ c3=0
SELECT busy=486
SELECT w0=470
SELECT w1=340
SELECT w2=358
BUSY TASK ewma=997
DMA IRQ c0=0
DMA IRQ c1=0
DMA IRQ c2=1
DMA IRQ c3=0
SELECT busy=505
SELECT w0=489
SELECT w1=353
SELECT w2=371
BUSY TASK ewma=997
DMA IRQ c0=0
DMA IRQ c1=0
DMA IRQ c2=1
DMA IRQ c3=0
SELECT busy=523
SELECT w0=507
SELECT w1=363
SELECT w2=382
BUSY TASK ewma=997
DMA IRQ c0=0
DMA IRQ c1=0
DMA IRQ c2=1
DMA IRQ c3=0
SELECT busy=542
SELECT w0=526
SELECT w1=368
SELECT w2=387
BUSY TASK ewma=997
DMA IRQ c0=0
DMA IRQ c1=0
DMA IRQ c2=1
DMA IRQ c3=0
SELECT busy=561
SELECT w0=545
SELECT w1=374
SELECT w2=393
BUSY TASK ewma=997
DMA IRQ c0=0
DMA IRQ c1=0
DMA IRQ c2=1
DMA IRQ c3=0
SELECT busy=577
SELECT w0=561
SELECT w1=383
SELECT w2=403
BUSY TASK ewma=997
DMA IRQ c0=0
DMA IRQ c1=0
DMA IRQ c2=1
DMA IRQ c3=0
SELECT busy=612
SELECT w0=596
SELECT w1=400
SELECT w2=423
BUSY TASK ewma=997
DMA IRQ c0=0
DMA IRQ c1=0
DMA IRQ c2=1
DMA IRQ c3=0
SELECT busy=628
SELECT w0=612
SELECT w1=412
SELECT w2=432
BUSY TASK ewma=997
DMA IRQ c0=0
DMA IRQ c1=0
DMA IRQ c2=1
DMA IRQ c3=0
SELECT busy=650
SELECT w0=635
SELECT w1=433
SELECT w2=447
BUSY TASK ewma=997
DMA IRQ c0=0
DMA IRQ c1=0
DMA IRQ c2=1
DMA IRQ c3=0
SELECT busy=672
SELECT w0=657
SELECT w1=448
SELECT w2=460
BUSY TASK ewma=997
DMA IRQ c0=0
DMA IRQ c1=0
DMA IRQ c2=1
DMA IRQ c3=0
SELECT busy=692
SELECT w0=677
SELECT w1=458
SELECT w2=468
BUSY TASK ewma=997
DMA IRQ c0=0
DMA IRQ c1=0
DMA IRQ c2=1
DMA IRQ c3=0
SELECT busy=713
SELECT w0=698
SELECT w1=471
SELECT w2=483
BUSY TASK ewma=997
DMA IRQ c0=0
DMA IRQ c1=0
DMA IRQ c2=1
DMA IRQ c3=0
SELECT busy=736
SELECT w0=720
SELECT w1=484
SELECT w2=500
BUSY TASK ewma=997
DMA IRQ c0=0
DMA IRQ c1=0
DMA IRQ c2=1
DMA IRQ c3=0
SELECT busy=753
SELECT w0=737
SELECT w1=491
SELECT w2=505
BUSY TASK ewma=997
DMA IRQ c0=0
DMA IRQ c1=0
DMA IRQ c2=1
DMA IRQ c3=0
SELECT busy=778
SELECT w0=766
SELECT w1=504
SELECT w2=518
BUSY TASK ewma=997
DMA IRQ c0=0
DMA IRQ c1=0
DMA IRQ c2=1
DMA IRQ c3=0
SELECT busy=797
SELECT w0=782
SELECT w1=515
SELECT w2=529
BUSY TASK ewma=997
DMA IRQ c0=0
DMA IRQ c1=0
DMA IRQ c2=1
DMA IRQ c3=0
SELECT busy=814
SELECT w0=799
SELECT w1=524
SELECT w2=542
BUSY TASK ewma=997
DMA IRQ c0=0
DMA IRQ c1=0
DMA IRQ c2=1
DMA IRQ c3=0
SELECT busy=837
SELECT w0=822
SELECT w1=539
SELECT w2=558
BUSY TASK ewma=997
DMA IRQ c0=0
DMA IRQ c1=0
DMA IRQ c2=1
DMA IRQ c3=0
SELECT busy=864
SELECT w0=848
SELECT w1=551
SELECT w2=572
BUSY TASK ewma=997
DMA IRQ c0=0
DMA IRQ c1=0
DMA IRQ c2=1
DMA IRQ c3=0
SELECT busy=889
SELECT w0=874
SELECT w1=570
SELECT w2=598
BUSY TASK ewma=997
DMA IRQ c0=0
DMA IRQ c1=0
DMA IRQ c2=1
DMA IRQ c3=0
SELECT busy=912
SELECT w0=897
SELECT w1=580
SELECT w2=610
BUSY TASK ewma=997
DMA IRQ c0=0
DMA IRQ c1=0
DMA IRQ c2=1
DMA IRQ c3=0
SELECT busy=935
SELECT w0=920
SELECT w1=590
SELECT w2=619
BUSY TASK ewma=997
DMA IRQ c0=0
DMA IRQ c1=0
DMA IRQ c2=1
DMA IRQ c3=0
SELECT busy=953
SELECT w0=937
SELECT w1=596
SELECT w2=626
BUSY TASK ewma=997
DMA IRQ c0=0
DMA IRQ c1=0
DMA IRQ c2=1
DMA IRQ c3=0
SELECT busy=967
SELECT w0=952
SELECT w1=605
SELECT w2=635
BUSY TASK ewma=997
DMA IRQ c0=0
DMA IRQ c1=0
DMA IRQ c2=1
DMA IRQ c3=0
SELECT busy=987
SELECT w0=972
SELECT w1=620
SELECT w2=648
BUSY TASK ewma=997
DMA IRQ c0=0
DMA IRQ c1=0
DMA IRQ c2=1
DMA IRQ c3=0
SELECT busy=1015
SELECT w0=1000
SELECT w1=644
SELECT w2=667
BUSY TASK ewma=997
DMA IRQ c0=0
DMA IRQ c1=0
DMA IRQ c2=1
DMA IRQ c3=0
SELECT busy=1036
SELECT w0=1021
SELECT w1=654
SELECT w2=676
BUSY TASK ewma=997
DMA IRQ c0=0
DMA IRQ c1=0
DMA IRQ c2=1
DMA IRQ c3=0
SELECT busy=1056
SELECT w0=1041
SELECT w1=666
SELECT w2=688
BUSY TASK ewma=997
DMA IRQ c0=0
DMA IRQ c1=0
DMA IRQ c2=1
DMA IRQ c3=0
SELECT busy=1083
SELECT w0=1069
SELECT w1=679
SELECT w2=701
BUSY TASK ewma=997
DMA IRQ c0=0
DMA IRQ c1=0
DMA IRQ c2=1
DMA IRQ c3=0
SELECT busy=1104
SELECT w0=1088
SELECT w1=683
SELECT w2=706
BUSY TASK ewma=997
DMA IRQ c0=0
DMA IRQ c1=0
DMA IRQ c2=1
DMA IRQ c3=0
SELECT busy=1125
SELECT w0=1110
SELECT w1=697
SELECT w2=718
BUSY TASK ewma=997
DMA IRQ c0=0
DMA IRQ c1=0
DMA IRQ c2=1
DMA IRQ c3=0
SELECT busy=1145
SELECT w0=1129
SELECT w1=705
SELECT w2=725
BUSY TASK ewma=997
DMA IRQ c0=0
DMA IRQ c1=0
DMA IRQ c2=1
DMA IRQ c3=0
SELECT busy=1171
SELECT w0=1155
SELECT w1=717
SELECT w2=737
BUSY TASK ewma=997
DMA IRQ c0=0
DMA IRQ c1=0
DMA IRQ c2=1
DMA IRQ c3=0
SELECT busy=1200
SELECT w0=1184
SELECT w1=736
SELECT w2=753
BUSY TASK ewma=997
DMA IRQ c0=0
DMA IRQ c1=0
DMA IRQ c2=1
DMA IRQ c3=0
SELECT busy=1224
SELECT w0=1208
SELECT w1=750
SELECT w2=770
BUSY TASK ewma=997
DMA IRQ c0=0
DMA IRQ c1=0
DMA IRQ c2=1
DMA IRQ c3=0
SELECT busy=1250
SELECT w0=1234
SELECT w1=764
SELECT w2=784
BUSY TASK ewma=997
DMA IRQ c0=0
DMA IRQ c1=0
DMA IRQ c2=1
DMA IRQ c3=0
SELECT busy=1271
SELECT w0=1256
SELECT w1=781
SELECT w2=799
BUSY TASK ewma=997
DMA IRQ c0=0
DMA IRQ c1=0
DMA IRQ c2=1
DMA IRQ c3=0
SELECT busy=1295
SELECT w0=1279
SELECT w1=798
SELECT w2=812
BUSY TASK ewma=997
DMA IRQ c0=0
DMA IRQ c1=0
DMA IRQ c2=1
DMA IRQ c3=0
SELECT busy=1318
SELECT w0=1304
SELECT w1=809
SELECT w2=827
BUSY TASK ewma=997
DMA IRQ c0=0
DMA IRQ c1=0
DMA IRQ c2=1
DMA IRQ c3=0
SELECT busy=1344
SELECT w0=1329
SELECT w1=820
SELECT w2=840
BUSY TASK ewma=997
DMA IRQ c0=0
DMA IRQ c1=0
DMA IRQ c2=1
DMA IRQ c3=0
SELECT busy=1361
SELECT w0=1346
SELECT w1=828
SELECT w2=845
BUSY TASK ewma=997
DMA IRQ c0=0
DMA IRQ c1=0
DMA IRQ c2=1
DMA IRQ c3=0
SELECT busy=1401
SELECT w0=1387
SELECT w1=852
SELECT w2=871
BUSY TASK ewma=997
IRQ counts: cpu0=2819 cpu1=3362 cpu2=3347 cpu3=3352
SCHED secondaries: calls=10109 unexpected=0
SECTEST switches=10076 cpu1=38774012,35897802 cpu2=30837742,30784181 cpu3=46808913,49862557
PINGPONG rounds=614 pongs=615
DMA IRQ c0=0
DMA IRQ c1=0
DMA IRQ c2=1
DMA IRQ c3=0
SELECT busy=1438
SELECT w0=1423
SELECT w1=875
SELECT w2=893
BUSY TASK ewma=997
DMA IRQ c0=0
DMA IRQ c1=0
DMA IRQ c2=1
DMA IRQ c3=0
SELECT busy=1466
SELECT w0=1451
SELECT w1=888
SELECT w2=908
BUSY TASK ewma=997
DMA IRQ c0=0
DMA IRQ c1=0
DMA IRQ c2=1
DMA IRQ c3=0
SELECT busy=1494
SELECT w0=1478
SELECT w1=902
SELECT w2=921
BUSY TASK ewma=997
DMA IRQ c0=0
DMA IRQ c1=0
DMA IRQ c2=1
DMA IRQ c3=0
SELECT busy=1527
SELECT w0=1512
SELECT w1=914
SELECT w2=934
BUSY TASK ewma=997
DMA IRQ c0=0
DMA IRQ c1=0
DMA IRQ c2=1
DMA IRQ c3=0
SELECT busy=1550
SELECT w0=1534
SELECT w1=927
SELECT w2=945
BUSY TASK ewma=997
DMA IRQ c0=0
DMA IRQ c1=0
DMA IRQ c2=1
DMA IRQ c3=0
SELECT busy=1577
SELECT w0=1562
SELECT w1=940
SELECT w2=956
BUSY TASK ewma=997
DMA IRQ c0=0
DMA IRQ c1=0
DMA IRQ c2=1
DMA IRQ c3=0
SELECT busy=1602
SELECT w0=1587
SELECT w1=955
SELECT w2=972
BUSY TASK ewma=997
DMA IRQ c0=0
DMA IRQ c1=0
DMA IRQ c2=1
DMA IRQ c3=0
SELECT busy=1629
SELECT w0=1614
SELECT w1=971
SELECT w2=985
BUSY TASK ewma=997
DMA IRQ c0=0
DMA IRQ c1=0
DMA IRQ c2=1
DMA IRQ c3=0
SELECT busy=1651
SELECT w0=1636
SELECT w1=985
SELECT w2=999
BUSY TASK ewma=997
DMA IRQ c0=0
DMA IRQ c1=0
DMA IRQ c2=1
DMA IRQ c3=0
SELECT busy=1671
SELECT w0=1655
SELECT w1=992
SELECT w2=1005
BUSY TASK ewma=997
DMA IRQ c0=0
DMA IRQ c1=0
DMA IRQ c2=1
DMA IRQ c3=0
SELECT busy=1692
SELECT w0=1677
SELECT w1=1004
SELECT w2=1021
BUSY TASK ewma=997
DMA IRQ c0=0
DMA IRQ c1=0
DMA IRQ c2=1
DMA IRQ c3=0
SELECT busy=1709
SELECT w0=1693
SELECT w1=1012
SELECT w2=1029
BUSY TASK ewma=997
DMA IRQ c0=0
DMA IRQ c1=0
DMA IRQ c2=1
DMA IRQ c3=0
SELECT busy=1725
SELECT w0=1710
SELECT w1=1019
SELECT w2=1037
BUSY TASK ewma=997
DMA IRQ c0=0
DMA IRQ c1=0
DMA IRQ c2=1
DMA IRQ c3=0
SELECT busy=1747
SELECT w0=1731
SELECT w1=1032
SELECT w2=1047
BUSY TASK ewma=997
DMA IRQ c0=0
DMA IRQ c1=0
DMA IRQ c2=1
DMA IRQ c3=0
SELECT busy=1765
SELECT w0=1750
SELECT w1=1040
SELECT w2=1056
BUSY TASK ewma=997
DMA IRQ c0=0
DMA IRQ c1=0
DMA IRQ c2=1
DMA IRQ c3=0
SELECT busy=1785
SELECT w0=1770
SELECT w1=1053
SELECT w2=1072
BUSY TASK ewma=997
DMA IRQ c0=0
DMA IRQ c1=0
DMA IRQ c2=1
DMA IRQ c3=0
SELECT busy=1807
SELECT w0=1792
SELECT w1=1066
SELECT w2=1083
BUSY TASK ewma=997
DMA IRQ c0=0
DMA IRQ c1=0
DMA IRQ c2=1
DMA IRQ c3=0
SELECT busy=1832
SELECT w0=1818
SELECT w1=1078
SELECT w2=1097
BUSY TASK ewma=997
DMA IRQ c0=0
DMA IRQ c1=0
DMA IRQ c2=1
DMA IRQ c3=0
SELECT busy=1860
SELECT w0=1847
SELECT w1=1094
SELECT w2=1120
BUSY TASK ewma=997
DMA IRQ c0=0
DMA IRQ c1=0
DMA IRQ c2=1
DMA IRQ c3=0
SELECT busy=1882
SELECT w0=1868
SELECT w1=1104
SELECT w2=1132
BUSY TASK ewma=997
DMA IRQ c0=0
DMA IRQ c1=0
DMA IRQ c2=1
DMA IRQ c3=0
SELECT busy=1908
SELECT w0=1893
SELECT w1=1118
SELECT w2=1146
BUSY TASK ewma=997
DMA IRQ c0=0
DMA IRQ c1=0
DMA IRQ c2=1
DMA IRQ c3=0
SELECT busy=1933
SELECT w0=1917
SELECT w1=1130
SELECT w2=1158
BUSY TASK ewma=997
DMA IRQ c0=0
DMA IRQ c1=0
DMA IRQ c2=1
DMA IRQ c3=0
SELECT busy=1950
SELECT w0=1934
SELECT w1=1138
SELECT w2=1169
BUSY TASK ewma=997
DMA IRQ c0=0
DMA IRQ c1=0
DMA IRQ c2=1
DMA IRQ c3=0
SELECT busy=1972
SELECT w0=1957
SELECT w1=1154
SELECT w2=1183
BUSY TASK ewma=997
DMA IRQ c0=0
DMA IRQ c1=0
DMA IRQ c2=1
DMA IRQ c3=0
SELECT busy=1996
SELECT w0=1981
SELECT w1=1170
SELECT w2=1200
BUSY TASK ewma=997
DMA IRQ c0=0
DMA IRQ c1=0
DMA IRQ c2=1
DMA IRQ c3=0
SELECT busy=2025
SELECT w0=2012
SELECT w1=1188
SELECT w2=1219
BUSY TASK ewma=997
DMA IRQ c0=0
DMA IRQ c1=0
DMA IRQ c2=1
DMA IRQ c3=0
SELECT busy=2045
SELECT w0=2029
SELECT w1=1194
SELECT w2=1228
BUSY TASK ewma=997
DMA IRQ c0=0
DMA IRQ c1=0
DMA IRQ c2=1
DMA IRQ c3=0
SELECT busy=2066
SELECT w0=2050
SELECT w1=1204
SELECT w2=1236
BUSY TASK ewma=997
DMA IRQ c0=0
DMA IRQ c1=0
DMA IRQ c2=1
DMA IRQ c3=0
SELECT busy=2086
SELECT w0=2071
SELECT w1=1215
SELECT w2=1251
BUSY TASK ewma=997
DMA IRQ c0=0
DMA IRQ c1=0
DMA IRQ c2=1
DMA IRQ c3=0
SELECT busy=2108
SELECT w0=2092
SELECT w1=1222
SELECT w2=1258
BUSY TASK ewma=997
DMA IRQ c0=0
DMA IRQ c1=0
DMA IRQ c2=1
DMA IRQ c3=0
SELECT busy=2138
SELECT w0=2126
SELECT w1=1241
SELECT w2=1279
BUSY TASK ewma=997
DMA IRQ c0=0
DMA IRQ c1=0
DMA IRQ c2=1
DMA IRQ c3=0
SELECT busy=2160
SELECT w0=2144
SELECT w1=1247
SELECT w2=1284
BUSY TASK ewma=997
DMA IRQ c0=0
DMA IRQ c1=0
DMA IRQ c2=1
DMA IRQ c3=0
SELECT busy=2179
SELECT w0=2163
SELECT w1=1253
SELECT w2=1291
BUSY TASK ewma=997
DMA IRQ c0=0
DMA IRQ c1=0
DMA IRQ c2=1
DMA IRQ c3=0
SELECT busy=2204
SELECT w0=2189
SELECT w1=1267
SELECT w2=1307
BUSY TASK ewma=997
DMA IRQ c0=0
DMA IRQ c1=0
DMA IRQ c2=1
DMA IRQ c3=0
SELECT busy=2236
SELECT w0=2221
SELECT w1=1293
SELECT w2=1327
BUSY TASK ewma=997
DMA IRQ c0=0
DMA IRQ c1=0
DMA IRQ c2=1
DMA IRQ c3=0
SELECT busy=2255
SELECT w0=2240
SELECT w1=1307
SELECT w2=1336
BUSY TASK ewma=997
DMA IRQ c0=0
DMA IRQ c1=0
DMA IRQ c2=1
DMA IRQ c3=0
SELECT busy=2274
SELECT w0=2258
SELECT w1=1316
SELECT w2=1346
BUSY TASK ewma=997
DMA IRQ c0=0
DMA IRQ c1=0
DMA IRQ c2=1
DMA IRQ c3=0
SELECT busy=2295
SELECT w0=2279
SELECT w1=1325
SELECT w2=1355
BUSY TASK ewma=997
DMA IRQ c0=0
DMA IRQ c1=0
DMA IRQ c2=1
DMA IRQ c3=0
SELECT busy=2311
SELECT w0=2296
SELECT w1=1335
SELECT w2=1364
BUSY TASK ewma=997
DMA IRQ c0=0
DMA IRQ c1=0
DMA IRQ c2=1
DMA IRQ c3=0
SELECT busy=2341
SELECT w0=2325
SELECT w1=1350
SELECT w2=1379
BUSY TASK ewma=997
DMA IRQ c0=0
DMA IRQ c1=0
DMA IRQ c2=1
DMA IRQ c3=0
SELECT busy=2360
SELECT w0=2345
SELECT w1=1360
SELECT w2=1390
BUSY TASK ewma=997
DMA IRQ c0=0
DMA IRQ c1=0
DMA IRQ c2=1
DMA IRQ c3=0
SELECT busy=2381
SELECT w0=2366
SELECT w1=1376
SELECT w2=1401
BUSY TASK ewma=997
DMA IRQ c0=0
DMA IRQ c1=0
DMA IRQ c2=1
DMA IRQ c3=0
SELECT busy=2396
SELECT w0=2380
SELECT w1=1381
SELECT w2=1406
BUSY TASK ewma=997
DMA IRQ c0=0
DMA IRQ c1=0
DMA IRQ c2=1
DMA IRQ c3=0
SELECT busy=2406
SELECT w0=2393
SELECT w1=1389
SELECT w2=1415
BUSY TASK ewma=997
DMA IRQ c0=0
DMA IRQ c1=0
DMA IRQ c2=1
DMA IRQ c3=0
SELECT busy=2437
SELECT w0=2422
SELECT w1=1409
SELECT w2=1439
BUSY TASK ewma=997
DMA IRQ c0=0
DMA IRQ c1=0
DMA IRQ c2=1
DMA IRQ c3=0
SELECT busy=2455
SELECT w0=2439
SELECT w1=1417
SELECT w2=1446
BUSY TASK ewma=997
DMA IRQ c0=0
DMA IRQ c1=0
DMA IRQ c2=1
DMA IRQ c3=0
SELECT busy=2482
SELECT w0=2467
SELECT w1=1430
SELECT w2=1460
BUSY TASK ewma=997
DMA IRQ c0=0
DMA IRQ c1=0
DMA IRQ c2=1
DMA IRQ c3=0
SELECT busy=2506
SELECT w0=2490
SELECT w1=1444
SELECT w2=1470
BUSY TASK ewma=997
DMA IRQ c0=0
DMA IRQ c1=0
DMA IRQ c2=1
DMA IRQ c3=0
SELECT busy=2528
SELECT w0=2512
SELECT w1=1455
SELECT w2=1483
BUSY TASK ewma=997
DMA IRQ c0=0
DMA IRQ c1=0
DMA IRQ c2=1
DMA IRQ c3=0
SELECT busy=2544
SELECT w0=2528
SELECT w1=1463
SELECT w2=1493
BUSY TASK ewma=997
DMA IRQ c0=0
DMA IRQ c1=0
DMA IRQ c2=1
DMA IRQ c3=0
SELECT busy=2560
SELECT w0=2547
SELECT w1=1482
SELECT w2=1507
BUSY TASK ewma=997
DMA IRQ c0=0
DMA IRQ c1=0
DMA IRQ c2=1
DMA IRQ c3=0
SELECT busy=2591
SELECT w0=2575
SELECT w1=1494
SELECT w2=1523
BUSY TASK ewma=997
DMA IRQ c0=0
DMA IRQ c1=0
DMA IRQ c2=1
DMA IRQ c3=0
SELECT busy=2615
SELECT w0=2599
SELECT w1=1506
SELECT w2=1535
BUSY TASK ewma=997
DMA IRQ c0=0
DMA IRQ c1=0
DMA IRQ c2=1
DMA IRQ c3=0
SELECT busy=2637
SELECT w0=2622
SELECT w1=1515
SELECT w2=1545
BUSY TASK ewma=997
DMA IRQ c0=0
DMA IRQ c1=0
DMA IRQ c2=1
DMA IRQ c3=0
SELECT busy=2655
SELECT w0=2640
SELECT w1=1523
SELECT w2=1552
BUSY TASK ewma=997
DMA IRQ c0=0
DMA IRQ c1=0
DMA IRQ c2=1
DMA IRQ c3=0
SELECT busy=2673
SELECT w0=2659
SELECT w1=1533
SELECT w2=1570
BUSY TASK ewma=997
DMA IRQ c0=0
DMA IRQ c1=0
DMA IRQ c2=1
DMA IRQ c3=0
SELECT busy=2696
SELECT w0=2680
SELECT w1=1542
SELECT w2=1578
BUSY TASK ewma=997
DMA IRQ c0=0
DMA IRQ c1=0
DMA IRQ c2=1
DMA IRQ c3=0
SELECT busy=2719
SELECT w0=2708
SELECT w1=1557
SELECT w2=1593
BUSY TASK ewma=997
DMA IRQ c0=0
DMA IRQ c1=0
DMA IRQ c2=1
DMA IRQ c3=0
SELECT busy=2742
SELECT w0=2726
SELECT w1=1565
SELECT w2=1603
BUSY TASK ewma=997
DMA IRQ c0=0
DMA IRQ c1=0
DMA IRQ c2=1
DMA IRQ c3=0
SELECT busy=2766
SELECT w0=2750
SELECT w1=1588
SELECT w2=1616
BUSY TASK ewma=997
DMA IRQ c0=0
DMA IRQ c1=0
DMA IRQ c2=1
DMA IRQ c3=0
SELECT busy=2785
SELECT w0=2769
SELECT w1=1597
SELECT w2=1622
BUSY TASK ewma=997
DMA IRQ c0=0
DMA IRQ c1=0
DMA IRQ c2=1
DMA IRQ c3=0
SELECT busy=2805
SELECT w0=2789
SELECT w1=1606
SELECT w2=1632
BUSY TASK ewma=997
DMA IRQ c0=0
DMA IRQ c1=0
DMA IRQ c2=1
DMA IRQ c3=0
SELECT busy=2824
SELECT w0=2808
SELECT w1=1620
SELECT w2=1645
BUSY TASK ewma=997
DMA IRQ c0=0
DMA IRQ c1=0
DMA IRQ c2=1
DMA IRQ c3=0
SELECT busy=2845
SELECT w0=2830
SELECT w1=1633
SELECT w2=1659
BUSY TASK ewma=997
IRQ counts: cpu0=5713 cpu1=6599 cpu2=6599 cpu3=6512
SCHED secondaries: calls=19728 unexpected=0
SECTEST switches=19719 cpu1=78353446,73860748 cpu2=63073888,62472454 cpu3=91757191,94347618
PINGPONG rounds=1091 pongs=1092
DMA IRQ c0=0
DMA IRQ c1=0
DMA IRQ c2=1
DMA IRQ c3=0
SELECT busy=2887
SELECT w0=2871
SELECT w1=1664
SELECT w2=1683
BUSY TASK ewma=997
DMA IRQ c0=0
DMA IRQ c1=0
DMA IRQ c2=1
DMA IRQ c3=0
SELECT busy=2908
SELECT w0=2893
SELECT w1=1678
SELECT w2=1704
BUSY TASK ewma=997
DMA IRQ c0=0
DMA IRQ c1=0
DMA IRQ c2=1
DMA IRQ c3=0
SELECT busy=2929
SELECT w0=2914
SELECT w1=1694
SELECT w2=1721
BUSY TASK ewma=997
DMA IRQ c0=0
DMA IRQ c1=0
DMA IRQ c2=1
DMA IRQ c3=0
SELECT busy=2951
SELECT w0=2935
SELECT w1=1705
SELECT w2=1732
BUSY TASK ewma=997
DMA IRQ c0=0
DMA IRQ c1=0
DMA IRQ c2=1
DMA IRQ c3=0
SELECT busy=2965
SELECT w0=2949
SELECT w1=1712
SELECT w2=1738
BUSY TASK ewma=997
DMA IRQ c0=0
DMA IRQ c1=0
DMA IRQ c2=1
DMA IRQ c3=0
SELECT busy=2980
SELECT w0=2967
SELECT w1=1720
SELECT w2=1746
BUSY TASK ewma=997
DMA IRQ c0=0
DMA IRQ c1=0
DMA IRQ c2=1
DMA IRQ c3=0
SELECT busy=3001
SELECT w0=2986
SELECT w1=1727
SELECT w2=1754
BUSY TASK ewma=997
DMA IRQ c0=0
DMA IRQ c1=0
DMA IRQ c2=1
DMA IRQ c3=0
SELECT busy=3023
SELECT w0=3008
SELECT w1=1738
SELECT w2=1768
BUSY TASK ewma=997
DMA IRQ c0=0
DMA IRQ c1=0
DMA IRQ c2=1
DMA IRQ c3=0
SELECT busy=3040
SELECT w0=3024
SELECT w1=1747
SELECT w2=1777
BUSY TASK ewma=997
DMA IRQ c0=0
DMA IRQ c1=0
DMA IRQ c2=1
DMA IRQ c3=0
SELECT busy=3058
SELECT w0=3042
SELECT w1=1752
SELECT w2=1782
BUSY TASK ewma=997
DMA IRQ c0=0
DMA IRQ c1=0
DMA IRQ c2=1
DMA IRQ c3=0
SELECT busy=3083
SELECT w0=3067
SELECT w1=1763
SELECT w2=1796
BUSY TASK ewma=997
DMA IRQ c0=0
DMA IRQ c1=0
DMA IRQ c2=1
DMA IRQ c3=0
SELECT busy=3099
SELECT w0=3083
SELECT w1=1770
SELECT w2=1804
BUSY TASK ewma=997
DMA IRQ c0=0
DMA IRQ c1=0
DMA IRQ c2=1
DMA IRQ c3=0
SELECT busy=3121
SELECT w0=3105
SELECT w1=1782
SELECT w2=1821
BUSY TASK ewma=997
DMA IRQ c0=0
DMA IRQ c1=0
DMA IRQ c2=1
DMA IRQ c3=0
SELECT busy=3147
SELECT w0=3132
SELECT w1=1791
SELECT w2=1832
BUSY TASK ewma=997
DMA IRQ c0=0
DMA IRQ c1=0
DMA IRQ c2=1
DMA IRQ c3=0
SELECT busy=3174
SELECT w0=3159
SELECT w1=1808
SELECT w2=1849
BUSY TASK ewma=997
DMA IRQ c0=0
DMA IRQ c1=0
DMA IRQ c2=1
DMA IRQ c3=0
SELECT busy=3198
SELECT w0=3182
SELECT w1=1822
SELECT w2=1861
BUSY TASK ewma=997
DMA IRQ c0=0
DMA IRQ c1=0
DMA IRQ c2=1
DMA IRQ c3=0
SELECT busy=3216
SELECT w0=3200
SELECT w1=1830
SELECT w2=1870
BUSY TASK ewma=997
DMA IRQ c0=0
DMA IRQ c1=0
DMA IRQ c2=1
DMA IRQ c3=0
SELECT busy=3234
SELECT w0=3219
SELECT w1=1842
SELECT w2=1882
BUSY TASK ewma=997
DMA IRQ c0=0
DMA IRQ c1=0
DMA IRQ c2=1
DMA IRQ c3=0
SELECT busy=3258
SELECT w0=3242
SELECT w1=1854
SELECT w2=1897
BUSY TASK ewma=997
DMA IRQ c0=0
DMA IRQ c1=0
DMA IRQ c2=1
DMA IRQ c3=0
SELECT busy=3273
SELECT w0=3257
SELECT w1=1862
SELECT w2=1904
BUSY TASK ewma=997
DMA IRQ c0=0
DMA IRQ c1=0
DMA IRQ c2=1
DMA IRQ c3=0
SELECT busy=3292
SELECT w0=3276
SELECT w1=1869
SELECT w2=1912
BUSY TASK ewma=997
DMA IRQ c0=0
DMA IRQ c1=0
DMA IRQ c2=1
DMA IRQ c3=0
SELECT busy=3314
SELECT w0=3299
SELECT w1=1882
SELECT w2=1923
BUSY TASK ewma=997
DMA IRQ c0=0
DMA IRQ c1=0
DMA IRQ c2=1
DMA IRQ c3=0
SELECT busy=3336
SELECT w0=3321
SELECT w1=1901
SELECT w2=1937
BUSY TASK ewma=997
DMA IRQ c0=0
DMA IRQ c1=0
DMA IRQ c2=1
DMA IRQ c3=0
SELECT busy=3351
SELECT w0=3336
SELECT w1=1911
SELECT w2=1945
BUSY TASK ewma=997
DMA IRQ c0=0
DMA IRQ c1=0
DMA IRQ c2=1
DMA IRQ c3=0
SELECT busy=3370
SELECT w0=3354
SELECT w1=1917
SELECT w2=1954
qemu-system-aarch64: terminating on signal 15 from pid 236426 (timeout)
