P4 M7: full integration test boot OK
CPU0: MPIDR_EL1=0x0000000080000000
CPU0: psci_cpu_on target=1 rc=0
CPU1: alive, MPIDR_EL1=0x0000000080000001 this_cpu()->cpu_id=1
CPU0: psci_cpu_on target=2 rc=0
CPU2: alive, MPIDR_EL1=0x0000000080000002 this_cpu()->cpu_id=2
CPU0: psci_cpu_on target=3 rc=0
CPU3: alive, MPIDR_EL1=0x0000000080000003 this_cpu()->cpu_id=3
CPUs online: 4
DMA IRQ target cpu=2
D2b: worker 1 runs on CPU1
D2b: worker 2 runs on CPU2
D2b: worker 0 runs on CPU0
P4 M7: worker submitted cmd_id=2
P4 M7: worker submitted cmd_id=1
P4 M7: worker DATA OK, cmd_id=2
P4 M7: worker submitted cmd_id=3
WORKER ewma=759
P4 M7: worker DATA OK, cmd_id=1
WORKER ewma=916
BUSY TASK ewma=995
DMA IRQ c0=0
DMA IRQ c1=0
DMA IRQ c2=1
DMA IRQ c3=0
SELECT busy=21
SELECT w0=3
SELECT w1=72
SELECT w2=122
P4 M7: worker DATA OK, cmd_id=3
WORKER ewma=759
BUSY TASK ewma=997
DMA IRQ c0=0
DMA IRQ c1=0
DMA IRQ c2=2
DMA IRQ c3=0
SELECT busy=36
SELECT w0=29
SELECT w1=104
SELECT w2=167
BUSY TASK ewma=997
DMA IRQ c0=0
DMA IRQ c1=0
DMA IRQ c2=2
DMA IRQ c3=0
SELECT busy=55
SELECT w0=49
SELECT w1=123
SELECT w2=180
BUSY TASK ewma=997
DMA IRQ c0=0
DMA IRQ c1=0
DMA IRQ c2=2
DMA IRQ c3=0
SELECT busy=80
SELECT w0=74
SELECT w1=142
SELECT w2=197
BUSY TASK ewma=997
DMA IRQ c0=0
DMA IRQ c1=0
DMA IRQ c2=2
DMA IRQ c3=0
SELECT busy=107
SELECT w0=100
SELECT w1=162
SELECT w2=213
BUSY TASK ewma=997
DMA IRQ c0=0
DMA IRQ c1=0
DMA IRQ c2=2
DMA IRQ c3=0
SELECT busy=129
SELECT w0=123
SELECT w1=175
SELECT w2=228
BUSY TASK ewma=997
DMA IRQ c0=0
DMA IRQ c1=0
DMA IRQ c2=2
DMA IRQ c3=0
SELECT busy=162
SELECT w0=155
SELECT w1=192
SELECT w2=247
BUSY TASK ewma=997
DMA IRQ c0=0
DMA IRQ c1=0
DMA IRQ c2=2
DMA IRQ c3=0
SELECT busy=186
SELECT w0=179
SELECT w1=209
SELECT w2=261
BUSY TASK ewma=997
DMA IRQ c0=0
DMA IRQ c1=0
DMA IRQ c2=2
DMA IRQ c3=0
SELECT busy=206
SELECT w0=200
SELECT w1=223
SELECT w2=270
BUSY TASK ewma=997
DMA IRQ c0=0
DMA IRQ c1=0
DMA IRQ c2=2
DMA IRQ c3=0
SELECT busy=228
SELECT w0=222
SELECT w1=242
SELECT w2=283
BUSY TASK ewma=997
DMA IRQ c0=0
DMA IRQ c1=0
DMA IRQ c2=2
DMA IRQ c3=0
SELECT busy=258
SELECT w0=254
SELECT w1=263
SELECT w2=299
BUSY TASK ewma=997
DMA IRQ c0=0
DMA IRQ c1=0
DMA IRQ c2=2
DMA IRQ c3=0
SELECT busy=287
SELECT w0=281
SELECT w1=279
SELECT w2=313
BUSY TASK ewma=997
DMA IRQ c0=0
DMA IRQ c1=0
DMA IRQ c2=2
DMA IRQ c3=0
SELECT busy=305
SELECT w0=299
SELECT w1=292
SELECT w2=327
BUSY TASK ewma=997
DMA IRQ c0=0
DMA IRQ c1=0
DMA IRQ c2=2
DMA IRQ c3=0
SELECT busy=332
SELECT w0=325
SELECT w1=307
SELECT w2=344
BUSY TASK ewma=997
DMA IRQ c0=0
DMA IRQ c1=0
DMA IRQ c2=2
DMA IRQ c3=0
SELECT busy=348
SELECT w0=341
SELECT w1=315
SELECT w2=349
BUSY TASK ewma=997
DMA IRQ c0=0
DMA IRQ c1=0
DMA IRQ c2=2
DMA IRQ c3=0
SELECT busy=355
SELECT w0=348
SELECT w1=319
SELECT w2=355
BUSY TASK ewma=997
DMA IRQ c0=0
DMA IRQ c1=0
DMA IRQ c2=2
DMA IRQ c3=0
SELECT busy=371
SELECT w0=364
SELECT w1=327
SELECT w2=362
BUSY TASK ewma=997
DMA IRQ c0=0
DMA IRQ c1=0
DMA IRQ c2=2
DMA IRQ c3=0
SELECT busy=387
SELECT w0=381
SELECT w1=337
SELECT w2=373
BUSY TASK ewma=997
DMA IRQ c0=0
DMA IRQ c1=0
DMA IRQ c2=2
DMA IRQ c3=0
SELECT busy=424
SELECT w0=418
SELECT w1=360
SELECT w2=391
BUSY TASK ewma=997
DMA IRQ c0=0
DMA IRQ c1=0
DMA IRQ c2=2
DMA IRQ c3=0
SELECT busy=449
SELECT w0=443
SELECT w1=372
SELECT w2=403
BUSY TASK ewma=997
DMA IRQ c0=0
DMA IRQ c1=0
DMA IRQ c2=2
DMA IRQ c3=0
SELECT busy=471
SELECT w0=464
SELECT w1=385
SELECT w2=415
BUSY TASK ewma=997
DMA IRQ c0=0
DMA IRQ c1=0
DMA IRQ c2=2
DMA IRQ c3=0
SELECT busy=489
SELECT w0=482
SELECT w1=393
SELECT w2=425
BUSY TASK ewma=997
DMA IRQ c0=0
DMA IRQ c1=0
DMA IRQ c2=2
DMA IRQ c3=0
SELECT busy=509
SELECT w0=503
SELECT w1=406
SELECT w2=443
BUSY TASK ewma=997
DMA IRQ c0=0
DMA IRQ c1=0
DMA IRQ c2=2
DMA IRQ c3=0
SELECT busy=533
SELECT w0=527
SELECT w1=420
SELECT w2=459
BUSY TASK ewma=997
DMA IRQ c0=0
DMA IRQ c1=0
DMA IRQ c2=2
DMA IRQ c3=0
SELECT busy=559
SELECT w0=554
SELECT w1=438
SELECT w2=486
BUSY TASK ewma=997
DMA IRQ c0=0
DMA IRQ c1=0
DMA IRQ c2=2
DMA IRQ c3=0
SELECT busy=596
SELECT w0=590
SELECT w1=459
SELECT w2=508
BUSY TASK ewma=997
DMA IRQ c0=0
DMA IRQ c1=0
DMA IRQ c2=2
DMA IRQ c3=0
SELECT busy=627
SELECT w0=620
SELECT w1=475
SELECT w2=524
BUSY TASK ewma=997
DMA IRQ c0=0
DMA IRQ c1=0
DMA IRQ c2=2
DMA IRQ c3=0
SELECT busy=644
SELECT w0=637
SELECT w1=482
SELECT w2=534
BUSY TASK ewma=997
DMA IRQ c0=0
DMA IRQ c1=0
DMA IRQ c2=2
DMA IRQ c3=0
SELECT busy=662
SELECT w0=655
SELECT w1=494
SELECT w2=545
BUSY TASK ewma=997
DMA IRQ c0=0
DMA IRQ c1=0
DMA IRQ c2=2
DMA IRQ c3=0
SELECT busy=689
SELECT w0=683
SELECT w1=513
SELECT w2=561
BUSY TASK ewma=997
DMA IRQ c0=0
DMA IRQ c1=0
DMA IRQ c2=2
DMA IRQ c3=0
SELECT busy=719
SELECT w0=712
SELECT w1=527
SELECT w2=572
BUSY TASK ewma=997
DMA IRQ c0=0
DMA IRQ c1=0
DMA IRQ c2=2
DMA IRQ c3=0
SELECT busy=741
SELECT w0=734
SELECT w1=538
SELECT w2=584
BUSY TASK ewma=997
DMA IRQ c0=0
DMA IRQ c1=0
DMA IRQ c2=2
DMA IRQ c3=0
SELECT busy=766
SELECT w0=760
SELECT w1=550
SELECT w2=596
BUSY TASK ewma=997
DMA IRQ c0=0
DMA IRQ c1=0
DMA IRQ c2=2
DMA IRQ c3=0
SELECT busy=790
SELECT w0=784
SELECT w1=565
SELECT w2=610
BUSY TASK ewma=997
DMA IRQ c0=0
DMA IRQ c1=0
DMA IRQ c2=2
DMA IRQ c3=0
SELECT busy=814
SELECT w0=808
SELECT w1=581
SELECT w2=622
BUSY TASK ewma=997
DMA IRQ c0=0
DMA IRQ c1=0
DMA IRQ c2=2
DMA IRQ c3=0
SELECT busy=839
SELECT w0=833
SELECT w1=594
SELECT w2=640
BUSY TASK ewma=997
DMA IRQ c0=0
DMA IRQ c1=0
DMA IRQ c2=2
DMA IRQ c3=0
SELECT busy=863
SELECT w0=857
SELECT w1=610
SELECT w2=654
BUSY TASK ewma=997
DMA IRQ c0=0
DMA IRQ c1=0
DMA IRQ c2=2
DMA IRQ c3=0
SELECT busy=888
SELECT w0=883
SELECT w1=626
SELECT w2=670
BUSY TASK ewma=997
DMA IRQ c0=0
DMA IRQ c1=0
DMA IRQ c2=2
DMA IRQ c3=0
SELECT busy=918
SELECT w0=912
SELECT w1=639
SELECT w2=681
BUSY TASK ewma=997
DMA IRQ c0=0
DMA IRQ c1=0
DMA IRQ c2=2
DMA IRQ c3=0
SELECT busy=939
SELECT w0=932
SELECT w1=650
SELECT w2=690
BUSY TASK ewma=997
DMA IRQ c0=0
DMA IRQ c1=0
DMA IRQ c2=2
DMA IRQ c3=0
SELECT busy=966
SELECT w0=962
SELECT w1=672
SELECT w2=711
BUSY TASK ewma=997
DMA IRQ c0=0
DMA IRQ c1=0
DMA IRQ c2=2
DMA IRQ c3=0
SELECT busy=986
SELECT w0=979
SELECT w1=682
SELECT w2=717
BUSY TASK ewma=997
DMA IRQ c0=0
DMA IRQ c1=0
DMA IRQ c2=2
DMA IRQ c3=0
SELECT busy=1003
SELECT w0=997
SELECT w1=693
SELECT w2=730
BUSY TASK ewma=997
DMA IRQ c0=0
DMA IRQ c1=0
DMA IRQ c2=2
DMA IRQ c3=0
SELECT busy=1022
SELECT w0=1015
SELECT w1=701
SELECT w2=737
BUSY TASK ewma=997
DMA IRQ c0=0
DMA IRQ c1=0
DMA IRQ c2=2
DMA IRQ c3=0
SELECT busy=1038
SELECT w0=1032
SELECT w1=716
SELECT w2=748
BUSY TASK ewma=997
DMA IRQ c0=0
DMA IRQ c1=0
DMA IRQ c2=2
DMA IRQ c3=0
SELECT busy=1061
SELECT w0=1056
SELECT w1=732
SELECT w2=762
BUSY TASK ewma=997
DMA IRQ c0=0
DMA IRQ c1=0
DMA IRQ c2=2
DMA IRQ c3=0
SELECT busy=1082
SELECT w0=1076
SELECT w1=748
SELECT w2=776
BUSY TASK ewma=997
DMA IRQ c0=0
DMA IRQ c1=0
DMA IRQ c2=2
DMA IRQ c3=0
SELECT busy=1101
SELECT w0=1094
SELECT w1=757
SELECT w2=783
BUSY TASK ewma=997
DMA IRQ c0=0
DMA IRQ c1=0
DMA IRQ c2=2
DMA IRQ c3=0
SELECT busy=1121
SELECT w0=1115
SELECT w1=769
SELECT w2=795
BUSY TASK ewma=997
DMA IRQ c0=0
DMA IRQ c1=0
DMA IRQ c2=2
DMA IRQ c3=0
SELECT busy=1154
SELECT w0=1148
SELECT w1=788
SELECT w2=810
BUSY TASK ewma=997
DMA IRQ c0=0
DMA IRQ c1=0
DMA IRQ c2=2
DMA IRQ c3=0
SELECT busy=1180
SELECT w0=1173
SELECT w1=799
SELECT w2=820
BUSY TASK ewma=997
DMA IRQ c0=0
DMA IRQ c1=0
DMA IRQ c2=2
DMA IRQ c3=0
SELECT busy=1206
SELECT w0=1200
SELECT w1=815
SELECT w2=837
BUSY TASK ewma=997
DMA IRQ c0=0
DMA IRQ c1=0
DMA IRQ c2=2
DMA IRQ c3=0
SELECT busy=1230
SELECT w0=1223
SELECT w1=829
SELECT w2=851
BUSY TASK ewma=997
DMA IRQ c0=0
DMA IRQ c1=0
DMA IRQ c2=2
DMA IRQ c3=0
SELECT busy=1248
SELECT w0=1245
SELECT w1=852
SELECT w2=866
BUSY TASK ewma=997
DMA IRQ c0=0
DMA IRQ c1=0
DMA IRQ c2=2
DMA IRQ c3=0
SELECT busy=1274
SELECT w0=1267
SELECT w1=865
SELECT w2=875
BUSY TASK ewma=997
DMA IRQ c0=0
DMA IRQ c1=0
DMA IRQ c2=2
DMA IRQ c3=0
SELECT busy=1296
SELECT w0=1291
SELECT w1=883
SELECT w2=893
BUSY TASK ewma=997
DMA IRQ c0=0
DMA IRQ c1=0
DMA IRQ c2=2
DMA IRQ c3=0
SELECT busy=1320
SELECT w0=1315
SELECT w1=898
SELECT w2=910
BUSY TASK ewma=997
DMA IRQ c0=0
DMA IRQ c1=0
DMA IRQ c2=2
DMA IRQ c3=0
SELECT busy=1357
SELECT w0=1351
SELECT w1=916
SELECT w2=929
BUSY TASK ewma=997
DMA IRQ c0=0
DMA IRQ c1=0
DMA IRQ c2=2
DMA IRQ c3=0
SELECT busy=1380
SELECT w0=1375
SELECT w1=927
SELECT w2=944
BUSY TASK ewma=997
DMA IRQ c0=0
DMA IRQ c1=0
DMA IRQ c2=2
DMA IRQ c3=0
SELECT busy=1403
SELECT w0=1396
SELECT w1=933
SELECT w2=948
BUSY TASK ewma=997
DMA IRQ c0=0
DMA IRQ c1=0
DMA IRQ c2=2
DMA IRQ c3=0
SELECT busy=1414
SELECT w0=1407
SELECT w1=943
SELECT w2=957
BUSY TASK ewma=997
DMA IRQ c0=0
DMA IRQ c1=0
DMA IRQ c2=2
DMA IRQ c3=0
SELECT busy=1434
SELECT w0=1428
SELECT w1=956
SELECT w2=968
BUSY TASK ewma=997
DMA IRQ c0=0
DMA IRQ c1=0
DMA IRQ c2=2
DMA IRQ c3=0
SELECT busy=1460
SELECT w0=1454
SELECT w1=977
SELECT w2=984
BUSY TASK ewma=997
IRQ counts: cpu0=2942 cpu1=3708 cpu2=3576 cpu3=3625
SCHED secondaries: calls=10922 unexpected=0
SECTEST switches=10875 cpu1=43895434,39826958 cpu2=34653681,35490468 cpu3=47669245,44992399
PINGPONG rounds=590 pongs=591
DMA IRQ c0=0
DMA IRQ c1=0
DMA IRQ c2=2
DMA IRQ c3=0
SELECT busy=1489
SELECT w0=1482
SELECT w1=994
SELECT w2=1002
BUSY TASK ewma=997
DMA IRQ c0=0
DMA IRQ c1=0
DMA IRQ c2=2
DMA IRQ c3=0
SELECT busy=1503
SELECT w0=1497
SELECT w1=1001
SELECT w2=1010
BUSY TASK ewma=997
DMA IRQ c0=0
DMA IRQ c1=0
DMA IRQ c2=2
DMA IRQ c3=0
SELECT busy=1522
SELECT w0=1516
SELECT w1=1012
SELECT w2=1022
BUSY TASK ewma=997
DMA IRQ c0=0
DMA IRQ c1=0
DMA IRQ c2=2
DMA IRQ c3=0
SELECT busy=1543
SELECT w0=1537
SELECT w1=1024
SELECT w2=1034
BUSY TASK ewma=997
DMA IRQ c0=0
DMA IRQ c1=0
DMA IRQ c2=2
DMA IRQ c3=0
SELECT busy=1561
SELECT w0=1555
SELECT w1=1034
SELECT w2=1044
BUSY TASK ewma=997
DMA IRQ c0=0
DMA IRQ c1=0
DMA IRQ c2=2
DMA IRQ c3=0
SELECT busy=1582
SELECT w0=1575
SELECT w1=1044
SELECT w2=1054
BUSY TASK ewma=997
DMA IRQ c0=0
DMA IRQ c1=0
DMA IRQ c2=2
DMA IRQ c3=0
SELECT busy=1609
SELECT w0=1602
SELECT w1=1057
SELECT w2=1067
BUSY TASK ewma=997
DMA IRQ c0=0
DMA IRQ c1=0
DMA IRQ c2=2
DMA IRQ c3=0
SELECT busy=1633
SELECT w0=1626
SELECT w1=1072
SELECT w2=1085
BUSY TASK ewma=997
DMA IRQ c0=0
DMA IRQ c1=0
DMA IRQ c2=2
DMA IRQ c3=0
SELECT busy=1660
SELECT w0=1656
SELECT w1=1093
SELECT w2=1103
BUSY TASK ewma=997
DMA IRQ c0=0
DMA IRQ c1=0
DMA IRQ c2=2
DMA IRQ c3=0
SELECT busy=1685
SELECT w0=1678
SELECT w1=1107
SELECT w2=1113
BUSY TASK ewma=997
DMA IRQ c0=0
DMA IRQ c1=0
DMA IRQ c2=2
DMA IRQ c3=0
SELECT busy=1702
SELECT w0=1695
SELECT w1=1116
SELECT w2=1124
BUSY TASK ewma=997
DMA IRQ c0=0
DMA IRQ c1=0
DMA IRQ c2=2
DMA IRQ c3=0
SELECT busy=1728
SELECT w0=1722
SELECT w1=1135
SELECT w2=1139
BUSY TASK ewma=997
DMA IRQ c0=0
DMA IRQ c1=0
DMA IRQ c2=2
DMA IRQ c3=0
SELECT busy=1751
SELECT w0=1744
SELECT w1=1158
SELECT w2=1157
BUSY TASK ewma=997
DMA IRQ c0=0
DMA IRQ c1=0
DMA IRQ c2=2
DMA IRQ c3=0
SELECT busy=1777
SELECT w0=1774
SELECT w1=1187
SELECT w2=1176
BUSY TASK ewma=997
DMA IRQ c0=0
DMA IRQ c1=0
DMA IRQ c2=2
DMA IRQ c3=0
SELECT busy=1807
SELECT w0=1804
SELECT w1=1212
SELECT w2=1193
BUSY TASK ewma=997
DMA IRQ c0=0
DMA IRQ c1=0
DMA IRQ c2=2
DMA IRQ c3=0
SELECT busy=1833
SELECT w0=1827
SELECT w1=1227
SELECT w2=1206
BUSY TASK ewma=997
DMA IRQ c0=0
DMA IRQ c1=0
DMA IRQ c2=2
DMA IRQ c3=0
SELECT busy=1862
SELECT w0=1856
SELECT w1=1245
SELECT w2=1227
BUSY TASK ewma=997
DMA IRQ c0=0
DMA IRQ c1=0
DMA IRQ c2=2
DMA IRQ c3=0
SELECT busy=1887
SELECT w0=1882
SELECT w1=1260
SELECT w2=1248
BUSY TASK ewma=997
DMA IRQ c0=0
DMA IRQ c1=0
DMA IRQ c2=2
DMA IRQ c3=0
SELECT busy=1911
SELECT w0=1905
SELECT w1=1277
SELECT w2=1261
BUSY TASK ewma=997
DMA IRQ c0=0
DMA IRQ c1=0
DMA IRQ c2=2
DMA IRQ c3=0
SELECT busy=1931
SELECT w0=1925
SELECT w1=1292
SELECT w2=1275
BUSY TASK ewma=997
DMA IRQ c0=0
DMA IRQ c1=0
DMA IRQ c2=2
DMA IRQ c3=0
SELECT busy=1952
SELECT w0=1945
SELECT w1=1304
SELECT w2=1285
BUSY TASK ewma=997
DMA IRQ c0=0
DMA IRQ c1=0
DMA IRQ c2=2
DMA IRQ c3=0
SELECT busy=1972
SELECT w0=1966
SELECT w1=1315
SELECT w2=1295
BUSY TASK ewma=997
DMA IRQ c0=0
DMA IRQ c1=0
DMA IRQ c2=2
DMA IRQ c3=0
SELECT busy=2006
SELECT w0=2003
SELECT w1=1335
SELECT w2=1317
BUSY TASK ewma=997
DMA IRQ c0=0
DMA IRQ c1=0
DMA IRQ c2=2
DMA IRQ c3=0
SELECT busy=2031
SELECT w0=2024
SELECT w1=1344
SELECT w2=1324
BUSY TASK ewma=997
DMA IRQ c0=0
DMA IRQ c1=0
DMA IRQ c2=2
DMA IRQ c3=0
SELECT busy=2051
SELECT w0=2044
SELECT w1=1351
SELECT w2=1333
BUSY TASK ewma=997
DMA IRQ c0=0
DMA IRQ c1=0
DMA IRQ c2=2
DMA IRQ c3=0
SELECT busy=2069
SELECT w0=2062
SELECT w1=1359
SELECT w2=1341
BUSY TASK ewma=997
DMA IRQ c0=0
DMA IRQ c1=0
DMA IRQ c2=2
DMA IRQ c3=0
SELECT busy=2090
SELECT w0=2084
SELECT w1=1370
SELECT w2=1352
BUSY TASK ewma=997
DMA IRQ c0=0
DMA IRQ c1=0
DMA IRQ c2=2
DMA IRQ c3=0
SELECT busy=2119
SELECT w0=2113
SELECT w1=1387
SELECT w2=1371
BUSY TASK ewma=997
DMA IRQ c0=0
DMA IRQ c1=0
DMA IRQ c2=2
DMA IRQ c3=0
SELECT busy=2139
SELECT w0=2132
SELECT w1=1396
SELECT w2=1380
BUSY TASK ewma=997
DMA IRQ c0=0
DMA IRQ c1=0
DMA IRQ c2=2
DMA IRQ c3=0
SELECT busy=2155
SELECT w0=2148
SELECT w1=1405
SELECT w2=1390
BUSY TASK ewma=997
DMA IRQ c0=0
DMA IRQ c1=0
DMA IRQ c2=2
DMA IRQ c3=0
SELECT busy=2176
SELECT w0=2169
SELECT w1=1413
SELECT w2=1400
BUSY TASK ewma=997
DMA IRQ c0=0
DMA IRQ c1=0
DMA IRQ c2=2
DMA IRQ c3=0
SELECT busy=2196
SELECT w0=2192
SELECT w1=1424
SELECT w2=1413
BUSY TASK ewma=997
DMA IRQ c0=0
DMA IRQ c1=0
DMA IRQ c2=2
DMA IRQ c3=0
SELECT busy=2227
SELECT w0=2222
SELECT w1=1441
SELECT w2=1426
BUSY TASK ewma=997
DMA IRQ c0=0
DMA IRQ c1=0
DMA IRQ c2=2
DMA IRQ c3=0
SELECT busy=2247
SELECT w0=2241
SELECT w1=1450
SELECT w2=1436
BUSY TASK ewma=997
DMA IRQ c0=0
DMA IRQ c1=0
DMA IRQ c2=2
DMA IRQ c3=0
SELECT busy=2273
SELECT w0=2267
SELECT w1=1468
SELECT w2=1453
BUSY TASK ewma=997
DMA IRQ c0=0
DMA IRQ c1=0
DMA IRQ c2=2
DMA IRQ c3=0
SELECT busy=2300
SELECT w0=2294
SELECT w1=1488
SELECT w2=1472
BUSY TASK ewma=997
DMA IRQ c0=0
DMA IRQ c1=0
DMA IRQ c2=2
DMA IRQ c3=0
SELECT busy=2324
SELECT w0=2317
SELECT w1=1498
SELECT w2=1484
BUSY TASK ewma=997
DMA IRQ c0=0
DMA IRQ c1=0
DMA IRQ c2=2
DMA IRQ c3=0
SELECT busy=2344
SELECT w0=2337
SELECT w1=1512
SELECT w2=1498
BUSY TASK ewma=997
DMA IRQ c0=0
DMA IRQ c1=0
DMA IRQ c2=2
DMA IRQ c3=0
SELECT busy=2361
SELECT w0=2354
SELECT w1=1522
SELECT w2=1506
BUSY TASK ewma=997
DMA IRQ c0=0
DMA IRQ c1=0
DMA IRQ c2=2
DMA IRQ c3=0
SELECT busy=2376
SELECT w0=2369
SELECT w1=1529
SELECT w2=1513
BUSY TASK ewma=997
DMA IRQ c0=0
DMA IRQ c1=0
DMA IRQ c2=2
DMA IRQ c3=0
SELECT busy=2401
SELECT w0=2395
SELECT w1=1542
SELECT w2=1524
BUSY TASK ewma=997
DMA IRQ c0=0
DMA IRQ c1=0
DMA IRQ c2=2
DMA IRQ c3=0
SELECT busy=2428
SELECT w0=2421
SELECT w1=1552
SELECT w2=1535
BUSY TASK ewma=997
DMA IRQ c0=0
DMA IRQ c1=0
DMA IRQ c2=2
DMA IRQ c3=0
SELECT busy=2442
SELECT w0=2436
SELECT w1=1562
SELECT w2=1543
BUSY TASK ewma=997
DMA IRQ c0=0
DMA IRQ c1=0
DMA IRQ c2=2
DMA IRQ c3=0
SELECT busy=2462
SELECT w0=2455
SELECT w1=1571
SELECT w2=1551
BUSY TASK ewma=997
DMA IRQ c0=0
DMA IRQ c1=0
DMA IRQ c2=2
DMA IRQ c3=0
SELECT busy=2478
SELECT w0=2472
SELECT w1=1577
SELECT w2=1557
BUSY TASK ewma=997
DMA IRQ c0=0
DMA IRQ c1=0
DMA IRQ c2=2
DMA IRQ c3=0
SELECT busy=2494
SELECT w0=2487
SELECT w1=1586
SELECT w2=1566
BUSY TASK ewma=997
DMA IRQ c0=0
DMA IRQ c1=0
DMA IRQ c2=2
DMA IRQ c3=0
SELECT busy=2514
SELECT w0=2508
SELECT w1=1597
SELECT w2=1577
BUSY TASK ewma=997
DMA IRQ c0=0
DMA IRQ c1=0
DMA IRQ c2=2
DMA IRQ c3=0
SELECT busy=2533
SELECT w0=2528
SELECT w1=1610
SELECT w2=1596
BUSY TASK ewma=997
DMA IRQ c0=0
DMA IRQ c1=0
DMA IRQ c2=2
DMA IRQ c3=0
SELECT busy=2558
SELECT w0=2553
SELECT w1=1622
SELECT w2=1608
BUSY TASK ewma=997
DMA IRQ c0=0
DMA IRQ c1=0
DMA IRQ c2=2
DMA IRQ c3=0
SELECT busy=2580
SELECT w0=2573
SELECT w1=1628
SELECT w2=1614
BUSY TASK ewma=997
DMA IRQ c0=0
DMA IRQ c1=0
DMA IRQ c2=2
DMA IRQ c3=0
SELECT busy=2602
SELECT w0=2596
SELECT w1=1640
SELECT w2=1629
BUSY TASK ewma=997
DMA IRQ c0=0
DMA IRQ c1=0
DMA IRQ c2=2
DMA IRQ c3=0
SELECT busy=2627
SELECT w0=2620
SELECT w1=1656
SELECT w2=1640
BUSY TASK ewma=997
DMA IRQ c0=0
DMA IRQ c1=0
DMA IRQ c2=2
DMA IRQ c3=0
SELECT busy=2646
SELECT w0=2641
SELECT w1=1663
SELECT w2=1647
BUSY TASK ewma=997
DMA IRQ c0=0
DMA IRQ c1=0
DMA IRQ c2=2
DMA IRQ c3=0
SELECT busy=2669
SELECT w0=2663
SELECT w1=1675
SELECT w2=1658
BUSY TASK ewma=997
DMA IRQ c0=0
DMA IRQ c1=0
DMA IRQ c2=2
DMA IRQ c3=0
SELECT busy=2692
SELECT w0=2686
SELECT w1=1691
SELECT w2=1669
BUSY TASK ewma=997
DMA IRQ c0=0
DMA IRQ c1=0
DMA IRQ c2=2
DMA IRQ c3=0
SELECT busy=2712
SELECT w0=2705
SELECT w1=1705
SELECT w2=1678
BUSY TASK ewma=997
DMA IRQ c0=0
DMA IRQ c1=0
DMA IRQ c2=2
DMA IRQ c3=0
SELECT busy=2731
SELECT w0=2728
SELECT w1=1723
SELECT w2=1694
BUSY TASK ewma=997
DMA IRQ c0=0
DMA IRQ c1=0
DMA IRQ c2=2
DMA IRQ c3=0
SELECT busy=2753
SELECT w0=2747
SELECT w1=1736
SELECT w2=1702
BUSY TASK ewma=997
DMA IRQ c0=0
DMA IRQ c1=0
DMA IRQ c2=2
DMA IRQ c3=0
SELECT busy=2780
SELECT w0=2774
SELECT w1=1752
SELECT w2=1723
BUSY TASK ewma=997
DMA IRQ c0=0
DMA IRQ c1=0
DMA IRQ c2=2
DMA IRQ c3=0
SELECT busy=2811
SELECT w0=2806
SELECT w1=1772
SELECT w2=1750
BUSY TASK ewma=997
DMA IRQ c0=0
DMA IRQ c1=0
DMA IRQ c2=2
DMA IRQ c3=0
SELECT busy=2835
SELECT w0=2829
SELECT w1=1786
SELECT w2=1764
BUSY TASK ewma=997
DMA IRQ c0=0
DMA IRQ c1=0
DMA IRQ c2=2
DMA IRQ c3=0
SELECT busy=2856
SELECT w0=2849
SELECT w1=1799
SELECT w2=1776
BUSY TASK ewma=997
DMA IRQ c0=0
DMA IRQ c1=0
DMA IRQ c2=2
DMA IRQ c3=0
SELECT busy=2874
SELECT w0=2868
SELECT w1=1810
SELECT w2=1784
BUSY TASK ewma=997
DMA IRQ c0=0
DMA IRQ c1=0
DMA IRQ c2=2
DMA IRQ c3=0
SELECT busy=2896
SELECT w0=2890
SELECT w1=1825
SELECT w2=1797
BUSY TASK ewma=997
IRQ counts: cpu0=5812 cpu1=7199 cpu2=6922 cpu3=6988
SCHED secondaries: calls=21122 unexpected=0
SECTEST switches=21095 cpu1=86369730,80432103 cpu2=68149093,70027596 cpu3=97873152,88142456
PINGPONG rounds=1103 pongs=1104
DMA IRQ c0=0
DMA IRQ c1=0
DMA IRQ c2=2
DMA IRQ c3=0
SELECT busy=2918
SELECT w0=2912
SELECT w1=1840
SELECT w2=1810
qemu-system-aarch64: terminating on signal 15 from pid 230066 (timeout)
