P4 M7: full integration test boot OK
CPU0: MPIDR_EL1=0x0000000080000000
CPU0: psci_cpu_on target=1 rc=0
CPU1: alive, MPIDR_EL1=0x0000000080000001 this_cpu()->cpu_id=1
CPU0: psci_cpu_on target=2 rc=0
CPU2: alive, MPIDR_EL1=0x0000000080000002 this_cpu()->cpu_id=2
CPU0: psci_cpu_on target=3 rc=0
CPU3: alive, MPIDR_EL1=0x0000000080000003 this_cpu()->cpu_id=3
CPUs online: 4
DMA IRQ target cpu=2
D2b: worker 1 runs on CPU1
D2b: worker 2 runs on CPU2
P4 M7: worker submitted cmd_id=1
D2b: worker 0 runs on CPU0
P4 M7: worker submitted cmd_id=2
P4 M7: worker submitted cmd_id=3
P4 M7: worker DATA OK, cmd_id=2
WORKER ewma=657
P4 M7: worker DATA OK, cmd_id=1
P4 M7: worker DATA OK, cmd_id=3
WORKER ewma=657
WORKER ewma=831
BUSY TASK ewma=994
DMA IRQ c0=0
DMA IRQ c1=0
DMA IRQ c2=2
DMA IRQ c3=0
SELECT busy=22
SELECT w0=22
SELECT w1=35
SELECT w2=27
BUSY TASK ewma=997
DMA IRQ c0=0
DMA IRQ c1=0
DMA IRQ c2=2
DMA IRQ c3=0
SELECT busy=53
SELECT w0=54
SELECT w1=90
SELECT w2=87
BUSY TASK ewma=997
DMA IRQ c0=0
DMA IRQ c1=0
DMA IRQ c2=2
DMA IRQ c3=0
SELECT busy=78
SELECT w0=77
SELECT w1=99
SELECT w2=100
BUSY TASK ewma=997
DMA IRQ c0=0
DMA IRQ c1=0
DMA IRQ c2=2
DMA IRQ c3=0
SELECT busy=97
SELECT w0=96
SELECT w1=107
SELECT w2=110
BUSY TASK ewma=997
DMA IRQ c0=0
DMA IRQ c1=0
DMA IRQ c2=2
DMA IRQ c3=0
SELECT busy=115
SELECT w0=114
SELECT w1=116
SELECT w2=122
BUSY TASK ewma=997
DMA IRQ c0=0
DMA IRQ c1=0
DMA IRQ c2=2
DMA IRQ c3=0
SELECT busy=133
SELECT w0=132
SELECT w1=125
SELECT w2=134
BUSY TASK ewma=997
DMA IRQ c0=0
DMA IRQ c1=0
DMA IRQ c2=2
DMA IRQ c3=0
SELECT busy=153
SELECT w0=153
SELECT w1=139
SELECT w2=146
BUSY TASK ewma=997
DMA IRQ c0=0
DMA IRQ c1=0
DMA IRQ c2=2
DMA IRQ c3=0
SELECT busy=169
SELECT w0=168
SELECT w1=148
SELECT w2=154
BUSY TASK ewma=997
DMA IRQ c0=0
DMA IRQ c1=0
DMA IRQ c2=2
DMA IRQ c3=0
SELECT busy=190
SELECT w0=189
SELECT w1=160
SELECT w2=164
BUSY TASK ewma=997
DMA IRQ c0=0
DMA IRQ c1=0
DMA IRQ c2=2
DMA IRQ c3=0
SELECT busy=212
SELECT w0=211
SELECT w1=174
SELECT w2=176
BUSY TASK ewma=997
DMA IRQ c0=0
DMA IRQ c1=0
DMA IRQ c2=2
DMA IRQ c3=0
SELECT busy=229
SELECT w0=228
SELECT w1=184
SELECT w2=185
BUSY TASK ewma=997
DMA IRQ c0=0
DMA IRQ c1=0
DMA IRQ c2=2
DMA IRQ c3=0
SELECT busy=248
SELECT w0=247
SELECT w1=194
SELECT w2=193
BUSY TASK ewma=997
DMA IRQ c0=0
DMA IRQ c1=0
DMA IRQ c2=2
DMA IRQ c3=0
SELECT busy=266
SELECT w0=265
SELECT w1=200
SELECT w2=199
BUSY TASK ewma=997
DMA IRQ c0=0
DMA IRQ c1=0
DMA IRQ c2=2
DMA IRQ c3=0
SELECT busy=282
SELECT w0=281
SELECT w1=210
SELECT w2=212
BUSY TASK ewma=997
DMA IRQ c0=0
DMA IRQ c1=0
DMA IRQ c2=2
DMA IRQ c3=0
SELECT busy=301
SELECT w0=300
SELECT w1=215
SELECT w2=218
BUSY TASK ewma=997
DMA IRQ c0=0
DMA IRQ c1=0
DMA IRQ c2=2
DMA IRQ c3=0
SELECT busy=320
SELECT w0=319
SELECT w1=222
SELECT w2=224
BUSY TASK ewma=997
DMA IRQ c0=0
DMA IRQ c1=0
DMA IRQ c2=2
DMA IRQ c3=0
SELECT busy=342
SELECT w0=342
SELECT w1=235
SELECT w2=240
BUSY TASK ewma=997
DMA IRQ c0=0
DMA IRQ c1=0
DMA IRQ c2=2
DMA IRQ c3=0
SELECT busy=365
SELECT w0=365
SELECT w1=257
SELECT w2=256
BUSY TASK ewma=997
DMA IRQ c0=0
DMA IRQ c1=0
DMA IRQ c2=2
DMA IRQ c3=0
SELECT busy=390
SELECT w0=389
SELECT w1=271
SELECT w2=265
BUSY TASK ewma=997
DMA IRQ c0=0
DMA IRQ c1=0
DMA IRQ c2=2
DMA IRQ c3=0
SELECT busy=413
SELECT w0=412
SELECT w1=281
SELECT w2=276
BUSY TASK ewma=997
DMA IRQ c0=0
DMA IRQ c1=0
DMA IRQ c2=2
DMA IRQ c3=0
SELECT busy=434
SELECT w0=434
SELECT w1=292
SELECT w2=288
BUSY TASK ewma=997
DMA IRQ c0=0
DMA IRQ c1=0
DMA IRQ c2=2
DMA IRQ c3=0
SELECT busy=458
SELECT w0=459
SELECT w1=305
SELECT w2=303
BUSY TASK ewma=997
DMA IRQ c0=0
DMA IRQ c1=0
DMA IRQ c2=2
DMA IRQ c3=0
SELECT busy=489
SELECT w0=489
SELECT w1=325
SELECT w2=323
BUSY TASK ewma=997
DMA IRQ c0=0
DMA IRQ c1=0
DMA IRQ c2=2
DMA IRQ c3=0
SELECT busy=514
SELECT w0=513
SELECT w1=339
SELECT w2=337
BUSY TASK ewma=997
DMA IRQ c0=0
DMA IRQ c1=0
DMA IRQ c2=2
DMA IRQ c3=0
SELECT busy=534
SELECT w0=537
SELECT w1=350
SELECT w2=348
BUSY TASK ewma=997
DMA IRQ c0=0
DMA IRQ c1=0
DMA IRQ c2=2
DMA IRQ c3=0
SELECT busy=562
SELECT w0=563
SELECT w1=367
SELECT w2=369
BUSY TASK ewma=997
DMA IRQ c0=0
DMA IRQ c1=0
DMA IRQ c2=2
DMA IRQ c3=0
SELECT busy=585
SELECT w0=586
SELECT w1=379
SELECT w2=386
BUSY TASK ewma=997
DMA IRQ c0=0
DMA IRQ c1=0
DMA IRQ c2=2
DMA IRQ c3=0
SELECT busy=614
SELECT w0=613
SELECT w1=398
SELECT w2=406
BUSY TASK ewma=997
DMA IRQ c0=0
DMA IRQ c1=0
DMA IRQ c2=2
DMA IRQ c3=0
SELECT busy=638
SELECT w0=639
SELECT w1=412
SELECT w2=422
BUSY TASK ewma=997
DMA IRQ c0=0
DMA IRQ c1=0
DMA IRQ c2=2
DMA IRQ c3=0
SELECT busy=659
SELECT w0=658
SELECT w1=421
SELECT w2=430
BUSY TASK ewma=997
DMA IRQ c0=0
DMA IRQ c1=0
DMA IRQ c2=2
DMA IRQ c3=0
SELECT busy=676
SELECT w0=676
SELECT w1=430
SELECT w2=441
BUSY TASK ewma=997
DMA IRQ c0=0
DMA IRQ c1=0
DMA IRQ c2=2
DMA IRQ c3=0
SELECT busy=693
SELECT w0=694
SELECT w1=439
SELECT w2=449
BUSY TASK ewma=997
DMA IRQ c0=0
DMA IRQ c1=0
DMA IRQ c2=2
DMA IRQ c3=0
SELECT busy=709
SELECT w0=709
SELECT w1=449
SELECT w2=462
BUSY TASK ewma=997
DMA IRQ c0=0
DMA IRQ c1=0
DMA IRQ c2=2
DMA IRQ c3=0
SELECT busy=730
SELECT w0=729
SELECT w1=461
SELECT w2=471
BUSY TASK ewma=997
DMA IRQ c0=0
DMA IRQ c1=0
DMA IRQ c2=2
DMA IRQ c3=0
SELECT busy=749
SELECT w0=749
SELECT w1=477
SELECT w2=486
BUSY TASK ewma=997
DMA IRQ c0=0
DMA IRQ c1=0
DMA IRQ c2=2
DMA IRQ c3=0
SELECT busy=772
SELECT w0=772
SELECT w1=490
SELECT w2=501
BUSY TASK ewma=997
DMA IRQ c0=0
DMA IRQ c1=0
DMA IRQ c2=2
DMA IRQ c3=0
SELECT busy=791
SELECT w0=793
SELECT w1=501
SELECT w2=519
BUSY TASK ewma=997
DMA IRQ c0=0
DMA IRQ c1=0
DMA IRQ c2=2
DMA IRQ c3=0
SELECT busy=818
SELECT w0=817
SELECT w1=514
SELECT w2=536
BUSY TASK ewma=997
DMA IRQ c0=0
DMA IRQ c1=0
DMA IRQ c2=2
DMA IRQ c3=0
SELECT busy=844
SELECT w0=844
SELECT w1=529
SELECT w2=553
BUSY TASK ewma=997
DMA IRQ c0=0
DMA IRQ c1=0
DMA IRQ c2=2
DMA IRQ c3=0
SELECT busy=861
SELECT w0=860
SELECT w1=538
SELECT w2=562
BUSY TASK ewma=997
DMA IRQ c0=0
DMA IRQ c1=0
DMA IRQ c2=2
DMA IRQ c3=0
SELECT busy=880
SELECT w0=880
SELECT w1=554
SELECT w2=577
BUSY TASK ewma=997
DMA IRQ c0=0
DMA IRQ c1=0
DMA IRQ c2=2
DMA IRQ c3=0
SELECT busy=907
SELECT w0=907
SELECT w1=575
SELECT w2=601
BUSY TASK ewma=997
DMA IRQ c0=0
DMA IRQ c1=0
DMA IRQ c2=2
DMA IRQ c3=0
SELECT busy=934
SELECT w0=934
SELECT w1=588
SELECT w2=615
BUSY TASK ewma=997
DMA IRQ c0=0
DMA IRQ c1=0
DMA IRQ c2=2
DMA IRQ c3=0
SELECT busy=965
SELECT w0=965
SELECT w1=607
SELECT w2=635
BUSY TASK ewma=997
DMA IRQ c0=0
DMA IRQ c1=0
DMA IRQ c2=2
DMA IRQ c3=0
SELECT busy=990
SELECT w0=989
SELECT w1=621
SELECT w2=648
BUSY TASK ewma=997
DMA IRQ c0=0
DMA IRQ c1=0
DMA IRQ c2=2
DMA IRQ c3=0
SELECT busy=1013
SELECT w0=1012
SELECT w1=633
SELECT w2=660
BUSY TASK ewma=997
DMA IRQ c0=0
DMA IRQ c1=0
DMA IRQ c2=2
DMA IRQ c3=0
SELECT busy=1034
SELECT w0=1033
SELECT w1=647
SELECT w2=674
BUSY TASK ewma=997
DMA IRQ c0=0
DMA IRQ c1=0
DMA IRQ c2=2
DMA IRQ c3=0
SELECT busy=1049
SELECT w0=1049
SELECT w1=656
SELECT w2=683
BUSY TASK ewma=997
DMA IRQ c0=0
DMA IRQ c1=0
DMA IRQ c2=2
DMA IRQ c3=0
SELECT busy=1064
SELECT w0=1064
SELECT w1=665
SELECT w2=692
BUSY TASK ewma=997
DMA IRQ c0=0
DMA IRQ c1=0
DMA IRQ c2=2
DMA IRQ c3=0
SELECT busy=1079
SELECT w0=1078
SELECT w1=673
SELECT w2=700
BUSY TASK ewma=997
DMA IRQ c0=0
DMA IRQ c1=0
DMA IRQ c2=2
DMA IRQ c3=0
SELECT busy=1101
SELECT w0=1100
SELECT w1=687
SELECT w2=716
BUSY TASK ewma=997
DMA IRQ c0=0
DMA IRQ c1=0
DMA IRQ c2=2
DMA IRQ c3=0
SELECT busy=1125
SELECT w0=1125
SELECT w1=709
SELECT w2=731
BUSY TASK ewma=997
DMA IRQ c0=0
DMA IRQ c1=0
DMA IRQ c2=2
DMA IRQ c3=0
SELECT busy=1146
SELECT w0=1146
SELECT w1=718
SELECT w2=745
BUSY TASK ewma=997
DMA IRQ c0=0
DMA IRQ c1=0
DMA IRQ c2=2
DMA IRQ c3=0
SELECT busy=1164
SELECT w0=1164
SELECT w1=728
SELECT w2=755
BUSY TASK ewma=997
DMA IRQ c0=0
DMA IRQ c1=0
DMA IRQ c2=2
DMA IRQ c3=0
SELECT busy=1182
SELECT w0=1182
SELECT w1=743
SELECT w2=766
BUSY TASK ewma=997
DMA IRQ c0=0
DMA IRQ c1=0
DMA IRQ c2=2
DMA IRQ c3=0
SELECT busy=1197
SELECT w0=1197
SELECT w1=751
SELECT w2=776
BUSY TASK ewma=997
DMA IRQ c0=0
DMA IRQ c1=0
DMA IRQ c2=2
DMA IRQ c3=0
SELECT busy=1215
SELECT w0=1215
SELECT w1=765
SELECT w2=789
BUSY TASK ewma=997
DMA IRQ c0=0
DMA IRQ c1=0
DMA IRQ c2=2
DMA IRQ c3=0
SELECT busy=1240
SELECT w0=1242
SELECT w1=787
SELECT w2=805
BUSY TASK ewma=997
DMA IRQ c0=0
DMA IRQ c1=0
DMA IRQ c2=2
DMA IRQ c3=0
SELECT busy=1266
SELECT w0=1266
SELECT w1=807
SELECT w2=823
BUSY TASK ewma=997
DMA IRQ c0=0
DMA IRQ c1=0
DMA IRQ c2=2
DMA IRQ c3=0
SELECT busy=1291
SELECT w0=1291
SELECT w1=826
SELECT w2=852
BUSY TASK ewma=997
DMA IRQ c0=0
DMA IRQ c1=0
DMA IRQ c2=2
DMA IRQ c3=0
SELECT busy=1315
SELECT w0=1315
SELECT w1=841
SELECT w2=865
BUSY TASK ewma=997
DMA IRQ c0=0
DMA IRQ c1=0
DMA IRQ c2=2
DMA IRQ c3=0
SELECT busy=1331
SELECT w0=1331
SELECT w1=849
SELECT w2=874
BUSY TASK ewma=997
DMA IRQ c0=0
DMA IRQ c1=0
DMA IRQ c2=2
DMA IRQ c3=0
SELECT busy=1352
SELECT w0=1352
SELECT w1=865
SELECT w2=885
BUSY TASK ewma=997
IRQ counts: cpu0=2748 cpu1=3439 cpu2=3473 cpu3=3323
SCHED secondaries: calls=10243 unexpected=0
SECTEST switches=10210 cpu1=40567095,41965410 cpu2=33796341,31013561 cpu3=44248202,43339455
PINGPONG rounds=606 pongs=607
DMA IRQ c0=0
DMA IRQ c1=0
DMA IRQ c2=2
DMA IRQ c3=0
SELECT busy=1385
SELECT w0=1386
SELECT w1=884
SELECT w2=901
BUSY TASK ewma=997
DMA IRQ c0=0
DMA IRQ c1=0
DMA IRQ c2=2
DMA IRQ c3=0
SELECT busy=1405
SELECT w0=1404
SELECT w1=890
SELECT w2=908
BUSY TASK ewma=997
DMA IRQ c0=0
DMA IRQ c1=0
DMA IRQ c2=2
DMA IRQ c3=0
SELECT busy=1422
SELECT w0=1422
SELECT w1=899
SELECT w2=919
BUSY TASK ewma=997
DMA IRQ c0=0
DMA IRQ c1=0
DMA IRQ c2=2
DMA IRQ c3=0
SELECT busy=1450
SELECT w0=1449
SELECT w1=914
SELECT w2=933
BUSY TASK ewma=997
DMA IRQ c0=0
DMA IRQ c1=0
DMA IRQ c2=2
DMA IRQ c3=0
SELECT busy=1475
SELECT w0=1476
SELECT w1=929
SELECT w2=950
BUSY TASK ewma=997
DMA IRQ c0=0
DMA IRQ c1=0
DMA IRQ c2=2
DMA IRQ c3=0
SELECT busy=1500
SELECT w0=1499
SELECT w1=941
SELECT w2=962
BUSY TASK ewma=997
DMA IRQ c0=0
DMA IRQ c1=0
DMA IRQ c2=2
DMA IRQ c3=0
SELECT busy=1530
SELECT w0=1532
SELECT w1=960
SELECT w2=992
BUSY TASK ewma=997
DMA IRQ c0=0
DMA IRQ c1=0
DMA IRQ c2=2
DMA IRQ c3=0
SELECT busy=1549
SELECT w0=1549
SELECT w1=972
SELECT w2=1007
BUSY TASK ewma=997
DMA IRQ c0=0
DMA IRQ c1=0
DMA IRQ c2=2
DMA IRQ c3=0
SELECT busy=1569
SELECT w0=1568
SELECT w1=980
SELECT w2=1015
BUSY TASK ewma=997
DMA IRQ c0=0
DMA IRQ c1=0
DMA IRQ c2=2
DMA IRQ c3=0
SELECT busy=1587
SELECT w0=1586
SELECT w1=992
SELECT w2=1029
BUSY TASK ewma=997
DMA IRQ c0=0
DMA IRQ c1=0
DMA IRQ c2=2
DMA IRQ c3=0
SELECT busy=1607
SELECT w0=1606
SELECT w1=1001
SELECT w2=1039
BUSY TASK ewma=997
DMA IRQ c0=0
DMA IRQ c1=0
DMA IRQ c2=2
DMA IRQ c3=0
SELECT busy=1638
SELECT w0=1638
SELECT w1=1022
SELECT w2=1058
BUSY TASK ewma=997
DMA IRQ c0=0
DMA IRQ c1=0
DMA IRQ c2=2
DMA IRQ c3=0
SELECT busy=1663
SELECT w0=1662
SELECT w1=1038
SELECT w2=1072
BUSY TASK ewma=997
DMA IRQ c0=0
DMA IRQ c1=0
DMA IRQ c2=2
DMA IRQ c3=0
SELECT busy=1677
SELECT w0=1677
SELECT w1=1054
SELECT w2=1083
BUSY TASK ewma=997
DMA IRQ c0=0
DMA IRQ c1=0
DMA IRQ c2=2
DMA IRQ c3=0
SELECT busy=1704
SELECT w0=1704
SELECT w1=1072
SELECT w2=1099
BUSY TASK ewma=997
DMA IRQ c0=0
DMA IRQ c1=0
DMA IRQ c2=2
DMA IRQ c3=0
SELECT busy=1738
SELECT w0=1737
SELECT w1=1094
SELECT w2=1119
BUSY TASK ewma=997
DMA IRQ c0=0
DMA IRQ c1=0
DMA IRQ c2=2
DMA IRQ c3=0
SELECT busy=1755
SELECT w0=1756
SELECT w1=1105
SELECT w2=1128
BUSY TASK ewma=997
DMA IRQ c0=0
DMA IRQ c1=0
DMA IRQ c2=2
DMA IRQ c3=0
SELECT busy=1772
SELECT w0=1771
SELECT w1=1113
SELECT w2=1137
BUSY TASK ewma=997
DMA IRQ c0=0
DMA IRQ c1=0
DMA IRQ c2=2
DMA IRQ c3=0
SELECT busy=1805
SELECT w0=1804
SELECT w1=1131
SELECT w2=1157
BUSY TASK ewma=997
DMA IRQ c0=0
DMA IRQ c1=0
DMA IRQ c2=2
DMA IRQ c3=0
SELECT busy=1829
SELECT w0=1829
SELECT w1=1144
SELECT w2=1170
BUSY TASK ewma=997
DMA IRQ c0=0
DMA IRQ c1=0
DMA IRQ c2=2
DMA IRQ c3=0
SELECT busy=1856
SELECT w0=1855
SELECT w1=1156
SELECT w2=1183
BUSY TASK ewma=997
DMA IRQ c0=0
DMA IRQ c1=0
DMA IRQ c2=2
DMA IRQ c3=0
SELECT busy=1873
SELECT w0=1873
SELECT w1=1168
SELECT w2=1193
BUSY TASK ewma=997
DMA IRQ c0=0
DMA IRQ c1=0
DMA IRQ c2=2
DMA IRQ c3=0
SELECT busy=1889
SELECT w0=1889
SELECT w1=1180
SELECT w2=1203
BUSY TASK ewma=997
DMA IRQ c0=0
DMA IRQ c1=0
DMA IRQ c2=2
DMA IRQ c3=0
SELECT busy=1908
SELECT w0=1908
SELECT w1=1194
SELECT w2=1216
BUSY TASK ewma=997
DMA IRQ c0=0
DMA IRQ c1=0
DMA IRQ c2=2
DMA IRQ c3=0
SELECT busy=1929
SELECT w0=1929
SELECT w1=1205
SELECT w2=1230
BUSY TASK ewma=997
DMA IRQ c0=0
DMA IRQ c1=0
DMA IRQ c2=2
DMA IRQ c3=0
SELECT busy=1949
SELECT w0=1949
SELECT w1=1219
SELECT w2=1242
BUSY TASK ewma=997
DMA IRQ c0=0
DMA IRQ c1=0
DMA IRQ c2=2
DMA IRQ c3=0
SELECT busy=1968
SELECT w0=1968
SELECT w1=1232
SELECT w2=1260
BUSY TASK ewma=997
DMA IRQ c0=0
DMA IRQ c1=0
DMA IRQ c2=2
DMA IRQ c3=0
SELECT busy=1997
SELECT w0=1996
SELECT w1=1244
SELECT w2=1270
BUSY TASK ewma=997
DMA IRQ c0=0
DMA IRQ c1=0
DMA IRQ c2=2
DMA IRQ c3=0
SELECT busy=2025
SELECT w0=2025
SELECT w1=1259
SELECT w2=1286
BUSY TASK ewma=997
DMA IRQ c0=0
DMA IRQ c1=0
DMA IRQ c2=2
DMA IRQ c3=0
SELECT busy=2049
SELECT w0=2049
SELECT w1=1275
SELECT w2=1298
BUSY TASK ewma=997
DMA IRQ c0=0
DMA IRQ c1=0
DMA IRQ c2=2
DMA IRQ c3=0
SELECT busy=2070
SELECT w0=2069
SELECT w1=1283
SELECT w2=1302
BUSY TASK ewma=997
DMA IRQ c0=0
DMA IRQ c1=0
DMA IRQ c2=2
DMA IRQ c3=0
SELECT busy=2089
SELECT w0=2088
SELECT w1=1295
SELECT w2=1310
BUSY TASK ewma=997
DMA IRQ c0=0
DMA IRQ c1=0
DMA IRQ c2=2
DMA IRQ c3=0
SELECT busy=2115
SELECT w0=2115
SELECT w1=1314
SELECT w2=1328
BUSY TASK ewma=997
DMA IRQ c0=0
DMA IRQ c1=0
DMA IRQ c2=2
DMA IRQ c3=0
SELECT busy=2142
SELECT w0=2142
SELECT w1=1342
SELECT w2=1343
BUSY TASK ewma=997
DMA IRQ c0=0
DMA IRQ c1=0
DMA IRQ c2=2
DMA IRQ c3=0
SELECT busy=2159
SELECT w0=2159
SELECT w1=1359
SELECT w2=1354
BUSY TASK ewma=997
DMA IRQ c0=0
DMA IRQ c1=0
DMA IRQ c2=2
DMA IRQ c3=0
SELECT busy=2180
SELECT w0=2179
SELECT w1=1374
SELECT w2=1363
BUSY TASK ewma=997
DMA IRQ c0=0
DMA IRQ c1=0
DMA IRQ c2=2
DMA IRQ c3=0
SELECT busy=2189
SELECT w0=2189
SELECT w1=1377
SELECT w2=1367
BUSY TASK ewma=997
DMA IRQ c0=0
DMA IRQ c1=0
DMA IRQ c2=2
DMA IRQ c3=0
SELECT busy=2206
SELECT w0=2206
SELECT w1=1390
SELECT w2=1380
BUSY TASK ewma=997
DMA IRQ c0=0
DMA IRQ c1=0
DMA IRQ c2=2
DMA IRQ c3=0
SELECT busy=2227
SELECT w0=2226
SELECT w1=1400
SELECT w2=1391
BUSY TASK ewma=997
DMA IRQ c0=0
DMA IRQ c1=0
DMA IRQ c2=2
DMA IRQ c3=0
SELECT busy=2261
SELECT w0=2262
SELECT w1=1420
SELECT w2=1413
BUSY TASK ewma=997
DMA IRQ c0=0
DMA IRQ c1=0
DMA IRQ c2=2
DMA IRQ c3=0
SELECT busy=2287
SELECT w0=2288
SELECT w1=1437
SELECT w2=1434
BUSY TASK ewma=997
DMA IRQ c0=0
DMA IRQ c1=0
DMA IRQ c2=2
DMA IRQ c3=0
SELECT busy=2304
SELECT w0=2303
SELECT w1=1445
SELECT w2=1445
BUSY TASK ewma=997
DMA IRQ c0=0
DMA IRQ c1=0
DMA IRQ c2=2
DMA IRQ c3=0
SELECT busy=2321
SELECT w0=2321
SELECT w1=1459
SELECT w2=1460
BUSY TASK ewma=997
DMA IRQ c0=0
DMA IRQ c1=0
DMA IRQ c2=2
DMA IRQ c3=0
SELECT busy=2344
SELECT w0=2344
SELECT w1=1472
SELECT w2=1472
BUSY TASK ewma=997
DMA IRQ c0=0
DMA IRQ c1=0
DMA IRQ c2=2
DMA IRQ c3=0
SELECT busy=2361
SELECT w0=2362
SELECT w1=1481
SELECT w2=1481
BUSY TASK ewma=997
DMA IRQ c0=0
DMA IRQ c1=0
DMA IRQ c2=2
DMA IRQ c3=0
SELECT busy=2390
SELECT w0=2389
SELECT w1=1505
SELECT w2=1496
BUSY TASK ewma=997
DMA IRQ c0=0
DMA IRQ c1=0
DMA IRQ c2=2
DMA IRQ c3=0
SELECT busy=2409
SELECT w0=2408
SELECT w1=1519
SELECT w2=1505
BUSY TASK ewma=997
DMA IRQ c0=0
DMA IRQ c1=0
DMA IRQ c2=2
DMA IRQ c3=0
SELECT busy=2425
SELECT w0=2425
SELECT w1=1529
SELECT w2=1514
BUSY TASK ewma=997
DMA IRQ c0=0
DMA IRQ c1=0
DMA IRQ c2=2
DMA IRQ c3=0
SELECT busy=2447
SELECT w0=2448
SELECT w1=1543
SELECT w2=1532
BUSY TASK ewma=997
DMA IRQ c0=0
DMA IRQ c1=0
DMA IRQ c2=2
DMA IRQ c3=0
SELECT busy=2469
SELECT w0=2469
SELECT w1=1554
SELECT w2=1545
BUSY TASK ewma=997
DMA IRQ c0=0
DMA IRQ c1=0
DMA IRQ c2=2
DMA IRQ c3=0
SELECT busy=2489
SELECT w0=2489
SELECT w1=1566
SELECT w2=1559
BUSY TASK ewma=997
DMA IRQ c0=0
DMA IRQ c1=0
DMA IRQ c2=2
DMA IRQ c3=0
SELECT busy=2525
SELECT w0=2525
SELECT w1=1589
SELECT w2=1579
BUSY TASK ewma=997
DMA IRQ c0=0
DMA IRQ c1=0
DMA IRQ c2=2
DMA IRQ c3=0
SELECT busy=2553
SELECT w0=2552
SELECT w1=1605
SELECT w2=1589
BUSY TASK ewma=997
DMA IRQ c0=0
DMA IRQ c1=0
DMA IRQ c2=2
DMA IRQ c3=0
SELECT busy=2571
SELECT w0=2570
SELECT w1=1612
SELECT w2=1596
BUSY TASK ewma=997
DMA IRQ c0=0
DMA IRQ c1=0
DMA IRQ c2=2
DMA IRQ c3=0
SELECT busy=2595
SELECT w0=2594
SELECT w1=1635
SELECT w2=1608
BUSY TASK ewma=997
DMA IRQ c0=0
DMA IRQ c1=0
DMA IRQ c2=2
DMA IRQ c3=0
SELECT busy=2615
SELECT w0=2615
SELECT w1=1654
SELECT w2=1618
BUSY TASK ewma=997
DMA IRQ c0=0
DMA IRQ c1=0
DMA IRQ c2=2
DMA IRQ c3=0
SELECT busy=2635
SELECT w0=2634
SELECT w1=1665
SELECT w2=1626
BUSY TASK ewma=997
DMA IRQ c0=0
DMA IRQ c1=0
DMA IRQ c2=2
DMA IRQ c3=0
SELECT busy=2653
SELECT w0=2652
SELECT w1=1672
SELECT w2=1632
BUSY TASK ewma=997
DMA IRQ c0=0
DMA IRQ c1=0
DMA IRQ c2=2
DMA IRQ c3=0
SELECT busy=2672
SELECT w0=2671
SELECT w1=1684
SELECT w2=1645
BUSY TASK ewma=997
DMA IRQ c0=0
DMA IRQ c1=0
DMA IRQ c2=2
DMA IRQ c3=0
SELECT busy=2689
SELECT w0=2688
SELECT w1=1694
SELECT w2=1657
BUSY TASK ewma=997
DMA IRQ c0=0
DMA IRQ c1=0
DMA IRQ c2=2
DMA IRQ c3=0
SELECT busy=2712
SELECT w0=2712
SELECT w1=1706
SELECT w2=1670
BUSY TASK ewma=997
DMA IRQ c0=0
DMA IRQ c1=0
DMA IRQ c2=2
DMA IRQ c3=0
SELECT busy=2734
SELECT w0=2735
SELECT w1=1719
SELECT w2=1683
BUSY TASK ewma=997
DMA IRQ c0=0
DMA IRQ c1=0
DMA IRQ c2=2
DMA IRQ c3=0
SELECT busy=2752
SELECT w0=2751
SELECT w1=1727
SELECT w2=1693
BUSY TASK ewma=997
DMA IRQ c0=0
DMA IRQ c1=0
DMA IRQ c2=2
DMA IRQ c3=0
SELECT busy=2768
SELECT w0=2768
SELECT w1=1737
SELECT w2=1704
BUSY TASK ewma=997
IRQ counts: cpu0=5558 cpu1=6988 cpu2=6818 cpu3=6596
SCHED secondaries: calls=20407 unexpected=0
SECTEST switches=20375 cpu1=83713607,86754665 cpu2=64471267,62390907 cpu3=88673654,87590279
PINGPONG rounds=1134 pongs=1135
DMA IRQ c0=0
DMA IRQ c1=0
DMA IRQ c2=2
DMA IRQ c3=0
SELECT busy=2790
SELECT w0=2790
SELECT w1=1750
SELECT w2=1718
BUSY TASK ewma=997
DMA IRQ c0=0
DMA IRQ c1=0
DMA IRQ c2=2
DMA IRQ c3=0
SELECT busy=2805
SELECT w0=2804
SELECT w1=1758
SELECT w2=1725
BUSY TASK ewma=997
DMA IRQ c0=0
DMA IRQ c1=0
DMA IRQ c2=2
DMA IRQ c3=0
SELECT busy=2821
SELECT w0=2821
SELECT w1=1766
SELECT w2=1734
BUSY TASK ewma=997
DMA IRQ c0=0
DMA IRQ c1=0
DMA IRQ c2=2
DMA IRQ c3=0
SELECT busy=2849
SELECT w0=2849
SELECT w1=1786
SELECT w2=1751
BUSY TASK ewma=997
DMA IRQ c0=0
DMA IRQ c1=0
DMA IRQ c2=2
DMA IRQ c3=0
SELECT busy=2874
SELECT w0=2873
SELECT w1=1806
SELECT w2=1763
BUSY TASK ewma=997
DMA IRQ c0=0
DMA IRQ c1=0
DMA IRQ c2=2
DMA IRQ c3=0
SELECT busy=2889
SELECT w0=2893
SELECT w1=1824
SELECT w2=1777
BUSY TASK ewma=997
DMA IRQ c0=0
DMA IRQ c1=0
DMA IRQ c2=2
DMA IRQ c3=0
SELECT busy=2912
SELECT w0=2911
SELECT w1=1836
SELECT w2=1789
BUSY TASK ewma=997
DMA IRQ c0=0
DMA IRQ c1=0
DMA IRQ c2=2
DMA IRQ c3=0
SELECT busy=2935
SELECT w0=2934
SELECT w1=1850
SELECT w2=1798
BUSY TASK ewma=997
DMA IRQ c0=0
DMA IRQ c1=0
DMA IRQ c2=2
DMA IRQ c3=0
SELECT busy=2955
SELECT w0=2955
SELECT w1=1864
SELECT w2=1809
BUSY TASK ewma=997
DMA IRQ c0=0
DMA IRQ c1=0
DMA IRQ c2=2
DMA IRQ c3=0
SELECT busy=2976
SELECT w0=2976
SELECT w1=1880
SELECT w2=1826
BUSY TASK ewma=997
DMA IRQ c0=0
DMA IRQ c1=0
DMA IRQ c2=2
DMA IRQ c3=0
SELECT busy=2997
SELECT w0=2997
SELECT w1=1893
SELECT w2=1840
BUSY TASK ewma=997
DMA IRQ c0=0
DMA IRQ c1=0
DMA IRQ c2=2
DMA IRQ c3=0
SELECT busy=3018
SELECT w0=3018
SELECT w1=1904
SELECT w2=1849
BUSY TASK ewma=997
DMA IRQ c0=0
DMA IRQ c1=0
DMA IRQ c2=2
DMA IRQ c3=0
SELECT busy=3044
SELECT w0=3044
SELECT w1=1917
SELECT w2=1867
BUSY TASK ewma=997
DMA IRQ c0=0
DMA IRQ c1=0
DMA IRQ c2=2
DMA IRQ c3=0
SELECT busy=3070
SELECT w0=3069
SELECT w1=1931
SELECT w2=1881
BUSY TASK ewma=997
DMA IRQ c0=0
DMA IRQ c1=0
DMA IRQ c2=2
DMA IRQ c3=0
SELECT busy=3091
SELECT w0=3091
SELECT w1=1944
SELECT w2=1893
BUSY TASK ewma=997
DMA IRQ c0=0
DMA IRQ c1=0
DMA IRQ c2=2
DMA IRQ c3=0
SELECT busy=3119
SELECT w0=3119
SELECT w1=1965
SELECT w2=1910
BUSY TASK ewma=997
DMA IRQ c0=0
DMA IRQ c1=0
DMA IRQ c2=2
DMA IRQ c3=0
SELECT busy=3150
SELECT w0=3151
SELECT w1=1990
SELECT w2=1928
BUSY TASK ewma=997
DMA IRQ c0=0
DMA IRQ c1=0
DMA IRQ c2=2
DMA IRQ c3=0
SELECT busy=3173
SELECT w0=3173
SELECT w1=2000
SELECT w2=1935
BUSY TASK ewma=997
DMA IRQ c0=0
DMA IRQ c1=0
DMA IRQ c2=2
DMA IRQ c3=0
SELECT busy=3196
SELECT w0=3196
SELECT w1=2009
SELECT w2=1945
BUSY TASK ewma=997
DMA IRQ c0=0
DMA IRQ c1=0
DMA IRQ c2=2
DMA IRQ c3=0
SELECT busy=3212
SELECT w0=3212
SELECT w1=2021
SELECT w2=1953
BUSY TASK ewma=997
DMA IRQ c0=0
DMA IRQ c1=0
DMA IRQ c2=2
DMA IRQ c3=0
SELECT busy=3238
SELECT w0=3239
SELECT w1=2042
SELECT w2=1970
BUSY TASK ewma=997
DMA IRQ c0=0
DMA IRQ c1=0
DMA IRQ c2=2
DMA IRQ c3=0
SELECT busy=3255
SELECT w0=3255
SELECT w1=2051
SELECT w2=1983
BUSY TASK ewma=997
DMA IRQ c0=0
DMA IRQ c1=0
DMA IRQ c2=2
DMA IRQ c3=0
SELECT busy=3276
SELECT w0=3275
SELECT w1=2064
SELECT w2=1995
BUSY TASK ewma=997
DMA IRQ c0=0
DMA IRQ c1=0
DMA IRQ c2=2
DMA IRQ c3=0
SELECT busy=3291
SELECT w0=3291
SELECT w1=2074
SELECT w2=2005
BUSY TASK ewma=997
DMA IRQ c0=0
DMA IRQ c1=0
DMA IRQ c2=2
DMA IRQ c3=0
SELECT busy=3311
SELECT w0=3310
SELECT w1=2083
SELECT w2=2014
BUSY TASK ewma=997
DMA IRQ c0=0
DMA IRQ c1=0
DMA IRQ c2=2
DMA IRQ c3=0
SELECT busy=3329
SELECT w0=3329
SELECT w1=2091
SELECT w2=2023
BUSY TASK ewma=997
DMA IRQ c0=0
DMA IRQ c1=0
DMA IRQ c2=2
DMA IRQ c3=0
SELECT busy=3355
SELECT w0=3355
SELECT w1=2110
SELECT w2=2039
BUSY TASK ewma=997
DMA IRQ c0=0
DMA IRQ c1=0
DMA IRQ c2=2
DMA IRQ c3=0
SELECT busy=3383
SELECT w0=3385
SELECT w1=2132
SELECT w2=2059
BUSY TASK ewma=997
DMA IRQ c0=0
DMA IRQ c1=0
DMA IRQ c2=2
DMA IRQ c3=0
SELECT busy=3409
SELECT w0=3409
SELECT w1=2144
SELECT w2=2072
BUSY TASK ewma=997
DMA IRQ c0=0
DMA IRQ c1=0
DMA IRQ c2=2
DMA IRQ c3=0
SELECT busy=3429
SELECT w0=3430
SELECT w1=2160
SELECT w2=2087
BUSY TASK ewma=997
DMA IRQ c0=0
DMA IRQ c1=0
DMA IRQ c2=2
DMA IRQ c3=0
SELECT busy=3461
SELECT w0=3460
SELECT w1=2179
SELECT w2=2105
BUSY TASK ewma=997
DMA IRQ c0=0
DMA IRQ c1=0
DMA IRQ c2=2
DMA IRQ c3=0
SELECT busy=3485
SELECT w0=3489
SELECT w1=2200
SELECT w2=2119
BUSY TASK ewma=997
DMA IRQ c0=0
DMA IRQ c1=0
DMA IRQ c2=2
DMA IRQ c3=0
SELECT busy=3511
SELECT w0=3511
SELECT w1=2214
SELECT w2=2131
BUSY TASK ewma=997
DMA IRQ c0=0
DMA IRQ c1=0
DMA IRQ c2=2
DMA IRQ c3=0
SELECT busy=3524
SELECT w0=3525
SELECT w1=2223
SELECT w2=2139
BUSY TASK ewma=997
DMA IRQ c0=0
DMA IRQ c1=0
DMA IRQ c2=2
DMA IRQ c3=0
SELECT busy=3548
SELECT w0=3549
SELECT w1=2238
SELECT w2=2153
BUSY TASK ewma=997
DMA IRQ c0=0
DMA IRQ c1=0
DMA IRQ c2=2
DMA IRQ c3=0
SELECT busy=3568
SELECT w0=3567
SELECT w1=2246
SELECT w2=2161
BUSY TASK ewma=997
DMA IRQ c0=0
DMA IRQ c1=0
DMA IRQ c2=2
DMA IRQ c3=0
SELECT busy=3590
SELECT w0=3589
SELECT w1=2257
SELECT w2=2171
BUSY TASK ewma=997
DMA IRQ c0=0
DMA IRQ c1=0
DMA IRQ c2=2
DMA IRQ c3=0
SELECT busy=3617
SELECT w0=3617
SELECT w1=2280
SELECT w2=2184
BUSY TASK ewma=997
DMA IRQ c0=0
DMA IRQ c1=0
DMA IRQ c2=2
DMA IRQ c3=0
SELECT busy=3650
SELECT w0=3650
SELECT w1=2299
SELECT w2=2200
BUSY TASK ewma=997
DMA IRQ c0=0
DMA IRQ c1=0
DMA IRQ c2=2
DMA IRQ c3=0
SELECT busy=3679
SELECT w0=3678
SELECT w1=2315
SELECT w2=2217
BUSY TASK ewma=997
DMA IRQ c0=0
DMA IRQ c1=0
DMA IRQ c2=2
DMA IRQ c3=0
SELECT busy=3710
SELECT w0=3710
SELECT w1=2332
SELECT w2=2240
BUSY TASK ewma=997
DMA IRQ c0=0
DMA IRQ c1=0
DMA IRQ c2=2
DMA IRQ c3=0
SELECT busy=3727
SELECT w0=3726
SELECT w1=2341
SELECT w2=2247
BUSY TASK ewma=997
DMA IRQ c0=0
DMA IRQ c1=0
DMA IRQ c2=2
DMA IRQ c3=0
SELECT busy=3746
SELECT w0=3745
SELECT w1=2351
SELECT w2=2261
BUSY TASK ewma=997
DMA IRQ c0=0
DMA IRQ c1=0
DMA IRQ c2=2
DMA IRQ c3=0
SELECT busy=3785
SELECT w0=3785
SELECT w1=2372
SELECT w2=2282
BUSY TASK ewma=997
DMA IRQ c0=0
DMA IRQ c1=0
DMA IRQ c2=2
DMA IRQ c3=0
SELECT busy=3802
SELECT w0=3801
SELECT w1=2383
SELECT w2=2291
BUSY TASK ewma=997
DMA IRQ c0=0
DMA IRQ c1=0
DMA IRQ c2=2
DMA IRQ c3=0
SELECT busy=3825
SELECT w0=3826
SELECT w1=2397
SELECT w2=2308
BUSY TASK ewma=997
DMA IRQ c0=0
DMA IRQ c1=0
DMA IRQ c2=2
DMA IRQ c3=0
SELECT busy=3847
SELECT w0=3847
SELECT w1=2410
SELECT w2=2329
BUSY TASK ewma=997
DMA IRQ c0=0
DMA IRQ c1=0
DMA IRQ c2=2
DMA IRQ c3=0
SELECT busy=3874
SELECT w0=3873
SELECT w1=2426
SELECT w2=2342
BUSY TASK ewma=997
DMA IRQ c0=0
DMA IRQ c1=0
DMA IRQ c2=2
DMA IRQ c3=0
SELECT busy=3891
SELECT w0=3891
SELECT w1=2443
SELECT w2=2355
BUSY TASK ewma=997
DMA IRQ c0=0
DMA IRQ c1=0
DMA IRQ c2=2
DMA IRQ c3=0
SELECT busy=3919
SELECT w0=3918
SELECT w1=2457
SELECT w2=2368
BUSY TASK ewma=997
DMA IRQ c0=0
DMA IRQ c1=0
DMA IRQ c2=2
DMA IRQ c3=0
SELECT busy=3937
SELECT w0=3937
SELECT w1=2468
SELECT w2=2378
BUSY TASK ewma=997
DMA IRQ c0=0
DMA IRQ c1=0
DMA IRQ c2=2
DMA IRQ c3=0
SELECT busy=3959
SELECT w0=3958
SELECT w1=2480
SELECT w2=2390
BUSY TASK ewma=997
DMA IRQ c0=0
DMA IRQ c1=0
DMA IRQ c2=2
DMA IRQ c3=0
SELECT busy=3993
SELECT w0=3992
SELECT w1=2500
SELECT w2=2407
BUSY TASK ewma=997
DMA IRQ c0=0
DMA IRQ c1=0
DMA IRQ c2=2
DMA IRQ c3=0
SELECT busy=4011
SELECT w0=4010
SELECT w1=2506
SELECT w2=2414
BUSY TASK ewma=997
DMA IRQ c0=0
DMA IRQ c1=0
DMA IRQ c2=2
DMA IRQ c3=0
SELECT busy=4027
SELECT w0=4027
SELECT w1=2512
SELECT w2=2420
BUSY TASK ewma=997
DMA IRQ c0=0
DMA IRQ c1=0
DMA IRQ c2=2
DMA IRQ c3=0
SELECT busy=4051
SELECT w0=4051
SELECT w1=2525
SELECT w2=2434
BUSY TASK ewma=997
DMA IRQ c0=0
DMA IRQ c1=0
DMA IRQ c2=2
DMA IRQ c3=0
SELECT busy=4067
SELECT w0=4066
SELECT w1=2535
SELECT w2=2443
BUSY TASK ewma=997
DMA IRQ c0=0
DMA IRQ c1=0
DMA IRQ c2=2
DMA IRQ c3=0
SELECT busy=4086
SELECT w0=4086
SELECT w1=2545
SELECT w2=2452
BUSY TASK ewma=997
DMA IRQ c0=0
DMA IRQ c1=0
DMA IRQ c2=2
DMA IRQ c3=0
SELECT busy=4107
SELECT w0=4106
SELECT w1=2556
SELECT w2=2460
BUSY TASK ewma=997
DMA IRQ c0=0
DMA IRQ c1=0
DMA IRQ c2=2
DMA IRQ c3=0
SELECT busy=4127
SELECT w0=4129
SELECT w1=2573
SELECT w2=2480
BUSY TASK ewma=997
DMA IRQ c0=0
DMA IRQ c1=0
DMA IRQ c2=2
DMA IRQ c3=0
SELECT busy=4149
SELECT w0=4149
SELECT w1=2591
SELECT w2=2495
BUSY TASK ewma=997
DMA IRQ c0=0
DMA IRQ c1=0
DMA IRQ c2=2
DMA IRQ c3=0
SELECT busy=4169
SELECT w0=4168
SELECT w1=2599
SELECT w2=2502
BUSY TASK ewma=997
DMA IRQ c0=0
DMA IRQ c1=0
DMA IRQ c2=2
DMA IRQ c3=0
SELECT busy=4192
SELECT w0=4193
SELECT w1=2609
SELECT w2=2513
BUSY TASK ewma=997
DMA IRQ c0=0
DMA IRQ c1=0
DMA IRQ c2=2
DMA IRQ c3=0
SELECT busy=4218
SELECT w0=4217
SELECT w1=2622
SELECT w2=2531
BUSY TASK ewma=997
IRQ counts: cpu0=8468 cpu1=10622 cpu2=10228 cpu3=10133
SCHED secondaries: calls=30986 unexpected=0
SECTEST switches=30948 cpu1=130033768,132905361 cpu2=98873187,95848082 cpu3=136791511,136549573
PINGPONG rounds=1674 pongs=1675
DMA IRQ c0=0
DMA IRQ c1=0
DMA IRQ c2=2
DMA IRQ c3=0
SELECT busy=4241
SELECT w0=4240
SELECT w1=2630
SELECT w2=2539
BUSY TASK ewma=997
DMA IRQ c0=0
DMA IRQ c1=0
DMA IRQ c2=2
DMA IRQ c3=0
SELECT busy=4259
SELECT w0=4259
SELECT w1=2639
SELECT w2=2548
BUSY TASK ewma=997
DMA IRQ c0=0
DMA IRQ c1=0
DMA IRQ c2=2
DMA IRQ c3=0
SELECT busy=4283
SELECT w0=4282
SELECT w1=2649
SELECT w2=2558
BUSY TASK ewma=997
DMA IRQ c0=0
DMA IRQ c1=0
DMA IRQ c2=2
DMA IRQ c3=0
SELECT busy=4312
SELECT w0=4312
SELECT w1=2669
SELECT w2=2577
BUSY TASK ewma=997
DMA IRQ c0=0
DMA IRQ c1=0
DMA IRQ c2=2
DMA IRQ c3=0
SELECT busy=4331
SELECT w0=4331
SELECT w1=2682
SELECT w2=2589
BUSY TASK ewma=997
DMA IRQ c0=0
DMA IRQ c1=0
DMA IRQ c2=2
DMA IRQ c3=0
SELECT busy=4361
SELECT w0=4361
SELECT w1=2702
SELECT w2=2610
BUSY TASK ewma=997
DMA IRQ c0=0
DMA IRQ c1=0
DMA IRQ c2=2
DMA IRQ c3=0
SELECT busy=4386
SELECT w0=4386
SELECT w1=2716
SELECT w2=2628
BUSY TASK ewma=997
DMA IRQ c0=0
DMA IRQ c1=0
DMA IRQ c2=2
DMA IRQ c3=0
SELECT busy=4410
SELECT w0=4410
SELECT w1=2729
SELECT w2=2642
BUSY TASK ewma=997
DMA IRQ c0=0
DMA IRQ c1=0
DMA IRQ c2=2
DMA IRQ c3=0
SELECT busy=4431
SELECT w0=4431
SELECT w1=2738
SELECT w2=2651
BUSY TASK ewma=997
DMA IRQ c0=0
DMA IRQ c1=0
DMA IRQ c2=2
DMA IRQ c3=0
SELECT busy=4451
SELECT w0=4450
SELECT w1=2743
SELECT w2=2658
BUSY TASK ewma=997
DMA IRQ c0=0
DMA IRQ c1=0
DMA IRQ c2=2
DMA IRQ c3=0
SELECT busy=4474
SELECT w0=4473
SELECT w1=2756
SELECT w2=2671
BUSY TASK ewma=997
DMA IRQ c0=0
DMA IRQ c1=0
DMA IRQ c2=2
DMA IRQ c3=0
SELECT busy=4490
SELECT w0=4489
SELECT w1=2765
SELECT w2=2679
BUSY TASK ewma=997
DMA IRQ c0=0
DMA IRQ c1=0
DMA IRQ c2=2
DMA IRQ c3=0
SELECT busy=4509
SELECT w0=4509
SELECT w1=2772
SELECT w2=2686
BUSY TASK ewma=997
DMA IRQ c0=0
DMA IRQ c1=0
DMA IRQ c2=2
DMA IRQ c3=0
SELECT busy=4529
SELECT w0=4529
SELECT w1=2779
SELECT w2=2693
BUSY TASK ewma=997
DMA IRQ c0=0
DMA IRQ c1=0
DMA IRQ c2=2
DMA IRQ c3=0
SELECT busy=4552
SELECT w0=4551
SELECT w1=2792
SELECT w2=2704
BUSY TASK ewma=997
DMA IRQ c0=0
DMA IRQ c1=0
DMA IRQ c2=2
DMA IRQ c3=0
SELECT busy=4578
SELECT w0=4578
SELECT w1=2814
SELECT w2=2721
BUSY TASK ewma=997
DMA IRQ c0=0
DMA IRQ c1=0
DMA IRQ c2=2
DMA IRQ c3=0
SELECT busy=4597
SELECT w0=4598
SELECT w1=2830
SELECT wqemu-system-aarch64: terminating on signal 15 from pid 225520 (timeout)
2