P4 M7: full integration test boot OK
CPU0: MPIDR_EL1=0x0000000080000000
CPU0: psci_cpu_on target=1 rc=0
CPU1: alive, MPIDR_EL1=0x0000000080000001 this_cpu()->cpu_id=1
CPU0: psci_cpu_on target=2 rc=0
CPU2: alive, MPIDR_EL1=0x0000000080000002 this_cpu()->cpu_id=2
CPU0: psci_cpu_on target=3 rc=0
CPU3: alive, MPIDR_EL1=0x0000000080000003 this_cpu()->cpu_id=3
CPUs online: 4
DMA IRQ target cpu=2
D2b: worker 2 runs on CPU2
D2b: worker 1 runs on CPU1
D2b: worker 0 runs on CPU0
P4 M7: worker submitted cmd_id=2
P4 M7: worker submitted cmd_id=3
P4 M7: worker submitted cmd_id=1
BUSY TASK ewma=985
DMA IRQ c0=0
DMA IRQ c1=0
DMA IRQ c2=0
DMA IRQ c3=0
SELECT busy=20
SELECT w0=4
SELECT w1=4
SELECT w2=3
P4 M7: worker DATA OK, cmd_id=2
BUSY TASK ewma=997
P4 M7: worker DATA OK, cmd_id=1
WORKER ewma=881
WORKER ewma=916
P4 M7: worker DATA OK, cmd_id=3
WORKER ewma=831
DMA IRQ c0=0
DMA IRQ c1=0
DMA IRQ c2=2
DMA IRQ c3=0
SELECT busy=51
SELECT w0=30
SELECT w1=49
SELECT w2=59
BUSY TASK ewma=997
DMA IRQ c0=0
DMA IRQ c1=0
DMA IRQ c2=2
DMA IRQ c3=0
SELECT busy=70
SELECT w0=48
SELECT w1=59
SELECT w2=71
BUSY TASK ewma=997
DMA IRQ c0=0
DMA IRQ c1=0
DMA IRQ c2=2
DMA IRQ c3=0
SELECT busy=87
SELECT w0=67
SELECT w1=69
SELECT w2=86
BUSY TASK ewma=997
DMA IRQ c0=0
DMA IRQ c1=0
DMA IRQ c2=2
DMA IRQ c3=0
SELECT busy=105
SELECT w0=84
SELECT w1=81
SELECT w2=98
BUSY TASK ewma=997
DMA IRQ c0=0
DMA IRQ c1=0
DMA IRQ c2=2
DMA IRQ c3=0
SELECT busy=120
SELECT w0=98
SELECT w1=87
SELECT w2=107
BUSY TASK ewma=997
DMA IRQ c0=0
DMA IRQ c1=0
DMA IRQ c2=2
DMA IRQ c3=0
SELECT busy=137
SELECT w0=115
SELECT w1=98
SELECT w2=118
BUSY TASK ewma=997
DMA IRQ c0=0
DMA IRQ c1=0
DMA IRQ c2=2
DMA IRQ c3=0
SELECT busy=154
SELECT w0=134
SELECT w1=108
SELECT w2=128
BUSY TASK ewma=997
DMA IRQ c0=0
DMA IRQ c1=0
DMA IRQ c2=2
DMA IRQ c3=0
SELECT busy=182
SELECT w0=161
SELECT w1=127
SELECT w2=148
BUSY TASK ewma=997
DMA IRQ c0=0
DMA IRQ c1=0
DMA IRQ c2=2
DMA IRQ c3=0
SELECT busy=210
SELECT w0=189
SELECT w1=144
SELECT w2=166
BUSY TASK ewma=997
DMA IRQ c0=0
DMA IRQ c1=0
DMA IRQ c2=2
DMA IRQ c3=0
SELECT busy=238
SELECT w0=216
SELECT w1=158
SELECT w2=183
BUSY TASK ewma=997
DMA IRQ c0=0
DMA IRQ c1=0
DMA IRQ c2=2
DMA IRQ c3=0
SELECT busy=249
SELECT w0=227
SELECT w1=162
SELECT w2=188
BUSY TASK ewma=997
DMA IRQ c0=0
DMA IRQ c1=0
DMA IRQ c2=2
DMA IRQ c3=0
SELECT busy=274
SELECT w0=252
SELECT w1=173
SELECT w2=200
BUSY TASK ewma=997
DMA IRQ c0=0
DMA IRQ c1=0
DMA IRQ c2=2
DMA IRQ c3=0
SELECT busy=307
SELECT w0=287
SELECT w1=196
SELECT w2=223
BUSY TASK ewma=997
DMA IRQ c0=0
DMA IRQ c1=0
DMA IRQ c2=2
DMA IRQ c3=0
SELECT busy=343
SELECT w0=322
SELECT w1=216
SELECT w2=237
BUSY TASK ewma=997
DMA IRQ c0=0
DMA IRQ c1=0
DMA IRQ c2=2
DMA IRQ c3=0
SELECT busy=368
SELECT w0=348
SELECT w1=234
SELECT w2=249
BUSY TASK ewma=997
DMA IRQ c0=0
DMA IRQ c1=0
DMA IRQ c2=2
DMA IRQ c3=0
SELECT busy=389
SELECT w0=367
SELECT w1=247
SELECT w2=261
BUSY TASK ewma=997
DMA IRQ c0=0
DMA IRQ c1=0
DMA IRQ c2=2
DMA IRQ c3=0
SELECT busy=408
SELECT w0=387
SELECT w1=259
SELECT w2=275
BUSY TASK ewma=997
DMA IRQ c0=0
DMA IRQ c1=0
DMA IRQ c2=2
DMA IRQ c3=0
SELECT busy=428
SELECT w0=407
SELECT w1=270
SELECT w2=285
BUSY TASK ewma=997
DMA IRQ c0=0
DMA IRQ c1=0
DMA IRQ c2=2
DMA IRQ c3=0
SELECT busy=447
SELECT w0=425
SELECT w1=279
SELECT w2=296
BUSY TASK ewma=997
DMA IRQ c0=0
DMA IRQ c1=0
DMA IRQ c2=2
DMA IRQ c3=0
SELECT busy=469
SELECT w0=447
SELECT w1=290
SELECT w2=306
BUSY TASK ewma=997
DMA IRQ c0=0
DMA IRQ c1=0
DMA IRQ c2=2
DMA IRQ c3=0
SELECT busy=484
SELECT w0=463
SELECT w1=307
SELECT w2=317
BUSY TASK ewma=997
DMA IRQ c0=0
DMA IRQ c1=0
DMA IRQ c2=2
DMA IRQ c3=0
SELECT busy=508
SELECT w0=487
SELECT w1=320
SELECT w2=329
BUSY TASK ewma=997
DMA IRQ c0=0
DMA IRQ c1=0
DMA IRQ c2=2
DMA IRQ c3=0
SELECT busy=539
SELECT w0=518
SELECT w1=335
SELECT w2=346
BUSY TASK ewma=997
DMA IRQ c0=0
DMA IRQ c1=0
DMA IRQ c2=2
DMA IRQ c3=0
SELECT busy=557
SELECT w0=535
SELECT w1=346
SELECT w2=355
BUSY TASK ewma=997
DMA IRQ c0=0
DMA IRQ c1=0
DMA IRQ c2=2
DMA IRQ c3=0
SELECT busy=576
SELECT w0=554
SELECT w1=355
SELECT w2=364
BUSY TASK ewma=997
DMA IRQ c0=0
DMA IRQ c1=0
DMA IRQ c2=2
DMA IRQ c3=0
SELECT busy=617
SELECT w0=597
SELECT w1=383
SELECT w2=394
BUSY TASK ewma=997
DMA IRQ c0=0
DMA IRQ c1=0
DMA IRQ c2=2
DMA IRQ c3=0
SELECT busy=646
SELECT w0=624
SELECT w1=400
SELECT w2=407
BUSY TASK ewma=997
DMA IRQ c0=0
DMA IRQ c1=0
DMA IRQ c2=2
DMA IRQ c3=0
SELECT busy=662
SELECT w0=640
SELECT w1=411
SELECT w2=416
BUSY TASK ewma=997
DMA IRQ c0=0
DMA IRQ c1=0
DMA IRQ c2=2
DMA IRQ c3=0
SELECT busy=677
SELECT w0=655
SELECT w1=419
SELECT w2=421
BUSY TASK ewma=997
DMA IRQ c0=0
DMA IRQ c1=0
DMA IRQ c2=2
DMA IRQ c3=0
SELECT busy=687
SELECT w0=666
SELECT w1=429
SELECT w2=430
BUSY TASK ewma=997
DMA IRQ c0=0
DMA IRQ c1=0
DMA IRQ c2=2
DMA IRQ c3=0
SELECT busy=712
SELECT w0=692
SELECT w1=449
SELECT w2=448
BUSY TASK ewma=997
DMA IRQ c0=0
DMA IRQ c1=0
DMA IRQ c2=2
DMA IRQ c3=0
SELECT busy=737
SELECT w0=716
SELECT w1=465
SELECT w2=465
BUSY TASK ewma=997
DMA IRQ c0=0
DMA IRQ c1=0
DMA IRQ c2=2
DMA IRQ c3=0
SELECT busy=762
SELECT w0=741
SELECT w1=483
SELECT w2=483
BUSY TASK ewma=997
DMA IRQ c0=0
DMA IRQ c1=0
DMA IRQ c2=2
DMA IRQ c3=0
SELECT busy=782
SELECT w0=760
SELECT w1=488
SELECT w2=487
BUSY TASK ewma=997
DMA IRQ c0=0
DMA IRQ c1=0
DMA IRQ c2=2
DMA IRQ c3=0
SELECT busy=802
SELECT w0=780
SELECT w1=511
SELECT w2=499
BUSY TASK ewma=997
DMA IRQ c0=0
DMA IRQ c1=0
DMA IRQ c2=2
DMA IRQ c3=0
SELECT busy=820
SELECT w0=799
SELECT w1=521
SELECT w2=510
BUSY TASK ewma=997
DMA IRQ c0=0
DMA IRQ c1=0
DMA IRQ c2=2
DMA IRQ c3=0
SELECT busy=842
SELECT w0=820
SELECT w1=535
SELECT w2=527
BUSY TASK ewma=997
DMA IRQ c0=0
DMA IRQ c1=0
DMA IRQ c2=2
DMA IRQ c3=0
SELECT busy=878
SELECT w0=859
SELECT w1=565
SELECT w2=549
BUSY TASK ewma=997
DMA IRQ c0=0
DMA IRQ c1=0
DMA IRQ c2=2
DMA IRQ c3=0
SELECT busy=904
SELECT w0=883
SELECT w1=581
SELECT w2=562
BUSY TASK ewma=997
DMA IRQ c0=0
DMA IRQ c1=0
DMA IRQ c2=2
DMA IRQ c3=0
SELECT busy=928
SELECT w0=907
SELECT w1=592
SELECT w2=571
BUSY TASK ewma=997
DMA IRQ c0=0
DMA IRQ c1=0
DMA IRQ c2=2
DMA IRQ c3=0
SELECT busy=946
SELECT w0=924
SELECT w1=596
SELECT w2=575
BUSY TASK ewma=997
DMA IRQ c0=0
DMA IRQ c1=0
DMA IRQ c2=2
DMA IRQ c3=0
SELECT busy=968
SELECT w0=947
SELECT w1=607
SELECT w2=592
BUSY TASK ewma=997
DMA IRQ c0=0
DMA IRQ c1=0
DMA IRQ c2=2
DMA IRQ c3=0
SELECT busy=998
SELECT w0=977
SELECT w1=625
SELECT w2=613
BUSY TASK ewma=997
DMA IRQ c0=0
DMA IRQ c1=0
DMA IRQ c2=2
DMA IRQ c3=0
SELECT busy=1018
SELECT w0=997
SELECT w1=637
SELECT w2=623
BUSY TASK ewma=997
DMA IRQ c0=0
DMA IRQ c1=0
DMA IRQ c2=2
DMA IRQ c3=0
SELECT busy=1036
SELECT w0=1017
SELECT w1=650
SELECT w2=635
BUSY TASK ewma=997
DMA IRQ c0=0
DMA IRQ c1=0
DMA IRQ c2=2
DMA IRQ c3=0
SELECT busy=1060
SELECT w0=1038
SELECT w1=658
SELECT w2=643
BUSY TASK ewma=997
DMA IRQ c0=0
DMA IRQ c1=0
DMA IRQ c2=2
DMA IRQ c3=0
SELECT busy=1079
SELECT w0=1058
SELECT w1=673
SELECT w2=655
BUSY TASK ewma=997
DMA IRQ c0=0
DMA IRQ c1=0
DMA IRQ c2=2
DMA IRQ c3=0
SELECT busy=1118
SELECT w0=1097
SELECT w1=696
SELECT w2=676
BUSY TASK ewma=997
DMA IRQ c0=0
DMA IRQ c1=0
DMA IRQ c2=2
DMA IRQ c3=0
SELECT busy=1136
SELECT w0=1115
SELECT w1=707
SELECT w2=690
BUSY TASK ewma=997
DMA IRQ c0=0
DMA IRQ c1=0
DMA IRQ c2=2
DMA IRQ c3=0
SELECT busy=1158
SELECT w0=1137
SELECT w1=729
SELECT w2=707
BUSY TASK ewma=997
DMA IRQ c0=0
DMA IRQ c1=0
DMA IRQ c2=2
DMA IRQ c3=0
SELECT busy=1178
SELECT w0=1156
SELECT w1=746
SELECT w2=719
BUSY TASK ewma=997
DMA IRQ c0=0
DMA IRQ c1=0
DMA IRQ c2=2
DMA IRQ c3=0
SELECT busy=1194
SELECT w0=1173
SELECT w1=759
SELECT w2=734
BUSY TASK ewma=997
DMA IRQ c0=0
DMA IRQ c1=0
DMA IRQ c2=2
DMA IRQ c3=0
SELECT busy=1211
SELECT w0=1189
SELECT w1=771
SELECT w2=745
BUSY TASK ewma=997
DMA IRQ c0=0
DMA IRQ c1=0
DMA IRQ c2=2
DMA IRQ c3=0
SELECT busy=1227
SELECT w0=1206
SELECT w1=782
SELECT w2=757
BUSY TASK ewma=997
DMA IRQ c0=0
DMA IRQ c1=0
DMA IRQ c2=2
DMA IRQ c3=0
SELECT busy=1251
SELECT w0=1229
SELECT w1=796
SELECT w2=771
BUSY TASK ewma=997
DMA IRQ c0=0
DMA IRQ c1=0
DMA IRQ c2=2
DMA IRQ c3=0
SELECT busy=1268
SELECT w0=1246
SELECT w1=806
SELECT w2=779
BUSY TASK ewma=997
DMA IRQ c0=0
DMA IRQ c1=0
DMA IRQ c2=2
DMA IRQ c3=0
SELECT busy=1286
SELECT w0=1265
SELECT w1=819
SELECT w2=789
BUSY TASK ewma=997
DMA IRQ c0=0
DMA IRQ c1=0
DMA IRQ c2=2
DMA IRQ c3=0
SELECT busy=1308
SELECT w0=1287
SELECT w1=840
SELECT w2=803
BUSY TASK ewma=997
DMA IRQ c0=0
DMA IRQ c1=0
DMA IRQ c2=2
DMA IRQ c3=0
SELECT busy=1332
SELECT w0=1311
SELECT w1=855
SELECT w2=820
BUSY TASK ewma=997
DMA IRQ c0=0
DMA IRQ c1=0
DMA IRQ c2=2
DMA IRQ c3=0
SELECT busy=1362
SELECT w0=1340
SELECT w1=872
SELECT w2=842
BUSY TASK ewma=997
DMA IRQ c0=0
DMA IRQ c1=0
DMA IRQ c2=2
DMA IRQ c3=0
SELECT busy=1385
SELECT w0=1364
SELECT w1=882
SELECT w2=853
BUSY TASK ewma=997
DMA IRQ c0=0
DMA IRQ c1=0
DMA IRQ c2=2
DMA IRQ c3=0
SELECT busy=1412
SELECT w0=1391
SELECT w1=898
SELECT w2=872
BUSY TASK ewma=997
IRQ counts: cpu0=2835 cpu1=3712 cpu2=3563 cpu3=3537
SCHED secondaries: calls=10815 unexpected=0
SECTEST switches=10774 cpu1=43623794,43186708 cpu2=33437863,31626465 cpu3=45404923,45376177
PINGPONG rounds=568 pongs=569
DMA IRQ c0=0
DMA IRQ c1=0
DMA IRQ c2=2
DMA IRQ c3=0
SELECT busy=1447
SELECT w0=1426
SELECT w1=918
SELECT w2=895
BUSY TASK ewma=997
DMA IRQ c0=0
DMA IRQ c1=0
DMA IRQ c2=2
DMA IRQ c3=0
SELECT busy=1475
SELECT w0=1453
SELECT w1=933
SELECT w2=913
BUSY TASK ewma=997
DMA IRQ c0=0
DMA IRQ c1=0
DMA IRQ c2=2
DMA IRQ c3=0
SELECT busy=1497
SELECT w0=1476
SELECT w1=947
SELECT w2=926
BUSY TASK ewma=997
DMA IRQ c0=0
DMA IRQ c1=0
DMA IRQ c2=2
DMA IRQ c3=0
SELECT busy=1523
SELECT w0=1502
SELECT w1=962
SELECT w2=939
BUSY TASK ewma=997
DMA IRQ c0=0
DMA IRQ c1=0
DMA IRQ c2=2
DMA IRQ c3=0
SELECT busy=1544
SELECT w0=1522
SELECT w1=971
SELECT w2=950
BUSY TASK ewma=997
DMA IRQ c0=0
DMA IRQ c1=0
DMA IRQ c2=2
DMA IRQ c3=0
SELECT busy=1564
SELECT w0=1543
SELECT w1=984
SELECT w2=963
BUSY TASK ewma=997
DMA IRQ c0=0
DMA IRQ c1=0
DMA IRQ c2=2
DMA IRQ c3=0
SELECT busy=1582
SELECT w0=1561
SELECT w1=994
SELECT w2=974
BUSY TASK ewma=997
DMA IRQ c0=0
DMA IRQ c1=0
DMA IRQ c2=2
DMA IRQ c3=0
SELECT busy=1619
SELECT w0=1598
SELECT w1=1014
SELECT w2=994
BUSY TASK ewma=997
DMA IRQ c0=0
DMA IRQ c1=0
DMA IRQ c2=2
DMA IRQ c3=0
SELECT busy=1657
SELECT w0=1636
SELECT w1=1035
SELECT w2=1016
BUSY TASK ewma=997
DMA IRQ c0=0
DMA IRQ c1=0
DMA IRQ c2=2
DMA IRQ c3=0
SELECT busy=1689
SELECT w0=1667
SELECT w1=1049
SELECT w2=1028
BUSY TASK ewma=997
DMA IRQ c0=0
DMA IRQ c1=0
DMA IRQ c2=2
DMA IRQ c3=0
SELECT busy=1715
SELECT w0=1694
SELECT w1=1066
SELECT w2=1050
BUSY TASK ewma=997
DMA IRQ c0=0
DMA IRQ c1=0
DMA IRQ c2=2
DMA IRQ c3=0
SELECT busy=1736
SELECT w0=1715
SELECT w1=1080
SELECT w2=1069
BUSY TASK ewma=997
DMA IRQ c0=0
DMA IRQ c1=0
DMA IRQ c2=2
DMA IRQ c3=0
SELECT busy=1764
SELECT w0=1743
SELECT w1=1095
SELECT w2=1088
BUSY TASK ewma=997
DMA IRQ c0=0
DMA IRQ c1=0
DMA IRQ c2=2
DMA IRQ c3=0
SELECT busy=1793
SELECT w0=1771
SELECT w1=1109
SELECT w2=1101
BUSY TASK ewma=997
DMA IRQ c0=0
DMA IRQ c1=0
DMA IRQ c2=2
DMA IRQ c3=0
SELECT busy=1812
SELECT w0=1790
SELECT w1=1124
SELECT w2=1114
BUSY TASK ewma=997
DMA IRQ c0=0
DMA IRQ c1=0
DMA IRQ c2=2
DMA IRQ c3=0
SELECT busy=1831
SELECT w0=1811
SELECT w1=1144
SELECT w2=1129
BUSY TASK ewma=997
DMA IRQ c0=0
DMA IRQ c1=0
DMA IRQ c2=2
DMA IRQ c3=0
SELECT busy=1856
SELECT w0=1834
SELECT w1=1157
SELECT w2=1141
BUSY TASK ewma=997
DMA IRQ c0=0
DMA IRQ c1=0
DMA IRQ c2=2
DMA IRQ c3=0
SELECT busy=1880
SELECT w0=1859
SELECT w1=1175
SELECT w2=1156
BUSY TASK ewma=997
DMA IRQ c0=0
DMA IRQ c1=0
DMA IRQ c2=2
DMA IRQ c3=0
SELECT busy=1908
SELECT w0=1886
SELECT w1=1195
SELECT w2=1178
BUSY TASK ewma=997
DMA IRQ c0=0
DMA IRQ c1=0
DMA IRQ c2=2
DMA IRQ c3=0
SELECT busy=1929
SELECT w0=1909
SELECT w1=1210
SELECT w2=1193
BUSY TASK ewma=997
DMA IRQ c0=0
DMA IRQ c1=0
DMA IRQ c2=2
DMA IRQ c3=0
SELECT busy=1953
SELECT w0=1931
SELECT w1=1221
SELECT w2=1205
BUSY TASK ewma=997
DMA IRQ c0=0
DMA IRQ c1=0
DMA IRQ c2=2
DMA IRQ c3=0
SELECT busy=1975
SELECT w0=1954
SELECT w1=1234
SELECT w2=1218
BUSY TASK ewma=997
DMA IRQ c0=0
DMA IRQ c1=0
DMA IRQ c2=2
DMA IRQ c3=0
SELECT busy=2005
SELECT w0=1983
SELECT w1=1252
SELECT w2=1234
BUSY TASK ewma=997
DMA IRQ c0=0
DMA IRQ c1=0
DMA IRQ c2=2
DMA IRQ c3=0
SELECT busy=2025
SELECT w0=2003
SELECT w1=1260
SELECT w2=1242
BUSY TASK ewma=997
DMA IRQ c0=0
DMA IRQ c1=0
DMA IRQ c2=2
DMA IRQ c3=0
SELECT busy=2055
SELECT w0=2034
SELECT w1=1276
SELECT w2=1259
BUSY TASK ewma=997
DMA IRQ c0=0
DMA IRQ c1=0
DMA IRQ c2=2
DMA IRQ c3=0
SELECT busy=2081
SELECT w0=2059
SELECT w1=1285
SELECT w2=1270
BUSY TASK ewma=997
DMA IRQ c0=0
DMA IRQ c1=0
DMA IRQ c2=2
DMA IRQ c3=0
SELECT busy=2105
SELECT w0=2083
SELECT w1=1301
SELECT w2=1285
BUSY TASK ewma=997
DMA IRQ c0=0
DMA IRQ c1=0
DMA IRQ c2=2
DMA IRQ c3=0
SELECT busy=2123
SELECT w0=2101
SELECT w1=1309
SELECT w2=1292
BUSY TASK ewma=997
DMA IRQ c0=0
DMA IRQ c1=0
DMA IRQ c2=2
DMA IRQ c3=0
SELECT busy=2144
SELECT w0=2123
SELECT w1=1321
SELECT w2=1305
BUSY TASK ewma=997
DMA IRQ c0=0
DMA IRQ c1=0
DMA IRQ c2=2
DMA IRQ c3=0
SELECT busy=2168
SELECT w0=2146
SELECT w1=1334
SELECT w2=1316
BUSY TASK ewma=997
DMA IRQ c0=0
DMA IRQ c1=0
DMA IRQ c2=2
DMA IRQ c3=0
SELECT busy=2185
SELECT w0=2165
SELECT w1=1352
SELECT w2=1331
BUSY TASK ewma=997
DMA IRQ c0=0
DMA IRQ c1=0
DMA IRQ c2=2
DMA IRQ c3=0
SELECT busy=2205
SELECT w0=2184
SELECT w1=1366
SELECT w2=1339
BUSY TASK ewma=997
DMA IRQ c0=0
DMA IRQ c1=0
DMA IRQ c2=2
DMA IRQ c3=0
SELECT busy=2227
SELECT w0=2206
SELECT w1=1382
SELECT w2=1359
BUSY TASK ewma=997
DMA IRQ c0=0
DMA IRQ c1=0
DMA IRQ c2=2
DMA IRQ c3=0
SELECT busy=2246
SELECT w0=2225
SELECT w1=1395
SELECT w2=1376
BUSY TASK ewma=997
DMA IRQ c0=0
DMA IRQ c1=0
DMA IRQ c2=2
DMA IRQ c3=0
SELECT busy=2269
SELECT w0=2248
SELECT w1=1406
SELECT w2=1387
BUSY TASK ewma=997
DMA IRQ c0=0
DMA IRQ c1=0
DMA IRQ c2=2
DMA IRQ c3=0
SELECT busy=2295
SELECT w0=2273
SELECT w1=1417
SELECT w2=1397
BUSY TASK ewma=997
DMA IRQ c0=0
DMA IRQ c1=0
DMA IRQ c2=2
DMA IRQ c3=0
SELECT busy=2317
SELECT w0=2295
SELECT w1=1427
SELECT w2=1410
BUSY TASK ewma=997
DMA IRQ c0=0
DMA IRQ c1=0
DMA IRQ c2=2
DMA IRQ c3=0
SELECT busy=2342
SELECT w0=2321
SELECT w1=1443
SELECT w2=1430
BUSY TASK ewma=997
DMA IRQ c0=0
DMA IRQ c1=0
DMA IRQ c2=2
DMA IRQ c3=0
SELECT busy=2375
SELECT w0=2354
SELECT w1=1462
SELECT w2=1452
BUSY TASK ewma=997
DMA IRQ c0=0
DMA IRQ c1=0
DMA IRQ c2=2
DMA IRQ c3=0
SELECT busy=2393
SELECT w0=2371
SELECT w1=1471
SELECT w2=1461
BUSY TASK ewma=997
DMA IRQ c0=0
DMA IRQ c1=0
DMA IRQ c2=2
DMA IRQ c3=0
SELECT busy=2410
SELECT w0=2389
SELECT w1=1486
SELECT w2=1476
BUSY TASK ewma=997
DMA IRQ c0=0
DMA IRQ c1=0
DMA IRQ c2=2
DMA IRQ c3=0
SELECT busy=2432
SELECT w0=2410
SELECT w1=1497
SELECT w2=1487
BUSY TASK ewma=997
DMA IRQ c0=0
DMA IRQ c1=0
DMA IRQ c2=2
DMA IRQ c3=0
SELECT busy=2457
SELECT w0=2436
SELECT w1=1507
SELECT w2=1500
BUSY TASK ewma=997
DMA IRQ c0=0
DMA IRQ c1=0
DMA IRQ c2=2
DMA IRQ c3=0
SELECT busy=2474
SELECT w0=2452
SELECT w1=1517
SELECT w2=1507
BUSY TASK ewma=997
DMA IRQ c0=0
DMA IRQ c1=0
DMA IRQ c2=2
DMA IRQ c3=0
SELECT busy=2490
SELECT w0=2468
SELECT w1=1528
SELECT w2=1515
BUSY TASK ewma=997
DMA IRQ c0=0
DMA IRQ c1=0
DMA IRQ c2=2
DMA IRQ c3=0
SELECT busy=2511
SELECT w0=2490
SELECT w1=1541
SELECT w2=1528
BUSY TASK ewma=997
DMA IRQ c0=0
DMA IRQ c1=0
DMA IRQ c2=2
DMA IRQ c3=0
SELECT busy=2532
SELECT w0=2511
SELECT w1=1553
SELECT w2=1540
BUSY TASK ewma=997
DMA IRQ c0=0
DMA IRQ c1=0
DMA IRQ c2=2
DMA IRQ c3=0
SELECT busy=2545
SELECT w0=2523
SELECT w1=1561
SELECT w2=1548
BUSY TASK ewma=997
DMA IRQ c0=0
DMA IRQ c1=0
DMA IRQ c2=2
DMA IRQ c3=0
SELECT busy=2566
SELECT w0=2546
SELECT w1=1573
SELECT w2=1561
BUSY TASK ewma=997
DMA IRQ c0=0
DMA IRQ c1=0
DMA IRQ c2=2
DMA IRQ c3=0
SELECT busy=2595
SELECT w0=2574
SELECT w1=1591
SELECT w2=1579
BUSY TASK ewma=997
DMA IRQ c0=0
DMA IRQ c1=0
DMA IRQ c2=2
DMA IRQ c3=0
SELECT busy=2615
SELECT w0=2593
SELECT w1=1606
SELECT w2=1591
BUSY TASK ewma=997
DMA IRQ c0=0
DMA IRQ c1=0
DMA IRQ c2=2
DMA IRQ c3=0
SELECT busy=2635
SELECT w0=2613
SELECT w1=1616
SELECT w2=1603
BUSY TASK ewma=997
DMA IRQ c0=0
DMA IRQ c1=0
DMA IRQ c2=2
DMA IRQ c3=0
SELECT busy=2652
SELECT w0=2630
SELECT w1=1622
SELECT w2=1609
BUSY TASK ewma=997
DMA IRQ c0=0
DMA IRQ c1=0
DMA IRQ c2=2
DMA IRQ c3=0
SELECT busy=2670
SELECT w0=2648
SELECT w1=1629
SELECT w2=1615
BUSY TASK ewma=997
DMA IRQ c0=0
DMA IRQ c1=0
DMA IRQ c2=2
DMA IRQ c3=0
SELECT busy=2686
SELECT w0=2665
SELECT w1=1639
SELECT w2=1626
BUSY TASK ewma=997
DMA IRQ c0=0
DMA IRQ c1=0
DMA IRQ c2=2
DMA IRQ c3=0
SELECT busy=2707
SELECT w0=2688
SELECT w1=1653
SELECT w2=1642
BUSY TASK ewma=997
DMA IRQ c0=0
DMA IRQ c1=0
DMA IRQ c2=2
DMA IRQ c3=0
SELECT busy=2733
SELECT w0=2712
SELECT w1=1669
SELECT w2=1656
BUSY TASK ewma=997
DMA IRQ c0=0
DMA IRQ c1=0
DMA IRQ c2=2
DMA IRQ c3=0
SELECT busy=2753
SELECT w0=2733
SELECT w1=1687
SELECT w2=1668
BUSY TASK ewma=997
DMA IRQ c0=0
DMA IRQ c1=0
DMA IRQ c2=2
DMA IRQ c3=0
SELECT busy=2780
SELECT w0=2759
SELECT w1=1709
SELECT w2=1688
BUSY TASK ewma=997
DMA IRQ c0=0
DMA IRQ c1=0
DMA IRQ c2=2
DMA IRQ c3=0
SELECT busy=2797
SELECT w0=2776
SELECT w1=1723
SELECT w2=1698
BUSY TASK ewma=997
DMA IRQ c0=0
DMA IRQ c1=0
DMA IRQ c2=2
DMA IRQ c3=0
SELECT busy=2820
SELECT w0=2798
SELECT w1=1735
SELECT w2=1710
BUSY TASK ewma=997
DMA IRQ c0=0
DMA IRQ c1=0
DMA IRQ c2=2
DMA IRQ c3=0
SELECT busy=2840
SELECT w0=2819
SELECT w1=1747
SELECT w2=1722
BUSY TASK ewma=997
DMA IRQ c0=0
DMA IRQ c1=0
DMA IRQ c2=2
DMA IRQ c3=0
SELECT busy=2865
SELECT w0=2844
SELECT w1=1762
SELECT w2=1733
BUSY TASK ewma=997
DMA IRQ c0=0
DMA IRQ c1=0
DMA IRQ c2=2
DMA IRQ c3=0
SELECT busy=2883
SELECT w0=2861
SELECT w1=1771
SELECT w2=1740
BUSY TASK ewma=997
IRQ counts: cpu0=5775 cpu1=7329 cpu2=7169 cpu3=7066
SCHED secondaries: calls=21592 unexpected=0
SECTEST switches=21576 cpu1=84306435,83647232 cpu2=65354653,65095766 cpu3=90960038,88574559
PINGPONG rounds=1088 pongs=1089
DMA IRQ c0=0
DMA IRQ c1=0
DMA IRQ c2=2
DMA IRQ c3=0
SELECT busy=2907
SELECT w0=2886
SELECT w1=1787
SELECT w2=1759
BUSY TASK ewma=997
DMA IRQ c0=0
DMA IRQ c1=0
DMA IRQ c2=2
DMA IRQ c3=0
SELECT busy=2930
SELECT w0=2909
SELECT w1=1795
SELECT w2=1768
BUSY TASK ewma=997
DMA IRQ c0=0
DMA IRQ c1=0
DMA IRQ c2=2
DMA IRQ c3=0
SELECT busy=2949
SELECT w0=2927
SELECT w1=1805
SELECT w2=1779
BUSY TASK ewma=997
DMA IRQ c0=0
DMA IRQ c1=0
DMA IRQ c2=2
DMA IRQ c3=0
SELECT busy=2966
SELECT w0=2944
SELECT w1=1817
SELECT w2=1788
BUSY TASK ewma=997
DMA IRQ c0=0
DMA IRQ c1=0
DMA IRQ c2=2
DMA IRQ c3=0
SELECT busy=2984
SELECT w0=2963
SELECT w1=1826
SELECT w2=1798
BUSY TASK ewma=997
DMA IRQ c0=0
DMA IRQ c1=0
DMA IRQ c2=2
DMA IRQ c3=0
SELECT busy=3005
SELECT w0=2984
SELECT w1=1843
SELECT w2=1813
BUSY TASK ewma=997
DMA IRQ c0=0
DMA IRQ c1=0
DMA IRQ c2=2
DMA IRQ c3=0
SELECT busy=3032
SELECT w0=3011
SELECT w1=1861
SELECT w2=1828
BUSY TASK ewma=997
DMA IRQ c0=0
DMA IRQ c1=0
DMA IRQ c2=2
DMA IRQ c3=0
SELECT busy=3055
SELECT w0=3033
SELECT w1=1874
SELECT w2=1839
BUSY TASK ewma=997
DMA IRQ c0=0
DMA IRQ c1=0
DMA IRQ c2=2
DMA IRQ c3=0
SELECT busy=3080
SELECT w0=3059
SELECT w1=1887
SELECT w2=1853
BUSY TASK ewma=997
DMA IRQ c0=0
DMA IRQ c1=0
DMA IRQ c2=2
DMA IRQ c3=0
SELECT busy=3110
SELECT w0=3089
SELECT w1=1901
SELECT w2=1867
BUSY TASK ewma=997
DMA IRQ c0=0
DMA IRQ c1=0
DMA IRQ c2=2
DMA IRQ c3=0
SELECT busy=3133
SELECT w0=3112
SELECT w1=1913
SELECT w2=1881
BUSY TASK ewma=997
DMA IRQ c0=0
DMA IRQ c1=0
DMA IRQ c2=2
DMA IRQ c3=0
SELECT busy=3173
SELECT w0=3152
SELECT w1=1934
SELECT w2=1907
BUSY TASK ewma=997
DMA IRQ c0=0
DMA IRQ c1=0
DMA IRQ c2=2
DMA IRQ c3=0
SELECT busy=3193
SELECT w0=3172
SELECT w1=1945
SELECT w2=1918
BUSY TASK ewma=997
DMA IRQ c0=0
DMA IRQ c1=0
DMA IRQ c2=2
DMA IRQ c3=0
SELECT busy=3213
SELECT w0=3193
SELECT w1=1963
SELECT w2=1936
BUSY TASK ewma=997
DMA IRQ c0=0
DMA IRQ c1=0
DMA IRQ c2=2
DMA IRQ c3=0
SELECT busy=3236
SELECT w0=3214
SELECT w1=1972
SELECT w2=1943
BUSY TASK ewma=997
DMA IRQ c0=0
DMA IRQ c1=0
DMA IRQ c2=2
DMA IRQ c3=0
SELECT busy=3257
SELECT w0=3236
SELECT w1=1987
SELECT w2=1960
BUSY TASK ewma=997
DMA IRQ c0=0
DMA IRQ c1=0
DMA IRQ c2=2
DMA IRQ c3=0
SELECT busy=3284
SELECT w0=3263
SELECT w1=2003
SELECT w2=1975
BUSY TASK ewma=997
DMA IRQ c0=0
DMA IRQ c1=0
DMA IRQ c2=2
DMA IRQ c3=0
SELECT busy=3302
SELECT w0=3280
SELECT w1=2017
SELECT w2=1983
BUSY TASK ewma=997
DMA IRQ c0=0
DMA IRQ c1=0
DMA IRQ c2=2
DMA IRQ c3=0
SELECT busy=3326
SELECT w0=3308
SELECT w1=2037
SELECT w2=2005
BUSY TASK ewma=997
DMA IRQ c0=0
DMA IRQ c1=0
DMA IRQ c2=2
DMA IRQ c3=0
SELECT busy=3350
SELECT w0=3329
SELECT w1=2050
SELECT w2=2016
BUSY TASK ewma=997
DMA IRQ c0=0
DMA IRQ c1=0
DMA IRQ c2=2
DMA IRQ c3=0
SELECT busy=3373
SELECT w0=3352
SELECT w1=2062
SELECT w2=2030
BUSY TASK ewma=997
DMA IRQ c0=0
DMA IRQ c1=0
DMA IRQ c2=2
DMA IRQ c3=0
SELECT busy=3397
SELECT w0=3376
SELECT w1=2075
SELECT w2=2047
BUSY TASK ewma=997
DMA IRQ c0=0
DMA IRQ c1=0
DMA IRQ c2=2
DMA IRQ c3=0
SELECT busy=3415
SELECT w0=3394
SELECT w1=2088
SELECT w2=2063
BUSY TASK ewma=997
DMA IRQ c0=0
DMA IRQ c1=0
DMA IRQ c2=2
DMA IRQ c3=0
SELECT busy=3444
SELECT w0=3423
SELECT w1=2100
SELECT w2=2080
BUSY TASK ewma=997
DMA IRQ c0=0
DMA IRQ c1=0
DMA IRQ c2=2
DMA IRQ c3=0
SELECT busy=3473
SELECT w0=3452
SELECT w1=2119
SELECT w2=2098
BUSY TASK ewma=997
DMA IRQ c0=0
DMA IRQ c1=0
DMA IRQ c2=2
DMA IRQ c3=0
SELECT busy=3499
SELECT w0=3477
SELECT w1=2132
SELECT w2=2110
BUSY TASK ewma=997
DMA IRQ c0=0
DMA IRQ c1=0
DMA IRQ c2=2
DMA IRQ c3=0
SELECT busy=3519
SELECT w0=3497
SELECT w1=2143
SELECT w2=2122
BUSY TASK ewma=997
DMA IRQ c0=0
DMA IRQ c1=0
DMA IRQ c2=2
DMA IRQ c3=0
SELECT busy=3543
SELECT w0=3522
SELECT w1=2158
SELECT w2=2136
BUSY TASK ewma=997
DMA IRQ c0=0
DMA IRQ c1=0
DMA IRQ c2=2
DMA IRQ c3=0
SELECT busy=3563
SELECT w0=3543
SELECT w1=2171
SELECT w2=2152
BUSY TASK ewma=997
DMA IRQ c0=0
DMA IRQ c1=0
DMA IRQ c2=2
DMA IRQ c3=0
SELECT busy=3585
SELECT w0=3565
SELECT w1=2189
SELECT w2=2165
BUSY TASK ewma=997
DMA IRQ c0=0
DMA IRQ c1=0
DMA IRQ c2=2
DMA IRQ c3=0
SELECT busy=3606
SELECT w0=3585
SELECT w1=2201
SELECT w2=2179
BUSY TASK ewma=997
DMA IRQ c0=0
DMA IRQ c1=0
DMA IRQ c2=2
DMA IRQ c3=0
SELECT busy=3639
SELECT w0=3618
SELECT w1=2221
SELECT w2=2198
BUSY TASK ewma=997
DMA IRQ c0=0
DMA IRQ c1=0
DMA IRQ c2=2
DMA IRQ c3=0
SELECT busy=3655
SELECT w0=3633
SELECT w1=2230
SELECT w2=2206
BUSY TASK ewma=997
DMA IRQ c0=0
DMA IRQ c1=0
DMA IRQ c2=2
DMA IRQ c3=0
SELECT busy=3676
SELECT w0=3655
SELECT w1=2242
SELECT w2=2222
BUSY TASK ewma=997
DMA IRQ c0=0
DMA IRQ c1=0
DMA IRQ c2=2
DMA IRQ c3=0
SELECT busy=3700
SELECT w0=3680
SELECT w1=2256
SELECT w2=2237
BUSY TASK ewma=997
DMA IRQ c0=0
DMA IRQ c1=0
DMA IRQ c2=2
DMA IRQ c3=0
SELECT busy=3722
SELECT w0=3701
SELECT w1=2273
SELECT w2=2250
BUSY TASK ewma=997
DMA IRQ c0=0
DMA IRQ c1=0
DMA IRQ c2=2
DMA IRQ c3=0
SELECT busy=3745
SELECT w0=3723
SELECT w1=2288
SELECT w2=2261
BUSY TASK ewma=997
DMA IRQ c0=0
DMA IRQ c1=0
DMA IRQ c2=2
DMA IRQ c3=0
SELECT busy=3764
SELECT w0=3743
SELECT w1=2300
SELECT w2=2271
BUSY TASK ewma=997
DMA IRQ c0=0
DMA IRQ c1=0
DMA IRQ c2=2
DMA IRQ c3=0
SELECT busy=3780
SELECT w0=3758
SELECT w1=2309
SELECT w2=2279
BUSY TASK ewma=997
DMA IRQ c0=0
DMA IRQ c1=0
DMA IRQ c2=2
DMA IRQ c3=0
SELECT busy=3794
SELECT w0=3773
SELECT w1=2318
SELECT w2=2288
BUSY TASK ewma=997
DMA IRQ c0=0
DMA IRQ c1=0
DMA IRQ c2=2
DMA IRQ c3=0
SELECT busy=3811
SELECT w0=3789
SELECT w1=2333
SELECT w2=2298
BUSY TASK ewma=997
DMA IRQ c0=0
DMA IRQ c1=0
DMA IRQ c2=2
DMA IRQ c3=0
SELECT busy=3833
SELECT w0=3812
SELECT w1=2344
SELECT w2=2310
BUSY TASK ewma=997
DMA IRQ c0=0
DMA IRQ c1=0
DMA IRQ c2=2
DMA IRQ c3=0
SELECT busy=3852
SELECT w0=3830
SELECT w1=2351
SELECT w2=2317
BUSY TASK ewma=997
DMA IRQ c0=0
DMA IRQ c1=0
DMA IRQ c2=2
DMA IRQ c3=0
SELECT busy=3872
SELECT w0=3850
SELECT w1=2361
SELECT w2=2328
BUSY TASK ewma=997
DMA IRQ c0=0
DMA IRQ c1=0
DMA IRQ c2=2
DMA IRQ c3=0
SELECT busy=3889
SELECT w0=3867
SELECT w1=2369
SELECT w2=2335
BUSY TASK ewma=997
DMA IRQ c0=0
DMA IRQ c1=0
DMA IRQ c2=2
DMA IRQ c3=0
SELECT busy=3911
SELECT w0=3891
SELECT w1=2386
SELECT w2=2352
BUSY TASK ewma=997
DMA IRQ c0=0
DMA IRQ c1=0
DMA IRQ c2=2
DMA IRQ c3=0
SELECT busy=3928
SELECT w0=3907
SELECT w1=2395
SELECT w2=2361
BUSY TASK ewma=997
DMA IRQ c0=0
DMA IRQ c1=0
DMA IRQ c2=2
DMA IRQ c3=0
SELECT busy=3948
SELECT w0=3927
SELECT w1=2406
SELECT w2=2373
BUSY TASK ewma=997
DMA IRQ c0=0
DMA IRQ c1=0
DMA IRQ c2=2
DMA IRQ c3=0
SELECT busy=3971
SELECT w0=3950
SELECT w1=2425
SELECT w2=2391
BUSY TASK ewma=997
DMA IRQ c0=0
DMA IRQ c1=0
DMA IRQ c2=2
DMA IRQ c3=0
SELECT busy=3994
SELECT w0=3973
SELECT w1=2438
SELECT w2=2409
BUSY TASK ewma=997
DMA IRQ c0=0
DMA IRQ c1=0
DMA IRQ c2=2
DMA IRQ c3=0
SELECT busy=4010
SELECT w0=3989
SELECT w1=2448
SELECT w2=2420
BUSY TASK ewma=997
DMA IRQ c0=0
DMA IRQ c1=0
DMA IRQ c2=2
DMA IRQ c3=0
SELECT busy=4041
SELECT w0=4019
SELECT w1=2470
SELECT w2=2439
BUSY TASK ewma=997
DMA IRQ c0=0
DMA IRQ c1=0
DMA IRQ c2=2
DMA IRQ c3=0
SELECT busy=4072
SELECT w0=4051
SELECT w1=2492
SELECT w2=2457
BUSY TASK ewma=997
DMA IRQ c0=0
DMA IRQ c1=0
DMA IRQ c2=2
DMA IRQ c3=0
SELECT busy=4095
SELECT w0=4073
SELECT w1=2508
SELECT w2=2471
BUSY TASK ewma=997
DMA IRQ c0=0
DMA IRQ c1=0
DMA IRQ c2=2
DMA IRQ c3=0
SELECT busy=4115
SELECT w0=4094
SELECT w1=2526
SELECT w2=2486
BUSY TASK ewma=997
DMA IRQ c0=0
DMA IRQ c1=0
DMA IRQ c2=2
DMA IRQ c3=0
SELECT busy=4135
SELECT w0=4114
SELECT w1=2537
SELECT w2=2498
BUSY TASK ewma=997
DMA IRQ c0=0
DMA IRQ c1=0
DMA IRQ c2=2
DMA IRQ c3=0
SELECT busy=4166
SELECT w0=4144
SELECT w1=2558
SELECT w2=2515
BUSY TASK ewma=997
DMA IRQ c0=0
DMA IRQ c1=0
DMA IRQ c2=2
DMA IRQ c3=0
SELECT busy=4186
SELECT w0=4164
SELECT w1=2569
SELECT w2=2525
BUSY TASK ewma=997
DMA IRQ c0=0
DMA IRQ c1=0
DMA IRQ c2=2
DMA IRQ c3=0
SELECT busy=4216
SELECT w0=4194
SELECT w1=2590
SELECT w2=2546
BUSY TASK ewma=997
DMA IRQ c0=0
DMA IRQ c1=0
DMA IRQ c2=2
DMA IRQ c3=0
SELECT busy=4240
SELECT w0=4219
SELECT w1=2605
SELECT w2=2565
qemu-system-aarch64: terminating on signal 15 from pid 228448 (timeout)
