P4 M7: full integration test boot OK
CPU0: MPIDR_EL1=0x0000000080000000
CPU0: psci_cpu_on target=1 rc=0
CPU1: alive, MPIDR_EL1=0x0000000080000001 this_cpu()->cpu_id=1
CPU0: psci_cpu_on target=2 rc=0
CPU2: alive, MPIDR_EL1=0x0000000080000002 this_cpu()->cpu_id=2
CPU0: psci_cpu_on target=3 rc=0
CPU3: alive, MPIDR_EL1=0x0000000080000003 this_cpu()->cpu_id=3
CPUs online: 4
DMA IRQ target cpu=2
D2b: worker 1 runs on CPU1
D2b: worker 2 runs on CPU2
D2b: worker 0 runs on CPU0
P4 M7: worker submitted cmd_id=1
P4 M7: worker submitted cmd_id=3
P4 M7: worker submitted cmd_id=2
BUSY TASK ewma=997
DMA IRQ c0=0
DMA IRQ c1=0
DMA IRQ c2=0
DMA IRQ c3=0
SELECT busy=31
SELECT w0=3
SELECT w1=6
SELECT w2=5
P4 M7: worker DATA OK, cmd_id=2
P4 M7: worker DATA OK, cmd_id=3
WORKER ewma=759
P4 M7: worker DATA OK, cmd_id=1
WORKER ewma=916
WORKER ewma=831
BUSY TASK ewma=997
DMA IRQ c0=0
DMA IRQ c1=0
DMA IRQ c2=2
DMA IRQ c3=0
SELECT busy=62
SELECT w0=88
SELECT w1=30
SELECT w2=27
BUSY TASK ewma=997
DMA IRQ c0=0
DMA IRQ c1=0
DMA IRQ c2=2
DMA IRQ c3=0
SELECT busy=79
SELECT w0=105
SELECT w1=53
SELECT w2=51
BUSY TASK ewma=997
DMA IRQ c0=0
DMA IRQ c1=0
DMA IRQ c2=2
DMA IRQ c3=0
SELECT busy=97
SELECT w0=124
SELECT w1=92
SELECT w2=91
BUSY TASK ewma=997
DMA IRQ c0=0
DMA IRQ c1=0
DMA IRQ c2=2
DMA IRQ c3=0
SELECT busy=138
SELECT w0=164
SELECT w1=146
SELECT w2=143
BUSY TASK ewma=997
DMA IRQ c0=0
DMA IRQ c1=0
DMA IRQ c2=2
DMA IRQ c3=0
SELECT busy=170
SELECT w0=199
SELECT w1=176
SELECT w2=176
BUSY TASK ewma=997
DMA IRQ c0=0
DMA IRQ c1=0
DMA IRQ c2=2
DMA IRQ c3=0
SELECT busy=197
SELECT w0=223
SELECT w1=189
SELECT w2=195
BUSY TASK ewma=997
DMA IRQ c0=0
DMA IRQ c1=0
DMA IRQ c2=2
DMA IRQ c3=0
SELECT busy=220
SELECT w0=246
SELECT w1=199
SELECT w2=209
BUSY TASK ewma=997
DMA IRQ c0=0
DMA IRQ c1=0
DMA IRQ c2=2
DMA IRQ c3=0
SELECT busy=245
SELECT w0=272
SELECT w1=215
SELECT w2=227
BUSY TASK ewma=997
DMA IRQ c0=0
DMA IRQ c1=0
DMA IRQ c2=2
DMA IRQ c3=0
SELECT busy=281
SELECT w0=308
SELECT w1=238
SELECT w2=256
BUSY TASK ewma=997
DMA IRQ c0=0
DMA IRQ c1=0
DMA IRQ c2=2
DMA IRQ c3=0
SELECT busy=310
SELECT w0=337
SELECT w1=257
SELECT w2=273
BUSY TASK ewma=997
DMA IRQ c0=0
DMA IRQ c1=0
DMA IRQ c2=2
DMA IRQ c3=0
SELECT busy=340
SELECT w0=366
SELECT w1=274
SELECT w2=289
BUSY TASK ewma=997
DMA IRQ c0=0
DMA IRQ c1=0
DMA IRQ c2=2
DMA IRQ c3=0
SELECT busy=360
SELECT w0=386
SELECT w1=284
SELECT w2=300
BUSY TASK ewma=997
DMA IRQ c0=0
DMA IRQ c1=0
DMA IRQ c2=2
DMA IRQ c3=0
SELECT busy=388
SELECT w0=415
SELECT w1=299
SELECT w2=318
BUSY TASK ewma=997
DMA IRQ c0=0
DMA IRQ c1=0
DMA IRQ c2=2
DMA IRQ c3=0
SELECT busy=419
SELECT w0=447
SELECT w1=322
SELECT w2=341
BUSY TASK ewma=997
DMA IRQ c0=0
DMA IRQ c1=0
DMA IRQ c2=2
DMA IRQ c3=0
SELECT busy=435
SELECT w0=461
SELECT w1=331
SELECT w2=350
BUSY TASK ewma=997
DMA IRQ c0=0
DMA IRQ c1=0
DMA IRQ c2=2
DMA IRQ c3=0
SELECT busy=450
SELECT w0=476
SELECT w1=340
SELECT w2=356
BUSY TASK ewma=997
DMA IRQ c0=0
DMA IRQ c1=0
DMA IRQ c2=2
DMA IRQ c3=0
SELECT busy=469
SELECT w0=495
SELECT w1=349
SELECT w2=365
BUSY TASK ewma=997
DMA IRQ c0=0
DMA IRQ c1=0
DMA IRQ c2=2
DMA IRQ c3=0
SELECT busy=487
SELECT w0=513
SELECT w1=354
SELECT w2=371
BUSY TASK ewma=997
DMA IRQ c0=0
DMA IRQ c1=0
DMA IRQ c2=2
DMA IRQ c3=0
SELECT busy=511
SELECT w0=539
SELECT w1=367
SELECT w2=384
BUSY TASK ewma=997
DMA IRQ c0=0
DMA IRQ c1=0
DMA IRQ c2=2
DMA IRQ c3=0
SELECT busy=534
SELECT w0=561
SELECT w1=384
SELECT w2=399
BUSY TASK ewma=997
DMA IRQ c0=0
DMA IRQ c1=0
DMA IRQ c2=2
DMA IRQ c3=0
SELECT busy=560
SELECT w0=587
SELECT w1=400
SELECT w2=413
BUSY TASK ewma=997
DMA IRQ c0=0
DMA IRQ c1=0
DMA IRQ c2=2
DMA IRQ c3=0
SELECT busy=603
SELECT w0=630
SELECT w1=420
SELECT w2=436
BUSY TASK ewma=997
DMA IRQ c0=0
DMA IRQ c1=0
DMA IRQ c2=2
DMA IRQ c3=0
SELECT busy=642
SELECT w0=668
SELECT w1=439
SELECT w2=456
BUSY TASK ewma=997
DMA IRQ c0=0
DMA IRQ c1=0
DMA IRQ c2=2
DMA IRQ c3=0
SELECT busy=681
SELECT w0=707
SELECT w1=462
SELECT w2=477
BUSY TASK ewma=997
DMA IRQ c0=0
DMA IRQ c1=0
DMA IRQ c2=2
DMA IRQ c3=0
SELECT busy=712
SELECT w0=738
SELECT w1=480
SELECT w2=494
BUSY TASK ewma=997
DMA IRQ c0=0
DMA IRQ c1=0
DMA IRQ c2=2
DMA IRQ c3=0
SELECT busy=754
SELECT w0=781
SELECT w1=506
SELECT w2=518
BUSY TASK ewma=997
DMA IRQ c0=0
DMA IRQ c1=0
DMA IRQ c2=2
DMA IRQ c3=0
SELECT busy=791
SELECT w0=818
SELECT w1=528
SELECT w2=537
BUSY TASK ewma=997
DMA IRQ c0=0
DMA IRQ c1=0
DMA IRQ c2=2
DMA IRQ c3=0
SELECT busy=826
SELECT w0=853
SELECT w1=547
SELECT w2=556
BUSY TASK ewma=997
DMA IRQ c0=0
DMA IRQ c1=0
DMA IRQ c2=2
DMA IRQ c3=0
SELECT busy=855
SELECT w0=882
SELECT w1=560
SELECT w2=569
BUSY TASK ewma=997
DMA IRQ c0=0
DMA IRQ c1=0
DMA IRQ c2=2
DMA IRQ c3=0
SELECT busy=877
SELECT w0=904
SELECT w1=571
SELECT w2=578
BUSY TASK ewma=997
DMA IRQ c0=0
DMA IRQ c1=0
DMA IRQ c2=2
DMA IRQ c3=0
SELECT busy=897
SELECT w0=923
SELECT w1=580
SELECT w2=587
BUSY TASK ewma=997
DMA IRQ c0=0
DMA IRQ c1=0
DMA IRQ c2=2
DMA IRQ c3=0
SELECT busy=921
SELECT w0=948
SELECT w1=594
SELECT w2=598
BUSY TASK ewma=997
DMA IRQ c0=0
DMA IRQ c1=0
DMA IRQ c2=2
DMA IRQ c3=0
SELECT busy=940
SELECT w0=966
SELECT w1=606
SELECT w2=610
BUSY TASK ewma=997
DMA IRQ c0=0
DMA IRQ c1=0
DMA IRQ c2=2
DMA IRQ c3=0
SELECT busy=965
SELECT w0=992
SELECT w1=623
SELECT w2=623
BUSY TASK ewma=997
DMA IRQ c0=0
DMA IRQ c1=0
DMA IRQ c2=2
DMA IRQ c3=0
SELECT busy=993
SELECT w0=1019
SELECT w1=635
SELECT w2=634
BUSY TASK ewma=997
DMA IRQ c0=0
DMA IRQ c1=0
DMA IRQ c2=2
DMA IRQ c3=0
SELECT busy=1012
SELECT w0=1039
SELECT w1=647
SELECT w2=648
BUSY TASK ewma=997
DMA IRQ c0=0
DMA IRQ c1=0
DMA IRQ c2=2
DMA IRQ c3=0
SELECT busy=1027
SELECT w0=1054
SELECT w1=655
SELECT w2=656
BUSY TASK ewma=997
DMA IRQ c0=0
DMA IRQ c1=0
DMA IRQ c2=2
DMA IRQ c3=0
SELECT busy=1046
SELECT w0=1073
SELECT w1=666
SELECT w2=664
BUSY TASK ewma=997
DMA IRQ c0=0
DMA IRQ c1=0
DMA IRQ c2=2
DMA IRQ c3=0
SELECT busy=1060
SELECT w0=1088
SELECT w1=676
SELECT w2=672
BUSY TASK ewma=997
DMA IRQ c0=0
DMA IRQ c1=0
DMA IRQ c2=2
DMA IRQ c3=0
SELECT busy=1074
SELECT w0=1100
SELECT w1=684
SELECT w2=678
BUSY TASK ewma=997
DMA IRQ c0=0
DMA IRQ c1=0
DMA IRQ c2=2
DMA IRQ c3=0
SELECT busy=1091
SELECT w0=1121
SELECT w1=698
SELECT w2=690
BUSY TASK ewma=997
DMA IRQ c0=0
DMA IRQ c1=0
DMA IRQ c2=2
DMA IRQ c3=0
SELECT busy=1113
SELECT w0=1139
SELECT w1=708
SELECT w2=698
BUSY TASK ewma=997
DMA IRQ c0=0
DMA IRQ c1=0
DMA IRQ c2=2
DMA IRQ c3=0
SELECT busy=1126
SELECT w0=1152
SELECT w1=715
SELECT w2=706
BUSY TASK ewma=997
DMA IRQ c0=0
DMA IRQ c1=0
DMA IRQ c2=2
DMA IRQ c3=0
SELECT busy=1141
SELECT w0=1168
SELECT w1=723
SELECT w2=714
BUSY TASK ewma=997
DMA IRQ c0=0
DMA IRQ c1=0
DMA IRQ c2=2
DMA IRQ c3=0
SELECT busy=1155
SELECT w0=1181
SELECT w1=732
SELECT w2=723
BUSY TASK ewma=997
DMA IRQ c0=0
DMA IRQ c1=0
DMA IRQ c2=2
DMA IRQ c3=0
SELECT busy=1178
SELECT w0=1206
SELECT w1=751
SELECT w2=737
BUSY TASK ewma=997
DMA IRQ c0=0
DMA IRQ c1=0
DMA IRQ c2=2
DMA IRQ c3=0
SELECT busy=1198
SELECT w0=1225
SELECT w1=762
SELECT w2=748
BUSY TASK ewma=997
DMA IRQ c0=0
DMA IRQ c1=0
DMA IRQ c2=2
DMA IRQ c3=0
SELECT busy=1215
SELECT w0=1242
SELECT w1=770
SELECT w2=757
BUSY TASK ewma=997
DMA IRQ c0=0
DMA IRQ c1=0
DMA IRQ c2=2
DMA IRQ c3=0
SELECT busy=1234
SELECT w0=1260
SELECT w1=781
SELECT w2=768
BUSY TASK ewma=997
DMA IRQ c0=0
DMA IRQ c1=0
DMA IRQ c2=2
DMA IRQ c3=0
SELECT busy=1249
SELECT w0=1275
SELECT w1=790
SELECT w2=776
BUSY TASK ewma=997
DMA IRQ c0=0
DMA IRQ c1=0
DMA IRQ c2=2
DMA IRQ c3=0
SELECT busy=1275
SELECT w0=1301
SELECT w1=801
SELECT w2=789
BUSY TASK ewma=997
DMA IRQ c0=0
DMA IRQ c1=0
DMA IRQ c2=2
DMA IRQ c3=0
SELECT busy=1299
SELECT w0=1330
SELECT w1=816
SELECT w2=805
BUSY TASK ewma=997
DMA IRQ c0=0
DMA IRQ c1=0
DMA IRQ c2=2
DMA IRQ c3=0
SELECT busy=1337
SELECT w0=1363
SELECT w1=832
SELECT w2=823
BUSY TASK ewma=997
DMA IRQ c0=0
DMA IRQ c1=0
DMA IRQ c2=2
DMA IRQ c3=0
SELECT busy=1369
SELECT w0=1395
SELECT w1=850
SELECT w2=837
BUSY TASK ewma=997
DMA IRQ c0=0
DMA IRQ c1=0
DMA IRQ c2=2
DMA IRQ c3=0
SELECT busy=1408
SELECT w0=1435
SELECT w1=870
SELECT w2=857
BUSY TASK ewma=997
DMA IRQ c0=0
DMA IRQ c1=0
DMA IRQ c2=2
DMA IRQ c3=0
SELECT busy=1438
SELECT w0=1465
SELECT w1=890
SELECT w2=880
BUSY TASK ewma=997
DMA IRQ c0=0
DMA IRQ c1=0
DMA IRQ c2=2
DMA IRQ c3=0
SELECT busy=1470
SELECT w0=1497
SELECT w1=904
SELECT w2=895
BUSY TASK ewma=997
DMA IRQ c0=0
DMA IRQ c1=0
DMA IRQ c2=2
DMA IRQ c3=0
SELECT busy=1492
SELECT w0=1518
SELECT w1=913
SELECT w2=904
BUSY TASK ewma=997
DMA IRQ c0=0
DMA IRQ c1=0
DMA IRQ c2=2
DMA IRQ c3=0
SELECT busy=1515
SELECT w0=1542
SELECT w1=925
SELECT w2=915
BUSY TASK ewma=997
DMA IRQ c0=0
DMA IRQ c1=0
DMA IRQ c2=2
DMA IRQ c3=0
SELECT busy=1535
SELECT w0=1562
SELECT w1=938
SELECT w2=929
BUSY TASK ewma=997
DMA IRQ c0=0
DMA IRQ c1=0
DMA IRQ c2=2
DMA IRQ c3=0
SELECT busy=1559
SELECT w0=1587
SELECT w1=954
SELECT w2=947
BUSY TASK ewma=997
DMA IRQ c0=0
DMA IRQ c1=0
DMA IRQ c2=2
DMA IRQ c3=0
SELECT busy=1581
SELECT w0=1609
SELECT w1=966
SELECT w2=959
BUSY TASK ewma=997
IRQ counts: cpu0=3152 cpu1=3649 cpu2=3489 cpu3=3495
SCHED secondaries: calls=10649 unexpected=0
SECTEST switches=10625 cpu1=34171960,32476231 cpu2=26203086,25664958 cpu3=38714530,39610497
PINGPONG rounds=812 pongs=813
DMA IRQ c0=0
DMA IRQ c1=0
DMA IRQ c2=2
DMA IRQ c3=0
SELECT busy=1612
SELECT w0=1639
SELECT w1=989
SELECT w2=979
BUSY TASK ewma=997
DMA IRQ c0=0
DMA IRQ c1=0
DMA IRQ c2=2
DMA IRQ c3=0
SELECT busy=1629
SELECT w0=1656
SELECT w1=999
SELECT w2=989
BUSY TASK ewma=997
DMA IRQ c0=0
DMA IRQ c1=0
DMA IRQ c2=2
DMA IRQ c3=0
SELECT busy=1664
SELECT w0=1690
SELECT w1=1020
SELECT w2=1005
BUSY TASK ewma=997
DMA IRQ c0=0
DMA IRQ c1=0
DMA IRQ c2=2
DMA IRQ c3=0
SELECT busy=1686
SELECT w0=1712
SELECT w1=1040
SELECT w2=1017
BUSY TASK ewma=997
DMA IRQ c0=0
DMA IRQ c1=0
DMA IRQ c2=2
DMA IRQ c3=0
SELECT busy=1710
SELECT w0=1736
SELECT w1=1053
SELECT w2=1028
BUSY TASK ewma=997
DMA IRQ c0=0
DMA IRQ c1=0
DMA IRQ c2=2
DMA IRQ c3=0
SELECT busy=1729
SELECT w0=1755
SELECT w1=1063
SELECT w2=1037
BUSY TASK ewma=997
DMA IRQ c0=0
DMA IRQ c1=0
DMA IRQ c2=2
DMA IRQ c3=0
SELECT busy=1747
SELECT w0=1774
SELECT w1=1072
SELECT w2=1047
BUSY TASK ewma=997
DMA IRQ c0=0
DMA IRQ c1=0
DMA IRQ c2=2
DMA IRQ c3=0
SELECT busy=1766
SELECT w0=1792
SELECT w1=1082
SELECT w2=1056
BUSY TASK ewma=997
DMA IRQ c0=0
DMA IRQ c1=0
DMA IRQ c2=2
DMA IRQ c3=0
SELECT busy=1785
SELECT w0=1812
SELECT w1=1093
SELECT w2=1067
BUSY TASK ewma=997
DMA IRQ c0=0
DMA IRQ c1=0
DMA IRQ c2=2
DMA IRQ c3=0
SELECT busy=1806
SELECT w0=1832
SELECT w1=1106
SELECT w2=1079
BUSY TASK ewma=997
DMA IRQ c0=0
DMA IRQ c1=0
DMA IRQ c2=2
DMA IRQ c3=0
SELECT busy=1824
SELECT w0=1851
SELECT w1=1118
SELECT w2=1089
BUSY TASK ewma=997
DMA IRQ c0=0
DMA IRQ c1=0
DMA IRQ c2=2
DMA IRQ c3=0
SELECT busy=1841
SELECT w0=1867
SELECT w1=1126
SELECT w2=1097
BUSY TASK ewma=997
DMA IRQ c0=0
DMA IRQ c1=0
DMA IRQ c2=2
DMA IRQ c3=0
SELECT busy=1860
SELECT w0=1886
SELECT w1=1134
SELECT w2=1106
BUSY TASK ewma=997
DMA IRQ c0=0
DMA IRQ c1=0
DMA IRQ c2=2
DMA IRQ c3=0
SELECT busy=1879
SELECT w0=1905
SELECT w1=1141
SELECT w2=1113
BUSY TASK ewma=997
DMA IRQ c0=0
DMA IRQ c1=0
DMA IRQ c2=2
DMA IRQ c3=0
SELECT busy=1896
SELECT w0=1923
SELECT w1=1152
SELECT w2=1128
BUSY TASK ewma=997
DMA IRQ c0=0
DMA IRQ c1=0
DMA IRQ c2=2
DMA IRQ c3=0
SELECT busy=1917
SELECT w0=1944
SELECT w1=1164
SELECT w2=1145
BUSY TASK ewma=997
DMA IRQ c0=0
DMA IRQ c1=0
DMA IRQ c2=2
DMA IRQ c3=0
SELECT busy=1940
SELECT w0=1966
SELECT w1=1178
SELECT w2=1159
BUSY TASK ewma=997
DMA IRQ c0=0
DMA IRQ c1=0
DMA IRQ c2=2
DMA IRQ c3=0
SELECT busy=1960
SELECT w0=1987
SELECT w1=1192
SELECT w2=1170
BUSY TASK ewma=997
DMA IRQ c0=0
DMA IRQ c1=0
DMA IRQ c2=2
DMA IRQ c3=0
SELECT busy=1987
SELECT w0=2014
SELECT w1=1207
SELECT w2=1187
BUSY TASK ewma=997
DMA IRQ c0=0
DMA IRQ c1=0
DMA IRQ c2=2
DMA IRQ c3=0
SELECT busy=2006
SELECT w0=2033
SELECT w1=1218
SELECT w2=1199
BUSY TASK ewma=997
DMA IRQ c0=0
DMA IRQ c1=0
DMA IRQ c2=2
DMA IRQ c3=0
SELECT busy=2023
SELECT w0=2050
SELECT w1=1229
SELECT w2=1209
BUSY TASK ewma=997
DMA IRQ c0=0
DMA IRQ c1=0
DMA IRQ c2=2
DMA IRQ c3=0
SELECT busy=2037
SELECT w0=2063
SELECT w1=1236
SELECT w2=1215
BUSY TASK ewma=997
DMA IRQ c0=0
DMA IRQ c1=0
DMA IRQ c2=2
DMA IRQ c3=0
SELECT busy=2054
SELECT w0=2080
SELECT w1=1247
SELECT w2=1224
BUSY TASK ewma=997
DMA IRQ c0=0
DMA IRQ c1=0
DMA IRQ c2=2
DMA IRQ c3=0
SELECT busy=2069
SELECT w0=2096
SELECT w1=1257
SELECT w2=1234
BUSY TASK ewma=997
DMA IRQ c0=0
DMA IRQ c1=0
DMA IRQ c2=2
DMA IRQ c3=0
SELECT busy=2087
SELECT w0=2114
SELECT w1=1269
SELECT w2=1244
BUSY TASK ewma=997
DMA IRQ c0=0
DMA IRQ c1=0
DMA IRQ c2=2
DMA IRQ c3=0
SELECT busy=2101
SELECT w0=2127
SELECT w1=1275
SELECT w2=1251
BUSY TASK ewma=997
DMA IRQ c0=0
DMA IRQ c1=0
DMA IRQ c2=2
DMA IRQ c3=0
SELECT busy=2115
SELECT w0=2142
SELECT w1=1283
SELECT w2=1261
BUSY TASK ewma=997
DMA IRQ c0=0
DMA IRQ c1=0
DMA IRQ c2=2
DMA IRQ c3=0
SELECT busy=2135
SELECT w0=2162
SELECT w1=1293
SELECT w2=1272
BUSY TASK ewma=997
DMA IRQ c0=0
DMA IRQ c1=0
DMA IRQ c2=2
DMA IRQ c3=0
SELECT busy=2149
SELECT w0=2176
SELECT w1=1302
SELECT w2=1281
BUSY TASK ewma=997
DMA IRQ c0=0
DMA IRQ c1=0
DMA IRQ c2=2
DMA IRQ c3=0
SELECT busy=2178
SELECT w0=2204
SELECT w1=1317
SELECT w2=1296
BUSY TASK ewma=997
DMA IRQ c0=0
DMA IRQ c1=0
DMA IRQ c2=2
DMA IRQ c3=0
SELECT busy=2213
SELECT w0=2239
SELECT w1=1333
SELECT w2=1312
BUSY TASK ewma=997
DMA IRQ c0=0
DMA IRQ c1=0
DMA IRQ c2=2
DMA IRQ c3=0
SELECT busy=2252
SELECT w0=2278
SELECT w1=1352
SELECT w2=1332
BUSY TASK ewma=997
DMA IRQ c0=0
DMA IRQ c1=0
DMA IRQ c2=2
DMA IRQ c3=0
SELECT busy=2274
SELECT w0=2300
SELECT w1=1365
SELECT w2=1345
BUSY TASK ewma=997
DMA IRQ c0=0
DMA IRQ c1=0
DMA IRQ c2=2
DMA IRQ c3=0
SELECT busy=2290
SELECT w0=2317
SELECT w1=1375
SELECT w2=1355
BUSY TASK ewma=997
DMA IRQ c0=0
DMA IRQ c1=0
DMA IRQ c2=2
DMA IRQ c3=0
SELECT busy=2316
SELECT w0=2343
SELECT w1=1391
SELECT w2=1371
BUSY TASK ewma=997
DMA IRQ c0=0
DMA IRQ c1=0
DMA IRQ c2=2
DMA IRQ c3=0
SELECT busy=2343
SELECT w0=2370
SELECT w1=1406
SELECT w2=1385
BUSY TASK ewma=997
DMA IRQ c0=0
DMA IRQ c1=0
DMA IRQ c2=2
DMA IRQ c3=0
SELECT busy=2373
SELECT w0=2400
SELECT w1=1418
SELECT w2=1397
BUSY TASK ewma=997
DMA IRQ c0=0
DMA IRQ c1=0
DMA IRQ c2=2
DMA IRQ c3=0
SELECT busy=2391
SELECT w0=2417
SELECT w1=1428
SELECT w2=1405
BUSY TASK ewma=997
DMA IRQ c0=0
DMA IRQ c1=0
DMA IRQ c2=2
DMA IRQ c3=0
SELECT busy=2423
SELECT w0=2449
SELECT w1=1443
SELECT w2=1423
BUSY TASK ewma=997
DMA IRQ c0=0
DMA IRQ c1=0
DMA IRQ c2=2
DMA IRQ c3=0
SELECT busy=2442
SELECT w0=2468
SELECT w1=1450
SELECT w2=1431
BUSY TASK ewma=997
DMA IRQ c0=0
DMA IRQ c1=0
DMA IRQ c2=2
DMA IRQ c3=0
SELECT busy=2461
SELECT w0=2487
SELECT w1=1458
SELECT w2=1440
BUSY TASK ewma=997
DMA IRQ c0=0
DMA IRQ c1=0
DMA IRQ c2=2
DMA IRQ c3=0
SELECT busy=2484
SELECT w0=2511
SELECT w1=1474
SELECT w2=1453
BUSY TASK ewma=997
DMA IRQ c0=0
DMA IRQ c1=0
DMA IRQ c2=2
DMA IRQ c3=0
SELECT busy=2502
SELECT w0=2528
SELECT w1=1485
SELECT w2=1463
BUSY TASK ewma=997
DMA IRQ c0=0
DMA IRQ c1=0
DMA IRQ c2=2
DMA IRQ c3=0
SELECT busy=2521
SELECT w0=2548
SELECT w1=1496
SELECT w2=1476
BUSY TASK ewma=997
DMA IRQ c0=0
DMA IRQ c1=0
DMA IRQ c2=2
DMA IRQ c3=0
SELECT busy=2538
SELECT w0=2564
SELECT w1=1505
SELECT w2=1485
BUSY TASK ewma=997
DMA IRQ c0=0
DMA IRQ c1=0
DMA IRQ c2=2
DMA IRQ c3=0
SELECT busy=2557
SELECT w0=2584
SELECT w1=1513
SELECT w2=1493
BUSY TASK ewma=997
DMA IRQ c0=0
DMA IRQ c1=0
DMA IRQ c2=2
DMA IRQ c3=0
SELECT busy=2580
SELECT w0=2607
SELECT w1=1525
SELECT w2=1506
BUSY TASK ewma=997
DMA IRQ c0=0
DMA IRQ c1=0
DMA IRQ c2=2
DMA IRQ c3=0
SELECT busy=2602
SELECT w0=2629
SELECT w1=1537
SELECT w2=1520
BUSY TASK ewma=997
DMA IRQ c0=0
DMA IRQ c1=0
DMA IRQ c2=2
DMA IRQ c3=0
SELECT busy=2625
SELECT w0=2652
SELECT w1=1556
SELECT w2=1535
BUSY TASK ewma=997
DMA IRQ c0=0
DMA IRQ c1=0
DMA IRQ c2=2
DMA IRQ c3=0
SELECT busy=2644
SELECT w0=2671
SELECT w1=1567
SELECT w2=1545
BUSY TASK ewma=997
DMA IRQ c0=0
DMA IRQ c1=0
DMA IRQ c2=2
DMA IRQ c3=0
SELECT busy=2667
SELECT w0=2693
SELECT w1=1578
SELECT w2=1555
BUSY TASK ewma=997
DMA IRQ c0=0
DMA IRQ c1=0
DMA IRQ c2=2
DMA IRQ c3=0
SELECT busy=2686
SELECT w0=2714
SELECT w1=1590
SELECT w2=1565
BUSY TASK ewma=997
DMA IRQ c0=0
DMA IRQ c1=0
DMA IRQ c2=2
DMA IRQ c3=0
SELECT busy=2702
SELECT w0=2728
SELECT w1=1598
SELECT w2=1573
BUSY TASK ewma=997
DMA IRQ c0=0
DMA IRQ c1=0
DMA IRQ c2=2
DMA IRQ c3=0
SELECT busy=2722
SELECT w0=2748
SELECT w1=1606
SELECT w2=1581
BUSY TASK ewma=997
DMA IRQ c0=0
DMA IRQ c1=0
DMA IRQ c2=2
DMA IRQ c3=0
SELECT busy=2741
SELECT w0=2767
SELECT w1=1613
SELECT w2=1588
BUSY TASK ewma=997
DMA IRQ c0=0
DMA IRQ c1=0
DMA IRQ c2=2
DMA IRQ c3=0
SELECT busy=2756
SELECT w0=2782
SELECT w1=1621
SELECT w2=1595
BUSY TASK ewma=997
DMA IRQ c0=0
DMA IRQ c1=0
DMA IRQ c2=2
DMA IRQ c3=0
SELECT busy=2778
SELECT w0=2804
SELECT w1=1632
SELECT w2=1606
BUSY TASK ewma=997
DMA IRQ c0=0
DMA IRQ c1=0
DMA IRQ c2=2
DMA IRQ c3=0
SELECT busy=2792
SELECT w0=2819
SELECT w1=1641
SELECT w2=1616
BUSY TASK ewma=997
DMA IRQ c0=0
DMA IRQ c1=0
DMA IRQ c2=2
DMA IRQ c3=0
SELECT busy=2813
SELECT w0=2840
SELECT w1=1653
SELECT w2=1628
BUSY TASK ewma=997
DMA IRQ c0=0
DMA IRQ c1=0
DMA IRQ c2=2
DMA IRQ c3=0
SELECT busy=2832
SELECT w0=2859
SELECT w1=1668
SELECT w2=1641
BUSY TASK ewma=997
DMA IRQ c0=0
DMA IRQ c1=0
DMA IRQ c2=2
DMA IRQ c3=0
SELECT busy=2856
SELECT w0=2883
SELECT w1=1680
SELECT w2=1654
BUSY TASK ewma=997
DMA IRQ c0=0
DMA IRQ c1=0
DMA IRQ c2=2
DMA IRQ c3=0
SELECT busy=2872
SELECT w0=2899
SELECT w1=1691
SELECT w2=1669
BUSY TASK ewma=997
DMA IRQ c0=0
DMA IRQ c1=0
DMA IRQ c2=2
DMA IRQ c3=0
SELECT busy=2894
SELECT w0=2921
SELECT w1=1703
SELECT w2=1682
BUSY TASK ewma=997
DMA IRQ c0=0
DMA IRQ c1=0
DMA IRQ c2=2
DMA IRQ c3=0
SELECT busy=2914
SELECT w0=2942
SELECT w1=1714
SELECT w2=1695
BUSY TASK ewma=997
IRQ counts: cpu0=5830 cpu1=6659 cpu2=6471 cpu3=6498
SCHED secondaries: calls=19634 unexpected=0
SECTEST switches=19589 cpu1=71953933,70813639 cpu2=54030759,52141994 cpu3=79986427,79790137
PINGPONG rounds=1422 pongs=1423
DMA IRQ c0=0
DMA IRQ c1=0
DMA IRQ c2=2
DMA IRQ c3=0
SELECT busy=2950
SELECT w0=2977
SELECT w1=1737
SELECT w2=1719
BUSY TASK ewma=997
DMA IRQ c0=0
DMA IRQ c1=0
DMA IRQ c2=2
DMA IRQ c3=0
SELECT busy=2983
SELECT w0=3010
SELECT w1=1755
SELECT w2=1746
BUSY TASK ewma=997
DMA IRQ c0=0
DMA IRQ c1=0
DMA IRQ c2=2
DMA IRQ c3=0
SELECT busy=3003
SELECT w0=3029
SELECT w1=1764
SELECT w2=1755
BUSY TASK ewma=997
DMA IRQ c0=0
DMA IRQ c1=0
DMA IRQ c2=2
DMA IRQ c3=0
SELECT busy=3012
SELECT w0=3038
SELECT w1=1772
SELECT w2=1762
BUSY TASK ewma=997
DMA IRQ c0=0
DMA IRQ c1=0
DMA IRQ c2=2
DMA IRQ c3=0
SELECT busy=3034
SELECT w0=3062
SELECT w1=1786
SELECT w2=1779
BUSY TASK ewma=997
DMA IRQ c0=0
DMA IRQ c1=0
DMA IRQ c2=2
DMA IRQ c3=0
SELECT busy=3056
SELECT w0=3083
SELECT w1=1799
SELECT w2=1792
BUSY TASK ewma=997
DMA IRQ c0=0
DMA IRQ c1=0
DMA IRQ c2=2
DMA IRQ c3=0
SELECT busy=3079
SELECT w0=3105
SELECT w1=1810
SELECT w2=1804
BUSY TASK ewma=997
DMA IRQ c0=0
DMA IRQ c1=0
DMA IRQ c2=2
DMA IRQ c3=0
SELECT busy=3099
SELECT w0=3125
SELECT w1=1823
SELECT w2=1815
BUSY TASK ewma=997
DMA IRQ c0=0
DMA IRQ c1=0
DMA IRQ c2=2
DMA IRQ c3=0
SELECT busy=3112
SELECT w0=3139
SELECT w1=1831
SELECT w2=1822
BUSY TASK ewma=997
DMA IRQ c0=0
DMA IRQ c1=0
DMA IRQ c2=2
DMA IRQ c3=0
SELECT busy=3129
SELECT w0=3158
SELECT w1=1843
SELECT w2=1832
BUSY TASK ewma=997
DMA IRQ c0=0
DMA IRQ c1=0
DMA IRQ c2=2
DMA IRQ c3=0
SELECT busy=3150
SELECT w0=3176
SELECT w1=1853
SELECT w2=1843
BUSY TASK ewma=997
DMA IRQ c0=0
DMA IRQ c1=0
DMA IRQ c2=2
DMA IRQ c3=0
SELECT busy=3168
SELECT w0=3194
SELECT w1=1865
SELECT w2=1854
BUSY TASK ewma=997
DMA IRQ c0=0
DMA IRQ c1=0
DMA IRQ c2=2
DMA IRQ c3=0
SELECT busy=3192
SELECT w0=3218
SELECT w1=1876
SELECT w2=1865
BUSY TASK ewma=997
DMA IRQ c0=0
DMA IRQ c1=0
DMA IRQ c2=2
DMA IRQ c3=0
SELECT busy=3207
SELECT w0=3233
SELECT w1=1882
SELECT w2=1872
BUSY TASK ewma=997
DMA IRQ c0=0
DMA IRQ c1=0
DMA IRQ c2=2
DMA IRQ c3=0
SELECT busy=3227
SELECT w0=3254
SELECT w1=1890
SELECT w2=1879
BUSY TASK ewma=997
DMA IRQ c0=0
DMA IRQ c1=0
DMA IRQ c2=2
DMA IRQ c3=0
SELECT busy=3246
SELECT w0=3273
SELECT w1=1901
SELECT w2=1888
BUSY TASK ewma=997
DMA IRQ c0=0
DMA IRQ c1=0
DMA IRQ c2=2
DMA IRQ c3=0
SELECT busy=3266
SELECT w0=3293
SELECT w1=1917
SELECT w2=1900
BUSY TASK ewma=997
DMA IRQ c0=0
DMA IRQ c1=0
DMA IRQ c2=2
DMA IRQ c3=0
SELECT busy=3284
SELECT w0=3310
SELECT w1=1927
SELECT w2=1908
BUSY TASK ewma=997
DMA IRQ c0=0
DMA IRQ c1=0
DMA IRQ c2=2
DMA IRQ c3=0
SELECT busy=3304
SELECT w0=3330
SELECT w1=1937
SELECT w2=1917
BUSY TASK ewma=997
DMA IRQ c0=0
DMA IRQ c1=0
DMA IRQ c2=2
DMA IRQ c3=0
SELECT busy=3326
SELECT w0=3353
SELECT w1=1949
SELECT w2=1930
BUSY TASK ewma=997
DMA IRQ c0=0
DMA IRQ c1=0
DMA IRQ c2=2
DMA IRQ c3=0
SELECT busy=3342
SELECT w0=3369
SELECT w1=1960
SELECT w2=1940
BUSY TASK ewma=997
DMA IRQ c0=0
DMA IRQ c1=0
DMA IRQ c2=2
DMA IRQ c3=0
SELECT busy=3360
SELECT w0=3386
SELECT w1=1970
SELECT w2=1951
BUSY TASK ewma=997
DMA IRQ c0=0
DMA IRQ c1=0
DMA IRQ c2=2
DMA IRQ c3=0
SELECT busy=3379
SELECT w0=3405
SELECT w1=1981
SELECT w2=1963
BUSY TASK ewma=997
DMA IRQ c0=0
DMA IRQ c1=0
DMA IRQ c2=2
DMA IRQ c3=0
SELECT busy=3396
SELECT w0=3425
SELECT w1=1992
SELECT w2=1975
BUSY TASK ewma=997
DMA IRQ c0=0
DMA IRQ c1=0
DMA IRQ c2=2
DMA IRQ c3=0
SELECT busy=3421
SELECT w0=3448
SELECT w1=2006
SELECT w2=1990
BUSY TASK ewma=997
DMA IRQ c0=0
DMA IRQ c1=0
DMA IRQ c2=2
DMA IRQ c3=0
SELECT busy=3443
SELECT w0=3469
SELECT w1=2020
SELECT w2=2002
BUSY TASK ewma=997
DMA IRQ c0=0
DMA IRQ c1=0
DMA IRQ c2=2
DMA IRQ c3=0
SELECT busy=3462
SELECT w0=3488
SELECT w1=2026
SELECT w2=2008
BUSY TASK ewma=997
DMA IRQ c0=0
DMA IRQ c1=0
DMA IRQ c2=2
DMA IRQ c3=0
SELECT busy=3476
SELECT w0=3502
SELECT w1=2033
SELECT w2=2015
BUSY TASK ewma=997
DMA IRQ c0=0
DMA IRQ c1=0
DMA IRQ c2=2
DMA IRQ c3=0
SELECT busy=3489
SELECT w0=3515
SELECT w1=2039
SELECT w2=2024
BUSY TASK ewma=997
DMA IRQ c0=0
DMA IRQ c1=0
DMA IRQ c2=2
DMA IRQ c3=0
SELECT busy=3511
SELECT w0=3538
SELECT w1=2053
SELECT w2=2039
BUSY TASK ewma=997
DMA IRQ c0=0
DMA IRQ c1=0
DMA IRQ c2=2
DMA IRQ c3=0
SELECT busy=3533
SELECT w0=3559
SELECT w1=2063
SELECT w2=2051
BUSY TASK ewma=997
DMA IRQ c0=0
DMA IRQ c1=0
DMA IRQ c2=2
DMA IRQ c3=0
SELECT busy=3551
SELECT w0=3577
SELECT w1=2075
SELECT w2=2062
BUSY TASK ewma=997
DMA IRQ c0=0
DMA IRQ c1=0
DMA IRQ c2=2
DMA IRQ c3=0
SELECT busy=3570
SELECT w0=3596
SELECT w1=2087
SELECT w2=2074
BUSY TASK ewma=997
DMA IRQ c0=0
DMA IRQ c1=0
DMA IRQ c2=2
DMA IRQ c3=0
SELECT busy=3588
SELECT w0=3615
SELECT w1=2100
SELECT w2=2086
BUSY TASK ewma=997
DMA IRQ c0=0
DMA IRQ c1=0
DMA IRQ c2=2
DMA IRQ c3=0
SELECT busy=3612
SELECT w0=3639
SELECT w1=2115
SELECT w2=2100
BUSY TASK ewma=997
DMA IRQ c0=0
DMA IRQ c1=0
DMA IRQ c2=2
DMA IRQ c3=0
SELECT busy=3638
SELECT w0=3666
SELECT w1=2134
SELECT w2=2115
BUSY TASK ewma=997
DMA IRQ c0=0
DMA IRQ c1=0
DMA IRQ c2=2
DMA IRQ c3=0
SELECT busy=3666
SELECT w0=3693
SELECT w1=2144
SELECT w2=2127
BUSY TASK ewma=997
DMA IRQ c0=0
DMA IRQ c1=0
DMA IRQ c2=2
DMA IRQ c3=0
SELECT busy=3689
SELECT w0=3716
SELECT w1=2155
SELECT w2=2141
BUSY TASK ewma=997
DMA IRQ c0=0
DMA IRQ c1=0
DMA IRQ c2=2
DMA IRQ c3=0
SELECT busy=3705
SELECT w0=3732
SELECT w1=2165
SELECT w2=2154
BUSY TASK ewma=997
DMA IRQ c0=0
DMA IRQ c1=0
DMA IRQ c2=2
DMA IRQ c3=0
SELECT busy=3722
SELECT w0=3748
SELECT w1=2174
SELECT w2=2163
BUSY TASK ewma=997
DMA IRQ c0=0
DMA IRQ c1=0
DMA IRQ c2=2
DMA IRQ c3=0
SELECT busy=3740
SELECT w0=3767
SELECT w1=2185
SELECT w2=2173
BUSY TASK ewma=997
DMA IRQ c0=0
DMA IRQ c1=0
DMA IRQ c2=2
DMA IRQ c3=0
SELECT busy=3766
SELECT w0=3793
SELECT w1=2199
SELECT w2=2187
BUSY TASK ewma=997
DMA IRQ c0=0
DMA IRQ c1=0
DMA IRQ c2=2
DMA IRQ c3=0
SELECT busy=3781
SELECT w0=3807
SELECT w1=2206
SELECT w2=2194
BUSY TASK ewma=997
DMA IRQ c0=0
DMA IRQ c1=0
DMA IRQ c2=2
DMA IRQ c3=0
SELECT busy=3795
SELECT w0=3821
SELECT w1=2213
SELECT w2=2202
BUSY TASK ewma=997
DMA IRQ c0=0
DMA IRQ c1=0
DMA IRQ c2=2
DMA IRQ c3=0
SELECT busy=3809
SELECT w0=3836
SELECT w1=2222
SELECT w2=2211
BUSY TASK ewma=997
DMA IRQ c0=0
DMA IRQ c1=0
DMA IRQ c2=2
DMA IRQ c3=0
SELECT busy=3824
SELECT w0=3851
SELECT w1=2233
SELECT w2=2220
BUSY TASK ewma=997
DMA IRQ c0=0
DMA IRQ c1=0
DMA IRQ c2=2
DMA IRQ c3=0
SELECT busy=3844
SELECT w0=3871
SELECT w1=2244
SELECT w2=2233
BUSY TASK ewma=997
DMA IRQ c0=0
DMA IRQ c1=0
DMA IRQ c2=2
DMA IRQ c3=0
SELECT busy=3864
SELECT w0=3891
SELECT w1=2264
SELECT w2=2245
BUSY TASK ewma=997
DMA IRQ c0=0
DMA IRQ c1=0
DMA IRQ c2=2
DMA IRQ c3=0
SELECT busy=3886
SELECT w0=3912
SELECT w1=2277
SELECT w2=2256
BUSY TASK ewma=997
DMA IRQ c0=0
DMA IRQ c1=0
DMA IRQ c2=2
DMA IRQ c3=0
SELECT busy=3901
SELECT w0=3928
SELECT w1=2285
SELECT w2=2266
BUSY TASK ewma=997
DMA IRQ c0=0
DMA IRQ c1=0
DMA IRQ c2=2
DMA IRQ c3=0
SELECT busy=3922
SELECT w0=3949
SELECT w1=2297
SELECT w2=2277
BUSY TASK ewma=997
DMA IRQ c0=0
DMA IRQ c1=0
DMA IRQ c2=2
DMA IRQ c3=0
SELECT busy=3937
SELECT w0=3964
SELECT w1=2306
SELECT w2=2286
BUSY TASK ewma=997
DMA IRQ c0=0
DMA IRQ c1=0
DMA IRQ c2=2
DMA IRQ c3=0
SELECT busy=3950
SELECT w0=3977
SELECT w1=2313
SELECT w2=2293
BUSY TASK ewma=997
DMA IRQ c0=0
DMA IRQ c1=0
DMA IRQ c2=2
DMA IRQ c3=0
SELECT busy=3964
SELECT w0=3991
SELECT w1=2321
SELECT w2=2301
BUSY TASK ewma=997
DMA IRQ c0=0
DMA IRQ c1=0
DMA IRQ c2=2
DMA IRQ c3=0
SELECT busy=3978
SELECT w0=4004
SELECT w1=2329
SELECT w2=2310
BUSY TASK ewma=997
DMA IRQ c0=0
DMA IRQ c1=0
DMA IRQ c2=2
DMA IRQ c3=0
SELECT busy=3995
SELECT w0=4022
SELECT w1=2342
SELECT w2=2320
BUSY TASK ewma=997
DMA IRQ c0=0
DMA IRQ c1=0
DMA IRQ c2=2
DMA IRQ c3=0
SELECT busy=4015
SELECT w0=4042
SELECT w1=2355
SELECT w2=2332
BUSY TASK ewma=997
DMA IRQ c0=0
DMA IRQ c1=0
DMA IRQ c2=2
DMA IRQ c3=0
SELECT busy=4034
SELECT w0=4060
SELECT w1=2364
SELECT w2=2343
BUSY TASK ewma=997
DMA IRQ c0=0
DMA IRQ c1=0
DMA IRQ c2=2
DMA IRQ c3=0
SELECT busy=4049
SELECT w0=4076
SELECT w1=2373
SELECT w2=2353
BUSY TASK ewma=997
DMA IRQ c0=0
DMA IRQ c1=0
DMA IRQ c2=2
DMA IRQ c3=0
SELECT busy=4067
SELECT w0=4093
SELECT w1=2381
SELECT w2=2363
BUSY TASK ewma=997
DMA IRQ c0=0
DMA IRQ c1=0
DMA IRQ c2=2
DMA IRQ c3=0
SELECT busy=4083
SELECT w0=4110
SELECT w1=2391
SELECT w2=2373
BUSY TASK ewma=997
DMA IRQ c0=0
DMA IRQ c1=0
DMA IRQ c2=2
DMA IRQ c3=0
SELECT busy=4098
SELECT w0=4126
SELECT w1=2399
SELECT w2=2382
BUSY TASK ewma=997
DMA IRQ c0=0
DMA IRQ c1=0
DMA IRQ c2=2
DMA IRQ c3=0
SELECT busy=4119
SELECT w0=4146
SELECT w1=2410
SELECT w2=2393
BUSY TASK ewma=997
DMA IRQ c0=0
DMA IRQ c1=0
DMA IRQ c2=2
DMA IRQ c3=0
SELECT busy=4136
SELECT w0=4163
SELECT w1=2419
SELECT w2=2401
BUSY TASK ewma=997
IRQ counts: cpu0=8264 cpu1=9500 cpu2=9302 cpu3=9324
SCHED secondaries: calls=28138 unexpected=0
SECTEST switches=28110 cpu1=109943395,107948839 cpu2=81343939,81287983 cpu3=118670336,119110905
PINGPONG rounds=2000 pongs=2000
DMA IRQ c0=0
DMA IRQ c1=0
DMA IRQ c2=2
DMA IRQ c3=0
SELECT busy=4167
SELECT w0=4194
SELECT w1=2437
SELECT w2=2422
BUSY TASK ewma=997
DMA IRQ c0=0
DMA IRQ c1=0
DMA IRQ c2=2
DMA IRQ c3=0
SELECT busy=4189
SELECT w0=4216
SELECT w1=2448
SELECT w2=2440
BUSY TASK ewma=997
DMA IRQ c0=0
DMA IRQ c1=0
DMA IRQ c2=2
DMA IRQ c3=0
SELECT busy=4208
SELECT w0=4234
SELECT w1=2456
SELECT w2=2450
BUSY TASK ewma=997
DMA IRQ c0=0
DMA IRQ c1=0
DMA IRQ c2=2
DMA IRQ c3=0
SELECT busy=4228
SELECT w0=4255
SELECT w1=2467
SELECT w2=2465
BUSY TASK ewma=997
DMA IRQ c0=0
DMA IRQ c1=0
DMA IRQ c2=2
DMA IRQ c3=0
SELECT busy=4246
SELECT w0=4273
SELECT w1=2476
SELECT w2=2478
BUSY TASK ewma=997
DMA IRQ c0=0
DMA IRQ c1=0
DMA IRQ c2=2
DMA IRQ c3=0
SELECT busy=4267
SELECT w0=4293
SELECT w1=2483
SELECT w2=2486
BUSY TASK ewma=997
DMA IRQ c0=0
DMA IRQ c1=0
DMA IRQ c2=2
DMA IRQ c3=0
SELECT busy=4286
SELECT w0=4312
SELECT w1=2487
SELECT w2=2492
BUSY TASK ewma=997
DMA IRQ c0=0
DMA IRQ c1=0
DMA IRQ c2=2
DMA IRQ c3=0
SELECT busy=4310
SELECT w0=4337
SELECT w1=2500
SELECT w2=2513
BUSY TASK ewma=997
DMA IRQ c0=0
DMA IRQ c1=0
DMA IRQ c2=2
DMA IRQ c3=0
SELECT busy=4328
SELECT w0=4355
SELECT w1=2508
SELECT w2=2526
BUSY TASK ewma=997
DMA IRQ c0=0
DMA IRQ c1=0
DMA IRQ c2=2
DMA IRQ c3=0
SELECT busy=4346
SELECT w0=4374
SELECT w1=2518
SELECT w2=2542
BUSY TASK ewma=997
DMA IRQ c0=0
DMA IRQ c1=0
DMA IRQ c2=2
DMA IRQ c3=0
SELECT busy=4363
SELECT w0=4389
SELECT w1=2527
SELECT w2=2553
BUSY TASK ewma=997
DMA IRQ c0=0
DMA IRQ c1=0
DMA IRQ c2=2
DMA IRQ c3=0
SELECT busy=4380
SELECT w0=4407
SELECT w1=2537
SELECT w2=2565
BUSY TASK ewma=997
DMA IRQ c0=0
DMA IRQ c1=0
DMA IRQ c2=2
DMA IRQ c3=0
SELECT busy=4400
SELECT w0=4427
SELECT w1=2546
SELECT w2=2578
BUSY TASK ewma=997
DMA IRQ c0=0
DMA IRQ c1=0
DMA IRQ c2=2
DMA IRQ c3=0
SELECT busy=4417
SELECT w0=4443
SELECT w1=2554
SELECT w2=2586
BUSY TASK ewma=997
DMA IRQ c0=0
DMA IRQ c1=0
DMA IRQ c2=2
DMA IRQ c3=0
SELECT busy=4430
SELECT w0=4457
SELECT w1=2560
SELECT w2=2595
BUSY TASK ewma=997
DMA IRQ c0=0
DMA IRQ c1=0
DMA IRQ c2=2
DMA IRQ c3=0
SELECT busy=4450
SELECT w0=4476
SELECT w1=2569
SELECT w2=2609
BUSY TASK ewma=997
DMA IRQ c0=0
DMA IRQ c1=0
DMA IRQ c2=2
DMA IRQ c3=0
SELECT busy=4472
SELECT w0=4498
SELECT w1=2579
SELECT w2=2620
BUSY TASK ewma=997
DMA IRQ c0=0
DMA IRQ c1=0
DMA IRQ c2=2
DMA IRQ c3=0
SELECT busy=4489
SELECT w0=4515
SELECT w1=2585
SELECT w2=2630
BUSY TASK ewma=997
DMA IRQ c0=0
DMA IRQ c1=0
DMA IRQ c2=2
DMA IRQ c3=0
SELECT busy=4510
SELECT w0=4536
SELECT w1=2593
SELECT w2=2641
BUSY TASK ewma=997
DMA IRQ c0=0
DMA IRQ c1=0
DMA IRQ c2=2
DMA IRQ c3=0
SELECT busy=4524
SELECT w0=4551
SELECT w1=2600
SELECT w2=2655
BUSY TASK ewma=997
DMA IRQ c0=0
DMA IRQ c1=0
DMA IRQ c2=2
DMA IRQ c3=0
SELECT busy=4543
SELECT w0=4569
SELECT w1=2608
SELECT w2=2664
BUSY TASK ewma=997
DMA IRQ c0=0
DMA IRQ c1=0
DMA IRQ c2=2
DMA IRQ c3=0
SELECT busy=4560
SELECT w0=4587
SELECT w1=2614
SELECT w2=2670
BUSY TASK ewma=997
DMA IRQ c0=0
DMA IRQ c1=0
DMA IRQ c2=2
DMA IRQ c3=0
SELECT busy=4575
SELECT w0=4602
SELECT w1=2622
SELECT w2=2680
BUSY TASK ewma=997
DMA IRQ c0=0
DMA IRQ c1=0
DMA IRQ c2=2
DMA IRQ c3=0
SELECT busy=4594
SELECT w0=4620
SELECT w1=2631
SELECT w2=2689
BUSY TASK ewma=997
DMA IRQ c0=0
DMA IRQ c1=0
DMA IRQ c2=2
DMA IRQ c3=0
SELECT busy=4613
SELECT w0=4640
SELECT w1=2642
SELECT w2=2702
BUSY TASK ewma=997
DMA IRQ c0=0
DMA IRQ c1=0
DMA IRQ c2=2
DMA IRQ c3=0
SELECT busy=4630
SELECT w0=4657
SELECT w1=2650
SELECT w2=2711
BUSY TASK ewma=997
DMA IRQ c0=0
DMA IRQ c1=0
DMA IRQ c2=2
DMA IRQ c3=0
SELECT busy=4649
SELECT w0=4675
SELECT w1=2657
SELECT w2=2719
BUSY TASK ewma=997
DMA IRQ c0=0
DMA IRQ c1=0
DMA IRQ c2=2
DMA IRQ c3=0
SELECT busy=4666
SELECT w0=4693
SELECT w1=2665
SELECT w2=2730
BUSY TASK ewma=997
DMA IRQ c0=0
DMA IRQ c1=0
DMA IRQ c2=2
DMA IRQ c3=0
SELECT busy=4679
SELECT w0=4706
SELECT w1=2670
SELECT w2=2736
BUSY TASK ewma=997
DMA IRQ c0=0
DMA IRQ c1=0
DMA IRQ c2=2
DMA IRQ c3=0
SELECT busy=4699
SELECT w0=4725
SELECT w1=2679
SELECT w2=2744
BUSY TASK ewma=997
DMA IRQ c0=0
DMA IRQ c1=0
DMA IRQ c2=2
DMA IRQ c3=0
SELECT busy=4721
SELECT w0=4748
SELECT w1=2691
SELECT w2=2761
BUSY TASK ewma=997
DMA IRQ c0=0
DMA IRQ c1=0
DMA IRQ c2=2
DMA IRQ c3=0
SELECT busy=4736
SELECT w0=4763
SELECT w1=2699
SELECT w2=2771
BUSY TASK ewma=997
DMA IRQ c0=0
DMA IRQ c1=0
DMA IRQ c2=2
DMA IRQ c3=0
SELECT busy=4756
SELECT w0=4782
SELECT w1=2708
SELECT w2=2783
BUSY TASK ewma=997
DMA IRQ c0=0
DMA IRQ c1=0
DMA IRQ c2=2
DMA IRQ c3=0
SELECT busy=4772
SELECT w0=4798
SELECT w1=2716
SELECT w2=2793
BUSY TASK ewma=997
DMA IRQ c0=0
DMA IRQ c1=0
DMA IRQ c2=2
DMA IRQ c3=0
SELECT busy=4790
SELECT w0=4817
SELECT w1=2726
SELECT w2=2807
BUSY TASK ewma=997
DMA IRQ c0=0
DMA IRQ c1=0
DMA IRQ c2=2
DMA IRQ c3=0
SELECT busy=4807
SELECT w0=4834
SELECT w1=2735
SELECT w2=2816
BUSY TASK ewma=997
DMA IRQ c0=0
DMA IRQ c1=0
DMA IRQ c2=2
DMA IRQ c3=0
SELECT busy=4823
SELECT w0=4850
SELECT w1=2744
SELECT w2=2827
BUSY TASK ewma=997
DMA IRQ c0=0
DMA IRQ c1=0
DMA IRQ c2=2
DMA IRQ c3=0
SELECT busy=4838
SELECT w0=4865
SELECT w1=2749
SELECT w2=2834
BUSY TASK ewma=997
DMA IRQ c0=0
DMA IRQ c1=0
DMA IRQ c2=2
DMA IRQ c3=0
SELECT busy=4854
SELECT w0=4881
SELECT w1=2757
SELECT w2=2845
BUSY TASK ewma=997
DMA IRQ c0=0
DMA IRQ c1=0
DMA IRQ c2=2
DMA IRQ c3=0
SELECT busy=4871
SELECT w0=4898
SELECT w1=2765
SELECT w2=2856
BUSY TASK ewma=997
DMA IRQ c0=0
DMA IRQ c1=0
DMA IRQ c2=2
DMA IRQ c3=0
SELECT busy=4886
SELECT w0=4912
SELECT w1=2771
SELECT w2=2862
BUSY TASK ewma=997
DMA IRQ c0=0
DMA IRQ c1=0
DMA IRQ c2=2
DMA IRQ c3=0
SELECT busy=4903
SELECT w0=4930
SELECT w1=2781
SELECT w2=2874
BUSY TASK ewma=997
DMA IRQ c0=0
DMA IRQ c1=0
DMA IRQ c2=2
DMA IRQ c3=0
SELECT busy=4921
SELECT w0=4949
SELECT w1=2791
SELECT w2=2886
BUSY TASK ewma=997
DMA IRQ c0=0
DMA IRQ c1=0
DMA IRQ c2=2
DMA IRQ c3=0
SELECT busy=4942
SELECT w0=4968
SELECT w1=2800
SELECT w2=2896
BUSY TASK ewma=997
DMA IRQ c0=0
DMA IRQ c1=0
DMA IRQ c2=2
DMA IRQ c3=0
SELECT busy=4964
SELECT w0=4991
SELECT w1=2809
SELECT w2=2906
BUSY TASK ewma=997
DMA IRQ c0=0
DMA IRQ c1=0
DMA IRQ c2=2
DMA IRQ c3=0
SELECT busy=4999
SELECT w0=5025
SELECT w1=2825
SELECT w2=2928
BUSY TASK ewma=997
DMA IRQ c0=0
DMA IRQ c1=0
DMA IRQ c2=2
DMA IRQ c3=0
SELECT busy=5042
SELECT w0=5069
SELECT w1=2844
SELECT w2=2954
BUSY TASK ewma=997
DMA IRQ c0=0
DMA IRQ c1=0
DMA IRQ c2=2
DMA IRQ c3=0
SELECT busy=5059
SELECT w0=5085
SELECT w1=2850
SELECT w2=2962
BUSY TASK ewma=997
DMA IRQ c0=0
DMA IRQ c1=0
DMA IRQ c2=2
DMA IRQ c3=0
SELECT busy=5075
SELECT w0=5102
SELECT w1=2858
SELECT w2=2972
BUSY TASK ewma=997
DMA IRQ c0=0
DMA IRQ c1=0
DMA IRQ c2=2
DMA IRQ c3=0
SELECT busy=5093
SELECT w0=5120
SELECT w1=2865
SELECT w2=2982
BUSY TASK ewma=997
DMA IRQ c0=0
DMA IRQ c1=0
DMA IRQ c2=2
DMA IRQ c3=0
SELECT busy=5113
SELECT w0=5141
SELECT w1=2875
SELECT w2=2992
BUSY TASK ewma=997
DMA IRQ c0=0
DMA IRQ c1=0
DMA IRQ c2=2
DMA IRQ c3=0
SELECT busy=5124
SELECT w0=5150
SELECT w1=2878
SELECT w2=2996
BUSY TASK ewma=997
DMA IRQ c0=0
DMA IRQ c1=0
DMA IRQ c2=2
DMA IRQ c3=0
SELECT busy=5141
SELECT w0=5168
SELECT w1=2887
SELECT w2=3007
BUSY TASK ewma=997
DMA IRQ c0=0
DMA IRQ c1=0
DMA IRQ c2=2
DMA IRQ c3=0
SELECT busy=5158
SELECT w0=5184
SELECT w1=2894
SELECT w2=3016
BUSY TASK ewma=997
DMA IRQ c0=0
DMA IRQ c1=0
DMA IRQ c2=2
DMA IRQ c3=0
SELECT busy=5177
SELECT w0=5204
SELECT w1=2903
SELECT w2=3032
BUSY TASK ewma=997
DMA IRQ c0=0
DMA IRQ c1=0
DMA IRQ c2=2
DMA IRQ c3=0
SELECT busy=5197
SELECT w0=5224
SELECT w1=2912
SELECT w2=3050
BUSY TASK ewma=997
DMA IRQ c0=0
DMA IRQ c1=0
DMA IRQ c2=2
DMA IRQ c3=0
SELECT busy=5213
SELECT w0=5240
SELECT w1=2920
SELECT w2=3059
BUSY TASK ewma=997
DMA IRQ c0=0
DMA IRQ c1=0
DMA IRQ c2=2
DMA IRQ c3=0
SELECT busy=5232
SELECT w0=5259
SELECT w1=2930
SELECT w2=3073
BUSY TASK ewma=997
DMA IRQ c0=0
DMA IRQ c1=0
DMA IRQ c2=2
DMA IRQ c3=0
SELECT busy=5256
SELECT w0=5284
SELECT w1=2944
SELECT w2=3089
BUSY TASK ewma=997
DMA IRQ c0=0
DMA IRQ c1=0
DMA IRQ c2=2
DMA IRQ c3=0
SELECT busy=5274
SELECT w0=5300
SELECT w1=2952
SELECT w2=3099
BUSY TASK ewma=997
DMA IRQ c0=0
DMA IRQ c1=0
DMA IRQ c2=2
DMA IRQ c3=0
SELECT busy=5300
SELECT w0=5326
SELECT w1=2965
SELECT w2=3112
BUSY TASK ewma=997
DMA IRQ c0=0
DMA IRQ c1=0
DMA IRQ c2=2
DMA IRQ c3=0
SELECT busy=5318
SELECT w0=5345
SELECT w1=2974
SELECT w2=3122
BUSY TASK ewma=997
DMA IRQ c0=0
DMA IRQ c1=0
DMA IRQ c2=2
DMA IRQ c3=0
SELECT busy=5341
SELECT w0=5368
SELECT w1=2983
SELECT w2=3135
BUSY TASK ewma=997
DMA IRQ c0=0
DMA IRQ c1=0
DMA IRQ c2=2
DMA IRQ c3=0
SELECT busy=5364
SELECT w0=5390
SELECT w1=2991
SELECT w2=3146
BUSY TASK ewma=997
IRQ counts: cpu0=10720 cpu1=12345 cpu2=12274 cpu3=12235
SCHED secondaries: calls=36855 unexpected=0
SECTEST switches=36816 cpu1=143361821,143225821 cpu2=112424084,112525467 cpu3=159880174,158693712
PINGPONG rounds=2000 pongs=2000
DMA IRQ c0=0
DMA IRQ c1=0
DMA IRQ c2=2
DMA IRQ c3=0
SELECT busy=5393
SELECT w0=5420
SELECT w1=3005
SELECT w2=3164
BUSY TASK ewma=997
DMA IRQ c0=0
DMA IRQ c1=0
DMA IRQ c2=2
DMA IRQ c3=0
SELECT busy=5420
SELECT w0=5447
SELECT w1=3019
SELECT w2=3182
BUSY TASK ewma=997
DMA IRQ c0=0
DMA IRQ c1=0
DMA IRQ c2=2
DMA IRQ c3=0
SELECT busy=5439
SELECT w0=5465
SELECT w1=3027
SELECT w2=3192
BUSY TASK ewma=997
DMA IRQ c0=0
DMA IRQ c1=0
DMA IRQ c2=2
DMA IRQ c3=0
SELECT busy=5454
SELECT w0=5481
SELECT w1=3034
SELECT w2=3201
BUSY TASK ewma=997
DMA IRQ c0=0
DMA IRQ c1=0
DMA IRQ c2=2
DMA IRQ c3=0
SELECT busy=5487
SELECT w0=5514
SELECT w1=3048
SELECT w2=3218
BUSY TASK ewma=997
DMA IRQ c0=0
DMA IRQ c1=0
DMA IRQ c2=2
DMA IRQ c3=0
SELECT busy=5511
SELECT w0=5538
SELECT w1=3060
SELECT w2=3231
BUSY TASK ewma=997
DMA IRQ c0=0
DMA IRQ c1=0
DMA IRQ c2=2
DMA IRQ c3=0
SELECT busy=5528
SELECT w0=5554
SELECT w1=3066
SELECT w2=3239
BUSY TASK ewma=997
DMA IRQ c0=0
DMA IRQ c1=0
DMA IRQ c2=2
DMA IRQ c3=0
SELECT busy=5554
SELECT w0=5581
SELECT w1=3083
SELECT w2=3257
BUSY TASK ewma=997
DMA IRQ c0=0
DMA IRQ c1=0
DMA IRQ c2=2
DMA IRQ c3=0
SELECT busy=5583
SELECT w0=5609
SELECT w1=3099
SELECT w2=3271
BUSY TASK ewma=997
DMA IRQ c0=0
DMA IRQ c1=0
DMA IRQ c2=2
DMA IRQ c3=0
SELECT busy=5597
SELECT w0=5624
SELECT w1=3106
SELECT w2=3281
BUSY TASK ewma=997
DMA IRQ c0=0
DMA IRQ c1=0
DMA IRQ c2=2
DMA IRQ c3=0
SELECT busy=5618
SELECT w0=5645
SELECT w1=3118
SELECT w2=3296
BUSY TASK ewma=997
DMA IRQ c0=0
DMA IRQ c1=0
DMA IRQ c2=2
DMA IRQ c3=0
SELECT busy=5642
SELECT w0=5669
SELECT w1=3128
SELECT w2=3307
BUSY TASK ewma=997
DMA IRQ c0=0
DMA IRQ c1=0
DMA IRQ c2=2
DMA IRQ c3=0
SELECT busy=5663
SELECT w0=5689
SELECT w1=3136
SELECT w2=3317
BUSY TASK ewma=997
DMA IRQ c0=0
DMA IRQ c1=0
DMA IRQ c2=2
DMA IRQ c3=0
SELECT busy=5678
SELECT w0=5705
SELECT w1=3143
SELECT w2=3325
BUSY TASK ewma=997
DMA IRQ c0=0
DMA IRQ c1=0
DMA IRQ c2=2
DMA IRQ c3=0
SELECT busy=5699
SELECT w0=5726
SELECT w1=3152
SELECT w2=3337
BUSY TASK ewma=997
DMA IRQ c0=0
DMA IRQ c1=0
DMA IRQ c2=2
DMA IRQ c3=0
SELECT busy=5718
SELECT w0=5745
SELECT w1=3159
SELECT w2=3346
BUSY TASK ewma=997
DMA IRQ c0=0
DMA IRQ c1=0
DMA IRQ c2=2
DMA IRQ c3=0
SELECT busy=5737
SELECT w0=5763
SELECT w1=3166
SELECT w2=3356
BUSY TASK ewma=997
DMA IRQ c0=0
DMA IRQ c1=0
DMA IRQ c2=2
DMA IRQ c3=0
SELECT busy=5756
SELECT w0=5782
SELECT w1=3174
SELECT w2=3366
BUSY TASK ewma=997
DMA IRQ c0=0
DMA IRQ c1=0
DMA IRQ c2=2
DMA IRQ c3=0
SELECT busy=5769
SELECT w0=5795
SELECT w1=3181
SELECT w2=3374
BUSY TASK ewma=997
DMA IRQ c0=0
DMA IRQ c1=0
DMA IRQ c2=2
DMA IRQ c3=0
SELECT busy=5788
SELECT w0=5815
SELECT w1=3190
SELECT w2=3385
BUSY TASK ewma=997
DMA IRQ c0=0
DMA IRQ c1=0
DMA IRQ c2=2
DMA IRQ c3=0
SELECT busy=5804
SELECT w0=5830
SELECT w1=3194
SELECT w2=3391
BUSY TASK ewma=997
DMA IRQ c0=0
DMA IRQ c1=0
DMA IRQ c2=2
DMA IRQ c3=0
SELECT busy=5821
SELECT w0=5847
SELECT w1=3201
SELECT w2=3398
BUSY TASK ewma=997
DMA IRQ c0=0
DMA IRQ c1=0
DMA IRQ c2=2
DMA IRQ c3=0
SELECT busy=5838
SELECT w0=5864
SELECT w1=3207
SELECT w2=3405
BUSY TASK ewma=997
DMA IRQ c0=0
DMA IRQ c1=0
DMA IRQ c2=2
DMA IRQ c3=0
SELECT busy=5856
SELECT w0=5882
SELECT w1=3218
SELECT w2=3418
BUSY TASK ewma=997
DMA IRQ c0=0
DMA IRQ c1=0
DMA IRQ c2=2
DMA IRQ c3=0
SELECT busy=5876
SELECT w0=5903
SELECT w1=3226
SELECT w2=3426
BUSY TASK ewma=997
DMA IRQ c0=0
DMA IRQ c1=0
DMA IRQ c2=2
DMA IRQ c3=0
SELECT busy=5892
SELECT w0=5918
SELECT w1=3232
SELECT w2=3436
BUSY TASK ewma=997
DMA IRQ c0=0
DMA IRQ c1=0
DMA IRQ c2=2
DMA IRQ c3=0
SELECT busy=5905
SELECT w0=5932
SELECT w1=3239
SELECT w2=3443
BUSY TASK ewma=997
DMA IRQ c0=0
DMA IRQ c1=0
DMA IRQ c2=2
DMA IRQ c3=0
SELECT busy=5923
SELECT w0=5949
SELECT w1=3246
SELECT w2=3455
BUSY TASK ewma=997
DMA IRQ c0=0
DMA IRQ c1=0
DMA IRQ c2=2
DMA IRQ c3=0
SELECT busy=5939
SELECT w0=5966
SELECT w1=3253
SELECT w2=3465
BUSY TASK ewma=997
DMA IRQ c0=0
DMA IRQ c1=0
DMA IRQ c2=2
DMA IRQ c3=0
SELECT busy=5957
SELECT w0=5983
SELECT w1=3261
SELECT w2=3474
BUSY TASK ewma=997
DMA IRQ c0=0
DMA IRQ c1=0
DMA IRQ c2=2
DMA IRQ c3=0
SELECT busy=5972
SELECT w0=5999
SELECT w1=3266
SELECT w2=3482
BUSY TASK ewma=997
DMA IRQ c0=0
DMA IRQ c1=0
DMA IRQ c2=2
DMA IRQ c3=0
SELECT busy=5988
SELECT w0=6014
SELECT w1=3273
SELECT w2=3492
BUSY TASK ewma=997
DMA IRQ c0=0
DMA IRQ c1=0
DMA IRQ c2=2
DMA IRQ c3=0
SELECT busy=6009
SELECT w0=6035
SELECT w1=3283
SELECT w2=3503
BUSY TASK ewma=997
DMA IRQ c0=0
DMA IRQ c1=0
DMA IRQ c2=2
DMA IRQ c3=0
SELECT busy=6026
SELECT w0=6053
SELECT w1=3290
SELECT w2=3514
BUSY TASK ewma=997
DMA IRQ c0=0
DMA IRQ c1=0
DMA IRQ c2=2
DMA IRQ c3=0
SELECT busy=6055
SELECT w0=6082
SELECT w1=3306
SELECT w2=3530
BUSY TASK ewma=997
DMA IRQ c0=0
DMA IRQ c1=0
DMA IRQ c2=2
DMA IRQ c3=0
SELECT busy=6074
SELECT w0=6100
SELECT w1=3316
SELECT w2=3541
BUSY TASK ewma=997
DMA IRQ c0=0
DMA IRQ c1=0
DMA IRQ c2=2
DMA IRQ c3=0
SELECT busy=6093
SELECT w0=6119
SELECT w1=3324
SELECT w2=3551
BUSY TASK ewma=997
DMA IRQ c0=0
DMA IRQ c1=0
DMA IRQ c2=2
DMA IRQ c3=0
SELECT busy=6113
SELECT w0=6139
SELECT w1=3332
SELECT w2=3562
BUSY TASK ewma=997
DMA IRQ c0=0
DMA IRQ c1=0
DMA IRQ c2=2
DMA IRQ c3=0
SELECT busy=6135
SELECT w0=6162
SELECT w1=3342
SELECT w2=3575
BUSY TASK ewma=997
DMA IRQ c0=0
DMA IRQ c1=0
DMA IRQ c2=2
DMA IRQ c3=0
SELECT busy=6154
SELECT w0=6180
SELECT w1=3350
SELECT w2=3586
BUSY TASK ewma=997
DMA IRQ c0=0
DMA IRQ c1=0
DMA IRQ c2=2
DMA IRQ c3=0
SELECT busy=6166
SELECT w0=6193
SELECT w1=3354
SELECT w2=3593
BUSY TASK ewma=997
DMA IRQ c0=0
DMA IRQ c1=0
DMA IRQ c2=2
DMA IRQ c3=0
SELECT busy=6184
SELECT w0=6210
SELECT w1=3361
SELECT w2=3601
BUSY TASK ewma=997
DMA IRQ c0=0
DMA IRQ c1=0
DMA IRQ c2=2
DMA IRQ c3=0
SELECT busy=6205
SELECT w0=6232
SELECT w1=3371
SELECT w2=3614
BUSY TASK ewma=997
DMA IRQ c0=0
DMA IRQ c1=0
DMA IRQ c2=2
DMA IRQ c3=0
SELECT busy=6221
SELECT w0=6248
SELECT w1=3377
SELECT w2=3622
BUSY TASK ewma=997
DMA IRQ c0=0
DMA IRQ c1=0
DMA IRQ c2=2
DMA IRQ c3=0
SELECT busy=6239
SELECT w0=6266
SELECT w1=3383
SELECT w2=3629
BUSY TASK ewma=997
DMA IRQ c0=0
DMA IRQ c1=0
DMA IRQ c2=2
DMA IRQ c3=0
SELECT busy=6256
SELECT w0=6283
SELECT w1=3392
SELECT w2=3639
BUSY TASK ewma=997
DMA IRQ c0=0
DMA IRQ c1=0
DMA IRQ c2=2
DMA IRQ c3=0
SELECT busy=6281
SELECT w0=6308
SELECT w1=3405
SELECT w2=3653
BUSY TASK ewma=997
DMA IRQ c0=0
DMA IRQ c1=0
DMA IRQ c2=2
DMA IRQ c3=0
SELECT busy=6305
SELECT w0=6332
SELECT w1=3413
SELECT w2=3666
BUSY TASK ewma=997
DMA IRQ c0=0
DMA IRQ c1=0
DMA IRQ c2=2
DMA IRQ c3=0
SELECT busy=6319
SELECT w0=6346
SELECT w1=3421
SELECT w2=3674
BUSY TASK ewma=997
DMA IRQ c0=0
DMA IRQ c1=0
DMA IRQ c2=2
DMA IRQ c3=0
SELECT busy=6338
SELECT w0=6364
SELECT w1=3430
SELECT w2=3682
BUSY TASK ewma=997
DMA IRQ c0=0
DMA IRQ c1=0
DMA IRQ c2=2
DMA IRQ c3=0
SELECT busy=6358
SELECT w0=6384
SELECT w1=3439
SELECT w2=3694
BUSY TASK ewma=997
DMA IRQ c0=0
DMA IRQ c1=0
DMA IRQ c2=2
DMA IRQ c3=0
SELECT busy=6374
SELECT w0=6401
SELECT w1=3446
SELECT w2=3703
BUSY TASK ewma=997
DMA IRQ c0=0
DMA IRQ c1=0
DMA IRQ c2=2
DMA IRQ c3=0
SELECT busy=6392
SELECT w0=6418
SELECT w1=3454
SELECT w2=3711
BUSY TASK ewma=997
DMA IRQ c0=0
DMA IRQ c1=0
DMA IRQ c2=2
DMA IRQ c3=0
SELECT busy=6417
SELECT w0=6444
SELECT w1=3465
SELECT w2=3721
BUSY TASK ewma=997
DMA IRQ c0=0
DMA IRQ c1=0
DMA IRQ c2=2
DMA IRQ c3=0
SELECT busy=6456
SELECT w0=6484
SELECT w1=3482
SELECT w2=3741
BUSY TASK ewma=997
DMA IRQ c0=0
DMA IRQ c1=0
DMA IRQ c2=2
DMA IRQ c3=0
SELECT busy=6494
SELECT w0=6521
SELECT w1=3501
SELECT w2=3763
BUSY TASK ewma=997
DMA IRQ c0=0
DMA IRQ c1=0
DMA IRQ c2=2
DMA IRQ c3=0
SELECT busy=6528
SELECT w0=6554
SELECT w1=3514
SELECT w2=3780
BUSY TASK ewma=997
DMA IRQ c0=0
DMA IRQ c1=0
DMA IRQ c2=2
DMA IRQ c3=0
SELECT busy=6574
SELECT w0=6600
SELECT w1=3532
SELECT w2=3807
BUSY TASK ewma=997
DMA IRQ c0=0
DMA IRQ c1=0
DMA IRQ c2=2
DMA IRQ c3=0
SELECT busy=6616
SELECT w0=6642
SELECT w1=3551
SELECT w2=3830
BUSY TASK ewma=997
DMA IRQ c0=0
DMA IRQ c1=0
DMA IRQ c2=2
DMA IRQ c3=0
SELECT busy=6632
SELECT w0=6659
SELECT w1=3559
SELECT w2=3840
BUSY TASK ewma=997
DMA IRQ c0=0
DMA IRQ c1=0
DMA IRQ c2=2
DMA IRQ c3=0
SELECT busy=6661
SELECT w0=6688
SELECT w1=3570
SELECT w2=3856
BUSY TASK ewma=997
DMA IRQ c0=0
DMA IRQ c1=0
DMA IRQ c2=2
DMA IRQ c3=0
SELECT busy=6681
SELECT w0=6707
SELECT w1=3580
SELECT w2=3868
BUSY TASK ewma=997
DMA IRQ c0=0
DMA IRQ c1=0
DMA IRQ c2=2
DMA IRQ c3=0
SELECT busy=6705
SELECT w0=6733
SELECT w1=3591
SELECT w2=3883
BUSY TASK ewma=997
DMA IRQ c0=0
DMA IRQ c1=0
DMA IRQ c2=2
DMA IRQ c3=0
SELECT busy=6730
SELECT w0=6757
SELECT w1=3603
SELECT w2=3899
BUSY TASK ewma=997
IRQ counts: cpu0=13462 cpu1=15421 cpu2=15313 cpu3=15281
SCHED secondaries: calls=46016 unexpected=0
SECTEST switches=45985 cpu1=173761085,172539325 cpu2=142112890,141683848 cpu3=199054810,196098702
PINGPONG rounds=2000 pongs=2000
DMA IRQ c0=0
DMA IRQ c1=0
DMA IRQ c2=2
DMA IRQ c3=0
SELECT busy=6755
SELECT w0=6781
SELECT w1=3616
SELECT w2=3917
BUSY TASK ewma=997
DMA IRQ c0=0
DMA IRQ c1=0
DMA IRQ c2=2
DMA IRQ c3=0
SELECT busy=6788
SELECT w0=6816
SELECT w1=3633
SELECT w2=3935
BUSY TASK ewma=997
DMA IRQ c0=0
DMA IRQ c1=0
DMA IRQ c2=2
DMA IRQ c3=0
SELECT busy=6821
SELECT w0=6849
SELECT w1=3645
SELECT w2=3951
BUSY TASK ewma=997
DMA IRQ c0=0
DMA IRQ c1=0
DMA IRQ c2=2
DMA IRQ c3=0
SELECT busy=6859
SELECT w0=6885
SELECT w1=3661
SELECT w2=3970
BUSY TASK ewma=997
DMA IRQ c0=0
DMA IRQ c1=0
DMA IRQ c2=2
DMA IRQ c3=0
SELECT busy=6903
SELECT w0=6932
SELECT w1=3687
SELECT w2=4003
BUSY TASK ewma=997
DMA IRQ c0=0
DMA IRQ c1=0
DMA IRQ c2=2
DMA IRQ c3=0
SELECT busy=6945
SELECT w0=6972
SELECT w1=3704
SELECT w2=4024
BUSY TASK ewma=997
DMA IRQ c0=0
DMA IRQ c1=0
DMA IRQ c2=2
DMA IRQ c3=0
SELECT busy=6974
SELECT w0=7000
SELECT w1=3714
SELECT w2=4039
BUSY TASK ewma=997
DMA IRQ c0=0
DMA IRQ c1=0
DMA IRQ c2=2
DMA IRQ c3=0
SELECT busy=6996
SELECT w0=7023
SELECT w1=3723
SELECT w2=4048
BUSY TASK ewma=997
DMA IRQ c0=0
DMA IRQ c1=0
DMA IRQ c2=2
DMA IRQ c3=0
SELECT busy=7014
SELECT w0=7040
SELECT w1=3730
SELECT w2=4057
BUSY TASK ewma=997
DMA IRQ c0=0
DMA IRQ c1=0
DMA IRQ c2=2
DMA IRQ c3=0
SELECT busy=7031
SELECT w0=7057
SELECT w1=3736
SELECT w2=4067
BUSY TASK ewma=997
DMA IRQ c0=0
DMA IRQ c1=0
DMA IRQ c2=2
DMA IRQ c3=0
SELECT busy=7050
SELECT w0=7076
SELECT w1=3742
SELECT w2=4074
BUSY TASK ewma=997
DMA IRQ c0=0
DMA IRQ c1=0
DMA IRQ c2=2
DMA IRQ c3=0
SELECT busy=7068
SELECT w0=7095
SELECT w1=3748
SELECT w2=4082
BUSY TASK ewma=997
DMA IRQ c0=0
DMA IRQ c1=0
DMA IRQ c2=2
DMA IRQ c3=0
SELECT busy=7087
SELECT w0=7113
SELECT w1=3755
SELECT w2=4089
BUSY TASK ewma=997
DMA IRQ c0=0
DMA IRQ c1=0
DMA IRQ c2=2
DMA IRQ c3=0
SELECT busy=7105
SELECT w0=7131
SELECT w1=3762
SELECT w2=4099
BUSY TASK ewma=997
DMA IRQ c0=0
DMA IRQ c1=0
DMA IRQ c2=2
DMA IRQ c3=0
SELECT busy=7127
SELECT w0=7153
SELECT w1=3771
SELECT w2=4109
BUSY TASK ewma=997
DMA IRQ c0=0
DMA IRQ c1=0
DMA IRQ c2=2
DMA IRQ c3=0
SELECT busy=7143
SELECT w0=7169
SELECT w1=3776
SELECT w2=4115
BUSY TASK ewma=997
DMA IRQ c0=0
DMA IRQ c1=0
DMA IRQ c2=2
DMA IRQ c3=0
SELECT busy=7175
SELECT w0=7201
SELECT w1=3791
SELECT w2=4131
BUSY TASK ewma=997
DMA IRQ c0=0
DMA IRQ c1=0
DMA IRQ c2=2
DMA IRQ c3=0
SELECT busy=7211
SELECT w0=7237
SELECT w1=3806
SELECT w2=4147
BUSY TASK ewma=997
DMA IRQ c0=0
DMA IRQ c1=0
DMA IRQ c2=2
DMA IRQ c3=0
SELECT busy=7255
SELECT w0=7282
SELECT w1=3823
SELECT w2=4169
BUSY TASK ewma=997
DMA IRQ c0=0
DMA IRQ c1=0
DMA IRQ c2=2
DMA IRQ c3=0
SELECT busy=7291
SELECT w0=7317
SELECT w1=3838
SELECT w2=4185
BUSY TASK ewma=997
DMA IRQ c0=0
DMA IRQ c1=0
DMA IRQ c2=2
DMA IRQ c3=0
SELECT busy=7329
SELECT w0=7356
SELECT w1=3853
SELECT w2=4203
BUSY TASK ewma=997
DMA IRQ c0=0
DMA IRQ c1=0
DMA IRQ c2=2
DMA IRQ c3=0
SELECT busy=7363
SELECT w0=7390
SELECT w1=3868
SELECT w2=4220
BUSY TASK ewma=997
DMA IRQ c0=0
DMA IRQ c1=0
DMA IRQ c2=2
DMA IRQ c3=0
SELECT busy=7405
SELECT w0=7432
SELECT w1=3884
SELECT w2=4241
BUSY TASK ewma=997
DMA IRQ c0=0
DMA IRQ c1=0
DMA IRQ c2=2
DMA IRQ c3=0
SELECT busy=7453
SELECT w0=7482
SELECT w1=3907
SELECT w2=4269
BUSY TASK ewma=997
DMA IRQ c0=0
DMA IRQ c1=0
DMA IRQ c2=2
DMA IRQ c3=0
SELECT busy=7496
SELECT w0=7524
SELECT w1=3928
SELECT w2=4294
BUSY TASK ewma=997
DMA IRQ c0=0
DMA IRQ c1=0
DMA IRQ c2=2
DMA IRQ c3=0
SELECT busy=7526
SELECT w0=7552
SELECT w1=3943
SELECT w2=4310
BUSY TASK ewma=997
DMA IRQ c0=0
DMA IRQ c1=0
DMA IRQ c2=2
DMA IRQ c3=0
SELECT busy=7551
SELECT w0=7577
SELECT w1=3953
SELECT w2=4322
BUSY TASK ewma=997
DMA IRQ c0=0
DMA IRQ c1=0
DMA IRQ c2=2
DMA IRQ c3=0
SELECT busy=7587
SELECT w0=7613
SELECT w1=3967
SELECT w2=4341
BUSY TASK ewma=997
DMA IRQ c0=0
DMA IRQ c1=0
DMA IRQ c2=2
DMA IRQ c3=0
SELECT busy=7628
SELECT w0=7656
SELECT w1=3988
SELECT w2=4369
BUSY TASK ewma=997
DMA IRQ c0=0
DMA IRQ c1=0
DMA IRQ c2=2
DMA IRQ c3=0
SELECT busy=7660
SELECT w0=7688
SELECT w1=4000
SELECT w2=4383
BUSY TASK ewma=997
DMA IRQ c0=0
DMA IRQ c1=0
DMA IRQ c2=2
DMA IRQ c3=0
SELECT busy=7697
SELECT w0=7726
SELECT w1=4015
SELECT w2=4402
BUSY TASK ewma=997
DMA IRQ c0=0
DMA IRQ c1=0
DMA IRQ c2=2
DMA IRQ c3=0
SELECT busy=7730
SELECT w0=7758
SELECT w1=4027
SELECT w2=4416
BUSY TASK ewma=997
DMA IRQ c0=0
DMA IRQ c1=0
DMA IRQ c2=2
DMA IRQ c3=0
SELECT busy=7769
SELECT w0=7796
SELECT w1=4047
SELECT w2=4439
BUSY TASK ewma=997
DMA IRQ c0=0
DMA IRQ c1=0
DMA IRQ c2=2
DMA IRQ c3=0
SELECT busy=7794
SELECT w0=7822
SELECT w1=4060
SELECT w2=4459
BUSY TASK ewma=997
DMA IRQ c0=0
DMA IRQ c1=0
DMA IRQ c2=2
DMA IRQ c3=0
SELECT busy=7821
SELECT w0=7847
SELECT w1=4071
SELECT w2=4472
BUSY TASK ewma=997
DMA IRQ c0=0
DMA IRQ c1=0
DMA IRQ c2=2
DMA IRQ c3=0
SELECT busy=7859
SELECT w0=7886
SELECT w1=4087
SELECT w2=4494
BUSY TASK ewma=997
DMA IRQ c0=0
DMA IRQ c1=0
DMA IRQ c2=2
DMA IRQ c3=0
SELECT busy=7898
SELECT w0=7925
SELECT w1=4106
SELECT w2=4518
BUSY TASK ewma=997
DMA IRQ c0=0
DMA IRQ c1=0
DMA IRQ c2=2
DMA IRQ c3=0
SELECT busy=7931
SELECT w0=7957
SELECT w1=4120
SELECT w2=4535
BUSY TASK ewma=997
DMA IRQ c0=0
DMA IRQ c1=0
DMA IRQ c2=2
DMA IRQ c3=0
SELECT busy=7953
SELECT w0=7979
SELECT w1=4129
SELECT w2=4544
BUSY TASK ewma=997
DMA IRQ c0=0
DMA IRQ c1=0
DMA IRQ c2=2
DMA IRQ c3=0
SELECT busy=7978
SELECT w0=8004
SELECT w1=4140
SELECT w2=4556
BUSY TASK ewma=997
DMA IRQ c0=0
DMA IRQ c1=0
DMA IRQ c2=2
DMA IRQ c3=0
SELECT busy=7993
SELECT w0=8019
SELECT w1=4146
SELECT w2=4566
BUSY TASK ewma=997
DMA IRQ c0=0
DMA IRQ c1=0
DMA IRQ c2=2
DMA IRQ c3=0
SELECT busy=8019
SELECT w0=8047
SELECT w1=4159
SELECT w2=4585
BUSY TASK ewma=997
DMA IRQ c0=0
DMA IRQ c1=0
DMA IRQ c2=2
DMA IRQ c3=0
SELECT busy=8054
SELECT w0=8081
SELECT w1=4175
SELECT w2=4603
BUSY TASK ewma=997
DMA IRQ c0=0
DMA IRQ c1=0
DMA IRQ c2=2
DMA IRQ c3=0
SELECT busy=8090
SELECT w0=8116
SELECT w1=4189
SELECT w2=4621
BUSY TASK ewma=997
DMA IRQ c0=0
DMA IRQ c1=0
DMA IRQ c2=2
DMA IRQ c3=0
SELECT busy=8134
SELECT w0=8161
SELECT w1=4208
SELECT w2=4647
BUSY TASK ewma=997
DMA IRQ c0=0
DMA IRQ c1=0
DMA IRQ c2=2
DMA IRQ c3=0
SELECT busy=8159
SELECT w0=8187
SELECT w1=4221
SELECT w2=4665
BUSY TASK ewma=997
DMA IRQ c0=0
DMA IRQ c1=0
DMA IRQ c2=2
DMA IRQ c3=0
SELECT busy=8181
SELECT w0=8208
SELECT w1=4230
SELECT w2=4676
BUSY TASK ewma=997
DMA IRQ c0=0
DMA IRQ c1=0
DMA IRQ c2=2
DMA IRQ c3=0
SELECT busy=8199
SELECT w0=8225
SELECT w1=4237
SELECT w2=4685
BUSY TASK ewma=997
DMA IRQ c0=0
DMA IRQ c1=0
DMA IRQ c2=2
DMA IRQ c3=0
SELECT busy=8214
SELECT w0=8240
SELECT w1=4245
SELECT w2=4694
BUSY TASK ewma=997
DMA IRQ c0=0
DMA IRQ c1=0
DMA IRQ c2=2
DMA IRQ c3=0
SELECT busy=8228
SELECT w0=8254
SELECT w1=4250
SELECT w2=4701
BUSY TASK ewma=997
DMA IRQ c0=0
DMA IRQ c1=0
DMA IRQ c2=2
DMA IRQ c3=0
SELECT busy=8241
SELECT w0=8268
SELECT w1=4256
SELECT w2=4709
BUSY TASK ewma=997
DMA IRQ c0=0
DMA IRQ c1=0
DMA IRQ c2=2
DMA IRQ c3=0
SELECT busy=8262
SELECT w0=8289
SELECT w1=4268
SELECT w2=4724
BUSY TASK ewma=997
DMA IRQ c0=0
DMA IRQ c1=0
DMA IRQ c2=2
DMA IRQ c3=0
SELECT busy=8281
SELECT w0=8308
SELECT w1=4276
SELECT w2=4738
BUSY TASK ewma=997
DMA IRQ c0=0
DMA IRQ c1=0
DMA IRQ c2=2
DMA IRQ c3=0
SELECT busy=8300
SELECT w0=8326
SELECT w1=4286
SELECT w2=4750
BUSY TASK ewma=997
DMA IRQ c0=0
DMA IRQ c1=0
DMA IRQ c2=2
DMA IRQ c3=0
SELECT busy=8316
SELECT w0=8342
SELECT w1=4290
SELECT w2=4755
BUSY TASK ewma=997
DMA IRQ c0=0
DMA IRQ c1=0
DMA IRQ c2=2
DMA IRQ c3=0
SELECT busy=8336
SELECT w0=8362
SELECT w1=4299
SELECT w2=4768
BUSY TASK ewma=997
DMA IRQ c0=0
DMA IRQ c1=0
DMA IRQ c2=2
DMA IRQ c3=0
SELECT busy=8376
SELECT w0=8403
SELECT w1=4317
SELECT w2=4790
BUSY TASK ewma=997
DMA IRQ c0=0
DMA IRQ c1=0
DMA IRQ c2=2
DMA IRQ c3=0
SELECT busy=8397
SELECT w0=8424
SELECT w1=4326
SELECT w2=4803
BUSY TASK ewma=997
DMA IRQ c0=0
DMA IRQ c1=0
DMA IRQ c2=2
DMA IRQ c3=0
SELECT busy=8418
SELECT w0=8444
SELECT w1=4336
SELECT w2=4813
BUSY TASK ewma=997
DMA IRQ c0=0
DMA IRQ c1=0
DMA IRQ c2=2
DMA IRQ c3=0
SELECT busy=8436
SELECT w0=8462
SELECT w1=4344
SELECT w2=4824
BUSY TASK ewma=997
DMA IRQ c0=0
DMA IRQ c1=0
DMA IRQ c2=2
DMA IRQ c3=0
SELECT busy=8454
SELECT w0=8482
SELECT w1=4356
SELECT w2=4837
BUSY TASK ewma=997
DMA IRQ c0=0
DMA IRQ c1=0
DMA IRQ c2=2
DMA IRQ c3=0
SELECT busy=8483
SELECT w0=8510
SELECT w1=4372
SELECT w2=4851
BUSY TASK ewma=997
DMA IRQ c0=0
DMA IRQ c1=0
DMA IRQ c2=2
DMA IRQ c3=0
SELECT busy=8515
SELECT w0=8541
SELECT w1=4387
SELECT w2=4871
BUSY TASK ewma=997
DMA IRQ c0=0
DMA IRQ c1=0
DMA IRQ c2=2
DMA IRQ c3=0
SELECT busy=8533
SELECT w0=8560
SELECT w1=4395
SELECT w2=4884
BUSY TASK ewma=997
IRQ counts: cpu0=17078 cpu1=19372 cpu2=19238 cpu3=19123
SCHED secondaries: calls=57733 unexpected=0
SECTEST switches=57699 cpu1=206397873,199916770 cpu2=169163480,167843184 cpu3=235622804,232942280
PINGPONG rounds=2000 pongs=2000
DMA IRQ c0=0
DMA IRQ c1=0
DMA IRQ c2=2
DMA IRQ c3=0
SELECT busy=8571
SELECT w0=8598
SELECT w1=4410
SELECT w2=4903
BUSY TASK ewma=997
DMA IRQ c0=0
DMA IRQ c1=0
DMA IRQ c2=2
DMA IRQ c3=0
SELECT busy=8587
SELECT w0=8613
SELECT w1=4418
SELECT w2=4913
BUSY TASK ewma=997
DMA IRQ c0=0
DMA IRQ c1=0
DMA IRQ c2=2
DMA IRQ c3=0
SELECT busy=8607
SELECT w0=8633
SELECT w1=4426
SELECT w2=4922
BUSY TASK ewma=997
DMA IRQ c0=0
DMA IRQ c1=0
DMA IRQ c2=2
DMA IRQ c3=0
SELECT busy=8626
SELECT w0=8652
SELECT w1=4432
SELECT w2=4931
BUSY TASK ewma=997
DMA IRQ c0=0
DMA IRQ c1=0
DMA IRQ c2=2
DMA IRQ c3=0
SELECT busy=8645
SELECT w0=8671
SELECT w1=4439
SELECT w2=4940
BUSY TASK ewma=997
DMA IRQ c0=0
DMA IRQ c1=0
DMA IRQ c2=2
DMA IRQ c3=0
SELECT busy=8666
SELECT w0=8693
SELECT w1=4450
SELECT w2=4953
BUSY TASK ewma=997
DMA IRQ c0=0
DMA IRQ c1=0
DMA IRQ c2=2
DMA IRQ c3=0
SELECT busy=8687
SELECT w0=8714
SELECT w1=4460
SELECT w2=4969
BUSY TASK ewma=997
DMA IRQ c0=0
DMA IRQ c1=0
DMA IRQ c2=2
DMA IRQ c3=0
SELECT busy=8706
SELECT w0=8732
SELECT w1=4470
SELECT w2=4980
BUSY TASK ewma=997
DMA IRQ c0=0
DMA IRQ c1=0
DMA IRQ c2=2
DMA IRQ c3=0
SELECT busy=8723
SELECT w0=8749
SELECT w1=4479
SELECT w2=4988
BUSY TASK ewma=997
DMA IRQ c0=0
DMA IRQ c1=0
DMA IRQ c2=2
DMA IRQ c3=0
SELECT busy=8744
SELECT w0=8771
SELECT w1=4491
SELECT w2=5009
BUSY TASK ewma=997
DMA IRQ c0=0
DMA IRQ c1=0
DMA IRQ c2=2
DMA IRQ c3=0
SELECT busy=8771
SELECT w0=8797
SELECT w1=4505
SELECT w2=5034
BUSY TASK ewma=997
DMA IRQ c0=0
DMA IRQ c1=0
DMA IRQ c2=2
DMA IRQ c3=0
SELECT busy=8788
SELECT w0=8815
SELECT w1=4516
SELECT w2=5043
BUSY TASK ewma=997
DMA IRQ c0=0
DMA IRQ c1=0
DMA IRQ c2=2
DMA IRQ c3=0
SELECT busy=8808
SELECT w0=8834
SELECT w1=4523
SELECT w2=5051
BUSY TASK ewma=997
DMA IRQ c0=0
DMA IRQ c1=0
DMA IRQ c2=2
DMA IRQ c3=0
SELECT busy=8828
SELECT w0=8854
SELECT w1=4532
SELECT w2=5062
BUSY TASK ewma=997
DMA IRQ c0=0
DMA IRQ c1=0
DMA IRQ c2=2
DMA IRQ c3=0
SELECT busy=8848
SELECT w0=8874
SELECT w1=4542
SELECT w2=5071
BUSY TASK ewma=997
DMA IRQ c0=0
DMA IRQ c1=0
DMA IRQ c2=2
DMA IRQ c3=0
SELECT busy=8866
SELECT w0=8892
SELECT w1=4548
SELECT w2=5078
BUSY TASK ewma=997
DMA IRQ c0=0
DMA IRQ c1=0
DMA IRQ c2=2
DMA IRQ c3=0
SELECT busy=8880
SELECT w0=8907
SELECT w1=4557
SELECT w2=5088
BUSY TASK ewma=997
DMA IRQ c0=0
DMA IRQ c1=0
DMA IRQ c2=2
DMA IRQ c3=0
SELECT busy=8898
SELECT w0=8925
SELECT w1=4565
SELECT w2=5103
BUSY TASK ewma=997
DMA IRQ c0=0
DMA IRQ c1=0
DMA IRQ c2=2
DMA IRQ c3=0
SELECT busy=8914
SELECT w0=8941
SELECT w1=4576
SELECT w2=5120
BUSY TASK ewma=997
DMA IRQ c0=0
DMA IRQ c1=0
DMA IRQ c2=2
DMA IRQ c3=0
SELECT busy=8934
SELECT w0=8961
SELECT w1=4585
SELECT w2=5141
BUSY TASK ewma=997
DMA IRQ c0=0
DMA IRQ c1=0
DMA IRQ c2=2
DMA IRQ c3=0
SELECT busy=8955
SELECT w0=8982
SELECT w1=4595
SELECT w2=5154
BUSY TASK ewma=997
DMA IRQ c0=0
DMA IRQ c1=0
DMA IRQ c2=2
DMA IRQ c3=0
SELECT busy=8975
SELECT w0=9002
SELECT w1=4605
SELECT w2=5170
BUSY TASK ewma=997
DMA IRQ c0=0
DMA IRQ c1=0
DMA IRQ c2=2
DMA IRQ c3=0
SELECT busy=8991
SELECT w0=9017
SELECT w1=4612
SELECT w2=5179
BUSY TASK ewma=997
DMA IRQ c0=0
DMA IRQ c1=0
DMA IRQ c2=2
DMA IRQ c3=0
SELECT busy=9010
SELECT w0=9036
SELECT w1=4622
SELECT w2=5190
BUSY TASK ewma=997
DMA IRQ c0=0
DMA IRQ c1=0
DMA IRQ c2=2
DMA IRQ c3=0
SELECT busy=9030
SELECT w0=9057
SELECT w1=4630
SELECT w2=5200
BUSY TASK ewma=997
DMA IRQ c0=0
DMA IRQ c1=0
DMA IRQ c2=2
DMA IRQ c3=0
SELECT busy=9057
SELECT w0=9084
SELECT w1=4643
SELECT w2=5215
BUSY TASK ewma=997
DMA IRQ c0=0
DMA IRQ c1=0
DMA IRQ c2=2
DMA IRQ c3=0
SELECT busy=9077
SELECT w0=9103
SELECT w1=4652
SELECT w2=5226
BUSY TASK ewma=997
DMA IRQ c0=0
DMA IRQ c1=0
DMA IRQ c2=2
DMA IRQ c3=0
SELECT busy=9094
SELECT w0=9120
SELECT w1=4657
SELECT w2=5233
BUSY TASK ewma=997
DMA IRQ c0=0
DMA IRQ c1=0
DMA IRQ c2=2
DMA IRQ c3=0
SELECT busy=9117
SELECT w0=9144
SELECT w1=4671
SELECT w2=5250
BUSY TASK ewma=997
DMA IRQ c0=0
DMA IRQ c1=0
DMA IRQ c2=2
DMA IRQ c3=0
SELECT busy=9133
SELECT w0=9159
SELECT w1=4676
SELECT w2=5255
BUSY TASK ewma=997
DMA IRQ c0=0
DMA IRQ c1=0
DMA IRQ c2=2
DMA IRQ c3=0
SELECT busy=9152
SELECT w0=9179
SELECT w1=4691
SELECT w2=5270
BUSY TASK ewma=997
DMA IRQ c0=0
DMA IRQ c1=0
DMA IRQ c2=2
DMA IRQ c3=0
SELECT busy=9176
SELECT w0=9203
SELECT w1=4706
SELECT w2=5288
BUSY TASK ewma=997
DMA IRQ c0=0
DMA IRQ c1=0
DMA IRQ c2=2
DMA IRQ c3=0
SELECT busy=9191
SELECT w0=9217
SELECT w1=4714
SELECT w2=5296
BUSY TASK ewma=997
DMA IRQ c0=0
DMA IRQ c1=0
DMA IRQ c2=2
DMA IRQ c3=0
SELECT busy=9213
SELECT w0=9240
SELECT w1=4724
SELECT w2=5309
BUSY TASK ewma=997
DMA IRQ c0=0
DMA IRQ c1=0
DMA IRQ c2=2
DMA IRQ c3=0
SELECT busy=9231
SELECT w0=9257
SELECT w1=4730
SELECT w2=5317
BUSY TASK ewma=997
DMA IRQ c0=0
DMA IRQ c1=0
DMA IRQ c2=2
DMA IRQ c3=0
SELECT busy=9253
SELECT w0=9280
SELECT w1=4741
SELECT w2=5330
BUSY TASK ewma=997
DMA IRQ c0=0
DMA IRQ c1=0
DMA IRQ c2=2
DMA IRQ c3=0
SELECT busy=9268
SELECT w0=9294
SELECT w1=4748
SELECT w2=5338
BUSY TASK ewma=997
DMA IRQ c0=0
DMA IRQ c1=0
DMA IRQ c2=2
DMA IRQ c3=0
SELECT busy=9282
SELECT w0=9309
SELECT w1=4755
SELECT w2=5347
BUSY TASK ewma=997
DMA IRQ c0=0
DMA IRQ c1=0
DMA IRQ c2=2
DMA IRQ c3=0
SELECT busy=9302
SELECT w0=9330
SELECT w1=4766
SELECT w2=5358
BUSY TASK ewma=997
DMA IRQ c0=0
DMA IRQ c1=0
DMA IRQ c2=2
DMA IRQ c3=0
SELECT busy=9328
SELECT w0=9354
SELECT w1=4779
SELECT w2=5370
BUSY TASK ewma=997
DMA IRQ c0=0
DMA IRQ c1=0
DMA IRQ c2=2
DMA IRQ c3=0
SELECT busy=9348
SELECT w0=9375
SELECT w1=4787
SELECT w2=5380
BUSY TASK ewma=997
DMA IRQ c0=0
DMA IRQ c1=0
DMA IRQ c2=2
DMA IRQ c3=0
SELECT busy=9369
SELECT w0=9396
SELECT w1=4797
SELECT w2=5393
BUSY TASK ewma=997
DMA IRQ c0=0
DMA IRQ c1=0
DMA IRQ c2=2
DMA IRQ c3=0
SELECT busy=9387
SELECT w0=9414
SELECT w1=4807
SELECT w2=5408
BUSY TASK ewma=997
DMA IRQ c0=0
DMA IRQ c1=0
DMA IRQ c2=2
DMA IRQ c3=0
SELECT busy=9406
SELECT w0=9433
SELECT w1=4818
SELECT w2=5425
BUSY TASK ewma=997
DMA IRQ c0=0
DMA IRQ c1=0
DMA IRQ c2=2
DMA IRQ c3=0
SELECT busy=9430
SELECT w0=9457
SELECT w1=4828
SELECT w2=5436
BUSY TASK ewma=997
DMA IRQ c0=0
DMA IRQ c1=0
DMA IRQ c2=2
DMA IRQ c3=0
SELECT busy=9451
SELECT w0=9478
SELECT w1=4837
SELECT w2=5450
BUSY TASK ewma=997
DMA IRQ c0=0
DMA IRQ c1=0
DMA IRQ c2=2
DMA IRQ c3=0
SELECT busy=9468
SELECT w0=9495
SELECT w1=4846
SELECT w2=5463
BUSY TASK ewma=997
DMA IRQ c0=0
DMA IRQ c1=0
DMA IRQ c2=2
DMA IRQ c3=0
SELECT busy=9491
SELECT w0=9517
SELECT w1=4854
SELECT w2=5472
BUSY TASK ewma=997
DMA IRQ c0=0
DMA IRQ c1=0
DMA IRQ c2=2
DMA IRQ c3=0
SELECT busy=9513
SELECT w0=9541
SELECT w1=4864
SELECT w2=5486
BUSY TASK ewma=997
DMA IRQ c0=0
DMA IRQ c1=0
DMA IRQ c2=2
DMA IRQ c3=0
SELECT busy=9541
SELECT w0=9568
SELECT w1=4876
SELECT w2=5502
BUSY TASK ewma=997
DMA IRQ c0=0
DMA IRQ c1=0
DMA IRQ c2=2
DMA IRQ c3=0
SELECT busy=9559
SELECT w0=9585
SELECT w1=4884
SELECT w2=5513
BUSY TASK ewma=997
DMA IRQ c0=0
DMA IRQ c1=0
DMA IRQ c2=2
DMA IRQ c3=0
SELECT busy=9577
SELECT w0=9603
SELECT w1=4891
SELECT w2=5522
BUSY TASK ewma=997
DMA IRQ c0=0
DMA IRQ c1=0
DMA IRQ c2=2
DMA IRQ c3=0
SELECT busy=9594
SELECT w0=9621
SELECT w1=4899
SELECT w2=5530
BUSY TASK ewma=997
DMA IRQ c0=0
DMA IRQ c1=0
DMA IRQ c2=2
DMA IRQ c3=0
SELECT busy=9614
SELECT w0=9641
SELECT w1=4909
SELECT w2=5544
BUSY TASK ewma=997
DMA IRQ c0=0
DMA IRQ c1=0
DMA IRQ c2=2
DMA IRQ c3=0
SELECT busy=9643
SELECT w0=9670
SELECT w1=4923
SELECT w2=5561
BUSY TASK ewma=997
DMA IRQ c0=0
DMA IRQ c1=0
DMA IRQ c2=2
DMA IRQ c3=0
SELECT busy=9668
SELECT w0=9697
SELECT w1=4936
SELECT w2=5575
BUSY TASK ewma=997
DMA IRQ c0=0
DMA IRQ c1=0
DMA IRQ c2=2
DMA IRQ c3=0
SELECT busy=9694
SELECT w0=9721
SELECT w1=4948
SELECT w2=5591
BUSY TASK ewma=997
DMA IRQ c0=0
DMA IRQ c1=0
DMA IRQ c2=2
DMA IRQ c3=0
SELECT busy=9715
SELECT w0=9742
SELECT w1=4959
SELECT w2=5606
BUSY TASK ewma=997
DMA IRQ c0=0
DMA IRQ c1=0
DMA IRQ c2=2
DMA IRQ c3=0
SELECT busy=9741
SELECT w0=9768
SELECT w1=4971
SELECT w2=5622
BUSY TASK ewma=997
DMA IRQ c0=0
DMA IRQ c1=0
DMA IRQ c2=2
DMA IRQ c3=0
SELECT busy=9763
SELECT w0=9791
SELECT w1=4983
SELECT w2=5639
BUSY TASK ewma=997
DMA IRQ c0=0
DMA IRQ c1=0
DMA IRQ c2=2
DMA IRQ c3=0
SELECT busy=9803
SELECT w0=9829
SELECT w1=5001
SELECT w2=5663
BUSY TASK ewma=997
DMA IRQ c0=0
DMA IRQ c1=0
DMA IRQ c2=2
DMA IRQ c3=0
SELECT busy=9843
SELECT w0=9869
SELECT w1=5017
SELECT w2=5682
BUSY TASK ewma=997
DMA IRQ c0=0
DMA IRQ c1=0
DMA IRQ c2=2
DMA IRQ c3=0
SELECT busy=9871
SELECT w0=9897
SELECT w1=5028
SELECT w2=5697
BUSY TASK ewma=997
DMA IRQ c0=0
DMA IRQ c1=0
DMA IRQ c2=2
DMA IRQ c3=0
SELECT busy=9900
SELECT w0=9927
SELECT w1=5044
SELECT w2=5718
BUSY TASK ewma=997
IRQ counts: cpu0=19804 cpu1=22628 cpu2=22585 cpu3=22366
SCHED secondaries: calls=67603 unexpected=0
SECTEST switches=67599 cpu1=240435655,233071344 cpu2=200360067,199923443 cpu3=277025389,275208861
PINGPONG rounds=2000 pongs=2000
DMA IRQ c0=0
DMA IRQ c1=0
DMA IRQ c2=2
DMA IRQ c3=0
SELECT busy=9944
SELECT w0=9971
SELECT w1=5071
SELECT w2=5755
BUSY TASK ewma=997
DMA IRQ c0=0
DMA IRQ c1=0
DMA IRQ c2=2
DMA IRQ c3=0
SELECT busy=9962
SELECT w0=9988
SELECT w1=5081
SELECT w2=5764
BUSY TASK ewma=997
DMA IRQ c0=0
DMA IRQ c1=0
DMA IRQ c2=2
DMA IRQ c3=0
SELECT busy=9978
SELECT w0=10005
SELECT w1=5087
SELECT w2=5772
BUSY TASK ewma=997
DMA IRQ c0=0
DMA IRQ c1=0
DMA IRQ c2=2
DMA IRQ c3=0
SELECT busy=10000
SELECT w0=10026
SELECT w1=5094
SELECT w2=5780
BUSY TASK ewma=997
DMA IRQ c0=0
DMA IRQ c1=0
DMA IRQ c2=2
DMA IRQ c3=0
SELECT busy=10019
SELECT w0=10046
SELECT w1=5107
SELECT w2=5796
BUSY TASK ewma=997
DMA IRQ c0=0
DMA IRQ c1=0
DMA IRQ c2=2
DMA IRQ c3=0
SELECT busy=10040
SELECT w0=10067
SELECT w1=5115
SELECT w2=5805
BUSY TASK ewma=997
DMA IRQ c0=0
DMA IRQ c1=0
DMA IRQ c2=2
DMA IRQ c3=0
SELECT busy=10058
SELECT w0=10085
SELECT w1=5125
SELECT w2=5817
BUSY TASK ewma=997
DMA IRQ c0=0
DMA IRQ c1=0
DMA IRQ c2=2
DMA IRQ c3=0
SELECT busy=10078
SELECT w0=10104
SELECT w1=5134
SELECT w2=5825
BUSY TASK ewma=997
DMA IRQ c0=0
DMA IRQ c1=0
DMA IRQ c2=2
DMA IRQ c3=0
SELECT busy=10097
SELECT w0=10123
SELECT w1=5140
SELECT w2=5831
BUSY TASK ewma=997
DMA IRQ c0=0
DMA IRQ c1=0
DMA IRQ c2=2
DMA IRQ c3=0
SELECT busy=10122
SELECT w0=10148
SELECT w1=5153
SELECT w2=5851
BUSY TASK ewma=997
DMA IRQ c0=0
DMA IRQ c1=0
DMA IRQ c2=2
DMA IRQ c3=0
SELECT busy=10139
SELECT w0=10167
SELECT w1=5160
SELECT w2=5861
BUSY TASK ewma=997
DMA IRQ c0=0
DMA IRQ c1=0
DMA IRQ c2=2
DMA IRQ c3=0
SELECT busy=10166
SELECT w0=10192
SELECT w1=5171
SELECT w2=5873
BUSY TASK ewma=997
DMA IRQ c0=0
DMA IRQ c1=0
DMA IRQ c2=2
DMA IRQ c3=0
SELECT busy=10188
SELECT w0=10218
SELECT w1=5185
SELECT w2=5890
BUSY TASK ewma=997
DMA IRQ c0=0
DMA IRQ c1=0
DMA IRQ c2=2
DMA IRQ c3=0
SELECT busy=10220
SELECT w0=10247
SELECT w1=5202
SELECT w2=5903
BUSY TASK ewma=997
DMA IRQ c0=0
DMA IRQ c1=0
DMA IRQ c2=2
DMA IRQ c3=0
SELECT busy=10243
SELECT w0=10270
SELECT w1=5214
SELECT w2=5915
BUSY TASK ewma=997
DMA IRQ c0=0
DMA IRQ c1=0
DMA IRQ c2=2
DMA IRQ c3=0
SELECT busy=10264
SELECT w0=10291
SELECT w1=5224
SELECT w2=5927
BUSY TASK ewma=997
DMA IRQ c0=0
DMA IRQ c1=0
DMA IRQ c2=2
DMA IRQ c3=0
SELECT busy=10290
SELECT w0=10318
SELECT w1=5234
SELECT w2=5940
BUSY TASK ewma=997
DMA IRQ c0=0
DMA IRQ c1=0
DMA IRQ c2=2
DMA IRQ c3=0
SELECT busy=10313
SELECT w0=10339
SELECT w1=5242
SELECT w2=5950
BUSY TASK ewma=997
DMA IRQ c0=0
DMA IRQ c1=0
DMA IRQ c2=2
DMA IRQ c3=0
SELECT busy=10333
SELECT w0=10360
SELECT w1=5251
SELECT w2=5963
BUSY TASK ewma=997
DMA IRQ c0=0
DMA IRQ c1=0
DMA IRQ c2=2
DMA IRQ c3=0
SELECT busy=10352
SELECT w0=10379
SELECT w1=5259
SELECT w2=5975
BUSY TASK ewma=997
DMA IRQ c0=0
DMA IRQ c1=0
DMA IRQ c2=2
DMA IRQ c3=0
SELECT busy=10370
SELECT w0=10397
SELECT w1=5266
SELECT w2=5987
BUSY TASK ewma=997
DMA IRQ c0=0
DMA IRQ c1=0
DMA IRQ c2=2
DMA IRQ c3=0
SELECT busy=10387
SELECT w0=10413
SELECT w1=5277
SELECT w2=5998
BUSY TASK ewma=997
DMA IRQ c0=0
DMA IRQ c1=0
DMA IRQ c2=2
DMA IRQ c3=0
SELECT busy=10409
SELECT w0=10435
SELECT w1=5286
SELECT w2=6008
BUSY TASK ewma=997
DMA IRQ c0=0
DMA IRQ c1=0
DMA IRQ c2=2
DMA IRQ c3=0
SELECT busy=10433
SELECT w0=10459
SELECT w1=5295
SELECT w2=6023
BUSY TASK ewma=997
DMA IRQ c0=0
DMA IRQ c1=0
DMA IRQ c2=2
DMA IRQ c3=0
SELECT busy=10455
SELECT w0=10482
SELECT w1=5306
SELECT w2=6042
BUSY TASK ewma=997
DMA IRQ c0=0
DMA IRQ c1=0
DMA IRQ c2=2
DMA IRQ c3=0
SELECT busy=10474
SELECT w0=10501
SELECT w1=5316
SELECT w2=6055
BUSY TASK ewma=997
DMA IRQ c0=0
DMA IRQ c1=0
DMA IRQ c2=2
DMA IRQ c3=0
SELECT busy=10498
SELECT w0=10525
SELECT w1=5327
SELECT w2=6067
BUSY TASK ewma=997
DMA IRQ c0=0
DMA IRQ c1=0
DMA IRQ c2=2
DMA IRQ c3=0
SELECT busy=10522
SELECT w0=10549
SELECT w1=5337
SELECT w2=6081
BUSY TASK ewma=997
DMA IRQ c0=0
DMA IRQ c1=0
DMA IRQ c2=2
DMA IRQ c3=0
SELECT busy=10544
SELECT w0=10570
SELECT w1=5347
SELECT w2=6093
BUSY TASK ewma=997
DMA IRQ c0=0
DMA IRQ c1=0
DMA IRQ c2=2
DMA IRQ c3=0
SELECT busy=10568
SELECT w0=10595
SELECT w1=5362
SELECT w2=6110
BUSY TASK ewma=997
DMA IRQ c0=0
DMA IRQ c1=0
DMA IRQ c2=2
DMA IRQ c3=0
SELECT busy=10591
SELECT w0=10618
SELECT w1=5378
SELECT w2=6125
BUSY TASK ewma=997
DMA IRQ c0=0
DMA IRQ c1=0
DMA IRQ c2=2
DMA IRQ c3=0
SELECT busy=10612
SELECT w0=10638
SELECT w1=5387
SELECT w2=6134
BUSY TASK ewma=997
DMA IRQ c0=0
DMA IRQ c1=0
DMA IRQ c2=2
DMA IRQ c3=0
SELECT busy=10631
SELECT w0=10657
SELECT w1=5391
SELECT w2=6139
BUSY TASK ewma=997
DMA IRQ c0=0
DMA IRQ c1=0
DMA IRQ c2=2
DMA IRQ c3=0
SELECT busy=10656
SELECT w0=10682
SELECT w1=5401
SELECT w2=6154
BUSY TASK ewma=997
DMA IRQ c0=0
DMA IRQ c1=0
DMA IRQ c2=2
DMA IRQ c3=0
SELECT busy=10673
SELECT w0=10700
SELECT w1=5410
SELECT w2=6170
BUSY TASK ewma=997
DMA IRQ c0=0
DMA IRQ c1=0
DMA IRQ c2=2
DMA IRQ c3=0
SELECT busy=10700
SELECT w0=10726
SELECT w1=5420
SELECT w2=6184
BUSY TASK ewma=997
DMA IRQ c0=0
DMA IRQ c1=0
DMA IRQ c2=2
DMA IRQ qemu-system-aarch64: terminating on signal 15 from pid 224674 (timeout)
