P4 M7: full integration test boot OK
CPU0: MPIDR_EL1=0x0000000080000000
CPU0: psci_cpu_on target=1 rc=0
CPU1: alive, MPIDR_EL1=0x0000000080000001 this_cpu()->cpu_id=1
CPU0: psci_cpu_on target=2 rc=0
CPU2: alive, MPIDR_EL1=0x0000000080000002 this_cpu()->cpu_id=2
CPU0: psci_cpu_on target=3 rc=0
CPU3: alive, MPIDR_EL1=0x0000000080000003 this_cpu()->cpu_id=3
CPUs online: 4
D2b: worker 2 runs on CPU2
D2b: worker 0 runs on CPU0
D2b: worker 1 runs on CPU1
P4 M7: worker submitted cmd_id=1
P4 M7: worker submitted cmd_id=3
P4 M7: worker submitted cmd_id=2
BUSY TASK ewma=995
DMA IRQ c0=0
DMA IRQ c1=0
DMA IRQ c2=0
DMA IRQ c3=0
SELECT busy=21
SELECT w0=4
SELECT w1=5
SELECT w2=4
BUSY TASK ewma=997
DMA IRQ c0=0
DMA IRQ c1=0
DMA IRQ c2=0
DMA IRQ c3=0
SELECT busy=44
SELECT w0=4
SELECT w1=5
SELECT w2=4
P4 M7: worker DATA OK, cmd_id=1
P4 M7: worker DATA OK, cmd_id=2
P4 M7: worker DATA OK, cmd_id=3
WORKER ewma=916
WORKER ewma=831
WORKER ewma=831
BUSY TASK ewma=997
DMA IRQ c0=2
DMA IRQ c1=0
DMA IRQ c2=0
DMA IRQ c3=0
SELECT busy=66
SELECT w0=27
SELECT w1=25
SELECT w2=22
BUSY TASK ewma=997
DMA IRQ c0=2
DMA IRQ c1=0
DMA IRQ c2=0
DMA IRQ c3=0
SELECT busy=85
SELECT w0=46
SELECT w1=40
SELECT w2=38
BUSY TASK ewma=997
DMA IRQ c0=2
DMA IRQ c1=0
DMA IRQ c2=0
DMA IRQ c3=0
SELECT busy=109
SELECT w0=70
SELECT w1=67
SELECT w2=63
BUSY TASK ewma=997
DMA IRQ c0=2
DMA IRQ c1=0
DMA IRQ c2=0
DMA IRQ c3=0
SELECT busy=135
SELECT w0=97
SELECT w1=113
SELECT w2=111
BUSY TASK ewma=997
DMA IRQ c0=2
DMA IRQ c1=0
DMA IRQ c2=0
DMA IRQ c3=0
SELECT busy=162
SELECT w0=123
SELECT w1=157
SELECT w2=154
BUSY TASK ewma=997
DMA IRQ c0=2
DMA IRQ c1=0
DMA IRQ c2=0
DMA IRQ c3=0
SELECT busy=188
SELECT w0=150
SELECT w1=183
SELECT w2=170
BUSY TASK ewma=997
DMA IRQ c0=2
DMA IRQ c1=0
DMA IRQ c2=0
DMA IRQ c3=0
SELECT busy=214
SELECT w0=175
SELECT w1=194
SELECT w2=185
BUSY TASK ewma=997
DMA IRQ c0=2
DMA IRQ c1=0
DMA IRQ c2=0
DMA IRQ c3=0
SELECT busy=237
SELECT w0=201
SELECT w1=214
SELECT w2=202
BUSY TASK ewma=997
DMA IRQ c0=2
DMA IRQ c1=0
DMA IRQ c2=0
DMA IRQ c3=0
SELECT busy=260
SELECT w0=221
SELECT w1=227
SELECT w2=213
BUSY TASK ewma=997
DMA IRQ c0=2
DMA IRQ c1=0
DMA IRQ c2=0
DMA IRQ c3=0
SELECT busy=278
SELECT w0=240
SELECT w1=239
SELECT w2=224
BUSY TASK ewma=997
DMA IRQ c0=2
DMA IRQ c1=0
DMA IRQ c2=0
DMA IRQ c3=0
SELECT busy=296
SELECT w0=258
SELECT w1=251
SELECT w2=235
BUSY TASK ewma=997
DMA IRQ c0=2
DMA IRQ c1=0
DMA IRQ c2=0
DMA IRQ c3=0
SELECT busy=316
SELECT w0=277
SELECT w1=260
SELECT w2=244
BUSY TASK ewma=997
DMA IRQ c0=2
DMA IRQ c1=0
DMA IRQ c2=0
DMA IRQ c3=0
SELECT busy=334
SELECT w0=295
SELECT w1=274
SELECT w2=258
BUSY TASK ewma=997
DMA IRQ c0=2
DMA IRQ c1=0
DMA IRQ c2=0
DMA IRQ c3=0
SELECT busy=354
SELECT w0=316
SELECT w1=286
SELECT w2=270
BUSY TASK ewma=997
DMA IRQ c0=2
DMA IRQ c1=0
DMA IRQ c2=0
DMA IRQ c3=0
SELECT busy=372
SELECT w0=333
SELECT w1=294
SELECT w2=277
BUSY TASK ewma=997
DMA IRQ c0=2
DMA IRQ c1=0
DMA IRQ c2=0
DMA IRQ c3=0
SELECT busy=393
SELECT w0=355
SELECT w1=307
SELECT w2=290
BUSY TASK ewma=997
DMA IRQ c0=2
DMA IRQ c1=0
DMA IRQ c2=0
DMA IRQ c3=0
SELECT busy=411
SELECT w0=375
SELECT w1=320
SELECT w2=301
BUSY TASK ewma=997
DMA IRQ c0=2
DMA IRQ c1=0
DMA IRQ c2=0
DMA IRQ c3=0
SELECT busy=436
SELECT w0=398
SELECT w1=340
SELECT w2=316
BUSY TASK ewma=997
DMA IRQ c0=2
DMA IRQ c1=0
DMA IRQ c2=0
DMA IRQ c3=0
SELECT busy=458
SELECT w0=419
SELECT w1=347
SELECT w2=324
BUSY TASK ewma=997
DMA IRQ c0=2
DMA IRQ c1=0
DMA IRQ c2=0
DMA IRQ c3=0
SELECT busy=477
SELECT w0=438
SELECT w1=359
SELECT w2=333
BUSY TASK ewma=997
DMA IRQ c0=2
DMA IRQ c1=0
DMA IRQ c2=0
DMA IRQ c3=0
SELECT busy=496
SELECT w0=457
SELECT w1=368
SELECT w2=341
BUSY TASK ewma=997
DMA IRQ c0=2
DMA IRQ c1=0
DMA IRQ c2=0
DMA IRQ c3=0
SELECT busy=516
SELECT w0=478
SELECT w1=379
SELECT w2=351
BUSY TASK ewma=997
DMA IRQ c0=2
DMA IRQ c1=0
DMA IRQ c2=0
DMA IRQ c3=0
SELECT busy=548
SELECT w0=510
SELECT w1=397
SELECT w2=372
BUSY TASK ewma=997
DMA IRQ c0=2
DMA IRQ c1=0
DMA IRQ c2=0
DMA IRQ c3=0
SELECT busy=576
SELECT w0=538
SELECT w1=417
SELECT w2=389
BUSY TASK ewma=997
DMA IRQ c0=2
DMA IRQ c1=0
DMA IRQ c2=0
DMA IRQ c3=0
SELECT busy=602
SELECT w0=566
SELECT w1=436
SELECT w2=406
BUSY TASK ewma=997
DMA IRQ c0=2
DMA IRQ c1=0
DMA IRQ c2=0
DMA IRQ c3=0
SELECT busy=627
SELECT w0=588
SELECT w1=447
SELECT w2=418
BUSY TASK ewma=997
DMA IRQ c0=2
DMA IRQ c1=0
DMA IRQ c2=0
DMA IRQ c3=0
SELECT busy=653
SELECT w0=615
SELECT w1=470
SELECT w2=435
BUSY TASK ewma=997
DMA IRQ c0=2
DMA IRQ c1=0
DMA IRQ c2=0
DMA IRQ c3=0
SELECT busy=686
SELECT w0=648
SELECT w1=486
SELECT w2=451
BUSY TASK ewma=997
DMA IRQ c0=2
DMA IRQ c1=0
DMA IRQ c2=0
DMA IRQ c3=0
SELECT busy=705
SELECT w0=666
SELECT w1=494
SELECT w2=460
BUSY TASK ewma=997
DMA IRQ c0=2
DMA IRQ c1=0
DMA IRQ c2=0
DMA IRQ c3=0
SELECT busy=746
SELECT w0=708
SELECT w1=518
SELECT w2=480
BUSY TASK ewma=997
DMA IRQ c0=2
DMA IRQ c1=0
DMA IRQ c2=0
DMA IRQ c3=0
SELECT busy=766
SELECT w0=728
SELECT w1=530
SELECT w2=496
BUSY TASK ewma=997
DMA IRQ c0=2
DMA IRQ c1=0
DMA IRQ c2=0
DMA IRQ c3=0
SELECT busy=795
SELECT w0=756
SELECT w1=545
SELECT w2=508
BUSY TASK ewma=997
DMA IRQ c0=2
DMA IRQ c1=0
DMA IRQ c2=0
DMA IRQ c3=0
SELECT busy=817
SELECT w0=779
SELECT w1=556
SELECT w2=518
BUSY TASK ewma=997
DMA IRQ c0=2
DMA IRQ c1=0
DMA IRQ c2=0
DMA IRQ c3=0
SELECT busy=845
SELECT w0=806
SELECT w1=566
SELECT w2=532
BUSY TASK ewma=997
DMA IRQ c0=2
DMA IRQ c1=0
DMA IRQ c2=0
DMA IRQ c3=0
SELECT busy=875
SELECT w0=837
SELECT w1=583
SELECT w2=549
BUSY TASK ewma=997
DMA IRQ c0=2
DMA IRQ c1=0
DMA IRQ c2=0
DMA IRQ c3=0
SELECT busy=902
SELECT w0=863
SELECT w1=596
SELECT w2=562
BUSY TASK ewma=997
DMA IRQ c0=2
DMA IRQ c1=0
DMA IRQ c2=0
DMA IRQ c3=0
SELECT busy=925
SELECT w0=886
SELECT w1=608
SELECT w2=575
BUSY TASK ewma=997
DMA IRQ c0=2
DMA IRQ c1=0
DMA IRQ c2=0
DMA IRQ c3=0
SELECT busy=944
SELECT w0=905
SELECT w1=616
SELECT w2=584
BUSY TASK ewma=997
DMA IRQ c0=2
DMA IRQ c1=0
DMA IRQ c2=0
DMA IRQ c3=0
SELECT busy=966
SELECT w0=927
SELECT w1=626
SELECT w2=591
BUSY TASK ewma=997
DMA IRQ c0=2
DMA IRQ c1=0
DMA IRQ c2=0
DMA IRQ c3=0
SELECT busy=983
SELECT w0=945
SELECT w1=632
SELECT w2=599
BUSY TASK ewma=997
DMA IRQ c0=2
DMA IRQ c1=0
DMA IRQ c2=0
DMA IRQ c3=0
SELECT busy=1005
SELECT w0=967
SELECT w1=644
SELECT w2=611
BUSY TASK ewma=997
DMA IRQ c0=2
DMA IRQ c1=0
DMA IRQ c2=0
DMA IRQ c3=0
SELECT busy=1024
SELECT w0=986
SELECT w1=652
SELECT w2=619
BUSY TASK ewma=997
DMA IRQ c0=2
DMA IRQ c1=0
DMA IRQ c2=0
DMA IRQ c3=0
SELECT busy=1047
SELECT w0=1009
SELECT w1=666
SELECT w2=636
BUSY TASK ewma=997
DMA IRQ c0=2
DMA IRQ c1=0
DMA IRQ c2=0
DMA IRQ c3=0
SELECT busy=1068
SELECT w0=1029
SELECT w1=679
SELECT w2=647
BUSY TASK ewma=997
DMA IRQ c0=2
DMA IRQ c1=0
DMA IRQ c2=0
DMA IRQ c3=0
SELECT busy=1088
SELECT w0=1050
SELECT w1=693
SELECT w2=662
BUSY TASK ewma=997
DMA IRQ c0=2
DMA IRQ c1=0
DMA IRQ c2=0
DMA IRQ c3=0
SELECT busy=1106
SELECT w0=1067
SELECT w1=705
SELECT w2=671
BUSY TASK ewma=997
DMA IRQ c0=2
DMA IRQ c1=0
DMA IRQ c2=0
DMA IRQ c3=0
SELECT busy=1128
SELECT w0=1089
SELECT w1=714
SELECT w2=682
BUSY TASK ewma=997
DMA IRQ c0=2
DMA IRQ c1=0
DMA IRQ c2=0
DMA IRQ c3=0
SELECT busy=1151
SELECT w0=1112
SELECT w1=728
SELECT w2=693
BUSY TASK ewma=997
DMA IRQ c0=2
DMA IRQ c1=0
DMA IRQ c2=0
DMA IRQ c3=0
SELECT busy=1176
SELECT w0=1138
SELECT w1=741
SELECT w2=709
BUSY TASK ewma=997
DMA IRQ c0=2
DMA IRQ c1=0
DMA IRQ c2=0
DMA IRQ c3=0
SELECT busy=1196
SELECT w0=1157
SELECT w1=750
SELECT w2=718
BUSY TASK ewma=997
DMA IRQ c0=2
DMA IRQ c1=0
DMA IRQ c2=0
DMA IRQ c3=0
SELECT busy=1214
SELECT w0=1176
SELECT w1=759
SELECT w2=727
BUSY TASK ewma=997
DMA IRQ c0=2
DMA IRQ c1=0
DMA IRQ c2=0
DMA IRQ c3=0
SELECT busy=1230
SELECT w0=1192
SELECT w1=768
SELECT w2=736
BUSY TASK ewma=997
DMA IRQ c0=2
DMA IRQ c1=0
DMA IRQ c2=0
DMA IRQ c3=0
SELECT busy=1248
SELECT w0=1209
SELECT w1=778
SELECT w2=748
BUSY TASK ewma=997
DMA IRQ c0=2
DMA IRQ c1=0
DMA IRQ c2=0
DMA IRQ c3=0
SELECT busy=1263
SELECT w0=1224
SELECT w1=788
SELECT w2=761
BUSY TASK ewma=997
DMA IRQ c0=2
DMA IRQ c1=0
DMA IRQ c2=0
DMA IRQ c3=0
SELECT busy=1282
SELECT w0=1243
SELECT w1=797
SELECT w2=775
BUSY TASK ewma=997
DMA IRQ c0=2
DMA IRQ c1=0
DMA IRQ c2=0
DMA IRQ c3=0
SELECT busy=1298
SELECT w0=1259
SELECT w1=806
SELECT w2=786
BUSY TASK ewma=997
DMA IRQ c0=2
DMA IRQ c1=0
DMA IRQ c2=0
DMA IRQ c3=0
SELECT busy=1318
SELECT w0=1279
SELECT w1=813
SELECT w2=793
BUSY TASK ewma=997
DMA IRQ c0=2
DMA IRQ c1=0
DMA IRQ c2=0
DMA IRQ c3=0
SELECT busy=1338
SELECT w0=1299
SELECT w1=821
SELECT w2=800
BUSY TASK ewma=997
DMA IRQ c0=2
DMA IRQ c1=0
DMA IRQ c2=0
DMA IRQ c3=0
SELECT busy=1358
SELECT w0=1319
SELECT w1=830
SELECT w2=809
BUSY TASK ewma=997
DMA IRQ c0=2
DMA IRQ c1=0
DMA IRQ c2=0
DMA IRQ c3=0
SELECT busy=1374
SELECT w0=1336
SELECT w1=846
SELECT w2=821
BUSY TASK ewma=997
DMA IRQ c0=2
DMA IRQ c1=0
DMA IRQ c2=0
DMA IRQ c3=0
SELECT busy=1394
SELECT w0=1356
SELECT w1=860
SELECT w2=832
BUSY TASK ewma=997
IRQ counts: cpu0=2776 cpu1=3158 cpu2=3137 cpu3=3142
SCHED secondaries: calls=9441 unexpected=0
SECTEST switches=9423 cpu1=34502376,33769094 cpu2=26202251,26767188 cpu3=41357944,37843157
PINGPONG rounds=727 pongs=727
DMA IRQ c0=2
DMA IRQ c1=0
DMA IRQ c2=0
DMA IRQ c3=0
SELECT busy=1417
SELECT w0=1379
SELECT w1=878
SELECT w2=850
BUSY TASK ewma=997
DMA IRQ c0=2
DMA IRQ c1=0
DMA IRQ c2=0
DMA IRQ c3=0
SELECT busy=1445
SELECT w0=1407
SELECT w1=900
SELECT w2=870
BUSY TASK ewma=997
DMA IRQ c0=2
DMA IRQ c1=0
DMA IRQ c2=0
DMA IRQ c3=0
SELECT busy=1469
SELECT w0=1430
SELECT w1=912
SELECT w2=883
BUSY TASK ewma=997
DMA IRQ c0=2
DMA IRQ c1=0
DMA IRQ c2=0
DMA IRQ c3=0
SELECT busy=1487
SELECT w0=1448
SELECT w1=921
SELECT w2=896
BUSY TASK ewma=997
DMA IRQ c0=2
DMA IRQ c1=0
DMA IRQ c2=0
DMA IRQ c3=0
SELECT busy=1502
SELECT w0=1463
SELECT w1=930
SELECT w2=906
BUSY TASK ewma=997
DMA IRQ c0=2
DMA IRQ c1=0
DMA IRQ c2=0
DMA IRQ c3=0
SELECT busy=1517
SELECT w0=1479
SELECT w1=939
SELECT w2=915
BUSY TASK ewma=997
DMA IRQ c0=2
DMA IRQ c1=0
DMA IRQ c2=0
DMA IRQ c3=0
SELECT busy=1534
SELECT w0=1496
SELECT w1=948
SELECT w2=925
BUSY TASK ewma=997
DMA IRQ c0=2
DMA IRQ c1=0
DMA IRQ c2=0
DMA IRQ c3=0
SELECT busy=1552
SELECT w0=1513
SELECT w1=958
SELECT w2=936
BUSY TASK ewma=997
DMA IRQ c0=2
DMA IRQ c1=0
DMA IRQ c2=0
DMA IRQ c3=0
SELECT busy=1567
SELECT w0=1529
SELECT w1=967
SELECT w2=945
BUSY TASK ewma=997
DMA IRQ c0=2
DMA IRQ c1=0
DMA IRQ c2=0
DMA IRQ c3=0
SELECT busy=1581
SELECT w0=1543
SELECT w1=975
SELECT w2=953
BUSY TASK ewma=997
DMA IRQ c0=2
DMA IRQ c1=0
DMA IRQ c2=0
DMA IRQ c3=0
SELECT busy=1598
SELECT w0=1560
SELECT w1=984
SELECT w2=965
BUSY TASK ewma=997
DMA IRQ c0=2
DMA IRQ c1=0
DMA IRQ c2=0
DMA IRQ c3=0
SELECT busy=1618
SELECT w0=1580
SELECT w1=997
SELECT w2=974
BUSY TASK ewma=997
DMA IRQ c0=2
DMA IRQ c1=0
DMA IRQ c2=0
DMA IRQ c3=0
SELECT busy=1632
SELECT w0=1594
SELECT w1=1005
SELECT w2=982
BUSY TASK ewma=997
DMA IRQ c0=2
DMA IRQ c1=0
DMA IRQ c2=0
DMA IRQ c3=0
SELECT busy=1649
SELECT w0=1613
SELECT w1=1017
SELECT w2=993
BUSY TASK ewma=997
DMA IRQ c0=2
DMA IRQ c1=0
DMA IRQ c2=0
DMA IRQ c3=0
SELECT busy=1679
SELECT w0=1640
SELECT w1=1037
SELECT w2=1008
BUSY TASK ewma=997
DMA IRQ c0=2
DMA IRQ c1=0
DMA IRQ c2=0
DMA IRQ c3=0
SELECT busy=1701
SELECT w0=1662
SELECT w1=1055
SELECT w2=1022
BUSY TASK ewma=997
DMA IRQ c0=2
DMA IRQ c1=0
DMA IRQ c2=0
DMA IRQ c3=0
SELECT busy=1720
SELECT w0=1682
SELECT w1=1072
SELECT w2=1041
BUSY TASK ewma=997
DMA IRQ c0=2
DMA IRQ c1=0
DMA IRQ c2=0
DMA IRQ c3=0
SELECT busy=1741
SELECT w0=1702
SELECT w1=1085
SELECT w2=1053
BUSY TASK ewma=997
DMA IRQ c0=2
DMA IRQ c1=0
DMA IRQ c2=0
DMA IRQ c3=0
SELECT busy=1761
SELECT w0=1723
SELECT w1=1099
SELECT w2=1065
BUSY TASK ewma=997
DMA IRQ c0=2
DMA IRQ c1=0
DMA IRQ c2=0
DMA IRQ c3=0
SELECT busy=1784
SELECT w0=1745
SELECT w1=1109
SELECT w2=1077
BUSY TASK ewma=997
DMA IRQ c0=2
DMA IRQ c1=0
DMA IRQ c2=0
DMA IRQ c3=0
SELECT busy=1803
SELECT w0=1764
SELECT w1=1117
SELECT w2=1085
BUSY TASK ewma=997
DMA IRQ c0=2
DMA IRQ c1=0
DMA IRQ c2=0
DMA IRQ c3=0
SELECT busy=1828
SELECT w0=1790
SELECT w1=1131
SELECT w2=1099
BUSY TASK ewma=997
DMA IRQ c0=2
DMA IRQ c1=0
DMA IRQ c2=0
DMA IRQ c3=0
SELECT busy=1847
SELECT w0=1808
SELECT w1=1142
SELECT w2=1108
BUSY TASK ewma=997
DMA IRQ c0=2
DMA IRQ c1=0
DMA IRQ c2=0
DMA IRQ c3=0
SELECT busy=1867
SELECT w0=1828
SELECT w1=1151
SELECT w2=1116
BUSY TASK ewma=997
DMA IRQ c0=2
DMA IRQ c1=0
DMA IRQ c2=0
DMA IRQ c3=0
SELECT busy=1895
SELECT w0=1856
SELECT w1=1167
SELECT w2=1134
BUSY TASK ewma=997
DMA IRQ c0=2
DMA IRQ c1=0
DMA IRQ c2=0
DMA IRQ c3=0
SELECT busy=1916
SELECT w0=1877
SELECT w1=1182
SELECT w2=1147
BUSY TASK ewma=997
DMA IRQ c0=2
DMA IRQ c1=0
DMA IRQ c2=0
DMA IRQ c3=0
SELECT busy=1941
SELECT w0=1902
SELECT w1=1195
SELECT w2=1162
BUSY TASK ewma=997
DMA IRQ c0=2
DMA IRQ c1=0
DMA IRQ c2=0
DMA IRQ c3=0
SELECT busy=1968
SELECT w0=1930
SELECT w1=1211
SELECT w2=1182
BUSY TASK ewma=997
DMA IRQ c0=2
DMA IRQ c1=0
DMA IRQ c2=0
DMA IRQ c3=0
SELECT busy=2002
SELECT w0=1963
SELECT w1=1227
SELECT w2=1201
BUSY TASK ewma=997
DMA IRQ c0=2
DMA IRQ c1=0
DMA IRQ c2=0
DMA IRQ c3=0
SELECT busy=2031
SELECT w0=1993
SELECT w1=1243
SELECT w2=1217
BUSY TASK ewma=997
DMA IRQ c0=2
DMA IRQ c1=0
DMA IRQ c2=0
DMA IRQ c3=0
SELECT busy=2056
SELECT w0=2018
SELECT w1=1257
SELECT w2=1229
BUSY TASK ewma=997
DMA IRQ c0=2
DMA IRQ c1=0
DMA IRQ c2=0
DMA IRQ c3=0
SELECT busy=2083
SELECT w0=2045
SELECT w1=1274
SELECT w2=1246
BUSY TASK ewma=997
DMA IRQ c0=2
DMA IRQ c1=0
DMA IRQ c2=0
DMA IRQ c3=0
SELECT busy=2103
SELECT w0=2064
SELECT w1=1286
SELECT w2=1254
BUSY TASK ewma=997
DMA IRQ c0=2
DMA IRQ c1=0
DMA IRQ c2=0
DMA IRQ c3=0
SELECT busy=2121
SELECT w0=2082
SELECT w1=1292
SELECT w2=1260
BUSY TASK ewma=997
DMA IRQ c0=2
DMA IRQ c1=0
DMA IRQ c2=0
DMA IRQ c3=0
SELECT busy=2142
SELECT w0=2103
SELECT w1=1302
SELECT w2=1269
BUSY TASK ewma=997
DMA IRQ c0=2
DMA IRQ c1=0
DMA IRQ c2=0
DMA IRQ c3=0
SELECT busy=2161
SELECT w0=2122
SELECT w1=1312
SELECT w2=1278
BUSY TASK ewma=997
DMA IRQ c0=2
DMA IRQ c1=0
DMA IRQ c2=0
DMA IRQ c3=0
SELECT busy=2186
SELECT w0=2149
SELECT w1=1326
SELECT w2=1293
BUSY TASK ewma=997
DMA IRQ c0=2
DMA IRQ c1=0
DMA IRQ c2=0
DMA IRQ c3=0
SELECT busy=2214
SELECT w0=2176
SELECT w1=1338
SELECT w2=1305
BUSY TASK ewma=997
DMA IRQ c0=2
DMA IRQ c1=0
DMA IRQ c2=0
DMA IRQ c3=0
SELECT busy=2235
SELECT w0=2197
SELECT w1=1349
SELECT w2=1317
BUSY TASK ewma=997
DMA IRQ c0=2
DMA IRQ c1=0
DMA IRQ c2=0
DMA IRQ c3=0
SELECT busy=2257
SELECT w0=2218
SELECT w1=1360
SELECT w2=1326
BUSY TASK ewma=997
DMA IRQ c0=2
DMA IRQ c1=0
DMA IRQ c2=0
DMA IRQ c3=0
SELECT busy=2274
SELECT w0=2235
SELECT w1=1367
SELECT w2=1333
BUSY TASK ewma=997
DMA IRQ c0=2
DMA IRQ c1=0
DMA IRQ c2=0
DMA IRQ c3=0
SELECT busy=2293
SELECT w0=2254
SELECT w1=1378
SELECT w2=1342
BUSY TASK ewma=997
DMA IRQ c0=2
DMA IRQ c1=0
DMA IRQ c2=0
DMA IRQ c3=0
SELECT busy=2313
SELECT w0=2274
SELECT w1=1388
SELECT w2=1352
BUSY TASK ewma=997
DMA IRQ c0=2
DMA IRQ c1=0
DMA IRQ c2=0
DMA IRQ c3=0
SELECT busy=2336
SELECT w0=2297
SELECT w1=1399
SELECT w2=1361
BUSY TASK ewma=997
DMA IRQ c0=2
DMA IRQ c1=0
DMA IRQ c2=0
DMA IRQ c3=0
SELECT busy=2354
SELECT w0=2315
SELECT w1=1410
SELECT w2=1374
BUSY TASK ewma=997
DMA IRQ c0=2
DMA IRQ c1=0
DMA IRQ c2=0
DMA IRQ c3=0
SELECT busy=2371
SELECT w0=2333
SELECT w1=1417
SELECT w2=1380
BUSY TASK ewma=997
DMA IRQ c0=2
DMA IRQ c1=0
DMA IRQ c2=0
DMA IRQ c3=0
SELECT busy=2397
SELECT w0=2359
SELECT w1=1431
SELECT w2=1395
BUSY TASK ewma=997
DMA IRQ c0=2
DMA IRQ c1=0
DMA IRQ c2=0
DMA IRQ c3=0
SELECT busy=2420
SELECT w0=2382
SELECT w1=1445
SELECT w2=1407
BUSY TASK ewma=997
DMA IRQ c0=2
DMA IRQ c1=0
DMA IRQ c2=0
DMA IRQ c3=0
SELECT busy=2447
SELECT w0=2408
SELECT w1=1461
SELECT w2=1420
BUSY TASK ewma=997
DMA IRQ c0=2
DMA IRQ c1=0
DMA IRQ c2=0
DMA IRQ c3=0
SELECT busy=2469
SELECT w0=2431
SELECT w1=1472
SELECT w2=1429
BUSY TASK ewma=997
DMA IRQ c0=2
DMA IRQ c1=0
DMA IRQ c2=0
DMA IRQ c3=0
SELECT busy=2497
SELECT w0=2459
SELECT w1=1487
SELECT w2=1446
BUSY TASK ewma=997
DMA IRQ c0=2
DMA IRQ c1=0
DMA IRQ c2=0
DMA IRQ c3=0
SELECT busy=2516
SELECT w0=2478
SELECT w1=1499
SELECT w2=1459
BUSY TASK ewma=997
DMA IRQ c0=2
DMA IRQ c1=0
DMA IRQ c2=0
DMA IRQ c3=0
SELECT busy=2538
SELECT w0=2499
SELECT w1=1511
SELECT w2=1470
BUSY TASK ewma=997
DMA IRQ c0=2
DMA IRQ c1=0
DMA IRQ c2=0
DMA IRQ c3=0
SELECT busy=2556
SELECT w0=2518
SELECT w1=1529
SELECT w2=1484
BUSY TASK ewma=997
DMA IRQ c0=2
DMA IRQ c1=0
DMA IRQ c2=0
DMA IRQ c3=0
SELECT busy=2577
SELECT w0=2539
SELECT w1=1544
SELECT w2=1497
BUSY TASK ewma=997
DMA IRQ c0=2
DMA IRQ c1=0
DMA IRQ c2=0
DMA IRQ c3=0
SELECT busy=2593
SELECT w0=2554
SELECT w1=1552
SELECT w2=1507
BUSY TASK ewma=997
DMA IRQ c0=2
DMA IRQ c1=0
DMA IRQ c2=0
DMA IRQ c3=0
SELECT busy=2609
SELECT w0=2570
SELECT w1=1560
SELECT w2=1517
BUSY TASK ewma=997
DMA IRQ c0=2
DMA IRQ c1=0
DMA IRQ c2=0
DMA IRQ c3=0
SELECT busy=2627
SELECT w0=2589
SELECT w1=1569
SELECT w2=1525
BUSY TASK ewma=997
DMA IRQ c0=2
DMA IRQ c1=0
DMA IRQ c2=0
DMA IRQ c3=0
SELECT busy=2645
SELECT w0=2607
SELECT w1=1581
SELECT w2=1539
BUSY TASK ewma=997
DMA IRQ c0=2
DMA IRQ c1=0
DMA IRQ c2=0
DMA IRQ c3=0
SELECT busy=2662
SELECT w0=2624
SELECT w1=1590
SELECT w2=1549
BUSY TASK ewma=997
DMA IRQ c0=2
DMA IRQ c1=0
DMA IRQ c2=0
DMA IRQ c3=0
SELECT busy=2681
SELECT w0=2643
SELECT w1=1604
SELECT w2=1569
BUSY TASK ewma=997
DMA IRQ c0=2
DMA IRQ c1=0
DMA IRQ c2=0
DMA IRQ c3=0
SELECT busy=2698
SELECT w0=2660
SELECT w1=1615
SELECT w2=1581
BUSY TASK ewma=997
DMA IRQ c0=2
DMA IRQ c1=0
DMA IRQ c2=0
DMA IRQ c3=0
SELECT busy=2710
SELECT w0=2671
SELECT w1=1621
SELECT w2=1587
BUSY TASK ewma=997
DMA IRQ c0=2
DMA IRQ c1=0
DMA IRQ c2=0
DMA IRQ c3=0
SELECT busy=2728
SELECT w0=2689
SELECT w1=1632
SELECT w2=1597
BUSY TASK ewma=997
IRQ counts: cpu0=5440 cpu1=6281 cpu2=6236 cpu3=6169
SCHED secondaries: calls=18693 unexpected=0
SECTEST switches=18667 cpu1=70467833,67614170 cpu2=52351948,51852609 cpu3=77598360,72993981
PINGPONG rounds=1290 pongs=1291
DMA IRQ c0=2
DMA IRQ c1=0
DMA IRQ c2=0
DMA IRQ c3=0
SELECT busy=2754
SELECT w0=2716
SELECT w1=1646
SELECT w2=1614
BUSY TASK ewma=997
DMA IRQ c0=2
DMA IRQ c1=0
DMA IRQ c2=0
DMA IRQ c3=0
SELECT busy=2774
SELECT w0=2735
SELECT w1=1659
SELECT w2=1624
BUSY TASK ewma=997
DMA IRQ c0=2
DMA IRQ c1=0
DMA IRQ c2=0
DMA IRQ c3=0
SELECT busy=2799
SELECT w0=2761
SELECT w1=1673
SELECT w2=1640
BUSY TASK ewma=997
DMA IRQ c0=2
DMA IRQ c1=0
DMA IRQ c2=0
DMA IRQ c3=0
SELECT busy=2823
SELECT w0=2785
SELECT w1=1693
SELECT w2=1660
BUSY TASK ewma=997
DMA IRQ c0=2
DMA IRQ c1=0
DMA IRQ c2=0
DMA IRQ c3=0
SELECT busy=2844
SELECT w0=2806
SELECT w1=1710
SELECT w2=1679
BUSY TASK ewma=997
DMA IRQ c0=2
DMA IRQ c1=0
DMA IRQ c2=0
DMA IRQ c3=0
SELECT busy=2870
SELECT w0=2832
SELECT w1=1720
SELECT w2=1687
BUSY TASK ewma=997
DMA IRQ c0=2
DMA IRQ c1=0
DMA IRQ c2=0
DMA IRQ c3=0
SELECT busy=2893
SELECT w0=2855
SELECT w1=1740
SELECT w2=1705
BUSY TASK ewma=997
DMA IRQ c0=2
DMA IRQ c1=0
DMA IRQ c2=0
DMA IRQ c3=0
SELECT busy=2917
SELECT w0=2879
SELECT w1=1757
SELECT w2=1720
BUSY TASK ewma=997
DMA IRQ c0=2
DMA IRQ c1=0
DMA IRQ c2=0
DMA IRQ c3=0
SELECT busy=2935
SELECT w0=2896
SELECT w1=1766
SELECT w2=1732
BUSY TASK ewma=997
DMA IRQ c0=2
DMA IRQ c1=0
DMA IRQ c2=0
DMA IRQ c3=0
SELECT busy=2954
SELECT w0=2916
SELECT w1=1773
SELECT w2=1738
BUSY TASK ewma=997
DMA IRQ c0=2
DMA IRQ c1=0
DMA IRQ c2=0
DMA IRQ c3=0
SELECT busy=2977
SELECT w0=2939
SELECT w1=1786
SELECT w2=1749
BUSY TASK ewma=997
DMA IRQ c0=2
DMA IRQ c1=0
DMA IRQ c2=0
DMA IRQ c3=0
SELECT busy=3010
SELECT w0=2973
SELECT w1=1805
SELECT w2=1770
BUSY TASK ewma=997
DMA IRQ c0=2
DMA IRQ c1=0
DMA IRQ c2=0
DMA IRQ c3=0
SELECT busy=3027
SELECT w0=2988
SELECT w1=1814
SELECT w2=1777
BUSY TASK ewma=997
DMA IRQ c0=2
DMA IRQ c1=0
DMA IRQ c2=0
DMA IRQ c3=0
SELECT busy=3043
SELECT w0=3005
SELECT w1=1826
SELECT w2=1787
BUSY TASK ewma=997
DMA IRQ c0=2
DMA IRQ c1=0
DMA IRQ c2=0
DMA IRQ c3=0
SELECT busy=3068
SELECT w0=3029
SELECT w1=1840
SELECT w2=1803
BUSY TASK ewma=997
DMA IRQ c0=2
DMA IRQ c1=0
DMA IRQ c2=0
DMA IRQ c3=0
SELECT busy=3091
SELECT w0=3052
SELECT w1=1850
SELECT w2=1812
BUSY TASK ewma=997
DMA IRQ c0=2
DMA IRQ c1=0
DMA IRQ c2=0
DMA IRQ c3=0
SELECT busy=3112
SELECT w0=3075
SELECT w1=1865
SELECT w2=1825
BUSY TASK ewma=997
DMA IRQ c0=2
DMA IRQ c1=0
DMA IRQ c2=0
DMA IRQ c3=0
SELECT busy=3137
SELECT w0=3100
SELECT w1=1881
SELECT w2=1843
BUSY TASK ewma=997
DMA IRQ c0=2
DMA IRQ c1=0
DMA IRQ c2=0
DMA IRQ c3=0
SELECT busy=3158
SELECT w0=3120
SELECT w1=1894
SELECT w2=1866
BUSY TASK ewma=997
DMA IRQ c0=2
DMA IRQ c1=0
DMA IRQ c2=0
DMA IRQ c3=0
SELECT busy=3176
SELECT w0=3138
SELECT w1=1903
SELECT w2=1875
BUSY TASK ewma=997
DMA IRQ c0=2
DMA IRQ c1=0
DMA IRQ c2=0
DMA IRQ c3=0
SELECT busy=3199
SELECT w0=3160
SELECT w1=1912
SELECT w2=1886
BUSY TASK ewma=997
DMA IRQ c0=2
DMA IRQ c1=0
DMA IRQ c2=0
DMA IRQ c3=0
SELECT busy=3216
SELECT w0=3177
SELECT w1=1923
SELECT w2=1894
BUSY TASK ewma=997
DMA IRQ c0=2
DMA IRQ c1=0
DMA IRQ c2=0
DMA IRQ c3=0
SELECT busy=3230
SELECT w0=3193
SELECT w1=1934
SELECT w2=1908
BUSY TASK ewma=997
DMA IRQ c0=2
DMA IRQ c1=0
DMA IRQ c2=0
DMA IRQ c3=0
SELECT busy=3251
SELECT w0=3212
SELECT w1=1947
SELECT w2=1918
BUSY TASK ewma=997
DMA IRQ c0=2
DMA IRQ c1=0
DMA IRQ c2=0
DMA IRQ c3=0
SELECT busy=3267
SELECT w0=3229
SELECT w1=1957
SELECT w2=1927
BUSY TASK ewma=997
DMA IRQ c0=2
DMA IRQ c1=0
DMA IRQ c2=0
DMA IRQ c3=0
SELECT busy=3292
SELECT w0=3253
SELECT w1=1976
SELECT w2=1944
BUSY TASK ewma=997
DMA IRQ c0=2
DMA IRQ c1=0
DMA IRQ c2=0
DMA IRQ c3=0
SELECT busy=3321
SELECT w0=3283
SELECT w1=1996
SELECT w2=1962
BUSY TASK ewma=997
DMA IRQ c0=2
DMA IRQ c1=0
DMA IRQ c2=0
DMA IRQ c3=0
SELECT busy=3352
SELECT w0=3313
SELECT w1=2006
SELECT w2=1975
BUSY TASK ewma=997
DMA IRQ c0=2
DMA IRQ c1=0
DMA IRQ c2=0
DMA IRQ c3=0
SELECT busy=3373
SELECT w0=3335
SELECT w1=2016
SELECT w2=1991
BUSY TASK ewma=997
DMA IRQ c0=2
DMA IRQ c1=0
DMA IRQ c2=0
DMA IRQ c3=0
SELECT busy=3408
SELECT w0=3371
SELECT w1=2037
SELECT w2=2015
BUSY TASK ewma=997
DMA IRQ c0=2
DMA IRQ c1=0
DMA IRQ c2=0
DMA IRQ c3=0
SELECT busy=3437
SELECT w0=3398
SELECT w1=2053
SELECT w2=2029
BUSY TASK ewma=997
DMA IRQ c0=2
DMA IRQ c1=0
DMA IRQ c2=0
DMA IRQ c3=0
SELECT busy=3469
SELECT w0=3430
SELECT w1=2072
SELECT w2=2053
BUSY TASK ewma=997
DMA IRQ c0=2
DMA IRQ c1=0
DMA IRQ c2=0
DMA IRQ c3=0
SELECT busy=3494
SELECT w0=3456
SELECT w1=2088
SELECT w2=2074
BUSY TASK ewma=997
DMA IRQ c0=2
DMA IRQ c1=0
DMA IRQ c2=0
DMA IRQ c3=0
SELECT busy=3530
SELECT w0=3492
SELECT w1=2107
SELECT w2=2097
BUSY TASK ewma=997
DMA IRQ c0=2
DMA IRQ c1=0
DMA IRQ c2=0
DMA IRQ c3=0
SELECT busy=3563
SELECT w0=3526
SELECT w1=2124
SELECT w2=2123
BUSY TASK ewma=997
DMA IRQ c0=2
DMA IRQ c1=0
DMA IRQ c2=0
DMA IRQ c3=0
SELECT busy=3591
SELECT w0=3553
SELECT w1=2140
SELECT w2=2142
BUSY TASK ewma=997
DMA IRQ c0=2
DMA IRQ c1=0
DMA IRQ c2=0
DMA IRQ c3=0
SELECT busy=3616
SELECT w0=3578
SELECT w1=2153
SELECT w2=2158
BUSY TASK ewma=997
DMA IRQ c0=2
DMA IRQ c1=0
DMA IRQ c2=0
DMA IRQ c3=0
SELECT busy=3647
SELECT w0=3608
SELECT w1=2168
SELECT w2=2175
BUSY TASK ewma=997
DMA IRQ c0=2
DMA IRQ c1=0
DMA IRQ c2=0
DMA IRQ c3=0
SELECT busy=3671
SELECT w0=3633
SELECT w1=2187
SELECT w2=2194
BUSY TASK ewma=997
DMA IRQ c0=2
DMA IRQ c1=0
DMA IRQ c2=0
DMA IRQ c3=0
SELECT busy=3695
SELECT w0=3656
SELECT w1=2198
SELECT w2=2208
BUSY TASK ewma=997
DMA IRQ c0=2
DMA IRQ c1=0
DMA IRQ c2=0
DMA IRQ c3=0
SELECT busy=3712
SELECT w0=3673
SELECT w1=2209
SELECT w2=2219
BUSY TASK ewma=997
DMA IRQ c0=2
DMA IRQ c1=0
DMA IRQ c2=0
DMA IRQ c3=0
SELECT busy=3730
SELECT w0=3692
SELECT w1=2218
SELECT w2=2227
BUSY TASK ewma=997
DMA IRQ c0=2
DMA IRQ c1=0
DMA IRQ c2=0
DMA IRQ c3=0
SELECT busy=3746
SELECT w0=3708
SELECT w1=2228
SELECT w2=2240
BUSY TASK ewma=997
DMA IRQ c0=2
DMA IRQ c1=0
DMA IRQ c2=0
DMA IRQ c3=0
SELECT busy=3766
SELECT w0=3727
SELECT w1=2243
SELECT w2=2249
BUSY TASK ewma=997
DMA IRQ c0=2
DMA IRQ c1=0
DMA IRQ c2=0
DMA IRQ c3=0
SELECT busy=3789
SELECT w0=3751
SELECT w1=2256
SELECT w2=2258
BUSY TASK ewma=997
DMA IRQ c0=2
DMA IRQ c1=0
DMA IRQ c2=0
DMA IRQ c3=0
SELECT busy=3815
SELECT w0=3776
SELECT w1=2271
SELECT w2=2273
BUSY TASK ewma=997
DMA IRQ c0=2
DMA IRQ c1=0
DMA IRQ c2=0
DMA IRQ c3=0
SELECT busy=3839
SELECT w0=3801
SELECT w1=2286
SELECT w2=2297
BUSY TASK ewma=997
DMA IRQ c0=2
DMA IRQ c1=0
DMA IRQ c2=0
DMA IRQ c3=0
SELECT busy=3861
SELECT w0=3823
SELECT w1=2300
SELECT w2=2311
BUSY TASK ewma=997
DMA IRQ c0=2
DMA IRQ c1=0
DMA IRQ c2=0
DMA IRQ c3=0
SELECT busy=3881
SELECT w0=3843
SELECT w1=2316
SELECT w2=2327
BUSY TASK ewma=997
DMA IRQ c0=2
DMA IRQ c1=0
DMA IRQ c2=0
DMA IRQ c3=0
SELECT busy=3916
SELECT w0=3878
SELECT w1=2333
SELECT w2=2347
BUSY TASK ewma=997
DMA IRQ c0=2
DMA IRQ c1=0
DMA IRQ c2=0
DMA IRQ c3=0
SELECT busy=3939
SELECT w0=3900
SELECT w1=2341
SELECT w2=2356
BUSY TASK ewma=997
DMA IRQ c0=2
DMA IRQ c1=0
DMA IRQ c2=0
DMA IRQ c3=0
SELECT busy=3965
SELECT w0=3927
SELECT w1=2353
SELECT w2=2370
BUSY TASK ewma=997
DMA IRQ c0=2
DMA IRQ c1=0
DMA IRQ c2=0
DMA IRQ c3=0
SELECT busy=3985
SELECT w0=3946
SELECT w1=2368
SELECT w2=2383
BUSY TASK ewma=997
DMA IRQ c0=2
DMA IRQ c1=0
DMA IRQ c2=0
DMA IRQ c3=0
SELECT busy=4003
SELECT w0=3964
SELECT w1=2381
SELECT w2=2394
BUSY TASK ewma=997
DMA IRQ c0=2
DMA IRQ c1=0
DMA IRQ c2=0
DMA IRQ c3=0
SELECT busy=4017
SELECT w0=3978
SELECT w1=2388
SELECT w2=2404
BUSY TASK ewma=997
DMA IRQ c0=2
DMA IRQ c1=0
DMA IRQ c2=0
DMA IRQ c3=0
SELECT busy=4035
SELECT w0=3997
SELECT w1=2403
SELECT w2=2416
BUSY TASK ewma=997
DMA IRQ c0=2
DMA IRQ c1=0
DMA IRQ c2=0
DMA IRQ c3=0
SELECT busy=4055
SELECT w0=4016
SELECT w1=2415
SELECT w2=2430
BUSY TASK ewma=997
DMA IRQ c0=2
DMA IRQ c1=0
DMA IRQ c2=0
DMA IRQ c3=0
SELECT busy=4083
SELECT w0=4045
SELECT w1=2434
SELECT w2=2446
BUSY TASK ewma=997
DMA IRQ c0=2
DMA IRQ c1=0
DMA IRQ c2=0
DMA IRQ c3=0
SELECT busy=4104
SELECT w0=4065
SELECT w1=2447
SELECT w2=2458
BUSY TASK ewma=997
DMA IRQ c0=2
DMA IRQ c1=0
DMA IRQ c2=0
DMA IRQ c3=0
SELECT busy=4121
SELECT w0=4083
SELECT w1=2458
SELECT w2=2470
BUSY TASK ewma=997
DMA IRQ c0=2
DMA IRQ c1=0
DMA IRQ c2=0
DMA IRQ c3=0
SELECT busy=4144
SELECT w0=4105
SELECT w1=2470
SELECT w2=2482
BUSY TASK ewma=997
DMA IRQ c0=2
DMA IRQ c1=0
DMA IRQ c2=0
DMA IRQ c3=0
SELECT busy=4158
SELECT w0=4120
SELECT w1=2479
SELECT w2=2492
BUSY TASK ewma=997
DMA IRQ c0=2
DMA IRQ c1=0
DMA IRQ c2=0
DMA IRQ c3=0
SELECT busy=4177
SELECT w0=4138
SELECT w1=2491
SELECT w2=2503
BUSY TASK ewma=997
DMA IRQ c0=2
DMA IRQ c1=0
DMA IRQ c2=0
DMA IRQ c3=0
SELECT busy=4204
SELECT w0=4167
SELECT w1=2513
SELECT w2=2525
BUSY TASK ewma=997
IRQ counts: cpu0=8402 cpu1=9915 cpu2=10022 cpu3=9702
SCHED secondaries: calls=29648 unexpected=0
SECTEST switches=29638 cpu1=112820108,113157727 cpu2=86971973,87124531 cpu3=121980485,116461691
PINGPONG rounds=1903 pongs=1904
DMA IRQ c0=2
DMA IRQ c1=0
DMA IRQ c2=0
DMA IRQ c3=0
SELECT busy=4241
SELECT w0=4203
SELECT w1=2541
SELECT w2=2550
BUSY TASK ewma=997
DMA IRQ c0=2
DMA IRQ c1=0
DMA IRQ c2=0
DMA IRQ c3=0
SELECT busy=4260
SELECT w0=4221
SELECT w1=2547
SELECT w2=2556
BUSY TASK ewma=997
DMA IRQ c0=2
DMA IRQ c1=0
DMA IRQ c2=0
DMA IRQ c3=0
SELECT busy=4288
SELECT w0=4250
SELECT w1=2559
SELECT w2=2567
BUSY TASK ewma=997
DMA IRQ c0=2
DMA IRQ c1=0
DMA IRQ c2=0
DMA IRQ c3=0
SELECT busy=4306
SELECT w0=4267
SELECT w1=2573
SELECT w2=2579
BUSY TASK ewma=997
DMA IRQ c0=2
DMA IRQ c1=0
DMA IRQ c2=0
DMA IRQ c3=0
SELECT busy=4333
SELECT w0=4295
SELECT w1=2583
SELECT w2=2592
BUSY TASK ewma=997
DMA IRQ c0=2
DMA IRQ c1=0
DMA IRQ c2=0
DMA IRQ c3=0
SELECT busy=4358
SELECT w0=4319
SELECT w1=2595
SELECT w2=2605
BUSY TASK ewma=997
DMA IRQ c0=2
DMA IRQ c1=0
DMA IRQ c2=0
DMA IRQ c3=0
SELECT busy=4380
SELECT w0=4342
SELECT w1=2611
SELECT w2=2620
BUSY TASK ewma=997
DMA IRQ c0=2
DMA IRQ c1=0
DMA IRQ c2=0
DMA IRQ c3=0
SELECT busy=4410
SELECT w0=4375
SELECT w1=2633
SELECT w2=2639
BUSY TASK ewma=997
DMA IRQ c0=2
DMA IRQ c1=0
DMA IRQ c2=0
DMA IRQ c3=0
SELECT busy=4441
SELECT w0=4402
SELECT w1=2646
SELECT w2=2652
BUSY TASK ewma=997
DMA IRQ c0=2
DMA IRQ c1=0
DMA IRQ c2=0
DMA IRQ c3=0
SELECT busy=4466
SELECT w0=4427
SELECT w1=2660
SELECT w2=2667
BUSY TASK ewma=997
DMA IRQ c0=2
DMA IRQ c1=0
DMA IRQ c2=0
DMA IRQ c3=0
SELECT busy=4491
SELECT w0=4453
SELECT w1=2671
SELECT w2=2677
BUSY TASK ewma=997
DMA IRQ c0=2
DMA IRQ c1=0
DMA IRQ c2=0
DMA IRQ c3=0
SELECT busy=4517
SELECT w0=4478
SELECT w1=2687
SELECT w2=2694
BUSY TASK ewma=997
DMA IRQ c0=2
DMA IRQ c1=0
DMA IRQ c2=0
DMA IRQ c3=0
SELECT busy=4541
SELECT w0=4503
SELECT w1=2694
SELECT w2=2703
BUSY TASK ewma=997
DMA IRQ c0=2
DMA IRQ c1=0
DMA IRQ c2=0
DMA IRQ c3=0
SELECT busy=4573
SELECT w0=4535
SELECT w1=2710
SELECT w2=2722
BUSY TASK ewma=997
DMA IRQ c0=2
DMA IRQ c1=0
DMA IRQ c2=0
DMA IRQ c3=0
SELECT busy=4591
SELECT w0=4552
SELECT w1=2717
SELECT w2=2732
BUSY TASK ewma=997
DMA IRQ c0=2
DMA IRQ c1=0
DMA IRQ c2=0
DMA IRQ c3=0
SELECT busy=4613
SELECT w0=4575
SELECT w1=2726
SELECT w2=2745
BUSY TASK ewma=997
DMA IRQ c0=2
DMA IRQ c1=0
DMA IRQ c2=0
DMA IRQ c3=0
SELECT busy=4633
SELECT w0=4595
SELECT w1=2734
SELECT w2=2755
BUSY TASK ewma=997
DMA IRQ c0=2
DMA IRQ c1=0
DMA IRQ c2=0
DMA IRQ c3=0
SELECT busy=4652
SELECT w0=4613
SELECT w1=2741
SELECT w2=2766
BUSY TASK ewma=997
DMA IRQ c0=2
DMA IRQ c1=0
DMA IRQ c2=0
DMA IRQ c3=0
SELECT busy=4672
SELECT w0=4633
SELECT w1=2749
SELECT w2=2776
BUSY TASK ewma=997
DMA IRQ c0=2
DMA IRQ c1=0
DMA IRQ c2=0
DMA IRQ c3=0
SELECT busy=4694
SELECT w0=4656
SELECT w1=2758
SELECT w2=2788
BUSY TASK ewma=997
DMA IRQ c0=2
DMA IRQ c1=0
DMA IRQ c2=0
DMA IRQ c3=0
SELECT busy=4712
SELECT w0=4673
SELECT w1=2765
SELECT w2=2796
BUSY TASK ewma=997
DMA IRQ c0=2
DMA IRQ c1=0
DMA IRQ c2=0
DMA IRQ c3=0
SELECT busy=4728
SELECT w0=4689
SELECT w1=2770
SELECT w2=2803
BUSY TASK ewma=997
DMA IRQ c0=2
DMA IRQ c1=0
DMA IRQ c2=0
DMA IRQ c3=0
SELECT busy=4748
SELECT w0=4709
SELECT w1=2776
SELECT w2=2811
BUSY TASK ewma=997
DMA IRQ c0=2
DMA IRQ c1=0
DMA IRQ c2=0
DMA IRQ c3=0
SELECT busy=4767
SELECT w0=4728
SELECT w1=2784
SELECT w2=2820
BUSY TASK ewma=997
DMA IRQ c0=2
DMA IRQ c1=0
DMA IRQ c2=0
DMA IRQ c3=0
SELECT busy=4784
SELECT w0=4746
SELECT w1=2791
SELECT w2=2828
BUSY TASK ewma=997
DMA IRQ c0=2
DMA IRQ c1=0
DMA IRQ c2=0
DMA IRQ c3=0
SELECT busy=4801
SELECT w0=4764
SELECT w1=2798
SELECT w2=2838
BUSY TASK ewma=997
DMA IRQ c0=2
DMA IRQ c1=0
DMA IRQ c2=0
DMA IRQ c3=0
SELECT busy=4830
SELECT w0=4792
SELECT w1=2812
SELECT w2=2857
BUSY TASK ewma=997
DMA IRQ c0=2
DMA IRQ c1=0
DMA IRQ c2=0
DMA IRQ c3=0
SELECT busy=4854
SELECT w0=4815
SELECT w1=2820
SELECT w2=2866
BUSY TASK ewma=997
DMA IRQ c0=2
DMA IRQ c1=0
DMA IRQ c2=0
DMA IRQ c3=0
SELECT busy=4880
SELECT w0=4841
SELECT w1=2830
SELECT w2=2880
BUSY TASK ewma=997
DMA IRQ c0=2
DMA IRQ c1=0
DMA IRQ c2=0
DMA IRQ c3=0
SELECT busy=4902
SELECT w0=4863
SELECT w1=2841
SELECT w2=2894
BUSY TASK ewma=997
DMA IRQ c0=2
DMA IRQ c1=0
DMA IRQ c2=0
DMA IRQ c3=0
SELECT busy=4922
SELECT w0=4884
SELECT w1=2850
SELECT w2=2904
BUSY TASK ewma=997
DMA IRQ c0=2
DMA IRQ c1=0
DMA IRQ c2=0
DMA IRQ c3=0
SELECT busy=4943
SELECT w0=4905
SELECT w1=2859
SELECT w2=2916
BUSY TASK ewma=997
DMA IRQ c0=2
DMA IRQ c1=0
DMA IRQ c2=0
DMA IRQ c3=0
SELECT busy=4964
SELECT w0=4925
SELECT w1=2866
SELECT w2=2926
BUSY TASK ewma=997
DMA IRQ c0=2
DMA IRQ c1=0
DMA IRQ c2=0
DMA IRQ c3=0
SELECT busy=4983
SELECT w0=4944
SELECT w1=2873
SELECT w2=2934
BUSY TASK ewma=997
DMA IRQ c0=2
DMA IRQ c1=0
DMA IRQ c2=0
DMA IRQ c3=0
SELECT busy=5009
SELECT w0=4971
SELECT w1=2883
SELECT w2=2948
BUSY TASK ewma=997
DMA IRQ c0=2
DMA IRQ c1=0
DMA IRQ c2=0
DMA IRQ c3=0
SELECT busy=5026
SELECT w0=4987
SELECT w1=2891
SELECT w2=2956
BUSY TASK ewma=997
DMA IRQ c0=2
DMA IRQ c1=0
DMA IRQ c2=0
DMA IRQ c3=0
SELECT busy=5038
SELECT w0=4999
SELECT w1=2898
SELECT w2=2964
BUSY TASK ewma=997
DMA IRQ c0=2
DMA IRQ c1=0
DMA IRQ c2=0
DMA IRQ c3=0
SELECT busy=5061
SELECT w0=5023
SELECT w1=2906
SELECT w2=2976
BUSY TASK ewma=997
DMA IRQ c0=2
DMA IRQ c1=0
DMA IRQ c2=0
DMA IRQ c3=0
SELECT busy=5080
SELECT w0=5042
SELECT w1=2913
SELECT w2=2983
BUSY TASK ewma=997
DMA IRQ c0=2
DMA IRQ c1=0
DMA IRQ c2=0
DMA IRQ c3=0
SELECT busy=5099
SELECT w0=5061
SELECT w1=2922
SELECT w2=2997
BUSY TASK ewma=997
DMA IRQ c0=2
DMA IRQ c1=0
DMA IRQ c2=0
DMA IRQ c3=0
SELECT busy=5117
SELECT w0=5079
SELECT w1=2933
SELECT w2=3014
BUSY TASK ewma=997
DMA IRQ c0=2
DMA IRQ c1=0
DMA IRQ c2=0
DMA IRQ c3=0
SELECT busy=5146
SELECT w0=5107
SELECT w1=2944
SELECT w2=3027
BUSY TASK ewma=997
DMA IRQ c0=2
DMA IRQ c1=0
DMA IRQ c2=0
DMA IRQ c3=0
SELECT busy=5169
SELECT w0=5133
SELECT w1=2957
SELECT w2=3046
BUSY TASK ewma=997
DMA IRQ c0=2
DMA IRQ c1=0
DMA IRQ c2=0
DMA IRQ c3=0
SELECT busy=5195
SELECT w0=5157
SELECT w1=2967
SELECT w2=3062
BUSY TASK ewma=997
DMA IRQ c0=2
DMA IRQ c1=0
DMA IRQ c2=0
DMA IRQ c3=0
SELECT busy=5215
SELECT w0=5177
SELECT w1=2977
SELECT w2=3077
BUSY TASK ewma=997
DMA IRQ c0=2
DMA IRQ c1=0
DMA IRQ c2=0
DMA IRQ c3=0
SELECT busy=5246
SELECT w0=5208
SELECT w1=2989
SELECT w2=3095
BUSY TASK ewma=997
DMA IRQ c0=2
DMA IRQ c1=0
DMA IRQ c2=0
DMA IRQ c3=0
SELECT busy=5272
SELECT w0=5234
SELECT w1=3002
SELECT w2=3111
BUSY TASK ewma=997
DMA IRQ c0=2
DMA IRQ c1=0
DMA IRQ c2=0
DMA IRQ c3=0
SELECT busy=5298
SELECT w0=5260
SELECT w1=3010
SELECT w2=3122
BUSY TASK ewma=997
DMA IRQ c0=2
DMA IRQ c1=0
DMA IRQ c2=0
DMA IRQ c3=0
SELECT busy=5315
SELECT w0=5277
SELECT w1=3019
SELECT w2=3134
BUSY TASK ewma=997
DMA IRQ c0=2
DMA IRQ c1=0
DMA IRQ c2=0
DMA IRQ c3=0
SELECT busy=5332
SELECT w0=5294
SELECT w1=3026
SELECT w2=3146
BUSY TASK ewma=997
DMA IRQ c0=2
DMA IRQ c1=0
DMA IRQ c2=0
DMA IRQ c3=0
SELECT busy=5359
SELECT w0=5321
SELECT w1=3044
SELECT w2=3164
BUSY TASK ewma=997
DMA IRQ c0=2
DMA IRQ c1=0
DMA IRQ c2=0
DMA IRQ c3=0
SELECT busy=5385
SELECT w0=5347
SELECT w1=3056
SELECT w2=3181
BUSY TASK ewma=997
DMA IRQ c0=2
DMA IRQ c1=0
DMA IRQ c2=0
DMA IRQ c3=0
SELECT busy=5405
SELECT w0=5367
SELECT w1=3065
SELECT w2=3193
BUSY TASK ewma=997
DMA IRQ c0=2
DMA IRQ c1=0
DMA IRQ c2=0
DMA IRQ c3=0
SELECT busy=5426
SELECT w0=5387
SELECT w1=3076
SELECT w2=3204
BUSY TASK ewma=997
DMA IRQ c0=2
DMA IRQ c1=0
DMA IRQ c2=0
DMA IRQ c3=0
SELECT busy=5445
SELECT w0=5406
SELECT w1=3081
SELECT w2=3209
BUSY TASK ewma=997
DMA IRQ c0=2
DMA IRQ c1=0
DMA IRQ c2=0
DMA IRQ c3=0
SELECT busy=5464
SELECT w0=5427
SELECT w1=3093
SELECT w2=3226
BUSY TASK ewma=997
DMA IRQ c0=2
DMA IRQ c1=0
DMA IRQ c2=0
DMA IRQ c3=0
SELECT busy=5494
SELECT w0=5456
SELECT w1=3104
SELECT w2=3240
BUSY TASK ewma=997
DMA IRQ c0=2
DMA IRQ c1=0
DMA IRQ c2=0
DMA IRQ c3=0
SELECT busy=5516
SELECT w0=5478
SELECT w1=3115
SELECT w2=3253
BUSY TASK ewma=997
DMA IRQ c0=2
DMA IRQ c1=0
DMA IRQ c2=0
DMA IRQ c3=0
SELECT busy=5536
SELECT w0=5497
SELECT w1=3123
SELECT w2=3264
BUSY TASK ewma=997
DMA IRQ c0=2
DMA IRQ c1=0
DMA IRQ c2=0
DMA IRQ c3=0
SELECT busy=5556
SELECT w0=5517
SELECT w1=3131
SELECT w2=3275
BUSY TASK ewma=997
DMA IRQ c0=2
DMA IRQ c1=0
DMA IRQ c2=0
DMA IRQ c3=0
SELECT busy=5573
SELECT w0=5535
SELECT w1=3141
SELECT w2=3287
BUSY TASK ewma=997
DMA IRQ c0=2
DMA IRQ c1=0
DMA IRQ c2=0
DMA IRQ c3=0
SELECT busy=5601
SELECT w0=5563
SELECT w1=3154
SELECT w2=3306
BUSY TASK ewma=997
DMA IRQ c0=2
DMA IRQ c1=0
DMA IRQ c2=0
DMA IRQ c3=0
SELECT busy=5623
SELECT w0=5585
SELECT w1=3161
SELECT w2=3315
BUSY TASK ewma=997
DMA IRQ c0=2
DMA IRQ c1=0
DMA IRQ c2=0
DMA IRQ c3=0
SELECT busy=5647
SELECT w0=5609
SELECT w1=3176
SELECT w2=3328
BUSY TASK ewma=997
IRQ counts: cpu0=11292 cpu1=13092 cpu2=13256 cpu3=12923
SCHED secondaries: calls=39316 unexpected=0
SECTEST switches=39285 cpu1=145033175,144243854 cpu2=115586106,113965772 cpu3=163531215,154429120
PINGPONG rounds=2000 pongs=2000
DMA IRQ c0=2
DMA IRQ c1=0
DMA IRQ c2=0
DMA IRQ c3=0
SELECT busy=5676
SELECT w0=5637
SELECT w1=3194
SELECT w2=3345
BUSY TASK ewma=997
DMA IRQ c0=2
DMA IRQ c1=0
DMA IRQ c2=0
DMA IRQ c3=0
SELECT busy=5699
SELECT w0=5661
SELECT w1=3209
SELECT w2=3359
BUSY TASK ewma=997
DMA IRQ c0=2
DMA IRQ c1=0
DMA IRQ c2=0
DMA IRQ c3=0
SELECT busy=5721
SELECT w0=5683
SELECT w1=3224
SELECT w2=3374
BUSY TASK ewma=997
DMA IRQ c0=2
DMA IRQ c1=0
DMA IRQ c2=0
DMA IRQ c3=0
SELECT busy=5748
SELECT w0=5710
SELECT w1=3236
SELECT w2=3385
BUSY TASK ewma=997
DMA IRQ c0=2
DMA IRQ c1=0
DMA IRQ c2=0
DMA IRQ c3=0
SELECT busy=5767
SELECT w0=5728
SELECT w1=3247
SELECT w2=3398
BUSY TASK ewma=997
DMA IRQ c0=2
DMA IRQ c1=0
DMA IRQ c2=0
DMA IRQ c3=0
SELECT busy=5790
SELECT w0=5751
SELECT w1=3258
SELECT w2=3413
BUSY TASK ewma=997
DMA IRQ c0=2
DMA IRQ c1=0
DMA IRQ c2=0
DMA IRQ c3=0
SELECT busy=5806
SELECT w0=5769
SELECT w1=3269
SELECT w2=3424
BUSY TASK ewma=997
DMA IRQ c0=2
DMA IRQ c1=0
DMA IRQ c2=0
DMA IRQ c3=0
SELECT busy=5828
SELECT w0=5789
SELECT w1=3276
SELECT w2=3433
BUSY TASK ewma=997
DMA IRQ c0=2
DMA IRQ c1=0
DMA IRQ c2=0
DMA IRQ c3=0
SELECT busy=5847
SELECT w0=5808
SELECT w1=3282
SELECT w2=3441
BUSY TASK ewma=997
DMA IRQ c0=2
DMA IRQ c1=0
DMA IRQ c2=0
DMA IRQ c3=0
SELECT busy=5879
SELECT w0=5841
SELECT w1=3296
SELECT w2=3465
BUSY TASK ewma=997
DMA IRQ c0=2
DMA IRQ c1=0
DMA IRQ c2=0
DMA IRQ c3=0
SELECT busy=5899
SELECT w0=5861
SELECT w1=3304
SELECT w2=3475
BUSY TASK ewma=997
DMA IRQ c0=2
DMA IRQ c1=0
DMA IRQ c2=0
DMA IRQ c3=0
SELECT busy=5922
SELECT w0=5883
SELECT w1=3313
SELECT w2=3484
BUSY TASK ewma=997
DMA IRQ c0=2
DMA IRQ c1=0
DMA IRQ c2=0
DMA IRQ c3=0
SELECT busy=5946
SELECT w0=5909
SELECT w1=3324
SELECT w2=3500
BUSY TASK ewma=997
DMA IRQ c0=2
DMA IRQ c1=0
DMA IRQ c2=0
DMA IRQ c3=0
SELECT busy=5974
SELECT w0=5936
SELECT w1=3337
SELECT w2=3514
BUSY TASK ewma=997
DMA IRQ c0=2
DMA IRQ c1=0
DMA IRQ c2=0
DMA IRQ c3=0
SELECT busy=5993
SELECT w0=5954
SELECT w1=3345
SELECT w2=3524
BUSY TASK ewma=997
DMA IRQ c0=2
DMA IRQ c1=0
DMA IRQ c2=0
DMA IRQ c3=0
SELECT busy=6013
SELECT w0=5974
SELECT w1=3355
SELECT w2=3534
BUSY TASK ewma=997
DMA IRQ c0=2
DMA IRQ c1=0
DMA IRQ c2=0
DMA IRQ c3=0
SELECT busy=6039
SELECT w0=6001
SELECT w1=3369
SELECT w2=3554
BUSY TASK ewma=997
DMA IRQ c0=2
DMA IRQ c1=0
DMA IRQ c2=0
DMA IRQ c3=0
SELECT busy=6063
SELECT w0=6024
SELECT w1=3380
SELECT w2=3566
BUSY TASK ewma=997
DMA IRQ c0=2
DMA IRQ c1=0
DMA IRQ c2=0
DMA IRQ c3=0
SELECT busy=6079
SELECT w0=6040
SELECT w1=3386
SELECT w2=3575
BUSY TASK ewma=997
DMA IRQ c0=2
DMA IRQ c1=0
DMA IRQ c2=0
DMA IRQ c3=0
SELECT busy=6099
SELECT w0=6061
SELECT w1=3397
SELECT w2=3588
BUSY TASK ewma=997
DMA IRQ c0=2
DMA IRQ c1=0
DMA IRQ c2=0
DMA IRQ c3=0
SELECT busy=6120
SELECT w0=6081
SELECT w1=3406
SELECT w2=3597
BUSY TASK ewma=997
DMA IRQ c0=2
DMA IRQ c1=0
DMA IRQ c2=0
DMA IRQ c3=0
SELECT busy=6139
SELECT w0=6100
SELECT w1=3414
SELECT w2=3607
BUSY TASK ewma=997
DMA IRQ c0=2
DMA IRQ c1=0
DMA IRQ c2=0
DMA IRQ c3=0
SELECT busy=6158
SELECT w0=6120
SELECT w1=3423
SELECT w2=3618
BUSY TASK ewma=997
DMA IRQ c0=2
DMA IRQ c1=0
DMA IRQ c2=0
DMA IRQ c3=0
SELECT busy=6182
SELECT w0=6143
SELECT w1=3437
SELECT w2=3628
BUSY TASK ewma=997
DMA IRQ c0=2
DMA IRQ c1=0
DMA IRQ c2=0
DMA IRQ c3=0
SELECT busy=6201
SELECT w0=6162
SELECT w1=3443
SELECT w2=3637
BUSY TASK ewma=997
DMA IRQ c0=2
DMA IRQ c1=0
DMA IRQ c2=0
DMA IRQ c3=0
SELECT busy=6223
SELECT w0=6184
SELECT w1=3454
SELECT w2=3646
BUSY TASK ewma=997
DMA IRQ c0=2
DMA IRQ c1=0
DMA IRQ c2=0
DMA IRQ c3=0
SELECT busy=6245
SELECT w0=6208
SELECT w1=3466
SELECT w2=3659
BUSY TASK ewma=997
DMA IRQ c0=2
DMA IRQ c1=0
DMA IRQ c2=0
DMA IRQ c3=0
SELECT busy=6276
SELECT w0=6238
SELECT w1=3483
SELECT w2=3673
BUSY TASK ewma=997
DMA IRQ c0=2
DMA IRQ c1=0
DMA IRQ c2=0
DMA IRQ c3=0
SELECT busy=6292
SELECT w0=6258
SELECT w1=3495
SELECT w2=3687
BUSY TASK ewma=997
DMA IRQ c0=2
DMA IRQ c1=0
DMA IRQ c2=0
DMA IRQ c3=0
SELECT busy=6329
SELECT w0=6291
SELECT w1=3513
SELECT w2=3707
BUSY TASK ewma=997
DMA IRQ c0=2
DMA IRQ c1=0
DMA IRQ c2=0
DMA IRQ c3=0
SELECT busy=6358
SELECT w0=6320
SELECT w1=3525
SELECT w2=3727
BUSY TASK ewma=997
DMA IRQ c0=2
DMA IRQ c1=0
DMA IRQ c2=0
DMA IRQ c3=0
SELECT busy=6380
SELECT w0=6342
SELECT w1=3533
SELECT w2=3736
BUSY TASK ewma=997
DMA IRQ c0=2
DMA IRQ c1=0
DMA IRQ c2=0
DMA IRQ c3=0
SELECT busy=6400
SELECT w0=6361
SELECT w1=3536
SELECT w2=3740
BUSY TASK ewma=997
DMA IRQ c0=2
DMA IRQ c1=0
DMA IRQ c2=0
DMA IRQ c3=0
SELECT busy=6419
SELECT w0=6381
SELECT w1=3541
SELECT w2=3748
BUSY TASK ewma=997
DMA IRQ c0=2
DMA IRQ c1=0
DMA IRQ c2=0
DMA IRQ c3=0
SELECT busy=6439
SELECT w0=6401
SELECT w1=3554
SELECT w2=3762
BUSY TASK ewma=997
DMA IRQ c0=2
DMA IRQ c1=0
DMA IRQ c2=0
DMA IRQ c3=0
SELECT busy=6456
SELECT w0=6420
SELECT w1=3562
SELECT w2=3773
BUSY TASK ewma=997
DMA IRQ c0=2
DMA IRQ c1=0
DMA IRQ c2=0
DMA IRQ c3=0
SELECT busy=6478
SELECT w0=6439
SELECT w1=3571
SELECT w2=3781
BUSY TASK ewma=997
DMA IRQ c0=2
DMA IRQ c1=0
DMA IRQ c2=0
DMA IRQ c3=0
SELECT busy=6502
SELECT w0=6463
SELECT w1=3581
SELECT w2=3795
BUSY TASK ewma=997
DMA IRQ c0=2
DMA IRQ c1=0
DMA IRQ c2=0
DMA IRQ c3=0
SELECT busy=6525
SELECT w0=6487
SELECT w1=3591
SELECT w2=3813
BUSY TASK ewma=997
DMA IRQ c0=2
DMA IRQ c1=0
DMA IRQ c2=0
DMA IRQ c3=0
SELECT busy=6556
SELECT w0=6519
SELECT w1=3610
SELECT w2=3832
BUSY TASK ewma=997
DMA IRQ c0=2
DMA IRQ c1=0
DMA IRQ c2=0
DMA IRQ c3=0
SELECT busy=6590
SELECT w0=6551
SELECT w1=3626
SELECT w2=3851
BUSY TASK ewma=997
DMA IRQ c0=2
DMA IRQ c1=0
DMA IRQ c2=0
DMA IRQ c3=0
SELECT busy=6618
SELECT w0=6580
SELECT w1=3645
SELECT w2=3873
BUSY TASK ewma=997
DMA IRQ c0=2
DMA IRQ c1=0
DMA IRQ c2=0
DMA IRQ c3=0
SELECT busy=6636
SELECT w0=6597
SELECT w1=3651
SELECT w2=3883
BUSY TASK ewma=997
DMA IRQ c0=2
DMA IRQ c1=0
DMA IRQ c2=0
DMA IRQ c3=0
SELECT busy=6650
SELECT w0=6612
SELECT w1=3658
SELECT w2=3899
BUSY TASK ewma=997
DMA IRQ c0=2
DMA IRQ c1=0
DMA IRQ c2=0
DMA IRQ c3=0
SELECT busy=6670
SELECT w0=6631
SELECT w1=3667
SELECT w2=3910
BUSY TASK ewma=997
DMA IRQ c0=2
DMA IRQ c1=0
DMA IRQ c2=0
DMA IRQ c3=0
SELECT busy=6693
SELECT w0=6656
SELECT w1=3680
SELECT w2=3929
BUSY TASK ewma=997
DMA IRQ c0=2
DMA IRQ c1=0
DMA IRQ c2=0
DMA IRQ c3=0
SELECT busy=6728
SELECT w0=6689
SELECT w1=3696
SELECT w2=3949
BUSY TASK ewma=997
DMA IRQ c0=2
DMA IRQ c1=0
DMA IRQ c2=0
DMA IRQ c3=0
SELECT busy=6753
SELECT w0=6714
SELECT w1=3709
SELECT w2=3962
BUSY TASK ewma=997
DMA IRQ c0=2
DMA IRQ c1=0
DMA IRQ c2=0
DMA IRQ c3=0
SELECT busy=6775
SELECT w0=6736
SELECT w1=3724
SELECT w2=3977
BUSY TASK ewma=997
DMA IRQ c0=2
DMA IRQ c1=0
DMA IRQ c2=0
DMA IRQ c3=0
SELECT busy=6800
SELECT w0=6763
SELECT w1=3736
SELECT w2=3995
BUSY TASK ewma=997
DMA IRQ c0=2
DMA IRQ c1=0
DMA IRQ c2=0
DMA IRQ c3=0
SELECT busy=6829
SELECT w0=6791
SELECT w1=3753
SELECT w2=4016
BUSY TASK ewma=997
DMA IRQ c0=2
DMA IRQ c1=0
DMA IRQ c2=0
DMA IRQ c3=0
SELECT busy=6845
SELECT w0=6806
SELECT w1=3761
SELECT w2=4024
BUSY TASK ewma=997
DMA IRQ c0=2
DMA IRQ c1=0
DMA IRQ c2=0
DMA IRQ c3=0
SELECT busy=6867
SELECT w0=6828
SELECT w1=3771
SELECT w2=4039
BUSY TASK ewma=997
DMA IRQ c0=2
DMA IRQ c1=0
DMA IRQ c2=0
DMA IRQ c3=0
SELECT busy=6887
SELECT w0=6849
SELECT w1=3777
SELECT w2=4047
BUSY TASK ewma=997
DMA IRQ c0=2
DMA IRQ c1=0
DMA IRQ c2=0
DMA IRQ c3=0
SELECT busy=6905
SELECT w0=6867
SELECT w1=3787
SELECT w2=4057
BUSY TASK ewma=997
DMA IRQ c0=2
DMA IRQ c1=0
DMA IRQ c2=0
DMA IRQ c3=0
SELECT busy=6925
SELECT w0=6887
SELECT w1=3797
SELECT w2=4074
BUSY TASK ewma=997
DMA IRQ c0=2
DMA IRQ c1=0
DMA IRQ c2=0
DMA IRQ c3=0
SELECT busy=6944
SELECT w0=6906
SELECT w1=3806
SELECT w2=4086
BUSY TASK ewma=997
DMA IRQ c0=2
DMA IRQ c1=0
DMA IRQ c2=0
DMA IRQ c3=0
SELECT busy=6968
SELECT w0=6930
SELECT w1=3818
SELECT w2=4103
BUSY TASK ewma=997
DMA IRQ c0=2
DMA IRQ c1=0
DMA IRQ c2=0
DMA IRQ c3=0
SELECT busy=6998
SELECT w0=6959
SELECT w1=3830
SELECT w2=4117
BUSY TASK ewma=997
DMA IRQ c0=2
DMA IRQ c1=0
DMA IRQ c2=0
DMA IRQ c3=0
SELECT busy=7019
SELECT w0=6981
SELECT w1=3839
SELECT w2=4131
BUSY TASK ewma=997
DMA IRQ c0=2
DMA IRQ c1=0
DMA IRQ c2=0
DMA IRQ c3=0
SELECT busy=7053
SELECT w0=7014
SELECT w1=3854
SELECT w2=4151
BUSY TASK ewma=997
DMA IRQ c0=2
DMA IRQ c1=0
DMA IRQ c2=0
DMA IRQ c3=0
SELECT busy=7084
SELECT w0=7045
SELECT w1=3863
SELECT w2=4163
BUSY TASK ewma=997
DMA IRQ c0=2
DMA IRQ c1=0
DMA IRQ c2=0
DMA IRQ c3=0
SELECT busy=7104
SELECT w0=7069
SELECT w1=3873
SELECT w2=4176
BUSY TASK ewma=997
DMA IRQ c0=2
DMA IRQ c1=0
DMA IRQ c2=0
DMA IRQ c3=0
SELECT busy=7131
SELECT w0=7095
SELECT w1=3888
SELECT w2=4192
BUSY TASK ewma=997
IRQ counts: cpu0=14266 cpu1=16636 cpu2=16698 cpu3=16320
SCHED secondaries: calls=49659 unexpected=0
SECTEST switches=49616 cpu1=176809877,175642093 cpu2=147214402,143041490 cpu3=204307000,193506882
PINGPONG rounds=2000 pongs=2000
DMA IRQ c0=2
DMA IRQ c1=0
DMA IRQ c2=0
DMA IRQ c3=0
SELECT busy=7159
SELECT w0=7120
SELECT w1=3897
SELECT w2=4202
BUSY TASK ewma=997
DMA IRQ c0=2
DMA IRQ c1=0
DMA IRQ c2=0
DMA IRQ c3=0
SELECT busy=7176
SELECT w0=7137
SELECT w1=3905
SELECT w2=4212
BUSY TASK ewma=997
DMA IRQ c0=2
DMA IRQ c1=0
DMA IRQ c2=0
DMA IRQ c3=0
SELECT busy=7201
SELECT w0=7163
SELECT w1=3913
SELECT w2=4226
BUSY TASK ewma=997
DMA IRQ c0=2
DMA IRQ c1=0
DMA IRQ c2=0
DMA IRQ c3=0
SELECT busy=7223
SELECT w0=7184
SELECT w1=3923
SELECT w2=4239
BUSY TASK ewma=997
DMA IRQ c0=2
DMA IRQ c1=0
DMA IRQ c2=0
DMA IRQ c3=0
SELECT busy=7245
SELECT w0=7207
SELECT w1=3935
SELECT w2=4253
BUSY TASK ewma=997
DMA IRQ c0=2
DMA IRQ c1=0
DMA IRQ c2=0
DMA IRQ c3=0
SELECT busy=7269
SELECT w0=7230
SELECT w1=3942
SELECT w2=4262
BUSY TASK ewma=997
DMA IRQ c0=2
DMA IRQ c1=0
DMA IRQ c2=0
DMA IRQ c3=0
SELECT busy=7290
SELECT w0=7252
SELECT w1=3948
SELECT w2=4270
BUSY TASK ewma=997
DMA IRQ c0=2
DMA IRQ c1=0
DMA IRQ c2=0
DMA IRQ c3=0
SELECT busy=7317
SELECT w0=7280
SELECT w1=3959
SELECT w2=4282
BUSY TASK ewma=997
DMA IRQ c0=2
DMA IRQ c1=0
DMA IRQ c2=0
DMA IRQ c3=0
SELECT busy=7336
SELECT w0=7298
SELECT w1=3968
SELECT w2=4295
BUSY TASK ewma=997
DMA IRQ c0=2
DMA IRQ c1=0
DMA IRQ c2=0
DMA IRQ c3=0
SELECT busy=7355
SELECT w0=7316
SELECT w1=3974
SELECT w2=4304
BUSY TASK ewma=997
DMA IRQ c0=2
DMA IRQ c1=0
DMA IRQ c2=0
DMA IRQ c3=0
SELECT busy=7375
SELECT w0=7336
SELECT w1=3978
SELECT w2=4311
BUSY TASK ewma=997
DMA IRQ c0=2
DMA IRQ c1=0
DMA IRQ c2=0
DMA IRQ c3=0
SELECT busy=7394
SELECT w0=7356
SELECT w1=3985
SELECT w2=4319
BUSY TASK ewma=997
DMA IRQ c0=2
DMA IRQ c1=0
DMA IRQ c2=0
DMA IRQ c3=0
SELECT busy=7413
SELECT w0=7374
SELECT w1=3989
SELECT w2=4325
BUSY TASK ewma=997
DMA IRQ c0=2
DMA IRQ c1=0
DMA IRQ c2=0
DMA IRQ c3=0
SELECT busy=7432
SELECT w0=7393
SELECT w1=3997
SELECT w2=4336
BUSY TASK ewma=997
DMA IRQ c0=2
DMA IRQ c1=0
DMA IRQ c2=0
DMA IRQ c3=0
SELECT busy=7450
SELECT w0=7412
SELECT w1=4004
SELECT w2=4345
BUSY TASK ewma=997
DMA IRQ c0=2
DMA IRQ c1=0
DMA IRQ c2=0
DMA IRQ c3=0
SELECT busy=7471
SELECT w0=7433
SELECT w1=4012
SELECT w2=4356
BUSY TASK ewma=997
DMA IRQ c0=2
DMA IRQ c1=0
DMA IRQ c2=0
DMA IRQ c3=0
SELECT busy=7487
SELECT w0=7448
SELECT w1=4019
SELECT w2=4364
BUSY TASK ewma=997
DMA IRQ c0=2
DMA IRQ c1=0
DMA IRQ c2=0
DMA IRQ c3=0
SELECT busy=7502
SELECT w0=7463
SELECT w1=4028
SELECT w2=4375
BUSY TASK ewma=997
DMA IRQ c0=2
DMA IRQ c1=0
DMA IRQ c2=0
DMA IRQ c3=0
SELECT busy=7519
SELECT w0=7481
SELECT w1=4041
SELECT w2=4386
BUSY TASK ewma=997
DMA IRQ c0=2
DMA IRQ c1=0
DMA IRQ c2=0
DMA IRQ c3=0
SELECT busy=7542
SELECT w0=7504
SELECT w1=4050
SELECT w2=4398
BUSY TASK ewma=997
DMA IRQ c0=2
DMA IRQ c1=0
DMA IRQ c2=0
DMA IRQ c3=0
SELECT busy=7557
SELECT w0=7518
SELECT w1=4056
SELECT w2=4408
BUSY TASK ewma=997
DMA IRQ c0=2
DMA IRQ c1=0
DMA IRQ c2=0
DMA IRQ c3=0
SELECT busy=7572
SELECT w0=7534
SELECT w1=4062
SELECT w2=4416
BUSY TASK ewma=997
DMA IRQ c0=2
DMA IRQ c1=0
DMA IRQ c2=0
DMA IRQ c3=0
SELECT busy=7592
SELECT w0=7553
SELECT w1=4072
SELECT w2=4428
BUSY TASK ewma=997
DMA IRQ c0=2
DMA IRQ c1=0
DMA IRQ c2=0
DMA IRQ c3=0
SELECT busy=7613
SELECT w0=7574
SELECT w1=4081
SELECT w2=4439
BUSY TASK ewma=997
DMA IRQ c0=2
DMA IRQ c1=0
DMA IRQ c2=0
DMA IRQ c3=0
SELECT busy=7628
SELECT w0=7589
SELECT w1=4087
SELECT w2=4447
BUSY TASK ewma=997
DMA IRQ c0=2
DMA IRQ c1=0
DMA IRQ c2=0
DMA IRQ c3=0
SELECT busy=7651
SELECT w0=7613
SELECT w1=4098
SELECT w2=4462
BUSY TASK ewma=997
DMA IRQ c0=2
DMA IRQ c1=0
DMA IRQ c2=0
DMA IRQ c3=0
SELECT busy=7668
SELECT w0=7630
SELECT w1=4105
SELECT w2=4470
BUSY TASK ewma=997
DMA IRQ c0=2
DMA IRQ c1=0
DMA IRQ c2=0
DMA IRQ c3=0
SELECT busy=7687
SELECT w0=7648
SELECT w1=4112
SELECT w2=4479
BUSY TASK ewma=997
DMA IRQ c0=2
DMA IRQ c1=0
DMA IRQ c2=0
DMA IRQ c3=0
SELECT busy=7704
SELECT w0=7666
SELECT w1=4119
SELECT w2=4487
BUSY TASK ewma=997
DMA IRQ c0=2
DMA IRQ c1=0
DMA IRQ c2=0
DMA IRQ c3=0
SELECT busy=7725
SELECT w0=7687
SELECT w1=4133
SELECT w2=4500
BUSY TASK ewma=997
DMA IRQ c0=2
DMA IRQ c1=0
DMA IRQ c2=0
DMA IRQ c3=0
SELECT busy=7751
SELECT w0=7712
SELECT w1=4144
SELECT w2=4513
BUSY TASK ewma=997
DMA IRQ c0=2
DMA IRQ c1=0
DMA IRQ c2=0
DMA IRQ c3=0
SELECT busy=7778
SELECT w0=7740
SELECT w1=4157
SELECT w2=4530
BUSY TASK ewma=997
DMA IRQ c0=2
DMA IRQ c1=0
DMA IRQ c2=0
DMA IRQ c3=0
SELECT busy=7797
SELECT w0=7758
SELECT w1=4167
SELECT w2=4540
BUSY TASK ewma=997
DMA IRQ c0=2
DMA IRQ c1=0
DMA IRQ c2=0
DMA IRQ c3=0
SELECT busy=7818
SELECT w0=7779
SELECT w1=4178
SELECT w2=4551
BUSY TASK ewma=997
DMA IRQ c0=2
DMA IRQ c1=0
DMA IRQ c2=0
DMA IRQ c3=0
SELECT busy=7840
SELECT w0=7802
SELECT w1=4192
SELECT w2=4566
BUSY TASK ewma=997
DMA IRQ c0=2
DMA IRQ c1=0
DMA IRQ c2=0
DMA IRQ c3=0
SELECT busy=7860
SELECT w0=7821
SELECT w1=4199
SELECT w2=4579
BUSY TASK ewma=997
DMA IRQ c0=2
DMA IRQ c1=0
DMA IRQ c2=0
DMA IRQ c3=0
SELECT busy=7880
SELECT w0=7841
SELECT w1=4211
SELECT w2=4593
BUSY TASK ewma=997
DMA IRQ c0=2
DMA IRQ c1=0
DMA IRQ c2=0
DMA IRQ c3=0
SELECT busy=7902
SELECT w0=7863
SELECT w1=4220
SELECT w2=4607
BUSY TASK ewma=997
DMA IRQ c0=2
DMA IRQ c1=0
DMA IRQ c2=0
DMA IRQ c3=0
SELECT busy=7926
SELECT w0=7888
SELECT w1=4231
SELECT w2=4624
BUSY TASK ewma=997
DMA IRQ c0=2
DMA IRQ c1=0
DMA IRQ c2=0
DMA IRQ c3=0
SELECT busy=7957
SELECT w0=7919
SELECT w1=4245
SELECT w2=4647
BUSY TASK ewma=997
DMA IRQ c0=2
DMA IRQ c1=0
DMA IRQ c2=0
DMA IRQ c3=0
SELECT busy=7979
SELECT w0=7940
SELECT w1=4253
SELECT w2=4660
BUSY TASK ewma=997
DMA IRQ c0=2
DMA IRQ c1=0
DMA IRQ c2=0
DMA IRQ c3=0
SELECT busy=8002
SELECT w0=7963
SELECT w1=4261
SELECT w2=4670
BUSY TASK ewma=997
DMA IRQ c0=2
DMA IRQ c1=0
DMA IRQ c2=0
DMA IRQ c3=0
SELECT busy=8020
SELECT w0=7982
SELECT w1=4269
SELECT w2=4681
BUSY TASK ewma=997
DMA IRQ c0=2
DMA IRQ c1=0
DMA IRQ c2=0
DMA IRQ c3=0
SELECT busy=8044
SELECT w0=8006
SELECT w1=4286
SELECT w2=4698
BUSY TASK ewma=997
DMA IRQ c0=2
DMA IRQ c1=0
DMA IRQ c2=0
DMA IRQ c3=0
SELECT busy=8072
SELECT w0=8034
SELECT w1=4298
SELECT w2=4718
BUSY TASK ewma=997
DMA IRQ c0=2
DMA IRQ c1=0
DMA IRQ c2=0
DMA IRQ c3=0
SELECT busy=8102
SELECT w0=8064
SELECT w1=4316
SELECT w2=4735
BUSY TASK ewma=997
DMA IRQ c0=2
DMA IRQ c1=0
DMA IRQ c2=0
DMA IRQ c3=0
SELECT busy=8133
SELECT w0=8095
SELECT w1=4332
SELECT w2=4750
BUSY TASK ewma=997
DMA IRQ c0=2
DMA IRQ c1=0
DMA IRQ c2=0
DMA IRQ c3=0
SELECT busy=8154
SELECT w0=8116
SELECT w1=4337
SELECT w2=4754
BUSY TASK ewma=997
DMA IRQ c0=2
DMA IRQ c1=0
DMA IRQ c2=0
DMA IRQ c3=0
SELECT busy=8173
SELECT w0=8134
SELECT w1=4339
SELECT w2=4758
BUSY TASK ewma=997
DMA IRQ c0=2
DMA IRQ c1=0
DMA IRQ c2=0
DMA IRQ c3=0
SELECT busy=8184
SELECT w0=8145
SELECT w1=4344
SELECT w2=4764
BUSY TASK ewma=997
DMA IRQ c0=2
DMA IRQ c1=0
DMA IRQ c2=0
DMA IRQ c3=0
SELECT busy=8202
SELECT w0=8163
SELECT w1=4353
SELECT w2=4777
BUSY TASK ewma=997
DMA IRQ c0=2
DMA IRQ c1=0
DMA IRQ c2=0
DMA IRQ c3=0
SELECT busy=8216
SELECT w0=8177
SELECT w1=4360
SELECT w2=4783
BUSY TASK ewma=997
DMA IRQ c0=2
DMA IRQ c1=0
DMA IRQ c2=0
DMA IRQ c3=0
SELECT busy=8238
SELECT w0=8200
SELECT w1=4372
SELECT w2=4800
BUSY TASK ewma=997
DMA IRQ c0=2
DMA IRQ c1=0
DMA IRQ c2=0
DMA IRQ c3=0
SELECT busy=8260
SELECT w0=8221
SELECT w1=4382
SELECT w2=4813
BUSY TASK ewma=997
DMA IRQ c0=2
DMA IRQ c1=0
DMA IRQ c2=0
DMA IRQ c3=0
SELECT busy=8282
SELECT w0=8244
SELECT w1=4392
SELECT w2=4824
BUSY TASK ewma=997
DMA IRQ c0=2
DMA IRQ c1=0
DMA IRQ c2=0
DMA IRQ c3=0
SELECT busy=8311
SELECT w0=8272
SELECT w1=4406
SELECT w2=4837
BUSY TASK ewma=997
DMA IRQ c0=2
DMA IRQ c1=0
DMA IRQ c2=0
DMA IRQ c3=0
SELECT busy=8329
SELECT w0=8291
SELECT w1=4413
SELECT w2=4845
BUSY TASK ewma=997
DMA IRQ c0=2
DMA IRQ c1=0
DMA IRQ c2=0
DMA IRQ c3=0
SELECT busy=8355
SELECT w0=8317
SELECT w1=4425
SELECT w2=4861
BUSY TASK ewma=997
DMA IRQ c0=2
DMA IRQ c1=0
DMA IRQ c2=0
DMA IRQ c3=0
SELECT busy=8371
SELECT w0=8333
SELECT w1=4433
SELECT w2=4874
BUSY TASK ewma=997
DMA IRQ c0=2
DMA IRQ c1=0
DMA IRQ c2=0
DMA IRQ c3=0
SELECT busy=8391
SELECT w0=8352
SELECT w1=4443
SELECT w2=4887
BUSY TASK ewma=997
DMA IRQ c0=2
DMA IRQ c1=0
DMA IRQ c2=0
DMA IRQ c3=0
SELECT busy=8409
SELECT w0=8371
SELECT w1=4454
SELECT w2=4898
BUSY TASK ewma=997
DMA IRQ c0=2
DMA IRQ c1=0
DMA IRQ c2=0
DMA IRQ c3=0
SELECT busy=8432
SELECT w0=8394
SELECT w1=4472
SELECT w2=4915
BUSY TASK ewma=997
DMA IRQ c0=2
DMA IRQ c1=0
DMA IRQ c2=0
DMA IRQ c3=0
SELECT busy=8452
SELECT w0=8413
SELECT w1=4478
SELECT w2=4923
BUSY TASK ewma=997
DMA IRQ c0=2
DMA IRQ c1=0
DMA IRQ c2=0
DMA IRQ c3=0
SELECT busy=8470
SELECT w0=8431
SELECT w1=4483
SELECT w2=4929
BUSY TASK ewma=997
IRQ counts: cpu0=16928 cpu1=19600 cpu2=19639 cpu3=19194
SCHED secondaries: calls=58433 unexpected=0
SECTEST switches=58389 cpu1=206539321,205315985 cpu2=176686438,173794991 cpu3=242882461,230913075
PINGPONG rounds=2000 pongs=2000
DMA IRQ c0=2
DMA IRQ c1=0
DMA IRQ c2=0
DMA IRQ c3=0
SELECT busy=8489
SELECT w0=8450
SELECT w1=4489
SELECT w2=4937
BUSY TASK ewma=997
DMA IRQ c0=2
DMA IRQ c1=0
DMA IRQ c2=0
DMA IRQ c3=0
SELECT busy=8508
SELECT w0=8469
SELECT w1=4497
SELECT w2=4945
BUSY TASK ewma=997
DMA IRQ c0=2
DMA IRQ c1=0
DMA IRQ c2=0
DMA IRQ c3=0
SELECT busy=8527
SELECT w0=8489
SELECT w1=4504
SELECT w2=4953
BUSY TASK ewma=997
DMA IRQ c0=2
DMA IRQ c1=0
DMA IRQ c2=0
DMA IRQ c3=0
SELECT busy=8552
SELECT w0=8513
SELECT w1=4514
SELECT w2=4968
BUSY TASK ewma=997
DMA IRQ c0=2
DMA IRQ c1=0
DMA IRQ c2=0
DMA IRQ c3=0
SELECT busy=8572
SELECT w0=8534
SELECT w1=4528
SELECT w2=4980
BUSY TASK ewma=997
DMA IRQ c0=2
DMA IRQ c1=0
DMA IRQ c2=0
DMA IRQ c3=0
SELECT busy=8587
SELECT w0=8549
SELECT w1=4535
SELECT w2=4988
BUSY TASK ewma=997
DMA IRQ c0=2
DMA IRQ c1=0
DMA IRQ c2=0
DMA IRQ c3=0
SELECT busy=8605
SELECT w0=8567
SELECT w1=4541
SELECT w2=4998
BUSY TASK ewma=997
DMA IRQ c0=2
DMA IRQ c1=0
DMA IRQ c2=0
DMA IRQ c3=0
SELECT busy=8622
SELECT w0=8584
SELECT w1=4550
SELECT w2=5008
BUSY TASK ewma=997
DMA IRQ c0=2
DMA IRQ c1=0
DMA IRQ c2=0
DMA IRQ c3=0
SELECT busy=8662
SELECT w0=8623
SELECT w1=4567
SELECT w2=5029
BUSY TASK ewma=997
DMA IRQ c0=2
DMA IRQ c1=0
DMA IRQ c2=0
DMA IRQ c3=0
SELECT busy=8678
SELECT w0=8639
SELECT w1=4575
SELECT w2=5038
BUSY TASK ewma=997
DMA IRQ c0=2
DMA IRQ c1=0
DMA IRQ c2=0
DMA IRQ c3=0
SELECT busy=8693
SELECT w0=8655
SELECT w1=4587
SELECT w2=5050
BUSY TASK ewma=997
DMA IRQ c0=2
DMA IRQ c1=0
DMA IRQ c2=0
DMA IRQ c3=0
SELECT busy=8712
SELECT w0=8674
SELECT w1=4592
SELECT w2=5056
BUSY TASK ewma=997
DMA IRQ c0=2
DMA IRQ c1=0
DMA IRQ c2=0
DMA IRQ c3=0
SELECT busy=8731
SELECT w0=8692
SELECT w1=4597
SELECT w2=5063
BUSY TASK ewma=997
DMA IRQ c0=2
DMA IRQ c1=0
DMA IRQ c2=0
DMA IRQ c3=0
SELECT busy=8751
SELECT w0=8713
SELECT w1=4605
SELECT w2=5075
BUSY TASK ewma=997
DMA IRQ c0=2
DMA IRQ c1=0
DMA IRQ c2=0
DMA IRQ c3=0
SELECT busy=8774
SELECT w0=8736
SELECT w1=4615
SELECT w2=5087
BUSY TASK ewma=997
DMA IRQ c0=2
DMA IRQ c1=0
DMA IRQ c2=0
DMA IRQ c3=0
SELECT busy=8798
SELECT w0=8759
SELECT w1=4622
SELECT w2=5098
BUSY TASK ewma=997
DMA IRQ c0=2
DMA IRQ c1=0
DMA IRQ c2=0
DMA IRQ c3=0
SELECT busy=8819
SELECT w0=8780
SELECT w1=4634
SELECT w2=5110
BUSY TASK ewma=997
DMA IRQ c0=2
DMA IRQ c1=0
DMA IRQ c2=0
DMA IRQ c3=0
SELECT busy=8838
SELECT w0=8800
SELECT w1=4643
SELECT w2=5121
BUSY TASK ewma=997
DMA IRQ c0=2
DMA IRQ c1=0
DMA IRQ c2=0
DMA IRQ c3=0
SELECT busy=8858
SELECT w0=8819
SELECT w1=4654
SELECT w2=5132
BUSY TASK ewma=997
DMA IRQ c0=2
DMA IRQ c1=0
DMA IRQ c2=0
DMA IRQ c3=0
SELECT busy=8879
SELECT w0=8841
SELECT w1=4664
SELECT w2=5146
BUSY TASK ewma=997
DMA IRQ c0=2
DMA IRQ c1=0
DMA IRQ c2=0
DMA IRQ c3=0
SELECT busy=8902
SELECT w0=8864
SELECT w1=4674
SELECT w2=5156
BUSY TASK ewma=997
DMA IRQ c0=2
DMA IRQ c1=0
DMA IRQ c2=0
DMA IRQ c3=0
SELECT busy=8926
SELECT w0=8888
SELECT w1=4685
SELECT w2=5177
BUSY TASK ewma=997
DMA IRQ c0=2
DMA IRQ c1=0
DMA IRQ c2=0
DMA IRQ c3=0
SELECT busy=8945
SELECT w0=8907
SELECT w1=4693
SELECT w2=5185
BUSY TASK ewma=997
DMA IRQ c0=2
DMA IRQ c1=0
DMA IRQ c2=0
DMA IRQ c3=0
SELECT busy=8964
SELECT w0=8925
SELECT w1=4701
SELECT w2=5196
BUSY TASK ewma=997
DMA IRQ c0=2
DMA IRQ c1=0
DMA IRQ c2=0
DMA IRQ c3=0
SELECT busy=8984
SELECT w0=8946
SELECT w1=4711
SELECT w2=5208
BUSY TASK ewma=997
DMA IRQ c0=2
DMA IRQ c1=0
DMA IRQ c2=0
DMA IRQ c3=0
SELECT busy=9005
SELECT w0=8967
SELECT w1=4724
SELECT w2=5222
BUSY TASK ewma=997
DMA IRQ c0=2
DMA IRQ c1=0
DMA IRQ c2=0
DMA IRQ c3=0
SELECT busy=9021
SELECT w0=8983
SELECT w1=4732
SELECT w2=5232
BUSY TASK ewma=997
DMA IRQ c0=2
DMA IRQ c1=0
DMA IRQ c2=0
DMA IRQ c3=0
SELECT busy=9049
SELECT w0=9011
SELECT w1=4745
SELECT w2=5245
BUSY TASK ewma=997
DMA IRQ c0=2
DMA IRQ c1=0
DMA IRQ c2=0
DMA IRQ c3=0
SELECT busy=9074
SELECT w0=9036
SELECT w1=4758
SELECT w2=5260
BUSY TASK ewma=997
DMA IRQ c0=2
DMA IRQ c1=0
DMA IRQ c2=0
DMA IRQ c3=0
SELECT busy=9100
SELECT w0=9063
SELECT w1=4771
SELECT w2=5278
BUSY TASK ewma=997
DMA IRQ c0=2
DMA IRQ c1=0
DMA IRQ c2=0
DMA IRQ c3=0
SELECT busy=9135
SELECT w0=9096
SELECT w1=4784
SELECT w2=5299
BUSY TASK ewma=997
DMA IRQ c0=2
DMA IRQ c1=0
DMA IRQ c2=0
DMA IRQ c3=0
SELECT busy=9154
SELECT w0=9115
SELECT w1=4796
SELECT w2=5310
BUSY TASK ewma=997
DMA IRQ c0=2
DMA IRQ c1=0
DMA IRQ c2=0
DMA IRQ c3=0
SELECT busy=9172
SELECT w0=9135
SELECT w1=4805
SELECT w2=5321
BUSY TASK ewma=997
DMA IRQ c0=2
DMA IRQ c1=0
DMA IRQ c2=0
DMA IRQ c3=0
SELECT busy=9189
SELECT w0=9151
SELECT w1=4814
SELECT w2=5334
BUSY TASK ewma=997
DMA IRQ c0=2
DMA IRQ c1=0
DMA IRQ c2=0
DMA IRQ c3=0
SELECT busy=9207
SELECT w0=9169
SELECT w1=4821
SELECT w2=5341
BUSY TASK ewma=997
DMA IRQ c0=2
DMA IRQ c1=0
DMA IRQ c2=0
DMA IRQ c3=0
SELECT busy=9226
SELECT w0=9188
SELECT w1=4831
SELECT w2=5354
BUSY TASK ewma=997
DMA IRQ c0=2
DMA IRQ c1=0
DMA IRQ c2=0
DMA IRQ c3=0
SELECT busy=9248
SELECT w0=9209
SELECT w1=4841
SELECT w2=5364
BUSY TASK ewma=997
DMA IRQ c0=2
DMA IRQ c1=0
DMA IRQ c2=0
DMA IRQ c3=0
SELECT busy=9272
SELECT w0=9234
SELECT w1=4852
SELECT w2=5377
BUSY TASK ewma=997
DMA IRQ c0=2
DMA IRQ c1=0
DMA IRQ c2=0
DMA IRQ c3=0
SELECT busy=9301
SELECT w0=9263
SELECT w1=4865
SELECT w2=5397
BUSY TASK ewma=997
DMA IRQ c0=2
DMA IRQ c1=0
DMA IRQ c2=0
DMA IRQ c3=0
SELECT busy=9326
SELECT w0=9287
SELECT w1=4875
SELECT w2=5416
BUSY TASK ewma=997
DMA IRQ c0=2
DMA IRQ c1=0
DMA IRQ c2=0
DMA IRQ c3=0
SELECT busy=9344
SELECT w0=9306
SELECT w1=4889
SELECT w2=5429
BUSY TASK ewma=997
DMA IRQ c0=2
DMA IRQ c1=0
DMA IRQ c2=0
DMA IRQ c3=0
SELECT busy=9368
SELECT w0=9330
SELECT w1=4899
SELECT w2=5445
BUSY TASK ewma=997
DMA IRQ c0=2
DMA IRQ c1=0
DMA IRQ c2=0
DMA IRQ c3=0
SELECT busy=9394
SELECT w0=9355
SELECT w1=4914
SELECT w2=5461
BUSY TASK ewma=997
DMA IRQ c0=2
DMA IRQ c1=0
DMA IRQ c2=0
DMA IRQ c3=0
SELECT busy=9412
SELECT w0=9373
SELECT w1=4921
SELECT w2=5470
BUSY TASK ewma=997
DMA IRQ c0=2
DMA IRQ c1=0
DMA IRQ c2=0
DMA IRQ c3=0
SELECT busy=9430
SELECT w0=9392
SELECT w1=4935
SELECT w2=5482
BUSY TASK ewma=997
DMA IRQ c0=2
DMA IRQ c1=0
DMA IRQ c2=0
DMA IRQ c3=0
SELECT busy=9454
SELECT w0=9415
SELECT w1=4943
SELECT w2=5489
BUSY TASK ewma=997
DMA IRQ c0=2
DMA IRQ c1=0
DMA IRQ c2=0
DMA IRQ c3=0
SELECT busy=9474
SELECT w0=9435
SELECT w1=4947
SELECT w2=5495
BUSY TASK ewma=997
DMA IRQ c0=2
DMA IRQ c1=0
DMA IRQ c2=0
DMA IRQ c3=0
SELECT busy=9496
SELECT w0=9458
SELECT w1=4958
SELECT w2=5508
BUSY TASK ewma=997
DMA IRQ c0=2
DMA IRQ c1=0
DMA IRQ c2=0
DMA IRQ c3=0
SELECT busy=9526
SELECT w0=9488
SELECT w1=4974
SELECT w2=5525
BUSY TASK ewma=997
DMA IRQ c0=2
DMA IRQ c1=0
DMA IRQ c2=0
DMA IRQ c3=0
SELECT busy=9546
SELECT w0=9508
SELECT w1=4985
SELECT w2=5538
BUSY TASK ewma=997
DMA IRQ c0=2
DMA IRQ c1=0
DMA IRQ c2=0
DMA IRQ c3=0
SELECT busy=9566
SELECT w0=9528
SELECT w1=4995
SELECT w2=5550
BUSY TASK ewma=997
DMA IRQ c0=2
DMA IRQ c1=0
DMA IRQ c2=0
DMA IRQ c3=0
SELECT busy=9584
SELECT w0=9546
SELECT w1=5007
SELECT w2=5562
BUSY TASK ewma=997
DMA IRQ c0=2
DMA IRQ c1=0
DMA IRQ c2=0
DMA IRQ c3=0
SELECT busy=9606
SELECT w0=9568
SELECT w1=5019
SELECT w2=5575
BUSY TASK ewma=997
DMA IRQ c0=2
DMA IRQ c1=0
DMA IRQ c2=0
DMA IRQ c3=0
SELECT busy=9621
SELECT w0=9584
SELECT w1=5026
SELECT w2=5584
BUSY TASK ewma=997
DMA IRQ c0=2
DMA IRQ c1=0
DMA IRQ c2=0
DMA IRQ c3=0
SELECT busy=9646
SELECT w0=9607
SELECT w1=5033
SELECT w2=5594
BUSY TASK ewma=997
DMA IRQ c0=2
DMA IRQ c1=0
DMA IRQ c2=0
DMA IRQ c3=0
SELECT busy=9669
SELECT w0=9630
SELECT w1=5042
SELECT w2=5603
BUSY TASK ewma=997
DMA IRQ c0=2
DMA IRQ c1=0
DMA IRQ c2=0
DMA IRQ c3=0
SELECT busy=9684
SELECT w0=9645
SELECT w1=5051
SELECT w2=5611
BUSY TASK ewma=997
DMA IRQ c0=2
DMA IRQ c1=0
DMA IRQ c2=0
DMA IRQ c3=0
SELECT busy=9702
SELECT w0=9664
SELECT w1=5058
SELECT w2=5621
BUSY TASK ewma=997
DMA IRQ c0=2
DMA IRQ c1=0
DMA IRQ c2=0
DMA IRQ c3=0
SELECT busy=9730
SELECT w0=9692
SELECT w1=5070
SELECT w2=5638
BUSY TASK ewma=997
DMA IRQ c0=2
DMA IRQ c1=0
DMA IRQ c2=0
DMA IRQ c3=0
SELECT busy=9768
SELECT w0=9729
SELECT w1=5087
SELECT w2=5662
BUSY TASK ewma=997
DMA IRQ c0=2
DMA IRQ c1=0
DMA IRQ c2=0
DMA IRQ c3=0
SELECT busy=9792
SELECT w0=9753
SELECT w1=5101
SELECT w2=5676
BUSY TASK ewma=997
DMA IRQ c0=2
DMA IRQ c1=0
DMA IRQ c2=0
DMA IRQ c3=0
SELECT busy=9807
SELECT w0=9768
SELECT w1=5107
SELECT w2=5683
BUSY TASK ewma=997
DMA IRQ c0=2
DMA IRQ c1=0
DMA IRQ c2=0
DMA IRQ c3=0
SELECT busy=9833
SELECT w0=9794
SELECT w1=5116
SELECT w2=5700
BUSY TASK ewma=997
DMA IRQ c0=2
DMA IRQ c1=0
DMA IRQ c2=0
DMA IRQ c3=0
SELECT busy=9853
SELECT w0=9814
SELECT w1=5124
SELECT w2=5707
BUSY TASK ewma=997
IRQ counts: cpu0=19714 cpu1=22828 cpu2=22771 cpu3=22293
SCHED secondaries: calls=67906 unexpected=0
SECTEST switches=67890 cpu1=236404781,235541357 cpu2=205592550,204810115 cpu3=281381334,267732465
PINGPONG rounds=2000 pongs=2000
DMA IRQ c0=2
DMA IRQ c1=0
DMA IRQ c2=0
DMA IRQ c3=0
SELECT busy=9892
SELECT w0=9853
SELECT w1=5141
SELECT w2=5727
BUSY TASK ewma=997
DMA IRQ c0=2
DMA IRQ c1=0
DMA IRQ c2=0
DMA IRQ c3=0
SELECT busy=9911
SELECT w0=9872
SELECT w1=5147
SELECT w2=5735
BUSY TASK ewma=997
DMA IRQ c0=2
DMA IRQ c1=0
DMA IRQ c2=0
DMA IRQ c3=0
SELECT busy=9934
SELECT w0=9896
SELECT w1=5156
SELECT w2=5747
BUSY TASK ewma=997
DMA IRQ c0=2
DMA IRQ c1=0
DMA IRQ c2=0
DMA IRQ c3=0
SELECT busy=9957
SELECT w0=9919
SELECT w1=5168
SELECT w2=5760
BUSY TASK ewma=997
DMA IRQ c0=2
DMA IRQ c1=0
DMA IRQ c2=0
DMA IRQ c3=0
SELECT busy=9978
SELECT w0=9940
SELECT w1=5179
SELECT w2=5773
BUSY TASK ewma=997
DMA IRQ c0=2
DMA IRQ c1=0
DMA IRQ c2=0
DMA IRQ c3=0
SELECT busy=9999
SELECT w0=9961
SELECT w1=5185
SELECT w2=5780
BUSY TASK ewma=997
DMA IRQ c0=2
DMA IRQ c1=0
DMA IRQ c2=0
DMA IRQ c3=0
SELECT busy=10020
SELECT w0=9981
SELECT w1=5195
SELECT w2=5793
BUSY TASK ewma=997
DMA IRQ c0=2
DMA IRQ c1=0
DMA IRQ c2=0
DMA IRQ c3=0
SELECT busy=10046
SELECT w0=10007
SELECT w1=5205
SELECT w2=5807
BUSY TASK ewma=997
DMA IRQ c0=2
DMA IRQ c1=0
DMA IRQ c2=0
DMA IRQ c3=0
SELECT busy=10073
SELECT w0=10035
SELECT w1=5217
SELECT w2=5828
BUSY TASK ewma=997
DMA IRQ c0=2
DMA IRQ c1=0
DMA IRQ c2=0
DMA IRQ c3=0
SELECT busy=10093
SELECT w0=10055
SELECT w1=5223
SELECT w2=5836
BUSY TASK ewma=997
DMA IRQ c0=2
DMA IRQ c1=0
DMA IRQ c2=0
DMA IRQ c3=0
SELECT busy=10113
SELECT w0=10076
SELECT w1=5232
SELECT w2=5848
BUSY TASK ewma=997
DMA IRQ c0=2
DMA IRQ c1=0
DMA IRQ c2=0
DMA IRQ c3=0
SELECT busy=10142
SELECT w0=10104
SELECT w1=5245
SELECT w2=5869
BUSY TASK ewma=997
DMA IRQ c0=2
DMA IRQ c1=0
DMA IRQ c2=0
DMA IRQ c3=0
SELECT busy=10172
SELECT w0=10135
SELECT w1=5264
SELECT w2=5886
BUSY TASK ewma=997
DMA IRQ c0=2
DMA IRQ c1=0
DMA IRQ c2=0
DMA IRQ c3=0
SELECT busy=10192
SELECT w0=10153
SELECT w1=5271
SELECT w2=5898
BUSY TASK ewma=997
DMA IRQ c0=2
DMA IRQ c1=0
DMA IRQ c2=0
DMA IRQ c3=0
SELECT busy=10214
SELECT w0=10177
SELECT w1=5287
SELECT w2=5921
BUSY TASK ewma=997
DMA IRQ c0=2
DMA IRQ c1=0
DMA IRQ c2=0
DMA IRQ c3=0
SELECT busy=10237
SELECT w0=10198
SELECT w1=5297
SELECT w2=5934
BUSY TASK ewma=997
DMA IRQ c0=2
DMA IRQ c1=0
DMA IRQ c2=0
DMA IRQ c3=0
SELECT busy=10261
SELECT w0=10222
SELECT w1=5306
SELECT w2=5944
BUSY TASK ewma=997
DMA IRQ c0=2
DMA IRQ c1=0
DMA IRQ c2=0
DMA IRQ c3=0
SELECT busy=10282
SELECT w0=10243
SELECT w1=5314
SELECT w2=5955
BUSY TASK ewma=997
DMA IRQ c0=2
DMA IRQ c1=0
DMA IRQ c2=0
DMA IRQ c3=0
SELECT busy=10305
SELECT w0=10267
SELECT w1=5324
SELECT w2=5968
BUSY TASK ewma=997
DMA IRQ c0=2
DMA IRQ c1=0
DMA IRQ c2=0
DMA IRQ c3=0
SELECT busy=10331
SELECT w0=10293
SELECT w1=5335
SELECT w2=5984
BUSY TASK ewma=997
DMA IRQ c0=2
DMA IRQ c1=0
DMA IRQ c2=0
DMA IRQ c3=0
SELECT busy=10360
SELECT w0=10322
SELECT w1=5356
SELECT w2=6006
BUSY TASK ewma=997
DMA IRQ c0=2
DMA IRQ c1=0
DMA IRQ c2=0
DMA IRQ c3=0
SELECT busy=10392
SELECT w0=10355
SELECT w1=5371
SELECT w2=6023
qemu-system-aarch64: terminating on signal 15 from pid 259827 (timeout)
