P4 M7: full integration test boot OK
CPU0: MPIDR_EL1=0x0000000080000000
CPU0: psci_cpu_on target=1 rc=0
CPU1: alive, MPIDR_EL1=0x0000000080000001 this_cpu()->cpu_id=1
CPU0: psci_cpu_on target=2 rc=0
CPU2: alive, MPIDR_EL1=0x0000000080000002 this_cpu()->cpu_id=2
CPU0: psci_cpu_on target=3 rc=0
CPU3: alive, MPIDR_EL1=0x0000000080000003 this_cpu()->cpu_id=3
CPUs online: 4
D2b: worker 1 runs on CPU1
D2b: worker 2 runs on CPU2
P4 M7: worker submitted cmd_id=1
P4 M7: worker submitted cmd_id=2
D2b: worker 0 runs on CPU0
P4 M7: worker submitted cmd_id=3
BUSY TASK ewma=992
DMA IRQ c0=0
DMA IRQ c1=0
DMA IRQ c2=0
P4 M7: worker DATA OK, cmd_id=1
DMA IRQ c3=0
WORKER ewma=759
P4 M7: worker DATA OK, cmd_id=3
P4 M7: worker DATA OK, cmd_id=2
WORKER ewma=831
WORKER ewma=759
SELECT busy=25
SELECT w0=20
SELECT w1=45
SELECT w2=19
BUSY TASK ewma=997
DMA IRQ c0=2
DMA IRQ c1=0
DMA IRQ c2=0
DMA IRQ c3=0
SELECT busy=56
SELECT w0=50
SELECT w1=84
SELECT w2=59
BUSY TASK ewma=997
DMA IRQ c0=2
DMA IRQ c1=0
DMA IRQ c2=0
DMA IRQ c3=0
SELECT busy=90
SELECT w0=85
SELECT w1=115
SELECT w2=90
BUSY TASK ewma=997
DMA IRQ c0=2
DMA IRQ c1=0
DMA IRQ c2=0
DMA IRQ c3=0
SELECT busy=120
SELECT w0=116
SELECT w1=139
SELECT w2=107
BUSY TASK ewma=997
DMA IRQ c0=2
DMA IRQ c1=0
DMA IRQ c2=0
DMA IRQ c3=0
SELECT busy=147
SELECT w0=141
SELECT w1=150
SELECT w2=116
BUSY TASK ewma=997
DMA IRQ c0=2
DMA IRQ c1=0
DMA IRQ c2=0
DMA IRQ c3=0
SELECT busy=172
SELECT w0=166
SELECT w1=161
SELECT w2=128
BUSY TASK ewma=997
DMA IRQ c0=2
DMA IRQ c1=0
DMA IRQ c2=0
DMA IRQ c3=0
SELECT busy=198
SELECT w0=192
SELECT w1=174
SELECT w2=142
BUSY TASK ewma=997
DMA IRQ c0=2
DMA IRQ c1=0
DMA IRQ c2=0
DMA IRQ c3=0
SELECT busy=226
SELECT w0=221
SELECT w1=191
SELECT w2=157
BUSY TASK ewma=997
DMA IRQ c0=2
DMA IRQ c1=0
DMA IRQ c2=0
DMA IRQ c3=0
SELECT busy=245
SELECT w0=239
SELECT w1=202
SELECT w2=167
BUSY TASK ewma=997
DMA IRQ c0=2
DMA IRQ c1=0
DMA IRQ c2=0
DMA IRQ c3=0
SELECT busy=266
SELECT w0=260
SELECT w1=217
SELECT w2=180
BUSY TASK ewma=997
DMA IRQ c0=2
DMA IRQ c1=0
DMA IRQ c2=0
DMA IRQ c3=0
SELECT busy=291
SELECT w0=288
SELECT w1=241
SELECT w2=197
BUSY TASK ewma=997
DMA IRQ c0=2
DMA IRQ c1=0
DMA IRQ c2=0
DMA IRQ c3=0
SELECT busy=319
SELECT w0=313
SELECT w1=260
SELECT w2=211
BUSY TASK ewma=997
DMA IRQ c0=2
DMA IRQ c1=0
DMA IRQ c2=0
DMA IRQ c3=0
SELECT busy=353
SELECT w0=348
SELECT w1=293
SELECT w2=235
BUSY TASK ewma=997
DMA IRQ c0=2
DMA IRQ c1=0
DMA IRQ c2=0
DMA IRQ c3=0
SELECT busy=375
SELECT w0=370
SELECT w1=309
SELECT w2=247
BUSY TASK ewma=997
DMA IRQ c0=2
DMA IRQ c1=0
DMA IRQ c2=0
DMA IRQ c3=0
SELECT busy=394
SELECT w0=389
SELECT w1=316
SELECT w2=255
BUSY TASK ewma=997
DMA IRQ c0=2
DMA IRQ c1=0
DMA IRQ c2=0
DMA IRQ c3=0
SELECT busy=414
SELECT w0=409
SELECT w1=324
SELECT w2=265
BUSY TASK ewma=997
DMA IRQ c0=2
DMA IRQ c1=0
DMA IRQ c2=0
DMA IRQ c3=0
SELECT busy=433
SELECT w0=427
SELECT w1=331
SELECT w2=273
BUSY TASK ewma=997
DMA IRQ c0=2
DMA IRQ c1=0
DMA IRQ c2=0
DMA IRQ c3=0
SELECT busy=453
SELECT w0=447
SELECT w1=342
SELECT w2=289
BUSY TASK ewma=997
DMA IRQ c0=2
DMA IRQ c1=0
DMA IRQ c2=0
DMA IRQ c3=0
SELECT busy=475
SELECT w0=469
SELECT w1=352
SELECT w2=300
BUSY TASK ewma=997
DMA IRQ c0=2
DMA IRQ c1=0
DMA IRQ c2=0
DMA IRQ c3=0
SELECT busy=492
SELECT w0=487
SELECT w1=365
SELECT w2=311
BUSY TASK ewma=997
DMA IRQ c0=2
DMA IRQ c1=0
DMA IRQ c2=0
DMA IRQ c3=0
SELECT busy=512
SELECT w0=506
SELECT w1=377
SELECT w2=321
BUSY TASK ewma=997
DMA IRQ c0=2
DMA IRQ c1=0
DMA IRQ c2=0
DMA IRQ c3=0
SELECT busy=529
SELECT w0=524
SELECT w1=389
SELECT w2=335
BUSY TASK ewma=997
DMA IRQ c0=2
DMA IRQ c1=0
DMA IRQ c2=0
DMA IRQ c3=0
SELECT busy=555
SELECT w0=550
SELECT w1=407
SELECT w2=351
BUSY TASK ewma=997
DMA IRQ c0=2
DMA IRQ c1=0
DMA IRQ c2=0
DMA IRQ c3=0
SELECT busy=582
SELECT w0=577
SELECT w1=423
SELECT w2=370
BUSY TASK ewma=997
DMA IRQ c0=2
DMA IRQ c1=0
DMA IRQ c2=0
DMA IRQ c3=0
SELECT busy=621
SELECT w0=616
SELECT w1=444
SELECT w2=394
BUSY TASK ewma=997
DMA IRQ c0=2
DMA IRQ c1=0
DMA IRQ c2=0
DMA IRQ c3=0
SELECT busy=645
SELECT w0=639
SELECT w1=453
SELECT w2=406
BUSY TASK ewma=997
DMA IRQ c0=2
DMA IRQ c1=0
DMA IRQ c2=0
DMA IRQ c3=0
SELECT busy=667
SELECT w0=662
SELECT w1=463
SELECT w2=417
BUSY TASK ewma=997
DMA IRQ c0=2
DMA IRQ c1=0
DMA IRQ c2=0
DMA IRQ c3=0
SELECT busy=698
SELECT w0=692
SELECT w1=480
SELECT w2=438
BUSY TASK ewma=997
DMA IRQ c0=2
DMA IRQ c1=0
DMA IRQ c2=0
DMA IRQ c3=0
SELECT busy=727
SELECT w0=721
SELECT w1=496
SELECT w2=456
BUSY TASK ewma=997
DMA IRQ c0=2
DMA IRQ c1=0
DMA IRQ c2=0
DMA IRQ c3=0
SELECT busy=762
SELECT w0=757
SELECT w1=518
SELECT w2=482
BUSY TASK ewma=997
DMA IRQ c0=2
DMA IRQ c1=0
DMA IRQ c2=0
DMA IRQ c3=0
SELECT busy=785
SELECT w0=780
SELECT w1=532
SELECT w2=498
BUSY TASK ewma=997
DMA IRQ c0=2
DMA IRQ c1=0
DMA IRQ c2=0
DMA IRQ c3=0
SELECT busy=804
SELECT w0=798
SELECT w1=541
SELECT w2=506
BUSY TASK ewma=997
DMA IRQ c0=2
DMA IRQ c1=0
DMA IRQ c2=0
DMA IRQ c3=0
SELECT busy=824
SELECT w0=818
SELECT w1=552
SELECT w2=520
BUSY TASK ewma=997
DMA IRQ c0=2
DMA IRQ c1=0
DMA IRQ c2=0
DMA IRQ c3=0
SELECT busy=843
SELECT w0=838
SELECT w1=562
SELECT w2=533
BUSY TASK ewma=997
DMA IRQ c0=2
DMA IRQ c1=0
DMA IRQ c2=0
DMA IRQ c3=0
SELECT busy=878
SELECT w0=872
SELECT w1=580
SELECT w2=551
BUSY TASK ewma=997
DMA IRQ c0=2
DMA IRQ c1=0
DMA IRQ c2=0
DMA IRQ c3=0
SELECT busy=900
SELECT w0=894
SELECT w1=592
SELECT w2=559
BUSY TASK ewma=997
DMA IRQ c0=2
DMA IRQ c1=0
DMA IRQ c2=0
DMA IRQ c3=0
SELECT busy=931
SELECT w0=926
SELECT w1=613
SELECT w2=579
BUSY TASK ewma=997
DMA IRQ c0=2
DMA IRQ c1=0
DMA IRQ c2=0
DMA IRQ c3=0
SELECT busy=958
SELECT w0=952
SELECT w1=629
SELECT w2=591
BUSY TASK ewma=997
DMA IRQ c0=2
DMA IRQ c1=0
DMA IRQ c2=0
DMA IRQ c3=0
SELECT busy=986
SELECT w0=981
SELECT w1=644
SELECT w2=609
BUSY TASK ewma=997
DMA IRQ c0=2
DMA IRQ c1=0
DMA IRQ c2=0
DMA IRQ c3=0
SELECT busy=1025
SELECT w0=1020
SELECT w1=670
SELECT w2=628
BUSY TASK ewma=997
DMA IRQ c0=2
DMA IRQ c1=0
DMA IRQ c2=0
DMA IRQ c3=0
SELECT busy=1048
SELECT w0=1042
SELECT w1=684
SELECT w2=645
BUSY TASK ewma=997
DMA IRQ c0=2
DMA IRQ c1=0
DMA IRQ c2=0
DMA IRQ c3=0
SELECT busy=1072
SELECT w0=1067
SELECT w1=697
SELECT w2=660
BUSY TASK ewma=997
DMA IRQ c0=2
DMA IRQ c1=0
DMA IRQ c2=0
DMA IRQ c3=0
SELECT busy=1092
SELECT w0=1086
SELECT w1=706
SELECT w2=671
BUSY TASK ewma=997
DMA IRQ c0=2
DMA IRQ c1=0
DMA IRQ c2=0
DMA IRQ c3=0
SELECT busy=1107
SELECT w0=1101
SELECT w1=714
SELECT w2=678
BUSY TASK ewma=997
DMA IRQ c0=2
DMA IRQ c1=0
DMA IRQ c2=0
DMA IRQ c3=0
SELECT busy=1126
SELECT w0=1120
SELECT w1=722
SELECT w2=686
BUSY TASK ewma=997
DMA IRQ c0=2
DMA IRQ c1=0
DMA IRQ c2=0
DMA IRQ c3=0
SELECT busy=1149
SELECT w0=1145
SELECT w1=737
SELECT w2=705
BUSY TASK ewma=997
DMA IRQ c0=2
DMA IRQ c1=0
DMA IRQ c2=0
DMA IRQ c3=0
SELECT busy=1168
SELECT w0=1163
SELECT w1=748
SELECT w2=716
BUSY TASK ewma=997
DMA IRQ c0=2
DMA IRQ c1=0
DMA IRQ c2=0
DMA IRQ c3=0
SELECT busy=1186
SELECT w0=1182
SELECT w1=761
SELECT w2=731
BUSY TASK ewma=997
DMA IRQ c0=2
DMA IRQ c1=0
DMA IRQ c2=0
DMA IRQ c3=0
SELECT busy=1211
SELECT w0=1205
SELECT w1=769
SELECT w2=739
BUSY TASK ewma=997
DMA IRQ c0=2
DMA IRQ c1=0
DMA IRQ c2=0
DMA IRQ c3=0
SELECT busy=1228
SELECT w0=1223
SELECT w1=780
SELECT w2=749
BUSY TASK ewma=997
DMA IRQ c0=2
DMA IRQ c1=0
DMA IRQ c2=0
DMA IRQ c3=0
SELECT busy=1247
SELECT w0=1241
SELECT w1=790
SELECT w2=762
BUSY TASK ewma=997
DMA IRQ c0=2
DMA IRQ c1=0
DMA IRQ c2=0
DMA IRQ c3=0
SELECT busy=1266
SELECT w0=1261
SELECT w1=802
SELECT w2=774
BUSY TASK ewma=997
DMA IRQ c0=2
DMA IRQ c1=0
DMA IRQ c2=0
DMA IRQ c3=0
SELECT busy=1288
SELECT w0=1283
SELECT w1=815
SELECT w2=788
BUSY TASK ewma=997
DMA IRQ c0=2
DMA IRQ c1=0
DMA IRQ c2=0
DMA IRQ c3=0
SELECT busy=1306
SELECT w0=1301
SELECT w1=828
SELECT w2=800
BUSY TASK ewma=997
DMA IRQ c0=2
DMA IRQ c1=0
DMA IRQ c2=0
DMA IRQ c3=0
SELECT busy=1325
SELECT w0=1319
SELECT w1=837
SELECT w2=809
BUSY TASK ewma=997
DMA IRQ c0=2
DMA IRQ c1=0
DMA IRQ c2=0
DMA IRQ c3=0
SELECT busy=1345
SELECT w0=1339
SELECT w1=852
SELECT w2=821
BUSY TASK ewma=997
DMA IRQ c0=2
DMA IRQ c1=0
DMA IRQ c2=0
DMA IRQ c3=0
SELECT busy=1364
SELECT w0=1358
SELECT w1=859
SELECT w2=827
BUSY TASK ewma=997
DMA IRQ c0=2
DMA IRQ c1=0
DMA IRQ c2=0
DMA IRQ c3=0
SELECT busy=1387
SELECT w0=1382
SELECT w1=872
SELECT w2=842
BUSY TASK ewma=997
DMA IRQ c0=2
DMA IRQ c1=0
DMA IRQ c2=0
DMA IRQ c3=0
SELECT busy=1403
SELECT w0=1398
SELECT w1=886
SELECT w2=852
BUSY TASK ewma=997
DMA IRQ c0=2
DMA IRQ c1=0
DMA IRQ c2=0
DMA IRQ c3=0
SELECT busy=1434
SELECT w0=1429
SELECT w1=907
SELECT w2=875
BUSY TASK ewma=997
DMA IRQ c0=2
DMA IRQ c1=0
DMA IRQ c2=0
DMA IRQ c3=0
SELECT busy=1449
SELECT w0=1443
SELECT w1=914
SELECT w2=883
BUSY TASK ewma=997
DMA IRQ c0=2
DMA IRQ c1=0
DMA IRQ c2=0
DMA IRQ c3=0
SELECT busy=1477
SELECT w0=1472
SELECT w1=930
SELECT w2=901
BUSY TASK ewma=997
DMA IRQ c0=2
DMA IRQ c1=0
DMA IRQ c2=0
DMA IRQ c3=0
SELECT busy=1503
SELECT w0=1498
SELECT w1=942
SELECT w2=915
BUSY TASK ewma=997
IRQ counts: cpu0=3045 cpu1=3675 cpu2=3670 cpu3=3615
SCHED secondaries: calls=10986 unexpected=0
SECTEST switches=10985 cpu1=39885462,37821172 cpu2=33067033,30534713 cpu3=45427650,41310266
PINGPONG rounds=710 pongs=711
DMA IRQ c0=2
DMA IRQ c1=0
DMA IRQ c2=0
DMA IRQ c3=0
SELECT busy=1543
SELECT w0=1537
SELECT w1=964
SELECT w2=936
BUSY TASK ewma=997
DMA IRQ c0=2
DMA IRQ c1=0
DMA IRQ c2=0
DMA IRQ c3=0
SELECT busy=1565
SELECT w0=1559
SELECT w1=972
SELECT w2=948
BUSY TASK ewma=997
DMA IRQ c0=2
DMA IRQ c1=0
DMA IRQ c2=0
DMA IRQ c3=0
SELECT busy=1595
SELECT w0=1590
SELECT w1=993
SELECT w2=969
BUSY TASK ewma=997
DMA IRQ c0=2
DMA IRQ c1=0
DMA IRQ c2=0
DMA IRQ c3=0
SELECT busy=1622
SELECT w0=1618
SELECT w1=1014
SELECT w2=987
BUSY TASK ewma=997
DMA IRQ c0=2
DMA IRQ c1=0
DMA IRQ c2=0
DMA IRQ c3=0
SELECT busy=1637
SELECT w0=1631
SELECT w1=1021
SELECT w2=992
BUSY TASK ewma=997
DMA IRQ c0=2
DMA IRQ c1=0
DMA IRQ c2=0
DMA IRQ c3=0
SELECT busy=1666
SELECT w0=1661
SELECT w1=1038
SELECT w2=1009
BUSY TASK ewma=997
DMA IRQ c0=2
DMA IRQ c1=0
DMA IRQ c2=0
DMA IRQ c3=0
SELECT busy=1695
SELECT w0=1690
SELECT w1=1053
SELECT w2=1024
BUSY TASK ewma=997
DMA IRQ c0=2
DMA IRQ c1=0
DMA IRQ c2=0
DMA IRQ c3=0
SELECT busy=1715
SELECT w0=1709
SELECT w1=1062
SELECT w2=1032
BUSY TASK ewma=997
DMA IRQ c0=2
DMA IRQ c1=0
DMA IRQ c2=0
DMA IRQ c3=0
SELECT busy=1742
SELECT w0=1737
SELECT w1=1077
SELECT w2=1052
BUSY TASK ewma=997
DMA IRQ c0=2
DMA IRQ c1=0
DMA IRQ c2=0
DMA IRQ c3=0
SELECT busy=1774
SELECT w0=1769
SELECT w1=1102
SELECT w2=1068
BUSY TASK ewma=997
DMA IRQ c0=2
DMA IRQ c1=0
DMA IRQ c2=0
DMA IRQ c3=0
SELECT busy=1798
SELECT w0=1793
SELECT w1=1120
SELECT w2=1082
BUSY TASK ewma=997
DMA IRQ c0=2
DMA IRQ c1=0
DMA IRQ c2=0
DMA IRQ c3=0
SELECT busy=1815
SELECT w0=1809
SELECT w1=1132
SELECT w2=1092
BUSY TASK ewma=997
DMA IRQ c0=2
DMA IRQ c1=0
DMA IRQ c2=0
DMA IRQ c3=0
SELECT busy=1838
SELECT w0=1833
SELECT w1=1144
SELECT w2=1104
BUSY TASK ewma=997
DMA IRQ c0=2
DMA IRQ c1=0
DMA IRQ c2=0
DMA IRQ c3=0
SELECT busy=1858
SELECT w0=1853
SELECT w1=1155
SELECT w2=1114
BUSY TASK ewma=997
DMA IRQ c0=2
DMA IRQ c1=0
DMA IRQ c2=0
DMA IRQ c3=0
SELECT busy=1877
SELECT w0=1871
SELECT w1=1163
SELECT w2=1123
BUSY TASK ewma=997
DMA IRQ c0=2
DMA IRQ c1=0
DMA IRQ c2=0
DMA IRQ c3=0
SELECT busy=1901
SELECT w0=1895
SELECT w1=1173
SELECT w2=1133
BUSY TASK ewma=997
DMA IRQ c0=2
DMA IRQ c1=0
DMA IRQ c2=0
DMA IRQ c3=0
SELECT busy=1922
SELECT w0=1916
SELECT w1=1184
SELECT w2=1145
BUSY TASK ewma=997
DMA IRQ c0=2
DMA IRQ c1=0
DMA IRQ c2=0
DMA IRQ c3=0
SELECT busy=1943
SELECT w0=1938
SELECT w1=1198
SELECT w2=1162
BUSY TASK ewma=997
DMA IRQ c0=2
DMA IRQ c1=0
DMA IRQ c2=0
DMA IRQ c3=0
SELECT busy=1965
SELECT w0=1959
SELECT w1=1210
SELECT w2=1171
BUSY TASK ewma=997
DMA IRQ c0=2
DMA IRQ c1=0
DMA IRQ c2=0
DMA IRQ c3=0
SELECT busy=1985
SELECT w0=1980
SELECT w1=1224
SELECT w2=1187
BUSY TASK ewma=997
DMA IRQ c0=2
DMA IRQ c1=0
DMA IRQ c2=0
DMA IRQ c3=0
SELECT busy=2011
SELECT w0=2005
SELECT w1=1232
SELECT w2=1194
BUSY TASK ewma=997
DMA IRQ c0=2
DMA IRQ c1=0
DMA IRQ c2=0
DMA IRQ c3=0
SELECT busy=2042
SELECT w0=2037
SELECT w1=1253
SELECT w2=1212
BUSY TASK ewma=997
DMA IRQ c0=2
DMA IRQ c1=0
DMA IRQ c2=0
DMA IRQ c3=0
SELECT busy=2065
SELECT w0=2060
SELECT w1=1271
SELECT w2=1230
BUSY TASK ewma=997
DMA IRQ c0=2
DMA IRQ c1=0
DMA IRQ c2=0
DMA IRQ c3=0
SELECT busy=2087
SELECT w0=2082
SELECT w1=1287
SELECT w2=1247
BUSY TASK ewma=997
DMA IRQ c0=2
DMA IRQ c1=0
DMA IRQ c2=0
DMA IRQ c3=0
SELECT busy=2109
SELECT w0=2104
SELECT w1=1298
SELECT w2=1259
BUSY TASK ewma=997
DMA IRQ c0=2
DMA IRQ c1=0
DMA IRQ c2=0
DMA IRQ c3=0
SELECT busy=2143
SELECT w0=2138
SELECT w1=1320
SELECT w2=1285
BUSY TASK ewma=997
DMA IRQ c0=2
DMA IRQ c1=0
DMA IRQ c2=0
DMA IRQ c3=0
SELECT busy=2168
SELECT w0=2164
SELECT w1=1339
SELECT w2=1311
BUSY TASK ewma=997
DMA IRQ c0=2
DMA IRQ c1=0
DMA IRQ c2=0
DMA IRQ c3=0
SELECT busy=2195
SELECT w0=2189
SELECT w1=1350
SELECT w2=1320
BUSY TASK ewma=997
DMA IRQ c0=2
DMA IRQ c1=0
DMA IRQ c2=0
DMA IRQ c3=0
SELECT busy=2214
SELECT w0=2209
SELECT w1=1358
SELECT w2=1329
BUSY TASK ewma=997
DMA IRQ c0=2
DMA IRQ c1=0
DMA IRQ c2=0
DMA IRQ c3=0
SELECT busy=2236
SELECT w0=2231
SELECT w1=1372
SELECT w2=1345
BUSY TASK ewma=997
DMA IRQ c0=2
DMA IRQ c1=0
DMA IRQ c2=0
DMA IRQ c3=0
SELECT busy=2273
SELECT w0=2267
SELECT w1=1392
SELECT w2=1365
BUSY TASK ewma=997
DMA IRQ c0=2
DMA IRQ c1=0
DMA IRQ c2=0
DMA IRQ c3=0
SELECT busy=2297
SELECT w0=2292
SELECT w1=1405
SELECT w2=1377
BUSY TASK ewma=997
DMA IRQ c0=2
DMA IRQ c1=0
DMA IRQ c2=0
DMA IRQ c3=0
SELECT busy=2322
SELECT w0=2316
SELECT w1=1420
SELECT w2=1389
BUSY TASK ewma=997
DMA IRQ c0=2
DMA IRQ c1=0
DMA IRQ c2=0
DMA IRQ c3=0
SELECT busy=2343
SELECT w0=2340
SELECT w1=1432
SELECT w2=1404
BUSY TASK ewma=997
DMA IRQ c0=2
DMA IRQ c1=0
DMA IRQ c2=0
DMA IRQ c3=0
SELECT busy=2366
SELECT w0=2361
SELECT w1=1442
SELECT w2=1417
BUSY TASK ewma=997
DMA IRQ c0=2
DMA IRQ c1=0
DMA IRQ c2=0
DMA IRQ c3=0
SELECT busy=2385
SELECT w0=2380
SELECT w1=1454
SELECT w2=1429
BUSY TASK ewma=997
DMA IRQ c0=2
DMA IRQ c1=0
DMA IRQ c2=0
DMA IRQ c3=0
SELECT busy=2408
SELECT w0=2402
SELECT w1=1466
SELECT w2=1442
BUSY TASK ewma=997
DMA IRQ c0=2
DMA IRQ c1=0
DMA IRQ c2=0
DMA IRQ c3=0
SELECT busy=2427
SELECT w0=2421
SELECT w1=1477
SELECT w2=1455
BUSY TASK ewma=997
DMA IRQ c0=2
DMA IRQ c1=0
DMA IRQ c2=0
DMA IRQ c3=0
SELECT busy=2443
SELECT w0=2437
SELECT w1=1486
SELECT w2=1467
BUSY TASK ewma=997
DMA IRQ c0=2
DMA IRQ c1=0
DMA IRQ c2=0
DMA IRQ c3=0
SELECT busy=2462
SELECT w0=2456
SELECT w1=1496
SELECT w2=1477
BUSY TASK ewma=997
DMA IRQ c0=2
DMA IRQ c1=0
DMA IRQ c2=0
DMA IRQ c3=0
SELECT busy=2480
SELECT w0=2476
SELECT w1=1507
SELECT w2=1491
BUSY TASK ewma=997
DMA IRQ c0=2
DMA IRQ c1=0
DMA IRQ c2=0
DMA IRQ c3=0
SELECT busy=2500
SELECT w0=2495
SELECT w1=1519
SELECT w2=1507
BUSY TASK ewma=997
DMA IRQ c0=2
DMA IRQ c1=0
DMA IRQ c2=0
DMA IRQ c3=0
SELECT busy=2526
SELECT w0=2520
SELECT w1=1533
SELECT w2=1520
BUSY TASK ewma=997
DMA IRQ c0=2
DMA IRQ c1=0
DMA IRQ c2=0
DMA IRQ c3=0
SELECT busy=2551
SELECT w0=2546
SELECT w1=1546
SELECT w2=1536
BUSY TASK ewma=997
DMA IRQ c0=2
DMA IRQ c1=0
DMA IRQ c2=0
DMA IRQ c3=0
SELECT busy=2573
SELECT w0=2568
SELECT w1=1560
SELECT w2=1551
BUSY TASK ewma=997
DMA IRQ c0=2
DMA IRQ c1=0
DMA IRQ c2=0
DMA IRQ c3=0
SELECT busy=2594
SELECT w0=2590
SELECT w1=1575
SELECT w2=1566
BUSY TASK ewma=997
DMA IRQ c0=2
DMA IRQ c1=0
DMA IRQ c2=0
DMA IRQ c3=0
SELECT busy=2616
SELECT w0=2611
SELECT w1=1591
SELECT w2=1578
BUSY TASK ewma=997
DMA IRQ c0=2
DMA IRQ c1=0
DMA IRQ c2=0
DMA IRQ c3=0
SELECT busy=2634
SELECT w0=2629
SELECT w1=1603
SELECT w2=1589
BUSY TASK ewma=997
DMA IRQ c0=2
DMA IRQ c1=0
DMA IRQ c2=0
DMA IRQ c3=0
SELECT busy=2660
SELECT w0=2655
SELECT w1=1622
SELECT w2=1606
BUSY TASK ewma=997
DMA IRQ c0=2
DMA IRQ c1=0
DMA IRQ c2=0
DMA IRQ c3=0
SELECT busy=2682
SELECT w0=2677
SELECT w1=1634
SELECT w2=1618
BUSY TASK ewma=997
DMA IRQ c0=2
DMA IRQ c1=0
DMA IRQ c2=0
DMA IRQ c3=0
SELECT busy=2704
SELECT w0=2698
SELECT w1=1644
SELECT w2=1628
BUSY TASK ewma=997
DMA IRQ c0=2
DMA IRQ c1=0
DMA IRQ c2=0
DMA IRQ c3=0
SELECT busy=2720
SELECT w0=2714
SELECT w1=1652
SELECT w2=1638
BUSY TASK ewma=997
DMA IRQ c0=2
DMA IRQ c1=0
DMA IRQ c2=0
DMA IRQ c3=0
SELECT busy=2733
SELECT w0=2727
SELECT w1=1664
SELECT w2=1645
BUSY TASK ewma=997
DMA IRQ c0=2
DMA IRQ c1=0
DMA IRQ c2=0
DMA IRQ c3=0
SELECT busy=2751
SELECT w0=2746
SELECT w1=1676
SELECT w2=1655
BUSY TASK ewma=997
DMA IRQ c0=2
DMA IRQ c1=0
DMA IRQ c2=0
DMA IRQ c3=0
SELECT busy=2774
SELECT w0=2768
SELECT w1=1692
SELECT w2=1671
BUSY TASK ewma=997
DMA IRQ c0=2
DMA IRQ c1=0
DMA IRQ c2=0
DMA IRQ c3=0
SELECT busy=2793
SELECT w0=2788
SELECT w1=1700
SELECT w2=1680
BUSY TASK ewma=997
DMA IRQ c0=2
DMA IRQ c1=0
DMA IRQ c2=0
DMA IRQ c3=0
SELECT busy=2816
SELECT w0=2811
SELECT w1=1712
SELECT w2=1692
BUSY TASK ewma=997
DMA IRQ c0=2
DMA IRQ c1=0
DMA IRQ c2=0
DMA IRQ c3=0
SELECT busy=2837
SELECT w0=2831
SELECT w1=1722
SELECT w2=1702
BUSY TASK ewma=997
DMA IRQ c0=2
DMA IRQ c1=0
DMA IRQ c2=0
DMA IRQ c3=0
SELECT busy=2857
SELECT w0=2851
SELECT w1=1733
SELECT w2=1715
BUSY TASK ewma=997
DMA IRQ c0=2
DMA IRQ c1=0
DMA IRQ c2=0
DMA IRQ c3=0
SELECT busy=2877
SELECT w0=2871
SELECT w1=1747
SELECT w2=1725
BUSY TASK ewma=997
DMA IRQ c0=2
DMA IRQ c1=0
DMA IRQ c2=0
DMA IRQ c3=0
SELECT busy=2894
SELECT w0=2889
SELECT w1=1756
SELECT w2=1735
BUSY TASK ewma=997
DMA IRQ c0=2
DMA IRQ c1=0
DMA IRQ c2=0
DMA IRQ c3=0
SELECT busy=2915
SELECT w0=2910
SELECT w1=1768
SELECT w2=1746
BUSY TASK ewma=997
DMA IRQ c0=2
DMA IRQ c1=0
DMA IRQ c2=0
DMA IRQ c3=0
SELECT busy=2933
SELECT w0=2929
SELECT w1=1778
SELECT w2=1756
BUSY TASK ewma=997
DMA IRQ c0=2
DMA IRQ c1=0
DMA IRQ c2=0
DMA IRQ c3=0
SELECT busy=2964
SELECT w0=2959
SELECT w1=1791
SELECT w2=1769
BUSY TASK ewma=997
IRQ counts: cpu0=5991 cpu1=7175 cpu2=7161 cpu3=7252
SCHED secondaries: calls=21594 unexpected=0
SECTEST switches=21591 cpu1=77768970,76748285 cpu2=64385414,65218567 cpu3=94520199,87050437
PINGPONG rounds=1291 pongs=1291
DMA IRQ c0=2
DMA IRQ c1=0
DMA IRQ c2=0
DMA IRQ c3=0
SELECT busy=3015
SELECT w0=3010
SELECT w1=1820
SELECT w2=1796
BUSY TASK ewma=997
DMA IRQ c0=2
DMA IRQ c1=0
DMA IRQ c2=0
DMA IRQ c3=0
SELECT busy=3057
SELECT w0=3052
SELECT w1=1841
SELECT w2=1816
BUSY TASK ewma=997
DMA IRQ c0=2
DMA IRQ c1=0
DMA IRQ c2=0
DMA IRQ c3=0
SELECT busy=3096
SELECT w0=3090
SELECT w1=1859
SELECT w2=1832
BUSY TASK ewma=997
DMA IRQ c0=2
DMA IRQ c1=0
DMA IRQ c2=0
DMA IRQ c3=0
SELECT busy=3124
SELECT w0=3119
SELECT w1=1869
SELECT w2=1840
BUSY TASK ewma=997
DMA IRQ c0=2
DMA IRQ c1=0
DMA IRQ c2=0
DMA IRQ c3=0
SELECT busy=3150
SELECT w0=3145
SELECT w1=1884
SELECT w2=1854
BUSY TASK ewma=997
DMA IRQ c0=2
DMA IRQ c1=0
DMA IRQ c2=0
DMA IRQ c3=0
SELECT busy=3181
SELECT w0=3176
SELECT w1=1902
SELECT w2=1872
BUSY TASK ewma=997
DMA IRQ c0=2
DMA IRQ c1=0
DMA IRQ c2=0
DMA IRQ c3=0
SELECT busy=3211
SELECT w0=3206
SELECT w1=1915
SELECT w2=1885
BUSY TASK ewma=997
DMA IRQ c0=2
DMA IRQ c1=0
DMA IRQ c2=0
DMA IRQ c3=0
SELECT busy=3245
SELECT w0=3239
SELECT w1=1932
SELECT w2=1901
BUSY TASK ewma=997
DMA IRQ c0=2
DMA IRQ c1=0
DMA IRQ c2=0
DMA IRQ c3=0
SELECT busy=3272
SELECT w0=3266
SELECT w1=1943
SELECT w2=1911
BUSY TASK ewma=997
DMA IRQ c0=2
DMA IRQ c1=0
DMA IRQ c2=0
DMA IRQ c3=0
SELECT busy=3293
SELECT w0=3289
SELECT w1=1955
SELECT w2=1924
BUSY TASK ewma=997
DMA IRQ c0=2
DMA IRQ c1=0
DMA IRQ c2=0
DMA IRQ c3=0
SELECT busy=3321
SELECT w0=3316
SELECT w1=1973
SELECT w2=1941
BUSY TASK ewma=997
DMA IRQ c0=2
DMA IRQ c1=0
DMA IRQ c2=0
DMA IRQ c3=0
SELECT busy=3363
SELECT w0=3357
SELECT w1=1993
SELECT w2=1962
BUSY TASK ewma=997
DMA IRQ c0=2
DMA IRQ c1=0
DMA IRQ c2=0
DMA IRQ c3=0
SELECT busy=3398
SELECT w0=3393
SELECT w1=2012
SELECT w2=1981
BUSY TASK ewma=997
DMA IRQ c0=2
DMA IRQ c1=0
DMA IRQ c2=0
DMA IRQ c3=0
SELECT busy=3441
SELECT w0=3435
SELECT w1=2038
SELECT w2=2005
BUSY TASK ewma=997
DMA IRQ c0=2
DMA IRQ c1=0
DMA IRQ c2=0
DMA IRQ c3=0
SELECT busy=3473
SELECT w0=3468
SELECT w1=2061
SELECT w2=2027
BUSY TASK ewma=997
DMA IRQ c0=2
DMA IRQ c1=0
DMA IRQ c2=0
DMA IRQ c3=0
SELECT busy=3505
SELECT w0=3500
SELECT w1=2078
SELECT w2=2045
BUSY TASK ewma=997
DMA IRQ c0=2
DMA IRQ c1=0
DMA IRQ c2=0
DMA IRQ c3=0
SELECT busy=3531
SELECT w0=3526
SELECT w1=2093
SELECT w2=2059
BUSY TASK ewma=997
DMA IRQ c0=2
DMA IRQ c1=0
DMA IRQ c2=0
DMA IRQ c3=0
SELECT busy=3558
SELECT w0=3552
SELECT w1=2112
SELECT w2=2078
BUSY TASK ewma=997
DMA IRQ c0=2
DMA IRQ c1=0
DMA IRQ c2=0
DMA IRQ c3=0
SELECT busy=3588
SELECT w0=3583
SELECT w1=2129
SELECT w2=2095
BUSY TASK ewma=997
DMA IRQ c0=2
DMA IRQ c1=0
DMA IRQ c2=0
DMA IRQ c3=0
SELECT busy=3606
SELECT w0=3601
SELECT w1=2141
SELECT w2=2108
BUSY TASK ewma=997
DMA IRQ c0=2
DMA IRQ c1=0
DMA IRQ c2=0
DMA IRQ c3=0
SELECT busy=3619
SELECT w0=3613
SELECT w1=2149
SELECT w2=2113
BUSY TASK ewma=997
DMA IRQ c0=2
DMA IRQ c1=0
DMA IRQ c2=0
DMA IRQ c3=0
SELECT busy=3645
SELECT w0=3641
SELECT w1=2163
SELECT w2=2133
BUSY TASK ewma=997
DMA IRQ c0=2
DMA IRQ c1=0
DMA IRQ c2=0
DMA IRQ c3=0
SELECT busy=3672
SELECT w0=3667
SELECT w1=2179
SELECT w2=2150
BUSY TASK ewma=997
DMA IRQ c0=2
DMA IRQ c1=0
DMA IRQ c2=0
DMA IRQ c3=0
SELECT busy=3703
SELECT w0=3698
SELECT w1=2199
SELECT w2=2169
BUSY TASK ewma=997
DMA IRQ c0=2
DMA IRQ c1=0
DMA IRQ c2=0
DMA IRQ c3=0
SELECT busy=3744
SELECT w0=3738
SELECT w1=2222
SELECT w2=2189
BUSY TASK ewma=997
DMA IRQ c0=2
DMA IRQ c1=0
DMA IRQ c2=0
DMA IRQ c3=0
SELECT busy=3780
SELECT w0=3775
SELECT w1=2248
SELECT w2=2215
BUSY TASK ewma=997
DMA IRQ c0=2
DMA IRQ c1=0
DMA IRQ c2=0
DMA IRQ c3=0
SELECT busy=3810
SELECT w0=3804
SELECT w1=2264
SELECT w2=2236
BUSY TASK ewma=997
DMA IRQ c0=2
DMA IRQ c1=0
DMA IRQ c2=0
DMA IRQ c3=0
SELECT busy=3840
SELECT w0=3835
SELECT w1=2281
SELECT w2=2257
BUSY TASK ewma=997
DMA IRQ c0=2
DMA IRQ c1=0
DMA IRQ c2=0
DMA IRQ c3=0
SELECT busy=3868
SELECT w0=3863
SELECT w1=2298
SELECT w2=2277
BUSY TASK ewma=997
DMA IRQ c0=2
DMA IRQ c1=0
DMA IRQ c2=0
DMA IRQ c3=0
SELECT busy=3892
SELECT w0=3888
SELECT w1=2315
SELECT w2=2294
BUSY TASK ewma=997
DMA IRQ c0=2
DMA IRQ c1=0
DMA IRQ c2=0
DMA IRQ c3=0
SELECT busy=3920
SELECT w0=3914
SELECT w1=2331
SELECT w2=2311
BUSY TASK ewma=997
DMA IRQ c0=2
DMA IRQ c1=0
DMA IRQ c2=0
DMA IRQ c3=0
SELECT busy=3949
SELECT w0=3945
SELECT w1=2350
SELECT w2=2326
BUSY TASK ewma=997
DMA IRQ c0=2
DMA IRQ c1=0
DMA IRQ c2=0
DMA IRQ c3=0
SELECT busy=3981
SELECT w0=3976
SELECT w1=2366
SELECT w2=2340
BUSY TASK ewma=997
DMA IRQ c0=2
DMA IRQ c1=0
DMA IRQ c2=0
DMA IRQ c3=0
SELECT busy=3996
SELECT w0=3990
SELECT w1=2375
SELECT w2=2348
BUSY TASK ewma=997
DMA IRQ c0=2
DMA IRQ c1=0
DMA IRQ c2=0
DMA IRQ c3=0
SELECT busy=4013
SELECT w0=4008
SELECT w1=2386
SELECT w2=2356
BUSY TASK ewma=997
DMA IRQ c0=2
DMA IRQ c1=0
DMA IRQ c2=0
DMA IRQ c3=0
SELECT busy=4034
SELECT w0=4028
SELECT w1=2397
SELECT w2=2363
BUSY TASK ewma=997
DMA IRQ c0=2
DMA IRQ c1=0
DMA IRQ c2=0
DMA IRQ c3=0
SELECT busy=4062
SELECT w0=4056
SELECT w1=2414
SELECT w2=2375
BUSY TASK ewma=997
DMA IRQ c0=2
DMA IRQ c1=0
DMA IRQ c2=0
DMA IRQ c3=0
SELECT busy=4079
SELECT w0=4074
SELECT w1=2427
SELECT w2=2388
BUSY TASK ewma=997
DMA IRQ c0=2
DMA IRQ c1=0
DMA IRQ c2=0
DMA IRQ c3=0
SELECT busy=4105
SELECT w0=4099
SELECT w1=2442
SELECT w2=2403
BUSY TASK ewma=997
DMA IRQ c0=2
DMA IRQ c1=0
DMA IRQ c2=0
DMA IRQ c3=0
SELECT busy=4125
SELECT w0=4119
SELECT w1=2454
SELECT w2=2417
BUSY TASK ewma=997
DMA IRQ c0=2
DMA IRQ c1=0
DMA IRQ c2=0
DMA IRQ c3=0
SELECT busy=4142
SELECT w0=4137
SELECT w1=2472
SELECT w2=2432
BUSY TASK ewma=997
DMA IRQ c0=2
DMA IRQ c1=0
DMA IRQ c2=0
DMA IRQ c3=0
SELECT busy=4161
SELECT w0=4156
SELECT w1=2486
SELECT w2=2444
BUSY TASK ewma=997
DMA IRQ c0=2
DMA IRQ c1=0
DMA IRQ c2=0
DMA IRQ c3=0
SELECT busy=4185
SELECT w0=4180
SELECT w1=2498
SELECT w2=2455
BUSY TASK ewma=997
DMA IRQ c0=2
DMA IRQ c1=0
DMA IRQ c2=0
DMA IRQ c3=0
SELECT busy=4208
SELECT w0=4203
SELECT w1=2511
SELECT w2=2469
BUSY TASK ewma=997
DMA IRQ c0=2
DMA IRQ c1=0
DMA IRQ c2=0
DMA IRQ c3=0
SELECT busy=4231
SELECT w0=4226
SELECT w1=2524
SELECT w2=2482
BUSY TASK ewma=997
DMA IRQ c0=2
DMA IRQ c1=0
DMA IRQ c2=0
DMA IRQ c3=0
SELECT busy=4249
SELECT w0=4243
SELECT w1=2530
SELECT w2=2491
BUSY TASK ewma=997
DMA IRQ c0=2
DMA IRQ c1=0
DMA IRQ c2=0
DMA IRQ c3=0
SELECT busy=4270
SELECT w0=4264
SELECT w1=2540
SELECT w2=2501
BUSY TASK ewma=997
DMA IRQ c0=2
DMA IRQ c1=0
DMA IRQ c2=0
DMA IRQ c3=0
SELECT busy=4290
SELECT w0=4285
SELECT w1=2555
SELECT w2=2517
BUSY TASK ewma=997
DMA IRQ c0=2
DMA IRQ c1=0
DMA IRQ c2=0
DMA IRQ c3=0
SELECT busy=4312
SELECT w0=4306
SELECT w1=2565
SELECT w2=2526
BUSY TASK ewma=997
DMA IRQ c0=2
DMA IRQ c1=0
DMA IRQ c2=0
DMA IRQ c3=0
SELECT busy=4332
SELECT w0=4326
SELECT w1=2573
SELECT w2=2535
BUSY TASK ewma=997
DMA IRQ c0=2
DMA IRQ c1=0
DMA IRQ c2=0
DMA IRQ c3=0
SELECT busy=4344
SELECT w0=4338
SELECT w1=2579
SELECT w2=2539
BUSY TASK ewma=997
DMA IRQ c0=2
DMA IRQ c1=0
DMA IRQ c2=0
DMA IRQ c3=0
SELECT busy=4361
SELECT w0=4356
SELECT w1=2590
SELECT w2=2551
BUSY TASK ewma=997
DMA IRQ c0=2
DMA IRQ c1=0
DMA IRQ c2=0
DMA IRQ c3=0
SELECT busy=4378
SELECT w0=4373
SELECT w1=2600
SELECT w2=2561
BUSY TASK ewma=997
DMA IRQ c0=2
DMA IRQ c1=0
DMA IRQ c2=0
DMA IRQ c3=0
SELECT busy=4405
SELECT w0=4400
SELECT w1=2617
SELECT w2=2580
BUSY TASK ewma=997
DMA IRQ c0=2
DMA IRQ c1=0
DMA IRQ c2=0
DMA IRQ c3=0
SELECT busy=4428
SELECT w0=4423
SELECT w1=2626
SELECT w2=2592
BUSY TASK ewma=997
DMA IRQ c0=2
DMA IRQ c1=0
DMA IRQ c2=0
DMA IRQ c3=0
SELECT busy=4448
SELECT w0=4443
SELECT w1=2638
SELECT w2=2604
BUSY TASK ewma=997
DMA IRQ c0=2
DMA IRQ c1=0
DMA IRQ c2=0
DMA IRQ c3=0
SELECT busy=4474
SELECT w0=4469
SELECT w1=2656
SELECT w2=2622
BUSY TASK ewma=997
DMA IRQ c0=2
DMA IRQ c1=0
DMA IRQ c2=0
DMA IRQ c3=0
SELECT busy=4499
SELECT w0=4496
SELECT w1=2674
SELECT w2=2637
BUSY TASK ewma=997
DMA IRQ c0=2
DMA IRQ c1=0
DMA IRQ c2=0
DMA IRQ c3=0
SELECT busy=4530
SELECT w0=4525
SELECT w1=2692
SELECT w2=2652
BUSY TASK ewma=997
DMA IRQ c0=2
DMA IRQ c1=0
DMA IRQ c2=0
DMA IRQ c3=0
SELECT busy=4551
SELECT w0=4545
SELECT w1=2704
SELECT w2=2665
BUSY TASK ewma=997
DMA IRQ c0=2
DMA IRQ c1=0
DMA IRQ c2=0
DMA IRQ c3=0
SELECT busy=4576
SELECT w0=4570
SELECT w1=2716
SELECT w2=2678
BUSY TASK ewma=997
DMA IRQ c0=2
DMA IRQ c1=0
DMA IRQ c2=0
DMA IRQ c3=0
SELECT busy=4604
SELECT w0=4598
SELECT w1=2732
SELECT w2=2692
BUSY TASK ewma=997
DMA IRQ c0=2
DMA IRQ c1=0
DMA IRQ c2=0
DMA IRQ c3=0
SELECT busy=4640
SELECT w0=4635
SELECT w1=2749
SELECT w2=2710
BUSY TASK ewma=997
DMA IRQ c0=2
DMA IRQ c1=0
DMA IRQ c2=0
DMA IRQ c3=0
SELECT busy=4670
SELECT w0=4664
SELECT w1=2764
SELECT w2=2724
BUSY TASK ewma=997
IRQ counts: cpu0=9395 cpu1=11134 cpu2=11087 cpu3=11155
SCHED secondaries: calls=33382 unexpected=0
SECTEST switches=33340 cpu1=113659459,112431077 cpu2=93947788,93257718 cpu3=136533523,126887678
PINGPONG rounds=1944 pongs=1944
DMA IRQ c0=2
DMA IRQ c1=0
DMA IRQ c2=0
DMA IRQ c3=0
SELECT busy=4708
SELECT w0=4702
SELECT w1=2782
SELECT w2=2743
BUSY TASK ewma=997
DMA IRQ c0=2
DMA IRQ c1=0
DMA IRQ c2=0
DMA IRQ c3=0
SELECT busy=4737
SELECT w0=4734
SELECT w1=2802
SELECT w2=2763
BUSY TASK ewma=997
DMA IRQ c0=2
DMA IRQ c1=0
DMA IRQ c2=0
DMA IRQ c3=0
SELECT busy=4768
SELECT w0=4762
SELECT w1=2814
SELECT w2=2774
BUSY TASK ewma=997
DMA IRQ c0=2
DMA IRQ c1=0
DMA IRQ c2=0
DMA IRQ c3=0
SELECT busy=4786
SELECT w0=4782
SELECT w1=2821
SELECT w2=2783
BUSY TASK ewma=997
DMA IRQ c0=2
DMA IRQ c1=0
DMA IRQ c2=0
DMA IRQ c3=0
SELECT busy=4809
SELECT w0=4803
SELECT w1=2831
SELECT w2=2794
BUSY TASK ewma=997
DMA IRQ c0=2
DMA IRQ c1=0
DMA IRQ c2=0
DMA IRQ c3=0
SELECT busy=4827
SELECT w0=4821
SELECT w1=2842
SELECT w2=2805
BUSY TASK ewma=997
DMA IRQ c0=2
DMA IRQ c1=0
DMA IRQ c2=0
DMA IRQ c3=0
SELECT busy=4849
SELECT w0=4844
SELECT w1=2856
SELECT w2=2823
BUSY TASK ewma=997
DMA IRQ c0=2
DMA IRQ c1=0
DMA IRQ c2=0
DMA IRQ c3=0
SELECT busy=4868
SELECT w0=4863
SELECT w1=2865
SELECT w2=2833
BUSY TASK ewma=997
DMA IRQ c0=2
DMA IRQ c1=0
DMA IRQ c2=0
DMA IRQ c3=0
SELECT busy=4893
SELECT w0=4888
SELECT w1=2876
SELECT w2=2851
BUSY TASK ewma=997
DMA IRQ c0=2
DMA IRQ c1=0
DMA IRQ c2=0
DMA IRQ c3=0
SELECT busy=4909
SELECT w0=4903
SELECT w1=2882
SELECT w2=2861
BUSY TASK ewma=997
DMA IRQ c0=2
DMA IRQ c1=0
DMA IRQ c2=0
DMA IRQ c3=0
SELECT busy=4927
SELECT w0=4921
SELECT w1=2889
SELECT w2=2870
BUSY TASK ewma=997
DMA IRQ c0=2
DMA IRQ c1=0
DMA IRQ c2=0
DMA IRQ c3=0
SELECT busy=4944
SELECT w0=4939
SELECT w1=2897
SELECT w2=2881
BUSY TASK ewma=997
DMA IRQ c0=2
DMA IRQ c1=0
DMA IRQ c2=0
DMA IRQ c3=0
SELECT busy=4965
SELECT w0=4959
SELECT w1=2908
SELECT w2=2895
BUSY TASK ewma=997
DMA IRQ c0=2
DMA IRQ c1=0
DMA IRQ c2=0
DMA IRQ c3=0
SELECT busy=4984
SELECT w0=4978
SELECT w1=2917
SELECT w2=2905
BUSY TASK ewma=997
DMA IRQ c0=2
DMA IRQ c1=0
DMA IRQ c2=0
DMA IRQ c3=0
SELECT busy=5002
SELECT w0=4996
SELECT w1=2923
SELECT w2=2912
BUSY TASK ewma=997
DMA IRQ c0=2
DMA IRQ c1=0
DMA IRQ c2=0
DMA IRQ c3=0
SELECT busy=5015
SELECT w0=5012
SELECT w1=2930
SELECT w2=2921
BUSY TASK ewma=997
DMA IRQ c0=2
DMA IRQ c1=0
DMA IRQ c2=0
DMA IRQ c3=0
SELECT busy=5045
SELECT w0=5040
SELECT w1=2941
SELECT w2=2937
BUSY TASK ewma=997
DMA IRQ c0=2
DMA IRQ c1=0
DMA IRQ c2=0
DMA IRQ c3=0
SELECT busy=5065
SELECT w0=5060
SELECT w1=2949
SELECT w2=2947
BUSY TASK ewma=997
DMA IRQ c0=2
DMA IRQ c1=0
DMA IRQ c2=0
DMA IRQ c3=0
SELECT busy=5080
SELECT w0=5075
SELECT w1=2958
SELECT w2=2957
BUSY TASK ewma=997
DMA IRQ c0=2
DMA IRQ c1=0
DMA IRQ c2=0
DMA IRQ c3=0
SELECT busy=5100
SELECT w0=5095
SELECT w1=2968
SELECT w2=2968
BUSY TASK ewma=997
DMA IRQ c0=2
DMA IRQ c1=0
DMA IRQ c2=0
DMA IRQ c3=0
SELECT busy=5122
SELECT w0=5116
SELECT w1=2980
SELECT w2=2979
BUSY TASK ewma=997
DMA IRQ c0=2
DMA IRQ c1=0
DMA IRQ c2=0
DMA IRQ c3=0
SELECT busy=5141
SELECT w0=5135
SELECT w1=2990
SELECT w2=2993
BUSY TASK ewma=997
DMA IRQ c0=2
DMA IRQ c1=0
DMA IRQ c2=0
DMA IRQ c3=0
SELECT busy=5159
SELECT w0=5153
SELECT w1=2999
SELECT w2=3006
BUSY TASK ewma=997
DMA IRQ c0=2
DMA IRQ c1=0
DMA IRQ c2=0
DMA IRQ c3=0
SELECT busy=5178
SELECT w0=5173
SELECT w1=3008
SELECT w2=3016
BUSY TASK ewma=997
DMA IRQ c0=2
DMA IRQ c1=0
DMA IRQ c2=0
DMA IRQ c3=0
SELECT busy=5198
SELECT w0=5192
SELECT w1=3014
SELECT w2=3023
BUSY TASK ewma=997
DMA IRQ c0=2
DMA IRQ c1=0
DMA IRQ c2=0
DMA IRQ c3=0
SELECT busy=5227
SELECT w0=5222
SELECT w1=3030
SELECT w2=3044
BUSY TASK ewma=997
DMA IRQ c0=2
DMA IRQ c1=0
DMA IRQ c2=0
DMA IRQ c3=0
SELECT busy=5251
SELECT w0=5246
SELECT w1=3040
SELECT w2=3056
BUSY TASK ewma=997
DMA IRQ c0=2
DMA IRQ c1=0
DMA IRQ c2=0
DMA IRQ c3=0
SELECT busy=5276
SELECT w0=5271
SELECT w1=3052
SELECT w2=3070
BUSY TASK ewma=997
DMA IRQ c0=2
DMA IRQ c1=0
DMA IRQ c2=0
DMA IRQ c3=0
SELECT busy=5296
SELECT w0=5291
SELECT w1=3062
SELECT w2=3082
BUSY TASK ewma=997
DMA IRQ c0=2
DMA IRQ c1=0
DMA IRQ c2=0
DMA IRQ c3=0
SELECT busy=5321
SELECT w0=5316
SELECT w1=3075
SELECT w2=3099
BUSY TASK ewma=997
DMA IRQ c0=2
DMA IRQ c1=0
DMA IRQ c2=0
DMA IRQ c3=0
SELECT busy=5343
SELECT w0=5337
SELECT w1=3084
SELECT w2=3110
BUSY TASK ewma=997
DMA IRQ c0=2
DMA IRQ c1=0
DMA IRQ c2=0
DMA IRQ c3=0
SELECT busy=5358
SELECT w0=5353
SELECT w1=3092
SELECT w2=3119
BUSY TASK ewma=997
DMA IRQ c0=2
DMA IRQ c1=0
DMA IRQ c2=0
DMA IRQ c3=0
SELECT busy=5377
SELECT w0=5372
SELECT w1=3102
SELECT w2=3130
BUSY TASK ewma=997
DMA IRQ c0=2
DMA IRQ c1=0
DMA IRQ c2=0
DMA IRQ c3=0
SELECT busy=5396
SELECT w0=5391
SELECT w1=3110
SELECT w2=3145
BUSY TASK ewma=997
DMA IRQ c0=2
DMA IRQ c1=0
DMA IRQ c2=0
DMA IRQ c3=0
SELECT busy=5415
SELECT w0=5409
SELECT w1=3122
SELECT w2=3157
BUSY TASK ewma=997
DMA IRQ c0=2
DMA IRQ c1=0
DMA IRQ c2=0
DMA IRQ c3=0
SELECT busy=5435
SELECT w0=5429
SELECT w1=3129
SELECT w2=3167
BUSY TASK ewma=997
DMA IRQ c0=2
DMA IRQ c1=0
DMA IRQ c2=0
DMA IRQ c3=0
SELECT busy=5456
SELECT w0=5451
SELECT w1=3139
SELECT w2=3182
BUSY TASK ewma=997
DMA IRQ c0=2
DMA IRQ c1=0
DMA IRQ c2=0
DMA IRQ c3=0
SELECT busy=5478
SELECT w0=5473
SELECT w1=3152
SELECT w2=3196
BUSY TASK ewma=997
DMA IRQ c0=2
DMA IRQ c1=0
DMA IRQ c2=0
DMA IRQ c3=0
SELECT busy=5504
SELECT w0=5499
SELECT w1=3167
SELECT w2=3213
BUSY TASK ewma=997
DMA IRQ c0=2
DMA IRQ c1=0
DMA IRQ c2=0
DMA IRQ c3=0
SELECT busy=5525
SELECT w0=5520
SELECT w1=3180
SELECT w2=3229
BUSY TASK ewma=997
DMA IRQ c0=2
DMA IRQ c1=0
DMA IRQ c2=0
DMA IRQ c3=0
SELECT busy=5546
SELECT w0=5545
SELECT w1=3188
SELECT w2=3241
BUSY TASK ewma=997
DMA IRQ c0=2
DMA IRQ c1=0
DMA IRQ c2=0
DMA IRQ c3=0
SELECT busy=5569
SELECT w0=5563
SELECT w1=3196
SELECT w2=3249
BUSY TASK ewma=997
DMA IRQ c0=2
DMA IRQ c1=0
DMA IRQ c2=0
DMA IRQ c3=0
SELECT busy=5587
SELECT w0=5582
SELECT w1=3202
SELECT w2=3258
BUSY TASK ewma=997
DMA IRQ c0=2
DMA IRQ c1=0
DMA IRQ c2=0
DMA IRQ c3=0
SELECT busy=5609
SELECT w0=5603
SELECT w1=3211
SELECT w2=3270
BUSY TASK ewma=997
DMA IRQ c0=2
DMA IRQ c1=0
DMA IRQ c2=0
DMA IRQ c3=0
SELECT busy=5629
SELECT w0=5624
SELECT w1=3219
SELECT w2=3278
BUSY TASK ewma=997
DMA IRQ c0=2
DMA IRQ c1=0
DMA IRQ c2=0
DMA IRQ c3=0
SELECT busy=5649
SELECT w0=5644
SELECT w1=3225
SELECT w2=3286
BUSY TASK ewma=997
DMA IRQ c0=2
DMA IRQ c1=0
DMA IRQ c2=0
DMA IRQ c3=0
SELECT busy=5664
SELECT w0=5658
SELECT w1=3231
SELECT w2=3294
BUSY TASK ewma=997
DMA IRQ c0=2
DMA IRQ c1=0
DMA IRQ c2=0
DMA IRQ c3=0
SELECT busy=5688
SELECT w0=5684
SELECT w1=3241
SELECT w2=3306
BUSY TASK ewma=997
DMA IRQ c0=2
DMA IRQ c1=0
DMA IRQ c2=0
DMA IRQ c3=0
SELECT busy=5710
SELECT w0=5705
SELECT w1=3251
SELECT w2=3317
BUSY TASK ewma=997
DMA IRQ c0=2
DMA IRQ c1=0
DMA IRQ c2=0
DMA IRQ c3=0
SELECT busy=5731
SELECT w0=5728
SELECT w1=3262
SELECT w2=3333
BUSY TASK ewma=997
DMA IRQ c0=2
DMA IRQ c1=0
DMA IRQ c2=0
DMA IRQ c3=0
SELECT busy=5754
SELECT w0=5749
SELECT w1=3272
SELECT w2=3346
BUSY TASK ewma=997
DMA IRQ c0=2
DMA IRQ c1=0
DMA IRQ c2=0
DMA IRQ c3=0
SELECT busy=5776
SELECT w0=5773
SELECT w1=3282
SELECT w2=3359
BUSY TASK ewma=997
DMA IRQ c0=2
DMA IRQ c1=0
DMA IRQ c2=0
DMA IRQ c3=0
SELECT busy=5804
SELECT w0=5800
SELECT w1=3291
SELECT w2=3369
BUSY TASK ewma=997
DMA IRQ c0=2
DMA IRQ c1=0
DMA IRQ c2=0
DMA IRQ c3=0
SELECT busy=5830
SELECT w0=5824
SELECT w1=3301
SELECT w2=3384
BUSY TASK ewma=997
DMA IRQ c0=2
DMA IRQ c1=0
DMA IRQ c2=0
DMA IRQ c3=0
SELECT busy=5862
SELECT w0=5856
SELECT w1=3312
SELECT w2=3395
BUSY TASK ewma=997
DMA IRQ c0=2
DMA IRQ c1=0
DMA IRQ c2=0
DMA IRQ c3=0
SELECT busy=5877
SELECT w0=5872
SELECT w1=3318
SELECT w2=3402
BUSY TASK ewma=997
DMA IRQ c0=2
DMA IRQ c1=0
DMA IRQ c2=0
DMA IRQ c3=0
SELECT busy=5899
SELECT w0=5894
SELECT w1=3329
SELECT w2=3414
BUSY TASK ewma=997
DMA IRQ c0=2
DMA IRQ c1=0
DMA IRQ c2=0
DMA IRQ c3=0
SELECT busy=5915
SELECT w0=5909
SELECT w1=3335
SELECT w2=3421
BUSY TASK ewma=997
DMA IRQ c0=2
DMA IRQ c1=0
DMA IRQ c2=0
DMA IRQ c3=0
SELECT busy=5930
SELECT w0=5925
SELECT w1=3345
SELECT w2=3432
BUSY TASK ewma=997
DMA IRQ c0=2
DMA IRQ c1=0
DMA IRQ c2=0
DMA IRQ c3=0
SELECT busy=5950
SELECT w0=5944
SELECT w1=3353
SELECT w2=3441
BUSY TASK ewma=997
DMA IRQ c0=2
DMA IRQ c1=0
DMA IRQ c2=0
DMA IRQ c3=0
SELECT busy=5971
SELECT w0=5965
SELECT w1=3364
SELECT w2=3452
BUSY TASK ewma=997
DMA IRQ c0=2
DMA IRQ c1=0
DMA IRQ c2=0
DMA IRQ c3=0
SELECT busy=5992
SELECT w0=5987
SELECT w1=3374
SELECT w2=3467
BUSY TASK ewma=997
DMA IRQ c0=2
DMA IRQ c1=0
DMA IRQ c2=0
DMA IRQ c3=0
SELECT busy=6011
SELECT w0=6006
SELECT w1=3383
SELECT w2=3478
BUSY TASK ewma=997
DMA IRQ c0=2
DMA IRQ c1=0
DMA IRQ c2=0
DMA IRQ c3=0
SELECT busy=6037
SELECT w0=6032
SELECT w1=3396
SELECT w2=3492
BUSY TASK ewma=997
IRQ counts: cpu0=12115 cpu1=14226 cpu2=14158 cpu3=14286
SCHED secondaries: calls=42687 unexpected=0
SECTEST switches=42659 cpu1=143754883,142751186 cpu2=124125994,123546790 cpu3=179246606,166756964
PINGPONG rounds=2000 pongs=2000
DMA IRQ c0=2
DMA IRQ c1=0
DMA IRQ c2=0
DMA IRQ c3=0
SELECT busy=6086
SELECT w0=6080
SELECT w1=3422
SELECT w2=3519
BUSY TASK ewma=997
DMA IRQ c0=2
DMA IRQ c1=0
DMA IRQ c2=0
DMA IRQ c3=0
SELECT busy=6117
SELECT w0=6112
SELECT w1=3437
SELECT w2=3539
BUSY TASK ewma=997
DMA IRQ c0=2
DMA IRQ c1=0
DMA IRQ c2=0
DMA IRQ c3=0
SELECT busy=6132
SELECT w0=6127
SELECT w1=3445
SELECT w2=3548
BUSY TASK ewma=997
DMA IRQ c0=2
DMA IRQ c1=0
DMA IRQ c2=0
DMA IRQ c3=0
SELECT busy=6147
SELECT w0=6141
SELECT w1=3452
SELECT w2=3555
BUSY TASK ewma=997
DMA IRQ c0=2
DMA IRQ c1=0
DMA IRQ c2=0
DMA IRQ c3=0
SELECT busy=6159
SELECT w0=6154
SELECT w1=3458
SELECT w2=3565
BUSY TASK ewma=997
DMA IRQ c0=2
DMA IRQ c1=0
DMA IRQ c2=0
DMA IRQ c3=0
SELECT busy=6177
SELECT w0=6172
SELECT w1=3469
SELECT w2=3579
BUSY TASK ewma=997
DMA IRQ c0=2
DMA IRQ c1=0
DMA IRQ c2=0
DMA IRQ c3=0
SELECT busy=6197
SELECT w0=6192
SELECT w1=3477
SELECT w2=3591
BUSY TASK ewma=997
DMA IRQ c0=2
DMA IRQ c1=0
DMA IRQ c2=0
DMA IRQ c3=0
SELECT busy=6215
SELECT w0=6210
SELECT w1=3486
SELECT w2=3602
BUSY TASK ewma=997
DMA IRQ c0=2
DMA IRQ c1=0
DMA IRQ c2=0
DMA IRQ c3=0
SELECT busy=6230
SELECT w0=6225
SELECT w1=3494
SELECT w2=3612
BUSY TASK ewma=997
DMA IRQ c0=2
DMA IRQ c1=0
DMA IRQ c2=0
DMA IRQ c3=0
SELECT busy=6248
SELECT w0=6243
SELECT w1=3505
SELECT w2=3625
BUSY TASK ewma=997
DMA IRQ c0=2
DMA IRQ c1=0
DMA IRQ c2=0
DMA IRQ c3=0
SELECT busy=6271
SELECT w0=6266
SELECT w1=3516
SELECT w2=3642
BUSY TASK ewma=997
DMA IRQ c0=2
DMA IRQ c1=0
DMA IRQ c2=0
DMA IRQ c3=0
SELECT busy=6293
SELECT w0=6287
SELECT w1=3523
SELECT w2=3651
BUSY TASK ewma=997
DMA IRQ c0=2
DMA IRQ c1=0
DMA IRQ c2=0
DMA IRQ c3=0
SELECT busy=6311
SELECT w0=6305
SELECT w1=3528
SELECT w2=3658
BUSY TASK ewma=997
DMA IRQ c0=2
DMA IRQ c1=0
DMA IRQ c2=0
DMA IRQ c3=0
SELECT busy=6333
SELECT w0=6328
SELECT w1=3541
SELECT w2=3669
BUSY TASK ewma=997
DMA IRQ c0=2
DMA IRQ c1=0
DMA IRQ c2=0
DMA IRQ c3=0
SELECT busy=6355
SELECT w0=6350
SELECT w1=3550
SELECT w2=3680
BUSY TASK ewma=997
DMA IRQ c0=2
DMA IRQ c1=0
DMA IRQ c2=0
DMA IRQ c3=0
SELECT busy=6375
SELECT w0=6370
SELECT w1=3559
SELECT w2=3689
BUSY TASK ewma=997
DMA IRQ c0=2
DMA IRQ c1=0
DMA IRQ c2=0
DMA IRQ c3=0
SELECT busy=6394
SELECT w0=6388
SELECT w1=3567
SELECT w2=3698
BUSY TASK ewma=997
DMA IRQ c0=2
DMA IRQ c1=0
DMA IRQ c2=0
DMA IRQ c3=0
SELECT busy=6413
SELECT w0=6407
SELECT w1=3575
SELECT w2=3707
BUSY TASK ewma=997
DMA IRQ c0=2
DMA IRQ c1=0
DMA IRQ c2=0
DMA IRQ c3=0
SELECT busy=6432
SELECT w0=6426
SELECT w1=3584
SELECT w2=3719
BUSY TASK ewma=997
DMA IRQ c0=2
DMA IRQ c1=0
DMA IRQ c2=0
DMA IRQ c3=0
SELECT busy=6449
SELECT w0=6444
SELECT w1=3591
SELECT w2=3729
BUSY TASK ewma=997
DMA IRQ c0=2
DMA IRQ c1=0
DMA IRQ c2=0
DMA IRQ c3=0
SELECT busy=6470
SELECT w0=6464
SELECT w1=3601
SELECT w2=3741
BUSY TASK ewma=997
DMA IRQ c0=2
DMA IRQ c1=0
DMA IRQ c2=0
DMA IRQ c3=0
SELECT busy=6495
SELECT w0=6490
SELECT w1=3614
SELECT w2=3757
BUSY TASK ewma=997
DMA IRQ c0=2
DMA IRQ c1=0
DMA IRQ c2=0
DMA IRQ c3=0
SELECT busy=6519
SELECT w0=6513
SELECT w1=3622
SELECT w2=3766
BUSY TASK ewma=997
DMA IRQ c0=2
DMA IRQ c1=0
DMA IRQ c2=0
DMA IRQ c3=0
SELECT busy=6540
SELECT w0=6534
SELECT w1=3630
SELECT w2=3778
BUSY TASK ewma=997
DMA IRQ c0=2
DMA IRQ c1=0
DMA IRQ c2=0
DMA IRQ c3=0
SELECT busy=6559
SELECT w0=6553
SELECT w1=3635
SELECT w2=3785
BUSY TASK ewma=997
DMA IRQ c0=2
DMA IRQ c1=0
DMA IRQ c2=0
DMA IRQ c3=0
SELECT busy=6583
SELECT w0=6578
SELECT w1=3645
SELECT w2=3801
BUSY TASK ewma=997
DMA IRQ c0=2
DMA IRQ c1=0
DMA IRQ c2=0
DMA IRQ c3=0
SELECT busy=6602
SELECT w0=6598
SELECT w1=3655
SELECT w2=3816
BUSY TASK ewma=997
DMA IRQ c0=2
DMA IRQ c1=0
DMA IRQ c2=0
DMA IRQ c3=0
SELECT busy=6624
SELECT w0=6619
SELECT w1=3668
SELECT w2=3833
BUSY TASK ewma=997
DMA IRQ c0=2
DMA IRQ c1=0
DMA IRQ c2=0
DMA IRQ c3=0
SELECT busy=6651
SELECT w0=6646
SELECT w1=3681
SELECT w2=3846
BUSY TASK ewma=997
DMA IRQ c0=2
DMA IRQ c1=0
DMA IRQ c2=0
DMA IRQ c3=0
SELECT busy=6673
SELECT w0=6667
SELECT w1=3687
SELECT w2=3855
BUSY TASK ewma=997
DMA IRQ c0=2
DMA IRQ c1=0
DMA IRQ c2=0
DMA IRQ c3=0
SELECT busy=6688
SELECT w0=6682
SELECT w1=3697
SELECT w2=3865
BUSY TASK ewma=997
DMA IRQ c0=2
DMA IRQ c1=0
DMA IRQ c2=0
DMA IRQ c3=0
SELECT busy=6710
SELECT w0=6704
SELECT w1=3705
SELECT w2=3874
BUSY TASK ewma=997
DMA IRQ c0=2
DMA IRQ c1=0
DMA IRQ c2=0
DMA IRQ c3=0
SELECT busy=6731
SELECT w0=6725
SELECT w1=3719
SELECT w2=3886
BUSY TASK ewma=997
DMA IRQ c0=2
DMA IRQ c1=0
DMA IRQ c2=0
DMA IRQ c3=0
SELECT busy=6758
SELECT w0=6754
SELECT w1=3739
SELECT w2=3904
BUSY TASK ewma=997
DMA IRQ c0=2
DMA IRQ c1=0
DMA IRQ c2=0
DMA IRQ c3=0
SELECT busy=6780
SELECT w0=6774
SELECT w1=3751
SELECT w2=3914
BUSY TASK ewma=997
DMA IRQ c0=2
DMA IRQ c1=0
DMA IRQ c2=0
DMA IRQ c3=0
SELECT busy=6795
SELECT w0=6790
SELECT w1=3759
SELECT w2=3924
BUSY TASK ewma=997
DMA IRQ c0=2
DMA IRQ c1=0
DMA IRQ c2=0
DMA IRQ c3=0
SELECT busy=6816
SELECT w0=6811
SELECT w1=3769
SELECT w2=3938
BUSY TASK ewma=997
DMA IRQ c0=2
DMA IRQ c1=0
DMA IRQ c2=0
DMA IRQ c3=0
SELECT busy=6840
SELECT w0=6835
SELECT w1=3784
SELECT w2=3957
BUSY TASK ewma=997
DMA IRQ c0=2
DMA IRQ c1=0
DMA IRQ c2=0
DMA IRQ c3=0
SELECT busy=6867
SELECT w0=6862
SELECT w1=3797
SELECT w2=3974
BUSY TASK ewma=997
DMA IRQ c0=2
DMA IRQ c1=0
DMA IRQ c2=0
DMA IRQ c3=0
SELECT busy=6889
SELECT w0=6884
SELECT w1=3808
SELECT w2=3986
BUSY TASK ewma=997
DMA IRQ c0=2
DMA IRQ c1=0
DMA IRQ c2=0
DMA IRQ c3=0
SELECT busy=6910
SELECT w0=6904
SELECT w1=3819
SELECT w2=3998
BUSY TASK ewma=997
DMA IRQ c0=2
DMA IRQ c1=0
DMA IRQ c2=0
DMA IRQ c3=0
SELECT busy=6936
SELECT w0=6931
SELECT w1=3831
SELECT w2=4012
BUSY TASK ewma=997
DMA IRQ c0=2
DMA IRQ c1=0
DMA IRQ c2=0
DMA IRQ c3=0
SELECT busy=6966
SELECT w0=6960
SELECT w1=3844
SELECT w2=4024
BUSY TASK ewma=997
DMA IRQ c0=2
DMA IRQ c1=0
DMA IRQ c2=0
DMA IRQ c3=0
SELECT busy=6985
SELECT w0=6981
SELECT w1=3857
SELECT w2=4037
BUSY TASK ewma=997
DMA IRQ c0=2
DMA IRQ c1=0
DMA IRQ c2=0
DMA IRQ c3=0
SELECT busy=7008
SELECT w0=7002
SELECT w1=3865
SELECT w2=4047
BUSY TASK ewma=997
DMA IRQ c0=2
DMA IRQ c1=0
DMA IRQ c2=0
DMA IRQ c3=0
SELECT busy=7030
SELECT w0=7025
SELECT w1=3875
SELECT w2=4060
BUSY TASK ewma=997
DMA IRQ c0=2
DMA IRQ c1=0
DMA IRQ c2=0
DMA IRQ c3=0
SELECT busy=7048
SELECT w0=7042
SELECT w1=3882
SELECT w2=4066
BUSY TASK ewma=997
DMA IRQ c0=2
DMA IRQ c1=0
DMA IRQ c2=0
DMA IRQ c3=0
SELECT busy=7068
SELECT w0=7063
SELECT w1=3891
SELECT w2=4078
BUSY TASK ewma=997
DMA IRQ c0=2
DMA IRQ c1=0
DMA IRQ c2=0
DMA IRQ c3=0
SELECT busy=7091
SELECT w0=7085
SELECT w1=3904
SELECT w2=4089
BUSY TASK ewma=997
DMA IRQ c0=2
DMA IRQ c1=0
DMA IRQ c2=0
DMA IRQ c3=0
SELECT busy=7112
SELECT w0=7109
SELECT w1=3913
SELECT w2=4100
BUSY TASK ewma=997
DMA IRQ c0=2
DMA IRQ c1=0
DMA IRQ c2=0
DMA IRQ c3=0
SELECT busy=7131
SELECT w0=7125
SELECT w1=3923
SELECT w2=4113
BUSY TASK ewma=997
DMA IRQ c0=2
DMA IRQ c1=0
DMA IRQ c2=0
DMA IRQ c3=0
SELECT busy=7154
SELECT w0=7149
SELECT w1=3934
SELECT w2=4127
BUSY TASK ewma=997
DMA IRQ c0=2
DMA IRQ c1=0
DMA IRQ c2=0
DMA IRQ c3=0
SELECT busy=7169
SELECT w0=7163
SELECT w1=3940
SELECT w2=4135
BUSY TASK ewma=997
DMA IRQ c0=2
DMA IRQ c1=0
DMA IRQ c2=0
DMA IRQ c3=0
SELECT busy=7192
SELECT w0=7186
SELECT w1=3951
SELECT w2=4150
BUSY TASK ewma=997
DMA IRQ c0=2
DMA IRQ c1=0
DMA IRQ c2=0
DMA IRQ c3=0
SELECT busy=7212
SELECT w0=7206
SELECT w1=3960
SELECT w2=4161
BUSY TASK ewma=997
DMA IRQ c0=2
DMA IRQ c1=0
DMA IRQ c2=0
DMA IRQ c3=0
SELECT busy=7236
SELECT w0=7234
SELECT w1=3972
SELECT w2=4177
BUSY TASK ewma=997
DMA IRQ c0=2
DMA IRQ c1=0
DMA IRQ c2=0
DMA IRQ c3=0
SELECT busy=7259
SELECT w0=7253
SELECT w1=3979
SELECT w2=4186
BUSY TASK ewma=997
DMA IRQ c0=2
DMA IRQ c1=0
DMA IRQ c2=0
DMA IRQ c3=0
SELECT busy=7281
SELECT w0=7278
SELECT w1=3990
SELECT w2=4201
BUSY TASK ewma=997
DMA IRQ c0=2
DMA IRQ c1=0
DMA IRQ c2=0
DMA IRQ c3=0
SELECT busy=7301
SELECT w0=7295
SELECT w1=3999
SELECT w2=4215
BUSY TASK ewma=997
DMA IRQ c0=2
DMA IRQ c1=0
DMA IRQ c2=0
DMA IRQ c3=0
SELECT busy=7324
SELECT w0=7319
SELECT w1=4009
SELECT w2=4232
BUSY TASK ewma=997
DMA IRQ c0=2
DMA IRQ c1=0
DMA IRQ c2=0
DMA IRQ c3=0
SELECT busy=7336
SELECT w0=7330
SELECT w1=4015
SELECT w2=4238
BUSY TASK ewma=997
DMA IRQ c0=2
DMA IRQ c1=0
DMA IRQ c2=0
DMA IRQ c3=0
SELECT busy=7353
SELECT w0=7348
SELECT w1=4022
SELECT w2=4246
BUSY TASK ewma=997
DMA IRQ c0=2
DMA IRQ c1=0
DMA IRQ c2=0
DMA IRQ c3=0
SELECT busy=7379
SELECT w0=7373
SELECT w1=4037
SELECT w2=4261
BUSY TASK ewma=997
DMA IRQ c0=2
DMA IRQ c1=0
DMA IRQ c2=0
DMA IRQ c3=0
SELECT busy=7409
SELECT w0=7403
SELECT w1=4049
SELECT w2=4275
BUSY TASK ewma=997
IRQ counts: cpu0=14855 cpu1=17463 cpu2=17279 cpu3=17576
SCHED secondaries: calls=52318 unexpected=0
SECTEST switches=52275 cpu1=175401376,173353957 cpu2=154938302,152644896 cpu3=225967042,209691677
PINGPONG rounds=2000 pongs=2000
DMA IRQ c0=2
DMA IRQ c1=0
DMA IRQ c2=0
DMA IRQ c3=0
SELECT busy=7431
SELECT w0=7425
SELECT w1=4058
SELECT w2=4285
BUSY TASK ewma=997
DMA IRQ c0=2
DMA IRQ c1=0
DMA IRQ c2=0
DMA IRQ c3=0
SELECT busy=7448
SELECT w0=7443
SELECT w1=4067
SELECT w2=4295
BUSY TASK ewma=997
DMA IRQ c0=2
DMA IRQ c1=0
DMA IRQ c2=0
DMA IRQ c3=0
SELECT busy=7483
SELECT w0=7477
SELECT w1=4079
SELECT w2=4312
BUSY TASK ewma=997
DMA IRQ c0=2
DMA IRQ c1=0
DMA IRQ c2=0
DMA IRQ c3=0
SELECT busy=7506
SELECT w0=7501
SELECT w1=4088
SELECT w2=4329
BUSY TASK ewma=997
DMA IRQ c0=2
DMA IRQ c1=0
DMA IRQ c2=0
DMA IRQ c3=0
SELECT busy=7530
SELECT w0=7525
SELECT w1=4099
SELECT w2=4345
BUSY TASK ewma=997
DMA IRQ c0=2
DMA IRQ c1=0
DMA IRQ c2=0
DMA IRQ c3=0
SELECT busy=7561
SELECT w0=7555
SELECT w1=4115
SELECT w2=4361
BUSY TASK ewma=997
DMA IRQ c0=2
DMA IRQ c1=0
DMA IRQ c2=0
DMA IRQ c3=0
SELECT busy=7595
SELECT w0=7590
SELECT w1=4125
SELECT w2=4375
BUSY TASK ewma=997
DMA IRQ c0=2
DMA IRQ c1=0
DMA IRQ c2=0
DMA IRQ c3=0
SELECT busy=7618
SELECT w0=7613
SELECT w1=4135
SELECT w2=4387
BUSY TASK ewma=997
DMA IRQ c0=2
DMA IRQ c1=0
DMA IRQ c2=0
DMA IRQ c3=0
SELECT busy=7644
SELECT w0=7639
SELECT w1=4146
SELECT w2=4401
BUSY TASK ewma=997
DMA IRQ c0=2
DMA IRQ c1=0
DMA IRQ c2=0
DMA IRQ c3=0
SELECT busy=7659
SELECT w0=7653
SELECT w1=4154
SELECT w2=4409
BUSY TASK ewma=997
DMA IRQ c0=2
DMA IRQ c1=0
DMA IRQ c2=0
DMA IRQ c3=0
SELECT busy=7679
SELECT w0=7674
SELECT w1=4164
SELECT w2=4419
BUSY TASK ewma=997
DMA IRQ c0=2
DMA IRQ c1=0
DMA IRQ c2=0
DMA IRQ c3=0
SELECT busy=7703
SELECT w0=7698
SELECT w1=4171
SELECT w2=4429
BUSY TASK ewma=997
DMA IRQ c0=2
DMA IRQ c1=0
DMA IRQ c2=0
DMA IRQ c3=0
SELECT busy=7727
SELECT w0=7723
SELECT w1=4183
SELECT w2=4442
BUSY TASK ewma=997
DMA IRQ c0=2
DMA IRQ c1=0
DMA IRQ c2=0
DMA IRQ c3=0
SELECT busy=7757
SELECT w0=7752
SELECT w1=4191
SELECT w2=4452
BUSY TASK ewma=997
DMA IRQ c0=2
DMA IRQ c1=0
DMA IRQ c2=0
DMA IRQ c3=0
SELECT busy=7776
SELECT w0=7771
SELECT w1=4201
SELECT w2=4464
BUSY TASK ewma=997
DMA IRQ c0=2
DMA IRQ c1=0
DMA IRQ c2=0
DMA IRQ c3=0
SELECT busy=7791
SELECT w0=7786
SELECT w1=4208
SELECT w2=4474
BUSY TASK ewma=997
DMA IRQ c0=2
DMA IRQ c1=0
DMA IRQ c2=0
DMA IRQ c3=0
SELECT busy=7814
SELECT w0=7809
SELECT w1=4218
SELECT w2=4488
BUSY TASK ewma=997
DMA IRQ c0=2
DMA IRQ c1=0
DMA IRQ c2=0
DMA IRQ c3=0
SELECT busy=7829
SELECT w0=7824
SELECT w1=4224
SELECT w2=4496
BUSY TASK ewma=997
DMA IRQ c0=2
DMA IRQ c1=0
DMA IRQ c2=0
DMA IRQ c3=0
SELECT busy=7845
SELECT w0=7840
SELECT w1=4232
SELECT w2=4507
BUSY TASK ewma=997
DMA IRQ c0=2
DMA IRQ c1=0
DMA IRQ c2=0
DMA IRQ c3=0
SELECT busy=7866
SELECT w0=7861
SELECT w1=4244
SELECT w2=4518
BUSY TASK ewma=997
DMA IRQ c0=2
DMA IRQ c1=0
DMA IRQ c2=0
DMA IRQ c3=0
SELECT busy=7885
SELECT w0=7880
SELECT w1=4251
SELECT w2=4526
BUSY TASK ewma=997
DMA IRQ c0=2
DMA IRQ c1=0
DMA IRQ c2=0
DMA IRQ c3=0
SELECT busy=7907
SELECT w0=7901
SELECT w1=4259
SELECT w2=4535
BUSY TASK ewma=997
DMA IRQ c0=2
DMA IRQ c1=0
DMA IRQ c2=0
DMA IRQ c3=0
SELECT busy=7928
SELECT w0=7922
SELECT w1=4268
SELECT w2=4550
BUSY TASK ewma=997
DMA IRQ c0=2
DMA IRQ c1=0
DMA IRQ c2=0
DMA IRQ c3=0
SELECT busy=7951
SELECT w0=7949
SELECT w1=4280
SELECT w2=4564
BUSY TASK ewma=997
DMA IRQ c0=2
DMA IRQ c1=0
DMA IRQ c2=0
DMA IRQ c3=0
SELECT busy=7975
SELECT w0=7970
SELECT w1=4289
SELECT w2=4576
BUSY TASK ewma=997
DMA IRQ c0=2
DMA IRQ c1=0
DMA IRQ c2=0
DMA IRQ c3=0
SELECT busy=8003
SELECT w0=7999
SELECT w1=4299
SELECT w2=4594
BUSY TASK ewma=997
DMA IRQ c0=2
DMA IRQ c1=0
DMA IRQ c2=0
DMA IRQ c3=0
SELECT busy=8034
SELECT w0=8029
SELECT w1=4312
SELECT w2=4612
BUSY TASK ewma=997
DMA IRQ c0=2
DMA IRQ c1=0
DMA IRQ c2=0
DMA IRQ c3=0
SELECT busy=8057
SELECT w0=8052
SELECT w1=4325
SELECT w2=4625
BUSY TASK ewma=997
DMA IRQ c0=2
DMA IRQ c1=0
DMA IRQ c2=0
DMA IRQ c3=0
SELECT busy=8082
SELECT w0=8077
SELECT w1=4337
SELECT w2=4639
BUSY TASK ewma=997
DMA IRQ c0=2
DMA IRQ c1=0
DMA IRQ c2=0
DMA IRQ c3=0
SELECT busy=8108
SELECT w0=8103
SELECT w1=4347
SELECT w2=4656
BUSY TASK ewma=997
DMA IRQ c0=2
DMA IRQ c1=0
DMA IRQ c2=0
DMA IRQ c3=0
SELECT busy=8137
SELECT w0=8132
SELECT w1=4363
SELECT w2=4675
BUSY TASK ewma=997
DMA IRQ c0=2
DMA IRQ c1=0
DMA IRQ c2=0
DMA IRQ c3=0
SELECT busy=8167
SELECT w0=8161
SELECT w1=4374
SELECT w2=4687
BUSY TASK ewma=997
DMA IRQ c0=2
DMA IRQ c1=0
DMA IRQ c2=0
DMA IRQ c3=0
SELECT busy=8194
SELECT w0=8188
SELECT w1=4385
SELECT w2=4706
BUSY TASK ewma=997
DMA IRQ c0=2
DMA IRQ c1=0
DMA IRQ c2=0
DMA IRQ c3=0
SELECT busy=8216
SELECT w0=8210
SELECT w1=4394
SELECT w2=4720
BUSY TASK ewma=997
DMA IRQ c0=2
DMA IRQ c1=0
DMA IRQ c2=0
DMA IRQ c3=0
SELECT busy=8238
SELECT w0=8232
SELECT w1=4402
SELECT w2=4733
BUSY TASK ewma=997
DMA IRQ c0=2
DMA IRQ c1=0
DMA IRQ c2=0
DMA IRQ c3=0
SELECT busy=8266
SELECT w0=8261
SELECT w1=4416
SELECT w2=4749
BUSY TASK ewma=997
DMA IRQ c0=2
DMA IRQ c1=0
DMA IRQ c2=0
DMA IRQ c3=0
SELECT busy=8284
SELECT w0=8279
SELECT w1=4425
SELECT w2=4762
BUSY TASK ewma=997
DMA IRQ c0=2
DMA IRQ c1=0
DMA IRQ c2=0
DMA IRQ c3=0
SELECT busy=8306
SELECT w0=8301
SELECT w1=4437
SELECT w2=4775
BUSY TASK ewma=997
DMA IRQ c0=2
DMA IRQ c1=0
DMA IRQ c2=0
DMA IRQ c3=0
SELECT busy=8326
SELECT w0=8321
SELECT w1=4446
SELECT w2=4786
BUSY TASK ewma=997
DMA IRQ c0=2
DMA IRQ c1=0
DMA IRQ c2=0
DMA IRQ c3=0
SELECT busy=8348
SELECT w0=8343
SELECT w1=4456
SELECT w2=4805
BUSY TASK ewma=997
DMA IRQ c0=2
DMA IRQ c1=0
DMA IRQ c2=0
DMA IRQ c3=0
SELECT busy=8372
SELECT w0=8367
SELECT w1=4470
SELECT w2=4822
BUSY TASK ewma=997
DMA IRQ c0=2
DMA IRQ c1=0
DMA IRQ c2=0
DMA IRQ c3=0
SELECT busy=8393
SELECT w0=8387
SELECT w1=4478
SELECT w2=4831
BUSY TASK ewma=997
DMA IRQ c0=2
DMA IRQ c1=0
DMA IRQ c2=0
DMA IRQ c3=0
SELECT busy=8411
SELECT w0=8405
SELECT w1=4487
SELECT w2=4842
BUSY TASK ewma=997
DMA IRQ c0=2
DMA IRQ c1=0
DMA IRQ c2=0
DMA IRQ c3=0
SELECT busy=8426
SELECT w0=8421
SELECT w1=4494
SELECT w2=4852
BUSY TASK ewma=997
DMA IRQ c0=2
DMA IRQ c1=0
DMA IRQ c2=0
DMA IRQ c3=0
SELECT busy=8450
SELECT w0=8445
SELECT w1=4504
SELECT w2=4865
BUSY TASK ewma=997
DMA IRQ c0=2
DMA IRQ c1=0
DMA IRQ c2=0
DMA IRQ c3=0
SELECT busy=8475
SELECT w0=8469
SELECT w1=4516
SELECT w2=4878
BUSY TASK ewma=997
DMA IRQ c0=2
DMA IRQ c1=0
DMA IRQ c2=0
DMA IRQ c3=0
SELECT busy=8499
SELECT w0=8493
SELECT w1=4521
SELECT w2=4885
BUSY TASK ewma=997
DMA IRQ c0=2
DMA IRQ c1=0
DMA IRQ c2=0
DMA IRQ c3=0
SELECT busy=8519
SELECT w0=8514
SELECT w1=4536
SELECT w2=4900
BUSY TASK ewma=997
DMA IRQ c0=2
DMA IRQ c1=0
DMA IRQ c2=0
DMA IRQ c3=0
SELECT busy=8541
SELECT w0=8535
SELECT w1=4547
SELECT w2=4908
BUSY TASK ewma=997
DMA IRQ c0=2
DMA IRQ c1=0
DMA IRQ c2=0
DMA IRQ c3=0
SELECT busy=8564
SELECT w0=8558
SELECT w1=4554
SELECT w2=4921
BUSY TASK ewma=997
DMA IRQ c0=2
DMA IRQ c1=0
DMA IRQ c2=0
DMA IRQ c3=0
SELECT busy=8600
SELECT w0=8596
SELECT w1=4572
SELECT w2=4949
BUSY TASK ewma=997
DMA IRQ c0=2
DMA IRQ c1=0
DMA IRQ c2=0
DMA IRQ c3=0
SELECT busy=8630
SELECT w0=8624
SELECT w1=4581
SELECT w2=4961
BUSY TASK ewma=997
DMA IRQ c0=2
DMA IRQ c1=0
DMA IRQ c2=0
DMA IRQ c3=0
SELECT busy=8652
SELECT w0=8647
SELECT w1=4590
SELECT w2=4978
BUSY TASK ewma=997
DMA IRQ c0=2
DMA IRQ c1=0
DMA IRQ c2=0
DMA IRQ c3=0
SELECT busy=8686
SELECT w0=8682
SELECT w1=4609
SELECT w2=5003
BUSY TASK ewma=997
DMA IRQ c0=2
DMA IRQ c1=0
DMA IRQ c2=0
DMA IRQ c3=0
SELECT busy=8711
SELECT w0=8706
SELECT w1=4623
SELECT w2=5022
BUSY TASK ewma=997
DMA IRQ c0=2
DMA IRQ c1=0
DMA IRQ c2=0
DMA IRQ c3=0
SELECT busy=8737
SELECT w0=8732
SELECT w1=4640
SELECT w2=5038
BUSY TASK ewma=997
DMA IRQ c0=2
DMA IRQ c1=0
DMA IRQ c2=0
DMA IRQ c3=0
SELECT busy=8750
SELECT w0=8745
SELECT w1=4648
SELECT w2=5047
BUSY TASK ewma=997
DMA IRQ c0=2
DMA IRQ c1=0
DMA IRQ c2=0
DMA IRQ c3=0
SELECT busy=8773
SELECT w0=8767
SELECT w1=4659
SELECT w2=5058
BUSY TASK ewma=997
DMA IRQ c0=2
DMA IRQ c1=0
DMA IRQ c2=0
DMA IRQ c3=0
SELECT busy=8803
SELECT w0=8798
SELECT w1=4670
SELECT w2=5074
BUSY TASK ewma=997
DMA IRQ c0=2
DMA IRQ c1=0
DMA IRQ c2=0
DMA IRQ c3=0
SELECT busy=8835
SELECT w0=8831
SELECT w1=4684
SELECT w2=5092
BUSY TASK ewma=997
DMA IRQ c0=2
DMA IRQ c1=0
DMA IRQ c2=0
DMA IRQ c3=0
SELECT busy=8871
SELECT w0=8865
SELECT w1=4697
SELECT w2=5107
BUSY TASK ewma=997
DMA IRQ c0=2
DMA IRQ c1=0
DMA IRQ c2=0
DMA IRQ c3=0
SELECT busy=8902
SELECT w0=8897
SELECT w1=4709
SELECT w2=5122
BUSY TASK ewma=997
DMA IRQ c0=2
DMA IRQ c1=0
DMA IRQ c2=0
DMA IRQ c3=0
SELECT busy=8936
SELECT w0=8931
SELECT w1=4726
SELECT w2=5151
BUSY TASK ewma=997
DMA IRQ c0=2
DMA IRQ c1=0
DMA IRQ c2=0
DMA IRQ c3=0
SELECT busy=8964
SELECT w0=8959
SELECT w1=4737
SELECT w2=5167
BUSY TASK ewma=997
IRQ counts: cpu0=17947 cpu1=20894 cpu2=20835 cpu3=20912
SCHED secondaries: calls=62644 unexpected=0
SECTEST switches=62617 cpu1=203831898,200043309 cpu2=186684545,184769388 cpu3=263572262,246721463
PINGPONG rounds=2000 pongs=2000
DMA IRQ c0=2
DMA IRQ c1=0
DMA IRQ c2=0
DMA IRQ c3=0
SELECT busy=8989
SELECT w0=8984
SELECT w1=4751
SELECT w2=5182
BUSY TASK ewma=997
DMA IRQ c0=2
DMA IRQ c1=0
DMA IRQ c2=0
DMA IRQ c3=0
SELECT busy=9008
SELECT w0=9004
SELECT w1=4762
SELECT w2=5195
BUSY TASK ewma=997
DMA IRQ c0=2
DMA IRQ c1=0
DMA IRQ c2=0
DMA IRQ c3=0
SELECT busy=9033
SELECT w0=9027
SELECT w1=4770
SELECT w2=5206
BUSY TASK ewma=997
DMA IRQ c0=2
DMA IRQ c1=0
DMA IRQ c2=0
DMA IRQ c3=0
SELECT busy=9050
SELECT w0=9044
SELECT w1=4776
SELECT w2=5212
BUSY TASK ewma=997
DMA IRQ c0=2
DMA IRQ c1=0
DMA IRQ c2=0
DMA IRQ c3=0
SELECT busy=9067
SELECT w0=9061
SELECT w1=4784
SELECT w2=5223
BUSY TASK ewma=997
DMA IRQ c0=2
DMA IRQ c1=0
DMA IRQ c2=0
DMA IRQ c3=0
SELECT busy=9087
SELECT w0=9082
SELECT w1=4790
SELECT w2=5232
BUSY TASK ewma=997
DMA IRQ c0=2
DMA IRQ c1=0
DMA IRQ c2=0
DMA IRQ c3=0
SELECT busy=9109
SELECT w0=9105
SELECT w1=4797
SELECT w2=5242
BUSY TASK ewma=997
DMA IRQ c0=2
DMA IRQ c1=0
DMA IRQ c2=0
DMA IRQ c3=0
SELECT busy=9132
SELECT w0=9126
SELECT w1=4807
SELECT w2=5258
BUSY TASK ewma=997
DMA IRQ c0=2
DMA IRQ c1=0
DMA IRQ c2=0
DMA IRQ c3=0
SELECT busy=9149
SELECT w0=9143
SELECT w1=4815
SELECT w2=5269
BUSY TASK ewma=997
DMA IRQ c0=2
DMA IRQ c1=0
DMA IRQ c2=0
DMA IRQ c3=0
SELECT busy=9169
SELECT w0=9163
SELECT w1=4824
SELECT w2=5280
BUSY TASK ewma=997
DMA IRQ c0=2
DMA IRQ c1=0
DMA IRQ c2=0
DMA IRQ c3=0
SELECT busy=9188
SELECT w0=9182
SELECT w1=4832
SELECT w2=5291
BUSY TASK ewma=997
DMA IRQ c0=2
DMA IRQ c1=0
DMA IRQ c2=0
DMA IRQ c3=0
SELECT busy=9212
SELECT w0=9206
SELECT w1=4843
SELECT w2=5304
BUSY TASK ewma=997
DMA IRQ c0=2
DMA IRQ c1=0
DMA IRQ c2=0
DMA IRQ c3=0
SELECT busy=9227
SELECT w0=9223
SELECT w1=4849
SELECT w2=5313
BUSY TASK ewma=997
DMA IRQ c0=2
DMA IRQ c1=0
DMA IRQ c2=0
DMA IRQ c3=0
SELECT busy=9254
SELECT w0=9248
SELECT w1=4862
SELECT w2=5326
BUSY TASK ewma=997
DMA IRQ c0=2
DMA IRQ c1=0
DMA IRQ c2=0
DMA IRQ c3=0
SELECT busy=9276
SELECT w0=9271
SELECT w1=4873
SELECT w2=5342
BUSY TASK ewma=997
DMA IRQ c0=2
DMA IRQ c1=0
DMA IRQ c2=0
DMA IRQ c3=0
SELECT busy=9296
SELECT w0=9291
SELECT w1=4884
SELECT w2=5356
BUSY TASK ewma=997
DMA IRQ c0=2
DMA IRQ c1=0
DMA IRQ c2=0
DMA IRQ c3=0
SELECT busy=9320
SELECT w0=9314
SELECT w1=4897
SELECT w2=5370
BUSY TASK ewma=997
DMA IRQ c0=2
DMA IRQ c1=0
DMA IRQ c2=0
DMA IRQ c3=0
SELECT busy=9330
SELECT w0=9324
SELECT w1=4901
SELECT w2=5375
BUSY TASK ewma=997
DMA IRQ c0=2
DMA IRQ c1=0
DMA IRQ c2=0
DMA IRQ c3=0
SELECT busy=9353
SELECT w0=9348
SELECT w1=4915
SELECT w2=5400
BUSY TASK ewma=997
DMA IRQ c0=2
DMA IRQ c1=0
DMA IRQ c2=0
DMA IRQ c3=0
SELECT busy=9384
SELECT w0=9379
SELECT w1=4933
SELECT w2=5419
BUSY TASK ewma=997
DMA IRQ c0=2
DMA IRQ c1=0
DMA IRQ c2=0
DMA IRQ c3=0
SELECT busy=9409
SELECT w0=9404
SELECT w1=4946
SELECT w2=5436
BUSY TASK ewma=997
DMA IRQ c0=2
DMA IRQ c1=0
DMA IRQ c2=0
DMA IRQ c3=0
SELECT busy=9439
SELECT w0=9434
SELECT w1=4961
SELECT w2=5452
BUSY TASK ewma=997
DMA IRQ c0=2
DMA IRQ c1=0
DMA IRQ c2=0
DMA IRQ c3=0
SELECT busy=9474
SELECT w0=9469
SELECT w1=4975
SELECT w2=5470
BUSY TASK ewma=997
DMA IRQ c0=2
DMA IRQ c1=0
DMA IRQ c2=0
DMA IRQ c3=0
SELECT busy=9497
SELECT w0=9491
SELECT w1=4983
SELECT w2=5481
BUSY TASK ewma=997
DMA IRQ c0=2
DMA IRQ c1=0
DMA IRQ c2=0
DMA IRQ c3=0
SELECT busy=9516
SELECT w0=9511
SELECT w1=4995
SELECT w2=5494
BUSY TASK ewma=997
DMA IRQ c0=2
DMA IRQ c1=0
DMA IRQ c2=0
DMA IRQ c3=0
SELECT busy=9535
SELECT w0=9530
SELECT w1=5002
SELECT w2=5504
BUSY TASK ewma=997
DMA IRQ c0=2
DMA IRQ c1=0
DMA IRQ c2=0
DMA IRQ c3=0
SELECT busy=9569
SELECT w0=9564
SELECT w1=5021
SELECT w2=5528
BUSY TASK ewma=997
DMA IRQ c0=2
DMA IRQ c1=0
DMA IRQ c2=0
DMA IRQ c3=0
SELECT busy=9606
SELECT w0=9600
SELECT w1=5036
SELECT w2=5546
BUSY TASK ewma=997
DMA IRQ c0=2
DMA IRQ c1=0
DMA IRQ c2=0
DMA IRQ c3=0
SELECT busy=9635
SELECT w0=9629
SELECT w1=5049
SELECT w2=5561
BUSY TASK ewma=997
DMA IRQ c0=2
DMA IRQ c1=0
DMA IRQ c2=0
DMA IRQ c3=0
SELECT busy=9678
SELECT w0=9672
SELECT w1=5066
SELECT w2=5583
BUSY TASK ewma=997
DMA IRQ c0=2
DMA IRQ c1=0
DMA IRQ c2=0
DMA IRQ c3=0
SELECT busy=9717
SELECT w0=9711
SELECT w1=5084
SELECT w2=5604
BUSY TASK ewma=997
DMA IRQ c0=2
DMA IRQ c1=0
DMA IRQ c2=0
DMA IRQ c3=0
SELECT busy=9753
SELECT w0=9747
SELECT w1=5100
SELECT w2=5624
BUSY TASK ewma=997
DMA IRQ c0=2
DMA IRQ c1=0
DMA IRQ c2=0
DMA IRQ c3=0
SELECT busy=9793
SELECT w0=9787
SELECT w1=5116
SELECT w2=5643
BUSY TASK ewma=997
DMA IRQ c0=2
DMA IRQ c1=0
DMA IRQ c2=0
DMA IRQ c3=0
SELECT busy=9825
SELECT w0=9820
SELECT w1=5131
SELECT w2=5662
BUSY TASK ewma=997
DMA IRQ c0=2
DMA IRQ c1=0
DMA IRQ c2=0
DMA IRQ c3=0
SELECT busy=9869
SELECT w0=9864
SELECT w1=5149
SELECT w2=5683
BUSY TASK ewma=997
DMA IRQ c0=2
DMA IRQ c1=0
DMA IRQ c2=0
DMA IRQ c3=0
SELECT busy=9896
SELECT w0=9891
SELECT w1=5162
SELECT w2=5698
BUSY TASK ewma=997
DMA IRQ c0=2
DMA IRQ c1=0
DMA IRQ c2=0
DMA IRQ c3=0
SELECT busy=9928
SELECT w0=9924
SELECT w1=5178
SELECT w2=5719
BUSY TASK ewma=997
DMA IRQ c0=2
DMA IRQ c1=0
DMA IRQ c2=0
DMA IRQ c3=0
SELECT busy=9961
SELECT w0=9955
SELECT w1=5193
SELECT w2=5733
BUSY TASK ewma=997
DMA IRQ c0=2
DMA IRQ c1=0
DMA IRQ c2=0
DMA IRQ c3=0
SELECT busy=9988
SELECT w0=9984
SELECT w1=5210
SELECT w2=5752
BUSY TASK ewma=997
DMA IRQ c0=2
DMA IRQ c1=0
DMA IRQ c2=0
DMA IRQ c3=0
SELECT busy=10013
SELECT w0=10008
SELECT w1=5219
SELECT w2=5763
BUSY TASK ewma=997
DMA IRQ c0=2
DMA IRQ c1=0
DMA IRQ c2=0
DMA IRQ c3=0
SELECT busy=10035
SELECT w0=10029
SELECT w1=5227
SELECT w2=5773
BUSY TASK ewma=997
DMA IRQ c0=2
DMA IRQ c1=0
DMA IRQ c2=0
DMA IRQ c3=0
SELECT busy=10060
SELECT w0=10054
SELECT w1=5239
SELECT w2=5793
BUSY TASK ewma=997
DMA IRQ c0=2
DMA IRQ c1=0
DMA IRQ c2=0
DMA IRQ c3=0
SELECT busy=10082
SELECT w0=10077
SELECT w1=5248
SELECT w2=5804
BUSY TASK ewma=997
DMA IRQ c0=2
DMA IRQ c1=0
DMA IRQ c2=0
DMA IRQ c3=0
SELECT busy=10115
SELECT w0=10110
SELECT w1=5266
SELECT w2=5823
BUSY TASK ewma=997
DMA IRQ c0=2
DMA IRQ c1=0
DMA IRQ c2=0
DMA IRQ c3=0
SELECT busy=10146
SELECT w0=10140
SELECT w1=5277
SELECT w2=5835
BUSY TASK ewma=997
DMA IRQ c0=2
DMA IRQ c1=0
DMA IRQ c2=0
DMA IRQ c3=0
SELECT busy=10184
SELECT w0=10179
SELECT w1=5295
SELECT w2=5857
BUSY TASK ewma=997
DMA IRQ c0=2
DMA IRQ c1=0
DMA IRQ c2=0
DMA IRQ c3=0
SELECT busy=10228
SELECT w0=10222
SELECT w1=5314
SELECT w2=5882
BUSY TASK ewma=997
DMA IRQ c0=2
DMA IRQ c1=0
DMA IRQ c2=0
DMA IRQ c3=0
SELECT busy=10252
SELECT w0=10247
SELECT w1=5325
SELECT w2=5896
BUSY TASK ewma=997
DMA IRQ c0=2
DMA IRQ c1=0
DMA IRQ c2=0
DMA IRQ c3=0
SELECT busy=10289
SELECT w0=10285
SELECT w1=5342
SELECT w2=5918
BUSY TASK ewma=997
DMA IRQ c0=2
DMA IRQ c1=0
DMA IRQ c2=0
DMA IRQ c3=0
SELECT busy=10339
SELECT w0=10334
SELECT w1=5363
SELECT w2=5945
BUSY TASK ewma=997
DMA IRQ c0=2
DMA IRQ c1=0
DMA IRQ c2=0
DMA IRQ c3=0
SELECT busy=10371
SELECT w0=10365
SELECT w1=5376
SELECT w2=5958
BUSY TASK ewma=997
DMA IRQ c0=2
DMA IRQ c1=0
DMA IRQ c2=0
DMA IRQ c3=0
SELECT busy=10390
SELECT w0=10385
SELECT w1=5384
SELECT w2=5968
BUSY TASK ewma=997
DMA IRQ c0=2
DMA IRQ c1=0
DMA IRQ c2=0
DMA IRQ c3=0
SELECT busy=10416
SELECT w0=10410
SELECT w1=5393
SELECT w2=5979
BUSY TASK ewma=997
DMA IRQ c0=2
DMA IRQ c1=0
DMA IRQ c2=0
DMA IRQ c3=0
SELECT busy=10437
SELECT w0=10432
SELECT w1=5402
SELECT w2=5993
BUSY TASK ewma=997
DMA IRQ c0=2
DMA IRQ c1=0
DMA IRQ c2=0
DMA IRQ c3=0
SELECT busy=10461
SELECT w0=10455
SELECT w1=5411
SELECT w2=6005
BUSY TASK ewma=997
DMA IRQ c0=2
DMA IRQ c1=0
DMA IRQ c2=0
DMA IRQ c3=0
SELECT busy=10490
SELECT w0=10485
SELECT w1=5424
SELECT w2=6021
BUSY TASK ewma=997
DMA IRQ c0=2
DMA IRQ c1=0
DMA IRQ c2=0
DMA IRQ c3=0
SELECT busy=10508
SELECT w0=10504
SELECT w1=54qemu-system-aarch64: terminating on signal 15 from pid 262545 (timeout)
