P4 M7: full integration test boot OK
CPU0: MPIDR_EL1=0x0000000080000000
CPU0: psci_cpu_on target=1 rc=0
CPU1: alive, MPIDR_EL1=0x0000000080000001 this_cpu()->cpu_id=1
CPU0: psci_cpu_on target=2 rc=0
CPU2: alive, MPIDR_EL1=0x0000000080000002 this_cpu()->cpu_id=2
CPU0: psci_cpu_on target=3 rc=0
CPU3: alive, MPIDR_EL1=0x0000000080000003 this_cpu()->cpu_id=3
CPUs online: 4
D2b: worker 1 runs on CPU1
D2b: worker 2 runs on CPU2
D2b: worker 0 runs on CPU0
P4 M7: worker submitted cmd_id=2
P4 M7: worker submitted cmd_id=3
P4 M7: worker submitted cmd_id=1
BUSY TASK ewma=995
DMA IRQ c0=0
DMA IRQ c1=0
DMA IRQ c2=0
DMA IRQ c3=0
SELECT busy=22
SELECT w0=4
SELECT w1=5
SELECT w2=5
P4 M7: worker DATA OK, cmd_id=1
P4 M7: worker DATA OK, cmd_id=2
WORKER ewma=916
P4 M7: worker DATA OK, cmd_id=3
WORKER ewma=831
WORKER ewma=831
BUSY TASK ewma=997
DMA IRQ c0=2
DMA IRQ c1=0
DMA IRQ c2=0
DMA IRQ c3=0
SELECT busy=42
SELECT w0=26
SELECT w1=28
SELECT w2=32
BUSY TASK ewma=997
DMA IRQ c0=2
DMA IRQ c1=0
DMA IRQ c2=0
DMA IRQ c3=0
SELECT busy=67
SELECT w0=52
SELECT w1=77
SELECT w2=85
BUSY TASK ewma=997
DMA IRQ c0=2
DMA IRQ c1=0
DMA IRQ c2=0
DMA IRQ c3=0
SELECT busy=97
SELECT w0=81
SELECT w1=86
SELECT w2=97
BUSY TASK ewma=997
DMA IRQ c0=2
DMA IRQ c1=0
DMA IRQ c2=0
DMA IRQ c3=0
SELECT busy=112
SELECT w0=98
SELECT w1=98
SELECT w2=111
BUSY TASK ewma=997
DMA IRQ c0=2
DMA IRQ c1=0
DMA IRQ c2=0
DMA IRQ c3=0
SELECT busy=136
SELECT w0=121
SELECT w1=113
SELECT w2=127
BUSY TASK ewma=997
DMA IRQ c0=2
DMA IRQ c1=0
DMA IRQ c2=0
DMA IRQ c3=0
SELECT busy=157
SELECT w0=142
SELECT w1=122
SELECT w2=139
BUSY TASK ewma=997
DMA IRQ c0=2
DMA IRQ c1=0
DMA IRQ c2=0
DMA IRQ c3=0
SELECT busy=180
SELECT w0=165
SELECT w1=133
SELECT w2=153
BUSY TASK ewma=997
DMA IRQ c0=2
DMA IRQ c1=0
DMA IRQ c2=0
DMA IRQ c3=0
SELECT busy=199
SELECT w0=184
SELECT w1=144
SELECT w2=163
BUSY TASK ewma=997
DMA IRQ c0=2
DMA IRQ c1=0
DMA IRQ c2=0
DMA IRQ c3=0
SELECT busy=224
SELECT w0=209
SELECT w1=157
SELECT w2=175
BUSY TASK ewma=997
DMA IRQ c0=2
DMA IRQ c1=0
DMA IRQ c2=0
DMA IRQ c3=0
SELECT busy=251
SELECT w0=235
SELECT w1=171
SELECT w2=189
BUSY TASK ewma=997
DMA IRQ c0=2
DMA IRQ c1=0
DMA IRQ c2=0
DMA IRQ c3=0
SELECT busy=272
SELECT w0=257
SELECT w1=191
SELECT w2=202
BUSY TASK ewma=997
DMA IRQ c0=2
DMA IRQ c1=0
DMA IRQ c2=0
DMA IRQ c3=0
SELECT busy=291
SELECT w0=276
SELECT w1=207
SELECT w2=217
BUSY TASK ewma=997
DMA IRQ c0=2
DMA IRQ c1=0
DMA IRQ c2=0
DMA IRQ c3=0
SELECT busy=314
SELECT w0=300
SELECT w1=230
SELECT w2=234
BUSY TASK ewma=997
DMA IRQ c0=2
DMA IRQ c1=0
DMA IRQ c2=0
DMA IRQ c3=0
SELECT busy=333
SELECT w0=318
SELECT w1=244
SELECT w2=244
BUSY TASK ewma=997
DMA IRQ c0=2
DMA IRQ c1=0
DMA IRQ c2=0
DMA IRQ c3=0
SELECT busy=352
SELECT w0=337
SELECT w1=249
SELECT w2=250
BUSY TASK ewma=997
DMA IRQ c0=2
DMA IRQ c1=0
DMA IRQ c2=0
DMA IRQ c3=0
SELECT busy=379
SELECT w0=363
SELECT w1=256
SELECT w2=258
BUSY TASK ewma=997
DMA IRQ c0=2
DMA IRQ c1=0
DMA IRQ c2=0
DMA IRQ c3=0
SELECT busy=399
SELECT w0=384
SELECT w1=267
SELECT w2=267
BUSY TASK ewma=997
DMA IRQ c0=2
DMA IRQ c1=0
DMA IRQ c2=0
DMA IRQ c3=0
SELECT busy=414
SELECT w0=398
SELECT w1=277
SELECT w2=275
BUSY TASK ewma=997
DMA IRQ c0=2
DMA IRQ c1=0
DMA IRQ c2=0
DMA IRQ c3=0
SELECT busy=427
SELECT w0=411
SELECT w1=285
SELECT w2=283
BUSY TASK ewma=997
DMA IRQ c0=2
DMA IRQ c1=0
DMA IRQ c2=0
DMA IRQ c3=0
SELECT busy=446
SELECT w0=431
SELECT w1=303
SELECT w2=297
BUSY TASK ewma=997
DMA IRQ c0=2
DMA IRQ c1=0
DMA IRQ c2=0
DMA IRQ c3=0
SELECT busy=467
SELECT w0=454
SELECT w1=326
SELECT w2=313
BUSY TASK ewma=997
DMA IRQ c0=2
DMA IRQ c1=0
DMA IRQ c2=0
DMA IRQ c3=0
SELECT busy=502
SELECT w0=487
SELECT w1=342
SELECT w2=331
BUSY TASK ewma=997
DMA IRQ c0=2
DMA IRQ c1=0
DMA IRQ c2=0
DMA IRQ c3=0
SELECT busy=530
SELECT w0=515
SELECT w1=358
SELECT w2=345
BUSY TASK ewma=997
DMA IRQ c0=2
DMA IRQ c1=0
DMA IRQ c2=0
DMA IRQ c3=0
SELECT busy=549
SELECT w0=533
SELECT w1=365
SELECT w2=352
BUSY TASK ewma=997
DMA IRQ c0=2
DMA IRQ c1=0
DMA IRQ c2=0
DMA IRQ c3=0
SELECT busy=567
SELECT w0=551
SELECT w1=371
SELECT w2=357
BUSY TASK ewma=997
DMA IRQ c0=2
DMA IRQ c1=0
DMA IRQ c2=0
DMA IRQ c3=0
SELECT busy=591
SELECT w0=575
SELECT w1=384
SELECT w2=373
BUSY TASK ewma=997
DMA IRQ c0=2
DMA IRQ c1=0
DMA IRQ c2=0
DMA IRQ c3=0
SELECT busy=620
SELECT w0=605
SELECT w1=398
SELECT w2=387
BUSY TASK ewma=997
DMA IRQ c0=2
DMA IRQ c1=0
DMA IRQ c2=0
DMA IRQ c3=0
SELECT busy=642
SELECT w0=628
SELECT w1=414
SELECT w2=404
BUSY TASK ewma=997
DMA IRQ c0=2
DMA IRQ c1=0
DMA IRQ c2=0
DMA IRQ c3=0
SELECT busy=669
SELECT w0=653
SELECT w1=434
SELECT w2=416
BUSY TASK ewma=997
DMA IRQ c0=2
DMA IRQ c1=0
DMA IRQ c2=0
DMA IRQ c3=0
SELECT busy=692
SELECT w0=677
SELECT w1=449
SELECT w2=431
BUSY TASK ewma=997
DMA IRQ c0=2
DMA IRQ c1=0
DMA IRQ c2=0
DMA IRQ c3=0
SELECT busy=714
SELECT w0=699
SELECT w1=463
SELECT w2=453
BUSY TASK ewma=997
DMA IRQ c0=2
DMA IRQ c1=0
DMA IRQ c2=0
DMA IRQ c3=0
SELECT busy=746
SELECT w0=731
SELECT w1=476
SELECT w2=469
BUSY TASK ewma=997
DMA IRQ c0=2
DMA IRQ c1=0
DMA IRQ c2=0
DMA IRQ c3=0
SELECT busy=774
SELECT w0=758
SELECT w1=488
SELECT w2=484
BUSY TASK ewma=997
DMA IRQ c0=2
DMA IRQ c1=0
DMA IRQ c2=0
DMA IRQ c3=0
SELECT busy=790
SELECT w0=775
SELECT w1=498
SELECT w2=494
BUSY TASK ewma=997
DMA IRQ c0=2
DMA IRQ c1=0
DMA IRQ c2=0
DMA IRQ c3=0
SELECT busy=813
SELECT w0=798
SELECT w1=509
SELECT w2=507
BUSY TASK ewma=997
DMA IRQ c0=2
DMA IRQ c1=0
DMA IRQ c2=0
DMA IRQ c3=0
SELECT busy=828
SELECT w0=813
SELECT w1=521
SELECT w2=520
BUSY TASK ewma=997
DMA IRQ c0=2
DMA IRQ c1=0
DMA IRQ c2=0
DMA IRQ c3=0
SELECT busy=854
SELECT w0=839
SELECT w1=539
SELECT w2=537
BUSY TASK ewma=997
DMA IRQ c0=2
DMA IRQ c1=0
DMA IRQ c2=0
DMA IRQ c3=0
SELECT busy=871
SELECT w0=855
SELECT w1=547
SELECT w2=546
BUSY TASK ewma=997
DMA IRQ c0=2
DMA IRQ c1=0
DMA IRQ c2=0
DMA IRQ c3=0
SELECT busy=887
SELECT w0=873
SELECT w1=563
SELECT w2=560
BUSY TASK ewma=997
DMA IRQ c0=2
DMA IRQ c1=0
DMA IRQ c2=0
DMA IRQ c3=0
SELECT busy=909
SELECT w0=894
SELECT w1=577
SELECT w2=575
BUSY TASK ewma=997
DMA IRQ c0=2
DMA IRQ c1=0
DMA IRQ c2=0
DMA IRQ c3=0
SELECT busy=926
SELECT w0=911
SELECT w1=588
SELECT w2=586
BUSY TASK ewma=997
DMA IRQ c0=2
DMA IRQ c1=0
DMA IRQ c2=0
DMA IRQ c3=0
SELECT busy=945
SELECT w0=929
SELECT w1=598
SELECT w2=599
BUSY TASK ewma=997
DMA IRQ c0=2
DMA IRQ c1=0
DMA IRQ c2=0
DMA IRQ c3=0
SELECT busy=962
SELECT w0=946
SELECT w1=605
SELECT w2=606
BUSY TASK ewma=997
DMA IRQ c0=2
DMA IRQ c1=0
DMA IRQ c2=0
DMA IRQ c3=0
SELECT busy=985
SELECT w0=970
SELECT w1=619
SELECT w2=618
BUSY TASK ewma=997
DMA IRQ c0=2
DMA IRQ c1=0
DMA IRQ c2=0
DMA IRQ c3=0
SELECT busy=1004
SELECT w0=988
SELECT w1=629
SELECT w2=627
BUSY TASK ewma=997
DMA IRQ c0=2
DMA IRQ c1=0
DMA IRQ c2=0
DMA IRQ c3=0
SELECT busy=1025
SELECT w0=1009
SELECT w1=639
SELECT w2=637
BUSY TASK ewma=997
DMA IRQ c0=2
DMA IRQ c1=0
DMA IRQ c2=0
DMA IRQ c3=0
SELECT busy=1044
SELECT w0=1028
SELECT w1=647
SELECT w2=649
BUSY TASK ewma=997
DMA IRQ c0=2
DMA IRQ c1=0
DMA IRQ c2=0
DMA IRQ c3=0
SELECT busy=1071
SELECT w0=1056
SELECT w1=668
SELECT w2=663
BUSY TASK ewma=997
DMA IRQ c0=2
DMA IRQ c1=0
DMA IRQ c2=0
DMA IRQ c3=0
SELECT busy=1094
SELECT w0=1079
SELECT w1=680
SELECT w2=677
BUSY TASK ewma=997
DMA IRQ c0=2
DMA IRQ c1=0
DMA IRQ c2=0
DMA IRQ c3=0
SELECT busy=1118
SELECT w0=1103
SELECT w1=693
SELECT w2=691
BUSY TASK ewma=997
DMA IRQ c0=2
DMA IRQ c1=0
DMA IRQ c2=0
DMA IRQ c3=0
SELECT busy=1139
SELECT w0=1124
SELECT w1=706
SELECT w2=703
BUSY TASK ewma=997
DMA IRQ c0=2
DMA IRQ c1=0
DMA IRQ c2=0
DMA IRQ c3=0
SELECT busy=1156
SELECT w0=1140
SELECT w1=717
SELECT w2=713
BUSY TASK ewma=997
DMA IRQ c0=2
DMA IRQ c1=0
DMA IRQ c2=0
DMA IRQ c3=0
SELECT busy=1183
SELECT w0=1168
SELECT w1=735
SELECT w2=727
BUSY TASK ewma=997
DMA IRQ c0=2
DMA IRQ c1=0
DMA IRQ c2=0
DMA IRQ c3=0
SELECT busy=1205
SELECT w0=1189
SELECT w1=745
SELECT w2=737
BUSY TASK ewma=997
DMA IRQ c0=2
DMA IRQ c1=0
DMA IRQ c2=0
DMA IRQ c3=0
SELECT busy=1229
SELECT w0=1213
SELECT w1=757
SELECT w2=751
BUSY TASK ewma=997
DMA IRQ c0=2
DMA IRQ c1=0
DMA IRQ c2=0
DMA IRQ c3=0
SELECT busy=1247
SELECT w0=1231
SELECT w1=765
SELECT w2=759
BUSY TASK ewma=997
DMA IRQ c0=2
DMA IRQ c1=0
DMA IRQ c2=0
DMA IRQ c3=0
SELECT busy=1267
SELECT w0=1251
SELECT w1=777
SELECT w2=770
BUSY TASK ewma=997
DMA IRQ c0=2
DMA IRQ c1=0
DMA IRQ c2=0
DMA IRQ c3=0
SELECT busy=1291
SELECT w0=1275
SELECT w1=789
SELECT w2=782
BUSY TASK ewma=997
DMA IRQ c0=2
DMA IRQ c1=0
DMA IRQ c2=0
DMA IRQ c3=0
SELECT busy=1317
SELECT w0=1302
SELECT w1=809
SELECT w2=794
BUSY TASK ewma=997
DMA IRQ c0=2
DMA IRQ c1=0
DMA IRQ c2=0
DMA IRQ c3=0
SELECT busy=1339
SELECT w0=1325
SELECT w1=824
SELECT w2=807
BUSY TASK ewma=997
DMA IRQ c0=2
DMA IRQ c1=0
DMA IRQ c2=0
DMA IRQ c3=0
SELECT busy=1359
SELECT w0=1343
SELECT w1=834
SELECT w2=815
BUSY TASK ewma=997
DMA IRQ c0=2
DMA IRQ c1=0
DMA IRQ c2=0
DMA IRQ c3=0
SELECT busy=1367
SELECT w0=1351
SELECT w1=838
SELECT w2=820
BUSY TASK ewma=997
IRQ counts: cpu0=2753 cpu1=3320 cpu2=3189 cpu3=3303
SCHED secondaries: calls=9819 unexpected=0
SECTEST switches=9785 cpu1=38186608,40558141 cpu2=26882092,28566258 cpu3=42285142,41316135
PINGPONG rounds=605 pongs=606
DMA IRQ c0=2
DMA IRQ c1=0
DMA IRQ c2=0
DMA IRQ c3=0
SELECT busy=1394
SELECT w0=1378
SELECT w1=849
SELECT w2=832
BUSY TASK ewma=997
DMA IRQ c0=2
DMA IRQ c1=0
DMA IRQ c2=0
DMA IRQ c3=0
SELECT busy=1411
SELECT w0=1396
SELECT w1=860
SELECT w2=842
BUSY TASK ewma=997
DMA IRQ c0=2
DMA IRQ c1=0
DMA IRQ c2=0
DMA IRQ c3=0
SELECT busy=1428
SELECT w0=1412
SELECT w1=876
SELECT w2=853
BUSY TASK ewma=997
DMA IRQ c0=2
DMA IRQ c1=0
DMA IRQ c2=0
DMA IRQ c3=0
SELECT busy=1449
SELECT w0=1434
SELECT w1=887
SELECT w2=867
BUSY TASK ewma=997
DMA IRQ c0=2
DMA IRQ c1=0
DMA IRQ c2=0
DMA IRQ c3=0
SELECT busy=1468
SELECT w0=1452
SELECT w1=897
SELECT w2=876
BUSY TASK ewma=997
DMA IRQ c0=2
DMA IRQ c1=0
DMA IRQ c2=0
DMA IRQ c3=0
SELECT busy=1486
SELECT w0=1471
SELECT w1=908
SELECT w2=886
BUSY TASK ewma=997
DMA IRQ c0=2
DMA IRQ c1=0
DMA IRQ c2=0
DMA IRQ c3=0
SELECT busy=1506
SELECT w0=1491
SELECT w1=918
SELECT w2=900
BUSY TASK ewma=997
DMA IRQ c0=2
DMA IRQ c1=0
DMA IRQ c2=0
DMA IRQ c3=0
SELECT busy=1529
SELECT w0=1514
SELECT w1=927
SELECT w2=907
BUSY TASK ewma=997
DMA IRQ c0=2
DMA IRQ c1=0
DMA IRQ c2=0
DMA IRQ c3=0
SELECT busy=1549
SELECT w0=1533
SELECT w1=933
SELECT w2=913
BUSY TASK ewma=997
DMA IRQ c0=2
DMA IRQ c1=0
DMA IRQ c2=0
DMA IRQ c3=0
SELECT busy=1565
SELECT w0=1549
SELECT w1=939
SELECT w2=920
BUSY TASK ewma=997
DMA IRQ c0=2
DMA IRQ c1=0
DMA IRQ c2=0
DMA IRQ c3=0
SELECT busy=1583
SELECT w0=1567
SELECT w1=945
SELECT w2=928
BUSY TASK ewma=997
DMA IRQ c0=2
DMA IRQ c1=0
DMA IRQ c2=0
DMA IRQ c3=0
SELECT busy=1601
SELECT w0=1585
SELECT w1=952
SELECT w2=936
BUSY TASK ewma=997
DMA IRQ c0=2
DMA IRQ c1=0
DMA IRQ c2=0
DMA IRQ c3=0
SELECT busy=1621
SELECT w0=1605
SELECT w1=961
SELECT w2=947
BUSY TASK ewma=997
DMA IRQ c0=2
DMA IRQ c1=0
DMA IRQ c2=0
DMA IRQ c3=0
SELECT busy=1647
SELECT w0=1631
SELECT w1=974
SELECT w2=961
BUSY TASK ewma=997
DMA IRQ c0=2
DMA IRQ c1=0
DMA IRQ c2=0
DMA IRQ c3=0
SELECT busy=1664
SELECT w0=1652
SELECT w1=986
SELECT w2=971
BUSY TASK ewma=997
DMA IRQ c0=2
DMA IRQ c1=0
DMA IRQ c2=0
DMA IRQ c3=0
SELECT busy=1689
SELECT w0=1673
SELECT w1=998
SELECT w2=983
BUSY TASK ewma=997
DMA IRQ c0=2
DMA IRQ c1=0
DMA IRQ c2=0
DMA IRQ c3=0
SELECT busy=1705
SELECT w0=1689
SELECT w1=1006
SELECT w2=992
BUSY TASK ewma=997
DMA IRQ c0=2
DMA IRQ c1=0
DMA IRQ c2=0
DMA IRQ c3=0
SELECT busy=1720
SELECT w0=1704
SELECT w1=1013
SELECT w2=1000
BUSY TASK ewma=997
DMA IRQ c0=2
DMA IRQ c1=0
DMA IRQ c2=0
DMA IRQ c3=0
SELECT busy=1742
SELECT w0=1727
SELECT w1=1026
SELECT w2=1011
BUSY TASK ewma=997
DMA IRQ c0=2
DMA IRQ c1=0
DMA IRQ c2=0
DMA IRQ c3=0
SELECT busy=1766
SELECT w0=1750
SELECT w1=1037
SELECT w2=1026
BUSY TASK ewma=997
DMA IRQ c0=2
DMA IRQ c1=0
DMA IRQ c2=0
DMA IRQ c3=0
SELECT busy=1786
SELECT w0=1771
SELECT w1=1052
SELECT w2=1046
BUSY TASK ewma=997
DMA IRQ c0=2
DMA IRQ c1=0
DMA IRQ c2=0
DMA IRQ c3=0
SELECT busy=1809
SELECT w0=1794
SELECT w1=1068
SELECT w2=1064
BUSY TASK ewma=997
DMA IRQ c0=2
DMA IRQ c1=0
DMA IRQ c2=0
DMA IRQ c3=0
SELECT busy=1826
SELECT w0=1811
SELECT w1=1084
SELECT w2=1076
BUSY TASK ewma=997
DMA IRQ c0=2
DMA IRQ c1=0
DMA IRQ c2=0
DMA IRQ c3=0
SELECT busy=1858
SELECT w0=1842
SELECT w1=1102
SELECT w2=1097
BUSY TASK ewma=997
DMA IRQ c0=2
DMA IRQ c1=0
DMA IRQ c2=0
DMA IRQ c3=0
SELECT busy=1874
SELECT w0=1858
SELECT w1=1111
SELECT w2=1105
BUSY TASK ewma=997
DMA IRQ c0=2
DMA IRQ c1=0
DMA IRQ c2=0
DMA IRQ c3=0
SELECT busy=1899
SELECT w0=1884
SELECT w1=1128
SELECT w2=1122
BUSY TASK ewma=997
DMA IRQ c0=2
DMA IRQ c1=0
DMA IRQ c2=0
DMA IRQ c3=0
SELECT busy=1921
SELECT w0=1906
SELECT w1=1142
SELECT w2=1132
BUSY TASK ewma=997
DMA IRQ c0=2
DMA IRQ c1=0
DMA IRQ c2=0
DMA IRQ c3=0
SELECT busy=1944
SELECT w0=1928
SELECT w1=1154
SELECT w2=1141
BUSY TASK ewma=997
DMA IRQ c0=2
DMA IRQ c1=0
DMA IRQ c2=0
DMA IRQ c3=0
SELECT busy=1969
SELECT w0=1954
SELECT w1=1172
SELECT w2=1156
BUSY TASK ewma=997
DMA IRQ c0=2
DMA IRQ c1=0
DMA IRQ c2=0
DMA IRQ c3=0
SELECT busy=1992
SELECT w0=1977
SELECT w1=1183
SELECT w2=1166
BUSY TASK ewma=997
DMA IRQ c0=2
DMA IRQ c1=0
DMA IRQ c2=0
DMA IRQ c3=0
SELECT busy=2011
SELECT w0=1995
SELECT w1=1193
SELECT w2=1176
BUSY TASK ewma=997
DMA IRQ c0=2
DMA IRQ c1=0
DMA IRQ c2=0
DMA IRQ c3=0
SELECT busy=2035
SELECT w0=2019
SELECT w1=1203
SELECT w2=1186
BUSY TASK ewma=997
DMA IRQ c0=2
DMA IRQ c1=0
DMA IRQ c2=0
DMA IRQ c3=0
SELECT busy=2054
SELECT w0=2040
SELECT w1=1221
SELECT w2=1204
BUSY TASK ewma=997
DMA IRQ c0=2
DMA IRQ c1=0
DMA IRQ c2=0
DMA IRQ c3=0
SELECT busy=2083
SELECT w0=2067
SELECT w1=1231
SELECT w2=1214
BUSY TASK ewma=997
DMA IRQ c0=2
DMA IRQ c1=0
DMA IRQ c2=0
DMA IRQ c3=0
SELECT busy=2101
SELECT w0=2085
SELECT w1=1238
SELECT w2=1221
BUSY TASK ewma=997
DMA IRQ c0=2
DMA IRQ c1=0
DMA IRQ c2=0
DMA IRQ c3=0
SELECT busy=2122
SELECT w0=2106
SELECT w1=1246
SELECT w2=1229
BUSY TASK ewma=997
DMA IRQ c0=2
DMA IRQ c1=0
DMA IRQ c2=0
DMA IRQ c3=0
SELECT busy=2136
SELECT w0=2121
SELECT w1=1255
SELECT w2=1241
BUSY TASK ewma=997
DMA IRQ c0=2
DMA IRQ c1=0
DMA IRQ c2=0
DMA IRQ c3=0
SELECT busy=2153
SELECT w0=2137
SELECT w1=1264
SELECT w2=1253
BUSY TASK ewma=997
DMA IRQ c0=2
DMA IRQ c1=0
DMA IRQ c2=0
DMA IRQ c3=0
SELECT busy=2172
SELECT w0=2157
SELECT w1=1275
SELECT w2=1265
BUSY TASK ewma=997
DMA IRQ c0=2
DMA IRQ c1=0
DMA IRQ c2=0
DMA IRQ c3=0
SELECT busy=2196
SELECT w0=2180
SELECT w1=1287
SELECT w2=1277
BUSY TASK ewma=997
DMA IRQ c0=2
DMA IRQ c1=0
DMA IRQ c2=0
DMA IRQ c3=0
SELECT busy=2219
SELECT w0=2203
SELECT w1=1301
SELECT w2=1289
BUSY TASK ewma=997
DMA IRQ c0=2
DMA IRQ c1=0
DMA IRQ c2=0
DMA IRQ c3=0
SELECT busy=2235
SELECT w0=2220
SELECT w1=1314
SELECT w2=1303
BUSY TASK ewma=997
DMA IRQ c0=2
DMA IRQ c1=0
DMA IRQ c2=0
DMA IRQ c3=0
SELECT busy=2255
SELECT w0=2240
SELECT w1=1330
SELECT w2=1316
BUSY TASK ewma=997
DMA IRQ c0=2
DMA IRQ c1=0
DMA IRQ c2=0
DMA IRQ c3=0
SELECT busy=2276
SELECT w0=2262
SELECT w1=1348
SELECT w2=1332
BUSY TASK ewma=997
DMA IRQ c0=2
DMA IRQ c1=0
DMA IRQ c2=0
DMA IRQ c3=0
SELECT busy=2301
SELECT w0=2285
SELECT w1=1360
SELECT w2=1347
BUSY TASK ewma=997
DMA IRQ c0=2
DMA IRQ c1=0
DMA IRQ c2=0
DMA IRQ c3=0
SELECT busy=2328
SELECT w0=2314
SELECT w1=1375
SELECT w2=1362
BUSY TASK ewma=997
DMA IRQ c0=2
DMA IRQ c1=0
DMA IRQ c2=0
DMA IRQ c3=0
SELECT busy=2346
SELECT w0=2330
SELECT w1=1381
SELECT w2=1369
BUSY TASK ewma=997
DMA IRQ c0=2
DMA IRQ c1=0
DMA IRQ c2=0
DMA IRQ c3=0
SELECT busy=2367
SELECT w0=2352
SELECT w1=1391
SELECT w2=1380
BUSY TASK ewma=997
DMA IRQ c0=2
DMA IRQ c1=0
DMA IRQ c2=0
DMA IRQ c3=0
SELECT busy=2388
SELECT w0=2373
SELECT w1=1408
SELECT w2=1396
BUSY TASK ewma=997
DMA IRQ c0=2
DMA IRQ c1=0
DMA IRQ c2=0
DMA IRQ c3=0
SELECT busy=2407
SELECT w0=2391
SELECT w1=1421
SELECT w2=1405
BUSY TASK ewma=997
DMA IRQ c0=2
DMA IRQ c1=0
DMA IRQ c2=0
DMA IRQ c3=0
SELECT busy=2426
SELECT w0=2411
SELECT w1=1431
SELECT w2=1415
BUSY TASK ewma=997
DMA IRQ c0=2
DMA IRQ c1=0
DMA IRQ c2=0
DMA IRQ c3=0
SELECT busy=2446
SELECT w0=2430
SELECT w1=1439
SELECT w2=1423
BUSY TASK ewma=997
DMA IRQ c0=2
DMA IRQ c1=0
DMA IRQ c2=0
DMA IRQ c3=0
SELECT busy=2466
SELECT w0=2450
SELECT w1=1450
SELECT w2=1433
BUSY TASK ewma=997
DMA IRQ c0=2
DMA IRQ c1=0
DMA IRQ c2=0
DMA IRQ c3=0
SELECT busy=2484
SELECT w0=2468
SELECT w1=1460
SELECT w2=1443
BUSY TASK ewma=997
DMA IRQ c0=2
DMA IRQ c1=0
DMA IRQ c2=0
DMA IRQ c3=0
SELECT busy=2503
SELECT w0=2487
SELECT w1=1469
SELECT w2=1452
BUSY TASK ewma=997
DMA IRQ c0=2
DMA IRQ c1=0
DMA IRQ c2=0
DMA IRQ c3=0
SELECT busy=2521
SELECT w0=2506
SELECT w1=1477
SELECT w2=1459
BUSY TASK ewma=997
DMA IRQ c0=2
DMA IRQ c1=0
DMA IRQ c2=0
DMA IRQ c3=0
SELECT busy=2543
SELECT w0=2527
SELECT w1=1488
SELECT w2=1471
BUSY TASK ewma=997
DMA IRQ c0=2
DMA IRQ c1=0
DMA IRQ c2=0
DMA IRQ c3=0
SELECT busy=2564
SELECT w0=2548
SELECT w1=1501
SELECT w2=1483
BUSY TASK ewma=997
DMA IRQ c0=2
DMA IRQ c1=0
DMA IRQ c2=0
DMA IRQ c3=0
SELECT busy=2580
SELECT w0=2564
SELECT w1=1512
SELECT w2=1493
BUSY TASK ewma=997
DMA IRQ c0=2
DMA IRQ c1=0
DMA IRQ c2=0
DMA IRQ c3=0
SELECT busy=2603
SELECT w0=2588
SELECT w1=1523
SELECT w2=1509
BUSY TASK ewma=997
DMA IRQ c0=2
DMA IRQ c1=0
DMA IRQ c2=0
DMA IRQ c3=0
SELECT busy=2631
SELECT w0=2615
SELECT w1=1537
SELECT w2=1524
BUSY TASK ewma=997
DMA IRQ c0=2
DMA IRQ c1=0
DMA IRQ c2=0
DMA IRQ c3=0
SELECT busy=2652
SELECT w0=2637
SELECT w1=1552
SELECT w2=1536
BUSY TASK ewma=997
DMA IRQ c0=2
DMA IRQ c1=0
DMA IRQ c2=0
DMA IRQ c3=0
SELECT busy=2669
SELECT w0=2653
SELECT w1=1560
SELECT w2=1543
BUSY TASK ewma=997
DMA IRQ c0=2
DMA IRQ c1=0
DMA IRQ c2=0
DMA IRQ c3=0
SELECT busy=2692
SELECT w0=2677
SELECT w1=1576
SELECT w2=1557
BUSY TASK ewma=997
IRQ counts: cpu0=5407 cpu1=6348 cpu2=6185 cpu3=6327
SCHED secondaries: calls=18883 unexpected=0
SECTEST switches=18879 cpu1=75840763,76995639 cpu2=56866650,55890478 cpu3=83819318,80911674
PINGPONG rounds=1130 pongs=1131
DMA IRQ c0=2
DMA IRQ c1=0
DMA IRQ c2=0
DMA IRQ c3=0
SELECT busy=2725
SELECT w0=2709
SELECT w1=1598
SELECT w2=1573
BUSY TASK ewma=997
DMA IRQ c0=2
DMA IRQ c1=0
DMA IRQ c2=0
DMA IRQ c3=0
SELECT busy=2745
SELECT w0=2729
SELECT w1=1606
SELECT w2=1579
BUSY TASK ewma=997
DMA IRQ c0=2
DMA IRQ c1=0
DMA IRQ c2=0
DMA IRQ c3=0
SELECT busy=2764
SELECT w0=2748
SELECT w1=1616
SELECT w2=1589
BUSY TASK ewma=997
DMA IRQ c0=2
DMA IRQ c1=0
DMA IRQ c2=0
DMA IRQ c3=0
SELECT busy=2788
SELECT w0=2772
SELECT w1=1629
SELECT w2=1603
BUSY TASK ewma=997
DMA IRQ c0=2
DMA IRQ c1=0
DMA IRQ c2=0
DMA IRQ c3=0
SELECT busy=2818
SELECT w0=2802
SELECT w1=1643
SELECT w2=1620
BUSY TASK ewma=997
DMA IRQ c0=2
DMA IRQ c1=0
DMA IRQ c2=0
DMA IRQ c3=0
SELECT busy=2839
SELECT w0=2823
SELECT w1=1652
SELECT w2=1632
BUSY TASK ewma=997
DMA IRQ c0=2
DMA IRQ c1=0
DMA IRQ c2=0
DMA IRQ c3=0
SELECT busy=2863
SELECT w0=2847
SELECT w1=1667
SELECT w2=1643
BUSY TASK ewma=997
DMA IRQ c0=2
DMA IRQ c1=0
DMA IRQ c2=0
DMA IRQ c3=0
SELECT busy=2880
SELECT w0=2864
SELECT w1=1673
SELECT w2=1648
BUSY TASK ewma=997
DMA IRQ c0=2
DMA IRQ c1=0
DMA IRQ c2=0
DMA IRQ c3=0
SELECT busy=2900
SELECT w0=2884
SELECT w1=1681
SELECT w2=1657
BUSY TASK ewma=997
DMA IRQ c0=2
DMA IRQ c1=0
DMA IRQ c2=0
DMA IRQ c3=0
SELECT busy=2924
SELECT w0=2909
SELECT w1=1697
SELECT w2=1673
BUSY TASK ewma=997
DMA IRQ c0=2
DMA IRQ c1=0
DMA IRQ c2=0
DMA IRQ c3=0
SELECT busy=2946
SELECT w0=2931
SELECT w1=1713
SELECT w2=1689
BUSY TASK ewma=997
DMA IRQ c0=2
DMA IRQ c1=0
DMA IRQ c2=0
DMA IRQ c3=0
SELECT busy=2973
SELECT w0=2958
SELECT w1=1728
SELECT w2=1705
BUSY TASK ewma=997
DMA IRQ c0=2
DMA IRQ c1=0
DMA IRQ c2=0
DMA IRQ c3=0
SELECT busy=3001
SELECT w0=2986
SELECT w1=1744
SELECT w2=1719
BUSY TASK ewma=997
DMA IRQ c0=2
DMA IRQ c1=0
DMA IRQ c2=0
DMA IRQ c3=0
SELECT busy=3029
SELECT w0=3014
SELECT w1=1763
SELECT w2=1735
BUSY TASK ewma=997
DMA IRQ c0=2
DMA IRQ c1=0
DMA IRQ c2=0
DMA IRQ c3=0
SELECT busy=3048
SELECT w0=3034
SELECT w1=1777
SELECT w2=1748
BUSY TASK ewma=997
DMA IRQ c0=2
DMA IRQ c1=0
DMA IRQ c2=0
DMA IRQ c3=0
SELECT busy=3074
SELECT w0=3059
SELECT w1=1796
SELECT w2=1763
BUSY TASK ewma=997
DMA IRQ c0=2
DMA IRQ c1=0
DMA IRQ c2=0
DMA IRQ c3=0
SELECT busy=3100
SELECT w0=3084
SELECT w1=1812
SELECT w2=1776
BUSY TASK ewma=997
DMA IRQ c0=2
DMA IRQ c1=0
DMA IRQ c2=0
DMA IRQ c3=0
SELECT busy=3128
SELECT w0=3112
SELECT w1=1831
SELECT w2=1795
BUSY TASK ewma=997
DMA IRQ c0=2
DMA IRQ c1=0
DMA IRQ c2=0
DMA IRQ c3=0
SELECT busy=3148
SELECT w0=3134
SELECT w1=1844
SELECT w2=1808
BUSY TASK ewma=997
DMA IRQ c0=2
DMA IRQ c1=0
DMA IRQ c2=0
DMA IRQ c3=0
SELECT busy=3169
SELECT w0=3155
SELECT w1=1856
SELECT w2=1824
BUSY TASK ewma=997
DMA IRQ c0=2
DMA IRQ c1=0
DMA IRQ c2=0
DMA IRQ c3=0
SELECT busy=3190
SELECT w0=3174
SELECT w1=1864
SELECT w2=1833
BUSY TASK ewma=997
DMA IRQ c0=2
DMA IRQ c1=0
DMA IRQ c2=0
DMA IRQ c3=0
SELECT busy=3208
SELECT w0=3193
SELECT w1=1880
SELECT w2=1846
BUSY TASK ewma=997
DMA IRQ c0=2
DMA IRQ c1=0
DMA IRQ c2=0
DMA IRQ c3=0
SELECT busy=3225
SELECT w0=3210
SELECT w1=1889
SELECT w2=1860
BUSY TASK ewma=997
DMA IRQ c0=2
DMA IRQ c1=0
DMA IRQ c2=0
DMA IRQ c3=0
SELECT busy=3249
SELECT w0=3234
SELECT w1=1902
SELECT w2=1875
BUSY TASK ewma=997
DMA IRQ c0=2
DMA IRQ c1=0
DMA IRQ c2=0
DMA IRQ c3=0
SELECT busy=3273
SELECT w0=3258
SELECT w1=1919
SELECT w2=1890
BUSY TASK ewma=997
DMA IRQ c0=2
DMA IRQ c1=0
DMA IRQ c2=0
DMA IRQ c3=0
SELECT busy=3297
SELECT w0=3282
SELECT w1=1936
SELECT w2=1908
BUSY TASK ewma=997
DMA IRQ c0=2
DMA IRQ c1=0
DMA IRQ c2=0
DMA IRQ c3=0
SELECT busy=3322
SELECT w0=3307
SELECT w1=1954
SELECT w2=1931
BUSY TASK ewma=997
DMA IRQ c0=2
DMA IRQ c1=0
DMA IRQ c2=0
DMA IRQ c3=0
SELECT busy=3347
SELECT w0=3332
SELECT w1=1974
SELECT w2=1947
BUSY TASK ewma=997
DMA IRQ c0=2
DMA IRQ c1=0
DMA IRQ c2=0
DMA IRQ c3=0
SELECT busy=3370
SELECT w0=3355
SELECT w1=1988
SELECT w2=1962
BUSY TASK ewma=997
DMA IRQ c0=2
DMA IRQ c1=0
DMA IRQ c2=0
DMA IRQ c3=0
SELECT busy=3399
SELECT w0=3384
SELECT w1=2006
SELECT w2=1979
BUSY TASK ewma=997
DMA IRQ c0=2
DMA IRQ c1=0
DMA IRQ c2=0
DMA IRQ c3=0
SELECT busy=3426
SELECT w0=3411
SELECT w1=2020
SELECT w2=1992
BUSY TASK ewma=997
DMA IRQ c0=2
DMA IRQ c1=0
DMA IRQ c2=0
DMA IRQ c3=0
SELECT busy=3456
SELECT w0=3440
SELECT w1=2034
SELECT w2=2007
BUSY TASK ewma=997
DMA IRQ c0=2
DMA IRQ c1=0
DMA IRQ c2=0
DMA IRQ c3=0
SELECT busy=3477
SELECT w0=3461
SELECT w1=2040
SELECT w2=2012
BUSY TASK ewma=997
DMA IRQ c0=2
DMA IRQ c1=0
DMA IRQ c2=0
DMA IRQ c3=0
SELECT busy=3499
SELECT w0=3484
SELECT w1=2057
SELECT w2=2028
BUSY TASK ewma=997
DMA IRQ c0=2
DMA IRQ c1=0
DMA IRQ c2=0
DMA IRQ c3=0
SELECT busy=3518
SELECT w0=3503
SELECT w1=2075
SELECT w2=2046
BUSY TASK ewma=997
DMA IRQ c0=2
DMA IRQ c1=0
DMA IRQ c2=0
DMA IRQ c3=0
SELECT busy=3538
SELECT w0=3523
SELECT w1=2085
SELECT w2=2061
BUSY TASK ewma=997
DMA IRQ c0=2
DMA IRQ c1=0
DMA IRQ c2=0
DMA IRQ c3=0
SELECT busy=3565
SELECT w0=3550
SELECT w1=2106
SELECT w2=2083
BUSY TASK ewma=997
DMA IRQ c0=2
DMA IRQ c1=0
DMA IRQ c2=0
DMA IRQ c3=0
SELECT busy=3587
SELECT w0=3571
SELECT w1=2118
SELECT w2=2093
BUSY TASK ewma=997
DMA IRQ c0=2
DMA IRQ c1=0
DMA IRQ c2=0
DMA IRQ c3=0
SELECT busy=3605
SELECT w0=3589
SELECT w1=2124
SELECT w2=2098
BUSY TASK ewma=997
DMA IRQ c0=2
DMA IRQ c1=0
DMA IRQ c2=0
DMA IRQ c3=0
SELECT busy=3625
SELECT w0=3610
SELECT w1=2136
SELECT w2=2111
BUSY TASK ewma=997
DMA IRQ c0=2
DMA IRQ c1=0
DMA IRQ c2=0
DMA IRQ c3=0
SELECT busy=3644
SELECT w0=3628
SELECT w1=2139
SELECT w2=2114
BUSY TASK ewma=997
DMA IRQ c0=2
DMA IRQ c1=0
DMA IRQ c2=0
DMA IRQ c3=0
SELECT busy=3664
SELECT w0=3649
SELECT w1=2148
SELECT w2=2126
BUSY TASK ewma=997
DMA IRQ c0=2
DMA IRQ c1=0
DMA IRQ c2=0
DMA IRQ c3=0
SELECT busy=3690
SELECT w0=3674
SELECT w1=2159
SELECT w2=2138
BUSY TASK ewma=997
DMA IRQ c0=2
DMA IRQ c1=0
DMA IRQ c2=0
DMA IRQ c3=0
SELECT busy=3706
SELECT w0=3690
SELECT w1=2166
SELECT w2=2146
BUSY TASK ewma=997
DMA IRQ c0=2
DMA IRQ c1=0
DMA IRQ c2=0
DMA IRQ c3=0
SELECT busy=3729
SELECT w0=3714
SELECT w1=2182
SELECT w2=2163
BUSY TASK ewma=997
DMA IRQ c0=2
DMA IRQ c1=0
DMA IRQ c2=0
DMA IRQ c3=0
SELECT busy=3770
SELECT w0=3756
SELECT w1=2205
SELECT w2=2179
BUSY TASK ewma=997
DMA IRQ c0=2
DMA IRQ c1=0
DMA IRQ c2=0
DMA IRQ c3=0
SELECT busy=3801
SELECT w0=3785
SELECT w1=2223
SELECT w2=2196
BUSY TASK ewma=997
DMA IRQ c0=2
DMA IRQ c1=0
DMA IRQ c2=0
DMA IRQ c3=0
SELECT busy=3825
SELECT w0=3811
SELECT w1=2238
SELECT w2=2211
BUSY TASK ewma=997
DMA IRQ c0=2
DMA IRQ c1=0
DMA IRQ c2=0
DMA IRQ c3=0
SELECT busy=3853
SELECT w0=3838
SELECT w1=2255
SELECT w2=2231
BUSY TASK ewma=997
DMA IRQ c0=2
DMA IRQ c1=0
DMA IRQ c2=0
DMA IRQ c3=0
SELECT busy=3881
SELECT w0=3865
SELECT w1=2267
SELECT w2=2243
BUSY TASK ewma=997
DMA IRQ c0=2
DMA IRQ c1=0
DMA IRQ c2=0
DMA IRQ c3=0
SELECT busy=3901
SELECT w0=3886
SELECT w1=2285
SELECT w2=2253
BUSY TASK ewma=997
DMA IRQ c0=2
DMA IRQ c1=0
DMA IRQ c2=0
DMA IRQ c3=0
SELECT busy=3923
SELECT w0=3907
SELECT w1=2292
SELECT w2=2263
BUSY TASK ewma=997
DMA IRQ c0=2
DMA IRQ c1=0
DMA IRQ c2=0
DMA IRQ c3=0
SELECT busy=3948
SELECT w0=3933
SELECT w1=2305
SELECT w2=2277
BUSY TASK ewma=997
DMA IRQ c0=2
DMA IRQ c1=0
DMA IRQ c2=0
DMA IRQ c3=0
SELECT busy=3976
SELECT w0=3960
SELECT w1=2326
SELECT w2=2292
BUSY TASK ewma=997
DMA IRQ c0=2
DMA IRQ c1=0
DMA IRQ c2=0
DMA IRQ c3=0
SELECT busy=3997
SELECT w0=3981
SELECT w1=2337
SELECT w2=2310
BUSY TASK ewma=997
DMA IRQ c0=2
DMA IRQ c1=0
DMA IRQ c2=0
DMA IRQ c3=0
SELECT busy=4025
SELECT w0=4010
SELECT w1=2349
SELECT w2=2323
BUSY TASK ewma=997
DMA IRQ c0=2
DMA IRQ c1=0
DMA IRQ c2=0
DMA IRQ c3=0
SELECT busy=4051
SELECT w0=4036
SELECT w1=2362
SELECT w2=2340
BUSY TASK ewma=997
DMA IRQ c0=2
DMA IRQ c1=0
DMA IRQ c2=0
DMA IRQ c3=0
SELECT busy=4073
SELECT w0=4059
SELECT w1=2379
SELECT w2=2355
BUSY TASK ewma=997
DMA IRQ c0=2
DMA IRQ c1=0
DMA IRQ c2=0
DMA IRQ c3=0
SELECT busy=4107
SELECT w0=4092
SELECT w1=2400
SELECT w2=2372
BUSY TASK ewma=997
DMA IRQ c0=2
DMA IRQ c1=0
DMA IRQ c2=0
DMA IRQ c3=0
SELECT busy=4134
SELECT w0=4118
SELECT w1=2413
SELECT w2=2384
BUSY TASK ewma=997
DMA IRQ c0=2
DMA IRQ c1=0
DMA IRQ c2=0
DMA IRQ c3=0
SELECT busy=4159
SELECT w0=4143
SELECT w1=2424
SELECT w2=2394
BUSY TASK ewma=997
DMA IRQ c0=2
DMA IRQ c1=0
DMA IRQ c2=0
DMA IRQ c3=0
SELECT busy=4184
SELECT w0=4169
SELECT w1=2440
SELECT w2=2409
BUSY TASK ewma=997
DMA IRQ c0=2
DMA IRQ c1=0
DMA IRQ c2=0
DMA IRQ c3=0
SELECT busy=4207
SELECT w0=4193
SELECT w1=2454
SELECT w2=2424
BUSY TASK ewma=997
DMA IRQ c0=2
DMA IRQ c1=0
DMA IRQ c2=0
DMA IRQ c3=0
SELECT busy=4226
SELECT w0=4211
SELECT w1=2464
SELECT w2=2433
BUSY TASK ewma=997
IRQ counts: cpu0=8481 cpu1=10007 cpu2=9772 cpu3=9980
SCHED secondaries: calls=29773 unexpected=0
SECTEST switches=29765 cpu1=117471740,117803995 cpu2=88107723,85543746 cpu3=129905971,124112181
PINGPONG rounds=1684 pongs=1685
DMA IRQ c0=2
DMA IRQ c1=0
DMA IRQ c2=0
DMA IRQ c3=0
SELECT busy=4277
SELECT w0=4262
SELECT w1=2493
SELECT w2=2459
BUSY TASK ewma=997
DMA IRQ c0=2
DMA IRQ c1=0
DMA IRQ c2=0
DMA IRQ c3=0
SELECT busy=4300
SELECT w0=4284
SELECT w1=2507
SELECT w2=2474
BUSY TASK ewma=997
DMA IRQ c0=2
DMA IRQ c1=0
DMA IRQ c2=0
DMA IRQ c3=0
SELECT busy=4325
SELECT w0=4310
SELECT w1=2522
SELECT w2=2491
BUSY TASK ewma=997
DMA IRQ c0=2
DMA IRQ c1=0
DMA IRQ c2=0
DMA IRQ c3=0
SELECT busy=4345
SELECT w0=4330
SELECT w1=2537
SELECT w2=2502
BUSY TASK ewma=997
DMA IRQ c0=2
DMA IRQ c1=0
DMA IRQ c2=0
DMA IRQ c3=0
SELECT busy=4365
SELECT w0=4351
SELECT w1=2551
SELECT w2=2515
BUSY TASK ewma=997
DMA IRQ c0=2
DMA IRQ c1=0
DMA IRQ c2=0
DMA IRQ c3=0
SELECT busy=4390
SELECT w0=4375
SELECT w1=2567
SELECT w2=2530
BUSY TASK ewma=997
DMA IRQ c0=2
DMA IRQ c1=0
DMA IRQ c2=0
DMA IRQ c3=0
SELECT busy=4410
SELECT w0=4395
SELECT w1=2578
SELECT w2=2538
BUSY TASK ewma=997
DMA IRQ c0=2
DMA IRQ c1=0
DMA IRQ c2=0
DMA IRQ c3=0
SELECT busy=4426
SELECT w0=4411
SELECT w1=2591
SELECT w2=2549
BUSY TASK ewma=997
DMA IRQ c0=2
DMA IRQ c1=0
DMA IRQ c2=0
DMA IRQ c3=0
SELECT busy=4453
SELECT w0=4437
SELECT w1=2608
SELECT w2=2566
BUSY TASK ewma=997
DMA IRQ c0=2
DMA IRQ c1=0
DMA IRQ c2=0
DMA IRQ c3=0
SELECT busy=4469
SELECT w0=4453
SELECT w1=2615
SELECT w2=2573
BUSY TASK ewma=997
DMA IRQ c0=2
DMA IRQ c1=0
DMA IRQ c2=0
DMA IRQ c3=0
SELECT busy=4485
SELECT w0=4469
SELECT w1=2623
SELECT w2=2582
BUSY TASK ewma=997
DMA IRQ c0=2
DMA IRQ c1=0
DMA IRQ c2=0
DMA IRQ c3=0
SELECT busy=4500
SELECT w0=4486
SELECT w1=2632
SELECT w2=2592
BUSY TASK ewma=997
DMA IRQ c0=2
DMA IRQ c1=0
DMA IRQ c2=0
DMA IRQ c3=0
SELECT busy=4524
SELECT w0=4510
SELECT w1=2649
SELECT w2=2605
BUSY TASK ewma=997
DMA IRQ c0=2
DMA IRQ c1=0
DMA IRQ c2=0
DMA IRQ c3=0
SELECT busy=4538
SELECT w0=4522
SELECT w1=2656
SELECT w2=2614
BUSY TASK ewma=997
DMA IRQ c0=2
DMA IRQ c1=0
DMA IRQ c2=0
DMA IRQ c3=0
SELECT busy=4560
SELECT w0=4545
SELECT w1=2671
SELECT w2=2629
BUSY TASK ewma=997
DMA IRQ c0=2
DMA IRQ c1=0
DMA IRQ c2=0
DMA IRQ c3=0
SELECT busy=4582
SELECT w0=4567
SELECT w1=2680
SELECT w2=2638
BUSY TASK ewma=997
DMA IRQ c0=2
DMA IRQ c1=0
DMA IRQ c2=0
DMA IRQ c3=0
SELECT busy=4603
SELECT w0=4588
SELECT w1=2691
SELECT w2=2648
BUSY TASK ewma=997
DMA IRQ c0=2
DMA IRQ c1=0
DMA IRQ c2=0
DMA IRQ c3=0
SELECT busy=4628
SELECT w0=4613
SELECT w1=2710
SELECT w2=2664
BUSY TASK ewma=997
DMA IRQ c0=2
DMA IRQ c1=0
DMA IRQ c2=0
DMA IRQ c3=0
SELECT busy=4650
SELECT w0=4641
SELECT w1=2728
SELECT w2=2678
BUSY TASK ewma=997
DMA IRQ c0=2
DMA IRQ c1=0
DMA IRQ c2=0
DMA IRQ c3=0
SELECT busy=4671
SELECT w0=4656
SELECT w1=2735
SELECT w2=2686
BUSY TASK ewma=997
DMA IRQ c0=2
DMA IRQ c1=0
DMA IRQ c2=0
DMA IRQ c3=0
SELECT busy=4690
SELECT w0=4675
SELECT w1=2748
SELECT w2=2696
BUSY TASK ewma=997
DMA IRQ c0=2
DMA IRQ c1=0
DMA IRQ c2=0
DMA IRQ c3=0
SELECT busy=4706
SELECT w0=4690
SELECT w1=2760
SELECT w2=2706
BUSY TASK ewma=997
DMA IRQ c0=2
DMA IRQ c1=0
DMA IRQ c2=0
DMA IRQ c3=0
SELECT busy=4720
SELECT w0=4704
SELECT w1=2768
SELECT w2=2716
BUSY TASK ewma=997
DMA IRQ c0=2
DMA IRQ c1=0
DMA IRQ c2=0
DMA IRQ c3=0
SELECT busy=4736
SELECT w0=4720
SELECT w1=2776
SELECT w2=2725
BUSY TASK ewma=997
DMA IRQ c0=2
DMA IRQ c1=0
DMA IRQ c2=0
DMA IRQ c3=0
SELECT busy=4755
SELECT w0=4739
SELECT w1=2790
SELECT w2=2737
BUSY TASK ewma=997
DMA IRQ c0=2
DMA IRQ c1=0
DMA IRQ c2=0
DMA IRQ c3=0
SELECT busy=4777
SELECT w0=4762
SELECT w1=2809
SELECT w2=2748
BUSY TASK ewma=997
DMA IRQ c0=2
DMA IRQ c1=0
DMA IRQ c2=0
DMA IRQ c3=0
SELECT busy=4795
SELECT w0=4780
SELECT w1=2821
SELECT w2=2761
BUSY TASK ewma=997
DMA IRQ c0=2
DMA IRQ c1=0
DMA IRQ c2=0
DMA IRQ c3=0
SELECT busy=4818
SELECT w0=4802
SELECT w1=2833
SELECT w2=2775
BUSY TASK ewma=997
DMA IRQ c0=2
DMA IRQ c1=0
DMA IRQ c2=0
DMA IRQ c3=0
SELECT busy=4837
SELECT w0=4823
SELECT w1=2848
SELECT w2=2786
BUSY TASK ewma=997
DMA IRQ c0=2
DMA IRQ c1=0
DMA IRQ c2=0
DMA IRQ c3=0
SELECT busy=4867
SELECT w0=4852
SELECT w1=2868
SELECT w2=2803
BUSY TASK ewma=997
DMA IRQ c0=2
DMA IRQ c1=0
DMA IRQ c2=0
DMA IRQ c3=0
SELECT busy=4887
SELECT w0=4872
SELECT w1=2879
SELECT w2=2813
BUSY TASK ewma=997
DMA IRQ c0=2
DMA IRQ c1=0
DMA IRQ c2=0
DMA IRQ c3=0
SELECT busy=4906
SELECT w0=4891
SELECT w1=2889
SELECT w2=2826
BUSY TASK ewma=997
DMA IRQ c0=2
DMA IRQ c1=0
DMA IRQ c2=0
DMA IRQ c3=0
SELECT busy=4923
SELECT w0=4908
SELECT w1=2897
SELECT w2=2834
BUSY TASK ewma=997
DMA IRQ c0=2
DMA IRQ c1=0
DMA IRQ c2=0
DMA IRQ c3=0
SELECT busy=4941
SELECT w0=4925
SELECT w1=2909
SELECT w2=2842
BUSY TASK ewma=997
DMA IRQ c0=2
DMA IRQ c1=0
DMA IRQ c2=0
DMA IRQ c3=0
SELECT busy=4963
SELECT w0=4948
SELECT w1=2926
SELECT w2=2860
BUSY TASK ewma=997
DMA IRQ c0=2
DMA IRQ c1=0
DMA IRQ c2=0
DMA IRQ c3=0
SELECT busy=4986
SELECT w0=4971
SELECT w1=2938
SELECT w2=2869
BUSY TASK ewma=997
DMA IRQ c0=2
DMA IRQ c1=0
DMA IRQ c2=0
DMA IRQ c3=0
SELECT busy=5004
SELECT w0=4989
SELECT w1=2949
SELECT w2=2879
BUSY TASK ewma=997
DMA IRQ c0=2
DMA IRQ c1=0
DMA IRQ c2=0
DMA IRQ c3=0
SELECT busy=5024
SELECT w0=5008
SELECT w1=2957
SELECT w2=2888
BUSY TASK ewma=997
DMA IRQ c0=2
DMA IRQ c1=0
DMA IRQ c2=0
DMA IRQ c3=0
SELECT busy=5040
SELECT w0=5024
SELECT w1=2965
SELECT w2=2896
BUSY TASK ewma=997
DMA IRQ c0=2
DMA IRQ c1=0
DMA IRQ c2=0
DMA IRQ c3=0
SELECT busy=5062
SELECT w0=5047
SELECT w1=2975
SELECT w2=2906
BUSY TASK ewma=997
DMA IRQ c0=2
DMA IRQ c1=0
DMA IRQ c2=0
DMA IRQ c3=0
SELECT busy=5081
SELECT w0=5066
SELECT w1=2982
SELECT w2=2915
BUSY TASK ewma=997
DMA IRQ c0=2
DMA IRQ c1=0
DMA IRQ c2=0
DMA IRQ c3=0
SELECT busy=5098
SELECT w0=5082
SELECT w1=2990
SELECT w2=2925
BUSY TASK ewma=997
DMA IRQ c0=2
DMA IRQ c1=0
DMA IRQ c2=0
DMA IRQ c3=0
SELECT busy=5113
SELECT w0=5098
SELECT w1=2998
SELECT w2=2934
BUSY TASK ewma=997
DMA IRQ c0=2
DMA IRQ c1=0
DMA IRQ c2=0
DMA IRQ c3=0
SELECT busy=5128
SELECT w0=5113
SELECT w1=3006
SELECT w2=2943
BUSY TASK ewma=997
DMA IRQ c0=2
DMA IRQ c1=0
DMA IRQ c2=0
DMA IRQ c3=0
SELECT busy=5142
SELECT w0=5126
SELECT w1=3014
SELECT w2=2951
BUSY TASK ewma=997
DMA IRQ c0=2
DMA IRQ c1=0
DMA IRQ c2=0
DMA IRQ c3=0
SELECT busy=5159
SELECT w0=5143
SELECT w1=3021
SELECT w2=2959
BUSY TASK ewma=997
DMA IRQ c0=2
DMA IRQ c1=0
DMA IRQ c2=0
DMA IRQ c3=0
SELECT busy=5182
SELECT w0=5167
SELECT w1=3033
SELECT w2=2975
BUSY TASK ewma=997
DMA IRQ c0=2
DMA IRQ c1=0
DMA IRQ c2=0
DMA IRQ c3=0
SELECT busy=5218
SELECT w0=5203
SELECT w1=3050
SELECT w2=2996
BUSY TASK ewma=997
DMA IRQ c0=2
DMA IRQ c1=0
DMA IRQ c2=0
DMA IRQ c3=0
SELECT busy=5251
SELECT w0=5236
SELECT w1=3067
SELECT w2=3016
BUSY TASK ewma=997
DMA IRQ c0=2
DMA IRQ c1=0
DMA IRQ c2=0
DMA IRQ c3=0
SELECT busy=5273
SELECT w0=5257
SELECT w1=3077
SELECT w2=3027
BUSY TASK ewma=997
DMA IRQ c0=2
DMA IRQ c1=0
DMA IRQ c2=0
DMA IRQ c3=0
SELECT busy=5293
SELECT w0=5278
SELECT w1=3088
SELECT w2=3041
BUSY TASK ewma=997
DMA IRQ c0=2
DMA IRQ c1=0
DMA IRQ c2=0
DMA IRQ c3=0
SELECT busy=5311
SELECT w0=5295
SELECT w1=3098
SELECT w2=3053
BUSY TASK ewma=997
DMA IRQ c0=2
DMA IRQ c1=0
DMA IRQ c2=0
DMA IRQ c3=0
SELECT busy=5322
SELECT w0=5307
SELECT w1=3104
SELECT w2=3061
BUSY TASK ewma=997
DMA IRQ c0=2
DMA IRQ c1=0
DMA IRQ c2=0
DMA IRQ c3=0
SELECT busy=5338
SELECT w0=5323
SELECT w1=3114
SELECT w2=3072
BUSY TASK ewma=997
DMA IRQ c0=2
DMA IRQ c1=0
DMA IRQ c2=0
DMA IRQ c3=0
SELECT busy=5351
SELECT w0=5336
SELECT w1=3121
SELECT w2=3081
BUSY TASK ewma=997
DMA IRQ c0=2
DMA IRQ c1=0
DMA IRQ c2=0
DMA IRQ c3=0
SELECT busy=5379
SELECT w0=5363
SELECT w1=3132
SELECT w2=3093
BUSY TASK ewma=997
DMA IRQ c0=2
DMA IRQ c1=0
DMA IRQ c2=0
DMA IRQ c3=0
SELECT busy=5405
SELECT w0=5389
SELECT w1=3146
SELECT w2=3107
BUSY TASK ewma=997
DMA IRQ c0=2
DMA IRQ c1=0
DMA IRQ c2=0
DMA IRQ c3=0
SELECT busy=5435
SELECT w0=5420
SELECT w1=3159
SELECT w2=3122
BUSY TASK ewma=997
DMA IRQ c0=2
DMA IRQ c1=0
DMA IRQ c2=0
DMA IRQ c3=0
SELECT busy=5466
SELECT w0=5451
SELECT w1=3172
SELECT w2=3136
BUSY TASK ewma=997
DMA IRQ c0=2
DMA IRQ c1=0
DMA IRQ c2=0
DMA IRQ c3=0
SELECT busy=5499
SELECT w0=5484
SELECT w1=3184
SELECT w2=3150
BUSY TASK ewma=997
DMA IRQ c0=2
DMA IRQ c1=0
DMA IRQ c2=0
DMA IRQ c3=0
SELECT busy=5531
SELECT w0=5516
SELECT w1=3198
SELECT w2=3166
BUSY TASK ewma=997
DMA IRQ c0=2
DMA IRQ c1=0
DMA IRQ c2=0
DMA IRQ c3=0
SELECT busy=5565
SELECT w0=5550
SELECT w1=3214
SELECT w2=3188
BUSY TASK ewma=997
DMA IRQ c0=2
DMA IRQ c1=0
DMA IRQ c2=0
DMA IRQ c3=0
SELECT busy=5595
SELECT w0=5579
SELECT w1=3228
SELECT w2=3207
BUSY TASK ewma=997
DMA IRQ c0=2
DMA IRQ c1=0
DMA IRQ c2=0
DMA IRQ c3=0
SELECT busy=5617
SELECT w0=5601
SELECT w1=3238
SELECT w2=3220
BUSY TASK ewma=997
IRQ counts: cpu0=11253 cpu1=13410 cpu2=12960 cpu3=13221
SCHED secondaries: calls=39620 unexpected=0
SECTEST switches=39630 cpu1=152181315,154189530 cpu2=116701082,114010579 cpu3=169637284,162051171
PINGPONG rounds=2000 pongs=2000
DMA IRQ c0=2
DMA IRQ c1=0
DMA IRQ c2=0
DMA IRQ c3=0
SELECT busy=5653
SELECT w0=5637
SELECT w1=3261
SELECT w2=3242
BUSY TASK ewma=997
DMA IRQ c0=2
DMA IRQ c1=0
DMA IRQ c2=0
DMA IRQ c3=0
SELECT busy=5676
SELECT w0=5661
SELECT w1=3266
SELECT w2=3250
BUSY TASK ewma=997
DMA IRQ c0=2
DMA IRQ c1=0
DMA IRQ c2=0
DMA IRQ c3=0
SELECT busy=5707
SELECT w0=5691
SELECT w1=3283
SELECT w2=3269
BUSY TASK ewma=997
DMA IRQ c0=2
DMA IRQ c1=0
DMA IRQ c2=0
DMA IRQ c3=0
SELECT busy=5733
SELECT w0=5718
SELECT w1=3295
SELECT w2=3293
BUSY TASK ewma=997
DMA IRQ c0=2
DMA IRQ c1=0
DMA IRQ c2=0
DMA IRQ c3=0
SELECT busy=5762
SELECT w0=5747
SELECT w1=3308
SELECT w2=3310
BUSY TASK ewma=997
DMA IRQ c0=2
DMA IRQ c1=0
DMA IRQ c2=0
DMA IRQ c3=0
SELECT busy=5788
SELECT w0=5773
SELECT w1=3320
SELECT w2=3333
BUSY TASK ewma=997
DMA IRQ c0=2
DMA IRQ c1=0
DMA IRQ c2=0
DMA IRQ c3=0
SELECT busy=5818
SELECT w0=5803
SELECT w1=3331
SELECT w2=3346
BUSY TASK ewma=997
DMA IRQ c0=2
DMA IRQ c1=0
DMA IRQ c2=0
DMA IRQ c3=0
SELECT busy=5844
SELECT w0=5829
SELECT w1=3345
SELECT w2=3368
BUSY TASK ewma=997
DMA IRQ c0=2
DMA IRQ c1=0
DMA IRQ c2=0
DMA IRQ c3=0
SELECT busy=5871
SELECT w0=5855
SELECT w1=3354
SELECT w2=3381
BUSY TASK ewma=997
DMA IRQ c0=2
DMA IRQ c1=0
DMA IRQ c2=0
DMA IRQ c3=0
SELECT busy=5889
SELECT w0=5873
SELECT w1=3360
SELECT w2=3389
BUSY TASK ewma=997
DMA IRQ c0=2
DMA IRQ c1=0
DMA IRQ c2=0
DMA IRQ c3=0
SELECT busy=5904
SELECT w0=5888
SELECT w1=3367
SELECT w2=3398
BUSY TASK ewma=997
DMA IRQ c0=2
DMA IRQ c1=0
DMA IRQ c2=0
DMA IRQ c3=0
SELECT busy=5925
SELECT w0=5910
SELECT w1=3375
SELECT w2=3411
BUSY TASK ewma=997
DMA IRQ c0=2
DMA IRQ c1=0
DMA IRQ c2=0
DMA IRQ c3=0
SELECT busy=5951
SELECT w0=5936
SELECT w1=3387
SELECT w2=3424
BUSY TASK ewma=997
DMA IRQ c0=2
DMA IRQ c1=0
DMA IRQ c2=0
DMA IRQ c3=0
SELECT busy=5977
SELECT w0=5961
SELECT w1=3397
SELECT w2=3438
BUSY TASK ewma=997
DMA IRQ c0=2
DMA IRQ c1=0
DMA IRQ c2=0
DMA IRQ c3=0
SELECT busy=5994
SELECT w0=5978
SELECT w1=3405
SELECT w2=3449
BUSY TASK ewma=997
DMA IRQ c0=2
DMA IRQ c1=0
DMA IRQ c2=0
DMA IRQ c3=0
SELECT busy=6007
SELECT w0=5994
SELECT w1=3415
SELECT w2=3459
BUSY TASK ewma=997
DMA IRQ c0=2
DMA IRQ c1=0
DMA IRQ c2=0
DMA IRQ c3=0
SELECT busy=6034
SELECT w0=6019
SELECT w1=3428
SELECT w2=3474
BUSY TASK ewma=997
DMA IRQ c0=2
DMA IRQ c1=0
DMA IRQ c2=0
DMA IRQ c3=0
SELECT busy=6051
SELECT w0=6036
SELECT w1=3443
SELECT w2=3490
BUSY TASK ewma=997
DMA IRQ c0=2
DMA IRQ c1=0
DMA IRQ c2=0
DMA IRQ c3=0
SELECT busy=6072
SELECT w0=6057
SELECT w1=3455
SELECT w2=3499
BUSY TASK ewma=997
DMA IRQ c0=2
DMA IRQ c1=0
DMA IRQ c2=0
DMA IRQ c3=0
SELECT busy=6092
SELECT w0=6078
SELECT w1=3473
SELECT w2=3513
BUSY TASK ewma=997
DMA IRQ c0=2
DMA IRQ c1=0
DMA IRQ c2=0
DMA IRQ c3=0
SELECT busy=6116
SELECT w0=6102
SELECT w1=3488
SELECT w2=3529
BUSY TASK ewma=997
DMA IRQ c0=2
DMA IRQ c1=0
DMA IRQ c2=0
DMA IRQ c3=0
SELECT busy=6144
SELECT w0=6128
SELECT w1=3499
SELECT w2=3543
BUSY TASK ewma=997
DMA IRQ c0=2
DMA IRQ c1=0
DMA IRQ c2=0
DMA IRQ c3=0
SELECT busy=6161
SELECT w0=6147
SELECT w1=3510
SELECT w2=3560
BUSY TASK ewma=997
DMA IRQ c0=2
DMA IRQ c1=0
DMA IRQ c2=0
DMA IRQ c3=0
SELECT busy=6182
SELECT w0=6167
SELECT w1=3517
SELECT w2=3569
BUSY TASK ewma=997
DMA IRQ c0=2
DMA IRQ c1=0
DMA IRQ c2=0
DMA IRQ c3=0
SELECT busy=6199
SELECT w0=6184
SELECT w1=3528
SELECT w2=3580
BUSY TASK ewma=997
DMA IRQ c0=2
DMA IRQ c1=0
DMA IRQ c2=0
DMA IRQ c3=0
SELECT busy=6217
SELECT w0=6202
SELECT w1=3538
SELECT w2=3591
BUSY TASK ewma=997
DMA IRQ c0=2
DMA IRQ c1=0
DMA IRQ c2=0
DMA IRQ c3=0
SELECT busy=6234
SELECT w0=6219
SELECT w1=3548
SELECT w2=3603
BUSY TASK ewma=997
DMA IRQ c0=2
DMA IRQ c1=0
DMA IRQ c2=0
DMA IRQ c3=0
SELECT busy=6255
SELECT w0=6240
SELECT w1=3556
SELECT w2=3618
BUSY TASK ewma=997
DMA IRQ c0=2
DMA IRQ c1=0
DMA IRQ c2=0
DMA IRQ c3=0
SELECT busy=6273
SELECT w0=6257
SELECT w1=3563
SELECT w2=3627
BUSY TASK ewma=997
DMA IRQ c0=2
DMA IRQ c1=0
DMA IRQ c2=0
DMA IRQ c3=0
SELECT busy=6295
SELECT w0=6280
SELECT w1=3571
SELECT w2=3638
BUSY TASK ewma=997
DMA IRQ c0=2
DMA IRQ c1=0
DMA IRQ c2=0
DMA IRQ c3=0
SELECT busy=6320
SELECT w0=6305
SELECT w1=3585
SELECT w2=3659
BUSY TASK ewma=997
DMA IRQ c0=2
DMA IRQ c1=0
DMA IRQ c2=0
DMA IRQ c3=0
SELECT busy=6339
SELECT w0=6323
SELECT w1=3591
SELECT w2=3665
BUSY TASK ewma=997
DMA IRQ c0=2
DMA IRQ c1=0
DMA IRQ c2=0
DMA IRQ c3=0
SELECT busy=6360
SELECT w0=6344
SELECT w1=3596
SELECT w2=3674
BUSY TASK ewma=997
DMA IRQ c0=2
DMA IRQ c1=0
DMA IRQ c2=0
DMA IRQ c3=0
SELECT busy=6384
SELECT w0=6369
SELECT w1=3608
SELECT w2=3693
BUSY TASK ewma=997
DMA IRQ c0=2
DMA IRQ c1=0
DMA IRQ c2=0
DMA IRQ c3=0
SELECT busy=6417
SELECT w0=6402
SELECT w1=3621
SELECT w2=3712
BUSY TASK ewma=997
DMA IRQ c0=2
DMA IRQ c1=0
DMA IRQ c2=0
DMA IRQ c3=0
SELECT busy=6448
SELECT w0=6433
SELECT w1=3634
SELECT w2=3729
BUSY TASK ewma=997
DMA IRQ c0=2
DMA IRQ c1=0
DMA IRQ c2=0
DMA IRQ c3=0
SELECT busy=6472
SELECT w0=6456
SELECT w1=3644
SELECT w2=3743
BUSY TASK ewma=997
DMA IRQ c0=2
DMA IRQ c1=0
DMA IRQ c2=0
DMA IRQ c3=0
SELECT busy=6499
SELECT w0=6485
SELECT w1=3660
SELECT w2=3763
BUSY TASK ewma=997
DMA IRQ c0=2
DMA IRQ c1=0
DMA IRQ c2=0
DMA IRQ c3=0
SELECT busy=6530
SELECT w0=6514
SELECT w1=3671
SELECT w2=3777
BUSY TASK ewma=997
DMA IRQ c0=2
DMA IRQ c1=0
DMA IRQ c2=0
DMA IRQ c3=0
SELECT busy=6550
SELECT w0=6534
SELECT w1=3677
SELECT w2=3787
BUSY TASK ewma=997
DMA IRQ c0=2
DMA IRQ c1=0
DMA IRQ c2=0
DMA IRQ c3=0
SELECT busy=6572
SELECT w0=6557
SELECT w1=3687
SELECT w2=3800
BUSY TASK ewma=997
DMA IRQ c0=2
DMA IRQ c1=0
DMA IRQ c2=0
DMA IRQ c3=0
SELECT busy=6599
SELECT w0=6584
SELECT w1=3698
SELECT w2=3819
BUSY TASK ewma=997
DMA IRQ c0=2
DMA IRQ c1=0
DMA IRQ c2=0
DMA IRQ c3=0
SELECT busy=6623
SELECT w0=6609
SELECT w1=3714
SELECT w2=3840
BUSY TASK ewma=997
DMA IRQ c0=2
DMA IRQ c1=0
DMA IRQ c2=0
DMA IRQ c3=0
SELECT busy=6644
SELECT w0=6628
SELECT w1=3725
SELECT w2=3852
BUSY TASK ewma=997
DMA IRQ c0=2
DMA IRQ c1=0
DMA IRQ c2=0
DMA IRQ c3=0
SELECT busy=6674
SELECT w0=6659
SELECT w1=3743
SELECT w2=3875
BUSY TASK ewma=997
DMA IRQ c0=2
DMA IRQ c1=0
DMA IRQ c2=0
DMA IRQ c3=0
SELECT busy=6697
SELECT w0=6682
SELECT w1=3752
SELECT w2=3885
BUSY TASK ewma=997
DMA IRQ c0=2
DMA IRQ c1=0
DMA IRQ c2=0
DMA IRQ c3=0
SELECT busy=6718
SELECT w0=6703
SELECT w1=3763
SELECT w2=3901
BUSY TASK ewma=997
DMA IRQ c0=2
DMA IRQ c1=0
DMA IRQ c2=0
DMA IRQ c3=0
SELECT busy=6738
SELECT w0=6722
SELECT w1=3770
SELECT w2=3909
BUSY TASK ewma=997
DMA IRQ c0=2
DMA IRQ c1=0
DMA IRQ c2=0
DMA IRQ c3=0
SELECT busy=6758
SELECT w0=6742
SELECT w1=3780
SELECT w2=3921
BUSY TASK ewma=997
DMA IRQ c0=2
DMA IRQ c1=0
DMA IRQ c2=0
DMA IRQ c3=0
SELECT busy=6777
SELECT w0=6762
SELECT w1=3787
SELECT w2=3930
BUSY TASK ewma=997
DMA IRQ c0=2
DMA IRQ c1=0
DMA IRQ c2=0
DMA IRQ c3=0
SELECT busy=6798
SELECT w0=6783
SELECT w1=3804
SELECT w2=3946
BUSY TASK ewma=997
DMA IRQ c0=2
DMA IRQ c1=0
DMA IRQ c2=0
DMA IRQ c3=0
SELECT busy=6826
SELECT w0=6811
SELECT w1=3817
SELECT w2=3966
BUSY TASK ewma=997
DMA IRQ c0=2
DMA IRQ c1=0
DMA IRQ c2=0
DMA IRQ c3=0
SELECT busy=6849
SELECT w0=6834
SELECT w1=3829
SELECT w2=3978
BUSY TASK ewma=997
DMA IRQ c0=2
DMA IRQ c1=0
DMA IRQ c2=0
DMA IRQ c3=0
SELECT busy=6866
SELECT w0=6850
SELECT w1=3841
SELECT w2=3987
BUSY TASK ewma=997
DMA IRQ c0=2
DMA IRQ c1=0
DMA IRQ c2=0
DMA IRQ c3=0
SELECT busy=6887
SELECT w0=6871
SELECT w1=3847
SELECT w2=3996
BUSY TASK ewma=997
DMA IRQ c0=2
DMA IRQ c1=0
DMA IRQ c2=0
DMA IRQ c3=0
SELECT busy=6912
SELECT w0=6897
SELECT w1=3864
SELECT w2=4013
BUSY TASK ewma=997
DMA IRQ c0=2
DMA IRQ c1=0
DMA IRQ c2=0
DMA IRQ c3=0
SELECT busy=6941
SELECT w0=6925
SELECT w1=3878
SELECT w2=4029
BUSY TASK ewma=997
DMA IRQ c0=2
DMA IRQ c1=0
DMA IRQ c2=0
DMA IRQ c3=0
SELECT busy=6973
SELECT w0=6957
SELECT w1=3890
SELECT w2=4046
BUSY TASK ewma=997
DMA IRQ c0=2
DMA IRQ c1=0
DMA IRQ c2=0
DMA IRQ c3=0
SELECT busy=6996
SELECT w0=6981
SELECT w1=3900
SELECT w2=4058
BUSY TASK ewma=997
DMA IRQ c0=2
DMA IRQ c1=0
DMA IRQ c2=0
DMA IRQ c3=0
SELECT busy=7013
SELECT w0=6998
SELECT w1=3908
SELECT w2=4067
BUSY TASK ewma=997
DMA IRQ c0=2
DMA IRQ c1=0
DMA IRQ c2=0
DMA IRQ c3=0
SELECT busy=7033
SELECT w0=7018
SELECT w1=3918
SELECT w2=4078
BUSY TASK ewma=997
DMA IRQ c0=2
DMA IRQ c1=0
DMA IRQ c2=0
DMA IRQ c3=0
SELECT busy=7055
SELECT w0=7040
SELECT w1=3930
SELECT w2=4092
BUSY TASK ewma=997
DMA IRQ c0=2
DMA IRQ c1=0
DMA IRQ c2=0
DMA IRQ c3=0
SELECT busy=7078
SELECT w0=7063
SELECT w1=3942
SELECT w2=4105
BUSY TASK ewma=997
DMA IRQ c0=2
DMA IRQ c1=0
DMA IRQ c2=0
DMA IRQ c3=0
SELECT busy=7098
SELECT w0=7083
SELECT w1=3951
SELECT w2=4117
BUSY TASK ewma=997
IRQ counts: cpu0=14205 cpu1=16974 cpu2=16555 cpu3=16856
SCHED secondaries: calls=50401 unexpected=0
SECTEST switches=50385 cpu1=186257977,187477210 cpu2=149947436,146212842 cpu3=217612820,204352862
PINGPONG rounds=2000 pongs=2000
DMA IRQ c0=2
DMA IRQ c1=0
DMA IRQ c2=0
DMA IRQ c3=0
SELECT busy=7127
SELECT w0=7112
SELECT w1=3971
SELECT w2=4139
BUSY TASK ewma=997
DMA IRQ c0=2
DMA IRQ c1=0
DMA IRQ c2=0
DMA IRQ c3=0
SELECT busy=7148
SELECT w0=7132
SELECT w1=3981
SELECT w2=4151
BUSY TASK ewma=997
DMA IRQ c0=2
DMA IRQ c1=0
DMA IRQ c2=0
DMA IRQ c3=0
SELECT busy=7169
SELECT w0=7154
SELECT w1=3991
SELECT w2=4164
BUSY TASK ewma=997
DMA IRQ c0=2
DMA IRQ c1=0
DMA IRQ c2=0
DMA IRQ c3=0
SELECT busy=7189
SELECT w0=7175
SELECT w1=4002
SELECT w2=4179
BUSY TASK ewma=997
DMA IRQ c0=2
DMA IRQ c1=0
DMA IRQ c2=0
DMA IRQ c3=0
SELECT busy=7208
SELECT w0=7193
SELECT w1=4012
SELECT w2=4194
BUSY TASK ewma=997
DMA IRQ c0=2
DMA IRQ c1=0
DMA IRQ c2=0
DMA IRQ c3=0
SELECT busy=7231
SELECT w0=7216
SELECT w1=4023
SELECT w2=4206
BUSY TASK ewma=997
DMA IRQ c0=2
DMA IRQ c1=0
DMA IRQ c2=0
DMA IRQ c3=0
SELECT busy=7250
SELECT w0=7236
SELECT w1=4032
SELECT w2=4218
BUSY TASK ewma=997
DMA IRQ c0=2
DMA IRQ c1=0
DMA IRQ c2=0
DMA IRQ c3=0
SELECT busy=7287
SELECT w0=7272
SELECT w1=4046
SELECT w2=4232
BUSY TASK ewma=997
DMA IRQ c0=2
DMA IRQ c1=0
DMA IRQ c2=0
DMA IRQ c3=0
SELECT busy=7319
SELECT w0=7303
SELECT w1=4059
SELECT w2=4250
BUSY TASK ewma=997
DMA IRQ c0=2
DMA IRQ c1=0
DMA IRQ c2=0
DMA IRQ c3=0
SELECT busy=7340
SELECT w0=7325
SELECT w1=4068
SELECT w2=4260
BUSY TASK ewma=997
DMA IRQ c0=2
DMA IRQ c1=0
DMA IRQ c2=0
DMA IRQ c3=0
SELECT busy=7361
SELECT w0=7345
SELECT w1=4075
SELECT w2=4270
BUSY TASK ewma=997
DMA IRQ c0=2
DMA IRQ c1=0
DMA IRQ c2=0
DMA IRQ c3=0
SELECT busy=7384
SELECT w0=7372
SELECT w1=4087
SELECT w2=4284
BUSY TASK ewma=997
DMA IRQ c0=2
DMA IRQ c1=0
DMA IRQ c2=0
DMA IRQ c3=0
SELECT busy=7431
SELECT w0=7416
SELECT w1=4104
SELECT w2=4303
BUSY TASK ewma=997
DMA IRQ c0=2
DMA IRQ c1=0
DMA IRQ c2=0
DMA IRQ c3=0
SELECT busy=7469
SELECT w0=7453
SELECT w1=4117
SELECT w2=4322
BUSY TASK ewma=997
DMA IRQ c0=2
DMA IRQ c1=0
DMA IRQ c2=0
DMA IRQ c3=0
SELECT busy=7503
SELECT w0=7488
SELECT w1=4130
SELECT w2=4337
BUSY TASK ewma=997
DMA IRQ c0=2
DMA IRQ c1=0
DMA IRQ c2=0
DMA IRQ c3=0
SELECT busy=7534
SELECT w0=7519
SELECT w1=4148
SELECT w2=4354
BUSY TASK ewma=997
DMA IRQ c0=2
DMA IRQ c1=0
DMA IRQ c2=0
DMA IRQ c3=0
SELECT busy=7555
SELECT w0=7540
SELECT w1=4161
SELECT w2=4368
BUSY TASK ewma=997
DMA IRQ c0=2
DMA IRQ c1=0
DMA IRQ c2=0
DMA IRQ c3=0
SELECT busy=7578
SELECT w0=7562
SELECT w1=4170
SELECT w2=4377
BUSY TASK ewma=997
DMA IRQ c0=2
DMA IRQ c1=0
DMA IRQ c2=0
DMA IRQ c3=0
SELECT busy=7599
SELECT w0=7584
SELECT w1=4181
SELECT w2=4392
BUSY TASK ewma=997
DMA IRQ c0=2
DMA IRQ c1=0
DMA IRQ c2=0
DMA IRQ c3=0
SELECT busy=7629
SELECT w0=7614
SELECT w1=4196
SELECT w2=4410
BUSY TASK ewma=997
DMA IRQ c0=2
DMA IRQ c1=0
DMA IRQ c2=0
DMA IRQ c3=0
SELECT busy=7648
SELECT w0=7633
SELECT w1=4208
SELECT w2=4422
BUSY TASK ewma=997
DMA IRQ c0=2
DMA IRQ c1=0
DMA IRQ c2=0
DMA IRQ c3=0
SELECT busy=7675
SELECT w0=7659
SELECT w1=4220
SELECT w2=4440
BUSY TASK ewma=997
DMA IRQ c0=2
DMA IRQ c1=0
DMA IRQ c2=0
DMA IRQ c3=0
SELECT busy=7699
SELECT w0=7685
SELECT w1=4232
SELECT w2=4455
BUSY TASK ewma=997
DMA IRQ c0=2
DMA IRQ c1=0
DMA IRQ c2=0
DMA IRQ c3=0
SELECT busy=7730
SELECT w0=7715
SELECT w1=4244
SELECT w2=4470
BUSY TASK ewma=997
DMA IRQ c0=2
DMA IRQ c1=0
DMA IRQ c2=0
DMA IRQ c3=0
SELECT busy=7751
SELECT w0=7735
SELECT w1=4252
SELECT w2=4480
BUSY TASK ewma=997
DMA IRQ c0=2
DMA IRQ c1=0
DMA IRQ c2=0
DMA IRQ c3=0
SELECT busy=7782
SELECT w0=7770
SELECT w1=4274
SELECT w2=4509
BUSY TASK ewma=997
DMA IRQ c0=2
DMA IRQ c1=0
DMA IRQ c2=0
DMA IRQ c3=0
SELECT busy=7810
SELECT w0=7794
SELECT w1=4283
SELECT w2=4522
BUSY TASK ewma=997
DMA IRQ c0=2
DMA IRQ c1=0
DMA IRQ c2=0
DMA IRQ c3=0
SELECT busy=7835
SELECT w0=7819
SELECT w1=4296
SELECT w2=4540
BUSY TASK ewma=997
DMA IRQ c0=2
DMA IRQ c1=0
DMA IRQ c2=0
DMA IRQ c3=0
SELECT busy=7863
SELECT w0=7849
SELECT w1=4310
SELECT w2=4556
BUSY TASK ewma=997
DMA IRQ c0=2
DMA IRQ c1=0
DMA IRQ c2=0
DMA IRQ c3=0
SELECT busy=7902
SELECT w0=7887
SELECT w1=4326
SELECT w2=4583
BUSY TASK ewma=997
DMA IRQ c0=2
DMA IRQ c1=0
DMA IRQ c2=0
DMA IRQ c3=0
SELECT busy=7942
SELECT w0=7927
SELECT w1=4346
SELECT w2=4605
BUSY TASK ewma=997
DMA IRQ c0=2
DMA IRQ c1=0
DMA IRQ c2=0
DMA IRQ c3=0
SELECT busy=7968
SELECT w0=7953
SELECT w1=4359
SELECT w2=4621
BUSY TASK ewma=997
DMA IRQ c0=2
DMA IRQ c1=0
DMA IRQ c2=0
DMA IRQ c3=0
SELECT busy=8000
SELECT w0=7985
SELECT w1=4372
SELECT w2=4638
BUSY TASK ewma=997
DMA IRQ c0=2
DMA IRQ c1=0
DMA IRQ c2=0
DMA IRQ c3=0
SELECT busy=8022
SELECT w0=8007
SELECT w1=4386
SELECT w2=4656
BUSY TASK ewma=997
DMA IRQ c0=2
DMA IRQ c1=0
DMA IRQ c2=0
DMA IRQ c3=0
SELECT busy=8043
SELECT w0=8027
SELECT w1=4396
SELECT w2=4668
BUSY TASK ewma=997
DMA IRQ c0=2
DMA IRQ c1=0
DMA IRQ c2=0
DMA IRQ c3=0
SELECT busy=8058
SELECT w0=8043
SELECT w1=4405
SELECT w2=4676
BUSY TASK ewma=997
DMA IRQ c0=2
DMA IRQ c1=0
DMA IRQ c2=0
DMA IRQ c3=0
SELECT busy=8079
SELECT w0=8064
SELECT w1=4417
SELECT w2=4688
BUSY TASK ewma=997
DMA IRQ c0=2
DMA IRQ c1=0
DMA IRQ c2=0
DMA IRQ c3=0
SELECT busy=8101
SELECT w0=8086
SELECT w1=4426
SELECT w2=4698
BUSY TASK ewma=997
DMA IRQ c0=2
DMA IRQ c1=0
DMA IRQ c2=0
DMA IRQ c3=0
SELECT busy=8124
SELECT w0=8110
SELECT w1=4434
SELECT w2=4710
BUSY TASK ewma=997
DMA IRQ c0=2
DMA IRQ c1=0
DMA IRQ c2=0
DMA IRQ c3=0
SELECT busy=8154
SELECT w0=8139
SELECT w1=4448
SELECT w2=4727
BUSY TASK ewma=997
DMA IRQ c0=2
DMA IRQ c1=0
DMA IRQ c2=0
DMA IRQ c3=0
SELECT busy=8172
SELECT w0=8156
SELECT w1=4458
SELECT w2=4735
BUSY TASK ewma=997
DMA IRQ c0=2
DMA IRQ c1=0
DMA IRQ c2=0
DMA IRQ c3=0
SELECT busy=8191
SELECT w0=8175
SELECT w1=4465
SELECT w2=4745
BUSY TASK ewma=997
DMA IRQ c0=2
DMA IRQ c1=0
DMA IRQ c2=0
DMA IRQ c3=0
SELECT busy=8209
SELECT w0=8194
SELECT w1=4478
SELECT w2=4757
BUSY TASK ewma=997
DMA IRQ c0=2
DMA IRQ c1=0
DMA IRQ c2=0
DMA IRQ c3=0
SELECT busy=8228
SELECT w0=8212
SELECT w1=4487
SELECT w2=4766
BUSY TASK ewma=997
DMA IRQ c0=2
DMA IRQ c1=0
DMA IRQ c2=0
DMA IRQ c3=0
SELECT busy=8247
SELECT w0=8231
SELECT w1=4494
SELECT w2=4775
BUSY TASK ewma=997
DMA IRQ c0=2
DMA IRQ c1=0
DMA IRQ c2=0
DMA IRQ c3=0
SELECT busy=8266
SELECT w0=8251
SELECT w1=4502
SELECT w2=4783
BUSY TASK ewma=997
DMA IRQ c0=2
DMA IRQ c1=0
DMA IRQ c2=0
DMA IRQ c3=0
SELECT busy=8284
SELECT w0=8268
SELECT w1=4510
SELECT w2=4793
BUSY TASK ewma=997
DMA IRQ c0=2
DMA IRQ c1=0
DMA IRQ c2=0
DMA IRQ c3=0
SELECT busy=8309
SELECT w0=8294
SELECT w1=4523
SELECT w2=4808
BUSY TASK ewma=997
DMA IRQ c0=2
DMA IRQ c1=0
DMA IRQ c2=0
DMA IRQ c3=0
SELECT busy=8330
SELECT w0=8315
SELECT w1=4532
SELECT w2=4820
BUSY TASK ewma=997
DMA IRQ c0=2
DMA IRQ c1=0
DMA IRQ c2=0
DMA IRQ c3=0
SELECT busy=8345
SELECT w0=8330
SELECT w1=4539
SELECT w2=4831
BUSY TASK ewma=997
DMA IRQ c0=2
DMA IRQ c1=0
DMA IRQ c2=0
DMA IRQ c3=0
SELECT busy=8361
SELECT w0=8345
SELECT w1=4545
SELECT w2=4841
BUSY TASK ewma=997
DMA IRQ c0=2
DMA IRQ c1=0
DMA IRQ c2=0
DMA IRQ c3=0
SELECT busy=8379
SELECT w0=8363
SELECT w1=4553
SELECT w2=4848
BUSY TASK ewma=997
DMA IRQ c0=2
DMA IRQ c1=0
DMA IRQ c2=0
DMA IRQ c3=0
SELECT busy=8401
SELECT w0=8385
SELECT w1=4561
SELECT w2=4863
BUSY TASK ewma=997
DMA IRQ c0=2
DMA IRQ c1=0
DMA IRQ c2=0
DMA IRQ c3=0
SELECT busy=8421
SELECT w0=8406
SELECT w1=4571
SELECT w2=4875
BUSY TASK ewma=997
DMA IRQ c0=2
DMA IRQ c1=0
DMA IRQ c2=0
DMA IRQ c3=0
SELECT busy=8436
SELECT w0=8421
SELECT w1=4578
SELECT w2=4884
BUSY TASK ewma=997
DMA IRQ c0=2
DMA IRQ c1=0
DMA IRQ c2=0
DMA IRQ c3=0
SELECT busy=8461
SELECT w0=8446
SELECT w1=4590
SELECT w2=4898
BUSY TASK ewma=997
DMA IRQ c0=2
DMA IRQ c1=0
DMA IRQ c2=0
DMA IRQ c3=0
SELECT busy=8484
SELECT w0=8469
SELECT w1=4606
SELECT w2=4915
BUSY TASK ewma=997
DMA IRQ c0=2
DMA IRQ c1=0
DMA IRQ c2=0
DMA IRQ c3=0
SELECT busy=8508
SELECT w0=8493
SELECT w1=4624
SELECT w2=4932
BUSY TASK ewma=997
DMA IRQ c0=2
DMA IRQ c1=0
DMA IRQ c2=0
DMA IRQ c3=0
SELECT busy=8529
SELECT w0=8514
SELECT w1=4637
SELECT w2=4946
BUSY TASK ewma=997
DMA IRQ c0=2
DMA IRQ c1=0
DMA IRQ c2=0
DMA IRQ c3=0
SELECT busy=8545
SELECT w0=8530
SELECT w1=4645
SELECT w2=4954
BUSY TASK ewma=997
DMA IRQ c0=2
DMA IRQ c1=0
DMA IRQ c2=0
DMA IRQ c3=0
SELECT busy=8564
SELECT w0=8548
SELECT w1=4656
SELECT w2=4966
BUSY TASK ewma=997
DMA IRQ c0=2
DMA IRQ c1=0
DMA IRQ c2=0
DMA IRQ c3=0
SELECT busy=8584
SELECT w0=8571
SELECT w1=4667
SELECT w2=4980
BUSY TASK ewma=997
DMA IRQ c0=2
DMA IRQ c1=0
DMA IRQ c2=0
DMA IRQ c3=0
SELECT busy=8605
SELECT w0=8590
SELECT w1=4676
SELECT w2=4994
BUSY TASK ewma=997
DMA IRQ c0=2
DMA IRQ c1=0
DMA IRQ c2=0
DMA IRQ c3=0
SELECT busy=8625
SELECT w0=8609
SELECT w1=4685
SELECT w2=5005
BUSY TASK ewma=997
IRQ counts: cpu0=17271 cpu1=20642 cpu2=20105 cpu3=20513
SCHED secondaries: calls=61262 unexpected=0
SECTEST switches=61221 cpu1=221209759,220289213 cpu2=181765436,177866317 cpu3=260440394,246471688
PINGPONG rounds=2000 pongs=2000
DMA IRQ c0=2
DMA IRQ c1=0
DMA IRQ c2=0
DMA IRQ c3=0
SELECT busy=8649
SELECT w0=8633
SELECT w1=4694
SELECT w2=5017
BUSY TASK ewma=997
DMA IRQ c0=2
DMA IRQ c1=0
DMA IRQ c2=0
DMA IRQ c3=0
SELECT busy=8666
SELECT w0=8650
SELECT w1=4700
SELECT w2=5025
BUSY TASK ewma=997
DMA IRQ c0=2
DMA IRQ c1=0
DMA IRQ c2=0
DMA IRQ c3=0
SELECT busy=8679
SELECT w0=8664
SELECT w1=4708
SELECT w2=5033
BUSY TASK ewma=997
DMA IRQ c0=2
DMA IRQ c1=0
DMA IRQ c2=0
DMA IRQ c3=0
SELECT busy=8690
SELECT w0=8674
SELECT w1=4712
SELECT w2=5039
BUSY TASK ewma=997
DMA IRQ c0=2
DMA IRQ c1=0
DMA IRQ c2=0
DMA IRQ c3=0
SELECT busy=8713
SELECT w0=8697
SELECT w1=4722
SELECT w2=5049
BUSY TASK ewma=997
DMA IRQ c0=2
DMA IRQ c1=0
DMA IRQ c2=0
DMA IRQ c3=0
SELECT busy=8733
SELECT w0=8717
SELECT w1=4728
SELECT w2=5056
BUSY TASK ewma=997
DMA IRQ c0=2
DMA IRQ c1=0
DMA IRQ c2=0
DMA IRQ c3=0
SELECT busy=8752
SELECT w0=8736
SELECT w1=4735
SELECT w2=5065
BUSY TASK ewma=997
DMA IRQ c0=2
DMA IRQ c1=0
DMA IRQ c2=0
DMA IRQ c3=0
SELECT busy=8772
SELECT w0=8756
SELECT w1=4740
SELECT w2=5071
BUSY TASK ewma=997
DMA IRQ c0=2
DMA IRQ c1=0
DMA IRQ c2=0
DMA IRQ c3=0
SELECT busy=8792
SELECT w0=8776
SELECT w1=4748
SELECT w2=5081
BUSY TASK ewma=997
DMA IRQ c0=2
DMA IRQ c1=0
DMA IRQ c2=0
DMA IRQ c3=0
SELECT busy=8812
SELECT w0=8797
SELECT w1=4756
SELECT w2=5089
BUSY TASK ewma=997
DMA IRQ c0=2
DMA IRQ c1=0
DMA IRQ c2=0
DMA IRQ c3=0
SELECT busy=8831
SELECT w0=8816
SELECT w1=4763
SELECT w2=5097
BUSY TASK ewma=997
DMA IRQ c0=2
DMA IRQ c1=0
DMA IRQ c2=0
DMA IRQ c3=0
SELECT busy=8848
SELECT w0=8833
SELECT w1=4771
SELECT w2=5106
BUSY TASK ewma=997
DMA IRQ c0=2
DMA IRQ c1=0
DMA IRQ c2=0
DMA IRQ c3=0
SELECT busy=8866
SELECT w0=8851
SELECT w1=4780
SELECT w2=5116
BUSY TASK ewma=997
DMA IRQ c0=2
DMA IRQ c1=0
DMA IRQ c2=0
DMA IRQ c3=0
SELECT busy=8887
SELECT w0=8872
SELECT w1=4789
SELECT w2=5130
BUSY TASK ewma=997
DMA IRQ c0=2
DMA IRQ c1=0
DMA IRQ c2=0
DMA IRQ c3=0
SELECT busy=8909
SELECT w0=8893
SELECT w1=4797
SELECT w2=5140
BUSY TASK ewma=997
DMA IRQ c0=2
DMA IRQ c1=0
DMA IRQ c2=0
DMA IRQ c3=0
SELECT busy=8925
SELECT w0=8909
SELECT w1=4806
SELECT w2=5152
BUSY TASK ewma=997
DMA IRQ c0=2
DMA IRQ c1=0
DMA IRQ c2=0
DMA IRQ c3=0
SELECT busy=8948
SELECT w0=8932
SELECT w1=4815
SELECT w2=5161
BUSY TASK ewma=997
DMA IRQ c0=2
DMA IRQ c1=0
DMA IRQ c2=0
DMA IRQ c3=0
SELECT busy=8968
SELECT w0=8953
SELECT w1=4824
SELECT w2=5174
BUSY TASK ewma=997
DMA IRQ c0=2
DMA IRQ c1=0
DMA IRQ c2=0
DMA IRQ c3=0
SELECT busy=8988
SELECT w0=8973
SELECT w1=4837
SELECT w2=5186
BUSY TASK ewma=997
DMA IRQ c0=2
DMA IRQ c1=0
DMA IRQ c2=0
DMA IRQ c3=0
SELECT busy=9007
SELECT w0=8992
SELECT w1=4847
SELECT w2=5198
BUSY TASK ewma=997
DMA IRQ c0=2
DMA IRQ c1=0
DMA IRQ c2=0
DMA IRQ c3=0
SELECT busy=9025
SELECT w0=9010
SELECT w1=4855
SELECT w2=5207
BUSY TASK ewma=997
DMA IRQ c0=2
DMA IRQ c1=0
DMA IRQ c2=0
DMA IRQ c3=0
SELECT busy=9043
SELECT w0=9027
SELECT w1=4865
SELECT w2=5217
BUSY TASK ewma=997
DMA IRQ c0=2
DMA IRQ c1=0
DMA IRQ c2=0
DMA IRQ c3=0
SELECT busy=9061
SELECT w0=9045
SELECT w1=4873
SELECT w2=5227
BUSY TASK ewma=997
DMA IRQ c0=2
DMA IRQ c1=0
DMA IRQ c2=0
DMA IRQ c3=0
SELECT busy=9082
SELECT w0=9066
SELECT w1=4882
SELECT w2=5241
BUSY TASK ewma=997
DMA IRQ c0=2
DMA IRQ c1=0
DMA IRQ c2=0
DMA IRQ c3=0
SELECT busy=9102
SELECT w0=9086
SELECT w1=4891
SELECT w2=5251
BUSY TASK ewma=997
DMA IRQ c0=2
DMA IRQ c1=0
DMA IRQ c2=0
DMA IRQ c3=0
SELECT busy=9123
SELECT w0=9107
SELECT w1=4898
SELECT w2=5259
BUSY TASK ewma=997
DMA IRQ c0=2
DMA IRQ c1=0
DMA IRQ c2=0
DMA IRQ c3=0
SELECT busy=9135
SELECT w0=9119
SELECT w1=4902
SELECT w2=5266
BUSY TASK ewma=997
DMA IRQ c0=2
DMA IRQ c1=0
DMA IRQ c2=0
DMA IRQ c3=0
SELECT busy=9155
SELECT w0=9140
SELECT w1=4910
SELECT w2=5278
BUSY TASK ewma=997
DMA IRQ c0=2
DMA IRQ c1=0
DMA IRQ c2=0
DMA IRQ c3=0
SELECT busy=9172
SELECT w0=9156
SELECT w1=4917
SELECT w2=5288
BUSY TASK ewma=997
DMA IRQ c0=2
DMA IRQ c1=0
DMA IRQ c2=0
DMA IRQ c3=0
SELECT busy=9190
SELECT w0=9175
SELECT w1=4927
SELECT w2=5306
BUSY TASK ewma=997
DMA IRQ c0=2
DMA IRQ c1=0
DMA IRQ c2=0
DMA IRQ c3=0
SELECT busy=9208
SELECT w0=9193
SELECT w1=4936
SELECT w2=5315
BUSY TASK ewma=997
DMA IRQ c0=2
DMA IRQ c1=0
DMA IRQ c2=0
DMA IRQ c3=0
SELECT busy=9230
SELECT w0=9214
SELECT w1=4947
SELECT w2=5326
BUSY TASK ewma=997
DMA IRQ c0=2
DMA IRQ c1=0
DMA IRQ c2=0
DMA IRQ c3=0
SELECT busy=9248
SELECT w0=9232
SELECT w1=4955
SELECT w2=5338
BUSY TASK ewma=997
DMA IRQ c0=2
DMA IRQ c1=0
DMA IRQ c2=0
DMA IRQ c3=0
SELECT busy=9268
SELECT w0=9254
SELECT w1=4967
SELECT w2=5351
BUSY TASK ewma=997
DMA IRQ c0=2
DMA IRQ c1=0
DMA IRQ c2=0
DMA IRQ c3=0
SELECT busy=9293
SELECT w0=9277
SELECT w1=4977
SELECT w2=5364
BUSY TASK ewma=997
DMA IRQ c0=2
DMA IRQ c1=0
DMA IRQ c2=0
DMA IRQ c3=0
SELECT busy=9315
SELECT w0=9299
SELECT w1=4987
SELECT w2=5374
BUSY TASK ewma=997
DMA IRQ c0=2
DMA IRQ c1=0
DMA IRQ c2=0
DMA IRQ c3=0
SELECT busy=9323
SELECT w0=9307
SELECT w1=4990
SELECT w2=5379
BUSY TASK ewma=997
DMA IRQ c0=2
DMA IRQ c1=0
DMA IRQ c2=0
DMA IRQ c3=0
SELECT busy=9349
SELECT w0=9334
SELECT w1=5005
SELECT w2=5398
BUSY TASK ewma=997
DMA IRQ c0=2
DMA IRQ c1=0
DMA IRQ c2=0
DMA IRQ c3=0
SELECT busy=9372
SELECT w0=9356
SELECT w1=5014
SELECT w2=5408
BUSY TASK ewma=997
DMA IRQ c0=2
DMA IRQ c1=0
DMA IRQ c2=0
DMA IRQ c3=0
SELECT busy=9393
SELECT w0=9377
SELECT w1=5023
SELECT w2=5419
BUSY TASK ewma=997
DMA IRQ c0=2
DMA IRQ c1=0
DMA IRQ c2=0
DMA IRQ c3=0
SELECT busy=9413
SELECT w0=9398
SELECT w1=5034
SELECT w2=5431
BUSY TASK ewma=997
DMA IRQ c0=2
DMA IRQ c1=0
DMA IRQ c2=0
DMA IRQ c3=0
SELECT busy=9431
SELECT w0=9415
SELECT w1=5042
SELECT w2=5441
BUSY TASK ewma=997
DMA IRQ c0=2
DMA IRQ c1=0
DMA IRQ c2=0
DMA IRQ c3=0
SELECT busy=9452
SELECT w0=9436
SELECT w1=5050
SELECT w2=5454
BUSY TASK ewma=997
DMA IRQ c0=2
DMA IRQ c1=0
DMA IRQ c2=0
DMA IRQ c3=0
SELECT busy=9469
SELECT w0=9454
SELECT w1=5058
SELECT w2=5463
BUSY TASK ewma=997
DMA IRQ c0=2
DMA IRQ c1=0
DMA IRQ c2=0
DMA IRQ c3=0
SELECT busy=9490
SELECT w0=9475
SELECT w1=5069
SELECT w2=5478
BUSY TASK ewma=997
DMA IRQ c0=2
DMA IRQ c1=0
DMA IRQ c2=0
DMA IRQ c3=0
SELECT busy=9508
SELECT w0=9492
SELECT w1=5077
SELECT w2=5488
BUSY TASK ewma=997
DMA IRQ c0=2
DMA IRQ c1=0
DMA IRQ c2=0
DMA IRQ c3=0
SELECT busy=9523
SELECT w0=9508
SELECT w1=5084
SELECT w2=5497
BUSY TASK ewma=997
DMA IRQ c0=2
DMA IRQ c1=0
DMA IRQ c2=0
DMA IRQ c3=0
SELECT busy=9541
SELECT w0=9526
SELECT w1=5093
SELECT w2=5509
BUSY TASK ewma=997
DMA IRQ c0=2
DMA IRQ c1=0
DMA IRQ c2=0
DMA IRQ c3=0
SELECT busy=9557
SELECT w0=9542
SELECT w1=5099
SELECT w2=5517
BUSY TASK ewma=997
DMA IRQ c0=2
DMA IRQ c1=0
DMA IRQ c2=0
DMA IRQ c3=0
SELECT busy=9579
SELECT w0=9564
SELECT w1=5111
SELECT w2=5535
BUSY TASK ewma=997
DMA IRQ c0=2
DMA IRQ c1=0
DMA IRQ c2=0
DMA IRQ c3=0
SELECT busy=9600
SELECT w0=9585
SELECT w1=5121
SELECT w2=5544
BUSY TASK ewma=997
DMA IRQ c0=2
DMA IRQ c1=0
DMA IRQ c2=0
DMA IRQ c3=0
SELECT busy=9621
SELECT w0=9606
SELECT w1=5128
SELECT w2=5553
BUSY TASK ewma=997
DMA IRQ c0=2
DMA IRQ c1=0
DMA IRQ c2=0
DMA IRQ c3=0
SELECT busy=9645
SELECT w0=9630
SELECT w1=5139
SELECT w2=5565
BUSY TASK ewma=997
DMA IRQ c0=2
DMA IRQ c1=0
DMA IRQ c2=0
DMA IRQ c3=0
SELECT busy=9667
SELECT w0=9651
SELECT w1=5147
SELECT w2=5575
BUSY TASK ewma=997
DMA IRQ c0=2
DMA IRQ c1=0
DMA IRQ c2=0
DMA IRQ c3=0
SELECT busy=9689
SELECT w0=9673
SELECT w1=5154
SELECT w2=5585
BUSY TASK ewma=997
DMA IRQ c0=2
DMA IRQ c1=0
DMA IRQ c2=0
DMA IRQ c3=0
SELECT busy=9716
SELECT w0=9701
SELECT w1=5164
SELECT w2=5597
BUSY TASK ewma=997
DMA IRQ c0=2
DMA IRQ c1=0
DMA IRQ c2=0
DMA IRQ c3=0
SELECT busy=9740
SELECT w0=9724
SELECT w1=5173
SELECT w2=5607
BUSY TASK ewma=997
DMA IRQ c0=2
DMA IRQ c1=0
DMA IRQ c2=0
DMA IRQ c3=0
SELECT busy=9759
SELECT w0=9743
SELECT w1=5177
SELECT w2=5614
BUSY TASK ewma=997
DMA IRQ c0=2
DMA IRQ c1=0
DMA IRQ c2=0
DMA IRQ c3=0
SELECT busy=9783
SELECT w0=9769
SELECT w1=5190
SELECT w2=5628
BUSY TASK ewma=997
DMA IRQ c0=2
DMA IRQ c1=0
DMA IRQ c2=0
DMA IRQ c3=0
SELECT busy=9806
SELECT w0=9791
SELECT w1=5198
SELECT w2=5638
BUSY TASK ewma=997
DMA IRQ c0=2
DMA IRQ c1=0
DMA IRQ c2=0
DMA IRQ c3=0
SELECT busy=9824
SELECT w0=9809
SELECT w1=5203
SELECT w2=5646
BUSY TASK ewma=997
DMA IRQ c0=2
DMA IRQ c1=0
DMA IRQ c2=0
DMA IRQ c3=0
SELECT busy=9844
SELECT w0=9828
SELECT w1=5209
SELECT w2=5654
BUSY TASK ewma=997
DMA IRQ c0=2
DMA IRQ c1=0
DMA IRQ c2=0
DMA IRQ c3=0
SELECT busy=9865
SELECT w0=9849
SELECT w1=5216
SELECT w2=5664
BUSY TASK ewma=997
DMA IRQ c0=2
DMA IRQ c1=0
DMA IRQ c2=0
DMA IRQ c3=0
SELECT busy=9898
SELECT w0=9883
SELECT w1=5233
SELECT w2=5685
BUSY TASK ewma=997
IRQ counts: cpu0=19813 cpu1=23389 cpu2=22827 cpu3=23217
SCHED secondaries: calls=69444 unexpected=0
SECTEST switches=69401 cpu1=252146318,250646112 cpu2=210965036,205725932 cpu3=300968968,282194858
PINGPONG rounds=2000 pongs=2000
DMA IRQ c0=2
DMA IRQ c1=0
DMA IRQ c2=0
DMA IRQ c3=0
SELECT busy=9928
SELECT w0=9913
SELECT w1=5249
SELECT w2=5702
BUSY TASK ewma=997
DMA IRQ c0=2
DMA IRQ c1=0
DMA IRQ c2=0
DMA IRQ c3=0
SELECT busy=9951
SELECT w0=9936
SELECT w1=5261
SELECT w2=5716
BUSY TASK ewma=997
DMA IRQ c0=2
DMA IRQ c1=0
DMA IRQ c2=0
DMA IRQ c3=0
SELECT busy=9970
SELECT w0=9955
SELECT w1=5269
SELECT w2=5727
BUSY TASK ewma=997
DMA IRQ c0=2
DMA IRQ c1=0
DMA IRQ c2=0
DMA IRQ c3=0
SELECT busy=9992
SELECT w0=9979
SELECT w1=5280
SELECT w2=5747
BUSY TASK ewma=997
DMA IRQ c0=2
DMA IRQ c1=0
DMA IRQ c2=0
DMA IRQ c3=0
SELECT busy=10009
SELECT w0=9994
SELECT w1=5287
SELECT w2=5755
BUSY TASK ewma=997
DMA IRQ c0=2
DMA IRQ c1=0
DMA IRQ c2=0
DMA IRQ c3=0
SELECT busy=10030
SELECT w0=10015
SELECT w1=5296
SELECT w2=5767
BUSY TASK ewma=997
DMA IRQ c0=2
DMA IRQ c1=0
DMA IRQ c2=0
DMA IRQ c3=0
SELECT busy=10051
SELECT w0=10036
SELECT w1=5306
SELECT w2=5783
BUSY TASK ewma=997
DMA IRQ c0=2
DMA IRQ c1=0
DMA IRQ c2=0
DMA IRQ c3=0
SELECT busy=10069
SELECT w0=10054
SELECT w1=5317
SELECT w2=5797
BUSY TASK ewma=997
DMA IRQ c0=2
DMA IRQ c1=0
DMA IRQ c2=0
DMA IRQ c3=0
SELECT busy=10093
SELECT w0=10078
SELECT w1=5326
SELECT w2=5813
BUSY TASK ewma=997
DMA IRQ c0=2
DMA IRQ c1=0
DMA IRQ c2=0
DMA IRQ c3=0
SELECT busy=10110
SELECT w0=10094
SELECT w1=5331
SELECT w2=5819
BUSY TASK ewma=997
DMA IRQ c0=2
DMA IRQ c1=0
DMA IRQ c2=0
DMA IRQ c3=0
SELECT busy=10136
SELECT w0=10121
SELECT w1=5343
SELECT w2=5835
BUSY TASK ewma=997
DMA IRQ c0=2
DMA IRQ c1=0
DMA IRQ c2=0
DMA IRQ c3=0
SELECT busy=10157
SELECT w0=10142
SELECT w1=5355
SELECT w2=5850
BUSY TASK ewma=997
DMA IRQ c0=2
DMA IRQ c1=0
DMA IRQ c2=0
DMA IRQ c3=0
SELECT busy=10177
SELECT w0=10161
SELECT w1=5364
SELECT w2=5862
BUSY TASK ewma=997
DMA IRQ c0=2
DMA IRQ c1=0
DMA IRQ c2=0
DMA IRQ c3=0
SELECT busy=10195
SELECT w0=10180
SELECT w1=5375
SELECT w2=5875
BUSY TASK ewma=997
DMA IRQ c0=2
DMA IRQ c1=0
DMA IRQ c2=0
DMA IRQ c3=0
SELECT busy=10217
SELECT w0=10202
SELECT w1=5385
SELECT w2=5894
BUSY TASK ewma=997
DMA IRQ c0=2
DMA IRQ c1=0
DMA IRQ c2=0
DMA IRQ c3=0
SELECT busy=10235
SELECT w0=10220
SELECT w1=5397
SELECT w2=5911
BUSY TASK ewma=997
DMA IRQ c0=2
DMA IRQ c1=0
DMA IRQ c2=0
DMA IRQ c3=0
SELECT busy=10257
SELECT w0=10241
SELECT w1=5405
SELECT w2=5922
BUSY TASK ewma=997
DMA IRQ c0=2
DMA IRQ c1=0
DMA IRQ c2=0
DMA IRQ c3=0
SELECT busy=10273
SELECT w0=10258
SELECT w1=5411
SELECT w2=5928
BUSY TASK ewma=997
DMA IRQ c0=2
DMA IRQ c1=0
DMA IRQ c2=0
DMA IRQ c3=0
SELECT busy=10297
SELECT w0=10282
SELECT w1=5423
SELECT w2=5945
BUSY TASK ewma=997
DMA IRQ c0=2
DMA IRQ c1=0
DMA IRQ c2=0
DMA IRQ c3=0
SELECT busy=10320
SELECT w0=10305
SELECT w1=5434
SELECT w2=5965
BUSY TASK ewma=997
DMA IRQ c0=2
DMA IRQ c1=0
DMA IRQ c2=0
DMA IRQ c3=0
SELECT busy=10338
SELECT w0=10323
SELECT w1=5443
SELECT w2=5976
BUSY TASK ewma=997
DMA IRQ c0=2
DMA IRQ c1=0
DMA IRQ c2=0
DMA IRQ c3=0
SELECT busy=10357
SELECT w0=10341
SELECT w1=5450
SELECT w2=5986
BUSY TASK ewma=997
DMA IRQ c0=2
DMA IRQ c1=0
DMA IRQ c2=0
DMA IRQ c3=0
SELECT busy=10373
SELECT w0=10357
SELECT w1=5458
SELECT w2=5996
BUSY TASK ewma=997
DMA IRQ c0=2
DMA IRQ c1=0
DMA IRQ c2=0
DMA IRQ c3=0
SELECT busy=10397
SELECT w0=10383
SELECT w1=5471
SELECT w2=6016
BUSY TASK ewma=997
DMA IRQ c0=2
DMA IRQ c1=0
DMA IRQ c2=0
DMA IRQ c3=0
SELECT busy=10418
SELECT w0=10402
SELECT w1=5478
SELECT w2=6025
BUSY TASK ewma=997
DMA IRQ c0=2
DMA IRQ c1=0
DMA IRQ c2=0
DMA IRQ c3=0
SELECT busy=10443
SELECT w0=10428
SELECT w1=5488
SELECT w2=6043
BUSY TASK ewma=997
DMA IRQ c0=2
DMA IRQ c1=0
DMA IRQ c2=0
DMA IRQ c3=0
SELECT busy=10465
SELECT w0=10450
SELECT w1=5500
SELECT w2=6059
BUSY TASK ewma=997
DMA IRQ c0=2
DMA IRQ c1=0
DMA IRQ c2=0
DMA IRQ c3=0
SELECT busy=10489
SELECT w0=10473
SELECT w1=5508
SELECT w2=6069
BUSY TASK ewma=997
DMA IRQ c0=2
DMA IRQ c1=0
DMA IRQ c2=0
DMA IRQ c3=0
SELECT busy=10505
SELECT w0=10490
SELECT w1=5514
SELECT w2=6079
BUSY TASK ewma=997
DMA IRQ c0=2
DMA IRQ c1=0
DMA IRQ c2=0
DMA IRQ c3=0
SELECT busy=10525
SELECT w0=10510
SELECT w1=5524
SELECT w2=6093
BUSY TASK ewma=997
DMA IRQ c0=2
DMA IRQ c1=0
DMA IRQ c2=0
DMA IRQ c3=0
SELECT busy=10549
SELECT w0=10533
SELECT w1=5530
SELECT w2=6100
BUSY TASK ewma=997
DMA IRQ c0=2
DMA IRQ c1=0
DMA IRQ c2=0
DMA IRQ c3=0
SELECT busy=10574
SELECT w0=10559
SELECT w1=5543
SELECT w2=6118
BUSY TASK ewma=997
DMA IRQ c0=2
DMA IRQ c1=0
DMA IRQ c2=0
DMA IRQ c3=0
SELECT busy=10595
SELECT w0=10580
SELECT w1=5554
SELECT w2=6132
BUSY TASK ewma=997
DMA IRQ c0=2
DMA IRQ c1=0
DMA IRQ c2=0
DMA IRQ c3=0
SELECT busy=10621
SELECT w0=10606
SELECT w1=5568
SELECT w2=6151
qemu-system-aarch64: terminating on signal 15 from pid 252082 (timeout)
