P4 M7: full integration test boot OK
CPU0: MPIDR_EL1=0x0000000080000000
CPU0: psci_cpu_on target=1 rc=0
CPU1: alive, MPIDR_EL1=0x0000000080000001 this_cpu()->cpu_id=1
CPU0: psci_cpu_on target=2 rc=0
CPU2: alive, MPIDR_EL1=0x0000000080000002 this_cpu()->cpu_id=2
CPU0: psci_cpu_on target=3 rc=0
CPU3: alive, MPIDR_EL1=0x0000000080000003 this_cpu()->cpu_id=3
CPUs online: 4
D2b: worker 2 runs on CPU2
D2b: worker 0 runs on CPU0
D2b: worker 1 runs on CPU1
P4 M7: worker submitted cmd_id=1
P4 M7: worker submitted cmd_id=3
P4 M7: worker submitted cmd_id=2
BUSY TASK ewma=995
DMA IRQ c0=0
DMA IRQ c1=0
DMA IRQ c2=0
DMA IRQ c3=0
SELECT busy=20
SELECT w0=4
SELECT w1=4
SELECT w2=4
BUSY TASK ewma=997
DMA IRQ c0=0
DMA IRQ c1=0
DMA IRQ c2=0
DMA IRQ c3=0
SELECT busy=42
SELECT w0=4
P4 M7: worker DATA OK, cmd_id=1
P4 M7: worker DATA OK, cmd_id=2
P4 M7: worker DATA OK, cmd_id=3
WORKER ewma=958
WORKER ewma=831
WORKER ewma=831
SELECT w1=11
SELECT w2=9
BUSY TASK ewma=997
DMA IRQ c0=2
DMA IRQ c1=0
DMA IRQ c2=0
DMA IRQ c3=0
SELECT busy=73
SELECT w0=46
SELECT w1=46
SELECT w2=44
BUSY TASK ewma=997
DMA IRQ c0=2
DMA IRQ c1=0
DMA IRQ c2=0
DMA IRQ c3=0
SELECT busy=93
SELECT w0=66
SELECT w1=70
SELECT w2=62
BUSY TASK ewma=997
DMA IRQ c0=2
DMA IRQ c1=0
DMA IRQ c2=0
DMA IRQ c3=0
SELECT busy=109
SELECT w0=82
SELECT w1=78
SELECT w2=69
BUSY TASK ewma=997
DMA IRQ c0=2
DMA IRQ c1=0
DMA IRQ c2=0
DMA IRQ c3=0
SELECT busy=130
SELECT w0=104
SELECT w1=94
SELECT w2=80
BUSY TASK ewma=997
DMA IRQ c0=2
DMA IRQ c1=0
DMA IRQ c2=0
DMA IRQ c3=0
SELECT busy=149
SELECT w0=122
SELECT w1=102
SELECT w2=89
BUSY TASK ewma=997
DMA IRQ c0=2
DMA IRQ c1=0
DMA IRQ c2=0
DMA IRQ c3=0
SELECT busy=181
SELECT w0=155
SELECT w1=124
SELECT w2=102
BUSY TASK ewma=997
DMA IRQ c0=2
DMA IRQ c1=0
DMA IRQ c2=0
DMA IRQ c3=0
SELECT busy=204
SELECT w0=177
SELECT w1=133
SELECT w2=110
BUSY TASK ewma=997
DMA IRQ c0=2
DMA IRQ c1=0
DMA IRQ c2=0
DMA IRQ c3=0
SELECT busy=228
SELECT w0=202
SELECT w1=152
SELECT w2=126
BUSY TASK ewma=997
DMA IRQ c0=2
DMA IRQ c1=0
DMA IRQ c2=0
DMA IRQ c3=0
SELECT busy=249
SELECT w0=222
SELECT w1=162
SELECT w2=136
BUSY TASK ewma=997
DMA IRQ c0=2
DMA IRQ c1=0
DMA IRQ c2=0
DMA IRQ c3=0
SELECT busy=267
SELECT w0=240
SELECT w1=171
SELECT w2=142
BUSY TASK ewma=997
DMA IRQ c0=2
DMA IRQ c1=0
DMA IRQ c2=0
DMA IRQ c3=0
SELECT busy=290
SELECT w0=263
SELECT w1=184
SELECT w2=152
BUSY TASK ewma=997
DMA IRQ c0=2
DMA IRQ c1=0
DMA IRQ c2=0
DMA IRQ c3=0
SELECT busy=315
SELECT w0=288
SELECT w1=196
SELECT w2=162
BUSY TASK ewma=997
DMA IRQ c0=2
DMA IRQ c1=0
DMA IRQ c2=0
DMA IRQ c3=0
SELECT busy=342
SELECT w0=316
SELECT w1=208
SELECT w2=177
BUSY TASK ewma=997
DMA IRQ c0=2
DMA IRQ c1=0
DMA IRQ c2=0
DMA IRQ c3=0
SELECT busy=374
SELECT w0=349
SELECT w1=226
SELECT w2=194
BUSY TASK ewma=997
DMA IRQ c0=2
DMA IRQ c1=0
DMA IRQ c2=0
DMA IRQ c3=0
SELECT busy=409
SELECT w0=383
SELECT w1=245
SELECT w2=214
BUSY TASK ewma=997
DMA IRQ c0=2
DMA IRQ c1=0
DMA IRQ c2=0
DMA IRQ c3=0
SELECT busy=448
SELECT w0=422
SELECT w1=268
SELECT w2=236
BUSY TASK ewma=997
DMA IRQ c0=2
DMA IRQ c1=0
DMA IRQ c2=0
DMA IRQ c3=0
SELECT busy=482
SELECT w0=456
SELECT w1=288
SELECT w2=254
BUSY TASK ewma=997
DMA IRQ c0=2
DMA IRQ c1=0
DMA IRQ c2=0
DMA IRQ c3=0
SELECT busy=522
SELECT w0=496
SELECT w1=311
SELECT w2=274
BUSY TASK ewma=997
DMA IRQ c0=2
DMA IRQ c1=0
DMA IRQ c2=0
DMA IRQ c3=0
SELECT busy=547
SELECT w0=521
SELECT w1=326
SELECT w2=291
BUSY TASK ewma=997
DMA IRQ c0=2
DMA IRQ c1=0
DMA IRQ c2=0
DMA IRQ c3=0
SELECT busy=574
SELECT w0=548
SELECT w1=342
SELECT w2=310
BUSY TASK ewma=997
DMA IRQ c0=2
DMA IRQ c1=0
DMA IRQ c2=0
DMA IRQ c3=0
SELECT busy=604
SELECT w0=579
SELECT w1=359
SELECT w2=327
BUSY TASK ewma=997
DMA IRQ c0=2
DMA IRQ c1=0
DMA IRQ c2=0
DMA IRQ c3=0
SELECT busy=631
SELECT w0=605
SELECT w1=373
SELECT w2=346
BUSY TASK ewma=997
DMA IRQ c0=2
DMA IRQ c1=0
DMA IRQ c2=0
DMA IRQ c3=0
SELECT busy=654
SELECT w0=628
SELECT w1=390
SELECT w2=367
BUSY TASK ewma=997
DMA IRQ c0=2
DMA IRQ c1=0
DMA IRQ c2=0
DMA IRQ c3=0
SELECT busy=672
SELECT w0=646
SELECT w1=400
SELECT w2=380
BUSY TASK ewma=997
DMA IRQ c0=2
DMA IRQ c1=0
DMA IRQ c2=0
DMA IRQ c3=0
SELECT busy=691
SELECT w0=665
SELECT w1=412
SELECT w2=391
BUSY TASK ewma=997
DMA IRQ c0=2
DMA IRQ c1=0
DMA IRQ c2=0
DMA IRQ c3=0
SELECT busy=711
SELECT w0=685
SELECT w1=425
SELECT w2=408
BUSY TASK ewma=997
DMA IRQ c0=2
DMA IRQ c1=0
DMA IRQ c2=0
DMA IRQ c3=0
SELECT busy=730
SELECT w0=704
SELECT w1=435
SELECT w2=418
BUSY TASK ewma=997
DMA IRQ c0=2
DMA IRQ c1=0
DMA IRQ c2=0
DMA IRQ c3=0
SELECT busy=749
SELECT w0=722
SELECT w1=443
SELECT w2=435
BUSY TASK ewma=997
DMA IRQ c0=2
DMA IRQ c1=0
DMA IRQ c2=0
DMA IRQ c3=0
SELECT busy=772
SELECT w0=746
SELECT w1=458
SELECT w2=454
BUSY TASK ewma=997
DMA IRQ c0=2
DMA IRQ c1=0
DMA IRQ c2=0
DMA IRQ c3=0
SELECT busy=794
SELECT w0=767
SELECT w1=467
SELECT w2=463
BUSY TASK ewma=997
DMA IRQ c0=2
DMA IRQ c1=0
DMA IRQ c2=0
DMA IRQ c3=0
SELECT busy=810
SELECT w0=784
SELECT w1=476
SELECT w2=473
BUSY TASK ewma=997
DMA IRQ c0=2
DMA IRQ c1=0
DMA IRQ c2=0
DMA IRQ c3=0
SELECT busy=834
SELECT w0=808
SELECT w1=492
SELECT w2=489
BUSY TASK ewma=997
DMA IRQ c0=2
DMA IRQ c1=0
DMA IRQ c2=0
DMA IRQ c3=0
SELECT busy=859
SELECT w0=832
SELECT w1=503
SELECT w2=500
BUSY TASK ewma=997
DMA IRQ c0=2
DMA IRQ c1=0
DMA IRQ c2=0
DMA IRQ c3=0
SELECT busy=882
SELECT w0=856
SELECT w1=517
SELECT w2=514
BUSY TASK ewma=997
DMA IRQ c0=2
DMA IRQ c1=0
DMA IRQ c2=0
DMA IRQ c3=0
SELECT busy=905
SELECT w0=882
SELECT w1=534
SELECT w2=531
BUSY TASK ewma=997
DMA IRQ c0=2
DMA IRQ c1=0
DMA IRQ c2=0
DMA IRQ c3=0
SELECT busy=941
SELECT w0=915
SELECT w1=549
SELECT w2=551
BUSY TASK ewma=997
DMA IRQ c0=2
DMA IRQ c1=0
DMA IRQ c2=0
DMA IRQ c3=0
SELECT busy=962
SELECT w0=936
SELECT w1=567
SELECT w2=567
BUSY TASK ewma=997
DMA IRQ c0=2
DMA IRQ c1=0
DMA IRQ c2=0
DMA IRQ c3=0
SELECT busy=980
SELECT w0=953
SELECT w1=577
SELECT w2=573
BUSY TASK ewma=997
DMA IRQ c0=2
DMA IRQ c1=0
DMA IRQ c2=0
DMA IRQ c3=0
SELECT busy=1003
SELECT w0=977
SELECT w1=595
SELECT w2=589
BUSY TASK ewma=997
DMA IRQ c0=2
DMA IRQ c1=0
DMA IRQ c2=0
DMA IRQ c3=0
SELECT busy=1024
SELECT w0=998
SELECT w1=616
SELECT w2=603
BUSY TASK ewma=997
DMA IRQ c0=2
DMA IRQ c1=0
DMA IRQ c2=0
DMA IRQ c3=0
SELECT busy=1049
SELECT w0=1023
SELECT w1=638
SELECT w2=618
BUSY TASK ewma=997
DMA IRQ c0=2
DMA IRQ c1=0
DMA IRQ c2=0
DMA IRQ c3=0
SELECT busy=1071
SELECT w0=1044
SELECT w1=652
SELECT w2=630
BUSY TASK ewma=997
DMA IRQ c0=2
DMA IRQ c1=0
DMA IRQ c2=0
DMA IRQ c3=0
SELECT busy=1092
SELECT w0=1066
SELECT w1=663
SELECT w2=641
BUSY TASK ewma=997
DMA IRQ c0=2
DMA IRQ c1=0
DMA IRQ c2=0
DMA IRQ c3=0
SELECT busy=1109
SELECT w0=1083
SELECT w1=672
SELECT w2=654
BUSY TASK ewma=997
DMA IRQ c0=2
DMA IRQ c1=0
DMA IRQ c2=0
DMA IRQ c3=0
SELECT busy=1128
SELECT w0=1102
SELECT w1=685
SELECT w2=668
BUSY TASK ewma=997
DMA IRQ c0=2
DMA IRQ c1=0
DMA IRQ c2=0
DMA IRQ c3=0
SELECT busy=1147
SELECT w0=1121
SELECT w1=697
SELECT w2=681
BUSY TASK ewma=997
DMA IRQ c0=2
DMA IRQ c1=0
DMA IRQ c2=0
DMA IRQ c3=0
SELECT busy=1163
SELECT w0=1136
SELECT w1=705
SELECT w2=690
BUSY TASK ewma=997
DMA IRQ c0=2
DMA IRQ c1=0
DMA IRQ c2=0
DMA IRQ c3=0
SELECT busy=1182
SELECT w0=1155
SELECT w1=718
SELECT w2=705
BUSY TASK ewma=997
DMA IRQ c0=2
DMA IRQ c1=0
DMA IRQ c2=0
DMA IRQ c3=0
SELECT busy=1211
SELECT w0=1185
SELECT w1=738
SELECT w2=727
BUSY TASK ewma=997
DMA IRQ c0=2
DMA IRQ c1=0
DMA IRQ c2=0
DMA IRQ c3=0
SELECT busy=1233
SELECT w0=1207
SELECT w1=754
SELECT w2=740
BUSY TASK ewma=997
DMA IRQ c0=2
DMA IRQ c1=0
DMA IRQ c2=0
DMA IRQ c3=0
SELECT busy=1253
SELECT w0=1227
SELECT w1=768
SELECT w2=755
BUSY TASK ewma=997
DMA IRQ c0=2
DMA IRQ c1=0
DMA IRQ c2=0
DMA IRQ c3=0
SELECT busy=1280
SELECT w0=1253
SELECT w1=784
SELECT w2=767
BUSY TASK ewma=997
DMA IRQ c0=2
DMA IRQ c1=0
DMA IRQ c2=0
DMA IRQ c3=0
SELECT busy=1297
SELECT w0=1271
SELECT w1=799
SELECT w2=781
BUSY TASK ewma=997
DMA IRQ c0=2
DMA IRQ c1=0
DMA IRQ c2=0
DMA IRQ c3=0
SELECT busy=1323
SELECT w0=1297
SELECT w1=816
SELECT w2=792
BUSY TASK ewma=997
DMA IRQ c0=2
DMA IRQ c1=0
DMA IRQ c2=0
DMA IRQ c3=0
SELECT busy=1345
SELECT w0=1318
SELECT w1=830
SELECT w2=804
BUSY TASK ewma=997
DMA IRQ c0=2
DMA IRQ c1=0
DMA IRQ c2=0
DMA IRQ c3=0
SELECT busy=1363
SELECT w0=1337
SELECT w1=841
SELECT w2=818
BUSY TASK ewma=997
DMA IRQ c0=2
DMA IRQ c1=0
DMA IRQ c2=0
DMA IRQ c3=0
SELECT busy=1381
SELECT w0=1354
SELECT w1=850
SELECT w2=829
BUSY TASK ewma=997
DMA IRQ c0=2
DMA IRQ c1=0
DMA IRQ c2=0
DMA IRQ c3=0
SELECT busy=1396
SELECT w0=1369
SELECT w1=860
SELECT w2=840
BUSY TASK ewma=997
DMA IRQ c0=2
DMA IRQ c1=0
DMA IRQ c2=0
DMA IRQ c3=0
SELECT busy=1415
SELECT w0=1388
SELECT w1=872
SELECT w2=857
BUSY TASK ewma=997
DMA IRQ c0=2
DMA IRQ c1=0
DMA IRQ c2=0
DMA IRQ c3=0
SELECT busy=1436
SELECT w0=1409
SELECT w1=886
SELECT w2=870
BUSY TASK ewma=997
DMA IRQ c0=2
DMA IRQ c1=0
DMA IRQ c2=0
DMA IRQ c3=0
SELECT busy=1451
SELECT w0=1425
SELECT w1=897
SELECT w2=879
BUSY TASK ewma=997
IRQ counts: cpu0=2902 cpu1=3535 cpu2=3575 cpu3=3492
SCHED secondaries: calls=10617 unexpected=0
SECTEST switches=10592 cpu1=38073832,36330319 cpu2=29932664,28625404 cpu3=42921079,40459407
PINGPONG rounds=640 pongs=642
DMA IRQ c0=2
DMA IRQ c1=0
DMA IRQ c2=0
DMA IRQ c3=0
SELECT busy=1479
SELECT w0=1452
SELECT w1=918
SELECT w2=896
BUSY TASK ewma=997
DMA IRQ c0=2
DMA IRQ c1=0
DMA IRQ c2=0
DMA IRQ c3=0
SELECT busy=1487
SELECT w0=1462
SELECT w1=929
SELECT w2=907
BUSY TASK ewma=997
DMA IRQ c0=2
DMA IRQ c1=0
DMA IRQ c2=0
DMA IRQ c3=0
SELECT busy=1506
SELECT w0=1479
SELECT w1=940
SELECT w2=918
BUSY TASK ewma=997
DMA IRQ c0=2
DMA IRQ c1=0
DMA IRQ c2=0
DMA IRQ c3=0
SELECT busy=1522
SELECT w0=1496
SELECT w1=952
SELECT w2=930
BUSY TASK ewma=997
DMA IRQ c0=2
DMA IRQ c1=0
DMA IRQ c2=0
DMA IRQ c3=0
SELECT busy=1540
SELECT w0=1514
SELECT w1=965
SELECT w2=941
BUSY TASK ewma=997
DMA IRQ c0=2
DMA IRQ c1=0
DMA IRQ c2=0
DMA IRQ c3=0
SELECT busy=1555
SELECT w0=1529
SELECT w1=975
SELECT w2=950
BUSY TASK ewma=997
DMA IRQ c0=2
DMA IRQ c1=0
DMA IRQ c2=0
DMA IRQ c3=0
SELECT busy=1579
SELECT w0=1553
SELECT w1=987
SELECT w2=963
BUSY TASK ewma=997
DMA IRQ c0=2
DMA IRQ c1=0
DMA IRQ c2=0
DMA IRQ c3=0
SELECT busy=1596
SELECT w0=1570
SELECT w1=994
SELECT w2=970
BUSY TASK ewma=997
DMA IRQ c0=2
DMA IRQ c1=0
DMA IRQ c2=0
DMA IRQ c3=0
SELECT busy=1613
SELECT w0=1587
SELECT w1=1001
SELECT w2=977
BUSY TASK ewma=997
DMA IRQ c0=2
DMA IRQ c1=0
DMA IRQ c2=0
DMA IRQ c3=0
SELECT busy=1636
SELECT w0=1612
SELECT w1=1012
SELECT w2=992
BUSY TASK ewma=997
DMA IRQ c0=2
DMA IRQ c1=0
DMA IRQ c2=0
DMA IRQ c3=0
SELECT busy=1653
SELECT w0=1626
SELECT w1=1020
SELECT w2=1003
BUSY TASK ewma=997
DMA IRQ c0=2
DMA IRQ c1=0
DMA IRQ c2=0
DMA IRQ c3=0
SELECT busy=1671
SELECT w0=1645
SELECT w1=1030
SELECT w2=1015
BUSY TASK ewma=997
DMA IRQ c0=2
DMA IRQ c1=0
DMA IRQ c2=0
DMA IRQ c3=0
SELECT busy=1693
SELECT w0=1666
SELECT w1=1040
SELECT w2=1025
BUSY TASK ewma=997
DMA IRQ c0=2
DMA IRQ c1=0
DMA IRQ c2=0
DMA IRQ c3=0
SELECT busy=1718
SELECT w0=1691
SELECT w1=1054
SELECT w2=1041
BUSY TASK ewma=997
DMA IRQ c0=2
DMA IRQ c1=0
DMA IRQ c2=0
DMA IRQ c3=0
SELECT busy=1744
SELECT w0=1718
SELECT w1=1075
SELECT w2=1056
BUSY TASK ewma=997
DMA IRQ c0=2
DMA IRQ c1=0
DMA IRQ c2=0
DMA IRQ c3=0
SELECT busy=1770
SELECT w0=1743
SELECT w1=1096
SELECT w2=1070
BUSY TASK ewma=997
DMA IRQ c0=2
DMA IRQ c1=0
DMA IRQ c2=0
DMA IRQ c3=0
SELECT busy=1797
SELECT w0=1771
SELECT w1=1114
SELECT w2=1087
BUSY TASK ewma=997
DMA IRQ c0=2
DMA IRQ c1=0
DMA IRQ c2=0
DMA IRQ c3=0
SELECT busy=1821
SELECT w0=1794
SELECT w1=1129
SELECT w2=1102
BUSY TASK ewma=997
DMA IRQ c0=2
DMA IRQ c1=0
DMA IRQ c2=0
DMA IRQ c3=0
SELECT busy=1845
SELECT w0=1818
SELECT w1=1142
SELECT w2=1118
BUSY TASK ewma=997
DMA IRQ c0=2
DMA IRQ c1=0
DMA IRQ c2=0
DMA IRQ c3=0
SELECT busy=1860
SELECT w0=1835
SELECT w1=1150
SELECT w2=1129
BUSY TASK ewma=997
DMA IRQ c0=2
DMA IRQ c1=0
DMA IRQ c2=0
DMA IRQ c3=0
SELECT busy=1880
SELECT w0=1853
SELECT w1=1161
SELECT w2=1138
BUSY TASK ewma=997
DMA IRQ c0=2
DMA IRQ c1=0
DMA IRQ c2=0
DMA IRQ c3=0
SELECT busy=1900
SELECT w0=1873
SELECT w1=1170
SELECT w2=1147
BUSY TASK ewma=997
DMA IRQ c0=2
DMA IRQ c1=0
DMA IRQ c2=0
DMA IRQ c3=0
SELECT busy=1922
SELECT w0=1895
SELECT w1=1180
SELECT w2=1160
BUSY TASK ewma=997
DMA IRQ c0=2
DMA IRQ c1=0
DMA IRQ c2=0
DMA IRQ c3=0
SELECT busy=1939
SELECT w0=1913
SELECT w1=1189
SELECT w2=1170
BUSY TASK ewma=997
DMA IRQ c0=2
DMA IRQ c1=0
DMA IRQ c2=0
DMA IRQ c3=0
SELECT busy=1958
SELECT w0=1933
SELECT w1=1204
SELECT w2=1182
BUSY TASK ewma=997
DMA IRQ c0=2
DMA IRQ c1=0
DMA IRQ c2=0
DMA IRQ c3=0
SELECT busy=1985
SELECT w0=1959
SELECT w1=1220
SELECT w2=1196
BUSY TASK ewma=997
DMA IRQ c0=2
DMA IRQ c1=0
DMA IRQ c2=0
DMA IRQ c3=0
SELECT busy=2006
SELECT w0=1979
SELECT w1=1230
SELECT w2=1205
BUSY TASK ewma=997
DMA IRQ c0=2
DMA IRQ c1=0
DMA IRQ c2=0
DMA IRQ c3=0
SELECT busy=2021
SELECT w0=1995
SELECT w1=1239
SELECT w2=1217
BUSY TASK ewma=997
DMA IRQ c0=2
DMA IRQ c1=0
DMA IRQ c2=0
DMA IRQ c3=0
SELECT busy=2040
SELECT w0=2013
SELECT w1=1248
SELECT w2=1228
BUSY TASK ewma=997
DMA IRQ c0=2
DMA IRQ c1=0
DMA IRQ c2=0
DMA IRQ c3=0
SELECT busy=2060
SELECT w0=2034
SELECT w1=1260
SELECT w2=1244
BUSY TASK ewma=997
DMA IRQ c0=2
DMA IRQ c1=0
DMA IRQ c2=0
DMA IRQ c3=0
SELECT busy=2091
SELECT w0=2064
SELECT w1=1275
SELECT w2=1261
BUSY TASK ewma=997
DMA IRQ c0=2
DMA IRQ c1=0
DMA IRQ c2=0
DMA IRQ c3=0
SELECT busy=2103
SELECT w0=2077
SELECT w1=1288
SELECT w2=1275
BUSY TASK ewma=997
DMA IRQ c0=2
DMA IRQ c1=0
DMA IRQ c2=0
DMA IRQ c3=0
SELECT busy=2134
SELECT w0=2108
SELECT w1=1305
SELECT w2=1289
BUSY TASK ewma=997
DMA IRQ c0=2
DMA IRQ c1=0
DMA IRQ c2=0
DMA IRQ c3=0
SELECT busy=2148
SELECT w0=2121
SELECT w1=1311
SELECT w2=1294
BUSY TASK ewma=997
DMA IRQ c0=2
DMA IRQ c1=0
DMA IRQ c2=0
DMA IRQ c3=0
SELECT busy=2167
SELECT w0=2142
SELECT w1=1325
SELECT w2=1307
BUSY TASK ewma=997
DMA IRQ c0=2
DMA IRQ c1=0
DMA IRQ c2=0
DMA IRQ c3=0
SELECT busy=2192
SELECT w0=2165
SELECT w1=1336
SELECT w2=1319
BUSY TASK ewma=997
DMA IRQ c0=2
DMA IRQ c1=0
DMA IRQ c2=0
DMA IRQ c3=0
SELECT busy=2219
SELECT w0=2193
SELECT w1=1352
SELECT w2=1334
BUSY TASK ewma=997
DMA IRQ c0=2
DMA IRQ c1=0
DMA IRQ c2=0
DMA IRQ c3=0
SELECT busy=2249
SELECT w0=2223
SELECT w1=1374
SELECT w2=1353
BUSY TASK ewma=997
DMA IRQ c0=2
DMA IRQ c1=0
DMA IRQ c2=0
DMA IRQ c3=0
SELECT busy=2278
SELECT w0=2252
SELECT w1=1392
SELECT w2=1372
BUSY TASK ewma=997
DMA IRQ c0=2
DMA IRQ c1=0
DMA IRQ c2=0
DMA IRQ c3=0
SELECT busy=2303
SELECT w0=2276
SELECT w1=1403
SELECT w2=1383
BUSY TASK ewma=997
DMA IRQ c0=2
DMA IRQ c1=0
DMA IRQ c2=0
DMA IRQ c3=0
SELECT busy=2321
SELECT w0=2294
SELECT w1=1410
SELECT w2=1389
BUSY TASK ewma=997
DMA IRQ c0=2
DMA IRQ c1=0
DMA IRQ c2=0
DMA IRQ c3=0
SELECT busy=2340
SELECT w0=2314
SELECT w1=1420
SELECT w2=1399
BUSY TASK ewma=997
DMA IRQ c0=2
DMA IRQ c1=0
DMA IRQ c2=0
DMA IRQ c3=0
SELECT busy=2359
SELECT w0=2332
SELECT w1=1428
SELECT w2=1407
BUSY TASK ewma=997
DMA IRQ c0=2
DMA IRQ c1=0
DMA IRQ c2=0
DMA IRQ c3=0
SELECT busy=2378
SELECT w0=2351
SELECT w1=1434
SELECT w2=1414
BUSY TASK ewma=997
DMA IRQ c0=2
DMA IRQ c1=0
DMA IRQ c2=0
DMA IRQ c3=0
SELECT busy=2400
SELECT w0=2374
SELECT w1=1448
SELECT w2=1431
BUSY TASK ewma=997
DMA IRQ c0=2
DMA IRQ c1=0
DMA IRQ c2=0
DMA IRQ c3=0
SELECT busy=2425
SELECT w0=2398
SELECT w1=1459
SELECT w2=1439
BUSY TASK ewma=997
DMA IRQ c0=2
DMA IRQ c1=0
DMA IRQ c2=0
DMA IRQ c3=0
SELECT busy=2446
SELECT w0=2419
SELECT w1=1468
SELECT w2=1448
BUSY TASK ewma=997
DMA IRQ c0=2
DMA IRQ c1=0
DMA IRQ c2=0
DMA IRQ c3=0
SELECT busy=2471
SELECT w0=2445
SELECT w1=1481
SELECT w2=1466
BUSY TASK ewma=997
DMA IRQ c0=2
DMA IRQ c1=0
DMA IRQ c2=0
DMA IRQ c3=0
SELECT busy=2493
SELECT w0=2467
SELECT w1=1494
SELECT w2=1481
BUSY TASK ewma=997
DMA IRQ c0=2
DMA IRQ c1=0
DMA IRQ c2=0
DMA IRQ c3=0
SELECT busy=2520
SELECT w0=2494
SELECT w1=1508
SELECT w2=1498
BUSY TASK ewma=997
DMA IRQ c0=2
DMA IRQ c1=0
DMA IRQ c2=0
DMA IRQ c3=0
SELECT busy=2538
SELECT w0=2511
SELECT w1=1519
SELECT w2=1508
BUSY TASK ewma=997
DMA IRQ c0=2
DMA IRQ c1=0
DMA IRQ c2=0
DMA IRQ c3=0
SELECT busy=2562
SELECT w0=2535
SELECT w1=1530
SELECT w2=1519
BUSY TASK ewma=997
DMA IRQ c0=2
DMA IRQ c1=0
DMA IRQ c2=0
DMA IRQ c3=0
SELECT busy=2583
SELECT w0=2556
SELECT w1=1541
SELECT w2=1530
BUSY TASK ewma=997
DMA IRQ c0=2
DMA IRQ c1=0
DMA IRQ c2=0
DMA IRQ c3=0
SELECT busy=2606
SELECT w0=2580
SELECT w1=1557
SELECT w2=1547
BUSY TASK ewma=997
DMA IRQ c0=2
DMA IRQ c1=0
DMA IRQ c2=0
DMA IRQ c3=0
SELECT busy=2635
SELECT w0=2609
SELECT w1=1577
SELECT w2=1564
BUSY TASK ewma=997
DMA IRQ c0=2
DMA IRQ c1=0
DMA IRQ c2=0
DMA IRQ c3=0
SELECT busy=2661
SELECT w0=2635
SELECT w1=1593
SELECT w2=1579
BUSY TASK ewma=997
DMA IRQ c0=2
DMA IRQ c1=0
DMA IRQ c2=0
DMA IRQ c3=0
SELECT busy=2684
SELECT w0=2657
SELECT w1=1608
SELECT w2=1594
BUSY TASK ewma=997
DMA IRQ c0=2
DMA IRQ c1=0
DMA IRQ c2=0
DMA IRQ c3=0
SELECT busy=2705
SELECT w0=2679
SELECT w1=1624
SELECT w2=1608
BUSY TASK ewma=997
DMA IRQ c0=2
DMA IRQ c1=0
DMA IRQ c2=0
DMA IRQ c3=0
SELECT busy=2735
SELECT w0=2709
SELECT w1=1647
SELECT w2=1621
BUSY TASK ewma=997
DMA IRQ c0=2
DMA IRQ c1=0
DMA IRQ c2=0
DMA IRQ c3=0
SELECT busy=2753
SELECT w0=2729
SELECT w1=1663
SELECT w2=1632
BUSY TASK ewma=997
DMA IRQ c0=2
DMA IRQ c1=0
DMA IRQ c2=0
DMA IRQ c3=0
SELECT busy=2780
SELECT w0=2753
SELECT w1=1676
SELECT w2=1645
BUSY TASK ewma=997
DMA IRQ c0=2
DMA IRQ c1=0
DMA IRQ c2=0
DMA IRQ c3=0
SELECT busy=2803
SELECT w0=2777
SELECT w1=1687
SELECT w2=1657
BUSY TASK ewma=997
DMA IRQ c0=2
DMA IRQ c1=0
DMA IRQ c2=0
DMA IRQ c3=0
SELECT busy=2822
SELECT w0=2796
SELECT w1=1697
SELECT w2=1667
BUSY TASK ewma=997
DMA IRQ c0=2
DMA IRQ c1=0
DMA IRQ c2=0
DMA IRQ c3=0
SELECT busy=2844
SELECT w0=2817
SELECT w1=1707
SELECT w2=1675
BUSY TASK ewma=997
IRQ counts: cpu0=5694 cpu1=6819 cpu2=6825 cpu3=6682
SCHED secondaries: calls=20333 unexpected=0
SECTEST switches=20292 cpu1=78041327,80708719 cpu2=60813837,57397978 cpu3=84182723,84091163
PINGPONG rounds=1216 pongs=1218
DMA IRQ c0=2
DMA IRQ c1=0
DMA IRQ c2=0
DMA IRQ c3=0
SELECT busy=2868
SELECT w0=2841
SELECT w1=1719
SELECT w2=1687
BUSY TASK ewma=997
DMA IRQ c0=2
DMA IRQ c1=0
DMA IRQ c2=0
DMA IRQ c3=0
SELECT busy=2886
SELECT w0=2860
SELECT w1=1729
SELECT w2=1697
BUSY TASK ewma=997
DMA IRQ c0=2
DMA IRQ c1=0
DMA IRQ c2=0
DMA IRQ c3=0
SELECT busy=2905
SELECT w0=2879
SELECT w1=1738
SELECT w2=1707
BUSY TASK ewma=997
DMA IRQ c0=2
DMA IRQ c1=0
DMA IRQ c2=0
DMA IRQ c3=0
SELECT busy=2923
SELECT w0=2896
SELECT w1=1744
SELECT w2=1713
BUSY TASK ewma=997
DMA IRQ c0=2
DMA IRQ c1=0
DMA IRQ c2=0
DMA IRQ c3=0
SELECT busy=2944
SELECT w0=2919
SELECT w1=1757
SELECT w2=1725
BUSY TASK ewma=997
DMA IRQ c0=2
DMA IRQ c1=0
DMA IRQ c2=0
DMA IRQ c3=0
SELECT busy=2965
SELECT w0=2939
SELECT w1=1764
SELECT w2=1732
BUSY TASK ewma=997
DMA IRQ c0=2
DMA IRQ c1=0
DMA IRQ c2=0
DMA IRQ c3=0
SELECT busy=2987
SELECT w0=2962
SELECT w1=1781
SELECT w2=1748
BUSY TASK ewma=997
DMA IRQ c0=2
DMA IRQ c1=0
DMA IRQ c2=0
DMA IRQ c3=0
SELECT busy=3012
SELECT w0=2986
SELECT w1=1797
SELECT w2=1759
BUSY TASK ewma=997
DMA IRQ c0=2
DMA IRQ c1=0
DMA IRQ c2=0
DMA IRQ c3=0
SELECT busy=3033
SELECT w0=3007
SELECT w1=1808
SELECT w2=1769
BUSY TASK ewma=997
DMA IRQ c0=2
DMA IRQ c1=0
DMA IRQ c2=0
DMA IRQ c3=0
SELECT busy=3054
SELECT w0=3027
SELECT w1=1816
SELECT w2=1778
BUSY TASK ewma=997
DMA IRQ c0=2
DMA IRQ c1=0
DMA IRQ c2=0
DMA IRQ c3=0
SELECT busy=3072
SELECT w0=3046
SELECT w1=1827
SELECT w2=1791
BUSY TASK ewma=997
DMA IRQ c0=2
DMA IRQ c1=0
DMA IRQ c2=0
DMA IRQ c3=0
SELECT busy=3097
SELECT w0=3071
SELECT w1=1842
SELECT w2=1810
BUSY TASK ewma=997
DMA IRQ c0=2
DMA IRQ c1=0
DMA IRQ c2=0
DMA IRQ c3=0
SELECT busy=3118
SELECT w0=3092
SELECT w1=1853
SELECT w2=1820
BUSY TASK ewma=997
DMA IRQ c0=2
DMA IRQ c1=0
DMA IRQ c2=0
DMA IRQ c3=0
SELECT busy=3140
SELECT w0=3114
SELECT w1=1864
SELECT w2=1830
BUSY TASK ewma=997
DMA IRQ c0=2
DMA IRQ c1=0
DMA IRQ c2=0
DMA IRQ c3=0
SELECT busy=3159
SELECT w0=3133
SELECT w1=1877
SELECT w2=1843
BUSY TASK ewma=997
DMA IRQ c0=2
DMA IRQ c1=0
DMA IRQ c2=0
DMA IRQ c3=0
SELECT busy=3179
SELECT w0=3153
SELECT w1=1889
SELECT w2=1853
BUSY TASK ewma=997
DMA IRQ c0=2
DMA IRQ c1=0
DMA IRQ c2=0
DMA IRQ c3=0
SELECT busy=3196
SELECT w0=3170
SELECT w1=1899
SELECT w2=1862
BUSY TASK ewma=997
DMA IRQ c0=2
DMA IRQ c1=0
DMA IRQ c2=0
DMA IRQ c3=0
SELECT busy=3220
SELECT w0=3194
SELECT w1=1911
SELECT w2=1874
BUSY TASK ewma=997
DMA IRQ c0=2
DMA IRQ c1=0
DMA IRQ c2=0
DMA IRQ c3=0
SELECT busy=3239
SELECT w0=3213
SELECT w1=1922
SELECT w2=1884
BUSY TASK ewma=997
DMA IRQ c0=2
DMA IRQ c1=0
DMA IRQ c2=0
DMA IRQ c3=0
SELECT busy=3254
SELECT w0=3228
SELECT w1=1932
SELECT w2=1893
BUSY TASK ewma=997
DMA IRQ c0=2
DMA IRQ c1=0
DMA IRQ c2=0
DMA IRQ c3=0
SELECT busy=3274
SELECT w0=3248
SELECT w1=1944
SELECT w2=1905
BUSY TASK ewma=997
DMA IRQ c0=2
DMA IRQ c1=0
DMA IRQ c2=0
DMA IRQ c3=0
SELECT busy=3293
SELECT w0=3266
SELECT w1=1956
SELECT w2=1914
BUSY TASK ewma=997
DMA IRQ c0=2
DMA IRQ c1=0
DMA IRQ c2=0
DMA IRQ c3=0
SELECT busy=3317
SELECT w0=3291
SELECT w1=1971
SELECT w2=1928
BUSY TASK ewma=997
DMA IRQ c0=2
DMA IRQ c1=0
DMA IRQ c2=0
DMA IRQ c3=0
SELECT busy=3341
SELECT w0=3315
SELECT w1=1988
SELECT w2=1942
BUSY TASK ewma=997
DMA IRQ c0=2
DMA IRQ c1=0
DMA IRQ c2=0
DMA IRQ c3=0
SELECT busy=3360
SELECT w0=3334
SELECT w1=2000
SELECT w2=1952
BUSY TASK ewma=997
DMA IRQ c0=2
DMA IRQ c1=0
DMA IRQ c2=0
DMA IRQ c3=0
SELECT busy=3382
SELECT w0=3356
SELECT w1=2010
SELECT w2=1962
BUSY TASK ewma=997
DMA IRQ c0=2
DMA IRQ c1=0
DMA IRQ c2=0
DMA IRQ c3=0
SELECT busy=3402
SELECT w0=3376
SELECT w1=2026
SELECT w2=1975
BUSY TASK ewma=997
DMA IRQ c0=2
DMA IRQ c1=0
DMA IRQ c2=0
DMA IRQ c3=0
SELECT busy=3423
SELECT w0=3397
SELECT w1=2042
SELECT w2=1990
BUSY TASK ewma=997
DMA IRQ c0=2
DMA IRQ c1=0
DMA IRQ c2=0
DMA IRQ c3=0
SELECT busy=3447
SELECT w0=3424
SELECT w1=2059
SELECT w2=2006
BUSY TASK ewma=997
DMA IRQ c0=2
DMA IRQ c1=0
DMA IRQ c2=0
DMA IRQ c3=0
SELECT busy=3474
SELECT w0=3448
SELECT w1=2068
SELECT w2=2015
BUSY TASK ewma=997
DMA IRQ c0=2
DMA IRQ c1=0
DMA IRQ c2=0
DMA IRQ c3=0
SELECT busy=3491
SELECT w0=3465
SELECT w1=2078
SELECT w2=2024
BUSY TASK ewma=997
DMA IRQ c0=2
DMA IRQ c1=0
DMA IRQ c2=0
DMA IRQ c3=0
SELECT busy=3510
SELECT w0=3483
SELECT w1=2089
SELECT w2=2033
BUSY TASK ewma=997
DMA IRQ c0=2
DMA IRQ c1=0
DMA IRQ c2=0
DMA IRQ c3=0
SELECT busy=3531
SELECT w0=3506
SELECT w1=2106
SELECT w2=2046
BUSY TASK ewma=997
DMA IRQ c0=2
DMA IRQ c1=0
DMA IRQ c2=0
DMA IRQ c3=0
SELECT busy=3550
SELECT w0=3523
SELECT w1=2118
SELECT w2=2057
BUSY TASK ewma=997
DMA IRQ c0=2
DMA IRQ c1=0
DMA IRQ c2=0
DMA IRQ c3=0
SELECT busy=3576
SELECT w0=3549
SELECT w1=2131
SELECT w2=2070
BUSY TASK ewma=997
DMA IRQ c0=2
DMA IRQ c1=0
DMA IRQ c2=0
DMA IRQ c3=0
SELECT busy=3599
SELECT w0=3573
SELECT w1=2143
SELECT w2=2081
BUSY TASK ewma=997
DMA IRQ c0=2
DMA IRQ c1=0
DMA IRQ c2=0
DMA IRQ c3=0
SELECT busy=3620
SELECT w0=3594
SELECT w1=2157
SELECT w2=2100
BUSY TASK ewma=997
DMA IRQ c0=2
DMA IRQ c1=0
DMA IRQ c2=0
DMA IRQ c3=0
SELECT busy=3641
SELECT w0=3614
SELECT w1=2168
SELECT w2=2110
BUSY TASK ewma=997
DMA IRQ c0=2
DMA IRQ c1=0
DMA IRQ c2=0
DMA IRQ c3=0
SELECT busy=3661
SELECT w0=3635
SELECT w1=2180
SELECT w2=2122
BUSY TASK ewma=997
DMA IRQ c0=2
DMA IRQ c1=0
DMA IRQ c2=0
DMA IRQ c3=0
SELECT busy=3688
SELECT w0=3662
SELECT w1=2200
SELECT w2=2137
BUSY TASK ewma=997
DMA IRQ c0=2
DMA IRQ c1=0
DMA IRQ c2=0
DMA IRQ c3=0
SELECT busy=3706
SELECT w0=3679
SELECT w1=2210
SELECT w2=2146
BUSY TASK ewma=997
DMA IRQ c0=2
DMA IRQ c1=0
DMA IRQ c2=0
DMA IRQ c3=0
SELECT busy=3734
SELECT w0=3708
SELECT w1=2224
SELECT w2=2160
BUSY TASK ewma=997
DMA IRQ c0=2
DMA IRQ c1=0
DMA IRQ c2=0
DMA IRQ c3=0
SELECT busy=3759
SELECT w0=3733
SELECT w1=2243
SELECT w2=2176
BUSY TASK ewma=997
DMA IRQ c0=2
DMA IRQ c1=0
DMA IRQ c2=0
DMA IRQ c3=0
SELECT busy=3784
SELECT w0=3758
SELECT w1=2256
SELECT w2=2192
BUSY TASK ewma=997
DMA IRQ c0=2
DMA IRQ c1=0
DMA IRQ c2=0
DMA IRQ c3=0
SELECT busy=3797
SELECT w0=3770
SELECT w1=2263
SELECT w2=2201
BUSY TASK ewma=997
DMA IRQ c0=2
DMA IRQ c1=0
DMA IRQ c2=0
DMA IRQ c3=0
SELECT busy=3814
SELECT w0=3787
SELECT w1=2271
SELECT w2=2211
BUSY TASK ewma=997
DMA IRQ c0=2
DMA IRQ c1=0
DMA IRQ c2=0
DMA IRQ c3=0
SELECT busy=3832
SELECT w0=3805
SELECT w1=2282
SELECT w2=2219
BUSY TASK ewma=997
DMA IRQ c0=2
DMA IRQ c1=0
DMA IRQ c2=0
DMA IRQ c3=0
SELECT busy=3858
SELECT w0=3832
SELECT w1=2298
SELECT w2=2235
BUSY TASK ewma=997
DMA IRQ c0=2
DMA IRQ c1=0
DMA IRQ c2=0
DMA IRQ c3=0
SELECT busy=3878
SELECT w0=3852
SELECT w1=2310
SELECT w2=2248
BUSY TASK ewma=997
DMA IRQ c0=2
DMA IRQ c1=0
DMA IRQ c2=0
DMA IRQ c3=0
SELECT busy=3901
SELECT w0=3875
SELECT w1=2324
SELECT w2=2260
BUSY TASK ewma=997
DMA IRQ c0=2
DMA IRQ c1=0
DMA IRQ c2=0
DMA IRQ c3=0
SELECT busy=3918
SELECT w0=3891
SELECT w1=2334
SELECT w2=2271
BUSY TASK ewma=997
DMA IRQ c0=2
DMA IRQ c1=0
DMA IRQ c2=0
DMA IRQ c3=0
SELECT busy=3939
SELECT w0=3913
SELECT w1=2349
SELECT w2=2285
BUSY TASK ewma=997
DMA IRQ c0=2
DMA IRQ c1=0
DMA IRQ c2=0
DMA IRQ c3=0
SELECT busy=3958
SELECT w0=3931
SELECT w1=2358
SELECT w2=2299
BUSY TASK ewma=997
DMA IRQ c0=2
DMA IRQ c1=0
DMA IRQ c2=0
DMA IRQ c3=0
SELECT busy=3976
SELECT w0=3950
SELECT w1=2369
SELECT w2=2309
BUSY TASK ewma=997
DMA IRQ c0=2
DMA IRQ c1=0
DMA IRQ c2=0
DMA IRQ c3=0
SELECT busy=3993
SELECT w0=3966
SELECT w1=2379
SELECT w2=2319
BUSY TASK ewma=997
DMA IRQ c0=2
DMA IRQ c1=0
DMA IRQ c2=0
DMA IRQ c3=0
SELECT busy=4018
SELECT w0=3992
SELECT w1=2396
SELECT w2=2338
BUSY TASK ewma=997
DMA IRQ c0=2
DMA IRQ c1=0
DMA IRQ c2=0
DMA IRQ c3=0
SELECT busy=4040
SELECT w0=4014
SELECT w1=2409
SELECT w2=2352
BUSY TASK ewma=997
DMA IRQ c0=2
DMA IRQ c1=0
DMA IRQ c2=0
DMA IRQ c3=0
SELECT busy=4068
SELECT w0=4042
SELECT w1=2425
SELECT w2=2367
BUSY TASK ewma=997
DMA IRQ c0=2
DMA IRQ c1=0
DMA IRQ c2=0
DMA IRQ c3=0
SELECT busy=4086
SELECT w0=4060
SELECT w1=2438
SELECT w2=2379
BUSY TASK ewma=997
DMA IRQ c0=2
DMA IRQ c1=0
DMA IRQ c2=0
DMA IRQ c3=0
SELECT busy=4106
SELECT w0=4079
SELECT w1=2447
SELECT w2=2390
BUSY TASK ewma=997
DMA IRQ c0=2
DMA IRQ c1=0
DMA IRQ c2=0
DMA IRQ c3=0
SELECT busy=4120
SELECT w0=4094
SELECT w1=2457
SELECT w2=2399
BUSY TASK ewma=997
DMA IRQ c0=2
DMA IRQ c1=0
DMA IRQ c2=0
DMA IRQ c3=0
SELECT busy=4143
SELECT w0=4117
SELECT w1=2470
SELECT w2=2410
BUSY TASK ewma=997
DMA IRQ c0=2
DMA IRQ c1=0
DMA IRQ c2=0
DMA IRQ c3=0
SELECT busy=4164
SELECT w0=4137
SELECT w1=2482
SELECT w2=2423
BUSY TASK ewma=997
DMA IRQ c0=2
DMA IRQ c1=0
DMA IRQ c2=0
DMA IRQ c3=0
SELECT busy=4184
SELECT w0=4158
SELECT w1=2496
SELECT w2=2435
BUSY TASK ewma=997
IRQ counts: cpu0=8400 cpu1=10043 cpu2=9942 cpu3=9925
SCHED secondaries: calls=29916 unexpected=0
SECTEST switches=29920 cpu1=118363391,120399372 cpu2=91834823,87348635 cpu3=130425749,125182600
PINGPONG rounds=1808 pongs=1809
DMA IRQ c0=2
DMA IRQ c1=0
DMA IRQ c2=0
DMA IRQ c3=0
SELECT busy=4227
SELECT w0=4200
SELECT w1=2524
SELECT w2=2460
BUSY TASK ewma=997
DMA IRQ c0=2
DMA IRQ c1=0
DMA IRQ c2=0
DMA IRQ c3=0
SELECT busy=4252
SELECT w0=4227
SELECT w1=2545
SELECT w2=2477
BUSY TASK ewma=997
DMA IRQ c0=2
DMA IRQ c1=0
DMA IRQ c2=0
DMA IRQ c3=0
SELECT busy=4280
SELECT w0=4253
SELECT w1=2562
SELECT w2=2487
BUSY TASK ewma=997
DMA IRQ c0=2
DMA IRQ c1=0
DMA IRQ c2=0
DMA IRQ c3=0
SELECT busy=4303
SELECT w0=4276
SELECT w1=2574
SELECT w2=2499
BUSY TASK ewma=997
DMA IRQ c0=2
DMA IRQ c1=0
DMA IRQ c2=0
DMA IRQ c3=0
SELECT busy=4321
SELECT w0=4294
SELECT w1=2584
SELECT w2=2511
BUSY TASK ewma=997
DMA IRQ c0=2
DMA IRQ c1=0
DMA IRQ c2=0
DMA IRQ c3=0
SELECT busy=4347
SELECT w0=4321
SELECT w1=2599
SELECT w2=2525
BUSY TASK ewma=997
DMA IRQ c0=2
DMA IRQ c1=0
DMA IRQ c2=0
DMA IRQ c3=0
SELECT busy=4367
SELECT w0=4341
SELECT w1=2611
SELECT w2=2537
BUSY TASK ewma=997
DMA IRQ c0=2
DMA IRQ c1=0
DMA IRQ c2=0
DMA IRQ c3=0
SELECT busy=4384
SELECT w0=4359
SELECT w1=2622
SELECT w2=2550
BUSY TASK ewma=997
DMA IRQ c0=2
DMA IRQ c1=0
DMA IRQ c2=0
DMA IRQ c3=0
SELECT busy=4415
SELECT w0=4389
SELECT w1=2636
SELECT w2=2574
BUSY TASK ewma=997
DMA IRQ c0=2
DMA IRQ c1=0
DMA IRQ c2=0
DMA IRQ c3=0
SELECT busy=4428
SELECT w0=4401
SELECT w1=2643
SELECT w2=2583
BUSY TASK ewma=997
DMA IRQ c0=2
DMA IRQ c1=0
DMA IRQ c2=0
DMA IRQ c3=0
SELECT busy=4447
SELECT w0=4421
SELECT w1=2650
SELECT w2=2590
BUSY TASK ewma=997
DMA IRQ c0=2
DMA IRQ c1=0
DMA IRQ c2=0
DMA IRQ c3=0
SELECT busy=4466
SELECT w0=4439
SELECT w1=2658
SELECT w2=2596
BUSY TASK ewma=997
DMA IRQ c0=2
DMA IRQ c1=0
DMA IRQ c2=0
DMA IRQ c3=0
SELECT busy=4482
SELECT w0=4455
SELECT w1=2662
SELECT w2=2602
BUSY TASK ewma=997
DMA IRQ c0=2
DMA IRQ c1=0
DMA IRQ c2=0
DMA IRQ c3=0
SELECT busy=4499
SELECT w0=4473
SELECT w1=2672
SELECT w2=2611
BUSY TASK ewma=997
DMA IRQ c0=2
DMA IRQ c1=0
DMA IRQ c2=0
DMA IRQ c3=0
SELECT busy=4518
SELECT w0=4491
SELECT w1=2680
SELECT w2=2620
BUSY TASK ewma=997
DMA IRQ c0=2
DMA IRQ c1=0
DMA IRQ c2=0
DMA IRQ c3=0
SELECT busy=4536
SELECT w0=4511
SELECT w1=2692
SELECT w2=2630
BUSY TASK ewma=997
DMA IRQ c0=2
DMA IRQ c1=0
DMA IRQ c2=0
DMA IRQ c3=0
SELECT busy=4552
SELECT w0=4526
SELECT w1=2699
SELECT w2=2636
BUSY TASK ewma=997
DMA IRQ c0=2
DMA IRQ c1=0
DMA IRQ c2=0
DMA IRQ c3=0
SELECT busy=4569
SELECT w0=4542
SELECT w1=2708
SELECT w2=2644
BUSY TASK ewma=997
DMA IRQ c0=2
DMA IRQ c1=0
DMA IRQ c2=0
DMA IRQ c3=0
SELECT busy=4588
SELECT w0=4561
SELECT w1=2714
SELECT w2=2652
BUSY TASK ewma=997
DMA IRQ c0=2
DMA IRQ c1=0
DMA IRQ c2=0
DMA IRQ c3=0
SELECT busy=4607
SELECT w0=4580
SELECT w1=2730
SELECT w2=2666
BUSY TASK ewma=997
DMA IRQ c0=2
DMA IRQ c1=0
DMA IRQ c2=0
DMA IRQ c3=0
SELECT busy=4636
SELECT w0=4610
SELECT w1=2749
SELECT w2=2681
BUSY TASK ewma=997
DMA IRQ c0=2
DMA IRQ c1=0
DMA IRQ c2=0
DMA IRQ c3=0
SELECT busy=4660
SELECT w0=4634
SELECT w1=2762
SELECT w2=2692
BUSY TASK ewma=997
DMA IRQ c0=2
DMA IRQ c1=0
DMA IRQ c2=0
DMA IRQ c3=0
SELECT busy=4691
SELECT w0=4669
SELECT w1=2785
SELECT w2=2708
BUSY TASK ewma=997
DMA IRQ c0=2
DMA IRQ c1=0
DMA IRQ c2=0
DMA IRQ c3=0
SELECT busy=4718
SELECT w0=4694
SELECT w1=2800
SELECT w2=2723
BUSY TASK ewma=997
DMA IRQ c0=2
DMA IRQ c1=0
DMA IRQ c2=0
DMA IRQ c3=0
SELECT busy=4738
SELECT w0=4711
SELECT w1=2810
SELECT w2=2732
BUSY TASK ewma=997
DMA IRQ c0=2
DMA IRQ c1=0
DMA IRQ c2=0
DMA IRQ c3=0
SELECT busy=4763
SELECT w0=4736
SELECT w1=2823
SELECT w2=2749
BUSY TASK ewma=997
DMA IRQ c0=2
DMA IRQ c1=0
DMA IRQ c2=0
DMA IRQ c3=0
SELECT busy=4791
SELECT w0=4764
SELECT w1=2837
SELECT w2=2768
BUSY TASK ewma=997
DMA IRQ c0=2
DMA IRQ c1=0
DMA IRQ c2=0
DMA IRQ c3=0
SELECT busy=4810
SELECT w0=4783
SELECT w1=2844
SELECT w2=2777
BUSY TASK ewma=997
DMA IRQ c0=2
DMA IRQ c1=0
DMA IRQ c2=0
DMA IRQ c3=0
SELECT busy=4837
SELECT w0=4811
SELECT w1=2858
SELECT w2=2794
BUSY TASK ewma=997
DMA IRQ c0=2
DMA IRQ c1=0
DMA IRQ c2=0
DMA IRQ c3=0
SELECT busy=4860
SELECT w0=4835
SELECT w1=2869
SELECT w2=2809
BUSY TASK ewma=997
DMA IRQ c0=2
DMA IRQ c1=0
DMA IRQ c2=0
DMA IRQ c3=0
SELECT busy=4886
SELECT w0=4859
SELECT w1=2881
SELECT w2=2822
BUSY TASK ewma=997
DMA IRQ c0=2
DMA IRQ c1=0
DMA IRQ c2=0
DMA IRQ c3=0
SELECT busy=4906
SELECT w0=4879
SELECT w1=2889
SELECT w2=2832
BUSY TASK ewma=997
DMA IRQ c0=2
DMA IRQ c1=0
DMA IRQ c2=0
DMA IRQ c3=0
SELECT busy=4929
SELECT w0=4902
SELECT w1=2897
SELECT w2=2841
BUSY TASK ewma=997
DMA IRQ c0=2
DMA IRQ c1=0
DMA IRQ c2=0
DMA IRQ c3=0
SELECT busy=4950
SELECT w0=4923
SELECT w1=2906
SELECT w2=2852
BUSY TASK ewma=997
DMA IRQ c0=2
DMA IRQ c1=0
DMA IRQ c2=0
DMA IRQ c3=0
SELECT busy=4971
SELECT w0=4945
SELECT w1=2916
SELECT w2=2863
BUSY TASK ewma=997
DMA IRQ c0=2
DMA IRQ c1=0
DMA IRQ c2=0
DMA IRQ c3=0
SELECT busy=4999
SELECT w0=4973
SELECT w1=2928
SELECT w2=2878
BUSY TASK ewma=997
DMA IRQ c0=2
DMA IRQ c1=0
DMA IRQ c2=0
DMA IRQ c3=0
SELECT busy=5017
SELECT w0=4990
SELECT w1=2934
SELECT w2=2886
BUSY TASK ewma=997
DMA IRQ c0=2
DMA IRQ c1=0
DMA IRQ c2=0
DMA IRQ c3=0
SELECT busy=5038
SELECT w0=5011
SELECT w1=2942
SELECT w2=2895
BUSY TASK ewma=997
DMA IRQ c0=2
DMA IRQ c1=0
DMA IRQ c2=0
DMA IRQ c3=0
SELECT busy=5066
SELECT w0=5040
SELECT w1=2955
SELECT w2=2914
BUSY TASK ewma=997
DMA IRQ c0=2
DMA IRQ c1=0
DMA IRQ c2=0
DMA IRQ c3=0
SELECT busy=5096
SELECT w0=5069
SELECT w1=2965
SELECT w2=2929
BUSY TASK ewma=997
DMA IRQ c0=2
DMA IRQ c1=0
DMA IRQ c2=0
DMA IRQ c3=0
SELECT busy=5120
SELECT w0=5093
SELECT w1=2975
SELECT w2=2940
BUSY TASK ewma=997
DMA IRQ c0=2
DMA IRQ c1=0
DMA IRQ c2=0
DMA IRQ c3=0
SELECT busy=5141
SELECT w0=5115
SELECT w1=2984
SELECT w2=2949
BUSY TASK ewma=997
DMA IRQ c0=2
DMA IRQ c1=0
DMA IRQ c2=0
DMA IRQ c3=0
SELECT busy=5161
SELECT w0=5134
SELECT w1=2990
SELECT w2=2958
BUSY TASK ewma=997
DMA IRQ c0=2
DMA IRQ c1=0
DMA IRQ c2=0
DMA IRQ c3=0
SELECT busy=5182
SELECT w0=5155
SELECT w1=2999
SELECT w2=2968
BUSY TASK ewma=997
DMA IRQ c0=2
DMA IRQ c1=0
DMA IRQ c2=0
DMA IRQ c3=0
SELECT busy=5188
SELECT w0=5162
SELECT w1=3004
SELECT w2=2974
BUSY TASK ewma=997
DMA IRQ c0=2
DMA IRQ c1=0
DMA IRQ c2=0
DMA IRQ c3=0
SELECT busy=5213
SELECT w0=5187
SELECT w1=3015
SELECT w2=2986
BUSY TASK ewma=997
DMA IRQ c0=2
DMA IRQ c1=0
DMA IRQ c2=0
DMA IRQ c3=0
SELECT busy=5233
SELECT w0=5207
SELECT w1=3022
SELECT w2=2993
BUSY TASK ewma=997
DMA IRQ c0=2
DMA IRQ c1=0
DMA IRQ c2=0
DMA IRQ c3=0
SELECT busy=5253
SELECT w0=5226
SELECT w1=3030
SELECT w2=3003
BUSY TASK ewma=997
DMA IRQ c0=2
DMA IRQ c1=0
DMA IRQ c2=0
DMA IRQ c3=0
SELECT busy=5280
SELECT w0=5253
SELECT w1=3042
SELECT w2=3020
BUSY TASK ewma=997
DMA IRQ c0=2
DMA IRQ c1=0
DMA IRQ c2=0
DMA IRQ c3=0
SELECT busy=5302
SELECT w0=5276
SELECT w1=3052
SELECT w2=3032
BUSY TASK ewma=997
DMA IRQ c0=2
DMA IRQ c1=0
DMA IRQ c2=0
DMA IRQ c3=0
SELECT busy=5325
SELECT w0=5299
SELECT w1=3066
SELECT w2=3049
BUSY TASK ewma=997
DMA IRQ c0=2
DMA IRQ c1=0
DMA IRQ c2=0
DMA IRQ c3=0
SELECT busy=5349
SELECT w0=5323
SELECT w1=3076
SELECT w2=3061
BUSY TASK ewma=997
DMA IRQ c0=2
DMA IRQ c1=0
DMA IRQ c2=0
DMA IRQ c3=0
SELECT busy=5369
SELECT w0=5343
SELECT w1=3083
SELECT w2=3071
BUSY TASK ewma=997
DMA IRQ c0=2
DMA IRQ c1=0
DMA IRQ c2=0
DMA IRQ c3=0
SELECT busy=5393
SELECT w0=5367
SELECT w1=3097
SELECT w2=3087
BUSY TASK ewma=997
DMA IRQ c0=2
DMA IRQ c1=0
DMA IRQ c2=0
DMA IRQ c3=0
SELECT busy=5422
SELECT w0=5396
SELECT w1=3117
SELECT w2=3106
BUSY TASK ewma=997
DMA IRQ c0=2
DMA IRQ c1=0
DMA IRQ c2=0
DMA IRQ c3=0
SELECT busy=5446
SELECT w0=5420
SELECT w1=3130
SELECT w2=3123
BUSY TASK ewma=997
DMA IRQ c0=2
DMA IRQ c1=0
DMA IRQ c2=0
DMA IRQ c3=0
SELECT busy=5471
SELECT w0=5445
SELECT w1=3143
SELECT w2=3140
BUSY TASK ewma=997
DMA IRQ c0=2
DMA IRQ c1=0
DMA IRQ c2=0
DMA IRQ c3=0
SELECT busy=5500
SELECT w0=5474
SELECT w1=3155
SELECT w2=3156
BUSY TASK ewma=997
DMA IRQ c0=2
DMA IRQ c1=0
DMA IRQ c2=0
DMA IRQ c3=0
SELECT busy=5517
SELECT w0=5491
SELECT w1=3163
SELECT w2=3167
BUSY TASK ewma=997
DMA IRQ c0=2
DMA IRQ c1=0
DMA IRQ c2=0
DMA IRQ c3=0
SELECT busy=5536
SELECT w0=5510
SELECT w1=3174
SELECT w2=3180
BUSY TASK ewma=997
DMA IRQ c0=2
DMA IRQ c1=0
DMA IRQ c2=0
DMA IRQ c3=0
SELECT busy=5554
SELECT w0=5527
SELECT w1=3183
SELECT w2=3192
BUSY TASK ewma=997
DMA IRQ c0=2
DMA IRQ c1=0
DMA IRQ c2=0
DMA IRQ c3=0
SELECT busy=5575
SELECT w0=5549
SELECT w1=3194
SELECT w2=3208
BUSY TASK ewma=997
DMA IRQ c0=2
DMA IRQ c1=0
DMA IRQ c2=0
DMA IRQ c3=0
SELECT busy=5592
SELECT w0=5566
SELECT w1=3204
SELECT w2=3218
BUSY TASK ewma=997
DMA IRQ c0=2
DMA IRQ c1=0
DMA IRQ c2=0
DMA IRQ c3=0
SELECT busy=5609
SELECT w0=5583
SELECT w1=3211
SELECT w2=3228
BUSY TASK ewma=997
IRQ counts: cpu0=11224 cpu1=13306 cpu2=13121 cpu3=13221
SCHED secondaries: calls=39654 unexpected=0
SECTEST switches=39614 cpu1=151576556,153274133 cpu2=119503797,115306378 cpu3=170846379,165438172
PINGPONG rounds=2000 pongs=2000
DMA IRQ c0=2
DMA IRQ c1=0
DMA IRQ c2=0
DMA IRQ c3=0
SELECT busy=5641
SELECT w0=5614
SELECT w1=3225
SELECT w2=3246
BUSY TASK ewma=997
DMA IRQ c0=2
DMA IRQ c1=0
DMA IRQ c2=0
DMA IRQ c3=0
SELECT busy=5661
SELECT w0=5635
SELECT w1=3235
SELECT w2=3259
BUSY TASK ewma=997
DMA IRQ c0=2
DMA IRQ c1=0
DMA IRQ c2=0
DMA IRQ c3=0
SELECT busy=5685
SELECT w0=5658
SELECT w1=3244
SELECT w2=3272
BUSY TASK ewma=997
DMA IRQ c0=2
DMA IRQ c1=0
DMA IRQ c2=0
DMA IRQ c3=0
SELECT busy=5707
SELECT w0=5681
SELECT w1=3259
SELECT w2=3283
BUSY TASK ewma=997
DMA IRQ c0=2
DMA IRQ c1=0
DMA IRQ c2=0
DMA IRQ c3=0
SELECT busy=5740
SELECT w0=5714
SELECT w1=3274
SELECT w2=3300
BUSY TASK ewma=997
DMA IRQ c0=2
DMA IRQ c1=0
DMA IRQ c2=0
DMA IRQ c3=0
SELECT busy=5761
SELECT w0=5734
SELECT w1=3283
SELECT w2=3311
BUSY TASK ewma=997
DMA IRQ c0=2
DMA IRQ c1=0
DMA IRQ c2=0
DMA IRQ c3=0
SELECT busy=5782
SELECT w0=5755
SELECT w1=3292
SELECT w2=3326
BUSY TASK ewma=997
DMA IRQ c0=2
DMA IRQ c1=0
DMA IRQ c2=0
DMA IRQ c3=0
SELECT busy=5806
SELECT w0=5780
SELECT w1=3304
SELECT w2=3348
BUSY TASK ewma=997
DMA IRQ c0=2
DMA IRQ c1=0
DMA IRQ c2=0
DMA IRQ c3=0
SELECT busy=5831
SELECT w0=5804
SELECT w1=3314
SELECT w2=3362
BUSY TASK ewma=997
DMA IRQ c0=2
DMA IRQ c1=0
DMA IRQ c2=0
DMA IRQ c3=0
SELECT busy=5856
SELECT w0=5830
SELECT w1=3326
SELECT w2=3380
BUSY TASK ewma=997
DMA IRQ c0=2
DMA IRQ c1=0
DMA IRQ c2=0
DMA IRQ c3=0
SELECT busy=5876
SELECT w0=5850
SELECT w1=3335
SELECT w2=3390
BUSY TASK ewma=997
DMA IRQ c0=2
DMA IRQ c1=0
DMA IRQ c2=0
DMA IRQ c3=0
SELECT busy=5897
SELECT w0=5870
SELECT w1=3344
SELECT w2=3401
BUSY TASK ewma=997
DMA IRQ c0=2
DMA IRQ c1=0
DMA IRQ c2=0
DMA IRQ c3=0
SELECT busy=5926
SELECT w0=5900
SELECT w1=3358
SELECT w2=3418
BUSY TASK ewma=997
DMA IRQ c0=2
DMA IRQ c1=0
DMA IRQ c2=0
DMA IRQ c3=0
SELECT busy=5952
SELECT w0=5925
SELECT w1=3367
SELECT w2=3428
BUSY TASK ewma=997
DMA IRQ c0=2
DMA IRQ c1=0
DMA IRQ c2=0
DMA IRQ c3=0
SELECT busy=5984
SELECT w0=5959
SELECT w1=3384
SELECT w2=3450
BUSY TASK ewma=997
DMA IRQ c0=2
DMA IRQ c1=0
DMA IRQ c2=0
DMA IRQ c3=0
SELECT busy=6008
SELECT w0=5981
SELECT w1=3393
SELECT w2=3464
BUSY TASK ewma=997
DMA IRQ c0=2
DMA IRQ c1=0
DMA IRQ c2=0
DMA IRQ c3=0
SELECT busy=6026
SELECT w0=5999
SELECT w1=3401
SELECT w2=3476
BUSY TASK ewma=997
DMA IRQ c0=2
DMA IRQ c1=0
DMA IRQ c2=0
DMA IRQ c3=0
SELECT busy=6051
SELECT w0=6025
SELECT w1=3412
SELECT w2=3491
BUSY TASK ewma=997
DMA IRQ c0=2
DMA IRQ c1=0
DMA IRQ c2=0
DMA IRQ c3=0
SELECT busy=6078
SELECT w0=6051
SELECT w1=3427
SELECT w2=3508
BUSY TASK ewma=997
DMA IRQ c0=2
DMA IRQ c1=0
DMA IRQ c2=0
DMA IRQ c3=0
SELECT busy=6091
SELECT w0=6064
SELECT w1=3431
SELECT w2=3515
BUSY TASK ewma=997
DMA IRQ c0=2
DMA IRQ c1=0
DMA IRQ c2=0
DMA IRQ c3=0
SELECT busy=6113
SELECT w0=6087
SELECT w1=3443
SELECT w2=3525
BUSY TASK ewma=997
DMA IRQ c0=2
DMA IRQ c1=0
DMA IRQ c2=0
DMA IRQ c3=0
SELECT busy=6133
SELECT w0=6106
SELECT w1=3450
SELECT w2=3532
BUSY TASK ewma=997
DMA IRQ c0=2
DMA IRQ c1=0
DMA IRQ c2=0
DMA IRQ c3=0
SELECT busy=6155
SELECT w0=6128
SELECT w1=3458
SELECT w2=3541
BUSY TASK ewma=997
DMA IRQ c0=2
DMA IRQ c1=0
DMA IRQ c2=0
DMA IRQ c3=0
SELECT busy=6190
SELECT w0=6165
SELECT w1=3478
SELECT w2=3562
BUSY TASK ewma=997
DMA IRQ c0=2
DMA IRQ c1=0
DMA IRQ c2=0
DMA IRQ c3=0
SELECT busy=6213
SELECT w0=6187
SELECT w1=3490
SELECT w2=3577
BUSY TASK ewma=997
DMA IRQ c0=2
DMA IRQ c1=0
DMA IRQ c2=0
DMA IRQ c3=0
SELECT busy=6229
SELECT w0=6202
SELECT w1=3500
SELECT w2=3586
BUSY TASK ewma=997
DMA IRQ c0=2
DMA IRQ c1=0
DMA IRQ c2=0
DMA IRQ c3=0
SELECT busy=6252
SELECT w0=6225
SELECT w1=3509
SELECT w2=3597
BUSY TASK ewma=997
DMA IRQ c0=2
DMA IRQ c1=0
DMA IRQ c2=0
DMA IRQ c3=0
SELECT busy=6270
SELECT w0=6244
SELECT w1=3522
SELECT w2=3613
BUSY TASK ewma=997
DMA IRQ c0=2
DMA IRQ c1=0
DMA IRQ c2=0
DMA IRQ c3=0
SELECT busy=6292
SELECT w0=6266
SELECT w1=3536
SELECT w2=3627
BUSY TASK ewma=997
DMA IRQ c0=2
DMA IRQ c1=0
DMA IRQ c2=0
DMA IRQ c3=0
SELECT busy=6318
SELECT w0=6292
SELECT w1=3548
SELECT w2=3641
BUSY TASK ewma=997
DMA IRQ c0=2
DMA IRQ c1=0
DMA IRQ c2=0
DMA IRQ c3=0
SELECT busy=6338
SELECT w0=6311
SELECT w1=3554
SELECT w2=3649
BUSY TASK ewma=997
DMA IRQ c0=2
DMA IRQ c1=0
DMA IRQ c2=0
DMA IRQ c3=0
SELECT busy=6360
SELECT w0=6334
SELECT w1=3562
SELECT w2=3662
BUSY TASK ewma=997
DMA IRQ c0=2
DMA IRQ c1=0
DMA IRQ c2=0
DMA IRQ c3=0
SELECT busy=6378
SELECT w0=6353
SELECT w1=3573
SELECT w2=3676
BUSY TASK ewma=997
DMA IRQ c0=2
DMA IRQ c1=0
DMA IRQ c2=0
DMA IRQ c3=0
SELECT busy=6398
SELECT w0=6372
SELECT w1=3583
SELECT w2=3687
BUSY TASK ewma=997
DMA IRQ c0=2
DMA IRQ c1=0
DMA IRQ c2=0
DMA IRQ c3=0
SELECT busy=6418
SELECT w0=6392
SELECT w1=3596
SELECT w2=3703
BUSY TASK ewma=997
DMA IRQ c0=2
DMA IRQ c1=0
DMA IRQ c2=0
DMA IRQ c3=0
SELECT busy=6436
SELECT w0=6410
SELECT w1=3606
SELECT w2=3714
BUSY TASK ewma=997
DMA IRQ c0=2
DMA IRQ c1=0
DMA IRQ c2=0
DMA IRQ c3=0
SELECT busy=6456
SELECT w0=6430
SELECT w1=3613
SELECT w2=3723
BUSY TASK ewma=997
DMA IRQ c0=2
DMA IRQ c1=0
DMA IRQ c2=0
DMA IRQ c3=0
SELECT busy=6477
SELECT w0=6451
SELECT w1=3620
SELECT w2=3735
BUSY TASK ewma=997
DMA IRQ c0=2
DMA IRQ c1=0
DMA IRQ c2=0
DMA IRQ c3=0
SELECT busy=6504
SELECT w0=6479
SELECT w1=3633
SELECT w2=3754
BUSY TASK ewma=997
DMA IRQ c0=2
DMA IRQ c1=0
DMA IRQ c2=0
DMA IRQ c3=0
SELECT busy=6533
SELECT w0=6507
SELECT w1=3645
SELECT w2=3772
BUSY TASK ewma=997
DMA IRQ c0=2
DMA IRQ c1=0
DMA IRQ c2=0
DMA IRQ c3=0
SELECT busy=6552
SELECT w0=6526
SELECT w1=3654
SELECT w2=3783
BUSY TASK ewma=997
DMA IRQ c0=2
DMA IRQ c1=0
DMA IRQ c2=0
DMA IRQ c3=0
SELECT busy=6571
SELECT w0=6545
SELECT w1=3667
SELECT w2=3796
BUSY TASK ewma=997
DMA IRQ c0=2
DMA IRQ c1=0
DMA IRQ c2=0
DMA IRQ c3=0
SELECT busy=6589
SELECT w0=6562
SELECT w1=3677
SELECT w2=3807
BUSY TASK ewma=997
DMA IRQ c0=2
DMA IRQ c1=0
DMA IRQ c2=0
DMA IRQ c3=0
SELECT busy=6614
SELECT w0=6587
SELECT w1=3687
SELECT w2=3819
BUSY TASK ewma=997
DMA IRQ c0=2
DMA IRQ c1=0
DMA IRQ c2=0
DMA IRQ c3=0
SELECT busy=6626
SELECT w0=6599
SELECT w1=3692
SELECT w2=3826
BUSY TASK ewma=997
DMA IRQ c0=2
DMA IRQ c1=0
DMA IRQ c2=0
DMA IRQ c3=0
SELECT busy=6648
SELECT w0=6622
SELECT w1=3703
SELECT w2=3841
BUSY TASK ewma=997
DMA IRQ c0=2
DMA IRQ c1=0
DMA IRQ c2=0
DMA IRQ c3=0
SELECT busy=6668
SELECT w0=6642
SELECT w1=3710
SELECT w2=3849
BUSY TASK ewma=997
DMA IRQ c0=2
DMA IRQ c1=0
DMA IRQ c2=0
DMA IRQ c3=0
SELECT busy=6696
SELECT w0=6670
SELECT w1=3722
SELECT w2=3862
BUSY TASK ewma=997
DMA IRQ c0=2
DMA IRQ c1=0
DMA IRQ c2=0
DMA IRQ c3=0
SELECT busy=6716
SELECT w0=6690
SELECT w1=3730
SELECT w2=3873
BUSY TASK ewma=997
DMA IRQ c0=2
DMA IRQ c1=0
DMA IRQ c2=0
DMA IRQ c3=0
SELECT busy=6738
SELECT w0=6712
SELECT w1=3744
SELECT w2=3886
BUSY TASK ewma=997
DMA IRQ c0=2
DMA IRQ c1=0
DMA IRQ c2=0
DMA IRQ c3=0
SELECT busy=6765
SELECT w0=6739
SELECT w1=3763
SELECT w2=3906
BUSY TASK ewma=997
DMA IRQ c0=2
DMA IRQ c1=0
DMA IRQ c2=0
DMA IRQ c3=0
SELECT busy=6786
SELECT w0=6760
SELECT w1=3776
SELECT w2=3929
BUSY TASK ewma=997
DMA IRQ c0=2
DMA IRQ c1=0
DMA IRQ c2=0
DMA IRQ c3=0
SELECT busy=6805
SELECT w0=6779
SELECT w1=3785
SELECT w2=3942
BUSY TASK ewma=997
DMA IRQ c0=2
DMA IRQ c1=0
DMA IRQ c2=0
DMA IRQ c3=0
SELECT busy=6826
SELECT w0=6800
SELECT w1=3793
SELECT w2=3952
BUSY TASK ewma=997
DMA IRQ c0=2
DMA IRQ c1=0
DMA IRQ c2=0
DMA IRQ c3=0
SELECT busy=6845
SELECT w0=6818
SELECT w1=3799
SELECT w2=3959
BUSY TASK ewma=997
DMA IRQ c0=2
DMA IRQ c1=0
DMA IRQ c2=0
DMA IRQ c3=0
SELECT busy=6864
SELECT w0=6837
SELECT w1=3808
SELECT w2=3970
BUSY TASK ewma=997
DMA IRQ c0=2
DMA IRQ c1=0
DMA IRQ c2=0
DMA IRQ c3=0
SELECT busy=6886
SELECT w0=6860
SELECT w1=3818
SELECT w2=3980
BUSY TASK ewma=997
DMA IRQ c0=2
DMA IRQ c1=0
DMA IRQ c2=0
DMA IRQ c3=0
SELECT busy=6907
SELECT w0=6881
SELECT w1=3828
SELECT w2=3994
BUSY TASK ewma=997
DMA IRQ c0=2
DMA IRQ c1=0
DMA IRQ c2=0
DMA IRQ c3=0
SELECT busy=6927
SELECT w0=6903
SELECT w1=3837
SELECT w2=4006
BUSY TASK ewma=997
DMA IRQ c0=2
DMA IRQ c1=0
DMA IRQ c2=0
DMA IRQ c3=0
SELECT busy=6952
SELECT w0=6925
SELECT w1=3846
SELECT w2=4017
BUSY TASK ewma=997
DMA IRQ c0=2
DMA IRQ c1=0
DMA IRQ c2=0
DMA IRQ c3=0
SELECT busy=6972
SELECT w0=6945
SELECT w1=3853
SELECT w2=4026
BUSY TASK ewma=997
DMA IRQ c0=2
DMA IRQ c1=0
DMA IRQ c2=0
DMA IRQ c3=0
SELECT busy=6996
SELECT w0=6969
SELECT w1=3861
SELECT w2=4034
BUSY TASK ewma=997
DMA IRQ c0=2
DMA IRQ c1=0
DMA IRQ c2=0
DMA IRQ c3=0
SELECT busy=7016
SELECT w0=6990
SELECT w1=3871
SELECT w2=4046
BUSY TASK ewma=997
DMA IRQ c0=2
DMA IRQ c1=0
DMA IRQ c2=0
DMA IRQ c3=0
SELECT busy=7039
SELECT w0=7012
SELECT w1=3880
SELECT w2=4058
BUSY TASK ewma=997
IRQ counts: cpu0=14088 cpu1=16657 cpu2=16465 cpu3=16491
SCHED secondaries: calls=49613 unexpected=0
SECTEST switches=49572 cpu1=183194190,185114020 cpu2=150670656,147084090 cpu3=211023279,205413997
PINGPONG rounds=2000 pongs=2000
DMA IRQ c0=2
DMA IRQ c1=0
DMA IRQ c2=0
DMA IRQ c3=0
SELECT busy=7066
SELECT w0=7039
SELECT w1=3891
SELECT w2=4075
BUSY TASK ewma=997
DMA IRQ c0=2
DMA IRQ c1=0
DMA IRQ c2=0
DMA IRQ c3=0
SELECT busy=7082
SELECT w0=7055
SELECT w1=3899
SELECT w2=4084
BUSY TASK ewma=997
DMA IRQ c0=2
DMA IRQ c1=0
DMA IRQ c2=0
DMA IRQ c3=0
SELECT busy=7095
SELECT w0=7069
SELECT w1=3905
SELECT w2=4091
BUSY TASK ewma=997
DMA IRQ c0=2
DMA IRQ c1=0
DMA IRQ c2=0
DMA IRQ c3=0
SELECT busy=7117
SELECT w0=7091
SELECT w1=3920
SELECT w2=4108
BUSY TASK ewma=997
DMA IRQ c0=2
DMA IRQ c1=0
DMA IRQ c2=0
DMA IRQ c3=0
SELECT busy=7145
SELECT w0=7121
SELECT w1=3933
SELECT w2=4123
BUSY TASK ewma=997
DMA IRQ c0=2
DMA IRQ c1=0
DMA IRQ c2=0
DMA IRQ c3=0
SELECT busy=7169
SELECT w0=7143
SELECT w1=3943
SELECT w2=4136
BUSY TASK ewma=997
DMA IRQ c0=2
DMA IRQ c1=0
DMA IRQ c2=0
DMA IRQ c3=0
SELECT busy=7188
SELECT w0=7162
SELECT w1=3951
SELECT w2=4149
BUSY TASK ewma=997
DMA IRQ c0=2
DMA IRQ c1=0
DMA IRQ c2=0
DMA IRQ c3=0
SELECT busy=7206
SELECT w0=7179
SELECT w1=3958
SELECT w2=4157
BUSY TASK ewma=997
DMA IRQ c0=2
DMA IRQ c1=0
DMA IRQ c2=0
DMA IRQ c3=0
SELECT busy=7225
SELECT w0=7200
SELECT w1=3971
SELECT w2=4169
BUSY TASK ewma=997
DMA IRQ c0=2
DMA IRQ c1=0
DMA IRQ c2=0
DMA IRQ c3=0
SELECT busy=7243
SELECT w0=7216
SELECT w1=3980
SELECT w2=4179
BUSY TASK ewma=997
DMA IRQ c0=2
DMA IRQ c1=0
DMA IRQ c2=0
DMA IRQ c3=0
SELECT busy=7262
SELECT w0=7235
SELECT w1=3989
SELECT w2=4188
BUSY TASK ewma=997
DMA IRQ c0=2
DMA IRQ c1=0
DMA IRQ c2=0
DMA IRQ c3=0
SELECT busy=7276
SELECT w0=7250
SELECT w1=3998
SELECT w2=4199
BUSY TASK ewma=997
DMA IRQ c0=2
DMA IRQ c1=0
DMA IRQ c2=0
DMA IRQ c3=0
SELECT busy=7295
SELECT w0=7270
SELECT w1=4006
SELECT w2=4212
BUSY TASK ewma=997
DMA IRQ c0=2
DMA IRQ c1=0
DMA IRQ c2=0
DMA IRQ c3=0
SELECT busy=7323
SELECT w0=7297
SELECT w1=4022
SELECT w2=4229
BUSY TASK ewma=997
DMA IRQ c0=2
DMA IRQ c1=0
DMA IRQ c2=0
DMA IRQ c3=0
SELECT busy=7348
SELECT w0=7323
SELECT w1=4038
SELECT w2=4245
BUSY TASK ewma=997
DMA IRQ c0=2
DMA IRQ c1=0
DMA IRQ c2=0
DMA IRQ c3=0
SELECT busy=7376
SELECT w0=7349
SELECT w1=4051
SELECT w2=4261
BUSY TASK ewma=997
DMA IRQ c0=2
DMA IRQ c1=0
DMA IRQ c2=0
DMA IRQ c3=0
SELECT busy=7401
SELECT w0=7376
SELECT w1=4068
SELECT w2=4279
BUSY TASK ewma=997
DMA IRQ c0=2
DMA IRQ c1=0
DMA IRQ c2=0
DMA IRQ c3=0
SELECT busy=7432
SELECT w0=7405
SELECT w1=4080
SELECT w2=4294
BUSY TASK ewma=997
DMA IRQ c0=2
DMA IRQ c1=0
DMA IRQ c2=0
DMA IRQ c3=0
SELECT busy=7458
SELECT w0=7432
SELECT w1=4092
SELECT w2=4310
BUSY TASK ewma=997
DMA IRQ c0=2
DMA IRQ c1=0
DMA IRQ c2=0
DMA IRQ c3=0
SELECT busy=7483
SELECT w0=7457
SELECT w1=4106
SELECT w2=4325
BUSY TASK ewma=997
DMA IRQ c0=2
DMA IRQ c1=0
DMA IRQ c2=0
DMA IRQ c3=0
SELECT busy=7501
SELECT w0=7475
SELECT w1=4114
SELECT w2=4335
BUSY TASK ewma=997
DMA IRQ c0=2
DMA IRQ c1=0
DMA IRQ c2=0
DMA IRQ c3=0
SELECT busy=7523
SELECT w0=7498
SELECT w1=4123
SELECT w2=4350
BUSY TASK ewma=997
DMA IRQ c0=2
DMA IRQ c1=0
DMA IRQ c2=0
DMA IRQ c3=0
SELECT busy=7545
SELECT w0=7518
SELECT w1=4134
SELECT w2=4367
BUSY TASK ewma=997
DMA IRQ c0=2
DMA IRQ c1=0
DMA IRQ c2=0
DMA IRQ c3=0
SELECT busy=7562
SELECT w0=7535
SELECT w1=4143
SELECT w2=4381
BUSY TASK ewma=997
DMA IRQ c0=2
DMA IRQ c1=0
DMA IRQ c2=0
DMA IRQ c3=0
SELECT busy=7585
SELECT w0=7558
SELECT w1=4154
SELECT w2=4398
BUSY TASK ewma=997
DMA IRQ c0=2
DMA IRQ c1=0
DMA IRQ c2=0
DMA IRQ c3=0
SELECT busy=7605
SELECT w0=7578
SELECT w1=4162
SELECT w2=4409
BUSY TASK ewma=997
DMA IRQ c0=2
DMA IRQ c1=0
DMA IRQ c2=0
DMA IRQ c3=0
SELECT busy=7624
SELECT w0=7598
SELECT w1=4170
SELECT w2=4420
BUSY TASK ewma=997
DMA IRQ c0=2
DMA IRQ c1=0
DMA IRQ c2=0
DMA IRQ c3=0
SELECT busy=7639
SELECT w0=7612
SELECT w1=4178
SELECT w2=4430
BUSY TASK ewma=997
DMA IRQ c0=2
DMA IRQ c1=0
DMA IRQ c2=0
DMA IRQ c3=0
SELECT busy=7654
SELECT w0=7627
SELECT w1=4184
SELECT w2=4440
BUSY TASK ewma=997
DMA IRQ c0=2
DMA IRQ c1=0
DMA IRQ c2=0
DMA IRQ c3=0
SELECT busy=7673
SELECT w0=7646
SELECT w1=4195
SELECT w2=4455
BUSY TASK ewma=997
DMA IRQ c0=2
DMA IRQ c1=0
DMA IRQ c2=0
DMA IRQ c3=0
SELECT busy=7692
SELECT w0=7666
SELECT w1=4202
SELECT w2=4464
BUSY TASK ewma=997
DMA IRQ c0=2
DMA IRQ c1=0
DMA IRQ c2=0
DMA IRQ c3=0
SELECT busy=7707
SELECT w0=7680
SELECT w1=4209
SELECT w2=4474
BUSY TASK ewma=997
DMA IRQ c0=2
DMA IRQ c1=0
DMA IRQ c2=0
DMA IRQ c3=0
SELECT busy=7722
SELECT w0=7696
SELECT w1=4215
SELECT w2=4484
BUSY TASK ewma=997
DMA IRQ c0=2
DMA IRQ c1=0
DMA IRQ c2=0
DMA IRQ c3=0
SELECT busy=7735
SELECT w0=7709
SELECT w1=4223
SELECT w2=4495
BUSY TASK ewma=997
DMA IRQ c0=2
DMA IRQ c1=0
DMA IRQ c2=0
DMA IRQ c3=0
SELECT busy=7757
SELECT w0=7731
SELECT w1=4235
SELECT w2=4513
BUSY TASK ewma=997
DMA IRQ c0=2
DMA IRQ c1=0
DMA IRQ c2=0
DMA IRQ c3=0
SELECT busy=7780
SELECT w0=7755
SELECT w1=4244
SELECT w2=4528
BUSY TASK ewma=997
DMA IRQ c0=2
DMA IRQ c1=0
DMA IRQ c2=0
DMA IRQ c3=0
SELECT busy=7807
SELECT w0=7781
SELECT w1=4252
SELECT w2=4536
BUSY TASK ewma=997
DMA IRQ c0=2
DMA IRQ c1=0
DMA IRQ c2=0
DMA IRQ c3=0
SELECT busy=7839
SELECT w0=7812
SELECT w1=4270
SELECT w2=4557
BUSY TASK ewma=997
DMA IRQ c0=2
DMA IRQ c1=0
DMA IRQ c2=0
DMA IRQ c3=0
SELECT busy=7865
SELECT w0=7838
SELECT w1=4280
SELECT w2=4572
BUSY TASK ewma=997
DMA IRQ c0=2
DMA IRQ c1=0
DMA IRQ c2=0
DMA IRQ c3=0
SELECT busy=7886
SELECT w0=7860
SELECT w1=4287
SELECT w2=4581
BUSY TASK ewma=997
DMA IRQ c0=2
DMA IRQ c1=0
DMA IRQ c2=0
DMA IRQ c3=0
SELECT busy=7913
SELECT w0=7887
SELECT w1=4300
SELECT w2=4603
BUSY TASK ewma=997
DMA IRQ c0=2
DMA IRQ c1=0
DMA IRQ c2=0
DMA IRQ c3=0
SELECT busy=7944
SELECT w0=7917
SELECT w1=4314
SELECT w2=4619
BUSY TASK ewma=997
DMA IRQ c0=2
DMA IRQ c1=0
DMA IRQ c2=0
DMA IRQ c3=0
SELECT busy=7966
SELECT w0=7940
SELECT w1=4321
SELECT w2=4628
BUSY TASK ewma=997
DMA IRQ c0=2
DMA IRQ c1=0
DMA IRQ c2=0
DMA IRQ c3=0
SELECT busy=7989
SELECT w0=7963
SELECT w1=4334
SELECT w2=4644
BUSY TASK ewma=997
DMA IRQ c0=2
DMA IRQ c1=0
DMA IRQ c2=0
DMA IRQ c3=0
SELECT busy=8012
SELECT w0=7985
SELECT w1=4341
SELECT w2=4652
BUSY TASK ewma=997
DMA IRQ c0=2
DMA IRQ c1=0
DMA IRQ c2=0
DMA IRQ c3=0
SELECT busy=8036
SELECT w0=8010
SELECT w1=4353
SELECT w2=4674
BUSY TASK ewma=997
DMA IRQ c0=2
DMA IRQ c1=0
DMA IRQ c2=0
DMA IRQ c3=0
SELECT busy=8062
SELECT w0=8036
SELECT w1=4364
SELECT w2=4688
BUSY TASK ewma=997
DMA IRQ c0=2
DMA IRQ c1=0
DMA IRQ c2=0
DMA IRQ c3=0
SELECT busy=8102
SELECT w0=8075
SELECT w1=4382
SELECT w2=4709
BUSY TASK ewma=997
DMA IRQ c0=2
DMA IRQ c1=0
DMA IRQ c2=0
DMA IRQ c3=0
SELECT busy=8122
SELECT w0=8096
SELECT w1=4390
SELECT w2=4720
BUSY TASK ewma=997
DMA IRQ c0=2
DMA IRQ c1=0
DMA IRQ c2=0
DMA IRQ c3=0
SELECT busy=8141
SELECT w0=8115
SELECT w1=4398
SELECT w2=4729
BUSY TASK ewma=997
DMA IRQ c0=2
DMA IRQ c1=0
DMA IRQ c2=0
DMA IRQ c3=0
SELECT busy=8163
SELECT w0=8137
SELECT w1=4407
SELECT w2=4743
BUSY TASK ewma=997
DMA IRQ c0=2
DMA IRQ c1=0
DMA IRQ c2=0
DMA IRQ c3=0
SELECT busy=8181
SELECT w0=8154
SELECT w1=4417
SELECT w2=4752
BUSY TASK ewma=997
DMA IRQ c0=2
DMA IRQ c1=0
DMA IRQ c2=0
DMA IRQ c3=0
SELECT busy=8202
SELECT w0=8175
SELECT w1=4426
SELECT w2=4767
BUSY TASK ewma=997
DMA IRQ c0=2
DMA IRQ c1=0
DMA IRQ c2=0
DMA IRQ c3=0
SELECT busy=8222
SELECT w0=8196
SELECT w1=4436
SELECT w2=4779
BUSY TASK ewma=997
DMA IRQ c0=2
DMA IRQ c1=0
DMA IRQ c2=0
DMA IRQ c3=0
SELECT busy=8245
SELECT w0=8219
SELECT w1=4449
SELECT w2=4794
BUSY TASK ewma=997
DMA IRQ c0=2
DMA IRQ c1=0
DMA IRQ c2=0
DMA IRQ c3=0
SELECT busy=8273
SELECT w0=8248
SELECT w1=4467
SELECT w2=4813
BUSY TASK ewma=997
DMA IRQ c0=2
DMA IRQ c1=0
DMA IRQ c2=0
DMA IRQ c3=0
SELECT busy=8300
SELECT w0=8275
SELECT w1=4485
SELECT w2=4833
BUSY TASK ewma=997
DMA IRQ c0=2
DMA IRQ c1=0
DMA IRQ c2=0
DMA IRQ c3=0
SELECT busy=8324
SELECT w0=8298
SELECT w1=4496
SELECT w2=4847
BUSY TASK ewma=997
DMA IRQ c0=2
DMA IRQ c1=0
DMA IRQ c2=0
DMA IRQ c3=0
SELECT busy=8347
SELECT w0=8320
SELECT w1=4505
SELECT w2=4856
BUSY TASK ewma=997
DMA IRQ c0=2
DMA IRQ c1=0
DMA IRQ c2=0
DMA IRQ c3=0
SELECT busy=8366
SELECT w0=8340
SELECT w1=4513
SELECT w2=4864
BUSY TASK ewma=997
DMA IRQ c0=2
DMA IRQ c1=0
DMA IRQ c2=0
DMA IRQ c3=0
SELECT busy=8382
SELECT w0=8355
SELECT w1=4520
SELECT w2=4874
BUSY TASK ewma=997
DMA IRQ c0=2
DMA IRQ c1=0
DMA IRQ c2=0
DMA IRQ c3=0
SELECT busy=8401
SELECT w0=8374
SELECT w1=4530
SELECT w2=4885
BUSY TASK ewma=997
DMA IRQ c0=2
DMA IRQ c1=0
DMA IRQ c2=0
DMA IRQ c3=0
SELECT busy=8422
SELECT w0=8396
SELECT w1=4541
SELECT w2=4900
BUSY TASK ewma=997
DMA IRQ c0=2
DMA IRQ c1=0
DMA IRQ c2=0
DMA IRQ c3=0
SELECT busy=8440
SELECT w0=8414
SELECT w1=4547
SELECT w2=4909
BUSY TASK ewma=997
IRQ counts: cpu0=16902 cpu1=19999 cpu2=19868 cpu3=19862
SCHED secondaries: calls=59735 unexpected=0
SECTEST switches=59699 cpu1=215268342,217180732 cpu2=182120387,178079122 cpu3=254526803,246154850
PINGPONG rounds=2000 pongs=2000
DMA IRQ c0=2
DMA IRQ c1=0
DMA IRQ c2=0
DMA IRQ c3=0
SELECT busy=8488
SELECT w0=8462
SELECT w1=4569
SELECT w2=4936
BUSY TASK ewma=997
DMA IRQ c0=2
DMA IRQ c1=0
DMA IRQ c2=0
DMA IRQ c3=0
SELECT busy=8507
SELECT w0=8481
SELECT w1=4576
SELECT w2=4947
BUSY TASK ewma=997
DMA IRQ c0=2
DMA IRQ c1=0
DMA IRQ c2=0
DMA IRQ c3=0
SELECT busy=8537
SELECT w0=8511
SELECT w1=4587
SELECT w2=4960
BUSY TASK ewma=997
DMA IRQ c0=2
DMA IRQ c1=0
DMA IRQ c2=0
DMA IRQ c3=0
SELECT busy=8555
SELECT w0=8529
SELECT w1=4595
SELECT w2=4968
BUSY TASK ewma=997
DMA IRQ c0=2
DMA IRQ c1=0
DMA IRQ c2=0
DMA IRQ c3=0
SELECT busy=8581
SELECT w0=8554
SELECT w1=4607
SELECT w2=4982
BUSY TASK ewma=997
DMA IRQ c0=2
DMA IRQ c1=0
DMA IRQ c2=0
DMA IRQ c3=0
SELECT busy=8601
SELECT w0=8575
SELECT w1=4612
SELECT w2=4990
BUSY TASK ewma=997
DMA IRQ c0=2
DMA IRQ c1=0
DMA IRQ c2=0
DMA IRQ c3=0
SELECT busy=8620
SELECT w0=8593
SELECT w1=4621
SELECT w2=4999
BUSY TASK ewma=997
DMA IRQ c0=2
DMA IRQ c1=0
DMA IRQ c2=0
DMA IRQ c3=0
SELECT busy=8650
SELECT w0=8625
SELECT w1=4632
SELECT w2=5018
BUSY TASK ewma=997
DMA IRQ c0=2
DMA IRQ c1=0
DMA IRQ c2=0
DMA IRQ c3=0
SELECT busy=8677
SELECT w0=8652
SELECT w1=4646
SELECT w2=5033
BUSY TASK ewma=997
DMA IRQ c0=2
DMA IRQ c1=0
DMA IRQ c2=0
DMA IRQ c3=0
SELECT busy=8703
SELECT w0=8676
SELECT w1=4659
SELECT w2=5048
BUSY TASK ewma=997
DMA IRQ c0=2
DMA IRQ c1=0
DMA IRQ c2=0
DMA IRQ c3=0
SELECT busy=8737
SELECT w0=8710
SELECT w1=4674
SELECT w2=5066
BUSY TASK ewma=997
DMA IRQ c0=2
DMA IRQ c1=0
DMA IRQ c2=0
DMA IRQ c3=0
SELECT busy=8763
SELECT w0=8736
SELECT w1=4685
SELECT w2=5075
BUSY TASK ewma=997
DMA IRQ c0=2
DMA IRQ c1=0
DMA IRQ c2=0
DMA IRQ c3=0
SELECT busy=8788
SELECT w0=8762
SELECT w1=4703
SELECT w2=5089
BUSY TASK ewma=997
DMA IRQ c0=2
DMA IRQ c1=0
DMA IRQ c2=0
DMA IRQ c3=0
SELECT busy=8814
SELECT w0=8787
SELECT w1=4716
SELECT w2=5105
BUSY TASK ewma=997
DMA IRQ c0=2
DMA IRQ c1=0
DMA IRQ c2=0
DMA IRQ c3=0
SELECT busy=8825
SELECT w0=8799
SELECT w1=4724
SELECT w2=5116
BUSY TASK ewma=997
DMA IRQ c0=2
DMA IRQ c1=0
DMA IRQ c2=0
DMA IRQ c3=0
SELECT busy=8852
SELECT w0=8827
SELECT w1=4740
SELECT w2=5133
BUSY TASK ewma=997
DMA IRQ c0=2
DMA IRQ c1=0
DMA IRQ c2=0
DMA IRQ c3=0
SELECT busy=8887
SELECT w0=8861
SELECT w1=4759
SELECT w2=5152
BUSY TASK ewma=997
DMA IRQ c0=2
DMA IRQ c1=0
DMA IRQ c2=0
DMA IRQ c3=0
SELECT busy=8901
SELECT w0=8874
SELECT w1=4766
SELECT w2=5164
BUSY TASK ewma=997
DMA IRQ c0=2
DMA IRQ c1=0
DMA IRQ c2=0
DMA IRQ c3=0
SELECT busy=8917
SELECT w0=8891
SELECT w1=4775
SELECT w2=5181
BUSY TASK ewma=997
DMA IRQ c0=2
DMA IRQ c1=0
DMA IRQ c2=0
DMA IRQ c3=0
SELECT busy=8939
SELECT w0=8913
SELECT w1=4789
SELECT w2=5196
BUSY TASK ewma=997
DMA IRQ c0=2
DMA IRQ c1=0
DMA IRQ c2=0
DMA IRQ c3=0
SELECT busy=8959
SELECT w0=8932
SELECT w1=4798
SELECT w2=5207
BUSY TASK ewma=997
DMA IRQ c0=2
DMA IRQ c1=0
DMA IRQ c2=0
DMA IRQ c3=0
SELECT busy=8979
SELECT w0=8953
SELECT w1=4807
SELECT w2=5223
BUSY TASK ewma=997
DMA IRQ c0=2
DMA IRQ c1=0
DMA IRQ c2=0
DMA IRQ c3=0
SELECT busy=9001
SELECT w0=8974
SELECT w1=4816
SELECT w2=5235
BUSY TASK ewma=997
DMA IRQ c0=2
DMA IRQ c1=0
DMA IRQ c2=0
DMA IRQ c3=0
SELECT busy=9021
SELECT w0=8995
SELECT w1=4826
SELECT w2=5251
BUSY TASK ewma=997
DMA IRQ c0=2
DMA IRQ c1=0
DMA IRQ c2=0
DMA IRQ c3=0
SELECT busy=9045
SELECT w0=9018
SELECT w1=4835
SELECT w2=5265
BUSY TASK ewma=997
DMA IRQ c0=2
DMA IRQ c1=0
DMA IRQ c2=0
DMA IRQ c3=0
SELECT busy=9063
SELECT w0=9036
SELECT w1=4844
SELECT w2=5278
BUSY TASK ewma=997
DMA IRQ c0=2
DMA IRQ c1=0
DMA IRQ c2=0
DMA IRQ c3=0
SELECT busy=9085
SELECT w0=9059
SELECT w1=4850
SELECT w2=5288
BUSY TASK ewma=997
DMA IRQ c0=2
DMA IRQ c1=0
DMA IRQ c2=0
DMA IRQ c3=0
SELECT busy=9109
SELECT w0=9084
SELECT w1=4861
SELECT w2=5302
BUSY TASK ewma=997
DMA IRQ c0=2
DMA IRQ c1=0
DMA IRQ c2=0
DMA IRQ c3=0
SELECT busy=9138
SELECT w0=9112
SELECT w1=4874
SELECT w2=5322
BUSY TASK ewma=997
DMA IRQ c0=2
DMA IRQ c1=0
DMA IRQ c2=0
DMA IRQ c3=0
SELECT busy=9165
SELECT w0=9139
SELECT w1=4887
SELECT w2=5345
BUSY TASK ewma=997
DMA IRQ c0=2
DMA IRQ c1=0
DMA IRQ c2=0
DMA IRQ c3=0
SELECT busy=9190
SELECT w0=9163
SELECT w1=4896
SELECT w2=5353
BUSY TASK ewma=997
DMA IRQ c0=2
DMA IRQ c1=0
DMA IRQ c2=0
DMA IRQ c3=0
SELECT busy=9208
SELECT w0=9182
SELECT w1=4903
SELECT w2=5366
BUSY TASK ewma=997
DMA IRQ c0=2
DMA IRQ c1=0
DMA IRQ c2=0
DMA IRQ c3=0
SELECT busy=9238
SELECT w0=9211
SELECT w1=4919
SELECT w2=5385
BUSY TASK ewma=997
DMA IRQ c0=2
DMA IRQ c1=0
DMA IRQ c2=0
DMA IRQ c3=0
SELECT busy=9248
SELECT w0=9221
SELECT w1=4924
SELECT w2=5389
BUSY TASK ewma=997
DMA IRQ c0=2
DMA IRQ c1=0
DMA IRQ c2=0
DMA IRQ c3=0
SELECT busy=9267
SELECT w0=9240
SELECT w1=4930
SELECT w2=5397
BUSY TASK ewma=997
DMA IRQ c0=2
DMA IRQ c1=0
DMA IRQ c2=0
DMA IRQ c3=0
SELECT busy=9286
SELECT w0=9259
SELECT w1=4936
SELECT w2=5403
BUSY TASK ewma=997
DMA IRQ c0=2
DMA IRQ c1=0
DMA IRQ c2=0
DMA IRQ c3=0
SELECT busy=9310
SELECT w0=9285
SELECT w1=4946
SELECT w2=5419
BUSY TASK ewma=997
DMA IRQ c0=2
DMA IRQ c1=0
DMA IRQ c2=0
DMA IRQ c3=0
SELECT busy=9342
SELECT w0=9315
SELECT w1=4956
SELECT w2=5432
BUSY TASK ewma=997
DMA IRQ c0=2
DMA IRQ c1=0
DMA IRQ c2=0
DMA IRQ c3=0
SELECT busy=9368
SELECT w0=9342
SELECT w1=4966
SELECT w2=5445
BUSY TASK ewma=997
DMA IRQ c0=2
DMA IRQ c1=0
DMA IRQ c2=0
DMA IRQ c3=0
SELECT busy=9393
SELECT w0=9367
SELECT w1=4974
SELECT w2=5453
BUSY TASK ewma=997
DMA IRQ c0=2
DMA IRQ c1=0
DMA IRQ c2=0
DMA IRQ c3=0
SELECT busy=9408
SELECT w0=9381
SELECT w1=4980
SELECT w2=5460
BUSY TASK ewma=997
DMA IRQ c0=2
DMA IRQ c1=0
DMA IRQ c2=0
DMA IRQ c3=0
SELECT busy=9426
SELECT w0=9399
SELECT w1=4988
SELECT w2=5470
BUSY TASK ewma=997
DMA IRQ c0=2
DMA IRQ c1=0
DMA IRQ c2=0
DMA IRQ c3=0
SELECT busy=9444
SELECT w0=9419
SELECT w1=4997
SELECT w2=5482
BUSY TASK ewma=997
DMA IRQ c0=2
DMA IRQ c1=0
DMA IRQ c2=0
DMA IRQ c3=0
SELECT busy=9471
SELECT w0=9445
SELECT w1=5011
SELECT w2=5498
BUSY TASK ewma=997
DMA IRQ c0=2
DMA IRQ c1=0
DMA IRQ c2=0
DMA IRQ c3=0
SELECT busy=9493
SELECT w0=9467
SELECT w1=5021
SELECT w2=5511
BUSY TASK ewma=997
DMA IRQ c0=2
DMA IRQ c1=0
DMA IRQ c2=0
DMA IRQ c3=0
SELECT busy=9511
SELECT w0=9484
SELECT w1=5027
SELECT w2=5519
BUSY TASK ewma=997
DMA IRQ c0=2
DMA IRQ c1=0
DMA IRQ c2=0
DMA IRQ c3=0
SELECT busy=9531
SELECT w0=9505
SELECT w1=5038
SELECT w2=5539
BUSY TASK ewma=997
DMA IRQ c0=2
DMA IRQ c1=0
DMA IRQ c2=0
DMA IRQ c3=0
SELECT busy=9567
SELECT w0=9541
SELECT w1=5056
SELECT w2=5562
BUSY TASK ewma=997
DMA IRQ c0=2
DMA IRQ c1=0
DMA IRQ c2=0
DMA IRQ c3=0
SELECT busy=9594
SELECT w0=9567
SELECT w1=5070
SELECT w2=5577
BUSY TASK ewma=997
DMA IRQ c0=2
DMA IRQ c1=0
DMA IRQ c2=0
DMA IRQ c3=0
SELECT busy=9616
SELECT w0=9589
SELECT w1=5085
SELECT w2=5592
BUSY TASK ewma=997
DMA IRQ c0=2
DMA IRQ c1=0
DMA IRQ c2=0
DMA IRQ c3=0
SELECT busy=9633
SELECT w0=9607
SELECT w1=5091
SELECT w2=5601
BUSY TASK ewma=997
DMA IRQ c0=2
DMA IRQ c1=0
DMA IRQ c2=0
DMA IRQ c3=0
SELECT busy=9652
SELECT w0=9625
SELECT w1=5099
SELECT w2=5611
BUSY TASK ewma=997
DMA IRQ c0=2
DMA IRQ c1=0
DMA IRQ c2=0
DMA IRQ c3=0
SELECT busy=9678
SELECT w0=9652
SELECT w1=5109
SELECT w2=5626
BUSY TASK ewma=997
DMA IRQ c0=2
DMA IRQ c1=0
DMA IRQ c2=0
DMA IRQ c3=0
SELECT busy=9695
SELECT w0=9669
SELECT w1=5120
SELECT w2=5636
BUSY TASK ewma=997
DMA IRQ c0=2
DMA IRQ c1=0
DMA IRQ c2=0
DMA IRQ c3=0
SELECT busy=9715
SELECT w0=9689
SELECT w1=5131
SELECT w2=5647
BUSY TASK ewma=997
DMA IRQ c0=2
DMA IRQ c1=0
DMA IRQ c2=0
DMA IRQ c3=0
SELECT busy=9738
SELECT w0=9714
SELECT w1=5143
SELECT w2=5662
BUSY TASK ewma=997
DMA IRQ c0=2
DMA IRQ c1=0
DMA IRQ c2=0
DMA IRQ c3=0
SELECT busy=9762
SELECT w0=9736
SELECT w1=5153
SELECT w2=5675
BUSY TASK ewma=997
DMA IRQ c0=2
DMA IRQ c1=0
DMA IRQ c2=0
DMA IRQ c3=0
SELECT busy=9784
SELECT w0=9758
SELECT w1=5164
SELECT w2=5691
BUSY TASK ewma=997
DMA IRQ c0=2
DMA IRQ c1=0
DMA IRQ c2=0
DMA IRQ c3=0
SELECT busy=9807
SELECT w0=9781
SELECT w1=5172
SELECT w2=5702
BUSY TASK ewma=997
DMA IRQ c0=2
DMA IRQ c1=0
DMA IRQ c2=0
DMA IRQ c3=0
SELECT busy=9823
SELECT w0=9799
SELECT w1=5183
SELECT w2=5711
BUSY TASK ewma=997
DMA IRQ c0=2
DMA IRQ c1=0
DMA IRQ c2=0
DMA IRQ c3=0
SELECT busy=9851
SELECT w0=9825
SELECT w1=5195
SELECT w2=5726
BUSY TASK ewma=997
DMA IRQ c0=2
DMA IRQ c1=0
DMA IRQ c2=0
DMA IRQ c3=0
SELECT busy=9874
SELECT w0=9847
SELECT w1=5205
SELECT w2=5740
BUSY TASK ewma=997
DMA IRQ c0=2
DMA IRQ c1=0
DMA IRQ c2=0
DMA IRQ c3=0
SELECT busy=9899
SELECT w0=9873
SELECT w1=5216
SELECT w2=5752
BUSY TASK ewma=997
DMA IRQ c0=2
DMA IRQ c1=0
DMA IRQ c2=0
DMA IRQ c3=0
SELECT busy=9915
SELECT w0=9888
SELECT w1=5223
SELECT w2=5760
BUSY TASK ewma=997
IRQ counts: cpu0=19832 cpu1=23355 cpu2=23252 cpu3=23178
SCHED secondaries: calls=69794 unexpected=0
SECTEST switches=69760 cpu1=247579947,248165138 cpu2=212427086,207061267 cpu3=296586131,287008078
PINGPONG rounds=2000 pongs=2000
DMA IRQ c0=2
DMA IRQ c1=0
DMA IRQ c2=0
DMA IRQ c3=0
SELECT busy=9943
SELECT w0=9917
SELECT w1=5237
SELECT w2=5782
BUSY TASK ewma=997
DMA IRQ c0=2
DMA IRQ c1=0
DMA IRQ c2=0
DMA IRQ c3=0
SELECT busy=9964
SELECT w0=9938
SELECT w1=5248
SELECT w2=5795
BUSY TASK ewma=997
DMA IRQ c0=2
DMA IRQ c1=0
DMA IRQ c2=0
DMA IRQ c3=0
SELECT busy=9985
SELECT w0=9959
SELECT w1=5258
SELECT w2=5807
BUSY TASK ewma=997
DMA IRQ c0=2
DMA IRQ c1=0
DMA IRQ c2=0
DMA IRQ c3=0
SELECT busy=10005
SELECT w0=9979
SELECT w1=5267
SELECT w2=5818
BUSY TASK ewma=997
DMA IRQ c0=2
DMA IRQ c1=0
DMA IRQ c2=0
DMA IRQ c3=0
SELECT busy=10026
SELECT w0=10000
SELECT w1=5276
SELECT w2=5834
BUSY TASK ewma=997
DMA IRQ c0=2
DMA IRQ c1=0
DMA IRQ c2=0
DMA IRQ c3=0
SELECT busy=10052
SELECT w0=10026
SELECT w1=5287
SELECT w2=5847
BUSY TASK ewma=997
DMA IRQ c0=2
DMA IRQ c1=0
DMA IRQ c2=0
DMA IRQ c3=0
SELECT busy=10078
SELECT w0=10051
SELECT w1=5298
SELECT w2=5862
BUSY TASK ewma=997
DMA IRQ c0=2
DMA IRQ c1=0
DMA IRQ c2=0
DMA IRQ c3=0
SELECT busy=10099
SELECT w0=10072
SELECT w1=5311
SELECT w2=5876
qemu-system-aarch64: terminating on signal 15 from pid 257767 (timeout)
