P4 M7: full integration test boot OK
CPU0: MPIDR_EL1=0x0000000080000000
CPU0: psci_cpu_on target=1 rc=0
CPU1: alive, MPIDR_EL1=0x0000000080000001 this_cpu()->cpu_id=1
CPU0: psci_cpu_on target=2 rc=0
CPU2: alive, MPIDR_EL1=0x0000000080000002 this_cpu()->cpu_id=2
CPU0: psci_cpu_on target=3 rc=0
CPU3: alive, MPIDR_EL1=0x0000000080000003 this_cpu()->cpu_id=3
CPUs online: 4
D2b: worker 1 runs on CPU1
D2b: worker 2 runs on CPU2
D2b: worker 0 runs on CPU0
P4 M7: worker submitted cmd_id=2
P4 M7: worker submitted cmd_id=1
P4 M7: worker submitted cmd_id=3
BUSY TASK ewma=958
DMA IRQ c0=0
DMA IRQ c1=0
DMA IRQ c2=0
DMA IRQ c3=0
SELECT busy=13
SELECT w0=3
SELECT w1=5
SELECT w2=4
BUSY TASK ewma=997
DMA IRQ c0=0
P4 M7: worker DATA OK, cmd_id=3
P4 M7: worker DATA OK, cmd_id=2
WORKER ewma=759
P4 M7: worker DATA OK, cmd_id=1
WORKER ewma=759
WORKER ewma=831
DMA IRQ c1=0
DMA IRQ c2=0
DMA IRQ c3=0
SELECT busy=38
SELECT w0=26
SELECT w1=18
SELECT w2=19
BUSY TASK ewma=997
DMA IRQ c0=1
DMA IRQ c1=0
DMA IRQ c2=0
DMA IRQ c3=0
SELECT busy=57
SELECT w0=46
SELECT w1=35
SELECT w2=36
BUSY TASK ewma=997
DMA IRQ c0=1
DMA IRQ c1=0
DMA IRQ c2=0
DMA IRQ c3=0
SELECT busy=87
SELECT w0=75
SELECT w1=84
SELECT w2=85
BUSY TASK ewma=997
DMA IRQ c0=1
DMA IRQ c1=0
DMA IRQ c2=0
DMA IRQ c3=0
SELECT busy=105
SELECT w0=94
SELECT w1=118
SELECT w2=119
BUSY TASK ewma=997
DMA IRQ c0=1
DMA IRQ c1=0
DMA IRQ c2=0
DMA IRQ c3=0
SELECT busy=127
SELECT w0=116
SELECT w1=165
SELECT w2=167
BUSY TASK ewma=997
DMA IRQ c0=1
DMA IRQ c1=0
DMA IRQ c2=0
DMA IRQ c3=0
SELECT busy=144
SELECT w0=133
SELECT w1=196
SELECT w2=197
BUSY TASK ewma=997
DMA IRQ c0=1
DMA IRQ c1=0
DMA IRQ c2=0
DMA IRQ c3=0
SELECT busy=168
SELECT w0=156
SELECT w1=210
SELECT w2=210
BUSY TASK ewma=997
DMA IRQ c0=1
DMA IRQ c1=0
DMA IRQ c2=0
DMA IRQ c3=0
SELECT busy=191
SELECT w0=180
SELECT w1=223
SELECT w2=220
BUSY TASK ewma=997
DMA IRQ c0=1
DMA IRQ c1=0
DMA IRQ c2=0
DMA IRQ c3=0
SELECT busy=218
SELECT w0=207
SELECT w1=239
SELECT w2=235
BUSY TASK ewma=997
DMA IRQ c0=1
DMA IRQ c1=0
DMA IRQ c2=0
DMA IRQ c3=0
SELECT busy=237
SELECT w0=226
SELECT w1=247
SELECT w2=243
BUSY TASK ewma=997
DMA IRQ c0=1
DMA IRQ c1=0
DMA IRQ c2=0
DMA IRQ c3=0
SELECT busy=259
SELECT w0=248
SELECT w1=262
SELECT w2=260
BUSY TASK ewma=997
DMA IRQ c0=1
DMA IRQ c1=0
DMA IRQ c2=0
DMA IRQ c3=0
SELECT busy=279
SELECT w0=268
SELECT w1=276
SELECT w2=277
BUSY TASK ewma=997
DMA IRQ c0=1
DMA IRQ c1=0
DMA IRQ c2=0
DMA IRQ c3=0
SELECT busy=311
SELECT w0=299
SELECT w1=295
SELECT w2=298
BUSY TASK ewma=997
DMA IRQ c0=1
DMA IRQ c1=0
DMA IRQ c2=0
DMA IRQ c3=0
SELECT busy=343
SELECT w0=332
SELECT w1=311
SELECT w2=317
BUSY TASK ewma=997
DMA IRQ c0=1
DMA IRQ c1=0
DMA IRQ c2=0
DMA IRQ c3=0
SELECT busy=380
SELECT w0=369
SELECT w1=334
SELECT w2=342
BUSY TASK ewma=997
DMA IRQ c0=1
DMA IRQ c1=0
DMA IRQ c2=0
DMA IRQ c3=0
SELECT busy=420
SELECT w0=408
SELECT w1=354
SELECT w2=365
BUSY TASK ewma=997
DMA IRQ c0=1
DMA IRQ c1=0
DMA IRQ c2=0
DMA IRQ c3=0
SELECT busy=442
SELECT w0=430
SELECT w1=366
SELECT w2=377
BUSY TASK ewma=997
DMA IRQ c0=1
DMA IRQ c1=0
DMA IRQ c2=0
DMA IRQ c3=0
SELECT busy=466
SELECT w0=454
SELECT w1=381
SELECT w2=390
BUSY TASK ewma=997
DMA IRQ c0=1
DMA IRQ c1=0
DMA IRQ c2=0
DMA IRQ c3=0
SELECT busy=493
SELECT w0=482
SELECT w1=396
SELECT w2=404
BUSY TASK ewma=997
DMA IRQ c0=1
DMA IRQ c1=0
DMA IRQ c2=0
DMA IRQ c3=0
SELECT busy=525
SELECT w0=514
SELECT w1=413
SELECT w2=420
BUSY TASK ewma=997
DMA IRQ c0=1
DMA IRQ c1=0
DMA IRQ c2=0
DMA IRQ c3=0
SELECT busy=548
SELECT w0=536
SELECT w1=424
SELECT w2=430
BUSY TASK ewma=997
DMA IRQ c0=1
DMA IRQ c1=0
DMA IRQ c2=0
DMA IRQ c3=0
SELECT busy=567
SELECT w0=555
SELECT w1=429
SELECT w2=435
BUSY TASK ewma=997
DMA IRQ c0=1
DMA IRQ c1=0
DMA IRQ c2=0
DMA IRQ c3=0
SELECT busy=588
SELECT w0=577
SELECT w1=439
SELECT w2=442
BUSY TASK ewma=997
DMA IRQ c0=1
DMA IRQ c1=0
DMA IRQ c2=0
DMA IRQ c3=0
SELECT busy=611
SELECT w0=599
SELECT w1=450
SELECT w2=451
BUSY TASK ewma=997
DMA IRQ c0=1
DMA IRQ c1=0
DMA IRQ c2=0
DMA IRQ c3=0
SELECT busy=631
SELECT w0=619
SELECT w1=464
SELECT w2=460
BUSY TASK ewma=997
DMA IRQ c0=1
DMA IRQ c1=0
DMA IRQ c2=0
DMA IRQ c3=0
SELECT busy=648
SELECT w0=636
SELECT w1=472
SELECT w2=468
BUSY TASK ewma=997
DMA IRQ c0=1
DMA IRQ c1=0
DMA IRQ c2=0
DMA IRQ c3=0
SELECT busy=666
SELECT w0=655
SELECT w1=483
SELECT w2=481
BUSY TASK ewma=997
DMA IRQ c0=1
DMA IRQ c1=0
DMA IRQ c2=0
DMA IRQ c3=0
SELECT busy=683
SELECT w0=671
SELECT w1=492
SELECT w2=491
BUSY TASK ewma=997
DMA IRQ c0=1
DMA IRQ c1=0
DMA IRQ c2=0
DMA IRQ c3=0
SELECT busy=702
SELECT w0=691
SELECT w1=505
SELECT w2=504
BUSY TASK ewma=997
DMA IRQ c0=1
DMA IRQ c1=0
DMA IRQ c2=0
DMA IRQ c3=0
SELECT busy=728
SELECT w0=717
SELECT w1=520
SELECT w2=519
BUSY TASK ewma=997
DMA IRQ c0=1
DMA IRQ c1=0
DMA IRQ c2=0
DMA IRQ c3=0
SELECT busy=752
SELECT w0=741
SELECT w1=533
SELECT w2=535
BUSY TASK ewma=997
DMA IRQ c0=1
DMA IRQ c1=0
DMA IRQ c2=0
DMA IRQ c3=0
SELECT busy=775
SELECT w0=764
SELECT w1=544
SELECT w2=551
BUSY TASK ewma=997
DMA IRQ c0=1
DMA IRQ c1=0
DMA IRQ c2=0
DMA IRQ c3=0
SELECT busy=802
SELECT w0=792
SELECT w1=559
SELECT w2=568
BUSY TASK ewma=997
DMA IRQ c0=1
DMA IRQ c1=0
DMA IRQ c2=0
DMA IRQ c3=0
SELECT busy=829
SELECT w0=817
SELECT w1=571
SELECT w2=582
BUSY TASK ewma=997
DMA IRQ c0=1
DMA IRQ c1=0
DMA IRQ c2=0
DMA IRQ c3=0
SELECT busy=851
SELECT w0=839
SELECT w1=581
SELECT w2=592
BUSY TASK ewma=997
DMA IRQ c0=1
DMA IRQ c1=0
DMA IRQ c2=0
DMA IRQ c3=0
SELECT busy=868
SELECT w0=857
SELECT w1=590
SELECT w2=601
BUSY TASK ewma=997
DMA IRQ c0=1
DMA IRQ c1=0
DMA IRQ c2=0
DMA IRQ c3=0
SELECT busy=894
SELECT w0=883
SELECT w1=608
SELECT w2=619
BUSY TASK ewma=997
DMA IRQ c0=1
DMA IRQ c1=0
DMA IRQ c2=0
DMA IRQ c3=0
SELECT busy=910
SELECT w0=899
SELECT w1=618
SELECT w2=627
BUSY TASK ewma=997
DMA IRQ c0=1
DMA IRQ c1=0
DMA IRQ c2=0
DMA IRQ c3=0
SELECT busy=928
SELECT w0=917
SELECT w1=627
SELECT w2=642
BUSY TASK ewma=997
DMA IRQ c0=1
DMA IRQ c1=0
DMA IRQ c2=0
DMA IRQ c3=0
SELECT busy=950
SELECT w0=939
SELECT w1=643
SELECT w2=656
BUSY TASK ewma=997
DMA IRQ c0=1
DMA IRQ c1=0
DMA IRQ c2=0
DMA IRQ c3=0
SELECT busy=970
SELECT w0=958
SELECT w1=655
SELECT w2=667
BUSY TASK ewma=997
DMA IRQ c0=1
DMA IRQ c1=0
DMA IRQ c2=0
DMA IRQ c3=0
SELECT busy=990
SELECT w0=979
SELECT w1=666
SELECT w2=679
BUSY TASK ewma=997
DMA IRQ c0=1
DMA IRQ c1=0
DMA IRQ c2=0
DMA IRQ c3=0
SELECT busy=1009
SELECT w0=998
SELECT w1=673
SELECT w2=686
BUSY TASK ewma=997
DMA IRQ c0=1
DMA IRQ c1=0
DMA IRQ c2=0
DMA IRQ c3=0
SELECT busy=1029
SELECT w0=1018
SELECT w1=682
SELECT w2=695
BUSY TASK ewma=997
DMA IRQ c0=1
DMA IRQ c1=0
DMA IRQ c2=0
DMA IRQ c3=0
SELECT busy=1053
SELECT w0=1042
SELECT w1=696
SELECT w2=710
BUSY TASK ewma=997
DMA IRQ c0=1
DMA IRQ c1=0
DMA IRQ c2=0
DMA IRQ c3=0
SELECT busy=1071
SELECT w0=1059
SELECT w1=712
SELECT w2=722
BUSY TASK ewma=997
DMA IRQ c0=1
DMA IRQ c1=0
DMA IRQ c2=0
DMA IRQ c3=0
SELECT busy=1093
SELECT w0=1081
SELECT w1=720
SELECT w2=729
BUSY TASK ewma=997
DMA IRQ c0=1
DMA IRQ c1=0
DMA IRQ c2=0
DMA IRQ c3=0
SELECT busy=1123
SELECT w0=1112
SELECT w1=736
SELECT w2=745
BUSY TASK ewma=997
DMA IRQ c0=1
DMA IRQ c1=0
DMA IRQ c2=0
DMA IRQ c3=0
SELECT busy=1143
SELECT w0=1131
SELECT w1=747
SELECT w2=759
BUSY TASK ewma=997
DMA IRQ c0=1
DMA IRQ c1=0
DMA IRQ c2=0
DMA IRQ c3=0
SELECT busy=1163
SELECT w0=1152
SELECT w1=757
SELECT w2=772
BUSY TASK ewma=997
DMA IRQ c0=1
DMA IRQ c1=0
DMA IRQ c2=0
DMA IRQ c3=0
SELECT busy=1189
SELECT w0=1179
SELECT w1=776
SELECT w2=798
BUSY TASK ewma=997
DMA IRQ c0=1
DMA IRQ c1=0
DMA IRQ c2=0
DMA IRQ c3=0
SELECT busy=1216
SELECT w0=1206
SELECT w1=792
SELECT w2=819
BUSY TASK ewma=997
DMA IRQ c0=1
DMA IRQ c1=0
DMA IRQ c2=0
DMA IRQ c3=0
SELECT busy=1246
SELECT w0=1235
SELECT w1=809
SELECT w2=839
BUSY TASK ewma=997
DMA IRQ c0=1
DMA IRQ c1=0
DMA IRQ c2=0
DMA IRQ c3=0
SELECT busy=1271
SELECT w0=1260
SELECT w1=822
SELECT w2=853
BUSY TASK ewma=997
DMA IRQ c0=1
DMA IRQ c1=0
DMA IRQ c2=0
DMA IRQ c3=0
SELECT busy=1298
SELECT w0=1287
SELECT w1=841
SELECT w2=870
BUSY TASK ewma=997
DMA IRQ c0=1
DMA IRQ c1=0
DMA IRQ c2=0
DMA IRQ c3=0
SELECT busy=1319
SELECT w0=1307
SELECT w1=849
SELECT w2=878
BUSY TASK ewma=997
DMA IRQ c0=1
DMA IRQ c1=0
DMA IRQ c2=0
DMA IRQ c3=0
SELECT busy=1338
SELECT w0=1326
SELECT w1=857
SELECT w2=887
BUSY TASK ewma=997
DMA IRQ c0=1
DMA IRQ c1=0
DMA IRQ c2=0
DMA IRQ c3=0
SELECT busy=1365
SELECT w0=1355
SELECT w1=876
SELECT w2=904
BUSY TASK ewma=997
DMA IRQ c0=1
DMA IRQ c1=0
DMA IRQ c2=0
DMA IRQ c3=0
SELECT busy=1399
SELECT w0=1387
SELECT w1=894
SELECT w2=922
BUSY TASK ewma=997
DMA IRQ c0=1
DMA IRQ c1=0
DMA IRQ c2=0
DMA IRQ c3=0
SELECT busy=1419
SELECT w0=1410
SELECT w1=909
SELECT w2=940
BUSY TASK ewma=997
DMA IRQ c0=1
DMA IRQ c1=0
DMA IRQ c2=0
DMA IRQ c3=0
SELECT busy=1447
SELECT w0=1436
SELECT w1=930
SELECT w2=955
BUSY TASK ewma=997
DMA IRQ c0=1
DMA IRQ c1=0
DMA IRQ c2=0
DMA IRQ c3=0
SELECT busy=1469
SELECT w0=1458
SELECT w1=941
SELECT w2=964
BUSY TASK ewma=997
IRQ counts: cpu0=2966 cpu1=3427 cpu2=3521 cpu3=3487
SCHED secondaries: calls=10437 unexpected=0
SECTEST switches=10403 cpu1=34279384,35119859 cpu2=28243439,27138848 cpu3=42360695,40392962
PINGPONG rounds=728 pongs=728
DMA IRQ c0=1
DMA IRQ c1=0
DMA IRQ c2=0
DMA IRQ c3=0
SELECT busy=1499
SELECT w0=1487
SELECT w1=953
SELECT w2=975
BUSY TASK ewma=997
DMA IRQ c0=1
DMA IRQ c1=0
DMA IRQ c2=0
DMA IRQ c3=0
SELECT busy=1512
SELECT w0=1500
SELECT w1=960
SELECT w2=981
BUSY TASK ewma=997
DMA IRQ c0=1
DMA IRQ c1=0
DMA IRQ c2=0
DMA IRQ c3=0
SELECT busy=1537
SELECT w0=1525
SELECT w1=973
SELECT w2=994
BUSY TASK ewma=997
DMA IRQ c0=1
DMA IRQ c1=0
DMA IRQ c2=0
DMA IRQ c3=0
SELECT busy=1559
SELECT w0=1547
SELECT w1=987
SELECT w2=1008
BUSY TASK ewma=997
DMA IRQ c0=1
DMA IRQ c1=0
DMA IRQ c2=0
DMA IRQ c3=0
SELECT busy=1577
SELECT w0=1566
SELECT w1=997
SELECT w2=1019
BUSY TASK ewma=997
DMA IRQ c0=1
DMA IRQ c1=0
DMA IRQ c2=0
DMA IRQ c3=0
SELECT busy=1593
SELECT w0=1581
SELECT w1=1008
SELECT w2=1030
BUSY TASK ewma=997
DMA IRQ c0=1
DMA IRQ c1=0
DMA IRQ c2=0
DMA IRQ c3=0
SELECT busy=1614
SELECT w0=1602
SELECT w1=1022
SELECT w2=1046
BUSY TASK ewma=997
DMA IRQ c0=1
DMA IRQ c1=0
DMA IRQ c2=0
DMA IRQ c3=0
SELECT busy=1638
SELECT w0=1627
SELECT w1=1035
SELECT w2=1061
BUSY TASK ewma=997
DMA IRQ c0=1
DMA IRQ c1=0
DMA IRQ c2=0
DMA IRQ c3=0
SELECT busy=1668
SELECT w0=1657
SELECT w1=1053
SELECT w2=1080
BUSY TASK ewma=997
DMA IRQ c0=1
DMA IRQ c1=0
DMA IRQ c2=0
DMA IRQ c3=0
SELECT busy=1690
SELECT w0=1679
SELECT w1=1068
SELECT w2=1095
BUSY TASK ewma=997
DMA IRQ c0=1
DMA IRQ c1=0
DMA IRQ c2=0
DMA IRQ c3=0
SELECT busy=1713
SELECT w0=1703
SELECT w1=1084
SELECT w2=1109
BUSY TASK ewma=997
DMA IRQ c0=1
DMA IRQ c1=0
DMA IRQ c2=0
DMA IRQ c3=0
SELECT busy=1735
SELECT w0=1723
SELECT w1=1098
SELECT w2=1128
BUSY TASK ewma=997
DMA IRQ c0=1
DMA IRQ c1=0
DMA IRQ c2=0
DMA IRQ c3=0
SELECT busy=1758
SELECT w0=1747
SELECT w1=1107
SELECT w2=1142
BUSY TASK ewma=997
DMA IRQ c0=1
DMA IRQ c1=0
DMA IRQ c2=0
DMA IRQ c3=0
SELECT busy=1786
SELECT w0=1775
SELECT w1=1126
SELECT w2=1157
BUSY TASK ewma=997
DMA IRQ c0=1
DMA IRQ c1=0
DMA IRQ c2=0
DMA IRQ c3=0
SELECT busy=1815
SELECT w0=1805
SELECT w1=1144
SELECT w2=1171
BUSY TASK ewma=997
DMA IRQ c0=1
DMA IRQ c1=0
DMA IRQ c2=0
DMA IRQ c3=0
SELECT busy=1842
SELECT w0=1830
SELECT w1=1156
SELECT w2=1185
BUSY TASK ewma=997
DMA IRQ c0=1
DMA IRQ c1=0
DMA IRQ c2=0
DMA IRQ c3=0
SELECT busy=1867
SELECT w0=1857
SELECT w1=1172
SELECT w2=1200
BUSY TASK ewma=997
DMA IRQ c0=1
DMA IRQ c1=0
DMA IRQ c2=0
DMA IRQ c3=0
SELECT busy=1901
SELECT w0=1891
SELECT w1=1198
SELECT w2=1224
BUSY TASK ewma=997
DMA IRQ c0=1
DMA IRQ c1=0
DMA IRQ c2=0
DMA IRQ c3=0
SELECT busy=1933
SELECT w0=1921
SELECT w1=1215
SELECT w2=1238
BUSY TASK ewma=997
DMA IRQ c0=1
DMA IRQ c1=0
DMA IRQ c2=0
DMA IRQ c3=0
SELECT busy=1951
SELECT w0=1939
SELECT w1=1225
SELECT w2=1255
BUSY TASK ewma=997
DMA IRQ c0=1
DMA IRQ c1=0
DMA IRQ c2=0
DMA IRQ c3=0
SELECT busy=1968
SELECT w0=1956
SELECT w1=1235
SELECT w2=1269
BUSY TASK ewma=997
DMA IRQ c0=1
DMA IRQ c1=0
DMA IRQ c2=0
DMA IRQ c3=0
SELECT busy=1994
SELECT w0=1982
SELECT w1=1247
SELECT w2=1280
BUSY TASK ewma=997
DMA IRQ c0=1
DMA IRQ c1=0
DMA IRQ c2=0
DMA IRQ c3=0
SELECT busy=2015
SELECT w0=2003
SELECT w1=1260
SELECT w2=1290
BUSY TASK ewma=997
DMA IRQ c0=1
DMA IRQ c1=0
DMA IRQ c2=0
DMA IRQ c3=0
SELECT busy=2031
SELECT w0=2020
SELECT w1=1267
SELECT w2=1299
BUSY TASK ewma=997
DMA IRQ c0=1
DMA IRQ c1=0
DMA IRQ c2=0
DMA IRQ c3=0
SELECT busy=2050
SELECT w0=2038
SELECT w1=1283
SELECT w2=1309
BUSY TASK ewma=997
DMA IRQ c0=1
DMA IRQ c1=0
DMA IRQ c2=0
DMA IRQ c3=0
SELECT busy=2069
SELECT w0=2058
SELECT w1=1292
SELECT w2=1318
BUSY TASK ewma=997
DMA IRQ c0=1
DMA IRQ c1=0
DMA IRQ c2=0
DMA IRQ c3=0
SELECT busy=2095
SELECT w0=2084
SELECT w1=1308
SELECT w2=1332
BUSY TASK ewma=997
DMA IRQ c0=1
DMA IRQ c1=0
DMA IRQ c2=0
DMA IRQ c3=0
SELECT busy=2116
SELECT w0=2105
SELECT w1=1318
SELECT w2=1340
BUSY TASK ewma=997
DMA IRQ c0=1
DMA IRQ c1=0
DMA IRQ c2=0
DMA IRQ c3=0
SELECT busy=2137
SELECT w0=2126
SELECT w1=1327
SELECT w2=1350
BUSY TASK ewma=997
DMA IRQ c0=1
DMA IRQ c1=0
DMA IRQ c2=0
DMA IRQ c3=0
SELECT busy=2160
SELECT w0=2148
SELECT w1=1333
SELECT w2=1356
BUSY TASK ewma=997
DMA IRQ c0=1
DMA IRQ c1=0
DMA IRQ c2=0
DMA IRQ c3=0
SELECT busy=2193
SELECT w0=2182
SELECT w1=1352
SELECT w2=1385
BUSY TASK ewma=997
DMA IRQ c0=1
DMA IRQ c1=0
DMA IRQ c2=0
DMA IRQ c3=0
SELECT busy=2209
SELECT w0=2199
SELECT w1=1361
SELECT w2=1396
BUSY TASK ewma=997
DMA IRQ c0=1
DMA IRQ c1=0
DMA IRQ c2=0
DMA IRQ c3=0
SELECT busy=2227
SELECT w0=2217
SELECT w1=1374
SELECT w2=1408
BUSY TASK ewma=997
DMA IRQ c0=1
DMA IRQ c1=0
DMA IRQ c2=0
DMA IRQ c3=0
SELECT busy=2247
SELECT w0=2235
SELECT w1=1383
SELECT w2=1418
BUSY TASK ewma=997
DMA IRQ c0=1
DMA IRQ c1=0
DMA IRQ c2=0
DMA IRQ c3=0
SELECT busy=2272
SELECT w0=2260
SELECT w1=1397
SELECT w2=1432
BUSY TASK ewma=997
DMA IRQ c0=1
DMA IRQ c1=0
DMA IRQ c2=0
DMA IRQ c3=0
SELECT busy=2287
SELECT w0=2276
SELECT w1=1403
SELECT w2=1440
BUSY TASK ewma=997
DMA IRQ c0=1
DMA IRQ c1=0
DMA IRQ c2=0
DMA IRQ c3=0
SELECT busy=2307
SELECT w0=2296
SELECT w1=1417
SELECT w2=1456
BUSY TASK ewma=997
DMA IRQ c0=1
DMA IRQ c1=0
DMA IRQ c2=0
DMA IRQ c3=0
SELECT busy=2335
SELECT w0=2323
SELECT w1=1433
SELECT w2=1472
BUSY TASK ewma=997
DMA IRQ c0=1
DMA IRQ c1=0
DMA IRQ c2=0
DMA IRQ c3=0
SELECT busy=2356
SELECT w0=2344
SELECT w1=1443
SELECT w2=1482
BUSY TASK ewma=997
DMA IRQ c0=1
DMA IRQ c1=0
DMA IRQ c2=0
DMA IRQ c3=0
SELECT busy=2372
SELECT w0=2360
SELECT w1=1450
SELECT w2=1489
BUSY TASK ewma=997
DMA IRQ c0=1
DMA IRQ c1=0
DMA IRQ c2=0
DMA IRQ c3=0
SELECT busy=2400
SELECT w0=2389
SELECT w1=1463
SELECT w2=1502
BUSY TASK ewma=997
DMA IRQ c0=1
DMA IRQ c1=0
DMA IRQ c2=0
DMA IRQ c3=0
SELECT busy=2424
SELECT w0=2413
SELECT w1=1484
SELECT w2=1522
BUSY TASK ewma=997
DMA IRQ c0=1
DMA IRQ c1=0
DMA IRQ c2=0
DMA IRQ c3=0
SELECT busy=2449
SELECT w0=2438
SELECT w1=1498
SELECT w2=1535
BUSY TASK ewma=997
DMA IRQ c0=1
DMA IRQ c1=0
DMA IRQ c2=0
DMA IRQ c3=0
SELECT busy=2477
SELECT w0=2465
SELECT w1=1516
SELECT w2=1550
BUSY TASK ewma=997
DMA IRQ c0=1
DMA IRQ c1=0
DMA IRQ c2=0
DMA IRQ c3=0
SELECT busy=2494
SELECT w0=2484
SELECT w1=1535
SELECT w2=1563
BUSY TASK ewma=997
DMA IRQ c0=1
DMA IRQ c1=0
DMA IRQ c2=0
DMA IRQ c3=0
SELECT busy=2519
SELECT w0=2508
SELECT w1=1553
SELECT w2=1583
BUSY TASK ewma=997
DMA IRQ c0=1
DMA IRQ c1=0
DMA IRQ c2=0
DMA IRQ c3=0
SELECT busy=2539
SELECT w0=2528
SELECT w1=1571
SELECT w2=1595
BUSY TASK ewma=997
DMA IRQ c0=1
DMA IRQ c1=0
DMA IRQ c2=0
DMA IRQ c3=0
SELECT busy=2558
SELECT w0=2547
SELECT w1=1582
SELECT w2=1607
BUSY TASK ewma=997
DMA IRQ c0=1
DMA IRQ c1=0
DMA IRQ c2=0
DMA IRQ c3=0
SELECT busy=2573
SELECT w0=2562
SELECT w1=1593
SELECT w2=1621
BUSY TASK ewma=997
DMA IRQ c0=1
DMA IRQ c1=0
DMA IRQ c2=0
DMA IRQ c3=0
SELECT busy=2595
SELECT w0=2584
SELECT w1=1602
SELECT w2=1631
BUSY TASK ewma=997
DMA IRQ c0=1
DMA IRQ c1=0
DMA IRQ c2=0
DMA IRQ c3=0
SELECT busy=2612
SELECT w0=2600
SELECT w1=1612
SELECT w2=1642
BUSY TASK ewma=997
DMA IRQ c0=1
DMA IRQ c1=0
DMA IRQ c2=0
DMA IRQ c3=0
SELECT busy=2627
SELECT w0=2615
SELECT w1=1622
SELECT w2=1652
BUSY TASK ewma=997
DMA IRQ c0=1
DMA IRQ c1=0
DMA IRQ c2=0
DMA IRQ c3=0
SELECT busy=2651
SELECT w0=2640
SELECT w1=1639
SELECT w2=1665
BUSY TASK ewma=997
DMA IRQ c0=1
DMA IRQ c1=0
DMA IRQ c2=0
DMA IRQ c3=0
SELECT busy=2677
SELECT w0=2673
SELECT w1=1655
SELECT w2=1679
BUSY TASK ewma=997
DMA IRQ c0=1
DMA IRQ c1=0
DMA IRQ c2=0
DMA IRQ c3=0
SELECT busy=2712
SELECT w0=2702
SELECT w1=1668
SELECT w2=1694
BUSY TASK ewma=997
DMA IRQ c0=1
DMA IRQ c1=0
DMA IRQ c2=0
DMA IRQ c3=0
SELECT busy=2737
SELECT w0=2725
SELECT w1=1685
SELECT w2=1708
BUSY TASK ewma=997
DMA IRQ c0=1
DMA IRQ c1=0
DMA IRQ c2=0
DMA IRQ c3=0
SELECT busy=2758
SELECT w0=2747
SELECT w1=1700
SELECT w2=1725
BUSY TASK ewma=997
DMA IRQ c0=1
DMA IRQ c1=0
DMA IRQ c2=0
DMA IRQ c3=0
SELECT busy=2779
SELECT w0=2768
SELECT w1=1714
SELECT w2=1736
BUSY TASK ewma=997
DMA IRQ c0=1
DMA IRQ c1=0
DMA IRQ c2=0
DMA IRQ c3=0
SELECT busy=2801
SELECT w0=2791
SELECT w1=1730
SELECT w2=1754
BUSY TASK ewma=997
DMA IRQ c0=1
DMA IRQ c1=0
DMA IRQ c2=0
DMA IRQ c3=0
SELECT busy=2821
SELECT w0=2810
SELECT w1=1741
SELECT w2=1771
BUSY TASK ewma=997
DMA IRQ c0=1
DMA IRQ c1=0
DMA IRQ c2=0
DMA IRQ c3=0
SELECT busy=2839
SELECT w0=2828
SELECT w1=1754
SELECT w2=1782
BUSY TASK ewma=997
DMA IRQ c0=1
DMA IRQ c1=0
DMA IRQ c2=0
DMA IRQ c3=0
SELECT busy=2865
SELECT w0=2854
SELECT w1=1767
SELECT w2=1796
BUSY TASK ewma=997
DMA IRQ c0=1
DMA IRQ c1=0
DMA IRQ c2=0
DMA IRQ c3=0
SELECT busy=2882
SELECT w0=2870
SELECT w1=1777
SELECT w2=1804
BUSY TASK ewma=997
DMA IRQ c0=1
DMA IRQ c1=0
DMA IRQ c2=0
DMA IRQ c3=0
SELECT busy=2902
SELECT w0=2890
SELECT w1=1788
SELECT w2=1815
BUSY TASK ewma=997
IRQ counts: cpu0=5814 cpu1=6887 cpu2=7019 cpu3=6765
SCHED secondaries: calls=20698 unexpected=0
SECTEST switches=20673 cpu1=75499995,73874813 cpu2=61185616,60492441 cpu3=84179968,82384989
PINGPONG rounds=1264 pongs=1266
DMA IRQ c0=1
DMA IRQ c1=0
DMA IRQ c2=0
DMA IRQ c3=0
SELECT busy=2937
SELECT w0=2928
SELECT w1=1812
SELECT w2=1840
BUSY TASK ewma=997
DMA IRQ c0=1
DMA IRQ c1=0
DMA IRQ c2=0
DMA IRQ c3=0
SELECT busy=2966
SELECT w0=2955
SELECT w1=1831
SELECT w2=1861
BUSY TASK ewma=997
DMA IRQ c0=1
DMA IRQ c1=0
DMA IRQ c2=0
DMA IRQ c3=0
SELECT busy=2994
SELECT w0=2983
SELECT w1=1849
SELECT w2=1878
BUSY TASK ewma=997
DMA IRQ c0=1
DMA IRQ c1=0
DMA IRQ c2=0
DMA IRQ c3=0
SELECT busy=3011
SELECT w0=3002
SELECT w1=1859
SELECT w2=1888
BUSY TASK ewma=997
DMA IRQ c0=1
DMA IRQ c1=0
DMA IRQ c2=0
DMA IRQ c3=0
SELECT busy=3037
SELECT w0=3026
SELECT w1=1876
SELECT w2=1903
BUSY TASK ewma=997
DMA IRQ c0=1
DMA IRQ c1=0
DMA IRQ c2=0
DMA IRQ c3=0
SELECT busy=3067
SELECT w0=3055
SELECT w1=1896
SELECT w2=1921
BUSY TASK ewma=997
DMA IRQ c0=1
DMA IRQ c1=0
DMA IRQ c2=0
DMA IRQ c3=0
SELECT busy=3101
SELECT w0=3090
SELECT w1=1917
SELECT w2=1947
BUSY TASK ewma=997
DMA IRQ c0=1
DMA IRQ c1=0
DMA IRQ c2=0
DMA IRQ c3=0
SELECT busy=3124
SELECT w0=3113
SELECT w1=1933
SELECT w2=1962
BUSY TASK ewma=997
DMA IRQ c0=1
DMA IRQ c1=0
DMA IRQ c2=0
DMA IRQ c3=0
SELECT busy=3148
SELECT w0=3136
SELECT w1=1945
SELECT w2=1978
BUSY TASK ewma=997
DMA IRQ c0=1
DMA IRQ c1=0
DMA IRQ c2=0
DMA IRQ c3=0
SELECT busy=3168
SELECT w0=3157
SELECT w1=1956
SELECT w2=1991
BUSY TASK ewma=997
DMA IRQ c0=1
DMA IRQ c1=0
DMA IRQ c2=0
DMA IRQ c3=0
SELECT busy=3193
SELECT w0=3182
SELECT w1=1980
SELECT w2=2009
BUSY TASK ewma=997
DMA IRQ c0=1
DMA IRQ c1=0
DMA IRQ c2=0
DMA IRQ c3=0
SELECT busy=3216
SELECT w0=3205
SELECT w1=1997
SELECT w2=2026
BUSY TASK ewma=997
DMA IRQ c0=1
DMA IRQ c1=0
DMA IRQ c2=0
DMA IRQ c3=0
SELECT busy=3235
SELECT w0=3223
SELECT w1=2011
SELECT w2=2039
BUSY TASK ewma=997
DMA IRQ c0=1
DMA IRQ c1=0
DMA IRQ c2=0
DMA IRQ c3=0
SELECT busy=3256
SELECT w0=3245
SELECT w1=2024
SELECT w2=2051
BUSY TASK ewma=997
DMA IRQ c0=1
DMA IRQ c1=0
DMA IRQ c2=0
DMA IRQ c3=0
SELECT busy=3275
SELECT w0=3264
SELECT w1=2039
SELECT w2=2064
BUSY TASK ewma=997
DMA IRQ c0=1
DMA IRQ c1=0
DMA IRQ c2=0
DMA IRQ c3=0
SELECT busy=3293
SELECT w0=3282
SELECT w1=2056
SELECT w2=2080
BUSY TASK ewma=997
DMA IRQ c0=1
DMA IRQ c1=0
DMA IRQ c2=0
DMA IRQ c3=0
SELECT busy=3315
SELECT w0=3303
SELECT w1=2067
SELECT w2=2091
BUSY TASK ewma=997
DMA IRQ c0=1
DMA IRQ c1=0
DMA IRQ c2=0
DMA IRQ c3=0
SELECT busy=3334
SELECT w0=3323
SELECT w1=2074
SELECT w2=2098
BUSY TASK ewma=997
DMA IRQ c0=1
DMA IRQ c1=0
DMA IRQ c2=0
DMA IRQ c3=0
SELECT busy=3358
SELECT w0=3346
SELECT w1=2094
SELECT w2=2114
BUSY TASK ewma=997
DMA IRQ c0=1
DMA IRQ c1=0
DMA IRQ c2=0
DMA IRQ c3=0
SELECT busy=3379
SELECT w0=3369
SELECT w1=2112
SELECT w2=2133
BUSY TASK ewma=997
DMA IRQ c0=1
DMA IRQ c1=0
DMA IRQ c2=0
DMA IRQ c3=0
SELECT busy=3403
SELECT w0=3391
SELECT w1=2123
SELECT w2=2145
BUSY TASK ewma=997
DMA IRQ c0=1
DMA IRQ c1=0
DMA IRQ c2=0
DMA IRQ c3=0
SELECT busy=3426
SELECT w0=3414
SELECT w1=2136
SELECT w2=2164
BUSY TASK ewma=997
DMA IRQ c0=1
DMA IRQ c1=0
DMA IRQ c2=0
DMA IRQ c3=0
SELECT busy=3451
SELECT w0=3440
SELECT w1=2150
SELECT w2=2186
BUSY TASK ewma=997
DMA IRQ c0=1
DMA IRQ c1=0
DMA IRQ c2=0
DMA IRQ c3=0
SELECT busy=3471
SELECT w0=3460
SELECT w1=2160
SELECT w2=2196
BUSY TASK ewma=997
DMA IRQ c0=1
DMA IRQ c1=0
DMA IRQ c2=0
DMA IRQ c3=0
SELECT busy=3487
SELECT w0=3476
SELECT w1=2168
SELECT w2=2203
BUSY TASK ewma=997
DMA IRQ c0=1
DMA IRQ c1=0
DMA IRQ c2=0
DMA IRQ c3=0
SELECT busy=3509
SELECT w0=3499
SELECT w1=2183
SELECT w2=2219
BUSY TASK ewma=997
DMA IRQ c0=1
DMA IRQ c1=0
DMA IRQ c2=0
DMA IRQ c3=0
SELECT busy=3531
SELECT w0=3520
SELECT w1=2197
SELECT w2=2232
BUSY TASK ewma=997
DMA IRQ c0=1
DMA IRQ c1=0
DMA IRQ c2=0
DMA IRQ c3=0
SELECT busy=3550
SELECT w0=3538
SELECT w1=2206
SELECT w2=2240
BUSY TASK ewma=997
DMA IRQ c0=1
DMA IRQ c1=0
DMA IRQ c2=0
DMA IRQ c3=0
SELECT busy=3571
SELECT w0=3560
SELECT w1=2215
SELECT w2=2249
BUSY TASK ewma=997
DMA IRQ c0=1
DMA IRQ c1=0
DMA IRQ c2=0
DMA IRQ c3=0
SELECT busy=3588
SELECT w0=3576
SELECT w1=2223
SELECT w2=2257
BUSY TASK ewma=997
DMA IRQ c0=1
DMA IRQ c1=0
DMA IRQ c2=0
DMA IRQ c3=0
SELECT busy=3606
SELECT w0=3595
SELECT w1=2234
SELECT w2=2269
BUSY TASK ewma=997
DMA IRQ c0=1
DMA IRQ c1=0
DMA IRQ c2=0
DMA IRQ c3=0
SELECT busy=3622
SELECT w0=3612
SELECT w1=2247
SELECT w2=2281
BUSY TASK ewma=997
DMA IRQ c0=1
DMA IRQ c1=0
DMA IRQ c2=0
DMA IRQ c3=0
SELECT busy=3639
SELECT w0=3628
SELECT w1=2257
SELECT w2=2291
BUSY TASK ewma=997
DMA IRQ c0=1
DMA IRQ c1=0
DMA IRQ c2=0
DMA IRQ c3=0
SELECT busy=3657
SELECT w0=3645
SELECT w1=2267
SELECT w2=2301
BUSY TASK ewma=997
DMA IRQ c0=1
DMA IRQ c1=0
DMA IRQ c2=0
DMA IRQ c3=0
SELECT busy=3673
SELECT w0=3661
SELECT w1=2278
SELECT w2=2310
BUSY TASK ewma=997
DMA IRQ c0=1
DMA IRQ c1=0
DMA IRQ c2=0
DMA IRQ c3=0
SELECT busy=3692
SELECT w0=3680
SELECT w1=2287
SELECT w2=2319
BUSY TASK ewma=997
DMA IRQ c0=1
DMA IRQ c1=0
DMA IRQ c2=0
DMA IRQ c3=0
SELECT busy=3711
SELECT w0=3699
SELECT w1=2296
SELECT w2=2328
BUSY TASK ewma=997
DMA IRQ c0=1
DMA IRQ c1=0
DMA IRQ c2=0
DMA IRQ c3=0
SELECT busy=3745
SELECT w0=3735
SELECT w1=2315
SELECT w2=2350
BUSY TASK ewma=997
DMA IRQ c0=1
DMA IRQ c1=0
DMA IRQ c2=0
DMA IRQ c3=0
SELECT busy=3780
SELECT w0=3768
SELECT w1=2337
SELECT w2=2368
BUSY TASK ewma=997
DMA IRQ c0=1
DMA IRQ c1=0
DMA IRQ c2=0
DMA IRQ c3=0
SELECT busy=3796
SELECT w0=3784
SELECT w1=2345
SELECT w2=2375
BUSY TASK ewma=997
DMA IRQ c0=1
DMA IRQ c1=0
DMA IRQ c2=0
DMA IRQ c3=0
SELECT busy=3809
SELECT w0=3798
SELECT w1=2355
SELECT w2=2387
BUSY TASK ewma=997
DMA IRQ c0=1
DMA IRQ c1=0
DMA IRQ c2=0
DMA IRQ c3=0
SELECT busy=3832
SELECT w0=3821
SELECT w1=2368
SELECT w2=2401
BUSY TASK ewma=997
DMA IRQ c0=1
DMA IRQ c1=0
DMA IRQ c2=0
DMA IRQ c3=0
SELECT busy=3847
SELECT w0=3836
SELECT w1=2376
SELECT w2=2411
BUSY TASK ewma=997
DMA IRQ c0=1
DMA IRQ c1=0
DMA IRQ c2=0
DMA IRQ c3=0
SELECT busy=3863
SELECT w0=3852
SELECT w1=2384
SELECT w2=2418
BUSY TASK ewma=997
DMA IRQ c0=1
DMA IRQ c1=0
DMA IRQ c2=0
DMA IRQ c3=0
SELECT busy=3886
SELECT w0=3875
SELECT w1=2395
SELECT w2=2428
BUSY TASK ewma=997
DMA IRQ c0=1
DMA IRQ c1=0
DMA IRQ c2=0
DMA IRQ c3=0
SELECT busy=3904
SELECT w0=3892
SELECT w1=2405
SELECT w2=2437
BUSY TASK ewma=997
DMA IRQ c0=1
DMA IRQ c1=0
DMA IRQ c2=0
DMA IRQ c3=0
SELECT busy=3927
SELECT w0=3918
SELECT w1=2418
SELECT w2=2452
BUSY TASK ewma=997
DMA IRQ c0=1
DMA IRQ c1=0
DMA IRQ c2=0
DMA IRQ c3=0
SELECT busy=3957
SELECT w0=3946
SELECT w1=2436
SELECT w2=2468
BUSY TASK ewma=997
DMA IRQ c0=1
DMA IRQ c1=0
DMA IRQ c2=0
DMA IRQ c3=0
SELECT busy=3980
SELECT w0=3969
SELECT w1=2452
SELECT w2=2484
BUSY TASK ewma=997
DMA IRQ c0=1
DMA IRQ c1=0
DMA IRQ c2=0
DMA IRQ c3=0
SELECT busy=4005
SELECT w0=3994
SELECT w1=2467
SELECT w2=2498
BUSY TASK ewma=997
DMA IRQ c0=1
DMA IRQ c1=0
DMA IRQ c2=0
DMA IRQ c3=0
SELECT busy=4026
SELECT w0=4015
SELECT w1=2478
SELECT w2=2514
BUSY TASK ewma=997
DMA IRQ c0=1
DMA IRQ c1=0
DMA IRQ c2=0
DMA IRQ c3=0
SELECT busy=4042
SELECT w0=4031
SELECT w1=2490
SELECT w2=2527
BUSY TASK ewma=997
DMA IRQ c0=1
DMA IRQ c1=0
DMA IRQ c2=0
DMA IRQ c3=0
SELECT busy=4067
SELECT w0=4056
SELECT w1=2514
SELECT w2=2544
BUSY TASK ewma=997
DMA IRQ c0=1
DMA IRQ c1=0
DMA IRQ c2=0
DMA IRQ c3=0
SELECT busy=4089
SELECT w0=4077
SELECT w1=2528
SELECT w2=2559
BUSY TASK ewma=997
DMA IRQ c0=1
DMA IRQ c1=0
DMA IRQ c2=0
DMA IRQ c3=0
SELECT busy=4107
SELECT w0=4096
SELECT w1=2539
SELECT w2=2571
BUSY TASK ewma=997
DMA IRQ c0=1
DMA IRQ c1=0
DMA IRQ c2=0
DMA IRQ c3=0
SELECT busy=4125
SELECT w0=4114
SELECT w1=2554
SELECT w2=2586
BUSY TASK ewma=997
DMA IRQ c0=1
DMA IRQ c1=0
DMA IRQ c2=0
DMA IRQ c3=0
SELECT busy=4144
SELECT w0=4132
SELECT w1=2567
SELECT w2=2594
BUSY TASK ewma=997
DMA IRQ c0=1
DMA IRQ c1=0
DMA IRQ c2=0
DMA IRQ c3=0
SELECT busy=4160
SELECT w0=4150
SELECT w1=2582
SELECT w2=2610
BUSY TASK ewma=997
DMA IRQ c0=1
DMA IRQ c1=0
DMA IRQ c2=0
DMA IRQ c3=0
SELECT busy=4178
SELECT w0=4166
SELECT w1=2594
SELECT w2=2626
BUSY TASK ewma=997
DMA IRQ c0=1
DMA IRQ c1=0
DMA IRQ c2=0
DMA IRQ c3=0
SELECT busy=4200
SELECT w0=4189
SELECT w1=2613
SELECT w2=2641
BUSY TASK ewma=997
DMA IRQ c0=1
DMA IRQ c1=0
DMA IRQ c2=0
DMA IRQ c3=0
SELECT busy=4218
SELECT w0=4207
SELECT w1=2621
SELECT w2=2648
BUSY TASK ewma=997
DMA IRQ c0=1
DMA IRQ c1=0
DMA IRQ c2=0
DMA IRQ c3=0
SELECT busy=4238
SELECT w0=4226
SELECT w1=2630
SELECT w2=2657
BUSY TASK ewma=997
DMA IRQ c0=1
DMA IRQ c1=0
DMA IRQ c2=0
DMA IRQ c3=0
SELECT busy=4255
SELECT w0=4244
SELECT w1=2635
SELECT w2=2663
BUSY TASK ewma=997
DMA IRQ c0=1
DMA IRQ c1=0
DMA IRQ c2=0
DMA IRQ c3=0
SELECT busy=4274
SELECT w0=4263
SELECT w1=2649
SELECT w2=2675
BUSY TASK ewma=997
IRQ counts: cpu0=8550 cpu1=10410 cpu2=10532 cpu3=10149
SCHED secondaries: calls=31117 unexpected=0
SECTEST switches=31095 cpu1=117351740,114350665 cpu2=96990639,94428147 cpu3=130528197,124068238
PINGPONG rounds=1851 pongs=1852
DMA IRQ c0=1
DMA IRQ c1=0
DMA IRQ c2=0
DMA IRQ c3=0
SELECT busy=4300
SELECT w0=4288
SELECT w1=2668
SELECT w2=2690
BUSY TASK ewma=997
DMA IRQ c0=1
DMA IRQ c1=0
DMA IRQ c2=0
DMA IRQ c3=0
SELECT busy=4323
SELECT w0=4312
SELECT w1=2678
SELECT w2=2700
BUSY TASK ewma=997
DMA IRQ c0=1
DMA IRQ c1=0
DMA IRQ c2=0
DMA IRQ c3=0
SELECT busy=4343
SELECT w0=4332
SELECT w1=2688
SELECT w2=2712
BUSY TASK ewma=997
DMA IRQ c0=1
DMA IRQ c1=0
DMA IRQ c2=0
DMA IRQ c3=0
SELECT busy=4360
SELECT w0=4349
SELECT w1=2698
SELECT w2=2723
BUSY TASK ewma=997
DMA IRQ c0=1
DMA IRQ c1=0
DMA IRQ c2=0
DMA IRQ c3=0
SELECT busy=4375
SELECT w0=4364
SELECT w1=2706
SELECT w2=2731
BUSY TASK ewma=997
DMA IRQ c0=1
DMA IRQ c1=0
DMA IRQ c2=0
DMA IRQ c3=0
SELECT busy=4391
SELECT w0=4379
SELECT w1=2715
SELECT w2=2740
BUSY TASK ewma=997
DMA IRQ c0=1
DMA IRQ c1=0
DMA IRQ c2=0
DMA IRQ c3=0
SELECT busy=4406
SELECT w0=4395
SELECT w1=2726
SELECT w2=2754
BUSY TASK ewma=997
DMA IRQ c0=1
DMA IRQ c1=0
DMA IRQ c2=0
DMA IRQ c3=0
SELECT busy=4425
SELECT w0=4413
SELECT w1=2737
SELECT w2=2766
BUSY TASK ewma=997
DMA IRQ c0=1
DMA IRQ c1=0
DMA IRQ c2=0
DMA IRQ c3=0
SELECT busy=4447
SELECT w0=4436
SELECT w1=2746
SELECT w2=2775
BUSY TASK ewma=997
DMA IRQ c0=1
DMA IRQ c1=0
DMA IRQ c2=0
DMA IRQ c3=0
SELECT busy=4465
SELECT w0=4453
SELECT w1=2755
SELECT w2=2785
BUSY TASK ewma=997
DMA IRQ c0=1
DMA IRQ c1=0
DMA IRQ c2=0
DMA IRQ c3=0
SELECT busy=4483
SELECT w0=4472
SELECT w1=2766
SELECT w2=2794
BUSY TASK ewma=997
DMA IRQ c0=1
DMA IRQ c1=0
DMA IRQ c2=0
DMA IRQ c3=0
SELECT busy=4496
SELECT w0=4486
SELECT w1=2778
SELECT w2=2807
BUSY TASK ewma=997
DMA IRQ c0=1
DMA IRQ c1=0
DMA IRQ c2=0
DMA IRQ c3=0
SELECT busy=4534
SELECT w0=4522
SELECT w1=2798
SELECT w2=2827
BUSY TASK ewma=997
DMA IRQ c0=1
DMA IRQ c1=0
DMA IRQ c2=0
DMA IRQ c3=0
SELECT busy=4572
SELECT w0=4563
SELECT w1=2826
SELECT w2=2851
BUSY TASK ewma=997
DMA IRQ c0=1
DMA IRQ c1=0
DMA IRQ c2=0
DMA IRQ c3=0
SELECT busy=4597
SELECT w0=4586
SELECT w1=2841
SELECT w2=2863
BUSY TASK ewma=997
DMA IRQ c0=1
DMA IRQ c1=0
DMA IRQ c2=0
DMA IRQ c3=0
SELECT busy=4621
SELECT w0=4610
SELECT w1=2854
SELECT w2=2877
BUSY TASK ewma=997
DMA IRQ c0=1
DMA IRQ c1=0
DMA IRQ c2=0
DMA IRQ c3=0
SELECT busy=4648
SELECT w0=4637
SELECT w1=2865
SELECT w2=2890
BUSY TASK ewma=997
DMA IRQ c0=1
DMA IRQ c1=0
DMA IRQ c2=0
DMA IRQ c3=0
SELECT busy=4668
SELECT w0=4657
SELECT w1=2873
SELECT w2=2901
BUSY TASK ewma=997
DMA IRQ c0=1
DMA IRQ c1=0
DMA IRQ c2=0
DMA IRQ c3=0
SELECT busy=4677
SELECT w0=4665
SELECT w1=2878
SELECT w2=2907
BUSY TASK ewma=997
DMA IRQ c0=1
DMA IRQ c1=0
DMA IRQ c2=0
DMA IRQ c3=0
SELECT busy=4697
SELECT w0=4686
SELECT w1=2888
SELECT w2=2917
BUSY TASK ewma=997
DMA IRQ c0=1
DMA IRQ c1=0
DMA IRQ c2=0
DMA IRQ c3=0
SELECT busy=4730
SELECT w0=4719
SELECT w1=2901
SELECT w2=2936
BUSY TASK ewma=997
DMA IRQ c0=1
DMA IRQ c1=0
DMA IRQ c2=0
DMA IRQ c3=0
SELECT busy=4753
SELECT w0=4742
SELECT w1=2913
SELECT w2=2949
BUSY TASK ewma=997
DMA IRQ c0=1
DMA IRQ c1=0
DMA IRQ c2=0
DMA IRQ c3=0
SELECT busy=4773
SELECT w0=4762
SELECT w1=2922
SELECT w2=2958
BUSY TASK ewma=997
DMA IRQ c0=1
DMA IRQ c1=0
DMA IRQ c2=0
DMA IRQ c3=0
SELECT busy=4796
SELECT w0=4784
SELECT w1=2929
SELECT w2=2967
BUSY TASK ewma=997
DMA IRQ c0=1
DMA IRQ c1=0
DMA IRQ c2=0
DMA IRQ c3=0
SELECT busy=4825
SELECT w0=4814
SELECT w1=2944
SELECT w2=2985
BUSY TASK ewma=997
DMA IRQ c0=1
DMA IRQ c1=0
DMA IRQ c2=0
DMA IRQ c3=0
SELECT busy=4850
SELECT w0=4838
SELECT w1=2954
SELECT w2=2996
BUSY TASK ewma=997
DMA IRQ c0=1
DMA IRQ c1=0
DMA IRQ c2=0
DMA IRQ c3=0
SELECT busy=4869
SELECT w0=4857
SELECT w1=2962
SELECT w2=3009
BUSY TASK ewma=997
DMA IRQ c0=1
DMA IRQ c1=0
DMA IRQ c2=0
DMA IRQ c3=0
SELECT busy=4884
SELECT w0=4872
SELECT w1=2969
SELECT w2=3017
BUSY TASK ewma=997
DMA IRQ c0=1
DMA IRQ c1=0
DMA IRQ c2=0
DMA IRQ c3=0
SELECT busy=4900
SELECT w0=4889
SELECT w1=2976
SELECT w2=3028
BUSY TASK ewma=997
DMA IRQ c0=1
DMA IRQ c1=0
DMA IRQ c2=0
DMA IRQ c3=0
SELECT busy=4914
SELECT w0=4902
SELECT w1=2982
SELECT w2=3036
BUSY TASK ewma=997
DMA IRQ c0=1
DMA IRQ c1=0
DMA IRQ c2=0
DMA IRQ c3=0
SELECT busy=4929
SELECT w0=4917
SELECT w1=2988
SELECT w2=3045
BUSY TASK ewma=997
DMA IRQ c0=1
DMA IRQ c1=0
DMA IRQ c2=0
DMA IRQ c3=0
SELECT busy=4947
SELECT w0=4937
SELECT w1=3003
SELECT w2=3062
BUSY TASK ewma=997
DMA IRQ c0=1
DMA IRQ c1=0
DMA IRQ c2=0
DMA IRQ c3=0
SELECT busy=4968
SELECT w0=4956
SELECT w1=3012
SELECT w2=3072
BUSY TASK ewma=997
DMA IRQ c0=1
DMA IRQ c1=0
DMA IRQ c2=0
DMA IRQ c3=0
SELECT busy=4983
SELECT w0=4971
SELECT w1=3019
SELECT w2=3081
BUSY TASK ewma=997
DMA IRQ c0=1
DMA IRQ c1=0
DMA IRQ c2=0
DMA IRQ c3=0
SELECT busy=4999
SELECT w0=4987
SELECT w1=3025
SELECT w2=3089
BUSY TASK ewma=997
DMA IRQ c0=1
DMA IRQ c1=0
DMA IRQ c2=0
DMA IRQ c3=0
SELECT busy=5016
SELECT w0=5005
SELECT w1=3033
SELECT w2=3099
BUSY TASK ewma=997
DMA IRQ c0=1
DMA IRQ c1=0
DMA IRQ c2=0
DMA IRQ c3=0
SELECT busy=5037
SELECT w0=5026
SELECT w1=3043
SELECT w2=3112
BUSY TASK ewma=997
DMA IRQ c0=1
DMA IRQ c1=0
DMA IRQ c2=0
DMA IRQ c3=0
SELECT busy=5063
SELECT w0=5051
SELECT w1=3060
SELECT w2=3129
BUSY TASK ewma=997
DMA IRQ c0=1
DMA IRQ c1=0
DMA IRQ c2=0
DMA IRQ c3=0
SELECT busy=5084
SELECT w0=5073
SELECT w1=3072
SELECT w2=3142
BUSY TASK ewma=997
DMA IRQ c0=1
DMA IRQ c1=0
DMA IRQ c2=0
DMA IRQ c3=0
SELECT busy=5107
SELECT w0=5096
SELECT w1=3085
SELECT w2=3158
BUSY TASK ewma=997
DMA IRQ c0=1
DMA IRQ c1=0
DMA IRQ c2=0
DMA IRQ c3=0
SELECT busy=5126
SELECT w0=5115
SELECT w1=3093
SELECT w2=3171
BUSY TASK ewma=997
DMA IRQ c0=1
DMA IRQ c1=0
DMA IRQ c2=0
DMA IRQ c3=0
SELECT busy=5150
SELECT w0=5138
SELECT w1=3102
SELECT w2=3181
BUSY TASK ewma=997
DMA IRQ c0=1
DMA IRQ c1=0
DMA IRQ c2=0
DMA IRQ c3=0
SELECT busy=5173
SELECT w0=5162
SELECT w1=3114
SELECT w2=3194
BUSY TASK ewma=997
DMA IRQ c0=1
DMA IRQ c1=0
DMA IRQ c2=0
DMA IRQ c3=0
SELECT busy=5200
SELECT w0=5188
SELECT w1=3128
SELECT w2=3208
BUSY TASK ewma=997
DMA IRQ c0=1
DMA IRQ c1=0
DMA IRQ c2=0
DMA IRQ c3=0
SELECT busy=5218
SELECT w0=5207
SELECT w1=3135
SELECT w2=3216
BUSY TASK ewma=997
DMA IRQ c0=1
DMA IRQ c1=0
DMA IRQ c2=0
DMA IRQ c3=0
SELECT busy=5238
SELECT w0=5228
SELECT w1=3147
SELECT w2=3230
BUSY TASK ewma=997
DMA IRQ c0=1
DMA IRQ c1=0
DMA IRQ c2=0
DMA IRQ c3=0
SELECT busy=5263
SELECT w0=5253
SELECT w1=3162
SELECT w2=3247
BUSY TASK ewma=997
DMA IRQ c0=1
DMA IRQ c1=0
DMA IRQ c2=0
DMA IRQ c3=0
SELECT busy=5281
SELECT w0=5271
SELECT w1=3171
SELECT w2=3258
BUSY TASK ewma=997
DMA IRQ c0=1
DMA IRQ c1=0
DMA IRQ c2=0
DMA IRQ c3=0
SELECT busy=5312
SELECT w0=5301
SELECT w1=3185
SELECT w2=3281
BUSY TASK ewma=997
DMA IRQ c0=1
DMA IRQ c1=0
DMA IRQ c2=0
DMA IRQ c3=0
SELECT busy=5333
SELECT w0=5321
SELECT w1=3193
SELECT w2=3293
BUSY TASK ewma=997
DMA IRQ c0=1
DMA IRQ c1=0
DMA IRQ c2=0
DMA IRQ c3=0
SELECT busy=5353
SELECT w0=5341
SELECT w1=3202
SELECT w2=3304
BUSY TASK ewma=997
DMA IRQ c0=1
DMA IRQ c1=0
DMA IRQ c2=0
DMA IRQ c3=0
SELECT busy=5373
SELECT w0=5361
SELECT w1=3210
SELECT w2=3314
BUSY TASK ewma=997
DMA IRQ c0=1
DMA IRQ c1=0
DMA IRQ c2=0
DMA IRQ c3=0
SELECT busy=5394
SELECT w0=5383
SELECT w1=3217
SELECT w2=3324
BUSY TASK ewma=997
DMA IRQ c0=1
DMA IRQ c1=0
DMA IRQ c2=0
DMA IRQ c3=0
SELECT busy=5423
SELECT w0=5413
SELECT w1=3234
SELECT w2=3347
BUSY TASK ewma=997
DMA IRQ c0=1
DMA IRQ c1=0
DMA IRQ c2=0
DMA IRQ c3=0
SELECT busy=5446
SELECT w0=5434
SELECT w1=3240
SELECT w2=3356
BUSY TASK ewma=997
DMA IRQ c0=1
DMA IRQ c1=0
DMA IRQ c2=0
DMA IRQ c3=0
SELECT busy=5463
SELECT w0=5453
SELECT w1=3251
SELECT w2=3372
BUSY TASK ewma=997
DMA IRQ c0=1
DMA IRQ c1=0
DMA IRQ c2=0
DMA IRQ c3=0
SELECT busy=5483
SELECT w0=5471
SELECT w1=3259
SELECT w2=3382
BUSY TASK ewma=997
DMA IRQ c0=1
DMA IRQ c1=0
DMA IRQ c2=0
DMA IRQ c3=0
SELECT busy=5500
SELECT w0=5488
SELECT w1=3266
SELECT w2=3391
BUSY TASK ewma=997
DMA IRQ c0=1
DMA IRQ c1=0
DMA IRQ c2=0
DMA IRQ c3=0
SELECT busy=5518
SELECT w0=5506
SELECT w1=3273
SELECT w2=3400
BUSY TASK ewma=997
DMA IRQ c0=1
DMA IRQ c1=0
DMA IRQ c2=0
DMA IRQ c3=0
SELECT busy=5537
SELECT w0=5526
SELECT w1=3283
SELECT w2=3410
BUSY TASK ewma=997
DMA IRQ c0=1
DMA IRQ c1=0
DMA IRQ c2=0
DMA IRQ c3=0
SELECT busy=5556
SELECT w0=5545
SELECT w1=3291
SELECT w2=3424
BUSY TASK ewma=997
DMA IRQ c0=1
DMA IRQ c1=0
DMA IRQ c2=0
DMA IRQ c3=0
SELECT busy=5576
SELECT w0=5565
SELECT w1=3299
SELECT w2=3433
BUSY TASK ewma=997
DMA IRQ c0=1
DMA IRQ c1=0
DMA IRQ c2=0
DMA IRQ c3=0
SELECT busy=5597
SELECT w0=5586
SELECT w1=3308
SELECT w2=3444
BUSY TASK ewma=997
DMA IRQ c0=1
DMA IRQ c1=0
DMA IRQ c2=0
DMA IRQ c3=0
SELECT busy=5616
SELECT w0=5605
SELECT w1=3317
SELECT w2=3455
BUSY TASK ewma=997
IRQ counts: cpu0=11250 cpu1=13561 cpu2=13678 cpu3=13345
SCHED secondaries: calls=40599 unexpected=0
SECTEST switches=40558 cpu1=149089399,146358750 cpu2=126880121,124479218 cpu3=172557542,163741435
PINGPONG rounds=2000 pongs=2000
DMA IRQ c0=1
DMA IRQ c1=0
DMA IRQ c2=0
DMA IRQ c3=0
SELECT busy=5646
SELECT w0=5635
SELECT w1=3331
SELECT w2=3472
BUSY TASK ewma=997
DMA IRQ c0=1
DMA IRQ c1=0
DMA IRQ c2=0
DMA IRQ c3=0
SELECT busy=5667
SELECT w0=5655
SELECT w1=3339
SELECT w2=3483
BUSY TASK ewma=997
DMA IRQ c0=1
DMA IRQ c1=0
DMA IRQ c2=0
DMA IRQ c3=0
SELECT busy=5685
SELECT w0=5675
SELECT w1=3351
SELECT w2=3496
BUSY TASK ewma=997
DMA IRQ c0=1
DMA IRQ c1=0
DMA IRQ c2=0
DMA IRQ c3=0
SELECT busy=5705
SELECT w0=5694
SELECT w1=3362
SELECT w2=3508
BUSY TASK ewma=997
DMA IRQ c0=1
DMA IRQ c1=0
DMA IRQ c2=0
DMA IRQ c3=0
SELECT busy=5724
SELECT w0=5713
SELECT w1=3369
SELECT w2=3516
BUSY TASK ewma=997
DMA IRQ c0=1
DMA IRQ c1=0
DMA IRQ c2=0
DMA IRQ c3=0
SELECT busy=5742
SELECT w0=5731
SELECT w1=3377
SELECT w2=3527
BUSY TASK ewma=997
DMA IRQ c0=1
DMA IRQ c1=0
DMA IRQ c2=0
DMA IRQ c3=0
SELECT busy=5763
SELECT w0=5751
SELECT w1=3384
SELECT w2=3537
BUSY TASK ewma=997
DMA IRQ c0=1
DMA IRQ c1=0
DMA IRQ c2=0
DMA IRQ c3=0
SELECT busy=5779
SELECT w0=5767
SELECT w1=3389
SELECT w2=3544
BUSY TASK ewma=997
DMA IRQ c0=1
DMA IRQ c1=0
DMA IRQ c2=0
DMA IRQ c3=0
SELECT busy=5796
SELECT w0=5785
SELECT w1=3399
SELECT w2=3555
BUSY TASK ewma=997
DMA IRQ c0=1
DMA IRQ c1=0
DMA IRQ c2=0
DMA IRQ c3=0
SELECT busy=5811
SELECT w0=5799
SELECT w1=3405
SELECT w2=3561
BUSY TASK ewma=997
DMA IRQ c0=1
DMA IRQ c1=0
DMA IRQ c2=0
DMA IRQ c3=0
SELECT busy=5829
SELECT w0=5818
SELECT w1=3413
SELECT w2=3571
BUSY TASK ewma=997
DMA IRQ c0=1
DMA IRQ c1=0
DMA IRQ c2=0
DMA IRQ c3=0
SELECT busy=5848
SELECT w0=5837
SELECT w1=3421
SELECT w2=3581
BUSY TASK ewma=997
DMA IRQ c0=1
DMA IRQ c1=0
DMA IRQ c2=0
DMA IRQ c3=0
SELECT busy=5866
SELECT w0=5855
SELECT w1=3429
SELECT w2=3590
BUSY TASK ewma=997
DMA IRQ c0=1
DMA IRQ c1=0
DMA IRQ c2=0
DMA IRQ c3=0
SELECT busy=5886
SELECT w0=5874
SELECT w1=3437
SELECT w2=3602
BUSY TASK ewma=997
DMA IRQ c0=1
DMA IRQ c1=0
DMA IRQ c2=0
DMA IRQ c3=0
SELECT busy=5914
SELECT w0=5903
SELECT w1=3454
SELECT w2=3620
BUSY TASK ewma=997
DMA IRQ c0=1
DMA IRQ c1=0
DMA IRQ c2=0
DMA IRQ c3=0
SELECT busy=5939
SELECT w0=5928
SELECT w1=3465
SELECT w2=3631
BUSY TASK ewma=997
DMA IRQ c0=1
DMA IRQ c1=0
DMA IRQ c2=0
DMA IRQ c3=0
SELECT busy=5962
SELECT w0=5950
SELECT w1=3474
SELECT w2=3641
BUSY TASK ewma=997
DMA IRQ c0=1
DMA IRQ c1=0
DMA IRQ c2=0
DMA IRQ c3=0
SELECT busy=5980
SELECT w0=5968
SELECT w1=3482
SELECT w2=3651
BUSY TASK ewma=997
DMA IRQ c0=1
DMA IRQ c1=0
DMA IRQ c2=0
DMA IRQ c3=0
SELECT busy=5997
SELECT w0=5985
SELECT w1=3490
SELECT w2=3660
BUSY TASK ewma=997
DMA IRQ c0=1
DMA IRQ c1=0
DMA IRQ c2=0
DMA IRQ c3=0
SELECT busy=6013
SELECT w0=6001
SELECT w1=3496
SELECT w2=3668
BUSY TASK ewma=997
DMA IRQ c0=1
DMA IRQ c1=0
DMA IRQ c2=0
DMA IRQ c3=0
SELECT busy=6035
SELECT w0=6024
SELECT w1=3506
SELECT w2=3682
BUSY TASK ewma=997
DMA IRQ c0=1
DMA IRQ c1=0
DMA IRQ c2=0
DMA IRQ c3=0
SELECT busy=6058
SELECT w0=6047
SELECT w1=3517
SELECT w2=3695
BUSY TASK ewma=997
DMA IRQ c0=1
DMA IRQ c1=0
DMA IRQ c2=0
DMA IRQ c3=0
SELECT busy=6090
SELECT w0=6079
SELECT w1=3531
SELECT w2=3711
BUSY TASK ewma=997
DMA IRQ c0=1
DMA IRQ c1=0
DMA IRQ c2=0
DMA IRQ c3=0
SELECT busy=6111
SELECT w0=6100
SELECT w1=3542
SELECT w2=3727
BUSY TASK ewma=997
DMA IRQ c0=1
DMA IRQ c1=0
DMA IRQ c2=0
DMA IRQ c3=0
SELECT busy=6126
SELECT w0=6116
SELECT w1=3550
SELECT w2=3737
BUSY TASK ewma=997
DMA IRQ c0=1
DMA IRQ c1=0
DMA IRQ c2=0
DMA IRQ c3=0
SELECT busy=6150
SELECT w0=6139
SELECT w1=3561
SELECT w2=3753
BUSY TASK ewma=997
DMA IRQ c0=1
DMA IRQ c1=0
DMA IRQ c2=0
DMA IRQ c3=0
SELECT busy=6165
SELECT w0=6153
SELECT w1=3568
SELECT w2=3760
BUSY TASK ewma=997
DMA IRQ c0=1
DMA IRQ c1=0
DMA IRQ c2=0
DMA IRQ c3=0
SELECT busy=6182
SELECT w0=6175
SELECT w1=3579
SELECT w2=3777
BUSY TASK ewma=997
DMA IRQ c0=1
DMA IRQ c1=0
DMA IRQ c2=0
DMA IRQ c3=0
SELECT busy=6204
SELECT w0=6193
SELECT w1=3586
SELECT w2=3786
BUSY TASK ewma=997
DMA IRQ c0=1
DMA IRQ c1=0
DMA IRQ c2=0
DMA IRQ c3=0
SELECT busy=6224
SELECT w0=6213
SELECT w1=3593
SELECT w2=3796
BUSY TASK ewma=997
DMA IRQ c0=1
DMA IRQ c1=0
DMA IRQ c2=0
DMA IRQ c3=0
SELECT busy=6247
SELECT w0=6235
SELECT w1=3603
SELECT w2=3809
BUSY TASK ewma=997
DMA IRQ c0=1
DMA IRQ c1=0
DMA IRQ c2=0
DMA IRQ c3=0
SELECT busy=6271
SELECT w0=6260
SELECT w1=3614
SELECT w2=3828
BUSY TASK ewma=997
DMA IRQ c0=1
DMA IRQ c1=0
DMA IRQ c2=0
DMA IRQ c3=0
SELECT busy=6291
SELECT w0=6279
SELECT w1=3621
SELECT w2=3837
BUSY TASK ewma=997
DMA IRQ c0=1
DMA IRQ c1=0
DMA IRQ c2=0
DMA IRQ c3=0
SELECT busy=6309
SELECT w0=6297
SELECT w1=3629
SELECT w2=3847
BUSY TASK ewma=997
DMA IRQ c0=1
DMA IRQ c1=0
DMA IRQ c2=0
DMA IRQ c3=0
SELECT busy=6328
SELECT w0=6317
SELECT w1=3637
SELECT w2=3858
BUSY TASK ewma=997
DMA IRQ c0=1
DMA IRQ c1=0
DMA IRQ c2=0
DMA IRQ c3=0
SELECT busy=6347
SELECT w0=6335
SELECT w1=3644
SELECT w2=3868
BUSY TASK ewma=997
DMA IRQ c0=1
DMA IRQ c1=0
DMA IRQ c2=0
DMA IRQ c3=0
SELECT busy=6373
SELECT w0=6364
SELECT w1=3657
SELECT w2=3882
BUSY TASK ewma=997
DMA IRQ c0=1
DMA IRQ c1=0
DMA IRQ c2=0
DMA IRQ c3=0
SELECT busy=6399
SELECT w0=6387
SELECT w1=3663
SELECT w2=3893
BUSY TASK ewma=997
DMA IRQ c0=1
DMA IRQ c1=0
DMA IRQ c2=0
DMA IRQ c3=0
SELECT busy=6417
SELECT w0=6406
SELECT w1=3670
SELECT w2=3902
BUSY TASK ewma=997
DMA IRQ c0=1
DMA IRQ c1=0
DMA IRQ c2=0
DMA IRQ c3=0
SELECT busy=6438
SELECT w0=6426
SELECT w1=3685
SELECT w2=3915
BUSY TASK ewma=997
DMA IRQ c0=1
DMA IRQ c1=0
DMA IRQ c2=0
DMA IRQ c3=0
SELECT busy=6459
SELECT w0=6448
SELECT w1=3693
SELECT w2=3930
BUSY TASK ewma=997
DMA IRQ c0=1
DMA IRQ c1=0
DMA IRQ c2=0
DMA IRQ c3=0
SELECT busy=6481
SELECT w0=6469
SELECT w1=3701
SELECT w2=3940
BUSY TASK ewma=997
DMA IRQ c0=1
DMA IRQ c1=0
DMA IRQ c2=0
DMA IRQ c3=0
SELECT busy=6507
SELECT w0=6496
SELECT w1=3719
SELECT w2=3957
BUSY TASK ewma=997
DMA IRQ c0=1
DMA IRQ c1=0
DMA IRQ c2=0
DMA IRQ c3=0
SELECT busy=6528
SELECT w0=6516
SELECT w1=3728
SELECT w2=3965
BUSY TASK ewma=997
DMA IRQ c0=1
DMA IRQ c1=0
DMA IRQ c2=0
DMA IRQ c3=0
SELECT busy=6548
SELECT w0=6537
SELECT w1=3737
SELECT w2=3977
BUSY TASK ewma=997
DMA IRQ c0=1
DMA IRQ c1=0
DMA IRQ c2=0
DMA IRQ c3=0
SELECT busy=6563
SELECT w0=6552
SELECT w1=3745
SELECT w2=3986
BUSY TASK ewma=997
DMA IRQ c0=1
DMA IRQ c1=0
DMA IRQ c2=0
DMA IRQ c3=0
SELECT busy=6581
SELECT w0=6569
SELECT w1=3751
SELECT w2=3994
BUSY TASK ewma=997
DMA IRQ c0=1
DMA IRQ c1=0
DMA IRQ c2=0
DMA IRQ c3=0
SELECT busy=6604
SELECT w0=6593
SELECT w1=3764
SELECT w2=4011
BUSY TASK ewma=997
DMA IRQ c0=1
DMA IRQ c1=0
DMA IRQ c2=0
DMA IRQ c3=0
SELECT busy=6623
SELECT w0=6613
SELECT w1=3773
SELECT w2=4026
BUSY TASK ewma=997
DMA IRQ c0=1
DMA IRQ c1=0
DMA IRQ c2=0
DMA IRQ c3=0
SELECT busy=6647
SELECT w0=6635
SELECT w1=3782
SELECT w2=4038
BUSY TASK ewma=997
DMA IRQ c0=1
DMA IRQ c1=0
DMA IRQ c2=0
DMA IRQ c3=0
SELECT busy=6669
SELECT w0=6658
SELECT w1=3794
SELECT w2=4053
BUSY TASK ewma=997
DMA IRQ c0=1
DMA IRQ c1=0
DMA IRQ c2=0
DMA IRQ c3=0
SELECT busy=6692
SELECT w0=6681
SELECT w1=3805
SELECT w2=4066
BUSY TASK ewma=997
DMA IRQ c0=1
DMA IRQ c1=0
DMA IRQ c2=0
DMA IRQ c3=0
SELECT busy=6711
SELECT w0=6700
SELECT w1=3815
SELECT w2=4077
BUSY TASK ewma=997
DMA IRQ c0=1
DMA IRQ c1=0
DMA IRQ c2=0
DMA IRQ c3=0
SELECT busy=6728
SELECT w0=6717
SELECT w1=3824
SELECT w2=4087
BUSY TASK ewma=997
DMA IRQ c0=1
DMA IRQ c1=0
DMA IRQ c2=0
DMA IRQ c3=0
SELECT busy=6756
SELECT w0=6745
SELECT w1=3837
SELECT w2=4102
BUSY TASK ewma=997
DMA IRQ c0=1
DMA IRQ c1=0
DMA IRQ c2=0
DMA IRQ c3=0
SELECT busy=6779
SELECT w0=6768
SELECT w1=3846
SELECT w2=4115
BUSY TASK ewma=997
DMA IRQ c0=1
DMA IRQ c1=0
DMA IRQ c2=0
DMA IRQ c3=0
SELECT busy=6798
SELECT w0=6786
SELECT w1=3855
SELECT w2=4126
BUSY TASK ewma=997
DMA IRQ c0=1
DMA IRQ c1=0
DMA IRQ c2=0
DMA IRQ c3=0
SELECT busy=6815
SELECT w0=6803
SELECT w1=3860
SELECT w2=4134
BUSY TASK ewma=997
DMA IRQ c0=1
DMA IRQ c1=0
DMA IRQ c2=0
DMA IRQ c3=0
SELECT busy=6831
SELECT w0=6819
SELECT w1=3869
SELECT w2=4145
BUSY TASK ewma=997
DMA IRQ c0=1
DMA IRQ c1=0
DMA IRQ c2=0
DMA IRQ c3=0
SELECT busy=6853
SELECT w0=6842
SELECT w1=3880
SELECT w2=4156
BUSY TASK ewma=997
DMA IRQ c0=1
DMA IRQ c1=0
DMA IRQ c2=0
DMA IRQ c3=0
SELECT busy=6878
SELECT w0=6866
SELECT w1=3894
SELECT w2=4175
BUSY TASK ewma=997
DMA IRQ c0=1
DMA IRQ c1=0
DMA IRQ c2=0
DMA IRQ c3=0
SELECT busy=6911
SELECT w0=6901
SELECT w1=3912
SELECT w2=4197
BUSY TASK ewma=997
DMA IRQ c0=1
DMA IRQ c1=0
DMA IRQ c2=0
DMA IRQ c3=0
SELECT busy=6934
SELECT w0=6923
SELECT w1=3922
SELECT w2=4207
BUSY TASK ewma=997
DMA IRQ c0=1
DMA IRQ c1=0
DMA IRQ c2=0
DMA IRQ c3=0
SELECT busy=6960
SELECT w0=6948
SELECT w1=3930
SELECT w2=4216
BUSY TASK ewma=997
IRQ counts: cpu0=13944 cpu1=16625 cpu2=16720 cpu3=16431
SCHED secondaries: calls=49789 unexpected=0
SECTEST switches=49744 cpu1=179773483,177416061 cpu2=155761974,154895309 cpu3=213481599,201709416
PINGPONG rounds=2000 pongs=2000
DMA IRQ c0=1
DMA IRQ c1=0
DMA IRQ c2=0
DMA IRQ c3=0
SELECT busy=6988
SELECT w0=6976
SELECT w1=3940
SELECT w2=4228
BUSY TASK ewma=997
DMA IRQ c0=1
DMA IRQ c1=0
DMA IRQ c2=0
DMA IRQ c3=0
SELECT busy=7005
SELECT w0=6994
SELECT w1=3946
SELECT w2=4236
BUSY TASK ewma=997
DMA IRQ c0=1
DMA IRQ c1=0
DMA IRQ c2=0
DMA IRQ c3=0
SELECT busy=7023
SELECT w0=7012
SELECT w1=3956
SELECT w2=4248
BUSY TASK ewma=997
DMA IRQ c0=1
DMA IRQ c1=0
DMA IRQ c2=0
DMA IRQ c3=0
SELECT busy=7045
SELECT w0=7034
SELECT w1=3974
SELECT w2=4268
BUSY TASK ewma=997
DMA IRQ c0=1
DMA IRQ c1=0
DMA IRQ c2=0
DMA IRQ c3=0
SELECT busy=7071
SELECT w0=7059
SELECT w1=3985
SELECT w2=4282
BUSY TASK ewma=997
DMA IRQ c0=1
DMA IRQ c1=0
DMA IRQ c2=0
DMA IRQ c3=0
SELECT busy=7094
SELECT w0=7083
SELECT w1=3995
SELECT w2=4295
BUSY TASK ewma=997
DMA IRQ c0=1
DMA IRQ c1=0
DMA IRQ c2=0
DMA IRQ c3=0
SELECT busy=7119
SELECT w0=7108
SELECT w1=4005
SELECT w2=4311
BUSY TASK ewma=997
DMA IRQ c0=1
DMA IRQ c1=0
DMA IRQ c2=0
DMA IRQ c3=0
SELECT busy=7152
SELECT w0=7141
SELECT w1=4020
SELECT w2=4330
BUSY TASK ewma=997
DMA IRQ c0=1
DMA IRQ c1=0
DMA IRQ c2=0
DMA IRQ c3=0
SELECT busy=7174
SELECT w0=7163
SELECT w1=4030
SELECT w2=4342
BUSY TASK ewma=997
DMA IRQ c0=1
DMA IRQ c1=0
DMA IRQ c2=0
DMA IRQ c3=0
SELECT busy=7197
SELECT w0=7186
SELECT w1=4042
SELECT w2=4359
BUSY TASK ewma=997
DMA IRQ c0=1
DMA IRQ c1=0
DMA IRQ c2=0
DMA IRQ c3=0
SELECT busy=7219
SELECT w0=7208
SELECT w1=4052
SELECT w2=4372
BUSY TASK ewma=997
DMA IRQ c0=1
DMA IRQ c1=0
DMA IRQ c2=0
DMA IRQ c3=0
SELECT busy=7241
SELECT w0=7230
SELECT w1=4062
SELECT w2=4386
BUSY TASK ewma=997
DMA IRQ c0=1
DMA IRQ c1=0
DMA IRQ c2=0
DMA IRQ c3=0
SELECT busy=7268
SELECT w0=7257
SELECT w1=4074
SELECT w2=4405
BUSY TASK ewma=997
DMA IRQ c0=1
DMA IRQ c1=0
DMA IRQ c2=0
DMA IRQ c3=0
SELECT busy=7292
SELECT w0=7281
SELECT w1=4085
SELECT w2=4417
BUSY TASK ewma=997
DMA IRQ c0=1
DMA IRQ c1=0
DMA IRQ c2=0
DMA IRQ c3=0
SELECT busy=7317
SELECT w0=7306
SELECT w1=4096
SELECT w2=4435
BUSY TASK ewma=997
DMA IRQ c0=1
DMA IRQ c1=0
DMA IRQ c2=0
DMA IRQ c3=0
SELECT busy=7333
SELECT w0=7324
SELECT w1=4106
SELECT w2=4446
BUSY TASK ewma=997
DMA IRQ c0=1
DMA IRQ c1=0
DMA IRQ c2=0
DMA IRQ c3=0
SELECT busy=7357
SELECT w0=7345
SELECT w1=4118
SELECT w2=4458
BUSY TASK ewma=997
DMA IRQ c0=1
DMA IRQ c1=0
DMA IRQ c2=0
DMA IRQ c3=0
SELECT busy=7375
SELECT w0=7363
SELECT w1=4126
SELECT w2=4465
BUSY TASK ewma=997
DMA IRQ c0=1
DMA IRQ c1=0
DMA IRQ c2=0
DMA IRQ c3=0
SELECT busy=7393
SELECT w0=7382
SELECT w1=4132
SELECT w2=4475
BUSY TASK ewma=997
DMA IRQ c0=1
DMA IRQ c1=0
DMA IRQ c2=0
DMA IRQ c3=0
SELECT busy=7412
SELECT w0=7400
SELECT w1=4140
SELECT w2=4485
BUSY TASK ewma=997
DMA IRQ c0=1
DMA IRQ c1=0
DMA IRQ c2=0
DMA IRQ c3=0
SELECT busy=7437
SELECT w0=7426
SELECT w1=4153
SELECT w2=4498
BUSY TASK ewma=997
DMA IRQ c0=1
DMA IRQ c1=0
DMA IRQ c2=0
DMA IRQ c3=0
SELECT busy=7457
SELECT w0=7445
SELECT w1=4159
SELECT w2=4506
BUSY TASK ewma=997
DMA IRQ c0=1
DMA IRQ c1=0
DMA IRQ c2=0
DMA IRQ c3=0
SELECT busy=7480
SELECT w0=7469
SELECT w1=4172
SELECT w2=4519
BUSY TASK ewma=997
DMA IRQ c0=1
DMA IRQ c1=0
DMA IRQ c2=0
DMA IRQ c3=0
SELECT busy=7499
SELECT w0=7488
SELECT w1=4179
SELECT w2=4527
BUSY TASK ewma=997
DMA IRQ c0=1
DMA IRQ c1=0
DMA IRQ c2=0
DMA IRQ c3=0
SELECT busy=7514
SELECT w0=7502
SELECT w1=4183
SELECT w2=4533
BUSY TASK ewma=997
DMA IRQ c0=1
DMA IRQ c1=0
DMA IRQ c2=0
DMA IRQ c3=0
SELECT busy=7531
SELECT w0=7519
SELECT w1=4190
SELECT w2=4542
BUSY TASK ewma=997
DMA IRQ c0=1
DMA IRQ c1=0
DMA IRQ c2=0
DMA IRQ c3=0
SELECT busy=7558
SELECT w0=7547
SELECT w1=4205
SELECT w2=4561
BUSY TASK ewma=997
DMA IRQ c0=1
DMA IRQ c1=0
DMA IRQ c2=0
DMA IRQ c3=0
SELECT busy=7591
SELECT w0=7579
SELECT w1=4223
SELECT w2=4579
BUSY TASK ewma=997
DMA IRQ c0=1
DMA IRQ c1=0
DMA IRQ c2=0
DMA IRQ c3=0
SELECT busy=7607
SELECT w0=7595
SELECT w1=4228
SELECT w2=4585
BUSY TASK ewma=997
DMA IRQ c0=1
DMA IRQ c1=0
DMA IRQ c2=0
DMA IRQ c3=0
SELECT busy=7625
SELECT w0=7615
SELECT w1=4241
SELECT w2=4602
BUSY TASK ewma=997
DMA IRQ c0=1
DMA IRQ c1=0
DMA IRQ c2=0
DMA IRQ c3=0
SELECT busy=7659
SELECT w0=7648
SELECT w1=4261
SELECT w2=4619
BUSY TASK ewma=997
DMA IRQ c0=1
DMA IRQ c1=0
DMA IRQ c2=0
DMA IRQ c3=0
SELECT busy=7690
SELECT w0=7679
SELECT w1=4276
SELECT w2=4639
BUSY TASK ewma=997
DMA IRQ c0=1
DMA IRQ c1=0
DMA IRQ c2=0
DMA IRQ c3=0
SELECT busy=7714
SELECT w0=7703
SELECT w1=4289
SELECT w2=4650
BUSY TASK ewma=997
DMA IRQ c0=1
DMA IRQ c1=0
DMA IRQ c2=0
DMA IRQ c3=0
SELECT busy=7744
SELECT w0=7732
SELECT w1=4304
SELECT w2=4671
BUSY TASK ewma=997
DMA IRQ c0=1
DMA IRQ c1=0
DMA IRQ c2=0
DMA IRQ c3=0
SELECT busy=7765
SELECT w0=7753
SELECT w1=4312
SELECT w2=4685
BUSY TASK ewma=997
DMA IRQ c0=1
DMA IRQ c1=0
DMA IRQ c2=0
DMA IRQ c3=0
SELECT busy=7789
SELECT w0=7778
SELECT w1=4326
SELECT w2=4702
BUSY TASK ewma=997
DMA IRQ c0=1
DMA IRQ c1=0
DMA IRQ c2=0
DMA IRQ c3=0
SELECT busy=7818
SELECT w0=7807
SELECT w1=4340
SELECT w2=4719
BUSY TASK ewma=997
DMA IRQ c0=1
DMA IRQ c1=0
DMA IRQ c2=0
DMA IRQ c3=0
SELECT busy=7835
SELECT w0=7824
SELECT w1=4350
SELECT w2=4731
BUSY TASK ewma=997
DMA IRQ c0=1
DMA IRQ c1=0
DMA IRQ c2=0
DMA IRQ c3=0
SELECT busy=7855
SELECT w0=7844
SELECT w1=4362
SELECT w2=4744
BUSY TASK ewma=997
DMA IRQ c0=1
DMA IRQ c1=0
DMA IRQ c2=0
DMA IRQ c3=0
SELECT busy=7875
SELECT w0=7865
SELECT w1=4372
SELECT w2=4754
BUSY TASK ewma=997
DMA IRQ c0=1
DMA IRQ c1=0
DMA IRQ c2=0
DMA IRQ c3=0
SELECT busy=7900
SELECT w0=7888
SELECT w1=4381
SELECT w2=4770
BUSY TASK ewma=997
DMA IRQ c0=1
DMA IRQ c1=0
DMA IRQ c2=0
DMA IRQ c3=0
SELECT busy=7925
SELECT w0=7917
SELECT w1=4397
SELECT w2=4784
BUSY TASK ewma=997
DMA IRQ c0=1
DMA IRQ c1=0
DMA IRQ c2=0
DMA IRQ c3=0
SELECT busy=7956
SELECT w0=7946
SELECT w1=4413
SELECT w2=4800
BUSY TASK ewma=997
DMA IRQ c0=1
DMA IRQ c1=0
DMA IRQ c2=0
DMA IRQ c3=0
SELECT busy=7979
SELECT w0=7969
SELECT w1=4426
SELECT w2=4815
BUSY TASK ewma=997
DMA IRQ c0=1
DMA IRQ c1=0
DMA IRQ c2=0
DMA IRQ c3=0
SELECT busy=8001
SELECT w0=7991
SELECT w1=4438
SELECT w2=4827
BUSY TASK ewma=997
DMA IRQ c0=1
DMA IRQ c1=0
DMA IRQ c2=0
DMA IRQ c3=0
SELECT busy=8029
SELECT w0=8017
SELECT w1=4449
SELECT w2=4842
BUSY TASK ewma=997
DMA IRQ c0=1
DMA IRQ c1=0
DMA IRQ c2=0
DMA IRQ c3=0
SELECT busy=8056
SELECT w0=8044
SELECT w1=4459
SELECT w2=4854
BUSY TASK ewma=997
DMA IRQ c0=1
DMA IRQ c1=0
DMA IRQ c2=0
DMA IRQ c3=0
SELECT busy=8086
SELECT w0=8075
SELECT w1=4474
SELECT w2=4869
BUSY TASK ewma=997
DMA IRQ c0=1
DMA IRQ c1=0
DMA IRQ c2=0
DMA IRQ c3=0
SELECT busy=8108
SELECT w0=8096
SELECT w1=4485
SELECT w2=4882
BUSY TASK ewma=997
DMA IRQ c0=1
DMA IRQ c1=0
DMA IRQ c2=0
DMA IRQ c3=0
SELECT busy=8129
SELECT w0=8117
SELECT w1=4492
SELECT w2=4889
BUSY TASK ewma=997
DMA IRQ c0=1
DMA IRQ c1=0
DMA IRQ c2=0
DMA IRQ c3=0
SELECT busy=8149
SELECT w0=8138
SELECT w1=4501
SELECT w2=4901
BUSY TASK ewma=997
DMA IRQ c0=1
DMA IRQ c1=0
DMA IRQ c2=0
DMA IRQ c3=0
SELECT busy=8176
SELECT w0=8165
SELECT w1=4512
SELECT w2=4916
BUSY TASK ewma=997
DMA IRQ c0=1
DMA IRQ c1=0
DMA IRQ c2=0
DMA IRQ c3=0
SELECT busy=8193
SELECT w0=8181
SELECT w1=4520
SELECT w2=4925
BUSY TASK ewma=997
DMA IRQ c0=1
DMA IRQ c1=0
DMA IRQ c2=0
DMA IRQ c3=0
SELECT busy=8220
SELECT w0=8210
SELECT w1=4533
SELECT w2=4940
BUSY TASK ewma=997
DMA IRQ c0=1
DMA IRQ c1=0
DMA IRQ c2=0
DMA IRQ c3=0
SELECT busy=8247
SELECT w0=8236
SELECT w1=4540
SELECT w2=4950
BUSY TASK ewma=997
DMA IRQ c0=1
DMA IRQ c1=0
DMA IRQ c2=0
DMA IRQ c3=0
SELECT busy=8267
SELECT w0=8255
SELECT w1=4547
SELECT w2=4962
BUSY TASK ewma=997
DMA IRQ c0=1
DMA IRQ c1=0
DMA IRQ c2=0
DMA IRQ c3=0
SELECT busy=8287
SELECT w0=8276
SELECT w1=4558
SELECT w2=4975
BUSY TASK ewma=997
DMA IRQ c0=1
DMA IRQ c1=0
DMA IRQ c2=0
DMA IRQ c3=0
SELECT busy=8308
SELECT w0=8297
SELECT w1=4567
SELECT w2=4986
BUSY TASK ewma=997
DMA IRQ c0=1
DMA IRQ c1=0
DMA IRQ c2=0
DMA IRQ c3=0
SELECT busy=8332
SELECT w0=8321
SELECT w1=4579
SELECT w2=5003
BUSY TASK ewma=997
DMA IRQ c0=1
DMA IRQ c1=0
DMA IRQ c2=0
DMA IRQ c3=0
SELECT busy=8349
SELECT w0=8338
SELECT w1=4587
SELECT w2=5017
BUSY TASK ewma=997
DMA IRQ c0=1
DMA IRQ c1=0
DMA IRQ c2=0
DMA IRQ c3=0
SELECT busy=8367
SELECT w0=8356
SELECT w1=4597
SELECT w2=5029
BUSY TASK ewma=997
DMA IRQ c0=1
DMA IRQ c1=0
DMA IRQ c2=0
DMA IRQ c3=0
SELECT busy=8392
SELECT w0=8382
SELECT w1=4611
SELECT w2=5047
BUSY TASK ewma=997
DMA IRQ c0=1
DMA IRQ c1=0
DMA IRQ c2=0
DMA IRQ c3=0
SELECT busy=8414
SELECT w0=8403
SELECT w1=4621
SELECT w2=5060
BUSY TASK ewma=997
DMA IRQ c0=1
DMA IRQ c1=0
DMA IRQ c2=0
DMA IRQ c3=0
SELECT busy=8442
SELECT w0=8430
SELECT w1=4631
SELECT w2=5076
BUSY TASK ewma=997
IRQ counts: cpu0=16914 cpu1=20128 cpu2=20157 cpu3=20024
SCHED secondaries: calls=60313 unexpected=0
SECTEST switches=60273 cpu1=213212497,210656963 cpu2=186646205,185309532 cpu3=257768729,244656091
PINGPONG rounds=2000 pongs=2000
DMA IRQ c0=1
DMA IRQ c1=0
DMA IRQ c2=0
DMA IRQ c3=0
SELECT busy=8475
SELECT w0=8463
SELECT w1=4641
SELECT w2=5088
BUSY TASK ewma=997
DMA IRQ c0=1
DMA IRQ c1=0
DMA IRQ c2=0
DMA IRQ c3=0
SELECT busy=8495
SELECT w0=8483
SELECT w1=4651
SELECT w2=5098
BUSY TASK ewma=997
DMA IRQ c0=1
DMA IRQ c1=0
DMA IRQ c2=0
DMA IRQ c3=0
SELECT busy=8523
SELECT w0=8513
SELECT w1=4662
SELECT w2=5116
BUSY TASK ewma=997
DMA IRQ c0=1
DMA IRQ c1=0
DMA IRQ c2=0
DMA IRQ c3=0
SELECT busy=8547
SELECT w0=8535
SELECT w1=4670
SELECT w2=5124
BUSY TASK ewma=997
DMA IRQ c0=1
DMA IRQ c1=0
DMA IRQ c2=0
DMA IRQ c3=0
SELECT busy=8580
SELECT w0=8569
SELECT w1=4688
SELECT w2=5148
BUSY TASK ewma=997
DMA IRQ c0=1
DMA IRQ c1=0
DMA IRQ c2=0
DMA IRQ c3=0
SELECT busy=8611
SELECT w0=8604
SELECT w1=4709
SELECT w2=5174
BUSY TASK ewma=997
DMA IRQ c0=1
DMA IRQ c1=0
DMA IRQ c2=0
DMA IRQ c3=0
SELECT busy=8636
SELECT w0=8625
SELECT w1=4721
SELECT w2=5184
BUSY TASK ewma=997
DMA IRQ c0=1
DMA IRQ c1=0
DMA IRQ c2=0
DMA IRQ c3=0
SELECT busy=8657
SELECT w0=8646
SELECT w1=4730
SELECT w2=5198
BUSY TASK ewma=997
DMA IRQ c0=1
DMA IRQ c1=0
DMA IRQ c2=0
DMA IRQ c3=0
SELECT busy=8676
SELECT w0=8664
SELECT w1=4738
SELECT w2=5206
BUSY TASK ewma=997
DMA IRQ c0=1
DMA IRQ c1=0
DMA IRQ c2=0
DMA IRQ c3=0
SELECT busy=8704
SELECT w0=8693
SELECT w1=4753
SELECT w2=5233
BUSY TASK ewma=997
DMA IRQ c0=1
DMA IRQ c1=0
DMA IRQ c2=0
DMA IRQ c3=0
SELECT busy=8728
SELECT w0=8717
SELECT w1=4768
SELECT w2=5256
BUSY TASK ewma=997
DMA IRQ c0=1
DMA IRQ c1=0
DMA IRQ c2=0
DMA IRQ c3=0
SELECT busy=8755
SELECT w0=8745
SELECT w1=4784
SELECT w2=5281
BUSY TASK ewma=997
DMA IRQ c0=1
DMA IRQ c1=0
DMA IRQ c2=0
DMA IRQ c3=0
SELECT busy=8785
SELECT w0=8774
SELECT w1=4803
SELECT w2=5305
BUSY TASK ewma=997
DMA IRQ c0=1
DMA IRQ c1=0
DMA IRQ c2=0
DMA IRQ c3=0
SELECT busy=8810
SELECT w0=8799
SELECT w1=4815
SELECT w2=5320
BUSY TASK ewma=997
DMA IRQ c0=1
DMA IRQ c1=0
DMA IRQ c2=0
DMA IRQ c3=0
SELECT busy=8837
SELECT w0=8825
SELECT w1=4828
SELECT w2=5345
BUSY TASK ewma=997
DMA IRQ c0=1
DMA IRQ c1=0
DMA IRQ c2=0
DMA IRQ c3=0
SELECT busy=8852
SELECT w0=8841
SELECT w1=4837
SELECT w2=5354
BUSY TASK ewma=997
DMA IRQ c0=1
DMA IRQ c1=0
DMA IRQ c2=0
DMA IRQ c3=0
SELECT busy=8874
SELECT w0=8863
SELECT w1=4850
SELECT w2=5370
BUSY TASK ewma=997
DMA IRQ c0=1
DMA IRQ c1=0
DMA IRQ c2=0
DMA IRQ c3=0
SELECT busy=8893
SELECT w0=8882
SELECT w1=4864
SELECT w2=5386
BUSY TASK ewma=997
DMA IRQ c0=1
DMA IRQ c1=0
DMA IRQ c2=0
DMA IRQ c3=0
SELECT busy=8912
SELECT w0=8902
SELECT w1=4875
SELECT w2=5401
BUSY TASK ewma=997
DMA IRQ c0=1
DMA IRQ c1=0
DMA IRQ c2=0
DMA IRQ c3=0
SELECT busy=8934
SELECT w0=8922
SELECT w1=4881
SELECT w2=5410
BUSY TASK ewma=997
DMA IRQ c0=1
DMA IRQ c1=0
DMA IRQ c2=0
DMA IRQ c3=0
SELECT busy=8957
SELECT w0=8946
SELECT w1=4892
SELECT w2=5420
BUSY TASK ewma=997
DMA IRQ c0=1
DMA IRQ c1=0
DMA IRQ c2=0
DMA IRQ c3=0
SELECT busy=8983
SELECT w0=8971
SELECT w1=4903
SELECT w2=5436
BUSY TASK ewma=997
DMA IRQ c0=1
DMA IRQ c1=0
DMA IRQ c2=0
DMA IRQ c3=0
SELECT busy=9004
SELECT w0=8993
SELECT w1=4912
SELECT w2=5450
BUSY TASK ewma=997
DMA IRQ c0=1
DMA IRQ c1=0
DMA IRQ c2=0
DMA IRQ c3=0
SELECT busy=9025
SELECT w0=9013
SELECT w1=4921
SELECT w2=5461
BUSY TASK ewma=997
DMA IRQ c0=1
DMA IRQ c1=0
DMA IRQ c2=0
DMA IRQ c3=0
SELECT busy=9043
SELECT w0=9032
SELECT w1=4927
SELECT w2=5469
BUSY TASK ewma=997
DMA IRQ c0=1
DMA IRQ c1=0
DMA IRQ c2=0
DMA IRQ c3=0
SELECT busy=9063
SELECT w0=9051
SELECT w1=4936
SELECT w2=5481
BUSY TASK ewma=997
DMA IRQ c0=1
DMA IRQ c1=0
DMA IRQ c2=0
DMA IRQ c3=0
SELECT busy=9086
SELECT w0=9074
SELECT w1=4949
SELECT w2=5494
BUSY TASK ewma=997
DMA IRQ c0=1
DMA IRQ c1=0
DMA IRQ c2=0
DMA IRQ c3=0
SELECT busy=9105
SELECT w0=9094
SELECT w1=4962
SELECT w2=5509
BUSY TASK ewma=997
DMA IRQ c0=1
DMA IRQ c1=0
DMA IRQ c2=0
DMA IRQ c3=0
SELECT busy=9122
SELECT w0=9110
SELECT w1=4970
SELECT w2=5519
BUSY TASK ewma=997
DMA IRQ c0=1
DMA IRQ c1=0
DMA IRQ c2=0
DMA IRQ c3=0
SELECT busy=9141
SELECT w0=9130
SELECT w1=4979
SELECT w2=5530
BUSY TASK ewma=997
DMA IRQ c0=1
DMA IRQ c1=0
DMA IRQ c2=0
DMA IRQ c3=0
SELECT busy=9163
SELECT w0=9151
SELECT w1=4988
SELECT w2=5543
BUSY TASK ewma=997
DMA IRQ c0=1
DMA IRQ c1=0
DMA IRQ c2=0
DMA IRQ c3=0
SELECT busy=9182
SELECT w0=9170
SELECT w1=4996
SELECT w2=5556
BUSY TASK ewma=997
DMA IRQ c0=1
DMA IRQ c1=0
DMA IRQ c2=0
DMA IRQ c3=0
SELECT busy=9212
SELECT w0=9201
SELECT w1=5010
SELECT w2=5573
BUSY TASK ewma=997
DMA IRQ c0=1
DMA IRQ c1=0
DMA IRQ c2=0
DMA IRQ c3=0
SELECT busy=9240
SELECT w0=9229
SELECT w1=5025
SELECT w2=5592
BUSY TASK ewma=997
DMA IRQ c0=1
DMA IRQ c1=0
DMA IRQ c2=0
DMA IRQ c3=0
SELECT busy=9264
SELECT w0=9253
SELECT w1=5033
SELECT w2=5603
BUSY TASK ewma=997
DMA IRQ c0=1
DMA IRQ c1=0
DMA IRQ c2=0
DMA IRQ c3=0
SELECT busy=9282
SELECT w0=9271
SELECT w1=5041
SELECT w2=5611
BUSY TASK ewma=997
DMA IRQ c0=1
DMA IRQ c1=0
DMA IRQ c2=0
DMA IRQ c3=0
SELECT busy=9307
SELECT w0=9295
SELECT w1=5054
SELECT w2=5625
BUSY TASK ewma=997
DMA IRQ c0=1
DMA IRQ c1=0
DMA IRQ c2=0
DMA IRQ c3=0
SELECT busy=9328
SELECT w0=9317
SELECT w1=5066
SELECT w2=5636
BUSY TASK ewma=997
DMA IRQ c0=1
DMA IRQ c1=0
DMA IRQ c2=0
DMA IRQ c3=0
SELECT bqemu-system-aarch64: terminating on signal 15 from pid 252492 (timeout)
