P4 M7: full integration test boot OK
CPU0: MPIDR_EL1=0x0000000080000000
CPU0: psci_cpu_on target=1 rc=0
CPU1: alive, MPIDR_EL1=0x0000000080000001 this_cpu()->cpu_id=1
CPU0: psci_cpu_on target=2 rc=0
CPU2: alive, MPIDR_EL1=0x0000000080000002 this_cpu()->cpu_id=2
CPU0: psci_cpu_on target=3 rc=0
CPU3: alive, MPIDR_EL1=0x0000000080000003 this_cpu()->cpu_id=3
CPUs online: 4
D2b: worker 1 runs on CPU1
D2b: worker 2 runs on CPU2
P4 M7: worker submitted cmd_id=1
D2b: worker 0 runs on CPU0
P4 M7: worker submitted cmd_id=2
P4 M7: worker submitted cmd_id=3
P4 M7: worker DATA OK, cmd_id=1
WORKER ewma=831
P4 M7: worker DATA OK, cmd_id=2
WORKER ewma=759
P4 M7: worker DATA OK, cmd_id=3
WORKER ewma=759
BUSY TASK ewma=997
DMA IRQ c0=3
DMA IRQ c1=0
DMA IRQ c2=0
DMA IRQ c3=0
SELECT busy=31
SELECT w0=26
SELECT w1=71
SELECT w2=64
BUSY TASK ewma=997
DMA IRQ c0=3
DMA IRQ c1=0
DMA IRQ c2=0
DMA IRQ c3=0
SELECT busy=54
SELECT w0=49
SELECT w1=88
SELECT w2=82
BUSY TASK ewma=997
DMA IRQ c0=3
DMA IRQ c1=0
DMA IRQ c2=0
DMA IRQ c3=0
SELECT busy=74
SELECT w0=69
SELECT w1=107
SELECT w2=102
BUSY TASK ewma=997
DMA IRQ c0=3
DMA IRQ c1=0
DMA IRQ c2=0
DMA IRQ c3=0
SELECT busy=94
SELECT w0=89
SELECT w1=124
SELECT w2=122
BUSY TASK ewma=997
DMA IRQ c0=3
DMA IRQ c1=0
DMA IRQ c2=0
DMA IRQ c3=0
SELECT busy=120
SELECT w0=115
SELECT w1=136
SELECT w2=143
BUSY TASK ewma=997
DMA IRQ c0=3
DMA IRQ c1=0
DMA IRQ c2=0
DMA IRQ c3=0
SELECT busy=144
SELECT w0=140
SELECT w1=149
SELECT w2=164
BUSY TASK ewma=997
DMA IRQ c0=3
DMA IRQ c1=0
DMA IRQ c2=0
DMA IRQ c3=0
SELECT busy=168
SELECT w0=163
SELECT w1=162
SELECT w2=185
BUSY TASK ewma=997
DMA IRQ c0=3
DMA IRQ c1=0
DMA IRQ c2=0
DMA IRQ c3=0
SELECT busy=198
SELECT w0=194
SELECT w1=181
SELECT w2=207
BUSY TASK ewma=997
DMA IRQ c0=3
DMA IRQ c1=0
DMA IRQ c2=0
DMA IRQ c3=0
SELECT busy=227
SELECT w0=222
SELECT w1=199
SELECT w2=230
BUSY TASK ewma=997
DMA IRQ c0=3
DMA IRQ c1=0
DMA IRQ c2=0
DMA IRQ c3=0
SELECT busy=248
SELECT w0=242
SELECT w1=210
SELECT w2=239
BUSY TASK ewma=997
DMA IRQ c0=3
DMA IRQ c1=0
DMA IRQ c2=0
DMA IRQ c3=0
SELECT busy=264
SELECT w0=259
SELECT w1=221
SELECT w2=251
BUSY TASK ewma=997
DMA IRQ c0=3
DMA IRQ c1=0
DMA IRQ c2=0
DMA IRQ c3=0
SELECT busy=288
SELECT w0=282
SELECT w1=232
SELECT w2=265
BUSY TASK ewma=997
DMA IRQ c0=3
DMA IRQ c1=0
DMA IRQ c2=0
DMA IRQ c3=0
SELECT busy=313
SELECT w0=308
SELECT w1=248
SELECT w2=286
BUSY TASK ewma=997
DMA IRQ c0=3
DMA IRQ c1=0
DMA IRQ c2=0
DMA IRQ c3=0
SELECT busy=339
SELECT w0=334
SELECT w1=263
SELECT w2=299
BUSY TASK ewma=997
DMA IRQ c0=3
DMA IRQ c1=0
DMA IRQ c2=0
DMA IRQ c3=0
SELECT busy=359
SELECT w0=353
SELECT w1=273
SELECT w2=310
BUSY TASK ewma=997
DMA IRQ c0=3
DMA IRQ c1=0
DMA IRQ c2=0
DMA IRQ c3=0
SELECT busy=386
SELECT w0=381
SELECT w1=289
SELECT w2=326
BUSY TASK ewma=997
DMA IRQ c0=3
DMA IRQ c1=0
DMA IRQ c2=0
DMA IRQ c3=0
SELECT busy=409
SELECT w0=404
SELECT w1=302
SELECT w2=345
BUSY TASK ewma=997
DMA IRQ c0=3
DMA IRQ c1=0
DMA IRQ c2=0
DMA IRQ c3=0
SELECT busy=438
SELECT w0=433
SELECT w1=326
SELECT w2=363
BUSY TASK ewma=997
DMA IRQ c0=3
DMA IRQ c1=0
DMA IRQ c2=0
DMA IRQ c3=0
SELECT busy=467
SELECT w0=462
SELECT w1=346
SELECT w2=379
BUSY TASK ewma=997
DMA IRQ c0=3
DMA IRQ c1=0
DMA IRQ c2=0
DMA IRQ c3=0
SELECT busy=497
SELECT w0=493
SELECT w1=364
SELECT w2=396
BUSY TASK ewma=997
DMA IRQ c0=3
DMA IRQ c1=0
DMA IRQ c2=0
DMA IRQ c3=0
SELECT busy=523
SELECT w0=518
SELECT w1=379
SELECT w2=414
BUSY TASK ewma=997
DMA IRQ c0=3
DMA IRQ c1=0
DMA IRQ c2=0
DMA IRQ c3=0
SELECT busy=546
SELECT w0=540
SELECT w1=386
SELECT w2=419
BUSY TASK ewma=997
DMA IRQ c0=3
DMA IRQ c1=0
DMA IRQ c2=0
DMA IRQ c3=0
SELECT busy=570
SELECT w0=564
SELECT w1=404
SELECT w2=432
BUSY TASK ewma=997
DMA IRQ c0=3
DMA IRQ c1=0
DMA IRQ c2=0
DMA IRQ c3=0
SELECT busy=586
SELECT w0=581
SELECT w1=416
SELECT w2=442
BUSY TASK ewma=997
DMA IRQ c0=3
DMA IRQ c1=0
DMA IRQ c2=0
DMA IRQ c3=0
SELECT busy=605
SELECT w0=601
SELECT w1=431
SELECT w2=454
BUSY TASK ewma=997
DMA IRQ c0=3
DMA IRQ c1=0
DMA IRQ c2=0
DMA IRQ c3=0
SELECT busy=629
SELECT w0=623
SELECT w1=447
SELECT w2=469
BUSY TASK ewma=997
DMA IRQ c0=3
DMA IRQ c1=0
DMA IRQ c2=0
DMA IRQ c3=0
SELECT busy=651
SELECT w0=645
SELECT w1=458
SELECT w2=482
BUSY TASK ewma=997
DMA IRQ c0=3
DMA IRQ c1=0
DMA IRQ c2=0
DMA IRQ c3=0
SELECT busy=676
SELECT w0=670
SELECT w1=474
SELECT w2=501
BUSY TASK ewma=997
DMA IRQ c0=3
DMA IRQ c1=0
DMA IRQ c2=0
DMA IRQ c3=0
SELECT busy=696
SELECT w0=691
SELECT w1=490
SELECT w2=513
BUSY TASK ewma=997
DMA IRQ c0=3
DMA IRQ c1=0
DMA IRQ c2=0
DMA IRQ c3=0
SELECT busy=722
SELECT w0=717
SELECT w1=508
SELECT w2=530
BUSY TASK ewma=997
DMA IRQ c0=3
DMA IRQ c1=0
DMA IRQ c2=0
DMA IRQ c3=0
SELECT busy=754
SELECT w0=748
SELECT w1=525
SELECT w2=544
BUSY TASK ewma=997
DMA IRQ c0=3
DMA IRQ c1=0
DMA IRQ c2=0
DMA IRQ c3=0
SELECT busy=776
SELECT w0=770
SELECT w1=535
SELECT w2=552
BUSY TASK ewma=997
DMA IRQ c0=3
DMA IRQ c1=0
DMA IRQ c2=0
DMA IRQ c3=0
SELECT busy=808
SELECT w0=803
SELECT w1=557
SELECT w2=571
BUSY TASK ewma=997
DMA IRQ c0=3
DMA IRQ c1=0
DMA IRQ c2=0
DMA IRQ c3=0
SELECT busy=834
SELECT w0=828
SELECT w1=573
SELECT w2=580
BUSY TASK ewma=997
DMA IRQ c0=3
DMA IRQ c1=0
DMA IRQ c2=0
DMA IRQ c3=0
SELECT busy=860
SELECT w0=855
SELECT w1=590
SELECT w2=598
BUSY TASK ewma=997
DMA IRQ c0=3
DMA IRQ c1=0
DMA IRQ c2=0
DMA IRQ c3=0
SELECT busy=883
SELECT w0=877
SELECT w1=601
SELECT w2=608
BUSY TASK ewma=997
DMA IRQ c0=3
DMA IRQ c1=0
DMA IRQ c2=0
DMA IRQ c3=0
SELECT busy=896
SELECT w0=890
SELECT w1=607
SELECT w2=616
BUSY TASK ewma=997
DMA IRQ c0=3
DMA IRQ c1=0
DMA IRQ c2=0
DMA IRQ c3=0
SELECT busy=918
SELECT w0=913
SELECT w1=621
SELECT w2=630
BUSY TASK ewma=997
DMA IRQ c0=3
DMA IRQ c1=0
DMA IRQ c2=0
DMA IRQ c3=0
SELECT busy=945
SELECT w0=940
SELECT w1=638
SELECT w2=646
BUSY TASK ewma=997
DMA IRQ c0=3
DMA IRQ c1=0
DMA IRQ c2=0
DMA IRQ c3=0
SELECT busy=980
SELECT w0=975
SELECT w1=658
SELECT w2=670
BUSY TASK ewma=997
DMA IRQ c0=3
DMA IRQ c1=0
DMA IRQ c2=0
DMA IRQ c3=0
SELECT busy=1009
SELECT w0=1003
SELECT w1=670
SELECT w2=682
BUSY TASK ewma=997
DMA IRQ c0=3
DMA IRQ c1=0
DMA IRQ c2=0
DMA IRQ c3=0
SELECT busy=1033
SELECT w0=1027
SELECT w1=683
SELECT w2=699
BUSY TASK ewma=997
DMA IRQ c0=3
DMA IRQ c1=0
DMA IRQ c2=0
DMA IRQ c3=0
SELECT busy=1065
SELECT w0=1060
SELECT w1=697
SELECT w2=714
BUSY TASK ewma=997
DMA IRQ c0=3
DMA IRQ c1=0
DMA IRQ c2=0
DMA IRQ c3=0
SELECT busy=1081
SELECT w0=1077
SELECT w1=707
SELECT w2=726
BUSY TASK ewma=997
DMA IRQ c0=3
DMA IRQ c1=0
DMA IRQ c2=0
DMA IRQ c3=0
SELECT busy=1112
SELECT w0=1107
SELECT w1=728
SELECT w2=748
BUSY TASK ewma=997
DMA IRQ c0=3
DMA IRQ c1=0
DMA IRQ c2=0
DMA IRQ c3=0
SELECT busy=1134
SELECT w0=1130
SELECT w1=742
SELECT w2=764
BUSY TASK ewma=997
DMA IRQ c0=3
DMA IRQ c1=0
DMA IRQ c2=0
DMA IRQ c3=0
SELECT busy=1157
SELECT w0=1152
SELECT w1=752
SELECT w2=773
BUSY TASK ewma=997
DMA IRQ c0=3
DMA IRQ c1=0
DMA IRQ c2=0
DMA IRQ c3=0
SELECT busy=1179
SELECT w0=1173
SELECT w1=763
SELECT w2=785
BUSY TASK ewma=997
DMA IRQ c0=3
DMA IRQ c1=0
DMA IRQ c2=0
DMA IRQ c3=0
SELECT busy=1205
SELECT w0=1200
SELECT w1=778
SELECT w2=800
BUSY TASK ewma=997
DMA IRQ c0=3
DMA IRQ c1=0
DMA IRQ c2=0
DMA IRQ c3=0
SELECT busy=1235
SELECT w0=1229
SELECT w1=795
SELECT w2=822
BUSY TASK ewma=997
DMA IRQ c0=3
DMA IRQ c1=0
DMA IRQ c2=0
DMA IRQ c3=0
SELECT busy=1262
SELECT w0=1256
SELECT w1=809
SELECT w2=837
BUSY TASK ewma=997
DMA IRQ c0=3
DMA IRQ c1=0
DMA IRQ c2=0
DMA IRQ c3=0
SELECT busy=1291
SELECT w0=1286
SELECT w1=825
SELECT w2=855
BUSY TASK ewma=997
DMA IRQ c0=3
DMA IRQ c1=0
DMA IRQ c2=0
DMA IRQ c3=0
SELECT busy=1320
SELECT w0=1315
SELECT w1=843
SELECT w2=871
BUSY TASK ewma=997
DMA IRQ c0=3
DMA IRQ c1=0
DMA IRQ c2=0
DMA IRQ c3=0
SELECT busy=1345
SELECT w0=1339
SELECT w1=853
SELECT w2=880
BUSY TASK ewma=997
DMA IRQ c0=3
DMA IRQ c1=0
DMA IRQ c2=0
DMA IRQ c3=0
SELECT busy=1375
SELECT w0=1370
SELECT w1=870
SELECT w2=900
BUSY TASK ewma=997
DMA IRQ c0=3
DMA IRQ c1=0
DMA IRQ c2=0
DMA IRQ c3=0
SELECT busy=1406
SELECT w0=1401
SELECT w1=888
SELECT w2=919
BUSY TASK ewma=997
DMA IRQ c0=3
DMA IRQ c1=0
DMA IRQ c2=0
DMA IRQ c3=0
SELECT busy=1424
SELECT w0=1420
SELECT w1=898
SELECT w2=930
BUSY TASK ewma=997
DMA IRQ c0=3
DMA IRQ c1=0
DMA IRQ c2=0
DMA IRQ c3=0
SELECT busy=1449
SELECT w0=1443
SELECT w1=909
SELECT w2=946
BUSY TASK ewma=997
DMA IRQ c0=3
DMA IRQ c1=0
DMA IRQ c2=0
DMA IRQ c3=0
SELECT busy=1478
SELECT w0=1474
SELECT w1=927
SELECT w2=960
BUSY TASK ewma=997
DMA IRQ c0=3
DMA IRQ c1=0
DMA IRQ c2=0
DMA IRQ c3=0
SELECT busy=1497
SELECT w0=1492
SELECT w1=939
SELECT w2=970
BUSY TASK ewma=997
DMA IRQ c0=3
DMA IRQ c1=0
DMA IRQ c2=0
DMA IRQ c3=0
SELECT busy=1517
SELECT w0=1511
SELECT w1=951
SELECT w2=981
BUSY TASK ewma=997
DMA IRQ c0=3
DMA IRQ c1=0
DMA IRQ c2=0
DMA IRQ c3=0
SELECT busy=1536
SELECT w0=1531
SELECT w1=963
SELECT w2=994
BUSY TASK ewma=997
DMA IRQ c0=3
DMA IRQ c1=0
DMA IRQ c2=0
DMA IRQ c3=0
SELECT busy=1559
SELECT w0=1553
SELECT w1=976
SELECT w2=1006
BUSY TASK ewma=997
IRQ counts: cpu0=3135 cpu1=3763 cpu2=3758 cpu3=3681
SCHED secondaries: calls=11216 unexpected=0
SECTEST switches=11188 cpu1=37730098,35855737 cpu2=30419125,28114031 cpu3=41524792,40548484
PINGPONG rounds=706 pongs=707
DMA IRQ c0=3
DMA IRQ c1=0
DMA IRQ c2=0
DMA IRQ c3=0
SELECT busy=1585
SELECT w0=1580
SELECT w1=993
SELECT w2=1027
BUSY TASK ewma=997
DMA IRQ c0=3
DMA IRQ c1=0
DMA IRQ c2=0
DMA IRQ c3=0
SELECT busy=1613
SELECT w0=1608
SELECT w1=1013
SELECT w2=1042
BUSY TASK ewma=997
DMA IRQ c0=3
DMA IRQ c1=0
DMA IRQ c2=0
DMA IRQ c3=0
SELECT busy=1643
SELECT w0=1638
SELECT w1=1037
SELECT w2=1061
BUSY TASK ewma=997
DMA IRQ c0=3
DMA IRQ c1=0
DMA IRQ c2=0
DMA IRQ c3=0
SELECT busy=1662
SELECT w0=1657
SELECT w1=1049
SELECT w2=1072
BUSY TASK ewma=997
DMA IRQ c0=3
DMA IRQ c1=0
DMA IRQ c2=0
DMA IRQ c3=0
SELECT busy=1681
SELECT w0=1676
SELECT w1=1061
SELECT w2=1080
BUSY TASK ewma=997
DMA IRQ c0=3
DMA IRQ c1=0
DMA IRQ c2=0
DMA IRQ c3=0
SELECT busy=1706
SELECT w0=1701
SELECT w1=1075
SELECT w2=1096
BUSY TASK ewma=997
DMA IRQ c0=3
DMA IRQ c1=0
DMA IRQ c2=0
DMA IRQ c3=0
SELECT busy=1730
SELECT w0=1724
SELECT w1=1089
SELECT w2=1108
BUSY TASK ewma=997
DMA IRQ c0=3
DMA IRQ c1=0
DMA IRQ c2=0
DMA IRQ c3=0
SELECT busy=1748
SELECT w0=1742
SELECT w1=1097
SELECT w2=1116
BUSY TASK ewma=997
DMA IRQ c0=3
DMA IRQ c1=0
DMA IRQ c2=0
DMA IRQ c3=0
SELECT busy=1762
SELECT w0=1756
SELECT w1=1108
SELECT w2=1122
BUSY TASK ewma=997
DMA IRQ c0=3
DMA IRQ c1=0
DMA IRQ c2=0
DMA IRQ c3=0
SELECT busy=1779
SELECT w0=1773
SELECT w1=1118
SELECT w2=1131
BUSY TASK ewma=997
DMA IRQ c0=3
DMA IRQ c1=0
DMA IRQ c2=0
DMA IRQ c3=0
SELECT busy=1798
SELECT w0=1793
SELECT w1=1126
SELECT w2=1141
BUSY TASK ewma=997
DMA IRQ c0=3
DMA IRQ c1=0
DMA IRQ c2=0
DMA IRQ c3=0
SELECT busy=1821
SELECT w0=1815
SELECT w1=1138
SELECT w2=1151
BUSY TASK ewma=997
DMA IRQ c0=3
DMA IRQ c1=0
DMA IRQ c2=0
DMA IRQ c3=0
SELECT busy=1835
SELECT w0=1829
SELECT w1=1143
SELECT w2=1157
BUSY TASK ewma=997
DMA IRQ c0=3
DMA IRQ c1=0
DMA IRQ c2=0
DMA IRQ c3=0
SELECT busy=1856
SELECT w0=1851
SELECT w1=1157
SELECT w2=1171
BUSY TASK ewma=997
DMA IRQ c0=3
DMA IRQ c1=0
DMA IRQ c2=0
DMA IRQ c3=0
SELECT busy=1877
SELECT w0=1872
SELECT w1=1172
SELECT w2=1183
BUSY TASK ewma=997
DMA IRQ c0=3
DMA IRQ c1=0
DMA IRQ c2=0
DMA IRQ c3=0
SELECT busy=1895
SELECT w0=1889
SELECT w1=1187
SELECT w2=1195
BUSY TASK ewma=997
DMA IRQ c0=3
DMA IRQ c1=0
DMA IRQ c2=0
DMA IRQ c3=0
SELECT busy=1911
SELECT w0=1905
SELECT w1=1197
SELECT w2=1206
BUSY TASK ewma=997
DMA IRQ c0=3
DMA IRQ c1=0
DMA IRQ c2=0
DMA IRQ c3=0
SELECT busy=1931
SELECT w0=1927
SELECT w1=1210
SELECT w2=1221
BUSY TASK ewma=997
DMA IRQ c0=3
DMA IRQ c1=0
DMA IRQ c2=0
DMA IRQ c3=0
SELECT busy=1954
SELECT w0=1949
SELECT w1=1227
SELECT w2=1231
BUSY TASK ewma=997
DMA IRQ c0=3
DMA IRQ c1=0
DMA IRQ c2=0
DMA IRQ c3=0
SELECT busy=1980
SELECT w0=1975
SELECT w1=1238
SELECT w2=1244
BUSY TASK ewma=997
DMA IRQ c0=3
DMA IRQ c1=0
DMA IRQ c2=0
DMA IRQ c3=0
SELECT busy=2008
SELECT w0=2002
SELECT w1=1248
SELECT w2=1252
BUSY TASK ewma=997
DMA IRQ c0=3
DMA IRQ c1=0
DMA IRQ c2=0
DMA IRQ c3=0
SELECT busy=2029
SELECT w0=2023
SELECT w1=1258
SELECT w2=1261
BUSY TASK ewma=997
DMA IRQ c0=3
DMA IRQ c1=0
DMA IRQ c2=0
DMA IRQ c3=0
SELECT busy=2056
SELECT w0=2051
SELECT w1=1274
SELECT w2=1279
BUSY TASK ewma=997
DMA IRQ c0=3
DMA IRQ c1=0
DMA IRQ c2=0
DMA IRQ c3=0
SELECT busy=2080
SELECT w0=2074
SELECT w1=1287
SELECT w2=1287
BUSY TASK ewma=997
DMA IRQ c0=3
DMA IRQ c1=0
DMA IRQ c2=0
DMA IRQ c3=0
SELECT busy=2110
SELECT w0=2106
SELECT w1=1302
SELECT w2=1308
BUSY TASK ewma=997
DMA IRQ c0=3
DMA IRQ c1=0
DMA IRQ c2=0
DMA IRQ c3=0
SELECT busy=2129
SELECT w0=2126
SELECT w1=1316
SELECT w2=1321
BUSY TASK ewma=997
DMA IRQ c0=3
DMA IRQ c1=0
DMA IRQ c2=0
DMA IRQ c3=0
SELECT busy=2155
SELECT w0=2152
SELECT w1=1326
SELECT w2=1333
BUSY TASK ewma=997
DMA IRQ c0=3
DMA IRQ c1=0
DMA IRQ c2=0
DMA IRQ c3=0
SELECT busy=2176
SELECT w0=2170
SELECT w1=1335
SELECT w2=1342
BUSY TASK ewma=997
DMA IRQ c0=3
DMA IRQ c1=0
DMA IRQ c2=0
DMA IRQ c3=0
SELECT busy=2196
SELECT w0=2191
SELECT w1=1343
SELECT w2=1350
BUSY TASK ewma=997
DMA IRQ c0=3
DMA IRQ c1=0
DMA IRQ c2=0
DMA IRQ c3=0
SELECT busy=2220
SELECT w0=2214
SELECT w1=1353
SELECT w2=1361
BUSY TASK ewma=997
DMA IRQ c0=3
DMA IRQ c1=0
DMA IRQ c2=0
DMA IRQ c3=0
SELECT busy=2237
SELECT w0=2231
SELECT w1=1361
SELECT w2=1370
BUSY TASK ewma=997
DMA IRQ c0=3
DMA IRQ c1=0
DMA IRQ c2=0
DMA IRQ c3=0
SELECT busy=2258
SELECT w0=2252
SELECT w1=1373
SELECT w2=1383
BUSY TASK ewma=997
DMA IRQ c0=3
DMA IRQ c1=0
DMA IRQ c2=0
DMA IRQ c3=0
SELECT busy=2286
SELECT w0=2280
SELECT w1=1387
SELECT w2=1398
BUSY TASK ewma=997
DMA IRQ c0=3
DMA IRQ c1=0
DMA IRQ c2=0
DMA IRQ c3=0
SELECT busy=2309
SELECT w0=2304
SELECT w1=1403
SELECT w2=1411
BUSY TASK ewma=997
DMA IRQ c0=3
DMA IRQ c1=0
DMA IRQ c2=0
DMA IRQ c3=0
SELECT busy=2333
SELECT w0=2327
SELECT w1=1416
SELECT w2=1424
BUSY TASK ewma=997
DMA IRQ c0=3
DMA IRQ c1=0
DMA IRQ c2=0
DMA IRQ c3=0
SELECT busy=2351
SELECT w0=2345
SELECT w1=1424
SELECT w2=1434
BUSY TASK ewma=997
DMA IRQ c0=3
DMA IRQ c1=0
DMA IRQ c2=0
DMA IRQ c3=0
SELECT busy=2369
SELECT w0=2363
SELECT w1=1432
SELECT w2=1443
BUSY TASK ewma=997
DMA IRQ c0=3
DMA IRQ c1=0
DMA IRQ c2=0
DMA IRQ c3=0
SELECT busy=2386
SELECT w0=2381
SELECT w1=1441
SELECT w2=1455
BUSY TASK ewma=997
DMA IRQ c0=3
DMA IRQ c1=0
DMA IRQ c2=0
DMA IRQ c3=0
SELECT busy=2402
SELECT w0=2396
SELECT w1=1449
SELECT w2=1465
BUSY TASK ewma=997
DMA IRQ c0=3
DMA IRQ c1=0
DMA IRQ c2=0
DMA IRQ c3=0
SELECT busy=2421
SELECT w0=2415
SELECT w1=1459
SELECT w2=1475
BUSY TASK ewma=997
DMA IRQ c0=3
DMA IRQ c1=0
DMA IRQ c2=0
DMA IRQ c3=0
SELECT busy=2441
SELECT w0=2435
SELECT w1=1469
SELECT w2=1484
BUSY TASK ewma=997
DMA IRQ c0=3
DMA IRQ c1=0
DMA IRQ c2=0
DMA IRQ c3=0
SELECT busy=2457
SELECT w0=2451
SELECT w1=1476
SELECT w2=1491
BUSY TASK ewma=997
DMA IRQ c0=3
DMA IRQ c1=0
DMA IRQ c2=0
DMA IRQ c3=0
SELECT busy=2488
SELECT w0=2483
SELECT w1=1491
SELECT w2=1510
BUSY TASK ewma=997
DMA IRQ c0=3
DMA IRQ c1=0
DMA IRQ c2=0
DMA IRQ c3=0
SELECT busy=2508
SELECT w0=2502
SELECT w1=1502
SELECT w2=1522
BUSY TASK ewma=997
DMA IRQ c0=3
DMA IRQ c1=0
DMA IRQ c2=0
DMA IRQ c3=0
SELECT busy=2526
SELECT w0=2520
SELECT w1=1511
SELECT w2=1530
BUSY TASK ewma=997
DMA IRQ c0=3
DMA IRQ c1=0
DMA IRQ c2=0
DMA IRQ c3=0
SELECT busy=2549
SELECT w0=2543
SELECT w1=1520
SELECT w2=1539
BUSY TASK ewma=997
DMA IRQ c0=3
DMA IRQ c1=0
DMA IRQ c2=0
DMA IRQ c3=0
SELECT busy=2572
SELECT w0=2568
SELECT w1=1534
SELECT w2=1552
BUSY TASK ewma=997
DMA IRQ c0=3
DMA IRQ c1=0
DMA IRQ c2=0
DMA IRQ c3=0
SELECT busy=2600
SELECT w0=2596
SELECT w1=1552
SELECT w2=1570
BUSY TASK ewma=997
DMA IRQ c0=3
DMA IRQ c1=0
DMA IRQ c2=0
DMA IRQ c3=0
SELECT busy=2620
SELECT w0=2615
SELECT w1=1565
SELECT w2=1586
BUSY TASK ewma=997
DMA IRQ c0=3
DMA IRQ c1=0
DMA IRQ c2=0
DMA IRQ c3=0
SELECT busy=2646
SELECT w0=2641
SELECT w1=1580
SELECT w2=1600
BUSY TASK ewma=997
DMA IRQ c0=3
DMA IRQ c1=0
DMA IRQ c2=0
DMA IRQ c3=0
SELECT busy=2667
SELECT w0=2662
SELECT w1=1591
SELECT w2=1613
BUSY TASK ewma=997
DMA IRQ c0=3
DMA IRQ c1=0
DMA IRQ c2=0
DMA IRQ c3=0
SELECT busy=2688
SELECT w0=2683
SELECT w1=1603
SELECT w2=1626
BUSY TASK ewma=997
DMA IRQ c0=3
DMA IRQ c1=0
DMA IRQ c2=0
DMA IRQ c3=0
SELECT busy=2710
SELECT w0=2705
SELECT w1=1615
SELECT w2=1640
BUSY TASK ewma=997
DMA IRQ c0=3
DMA IRQ c1=0
DMA IRQ c2=0
DMA IRQ c3=0
SELECT busy=2741
SELECT w0=2736
SELECT w1=1633
SELECT w2=1657
BUSY TASK ewma=997
DMA IRQ c0=3
DMA IRQ c1=0
DMA IRQ c2=0
DMA IRQ c3=0
SELECT busy=2769
SELECT w0=2764
SELECT w1=1649
SELECT w2=1671
BUSY TASK ewma=997
DMA IRQ c0=3
DMA IRQ c1=0
DMA IRQ c2=0
DMA IRQ c3=0
SELECT busy=2784
SELECT w0=2779
SELECT w1=1657
SELECT w2=1682
BUSY TASK ewma=997
DMA IRQ c0=3
DMA IRQ c1=0
DMA IRQ c2=0
DMA IRQ c3=0
SELECT busy=2803
SELECT w0=2798
SELECT w1=1668
SELECT w2=1692
BUSY TASK ewma=997
DMA IRQ c0=3
DMA IRQ c1=0
DMA IRQ c2=0
DMA IRQ c3=0
SELECT busy=2817
SELECT w0=2811
SELECT w1=1676
SELECT w2=1699
BUSY TASK ewma=997
DMA IRQ c0=3
DMA IRQ c1=0
DMA IRQ c2=0
DMA IRQ c3=0
SELECT busy=2834
SELECT w0=2829
SELECT w1=1688
SELECT w2=1716
BUSY TASK ewma=997
DMA IRQ c0=3
DMA IRQ c1=0
DMA IRQ c2=0
DMA IRQ c3=0
SELECT busy=2857
SELECT w0=2851
SELECT w1=1700
SELECT w2=1731
BUSY TASK ewma=997
DMA IRQ c0=3
DMA IRQ c1=0
DMA IRQ c2=0
DMA IRQ c3=0
SELECT busy=2880
SELECT w0=2875
SELECT w1=1714
SELECT w2=1743
BUSY TASK ewma=997
DMA IRQ c0=3
DMA IRQ c1=0
DMA IRQ c2=0
DMA IRQ c3=0
SELECT busy=2897
SELECT w0=2892
SELECT w1=1725
SELECT w2=1756
BUSY TASK ewma=997
DMA IRQ c0=3
DMA IRQ c1=0
DMA IRQ c2=0
DMA IRQ c3=0
SELECT busy=2919
SELECT w0=2914
SELECT w1=1738
SELECT w2=1769
BUSY TASK ewma=997
DMA IRQ c0=3
DMA IRQ c1=0
DMA IRQ c2=0
DMA IRQ c3=0
SELECT busy=2949
SELECT w0=2944
SELECT w1=1752
SELECT w2=1782
BUSY TASK ewma=997
IRQ counts: cpu0=5919 cpu1=6919 cpu2=6931 cpu3=6978
SCHED secondaries: calls=20846 unexpected=0
SECTEST switches=20838 cpu1=77535024,77030763 cpu2=58894132,56841112 cpu3=84357620,80042244
PINGPONG rounds=1262 pongs=1263
DMA IRQ c0=3
DMA IRQ c1=0
DMA IRQ c2=0
DMA IRQ c3=0
SELECT busy=2987
SELECT w0=2981
SELECT w1=1779
SELECT w2=1814
BUSY TASK ewma=997
DMA IRQ c0=3
DMA IRQ c1=0
DMA IRQ c2=0
DMA IRQ c3=0
SELECT busy=3016
SELECT w0=3013
SELECT w1=1800
SELECT w2=1833
BUSY TASK ewma=997
DMA IRQ c0=3
DMA IRQ c1=0
DMA IRQ c2=0
DMA IRQ c3=0
SELECT busy=3043
SELECT w0=3038
SELECT w1=1814
SELECT w2=1847
BUSY TASK ewma=997
DMA IRQ c0=3
DMA IRQ c1=0
DMA IRQ c2=0
DMA IRQ c3=0
SELECT busy=3059
SELECT w0=3053
SELECT w1=1823
SELECT w2=1856
BUSY TASK ewma=997
DMA IRQ c0=3
DMA IRQ c1=0
DMA IRQ c2=0
DMA IRQ c3=0
SELECT busy=3074
SELECT w0=3069
SELECT w1=1834
SELECT w2=1867
BUSY TASK ewma=997
DMA IRQ c0=3
DMA IRQ c1=0
DMA IRQ c2=0
DMA IRQ c3=0
SELECT busy=3095
SELECT w0=3090
SELECT w1=1847
SELECT w2=1880
BUSY TASK ewma=997
DMA IRQ c0=3
DMA IRQ c1=0
DMA IRQ c2=0
DMA IRQ c3=0
SELECT busy=3115
SELECT w0=3110
SELECT w1=1858
SELECT w2=1890
BUSY TASK ewma=997
DMA IRQ c0=3
DMA IRQ c1=0
DMA IRQ c2=0
DMA IRQ c3=0
SELECT busy=3135
SELECT w0=3130
SELECT w1=1868
SELECT w2=1899
BUSY TASK ewma=997
DMA IRQ c0=3
DMA IRQ c1=0
DMA IRQ c2=0
DMA IRQ c3=0
SELECT busy=3153
SELECT w0=3147
SELECT w1=1879
SELECT w2=1907
BUSY TASK ewma=997
DMA IRQ c0=3
DMA IRQ c1=0
DMA IRQ c2=0
DMA IRQ c3=0
SELECT busy=3173
SELECT w0=3168
SELECT w1=1893
SELECT w2=1920
BUSY TASK ewma=997
DMA IRQ c0=3
DMA IRQ c1=0
DMA IRQ c2=0
DMA IRQ c3=0
SELECT busy=3193
SELECT w0=3188
SELECT w1=1906
SELECT w2=1934
BUSY TASK ewma=997
DMA IRQ c0=3
DMA IRQ c1=0
DMA IRQ c2=0
DMA IRQ c3=0
SELECT busy=3217
SELECT w0=3211
SELECT w1=1918
SELECT w2=1946
BUSY TASK ewma=997
DMA IRQ c0=3
DMA IRQ c1=0
DMA IRQ c2=0
DMA IRQ c3=0
SELECT busy=3238
SELECT w0=3233
SELECT w1=1932
SELECT w2=1959
BUSY TASK ewma=997
DMA IRQ c0=3
DMA IRQ c1=0
DMA IRQ c2=0
DMA IRQ c3=0
SELECT busy=3261
SELECT w0=3256
SELECT w1=1945
SELECT w2=1972
BUSY TASK ewma=997
DMA IRQ c0=3
DMA IRQ c1=0
DMA IRQ c2=0
DMA IRQ c3=0
SELECT busy=3284
SELECT w0=3279
SELECT w1=1958
SELECT w2=1985
BUSY TASK ewma=997
DMA IRQ c0=3
DMA IRQ c1=0
DMA IRQ c2=0
DMA IRQ c3=0
SELECT busy=3308
SELECT w0=3303
SELECT w1=1973
SELECT w2=1999
BUSY TASK ewma=997
DMA IRQ c0=3
DMA IRQ c1=0
DMA IRQ c2=0
DMA IRQ c3=0
SELECT busy=3326
SELECT w0=3321
SELECT w1=1985
SELECT w2=2010
BUSY TASK ewma=997
DMA IRQ c0=3
DMA IRQ c1=0
DMA IRQ c2=0
DMA IRQ c3=0
SELECT busy=3347
SELECT w0=3342
SELECT w1=1999
SELECT w2=2024
BUSY TASK ewma=997
DMA IRQ c0=3
DMA IRQ c1=0
DMA IRQ c2=0
DMA IRQ c3=0
SELECT busy=3365
SELECT w0=3359
SELECT w1=2012
SELECT w2=2036
BUSY TASK ewma=997
DMA IRQ c0=3
DMA IRQ c1=0
DMA IRQ c2=0
DMA IRQ c3=0
SELECT busy=3383
SELECT w0=3377
SELECT w1=2024
SELECT w2=2044
BUSY TASK ewma=997
DMA IRQ c0=3
DMA IRQ c1=0
DMA IRQ c2=0
DMA IRQ c3=0
SELECT busy=3406
SELECT w0=3401
SELECT w1=2035
SELECT w2=2055
BUSY TASK ewma=997
DMA IRQ c0=3
DMA IRQ c1=0
DMA IRQ c2=0
DMA IRQ c3=0
SELECT busy=3425
SELECT w0=3420
SELECT w1=2046
SELECT w2=2067
BUSY TASK ewma=997
DMA IRQ c0=3
DMA IRQ c1=0
DMA IRQ c2=0
DMA IRQ c3=0
SELECT busy=3447
SELECT w0=3442
SELECT w1=2058
SELECT w2=2078
BUSY TASK ewma=997
DMA IRQ c0=3
DMA IRQ c1=0
DMA IRQ c2=0
DMA IRQ c3=0
SELECT busy=3462
SELECT w0=3457
SELECT w1=2068
SELECT w2=2086
BUSY TASK ewma=997
DMA IRQ c0=3
DMA IRQ c1=0
DMA IRQ c2=0
DMA IRQ c3=0
SELECT busy=3484
SELECT w0=3479
SELECT w1=2082
SELECT w2=2098
BUSY TASK ewma=997
DMA IRQ c0=3
DMA IRQ c1=0
DMA IRQ c2=0
DMA IRQ c3=0
SELECT busy=3502
SELECT w0=3497
SELECT w1=2094
SELECT w2=2106
BUSY TASK ewma=997
DMA IRQ c0=3
DMA IRQ c1=0
DMA IRQ c2=0
DMA IRQ c3=0
SELECT busy=3535
SELECT w0=3530
SELECT w1=2112
SELECT w2=2126
BUSY TASK ewma=997
DMA IRQ c0=3
DMA IRQ c1=0
DMA IRQ c2=0
DMA IRQ c3=0
SELECT busy=3571
SELECT w0=3565
SELECT w1=2133
SELECT w2=2146
BUSY TASK ewma=997
DMA IRQ c0=3
DMA IRQ c1=0
DMA IRQ c2=0
DMA IRQ c3=0
SELECT busy=3594
SELECT w0=3589
SELECT w1=2146
SELECT w2=2162
BUSY TASK ewma=997
DMA IRQ c0=3
DMA IRQ c1=0
DMA IRQ c2=0
DMA IRQ c3=0
SELECT busy=3617
SELECT w0=3611
SELECT w1=2160
SELECT w2=2173
BUSY TASK ewma=997
DMA IRQ c0=3
DMA IRQ c1=0
DMA IRQ c2=0
DMA IRQ c3=0
SELECT busy=3642
SELECT w0=3637
SELECT w1=2173
SELECT w2=2187
BUSY TASK ewma=997
DMA IRQ c0=3
DMA IRQ c1=0
DMA IRQ c2=0
DMA IRQ c3=0
SELECT busy=3673
SELECT w0=3667
SELECT w1=2188
SELECT w2=2201
BUSY TASK ewma=997
DMA IRQ c0=3
DMA IRQ c1=0
DMA IRQ c2=0
DMA IRQ c3=0
SELECT busy=3700
SELECT w0=3695
SELECT w1=2199
SELECT w2=2217
BUSY TASK ewma=997
DMA IRQ c0=3
DMA IRQ c1=0
DMA IRQ c2=0
DMA IRQ c3=0
SELECT busy=3723
SELECT w0=3717
SELECT w1=2210
SELECT w2=2230
BUSY TASK ewma=997
DMA IRQ c0=3
DMA IRQ c1=0
DMA IRQ c2=0
DMA IRQ c3=0
SELECT busy=3751
SELECT w0=3746
SELECT w1=2229
SELECT w2=2249
BUSY TASK ewma=997
DMA IRQ c0=3
DMA IRQ c1=0
DMA IRQ c2=0
DMA IRQ c3=0
SELECT busy=3779
SELECT w0=3773
SELECT w1=2247
SELECT w2=2264
BUSY TASK ewma=997
DMA IRQ c0=3
DMA IRQ c1=0
DMA IRQ c2=0
DMA IRQ c3=0
SELECT busy=3808
SELECT w0=3804
SELECT w1=2262
SELECT w2=2279
BUSY TASK ewma=997
DMA IRQ c0=3
DMA IRQ c1=0
DMA IRQ c2=0
DMA IRQ c3=0
SELECT busy=3832
SELECT w0=3826
SELECT w1=2278
SELECT w2=2292
BUSY TASK ewma=997
DMA IRQ c0=3
DMA IRQ c1=0
DMA IRQ c2=0
DMA IRQ c3=0
SELECT busy=3853
SELECT w0=3847
SELECT w1=2286
SELECT w2=2299
BUSY TASK ewma=997
DMA IRQ c0=3
DMA IRQ c1=0
DMA IRQ c2=0
DMA IRQ c3=0
SELECT busy=3878
SELECT w0=3873
SELECT w1=2301
SELECT w2=2314
BUSY TASK ewma=997
DMA IRQ c0=3
DMA IRQ c1=0
DMA IRQ c2=0
DMA IRQ c3=0
SELECT busy=3906
SELECT w0=3901
SELECT w1=2314
SELECT w2=2327
BUSY TASK ewma=997
DMA IRQ c0=3
DMA IRQ c1=0
DMA IRQ c2=0
DMA IRQ c3=0
SELECT busy=3937
SELECT w0=3932
SELECT w1=2332
SELECT w2=2342
BUSY TASK ewma=997
DMA IRQ c0=3
DMA IRQ c1=0
DMA IRQ c2=0
DMA IRQ c3=0
SELECT busy=3964
SELECT w0=3959
SELECT w1=2346
SELECT w2=2361
BUSY TASK ewma=997
DMA IRQ c0=3
DMA IRQ c1=0
DMA IRQ c2=0
DMA IRQ c3=0
SELECT busy=3988
SELECT w0=3983
SELECT w1=2363
SELECT w2=2376
BUSY TASK ewma=997
DMA IRQ c0=3
DMA IRQ c1=0
DMA IRQ c2=0
DMA IRQ c3=0
SELECT busy=4014
SELECT w0=4009
SELECT w1=2379
SELECT w2=2389
BUSY TASK ewma=997
DMA IRQ c0=3
DMA IRQ c1=0
DMA IRQ c2=0
DMA IRQ c3=0
SELECT busy=4047
SELECT w0=4041
SELECT w1=2396
SELECT w2=2406
BUSY TASK ewma=997
DMA IRQ c0=3
DMA IRQ c1=0
DMA IRQ c2=0
DMA IRQ c3=0
SELECT busy=4062
SELECT w0=4057
SELECT w1=2405
SELECT w2=2416
BUSY TASK ewma=997
DMA IRQ c0=3
DMA IRQ c1=0
DMA IRQ c2=0
DMA IRQ c3=0
SELECT busy=4082
SELECT w0=4076
SELECT w1=2414
SELECT w2=2429
BUSY TASK ewma=997
DMA IRQ c0=3
DMA IRQ c1=0
DMA IRQ c2=0
DMA IRQ c3=0
SELECT busy=4108
SELECT w0=4102
SELECT w1=2431
SELECT w2=2451
BUSY TASK ewma=997
DMA IRQ c0=3
DMA IRQ c1=0
DMA IRQ c2=0
DMA IRQ c3=0
SELECT busy=4125
SELECT w0=4120
SELECT w1=2438
SELECT w2=2458
BUSY TASK ewma=997
DMA IRQ c0=3
DMA IRQ c1=0
DMA IRQ c2=0
DMA IRQ c3=0
SELECT busy=4146
SELECT w0=4140
SELECT w1=2447
SELECT w2=2466
BUSY TASK ewma=997
DMA IRQ c0=3
DMA IRQ c1=0
DMA IRQ c2=0
DMA IRQ c3=0
SELECT busy=4169
SELECT w0=4163
SELECT w1=2462
SELECT w2=2483
BUSY TASK ewma=997
DMA IRQ c0=3
DMA IRQ c1=0
DMA IRQ c2=0
DMA IRQ c3=0
SELECT busy=4188
SELECT w0=4183
SELECT w1=2469
SELECT w2=2492
BUSY TASK ewma=997
DMA IRQ c0=3
DMA IRQ c1=0
DMA IRQ c2=0
DMA IRQ c3=0
SELECT busy=4216
SELECT w0=4211
SELECT w1=2486
SELECT w2=2510
BUSY TASK ewma=997
DMA IRQ c0=3
DMA IRQ c1=0
DMA IRQ c2=0
DMA IRQ c3=0
SELECT busy=4234
SELECT w0=4228
SELECT w1=2496
SELECT w2=2519
BUSY TASK ewma=997
DMA IRQ c0=3
DMA IRQ c1=0
DMA IRQ c2=0
DMA IRQ c3=0
SELECT busy=4250
SELECT w0=4244
SELECT w1=2505
SELECT w2=2528
BUSY TASK ewma=997
DMA IRQ c0=3
DMA IRQ c1=0
DMA IRQ c2=0
DMA IRQ c3=0
SELECT busy=4277
SELECT w0=4272
SELECT w1=2518
SELECT w2=2541
BUSY TASK ewma=997
DMA IRQ c0=3
DMA IRQ c1=0
DMA IRQ c2=0
DMA IRQ c3=0
SELECT busy=4293
SELECT w0=4288
SELECT w1=2529
SELECT w2=2553
BUSY TASK ewma=997
DMA IRQ c0=3
DMA IRQ c1=0
DMA IRQ c2=0
DMA IRQ c3=0
SELECT busy=4315
SELECT w0=4310
SELECT w1=2542
SELECT w2=2570
BUSY TASK ewma=997
DMA IRQ c0=3
DMA IRQ c1=0
DMA IRQ c2=0
DMA IRQ c3=0
SELECT busy=4338
SELECT w0=4332
SELECT w1=2555
SELECT w2=2585
BUSY TASK ewma=997
DMA IRQ c0=3
DMA IRQ c1=0
DMA IRQ c2=0
DMA IRQ c3=0
SELECT busy=4361
SELECT w0=4356
SELECT w1=2572
SELECT w2=2608
BUSY TASK ewma=997
DMA IRQ c0=3
DMA IRQ c1=0
DMA IRQ c2=0
DMA IRQ c3=0
SELECT busy=4392
SELECT w0=4387
SELECT w1=2591
SELECT w2=2628
BUSY TASK ewma=997
DMA IRQ c0=3
DMA IRQ c1=0
DMA IRQ c2=0
DMA IRQ c3=0
SELECT busy=4412
SELECT w0=4407
SELECT w1=2605
SELECT w2=2641
BUSY TASK ewma=997
DMA IRQ c0=3
DMA IRQ c1=0
DMA IRQ c2=0
DMA IRQ c3=0
SELECT busy=4436
SELECT w0=4430
SELECT w1=2623
SELECT w2=2652
BUSY TASK ewma=997
IRQ counts: cpu0=8905 cpu1=10503 cpu2=10499 cpu3=10666
SCHED secondaries: calls=31667 unexpected=0
SECTEST switches=31633 cpu1=117731789,117637179 cpu2=94316557,88269967 cpu3=129023121,121596498
PINGPONG rounds=1837 pongs=1838
DMA IRQ c0=3
DMA IRQ c1=0
DMA IRQ c2=0
DMA IRQ c3=0
SELECT busy=4468
SELECT w0=4463
SELECT w1=2644
SELECT w2=2675
BUSY TASK ewma=997
DMA IRQ c0=3
DMA IRQ c1=0
DMA IRQ c2=0
DMA IRQ c3=0
SELECT busy=4499
SELECT w0=4494
SELECT w1=2669
SELECT w2=2697
BUSY TASK ewma=997
DMA IRQ c0=3
DMA IRQ c1=0
DMA IRQ c2=0
DMA IRQ c3=0
SELECT busy=4520
SELECT w0=4515
SELECT w1=2683
SELECT w2=2711
BUSY TASK ewma=997
DMA IRQ c0=3
DMA IRQ c1=0
DMA IRQ c2=0
DMA IRQ c3=0
SELECT busy=4540
SELECT w0=4535
SELECT w1=2696
SELECT w2=2724
BUSY TASK ewma=997
DMA IRQ c0=3
DMA IRQ c1=0
DMA IRQ c2=0
DMA IRQ c3=0
SELECT busy=4560
SELECT w0=4555
SELECT w1=2710
SELECT w2=2736
BUSY TASK ewma=997
DMA IRQ c0=3
DMA IRQ c1=0
DMA IRQ c2=0
DMA IRQ c3=0
SELECT busy=4591
SELECT w0=4586
SELECT w1=2725
SELECT w2=2751
BUSY TASK ewma=997
DMA IRQ c0=3
DMA IRQ c1=0
DMA IRQ c2=0
DMA IRQ c3=0
SELECT busy=4609
SELECT w0=4604
SELECT w1=2735
SELECT w2=2761
BUSY TASK ewma=997
DMA IRQ c0=3
DMA IRQ c1=0
DMA IRQ c2=0
DMA IRQ c3=0
SELECT busy=4640
SELECT w0=4634
SELECT w1=2753
SELECT w2=2774
BUSY TASK ewma=997
DMA IRQ c0=3
DMA IRQ c1=0
DMA IRQ c2=0
DMA IRQ c3=0
SELECT busy=4668
SELECT w0=4662
SELECT w1=2767
SELECT w2=2790
BUSY TASK ewma=997
DMA IRQ c0=3
DMA IRQ c1=0
DMA IRQ c2=0
DMA IRQ c3=0
SELECT busy=4703
SELECT w0=4699
SELECT w1=2788
SELECT w2=2810
BUSY TASK ewma=997
DMA IRQ c0=3
DMA IRQ c1=0
DMA IRQ c2=0
DMA IRQ c3=0
SELECT busy=4734
SELECT w0=4729
SELECT w1=2811
SELECT w2=2828
BUSY TASK ewma=997
DMA IRQ c0=3
DMA IRQ c1=0
DMA IRQ c2=0
DMA IRQ c3=0
SELECT busy=4763
SELECT w0=4758
SELECT w1=2832
SELECT w2=2851
BUSY TASK ewma=997
DMA IRQ c0=3
DMA IRQ c1=0
DMA IRQ c2=0
DMA IRQ c3=0
SELECT busy=4803
SELECT w0=4798
SELECT w1=2853
SELECT w2=2873
BUSY TASK ewma=997
DMA IRQ c0=3
DMA IRQ c1=0
DMA IRQ c2=0
DMA IRQ c3=0
SELECT busy=4825
SELECT w0=4820
SELECT w1=2868
SELECT w2=2886
BUSY TASK ewma=997
DMA IRQ c0=3
DMA IRQ c1=0
DMA IRQ c2=0
DMA IRQ c3=0
SELECT busy=4851
SELECT w0=4845
SELECT w1=2884
SELECT w2=2900
BUSY TASK ewma=997
DMA IRQ c0=3
DMA IRQ c1=0
DMA IRQ c2=0
DMA IRQ c3=0
SELECT busy=4870
SELECT w0=4865
SELECT w1=2898
SELECT w2=2911
BUSY TASK ewma=997
DMA IRQ c0=3
DMA IRQ c1=0
DMA IRQ c2=0
DMA IRQ c3=0
SELECT busy=4897
SELECT w0=4892
SELECT w1=2912
SELECT w2=2925
BUSY TASK ewma=997
DMA IRQ c0=3
DMA IRQ c1=0
DMA IRQ c2=0
DMA IRQ c3=0
SELECT busy=4921
SELECT w0=4916
SELECT w1=2923
SELECT w2=2938
BUSY TASK ewma=997
DMA IRQ c0=3
DMA IRQ c1=0
DMA IRQ c2=0
DMA IRQ c3=0
SELECT busy=4944
SELECT w0=4939
SELECT w1=2936
SELECT w2=2952
BUSY TASK ewma=997
DMA IRQ c0=3
DMA IRQ c1=0
DMA IRQ c2=0
DMA IRQ c3=0
SELECT busy=4963
SELECT w0=4957
SELECT w1=2944
SELECT w2=2960
BUSY TASK ewma=997
DMA IRQ c0=3
DMA IRQ c1=0
DMA IRQ c2=0
DMA IRQ c3=0
SELECT busy=4985
SELECT w0=4979
SELECT w1=2952
SELECT w2=2972
BUSY TASK ewma=997
DMA IRQ c0=3
DMA IRQ c1=0
DMA IRQ c2=0
DMA IRQ c3=0
SELECT busy=5000
SELECT w0=4994
SELECT w1=2958
SELECT w2=2981
BUSY TASK ewma=997
DMA IRQ c0=3
DMA IRQ c1=0
DMA IRQ c2=0
DMA IRQ c3=0
SELECT busy=5018
SELECT w0=5012
SELECT w1=2966
SELECT w2=2990
BUSY TASK ewma=997
DMA IRQ c0=3
DMA IRQ c1=0
DMA IRQ c2=0
DMA IRQ c3=0
SELECT busy=5038
SELECT w0=5032
SELECT w1=2973
SELECT w2=2999
BUSY TASK ewma=997
DMA IRQ c0=3
DMA IRQ c1=0
DMA IRQ c2=0
DMA IRQ c3=0
SELECT busy=5061
SELECT w0=5056
SELECT w1=2982
SELECT w2=3014
BUSY TASK ewma=997
DMA IRQ c0=3
DMA IRQ c1=0
DMA IRQ c2=0
DMA IRQ c3=0
SELECT busy=5082
SELECT w0=5077
SELECT w1=2993
SELECT w2=3030
BUSY TASK ewma=997
DMA IRQ c0=3
DMA IRQ c1=0
DMA IRQ c2=0
DMA IRQ c3=0
SELECT busy=5110
SELECT w0=5105
SELECT w1=3007
SELECT w2=3046
BUSY TASK ewma=997
DMA IRQ c0=3
DMA IRQ c1=0
DMA IRQ c2=0
DMA IRQ c3=0
SELECT busy=5138
SELECT w0=5133
SELECT w1=3022
SELECT w2=3064
BUSY TASK ewma=997
DMA IRQ c0=3
DMA IRQ c1=0
DMA IRQ c2=0
DMA IRQ c3=0
SELECT busy=5158
SELECT w0=5152
SELECT w1=3031
SELECT w2=3074
BUSY TASK ewma=997
DMA IRQ c0=3
DMA IRQ c1=0
DMA IRQ c2=0
DMA IRQ c3=0
SELECT busy=5179
SELECT w0=5173
SELECT w1=3039
SELECT w2=3086
BUSY TASK ewma=997
DMA IRQ c0=3
DMA IRQ c1=0
DMA IRQ c2=0
DMA IRQ c3=0
SELECT busy=5200
SELECT w0=5195
SELECT w1=3049
SELECT w2=3098
BUSY TASK ewma=997
DMA IRQ c0=3
DMA IRQ c1=0
DMA IRQ c2=0
DMA IRQ c3=0
SELECT busy=5230
SELECT w0=5224
SELECT w1=3068
SELECT w2=3112
BUSY TASK ewma=997
DMA IRQ c0=3
DMA IRQ c1=0
DMA IRQ c2=0
DMA IRQ c3=0
SELECT busy=5255
SELECT w0=5250
SELECT w1=3077
SELECT w2=3126
BUSY TASK ewma=997
DMA IRQ c0=3
DMA IRQ c1=0
DMA IRQ c2=0
DMA IRQ c3=0
SELECT busy=5281
SELECT w0=5275
SELECT w1=3086
SELECT w2=3137
BUSY TASK ewma=997
DMA IRQ c0=3
DMA IRQ c1=0
DMA IRQ c2=0
DMA IRQ c3=0
SELECT busy=5303
SELECT w0=5298
SELECT w1=3100
SELECT w2=3153
BUSY TASK ewma=997
DMA IRQ c0=3
DMA IRQ c1=0
DMA IRQ c2=0
DMA IRQ c3=0
SELECT busy=5333
SELECT w0=5328
SELECT w1=3113
SELECT w2=3168
BUSY TASK ewma=997
DMA IRQ c0=3
DMA IRQ c1=0
DMA IRQ c2=0
DMA IRQ c3=0
SELECT busy=5355
SELECT w0=5349
SELECT w1=3123
SELECT w2=3181
BUSY TASK ewma=997
DMA IRQ c0=3
DMA IRQ c1=0
DMA IRQ c2=0
DMA IRQ c3=0
SELECT busy=5376
SELECT w0=5370
SELECT w1=3134
SELECT w2=3192
BUSY TASK ewma=997
DMA IRQ c0=3
DMA IRQ c1=0
DMA IRQ c2=0
DMA IRQ c3=0
SELECT busy=5408
SELECT w0=5405
SELECT w1=3149
SELECT w2=3213
BUSY TASK ewma=997
DMA IRQ c0=3
DMA IRQ c1=0
DMA IRQ c2=0
DMA IRQ c3=0
SELECT busy=5440
SELECT w0=5435
SELECT w1=3163
SELECT w2=3230
BUSY TASK ewma=997
DMA IRQ c0=3
DMA IRQ c1=0
DMA IRQ c2=0
DMA IRQ c3=0
SELECT busy=5457
SELECT w0=5452
SELECT w1=3171
SELECT w2=3240
BUSY TASK ewma=997
DMA IRQ c0=3
DMA IRQ c1=0
DMA IRQ c2=0
DMA IRQ c3=0
SELECT busy=5476
SELECT w0=5471
SELECT w1=3181
SELECT w2=3250
BUSY TASK ewma=997
DMA IRQ c0=3
DMA IRQ c1=0
DMA IRQ c2=0
DMA IRQ c3=0
SELECT busy=5494
SELECT w0=5488
SELECT w1=3188
SELECT w2=3261
BUSY TASK ewma=997
DMA IRQ c0=3
DMA IRQ c1=0
DMA IRQ c2=0
DMA IRQ c3=0
SELECT busy=5513
SELECT w0=5508
SELECT w1=3200
SELECT w2=3275
BUSY TASK ewma=997
DMA IRQ c0=3
DMA IRQ c1=0
DMA IRQ c2=0
DMA IRQ c3=0
SELECT busy=5539
SELECT w0=5533
SELECT w1=3213
SELECT w2=3287
BUSY TASK ewma=997
DMA IRQ c0=3
DMA IRQ c1=0
DMA IRQ c2=0
DMA IRQ c3=0
SELECT busy=5568
SELECT w0=5564
SELECT w1=3225
SELECT w2=3303
BUSY TASK ewma=997
DMA IRQ c0=3
DMA IRQ c1=0
DMA IRQ c2=0
DMA IRQ c3=0
SELECT busy=5593
SELECT w0=5587
SELECT w1=3234
SELECT w2=3315
BUSY TASK ewma=997
DMA IRQ c0=3
DMA IRQ c1=0
DMA IRQ c2=0
DMA IRQ c3=0
SELECT busy=5614
SELECT w0=5609
SELECT w1=3246
SELECT w2=3331
BUSY TASK ewma=997
DMA IRQ c0=3
DMA IRQ c1=0
DMA IRQ c2=0
DMA IRQ c3=0
SELECT busy=5637
SELECT w0=5632
SELECT w1=3258
SELECT w2=3344
BUSY TASK ewma=997
DMA IRQ c0=3
DMA IRQ c1=0
DMA IRQ c2=0
DMA IRQ c3=0
SELECT busy=5664
SELECT w0=5658
SELECT w1=3272
SELECT w2=3362
BUSY TASK ewma=997
DMA IRQ c0=3
DMA IRQ c1=0
DMA IRQ c2=0
DMA IRQ c3=0
SELECT busy=5689
SELECT w0=5685
SELECT w1=3287
SELECT w2=3380
BUSY TASK ewma=997
DMA IRQ c0=3
DMA IRQ c1=0
DMA IRQ c2=0
DMA IRQ c3=0
SELECT busy=5715
SELECT w0=5709
SELECT w1=3298
SELECT w2=3391
BUSY TASK ewma=997
DMA IRQ c0=3
DMA IRQ c1=0
DMA IRQ c2=0
DMA IRQ c3=0
SELECT busy=5748
SELECT w0=5742
SELECT w1=3313
SELECT w2=3413
BUSY TASK ewma=997
DMA IRQ c0=3
DMA IRQ c1=0
DMA IRQ c2=0
DMA IRQ c3=0
SELECT busy=5779
SELECT w0=5773
SELECT w1=3329
SELECT w2=3430
BUSY TASK ewma=997
DMA IRQ c0=3
DMA IRQ c1=0
DMA IRQ c2=0
DMA IRQ c3=0
SELECT busy=5797
SELECT w0=5792
SELECT w1=3338
SELECT w2=3446
BUSY TASK ewma=997
DMA IRQ c0=3
DMA IRQ c1=0
DMA IRQ c2=0
DMA IRQ c3=0
SELECT busy=5834
SELECT w0=5829
SELECT w1=3355
SELECT w2=3466
BUSY TASK ewma=997
DMA IRQ c0=3
DMA IRQ c1=0
DMA IRQ c2=0
DMA IRQ c3=0
SELECT busy=5853
SELECT w0=5848
SELECT w1=3365
SELECT w2=3478
BUSY TASK ewma=997
DMA IRQ c0=3
DMA IRQ c1=0
DMA IRQ c2=0
DMA IRQ c3=0
SELECT busy=5877
SELECT w0=5872
SELECT w1=3377
SELECT w2=3494
BUSY TASK ewma=997
DMA IRQ c0=3
DMA IRQ c1=0
DMA IRQ c2=0
DMA IRQ c3=0
SELECT busy=5899
SELECT w0=5894
SELECT w1=3387
SELECT w2=3507
BUSY TASK ewma=997
DMA IRQ c0=3
DMA IRQ c1=0
DMA IRQ c2=0
DMA IRQ c3=0
SELECT busy=5920
SELECT w0=5915
SELECT w1=3397
SELECT w2=3517
BUSY TASK ewma=997
DMA IRQ c0=3
DMA IRQ c1=0
DMA IRQ c2=0
DMA IRQ c3=0
SELECT busy=5943
SELECT w0=5938
SELECT w1=3407
SELECT w2=3534
BUSY TASK ewma=997
DMA IRQ c0=3
DMA IRQ c1=0
DMA IRQ c2=0
DMA IRQ c3=0
SELECT busy=5957
SELECT w0=5952
SELECT w1=3414
SELECT w2=3543
BUSY TASK ewma=997
DMA IRQ c0=3
DMA IRQ c1=0
DMA IRQ c2=0
DMA IRQ c3=0
SELECT busy=5975
SELECT w0=5970
SELECT w1=3423
SELECT w2=3560
BUSY TASK ewma=997
DMA IRQ c0=3
DMA IRQ c1=0
DMA IRQ c2=0
DMA IRQ c3=0
SELECT busy=5995
SELECT w0=5990
SELECT w1=3431
SELECT w2=3572
BUSY TASK ewma=997
IRQ counts: cpu0=12019 cpu1=14285 cpu2=14192 cpu3=14377
SCHED secondaries: calls=42855 unexpected=0
SECTEST switches=42814 cpu1=153709726,152925847 cpu2=125272296,120351585 cpu3=177095617,163352142
PINGPONG rounds=2000 pongs=2000
DMA IRQ c0=3
DMA IRQ c1=0
DMA IRQ c2=0
DMA IRQ c3=0
SELECT busy=6018
SELECT w0=6012
SELECT w1=3439
SELECT w2=3582
BUSY TASK ewma=997
DMA IRQ c0=3
DMA IRQ c1=0
DMA IRQ c2=0
DMA IRQ c3=0
SELECT busy=6041
SELECT w0=6036
SELECT w1=3450
SELECT w2=3598
BUSY TASK ewma=997
DMA IRQ c0=3
DMA IRQ c1=0
DMA IRQ c2=0
DMA IRQ c3=0
SELECT busy=6066
SELECT w0=6061
SELECT w1=3463
SELECT w2=3612
BUSY TASK ewma=997
DMA IRQ c0=3
DMA IRQ c1=0
DMA IRQ c2=0
DMA IRQ c3=0
SELECT busy=6086
SELECT w0=6080
SELECT w1=3469
SELECT w2=3621
BUSY TASK ewma=997
DMA IRQ c0=3
DMA IRQ c1=0
DMA IRQ c2=0
DMA IRQ c3=0
SELECT busy=6107
SELECT w0=6102
SELECT w1=3479
SELECT w2=3637
BUSY TASK ewma=997
DMA IRQ c0=3
DMA IRQ c1=0
DMA IRQ c2=0
DMA IRQ c3=0
SELECT busy=6128
SELECT w0=6122
SELECT w1=3488
SELECT w2=3648
BUSY TASK ewma=997
DMA IRQ c0=3
DMA IRQ c1=0
DMA IRQ c2=0
DMA IRQ c3=0
SELECT busy=6146
SELECT w0=6140
SELECT w1=3493
SELECT w2=3654
BUSY TASK ewma=997
DMA IRQ c0=3
DMA IRQ c1=0
DMA IRQ c2=0
DMA IRQ c3=0
SELECT busy=6167
SELECT w0=6162
SELECT w1=3504
SELECT w2=3667
BUSY TASK ewma=997
DMA IRQ c0=3
DMA IRQ c1=0
DMA IRQ c2=0
DMA IRQ c3=0
SELECT busy=6190
SELECT w0=6184
SELECT w1=3512
SELECT w2=3680
BUSY TASK ewma=997
DMA IRQ c0=3
DMA IRQ c1=0
DMA IRQ c2=0
DMA IRQ c3=0
SELECT busy=6208
SELECT w0=6206
SELECT w1=3521
SELECT w2=3692
BUSY TASK ewma=997
DMA IRQ c0=3
DMA IRQ c1=0
DMA IRQ c2=0
DMA IRQ c3=0
SELECT busy=6230
SELECT w0=6224
SELECT w1=3528
SELECT w2=3700
BUSY TASK ewma=997
DMA IRQ c0=3
DMA IRQ c1=0
DMA IRQ c2=0
DMA IRQ c3=0
SELECT busy=6252
SELECT w0=6246
SELECT w1=3537
SELECT w2=3711
BUSY TASK ewma=997
DMA IRQ c0=3
DMA IRQ c1=0
DMA IRQ c2=0
DMA IRQ c3=0
SELECT busy=6273
SELECT w0=6267
SELECT w1=3545
SELECT w2=3721
BUSY TASK ewma=997
DMA IRQ c0=3
DMA IRQ c1=0
DMA IRQ c2=0
DMA IRQ c3=0
SELECT busy=6290
SELECT w0=6284
SELECT w1=3551
SELECT w2=3731
BUSY TASK ewma=997
DMA IRQ c0=3
DMA IRQ c1=0
DMA IRQ c2=0
DMA IRQ c3=0
SELECT busy=6315
SELECT w0=6310
SELECT w1=3563
SELECT w2=3746
BUSY TASK ewma=997
DMA IRQ c0=3
DMA IRQ c1=0
DMA IRQ c2=0
DMA IRQ c3=0
SELECT busy=6334
SELECT w0=6329
SELECT w1=3573
SELECT w2=3763
BUSY TASK ewma=997
DMA IRQ c0=3
DMA IRQ c1=0
DMA IRQ c2=0
DMA IRQ c3=0
SELECT busy=6355
SELECT w0=6352
SELECT w1=3587
SELECT w2=3776
BUSY TASK ewma=997
DMA IRQ c0=3
DMA IRQ c1=0
DMA IRQ c2=0
DMA IRQ c3=0
SELECT busy=6386
SELECT w0=6382
SELECT w1=3603
SELECT w2=3793
BUSY TASK ewma=997
DMA IRQ c0=3
DMA IRQ c1=0
DMA IRQ c2=0
DMA IRQ c3=0
SELECT busy=6406
SELECT w0=6401
SELECT w1=3614
SELECT w2=3805
BUSY TASK ewma=997
DMA IRQ c0=3
DMA IRQ c1=0
DMA IRQ c2=0
DMA IRQ c3=0
SELECT busy=6426
SELECT w0=6420
SELECT w1=3625
SELECT w2=3816
BUSY TASK ewma=997
DMA IRQ c0=3
DMA IRQ c1=0
DMA IRQ c2=0
DMA IRQ c3=0
SELECT busy=6447
SELECT w0=6441
SELECT w1=3631
SELECT w2=3824
BUSY TASK ewma=997
DMA IRQ c0=3
DMA IRQ c1=0
DMA IRQ c2=0
DMA IRQ c3=0
SELECT busy=6465
SELECT w0=6459
SELECT w1=3638
SELECT w2=3832
BUSY TASK ewma=997
DMA IRQ c0=3
DMA IRQ c1=0
DMA IRQ c2=0
DMA IRQ c3=0
SELECT busy=6487
SELECT w0=6482
SELECT w1=3647
SELECT w2=3846
BUSY TASK ewma=997
DMA IRQ c0=3
DMA IRQ c1=0
DMA IRQ c2=0
DMA IRQ c3=0
SELECT busy=6510
SELECT w0=6505
SELECT w1=3658
SELECT w2=3859
BUSY TASK ewma=997
DMA IRQ c0=3
DMA IRQ c1=0
DMA IRQ c2=0
DMA IRQ c3=0
SELECT busy=6531
SELECT w0=6525
SELECT w1=3666
SELECT w2=3868
BUSY TASK ewma=997
DMA IRQ c0=3
DMA IRQ c1=0
DMA IRQ c2=0
DMA IRQ c3=0
SELECT busy=6549
SELECT w0=6543
SELECT w1=3675
SELECT w2=3879
BUSY TASK ewma=997
DMA IRQ c0=3
DMA IRQ c1=0
DMA IRQ c2=0
DMA IRQ c3=0
SELECT busy=6566
SELECT w0=6560
SELECT w1=3682
SELECT w2=3890
BUSY TASK ewma=997
DMA IRQ c0=3
DMA IRQ c1=0
DMA IRQ c2=0
DMA IRQ c3=0
SELECT busy=6590
SELECT w0=6585
SELECT w1=3693
SELECT w2=3903
BUSY TASK ewma=997
DMA IRQ c0=3
DMA IRQ c1=0
DMA IRQ c2=0
DMA IRQ c3=0
SELECT busy=6617
SELECT w0=6611
SELECT w1=3704
SELECT w2=3916
BUSY TASK ewma=997
DMA IRQ c0=3
DMA IRQ c1=0
DMA IRQ c2=0
DMA IRQ c3=0
SELECT busy=6638
SELECT w0=6632
SELECT w1=3711
SELECT w2=3925
BUSY TASK ewma=997
DMA IRQ c0=3
DMA IRQ c1=0
DMA IRQ c2=0
DMA IRQ c3=0
SELECT busy=6654
SELECT w0=6648
SELECT w1=3722
SELECT w2=3934
BUSY TASK ewma=997
DMA IRQ c0=3
DMA IRQ c1=0
DMA IRQ c2=0
DMA IRQ c3=0
SELECT busy=6680
SELECT w0=6675
SELECT w1=3737
SELECT w2=3951
BUSY TASK ewma=997
DMA IRQ c0=3
DMA IRQ c1=0
DMA IRQ c2=0
DMA IRQ c3=0
SELECT busy=6705
SELECT w0=6701
SELECT w1=3748
SELECT w2=3967
BUSY TASK ewma=997
DMA IRQ c0=3
DMA IRQ c1=0
DMA IRQ c2=0
DMA IRQ c3=0
SELECT busy=6729
SELECT w0=6724
SELECT w1=3757
SELECT w2=3978
BUSY TASK ewma=997
DMA IRQ c0=3
DMA IRQ c1=0
DMA IRQ c2=0
DMA IRQ c3=0
SELECT busy=6752
SELECT w0=6747
SELECT w1=3769
SELECT w2=3994
BUSY TASK ewma=997
DMA IRQ c0=3
DMA IRQ c1=0
DMA IRQ c2=0
DMA IRQ c3=0
SELECT busy=6773
SELECT w0=6768
SELECT w1=3777
SELECT w2=4005
BUSY TASK ewma=997
DMA IRQ c0=3
DMA IRQ c1=0
DMA IRQ c2=0
DMA IRQ c3=0
SELECT busy=6792
SELECT w0=6786
SELECT w1=3786
SELECT w2=4014
BUSY TASK ewma=997
DMA IRQ c0=3
DMA IRQ c1=0
DMA IRQ c2=0
DMA IRQ c3=0
SELECT busy=6828
SELECT w0=6823
SELECT w1=3808
SELECT w2=4039
BUSY TASK ewma=997
DMA IRQ c0=3
DMA IRQ c1=0
DMA IRQ c2=0
DMA IRQ c3=0
SELECT busy=6848
SELECT w0=6844
SELECT w1=3819
SELECT w2=4054
BUSY TASK ewma=997
DMA IRQ c0=3
DMA IRQ c1=0
DMA IRQ c2=0
DMA IRQ c3=0
SELECT busy=6869
SELECT w0=6864
SELECT w1=3827
SELECT w2=4063
BUSY TASK ewma=997
DMA IRQ c0=3
DMA IRQ c1=0
DMA IRQ c2=0
DMA IRQ c3=0
SELECT busy=6890
SELECT w0=6885
SELECT w1=3836
SELECT w2=4072
BUSY TASK ewma=997
DMA IRQ c0=3
DMA IRQ c1=0
DMA IRQ c2=0
DMA IRQ c3=0
SELECT busy=6909
SELECT w0=6904
SELECT w1=3842
SELECT w2=4079
BUSY TASK ewma=997
DMA IRQ c0=3
DMA IRQ c1=0
DMA IRQ c2=0
DMA IRQ c3=0
SELECT busy=6932
SELECT w0=6927
SELECT w1=3854
SELECT w2=4090
BUSY TASK ewma=997
DMA IRQ c0=3
DMA IRQ c1=0
DMA IRQ c2=0
DMA IRQ c3=0
SELECT busy=6958
SELECT w0=6953
SELECT w1=3870
SELECT w2=4110
BUSY TASK ewma=997
DMA IRQ c0=3
DMA IRQ c1=0
DMA IRQ c2=0
DMA IRQ c3=0
SELECT busy=6981
SELECT w0=6977
SELECT w1=3881
SELECT w2=4126
BUSY TASK ewma=997
DMA IRQ c0=3
DMA IRQ c1=0
DMA IRQ c2=0
DMA IRQ c3=0
SELECT busy=7007
SELECT w0=7003
SELECT w1=3893
SELECT w2=4146
BUSY TASK ewma=997
DMA IRQ c0=3
DMA IRQ c1=0
DMA IRQ c2=0
DMA IRQ c3=0
SELECT busy=7034
SELECT w0=7028
SELECT w1=3909
SELECT w2=4163
BUSY TASK ewma=997
DMA IRQ c0=3
DMA IRQ c1=0
DMA IRQ c2=0
DMA IRQ c3=0
SELECT busy=7052
SELECT w0=7051
SELECT w1=3922
SELECT w2=4179
BUSY TASK ewma=997
DMA IRQ c0=3
DMA IRQ c1=0
DMA IRQ c2=0
DMA IRQ c3=0
SELECT busy=7074
SELECT w0=7068
SELECT w1=3929
SELECT w2=4190
BUSY TASK ewma=997
DMA IRQ c0=3
DMA IRQ c1=0
DMA IRQ c2=0
DMA IRQ c3=0
SELECT busy=7092
SELECT w0=7087
SELECT w1=3936
SELECT w2=4198
BUSY TASK ewma=997
DMA IRQ c0=3
DMA IRQ c1=0
DMA IRQ c2=0
DMA IRQ c3=0
SELECT busy=7112
SELECT w0=7107
SELECT w1=3951
SELECT w2=4213
BUSY TASK ewma=997
DMA IRQ c0=3
DMA IRQ c1=0
DMA IRQ c2=0
DMA IRQ c3=0
SELECT busy=7131
SELECT w0=7126
SELECT w1=3959
SELECT w2=4224
BUSY TASK ewma=997
DMA IRQ c0=3
DMA IRQ c1=0
DMA IRQ c2=0
DMA IRQ c3=0
SELECT busy=7146
SELECT w0=7140
SELECT w1=3967
SELECT w2=4233
BUSY TASK ewma=997
DMA IRQ c0=3
DMA IRQ c1=0
DMA IRQ c2=0
DMA IRQ c3=0
SELECT busy=7164
SELECT w0=7158
SELECT w1=3975
SELECT w2=4241
BUSY TASK ewma=997
DMA IRQ c0=3
DMA IRQ c1=0
DMA IRQ c2=0
DMA IRQ c3=0
SELECT busy=7182
SELECT w0=7176
SELECT w1=3982
SELECT w2=4250
BUSY TASK ewma=997
DMA IRQ c0=3
DMA IRQ c1=0
DMA IRQ c2=0
DMA IRQ c3=0
SELECT busy=7206
SELECT w0=7201
SELECT w1=3993
SELECT w2=4264
BUSY TASK ewma=997
DMA IRQ c0=3
DMA IRQ c1=0
DMA IRQ c2=0
DMA IRQ c3=0
SELECT busy=7226
SELECT w0=7220
SELECT w1=4000
SELECT w2=4272
BUSY TASK ewma=997
DMA IRQ c0=3
DMA IRQ c1=0
DMA IRQ c2=0
DMA IRQ c3=0
SELECT busy=7244
SELECT w0=7238
SELECT w1=4007
SELECT w2=4281
BUSY TASK ewma=997
DMA IRQ c0=3
DMA IRQ c1=0
DMA IRQ c2=0
DMA IRQ c3=0
SELECT busy=7265
SELECT w0=7259
SELECT w1=4013
SELECT w2=4289
BUSY TASK ewma=997
DMA IRQ c0=3
DMA IRQ c1=0
DMA IRQ c2=0
DMA IRQ c3=0
SELECT busy=7283
SELECT w0=7278
SELECT w1=4019
SELECT w2=4297
BUSY TASK ewma=997
DMA IRQ c0=3
DMA IRQ c1=0
DMA IRQ c2=0
DMA IRQ c3=0
SELECT busy=7302
SELECT w0=7296
SELECT w1=4030
SELECT w2=4309
BUSY TASK ewma=997
DMA IRQ c0=3
DMA IRQ c1=0
DMA IRQ c2=0
DMA IRQ c3=0
SELECT busy=7336
SELECT w0=7331
SELECT w1=4043
SELECT w2=4325
BUSY TASK ewma=997
DMA IRQ c0=3
DMA IRQ c1=0
DMA IRQ c2=0
DMA IRQ c3=0
SELECT busy=7357
SELECT w0=7352
SELECT w1=4050
SELECT w2=4335
BUSY TASK ewma=997
DMA IRQ c0=3
DMA IRQ c1=0
DMA IRQ c2=0
DMA IRQ c3=0
SELECT busy=7382
SELECT w0=7377
SELECT w1=4067
SELECT w2=4352
BUSY TASK ewma=997
IRQ counts: cpu0=14793 cpu1=17465 cpu2=17305 cpu3=17514
SCHED secondaries: calls=52307 unexpected=0
SECTEST switches=52307 cpu1=186590174,185664244 cpu2=156213392,150802365 cpu3=221850421,203807759
PINGPONG rounds=2000 pongs=2000
DMA IRQ c0=3
DMA IRQ c1=0
DMA IRQ c2=0
DMA IRQ c3=0
SELECT busy=7421
SELECT w0=7416
SELECT w1=4089
SELECT w2=4381
BUSY TASK ewma=997
DMA IRQ c0=3
DMA IRQ c1=0
DMA IRQ c2=0
DMA IRQ c3=0
SELECT busy=7445
SELECT w0=7440
SELECT w1=4101
SELECT w2=4396
BUSY TASK ewma=997
DMA IRQ c0=3
DMA IRQ c1=0
DMA IRQ c2=0
DMA IRQ c3=0
SELECT busy=7468
SELECT w0=7463
SELECT w1=4115
SELECT w2=4410
BUSY TASK ewma=997
DMA IRQ c0=3
DMA IRQ c1=0
DMA IRQ c2=0
DMA IRQ c3=0
SELECT busy=7490
SELECT w0=7485
SELECT w1=4126
SELECT w2=4425
BUSY TASK ewma=997
DMA IRQ c0=3
DMA IRQ c1=0
DMA IRQ c2=0
DMA IRQ c3=0
SELECT busy=7515
SELECT w0=7510
SELECT w1=4143
SELECT w2=4439
BUSY TASK ewma=997
DMA IRQ c0=3
DMA IRQ c1=0
DMA IRQ c2=0
DMA IRQ c3=0
SELECT busy=7535
SELECT w0=7530
SELECT w1=4157
SELECT w2=4453
BUSY TASK ewma=997
DMA IRQ c0=3
DMA IRQ c1=0
DMA IRQ c2=0
DMA IRQ c3=0
SELECT busy=7561
SELECT w0=7556
SELECT w1=4173
SELECT w2=4467
BUSY TASK ewma=997
DMA IRQ c0=3
DMA IRQ c1=0
DMA IRQ c2=0
DMA IRQ c3=0
SELECT busy=7585
SELECT w0=7580
SELECT w1=4187
SELECT w2=4484
BUSY TASK ewma=997
DMA IRQ c0=3
DMA IRQ c1=0
DMA IRQ c2=0
DMA IRQ c3=0
SELECT busy=7617
SELECT w0=7612
SELECT w1=4205
SELECT w2=4507
BUSY TASK ewma=997
DMA IRQ c0=3
DMA IRQ c1=0
DMA IRQ c2=0
DMA IRQ c3=0
SELECT busy=7642
SELECT w0=7636
SELECT w1=4218
SELECT w2=4522
BUSY TASK ewma=997
DMA IRQ c0=3
DMA IRQ c1=0
DMA IRQ c2=0
DMA IRQ c3=0
SELECT busy=7675
SELECT w0=7670
SELECT w1=4231
SELECT w2=4537
BUSY TASK ewma=997
DMA IRQ c0=3
DMA IRQ c1=0
DMA IRQ c2=0
DMA IRQ c3=0
SELECT busy=7695
SELECT w0=7690
SELECT w1=4238
SELECT w2=4544
BUSY TASK ewma=997
DMA IRQ c0=3
DMA IRQ c1=0
DMA IRQ c2=0
DMA IRQ c3=0
SELECT busy=7717
SELECT w0=7712
SELECT w1=4248
SELECT w2=4556
BUSY TASK ewma=997
DMA IRQ c0=3
DMA IRQ c1=0
DMA IRQ c2=0
DMA IRQ c3=0
SELECT busy=7738
SELECT w0=7733
SELECT w1=4256
SELECT w2=4566
BUSY TASK ewma=997
DMA IRQ c0=3
DMA IRQ c1=0
DMA IRQ c2=0
DMA IRQ c3=0
SELECT busy=7763
SELECT w0=7758
SELECT w1=4266
SELECT w2=4581
BUSY TASK ewma=997
DMA IRQ c0=3
DMA IRQ c1=0
DMA IRQ c2=0
DMA IRQ c3=0
SELECT busy=7783
SELECT w0=7777
SELECT w1=4274
SELECT w2=4593
BUSY TASK ewma=997
DMA IRQ c0=3
DMA IRQ c1=0
DMA IRQ c2=0
DMA IRQ c3=0
SELECT busy=7800
SELECT w0=7795
SELECT w1=4283
SELECT w2=4605
BUSY TASK ewma=997
DMA IRQ c0=3
DMA IRQ c1=0
DMA IRQ c2=0
DMA IRQ c3=0
SELECT busy=7823
SELECT w0=7818
SELECT w1=4296
SELECT w2=4618
BUSY TASK ewma=997
DMA IRQ c0=3
DMA IRQ c1=0
DMA IRQ c2=0
DMA IRQ c3=0
SELECT busy=7844
SELECT w0=7838
SELECT w1=4302
SELECT w2=4627
BUSY TASK ewma=997
DMA IRQ c0=3
DMA IRQ c1=0
DMA IRQ c2=0
DMA IRQ c3=0
SELECT busy=7864
SELECT w0=7858
SELECT w1=4311
SELECT w2=4638
BUSY TASK ewma=997
DMA IRQ c0=3
DMA IRQ c1=0
DMA IRQ c2=0
DMA IRQ c3=0
SELECT busy=7887
SELECT w0=7882
SELECT w1=4326
SELECT w2=4654
BUSY TASK ewma=997
DMA IRQ c0=3
DMA IRQ c1=0
DMA IRQ c2=0
DMA IRQ c3=0
SELECT busy=7911
SELECT w0=7906
SELECT w1=4338
SELECT w2=4665
BUSY TASK ewma=997
DMA IRQ c0=3
DMA IRQ c1=0
DMA IRQ c2=0
DMA IRQ c3=0
SELECT busy=7934
SELECT w0=7929
SELECT w1=4350
SELECT w2=4678
BUSY TASK ewma=997
DMA IRQ c0=3
DMA IRQ c1=0
DMA IRQ c2=0
DMA IRQ c3=0
SELECT busy=7955
SELECT w0=7949
SELECT w1=4360
SELECT w2=4686
BUSY TASK ewma=997
DMA IRQ c0=3
DMA IRQ c1=0
DMA IRQ c2=0
DMA IRQ c3=0
SELECT busy=7976
SELECT w0=7970
SELECT w1=4367
SELECT w2=4695
BUSY TASK ewma=997
DMA IRQ c0=3
DMA IRQ c1=0
DMA IRQ c2=0
DMA IRQ c3=0
SELECT busy=7995
SELECT w0=7990
SELECT w1=4373
SELECT w2=4703
BUSY TASK ewma=997
DMA IRQ c0=3
DMA IRQ c1=0
DMA IRQ c2=0
DMA IRQ c3=0
SELECT busy=8016
SELECT w0=8011
SELECT w1=4381
SELECT w2=4716
BUSY TASK ewma=997
DMA IRQ c0=3
DMA IRQ c1=0
DMA IRQ c2=0
DMA IRQ c3=0
SELECT busy=8036
SELECT w0=8031
SELECT w1=4392
SELECT w2=4732
BUSY TASK ewma=997
DMA IRQ c0=3
DMA IRQ c1=0
DMA IRQ c2=0
DMA IRQ c3=0
SELECT busy=8062
SELECT w0=8057
SELECT w1=4404
SELECT w2=4749
BUSY TASK ewma=997
DMA IRQ c0=3
DMA IRQ c1=0
DMA IRQ c2=0
DMA IRQ c3=0
SELECT busy=8087
SELECT w0=8082
SELECT w1=4416
SELECT w2=4770
BUSY TASK ewma=997
DMA IRQ c0=3
DMA IRQ c1=0
DMA IRQ c2=0
DMA IRQ c3=0
SELECT busy=8114
SELECT w0=8109
SELECT w1=4425
SELECT w2=4785
BUSY TASK ewma=997
DMA IRQ c0=3
DMA IRQ c1=0
DMA IRQ c2=0
DMA IRQ c3=0
SELECT busy=8131
SELECT w0=8125
SELECT w1=4433
SELECT w2=4794
BUSY TASK ewma=997
DMA IRQ c0=3
DMA IRQ c1=0
DMA IRQ c2=0
DMA IRQ c3=0
SELECT busy=8154
SELECT w0=8148
SELECT w1=4443
SELECT w2=4806
BUSY TASK ewma=997
DMA IRQ c0=3
DMA IRQ c1=0
DMA IRQ c2=0
DMA IRQ c3=0
SELECT busy=8170
SELECT w0=8166
SELECT w1=4452
SELECT w2=4815
BUSY TASK ewma=997
DMA IRQ c0=3
DMA IRQ c1=0
DMA IRQ c2=0
DMA IRQ c3=0
SELECT busy=8188
SELECT w0=8183
SELECT w1=4461
SELECT w2=4826
BUSY TASK ewma=997
DMA IRQ c0=3
DMA IRQ c1=0
DMA IRQ c2=0
DMA IRQ c3=0
SELECT busy=8199
SELECT w0=8193
SELECT w1=4466
SELECT w2=4832
BUSY TASK ewma=997
DMA IRQ c0=3
DMA IRQ c1=0
DMA IRQ c2=0
DMA IRQ c3=0
SELECT busy=8212
SELECT w0=8207
SELECT w1=4471
SELECT w2=4839
BUSY TASK ewma=997
DMA IRQ c0=3
DMA IRQ c1=0
DMA IRQ c2=0
DMA IRQ c3=0
SELECT busy=8233
SELECT w0=8228
SELECT w1=4480
SELECT w2=4850
BUSY TASK ewma=997
DMA IRQ c0=3
DMA IRQ c1=0
DMA IRQ c2=0
DMA IRQ c3=0
SELECT busy=8254
SELECT w0=8251
SELECT w1=4494
SELECT w2=4863
BUSY TASK ewma=997
DMA IRQ c0=3
DMA IRQ c1=0
DMA IRQ c2=0
DMA IRQ c3=0
SELECT busy=8279
SELECT w0=8274
SELECT w1=4508
SELECT w2=4879
BUSY TASK ewma=997
DMA IRQ c0=3
DMA IRQ c1=0
DMA IRQ c2=0
DMA IRQ c3=0
SELECT busy=8299
SELECT w0=8293
SELECT w1=4515
SELECT w2=4887
BUSY TASK ewma=997
DMA IRQ c0=3
DMA IRQ c1=0
DMA IRQ c2=0
DMA IRQ c3=0
SELECT busy=8320
SELECT w0=8316
SELECT w1=4525
SELECT w2=4900
BUSY TASK ewma=997
DMA IRQ c0=3
DMA IRQ c1=0
DMA IRQ c2=0
DMA IRQ c3=0
SELECT busy=8346
SELECT w0=8341
SELECT w1=4536
SELECT w2=4915
BUSY TASK ewma=997
DMA IRQ c0=3
DMA IRQ c1=0
DMA IRQ c2=0
DMA IRQ c3=0
SELECT busy=8363
SELECT w0=8358
SELECT w1=4543
SELECT w2=4923
BUSY TASK ewma=997
DMA IRQ c0=3
DMA IRQ c1=0
DMA IRQ c2=0
DMA IRQ c3=0
SELECT busy=8384
SELECT w0=8378
SELECT w1=4552
SELECT w2=4933
BUSY TASK ewma=997
DMA IRQ c0=3
DMA IRQ c1=0
DMA IRQ c2=0
DMA IRQ c3=0
SELECT busy=8404
SELECT w0=8399
SELECT w1=4565
SELECT w2=4946
BUSY TASK ewma=997
DMA IRQ c0=3
DMA IRQ c1=0
DMA IRQ c2=0
DMA IRQ c3=0
SELECT busy=8423
SELECT w0=8417
SELECT w1=4573
SELECT w2=4956
BUSY TASK ewma=997
DMA IRQ c0=3
DMA IRQ c1=0
DMA IRQ c2=0
DMA IRQ c3=0
SELECT busy=8448
SELECT w0=8443
SELECT w1=4583
SELECT w2=4971
BUSY TASK ewma=997
DMA IRQ c0=3
DMA IRQ c1=0
DMA IRQ c2=0
DMA IRQ c3=0
SELECT busy=8473
SELECT w0=8469
SELECT w1=4597
SELECT w2=4985
BUSY TASK ewma=997
DMA IRQ c0=3
DMA IRQ c1=0
DMA IRQ c2=0
DMA IRQ c3=0
SELECT busy=8492
SELECT w0=8486
SELECT w1=4606
SELECT w2=4996
BUSY TASK ewma=997
DMA IRQ c0=3
DMA IRQ c1=0
DMA IRQ c2=0
DMA IRQ c3=0
SELECT busy=8508
SELECT w0=8504
SELECT w1=4616
SELECT w2=5008
BUSY TASK ewma=997
DMA IRQ c0=3
DMA IRQ c1=0
DMA IRQ c2=0
DMA IRQ c3=0
SELECT busy=8529
SELECT w0=8524
SELECT w1=4625
SELECT w2=5021
BUSY TASK ewma=997
DMA IRQ c0=3
DMA IRQ c1=0
DMA IRQ c2=0
DMA IRQ c3=0
SELECT busy=8545
SELECT w0=8539
SELECT w1=4630
SELECT w2=5028
BUSY TASK ewma=997
DMA IRQ c0=3
DMA IRQ c1=0
DMA IRQ c2=0
DMA IRQ c3=0
SELECT busy=8566
SELECT w0=8560
SELECT w1=4640
SELECT w2=5043
BUSY TASK ewma=997
DMA IRQ c0=3
DMA IRQ c1=0
DMA IRQ c2=0
DMA IRQ c3=0
SELECT busy=8590
SELECT w0=8585
SELECT w1=4650
SELECT w2=5055
BUSY TASK ewma=997
DMA IRQ c0=3
DMA IRQ c1=0
DMA IRQ c2=0
DMA IRQ c3=0
SELECT busy=8609
SELECT w0=8606
SELECT w1=4659
SELECT w2=5068
BUSY TASK ewma=997
DMA IRQ c0=3
DMA IRQ c1=0
DMA IRQ c2=0
DMA IRQ c3=0
SELECT busy=8629
SELECT w0=8624
SELECT w1=4666
SELECT w2=5079
BUSY TASK ewma=997
DMA IRQ c0=3
DMA IRQ c1=0
DMA IRQ c2=0
DMA IRQ c3=0
SELECT busy=8645
SELECT w0=8643
SELECT w1=4677
SELECT w2=5089
BUSY TASK ewma=997
DMA IRQ c0=3
DMA IRQ c1=0
DMA IRQ c2=0
DMA IRQ c3=0
SELECT busy=8668
SELECT w0=8663
SELECT w1=4684
SELECT w2=5102
BUSY TASK ewma=997
DMA IRQ c0=3
DMA IRQ c1=0
DMA IRQ c2=0
DMA IRQ c3=0
SELECT busy=8690
SELECT w0=8685
SELECT w1=4694
SELECT w2=5112
BUSY TASK ewma=997
DMA IRQ c0=3
DMA IRQ c1=0
DMA IRQ c2=0
DMA IRQ c3=0
SELECT busy=8714
SELECT w0=8708
SELECT w1=4702
SELECT w2=5120
BUSY TASK ewma=997
DMA IRQ c0=3
DMA IRQ c1=0
DMA IRQ c2=0
DMA IRQ c3=0
SELECT busy=8728
SELECT w0=8725
SELECT w1=4710
SELECT w2=5130
BUSY TASK ewma=997
DMA IRQ c0=3
DMA IRQ c1=0
DMA IRQ c2=0
DMA IRQ c3=0
SELECT busy=8753
SELECT w0=8748
SELECT w1=4719
SELECT w2=5141
BUSY TASK ewma=997
DMA IRQ c0=3
DMA IRQ c1=0
DMA IRQ c2=0
DMA IRQ c3=0
SELECT busy=8771
SELECT w0=8765
SELECT w1=4724
SELECT w2=5151
BUSY TASK ewma=997
IRQ counts: cpu0=17585 cpu1=20757 cpu2=20526 cpu3=20786
SCHED secondaries: calls=62086 unexpected=0
SECTEST switches=62067 cpu1=220447227,219205449 cpu2=189282522,182420270 cpu3=267399963,246696837
PINGPONG rounds=2000 pongs=2000
DMA IRQ c0=3
DMA IRQ c1=0
DMA IRQ c2=0
DMA IRQ c3=0
SELECT busy=8816
SELECT w0=8811
SELECT w1=4742
SELECT w2=5178
BUSY TASK ewma=997
DMA IRQ c0=3
DMA IRQ c1=0
DMA IRQ c2=0
DMA IRQ c3=0
SELECT busy=8843
SELECT w0=8838
SELECT w1=4753
SELECT w2=5191
BUSY TASK ewma=997
DMA IRQ c0=3
DMA IRQ c1=0
DMA IRQ c2=0
DMA IRQ c3=0
SELECT busy=8868
SELECT w0=8863
SELECT w1=4763
SELECT w2=5203
BUSY TASK ewma=997
DMA IRQ c0=3
DMA IRQ c1=0
DMA IRQ c2=0
DMA IRQ c3=0
SELECT busy=8894
SELECT w0=8888
SELECT w1=4773
SELECT w2=5214
BUSY TASK ewma=997
DMA IRQ c0=3
DMA IRQ c1=0
DMA IRQ c2=0
DMA IRQ c3=0
SELECT busy=8920
SELECT w0=8915
SELECT w1=4786
SELECT w2=5232
BUSY TASK ewma=997
DMA IRQ c0=3
DMA IRQ c1=0
DMA IRQ c2=0
DMA IRQ c3=0
SELECT busy=8942
SELECT w0=8936
SELECT w1=4795
SELECT w2=5244
BUSY TASK ewma=997
DMA IRQ c0=3
DMA IRQ c1=0
DMA IRQ c2=0
DMA IRQ c3=0
SELECT busy=8958
SELECT w0=8953
SELECT w1=4803
SELECT w2=5253
BUSY TASK ewma=997
DMA IRQ c0=3
DMA IRQ c1=0
DMA IRQ c2=0
DMA IRQ c3=0
SELECT busy=8973
SELECT w0=8967
SELECT w1=4809
SELECT w2=5261
BUSY TASK ewma=997
DMA IRQ c0=3
DMA IRQ c1=0
DMA IRQ c2=0
DMA IRQ c3=0
SELECT busy=8987
SELECT w0=8982
SELECT w1=4814
SELECT w2=5271
BUSY TASK ewma=997
DMA IRQ c0=3
DMA IRQ c1=0
DMA IRQ c2=0
DMA IRQ c3=0
SELECT busy=9005
SELECT w0=9000
SELECT w1=4822
SELECT w2=5283
BUSY TASK ewma=997
DMA IRQ c0=3
DMA IRQ c1=0
DMA IRQ c2=0
DMA IRQ c3=0
SELECT busy=9026
SELECT w0=9021
SELECT w1=4831
SELECT w2=5295
BUSY TASK ewma=997
DMA IRQ c0=3
DMA IRQ c1=0
DMA IRQ c2=0
DMA IRQ c3=0
SELECT busy=9049
SELECT w0=9043
SELECT w1=4840
SELECT w2=5306
BUSY TASK ewma=997
DMA IRQ c0=3
DMA IRQ c1=0
DMA IRQ c2=0
DMA IRQ c3=0
SELECT busy=9062
SELECT w0=9057
SELECT w1=4845
SELECT w2=5315
BUSY TASK ewma=997
DMA IRQ c0=3
DMA IRQ c1=0
DMA IRQ c2=0
DMA IRQ c3=0
SELECT busy=9082
SELECT w0=9077
SELECT w1=4856
SELECT w2=5331
BUSY TASK ewma=997
DMA IRQ c0=3
DMA IRQ c1=0
DMA IRQ c2=0
DMA IRQ c3=0
SELECT busy=9111
SELECT w0=9106
SELECT w1=4869
SELECT w2=5348
BUSY TASK ewma=997
DMA IRQ c0=3
DMA IRQ c1=0
DMA IRQ c2=0
DMA IRQ c3=0
SELECT busy=9141
SELECT w0=9137
SELECT w1=4883
SELECT w2=5365
BUSY TASK ewma=997
DMA IRQ c0=3
DMA IRQ c1=0
DMA IRQ c2=0
DMA IRQ c3=0
SELECT busy=9161
SELECT w0=9156
SELECT w1=4890
SELECT w2=5372
BUSY TASK ewma=997
DMA IRQ c0=3
DMA IRQ c1=0
DMA IRQ c2=0
DMA IRQ c3=0
SELECT busy=9182
SELECT w0=9176
SELECT w1=4899
SELECT w2=5386
BUSY TASK ewma=997
DMA IRQ c0=3
DMA IRQ c1=0
DMA IRQ c2=0
DMA IRQ c3=0
SELECT busy=9215
SELECT w0=9210
SELECT w1=4914
SELECT w2=5404
BUSY TASK ewma=997
DMA IRQ c0=3
DMA IRQ c1=0
DMA IRQ c2=0
DMA IRQ c3=0
SELECT busy=9238
SELECT w0=9233
SELECT w1=4929
SELECT w2=5420
BUSY TASK ewma=997
DMA IRQ c0=3
DMA IRQ c1=0
DMA IRQ c2=0
DMA IRQ c3=0
SELECT busy=9261
SELECT w0=9255
SELECT w1=4940
SELECT w2=5433
BUSY TASK ewma=997
DMA IRQ c0=3
DMA IRQ c1=0
DMA IRQ c2=0
DMA IRQ c3=0
SELECT busy=9284
SELECT w0=9279
SELECT w1=4952
SELECT w2=5449
BUSY TASK ewma=997
DMA IRQ c0=3
DMA IRQ c1=0
DMA IRQ c2=0
DMA IRQ c3=0
SELECT busy=9304
SELECT w0=9298
SELECT w1=4961
SELECT w2=5459
BUSY TASK ewma=997
DMA IRQ c0=3
DMA IRQ c1=0
DMA IRQ c2=0
DMA IRQ c3=0
SELECT busy=9332
SELECT w0=9327
SELECT w1=4971
SELECT w2=5471
BUSY TASK ewma=997
DMA IRQ c0=3
DMA IRQ c1=0
DMA IRQ c2=0
DMA IRQ c3=0
SELECT busy=9360
SELECT w0=9355
SELECT w1=4989
SELECT w2=5488
BUSY TASK ewma=997
DMA IRQ c0=3
DMA IRQ c1=0
DMA IRQ c2=0
DMA IRQ c3=0
SELECT busy=9377
SELECT w0=9372
SELECT w1=4998
SELECT w2=5498
BUSY TASK ewma=997
DMA IRQ c0=3
DMA IRQ c1=0
DMA IRQ c2=0
DMA IRQ c3=0
SELECT busy=9398
SELECT w0=9393
SELECT w1=5010
SELECT w2=5515
BUSY TASK ewma=997
DMA IRQ c0=3
DMA IRQ c1=0
DMA IRQ c2=0
DMA IRQ c3=0
SELECT busy=9422
SELECT w0=9417
SELECT w1=5020
SELECT w2=5529
BUSY TASK ewma=997
DMA IRQ c0=3
DMA IRQ c1=0
DMA IRQ c2=0
DMA IRQ c3=0
SELECT busy=9439
SELECT w0=9434
SELECT w1=5034
SELECT w2=5542
BUSY TASK ewma=997
DMA IRQ c0=3
DMA IRQ c1=0
DMA IRQ c2=0
DMA IRQ c3=0
SELECT busy=9465
SELECT w0=9459
SELECT w1=5045
SELECT w2=5555
BUSY TASK ewma=997
DMA IRQ c0=3
DMA IRQ c1=0
DMA IRQ c2=0
DMA IRQ c3=0
SELECT busy=9480
SELECT w0=9474
SELECT w1=5051
SELECT w2=5563
BUSY TASK ewma=997
DMA IRQ c0=3
DMA IRQ c1=0
DMA IRQ c2=0
DMA IRQ c3=0
SELECT busy=9499
SELECT w0=9493
SELECT w1=5060
SELECT w2=5573
BUSY TASK ewma=997
DMA IRQ c0=3
DMA IRQ c1=0
DMA IRQ c2=0
DMA IRQ c3=0
SELECT busy=9519
SELECT w0=9514
SELECT w1=5069
SELECT w2=5586
BUSY TASK ewma=997
DMA IRQ c0=3
DMA IRQ c1=0
DMA IRQ c2=0
DMA IRQ c3=0
SELECT busy=9537
SELECT w0=9532
SELECT w1=5075
SELECT w2=5595
BUSY TASK ewma=997
DMA IRQ c0=3
DMA IRQ c1=0
DMA IRQ c2=0
DMA IRQ c3=0
SELECT busy=9560
SELECT w0=9555
SELECT w1=5088
SELECT w2=5606
BUSY TASK ewma=997
DMA IRQ c0=3
DMA IRQ c1=0
DMA IRQ c2=0
DMA IRQ c3=0
SELECT busy=9579
SELECT w0=9573
SELECT w1=5092
SELECT w2=5612
BUSY TASK ewma=997
DMA IRQ c0=3
DMA IRQ c1=0
DMA IRQ c2=0
DMA IRQ c3=0
SELECT busy=9597
SELECT w0=9591
SELECT w1=5100
SELECT w2=5620
BUSY TASK ewma=997
DMA IRQ c0=3
DMA IRQ c1=0
DMA IRQ c2=0
DMA IRQ c3=0
SELECT busy=9622
SELECT w0=9616
SELECT w1=5111
SELECT w2=5635
BUSY TASK ewma=997
DMA IRQ c0=3
DMA IRQ c1=0
DMA IRQ c2=0
DMA IRQ c3=0
SELECT busy=9637
SELECT w0=9632
SELECT w1=5120
SELECT w2=5645
BUSY TASK ewma=997
DMA IRQ c0=3
DMA IRQ c1=0
DMA IRQ c2=0
DMA IRQ c3=0
SELECT busy=9660
SELECT w0=9654
SELECT w1=5133
SELECT w2=5656
BUSY TASK ewma=997
DMA IRQ c0=3
DMA IRQ c1=0
DMA IRQ c2=0
DMA IRQ c3=0
SELECT busy=9684
SELECT w0=9679
SELECT w1=5150
SELECT w2=5673
BUSY TASK ewma=997
DMA IRQ c0=3
DMA IRQ c1=0
DMA IRQ c2=0
DMA IRQ c3=0
SELECT busy=9701
SELECT w0=9696
SELECT w1=5160
SELECT w2=5686
BUSY TASK ewma=997
DMA IRQ c0=3
DMA IRQ c1=0
DMA IRQ c2=0
DMA IRQ c3=0
SELECT busy=9724
SELECT w0=9719
SELECT w1=5172
SELECT w2=5700
BUSY TASK ewma=997
DMA IRQ c0=3
DMA IRQ c1=0
DMA IRQ c2=0
DMA IRQ c3=0
SELECT busy=9750
SELECT w0=9745
SELECT w1=5182
SELECT w2=5717
BUSY TASK ewma=997
DMA IRQ c0=3
DMA IRQ c1=0
DMA IRQ c2=0
DMA IRQ c3=0
SELECT busy=9768
SELECT w0=9762
SELECT w1=5189
SELECT w2=5726
BUSY TASK ewma=997
DMA IRQ c0=3
DMA IRQ c1=0
DMA IRQ c2=0
DMA IRQ c3=0
SELECT busy=9788
SELECT w0=9782
SELECT w1=5199
SELECT w2=5738
BUSY TASK ewma=997
DMA IRQ c0=3
DMA IRQ c1=0
DMA IRQ c2=0
DMA IRQ c3=0
SELECT busy=9809
SELECT w0=9804
SELECT w1=5213
SELECT w2=5754
BUSY TASK ewma=997
DMA IRQ c0=3
DMA IRQ c1=0
DMA IRQ c2=0
DMA IRQ c3=0
SELECT busy=9828
SELECT w0=9824
SELECT w1=5225
SELECT w2=5768
BUSY TASK ewma=997
DMA IRQ c0=3
DMA IRQ c1=0
DMA IRQ c2=0
DMA IRQ c3=0
SELECT busy=9844
SELECT w0=9840
SELECT w1=5232
SELECT w2=5779
BUSY TASK ewma=997
DMA IRQ c0=3
DMA IRQ c1=0
DMA IRQ c2=0
DMA IRQ c3=0
SELECT busy=9867
SELECT w0=9862
SELECT w1=5239
SELECT w2=5788
BUSY TASK ewma=997
DMA IRQ c0=3
DMA IRQ c1=0
DMA IRQ c2=0
DMA IRQ c3=0
SELECT busy=9885
SELECT w0=9879
SELECT w1=5246
SELECT w2=5799
BUSY TASK ewma=997
DMA IRQ c0=3
DMA IRQ c1=0
DMA IRQ c2=0
DMA IRQ c3=0
SELECT busy=9905
SELECT w0=9899
SELECT w1=5254
SELECT w2=5809
BUSY TASK ewma=997
DMA IRQ c0=3
DMA IRQ c1=0
DMA IRQ c2=0
DMA IRQ c3=0
SELECT busy=9922
SELECT w0=9917
SELECT w1=5261
SELECT w2=5818
BUSY TASK ewma=997
DMA IRQ c0=3
DMA IRQ c1=0
DMA IRQ c2=0
DMA IRQ c3=0
SELECT busy=9946
SELECT w0=9941
SELECT w1=5272
SELECT w2=5832
BUSY TASK ewma=997
DMA IRQ c0=3
DMA IRQ c1=0
DMA IRQ c2=0
DMA IRQ c3=0
SELECT busy=9971
SELECT w0=9966
SELECT w1=5289
SELECT w2=5847
qemu-system-aarch64: terminating on signal 15 from pid 262118 (timeout)
