P4 M7: full integration test boot OK
CPU0: MPIDR_EL1=0x0000000080000000
CPU0: psci_cpu_on target=1 rc=0
CPU1: alive, MPIDR_EL1=0x0000000080000001 this_cpu()->cpu_id=1
CPU0: psci_cpu_on target=2 rc=0
CPU2: alive, MPIDR_EL1=0x0000000080000002 this_cpu()->cpu_id=2
CPU0: psci_cpu_on target=3 rc=0
CPU3: alive, MPIDR_EL1=0x0000000080000003 this_cpu()->cpu_id=3
CPUs online: 4
D2b: worker 2 runs on CPU2
D2b: worker 1 runs on CPU1
D2b: worker 0 runs on CPU0
P4 M7: worker submitted cmd_id=1
P4 M7: worker submitted cmd_id=2
P4 M7: worker submitted cmd_id=3
BUSY TASK ewma=997
DMA IRQ c0=0
DMA IRQ c1=0
DMA IRQ c2=0
DMA IRQ c3=0
SELECT busy=26
SELECT w0=3
SELECT w1=5
SELECT w2=4
BUSY TASK ewma=997
DMA IRQ c0=0
DMA IRQ c1=0
DMA IRQ c2=0
DMA IRQ c3=0
SELECT busy=43
SELECT w0=3
SELECT w1=5
SELECT w2=4
P4 M7: worker DATA OK, cmd_id=1
P4 M7: worker DATA OK, cmd_id=2
WORKER ewma=759
P4 M7: worker DATA OK, cmd_id=3
WORKER ewma=831
WORKER ewma=831
BUSY TASK ewma=997
DMA IRQ c0=1
DMA IRQ c1=0
DMA IRQ c2=0
DMA IRQ c3=0
SELECT busy=71
SELECT w0=41
SELECT w1=64
SELECT w2=68
BUSY TASK ewma=997
DMA IRQ c0=1
DMA IRQ c1=0
DMA IRQ c2=0
DMA IRQ c3=0
SELECT busy=100
SELECT w0=68
SELECT w1=103
SELECT w2=108
BUSY TASK ewma=997
DMA IRQ c0=1
DMA IRQ c1=0
DMA IRQ c2=0
DMA IRQ c3=0
SELECT busy=125
SELECT w0=94
SELECT w1=153
SELECT w2=159
BUSY TASK ewma=997
DMA IRQ c0=1
DMA IRQ c1=0
DMA IRQ c2=0
DMA IRQ c3=0
SELECT busy=159
SELECT w0=128
SELECT w1=200
SELECT w2=206
BUSY TASK ewma=997
DMA IRQ c0=1
DMA IRQ c1=0
DMA IRQ c2=0
DMA IRQ c3=0
SELECT busy=180
SELECT w0=149
SELECT w1=218
SELECT w2=219
BUSY TASK ewma=997
DMA IRQ c0=1
DMA IRQ c1=0
DMA IRQ c2=0
DMA IRQ c3=0
SELECT busy=205
SELECT w0=174
SELECT w1=233
SELECT w2=234
BUSY TASK ewma=997
DMA IRQ c0=1
DMA IRQ c1=0
DMA IRQ c2=0
DMA IRQ c3=0
SELECT busy=229
SELECT w0=199
SELECT w1=245
SELECT w2=245
BUSY TASK ewma=997
DMA IRQ c0=1
DMA IRQ c1=0
DMA IRQ c2=0
DMA IRQ c3=0
SELECT busy=249
SELECT w0=217
SELECT w1=254
SELECT w2=257
BUSY TASK ewma=997
DMA IRQ c0=1
DMA IRQ c1=0
DMA IRQ c2=0
DMA IRQ c3=0
SELECT busy=257
SELECT w0=226
SELECT w1=259
SELECT w2=262
BUSY TASK ewma=997
DMA IRQ c0=1
DMA IRQ c1=0
DMA IRQ c2=0
DMA IRQ c3=0
SELECT busy=284
SELECT w0=253
SELECT w1=273
SELECT w2=278
BUSY TASK ewma=997
DMA IRQ c0=1
DMA IRQ c1=0
DMA IRQ c2=0
DMA IRQ c3=0
SELECT busy=299
SELECT w0=269
SELECT w1=282
SELECT w2=286
BUSY TASK ewma=997
DMA IRQ c0=1
DMA IRQ c1=0
DMA IRQ c2=0
DMA IRQ c3=0
SELECT busy=319
SELECT w0=287
SELECT w1=291
SELECT w2=296
BUSY TASK ewma=997
DMA IRQ c0=1
DMA IRQ c1=0
DMA IRQ c2=0
DMA IRQ c3=0
SELECT busy=339
SELECT w0=307
SELECT w1=299
SELECT w2=305
BUSY TASK ewma=997
DMA IRQ c0=1
DMA IRQ c1=0
DMA IRQ c2=0
DMA IRQ c3=0
SELECT busy=359
SELECT w0=327
SELECT w1=313
SELECT w2=318
BUSY TASK ewma=997
DMA IRQ c0=1
DMA IRQ c1=0
DMA IRQ c2=0
DMA IRQ c3=0
SELECT busy=383
SELECT w0=352
SELECT w1=328
SELECT w2=332
BUSY TASK ewma=997
DMA IRQ c0=1
DMA IRQ c1=0
DMA IRQ c2=0
DMA IRQ c3=0
SELECT busy=401
SELECT w0=369
SELECT w1=340
SELECT w2=343
BUSY TASK ewma=997
DMA IRQ c0=1
DMA IRQ c1=0
DMA IRQ c2=0
DMA IRQ c3=0
SELECT busy=414
SELECT w0=383
SELECT w1=349
SELECT w2=353
BUSY TASK ewma=997
DMA IRQ c0=1
DMA IRQ c1=0
DMA IRQ c2=0
DMA IRQ c3=0
SELECT busy=431
SELECT w0=399
SELECT w1=358
SELECT w2=361
BUSY TASK ewma=997
DMA IRQ c0=1
DMA IRQ c1=0
DMA IRQ c2=0
DMA IRQ c3=0
SELECT busy=451
SELECT w0=419
SELECT w1=368
SELECT w2=370
BUSY TASK ewma=997
DMA IRQ c0=1
DMA IRQ c1=0
DMA IRQ c2=0
DMA IRQ c3=0
SELECT busy=470
SELECT w0=438
SELECT w1=377
SELECT w2=378
BUSY TASK ewma=997
DMA IRQ c0=1
DMA IRQ c1=0
DMA IRQ c2=0
DMA IRQ c3=0
SELECT busy=486
SELECT w0=455
SELECT w1=384
SELECT w2=386
BUSY TASK ewma=997
DMA IRQ c0=1
DMA IRQ c1=0
DMA IRQ c2=0
DMA IRQ c3=0
SELECT busy=511
SELECT w0=479
SELECT w1=400
SELECT w2=400
BUSY TASK ewma=997
DMA IRQ c0=1
DMA IRQ c1=0
DMA IRQ c2=0
DMA IRQ c3=0
SELECT busy=529
SELECT w0=497
SELECT w1=414
SELECT w2=407
BUSY TASK ewma=997
DMA IRQ c0=1
DMA IRQ c1=0
DMA IRQ c2=0
DMA IRQ c3=0
SELECT busy=540
SELECT w0=509
SELECT w1=424
SELECT w2=414
BUSY TASK ewma=997
DMA IRQ c0=1
DMA IRQ c1=0
DMA IRQ c2=0
DMA IRQ c3=0
SELECT busy=555
SELECT w0=523
SELECT w1=432
SELECT w2=422
BUSY TASK ewma=997
DMA IRQ c0=1
DMA IRQ c1=0
DMA IRQ c2=0
DMA IRQ c3=0
SELECT busy=572
SELECT w0=540
SELECT w1=443
SELECT w2=430
BUSY TASK ewma=997
DMA IRQ c0=1
DMA IRQ c1=0
DMA IRQ c2=0
DMA IRQ c3=0
SELECT busy=583
SELECT w0=551
SELECT w1=450
SELECT w2=436
BUSY TASK ewma=997
DMA IRQ c0=1
DMA IRQ c1=0
DMA IRQ c2=0
DMA IRQ c3=0
SELECT busy=601
SELECT w0=569
SELECT w1=460
SELECT w2=446
BUSY TASK ewma=997
DMA IRQ c0=1
DMA IRQ c1=0
DMA IRQ c2=0
DMA IRQ c3=0
SELECT busy=624
SELECT w0=593
SELECT w1=478
SELECT w2=460
BUSY TASK ewma=997
DMA IRQ c0=1
DMA IRQ c1=0
DMA IRQ c2=0
DMA IRQ c3=0
SELECT busy=642
SELECT w0=611
SELECT w1=488
SELECT w2=471
BUSY TASK ewma=997
DMA IRQ c0=1
DMA IRQ c1=0
DMA IRQ c2=0
DMA IRQ c3=0
SELECT busy=666
SELECT w0=634
SELECT w1=501
SELECT w2=482
BUSY TASK ewma=997
DMA IRQ c0=1
DMA IRQ c1=0
DMA IRQ c2=0
DMA IRQ c3=0
SELECT busy=684
SELECT w0=654
SELECT w1=513
SELECT w2=492
BUSY TASK ewma=997
DMA IRQ c0=1
DMA IRQ c1=0
DMA IRQ c2=0
DMA IRQ c3=0
SELECT busy=705
SELECT w0=673
SELECT w1=524
SELECT w2=501
BUSY TASK ewma=997
DMA IRQ c0=1
DMA IRQ c1=0
DMA IRQ c2=0
DMA IRQ c3=0
SELECT busy=739
SELECT w0=708
SELECT w1=542
SELECT w2=528
BUSY TASK ewma=997
DMA IRQ c0=1
DMA IRQ c1=0
DMA IRQ c2=0
DMA IRQ c3=0
SELECT busy=769
SELECT w0=738
SELECT w1=564
SELECT w2=547
BUSY TASK ewma=997
DMA IRQ c0=1
DMA IRQ c1=0
DMA IRQ c2=0
DMA IRQ c3=0
SELECT busy=781
SELECT w0=751
SELECT w1=571
SELECT w2=553
BUSY TASK ewma=997
DMA IRQ c0=1
DMA IRQ c1=0
DMA IRQ c2=0
DMA IRQ c3=0
SELECT busy=811
SELECT w0=779
SELECT w1=587
SELECT w2=570
BUSY TASK ewma=997
DMA IRQ c0=1
DMA IRQ c1=0
DMA IRQ c2=0
DMA IRQ c3=0
SELECT busy=836
SELECT w0=805
SELECT w1=603
SELECT w2=590
BUSY TASK ewma=997
DMA IRQ c0=1
DMA IRQ c1=0
DMA IRQ c2=0
DMA IRQ c3=0
SELECT busy=855
SELECT w0=824
SELECT w1=614
SELECT w2=603
BUSY TASK ewma=997
DMA IRQ c0=1
DMA IRQ c1=0
DMA IRQ c2=0
DMA IRQ c3=0
SELECT busy=880
SELECT w0=849
SELECT w1=629
SELECT w2=619
BUSY TASK ewma=997
DMA IRQ c0=1
DMA IRQ c1=0
DMA IRQ c2=0
DMA IRQ c3=0
SELECT busy=908
SELECT w0=876
SELECT w1=642
SELECT w2=631
BUSY TASK ewma=997
DMA IRQ c0=1
DMA IRQ c1=0
DMA IRQ c2=0
DMA IRQ c3=0
SELECT busy=927
SELECT w0=895
SELECT w1=653
SELECT w2=642
BUSY TASK ewma=997
DMA IRQ c0=1
DMA IRQ c1=0
DMA IRQ c2=0
DMA IRQ c3=0
SELECT busy=944
SELECT w0=912
SELECT w1=662
SELECT w2=653
BUSY TASK ewma=997
DMA IRQ c0=1
DMA IRQ c1=0
DMA IRQ c2=0
DMA IRQ c3=0
SELECT busy=958
SELECT w0=927
SELECT w1=671
SELECT w2=662
BUSY TASK ewma=997
DMA IRQ c0=1
DMA IRQ c1=0
DMA IRQ c2=0
DMA IRQ c3=0
SELECT busy=976
SELECT w0=944
SELECT w1=681
SELECT w2=672
BUSY TASK ewma=997
DMA IRQ c0=1
DMA IRQ c1=0
DMA IRQ c2=0
DMA IRQ c3=0
SELECT busy=993
SELECT w0=962
SELECT w1=694
SELECT w2=689
BUSY TASK ewma=997
DMA IRQ c0=1
DMA IRQ c1=0
DMA IRQ c2=0
DMA IRQ c3=0
SELECT busy=1017
SELECT w0=985
SELECT w1=703
SELECT w2=699
BUSY TASK ewma=997
DMA IRQ c0=1
DMA IRQ c1=0
DMA IRQ c2=0
DMA IRQ c3=0
SELECT busy=1033
SELECT w0=1003
SELECT w1=714
SELECT w2=712
BUSY TASK ewma=997
DMA IRQ c0=1
DMA IRQ c1=0
DMA IRQ c2=0
DMA IRQ c3=0
SELECT busy=1052
SELECT w0=1021
SELECT w1=722
SELECT w2=724
BUSY TASK ewma=997
DMA IRQ c0=1
DMA IRQ c1=0
DMA IRQ c2=0
DMA IRQ c3=0
SELECT busy=1075
SELECT w0=1044
SELECT w1=731
SELECT w2=736
BUSY TASK ewma=997
DMA IRQ c0=1
DMA IRQ c1=0
DMA IRQ c2=0
DMA IRQ c3=0
SELECT busy=1102
SELECT w0=1071
SELECT w1=743
SELECT w2=753
BUSY TASK ewma=997
DMA IRQ c0=1
DMA IRQ c1=0
DMA IRQ c2=0
DMA IRQ c3=0
SELECT busy=1125
SELECT w0=1094
SELECT w1=760
SELECT w2=769
BUSY TASK ewma=997
DMA IRQ c0=1
DMA IRQ c1=0
DMA IRQ c2=0
DMA IRQ c3=0
SELECT busy=1151
SELECT w0=1119
SELECT w1=774
SELECT w2=779
BUSY TASK ewma=997
DMA IRQ c0=1
DMA IRQ c1=0
DMA IRQ c2=0
DMA IRQ c3=0
SELECT busy=1167
SELECT w0=1136
SELECT w1=784
SELECT w2=790
BUSY TASK ewma=997
DMA IRQ c0=1
DMA IRQ c1=0
DMA IRQ c2=0
DMA IRQ c3=0
SELECT busy=1181
SELECT w0=1150
SELECT w1=791
SELECT w2=799
BUSY TASK ewma=997
DMA IRQ c0=1
DMA IRQ c1=0
DMA IRQ c2=0
DMA IRQ c3=0
SELECT busy=1201
SELECT w0=1169
SELECT w1=802
SELECT w2=810
BUSY TASK ewma=997
DMA IRQ c0=1
DMA IRQ c1=0
DMA IRQ c2=0
DMA IRQ c3=0
SELECT busy=1219
SELECT w0=1188
SELECT w1=812
SELECT w2=821
BUSY TASK ewma=997
DMA IRQ c0=1
DMA IRQ c1=0
DMA IRQ c2=0
DMA IRQ c3=0
SELECT busy=1238
SELECT w0=1206
SELECT w1=823
SELECT w2=834
BUSY TASK ewma=997
DMA IRQ c0=1
DMA IRQ c1=0
DMA IRQ c2=0
DMA IRQ c3=0
SELECT busy=1252
SELECT w0=1221
SELECT w1=830
SELECT w2=843
BUSY TASK ewma=997
DMA IRQ c0=1
DMA IRQ c1=0
DMA IRQ c2=0
DMA IRQ c3=0
SELECT busy=1268
SELECT w0=1237
SELECT w1=838
SELECT w2=855
BUSY TASK ewma=997
DMA IRQ c0=1
DMA IRQ c1=0
DMA IRQ c2=0
DMA IRQ c3=0
SELECT busy=1292
SELECT w0=1260
SELECT w1=849
SELECT w2=863
BUSY TASK ewma=997
IRQ counts: cpu0=2587 cpu1=3047 cpu2=3051 cpu3=2927
SCHED secondaries: calls=9031 unexpected=0
SECTEST switches=8991 cpu1=35554460,33924560 cpu2=27070259,25439674 cpu3=40095449,37618532
PINGPONG rounds=722 pongs=722
DMA IRQ c0=1
DMA IRQ c1=0
DMA IRQ c2=0
DMA IRQ c3=0
SELECT busy=1319
SELECT w0=1287
SELECT w1=859
SELECT w2=875
BUSY TASK ewma=997
DMA IRQ c0=1
DMA IRQ c1=0
DMA IRQ c2=0
DMA IRQ c3=0
SELECT busy=1341
SELECT w0=1310
SELECT w1=871
SELECT w2=886
BUSY TASK ewma=997
DMA IRQ c0=1
DMA IRQ c1=0
DMA IRQ c2=0
DMA IRQ c3=0
SELECT busy=1369
SELECT w0=1337
SELECT w1=887
SELECT w2=902
BUSY TASK ewma=997
DMA IRQ c0=1
DMA IRQ c1=0
DMA IRQ c2=0
DMA IRQ c3=0
SELECT busy=1387
SELECT w0=1358
SELECT w1=899
SELECT w2=915
BUSY TASK ewma=997
DMA IRQ c0=1
DMA IRQ c1=0
DMA IRQ c2=0
DMA IRQ c3=0
SELECT busy=1406
SELECT w0=1375
SELECT w1=909
SELECT w2=928
BUSY TASK ewma=997
DMA IRQ c0=1
DMA IRQ c1=0
DMA IRQ c2=0
DMA IRQ c3=0
SELECT busy=1430
SELECT w0=1398
SELECT w1=921
SELECT w2=940
BUSY TASK ewma=997
DMA IRQ c0=1
DMA IRQ c1=0
DMA IRQ c2=0
DMA IRQ c3=0
SELECT busy=1449
SELECT w0=1417
SELECT w1=931
SELECT w2=949
BUSY TASK ewma=997
DMA IRQ c0=1
DMA IRQ c1=0
DMA IRQ c2=0
DMA IRQ c3=0
SELECT busy=1468
SELECT w0=1437
SELECT w1=943
SELECT w2=963
BUSY TASK ewma=997
DMA IRQ c0=1
DMA IRQ c1=0
DMA IRQ c2=0
DMA IRQ c3=0
SELECT busy=1487
SELECT w0=1455
SELECT w1=952
SELECT w2=971
BUSY TASK ewma=997
DMA IRQ c0=1
DMA IRQ c1=0
DMA IRQ c2=0
DMA IRQ c3=0
SELECT busy=1506
SELECT w0=1474
SELECT w1=960
SELECT w2=979
BUSY TASK ewma=997
DMA IRQ c0=1
DMA IRQ c1=0
DMA IRQ c2=0
DMA IRQ c3=0
SELECT busy=1527
SELECT w0=1496
SELECT w1=969
SELECT w2=990
BUSY TASK ewma=997
DMA IRQ c0=1
DMA IRQ c1=0
DMA IRQ c2=0
DMA IRQ c3=0
SELECT busy=1545
SELECT w0=1514
SELECT w1=980
SELECT w2=1002
BUSY TASK ewma=997
DMA IRQ c0=1
DMA IRQ c1=0
DMA IRQ c2=0
DMA IRQ c3=0
SELECT busy=1562
SELECT w0=1530
SELECT w1=989
SELECT w2=1011
BUSY TASK ewma=997
DMA IRQ c0=1
DMA IRQ c1=0
DMA IRQ c2=0
DMA IRQ c3=0
SELECT busy=1585
SELECT w0=1554
SELECT w1=1001
SELECT w2=1030
BUSY TASK ewma=997
DMA IRQ c0=1
DMA IRQ c1=0
DMA IRQ c2=0
DMA IRQ c3=0
SELECT busy=1603
SELECT w0=1572
SELECT w1=1010
SELECT w2=1039
BUSY TASK ewma=997
DMA IRQ c0=1
DMA IRQ c1=0
DMA IRQ c2=0
DMA IRQ c3=0
SELECT busy=1622
SELECT w0=1590
SELECT w1=1017
SELECT w2=1046
BUSY TASK ewma=997
DMA IRQ c0=1
DMA IRQ c1=0
DMA IRQ c2=0
DMA IRQ c3=0
SELECT busy=1645
SELECT w0=1614
SELECT w1=1029
SELECT w2=1058
BUSY TASK ewma=997
DMA IRQ c0=1
DMA IRQ c1=0
DMA IRQ c2=0
DMA IRQ c3=0
SELECT busy=1666
SELECT w0=1634
SELECT w1=1038
SELECT w2=1065
BUSY TASK ewma=997
DMA IRQ c0=1
DMA IRQ c1=0
DMA IRQ c2=0
DMA IRQ c3=0
SELECT busy=1690
SELECT w0=1659
SELECT w1=1050
SELECT w2=1079
BUSY TASK ewma=997
DMA IRQ c0=1
DMA IRQ c1=0
DMA IRQ c2=0
DMA IRQ c3=0
SELECT busy=1719
SELECT w0=1689
SELECT w1=1069
SELECT w2=1098
BUSY TASK ewma=997
DMA IRQ c0=1
DMA IRQ c1=0
DMA IRQ c2=0
DMA IRQ c3=0
SELECT busy=1742
SELECT w0=1711
SELECT w1=1079
SELECT w2=1106
BUSY TASK ewma=997
DMA IRQ c0=1
DMA IRQ c1=0
DMA IRQ c2=0
DMA IRQ c3=0
SELECT busy=1764
SELECT w0=1733
SELECT w1=1095
SELECT w2=1119
BUSY TASK ewma=997
DMA IRQ c0=1
DMA IRQ c1=0
DMA IRQ c2=0
DMA IRQ c3=0
SELECT busy=1790
SELECT w0=1759
SELECT w1=1116
SELECT w2=1136
BUSY TASK ewma=997
DMA IRQ c0=1
DMA IRQ c1=0
DMA IRQ c2=0
DMA IRQ c3=0
SELECT busy=1814
SELECT w0=1783
SELECT w1=1131
SELECT w2=1150
BUSY TASK ewma=997
DMA IRQ c0=1
DMA IRQ c1=0
DMA IRQ c2=0
DMA IRQ c3=0
SELECT busy=1838
SELECT w0=1807
SELECT w1=1144
SELECT w2=1165
BUSY TASK ewma=997
DMA IRQ c0=1
DMA IRQ c1=0
DMA IRQ c2=0
DMA IRQ c3=0
SELECT busy=1861
SELECT w0=1830
SELECT w1=1157
SELECT w2=1178
BUSY TASK ewma=997
DMA IRQ c0=1
DMA IRQ c1=0
DMA IRQ c2=0
DMA IRQ c3=0
SELECT busy=1890
SELECT w0=1859
SELECT w1=1172
SELECT w2=1199
BUSY TASK ewma=997
DMA IRQ c0=1
DMA IRQ c1=0
DMA IRQ c2=0
DMA IRQ c3=0
SELECT busy=1921
SELECT w0=1890
SELECT w1=1189
SELECT w2=1218
BUSY TASK ewma=997
DMA IRQ c0=1
DMA IRQ c1=0
DMA IRQ c2=0
DMA IRQ c3=0
SELECT busy=1955
SELECT w0=1923
SELECT w1=1206
SELECT w2=1236
BUSY TASK ewma=997
DMA IRQ c0=1
DMA IRQ c1=0
DMA IRQ c2=0
DMA IRQ c3=0
SELECT busy=1985
SELECT w0=1954
SELECT w1=1227
SELECT w2=1259
BUSY TASK ewma=997
DMA IRQ c0=1
DMA IRQ c1=0
DMA IRQ c2=0
DMA IRQ c3=0
SELECT busy=2010
SELECT w0=1979
SELECT w1=1240
SELECT w2=1270
BUSY TASK ewma=997
DMA IRQ c0=1
DMA IRQ c1=0
DMA IRQ c2=0
DMA IRQ c3=0
SELECT busy=2031
SELECT w0=2000
SELECT w1=1257
SELECT w2=1282
BUSY TASK ewma=997
DMA IRQ c0=1
DMA IRQ c1=0
DMA IRQ c2=0
DMA IRQ c3=0
SELECT busy=2055
SELECT w0=2024
SELECT w1=1273
SELECT w2=1298
BUSY TASK ewma=997
DMA IRQ c0=1
DMA IRQ c1=0
DMA IRQ c2=0
DMA IRQ c3=0
SELECT busy=2085
SELECT w0=2053
SELECT w1=1291
SELECT w2=1313
BUSY TASK ewma=997
DMA IRQ c0=1
DMA IRQ c1=0
DMA IRQ c2=0
DMA IRQ c3=0
SELECT busy=2109
SELECT w0=2078
SELECT w1=1301
SELECT w2=1322
BUSY TASK ewma=997
DMA IRQ c0=1
DMA IRQ c1=0
DMA IRQ c2=0
DMA IRQ c3=0
SELECT busy=2140
SELECT w0=2110
SELECT w1=1313
SELECT w2=1337
BUSY TASK ewma=997
DMA IRQ c0=1
DMA IRQ c1=0
DMA IRQ c2=0
DMA IRQ c3=0
SELECT busy=2168
SELECT w0=2136
SELECT w1=1324
SELECT w2=1350
BUSY TASK ewma=997
DMA IRQ c0=1
DMA IRQ c1=0
DMA IRQ c2=0
DMA IRQ c3=0
SELECT busy=2189
SELECT w0=2158
SELECT w1=1334
SELECT w2=1361
BUSY TASK ewma=997
DMA IRQ c0=1
DMA IRQ c1=0
DMA IRQ c2=0
DMA IRQ c3=0
SELECT busy=2221
SELECT w0=2190
SELECT w1=1349
SELECT w2=1380
BUSY TASK ewma=997
DMA IRQ c0=1
DMA IRQ c1=0
DMA IRQ c2=0
DMA IRQ c3=0
SELECT busy=2246
SELECT w0=2214
SELECT w1=1360
SELECT w2=1392
BUSY TASK ewma=997
DMA IRQ c0=1
DMA IRQ c1=0
DMA IRQ c2=0
DMA IRQ c3=0
SELECT busy=2273
SELECT w0=2241
SELECT w1=1373
SELECT w2=1409
BUSY TASK ewma=997
DMA IRQ c0=1
DMA IRQ c1=0
DMA IRQ c2=0
DMA IRQ c3=0
SELECT busy=2294
SELECT w0=2263
SELECT w1=1383
SELECT w2=1418
BUSY TASK ewma=997
DMA IRQ c0=1
DMA IRQ c1=0
DMA IRQ c2=0
DMA IRQ c3=0
SELECT busy=2321
SELECT w0=2291
SELECT w1=1400
SELECT w2=1433
BUSY TASK ewma=997
DMA IRQ c0=1
DMA IRQ c1=0
DMA IRQ c2=0
DMA IRQ c3=0
SELECT busy=2347
SELECT w0=2316
SELECT w1=1416
SELECT w2=1445
BUSY TASK ewma=997
DMA IRQ c0=1
DMA IRQ c1=0
DMA IRQ c2=0
DMA IRQ c3=0
SELECT busy=2372
SELECT w0=2340
SELECT w1=1430
SELECT w2=1461
BUSY TASK ewma=997
DMA IRQ c0=1
DMA IRQ c1=0
DMA IRQ c2=0
DMA IRQ c3=0
SELECT busy=2388
SELECT w0=2360
SELECT w1=1444
SELECT w2=1473
BUSY TASK ewma=997
DMA IRQ c0=1
DMA IRQ c1=0
DMA IRQ c2=0
DMA IRQ c3=0
SELECT busy=2409
SELECT w0=2377
SELECT w1=1453
SELECT w2=1482
BUSY TASK ewma=997
DMA IRQ c0=1
DMA IRQ c1=0
DMA IRQ c2=0
DMA IRQ c3=0
SELECT busy=2427
SELECT w0=2396
SELECT w1=1465
SELECT w2=1492
BUSY TASK ewma=997
DMA IRQ c0=1
DMA IRQ c1=0
DMA IRQ c2=0
DMA IRQ c3=0
SELECT busy=2449
SELECT w0=2417
SELECT w1=1478
SELECT w2=1504
BUSY TASK ewma=997
DMA IRQ c0=1
DMA IRQ c1=0
DMA IRQ c2=0
DMA IRQ c3=0
SELECT busy=2475
SELECT w0=2443
SELECT w1=1490
SELECT w2=1517
BUSY TASK ewma=997
DMA IRQ c0=1
DMA IRQ c1=0
DMA IRQ c2=0
DMA IRQ c3=0
SELECT busy=2505
SELECT w0=2474
SELECT w1=1510
SELECT w2=1534
BUSY TASK ewma=997
DMA IRQ c0=1
DMA IRQ c1=0
DMA IRQ c2=0
DMA IRQ c3=0
SELECT busy=2536
SELECT w0=2505
SELECT w1=1528
SELECT w2=1550
BUSY TASK ewma=997
DMA IRQ c0=1
DMA IRQ c1=0
DMA IRQ c2=0
DMA IRQ c3=0
SELECT busy=2557
SELECT w0=2526
SELECT w1=1540
SELECT w2=1561
BUSY TASK ewma=997
DMA IRQ c0=1
DMA IRQ c1=0
DMA IRQ c2=0
DMA IRQ c3=0
SELECT busy=2584
SELECT w0=2553
SELECT w1=1557
SELECT w2=1577
BUSY TASK ewma=997
DMA IRQ c0=1
DMA IRQ c1=0
DMA IRQ c2=0
DMA IRQ c3=0
SELECT busy=2608
SELECT w0=2576
SELECT w1=1568
SELECT w2=1588
BUSY TASK ewma=997
DMA IRQ c0=1
DMA IRQ c1=0
DMA IRQ c2=0
DMA IRQ c3=0
SELECT busy=2637
SELECT w0=2606
SELECT w1=1582
SELECT w2=1606
BUSY TASK ewma=997
DMA IRQ c0=1
DMA IRQ c1=0
DMA IRQ c2=0
DMA IRQ c3=0
SELECT busy=2662
SELECT w0=2631
SELECT w1=1596
SELECT w2=1620
BUSY TASK ewma=997
DMA IRQ c0=1
DMA IRQ c1=0
DMA IRQ c2=0
DMA IRQ c3=0
SELECT busy=2690
SELECT w0=2658
SELECT w1=1610
SELECT w2=1634
BUSY TASK ewma=997
DMA IRQ c0=1
DMA IRQ c1=0
DMA IRQ c2=0
DMA IRQ c3=0
SELECT busy=2711
SELECT w0=2680
SELECT w1=1625
SELECT w2=1649
BUSY TASK ewma=997
DMA IRQ c0=1
DMA IRQ c1=0
DMA IRQ c2=0
DMA IRQ c3=0
SELECT busy=2734
SELECT w0=2702
SELECT w1=1636
SELECT w2=1658
BUSY TASK ewma=997
DMA IRQ c0=1
DMA IRQ c1=0
DMA IRQ c2=0
DMA IRQ c3=0
SELECT busy=2747
SELECT w0=2715
SELECT w1=1643
SELECT w2=1663
BUSY TASK ewma=997
DMA IRQ c0=1
DMA IRQ c1=0
DMA IRQ c2=0
DMA IRQ c3=0
SELECT busy=2768
SELECT w0=2737
SELECT w1=1656
SELECT w2=1676
BUSY TASK ewma=997
DMA IRQ c0=1
DMA IRQ c1=0
DMA IRQ c2=0
DMA IRQ c3=0
SELECT busy=2787
SELECT w0=2756
SELECT w1=1669
SELECT w2=1686
BUSY TASK ewma=997
DMA IRQ c0=1
DMA IRQ c1=0
DMA IRQ c2=0
DMA IRQ c3=0
SELECT busy=2803
SELECT w0=2771
SELECT w1=1676
SELECT w2=1693
BUSY TASK ewma=997
IRQ counts: cpu0=5605 cpu1=6439 cpu2=6428 cpu3=6409
SCHED secondaries: calls=19276 unexpected=0
SECTEST switches=19238 cpu1=73018935,70810593 cpu2=55612039,51668723 cpu3=81312765,77146641
PINGPONG rounds=1315 pongs=1315
DMA IRQ c0=1
DMA IRQ c1=0
DMA IRQ c2=0
DMA IRQ c3=0
SELECT busy=2829
SELECT w0=2798
SELECT w1=1695
SELECT w2=1711
BUSY TASK ewma=997
DMA IRQ c0=1
DMA IRQ c1=0
DMA IRQ c2=0
DMA IRQ c3=0
SELECT busy=2853
SELECT w0=2821
SELECT w1=1707
SELECT w2=1721
BUSY TASK ewma=997
DMA IRQ c0=1
DMA IRQ c1=0
DMA IRQ c2=0
DMA IRQ c3=0
SELECT busy=2872
SELECT w0=2840
SELECT w1=1717
SELECT w2=1733
BUSY TASK ewma=997
DMA IRQ c0=1
DMA IRQ c1=0
DMA IRQ c2=0
DMA IRQ c3=0
SELECT busy=2894
SELECT w0=2863
SELECT w1=1731
SELECT w2=1750
BUSY TASK ewma=997
DMA IRQ c0=1
DMA IRQ c1=0
DMA IRQ c2=0
DMA IRQ c3=0
SELECT busy=2919
SELECT w0=2887
SELECT w1=1743
SELECT w2=1765
BUSY TASK ewma=997
DMA IRQ c0=1
DMA IRQ c1=0
DMA IRQ c2=0
DMA IRQ c3=0
SELECT busy=2940
SELECT w0=2909
SELECT w1=1755
SELECT w2=1775
BUSY TASK ewma=997
DMA IRQ c0=1
DMA IRQ c1=0
DMA IRQ c2=0
DMA IRQ c3=0
SELECT busy=2963
SELECT w0=2931
SELECT w1=1765
SELECT w2=1786
BUSY TASK ewma=997
DMA IRQ c0=1
DMA IRQ c1=0
DMA IRQ c2=0
DMA IRQ c3=0
SELECT busy=2985
SELECT w0=2955
SELECT w1=1779
SELECT w2=1798
BUSY TASK ewma=997
DMA IRQ c0=1
DMA IRQ c1=0
DMA IRQ c2=0
DMA IRQ c3=0
SELECT busy=3007
SELECT w0=2976
SELECT w1=1789
SELECT w2=1807
BUSY TASK ewma=997
DMA IRQ c0=1
DMA IRQ c1=0
DMA IRQ c2=0
DMA IRQ c3=0
SELECT busy=3032
SELECT w0=3001
SELECT w1=1804
SELECT w2=1820
BUSY TASK ewma=997
DMA IRQ c0=1
DMA IRQ c1=0
DMA IRQ c2=0
DMA IRQ c3=0
SELECT busy=3060
SELECT w0=3029
SELECT w1=1821
SELECT w2=1840
BUSY TASK ewma=997
DMA IRQ c0=1
DMA IRQ c1=0
DMA IRQ c2=0
DMA IRQ c3=0
SELECT busy=3077
SELECT w0=3046
SELECT w1=1832
SELECT w2=1851
BUSY TASK ewma=997
DMA IRQ c0=1
DMA IRQ c1=0
DMA IRQ c2=0
DMA IRQ c3=0
SELECT busy=3096
SELECT w0=3064
SELECT w1=1843
SELECT w2=1861
BUSY TASK ewma=997
DMA IRQ c0=1
DMA IRQ c1=0
DMA IRQ c2=0
DMA IRQ c3=0
SELECT busy=3113
SELECT w0=3081
SELECT w1=1854
SELECT w2=1869
BUSY TASK ewma=997
DMA IRQ c0=1
DMA IRQ c1=0
DMA IRQ c2=0
DMA IRQ c3=0
SELECT busy=3150
SELECT w0=3120
SELECT w1=1874
SELECT w2=1890
BUSY TASK ewma=997
DMA IRQ c0=1
DMA IRQ c1=0
DMA IRQ c2=0
DMA IRQ c3=0
SELECT busy=3187
SELECT w0=3156
SELECT w1=1894
SELECT w2=1907
BUSY TASK ewma=997
DMA IRQ c0=1
DMA IRQ c1=0
DMA IRQ c2=0
DMA IRQ c3=0
SELECT busy=3217
SELECT w0=3185
SELECT w1=1909
SELECT w2=1922
BUSY TASK ewma=997
DMA IRQ c0=1
DMA IRQ c1=0
DMA IRQ c2=0
DMA IRQ c3=0
SELECT busy=3248
SELECT w0=3216
SELECT w1=1926
SELECT w2=1938
BUSY TASK ewma=997
DMA IRQ c0=1
DMA IRQ c1=0
DMA IRQ c2=0
DMA IRQ c3=0
SELECT busy=3271
SELECT w0=3241
SELECT w1=1940
SELECT w2=1952
BUSY TASK ewma=997
DMA IRQ c0=1
DMA IRQ c1=0
DMA IRQ c2=0
DMA IRQ c3=0
SELECT busy=3296
SELECT w0=3264
SELECT w1=1953
SELECT w2=1965
BUSY TASK ewma=997
DMA IRQ c0=1
DMA IRQ c1=0
DMA IRQ c2=0
DMA IRQ c3=0
SELECT busy=3318
SELECT w0=3287
SELECT w1=1964
SELECT w2=1977
BUSY TASK ewma=997
DMA IRQ c0=1
DMA IRQ c1=0
DMA IRQ c2=0
DMA IRQ c3=0
SELECT busy=3351
SELECT w0=3320
SELECT w1=1982
SELECT w2=1995
BUSY TASK ewma=997
DMA IRQ c0=1
DMA IRQ c1=0
DMA IRQ c2=0
DMA IRQ c3=0
SELECT busy=3377
SELECT w0=3347
SELECT w1=2002
SELECT w2=2013
BUSY TASK ewma=997
DMA IRQ c0=1
DMA IRQ c1=0
DMA IRQ c2=0
DMA IRQ c3=0
SELECT busy=3414
SELECT w0=3383
SELECT w1=2020
SELECT w2=2030
BUSY TASK ewma=997
DMA IRQ c0=1
DMA IRQ c1=0
DMA IRQ c2=0
DMA IRQ c3=0
SELECT busy=3436
SELECT w0=3405
SELECT w1=2033
SELECT w2=2045
BUSY TASK ewma=997
DMA IRQ c0=1
DMA IRQ c1=0
DMA IRQ c2=0
DMA IRQ c3=0
SELECT busy=3466
SELECT w0=3434
SELECT w1=2045
SELECT w2=2060
BUSY TASK ewma=997
DMA IRQ c0=1
DMA IRQ c1=0
DMA IRQ c2=0
DMA IRQ c3=0
SELECT busy=3494
SELECT w0=3462
SELECT w1=2062
SELECT w2=2074
BUSY TASK ewma=997
DMA IRQ c0=1
DMA IRQ c1=0
DMA IRQ c2=0
DMA IRQ c3=0
SELECT busy=3512
SELECT w0=3481
SELECT w1=2074
SELECT w2=2086
BUSY TASK ewma=997
DMA IRQ c0=1
DMA IRQ c1=0
DMA IRQ c2=0
DMA IRQ c3=0
SELECT busy=3537
SELECT w0=3505
SELECT w1=2087
SELECT w2=2098
BUSY TASK ewma=997
DMA IRQ c0=1
DMA IRQ c1=0
DMA IRQ c2=0
DMA IRQ c3=0
SELECT busy=3558
SELECT w0=3526
SELECT w1=2100
SELECT w2=2111
BUSY TASK ewma=997
DMA IRQ c0=1
DMA IRQ c1=0
DMA IRQ c2=0
DMA IRQ c3=0
SELECT busy=3586
SELECT w0=3556
SELECT w1=2118
SELECT w2=2126
BUSY TASK ewma=997
DMA IRQ c0=1
DMA IRQ c1=0
DMA IRQ c2=0
DMA IRQ c3=0
SELECT busy=3619
SELECT w0=3587
SELECT w1=2142
SELECT w2=2148
BUSY TASK ewma=997
DMA IRQ c0=1
DMA IRQ c1=0
DMA IRQ c2=0
DMA IRQ c3=0
SELECT busy=3653
SELECT w0=3621
SELECT w1=2155
SELECT w2=2164
BUSY TASK ewma=997
DMA IRQ c0=1
DMA IRQ c1=0
DMA IRQ c2=0
DMA IRQ c3=0
SELECT busy=3681
SELECT w0=3650
SELECT w1=2174
SELECT w2=2181
BUSY TASK ewma=997
DMA IRQ c0=1
DMA IRQ c1=0
DMA IRQ c2=0
DMA IRQ c3=0
SELECT busy=3707
SELECT w0=3676
SELECT w1=2193
SELECT w2=2200
BUSY TASK ewma=997
DMA IRQ c0=1
DMA IRQ c1=0
DMA IRQ c2=0
DMA IRQ c3=0
SELECT busy=3738
SELECT w0=3707
SELECT w1=2215
SELECT w2=2219
BUSY TASK ewma=997
DMA IRQ c0=1
DMA IRQ c1=0
DMA IRQ c2=0
DMA IRQ c3=0
SELECT busy=3763
SELECT w0=3732
SELECT w1=2230
SELECT w2=2236
BUSY TASK ewma=997
DMA IRQ c0=1
DMA IRQ c1=0
DMA IRQ c2=0
DMA IRQ c3=0
SELECT busy=3787
SELECT w0=3755
SELECT w1=2244
SELECT w2=2249
BUSY TASK ewma=997
DMA IRQ c0=1
DMA IRQ c1=0
DMA IRQ c2=0
DMA IRQ c3=0
SELECT busy=3806
SELECT w0=3774
SELECT w1=2252
SELECT w2=2258
BUSY TASK ewma=997
DMA IRQ c0=1
DMA IRQ c1=0
DMA IRQ c2=0
DMA IRQ c3=0
SELECT busy=3828
SELECT w0=3797
SELECT w1=2264
SELECT w2=2268
BUSY TASK ewma=997
DMA IRQ c0=1
DMA IRQ c1=0
DMA IRQ c2=0
DMA IRQ c3=0
SELECT busy=3850
SELECT w0=3819
SELECT w1=2275
SELECT w2=2281
BUSY TASK ewma=997
DMA IRQ c0=1
DMA IRQ c1=0
DMA IRQ c2=0
DMA IRQ c3=0
SELECT busy=3869
SELECT w0=3837
SELECT w1=2284
SELECT w2=2291
BUSY TASK ewma=997
DMA IRQ c0=1
DMA IRQ c1=0
DMA IRQ c2=0
DMA IRQ c3=0
SELECT busy=3892
SELECT w0=3861
SELECT w1=2298
SELECT w2=2307
BUSY TASK ewma=997
DMA IRQ c0=1
DMA IRQ c1=0
DMA IRQ c2=0
DMA IRQ c3=0
SELECT busy=3910
SELECT w0=3879
SELECT w1=2306
SELECT w2=2316
BUSY TASK ewma=997
DMA IRQ c0=1
DMA IRQ c1=0
DMA IRQ c2=0
DMA IRQ c3=0
SELECT busy=3936
SELECT w0=3904
SELECT w1=2318
SELECT w2=2329
BUSY TASK ewma=997
DMA IRQ c0=1
DMA IRQ c1=0
DMA IRQ c2=0
DMA IRQ c3=0
SELECT busy=3961
SELECT w0=3930
SELECT w1=2333
SELECT w2=2344
BUSY TASK ewma=997
DMA IRQ c0=1
DMA IRQ c1=0
DMA IRQ c2=0
DMA IRQ c3=0
SELECT busy=3987
SELECT w0=3955
SELECT w1=2346
SELECT w2=2355
BUSY TASK ewma=997
DMA IRQ c0=1
DMA IRQ c1=0
DMA IRQ c2=0
DMA IRQ c3=0
SELECT busy=4009
SELECT w0=3977
SELECT w1=2356
SELECT w2=2364
BUSY TASK ewma=997
DMA IRQ c0=1
DMA IRQ c1=0
DMA IRQ c2=0
DMA IRQ c3=0
SELECT busy=4031
SELECT w0=4001
SELECT w1=2370
SELECT w2=2384
BUSY TASK ewma=997
DMA IRQ c0=1
DMA IRQ c1=0
DMA IRQ c2=0
DMA IRQ c3=0
SELECT busy=4061
SELECT w0=4029
SELECT w1=2386
SELECT w2=2400
BUSY TASK ewma=997
DMA IRQ c0=1
DMA IRQ c1=0
DMA IRQ c2=0
DMA IRQ c3=0
SELECT busy=4084
SELECT w0=4052
SELECT w1=2401
SELECT w2=2410
BUSY TASK ewma=997
DMA IRQ c0=1
DMA IRQ c1=0
DMA IRQ c2=0
DMA IRQ c3=0
SELECT busy=4107
SELECT w0=4077
SELECT w1=2413
SELECT w2=2422
BUSY TASK ewma=997
DMA IRQ c0=1
DMA IRQ c1=0
DMA IRQ c2=0
DMA IRQ c3=0
SELECT busy=4128
SELECT w0=4096
SELECT w1=2421
SELECT w2=2435
BUSY TASK ewma=997
DMA IRQ c0=1
DMA IRQ c1=0
DMA IRQ c2=0
DMA IRQ c3=0
SELECT busy=4149
SELECT w0=4118
SELECT w1=2430
SELECT w2=2447
BUSY TASK ewma=997
DMA IRQ c0=1
DMA IRQ c1=0
DMA IRQ c2=0
DMA IRQ c3=0
SELECT busy=4173
SELECT w0=4142
SELECT w1=2444
SELECT w2=2460
BUSY TASK ewma=997
DMA IRQ c0=1
DMA IRQ c1=0
DMA IRQ c2=0
DMA IRQ c3=0
SELECT busy=4199
SELECT w0=4168
SELECT w1=2463
SELECT w2=2479
BUSY TASK ewma=997
DMA IRQ c0=1
DMA IRQ c1=0
DMA IRQ c2=0
DMA IRQ c3=0
SELECT busy=4226
SELECT w0=4195
SELECT w1=2480
SELECT w2=2497
BUSY TASK ewma=997
DMA IRQ c0=1
DMA IRQ c1=0
DMA IRQ c2=0
DMA IRQ c3=0
SELECT busy=4263
SELECT w0=4232
SELECT w1=2503
SELECT w2=2524
BUSY TASK ewma=997
DMA IRQ c0=1
DMA IRQ c1=0
DMA IRQ c2=0
DMA IRQ c3=0
SELECT busy=4290
SELECT w0=4259
SELECT w1=2517
SELECT w2=2539
BUSY TASK ewma=997
DMA IRQ c0=1
DMA IRQ c1=0
DMA IRQ c2=0
DMA IRQ c3=0
SELECT busy=4314
SELECT w0=4282
SELECT w1=2529
SELECT w2=2549
BUSY TASK ewma=997
DMA IRQ c0=1
DMA IRQ c1=0
DMA IRQ c2=0
DMA IRQ c3=0
SELECT busy=4342
SELECT w0=4311
SELECT w1=2546
SELECT w2=2570
BUSY TASK ewma=997
DMA IRQ c0=1
DMA IRQ c1=0
DMA IRQ c2=0
DMA IRQ c3=0
SELECT busy=4378
SELECT w0=4347
SELECT w1=2564
SELECT w2=2588
BUSY TASK ewma=997
DMA IRQ c0=1
DMA IRQ c1=0
DMA IRQ c2=0
DMA IRQ c3=0
SELECT busy=4398
SELECT w0=4367
SELECT w1=2575
SELECT w2=2599
BUSY TASK ewma=997
DMA IRQ c0=1
DMA IRQ c1=0
DMA IRQ c2=0
DMA IRQ c3=0
SELECT busy=4420
SELECT w0=4389
SELECT w1=2589
SELECT w2=2617
BUSY TASK ewma=997
IRQ counts: cpu0=8853 cpu1=10187 cpu2=10228 cpu3=10232
SCHED secondaries: calls=30670 unexpected=0
SECTEST switches=30669 cpu1=110215338,106053763 cpu2=86374701,79962649 cpu3=124654158,117785440
PINGPONG rounds=1969 pongs=1971
DMA IRQ c0=1
DMA IRQ c1=0
DMA IRQ c2=0
DMA IRQ c3=0
SELECT busy=4461
SELECT w0=4430
SELECT w1=2615
SELECT w2=2651
BUSY TASK ewma=997
DMA IRQ c0=1
DMA IRQ c1=0
DMA IRQ c2=0
DMA IRQ c3=0
SELECT busy=4487
SELECT w0=4456
SELECT w1=2630
SELECT w2=2667
BUSY TASK ewma=997
DMA IRQ c0=1
DMA IRQ c1=0
DMA IRQ c2=0
DMA IRQ c3=0
SELECT busy=4509
SELECT w0=4477
SELECT w1=2639
SELECT w2=2681
BUSY TASK ewma=997
DMA IRQ c0=1
DMA IRQ c1=0
DMA IRQ c2=0
DMA IRQ c3=0
SELECT busy=4536
SELECT w0=4504
SELECT w1=2657
SELECT w2=2695
BUSY TASK ewma=997
DMA IRQ c0=1
DMA IRQ c1=0
DMA IRQ c2=0
DMA IRQ c3=0
SELECT busy=4558
SELECT w0=4527
SELECT w1=2670
SELECT w2=2708
BUSY TASK ewma=997
DMA IRQ c0=1
DMA IRQ c1=0
DMA IRQ c2=0
DMA IRQ c3=0
SELECT busy=4575
SELECT w0=4544
SELECT w1=2680
SELECT w2=2717
BUSY TASK ewma=997
DMA IRQ c0=1
DMA IRQ c1=0
DMA IRQ c2=0
DMA IRQ c3=0
SELECT busy=4599
SELECT w0=4569
SELECT w1=2694
SELECT w2=2731
BUSY TASK ewma=997
DMA IRQ c0=1
DMA IRQ c1=0
DMA IRQ c2=0
DMA IRQ c3=0
SELECT busy=4619
SELECT w0=4587
SELECT w1=2702
SELECT w2=2741
BUSY TASK ewma=997
DMA IRQ c0=1
DMA IRQ c1=0
DMA IRQ c2=0
DMA IRQ c3=0
SELECT busy=4643
SELECT w0=4611
SELECT w1=2712
SELECT w2=2755
BUSY TASK ewma=997
DMA IRQ c0=1
DMA IRQ c1=0
DMA IRQ c2=0
DMA IRQ c3=0
SELECT busy=4665
SELECT w0=4633
SELECT w1=2723
SELECT w2=2768
BUSY TASK ewma=997
DMA IRQ c0=1
DMA IRQ c1=0
DMA IRQ c2=0
DMA IRQ c3=0
SELECT busy=4691
SELECT w0=4661
SELECT w1=2742
SELECT w2=2788
BUSY TASK ewma=997
DMA IRQ c0=1
DMA IRQ c1=0
DMA IRQ c2=0
DMA IRQ c3=0
SELECT busy=4716
SELECT w0=4684
SELECT w1=2749
SELECT w2=2797
BUSY TASK ewma=997
DMA IRQ c0=1
DMA IRQ c1=0
DMA IRQ c2=0
DMA IRQ c3=0
SELECT busy=4735
SELECT w0=4703
SELECT w1=2755
SELECT w2=2806
BUSY TASK ewma=997
DMA IRQ c0=1
DMA IRQ c1=0
DMA IRQ c2=0
DMA IRQ c3=0
SELECT busy=4755
SELECT w0=4723
SELECT w1=2765
SELECT w2=2818
BUSY TASK ewma=997
DMA IRQ c0=1
DMA IRQ c1=0
DMA IRQ c2=0
DMA IRQ c3=0
SELECT busy=4768
SELECT w0=4737
SELECT w1=2773
SELECT w2=2829
BUSY TASK ewma=997
DMA IRQ c0=1
DMA IRQ c1=0
DMA IRQ c2=0
DMA IRQ c3=0
SELECT busy=4790
SELECT w0=4758
SELECT w1=2783
SELECT w2=2843
BUSY TASK ewma=997
DMA IRQ c0=1
DMA IRQ c1=0
DMA IRQ c2=0
DMA IRQ c3=0
SELECT busy=4811
SELECT w0=4780
SELECT w1=2794
SELECT w2=2860
BUSY TASK ewma=997
DMA IRQ c0=1
DMA IRQ c1=0
DMA IRQ c2=0
DMA IRQ c3=0
SELECT busy=4830
SELECT w0=4799
SELECT w1=2798
SELECT w2=2865
BUSY TASK ewma=997
DMA IRQ c0=1
DMA IRQ c1=0
DMA IRQ c2=0
DMA IRQ c3=0
SELECT busy=4849
SELECT w0=4817
SELECT w1=2807
SELECT w2=2877
BUSY TASK ewma=997
DMA IRQ c0=1
DMA IRQ c1=0
DMA IRQ c2=0
DMA IRQ c3=0
SELECT busy=4865
SELECT w0=4833
SELECT w1=2813
SELECT w2=2886
BUSY TASK ewma=997
DMA IRQ c0=1
DMA IRQ c1=0
DMA IRQ c2=0
DMA IRQ c3=0
SELECT busy=4889
SELECT w0=4858
SELECT w1=2823
SELECT w2=2898
BUSY TASK ewma=997
DMA IRQ c0=1
DMA IRQ c1=0
DMA IRQ c2=0
DMA IRQ c3=0
SELECT busy=4914
SELECT w0=4882
SELECT w1=2837
SELECT w2=2911
BUSY TASK ewma=997
DMA IRQ c0=1
DMA IRQ c1=0
DMA IRQ c2=0
DMA IRQ c3=0
SELECT busy=4933
SELECT w0=4901
SELECT w1=2842
SELECT w2=2919
BUSY TASK ewma=997
DMA IRQ c0=1
DMA IRQ c1=0
DMA IRQ c2=0
DMA IRQ c3=0
SELECT busy=4955
SELECT w0=4924
SELECT w1=2851
SELECT w2=2930
BUSY TASK ewma=997
DMA IRQ c0=1
DMA IRQ c1=0
DMA IRQ c2=0
DMA IRQ c3=0
SELECT busy=4972
SELECT w0=4940
SELECT w1=2859
SELECT w2=2941
BUSY TASK ewma=997
DMA IRQ c0=1
DMA IRQ c1=0
DMA IRQ c2=0
DMA IRQ c3=0
SELECT busy=4992
SELECT w0=4961
SELECT w1=2870
SELECT w2=2955
BUSY TASK ewma=997
DMA IRQ c0=1
DMA IRQ c1=0
DMA IRQ c2=0
DMA IRQ c3=0
SELECT busy=5011
SELECT w0=4982
SELECT w1=2881
SELECT w2=2968
BUSY TASK ewma=997
DMA IRQ c0=1
DMA IRQ c1=0
DMA IRQ c2=0
DMA IRQ c3=0
SELECT busy=5031
SELECT w0=5000
SELECT w1=2890
SELECT w2=2982
BUSY TASK ewma=997
DMA IRQ c0=1
DMA IRQ c1=0
DMA IRQ c2=0
DMA IRQ c3=0
SELECT busy=5051
SELECT w0=5021
SELECT w1=2904
SELECT w2=2995
BUSY TASK ewma=997
DMA IRQ c0=1
DMA IRQ c1=0
DMA IRQ c2=0
DMA IRQ c3=0
SELECT busy=5079
SELECT w0=5048
SELECT w1=2918
SELECT w2=3013
BUSY TASK ewma=997
DMA IRQ c0=1
DMA IRQ c1=0
DMA IRQ c2=0
DMA IRQ c3=0
SELECT busy=5098
SELECT w0=5066
SELECT w1=2924
SELECT w2=3022
BUSY TASK ewma=997
DMA IRQ c0=1
DMA IRQ c1=0
DMA IRQ c2=0
DMA IRQ c3=0
SELECT busy=5116
SELECT w0=5085
SELECT w1=2933
SELECT w2=3034
BUSY TASK ewma=997
DMA IRQ c0=1
DMA IRQ c1=0
DMA IRQ c2=0
DMA IRQ c3=0
SELECT busy=5139
SELECT w0=5108
SELECT w1=2947
SELECT w2=3052
BUSY TASK ewma=997
DMA IRQ c0=1
DMA IRQ c1=0
DMA IRQ c2=0
DMA IRQ c3=0
SELECT busy=5160
SELECT w0=5128
SELECT w1=2956
SELECT w2=3063
BUSY TASK ewma=997
DMA IRQ c0=1
DMA IRQ c1=0
DMA IRQ c2=0
DMA IRQ c3=0
SELECT busy=5177
SELECT w0=5146
SELECT w1=2966
SELECT w2=3077
BUSY TASK ewma=997
DMA IRQ c0=1
DMA IRQ c1=0
DMA IRQ c2=0
DMA IRQ c3=0
SELECT busy=5194
SELECT w0=5162
SELECT w1=2973
SELECT w2=3086
BUSY TASK ewma=997
DMA IRQ c0=1
DMA IRQ c1=0
DMA IRQ c2=0
DMA IRQ c3=0
SELECT busy=5210
SELECT w0=5179
SELECT w1=2982
SELECT w2=3099
BUSY TASK ewma=997
DMA IRQ c0=1
DMA IRQ c1=0
DMA IRQ c2=0
DMA IRQ c3=0
SELECT busy=5233
SELECT w0=5201
SELECT w1=2995
SELECT w2=3113
BUSY TASK ewma=997
DMA IRQ c0=1
DMA IRQ c1=0
DMA IRQ c2=0
DMA IRQ c3=0
SELECT busy=5257
SELECT w0=5226
SELECT w1=3007
SELECT w2=3129
BUSY TASK ewma=997
DMA IRQ c0=1
DMA IRQ c1=0
DMA IRQ c2=0
DMA IRQ c3=0
SELECT busy=5276
SELECT w0=5244
SELECT w1=3014
SELECT w2=3138
BUSY TASK ewma=997
DMA IRQ c0=1
DMA IRQ c1=0
DMA IRQ c2=0
DMA IRQ c3=0
SELECT busy=5290
SELECT w0=5259
SELECT w1=3021
SELECT w2=3148
BUSY TASK ewma=997
DMA IRQ c0=1
DMA IRQ c1=0
DMA IRQ c2=0
DMA IRQ c3=0
SELECT busy=5311
SELECT w0=5279
SELECT w1=3030
SELECT w2=3162
BUSY TASK ewma=997
DMA IRQ c0=1
DMA IRQ c1=0
DMA IRQ c2=0
DMA IRQ c3=0
SELECT busy=5333
SELECT w0=5302
SELECT w1=3041
SELECT w2=3173
BUSY TASK ewma=997
DMA IRQ c0=1
DMA IRQ c1=0
DMA IRQ c2=0
DMA IRQ c3=0
SELECT busy=5353
SELECT w0=5322
SELECT w1=3050
SELECT w2=3183
BUSY TASK ewma=997
DMA IRQ c0=1
DMA IRQ c1=0
DMA IRQ c2=0
DMA IRQ c3=0
SELECT busy=5382
SELECT w0=5350
SELECT w1=3064
SELECT w2=3200
BUSY TASK ewma=997
DMA IRQ c0=1
DMA IRQ c1=0
DMA IRQ c2=0
DMA IRQ c3=0
SELECT busy=5402
SELECT w0=5372
SELECT w1=3078
SELECT w2=3217
BUSY TASK ewma=997
DMA IRQ c0=1
DMA IRQ c1=0
DMA IRQ c2=0
DMA IRQ c3=0
SELECT busy=5433
SELECT w0=5402
SELECT w1=3093
SELECT w2=3232
BUSY TASK ewma=997
DMA IRQ c0=1
DMA IRQ c1=0
DMA IRQ c2=0
DMA IRQ c3=0
SELECT busy=5456
SELECT w0=5424
SELECT w1=3104
SELECT w2=3248
BUSY TASK ewma=997
DMA IRQ c0=1
DMA IRQ c1=0
DMA IRQ c2=0
DMA IRQ c3=0
SELECT busy=5478
SELECT w0=5447
SELECT w1=3114
SELECT w2=3258
BUSY TASK ewma=997
DMA IRQ c0=1
DMA IRQ c1=0
DMA IRQ c2=0
DMA IRQ c3=0
SELECT busy=5503
SELECT w0=5472
SELECT w1=3125
SELECT w2=3272
BUSY TASK ewma=997
DMA IRQ c0=1
DMA IRQ c1=0
DMA IRQ c2=0
DMA IRQ c3=0
SELECT busy=5518
SELECT w0=5486
SELECT w1=3133
SELECT w2=3280
BUSY TASK ewma=997
DMA IRQ c0=1
DMA IRQ c1=0
DMA IRQ c2=0
DMA IRQ c3=0
SELECT busy=5541
SELECT w0=5510
SELECT w1=3145
SELECT w2=3293
BUSY TASK ewma=997
DMA IRQ c0=1
DMA IRQ c1=0
DMA IRQ c2=0
DMA IRQ c3=0
SELECT busy=5560
SELECT w0=5528
SELECT w1=3153
SELECT w2=3301
BUSY TASK ewma=997
DMA IRQ c0=1
DMA IRQ c1=0
DMA IRQ c2=0
DMA IRQ c3=0
SELECT busy=5583
SELECT w0=5551
SELECT w1=3166
SELECT w2=3311
BUSY TASK ewma=997
DMA IRQ c0=1
DMA IRQ c1=0
DMA IRQ c2=0
DMA IRQ c3=0
SELECT busy=5603
SELECT w0=5572
SELECT w1=3174
SELECT w2=3322
BUSY TASK ewma=997
DMA IRQ c0=1
DMA IRQ c1=0
DMA IRQ c2=0
DMA IRQ c3=0
SELECT busy=5626
SELECT w0=5594
SELECT w1=3184
SELECT w2=3333
BUSY TASK ewma=997
DMA IRQ c0=1
DMA IRQ c1=0
DMA IRQ c2=0
DMA IRQ c3=0
SELECT busy=5645
SELECT w0=5614
SELECT w1=3191
SELECT w2=3341
BUSY TASK ewma=997
DMA IRQ c0=1
DMA IRQ c1=0
DMA IRQ c2=0
DMA IRQ c3=0
SELECT busy=5664
SELECT w0=5632
SELECT w1=3199
SELECT w2=3351
BUSY TASK ewma=997
DMA IRQ c0=1
DMA IRQ c1=0
DMA IRQ c2=0
DMA IRQ c3=0
SELECT busy=5679
SELECT w0=5648
SELECT w1=3208
SELECT w2=3361
BUSY TASK ewma=997
DMA IRQ c0=1
DMA IRQ c1=0
DMA IRQ c2=0
DMA IRQ c3=0
SELECT busy=5699
SELECT w0=5668
SELECT w1=3221
SELECT w2=3375
BUSY TASK ewma=997
DMA IRQ c0=1
DMA IRQ c1=0
DMA IRQ c2=0
DMA IRQ c3=0
SELECT busy=5722
SELECT w0=5690
SELECT w1=3230
SELECT w2=3385
BUSY TASK ewma=997
DMA IRQ c0=1
DMA IRQ c1=0
DMA IRQ c2=0
DMA IRQ c3=0
SELECT busy=5739
SELECT w0=5707
SELECT w1=3238
SELECT w2=3394
BUSY TASK ewma=997
DMA IRQ c0=1
DMA IRQ c1=0
DMA IRQ c2=0
DMA IRQ c3=0
SELECT busy=5762
SELECT w0=5731
SELECT w1=3248
SELECT w2=3409
BUSY TASK ewma=997
DMA IRQ c0=1
DMA IRQ c1=0
DMA IRQ c2=0
DMA IRQ c3=0
SELECT busy=5779
SELECT w0=5747
SELECT w1=3257
SELECT w2=3419
BUSY TASK ewma=997
IRQ counts: cpu0=11559 cpu1=13453 cpu2=13409 cpu3=13479
SCHED secondaries: calls=40376 unexpected=0
SECTEST switches=40356 cpu1=144203880,137660643 cpu2=116301235,109800508 cpu3=168971185,158077457
PINGPONG rounds=2000 pongs=2000
DMA IRQ c0=1
DMA IRQ c1=0
DMA IRQ c2=0
DMA IRQ c3=0
SELECT busy=5813
SELECT w0=5782
SELECT w1=3277
SELECT w2=3442
BUSY TASK ewma=997
DMA IRQ c0=1
DMA IRQ c1=0
DMA IRQ c2=0
DMA IRQ c3=0
SELECT busy=5837
SELECT w0=5805
SELECT w1=3288
SELECT w2=3455
BUSY TASK ewma=997
DMA IRQ c0=1
DMA IRQ c1=0
DMA IRQ c2=0
DMA IRQ c3=0
SELECT busy=5857
SELECT w0=5826
SELECT w1=3297
SELECT w2=3468
BUSY TASK ewma=997
DMA IRQ c0=1
DMA IRQ c1=0
DMA IRQ c2=0
DMA IRQ c3=0
SELECT busy=5878
SELECT w0=5847
SELECT w1=3310
SELECT w2=3487
BUSY TASK ewma=997
DMA IRQ c0=1
DMA IRQ c1=0
DMA IRQ c2=0
DMA IRQ c3=0
SELECT busy=5904
SELECT w0=5872
SELECT w1=3322
SELECT w2=3500
BUSY TASK ewma=997
DMA IRQ c0=1
DMA IRQ c1=0
DMA IRQ c2=0
DMA IRQ c3=0
SELECT busy=5927
SELECT w0=5896
SELECT w1=3332
SELECT w2=3514
BUSY TASK ewma=997
DMA IRQ c0=1
DMA IRQ c1=0
DMA IRQ c2=0
DMA IRQ c3=0
SELECT busy=5951
SELECT w0=5921
SELECT w1=3350
SELECT w2=3532
BUSY TASK ewma=997
DMA IRQ c0=1
DMA IRQ c1=0
DMA IRQ c2=0
DMA IRQ c3=0
SELECT busy=5970
SELECT w0=5938
SELECT w1=3359
SELECT w2=3540
BUSY TASK ewma=997
DMA IRQ c0=1
DMA IRQ c1=0
DMA IRQ c2=0
DMA IRQ c3=0
SELECT busy=5992
SELECT w0=5961
SELECT w1=3370
SELECT w2=3553
BUSY TASK ewma=997
DMA IRQ c0=1
DMA IRQ c1=0
DMA IRQ c2=0
DMA IRQ c3=0
SELECT busy=6012
SELECT w0=5981
SELECT w1=3378
SELECT w2=3563
BUSY TASK ewma=997
DMA IRQ c0=1
DMA IRQ c1=0
DMA IRQ c2=0
DMA IRQ c3=0
SELECT busy=6036
SELECT w0=6004
SELECT w1=3389
SELECT w2=3576
BUSY TASK ewma=997
DMA IRQ c0=1
DMA IRQ c1=0
DMA IRQ c2=0
DMA IRQ c3=0
SELECT busy=6055
SELECT w0=6023
SELECT w1=3399
SELECT w2=3588
BUSY TASK ewma=997
DMA IRQ c0=1
DMA IRQ c1=0
DMA IRQ c2=0
DMA IRQ c3=0
SELECT busy=6073
SELECT w0=6041
SELECT w1=3407
SELECT w2=3595
BUSY TASK ewma=997
DMA IRQ c0=1
DMA IRQ c1=0
DMA IRQ c2=0
DMA IRQ c3=0
SELECT busy=6091
SELECT w0=6059
SELECT w1=3415
SELECT w2=3606
BUSY TASK ewma=997
DMA IRQ c0=1
DMA IRQ c1=0
DMA IRQ c2=0
DMA IRQ c3=0
SELECT busy=6109
SELECT w0=6077
SELECT w1=3428
SELECT w2=3616
BUSY TASK ewma=997
DMA IRQ c0=1
DMA IRQ c1=0
DMA IRQ c2=0
DMA IRQ c3=0
SELECT busy=6128
SELECT w0=6097
SELECT w1=3438
SELECT w2=3632
BUSY TASK ewma=997
DMA IRQ c0=1
DMA IRQ c1=0
DMA IRQ c2=0
DMA IRQ c3=0
SELECT busy=6151
SELECT w0=6120
SELECT w1=3448
SELECT w2=3643
BUSY TASK ewma=997
DMA IRQ c0=1
DMA IRQ c1=0
DMA IRQ c2=0
DMA IRQ c3=0
SELECT busy=6172
SELECT w0=6141
SELECT w1=3463
SELECT w2=3660
BUSY TASK ewma=997
DMA IRQ c0=1
DMA IRQ c1=0
DMA IRQ c2=0
DMA IRQ c3=0
SELECT busy=6194
SELECT w0=6162
SELECT w1=3475
SELECT w2=3672
BUSY TASK ewma=997
DMA IRQ c0=1
DMA IRQ c1=0
DMA IRQ c2=0
DMA IRQ c3=0
SELECT busy=6209
SELECT w0=6178
SELECT w1=3483
SELECT w2=3684
BUSY TASK ewma=997
DMA IRQ c0=1
DMA IRQ c1=0
DMA IRQ c2=0
DMA IRQ c3=0
SELECT busy=6232
SELECT w0=6203
SELECT w1=3495
SELECT w2=3699
BUSY TASK ewma=997
DMA IRQ c0=1
DMA IRQ c1=0
DMA IRQ c2=0
DMA IRQ c3=0
SELECT busy=6255
SELECT w0=6223
SELECT w1=3502
SELECT w2=3709
BUSY TASK ewma=997
DMA IRQ c0=1
DMA IRQ c1=0
DMA IRQ c2=0
DMA IRQ c3=0
SELECT busy=6273
SELECT w0=6241
SELECT w1=3509
SELECT w2=3718
BUSY TASK ewma=997
DMA IRQ c0=1
DMA IRQ c1=0
DMA IRQ c2=0
DMA IRQ c3=0
SELECT busy=6292
SELECT w0=6261
SELECT w1=3518
SELECT w2=3733
BUSY TASK ewma=997
DMA IRQ c0=1
DMA IRQ c1=0
DMA IRQ c2=0
DMA IRQ c3=0
SELECT busy=6309
SELECT w0=6277
SELECT w1=3525
SELECT w2=3741
BUSY TASK ewma=997
DMA IRQ c0=1
DMA IRQ c1=0
DMA IRQ c2=0
DMA IRQ c3=0
SELECT busy=6325
SELECT w0=6294
SELECT w1=3535
SELECT w2=3753
BUSY TASK ewma=997
DMA IRQ c0=1
DMA IRQ c1=0
DMA IRQ c2=0
DMA IRQ c3=0
SELECT busy=6347
SELECT w0=6315
SELECT w1=3541
SELECT w2=3762
BUSY TASK ewma=997
DMA IRQ c0=1
DMA IRQ c1=0
DMA IRQ c2=0
DMA IRQ c3=0
SELECT busy=6366
SELECT w0=6335
SELECT w1=3549
SELECT w2=3770
BUSY TASK ewma=997
DMA IRQ c0=1
DMA IRQ c1=0
DMA IRQ c2=0
DMA IRQ c3=0
SELECT busy=6385
SELECT w0=6354
SELECT w1=3558
SELECT w2=3779
BUSY TASK ewma=997
DMA IRQ c0=1
DMA IRQ c1=0
DMA IRQ c2=0
DMA IRQ c3=0
SELECT busy=6403
SELECT w0=6371
SELECT w1=3567
SELECT w2=3790
BUSY TASK ewma=997
DMA IRQ c0=1
DMA IRQ c1=0
DMA IRQ c2=0
DMA IRQ c3=0
SELECT busy=6419
SELECT w0=6387
SELECT w1=3573
SELECT w2=3798
BUSY TASK ewma=997
DMA IRQ c0=1
DMA IRQ c1=0
DMA IRQ c2=0
DMA IRQ c3=0
SELECT busy=6434
SELECT w0=6402
SELECT w1=3581
SELECT w2=3806
BUSY TASK ewma=997
DMA IRQ c0=1
DMA IRQ c1=0
DMA IRQ c2=0
DMA IRQ c3=0
SELECT busy=6445
SELECT w0=6415
SELECT w1=3587
SELECT w2=3815
BUSY TASK ewma=997
DMA IRQ c0=1
DMA IRQ c1=0
DMA IRQ c2=0
DMA IRQ c3=0
SELECT busy=6468
SELECT w0=6437
SELECT w1=3598
SELECT w2=3826
BUSY TASK ewma=997
DMA IRQ c0=1
DMA IRQ c1=0
DMA IRQ c2=0
DMA IRQ c3=0
SELECT busy=6483
SELECT w0=6452
SELECT w1=3607
SELECT w2=3836
BUSY TASK ewma=997
DMA IRQ c0=1
DMA IRQ c1=0
DMA IRQ c2=0
DMA IRQ c3=0
SELECT busy=6505
SELECT w0=6474
SELECT w1=3621
SELECT w2=3849
BUSY TASK ewma=997
DMA IRQ c0=1
DMA IRQ c1=0
DMA IRQ c2=0
DMA IRQ c3=0
SELECT busy=6525
SELECT w0=6493
SELECT w1=3634
SELECT w2=3860
BUSY TASK ewma=997
DMA IRQ c0=1
DMA IRQ c1=0
DMA IRQ c2=0
DMA IRQ c3=0
SELECT busy=6540
SELECT w0=6508
SELECT w1=3640
SELECT w2=3869
BUSY TASK ewma=997
DMA IRQ c0=1
DMA IRQ c1=0
DMA IRQ c2=0
DMA IRQ c3=0
SELECT busy=6559
SELECT w0=6528
SELECT w1=3649
SELECT w2=3883
BUSY TASK ewma=997
DMA IRQ c0=1
DMA IRQ c1=0
DMA IRQ c2=0
DMA IRQ c3=0
SELECT busy=6582
SELECT w0=6551
SELECT w1=3660
SELECT w2=3898
BUSY TASK ewma=997
DMA IRQ c0=1
DMA IRQ c1=0
DMA IRQ c2=0
DMA IRQ c3=0
SELECT busy=6601
SELECT w0=6570
SELECT w1=3669
SELECT w2=3911
BUSY TASK ewma=997
DMA IRQ c0=1
DMA IRQ c1=0
DMA IRQ c2=0
DMA IRQ c3=0
SELECT busy=6624
SELECT w0=6592
SELECT w1=3678
SELECT w2=3919
BUSY TASK ewma=997
DMA IRQ c0=1
DMA IRQ c1=0
DMA IRQ c2=0
DMA IRQ c3=0
SELECT busy=6643
SELECT w0=6611
SELECT w1=3685
SELECT w2=3929
BUSY TASK ewma=997
DMA IRQ c0=1
DMA IRQ c1=0
DMA IRQ c2=0
DMA IRQ c3=0
SELECT busy=6663
SELECT w0=6631
SELECT w1=3694
SELECT w2=3941
BUSY TASK ewma=997
DMA IRQ c0=1
DMA IRQ c1=0
DMA IRQ c2=0
DMA IRQ c3=0
SELECT busy=6681
SELECT w0=6650
SELECT w1=3703
SELECT w2=3952
BUSY TASK ewma=997
DMA IRQ c0=1
DMA IRQ c1=0
DMA IRQ c2=0
DMA IRQ c3=0
SELECT busy=6698
SELECT w0=6666
SELECT w1=3710
SELECT w2=3961
BUSY TASK ewma=997
DMA IRQ c0=1
DMA IRQ c1=0
DMA IRQ c2=0
DMA IRQ c3=0
SELECT busy=6725
SELECT w0=6694
SELECT w1=3721
SELECT w2=3974
BUSY TASK ewma=997
DMA IRQ c0=1
DMA IRQ c1=0
DMA IRQ c2=0
DMA IRQ c3=0
SELECT busy=6744
SELECT w0=6712
SELECT w1=3731
SELECT w2=3987
BUSY TASK ewma=997
DMA IRQ c0=1
DMA IRQ c1=0
DMA IRQ c2=0
DMA IRQ c3=0
SELECT busy=6766
SELECT w0=6735
SELECT w1=3740
SELECT w2=3996
BUSY TASK ewma=997
DMA IRQ c0=1
DMA IRQ c1=0
DMA IRQ c2=0
DMA IRQ c3=0
SELECT busy=6787
SELECT w0=6756
SELECT w1=3748
SELECT w2=4009
BUSY TASK ewma=997
DMA IRQ c0=1
DMA IRQ c1=0
DMA IRQ c2=0
DMA IRQ c3=0
SELECT busy=6806
SELECT w0=6775
SELECT w1=3756
SELECT w2=4018
BUSY TASK ewma=997
DMA IRQ c0=1
DMA IRQ c1=0
DMA IRQ c2=0
DMA IRQ c3=0
SELECT busy=6824
SELECT w0=6792
SELECT w1=3763
SELECT w2=4028
BUSY TASK ewma=997
DMA IRQ c0=1
DMA IRQ c1=0
DMA IRQ c2=0
DMA IRQ c3=0
SELECT busy=6841
SELECT w0=6810
SELECT w1=3769
SELECT w2=4035
BUSY TASK ewma=997
DMA IRQ c0=1
DMA IRQ c1=0
DMA IRQ c2=0
DMA IRQ c3=0
SELECT busy=6857
SELECT w0=6826
SELECT w1=3779
SELECT w2=4049
BUSY TASK ewma=997
DMA IRQ c0=1
DMA IRQ c1=0
DMA IRQ c2=0
DMA IRQ c3=0
SELECT busy=6870
SELECT w0=6838
SELECT w1=3784
SELECT w2=4055
BUSY TASK ewma=997
DMA IRQ c0=1
DMA IRQ c1=0
DMA IRQ c2=0
DMA IRQ c3=0
SELECT busy=6894
SELECT w0=6863
SELECT w1=3796
SELECT w2=4069
BUSY TASK ewma=997
DMA IRQ c0=1
DMA IRQ c1=0
DMA IRQ c2=0
DMA IRQ c3=0
SELECT busy=6910
SELECT w0=6879
SELECT w1=3805
SELECT w2=4080
BUSY TASK ewma=997
DMA IRQ c0=1
DMA IRQ c1=0
DMA IRQ c2=0
DMA IRQ c3=0
SELECT busy=6928
SELECT w0=6898
SELECT w1=3815
SELECT w2=4095
BUSY TASK ewma=997
DMA IRQ c0=1
DMA IRQ c1=0
DMA IRQ c2=0
DMA IRQ c3=0
SELECT busy=6946
SELECT w0=6914
SELECT w1=3824
SELECT w2=4103
BUSY TASK ewma=997
DMA IRQ c0=1
DMA IRQ c1=0
DMA IRQ c2=0
DMA IRQ c3=0
SELECT busy=6962
SELECT w0=6930
SELECT w1=3831
SELECT w2=4113
BUSY TASK ewma=997
DMA IRQ c0=1
DMA IRQ c1=0
DMA IRQ c2=0
DMA IRQ c3=0
SELECT busy=6977
SELECT w0=6945
SELECT w1=3839
SELECT w2=4121
BUSY TASK ewma=997
DMA IRQ c0=1
DMA IRQ c1=0
DMA IRQ c2=0
DMA IRQ c3=0
SELECT busy=6997
SELECT w0=6965
SELECT w1=3847
SELECT w2=4133
BUSY TASK ewma=997
DMA IRQ c0=1
DMA IRQ c1=0
DMA IRQ c2=0
DMA IRQ c3=0
SELECT busy=7013
SELECT w0=6981
SELECT w1=3854
SELECT w2=4142
BUSY TASK ewma=997
DMA IRQ c0=1
DMA IRQ c1=0
DMA IRQ c2=0
DMA IRQ c3=0
SELECT busy=7037
SELECT w0=7005
SELECT w1=3864
SELECT w2=4155
BUSY TASK ewma=997
IRQ counts: cpu0=14069 cpu1=16483 cpu2=16351 cpu3=16514
SCHED secondaries: calls=49348 unexpected=0
SECTEST switches=49324 cpu1=177156216,168820100 cpu2=147005287,138807686 cpu3=211383099,199124390
PINGPONG rounds=2000 pongs=2000
DMA IRQ c0=1
DMA IRQ c1=0
DMA IRQ c2=0
DMA IRQ c3=0
SELECT busy=7068
SELECT w0=7036
SELECT w1=3881
SELECT w2=4177
BUSY TASK ewma=997
DMA IRQ c0=1
DMA IRQ c1=0
DMA IRQ c2=0
DMA IRQ c3=0
SELECT busy=7100
SELECT w0=7068
SELECT w1=3898
SELECT w2=4194
BUSY TASK ewma=997
DMA IRQ c0=1
DMA IRQ c1=0
DMA IRQ c2=0
DMA IRQ c3=0
SELECT busy=7126
SELECT w0=7095
SELECT w1=3908
SELECT w2=4209
BUSY TASK ewma=997
DMA IRQ c0=1
DMA IRQ c1=0
DMA IRQ c2=0
DMA IRQ c3=0
SELECT busy=7145
SELECT w0=7113
SELECT w1=3915
SELECT w2=4219
BUSY TASK ewma=997
DMA IRQ c0=1
DMA IRQ c1=0
DMA IRQ c2=0
DMA IRQ c3=0
SELECT busy=7165
SELECT w0=7133
SELECT w1=3925
SELECT w2=4230
BUSY TASK ewma=997
DMA IRQ c0=1
DMA IRQ c1=0
DMA IRQ c2=0
DMA IRQ c3=0
SELECT busy=7184
SELECT w0=7154
SELECT w1=3936
SELECT w2=4243
BUSY TASK ewma=997
DMA IRQ c0=1
DMA IRQ c1=0
DMA IRQ c2=0
DMA IRQ c3=0
SELECT busy=7211
SELECT w0=7180
SELECT w1=3946
SELECT w2=4256
BUSY TASK ewma=997
DMA IRQ c0=1
DMA IRQ c1=0
DMA IRQ c2=0
DMA IRQ c3=0
SELECT busy=7235
SELECT w0=7204
SELECT w1=3958
SELECT w2=4272
BUSY TASK ewma=997
DMA IRQ c0=1
DMA IRQ c1=0
DMA IRQ c2=0
DMA IRQ c3=0
SELECT busy=7269
SELECT w0=7239
SELECT w1=3978
SELECT w2=4295
BUSY TASK ewma=997
DMA IRQ c0=1
DMA IRQ c1=0
DMA IRQ c2=0
DMA IRQ c3=0
SELECT busy=7302
SELECT w0=7272
SELECT w1=4000
SELECT w2=4317
BUSY TASK ewma=997
DMA IRQ c0=1
DMA IRQ c1=0
DMA IRQ c2=0
DMA IRQ c3=0
SELECT busy=7330
SELECT w0=7298
SELECT w1=4011
SELECT w2=4332
BUSY TASK ewma=997
DMA IRQ c0=1
DMA IRQ c1=0
DMA IRQ c2=0
DMA IRQ c3=0
SELECT busy=7357
SELECT w0=7326
SELECT w1=4025
SELECT w2=4348
BUSY TASK ewma=997
DMA IRQ c0=1
DMA IRQ c1=0
DMA IRQ c2=0
DMA IRQ c3=0
SELECT busy=7380
SELECT w0=7348
SELECT w1=4037
SELECT w2=4360
BUSY TASK ewma=997
DMA IRQ c0=1
DMA IRQ c1=0
DMA IRQ c2=0
DMA IRQ c3=0
SELECT busy=7408
SELECT w0=7377
SELECT w1=4048
SELECT w2=4372
BUSY TASK ewma=997
DMA IRQ c0=1
DMA IRQ c1=0
DMA IRQ c2=0
DMA IRQ c3=0
SELECT busy=7433
SELECT w0=7401
SELECT w1=4056
SELECT w2=4383
BUSY TASK ewma=997
DMA IRQ c0=1
DMA IRQ c1=0
DMA IRQ c2=0
DMA IRQ c3=0
SELECT busy=7466
SELECT w0=7436
SELECT w1=4072
SELECT w2=4400
BUSY TASK ewma=997
DMA IRQ c0=1
DMA IRQ c1=0
DMA IRQ c2=0
DMA IRQ c3=0
SELECT busy=7495
SELECT w0=7464
SELECT w1=4082
SELECT w2=4412
BUSY TASK ewma=997
DMA IRQ c0=1
DMA IRQ c1=0
DMA IRQ c2=0
DMA IRQ c3=0
SELECT busy=7515
SELECT w0=7484
SELECT w1=4091
SELECT w2=4424
BUSY TASK ewma=997
DMA IRQ c0=1
DMA IRQ c1=0
DMA IRQ c2=0
DMA IRQ c3=0
SELECT busy=7549
SELECT w0=7517
SELECT w1=4105
SELECT w2=4442
BUSY TASK ewma=997
DMA IRQ c0=1
DMA IRQ c1=0
DMA IRQ c2=0
DMA IRQ c3=0
SELECT busy=7584
SELECT w0=7553
SELECT w1=4124
SELECT w2=4472
BUSY TASK ewma=997
DMA IRQ c0=1
DMA IRQ c1=0
DMA IRQ c2=0
DMA IRQ c3=0
SELECT busy=7609
SELECT w0=7577
SELECT w1=4135
SELECT w2=4485
BUSY TASK ewma=997
DMA IRQ c0=1
DMA IRQ c1=0
DMA IRQ c2=0
DMA IRQ c3=0
SELECT busy=7630
SELECT w0=7599
SELECT w1=4148
SELECT w2=4505
BUSY TASK ewma=997
DMA IRQ c0=1
DMA IRQ c1=0
DMA IRQ c2=0
DMA IRQ c3=0
SELECT busy=7655
SELECT w0=7624
SELECT w1=4158
SELECT w2=4518
BUSY TASK ewma=997
DMA IRQ c0=1
DMA IRQ c1=0
DMA IRQ c2=0
DMA IRQ c3=0
SELECT busy=7678
SELECT w0=7646
SELECT w1=4168
SELECT w2=4532
BUSY TASK ewma=997
DMA IRQ c0=1
DMA IRQ c1=0
DMA IRQ c2=0
DMA IRQ c3=0
SELECT busy=7703
SELECT w0=7671
SELECT w1=4181
SELECT w2=4547
BUSY TASK ewma=997
DMA IRQ c0=1
DMA IRQ c1=0
DMA IRQ c2=0
DMA IRQ c3=0
SELECT busy=7719
SELECT w0=7688
SELECT w1=4189
SELECT w2=4557
BUSY TASK ewma=997
DMA IRQ c0=1
DMA IRQ c1=0
DMA IRQ c2=0
DMA IRQ c3=0
SELECT busy=7746
SELECT w0=7716
SELECT w1=4202
SELECT w2=4573
BUSY TASK ewma=997
DMA IRQ c0=1
DMA IRQ c1=0
DMA IRQ c2=0
DMA IRQ c3=0
SELECT busy=7776
SELECT w0=7744
SELECT w1=4215
SELECT w2=4589
BUSY TASK ewma=997
DMA IRQ c0=1
DMA IRQ c1=0
DMA IRQ c2=0
DMA IRQ c3=0
SELECT busy=7794
SELECT w0=7763
SELECT w1=4225
SELECT w2=4600
BUSY TASK ewma=997
DMA IRQ c0=1
DMA IRQ c1=0
DMA IRQ c2=0
DMA IRQ c3=0
SELECT busy=7809
SELECT w0=7777
SELECT w1=4230
SELECT w2=4607
BUSY TASK ewma=997
DMA IRQ c0=1
DMA IRQ c1=0
DMA IRQ c2=0
DMA IRQ c3=0
SELECT busy=7829
SELECT w0=7800
SELECT w1=4241
SELECT w2=4619
BUSY TASK ewma=997
DMA IRQ c0=1
DMA IRQ c1=0
DMA IRQ c2=0
DMA IRQ c3=0
SELECT busy=7848
SELECT w0=7816
SELECT w1=4248
SELECT w2=4625
BUSY TASK ewma=997
DMA IRQ c0=1
DMA IRQ c1=0
DMA IRQ c2=0
DMA IRQ c3=0
SELECT busy=7864
SELECT w0=7832
SELECT w1=4256
SELECT w2=4635
BUSY TASK ewma=997
DMA IRQ c0=1
DMA IRQ c1=0
DMA IRQ c2=0
DMA IRQ c3=0
SELECT busy=7881
SELECT w0=7850
SELECT w1=4262
SELECT w2=4643
BUSY TASK ewma=997
DMA IRQ c0=1
DMA IRQ c1=0
DMA IRQ c2=0
DMA IRQ c3=0
SELECT busy=7902
SELECT w0=7870
SELECT w1=4269
SELECT w2=4651
BUSY TASK ewma=997
DMA IRQ c0=1
DMA IRQ c1=0
DMA IRQ c2=0
DMA IRQ c3=0
SELECT busy=7921
SELECT w0=7890
SELECT w1=4281
SELECT w2=4665
BUSY TASK ewma=997
DMA IRQ c0=1
DMA IRQ c1=0
DMA IRQ c2=0
DMA IRQ c3=0
SELECT busy=7940
SELECT w0=7908
SELECT w1=4290
SELECT w2=4675
BUSY TASK ewma=997
DMA IRQ c0=1
DMA IRQ c1=0
DMA IRQ c2=0
DMA IRQ c3=0
SELECT busy=7957
SELECT w0=7926
SELECT w1=4300
SELECT w2=4688
BUSY TASK ewma=997
DMA IRQ c0=1
DMA IRQ c1=0
DMA IRQ c2=0
DMA IRQ c3=0
SELECT busy=7985
SELECT w0=7954
SELECT w1=4311
SELECT w2=4705
BUSY TASK ewma=997
DMA IRQ c0=1
DMA IRQ c1=0
DMA IRQ c2=0
DMA IRQ c3=0
SELECT busy=8007
SELECT w0=7975
SELECT w1=4319
SELECT w2=4717
BUSY TASK ewma=997
DMA IRQ c0=1
DMA IRQ c1=0
DMA IRQ c2=0
DMA IRQ c3=0
SELECT busy=8031
SELECT w0=8000
SELECT w1=4329
SELECT w2=4731
BUSY TASK ewma=997
DMA IRQ c0=1
DMA IRQ c1=0
DMA IRQ c2=0
DMA IRQ c3=0
SELECT busy=8049
SELECT w0=8018
SELECT w1=4338
SELECT w2=4739
BUSY TASK ewma=997
DMA IRQ c0=1
DMA IRQ c1=0
DMA IRQ c2=0
DMA IRQ c3=0
SELECT busy=8071
SELECT w0=8039
SELECT w1=4346
SELECT w2=4749
BUSY TASK ewma=997
DMA IRQ c0=1
DMA IRQ c1=0
DMA IRQ c2=0
DMA IRQ c3=0
SELECT busy=8098
SELECT w0=8067
SELECT w1=4361
SELECT w2=4769
BUSY TASK ewma=997
DMA IRQ c0=1
DMA IRQ c1=0
DMA IRQ c2=0
DMA IRQ c3=0
SELECT busy=8137
SELECT w0=8106
SELECT w1=4378
SELECT w2=4795
BUSY TASK ewma=997
DMA IRQ c0=1
DMA IRQ c1=0
DMA IRQ c2=0
DMA IRQ c3=0
SELECT busy=8166
SELECT w0=8135
SELECT w1=4392
SELECT w2=4815
BUSY TASK ewma=997
DMA IRQ c0=1
DMA IRQ c1=0
DMA IRQ c2=0
DMA IRQ c3=0
SELECT busy=8190
SELECT w0=8159
SELECT w1=4402
SELECT w2=4830
BUSY TASK ewma=997
DMA IRQ c0=1
DMA IRQ c1=0
DMA IRQ c2=0
DMA IRQ c3=0
SELECT busy=8221
SELECT w0=8191
SELECT w1=4421
SELECT w2=4852
BUSY TASK ewma=997
DMA IRQ c0=1
DMA IRQ c1=0
DMA IRQ c2=0
DMA IRQ c3=0
SELECT busy=8242
SELECT w0=8210
SELECT w1=4427
SELECT w2=4860
BUSY TASK ewma=997
DMA IRQ c0=1
DMA IRQ c1=0
DMA IRQ c2=0
DMA IRQ c3=0
SELECT busy=8261
SELECT w0=8229
SELECT w1=4436
SELECT w2=4870
BUSY TASK ewma=997
DMA IRQ c0=1
DMA IRQ c1=0
DMA IRQ c2=0
DMA IRQ c3=0
SELECT busy=8283
SELECT w0=8251
SELECT w1=4445
SELECT w2=4887
BUSY TASK ewma=997
DMA IRQ c0=1
DMA IRQ c1=0
DMA IRQ c2=0
DMA IRQ c3=0
SELECT busy=8305
SELECT w0=8275
SELECT w1=4458
SELECT w2=4906
BUSY TASK ewma=997
DMA IRQ c0=1
DMA IRQ c1=0
DMA IRQ c2=0
DMA IRQ c3=0
SELECT busy=8329
SELECT w0=8297
SELECT w1=4467
SELECT w2=4917
BUSY TASK ewma=997
DMA IRQ c0=1
DMA IRQ c1=0
DMA IRQ c2=0
DMA IRQ c3=0
SELECT busy=8348
SELECT w0=8316
SELECT w1=4475
SELECT w2=4930
BUSY TASK ewma=997
DMA IRQ c0=1
DMA IRQ c1=0
DMA IRQ c2=0
DMA IRQ c3=0
SELECT busy=8367
SELECT w0=8336
SELECT w1=4489
SELECT w2=4944
BUSY TASK ewma=997
DMA IRQ c0=1
DMA IRQ c1=0
DMA IRQ c2=0
DMA IRQ c3=0
SELECT busy=8389
SELECT w0=8361
SELECT w1=4501
SELECT w2=4959
BUSY TASK ewma=997
DMA IRQ c0=1
DMA IRQ c1=0
DMA IRQ c2=0
DMA IRQ c3=0
SELECT busy=8437
SELECT w0=8406
SELECT w1=4521
SELECT w2=4983
BUSY TASK ewma=997
DMA IRQ c0=1
DMA IRQ c1=0
DMA IRQ c2=0
DMA IRQ c3=0
SELECT busy=8475
SELECT w0=8445
SELECT w1=4537
SELECT w2=5000
BUSY TASK ewma=997
DMA IRQ c0=1
DMA IRQ c1=0
DMA IRQ c2=0
DMA IRQ c3=0
SELECT busy=8498
SELECT w0=8467
SELECT w1=4545
SELECT w2=5012
BUSY TASK ewma=997
DMA IRQ c0=1
DMA IRQ c1=0
DMA IRQ c2=0
DMA IRQ c3=0
SELECT busy=8523
SELECT w0=8492
SELECT w1=4557
SELECT w2=5026
BUSY TASK ewma=997
DMA IRQ c0=1
DMA IRQ c1=0
DMA IRQ c2=0
DMA IRQ c3=0
SELECT busy=8546
SELECT w0=8515
SELECT w1=4570
SELECT w2=5039
BUSY TASK ewma=997
DMA IRQ c0=1
DMA IRQ c1=0
DMA IRQ c2=0
DMA IRQ c3=0
SELECT busy=8566
SELECT w0=8535
SELECT w1=4583
SELECT w2=5053
BUSY TASK ewma=997
DMA IRQ c0=1
DMA IRQ c1=0
DMA IRQ c2=0
DMA IRQ c3=0
SELECT busy=8591
SELECT w0=8560
SELECT w1=4594
SELECT w2=5069
BUSY TASK ewma=997
DMA IRQ c0=1
DMA IRQ c1=0
DMA IRQ c2=0
DMA IRQ c3=0
SELECT busy=8609
SELECT w0=8580
SELECT w1=4605
SELECT w2=5083
BUSY TASK ewma=997
IRQ counts: cpu0=17231 cpu1=20193 cpu2=20078 cpu3=20205
SCHED secondaries: calls=60480 unexpected=0
SECTEST switches=60443 cpu1=208061971,199821069 cpu2=177315886,167377043 cpu3=253997241,240103316
PINGPONG rounds=2000 pongs=2000
DMA IRQ c0=1
DMA IRQ c1=0
DMA IRQ c2=0
DMA IRQ c3=0
SELECT busy=8647
SELECT w0=8615
SELECT w1=4621
SELECT w2=5104
BUSY TASK ewma=997
DMA IRQ c0=1
DMA IRQ c1=0
DMA IRQ c2=0
DMA IRQ c3=0
SELECT busy=8666
SELECT w0=8634
SELECT w1=4628
SELECT w2=5114
BUSY TASK ewma=997
DMA IRQ c0=1
DMA IRQ c1=0
DMA IRQ c2=0
DMA IRQ c3=0
SELECT busy=8685
SELECT w0=8654
SELECT w1=4636
SELECT w2=5124
BUSY TASK ewma=997
DMA IRQ c0=1
DMA IRQ c1=0
DMA IRQ c2=0
DMA IRQ c3=0
SELECT busy=8726
SELECT w0=8695
SELECT w1=4655
SELECT w2=5149
BUSY TASK ewma=997
DMA IRQ c0=1
DMA IRQ c1=0
DMA IRQ c2=0
DMA IRQ c3=0
SELECT busy=8757
SELECT w0=8725
SELECT w1=4665
SELECT w2=5163
BUSY TASK ewma=997
DMA IRQ c0=1
DMA IRQ c1=0
DMA IRQ c2=0
DMA IRQ c3=0
SELECT busy=8782
SELECT w0=8750
SELECT w1=4675
SELECT w2=5176
BUSY TASK ewma=997
DMA IRQ c0=1
DMA IRQ c1=0
DMA IRQ c2=0
DMA IRQ c3=0
SELECT busy=8801
SELECT w0=8769
SELECT w1=4681
SELECT w2=5185
BUSY TASK ewma=997
DMA IRQ c0=1
DMA IRQ c1=0
DMA IRQ c2=0
DMA IRQ c3=0
SELECT busy=8819
SELECT w0=8788
SELECT w1=4689
SELECT w2=5196
BUSY TASK ewma=997
DMA IRQ c0=1
DMA IRQ c1=0
DMA IRQ c2=0
DMA IRQ c3=0
SELECT busy=8838
SELECT w0=8807
SELECT w1=4700
SELECT w2=5211
BUSY TASK ewma=997
DMA IRQ c0=1
DMA IRQ c1=0
DMA IRQ c2=0
DMA IRQ c3=0
SELECT busy=8865
SELECT w0=8833
SELECT w1=4710
SELECT w2=5223
BUSY TASK ewma=997
DMA IRQ c0=1
DMA IRQ c1=0
DMA IRQ c2=0
DMA IRQ c3=0
SELECT busy=8886
SELECT w0=8855
SELECT w1=4721
SELECT w2=5240
BUSY TASK ewma=997
DMA IRQ c0=1
DMA IRQ c1=0
DMA IRQ c2=0
DMA IRQ c3=0
SELECT busy=8910
SELECT w0=8878
SELECT w1=4730
SELECT w2=5250
BUSY TASK ewma=997
DMA IRQ c0=1
DMA IRQ c1=0
DMA IRQ c2=0
DMA IRQ c3=0
SELECT busy=8936
SELECT w0=8905
SELECT w1=4744
SELECT w2=5270
BUSY TASK ewma=997
DMA IRQ c0=1
DMA IRQ c1=0
DMA IRQ c2=0
DMA IRQ c3=0
SELECT busy=8967
SELECT w0=8935
SELECT w1=4757
SELECT w2=5289
BUSY TASK ewma=997
DMA IRQ c0=1
DMA IRQ c1=0
DMA IRQ c2=0
DMA IRQ c3=0
SELECT busy=8996
SELECT w0=8964
SELECT w1=4768
SELECT w2=5299
BUSY TASK ewma=997
DMA IRQ c0=1
DMA IRQ c1=0
DMA IRQ c2=0
DMA IRQ c3=0
SELECT busy=9025
SELECT w0=8994
SELECT w1=4783
SELECT w2=5320
BUSY TASK ewma=997
DMA IRQ c0=1
DMA IRQ c1=0
DMA IRQ c2=0
DMA IRQ c3=0
SELECT busy=9052
SELECT w0=9020
SELECT w1=4794
SELECT w2=5338
BUSY TASK ewma=997
DMA IRQ c0=1
DMA IRQ c1=0
DMA IRQ c2=0
DMA IRQ c3=0
SELECT busy=9074
SELECT w0=9043
SELECT w1=4804
SELECT w2=5350
BUSY TASK ewma=997
DMA IRQ c0=1
DMA IRQ c1=0
DMA IRQ c2=0
DMA IRQ c3=0
SELECT busy=9100
SELECT w0=9069
SELECT w1=4816
SELECT w2=5369
BUSY TASK ewma=997
DMA IRQ c0=1
DMA IRQ c1=0
DMA IRQ c2=0
DMA IRQ c3=0
SELECT busy=9127
SELECT w0=9095
SELECT w1=4827
SELECT w2=5382
BUSY TASK ewma=997
DMA IRQ c0=1
DMA IRQ c1=0
DMA IRQ c2=0
DMA IRQ c3=0
SELECT busy=9154
SELECT w0=9122
SELECT w1=4838
SELECT w2=5400
BUSY TASK ewma=997
DMA IRQ c0=1
DMA IRQ c1=0
DMA IRQ c2=0
DMA IRQ c3=0
SELECT busy=9175
SELECT w0=9143
SELECT w1=4849
SELECT w2=5413
BUSY TASK ewma=997
DMA IRQ c0=1
DMA IRQ c1=0
DMA IRQ c2=0
DMA IRQ c3=0
SELECT busy=9196
SELECT w0=9165
SELECT w1=4859
SELECT w2=5427
BUSY TASK ewma=997
DMA IRQ c0=1
DMA IRQ c1=0
DMA IRQ c2=0
DMA IRQ c3=0
SELECT busy=9222
SELECT w0=9192
SELECT w1=4870
SELECT w2=5444
BUSY TASK ewma=997
DMA IRQ c0=1
DMA IRQ c1=0
DMA IRQ c2=0
DMA IRQ c3=0
SELECT busy=9252
SELECT w0=9221
SELECT w1=4885
SELECT w2=5464
BUSY TASK ewma=997
DMA IRQ c0=1
DMA IRQ c1=0
DMA IRQ c2=0
DMA IRQ c3=0
SELECT busy=9275
SELECT w0=9243
SELECT w1=4895
SELECT w2=5477
BUSY TASK ewma=997
DMA IRQ c0=1
DMA IRQ c1=0
DMA IRQ c2=0
DMA IRQ c3=0
SELECT busy=9299
SELECT w0=9268
SELECT w1=4906
SELECT w2=5490
BUSY TASK ewma=997
DMA IRQ c0=1
DMA IRQ c1=0
DMA IRQ c2=0
DMA IRQ c3=0
SELECT busy=9325
SELECT w0=9293
SELECT w1=4917
SELECT w2=5504
BUSY TASK ewma=997
DMA IRQ c0=1
DMA IRQ c1=0
DMA IRQ c2=0
DMA IRQ c3=0
SELECT busy=9350
SELECT w0=9318
SELECT w1=4928
SELECT w2=5517
BUSY TASK ewma=997
DMA IRQ c0=1
DMA IRQ c1=0
DMA IRQ c2=0
DMA IRQ c3=0
SELECT busy=9373
SELECT w0=9341
SELECT w1=4935
SELECT w2=5525
BUSY TASK ewma=997
DMA IRQ c0=1
DMA IRQ c1=0
DMA IRQ c2=0
DMA IRQ c3=0
SELECT busy=9393
SELECT w0=9362
SELECT w1=4943
SELECT w2=5538
BUSY TASK ewma=997
DMA IRQ c0=1
DMA IRQ c1=0
DMA IRQ c2=0
DMA IRQ c3=0
SELECT busy=9418
SELECT w0=9386
SELECT w1=4954
SELECT w2=5549
BUSY TASK ewma=997
DMA IRQ c0=1
DMA IRQ c1=0
DMA IRQ c2=0
DMA IRQ c3=0
SELECT busy=9434
SELECT w0=9402
SELECT w1=4962
SELECT w2=5560
BUSY TASK ewma=997
DMA IRQ c0=1
DMA IRQ c1=0
DMA IRQ c2=0
DMA IRQ c3=0
SELECT busy=9457
SELECT w0=9425
SELECT w1=4970
SELECT w2=5572
BUSY TASK ewma=997
DMA IRQ c0=1
DMA IRQ c1=0
DMA IRQ c2=0
DMA IRQ c3=0
SELECT busy=9480
SELECT w0=9449
SELECT w1=4981
SELECT w2=5582
BUSY TASK ewma=997
DMA IRQ c0=1
DMA IRQ c1=0
DMA IRQ c2=0
DMA IRQ c3=0
SELECT busy=9510
SELECT w0=9480
SELECT w1=4996
SELECT w2=5608
BUSY TASK ewma=997
DMA IRQ c0=1
DMA IRQ c1=0
DMA IRQ c2=0
DMA IRQ c3=0
SELECT busy=9535
SELECT w0=9504
SELECT w1=5009
SELECT w2=5622
BUSY TASK ewma=997
DMA IRQ c0=1
DMA IRQ c1=0
DMA IRQ c2=0
DMA IRQ c3=0
SELECT busy=9559
SELECT w0=9527
SELECT w1=5018
SELECT w2=5635
BUSY TASK ewma=997
DMA IRQ c0=1
DMA IRQ c1=0
DMA IRQ c2=0
DMA IRQ c3=0
SELECT busy=9574
SELECT w0=9543
SELECT w1=5029
SELECT w2=5647
BUSY TASK ewma=997
DMA IRQ c0=1
DMA IRQ c1=0
DMA IRQ c2=0
DMA IRQ c3=0
SELECT busy=9588
SELECT w0=9556
SELECT w1=5037
SELECT w2=5654
BUSY TASK ewma=997
DMA IRQ c0=1
DMA IRQ c1=0
DMA IRQ c2=0
DMA IRQ c3=0
SELECT busy=9611
SELECT w0=9580
SELECT w1=5049
SELECT w2=5668
BUSY TASK ewma=997
DMA IRQ c0=1
DMA IRQ c1=0
DMA IRQ c2=0
DMA IRQ c3=0
SELECT busy=9638
SELECT w0=9606
SELECT w1=5061
SELECT w2=5683
BUSY TASK ewma=997
DMA IRQ c0=1
DMA IRQ c1=0
DMA IRQ c2=0
DMA IRQ c3=0
SELECT busy=9658
SELECT w0=9626
SELECT w1=5071
SELECT w2=5693
BUSY TASK ewma=997
DMA IRQ c0=1
DMA IRQ c1=0
DMA IRQ c2=0
DMA IRQ c3=0
SELECT busy=9675
SELECT w0=9644
SELECT w1=5081
SELECT w2=5704
BUSY TASK ewma=997
DMA IRQ c0=1
DMA IRQ c1=0
DMA IRQ c2=0
DMA IRQ c3=0
SELECT busy=9696
SELECT w0=9666
SELECT w1=5093
SELECT w2=5718
BUSY TASK ewma=997
DMA IRQ c0=1
DMA IRQ c1=0
DMA IRQ c2=0
DMA IRQ c3=0
SELECT busy=9727
SELECT w0=9696
SELECT w1=5106
SELECT w2=5733
BUSY TASK ewma=997
DMA IRQ c0=1
DMA IRQ c1=0
DMA IRQ c2=0
DMA IRQ c3=0
SELECT busy=9752
SELECT w0=9721
SELECT w1=5117
SELECT w2=5747
BUSY TASK ewma=997
DMA IRQ c0=1
DMA IRQ c1=0
DMA IRQ c2=0
DMA IRQ c3=0
SELECT busy=9776
SELECT w0=9745
SELECT w1=5127
SELECT w2=5762
BUSY TASK ewma=997
DMA IRQ c0=1
DMA IRQ c1=0
DMA IRQ c2=0
DMA IRQ c3=0
SELECT busy=9805
SELECT w0=9773
SELECT w1=5140
SELECT w2=5779
BUSY TASK ewma=997
DMA IRQ c0=1
DMA IRQ c1=0
DMA IRQ c2=0
DMA IRQ c3=0
SELECT busy=9836
SELECT w0=9804
SELECT w1=5154
SELECT w2=5796
BUSY TASK ewma=997
DMA IRQ c0=1
DMA IRQ c1=0
DMA IRQ c2=0
DMA IRQ c3=0
SELECT busy=9872
SELECT w0=9840
SELECT w1=5169
SELECT w2=5816
BUSY TASK ewma=997
DMA IRQ c0=1
DMA IRQ c1=0
DMA IRQ c2=0
DMA IRQ c3=0
SELECT busy=9901
SELECT w0=9869
SELECT w1=5184
SELECT w2=5832
BUSY TASK ewma=997
DMA IRQ c0=1
DMA IRQ c1=0
DMA IRQ c2=0
DMA IRQ c3=0
SELECT busy=9928
SELECT w0=9896
SELECT w1=5195
SELECT w2=5844
BUSY TASK ewma=997
DMA IRQ c0=1
DMA IRQ c1=0
DMA IRQ c2=0
DMA IRQ c3=0
SELECT busy=9955
SELECT w0=9924
SELECT w1=5210
SELECT w2=5863
BUSY TASK ewma=997
DMA IRQ c0=1
DMA IRQ c1=0
DMA IRQ c2=0
DMA IRQ c3=0
SELECT busy=9976
SELECT w0=9945
SELECT w1=5222
SELECT w2=5876
BUSY TASK ewma=997
DMA IRQ c0=1
DMA IRQ c1=0
DMA IRQ c2=0
DMA IRQ c3=0
SELECT busy=10003
SELECT w0=9972
SELECT w1=5236
SELECT w2=5896
BUSY TASK ewma=997
DMA IRQ c0=1
DMA IRQ c1=0
DMA IRQ c2=0
DMA IRQ c3=0
SELECT busy=10028
SELECT w0=9997
SELECT w1=5248
SELECT w2=5910
BUSY TASK ewma=997
DMA IRQ c0=1
DMA IRQ c1=0
DMA IRQ c2=0
DMA IRQ c3=0
SELECT busy=10059
SELECT w0=10028
SELECT w1=5264
SELECT w2=5929
BUSY TASK ewma=997
DMA IRQ c0=1
DMA IRQ c1=0
DMA IRQ c2=0
DMA IRQ c3=0
SELECT busy=10090
SELECT w0=10059
SELECT w1=5276
SELECT w2=5943
BUSY TASK ewma=997
DMA IRQ c0=1
DMA IRQ c1=0
DMA IRQ c2=0
DMA IRQ c3=0
SELECT busy=10124
SELECT w0=10092
SELECT w1=5288
SELECT w2=5956
BUSY TASK ewma=997
DMA IRQ c0=1
DMA IRQ c1=0
DMA IRQ c2=0
DMA IRQ c3=0
SELECT busy=10143
SELECT w0=10114
SELECT w1=5300
SELECT w2=5966
BUSY TASK ewma=997
DMA IRQ c0=1
DMA IRQ c1=0
DMA IRQ c2=0
DMA IRQ c3=0
SELECT busy=10170
SELECT w0=10139
SELECT w1=5315
SELECT w2=5980
BUSY TASK ewma=997
DMA IRQ c0=1
DMA IRQ c1=0
DMA IRQ c2=0
DMA IRQ c3=0
SELECT busy=10194
SELECT w0=10163
SELECT w1=5325
SELECT w2=5993
BUSY TASK ewma=997
DMA IRQ c0=1
DMA IRQ c1=0
DMA IRQ c2=0
DMA IRQ c3=0
SELECT busy=10214
SELECT w0=10183
SELECT w1=5332
SELECT w2=6001
BUSY TASK ewma=997
IRQ counts: cpu0=20423 cpu1=23831 cpu2=23740 cpu3=23873
SCHED secondaries: calls=71444 unexpected=0
SECTEST switches=71412 cpu1=237991301,228717156 cpu2=206873750,196755634 cpu3=296135112,278831540
PINGPONG rounds=2000 pongs=2000
DMA IRQ c0=1
DMA IRQ c1=0
DMA IRQ c2=0
DMA IRQ c3=0
SELECT busy=10237
SELECT w0=10205
SELECT w1=5343
SELECT w2=6016
BUSY TASK ewma=997
DMA IRQ c0=1
DMA IRQ c1=0
DMA IRQ c2=0
DMA IRQ c3=0
SELECT busy=10254
SELECT w0=10222
SELECT w1=5352
SELECT w2=6026
BUSY TASK ewma=997
DMA IRQ c0=1
DMA IRQ c1=0
DMA IRQ c2=0
DMA IRQ c3=0
SELECT busy=10267
SELECT w0=10235
SELECT w1=5357
SELECT w2=6034
BUSY TASK ewma=997
DMA IRQ c0=1
DMA IRQ c1=0
DMA IRQ c2=0
DMA IRQ c3=0
SELECT busy=10286
SELECT w0=10254
SELECT w1=5365
SELECT w2=6044
BUSY TASK ewma=997
DMA IRQ c0=1
DMA IRQ c1=0
DMA IRQ c2=0
DMA IRQ c3=0
SELECT busy=10304
SELECT w0=10273
SELECT w1=5373
SELECT w2=6054
BUSY TASK ewma=997
DMA IRQ c0=1
DMA IRQ c1=0
DMA IRQ c2=0
DMA IRQ c3=0
SELECT busy=10324
SELECT w0=10293
SELECT w1=5382
SELECT w2=6065
BUSY TASK ewma=997
DMA IRQ c0=1
DMA IRQ c1=0
DMA IRQ c2=0
DMA IRQ c3=0
SELECT busy=10342
SELECT w0=10311
SELECT w1=5391
SELECT w2=6075
BUSY TASK ewma=997
DMA IRQ c0=1
DMA IRQ c1=0
DMA IRQ c2=0
DMA IRQ c3=0
SELECT busy=10357
SELECT w0=10325
SELECT w1=5397
SELECT w2=6084
BUSY TASK ewma=997
DMA IRQ c0=1
DMA IRQ c1=0
DMA IRQ c2=0
DMA IRQ c3=0
SELECT busy=10369
SELECT w0=10337
SELECT w1=5402
SELECT w2=6089
BUSY TASK ewma=997
DMA IRQ c0=1
DMA IRQ c1=0
DMA IRQ c2=0
DMA IRQ c3=0
SELECT busy=10381
SELECT w0=10349
SELECT w1=5409
SELECT w2=6098
BUSY TASK ewma=997
DMA IRQ c0=1
DMA IRQ c1=0
DMA IRQ c2=0
DMA IRQ c3=0
SELECT busy=10393
SELECT w0=10361
SELECT w1=5416
SELECT w2=6105
BUSY TASK ewma=997
DMA IRQ c0=1
DMA IRQ c1=0
DMA IRQ c2=0
DMA IRQ c3=0
SELECT busy=10418
SELECT w0=10387
SELECT w1=5428
SELECT w2=6116
BUSY TASK ewma=997
DMA IRQ c0=1
DMA IRQ c1=0
DMA IRQ c2=0
DMA IRQ c3=0
SELECT busy=10434
SELECT w0=10403
SELECT w1=5438
SELECT w2=6125
BUSY TASK ewma=997
DMA IRQ c0=1
DMA IRQ c1=0
DMA IRQ c2=0
DMA IRQ c3=0
SELECT busy=10450
SELECT w0=10419
SELECT w1=5448
SELECT w2=6136
BUSY TASK ewma=997
DMA IRQ c0=1
DMA IRQ c1=0
DMA IRQ c2=0
DMA IRQ c3=0
SELECT busy=10468
SELECT w0=10437
SELECT w1=5457
SELECT w2=6148
BUSY TASK ewma=997
DMA IRQ c0=1
DMA IRQ c1=0
DMA IRQ c2=0
DMA IRQ c3=0
SELECT busy=10486
SELECT w0=10455
SELECT w1=5466
SELECT w2=6157
BUSY TASK ewma=997
DMA IRQ c0=1
DMA IRQ c1=0
DMA IRQ c2=0
DMA IRQ c3=0
SELECT busy=10503
SELECT w0=10471
SELECT w1=5477
SELECT w2=6167
BUSY TASK ewma=997
DMA IRQ c0=1
DMA IRQ c1=0
DMA IRQ c2=0
DMA IRQ c3=0
SELECT busy=10524
SELECT w0=10493
SELECT w1=5489
SELECT w2=6186
BUSY TASK ewma=997
DMA IRQ c0=1
DMA IRQ c1=0
DMA IRQ c2=0
DMA IRQ c3=0
SELECT busy=10543
SELECT w0=10511
SELECT w1=5497
SELECT w2=6198
BUSY TASK ewma=997
DMA IRQ c0=1
DMA IRQ c1=0
DMA IRQ c2=0
DMA IRQ c3=0
SELECT busy=10563
SELECT w0=10531
SELECT w1=5504
SELECT w2=6208
BUSY TASK ewma=997
DMA IRQ c0=1
DMA IRQ c1=0
DMA IRQ c2=0
DMA IRQ c3=0
SELECT busy=10582
SELECT w0=10551
SELECT w1=5515
SELECT w2=6222
BUSY TASK ewma=997
DMA IRQ c0=1
DMA IRQ c1=0
DMA IRQ c2=0
DMA IRQ c3=0
SELECT busy=10602
SELECT w0=10570
SELECT w1=5521
SELECT w2=6229
BUSY TASK ewma=997
DMA IRQ c0=1
DMA IRQ c1=0
DMA IRQ c2=0
DMA IRQ c3=0
SELECT busy=10621
SELECT w0=10589
SELECT w1=5528
SELECT w2=6240
BUSY TASK ewma=997
DMA IRQ c0=1
DMA IRQ c1=0
DMA IRQ c2=0
DMA IRQ c3=0
SELECT busy=10637
SELECT w0=10606
SELECT w1=5536
SELECT w2=6252
BUSY TASK ewma=997
DMA IRQ c0=1
DMA IRQ c1=0
DMA IRQ c2=0
DMA IRQ c3=0
SELECT busy=10654
SELECT w0=10625
SELECT w1=5545
SELECT w2=6267
BUSY TASK ewma=997
DMA IRQ c0=1
DMA IRQ c1=0
DMA IRQ c2=0
DMA IRQ c3=0
SELECT busy=10674
SELECT w0=10643
SELECT w1=5553
SELECT w2=6278
BUSY TASK ewma=997
DMA IRQ c0=1
DMA IRQ c1=0
DMA IRQ c2=0
DMA IRQ c3=0
SELECT busy=10693
SELECT w0=10662
SELECT w1=5562
SELECT w2=6293
BUSY TASK ewma=997
DMA IRQ c0=1
DMA IRQ c1=0
DMA IRQ c2=0
DMA IRQ c3=0
SELECT busy=10711
SELECT w0=10680
SELECT w1=5573
SELECT w2=6307
BUSY TASK ewma=997
DMA IRQ c0=1
DMA IRQ c1=0
DMA IRQ c2=0
DMA IRQ c3=0
SELECT busy=10727
SELECT w0=10696
SELECT w1=5582
SELECT w2=6315
BUSY TASK ewma=997
DMA IRQ c0=1
DMA IRQ c1=0
DMA IRQ c2=0
DMA IRQ c3=0
SELECT busy=10746
SELECT w0=10714
SELECT w1=5592
SELECT w2=6329
BUSY TASK ewma=997
DMA IRQ c0=1
DMA IRQ c1=0
DMA IRQ c2=0
DMA IRQ c3=0
SELECT busy=10770
SELECT w0=10739
SELECT w1=5604
SELECT w2=6343
BUSY TASK ewma=997
DMA IRQ c0=1
DMA IRQ c1=0
DMA IRQ c2=0
DMA IRQ c3=0
SELECT busy=10786
SELECT w0=10755
SELECT w1=5612
SELECT w2=6354
BUSY TASK ewma=997
DMA IRQ c0=1
DMA IRQ c1=0
DMA IRQ c2=0
DMA IRQ c3=0
SELECT busy=10805
SELECT w0=10774
SELECT w1=5624
SELECT w2=6366
BUSY TASK ewma=997
DMA IRQ c0=1
DMA IRQ c1=0
DMA IRQ c2=0
DMA IRQ c3=0
SELECT busy=10828
SELECT w0=10796
SELECT w1=5632
SELECT w2=6375
BUSY TASK ewma=997
DMA IRQ c0=1
DMA IRQ c1=0
DMA IRQ c2=0
DMA IRQ c3=0
SELECT busy=10849
SELECT w0=10818
SELECT w1=5645
SELECT w2=6389
BUSY TASK ewma=997
DMA IRQ c0=1
DMA IRQ c1=0
DMA IRQ c2=0
DMA IRQ c3=0
SELECT busy=10866
SELECT w0=10835
SELECT w1=5655
SELECT w2=6400
BUSY TASK ewma=997
DMA IRQ c0=1
DMA IRQ c1=0
DMA IRQ c2=0
DMA IRQ c3=0
SELECT busy=10885
SELECT w0=10855
SELECT w1=5664
SELECT w2=6412
BUSY TASK ewma=997
DMA IRQ c0=1
DMA IRQ c1=0
DMA IRQ c2=0
DMA IRQ c3=0
SELECT busy=10904
SELECT w0=10873
SELECT w1=5674
SELECT w2=6423
BUSY TASK ewma=997
DMA IRQ c0=1
DMA IRQ c1=0
DMA IRQ c2=0
DMA IRQ c3=0
SELECT busy=10924
SELECT w0=10893
SELECT w1=5682
SELECT w2=6432
BUSY TASK ewma=997
DMA IRQ c0=1
DMA IRQ c1=0
DMA IRQ c2=0
DMA IRQ c3=0
SELECT busy=10941
SELECT w0=10910
SELECT w1=5691
SELECT w2=6442
BUSY TASK ewma=997
DMA IRQ c0=1
DMA IRQ c1=0
DMA IRQ c2=0
DMA IRQ c3=0
SELECT busy=10958
SELECT w0=10927
SELECT w1=5700
SELECT w2=6451
BUSY TASK ewma=997
DMA IRQ c0=1
DMA IRQ c1=0
DMA IRQ c2=0
DMA IRQ c3=0
SELECT busy=10979
SELECT w0=10947
SELECT w1=5709
SELECT w2=6462
BUSY TASK ewma=997
DMA IRQ c0=1
DMA IRQ c1=0
DMA IRQ c2=0
DMA IRQ c3=0
SELECT busy=10998
SELECT w0=10966
SELECT w1=5716
SELECT w2=6471
BUSY TASK ewma=997
DMA IRQ c0=1
DMA IRQ c1=0
DMA IRQ c2=0
DMA IRQ c3=0
SELECT busy=11016
SELECT w0=10985
SELECT w1=5726
SELECT w2=6484
BUSY TASK ewma=997
DMA IRQ c0=1
DMA IRQ c1=0
DMA IRQ c2=0
DMA IRQ c3=0
SELECT busy=11040
SELECT w0=11009
SELECT w1=5736
SELECT w2=6494
BUSY TASK ewma=997
DMA IRQ c0=1
DMA IRQ c1=0
DMA IRQ c2=0
DMA IRQ c3=0
SELECT busy=11060
SELECT w0=11028
SELECT w1=5741
SELECT w2=6502
BUSY TASK ewma=997
DMA IRQ c0=1
DMA IRQ c1=0
DMA IRQ c2=0
DMA IRQ c3=0
SELECT busy=11079
SELECT w0=11048
SELECT w1=5749
SELECT w2=6511
BUSY TASK ewma=997
DMA IRQ c0=1
DMA IRQ c1=0
DMA IRQ c2=0
DMA IRQ c3=0
SELECT busy=11098
SELECT w0=11067
SELECT w1=5756
SELECT w2=6520
BUSY TASK ewma=997
DMA IRQ c0=1
DMA IRQ c1=0
DMA IRQ c2=0
DMA IRQ c3=0
SELECT busy=11117
SELECT w0=11085
SELECT w1=5761
SELECT w2=6526
BUSY TASK ewma=997
DMA IRQ c0=1
DMA IRQ c1=0
DMA IRQ c2=0
DMA IRQ c3=0
SELECT busy=11136
SELECT w0=11105
SELECT w1=5767
SELECT w2=6535
BUSY TASK ewma=997
DMA IRQ c0=1
DMA IRQ c1=0
DMA IRQ c2=0
DMA IRQ c3=0
SELECT busy=11161
SELECT w0=11129
SELECT w1=5778
SELECT w2=6549
BUSY TASK ewma=997
DMA IRQ c0=1
DMA IRQ c1=0
DMA IRQ c2=0
DMA IRQ c3=0
SELECT busy=11181
SELECT w0=11149
SELECT w1=5786
SELECT w2=6559
BUSY TASK ewma=997
DMA IRQ c0=1
DMA IRQ c1=0
DMA IRQ c2=0
DMA IRQ c3=0
SELECT busy=11201
SELECT w0=11170
SELECT w1=5794
SELECT w2=6569
BUSY TASK ewma=997
DMA IRQ c0=1
DMA IRQ c1=0
DMA IRQ c2=0
DMA IRQ c3=0
SELECT busy=11225
SELECT w0=11194
SELECT w1=5805
SELECT w2=6583
BUSY TASK ewma=997
DMA IRQ c0=1
DMA IRQ c1=0
DMA IRQ c2=0
DMA IRQ c3=0
SELECT busy=11249
SELECT w0=11217
SELECT w1=5814
SELECT w2=6595
BUSY TASK ewma=997
DMA IRQ c0=1
DMA IRQ c1=0
DMA IRQ c2=0
DMA IRQ c3=0
SELECT busy=11265
SELECT w0=11234
SELECT w1=5821
SELECT w2=6605
BUSY TASK ewma=997
DMA IRQ c0=1
DMA IRQ c1=0
DMA IRQ c2=0
DMA IRQ c3=0
SELECT busy=11284
SELECT w0=11252
SELECT w1=5830
SELECT w2=6614
BUSY TASK ewma=997
DMA IRQ c0=1
DMA IRQ c1=0
DMA IRQ c2=0
DMA IRQ c3=0
SELECT busy=11304
SELECT w0=11272
SELECT w1=5836
SELECT w2=6622
BUSY TASK ewma=997
DMA IRQ c0=1
DMA IRQ c1=0
DMA IRQ c2=0
DMA IRQ c3=0
SELECT busy=11323
SELECT w0=11291
SELECT w1=5843
SELECT w2=6630
BUSY TASK ewma=997
DMA IRQ c0=1
DMA IRQ c1=0
DMA IRQ c2=0
DMA IRQ c3=0
SELECT busy=11343
SELECT w0=11311
SELECT w1=5848
SELECT w2=6638
BUSY TASK ewma=997
DMA IRQ c0=1
DMA IRQ c1=0
DMA IRQ c2=0
DMA IRQ c3=0
SELECT busy=11362
SELECT w0=11330
SELECT w1=5855
SELECT w2=6646
BUSY TASK ewma=997
DMA IRQ c0=1
DMA IRQ c1=0
DMA IRQ c2=0
DMA IRQ c3=0
SELECT busy=11383
SELECT w0=11351
SELECT w1=5866
SELECT w2=6660
BUSY TASK ewma=997
DMA IRQ c0=1
DMA IRQ c1=0
DMA IRQ c2=0
DMA IRQ c3=0
SELECT busy=11403
SELECT w0=11371
SELECT w1=5872
SELECT w2=6667
BUSY TASK ewma=997
DMA IRQ c0=1
DMA IRQ c1=0
DMA IRQ c2=0
DMA IRQ c3=0
SELECT busy=11419
SELECT w0=11388
SELECT w1=5879
SELECT w2=6675
BUSY TASK ewma=997
IRQ counts: cpu0=22839 cpu1=26587 cpu2=26444 cpu3=26622
SCHED secondaries: calls=79667 unexpected=0
SECTEST switches=79627 cpu1=268560823,260046888 cpu2=235133796,224285733 cpu3=335830293,319305942
PINGPONG rounds=2000 pongs=2000
DMA IRQ c0=1
DMA IRQ c1=0
DMA IRQ c2=0
DMA IRQ c3=0
SELECT busy=11446
SELECT w0=11414
SELECT w1=5894
SELECT w2=6689
BUSY TASK ewma=997
DMA IRQ c0=1
DMA IRQ c1=0
DMA IRQ c2=0
DMA IRQ c3=0
SELECT busy=11464
SELECT w0=11433
SELECT w1=5900
SELECT w2=6697
BUSY TASK ewma=997
DMA IRQ c0=1
DMA IRQ c1=0
DMA IRQ c2=0
DMA IRQ c3=0
SELECT busy=11486
SELECT w0=11455
SELECT w1=5910
SELECT w2=6709
BUSY TASK ewma=997
DMA IRQ c0=1
DMA IRQ c1=0
DMA IRQ c2=0
DMA IRQ c3=0
SELECT busy=11510
SELECT w0=11479
SELECT w1=5922
SELECT w2=6724
BUSY TASK ewma=997
DMA IRQ c0=1
DMA IRQ c1=0
DMA IRQ c2=0
DMA IRQ c3=0
SELECT busy=11532
SELECT w0=11502
SELECT w1=5933
SELECT w2=6739
BUSY TASK ewma=997
DMA IRQ c0=1
DMA IRQ c1=0
DMA IRQ c2=0
DMA IRQ c3=0
SELECT busy=11559
SELECT w0=11527
SELECT w1=5942
SELECT w2=6749
BUSY TASK ewma=997
DMA IRQ c0=1
DMA IRQ c1=0
DMA IRQ c2=0
DMA IRQ c3=0
SELECT busy=11579
SELECT w0=11547
SELECT w1=5948
SELECT w2=6756
BUSY TASK ewma=997
DMA IRQ c0=1
DMA IRQ c1=0
DMA IRQ c2=0
DMA IRQ c3=0
SELECT busy=11598
SELECT w0=11567
SELECT w1=5957
SELECT w2=6769
BUSY TASK ewma=997
DMA IRQ c0=1
DMA IRQ c1=0
DMA IRQ c2=0
DMA IRQ c3=0
SELECT busy=11620
SELECT w0=11590
SELECT w1=5969
SELECT w2=6784
BUSY TASK ewma=997
DMA IRQ c0=1
DMA IRQ c1=0
DMA IRQ c2=0
DMA IRQ c3=0
SELECT busy=11641
SELECT w0=11609
SELECT w1=5976
SELECT w2=6792
BUSY TASK ewma=997
DMA IRQ c0=1
DMA IRQ c1=0
DMA IRQ c2=0
DMA IRQ c3=0
SELECT busy=11659
SELECT w0=11628
SELECT w1=5983
SELECT w2=6801
BUSY TASK ewma=997
DMA IRQ c0=1
DMA IRQ c1=0
DMA IRQ c2=0
DMA IRQ c3=0
SELECT busy=11678
SELECT w0=11646
SELECT w1=5990
SELECT w2=6810
BUSY TASK ewma=997
DMA IRQ c0=1
DMA IRQ c1=0
DMA IRQ c2=0
DMA IRQ c3=0
SELECT busy=11695
SELECT w0=11663
SELECT w1=5998
SELECT w2=6818
BUSY TASK ewma=997
DMA IRQ c0=1
DMA IRQ c1=0
DMA IRQ c2=0
DMA IRQ c3=0
SELECT busy=11715
SELECT w0=11684
SELECT w1=6007
SELECT w2=6831
BUSY TASK ewma=997
DMA IRQ c0=1
DMA IRQ c1=0
DMA IRQ c2=0
DMA IRQ c3=0
SELECT busy=11735
SELECT w0=11703
SELECT w1=6015
SELECT w2=6840
BUSY TASK ewma=997
DMA IRQ c0=1
DMA IRQ c1=0
DMA IRQ c2=0
DMA IRQ c3=0
SELECT busy=11756
SELECT w0=11724
SELECT w1=6024
SELECT w2=6851
BUSY TASK ewma=997
DMA IRQ c0=1
DMA IRQ c1=0
DMA IRQ c2=0
DMA IRQ c3=0
SELECT busy=11778
SELECT w0=11747
SELECT w1=6035
SELECT w2=6864
BUSY TASK ewma=997
DMA IRQ c0=1
DMA IRQ c1=0
DMA IRQ c2=0
DMA IRQ c3=0
SELECT busy=11804
SELECT w0=11773
SELECT w1=6052
SELECT w2=6883
BUSY TASK ewma=997
DMA IRQ c0=1
DMA IRQ c1=0
DMA IRQ c2=0
DMA IRQ c3=0
SELECT busy=11836
SELECT w0=11804
SELECT w1=6065
SELECT w2=6898
BUSY TASK ewma=997
DMA IRQ c0=1
DMA IRQ c1=0
DMA IRQ c2=0
DMA IRQ c3=0
SELECT busy=11863
SELECT w0=11831
SELECT w1=6075
SELECT w2=6910
BUSY TASK ewma=997
DMA IRQ c0=1
DMA IRQ c1=0
DMA IRQ c2=0
DMA IRQ c3=0
SELECT busy=11881
SELECT w0=11850
SELECT w1=6082
SELECT w2=6919
BUSY TASK ewma=997
DMA IRQ c0=1
DMA IRQ c1=0
DMA IRQ c2=0
DMA IRQ c3=0
SELECT busy=11901
SELECT w0=11869
SELECT w1=6090
SELECT w2=6930
BUSY TASK ewma=997
DMA IRQ c0=1
DMA IRQ c1=0
DMA IRQ c2=0
DMA IRQ c3=0
SELECT busy=11925
SELECT w0=11894
SELECT w1=6103
SELECT w2=6945
BUSY TASK ewma=997
DMA IRQ c0=1
DMA IRQ c1=0
DMA IRQ c2=0
DMA IRQ c3=0
SELECT busy=11941
SELECT w0=11911
SELECT w1=6113
SELECT w2=6957
BUSY TASK ewma=997
DMA IRQ c0=1
DMA IRQ c1=0
DMA IRQ c2=0
DMA IRQ c3=0
SELECT busy=11961
SELECT w0=11931
SELECT w1=6122
SELECT w2=6966
BUSY TASK ewma=997
DMA IRQ c0=1
DMA IRQ c1=0
DMA IRQ c2=0
DMA IRQ c3=0
SELECT busy=11982
SELECT w0=11951
SELECT w1=6133
SELECT w2=6983
BUSY TASK ewma=997
DMA IRQ c0=1
DMA IRQ c1=0
DMA IRQ c2=0
DMA IRQ c3=0
SELECT busy=12002
SELECT w0=11970
SELECT w1=6141
SELECT w2=6994
BUSY TASK ewma=997
DMA IRQ c0=1
DMA IRQ c1=0
DMA IRQ c2=0
DMA IRQ c3=0
SELECT busy=12020
SELECT w0=11988
SELECT w1=6147
SELECT w2=7001
BUSY TASK ewma=997
DMA IRQ c0=1
DMA IRQ c1=0
DMA IRQ c2=0
DMA IRQ c3=0
SELECT busy=12037
SELECT w0=12006
SELECT w1=6159
SELECT w2=7012
BUSY TASK ewma=997
DMA IRQ c0=1
DMA IRQ c1=0
DMA IRQ c2=0
DMA IRQ c3=0
SELECT busy=12056
SELECT w0=12025
SELECT w1=6169
SELECT w2=7025
BUSY TASK ewma=997
DMA IRQ c0=1
DMA IRQ c1=0
DMA IRQ c2=0
DMA IRQ c3=0
SELECT busy=12079
SELECT w0=12047
SELECT w1=6178
SELECT w2=7040
BUSY TASK ewma=997
DMA IRQ c0=1
DMA IRQ c1=0
DMA IRQ c2=0
DMA IRQ c3=0
SELECT busy=12107
SELECT w0=12075
SELECT w1=6196
SELECT w2=7055
BUSY TASK ewma=997
DMA IRQ c0=1
DMA IRQ c1=0
DMA IRQ c2=0
DMA IRQ c3=0
SELECT busy=12124
SELECT w0=12093
SELECT w1=6205
SELECT w2=7065
BUSY TASK ewma=997
DMA IRQ c0=1
DMA IRQ c1=0
DMA IRQ c2=0
DMA IRQ c3=0
SELECT busy=12139
SELECT w0=12107
SELECT w1=6213
SELECT w2=7072
BUSY TASK ewma=997
DMA IRQ c0=1
DMA IRQ c1=0
DMA IRQ c2=0
DMA IRQ c3=0
SELECT busy=12152
SELECT w0=12120
SELECT w1=6221
SELECT w2=7081
BUSY TASK ewma=997
DMA IRQ c0=1
DMA IRQ c1=0
DMA IRQ c2=0
DMA IRQ c3=0
SELECT busy=12177
SELECT w0=12145
SELECT w1=6231
SELECT w2=7097
BUSY TASK ewma=997
DMA IRQ c0=1
DMA IRQ c1=0
DMA IRQ c2=0
DMA IRQ c3=0
SELECT busy=12193
SELECT w0=12161
SELECT w1=6237
SELECT w2=7107
BUSY TASK ewma=997
DMA IRQ c0=1
DMA IRQ c1=0
DMA IRQ c2=0
DMA IRQ c3=0
SELECT busy=12220
SELECT w0=12188
SELECT w1=6253
SELECT w2=7121
BUSY TASK ewma=997
DMA IRQ c0=1
DMA IRQ c1=0
DMA IRQ c2=0
DMA IRQ c3=0
SELECT busy=12238
SELECT w0=12207
SELECT w1=6260
SELECT w2=7129
BUSY TASK ewma=997
DMA IRQ c0=1
DMA IRQ c1=0
DMA IRQ c2=0
DMA IRQ c3=0
SELECT busy=12259
SELECT w0=12227
SELECT w1=6269
SELECT w2=7141
BUSY TASK ewma=997
DMA IRQ c0=1
DMA IRQ c1=0
DMA IRQ c2=0
DMA IRQ c3=0
SELECT busy=12278
SELECT w0=12247
SELECT w1=6278
SELECT w2=7153
BUSY TASK ewma=997
DMA IRQ c0=1
DMA IRQ c1=0
DMA IRQ c2=0
DMA IRQ c3=0
SELECT busy=12298
SELECT w0=12266
SELECT w1=6288
SELECT w2=7164
BUSY TASK ewma=997
DMA IRQ c0=1
DMA IRQ c1=0
DMA IRQ c2=0
DMA IRQ c3=0
SELECT busy=12318
SELECT w0=12287
SELECT w1=6298
SELECT w2=7176
BUSY TASK ewma=997
DMA IRQ c0=1
DMA IRQ c1=0
DMA IRQ c2=0
DMA IRQ c3=0
SELECT busy=12345
SELECT w0=12313
SELECT w1=6307
SELECT w2=7188
BUSY TASK ewma=997
DMA IRQ c0=1
DMA IRQ c1=0
DMA IRQ c2=0
DMA IRQ c3=0
SELECT busy=12378
SELECT w0=12347
SELECT w1=6319
SELECT w2=7206
BUSY TASK ewma=997
DMA IRQ c0=1
DMA IRQ c1=0
DMA IRQ c2=0
DMA IRQ c3=0
SELECT busy=12399
SELECT w0=12367
SELECT w1=6332
SELECT w2=7218
BUSY TASK ewma=997
DMA IRQ c0=1
DMA IRQ c1=0
DMA IRQ c2=0
DMA IRQ c3=0
SELECT busy=12426
SELECT w0=12394
SELECT w1=6343
SELECT w2=7235
BUSY TASK ewma=997
DMA IRQ c0=1
DMA IRQ c1=0
DMA IRQ c2=0
DMA IRQ c3=0
SELECT busy=12445
SELECT w0=12414
SELECT w1=6350
SELECT w2=7244
BUSY TASK ewma=997
DMA IRQ c0=1
DMA IRQ c1=0
DMA IRQ c2=0
DMA IRQ c3=0
SELECT busy=12470
SELECT w0=12439
SELECT w1=6366
SELECT w2=7260
BUSY TASK ewma=997
DMA IRQ c0=1
DMA IRQ c1=0
DMA IRQ c2=0
DMA IRQ c3=0
SELECT busy=12489
SELECT w0=12459
SELECT w1=6380
SELECT w2=7272
BUSY TASK ewma=997
DMA IRQ c0=1
DMA IRQ c1=0
DMA IRQ c2=0
DMA IRQ c3=0
SELECT busy=12511
SELECT w0=12480
SELECT w1=6388
SELECT w2=7282
BUSY TASK ewma=997
DMA IRQ c0=1
DMA IRQ c1=0
DMA IRQ c2=0
DMA IRQ c3=0
SELECT busy=12533
SELECT w0=12501
SELECT w1=6401
SELECT w2=7296
BUSY TASK ewma=997
DMA IRQ c0=1
DMA IRQ c1=0
DMA IRQ c2=0
DMA IRQ c3=0
SELECT busy=12556
SELECT w0=12524
SELECT w1=6411
SELECT w2=7306
BUSY TASK ewma=997
DMA IRQ c0=1
DMA IRQ c1=0
DMA IRQ c2=0
DMA IRQ c3=0
SELECT busy=12580
SELECT w0=12549
SELECT w1=6423
SELECT w2=7321
BUSY TASK ewma=997
DMA IRQ c0=1
DMA IRQ c1=0
DMA IRQ c2=0
DMA IRQ c3=0
SELECT busy=12600
SELECT w0=12568
SELECT w1=6431
SELECT w2=7331
BUSY TASK ewma=997
DMA IRQ c0=1
DMA IRQ c1=0
DMA IRQ c2=0
DMA IRQ c3=0
SELECT busy=12624
SELECT w0=12592
SELECT w1=6442
SELECT w2=7348
BUSY TASK ewma=997
DMA IRQ c0=1
DMA IRQ c1=0
DMA IRQ c2=0
DMA IRQ c3=0
SELECT busy=12648
SELECT w0=12619
SEqemu-system-aarch64: terminating on signal 15 from pid 254580 (timeout)
