P4 M7: full integration test boot OK
CPU0: MPIDR_EL1=0x0000000080000000
CPU0: psci_cpu_on target=1 rc=0
CPU1: alive, MPIDR_EL1=0x0000000080000001 this_cpu()->cpu_id=1
CPU0: psci_cpu_on target=2 rc=0
CPU2: alive, MPIDR_EL1=0x0000000080000002 this_cpu()->cpu_id=2
CPU0: psci_cpu_on target=3 rc=0
CPU3: alive, MPIDR_EL1=0x0000000080000003 this_cpu()->cpu_id=3
CPUs online: 4
D2b: worker 2 runs on CPU2
D2b: worker 1 runs on CPU1
D2b: worker 0 runs on CPU0
P4 M7: worker submitted cmd_id=2
P4 M7: worker submitted cmd_id=3
P4 M7: worker submitted cmd_id=1
P4 M7: worker DATA OK, cmd_id=1
P4 M7: worker DATA OK, cmd_id=2
WORKER ewma=831
WORKER ewma=831
P4 M7: worker DATA OK, cmd_id=3
WORKER ewma=759
BUSY TASK ewma=997
DMA IRQ c0=3
DMA IRQ c1=0
DMA IRQ c2=0
DMA IRQ c3=0
SELECT busy=27
SELECT w0=27
SELECT w1=18
SELECT w2=26
BUSY TASK ewma=997
DMA IRQ c0=3
DMA IRQ c1=0
DMA IRQ c2=0
DMA IRQ c3=0
SELECT busy=45
SELECT w0=44
SELECT w1=37
SELECT w2=47
BUSY TASK ewma=997
DMA IRQ c0=3
DMA IRQ c1=0
DMA IRQ c2=0
DMA IRQ c3=0
SELECT busy=64
SELECT w0=63
SELECT w1=69
SELECT w2=77
BUSY TASK ewma=997
DMA IRQ c0=3
DMA IRQ c1=0
DMA IRQ c2=0
DMA IRQ c3=0
SELECT busy=82
SELECT w0=82
SELECT w1=83
SELECT w2=93
BUSY TASK ewma=997
DMA IRQ c0=3
DMA IRQ c1=0
DMA IRQ c2=0
DMA IRQ c3=0
SELECT busy=98
SELECT w0=97
SELECT w1=91
SELECT w2=101
BUSY TASK ewma=997
DMA IRQ c0=3
DMA IRQ c1=0
DMA IRQ c2=0
DMA IRQ c3=0
SELECT busy=115
SELECT w0=114
SELECT w1=101
SELECT w2=109
BUSY TASK ewma=997
DMA IRQ c0=3
DMA IRQ c1=0
DMA IRQ c2=0
DMA IRQ c3=0
SELECT busy=132
SELECT w0=131
SELECT w1=113
SELECT w2=120
BUSY TASK ewma=997
DMA IRQ c0=3
DMA IRQ c1=0
DMA IRQ c2=0
DMA IRQ c3=0
SELECT busy=161
SELECT w0=162
SELECT w1=128
SELECT w2=139
BUSY TASK ewma=997
DMA IRQ c0=3
DMA IRQ c1=0
DMA IRQ c2=0
DMA IRQ c3=0
SELECT busy=180
SELECT w0=179
SELECT w1=137
SELECT w2=147
BUSY TASK ewma=997
DMA IRQ c0=3
DMA IRQ c1=0
DMA IRQ c2=0
DMA IRQ c3=0
SELECT busy=212
SELECT w0=213
SELECT w1=149
SELECT w2=159
BUSY TASK ewma=997
DMA IRQ c0=3
DMA IRQ c1=0
DMA IRQ c2=0
DMA IRQ c3=0
SELECT busy=229
SELECT w0=229
SELECT w1=156
SELECT w2=167
BUSY TASK ewma=997
DMA IRQ c0=3
DMA IRQ c1=0
DMA IRQ c2=0
DMA IRQ c3=0
SELECT busy=258
SELECT w0=257
SELECT w1=172
SELECT w2=182
BUSY TASK ewma=997
DMA IRQ c0=3
DMA IRQ c1=0
DMA IRQ c2=0
DMA IRQ c3=0
SELECT busy=284
SELECT w0=283
SELECT w1=185
SELECT w2=195
BUSY TASK ewma=997
DMA IRQ c0=3
DMA IRQ c1=0
DMA IRQ c2=0
DMA IRQ c3=0
SELECT busy=309
SELECT w0=309
SELECT w1=202
SELECT w2=208
BUSY TASK ewma=997
DMA IRQ c0=3
DMA IRQ c1=0
DMA IRQ c2=0
DMA IRQ c3=0
SELECT busy=350
SELECT w0=349
SELECT w1=217
SELECT w2=227
BUSY TASK ewma=997
DMA IRQ c0=3
DMA IRQ c1=0
DMA IRQ c2=0
DMA IRQ c3=0
SELECT busy=377
SELECT w0=376
SELECT w1=227
SELECT w2=237
BUSY TASK ewma=997
DMA IRQ c0=3
DMA IRQ c1=0
DMA IRQ c2=0
DMA IRQ c3=0
SELECT busy=415
SELECT w0=414
SELECT w1=245
SELECT w2=262
BUSY TASK ewma=997
DMA IRQ c0=3
DMA IRQ c1=0
DMA IRQ c2=0
DMA IRQ c3=0
SELECT busy=443
SELECT w0=443
SELECT w1=263
SELECT w2=279
BUSY TASK ewma=997
DMA IRQ c0=3
DMA IRQ c1=0
DMA IRQ c2=0
DMA IRQ c3=0
SELECT busy=469
SELECT w0=469
SELECT w1=277
SELECT w2=292
BUSY TASK ewma=997
DMA IRQ c0=3
DMA IRQ c1=0
DMA IRQ c2=0
DMA IRQ c3=0
SELECT busy=497
SELECT w0=497
SELECT w1=294
SELECT w2=308
BUSY TASK ewma=997
DMA IRQ c0=3
DMA IRQ c1=0
DMA IRQ c2=0
DMA IRQ c3=0
SELECT busy=518
SELECT w0=517
SELECT w1=305
SELECT w2=319
BUSY TASK ewma=997
DMA IRQ c0=3
DMA IRQ c1=0
DMA IRQ c2=0
DMA IRQ c3=0
SELECT busy=539
SELECT w0=539
SELECT w1=313
SELECT w2=326
BUSY TASK ewma=997
DMA IRQ c0=3
DMA IRQ c1=0
DMA IRQ c2=0
DMA IRQ c3=0
SELECT busy=558
SELECT w0=558
SELECT w1=325
SELECT w2=344
BUSY TASK ewma=997
DMA IRQ c0=3
DMA IRQ c1=0
DMA IRQ c2=0
DMA IRQ c3=0
SELECT busy=584
SELECT w0=583
SELECT w1=341
SELECT w2=358
BUSY TASK ewma=997
DMA IRQ c0=3
DMA IRQ c1=0
DMA IRQ c2=0
DMA IRQ c3=0
SELECT busy=606
SELECT w0=608
SELECT w1=352
SELECT w2=369
BUSY TASK ewma=997
DMA IRQ c0=3
DMA IRQ c1=0
DMA IRQ c2=0
DMA IRQ c3=0
SELECT busy=636
SELECT w0=636
SELECT w1=370
SELECT w2=384
BUSY TASK ewma=997
DMA IRQ c0=3
DMA IRQ c1=0
DMA IRQ c2=0
DMA IRQ c3=0
SELECT busy=663
SELECT w0=663
SELECT w1=389
SELECT w2=400
BUSY TASK ewma=997
DMA IRQ c0=3
DMA IRQ c1=0
DMA IRQ c2=0
DMA IRQ c3=0
SELECT busy=687
SELECT w0=687
SELECT w1=403
SELECT w2=413
BUSY TASK ewma=997
DMA IRQ c0=3
DMA IRQ c1=0
DMA IRQ c2=0
DMA IRQ c3=0
SELECT busy=714
SELECT w0=714
SELECT w1=421
SELECT w2=429
BUSY TASK ewma=997
DMA IRQ c0=3
DMA IRQ c1=0
DMA IRQ c2=0
DMA IRQ c3=0
SELECT busy=741
SELECT w0=741
SELECT w1=439
SELECT w2=452
BUSY TASK ewma=997
DMA IRQ c0=3
DMA IRQ c1=0
DMA IRQ c2=0
DMA IRQ c3=0
SELECT busy=768
SELECT w0=767
SELECT w1=452
SELECT w2=466
BUSY TASK ewma=997
DMA IRQ c0=3
DMA IRQ c1=0
DMA IRQ c2=0
DMA IRQ c3=0
SELECT busy=803
SELECT w0=802
SELECT w1=473
SELECT w2=484
BUSY TASK ewma=997
DMA IRQ c0=3
DMA IRQ c1=0
DMA IRQ c2=0
DMA IRQ c3=0
SELECT busy=829
SELECT w0=828
SELECT w1=488
SELECT w2=498
BUSY TASK ewma=997
DMA IRQ c0=3
DMA IRQ c1=0
DMA IRQ c2=0
DMA IRQ c3=0
SELECT busy=849
SELECT w0=849
SELECT w1=494
SELECT w2=505
BUSY TASK ewma=997
DMA IRQ c0=3
DMA IRQ c1=0
DMA IRQ c2=0
DMA IRQ c3=0
SELECT busy=877
SELECT w0=876
SELECT w1=511
SELECT w2=518
BUSY TASK ewma=997
DMA IRQ c0=3
DMA IRQ c1=0
DMA IRQ c2=0
DMA IRQ c3=0
SELECT busy=898
SELECT w0=897
SELECT w1=522
SELECT w2=531
BUSY TASK ewma=997
DMA IRQ c0=3
DMA IRQ c1=0
DMA IRQ c2=0
DMA IRQ c3=0
SELECT busy=918
SELECT w0=917
SELECT w1=533
SELECT w2=543
BUSY TASK ewma=997
DMA IRQ c0=3
DMA IRQ c1=0
DMA IRQ c2=0
DMA IRQ c3=0
SELECT busy=941
SELECT w0=941
SELECT w1=548
SELECT w2=558
BUSY TASK ewma=997
DMA IRQ c0=3
DMA IRQ c1=0
DMA IRQ c2=0
DMA IRQ c3=0
SELECT busy=957
SELECT w0=956
SELECT w1=560
SELECT w2=568
BUSY TASK ewma=997
DMA IRQ c0=3
DMA IRQ c1=0
DMA IRQ c2=0
DMA IRQ c3=0
SELECT busy=980
SELECT w0=980
SELECT w1=577
SELECT w2=589
BUSY TASK ewma=997
DMA IRQ c0=3
DMA IRQ c1=0
DMA IRQ c2=0
DMA IRQ c3=0
SELECT busy=1007
SELECT w0=1007
SELECT w1=594
SELECT w2=609
BUSY TASK ewma=997
DMA IRQ c0=3
DMA IRQ c1=0
DMA IRQ c2=0
DMA IRQ c3=0
SELECT busy=1024
SELECT w0=1024
SELECT w1=603
SELECT w2=621
BUSY TASK ewma=997
DMA IRQ c0=3
DMA IRQ c1=0
DMA IRQ c2=0
DMA IRQ c3=0
SELECT busy=1041
SELECT w0=1040
SELECT w1=611
SELECT w2=630
BUSY TASK ewma=997
DMA IRQ c0=3
DMA IRQ c1=0
DMA IRQ c2=0
DMA IRQ c3=0
SELECT busy=1059
SELECT w0=1059
SELECT w1=619
SELECT w2=638
BUSY TASK ewma=997
DMA IRQ c0=3
DMA IRQ c1=0
DMA IRQ c2=0
DMA IRQ c3=0
SELECT busy=1083
SELECT w0=1082
SELECT w1=626
SELECT w2=647
BUSY TASK ewma=997
DMA IRQ c0=3
DMA IRQ c1=0
DMA IRQ c2=0
DMA IRQ c3=0
SELECT busy=1102
SELECT w0=1101
SELECT w1=632
SELECT w2=653
BUSY TASK ewma=997
DMA IRQ c0=3
DMA IRQ c1=0
DMA IRQ c2=0
DMA IRQ c3=0
SELECT busy=1122
SELECT w0=1121
SELECT w1=637
SELECT w2=658
BUSY TASK ewma=997
DMA IRQ c0=3
DMA IRQ c1=0
DMA IRQ c2=0
DMA IRQ c3=0
SELECT busy=1147
SELECT w0=1147
SELECT w1=649
SELECT w2=670
BUSY TASK ewma=997
DMA IRQ c0=3
DMA IRQ c1=0
DMA IRQ c2=0
DMA IRQ c3=0
SELECT busy=1176
SELECT w0=1175
SELECT w1=669
SELECT w2=689
BUSY TASK ewma=997
DMA IRQ c0=3
DMA IRQ c1=0
DMA IRQ c2=0
DMA IRQ c3=0
SELECT busy=1200
SELECT w0=1200
SELECT w1=685
SELECT w2=706
BUSY TASK ewma=997
DMA IRQ c0=3
DMA IRQ c1=0
DMA IRQ c2=0
DMA IRQ c3=0
SELECT busy=1219
SELECT w0=1219
SELECT w1=699
SELECT w2=718
BUSY TASK ewma=997
DMA IRQ c0=3
DMA IRQ c1=0
DMA IRQ c2=0
DMA IRQ c3=0
SELECT busy=1240
SELECT w0=1239
SELECT w1=709
SELECT w2=729
BUSY TASK ewma=997
DMA IRQ c0=3
DMA IRQ c1=0
DMA IRQ c2=0
DMA IRQ c3=0
SELECT busy=1256
SELECT w0=1256
SELECT w1=721
SELECT w2=742
BUSY TASK ewma=997
DMA IRQ c0=3
DMA IRQ c1=0
DMA IRQ c2=0
DMA IRQ c3=0
SELECT busy=1278
SELECT w0=1277
SELECT w1=732
SELECT w2=752
BUSY TASK ewma=997
DMA IRQ c0=3
DMA IRQ c1=0
DMA IRQ c2=0
DMA IRQ c3=0
SELECT busy=1297
SELECT w0=1296
SELECT w1=741
SELECT w2=762
BUSY TASK ewma=997
DMA IRQ c0=3
DMA IRQ c1=0
DMA IRQ c2=0
DMA IRQ c3=0
SELECT busy=1318
SELECT w0=1317
SELECT w1=754
SELECT w2=771
BUSY TASK ewma=997
DMA IRQ c0=3
DMA IRQ c1=0
DMA IRQ c2=0
DMA IRQ c3=0
SELECT busy=1340
SELECT w0=1339
SELECT w1=764
SELECT w2=783
BUSY TASK ewma=997
DMA IRQ c0=3
DMA IRQ c1=0
DMA IRQ c2=0
DMA IRQ c3=0
SELECT busy=1366
SELECT w0=1367
SELECT w1=782
SELECT w2=797
BUSY TASK ewma=997
DMA IRQ c0=3
DMA IRQ c1=0
DMA IRQ c2=0
DMA IRQ c3=0
SELECT busy=1390
SELECT w0=1390
SELECT w1=797
SELECT w2=807
BUSY TASK ewma=997
DMA IRQ c0=3
DMA IRQ c1=0
DMA IRQ c2=0
DMA IRQ c3=0
SELECT busy=1411
SELECT w0=1410
SELECT w1=807
SELECT w2=817
BUSY TASK ewma=997
DMA IRQ c0=3
DMA IRQ c1=0
DMA IRQ c2=0
DMA IRQ c3=0
SELECT busy=1432
SELECT w0=1432
SELECT w1=822
SELECT w2=833
BUSY TASK ewma=997
DMA IRQ c0=3
DMA IRQ c1=0
DMA IRQ c2=0
DMA IRQ c3=0
SELECT busy=1455
SELECT w0=1455
SELECT w1=836
SELECT w2=849
BUSY TASK ewma=997
DMA IRQ c0=3
DMA IRQ c1=0
DMA IRQ c2=0
DMA IRQ c3=0
SELECT busy=1476
SELECT w0=1476
SELECT w1=845
SELECT w2=861
BUSY TASK ewma=997
IRQ counts: cpu0=2996 cpu1=3369 cpu2=3410 cpu3=3333
SCHED secondaries: calls=10122 unexpected=0
SECTEST switches=10111 cpu1=34737771,33253901 cpu2=28930948,26448943 cpu3=41842029,36628051
PINGPONG rounds=632 pongs=633
DMA IRQ c0=3
DMA IRQ c1=0
DMA IRQ c2=0
DMA IRQ c3=0
SELECT busy=1509
SELECT w0=1508
SELECT w1=866
SELECT w2=878
BUSY TASK ewma=997
DMA IRQ c0=3
DMA IRQ c1=0
DMA IRQ c2=0
DMA IRQ c3=0
SELECT busy=1537
SELECT w0=1537
SELECT w1=881
SELECT w2=898
BUSY TASK ewma=997
DMA IRQ c0=3
DMA IRQ c1=0
DMA IRQ c2=0
DMA IRQ c3=0
SELECT busy=1564
SELECT w0=1563
SELECT w1=895
SELECT w2=916
BUSY TASK ewma=997
DMA IRQ c0=3
DMA IRQ c1=0
DMA IRQ c2=0
DMA IRQ c3=0
SELECT busy=1588
SELECT w0=1587
SELECT w1=909
SELECT w2=929
BUSY TASK ewma=997
DMA IRQ c0=3
DMA IRQ c1=0
DMA IRQ c2=0
DMA IRQ c3=0
SELECT busy=1618
SELECT w0=1618
SELECT w1=927
SELECT w2=946
BUSY TASK ewma=997
DMA IRQ c0=3
DMA IRQ c1=0
DMA IRQ c2=0
DMA IRQ c3=0
SELECT busy=1639
SELECT w0=1638
SELECT w1=939
SELECT w2=956
BUSY TASK ewma=997
DMA IRQ c0=3
DMA IRQ c1=0
DMA IRQ c2=0
DMA IRQ c3=0
SELECT busy=1679
SELECT w0=1678
SELECT w1=958
SELECT w2=976
BUSY TASK ewma=997
DMA IRQ c0=3
DMA IRQ c1=0
DMA IRQ c2=0
DMA IRQ c3=0
SELECT busy=1711
SELECT w0=1710
SELECT w1=972
SELECT w2=989
BUSY TASK ewma=997
DMA IRQ c0=3
DMA IRQ c1=0
DMA IRQ c2=0
DMA IRQ c3=0
SELECT busy=1735
SELECT w0=1736
SELECT w1=989
SELECT w2=1005
BUSY TASK ewma=997
DMA IRQ c0=3
DMA IRQ c1=0
DMA IRQ c2=0
DMA IRQ c3=0
SELECT busy=1769
SELECT w0=1768
SELECT w1=1006
SELECT w2=1024
BUSY TASK ewma=997
DMA IRQ c0=3
DMA IRQ c1=0
DMA IRQ c2=0
DMA IRQ c3=0
SELECT busy=1815
SELECT w0=1814
SELECT w1=1030
SELECT w2=1044
BUSY TASK ewma=997
DMA IRQ c0=3
DMA IRQ c1=0
DMA IRQ c2=0
DMA IRQ c3=0
SELECT busy=1849
SELECT w0=1848
SELECT w1=1050
SELECT w2=1061
BUSY TASK ewma=997
DMA IRQ c0=3
DMA IRQ c1=0
DMA IRQ c2=0
DMA IRQ c3=0
SELECT busy=1876
SELECT w0=1876
SELECT w1=1073
SELECT w2=1077
BUSY TASK ewma=997
DMA IRQ c0=3
DMA IRQ c1=0
DMA IRQ c2=0
DMA IRQ c3=0
SELECT busy=1904
SELECT w0=1904
SELECT w1=1092
SELECT w2=1094
BUSY TASK ewma=997
DMA IRQ c0=3
DMA IRQ c1=0
DMA IRQ c2=0
DMA IRQ c3=0
SELECT busy=1928
SELECT w0=1927
SELECT w1=1107
SELECT w2=1104
BUSY TASK ewma=997
DMA IRQ c0=3
DMA IRQ c1=0
DMA IRQ c2=0
DMA IRQ c3=0
SELECT busy=1950
SELECT w0=1949
SELECT w1=1118
SELECT w2=1115
BUSY TASK ewma=997
DMA IRQ c0=3
DMA IRQ c1=0
DMA IRQ c2=0
DMA IRQ c3=0
SELECT busy=1968
SELECT w0=1967
SELECT w1=1128
SELECT w2=1126
BUSY TASK ewma=997
DMA IRQ c0=3
DMA IRQ c1=0
DMA IRQ c2=0
DMA IRQ c3=0
SELECT busy=1986
SELECT w0=1986
SELECT w1=1139
SELECT w2=1137
BUSY TASK ewma=997
DMA IRQ c0=3
DMA IRQ c1=0
DMA IRQ c2=0
DMA IRQ c3=0
SELECT busy=2014
SELECT w0=2014
SELECT w1=1155
SELECT w2=1154
BUSY TASK ewma=997
DMA IRQ c0=3
DMA IRQ c1=0
DMA IRQ c2=0
DMA IRQ c3=0
SELECT busy=2050
SELECT w0=2053
SELECT w1=1174
SELECT w2=1176
BUSY TASK ewma=997
DMA IRQ c0=3
DMA IRQ c1=0
DMA IRQ c2=0
DMA IRQ c3=0
SELECT busy=2083
SELECT w0=2082
SELECT w1=1184
SELECT w2=1187
BUSY TASK ewma=997
DMA IRQ c0=3
DMA IRQ c1=0
DMA IRQ c2=0
DMA IRQ c3=0
SELECT busy=2111
SELECT w0=2111
SELECT w1=1196
SELECT w2=1202
BUSY TASK ewma=997
DMA IRQ c0=3
DMA IRQ c1=0
DMA IRQ c2=0
DMA IRQ c3=0
SELECT busy=2133
SELECT w0=2133
SELECT w1=1211
SELECT w2=1215
BUSY TASK ewma=997
DMA IRQ c0=3
DMA IRQ c1=0
DMA IRQ c2=0
DMA IRQ c3=0
SELECT busy=2159
SELECT w0=2159
SELECT w1=1227
SELECT w2=1232
BUSY TASK ewma=997
DMA IRQ c0=3
DMA IRQ c1=0
DMA IRQ c2=0
DMA IRQ c3=0
SELECT busy=2181
SELECT w0=2181
SELECT w1=1238
SELECT w2=1239
BUSY TASK ewma=997
DMA IRQ c0=3
DMA IRQ c1=0
DMA IRQ c2=0
DMA IRQ c3=0
SELECT busy=2201
SELECT w0=2200
SELECT w1=1247
SELECT w2=1248
BUSY TASK ewma=997
DMA IRQ c0=3
DMA IRQ c1=0
DMA IRQ c2=0
DMA IRQ c3=0
SELECT busy=2219
SELECT w0=2218
SELECT w1=1260
SELECT w2=1259
BUSY TASK ewma=997
DMA IRQ c0=3
DMA IRQ c1=0
DMA IRQ c2=0
DMA IRQ c3=0
SELECT busy=2237
SELECT w0=2236
SELECT w1=1272
SELECT w2=1270
BUSY TASK ewma=997
DMA IRQ c0=3
DMA IRQ c1=0
DMA IRQ c2=0
DMA IRQ c3=0
SELECT busy=2253
SELECT w0=2252
SELECT w1=1280
SELECT w2=1278
BUSY TASK ewma=997
DMA IRQ c0=3
DMA IRQ c1=0
DMA IRQ c2=0
DMA IRQ c3=0
SELECT busy=2274
SELECT w0=2273
SELECT w1=1292
SELECT w2=1287
BUSY TASK ewma=997
DMA IRQ c0=3
DMA IRQ c1=0
DMA IRQ c2=0
DMA IRQ c3=0
SELECT busy=2299
SELECT w0=2299
SELECT w1=1307
SELECT w2=1301
BUSY TASK ewma=997
DMA IRQ c0=3
DMA IRQ c1=0
DMA IRQ c2=0
DMA IRQ c3=0
SELECT busy=2316
SELECT w0=2316
SELECT w1=1319
SELECT w2=1311
BUSY TASK ewma=997
DMA IRQ c0=3
DMA IRQ c1=0
DMA IRQ c2=0
DMA IRQ c3=0
SELECT busy=2340
SELECT w0=2339
SELECT w1=1333
SELECT w2=1325
BUSY TASK ewma=997
DMA IRQ c0=3
DMA IRQ c1=0
DMA IRQ c2=0
DMA IRQ c3=0
SELECT busy=2357
SELECT w0=2356
SELECT w1=1345
SELECT w2=1336
BUSY TASK ewma=997
DMA IRQ c0=3
DMA IRQ c1=0
DMA IRQ c2=0
DMA IRQ c3=0
SELECT busy=2386
SELECT w0=2387
SELECT w1=1362
SELECT w2=1349
BUSY TASK ewma=997
DMA IRQ c0=3
DMA IRQ c1=0
DMA IRQ c2=0
DMA IRQ c3=0
SELECT busy=2406
SELECT w0=2406
SELECT w1=1372
SELECT w2=1359
BUSY TASK ewma=997
DMA IRQ c0=3
DMA IRQ c1=0
DMA IRQ c2=0
DMA IRQ c3=0
SELECT busy=2430
SELECT w0=2430
SELECT w1=1389
SELECT w2=1375
BUSY TASK ewma=997
DMA IRQ c0=3
DMA IRQ c1=0
DMA IRQ c2=0
DMA IRQ c3=0
SELECT busy=2476
SELECT w0=2476
SELECT w1=1411
SELECT w2=1394
BUSY TASK ewma=997
DMA IRQ c0=3
DMA IRQ c1=0
DMA IRQ c2=0
DMA IRQ c3=0
SELECT busy=2526
SELECT w0=2526
SELECT w1=1434
SELECT w2=1423
BUSY TASK ewma=997
DMA IRQ c0=3
DMA IRQ c1=0
DMA IRQ c2=0
DMA IRQ c3=0
SELECT busy=2563
SELECT w0=2562
SELECT w1=1452
SELECT w2=1439
BUSY TASK ewma=997
DMA IRQ c0=3
DMA IRQ c1=0
DMA IRQ c2=0
DMA IRQ c3=0
SELECT busy=2601
SELECT w0=2601
SELECT w1=1472
SELECT w2=1458
BUSY TASK ewma=997
DMA IRQ c0=3
DMA IRQ c1=0
DMA IRQ c2=0
DMA IRQ c3=0
SELECT busy=2633
SELECT w0=2632
SELECT w1=1486
SELECT w2=1476
BUSY TASK ewma=997
DMA IRQ c0=3
DMA IRQ c1=0
DMA IRQ c2=0
DMA IRQ c3=0
SELECT busy=2665
SELECT w0=2664
SELECT w1=1502
SELECT w2=1491
BUSY TASK ewma=997
DMA IRQ c0=3
DMA IRQ c1=0
DMA IRQ c2=0
DMA IRQ c3=0
SELECT busy=2700
SELECT w0=2699
SELECT w1=1515
SELECT w2=1505
BUSY TASK ewma=997
DMA IRQ c0=3
DMA IRQ c1=0
DMA IRQ c2=0
DMA IRQ c3=0
SELECT busy=2729
SELECT w0=2730
SELECT w1=1529
SELECT w2=1519
BUSY TASK ewma=997
DMA IRQ c0=3
DMA IRQ c1=0
DMA IRQ c2=0
DMA IRQ c3=0
SELECT busy=2759
SELECT w0=2758
SELECT w1=1542
SELECT w2=1535
BUSY TASK ewma=997
DMA IRQ c0=3
DMA IRQ c1=0
DMA IRQ c2=0
DMA IRQ c3=0
SELECT busy=2788
SELECT w0=2788
SELECT w1=1558
SELECT w2=1553
BUSY TASK ewma=997
DMA IRQ c0=3
DMA IRQ c1=0
DMA IRQ c2=0
DMA IRQ c3=0
SELECT busy=2824
SELECT w0=2824
SELECT w1=1576
SELECT w2=1574
BUSY TASK ewma=997
DMA IRQ c0=3
DMA IRQ c1=0
DMA IRQ c2=0
DMA IRQ c3=0
SELECT busy=2856
SELECT w0=2855
SELECT w1=1592
SELECT w2=1593
BUSY TASK ewma=997
DMA IRQ c0=3
DMA IRQ c1=0
DMA IRQ c2=0
DMA IRQ c3=0
SELECT busy=2873
SELECT w0=2872
SELECT w1=1601
SELECT w2=1602
BUSY TASK ewma=997
DMA IRQ c0=3
DMA IRQ c1=0
DMA IRQ c2=0
DMA IRQ c3=0
SELECT busy=2893
SELECT w0=2893
SELECT w1=1613
SELECT w2=1617
BUSY TASK ewma=997
DMA IRQ c0=3
DMA IRQ c1=0
DMA IRQ c2=0
DMA IRQ c3=0
SELECT busy=2926
SELECT w0=2926
SELECT w1=1633
SELECT w2=1633
BUSY TASK ewma=997
DMA IRQ c0=3
DMA IRQ c1=0
DMA IRQ c2=0
DMA IRQ c3=0
SELECT busy=2966
SELECT w0=2966
SELECT w1=1656
SELECT w2=1653
BUSY TASK ewma=997
DMA IRQ c0=3
DMA IRQ c1=0
DMA IRQ c2=0
DMA IRQ c3=0
SELECT busy=2997
SELECT w0=2998
SELECT w1=1676
SELECT w2=1675
BUSY TASK ewma=997
DMA IRQ c0=3
DMA IRQ c1=0
DMA IRQ c2=0
DMA IRQ c3=0
SELECT busy=3031
SELECT w0=3030
SELECT w1=1692
SELECT w2=1690
BUSY TASK ewma=997
DMA IRQ c0=3
DMA IRQ c1=0
DMA IRQ c2=0
DMA IRQ c3=0
SELECT busy=3054
SELECT w0=3053
SELECT w1=1704
SELECT w2=1700
BUSY TASK ewma=997
DMA IRQ c0=3
DMA IRQ c1=0
DMA IRQ c2=0
DMA IRQ c3=0
SELECT busy=3068
SELECT w0=3067
SELECT w1=1712
SELECT w2=1709
BUSY TASK ewma=997
DMA IRQ c0=3
DMA IRQ c1=0
DMA IRQ c2=0
DMA IRQ c3=0
SELECT busy=3090
SELECT w0=3090
SELECT w1=1726
SELECT w2=1723
BUSY TASK ewma=997
DMA IRQ c0=3
DMA IRQ c1=0
DMA IRQ c2=0
DMA IRQ c3=0
SELECT busy=3115
SELECT w0=3114
SELECT w1=1745
SELECT w2=1739
BUSY TASK ewma=997
DMA IRQ c0=3
DMA IRQ c1=0
DMA IRQ c2=0
DMA IRQ c3=0
SELECT busy=3139
SELECT w0=3138
SELECT w1=1761
SELECT w2=1755
BUSY TASK ewma=997
DMA IRQ c0=3
DMA IRQ c1=0
DMA IRQ c2=0
DMA IRQ c3=0
SELECT busy=3160
SELECT w0=3159
SELECT w1=1774
SELECT w2=1766
BUSY TASK ewma=997
DMA IRQ c0=3
DMA IRQ c1=0
DMA IRQ c2=0
DMA IRQ c3=0
SELECT busy=3182
SELECT w0=3182
SELECT w1=1788
SELECT w2=1780
BUSY TASK ewma=997
DMA IRQ c0=3
DMA IRQ c1=0
DMA IRQ c2=0
DMA IRQ c3=0
SELECT busy=3202
SELECT w0=3202
SELECT w1=1801
SELECT w2=1794
BUSY TASK ewma=997
DMA IRQ c0=3
DMA IRQ c1=0
DMA IRQ c2=0
DMA IRQ c3=0
SELECT busy=3216
SELECT w0=3215
SELECT w1=1809
SELECT w2=1801
BUSY TASK ewma=997
IRQ counts: cpu0=6460 cpu1=7281 cpu2=7252 cpu3=7223
SCHED secondaries: calls=21758 unexpected=0
SECTEST switches=21725 cpu1=70805684,67749457 cpu2=56577338,51854010 cpu3=80988154,73500864
PINGPONG rounds=1266 pongs=1267
DMA IRQ c0=3
DMA IRQ c1=0
DMA IRQ c2=0
DMA IRQ c3=0
SELECT busy=3238
SELECT w0=3237
SELECT w1=1820
SELECT w2=1813
BUSY TASK ewma=997
DMA IRQ c0=3
DMA IRQ c1=0
DMA IRQ c2=0
DMA IRQ c3=0
SELECT busy=3259
SELECT w0=3258
SELECT w1=1832
SELECT w2=1826
BUSY TASK ewma=997
DMA IRQ c0=3
DMA IRQ c1=0
DMA IRQ c2=0
DMA IRQ c3=0
SELECT busy=3274
SELECT w0=3274
SELECT w1=1841
SELECT w2=1836
BUSY TASK ewma=997
DMA IRQ c0=3
DMA IRQ c1=0
DMA IRQ c2=0
DMA IRQ c3=0
SELECT busy=3293
SELECT w0=3293
SELECT w1=1851
SELECT w2=1847
BUSY TASK ewma=997
DMA IRQ c0=3
DMA IRQ c1=0
DMA IRQ c2=0
DMA IRQ c3=0
SELECT busy=3312
SELECT w0=3312
SELECT w1=1861
SELECT w2=1860
BUSY TASK ewma=997
DMA IRQ c0=3
DMA IRQ c1=0
DMA IRQ c2=0
DMA IRQ c3=0
SELECT busy=3333
SELECT w0=3332
SELECT w1=1872
SELECT w2=1869
BUSY TASK ewma=997
DMA IRQ c0=3
DMA IRQ c1=0
DMA IRQ c2=0
DMA IRQ c3=0
SELECT busy=3354
SELECT w0=3354
SELECT w1=1883
SELECT w2=1880
BUSY TASK ewma=997
DMA IRQ c0=3
DMA IRQ c1=0
DMA IRQ c2=0
DMA IRQ c3=0
SELECT busy=3372
SELECT w0=3372
SELECT w1=1895
SELECT w2=1891
BUSY TASK ewma=997
DMA IRQ c0=3
DMA IRQ c1=0
DMA IRQ c2=0
DMA IRQ c3=0
SELECT busy=3389
SELECT w0=3389
SELECT w1=1906
SELECT w2=1902
BUSY TASK ewma=997
DMA IRQ c0=3
DMA IRQ c1=0
DMA IRQ c2=0
DMA IRQ c3=0
SELECT busy=3406
SELECT w0=3406
SELECT w1=1919
SELECT w2=1913
BUSY TASK ewma=997
DMA IRQ c0=3
DMA IRQ c1=0
DMA IRQ c2=0
DMA IRQ c3=0
SELECT busy=3421
SELECT w0=3420
SELECT w1=1928
SELECT w2=1922
BUSY TASK ewma=997
DMA IRQ c0=3
DMA IRQ c1=0
DMA IRQ c2=0
DMA IRQ c3=0
SELECT busy=3446
SELECT w0=3446
SELECT w1=1945
SELECT w2=1939
BUSY TASK ewma=997
DMA IRQ c0=3
DMA IRQ c1=0
DMA IRQ c2=0
DMA IRQ c3=0
SELECT busy=3475
SELECT w0=3476
SELECT w1=1960
SELECT w2=1958
BUSY TASK ewma=997
DMA IRQ c0=3
DMA IRQ c1=0
DMA IRQ c2=0
DMA IRQ c3=0
SELECT busy=3513
SELECT w0=3513
SELECT w1=1979
SELECT w2=1980
BUSY TASK ewma=997
DMA IRQ c0=3
DMA IRQ c1=0
DMA IRQ c2=0
DMA IRQ c3=0
SELECT busy=3553
SELECT w0=3553
SELECT w1=2002
SELECT w2=2000
BUSY TASK ewma=997
DMA IRQ c0=3
DMA IRQ c1=0
DMA IRQ c2=0
DMA IRQ c3=0
SELECT busy=3582
SELECT w0=3582
SELECT w1=2016
SELECT w2=2016
BUSY TASK ewma=997
DMA IRQ c0=3
DMA IRQ c1=0
DMA IRQ c2=0
DMA IRQ c3=0
SELECT busy=3602
SELECT w0=3601
SELECT w1=2026
SELECT w2=2025
BUSY TASK ewma=997
DMA IRQ c0=3
DMA IRQ c1=0
DMA IRQ c2=0
DMA IRQ c3=0
SELECT busy=3621
SELECT w0=3621
SELECT w1=2036
SELECT w2=2034
BUSY TASK ewma=997
DMA IRQ c0=3
DMA IRQ c1=0
DMA IRQ c2=0
DMA IRQ c3=0
SELECT busy=3641
SELECT w0=3641
SELECT w1=2046
SELECT w2=2044
BUSY TASK ewma=997
DMA IRQ c0=3
DMA IRQ c1=0
DMA IRQ c2=0
DMA IRQ c3=0
SELECT busy=3659
SELECT w0=3658
SELECT w1=2057
SELECT w2=2053
BUSY TASK ewma=997
DMA IRQ c0=3
DMA IRQ c1=0
DMA IRQ c2=0
DMA IRQ c3=0
SELECT busy=3679
SELECT w0=3679
SELECT w1=2067
SELECT w2=2065
BUSY TASK ewma=997
DMA IRQ c0=3
DMA IRQ c1=0
DMA IRQ c2=0
DMA IRQ c3=0
SELECT busy=3698
SELECT w0=3697
SELECT w1=2079
SELECT w2=2075
BUSY TASK ewma=997
DMA IRQ c0=3
DMA IRQ c1=0
DMA IRQ c2=0
DMA IRQ c3=0
SELECT busy=3734
SELECT w0=3733
SELECT w1=2098
SELECT w2=2093
BUSY TASK ewma=997
DMA IRQ c0=3
DMA IRQ c1=0
DMA IRQ c2=0
DMA IRQ c3=0
SELECT busy=3760
SELECT w0=3761
SELECT w1=2120
SELECT w2=2120
BUSY TASK ewma=997
DMA IRQ c0=3
DMA IRQ c1=0
DMA IRQ c2=0
DMA IRQ c3=0
SELECT busy=3791
SELECT w0=3790
SELECT w1=2140
SELECT w2=2139
BUSY TASK ewma=997
DMA IRQ c0=3
DMA IRQ c1=0
DMA IRQ c2=0
DMA IRQ c3=0
SELECT busy=3826
SELECT w0=3825
SELECT w1=2160
SELECT w2=2158
BUSY TASK ewma=997
DMA IRQ c0=3
DMA IRQ c1=0
DMA IRQ c2=0
DMA IRQ c3=0
SELECT busy=3863
SELECT w0=3863
SELECT w1=2181
SELECT w2=2174
BUSY TASK ewma=997
DMA IRQ c0=3
DMA IRQ c1=0
DMA IRQ c2=0
DMA IRQ c3=0
SELECT busy=3891
SELECT w0=3891
SELECT w1=2197
SELECT w2=2188
BUSY TASK ewma=997
DMA IRQ c0=3
DMA IRQ c1=0
DMA IRQ c2=0
DMA IRQ c3=0
SELECT busy=3919
SELECT w0=3918
SELECT w1=2212
SELECT w2=2201
BUSY TASK ewma=997
DMA IRQ c0=3
DMA IRQ c1=0
DMA IRQ c2=0
DMA IRQ c3=0
SELECT busy=3938
SELECT w0=3938
SELECT w1=2227
SELECT w2=2215
BUSY TASK ewma=997
DMA IRQ c0=3
DMA IRQ c1=0
DMA IRQ c2=0
DMA IRQ c3=0
SELECT busy=3955
SELECT w0=3955
SELECT w1=2235
SELECT w2=2223
BUSY TASK ewma=997
DMA IRQ c0=3
DMA IRQ c1=0
DMA IRQ c2=0
DMA IRQ c3=0
SELECT busy=3976
SELECT w0=3975
SELECT w1=2243
SELECT w2=2230
BUSY TASK ewma=997
DMA IRQ c0=3
DMA IRQ c1=0
DMA IRQ c2=0
DMA IRQ c3=0
SELECT busy=3992
SELECT w0=3992
SELECT w1=2253
SELECT w2=2239
BUSY TASK ewma=997
DMA IRQ c0=3
DMA IRQ c1=0
DMA IRQ c2=0
DMA IRQ c3=0
SELECT busy=4008
SELECT w0=4007
SELECT w1=2265
SELECT w2=2250
BUSY TASK ewma=997
DMA IRQ c0=3
DMA IRQ c1=0
DMA IRQ c2=0
DMA IRQ c3=0
SELECT busy=4027
SELECT w0=4027
SELECT w1=2276
SELECT w2=2258
BUSY TASK ewma=997
DMA IRQ c0=3
DMA IRQ c1=0
DMA IRQ c2=0
DMA IRQ c3=0
SELECT busy=4043
SELECT w0=4043
SELECT w1=2287
SELECT w2=2270
BUSY TASK ewma=997
DMA IRQ c0=3
DMA IRQ c1=0
DMA IRQ c2=0
DMA IRQ c3=0
SELECT busy=4064
SELECT w0=4063
SELECT w1=2296
SELECT w2=2279
BUSY TASK ewma=997
DMA IRQ c0=3
DMA IRQ c1=0
DMA IRQ c2=0
DMA IRQ c3=0
SELECT busy=4079
SELECT w0=4079
SELECT w1=2305
SELECT w2=2288
BUSY TASK ewma=997
DMA IRQ c0=3
DMA IRQ c1=0
DMA IRQ c2=0
DMA IRQ c3=0
SELECT busy=4099
SELECT w0=4098
SELECT w1=2315
SELECT w2=2298
BUSY TASK ewma=997
DMA IRQ c0=3
DMA IRQ c1=0
DMA IRQ c2=0
DMA IRQ c3=0
SELECT busy=4118
SELECT w0=4118
SELECT w1=2325
SELECT w2=2307
BUSY TASK ewma=997
DMA IRQ c0=3
DMA IRQ c1=0
DMA IRQ c2=0
DMA IRQ c3=0
SELECT busy=4138
SELECT w0=4137
SELECT w1=2334
SELECT w2=2317
BUSY TASK ewma=997
DMA IRQ c0=3
DMA IRQ c1=0
DMA IRQ c2=0
DMA IRQ c3=0
SELECT busy=4157
SELECT w0=4156
SELECT w1=2344
SELECT w2=2328
BUSY TASK ewma=997
DMA IRQ c0=3
DMA IRQ c1=0
DMA IRQ c2=0
DMA IRQ c3=0
SELECT busy=4174
SELECT w0=4174
SELECT w1=2355
SELECT w2=2339
BUSY TASK ewma=997
DMA IRQ c0=3
DMA IRQ c1=0
DMA IRQ c2=0
DMA IRQ c3=0
SELECT busy=4191
SELECT w0=4190
SELECT w1=2364
SELECT w2=2348
BUSY TASK ewma=997
DMA IRQ c0=3
DMA IRQ c1=0
DMA IRQ c2=0
DMA IRQ c3=0
SELECT busy=4204
SELECT w0=4204
SELECT w1=2372
SELECT w2=2357
BUSY TASK ewma=997
DMA IRQ c0=3
DMA IRQ c1=0
DMA IRQ c2=0
DMA IRQ c3=0
SELECT busy=4219
SELECT w0=4218
SELECT w1=2381
SELECT w2=2364
BUSY TASK ewma=997
DMA IRQ c0=3
DMA IRQ c1=0
DMA IRQ c2=0
DMA IRQ c3=0
SELECT busy=4234
SELECT w0=4233
SELECT w1=2389
SELECT w2=2371
BUSY TASK ewma=997
DMA IRQ c0=3
DMA IRQ c1=0
DMA IRQ c2=0
DMA IRQ c3=0
SELECT busy=4243
SELECT w0=4243
SELECT w1=2398
SELECT w2=2378
BUSY TASK ewma=997
DMA IRQ c0=3
DMA IRQ c1=0
DMA IRQ c2=0
DMA IRQ c3=0
SELECT busy=4258
SELECT w0=4257
SELECT w1=2407
SELECT w2=2386
BUSY TASK ewma=997
DMA IRQ c0=3
DMA IRQ c1=0
DMA IRQ c2=0
DMA IRQ c3=0
SELECT busy=4277
SELECT w0=4276
SELECT w1=2418
SELECT w2=2396
BUSY TASK ewma=997
DMA IRQ c0=3
DMA IRQ c1=0
DMA IRQ c2=0
DMA IRQ c3=0
SELECT busy=4305
SELECT w0=4305
SELECT w1=2438
SELECT w2=2414
BUSY TASK ewma=997
DMA IRQ c0=3
DMA IRQ c1=0
DMA IRQ c2=0
DMA IRQ c3=0
SELECT busy=4329
SELECT w0=4328
SELECT w1=2450
SELECT w2=2425
BUSY TASK ewma=997
DMA IRQ c0=3
DMA IRQ c1=0
DMA IRQ c2=0
DMA IRQ c3=0
SELECT busy=4347
SELECT w0=4347
SELECT w1=2463
SELECT w2=2436
BUSY TASK ewma=997
DMA IRQ c0=3
DMA IRQ c1=0
DMA IRQ c2=0
DMA IRQ c3=0
SELECT busy=4363
SELECT w0=4363
SELECT w1=2473
SELECT w2=2444
BUSY TASK ewma=997
DMA IRQ c0=3
DMA IRQ c1=0
DMA IRQ c2=0
DMA IRQ c3=0
SELECT busy=4383
SELECT w0=4382
SELECT w1=2483
SELECT w2=2455
BUSY TASK ewma=997
DMA IRQ c0=3
DMA IRQ c1=0
DMA IRQ c2=0
DMA IRQ c3=0
SELECT busy=4400
SELECT w0=4400
SELECT w1=2493
SELECT w2=2465
BUSY TASK ewma=997
DMA IRQ c0=3
DMA IRQ c1=0
DMA IRQ c2=0
DMA IRQ c3=0
SELECT busy=4414
SELECT w0=4413
SELECT w1=2501
SELECT w2=2473
BUSY TASK ewma=997
DMA IRQ c0=3
DMA IRQ c1=0
DMA IRQ c2=0
DMA IRQ c3=0
SELECT busy=4430
SELECT w0=4430
SELECT w1=2510
SELECT w2=2482
BUSY TASK ewma=997
DMA IRQ c0=3
DMA IRQ c1=0
DMA IRQ c2=0
DMA IRQ c3=0
SELECT busy=4447
SELECT w0=4446
SELECT w1=2519
SELECT w2=2493
BUSY TASK ewma=997
DMA IRQ c0=3
DMA IRQ c1=0
DMA IRQ c2=0
DMA IRQ c3=0
SELECT busy=4467
SELECT w0=4467
SELECT w1=2531
SELECT w2=2505
BUSY TASK ewma=997
DMA IRQ c0=3
DMA IRQ c1=0
DMA IRQ c2=0
DMA IRQ c3=0
SELECT busy=4485
SELECT w0=4485
SELECT w1=2541
SELECT w2=2517
BUSY TASK ewma=997
DMA IRQ c0=3
DMA IRQ c1=0
DMA IRQ c2=0
DMA IRQ c3=0
SELECT busy=4501
SELECT w0=4500
SELECT w1=2550
SELECT w2=2525
BUSY TASK ewma=997
DMA IRQ c0=3
DMA IRQ c1=0
DMA IRQ c2=0
DMA IRQ c3=0
SELECT busy=4510
SELECT w0=4509
SELECT w1=2556
SELECT w2=2534
BUSY TASK ewma=997
DMA IRQ c0=3
DMA IRQ c1=0
DMA IRQ c2=0
DMA IRQ c3=0
SELECT busy=4528
SELECT w0=4528
SELECT w1=2568
SELECT w2=2545
BUSY TASK ewma=997
IRQ counts: cpu0=9078 cpu1=10345 cpu2=10257 cpu3=10254
SCHED secondaries: calls=30876 unexpected=0
SECTEST switches=30858 cpu1=106180932,102140984 cpu2=82890473,79259028 cpu3=116800340,109332040
PINGPONG rounds=1874 pongs=1876
DMA IRQ c0=3
DMA IRQ c1=0
DMA IRQ c2=0
DMA IRQ c3=0
SELECT busy=4552
SELECT w0=4552
SELECT w1=2584
SELECT w2=2563
BUSY TASK ewma=997
DMA IRQ c0=3
DMA IRQ c1=0
DMA IRQ c2=0
DMA IRQ c3=0
SELECT busy=4571
SELECT w0=4571
SELECT w1=2594
SELECT w2=2576
BUSY TASK ewma=997
DMA IRQ c0=3
DMA IRQ c1=0
DMA IRQ c2=0
DMA IRQ c3=0
SELECT busy=4583
SELECT w0=4583
SELECT w1=2602
SELECT w2=2585
BUSY TASK ewma=997
DMA IRQ c0=3
DMA IRQ c1=0
DMA IRQ c2=0
DMA IRQ c3=0
SELECT busy=4601
SELECT w0=4601
SELECT w1=2611
SELECT w2=2594
BUSY TASK ewma=997
DMA IRQ c0=3
DMA IRQ c1=0
DMA IRQ c2=0
DMA IRQ c3=0
SELECT busy=4616
SELECT w0=4616
SELECT w1=2621
SELECT w2=2604
BUSY TASK ewma=997
DMA IRQ c0=3
DMA IRQ c1=0
DMA IRQ c2=0
DMA IRQ c3=0
SELECT busy=4636
SELECT w0=4636
SELECT w1=2632
SELECT w2=2617
BUSY TASK ewma=997
DMA IRQ c0=3
DMA IRQ c1=0
DMA IRQ c2=0
DMA IRQ c3=0
SELECT busy=4653
SELECT w0=4653
SELECT w1=2643
SELECT w2=2628
BUSY TASK ewma=997
DMA IRQ c0=3
DMA IRQ c1=0
DMA IRQ c2=0
DMA IRQ c3=0
SELECT busy=4674
SELECT w0=4674
SELECT w1=2654
SELECT w2=2643
BUSY TASK ewma=997
DMA IRQ c0=3
DMA IRQ c1=0
DMA IRQ c2=0
DMA IRQ c3=0
SELECT busy=4694
SELECT w0=4694
SELECT w1=2666
SELECT w2=2655
BUSY TASK ewma=997
DMA IRQ c0=3
DMA IRQ c1=0
DMA IRQ c2=0
DMA IRQ c3=0
SELECT busy=4716
SELECT w0=4715
SELECT w1=2676
SELECT w2=2664
BUSY TASK ewma=997
DMA IRQ c0=3
DMA IRQ c1=0
DMA IRQ c2=0
DMA IRQ c3=0
SELECT busy=4735
SELECT w0=4734
SELECT w1=2685
SELECT w2=2674
BUSY TASK ewma=997
DMA IRQ c0=3
DMA IRQ c1=0
DMA IRQ c2=0
DMA IRQ c3=0
SELECT busy=4749
SELECT w0=4749
SELECT w1=2696
SELECT w2=2686
BUSY TASK ewma=997
DMA IRQ c0=3
DMA IRQ c1=0
DMA IRQ c2=0
DMA IRQ c3=0
SELECT busy=4766
SELECT w0=4766
SELECT w1=2707
SELECT w2=2696
BUSY TASK ewma=997
DMA IRQ c0=3
DMA IRQ c1=0
DMA IRQ c2=0
DMA IRQ c3=0
SELECT busy=4784
SELECT w0=4784
SELECT w1=2717
SELECT w2=2707
BUSY TASK ewma=997
DMA IRQ c0=3
DMA IRQ c1=0
DMA IRQ c2=0
DMA IRQ c3=0
SELECT busy=4803
SELECT w0=4804
SELECT w1=2726
SELECT w2=2722
BUSY TASK ewma=997
DMA IRQ c0=3
DMA IRQ c1=0
DMA IRQ c2=0
DMA IRQ c3=0
SELECT busy=4822
SELECT w0=4822
SELECT w1=2734
SELECT w2=2734
BUSY TASK ewma=997
DMA IRQ c0=3
DMA IRQ c1=0
DMA IRQ c2=0
DMA IRQ c3=0
SELECT busy=4838
SELECT w0=4838
SELECT w1=2741
SELECT w2=2743
BUSY TASK ewma=997
DMA IRQ c0=3
DMA IRQ c1=0
DMA IRQ c2=0
DMA IRQ c3=0
SELECT busy=4853
SELECT w0=4852
SELECT w1=2748
SELECT w2=2753
BUSY TASK ewma=997
DMA IRQ c0=3
DMA IRQ c1=0
DMA IRQ c2=0
DMA IRQ c3=0
SELECT busy=4871
SELECT w0=4870
SELECT w1=2755
SELECT w2=2762
BUSY TASK ewma=997
DMA IRQ c0=3
DMA IRQ c1=0
DMA IRQ c2=0
DMA IRQ c3=0
SELECT busy=4892
SELECT w0=4892
SELECT w1=2763
SELECT w2=2772
BUSY TASK ewma=997
DMA IRQ c0=3
DMA IRQ c1=0
DMA IRQ c2=0
DMA IRQ c3=0
SELECT busy=4912
SELECT w0=4911
SELECT w1=2770
SELECT w2=2782
BUSY TASK ewma=997
DMA IRQ c0=3
DMA IRQ c1=0
DMA IRQ c2=0
DMA IRQ c3=0
SELECT busy=4931
SELECT w0=4931
SELECT w1=2781
SELECT w2=2793
BUSY TASK ewma=997
DMA IRQ c0=3
DMA IRQ c1=0
DMA IRQ c2=0
DMA IRQ c3=0
SELECT busy=4951
SELECT w0=4950
SELECT w1=2789
SELECT w2=2806
BUSY TASK ewma=997
DMA IRQ c0=3
DMA IRQ c1=0
DMA IRQ c2=0
DMA IRQ c3=0
SELECT busy=4966
SELECT w0=4966
SELECT w1=2798
SELECT w2=2816
BUSY TASK ewma=997
DMA IRQ c0=3
DMA IRQ c1=0
DMA IRQ c2=0
DMA IRQ c3=0
SELECT busy=4982
SELECT w0=4982
SELECT w1=2805
SELECT w2=2824
BUSY TASK ewma=997
DMA IRQ c0=3
DMA IRQ c1=0
DMA IRQ c2=0
DMA IRQ c3=0
SELECT busy=5005
SELECT w0=5005
SELECT w1=2816
SELECT w2=2838
BUSY TASK ewma=997
DMA IRQ c0=3
DMA IRQ c1=0
DMA IRQ c2=0
DMA IRQ c3=0
SELECT busy=5022
SELECT w0=5021
SELECT w1=2824
SELECT w2=2847
BUSY TASK ewma=997
DMA IRQ c0=3
DMA IRQ c1=0
DMA IRQ c2=0
DMA IRQ c3=0
SELECT busy=5043
SELECT w0=5042
SELECT w1=2833
SELECT w2=2857
BUSY TASK ewma=997
DMA IRQ c0=3
DMA IRQ c1=0
DMA IRQ c2=0
DMA IRQ c3=0
SELECT busy=5058
SELECT w0=5057
SELECT w1=2839
SELECT w2=2866
BUSY TASK ewma=997
DMA IRQ c0=3
DMA IRQ c1=0
DMA IRQ c2=0
DMA IRQ c3=0
SELECT busy=5072
SELECT w0=5071
SELECT w1=2846
SELECT w2=2874
BUSY TASK ewma=997
DMA IRQ c0=3
DMA IRQ c1=0
DMA IRQ c2=0
DMA IRQ c3=0
SELECT busy=5085
SELECT w0=5085
SELECT w1=2852
SELECT w2=2882
BUSY TASK ewma=997
DMA IRQ c0=3
DMA IRQ c1=0
DMA IRQ c2=0
DMA IRQ c3=0
SELECT busy=5104
SELECT w0=5104
SELECT w1=2860
SELECT w2=2892
BUSY TASK ewma=997
DMA IRQ c0=3
DMA IRQ c1=0
DMA IRQ c2=0
DMA IRQ c3=0
SELECT busy=5125
SELECT w0=5124
SELECT w1=2866
SELECT w2=2901
BUSY TASK ewma=997
DMA IRQ c0=3
DMA IRQ c1=0
DMA IRQ c2=0
DMA IRQ c3=0
SELECT busy=5144
SELECT w0=5143
SELECT w1=2871
SELECT w2=2908
BUSY TASK ewma=997
DMA IRQ c0=3
DMA IRQ c1=0
DMA IRQ c2=0
DMA IRQ c3=0
SELECT busy=5163
SELECT w0=5163
SELECT w1=2878
SELECT w2=2916
BUSY TASK ewma=997
DMA IRQ c0=3
DMA IRQ c1=0
DMA IRQ c2=0
DMA IRQ c3=0
SELECT busy=5182
SELECT w0=5181
SELECT w1=2884
SELECT w2=2925
BUSY TASK ewma=997
DMA IRQ c0=3
DMA IRQ c1=0
DMA IRQ c2=0
DMA IRQ c3=0
SELECT busy=5205
SELECT w0=5205
SELECT w1=2894
SELECT w2=2936
BUSY TASK ewma=997
DMA IRQ c0=3
DMA IRQ c1=0
DMA IRQ c2=0
DMA IRQ c3=0
SELECT busy=5224
SELECT w0=5223
SELECT w1=2901
SELECT w2=2944
BUSY TASK ewma=997
DMA IRQ c0=3
DMA IRQ c1=0
DMA IRQ c2=0
DMA IRQ c3=0
SELECT busy=5246
SELECT w0=5245
SELECT w1=2913
SELECT w2=2966
BUSY TASK ewma=997
DMA IRQ c0=3
DMA IRQ c1=0
DMA IRQ c2=0
DMA IRQ c3=0
SELECT busy=5268
SELECT w0=5269
SELECT w1=2923
SELECT w2=2978
BUSY TASK ewma=997
DMA IRQ c0=3
DMA IRQ c1=0
DMA IRQ c2=0
DMA IRQ c3=0
SELECT busy=5289
SELECT w0=5288
SELECT w1=2934
SELECT w2=2988
BUSY TASK ewma=997
DMA IRQ c0=3
DMA IRQ c1=0
DMA IRQ c2=0
DMA IRQ c3=0
SELECT busy=5306
SELECT w0=5305
SELECT w1=2942
SELECT w2=3000
BUSY TASK ewma=997
DMA IRQ c0=3
DMA IRQ c1=0
DMA IRQ c2=0
DMA IRQ c3=0
SELECT busy=5324
SELECT w0=5324
SELECT w1=2951
SELECT w2=3011
BUSY TASK ewma=997
DMA IRQ c0=3
DMA IRQ c1=0
DMA IRQ c2=0
DMA IRQ c3=0
SELECT busy=5343
SELECT w0=5343
SELECT w1=2960
SELECT w2=3023
BUSY TASK ewma=997
DMA IRQ c0=3
DMA IRQ c1=0
DMA IRQ c2=0
DMA IRQ c3=0
SELECT busy=5361
SELECT w0=5361
SELECT w1=2971
SELECT w2=3034
BUSY TASK ewma=997
DMA IRQ c0=3
DMA IRQ c1=0
DMA IRQ c2=0
DMA IRQ c3=0
SELECT busy=5379
SELECT w0=5379
SELECT w1=2980
SELECT w2=3049
BUSY TASK ewma=997
DMA IRQ c0=3
DMA IRQ c1=0
DMA IRQ c2=0
DMA IRQ c3=0
SELECT busy=5405
SELECT w0=5404
SELECT w1=2991
SELECT w2=3065
BUSY TASK ewma=997
DMA IRQ c0=3
DMA IRQ c1=0
DMA IRQ c2=0
DMA IRQ c3=0
SELECT busy=5420
SELECT w0=5419
SELECT w1=3000
SELECT w2=3075
BUSY TASK ewma=997
DMA IRQ c0=3
DMA IRQ c1=0
DMA IRQ c2=0
DMA IRQ c3=0
SELECT busy=5440
SELECT w0=5440
SELECT w1=3011
SELECT w2=3091
BUSY TASK ewma=997
DMA IRQ c0=3
DMA IRQ c1=0
DMA IRQ c2=0
DMA IRQ c3=0
SELECT busy=5457
SELECT w0=5457
SELECT w1=3020
SELECT w2=3103
BUSY TASK ewma=997
DMA IRQ c0=3
DMA IRQ c1=0
DMA IRQ c2=0
DMA IRQ c3=0
SELECT busy=5476
SELECT w0=5476
SELECT w1=3029
SELECT w2=3121
BUSY TASK ewma=997
DMA IRQ c0=3
DMA IRQ c1=0
DMA IRQ c2=0
DMA IRQ c3=0
SELECT busy=5497
SELECT w0=5497
SELECT w1=3040
SELECT w2=3134
BUSY TASK ewma=997
DMA IRQ c0=3
DMA IRQ c1=0
DMA IRQ c2=0
DMA IRQ c3=0
SELECT busy=5514
SELECT w0=5515
SELECT w1=3048
SELECT w2=3148
BUSY TASK ewma=997
DMA IRQ c0=3
DMA IRQ c1=0
DMA IRQ c2=0
DMA IRQ c3=0
SELECT busy=5540
SELECT w0=5540
SELECT w1=3059
SELECT w2=3162
BUSY TASK ewma=997
DMA IRQ c0=3
DMA IRQ c1=0
DMA IRQ c2=0
DMA IRQ c3=0
SELECT busy=5556
SELECT w0=5555
SELECT w1=3066
SELECT w2=3170
BUSY TASK ewma=997
DMA IRQ c0=3
DMA IRQ c1=0
DMA IRQ c2=0
DMA IRQ c3=0
SELECT busy=5575
SELECT w0=5575
SELECT w1=3075
SELECT w2=3184
BUSY TASK ewma=997
DMA IRQ c0=3
DMA IRQ c1=0
DMA IRQ c2=0
DMA IRQ c3=0
SELECT busy=5592
SELECT w0=5591
SELECT w1=3083
SELECT w2=3193
BUSY TASK ewma=997
DMA IRQ c0=3
DMA IRQ c1=0
DMA IRQ c2=0
DMA IRQ c3=0
SELECT busy=5615
SELECT w0=5615
SELECT w1=3093
SELECT w2=3207
BUSY TASK ewma=997
DMA IRQ c0=3
DMA IRQ c1=0
DMA IRQ c2=0
DMA IRQ c3=0
SELECT busy=5633
SELECT w0=5633
SELECT w1=3101
SELECT w2=3218
BUSY TASK ewma=997
DMA IRQ c0=3
DMA IRQ c1=0
DMA IRQ c2=0
DMA IRQ c3=0
SELECT busy=5651
SELECT w0=5650
SELECT w1=3108
SELECT w2=3227
BUSY TASK ewma=997
DMA IRQ c0=3
DMA IRQ c1=0
DMA IRQ c2=0
DMA IRQ c3=0
SELECT busy=5670
SELECT w0=5669
SELECT w1=3116
SELECT w2=3237
BUSY TASK ewma=997
DMA IRQ c0=3
DMA IRQ c1=0
DMA IRQ c2=0
DMA IRQ c3=0
SELECT busy=5689
SELECT w0=5688
SELECT w1=3124
SELECT w2=3246
BUSY TASK ewma=997
DMA IRQ c0=3
DMA IRQ c1=0
DMA IRQ c2=0
DMA IRQ c3=0
SELECT busy=5710
SELECT w0=5710
SELECT w1=3134
SELECT w2=3258
BUSY TASK ewma=997
DMA IRQ c0=3
DMA IRQ c1=0
DMA IRQ c2=0
DMA IRQ c3=0
SELECT busy=5729
SELECT w0=5729
SELECT w1=3144
SELECT w2=3272
BUSY TASK ewma=997
IRQ counts: cpu0=11492 cpu1=13110 cpu2=13170 cpu3=13062
SCHED secondaries: calls=39344 unexpected=0
SECTEST switches=39310 cpu1=138694721,134033907 cpu2=111234633,106462514 cpu3=156455125,146709342
PINGPONG rounds=2000 pongs=2000
DMA IRQ c0=3
DMA IRQ c1=0
DMA IRQ c2=0
DMA IRQ c3=0
SELECT busy=5752
SELECT w0=5752
SELECT w1=3157
SELECT w2=3286
BUSY TASK ewma=997
DMA IRQ c0=3
DMA IRQ c1=0
DMA IRQ c2=0
DMA IRQ c3=0
SELECT busy=5772
SELECT w0=5772
SELECT w1=3166
SELECT w2=3298
BUSY TASK ewma=997
DMA IRQ c0=3
DMA IRQ c1=0
DMA IRQ c2=0
DMA IRQ c3=0
SELECT busy=5790
SELECT w0=5789
SELECT w1=3174
SELECT w2=3306
BUSY TASK ewma=997
DMA IRQ c0=3
DMA IRQ c1=0
DMA IRQ c2=0
DMA IRQ c3=0
SELECT busy=5805
SELECT w0=5805
SELECT w1=3181
SELECT w2=3315
BUSY TASK ewma=997
DMA IRQ c0=3
DMA IRQ c1=0
DMA IRQ c2=0
DMA IRQ c3=0
SELECT busy=5825
SELECT w0=5824
SELECT w1=3188
SELECT w2=3323
BUSY TASK ewma=997
DMA IRQ c0=3
DMA IRQ c1=0
DMA IRQ c2=0
DMA IRQ c3=0
SELECT busy=5846
SELECT w0=5845
SELECT w1=3197
SELECT w2=3337
BUSY TASK ewma=997
DMA IRQ c0=3
DMA IRQ c1=0
DMA IRQ c2=0
DMA IRQ c3=0
SELECT busy=5863
SELECT w0=5862
SELECT w1=3203
SELECT w2=3344
BUSY TASK ewma=997
DMA IRQ c0=3
DMA IRQ c1=0
DMA IRQ c2=0
DMA IRQ c3=0
SELECT busy=5880
SELECT w0=5879
SELECT w1=3209
SELECT w2=3350
BUSY TASK ewma=997
DMA IRQ c0=3
DMA IRQ c1=0
DMA IRQ c2=0
DMA IRQ c3=0
SELECT busy=5905
SELECT w0=5904
SELECT w1=3219
SELECT w2=3365
BUSY TASK ewma=997
DMA IRQ c0=3
DMA IRQ c1=0
DMA IRQ c2=0
DMA IRQ c3=0
SELECT busy=5933
SELECT w0=5933
SELECT w1=3233
SELECT w2=3380
BUSY TASK ewma=997
DMA IRQ c0=3
DMA IRQ c1=0
DMA IRQ c2=0
DMA IRQ c3=0
SELECT busy=5968
SELECT w0=5967
SELECT w1=3248
SELECT w2=3396
BUSY TASK ewma=997
DMA IRQ c0=3
DMA IRQ c1=0
DMA IRQ c2=0
DMA IRQ c3=0
SELECT busy=5990
SELECT w0=5989
SELECT w1=3255
SELECT w2=3405
BUSY TASK ewma=997
DMA IRQ c0=3
DMA IRQ c1=0
DMA IRQ c2=0
DMA IRQ c3=0
SELECT busy=6011
SELECT w0=6011
SELECT w1=3270
SELECT w2=3421
BUSY TASK ewma=997
DMA IRQ c0=3
DMA IRQ c1=0
DMA IRQ c2=0
DMA IRQ c3=0
SELECT busy=6033
SELECT w0=6033
SELECT w1=3280
SELECT w2=3430
BUSY TASK ewma=997
DMA IRQ c0=3
DMA IRQ c1=0
DMA IRQ c2=0
DMA IRQ c3=0
SELECT busy=6054
SELECT w0=6053
SELECT w1=3288
SELECT w2=3438
BUSY TASK ewma=997
DMA IRQ c0=3
DMA IRQ c1=0
DMA IRQ c2=0
DMA IRQ c3=0
SELECT busy=6074
SELECT w0=6073
SELECT w1=3295
SELECT w2=3446
BUSY TASK ewma=997
DMA IRQ c0=3
DMA IRQ c1=0
DMA IRQ c2=0
DMA IRQ c3=0
SELECT busy=6096
SELECT w0=6095
SELECT w1=3301
SELECT w2=3455
BUSY TASK ewma=997
DMA IRQ c0=3
DMA IRQ c1=0
DMA IRQ c2=0
DMA IRQ c3=0
SELECT busy=6129
SELECT w0=6129
SELECT w1=3316
SELECT w2=3474
BUSY TASK ewma=997
DMA IRQ c0=3
DMA IRQ c1=0
DMA IRQ c2=0
DMA IRQ c3=0
SELECT busy=6155
SELECT w0=6155
SELECT w1=3329
SELECT w2=3492
BUSY TASK ewma=997
DMA IRQ c0=3
DMA IRQ c1=0
DMA IRQ c2=0
DMA IRQ c3=0
SELECT busy=6175
SELECT w0=6174
SELECT w1=3337
SELECT w2=3503
BUSY TASK ewma=997
DMA IRQ c0=3
DMA IRQ c1=0
DMA IRQ c2=0
DMA IRQ c3=0
SELECT busy=6196
SELECT w0=6196
SELECT w1=3346
SELECT w2=3514
BUSY TASK ewma=997
DMA IRQ c0=3
DMA IRQ c1=0
DMA IRQ c2=0
DMA IRQ c3=0
SELECT busy=6221
SELECT w0=6220
SELECT w1=3353
SELECT w2=3526
BUSY TASK ewma=997
DMA IRQ c0=3
DMA IRQ c1=0
DMA IRQ c2=0
DMA IRQ c3=0
SELECT busy=6245
SELECT w0=6245
SELECT w1=3365
SELECT w2=3545
BUSY TASK ewma=997
DMA IRQ c0=3
DMA IRQ c1=0
DMA IRQ c2=0
DMA IRQ c3=0
SELECT busy=6278
SELECT w0=6277
SELECT w1=3380
SELECT w2=3559
BUSY TASK ewma=997
DMA IRQ c0=3
DMA IRQ c1=0
DMA IRQ c2=0
DMA IRQ c3=0
SELECT busy=6306
SELECT w0=6305
SELECT w1=3394
SELECT w2=3574
BUSY TASK ewma=997
DMA IRQ c0=3
DMA IRQ c1=0
DMA IRQ c2=0
DMA IRQ c3=0
SELECT busy=6322
SELECT w0=6321
SELECT w1=3401
SELECT w2=3584
BUSY TASK ewma=997
DMA IRQ c0=3
DMA IRQ c1=0
DMA IRQ c2=0
DMA IRQ c3=0
SELECT busy=6339
SELECT w0=6339
SELECT w1=3412
SELECT w2=3599
BUSY TASK ewma=997
DMA IRQ c0=3
DMA IRQ c1=0
DMA IRQ c2=0
DMA IRQ c3=0
SELECT busy=6365
SELECT w0=6365
SELECT w1=3424
SELECT w2=3616
BUSY TASK ewma=997
DMA IRQ c0=3
DMA IRQ c1=0
DMA IRQ c2=0
DMA IRQ c3=0
SELECT busy=6393
SELECT w0=6393
SELECT w1=3432
SELECT w2=3631
BUSY TASK ewma=997
DMA IRQ c0=3
DMA IRQ c1=0
DMA IRQ c2=0
DMA IRQ c3=0
SELECT busy=6416
SELECT w0=6415
SELECT w1=3440
SELECT w2=3642
BUSY TASK ewma=997
DMA IRQ c0=3
DMA IRQ c1=0
DMA IRQ c2=0
DMA IRQ c3=0
SELECT busy=6444
SELECT w0=6443
SELECT w1=3454
SELECT w2=3658
BUSY TASK ewma=997
DMA IRQ c0=3
DMA IRQ c1=0
DMA IRQ c2=0
DMA IRQ c3=0
SELECT busy=6471
SELECT w0=6471
SELECT w1=3467
SELECT w2=3674
BUSY TASK ewma=997
DMA IRQ c0=3
DMA IRQ c1=0
DMA IRQ c2=0
DMA IRQ c3=0
SELECT busy=6504
SELECT w0=6503
SELECT w1=3479
SELECT w2=3691
BUSY TASK ewma=997
DMA IRQ c0=3
DMA IRQ c1=0
DMA IRQ c2=0
DMA IRQ c3=0
SELECT busy=6532
SELECT w0=6533
SELECT w1=3494
SELECT w2=3709
BUSY TASK ewma=997
DMA IRQ c0=3
DMA IRQ c1=0
DMA IRQ c2=0
DMA IRQ c3=0
SELECT busy=6557
SELECT w0=6557
SELECT w1=3507
SELECT w2=3731
BUSY TASK ewma=997
DMA IRQ c0=3
DMA IRQ c1=0
DMA IRQ c2=0
DMA IRQ c3=0
SELECT busy=6581
SELECT w0=6581
SELECT w1=3519
SELECT w2=3748
BUSY TASK ewma=997
DMA IRQ c0=3
DMA IRQ c1=0
DMA IRQ c2=0
DMA IRQ c3=0
SELECT busy=6604
SELECT w0=6605
SELECT w1=3532
SELECT w2=3763
BUSY TASK ewma=997
DMA IRQ c0=3
DMA IRQ c1=0
DMA IRQ c2=0
DMA IRQ c3=0
SELECT busy=6625
SELECT w0=6625
SELECT w1=3542
SELECT w2=3778
BUSY TASK ewma=997
DMA IRQ c0=3
DMA IRQ c1=0
DMA IRQ c2=0
DMA IRQ c3=0
SELECT busy=6642
SELECT w0=6642
SELECT w1=3550
SELECT w2=3787
BUSY TASK ewma=997
DMA IRQ c0=3
DMA IRQ c1=0
DMA IRQ c2=0
DMA IRQ c3=0
SELECT busy=6657
SELECT w0=6657
SELECT w1=3559
SELECT w2=3799
BUSY TASK ewma=997
DMA IRQ c0=3
DMA IRQ c1=0
DMA IRQ c2=0
DMA IRQ c3=0
SELECT busy=6676
SELECT w0=6676
SELECT w1=3570
SELECT w2=3814
BUSY TASK ewma=997
DMA IRQ c0=3
DMA IRQ c1=0
DMA IRQ c2=0
DMA IRQ c3=0
SELECT busy=6693
SELECT w0=6693
SELECT w1=3578
SELECT w2=3824
BUSY TASK ewma=997
DMA IRQ c0=3
DMA IRQ c1=0
DMA IRQ c2=0
DMA IRQ c3=0
SELECT busy=6711
SELECT w0=6710
SELECT w1=3586
SELECT w2=3833
BUSY TASK ewma=997
DMA IRQ c0=3
DMA IRQ c1=0
DMA IRQ c2=0
DMA IRQ c3=0
SELECT busy=6739
SELECT w0=6738
SELECT w1=3596
SELECT w2=3846
BUSY TASK ewma=997
DMA IRQ c0=3
DMA IRQ c1=0
DMA IRQ c2=0
DMA IRQ c3=0
SELECT busy=6761
SELECT w0=6760
SELECT w1=3604
SELECT w2=3857
BUSY TASK ewma=997
DMA IRQ c0=3
DMA IRQ c1=0
DMA IRQ c2=0
DMA IRQ c3=0
SELECT busy=6779
SELECT w0=6778
SELECT w1=3613
SELECT w2=3868
BUSY TASK ewma=997
DMA IRQ c0=3
DMA IRQ c1=0
DMA IRQ c2=0
DMA IRQ c3=0
SELECT busy=6804
SELECT w0=6803
SELECT w1=3623
SELECT w2=3880
BUSY TASK ewma=997
DMA IRQ c0=3
DMA IRQ c1=0
DMA IRQ c2=0
DMA IRQ c3=0
SELECT busy=6818
SELECT w0=6818
SELECT w1=3630
SELECT w2=3889
BUSY TASK ewma=997
DMA IRQ c0=3
DMA IRQ c1=0
DMA IRQ c2=0
DMA IRQ c3=0
SELECT busy=6839
SELECT w0=6839
SELECT w1=3639
SELECT w2=3899
BUSY TASK ewma=997
DMA IRQ c0=3
DMA IRQ c1=0
DMA IRQ c2=0
DMA IRQ c3=0
SELECT busy=6857
SELECT w0=6856
SELECT w1=3647
SELECT w2=3907
BUSY TASK ewma=997
DMA IRQ c0=3
DMA IRQ c1=0
DMA IRQ c2=0
DMA IRQ c3=0
SELECT busy=6883
SELECT w0=6882
SELECT w1=3657
SELECT w2=3919
BUSY TASK ewma=997
DMA IRQ c0=3
DMA IRQ c1=0
DMA IRQ c2=0
DMA IRQ c3=0
SELECT busy=6923
SELECT w0=6923
SELECT w1=3677
SELECT w2=3946
BUSY TASK ewma=997
DMA IRQ c0=3
DMA IRQ c1=0
DMA IRQ c2=0
DMA IRQ c3=0
SELECT busy=6947
SELECT w0=6947
SELECT w1=3688
SELECT w2=3958
BUSY TASK ewma=997
DMA IRQ c0=3
DMA IRQ c1=0
DMA IRQ c2=0
DMA IRQ c3=0
SELECT busy=6968
SELECT w0=6967
SELECT w1=3697
SELECT w2=3968
BUSY TASK ewma=997
DMA IRQ c0=3
DMA IRQ c1=0
DMA IRQ c2=0
DMA IRQ c3=0
SELECT busy=7002
SELECT w0=7003
SELECT w1=3713
SELECT w2=3990
BUSY TASK ewma=997
DMA IRQ c0=3
DMA IRQ c1=0
DMA IRQ c2=0
DMA IRQ c3=0
SELECT busy=7042
SELECT w0=7042
SELECT w1=3731
SELECT w2=4012
BUSY TASK ewma=997
DMA IRQ c0=3
DMA IRQ c1=0
DMA IRQ c2=0
DMA IRQ c3=0
SELECT busy=7067
SELECT w0=7067
SELECT w1=3744
SELECT w2=4029
BUSY TASK ewma=997
DMA IRQ c0=3
DMA IRQ c1=0
DMA IRQ c2=0
DMA IRQ c3=0
SELECT busy=7085
SELECT w0=7084
SELECT w1=3750
SELECT w2=4038
BUSY TASK ewma=997
DMA IRQ c0=3
DMA IRQ c1=0
DMA IRQ c2=0
DMA IRQ c3=0
SELECT busy=7118
SELECT w0=7118
SELECT w1=3768
SELECT w2=4056
BUSY TASK ewma=997
DMA IRQ c0=3
DMA IRQ c1=0
DMA IRQ c2=0
DMA IRQ c3=0
SELECT busy=7148
SELECT w0=7148
SELECT w1=3781
SELECT w2=4074
BUSY TASK ewma=997
DMA IRQ c0=3
DMA IRQ c1=0
DMA IRQ c2=0
DMA IRQ c3=0
SELECT busy=7183
SELECT w0=7182
SELECT w1=3797
SELECT w2=4094
BUSY TASK ewma=997
DMA IRQ c0=3
DMA IRQ c1=0
DMA IRQ c2=0
DMA IRQ c3=0
SELECT busy=7227
SELECT w0=7226
SELECT w1=3817
SELECT w2=4117
BUSY TASK ewma=997
DMA IRQ c0=3
DMA IRQ c1=0
DMA IRQ c2=0
DMA IRQ c3=0
SELECT busy=7266
SELECT w0=7266
SELECT w1=3835
SELECT w2=4138
BUSY TASK ewma=997
DMA IRQ c0=3
DMA IRQ c1=0
DMA IRQ c2=0
DMA IRQ c3=0
SELECT busy=7306
SELECT w0=7306
SELECT w1=3850
SELECT w2=4156
BUSY TASK ewma=997
IRQ counts: cpu0=14652 cpu1=16634 cpu2=16722 cpu3=16647
SCHED secondaries: calls=50011 unexpected=0
SECTEST switches=49977 cpu1=168995080,163727410 cpu2=140268874,134853076 cpu3=196731520,185640112
PINGPONG rounds=2000 pongs=2000
DMA IRQ c0=3
DMA IRQ c1=0
DMA IRQ c2=0
DMA IRQ c3=0
SELECT busy=7335
SELECT w0=7334
SELECT w1=3862
SELECT w2=4173
BUSY TASK ewma=997
DMA IRQ c0=3
DMA IRQ c1=0
DMA IRQ c2=0
DMA IRQ c3=0
SELECT busy=7361
SELECT w0=7362
SELECT w1=3873
SELECT w2=4190
BUSY TASK ewma=997
DMA IRQ c0=3
DMA IRQ c1=0
DMA IRQ c2=0
DMA IRQ c3=0
SELECT busy=7395
SELECT w0=7397
SELECT w1=3890
SELECT w2=4211
BUSY TASK ewma=997
DMA IRQ c0=3
DMA IRQ c1=0
DMA IRQ c2=0
DMA IRQ c3=0
SELECT busy=7434
SELECT w0=7433
SELECT w1=3905
SELECT w2=4229
BUSY TASK ewma=997
DMA IRQ c0=3
DMA IRQ c1=0
DMA IRQ c2=0
DMA IRQ c3=0
SELECT busy=7472
SELECT w0=7471
SELECT w1=3919
SELECT w2=4248
BUSY TASK ewma=997
DMA IRQ c0=3
DMA IRQ c1=0
DMA IRQ c2=0
DMA IRQ c3=0
SELECT busy=7517
SELECT w0=7516
SELECT w1=3939
SELECT w2=4271
BUSY TASK ewma=997
DMA IRQ c0=3
DMA IRQ c1=0
DMA IRQ c2=0
DMA IRQ c3=0
SELECT busy=7543
SELECT w0=7543
SELECT w1=3951
SELECT w2=4287
BUSY TASK ewma=997
DMA IRQ c0=3
DMA IRQ c1=0
DMA IRQ c2=0
DMA IRQ c3=0
SELECT busy=7569
SELECT w0=7568
SELECT w1=3960
SELECT w2=4299
BUSY TASK ewma=997
DMA IRQ c0=3
DMA IRQ c1=0
DMA IRQ c2=0
DMA IRQ c3=0
SELECT busy=7592
SELECT w0=7591
SELECT w1=3968
SELECT w2=4310
BUSY TASK ewma=997
DMA IRQ c0=3
DMA IRQ c1=0
DMA IRQ c2=0
DMA IRQ c3=0
SELECT busy=7614
SELECT w0=7613
SELECT w1=3977
SELECT w2=4321
BUSY TASK ewma=997
DMA IRQ c0=3
DMA IRQ c1=0
DMA IRQ c2=0
DMA IRQ c3=0
SELECT busy=7630
SELECT w0=7630
SELECT w1=3984
SELECT w2=4330
BUSY TASK ewma=997
DMA IRQ c0=3
DMA IRQ c1=0
DMA IRQ c2=0
DMA IRQ c3=0
SELECT busy=7652
SELECT w0=7651
SELECT w1=3992
SELECT w2=4340
BUSY TASK ewma=997
DMA IRQ c0=3
DMA IRQ c1=0
DMA IRQ c2=0
DMA IRQ c3=0
SELECT busy=7672
SELECT w0=7672
SELECT w1=4001
SELECT w2=4352
BUSY TASK ewma=997
DMA IRQ c0=3
DMA IRQ c1=0
DMA IRQ c2=0
DMA IRQ c3=0
SELECT busy=7689
SELECT w0=7688
SELECT w1=4009
SELECT w2=4360
BUSY TASK ewma=997
DMA IRQ c0=3
DMA IRQ c1=0
DMA IRQ c2=0
DMA IRQ c3=0
SELECT busy=7703
SELECT w0=7703
SELECT w1=4016
SELECT w2=4370
BUSY TASK ewma=997
DMA IRQ c0=3
DMA IRQ c1=0
DMA IRQ c2=0
DMA IRQ c3=0
SELECT busy=7718
SELECT w0=7718
SELECT w1=4023
SELECT w2=4379
BUSY TASK ewma=997
DMA IRQ c0=3
DMA IRQ c1=0
DMA IRQ c2=0
DMA IRQ c3=0
SELECT busy=7736
SELECT w0=7735
SELECT w1=4030
SELECT w2=4389
BUSY TASK ewma=997
DMA IRQ c0=3
DMA IRQ c1=0
DMA IRQ c2=0
DMA IRQ c3=0
SELECT busy=7751
SELECT w0=7750
SELECT w1=4037
SELECT w2=4400
BUSY TASK ewma=997
DMA IRQ c0=3
DMA IRQ c1=0
DMA IRQ c2=0
DMA IRQ c3=0
SELECT busy=7767
SELECT w0=7768
SELECT w1=4046
SELECT w2=4410
BUSY TASK ewma=997
DMA IRQ c0=3
DMA IRQ c1=0
DMA IRQ c2=0
DMA IRQ c3=0
SELECT busy=7788
SELECT w0=7788
SELECT w1=4052
SELECT w2=4420
BUSY TASK ewma=997
DMA IRQ c0=3
DMA IRQ c1=0
DMA IRQ c2=0
DMA IRQ c3=0
SELECT busy=7807
SELECT w0=7807
SELECT w1=4060
SELECT w2=4429
BUSY TASK ewma=997
DMA IRQ c0=3
DMA IRQ c1=0
DMA IRQ c2=0
DMA IRQ c3=0
SELECT busy=7829
SELECT w0=7828
SELECT w1=4068
SELECT w2=4439
BUSY TASK ewma=997
DMA IRQ c0=3
DMA IRQ c1=0
DMA IRQ c2=0
DMA IRQ c3=0
SELECT busy=7850
SELECT w0=7849
SELECT w1=4077
SELECT w2=4452
BUSY TASK ewma=997
DMA IRQ c0=3
DMA IRQ c1=0
DMA IRQ c2=0
DMA IRQ c3=0
SELECT busy=7865
SELECT w0=7865
SELECT w1=4085
SELECT w2=4460
BUSY TASK ewma=997
DMA IRQ c0=3
DMA IRQ c1=0
DMA IRQ c2=0
DMA IRQ c3=0
SELECT busy=7885
SELECT w0=7885
SELECT w1=4094
SELECT w2=4470
BUSY TASK ewma=997
DMA IRQ c0=3
DMA IRQ c1=0
DMA IRQ c2=0
DMA IRQ c3=0
SELECT busy=7904
SELECT w0=7903
SELECT w1=4101
SELECT w2=4479
BUSY TASK ewma=997
DMA IRQ c0=3
DMA IRQ c1=0
DMA IRQ c2=0
DMA IRQ c3=0
SELECT busy=7922
SELECT w0=7921
SELECT w1=4106
SELECT w2=4486
BUSY TASK ewma=997
DMA IRQ c0=3
DMA IRQ c1=0
DMA IRQ c2=0
DMA IRQ c3=0
SELECT busy=7940
SELECT w0=7939
SELECT w1=4115
SELECT w2=4497
BUSY TASK ewma=997
DMA IRQ c0=3
DMA IRQ c1=0
DMA IRQ c2=0
DMA IRQ c3=0
SELECT busy=7958
SELECT w0=7958
SELECT w1=4122
SELECT w2=4508
BUSY TASK ewma=997
DMA IRQ c0=3
DMA IRQ c1=0
DMA IRQ c2=0
DMA IRQ c3=0
SELECT busy=7978
SELECT w0=7978
SELECT w1=4129
SELECT w2=4515
BUSY TASK ewma=997
DMA IRQ c0=3
DMA IRQ c1=0
DMA IRQ c2=0
DMA IRQ c3=0
SELECT busy=7995
SELECT w0=7994
SELECT w1=4135
SELECT w2=4522
BUSY TASK ewma=997
DMA IRQ c0=3
DMA IRQ c1=0
DMA IRQ c2=0
DMA IRQ c3=0
SELECT busy=8015
SELECT w0=8015
SELECT w1=4145
SELECT w2=4538
BUSY TASK ewma=997
DMA IRQ c0=3
DMA IRQ c1=0
DMA IRQ c2=0
DMA IRQ c3=0
SELECT busy=8036
SELECT w0=8036
SELECT w1=4154
SELECT w2=4552
BUSY TASK ewma=997
DMA IRQ c0=3
DMA IRQ c1=0
DMA IRQ c2=0
DMA IRQ c3=0
SELECT busy=8064
SELECT w0=8063
SELECT w1=4164
SELECT w2=4565
BUSY TASK ewma=997
DMA IRQ c0=3
DMA IRQ c1=0
DMA IRQ c2=0
DMA IRQ c3=0
SELECT busy=8091
SELECT w0=8092
SELECT w1=4175
SELECT w2=4579
BUSY TASK ewma=997
DMA IRQ c0=3
DMA IRQ c1=0
DMA IRQ c2=0
DMA IRQ c3=0
SELECT busy=8114
SELECT w0=8113
SELECT w1=4183
SELECT w2=4590
BUSY TASK ewma=997
DMA IRQ c0=3
DMA IRQ c1=0
DMA IRQ c2=0
DMA IRQ c3=0
SELECT busy=8136
SELECT w0=8135
SELECT w1=4188
SELECT w2=4597
BUSY TASK ewma=997
DMA IRQ c0=3
DMA IRQ c1=0
DMA IRQ c2=0
DMA IRQ c3=0
SELECT busy=8155
SELECT w0=8154
SELECT w1=4193
SELECT w2=4603
BUSY TASK ewma=997
DMA IRQ c0=3
DMA IRQ c1=0
DMA IRQ c2=0
DMA IRQ c3=0
SELECT busy=8174
SELECT w0=8173
SELECT w1=4200
SELECT w2=4612
BUSY TASK ewma=997
DMA IRQ c0=3
DMA IRQ c1=0
DMA IRQ c2=0
DMA IRQ c3=0
SELECT busy=8197
SELECT w0=8196
SELECT w1=4210
SELECT w2=4622
BUSY TASK ewma=997
DMA IRQ c0=3
DMA IRQ c1=0
DMA IRQ c2=0
DMA IRQ c3=0
SELECT busy=8216
SELECT w0=8215
SELECT w1=4215
SELECT w2=4630
BUSY TASK ewma=997
DMA IRQ c0=3
DMA IRQ c1=0
DMA IRQ c2=0
DMA IRQ c3=0
SELECT busy=8240
SELECT w0=8239
SELECT w1=4227
SELECT w2=4645
BUSY TASK ewma=997
DMA IRQ c0=3
DMA IRQ c1=0
DMA IRQ c2=0
DMA IRQ c3=0
SELECT busy=8254
SELECT w0=8253
SELECT w1=4234
SELECT w2=4655
BUSY TASK ewma=997
DMA IRQ c0=3
DMA IRQ c1=0
DMA IRQ c2=0
DMA IRQ c3=0
SELECT busy=8277
SELECT w0=8277
SELECT w1=4246
SELECT w2=4669
BUSY TASK ewma=997
DMA IRQ c0=3
DMA IRQ c1=0
DMA IRQ c2=0
DMA IRQ c3=0
SELECT busy=8293
SELECT w0=8292
SELECT w1=4252
SELECT w2=4679
BUSY TASK ewma=997
DMA IRQ c0=3
DMA IRQ c1=0
DMA IRQ c2=0
DMA IRQ c3=0
SELECT busy=8315
SELECT w0=8314
SELECT w1=4260
SELECT w2=4692
BUSY TASK ewma=997
DMA IRQ c0=3
DMA IRQ c1=0
DMA IRQ c2=0
DMA IRQ c3=0
SELECT busy=8341
SELECT w0=8341
SELECT w1=4270
SELECT w2=4704
BUSY TASK ewma=997
DMA IRQ c0=3
DMA IRQ c1=0
DMA IRQ c2=0
DMA IRQ c3=0
SELECT busy=8364
SELECT w0=8363
SELECT w1=4278
SELECT w2=4717
BUSY TASK ewma=997
DMA IRQ c0=3
DMA IRQ c1=0
DMA IRQ c2=0
DMA IRQ c3=0
SELECT busy=8397
SELECT w0=8397
SELECT w1=4295
SELECT w2=4735
BUSY TASK ewma=997
DMA IRQ c0=3
DMA IRQ c1=0
DMA IRQ c2=0
DMA IRQ c3=0
SELECT busy=8417
SELECT w0=8417
SELECT w1=4301
SELECT w2=4745
BUSY TASK ewma=997
DMA IRQ c0=3
DMA IRQ c1=0
DMA IRQ c2=0
DMA IRQ c3=0
SELECT busy=8439
SELECT w0=8438
SELECT w1=4309
SELECT w2=4754
BUSY TASK ewma=997
DMA IRQ c0=3
DMA IRQ c1=0
DMA IRQ c2=0
DMA IRQ c3=0
SELECT busy=8458
SELECT w0=8457
SELECT w1=4320
SELECT w2=4765
BUSY TASK ewma=997
DMA IRQ c0=3
DMA IRQ c1=0
DMA IRQ c2=0
DMA IRQ c3=0
SELECT busy=8478
SELECT w0=8478
SELECT w1=4326
SELECT w2=4776
BUSY TASK ewma=997
DMA IRQ c0=3
DMA IRQ c1=0
DMA IRQ c2=0
DMA IRQ c3=0
SELECT busy=8501
SELECT w0=8500
SELECT w1=4333
SELECT w2=4784
BUSY TASK ewma=997
DMA IRQ c0=3
DMA IRQ c1=0
DMA IRQ c2=0
DMA IRQ c3=0
SELECT busy=8521
SELECT w0=8520
SELECT w1=4340
SELECT w2=4795
BUSY TASK ewma=997
DMA IRQ c0=3
DMA IRQ c1=0
DMA IRQ c2=0
DMA IRQ c3=0
SELECT busy=8542
SELECT w0=8541
SELECT w1=4346
SELECT w2=4804
BUSY TASK ewma=997
DMA IRQ c0=3
DMA IRQ c1=0
DMA IRQ c2=0
DMA IRQ c3=0
SELECT busy=8564
SELECT w0=8563
SELECT w1=4353
SELECT w2=4815
BUSY TASK ewma=997
DMA IRQ c0=3
DMA IRQ c1=0
DMA IRQ c2=0
DMA IRQ c3=0
SELECT busy=8586
SELECT w0=8585
SELECT w1=4360
SELECT w2=4825
BUSY TASK ewma=997
DMA IRQ c0=3
DMA IRQ c1=0
DMA IRQ c2=0
DMA IRQ c3=0
SELECT busy=8609
SELECT w0=8608
SELECT w1=4370
SELECT w2=4838
BUSY TASK ewma=997
DMA IRQ c0=3
DMA IRQ c1=0
DMA IRQ c2=0
DMA IRQ c3=0
SELECT busy=8636
SELECT w0=8636
SELECT w1=4382
SELECT w2=4856
BUSY TASK ewma=997
DMA IRQ c0=3
DMA IRQ c1=0
DMA IRQ c2=0
DMA IRQ c3=0
SELECT busy=8658
SELECT w0=8657
SELECT w1=4391
SELECT w2=4867
BUSY TASK ewma=997
DMA IRQ c0=3
DMA IRQ c1=0
DMA IRQ c2=0
DMA IRQ c3=0
SELECT busy=8680
SELECT w0=8679
SELECT w1=4401
SELECT w2=4881
BUSY TASK ewma=997
DMA IRQ c0=3
DMA IRQ c1=0
DMA IRQ c2=0
DMA IRQ c3=0
SELECT busy=8703
SELECT w0=8703
SELECT w1=4415
SELECT w2=4894
BUSY TASK ewma=997
DMA IRQ c0=3
DMA IRQ c1=0
DMA IRQ c2=0
DMA IRQ c3=0
SELECT busy=8721
SELECT w0=8720
SELECT w1=4422
SELECT w2=4903
BUSY TASK ewma=997
IRQ counts: cpu0=17472 cpu1=19496 cpu2=19697 cpu3=19631
SCHED secondaries: calls=58835 unexpected=0
SECTEST switches=58820 cpu1=197998715,191661478 cpu2=165740858,158831426 cpu3=232033071,219350002
PINGPONG rounds=2000 pongs=2000
DMA IRQ c0=3
DMA IRQ c1=0
DMA IRQ c2=0
DMA IRQ c3=0
SELECT busy=8752
SELECT w0=8752
SELECT w1=4441
SELECT w2=4926
BUSY TASK ewma=997
DMA IRQ c0=3
DMA IRQ c1=0
DMA IRQ c2=0
DMA IRQ c3=0
SELECT busy=8769
SELECT w0=8768
SELECT w1=4447
SELECT w2=4934
BUSY TASK ewma=997
DMA IRQ c0=3
DMA IRQ c1=0
DMA IRQ c2=0
DMA IRQ c3=0
SELECT busy=8793
SELECT w0=8793
SELECT w1=4458
SELECT w2=4951
BUSY TASK ewma=997
DMA IRQ c0=3
DMA IRQ c1=0
DMA IRQ c2=0
DMA IRQ c3=0
SELECT busy=8816
SELECT w0=8816
SELECT w1=4471
SELECT w2=4965
BUSY TASK ewma=997
DMA IRQ c0=3
DMA IRQ c1=0
DMA IRQ c2=0
DMA IRQ c3=0
SELECT busy=8846
SELECT w0=8845
SELECT w1=4487
SELECT w2=4980
BUSY TASK ewma=997
DMA IRQ c0=3
DMA IRQ c1=0
DMA IRQ c2=0
DMA IRQ c3=0
SELECT busy=8866
SELECT w0=8866
SELECT w1=4495
SELECT w2=4988
BUSY TASK ewma=997
DMA IRQ c0=3
DMA IRQ c1=0
DMA IRQ c2=0
DMA IRQ c3=0
SELECT busy=8888
SELECT w0=8887
SELECT w1=4501
SELECT w2=4996
BUSY TASK ewma=997
DMA IRQ c0=3
DMA IRQ c1=0
DMA IRQ c2=0
DMA IRQ c3=0
SELECT busy=8911
SELECT w0=8911
SELECT w1=4511
SELECT w2=5010
BUSY TASK ewma=997
DMA IRQ c0=3
DMA IRQ c1=0
DMA IRQ c2=0
DMA IRQ c3=0
SELECT busy=8932
SELECT w0=8932
SELECT w1=4518
SELECT w2=5019
BUSY TASK ewma=997
DMA IRQ c0=3
DMA IRQ c1=0
DMA IRQ c2=0
DMA IRQ c3=0
SELECT busy=8954
SELECT w0=8954
SELECT w1=4527
SELECT w2=5028
BUSY TASK ewma=997
DMA IRQ c0=3
DMA IRQ c1=0
DMA IRQ c2=0
DMA IRQ c3=0
SELECT busy=8977
SELECT w0=8976
SELECT w1=4535
SELECT w2=5037
BUSY TASK ewma=997
DMA IRQ c0=3
DMA IRQ c1=0
DMA IRQ c2=0
DMA IRQ c3=0
SELECT busy=8997
SELECT w0=8997
SELECT w1=4540
SELECT w2=5043
BUSY TASK ewma=997
DMA IRQ c0=3
DMA IRQ c1=0
DMA IRQ c2=0
DMA IRQ c3=0
SELECT busy=9017
SELECT w0=9016
SELECT w1=4544
SELECT w2=5051
BUSY TASK ewma=997
DMA IRQ c0=3
DMA IRQ c1=0
DMA IRQ c2=0
DMA IRQ c3=0
SELECT busy=9032
SELECT w0=9032
SELECT w1=4550
SELECT w2=5058
BUSY TASK ewma=997
DMA IRQ c0=3
DMA IRQ c1=0
DMA IRQ c2=0
DMA IRQ c3=0
SELECT busy=9051
SELECT w0=9050
SELECT w1=4558
SELECT w2=5068
BUSY TASK ewma=997
DMA IRQ c0=3
DMA IRQ c1=0
DMA IRQ c2=0
DMA IRQ c3=0
SELECT busy=9071
SELECT w0=9070
SELECT w1=4568
SELECT w2=5077
BUSY TASK ewma=997
DMA IRQ c0=3
DMA IRQ c1=0
DMA IRQ c2=0
DMA IRQ c3=0
SELECT busy=9092
SELECT w0=9092
SELECT w1=4579
SELECT w2=5090
BUSY TASK ewma=997
DMA IRQ c0=3
DMA IRQ c1=0
DMA IRQ c2=0
DMA IRQ c3=0
SELECT busy=9108
SELECT w0=9107
SELECT w1=4587
SELECT w2=5099
BUSY TASK ewma=997
DMA IRQ c0=3
DMA IRQ c1=0
DMA IRQ c2=0
DMA IRQ c3=0
SELECT busy=9127
SELECT w0=9126
SELECT w1=4594
SELECT w2=5109
BUSY TASK ewma=997
DMA IRQ c0=3
DMA IRQ c1=0
DMA IRQ c2=0
DMA IRQ c3=0
SELECT busy=9147
SELECT w0=9147
SELECT w1=4604
SELECT w2=5122
BUSY TASK ewma=997
DMA IRQ c0=3
DMA IRQ c1=0
DMA IRQ c2=0
DMA IRQ c3=0
SELECT busy=9171
SELECT w0=9170
SELECT w1=4612
SELECT w2=5132
BUSY TASK ewma=997
DMA IRQ c0=3
DMA IRQ c1=0
DMA IRQ c2=0
DMA IRQ c3=0
SELECT busy=9196
SELECT w0=9195
SELECT w1=4620
SELECT w2=5141
BUSY TASK ewma=997
DMA IRQ c0=3
DMA IRQ c1=0
DMA IRQ c2=0
DMA IRQ c3=0
SELECT busy=9217
SELECT w0=9216
SELECT w1=4629
SELECT w2=5152
BUSY TASK ewma=997
DMA IRQ c0=3
DMA IRQ c1=0
DMA IRQ c2=0
DMA IRQ c3=0
SELECT busy=9237
SELECT w0=9237
SELECT w1=4637
SELECT w2=5162
BUSY TASK ewma=997
DMA IRQ c0=3
DMA IRQ c1=0
DMA IRQ c2=0
DMA IRQ c3=0
SELECT busy=9267
SELECT w0=9268
SELECT w1=4651
SELECT w2=5188
BUSY TASK ewma=997
DMA IRQ c0=3
DMA IRQ c1=0
DMA IRQ c2=0
DMA IRQ c3=0
SELECT busy=9293
SELECT w0=9292
SELECT w1=4663
SELECT w2=5203
BUSY TASK ewma=997
DMA IRQ c0=3
DMA IRQ c1=0
DMA IRQ c2=0
DMA IRQ c3=0
SELECT busy=9314
SELECT w0=9314
SELECT w1=4669
SELECT w2=5212
BUSY TASK ewma=997
DMA IRQ c0=3
DMA IRQ c1=0
DMA IRQ c2=0
DMA IRQ c3=0
SELECT busy=9335
SELECT w0=9334
SELECT w1=4676
SELECT w2=5221
BUSY TASK ewma=997
DMA IRQ c0=3
DMA IRQ c1=0
DMA IRQ c2=0
DMA IRQ c3=0
SELECT busy=9353
SELECT w0=9353
SELECT w1=4685
SELECT w2=5236
BUSY TASK ewma=997
DMA IRQ c0=3
DMA IRQ c1=0
DMA IRQ c2=0
DMA IRQ c3=0
SELECT busy=9370
SELECT w0=9369
SELECT w1=4691
SELECT w2=5244
BUSY TASK ewma=997
DMA IRQ c0=3
DMA IRQ c1=0
DMA IRQ c2=0
DMA IRQ c3=0
SELECT busy=9395
SELECT w0=9394
SELECT w1=4703
SELECT w2=5262
BUSY TASK ewma=997
DMA IRQ c0=3
DMA IRQ c1=0
DMA IRQ c2=0
DMA IRQ c3=0
SELECT busy=9413
SELECT w0=9412
SELECT w1=4710
SELECT w2=5272
BUSY TASK ewma=997
DMA IRQ c0=3
DMA IRQ c1=0
DMA IRQ c2=0
DMA IRQ c3=0
SELECT busy=9427
SELECT w0=9426
SELECT w1=4715
SELECT w2=5279
BUSY TASK ewma=997
DMA IRQ c0=3
DMA IRQ c1=0
DMA IRQ c2=0
DMA IRQ c3=0
SELECT busy=9441
SELECT w0=9441
SELECT w1=4724
SELECT w2=5291
BUSY TASK ewma=997
DMA IRQ c0=3
DMA IRQ c1=0
DMA IRQ c2=0
DMA IRQ c3=0
SELECT busy=9457
SELECT w0=9457
SELECT w1=4734
SELECT w2=5303
BUSY TASK ewma=997
DMA IRQ c0=3
DMA IRQ c1=0
DMA IRQ c2=0
DMA IRQ c3=0
SELECT busy=9480
SELECT w0=9481
SELECT w1=4747
SELECT w2=5320
BUSY TASK ewma=997
DMA IRQ c0=3
DMA IRQ c1=0
DMA IRQ c2=0
DMA IRQ c3=0
SELECT busy=9504
SELECT w0=9504
SELECT w1=4757
SELECT w2=5333
BUSY TASK ewma=997
DMA IRQ c0=3
DMA IRQ c1=0
DMA IRQ c2=0
DMA IRQ c3=0
SELECT busy=9526
SELECT w0=9525
SELECT w1=4767
SELECT w2=5346
BUSY TASK ewma=997
DMA IRQ c0=3
DMA IRQ c1=0
DMA IRQ c2=0
DMA IRQ c3=0
SELECT busy=9549
SELECT w0=9549
SELECT w1=4778
SELECT w2=5359
BUSY TASK ewma=997
DMA IRQ c0=3
DMA IRQ c1=0
DMA IRQ c2=0
DMA IRQ c3=0
SELECT busy=9570
SELECT w0=9570
SELECT w1=4788
SELECT w2=5370
BUSY TASK ewma=997
DMA IRQ c0=3
DMA IRQ c1=0
DMA IRQ c2=0
DMA IRQ c3=0
SELECT busy=9589
SELECT w0=9588
SELECT w1=4797
SELECT w2=5380
BUSY TASK ewma=997
DMA IRQ c0=3
DMA IRQ c1=0
DMA IRQ c2=0
DMA IRQ c3=0
SELECT busy=9613
SELECT w0=9613
SELECT w1=4808
SELECT w2=5397
BUSY TASK ewma=997
DMA IRQ c0=3
DMA IRQ c1=0
DMA IRQ c2=0
DMA IRQ c3=0
SELECT busy=9635
SELECT w0=9635
SELECT w1=4821
SELECT w2=5410
BUSY TASK ewma=997
DMA IRQ c0=3
DMA IRQ c1=0
DMA IRQ c2=0
DMA IRQ c3=0
SELECT busy=9655
SELECT w0=9654
SELECT w1=4832
SELECT w2=5422
BUSY TASK ewma=997
DMA IRQ c0=3
DMA IRQ c1=0
DMA IRQ c2=0
DMA IRQ c3=0
SELECT busy=9675
SELECT w0=9675
SELECT w1=4847
SELECT w2=5438
BUSY TASK ewma=997
DMA IRQ c0=3
DMA IRQ c1=0
DMA IRQ c2=0
DMA IRQ c3=0
SELECT busy=9691
SELECT w0=9692
SELECT w1=4855
SELECT w2=5451
BUSY TASK ewma=997
DMA IRQ c0=3
DMA IRQ c1=0
DMA IRQ c2=0
DMA IRQ c3=0
SELECT busy=9708
SELECT w0=9707
SELECT w1=4862
SELECT w2=5460
BUSY TASK ewma=997
DMA IRQ c0=3
DMA IRQ c1=0
DMA IRQ c2=0
DMA IRQ c3=0
SELECT busy=9726
SELECT w0=9725
SELECT w1=4872
SELECT w2=5469
BUSY TASK ewma=997
DMA IRQ c0=3
DMA IRQ c1=0
DMA IRQ c2=0
DMA IRQ c3=0
SELECT busy=9759
SELECT w0=9758
SELECT w1=4887
SELECT w2=5485
BUSY TASK ewma=997
DMA IRQ c0=3
DMA IRQ c1=0
DMA IRQ c2=0
DMA IRQ c3=0
SELECT busy=9778
SELECT w0=9777
SELECT w1=4895
SELECT w2=5496
BUSY TASK ewma=997
DMA IRQ c0=3
DMA IRQ c1=0
DMA IRQ c2=0
DMA IRQ c3=0
SELECT busy=9799
SELECT w0=9798
SELECT w1=4905
SELECT w2=5506
BUSY TASK ewma=997
DMA IRQ c0=3
DMA IRQ c1=0
DMA IRQ c2=0
DMA IRQ c3=0
SELECT busy=9819
SELECT w0=9819
SELECT w1=4917
SELECT w2=5519
BUSY TASK ewma=997
DMA IRQ c0=3
DMA IRQ c1=0
DMA IRQ c2=0
DMA IRQ c3=0
SELECT busy=9842
SELECT w0=9841
SELECT w1=4928
SELECT w2=5532
BUSY TASK ewma=997
DMA IRQ c0=3
DMA IRQ c1=0
DMA IRQ c2=0
DMA IRQ c3=0
SELECT busy=9865
SELECT w0=9865
SELECT w1=4941
SELECT w2=5551
BUSY TASK ewma=997
DMA IRQ c0=3
DMA IRQ c1=0
DMA IRQ c2=0
DMA IRQ c3=0
SELECT busy=9886
SELECT w0=9885
SELECT w1=4950
SELECT w2=5563
BUSY TASK ewma=997
DMA IRQ c0=3
DMA IRQ c1=0
DMA IRQ c2=0
DMA IRQ c3=0
SELECT busy=9905
SELECT w0=9906
SELECT w1=4961
SELECT w2=5577
BUSY TASK ewma=997
DMA IRQ c0=3
DMA IRQ c1=0
DMA IRQ c2=0
DMA IRQ c3=0
SELECT busy=9933
SELECT w0=9932
SELECT w1=4976
SELECT w2=5603
BUSY TASK ewma=997
DMA IRQ c0=3
DMA IRQ c1=0
DMA IRQ c2=0
DMA IRQ c3=0
SELECT busy=9953
SELECT w0=9953
SELECT w1=4988
SELECT w2=5617
BUSY TASK ewma=997
DMA IRQ c0=3
DMA IRQ c1=0
DMA IRQ c2=0
DMA IRQ c3=0
SELECT busy=9974
SELECT w0=9973
SELECT w1=4997
SELECT w2=5629
BUSY TASK ewma=997
DMA IRQ c0=3
DMA IRQ c1=0
DMA IRQ c2=0
DMA IRQ c3=0
SELECT busy=9992
SELECT w0=9992
SELECT w1=5004
SELECT w2=5638
BUSY TASK ewma=997
DMA IRQ c0=3
DMA IRQ c1=0
DMA IRQ c2=0
DMA IRQ c3=0
SELECT busy=10012
SELECT w0=10012
SELECT w1=5013
SELECT w2=5650
BUSY TASK ewma=997
DMA IRQ c0=3
DMA IRQ c1=0
DMA IRQ c2=0
DMA IRQ c3=0
SELECT busy=10026
SELECT w0=10025
SELECT w1=5019
SELECT w2=5657
BUSY TASK ewma=997
DMA IRQ c0=3
DMA IRQ c1=0
DMA IRQ c2=0
DMA IRQ c3=0
SELECT busy=10043
SELECT w0=10043
SELECT w1=5027
SELECT w2=5667
BUSY TASK ewma=997
DMA IRQ c0=3
DMA IRQ c1=0
DMA IRQ c2=0
DMA IRQ c3=0
SELECT busy=10070
SELECT w0=10071
SELECT w1=5040
SELECT w2=5687
BUSY TASK ewma=997
IRQ counts: cpu0=20204 cpu1=22617 cpu2=22841 cpu3=22749
SCHED secondaries: calls=68207 unexpected=0
SECTEST switches=68183 cpu1=228917016,222640286 cpu2=196690244,188948505 cpu3=275423849,260338572
PINGPONG rounds=2000 pongs=2000
DMA IRQ c0=3
DMA IRQ c1=0
DMA IRQ c2=0
DMA IRQ c3=0
SELECT busy=10111
SELECT w0=10110
SELECT w1=5059
SELECT w2=5703
BUSY TASK ewma=997
DMA IRQ c0=3
DMA IRQ c1=0
DMA IRQ c2=0
DMA IRQ c3=0
SELECT busy=10143
SELECT w0=10143
SELECT w1=5071
SELECT w2=5720
BUSY TASK ewma=997
DMA IRQ c0=3
DMA IRQ c1=0
DMA IRQ c2=0
DMA IRQ c3=0
SELECT busy=10170
SELECT w0=10170
SELECT w1=5080
SELECT w2=5733
BUSY TASK ewma=997
DMA IRQ c0=3
DMA IRQ c1=0
DMA IRQ c2=0
DMA IRQ c3=0
SELECT busy=10196
SELECT w0=10196
SELECT w1=5092
SELECT w2=5743
BUSY TASK ewma=997
DMA IRQ c0=3
DMA IRQ c1=0
DMA IRQ c2=0
DMA IRQ c3=0
SELECT busy=10225
SELECT w0=10224
SELECT w1=5104
SELECT w2=5761
BUSY TASK ewma=997
DMA IRQ c0=3
DMA IRQ c1=0
DMA IRQ c2=0
DMA IRQ c3=0
SELECT busy=10247
SELECT w0=10247
SELECT w1=5111
SELECT w2=5771
BUSY TASK ewma=997
DMA IRQ c0=3
DMA IRQ c1=0
DMA IRQ c2=0
DMA IRQ c3=0
SELECT busy=10274
SELECT w0=10274
SELECT w1=5120
SELECT w2=5785
BUSY TASK ewma=997
DMA IRQ c0=3
DMA IRQ c1=0
DMA IRQ c2=0
DMA IRQ c3=0
SELECT busy=10291
SELECT w0=10291
SELECT w1=5126
SELECT w2=5792
BUSY TASK ewma=997
DMA IRQ c0=3
DMA IRQ c1=0
DMA IRQ c2=0
DMA IRQ c3=0
SELECT busy=10308
SELECT w0=10308
SELECT w1=5134
SELECT w2=5804
BUSY TASK ewma=997
DMA IRQ c0=3
DMA IRQ c1=0
DMA IRQ c2=0
DMA IRQ c3=0
SELECT busy=10331
SELECT w0=10331
SELECT w1=5147
SELECT w2=5816
BUSY TASK ewma=997
DMA IRQ c0=3
DMA IRQ c1=0
DMA IRQ c2=0
DMA IRQ c3=0
SELECT busy=10351
SELECT w0=10351
SELECT w1=5155
SELECT w2=5827
BUSY TASK ewma=997
DMA IRQ c0=3
DMA IRQ c1=0
DMA IRQ c2=0
DMA IRQ c3=0
SELECT busy=10368
SELECT w0=10369
SELECT w1=5163
SELECT w2=5837
BUSY TASK ewma=997
DMA IRQ c0=3
DMA IRQ c1=0
DMA IRQ c2=0
DMA IRQ c3=0
SELECT busy=10389
SELECT w0=10388
SELECT w1=5170
SELECT w2=5848
BUSY TASK ewma=997
DMA IRQ c0=3
DMA IRQ c1=0
DMA IRQ c2=0
DMA IRQ c3=0
SELECT busy=10407
SELECT w0=10407
SELECT w1=5178
SELECT w2=5861
BUSY TASK ewma=997
DMA IRQ c0=3
DMA IRQ c1=0
DMA IRQ c2=0
DMA IRQ c3=0
SELECT busy=10422
SELECT w0=10422
SELECT w1=5189
SELECT w2=5873
BUSY TASK ewma=997
DMA IRQ c0=3
DMA IRQ c1=0
DMA IRQ c2=0
DMA IRQ c3=0
SELECT busy=10456
SELECT w0=10456
SELECT w1=5203
SELECT w2=5896
BUSY TASK ewma=997
DMA IRQ c0=3
DMA IRQ c1=0
DMA IRQ c2=0
DMA IRQ c3=0
SELECT busy=10486
SELECT w0=10486
SELECT w1=5218
SELECT w2=5914
BUSY TASK ewma=997
DMA IRQ c0=3
DMA IRQ c1=0
DMA IRQ c2=0
DMA IRQ c3=0
SELECT busy=10510
SELECT w0=10510
SELECT w1=5228
SELECT w2=5927
BUSY TASK ewma=997
DMA IRQ c0=3
DMA IRQ c1=0
DMA IRQ c2=0
DMA IRQ c3=0
SELECT busy=10536
SELECT w0=10536
SELECT w1=5241
SELECT w2=5942
BUSY TASK ewma=997
DMA IRQ c0=3
DMA IRQ c1=0
DMA IRQ c2=0
DMA IRQ c3=0
SELECT busy=10559
SELECT w0=10559
SELECT w1=5252
SELECT w2=5956
BUSY TASK ewma=997
DMA IRQ c0=3
DMA IRQ c1=0
DMA IRQ c2=0
DMA IRQ c3=0
SELECT busy=10588
SELECT w0=10588
SELECT w1=5265
SELECT w2=5971
BUSY TASK ewma=997
DMA IRQ c0=3
DMA IRQ c1=0
DMA IRQ c2=0
DMA IRQ c3=0
SELECT busy=10615
SELECT w0=10614
SELECT w1=5272
SELECT w2=5981
BUSY TASK ewma=997
DMA IRQ c0=3
DMA IRQ c1=0
DMA IRQ c2=0
DMA IRQ c3=0
SELECT busy=10640
SELECT w0=10639
SELECT w1=5285
SELECT w2=5997
BUSY TASK ewma=997
DMA IRQ c0=3
DMA IRQ c1=0
DMA IRQ c2=0
DMA IRQ c3=0
SELECT busy=10653
SELECT w0=10652
SELECT w1=5289
SELECT w2=6000
BUSY TASK ewma=997
DMA IRQ c0=3
DMA IRQ c1=0
DMA IRQ c2=0
DMA IRQ c3=0
SELECT busy=10680
SELECT w0=10681
SELECT w1=5301
SELECT w2=6014
BUSY TASK ewma=997
DMA IRQ c0=3
DMA IRQ c1=0
DMA IRQ c2=0
DMA IRQ c3=0
SELECT busy=10704
SELECT w0=10704
SELECT w1=5309
SELECT w2=6028
BUSY TASK ewma=997
DMA IRQ c0=3
DMA IRQ c1=0
DMA IRQ c2=0
DMA IRQ c3=0
SELECT busy=10730
SELECT w0=10729
SELECT w1=5320
SELECT w2=6046
BUSY TASK ewma=997
DMA IRQ c0=3
DMA IRQ c1=0
DMA IRQ c2=0
DMA IRQ c3=0
SELECT busy=10751
SELECT w0=10751
SELECT w1=5329
SELECT w2=6059
BUSY TASK ewma=997
DMA IRQ c0=3
DMA IRQ c1=0
DMA IRQ c2=0
DMA IRQ c3=0
SELECT busy=10769
SELECT w0=10768
SELECT w1=5335
SELECT w2=6068
BUSY TASK ewma=997
DMA IRQ c0=3
DMA IRQ c1=0
DMA IRQ c2=0
DMA IRQ c3=0
SELECT busy=10791
SELECT w0=10790
SELECT w1=5343
SELECT w2=6078
BUSY TASK ewma=997
DMA IRQ c0=3
DMA IRQ c1=0
DMA IRQ c2=0
DMA IRQ c3=0
SELECT busy=10826
SELECT w0=10826
SELECT w1=5360
SELECT w2=6102
BUSY TASK ewma=997
DMA IRQ c0=3
DMA IRQ c1=0
DMA IRQ c2=0
DMA IRQ c3=0
SELECT busy=10854
SELECT w0=10854
SELECT w1=5375
SELECT w2=6118
BUSY TASK ewma=997
DMA IRQ c0=3
DMA IRQ c1=0
DMA IRQ c2=0
DMA IRQ c3=0
SELECT busy=10880
SELECT w0=10880
SELECT w1=5391
SELECT w2=6136
BUSY TASK ewma=997
DMA IRQ c0=3
DMA IRQ c1=0
DMA IRQ c2=0
DMA IRQ c3=0
SELECT busy=10909
SELECT w0=10909
SELECT w1=5403
SELECT w2=6153
BUSY TASK ewma=997
DMA IRQ c0=3
DMA IRQ c1=0
DMA IRQ c2=0
DMA IRQ c3=0
SELECT busy=10939
SELECT w0=10939
SELECT w1=5418
SELECT w2=6171
BUSY TASK ewma=997
DMA IRQ c0=3
DMA IRQ c1=0
DMA IRQ c2=0
DMA IRQ c3=0
SELECT busy=10964
SELECT w0=10963
SELECT w1=5426
SELECT w2=6179
BUSY TASK ewma=997
DMA IRQ c0=3
DMA IRQ c1=0
DMA IRQ c2=0
DMA IRQ c3=0
SELECT busy=10983
SELECT w0=10983
SELECT w1=5435
SELECT w2=6190
BUSY TASK ewma=997
DMA IRQ c0=3
DMA IRQ c1=0
DMA IRQ c2=0
DMA IRQ c3=0
SELECT busy=11002
SELECT w0=11002
SELECT w1=5444
SELECT w2=6204
BUSY TASK ewma=997
DMA IRQ c0=3
DMA IRQ c1=0
DMA IRQ c2=0
DMA IRQ c3=0
SELECT busy=11020
SELECT w0=11019
SELECT w1=5453
SELECT w2=6216
BUSY TASK ewma=997
DMA IRQ c0=3
DMA IRQ c1=0
DMA IRQ c2=0
DMA IRQ c3=0
SELECT busy=11040
SELECT w0=11040
SELECT w1=5461
SELECT w2=6226
BUSY TASK ewma=997
DMA IRQ c0=3
DMA IRQ c1=0
DMA IRQ c2=0
DMA IRQ c3=0
SELECT busy=11059
SELECT w0=11058
SELECT w1=5468
SELECT w2=6235
BUSY TASK ewma=997
DMA IRQ c0=3
DMA IRQ c1=0
DMA IRQ c2=0
DMA IRQ c3=0
SELECT busy=11083
SELECT w0=11083
SELECT w1=5481
SELECT w2=6252
BUSY TASK ewma=997
DMA IRQ c0=3
DMA IRQ c1=0
DMA IRQ c2=0
DMA IRQ c3=0
SELECT busy=11102
SELECT w0=11101
SELECT w1=5488
SELECT w2=6261
BUSY TASK ewma=997
DMA IRQ c0=3
DMA IRQ c1=0
DMA IRQ c2=0
DMA IRQ c3=0
SELECT busy=11129
SELECT w0=11131
SELECT w1=5502
SELECT w2=6278
BUSY TASK ewma=997
DMA IRQ c0=3
DMA IRQ c1=0
DMA IRQ c2=0
DMA IRQ c3=0
SELECT busy=11150
SELECT w0=11150
SELECT w1=5510
SELECT w2=6289
BUSY TASK ewma=997
DMA IRQ c0=3
DMA IRQ c1=0
DMA IRQ c2=0
DMA IRQ c3=0
SELECT busy=11170
SELECT w0=11169
SELECT w1=5516
SELECT w2=6296
BUSY TASK ewma=997
DMA IRQ c0=3
DMA IRQ c1=0
DMA IRQ c2=0
DMA IRQ c3=0
SELECT busy=11187
SELECT w0=11187
SELECT w1=5525
SELECT w2=6309
BUSY TASK ewma=997
DMA IRQ c0=3
DMA IRQ c1=0
DMA IRQ c2=0
DMA IRQ c3=0
SELECT busy=11203
SELECT w0=11203
SELECT w1=5531
SELECT w2=6320
BUSY TASK ewma=997
DMA IRQ c0=3
DMA IRQ c1=0
DMA IRQ c2=0
DMA IRQ c3=0
SELECT busy=11224
SELECT w0=11224
SELECT w1=5547
SELECT w2=6338
BUSY TASK ewma=997
DMA IRQ c0=3
DMA IRQ c1=0
DMA IRQ c2=0
DMA IRQ c3=0
SELECT busy=11246
SELECT w0=11246
SELECT w1=5558
SELECT w2=6350
BUSY TASK ewma=997
DMA IRQ c0=3
DMA IRQ c1=0
DMA IRQ c2=0
DMA IRQ c3=0
SELECT busy=11266
SELECT w0=11266
SELECT w1=5569
SELECT w2=6363
BUSY TASK ewma=997
DMA IRQ c0=3
DMA IRQ c1=0
DMA IRQ c2=0
DMA IRQ c3=0
SELECT busy=11287
SELECT w0=11286
SELECT w1=5578
SELECT w2=6374
BUSY TASK ewma=997
DMA IRQ c0=3
DMA IRQ c1=0
DMA IRQ c2=0
DMA IRQ c3=0
SELECT busy=11320
SELECT w0=11319
SELECT w1=5590
SELECT w2=6392
BUSY TASK ewma=997
DMA IRQ c0=3
DMA IRQ c1=0
DMA IRQ c2=0
DMA IRQ c3=0
SELECT busy=11360
SELECT w0=11359
SELECT w1=5608
SELECT w2=6410
BUSY TASK ewma=997
DMA IRQ c0=3
DMA IRQ c1=0
DMA IRQ c2=0
DMA IRQ c3=0
SELECT busy=11380
SELECT w0=11379
SELECT w1=5617
SELECT w2=6423
BUSY TASK ewma=997
DMA IRQ c0=3
DMA IRQ c1=0
DMA IRQ c2=0
DMA IRQ c3=0
SELECT busy=11407
SELECT w0=11407
SELECT w1=5633
SELECT w2=6443
BUSY TASK ewma=997
DMA IRQ c0=3
DMA IRQ c1=0
DMA IRQ c2=0
DMA IRQ c3=0
SELECT busy=11447
SELECT w0=11447
SELECT w1=5653
SELECT w2=6464
BUSY TASK ewma=997
DMA IRQ c0=3
DMA IRQ c1=0
DMA IRQ c2=0
DMA IRQ c3=0
SELECT busy=11476
SELECT w0=11476
SELECT w1=5668
SELECT w2=6483
BUSY TASK ewma=997
DMA IRQ c0=3
DMA IRQ c1=0
DMA IRQ c2=0
DMA IRQ c3=0
SELECT busy=11499
SELECT w0=11498
SELECT w1=5680
SELECT w2=6496
BUSY TASK ewma=997
DMA IRQ c0=3
DMA IRQ c1=0
DMA IRQ c2=0
DMA IRQ c3=0
SELECT busy=11521
SELECT w0=11520
SELECT w1=5690
SELECT w2=6509
BUSY TASK ewma=997
DMA IRQ c0=3
DMA IRQ c1=0
DMA IRQ c2=0
DMA IRQ c3=0
SELECT busy=11548
SELECT w0=11548
SELECT w1=5697
SELECT w2=6516
BUSY TASK ewma=997
DMA IRQ c0=3
DMA IRQ c1=0
DMA IRQ c2=0
DMA IRQ c3=0
SELECT busy=11572
SELECT w0=11572
SELECT w1=5706
SELECT w2=6526
BUSY TASK ewma=997
DMA IRQ c0=3
DMA IRQ c1=0
DMA IRQ c2=0
DMA IRQ c3=0
SELECT busy=11596
SELECT w0=11595
SELECT w1=5714
SELECT w2=6535
BUSY TASK ewma=997
DMA IRQ c0=3
DMA IRQ c1=0
DMA IRQ c2=0
DMA IRQ c3=0
SELECT busy=11627
SELECT w0=11626
SELECT w1=5729
SELECT w2=6551
BUSY TASK ewma=997
IRQ counts: cpu0=23298 cpu1=26034 cpu2=26306 cpu3=26219
SCHED secondaries: calls=78577 unexpected=0
SECTEST switches=78561 cpu1=261429791,253992094 cpu2=226446605,218381514 cpu3=315876799,299621303
PINGPONG rounds=2000 pongs=2000
DMA IRQ c0=3
DMA IRQ c1=0
DMA IRQ c2=0
DMA IRQ c3=0
SELECT busy=11659
SELECT w0=11658
SELECT w1=5744
SELECT w2=6571
BUSY TASK ewma=997
DMA IRQ c0=3
DMA IRQ c1=0
DMA IRQ c2=0
DMA IRQ c3=0
SELECT busy=11680
SELECT w0=11680
SELECT w1=5750
SELECT w2=6580
BUSY TASK ewma=997
DMA IRQ c0=3
DMA IRQ c1=0
DMA IRQ c2=0
DMA IRQ c3=0
SELECT busy=11703
SELECT w0=11703
SELECT w1=5761
SELECT w2=6595
BUSY TASK ewma=997
DMA IRQ c0=3
DMA IRQ c1=0
DMA IRQ c2=0
DMA IRQ c3=0
SELECT busy=11724
SELECT w0=11724
SELECT w1=5770
SELECT w2=6606
BUSY TASK ewma=997
DMA IRQ c0=3
DMA IRQ c1=0
DMA IRQ c2=0
DMA IRQ c3=0
SELECT busy=11744
SELECT w0=11743
SELECT w1=5777
SELECT w2=6614
BUSY TASK ewma=997
DMA IRQ c0=3
DMA IRQ c1=0
DMA IRQ c2=0
DMA IRQ c3=0
SELECT busy=11764
SELECT w0=11764
SELECT w1=5787
SELECT w2=6629
BUSY TASK ewma=997
DMA IRQ c0=3
DMA IRQ c1=0
DMA IRQ c2=0
DMA IRQ c3=0
SELECT busy=11781
SELECT w0=11781
SELECT w1=5796
SELECT w2=6640
BUSY TASK ewma=997
DMA IRQ c0=3
DMA IRQ c1=0
DMA IRQ c2=0
DMA IRQ c3=0
SELECT busy=11801
SELECT w0=11800
SELECT w1=5803
SELECT w2=6647
BUSY TASK ewma=997
DMA IRQ c0=3
DMA IRQ c1=0
DMA IRQ c2=0
DMA IRQ c3=0
SELECT busy=11822
SELECT w0=11821
SELECT w1=5813
SELECT w2=6658
BUSY TASK ewma=997
DMA IRQ c0=3
DMA IRQ c1=0
DMA IRQ c2=0
DMA IRQ c3=0
SELECT busy=11836
SELECT w0=11835
SELECT w1=5819
SELECT w2=6666
BUSY TASK ewma=997
DMA IRQ c0=3
DMA IRQ c1=0
DMA IRQ c2=0
DMA IRQ c3=0
SELECT busy=11857
SELECT w0=11857
SELECT w1=5833
SELECT w2=6680
BUSY TASK ewma=997
DMA IRQ c0=3
DMA IRQ c1=0
DMA IRQ c2=0
DMA IRQ c3=0
SELECT busy=11880
SELECT w0=11880
SELECT w1=5846
SELECT w2=6693
BUSY TASK ewma=997
DMA IRQ c0=3
DMA IRQ c1=0
DMA IRQ c2=0
DMA IRQ c3=0
SELECT busy=11900
SELECT w0=11899
SELECT w1=5853
SELECT w2=6704
BUSY TASK ewma=997
DMA IRQ c0=3
DMA IRQ c1=0
DMA IRQ c2=0
DMA IRQ c3=0
SELECT busy=11925
SELECT w0=11924
SELECT w1=5866
SELECT w2=6722
BUSY TASK ewma=997
DMA IRQ c0=3
DMA IRQ c1=0
DMA IRQ c2=0
DMA IRQ c3=0
SELECT busy=11950
SELECT w0=11950
SELECT w1=5879
SELECT w2=6736
BUSY TASK ewma=997
DMA IRQ c0=3
DMA IRQ c1=0
DMA IRQ c2=0
DMA IRQ c3=0
SELECT busy=11969
SELECT w0=11968
SELECT w1=5886
SELECT w2=6746
BUSY TASK ewma=997
DMA IRQ c0=3
DMA IRQ c1=0
DMA IRQ c2=0
DMA IRQ c3=0
SELECT busy=11987
SELECT w0=11986
SELECT w1=5896
SELECT w2=6758
BUSY TASK ewma=997
DMA IRQ c0=3
DMA IRQ c1=0
DMA IRQ c2=0
DMA IRQ c3=0
SELECT busy=12012
SELECT w0=12012
SELECT w1=5908
SELECT w2=6770
BUSY TASK ewma=997
DMA IRQ c0=3
DMA IRQ c1=0
DMA IRQ c2=0
DMA IRQ c3=0
SELECT busy=12025
SELECT w0=12025
SELECT w1=5916
SELECT w2=6780
BUSY TASK ewma=997
DMA IRQ c0=3
DMA IRQ c1=0
DMA IRQ c2=0
DMA IRQ c3=0
SELECT busy=12042
SELECT w0=12042
SELECT w1=5925
SELECT w2=6791
BUSY TASK ewma=997
DMA IRQ c0=3
DMA IRQ c1=0
DMA IRQ c2=0
DMA IRQ c3=0
SELECT busy=12058
SELECT w0=12058
SELECT w1=5934
SELECT w2=6801
BUSY TASK ewma=997
DMA IRQ c0=3
DMA IRQ c1=0
DMA IRQ c2=0
DMA IRQ c3=0
SELECT busy=12073
SELECT w0=12073
SELECT w1=5941
SELECT w2=6810
BUSY TASK ewma=997
DMA IRQ c0=3
DMA IRQ c1=0
DMA IRQ c2=0
DMA IRQ c3=0
SELECT busy=12098
SELECT w0=12097
SELECT w1=5950
SELECT w2=6821
BUSY TASK ewma=997
DMA IRQ c0=3
DMA IRQ c1=0
DMA IRQ c2=0
DMA IRQ c3=0
SELECT busy=12120
SELECT w0=12121
SELECT w1=5962
SELECT w2=6834
BUSY TASK ewma=997
DMA IRQ c0=3
DMA IRQ c1=0
DMA IRQ c2=0
DMA IRQ c3=0
SELECT busy=12143
SELECT w0=12143
SELECT w1=5972
SELECT w2=6847
BUSY TASK ewma=997
DMA IRQ c0=3
DMA IRQ c1=0
DMA IRQ c2=0
DMA IRQ c3=0
SELECT busy=12168
SELECT w0=12168
SELECT w1=5983
SELECT w2=6863
BUSY TASK ewma=997
DMA IRQ c0=3
DMA IRQ c1=0
DMA IRQ c2=0
DMA IRQ c3=0
SELECT busy=12188
SELECT w0=12188
SELECT w1=5993
SELECT w2=6879
BUSY TASK ewma=997
DMA IRQ c0=3
DMA IRQ c1=0
DMA IRQ c2=0
DMA IRQ c3=0
SELECT busy=12204
SELECT w0=12204
SELECT w1=6000
SELECT w2=6888
BUSY TASK ewma=997
DMA IRQ c0=3
DMA IRQ c1=0
DMA IRQ c2=0
DMA IRQ c3=0
SELECT busy=12221
SELECT w0=12220
SELECT w1=6005
SELECT w2=6896
BUSY TASK ewma=997
DMA IRQ c0=3
DMA IRQ c1=0
DMA IRQ c2=0
DMA IRQ c3=0
SELECT busy=12238
SELECT w0=12237
SELECT w1=6011
SELECT w2=6904
BUSY TASK ewma=997
DMA IRQ c0=3
DMA IRQ c1=0
DMA IRQ c2=0
DMA IRQ c3=0
SELECT busy=12254
SELECT w0=12253
SELECT w1=6018
SELECT w2=6912
BUSY TASK ewma=997
DMA IRQ c0=3
DMA IRQ c1=0
DMA IRQ c2=0
DMA IRQ c3=0
SELECT busy=12269
SELECT w0=12268
SELECT w1=6025
SELECT w2=6922
BUSY TASK ewma=997
DMA IRQ c0=3
DMA IRQ c1=0
DMA IRQ c2=0
DMA IRQ c3=0
SELECT busy=12285
SELECT w0=12285
SELECT w1=6032
SELECT w2=6932
BUSY TASK ewma=997
DMA IRQ c0=3
DMA IRQ c1=0
DMA IRQ c2=0
DMA IRQ c3=0
SELECT busy=12302
SELECT w0=12302
SELECT w1=6041
SELECT w2=6944
BUSY TASK ewma=997
DMA IRQ c0=3
DMA IRQ c1=0
DMA IRQ c2=0
DMA IRQ c3=0
SELECT busy=12325
SELECT w0=12324
SELECT w1=6054
SELECT w2=6958
BUSY TASK ewma=997
DMA IRQ c0=3
DMA IRQ c1=0
DMA IRQ c2=0
DMA IRQ c3=0
SELECT busy=12344
SELECT w0=12345
SELECT w1=6067
SELECT w2=6969
BUSY TASK ewma=997
DMA IRQ c0=3
DMA IRQ c1=0
DMA IRQ c2=0
DMA IRQ c3=0
SELECT busy=12367
SELECT w0=12366
SELECT w1=6077
SELECT w2=6981
BUSY TASK ewma=997
DMA IRQ c0=3
DMA IRQ c1=0
DMA IRQ c2=0
DMA IRQ c3=0
SELECT busy=12390
SELECT w0=12389
SELECT w1=6089
SELECT w2=6995
BUSY TASK ewma=997
DMA IRQ c0=3
DMA IRQ c1=0
DMA IRQ c2=0
DMA IRQ c3=0
SELECT busy=12418
SELECT w0=12418
SELECT w1=6102
SELECT w2=7009
BUSY TASK ewma=997
DMA IRQ c0=3
DMA IRQ c1=0
DMA IRQ c2=0
DMA IRQ c3=0
SELECT busy=12446
SELECT w0=12446
SELECT w1=6116
SELECT w2=7026
BUSY TASK ewma=997
DMA IRQ c0=3
DMA IRQ c1=0
DMA IRQ c2=0
DMA IRQ c3=0
SELECT busy=12470
SELECT w0=12470
SELECT w1=6126
SELECT w2=7039
BUSY TASK ewma=997
DMA IRQ c0=3
DMA IRQ c1=0
DMA IRQ c2=0
DMA IRQ c3=0
SELECT busy=12485
SELECT w0=12484
SELECT w1=6131
SELECT w2=7046
BUSY TASK ewma=997
DMA IRQ c0=3
DMA IRQ c1=0
DMA IRQ c2=0
DMA IRQ c3=0
SELECT busy=12509
SELECT w0=12508
SELECT w1=6144
SELECT w2=7062
BUSY TASK ewma=997
DMA IRQ c0=3
DMA IRQ c1=0
DMA IRQ c2=0
DMA IRQ c3=0
SELECT busy=12534
SELECT w0=12534
SELECT w1=6155
SELECT w2=7081
BUSY TASK ewma=997
DMA IRQ c0=3
DMA IRQ c1=0
DMA IRQ c2=0
DMA IRQ c3=0
SELECT busy=12563
SELECT w0=12562
SELECT w1=6168
SELECT w2=7098
BUSY TASK ewma=997
DMA IRQ c0=3
DMA IRQ c1=0
DMA IRQ c2=0
DMA IRQ c3=0
SELECT busy=12598
SELECT w0=12598
SELECT w1=6184
SELECT w2=7116
BUSY TASK ewma=997
DMA IRQ c0=3
DMA IRQ c1=0
DMA IRQ c2=0
DMA IRQ c3=0
SELECT busy=12624
SELECT w0=12624
SELECT w1=6195
SELECT w2=7131
BUSY TASK ewma=997
DMA IRQ c0=3
DMA IRQ c1=0
DMA IRQ c2=0
DMA IRQ c3=0
SELECT busy=12663
SELECT w0=12663
SELECT w1=6211
SELECT w2=7150
BUSY TASK ewma=997
DMA IRQ c0=3
DMA IRQ c1=0
DMA IRQ c2=0
DMA IRQ c3=0
SELECT busy=12688
SELECT w0=12688
SELECT w1=6221
SELECT w2=7164
BUSY TASK ewma=997
DMA IRQ c0=3
DMA IRQ c1=0
DMA IRQ c2=0
DMA IRQ c3=0
SELECT busy=12708
SELECT w0=12707
SELECT w1=6229
SELECT w2=7174
BUSY TASK ewma=997
DMA IRQ c0=3
DMA IRQ c1=0
DMA IRQ c2=0
DMA IRQ c3=0
SELECT busy=12732
SELECT w0=12731
SELECT w1=6239
SELECT w2=7186
BUSY TASK ewma=997
DMA IRQ c0=3
DMA IRQ c1=0
DMA IRQ c2=0
DMA IRQ c3=0
SELECT busy=12756
SELECT w0=12757
SELECT w1=6246
SELECT w2=7196
BUSY TASK ewma=997
DMA IRQ c0=3
DMA IRQ c1=0
DMA IRQ c2=0
DMA IRQ c3=0
SELECT busy=12799
SELECT w0=12799
SELECT w1=6263
SELECT w2=7214
BUSY TASK ewma=997
DMA IRQ c0=3
DMA IRQ c1=0
DMA IRQ c2=0
DMA IRQ c3=0
SELECT busy=12834
SELECT w0=12834
SELECT w1=6282
SELECT w2=7237
BUSY TASK ewma=997
DMA IRQ c0=3
DMA IRQ c1=0
DMA IRQ c2=0
DMA IRQ c3=0
SELECT busy=12857
SELECT w0=12856
SELECT w1=6292
SELECT w2=7248
BUSY TASK ewma=997
DMA IRQ c0=3
DMA IRQ c1=0
DMA IRQ c2=0
DMA IRQ c3=0
SELECT busy=12878
SELECT w0=12877
SELECT w1=6298
SELECT w2=7256
BUSY TASK ewma=997
DMA IRQ c0=3
DMA IRQ c1=0
DMA IRQ c2=0
DMA IRQ c3=0
SELECT busy=12897
SELECT w0=12897
SELECT w1=6303
SELECT w2=7263
BUSY TASK ewma=997
DMA IRQ c0=3
DMA IRQ c1=0
DMA IRQ c2=0
DMA IRQ c3=0
SELECT busy=12920
SELECT w0=12919
SELECT w1=6310
SELECT w2=7271
BUSY TASK ewma=997
DMA IRQ c0=3
DMA IRQ c1=0
DMA IRQ c2=0
DMA IRQ c3=0
SELECT busy=12951
SELECT w0=12951
SELECT w1=6324
SELECT w2=7293
BUSY TASK ewma=997
DMA IRQ c0=3
DMA IRQ c1=0
DMA IRQ c2=0
DMA IRQ c3=0
SELECT busy=12988
SELECT w0=12987
SELECT w1=6339
SELECT w2=7310
BUSY TASK ewma=997
DMA IRQ c0=3
DMA IRQ c1=0
DMA IRQ c2=0
DMA IRQ c3=0
SELECT busy=13018
SELECT w0=13018
SELECT w1=6355
SELECT w2=7328
BUSY TASK ewma=997
DMA IRQ c0=3
DMA IRQ c1=0
DMA IRQ c2=0
DMA IRQ c3=0
SELECT busy=13045
SELECT w0=13045
SELECT w1=6366
SELECT w2=7343
BUSY TASK ewma=997
DMA IRQ c0=3
DMA IRQ c1=0
DMA IRQ c2=0
DMA IRQ c3=0
SELECT busy=13073
SELECT w0=13073
SELECT w1=6381
SELECT w2=7365
BUSY TASK ewma=997
DMA IRQ c0=3
DMA IRQ c1=0
DMA IRQ c2=0
DMA IRQ c3=0
SELECT busy=13098
SELECT w0=13098
SELECT w1=6394
SELECT w2=7382
BUSY TASK ewma=997
IRQ counts: cpu0=26246 cpu1=29366 cpu2=29625 cpu3=29571
SCHED secondaries: calls=88562 unexpected=0
SECTEST switches=88550 cpu1=292187519,283622067 cpu2=254884493,245377921 cpu3=356557486,338433613
PINGPONG rounds=2000 pongs=2000
DMA IRQ c0=3
DMA IRQ c1=0
DMA IRQ c2=0
DMA IRQ c3=0
SELECT busy=13137
SELECT w0=13137
SELECT w1=6415
SELECT w2=7404
BUSY TASK ewma=997
DMA IRQ c0=3
DMA IRQ c1=0
DMA IRQ c2=0
DMA IRQ c3=0
SELECT busy=13173
SELECT w0=13173
SELECT w1=6432
SELECT w2=7423
BUSY TASK ewma=997
DMA IRQ c0=3
DMA IRQ c1=0
DMA IRQ c2=0
DMA IRQ c3=0
SELECT busy=13212
SELECT w0=13213
SELECT w1=6446
SELECT w2=7441
BUSY TASK ewma=997
DMA IRQ c0=3
DMA IRQ c1=0
DMA IRQ c2=0
DMA IRQ c3=0
SELECT busy=13253
SELECT w0=13253
SELECT w1=6468
SELECT w2=7464
BUSY TASK ewma=997
DMA IRQ c0=3
DMA IRQ c1=0
DMA IRQ c2=0
DMA IRQ c3=0
SELECT busy=13293
SELECT w0=13293
SELECT w1=6484
SELECT w2=7486
BUSY TASK ewma=997
DMA IRQ c0=3
DMA IRQ c1=0
DMA IRQ c2=0
DMA IRQ c3=0
SELECT busy=13330
SELECT w0=13330
SELECT w1=6500
SELECT w2=7507
BUSY TASK ewma=997
DMA IRQ c0=3
DMA IRQ c1=0
DMA IRQ c2=0
DMA IRQ c3=0
SELECT busy=13351
SELECT w0=13350
SELECT w1=6509
SELECT w2=7520
BUSY TASK ewma=997
DMA IRQ c0=3
DMA IRQ c1=0
DMA IRQ c2=0
DMA IRQ c3=0
SELECT busy=13373
SELECT w0=13373
SELECT w1=6520
SELECT w2=7534
BUSY TASK ewma=997
DMA IRQ c0=3
DMA IRQ c1=0
DMA IRQ c2=0
DMA IRQ c3=0
SELECT busy=13389
SELECT w0=13389
SELECT w1=6527
SELECT w2=7545
BUSY TASK ewma=997
DMA IRQ c0=3
DMA IRQ c1=0
DMA IRQ c2=0
DMA IRQ c3=0
SELECT busy=13407
SELECT w0=13407
SELECT w1=6541
SELECT w2=7558
BUSY TASK ewma=997
DMA IRQ c0=3
DMA IRQ c1=0
DMA IRQ c2=0
DMA IRQ c3=0
SELECT busy=13427
SELECT w0=13427
SELECT w1=6550
SELECT w2=7570
BUSY TASK ewma=997
DMA IRQ c0=3
DMA IRQ c1=0
DMA IRQ c2=0
DMA IRQ c3=0
SELECT busy=13445
SELECT w0=13445
SELECT w1=6561
SELECT w2=7582
BUSY TASK ewma=997
DMA IRQ c0=3
DMA IRQ c1=0
DMA IRQ c2=0
DMA IRQ c3=0
SELECT busy=13460
SELECT w0=13459
SELECT w1=6568
SELECT w2=7591
BUSY TASK ewma=997
DMA IRQ c0=3
DMA IRQ c1=0
DMA IRQ c2=0
DMA IRQ c3=0
SELECT busy=13484
SELECT w0=13483
SELECT w1=6578
SELECT w2=7602
BUSY TASK ewma=997
DMA IRQ c0=3
DMA IRQ c1=0
DMA IRQ c2=0
DMA IRQ c3=0
SELECT busy=13499
SELECT w0=13498
SELECT w1=6586
SELECT w2=7612
BUSY TASK ewma=997
DMA IRQ c0=3
DMA IRQ c1=0
DMA IRQ c2=0
DMA IRQ c3=0
SELECT busy=13514
SELECT w0=13514
SELECT w1=6593
SELECT w2=7620
BUSY TASK ewma=997
DMA IRQ c0=3
DMA IRQ c1=0
DMA IRQ c2=0
DMA IRQ c3=0
SELECT busy=13534
SELECT w0=13534
SELECT w1=6603
SELECT w2=7633
BUSY TASK ewma=997
DMA IRQ c0=3
DMA IRQ c1=0
DMA IRQ c2=0
DMA IRQ c3=0
SELECT busy=13552
SELECT w0=13552
SELECT w1=6617
SELECT w2=7646
BUSY TASK ewma=997
DMA IRQ c0=3
DMA IRQ c1=0
DMA IRQ c2=0
DMA IRQ c3=0
SELECT busy=13575
SELECT w0=13574
SELECT w1=6624
SELECT w2=7655
BUSY TASK ewma=997
DMA IRQ c0=3
DMA IRQ c1=0
DMA IRQ c2=0
DMA IRQ c3=0
SELECT busy=13592
SELECT w0=13592
SELECT w1=6633
SELECT w2=7666
BUSY TASK ewma=997
DMA IRQ c0=3
DMA IRQ c1=0
DMA IRQ c2=0
DMA IRQ c3=0
SELECT busy=13610
SELECT w0=13609
SELECT w1=6640
SELECT w2=7676
BUSY TASK ewma=997
DMA IRQ c0=3
DMA IRQ c1=0
DMA IRQ c2=0
DMA IRQ c3=0
SELECT busy=13624
SELECT w0=13624
SELECT w1=6650
SELECT w2=7685
BUSY TASK ewma=997
DMA IRQ c0=3
DMA IRQ c1=0
DMA IRQ c2=0
DMA IRQ c3=0
SELECT busy=13641
SELECT w0=13641
SELECT w1=6661
SELECT w2=7698
BUSY TASK ewma=997
DMA IRQ c0=3
DMA IRQ c1=0
DMA IRQ c2=0
DMA IRQ c3=0
SELECT busy=13667
SELECT w0=13667
SELECT w1=6673
SELECT w2=7712
BUSY TASK ewma=997
DMA IRQ c0=3
DMA IRQ c1=0
DMA IRQ c2=0
DMA IRQ c3=0
SELECT busy=13686
SELECT w0=13686
SELECT w1=6682
SELECT w2=7725
BUSY TASK ewma=997
DMA IRQ c0=3
DMA IRQ c1=0
DMA IRQ c2=0
DMA IRQ c3=0
SELECT busy=13709
SELECT w0=13708
SELECT w1=6689
SELECT w2=7737
BUSY TASK ewma=997
DMA IRQ c0=3
DMA IRQ c1=0
DMA IRQ c2=0
DMA IRQ c3=0
SELECT busy=13734
SELECT w0=13733
SELECT w1=6698
SELECT w2=7748
BUSY TASK ewma=997
DMA IRQ c0=3
DMA IRQ c1=0
DMA IRQ c2=0
DMA IRQ c3=0
SELECT busy=13762
SELECT w0=13762
SELECT w1=6710
SELECT w2=7763
BUSY TASK ewma=997
DMA IRQ c0=3
DMA IRQ c1=0
DMA IRQ c2=0
DMA IRQ c3=0
SELECT busy=13786
SELECT w0=13785
SELECT w1=6720
SELECT w2=7778
BUSY TASK ewma=997
DMA IRQ c0=3
DMA IRQ c1=0
DMA IRQ c2=0
DMA IRQ c3=0
SELECT busy=13825
SELECT w0=13824
SELECT w1=6738
SELECT w2=7800
BUSY TASK ewma=997
DMA IRQ c0=3
DMA IRQ c1=0
DMA IRQ c2=0
DMA IRQ c3=0
SELECT busy=13850
SELECT w0=13850
SELECT w1=6751
SELECT w2=7814
BUSY TASK ewma=997
DMA IRQ c0=3
DMA IRQ c1=0
DMA IRQ c2=0
DMA IRQ c3=0
SELECT busy=13867
SELECT w0=13867
SELECT w1=6758
SELECT w2=7825
BUSY TASK ewma=997
DMA IRQ c0=3
DMA IRQ c1=0
DMA IRQ c2=0
DMA IRQ c3=0
SELECT busy=13883
SELECT w0=13883
SELECT w1=6765
SELECT w2=7835
BUSY TASK ewma=997
DMA IRQ c0=3
DMA IRQ c1=0
DMA IRQ c2=0
DMA IRQ c3=0
SELECT busy=13898
SELECT w0=13897
SELECT w1=6772
SELECT w2=7842
BUSY TASK ewma=997
DMA IRQ c0=3
DMA IRQ c1=0
DMA IRQ c2=0
DMA IRQ c3=0
SELECT busy=13912
SELECT w0=13912
SELECT w1=6779
SELECT w2=7853
BUSY TASK ewma=997
DMA IRQ c0=3
DMA IRQ c1=0
DMA IRQ c2=0
DMA IRQ c3=0
SELECT busy=13930
SELECT w0=13930
SELECT w1=6787
SELECT w2=7861
BUSY TASK ewma=997
DMA IRQ c0=3
DMA IRQ c1=0
DMA IRQ c2=0
DMA IRQ c3=0
SELECT busy=13945
SELECT w0=13945
SELECT w1=6795
SELECT w2=7871
BUSY TASK ewma=997
DMA IRQ c0=3
DMA IRQ c1=0
DMA IRQ c2=0
DMA IRQ c3=0
SELECT busy=13968
SELECT w0=13967
SELECT w1=6804
SELECT w2=7881
BUSY TASK ewma=997
DMA IRQ c0=3
DMA IRQ c1=0
DMA IRQ c2=0
DMA IRQ c3=0
SELECT busy=13988
SELECT w0=13987
SELECT w1=6811
SELECT w2=7891
BUSY TASK ewma=997
DMA IRQ c0=3
DMA IRQ c1=0
DMA IRQ c2=0
DMA IRQ c3=0
SELECT busy=14011
SELECT w0=14011
SELECT w1=6822
SELECT w2=7902
BUSY TASK ewma=997
DMA IRQ c0=3
DMA IRQ c1=0
DMA IRQ c2=0
DMA IRQ c3=0
SELECT busy=14031
SELECT w0=14030
SELECT w1=6830
SELECT w2=7912
BUSY TASK ewma=997
DMA IRQ c0=3
DMA IRQ c1=0
DMA IRQ c2=0
DMA IRQ c3=0
SELECT busy=14051
SELECT w0=14051
SELECT w1=6843
SELECT w2=7925
BUSY TASK ewma=997
DMA IRQ c0=3
DMA IRQ c1=0
DMA IRQ c2=0
DMA IRQ c3=0
SELECT busy=14072
SELECT w0=14072
SELECT w1=6852
SELECT w2=7936
BUSY TASK ewma=997
DMA IRQ c0=3
DMA IRQ c1=0
DMA IRQ c2=0
DMA IRQ c3=0
SELECT busy=14093
SELECT w0=14094
SELECT w1=6862
SELECT w2=7951
BUSY TASK ewma=997
DMA IRQ c0=3
DMA IRQ c1=0
DMA IRQ c2=0
DMA IRQ c3=0
SELECT busy=14108
SELECT w0=14107
SELECT w1=6868
SELECT w2=7960
BUSY TASK ewma=997
DMA IRQ c0=3
DMA IRQ c1=0
DMA IRQ c2=0
DMA IRQ c3=0
SELECT busy=14129
SELECT w0=14129
SELECT w1=6881
SELECT w2=7975
BUSY TASK ewma=997
DMA IRQ c0=3
DMA IRQ c1=0
DMA IRQ c2=0
DMA IRQ c3=0
SELECT busy=14149
SELECT w0=14149
SELECT w1=6891
SELECT w2=7985
BUSY TASK ewma=997
DMA IRQ c0=3
DMA IRQ c1=0
DMA IRQ c2=0
DMA IRQ c3=0
SELECT busy=14165
SELECT w0=14165
SELECT w1=6899
SELECT w2=7998
BUSY TASK ewma=997
DMA IRQ c0=3
DMA IRQ c1=0
DMA IRQ c2=0
DMA IRQ c3=0
SELECT busy=14186
SELECT w0=14186
SELECT w1=6913
SELECT w2=8016
BUSY TASK ewma=997
DMA IRQ c0=3
DMA IRQ c1=0
DMA IRQ c2=0
DMA IRQ c3=0
SELECT busy=14218
SELECT w0=14218
SELECT w1=6927
SELECT w2=8033
BUSY TASK ewma=997
DMA IRQ c0=3
DMA IRQ c1=0
DMA IRQ c2=0
DMA IRQ c3=0
SELECT busy=14241
qemu-system-aarch64: terminating on signal 15 from pid 260240 (timeout)
