P4 M7: full integration test boot OK
CPU0: MPIDR_EL1=0x0000000080000000
CPU0: psci_cpu_on target=1 rc=0
CPU1: alive, MPIDR_EL1=0x0000000080000001 this_cpu()->cpu_id=1
CPU0: psci_cpu_on target=2 rc=0
CPU2: alive, MPIDR_EL1=0x0000000080000002 this_cpu()->cpu_id=2
CPU0: psci_cpu_on target=3 rc=0
CPU3: alive, MPIDR_EL1=0x0000000080000003 this_cpu()->cpu_id=3
CPUs online: 4
D2b: worker 1 runs on CPU1
D2b: worker 0 runs on CPU0
D2b: worker 2 runs on CPU2
P4 M7: worker submitted cmd_id=2
P4 M7: worker submitted cmd_id=3
P4 M7: worker submitted cmd_id=1
BUSY TASK ewma=997
DMA IRQ c0=0
DMA IRQ c1=0
DMA IRQ c2=0
DMA IRQ c3=0
SELECT busy=22
SELECT w0=5
SELECT w1=5
SELECT w2=5
P4 M7: worker DATA OK, cmd_id=1
WORKER ewma=831
BUSY TASK ewma=997
DMA IRQ c0=2
P4 M7: worker DATA OK, cmd_id=2
P4 M7: worker DATA OK, cmd_id=3
WORKER ewma=831
WORKER ewma=881
DMA IRQ c1=0
DMA IRQ c2=0
DMA IRQ c3=0
SELECT busy=50
SELECT w0=20
SELECT w1=250
SELECT w2=30
BUSY TASK ewma=997
DMA IRQ c0=2
DMA IRQ c1=0
DMA IRQ c2=0
DMA IRQ c3=0
SELECT busy=81
SELECT w0=50
SELECT w1=287
SELECT w2=67
BUSY TASK ewma=997
DMA IRQ c0=2
DMA IRQ c1=0
DMA IRQ c2=0
DMA IRQ c3=0
SELECT busy=109
SELECT w0=79
SELECT w1=334
SELECT w2=116
BUSY TASK ewma=997
DMA IRQ c0=2
DMA IRQ c1=0
DMA IRQ c2=0
DMA IRQ c3=0
SELECT busy=134
SELECT w0=105
SELECT w1=383
SELECT w2=164
BUSY TASK ewma=997
DMA IRQ c0=2
DMA IRQ c1=0
DMA IRQ c2=0
DMA IRQ c3=0
SELECT busy=158
SELECT w0=128
SELECT w1=406
SELECT w2=191
BUSY TASK ewma=997
DMA IRQ c0=2
DMA IRQ c1=0
DMA IRQ c2=0
DMA IRQ c3=0
SELECT busy=182
SELECT w0=152
SELECT w1=420
SELECT w2=206
BUSY TASK ewma=997
DMA IRQ c0=2
DMA IRQ c1=0
DMA IRQ c2=0
DMA IRQ c3=0
SELECT busy=216
SELECT w0=185
SELECT w1=447
SELECT w2=232
BUSY TASK ewma=997
DMA IRQ c0=2
DMA IRQ c1=0
DMA IRQ c2=0
DMA IRQ c3=0
SELECT busy=241
SELECT w0=211
SELECT w1=459
SELECT w2=247
BUSY TASK ewma=997
DMA IRQ c0=2
DMA IRQ c1=0
DMA IRQ c2=0
DMA IRQ c3=0
SELECT busy=268
SELECT w0=238
SELECT w1=472
SELECT w2=262
BUSY TASK ewma=997
DMA IRQ c0=2
DMA IRQ c1=0
DMA IRQ c2=0
DMA IRQ c3=0
SELECT busy=302
SELECT w0=272
SELECT w1=486
SELECT w2=275
BUSY TASK ewma=997
DMA IRQ c0=2
DMA IRQ c1=0
DMA IRQ c2=0
DMA IRQ c3=0
SELECT busy=345
SELECT w0=315
SELECT w1=513
SELECT w2=307
BUSY TASK ewma=997
DMA IRQ c0=2
DMA IRQ c1=0
DMA IRQ c2=0
DMA IRQ c3=0
SELECT busy=379
SELECT w0=348
SELECT w1=534
SELECT w2=327
BUSY TASK ewma=997
DMA IRQ c0=2
DMA IRQ c1=0
DMA IRQ c2=0
DMA IRQ c3=0
SELECT busy=400
SELECT w0=371
SELECT w1=549
SELECT w2=339
BUSY TASK ewma=997
DMA IRQ c0=2
DMA IRQ c1=0
DMA IRQ c2=0
DMA IRQ c3=0
SELECT busy=422
SELECT w0=392
SELECT w1=565
SELECT w2=350
BUSY TASK ewma=997
DMA IRQ c0=2
DMA IRQ c1=0
DMA IRQ c2=0
DMA IRQ c3=0
SELECT busy=454
SELECT w0=424
SELECT w1=584
SELECT w2=372
BUSY TASK ewma=997
DMA IRQ c0=2
DMA IRQ c1=0
DMA IRQ c2=0
DMA IRQ c3=0
SELECT busy=489
SELECT w0=461
SELECT w1=606
SELECT w2=393
BUSY TASK ewma=997
DMA IRQ c0=2
DMA IRQ c1=0
DMA IRQ c2=0
DMA IRQ c3=0
SELECT busy=513
SELECT w0=483
SELECT w1=621
SELECT w2=406
BUSY TASK ewma=997
DMA IRQ c0=2
DMA IRQ c1=0
DMA IRQ c2=0
DMA IRQ c3=0
SELECT busy=539
SELECT w0=508
SELECT w1=637
SELECT w2=424
BUSY TASK ewma=997
DMA IRQ c0=2
DMA IRQ c1=0
DMA IRQ c2=0
DMA IRQ c3=0
SELECT busy=569
SELECT w0=539
SELECT w1=657
SELECT w2=441
BUSY TASK ewma=997
DMA IRQ c0=2
DMA IRQ c1=0
DMA IRQ c2=0
DMA IRQ c3=0
SELECT busy=596
SELECT w0=565
SELECT w1=673
SELECT w2=457
BUSY TASK ewma=997
DMA IRQ c0=2
DMA IRQ c1=0
DMA IRQ c2=0
DMA IRQ c3=0
SELECT busy=613
SELECT w0=583
SELECT w1=682
SELECT w2=466
BUSY TASK ewma=997
DMA IRQ c0=2
DMA IRQ c1=0
DMA IRQ c2=0
DMA IRQ c3=0
SELECT busy=637
SELECT w0=607
SELECT w1=694
SELECT w2=480
BUSY TASK ewma=997
DMA IRQ c0=2
DMA IRQ c1=0
DMA IRQ c2=0
DMA IRQ c3=0
SELECT busy=653
SELECT w0=622
SELECT w1=703
SELECT w2=488
BUSY TASK ewma=997
DMA IRQ c0=2
DMA IRQ c1=0
DMA IRQ c2=0
DMA IRQ c3=0
SELECT busy=672
SELECT w0=641
SELECT w1=711
SELECT w2=499
BUSY TASK ewma=997
DMA IRQ c0=2
DMA IRQ c1=0
DMA IRQ c2=0
DMA IRQ c3=0
SELECT busy=695
SELECT w0=664
SELECT w1=722
SELECT w2=512
BUSY TASK ewma=997
DMA IRQ c0=2
DMA IRQ c1=0
DMA IRQ c2=0
DMA IRQ c3=0
SELECT busy=715
SELECT w0=684
SELECT w1=729
SELECT w2=518
BUSY TASK ewma=997
DMA IRQ c0=2
DMA IRQ c1=0
DMA IRQ c2=0
DMA IRQ c3=0
SELECT busy=738
SELECT w0=708
SELECT w1=741
SELECT w2=532
BUSY TASK ewma=997
DMA IRQ c0=2
DMA IRQ c1=0
DMA IRQ c2=0
DMA IRQ c3=0
SELECT busy=763
SELECT w0=732
SELECT w1=750
SELECT w2=542
BUSY TASK ewma=997
DMA IRQ c0=2
DMA IRQ c1=0
DMA IRQ c2=0
DMA IRQ c3=0
SELECT busy=790
SELECT w0=760
SELECT w1=763
SELECT w2=558
BUSY TASK ewma=997
DMA IRQ c0=2
DMA IRQ c1=0
DMA IRQ c2=0
DMA IRQ c3=0
SELECT busy=810
SELECT w0=779
SELECT w1=770
SELECT w2=564
BUSY TASK ewma=997
DMA IRQ c0=2
DMA IRQ c1=0
DMA IRQ c2=0
DMA IRQ c3=0
SELECT busy=832
SELECT w0=801
SELECT w1=783
SELECT w2=575
BUSY TASK ewma=997
DMA IRQ c0=2
DMA IRQ c1=0
DMA IRQ c2=0
DMA IRQ c3=0
SELECT busy=848
SELECT w0=818
SELECT w1=791
SELECT w2=583
BUSY TASK ewma=997
DMA IRQ c0=2
DMA IRQ c1=0
DMA IRQ c2=0
DMA IRQ c3=0
SELECT busy=867
SELECT w0=837
SELECT w1=803
SELECT w2=601
BUSY TASK ewma=997
DMA IRQ c0=2
DMA IRQ c1=0
DMA IRQ c2=0
DMA IRQ c3=0
SELECT busy=886
SELECT w0=856
SELECT w1=815
SELECT w2=617
BUSY TASK ewma=997
DMA IRQ c0=2
DMA IRQ c1=0
DMA IRQ c2=0
DMA IRQ c3=0
SELECT busy=908
SELECT w0=879
SELECT w1=835
SELECT w2=635
BUSY TASK ewma=997
DMA IRQ c0=2
DMA IRQ c1=0
DMA IRQ c2=0
DMA IRQ c3=0
SELECT busy=938
SELECT w0=908
SELECT w1=851
SELECT w2=653
BUSY TASK ewma=997
DMA IRQ c0=2
DMA IRQ c1=0
DMA IRQ c2=0
DMA IRQ c3=0
SELECT busy=956
SELECT w0=925
SELECT w1=864
SELECT w2=665
BUSY TASK ewma=997
DMA IRQ c0=2
DMA IRQ c1=0
DMA IRQ c2=0
DMA IRQ c3=0
SELECT busy=974
SELECT w0=944
SELECT w1=887
SELECT w2=681
BUSY TASK ewma=997
DMA IRQ c0=2
DMA IRQ c1=0
DMA IRQ c2=0
DMA IRQ c3=0
SELECT busy=1003
SELECT w0=973
SELECT w1=907
SELECT w2=704
BUSY TASK ewma=997
DMA IRQ c0=2
DMA IRQ c1=0
DMA IRQ c2=0
DMA IRQ c3=0
SELECT busy=1022
SELECT w0=991
SELECT w1=921
SELECT w2=711
BUSY TASK ewma=997
DMA IRQ c0=2
DMA IRQ c1=0
DMA IRQ c2=0
DMA IRQ c3=0
SELECT busy=1041
SELECT w0=1012
SELECT w1=936
SELECT w2=725
BUSY TASK ewma=997
DMA IRQ c0=2
DMA IRQ c1=0
DMA IRQ c2=0
DMA IRQ c3=0
SELECT busy=1062
SELECT w0=1032
SELECT w1=947
SELECT w2=738
BUSY TASK ewma=997
DMA IRQ c0=2
DMA IRQ c1=0
DMA IRQ c2=0
DMA IRQ c3=0
SELECT busy=1087
SELECT w0=1057
SELECT w1=965
SELECT w2=759
BUSY TASK ewma=997
DMA IRQ c0=2
DMA IRQ c1=0
DMA IRQ c2=0
DMA IRQ c3=0
SELECT busy=1109
SELECT w0=1079
SELECT w1=980
SELECT w2=775
BUSY TASK ewma=997
DMA IRQ c0=2
DMA IRQ c1=0
DMA IRQ c2=0
DMA IRQ c3=0
SELECT busy=1134
SELECT w0=1105
SELECT w1=1000
SELECT w2=790
BUSY TASK ewma=997
DMA IRQ c0=2
DMA IRQ c1=0
DMA IRQ c2=0
DMA IRQ c3=0
SELECT busy=1166
SELECT w0=1136
SELECT w1=1016
SELECT w2=806
BUSY TASK ewma=997
DMA IRQ c0=2
DMA IRQ c1=0
DMA IRQ c2=0
DMA IRQ c3=0
SELECT busy=1186
SELECT w0=1158
SELECT w1=1031
SELECT w2=820
BUSY TASK ewma=997
DMA IRQ c0=2
DMA IRQ c1=0
DMA IRQ c2=0
DMA IRQ c3=0
SELECT busy=1212
SELECT w0=1182
SELECT w1=1049
SELECT w2=843
BUSY TASK ewma=997
DMA IRQ c0=2
DMA IRQ c1=0
DMA IRQ c2=0
DMA IRQ c3=0
SELECT busy=1240
SELECT w0=1209
SELECT w1=1062
SELECT w2=855
BUSY TASK ewma=997
DMA IRQ c0=2
DMA IRQ c1=0
DMA IRQ c2=0
DMA IRQ c3=0
SELECT busy=1260
SELECT w0=1229
SELECT w1=1076
SELECT w2=867
BUSY TASK ewma=997
DMA IRQ c0=2
DMA IRQ c1=0
DMA IRQ c2=0
DMA IRQ c3=0
SELECT busy=1277
SELECT w0=1247
SELECT w1=1085
SELECT w2=878
BUSY TASK ewma=997
DMA IRQ c0=2
DMA IRQ c1=0
DMA IRQ c2=0
DMA IRQ c3=0
SELECT busy=1299
SELECT w0=1269
SELECT w1=1099
SELECT w2=891
BUSY TASK ewma=997
DMA IRQ c0=2
DMA IRQ c1=0
DMA IRQ c2=0
DMA IRQ c3=0
SELECT busy=1315
SELECT w0=1285
SELECT w1=1110
SELECT w2=900
BUSY TASK ewma=997
DMA IRQ c0=2
DMA IRQ c1=0
DMA IRQ c2=0
DMA IRQ c3=0
SELECT busy=1332
SELECT w0=1302
SELECT w1=1120
SELECT w2=911
BUSY TASK ewma=997
DMA IRQ c0=2
DMA IRQ c1=0
DMA IRQ c2=0
DMA IRQ c3=0
SELECT busy=1351
SELECT w0=1322
SELECT w1=1131
SELECT w2=922
BUSY TASK ewma=997
DMA IRQ c0=2
DMA IRQ c1=0
DMA IRQ c2=0
DMA IRQ c3=0
SELECT busy=1369
SELECT w0=1339
SELECT w1=1143
SELECT w2=933
BUSY TASK ewma=997
DMA IRQ c0=2
DMA IRQ c1=0
DMA IRQ c2=0
DMA IRQ c3=0
SELECT busy=1389
SELECT w0=1358
SELECT w1=1153
SELECT w2=943
BUSY TASK ewma=997
DMA IRQ c0=2
DMA IRQ c1=0
DMA IRQ c2=0
DMA IRQ c3=0
SELECT busy=1414
SELECT w0=1386
SELECT w1=1170
SELECT w2=962
BUSY TASK ewma=997
DMA IRQ c0=2
DMA IRQ c1=0
DMA IRQ c2=0
DMA IRQ c3=0
SELECT busy=1442
SELECT w0=1412
SELECT w1=1184
SELECT w2=976
BUSY TASK ewma=997
DMA IRQ c0=2
DMA IRQ c1=0
DMA IRQ c2=0
DMA IRQ c3=0
SELECT busy=1465
SELECT w0=1435
SELECT w1=1200
SELECT w2=990
BUSY TASK ewma=997
DMA IRQ c0=2
DMA IRQ c1=0
DMA IRQ c2=0
DMA IRQ c3=0
SELECT busy=1484
SELECT w0=1453
SELECT w1=1209
SELECT w2=1001
BUSY TASK ewma=997
DMA IRQ c0=2
DMA IRQ c1=0
DMA IRQ c2=0
DMA IRQ c3=0
SELECT busy=1497
SELECT w0=1466
SELECT w1=1217
SELECT w2=1007
BUSY TASK ewma=997
IRQ counts: cpu0=2996 cpu1=3700 cpu2=3686 cpu3=3598
SCHED secondaries: calls=10989 unexpected=0
SECTEST switches=10949 cpu1=38590396,37595829 cpu2=29677782,28528747 cpu3=45093661,43627424
PINGPONG rounds=787 pongs=788
DMA IRQ c0=2
DMA IRQ c1=0
DMA IRQ c2=0
DMA IRQ c3=0
SELECT busy=1522
SELECT w0=1491
SELECT w1=1229
SELECT w2=1019
BUSY TASK ewma=997
DMA IRQ c0=2
DMA IRQ c1=0
DMA IRQ c2=0
DMA IRQ c3=0
SELECT busy=1547
SELECT w0=1517
SELECT w1=1249
SELECT w2=1037
BUSY TASK ewma=997
DMA IRQ c0=2
DMA IRQ c1=0
DMA IRQ c2=0
DMA IRQ c3=0
SELECT busy=1571
SELECT w0=1541
SELECT w1=1260
SELECT w2=1050
BUSY TASK ewma=997
DMA IRQ c0=2
DMA IRQ c1=0
DMA IRQ c2=0
DMA IRQ c3=0
SELECT busy=1587
SELECT w0=1557
SELECT w1=1269
SELECT w2=1059
BUSY TASK ewma=997
DMA IRQ c0=2
DMA IRQ c1=0
DMA IRQ c2=0
DMA IRQ c3=0
SELECT busy=1608
SELECT w0=1578
SELECT w1=1288
SELECT w2=1071
BUSY TASK ewma=997
DMA IRQ c0=2
DMA IRQ c1=0
DMA IRQ c2=0
DMA IRQ c3=0
SELECT busy=1625
SELECT w0=1595
SELECT w1=1304
SELECT w2=1084
BUSY TASK ewma=997
DMA IRQ c0=2
DMA IRQ c1=0
DMA IRQ c2=0
DMA IRQ c3=0
SELECT busy=1650
SELECT w0=1620
SELECT w1=1324
SELECT w2=1102
BUSY TASK ewma=997
DMA IRQ c0=2
DMA IRQ c1=0
DMA IRQ c2=0
DMA IRQ c3=0
SELECT busy=1669
SELECT w0=1639
SELECT w1=1342
SELECT w2=1115
BUSY TASK ewma=997
DMA IRQ c0=2
DMA IRQ c1=0
DMA IRQ c2=0
DMA IRQ c3=0
SELECT busy=1687
SELECT w0=1657
SELECT w1=1354
SELECT w2=1123
BUSY TASK ewma=997
DMA IRQ c0=2
DMA IRQ c1=0
DMA IRQ c2=0
DMA IRQ c3=0
SELECT busy=1717
SELECT w0=1687
SELECT w1=1365
SELECT w2=1138
BUSY TASK ewma=997
DMA IRQ c0=2
DMA IRQ c1=0
DMA IRQ c2=0
DMA IRQ c3=0
SELECT busy=1740
SELECT w0=1710
SELECT w1=1383
SELECT w2=1154
BUSY TASK ewma=997
DMA IRQ c0=2
DMA IRQ c1=0
DMA IRQ c2=0
DMA IRQ c3=0
SELECT busy=1772
SELECT w0=1742
SELECT w1=1404
SELECT w2=1173
BUSY TASK ewma=997
DMA IRQ c0=2
DMA IRQ c1=0
DMA IRQ c2=0
DMA IRQ c3=0
SELECT busy=1792
SELECT w0=1761
SELECT w1=1411
SELECT w2=1181
BUSY TASK ewma=997
DMA IRQ c0=2
DMA IRQ c1=0
DMA IRQ c2=0
DMA IRQ c3=0
SELECT busy=1816
SELECT w0=1786
SELECT w1=1427
SELECT w2=1195
BUSY TASK ewma=997
DMA IRQ c0=2
DMA IRQ c1=0
DMA IRQ c2=0
DMA IRQ c3=0
SELECT busy=1833
SELECT w0=1803
SELECT w1=1440
SELECT w2=1204
BUSY TASK ewma=997
DMA IRQ c0=2
DMA IRQ c1=0
DMA IRQ c2=0
DMA IRQ c3=0
SELECT busy=1853
SELECT w0=1822
SELECT w1=1453
SELECT w2=1214
BUSY TASK ewma=997
DMA IRQ c0=2
DMA IRQ c1=0
DMA IRQ c2=0
DMA IRQ c3=0
SELECT busy=1876
SELECT w0=1846
SELECT w1=1467
SELECT w2=1231
BUSY TASK ewma=997
DMA IRQ c0=2
DMA IRQ c1=0
DMA IRQ c2=0
DMA IRQ c3=0
SELECT busy=1891
SELECT w0=1861
SELECT w1=1479
SELECT w2=1242
BUSY TASK ewma=997
DMA IRQ c0=2
DMA IRQ c1=0
DMA IRQ c2=0
DMA IRQ c3=0
SELECT busy=1913
SELECT w0=1883
SELECT w1=1495
SELECT w2=1260
BUSY TASK ewma=997
DMA IRQ c0=2
DMA IRQ c1=0
DMA IRQ c2=0
DMA IRQ c3=0
SELECT busy=1931
SELECT w0=1901
SELECT w1=1503
SELECT w2=1268
BUSY TASK ewma=997
DMA IRQ c0=2
DMA IRQ c1=0
DMA IRQ c2=0
DMA IRQ c3=0
SELECT busy=1949
SELECT w0=1919
SELECT w1=1514
SELECT w2=1280
BUSY TASK ewma=997
DMA IRQ c0=2
DMA IRQ c1=0
DMA IRQ c2=0
DMA IRQ c3=0
SELECT busy=1974
SELECT w0=1944
SELECT w1=1530
SELECT w2=1292
BUSY TASK ewma=997
DMA IRQ c0=2
DMA IRQ c1=0
DMA IRQ c2=0
DMA IRQ c3=0
SELECT busy=1991
SELECT w0=1960
SELECT w1=1540
SELECT w2=1302
BUSY TASK ewma=997
DMA IRQ c0=2
DMA IRQ c1=0
DMA IRQ c2=0
DMA IRQ c3=0
SELECT busy=2012
SELECT w0=1982
SELECT w1=1554
SELECT w2=1319
BUSY TASK ewma=997
DMA IRQ c0=2
DMA IRQ c1=0
DMA IRQ c2=0
DMA IRQ c3=0
SELECT busy=2043
SELECT w0=2013
SELECT w1=1579
SELECT w2=1337
BUSY TASK ewma=997
DMA IRQ c0=2
DMA IRQ c1=0
DMA IRQ c2=0
DMA IRQ c3=0
SELECT busy=2057
SELECT w0=2027
SELECT w1=1586
SELECT w2=1342
BUSY TASK ewma=997
DMA IRQ c0=2
DMA IRQ c1=0
DMA IRQ c2=0
DMA IRQ c3=0
SELECT busy=2073
SELECT w0=2045
SELECT w1=1599
SELECT w2=1354
BUSY TASK ewma=997
DMA IRQ c0=2
DMA IRQ c1=0
DMA IRQ c2=0
DMA IRQ c3=0
SELECT busy=2107
SELECT w0=2077
SELECT w1=1617
SELECT w2=1374
BUSY TASK ewma=997
DMA IRQ c0=2
DMA IRQ c1=0
DMA IRQ c2=0
DMA IRQ c3=0
SELECT busy=2129
SELECT w0=2099
SELECT w1=1628
SELECT w2=1387
BUSY TASK ewma=997
DMA IRQ c0=2
DMA IRQ c1=0
DMA IRQ c2=0
DMA IRQ c3=0
SELECT busy=2148
SELECT w0=2117
SELECT w1=1640
SELECT w2=1396
BUSY TASK ewma=997
DMA IRQ c0=2
DMA IRQ c1=0
DMA IRQ c2=0
DMA IRQ c3=0
SELECT busy=2169
SELECT w0=2139
SELECT w1=1654
SELECT w2=1409
BUSY TASK ewma=997
DMA IRQ c0=2
DMA IRQ c1=0
DMA IRQ c2=0
DMA IRQ c3=0
SELECT busy=2183
SELECT w0=2152
SELECT w1=1662
SELECT w2=1417
BUSY TASK ewma=997
DMA IRQ c0=2
DMA IRQ c1=0
DMA IRQ c2=0
DMA IRQ c3=0
SELECT busy=2197
SELECT w0=2166
SELECT w1=1670
SELECT w2=1425
BUSY TASK ewma=997
DMA IRQ c0=2
DMA IRQ c1=0
DMA IRQ c2=0
DMA IRQ c3=0
SELECT busy=2209
SELECT w0=2179
SELECT w1=1683
SELECT w2=1437
BUSY TASK ewma=997
DMA IRQ c0=2
DMA IRQ c1=0
DMA IRQ c2=0
DMA IRQ c3=0
SELECT busy=2232
SELECT w0=2202
SELECT w1=1700
SELECT w2=1451
BUSY TASK ewma=997
DMA IRQ c0=2
DMA IRQ c1=0
DMA IRQ c2=0
DMA IRQ c3=0
SELECT busy=2255
SELECT w0=2225
SELECT w1=1718
SELECT w2=1464
BUSY TASK ewma=997
DMA IRQ c0=2
DMA IRQ c1=0
DMA IRQ c2=0
DMA IRQ c3=0
SELECT busy=2279
SELECT w0=2248
SELECT w1=1727
SELECT w2=1473
BUSY TASK ewma=997
DMA IRQ c0=2
DMA IRQ c1=0
DMA IRQ c2=0
DMA IRQ c3=0
SELECT busy=2299
SELECT w0=2269
SELECT w1=1736
SELECT w2=1484
BUSY TASK ewma=997
DMA IRQ c0=2
DMA IRQ c1=0
DMA IRQ c2=0
DMA IRQ c3=0
SELECT busy=2324
SELECT w0=2294
SELECT w1=1756
SELECT w2=1497
BUSY TASK ewma=997
DMA IRQ c0=2
DMA IRQ c1=0
DMA IRQ c2=0
DMA IRQ c3=0
SELECT busy=2351
SELECT w0=2322
SELECT w1=1778
SELECT w2=1516
BUSY TASK ewma=997
DMA IRQ c0=2
DMA IRQ c1=0
DMA IRQ c2=0
DMA IRQ c3=0
SELECT busy=2374
SELECT w0=2344
SELECT w1=1793
SELECT w2=1528
BUSY TASK ewma=997
DMA IRQ c0=2
DMA IRQ c1=0
DMA IRQ c2=0
DMA IRQ c3=0
SELECT busy=2401
SELECT w0=2371
SELECT w1=1808
SELECT w2=1541
BUSY TASK ewma=997
DMA IRQ c0=2
DMA IRQ c1=0
DMA IRQ c2=0
DMA IRQ c3=0
SELECT busy=2419
SELECT w0=2388
SELECT w1=1817
SELECT w2=1550
BUSY TASK ewma=997
DMA IRQ c0=2
DMA IRQ c1=0
DMA IRQ c2=0
DMA IRQ c3=0
SELECT busy=2437
SELECT w0=2406
SELECT w1=1826
SELECT w2=1560
BUSY TASK ewma=997
DMA IRQ c0=2
DMA IRQ c1=0
DMA IRQ c2=0
DMA IRQ c3=0
SELECT busy=2461
SELECT w0=2430
SELECT w1=1839
SELECT w2=1574
BUSY TASK ewma=997
DMA IRQ c0=2
DMA IRQ c1=0
DMA IRQ c2=0
DMA IRQ c3=0
SELECT busy=2479
SELECT w0=2449
SELECT w1=1848
SELECT w2=1583
BUSY TASK ewma=997
DMA IRQ c0=2
DMA IRQ c1=0
DMA IRQ c2=0
DMA IRQ c3=0
SELECT busy=2502
SELECT w0=2472
SELECT w1=1860
SELECT w2=1596
BUSY TASK ewma=997
DMA IRQ c0=2
DMA IRQ c1=0
DMA IRQ c2=0
DMA IRQ c3=0
SELECT busy=2521
SELECT w0=2490
SELECT w1=1871
SELECT w2=1608
BUSY TASK ewma=997
DMA IRQ c0=2
DMA IRQ c1=0
DMA IRQ c2=0
DMA IRQ c3=0
SELECT busy=2541
SELECT w0=2510
SELECT w1=1882
SELECT w2=1615
BUSY TASK ewma=997
DMA IRQ c0=2
DMA IRQ c1=0
DMA IRQ c2=0
DMA IRQ c3=0
SELECT busy=2568
SELECT w0=2538
SELECT w1=1896
SELECT w2=1631
BUSY TASK ewma=997
DMA IRQ c0=2
DMA IRQ c1=0
DMA IRQ c2=0
DMA IRQ c3=0
SELECT busy=2594
SELECT w0=2563
SELECT w1=1910
SELECT w2=1645
BUSY TASK ewma=997
DMA IRQ c0=2
DMA IRQ c1=0
DMA IRQ c2=0
DMA IRQ c3=0
SELECT busy=2625
SELECT w0=2594
SELECT w1=1928
SELECT w2=1662
BUSY TASK ewma=997
DMA IRQ c0=2
DMA IRQ c1=0
DMA IRQ c2=0
DMA IRQ c3=0
SELECT busy=2647
SELECT w0=2616
SELECT w1=1939
SELECT w2=1676
BUSY TASK ewma=997
DMA IRQ c0=2
DMA IRQ c1=0
DMA IRQ c2=0
DMA IRQ c3=0
SELECT busy=2670
SELECT w0=2640
SELECT w1=1953
SELECT w2=1690
BUSY TASK ewma=997
DMA IRQ c0=2
DMA IRQ c1=0
DMA IRQ c2=0
DMA IRQ c3=0
SELECT busy=2697
SELECT w0=2666
SELECT w1=1966
SELECT w2=1701
BUSY TASK ewma=997
DMA IRQ c0=2
DMA IRQ c1=0
DMA IRQ c2=0
DMA IRQ c3=0
SELECT busy=2714
SELECT w0=2684
SELECT w1=1976
SELECT w2=1710
BUSY TASK ewma=997
DMA IRQ c0=2
DMA IRQ c1=0
DMA IRQ c2=0
DMA IRQ c3=0
SELECT busy=2734
SELECT w0=2704
SELECT w1=1987
SELECT w2=1719
BUSY TASK ewma=997
DMA IRQ c0=2
DMA IRQ c1=0
DMA IRQ c2=0
DMA IRQ c3=0
SELECT busy=2750
SELECT w0=2720
SELECT w1=1998
SELECT w2=1727
BUSY TASK ewma=997
DMA IRQ c0=2
DMA IRQ c1=0
DMA IRQ c2=0
DMA IRQ c3=0
SELECT busy=2771
SELECT w0=2741
SELECT w1=2011
SELECT w2=1739
BUSY TASK ewma=997
DMA IRQ c0=2
DMA IRQ c1=0
DMA IRQ c2=0
DMA IRQ c3=0
SELECT busy=2792
SELECT w0=2761
SELECT w1=2022
SELECT w2=1749
BUSY TASK ewma=997
DMA IRQ c0=2
DMA IRQ c1=0
DMA IRQ c2=0
DMA IRQ c3=0
SELECT busy=2814
SELECT w0=2785
SELECT w1=2036
SELECT w2=1764
BUSY TASK ewma=997
DMA IRQ c0=2
DMA IRQ c1=0
DMA IRQ c2=0
DMA IRQ c3=0
SELECT busy=2839
SELECT w0=2808
SELECT w1=2047
SELECT w2=1774
BUSY TASK ewma=997
DMA IRQ c0=2
DMA IRQ c1=0
DMA IRQ c2=0
DMA IRQ c3=0
SELECT busy=2865
SELECT w0=2834
SELECT w1=2062
SELECT w2=1788
BUSY TASK ewma=997
DMA IRQ c0=2
DMA IRQ c1=0
DMA IRQ c2=0
DMA IRQ c3=0
SELECT busy=2888
SELECT w0=2857
SELECT w1=2072
SELECT w2=1800
BUSY TASK ewma=997
IRQ counts: cpu0=5782 cpu1=7199 cpu2=6959 cpu3=6934
SCHED secondaries: calls=21096 unexpected=0
SECTEST switches=21059 cpu1=78547044,77086564 cpu2=61007824,60081612 cpu3=89291160,87342668
PINGPONG rounds=1319 pongs=1320
DMA IRQ c0=2
DMA IRQ c1=0
DMA IRQ c2=0
DMA IRQ c3=0
SELECT busy=2921
SELECT w0=2890
SELECT w1=2092
SELECT w2=1820
BUSY TASK ewma=997
DMA IRQ c0=2
DMA IRQ c1=0
DMA IRQ c2=0
DMA IRQ c3=0
SELECT busy=2944
SELECT w0=2915
SELECT w1=2107
SELECT w2=1835
BUSY TASK ewma=997
DMA IRQ c0=2
DMA IRQ c1=0
DMA IRQ c2=0
DMA IRQ c3=0
SELECT busy=2963
SELECT w0=2932
SELECT w1=2117
SELECT w2=1845
BUSY TASK ewma=997
DMA IRQ c0=2
DMA IRQ c1=0
DMA IRQ c2=0
DMA IRQ c3=0
SELECT busy=2982
SELECT w0=2951
SELECT w1=2123
SELECT w2=1852
BUSY TASK ewma=997
DMA IRQ c0=2
DMA IRQ c1=0
DMA IRQ c2=0
DMA IRQ c3=0
SELECT busy=3006
SELECT w0=2975
SELECT w1=2133
SELECT w2=1864
BUSY TASK ewma=997
DMA IRQ c0=2
DMA IRQ c1=0
DMA IRQ c2=0
DMA IRQ c3=0
SELECT busy=3030
SELECT w0=3000
SELECT w1=2148
SELECT w2=1882
BUSY TASK ewma=997
DMA IRQ c0=2
DMA IRQ c1=0
DMA IRQ c2=0
DMA IRQ c3=0
SELECT busy=3055
SELECT w0=3024
SELECT w1=2167
SELECT w2=1895
BUSY TASK ewma=997
DMA IRQ c0=2
DMA IRQ c1=0
DMA IRQ c2=0
DMA IRQ c3=0
SELECT busy=3075
SELECT w0=3044
SELECT w1=2177
SELECT w2=1907
BUSY TASK ewma=997
DMA IRQ c0=2
DMA IRQ c1=0
DMA IRQ c2=0
DMA IRQ c3=0
SELECT busy=3095
SELECT w0=3065
SELECT w1=2190
SELECT w2=1920
BUSY TASK ewma=997
DMA IRQ c0=2
DMA IRQ c1=0
DMA IRQ c2=0
DMA IRQ c3=0
SELECT busy=3121
SELECT w0=3091
SELECT w1=2204
SELECT w2=1933
BUSY TASK ewma=997
DMA IRQ c0=2
DMA IRQ c1=0
DMA IRQ c2=0
DMA IRQ c3=0
SELECT busy=3143
SELECT w0=3113
SELECT w1=2222
SELECT w2=1946
BUSY TASK ewma=997
DMA IRQ c0=2
DMA IRQ c1=0
DMA IRQ c2=0
DMA IRQ c3=0
SELECT busy=3167
SELECT w0=3137
SELECT w1=2236
SELECT w2=1962
BUSY TASK ewma=997
DMA IRQ c0=2
DMA IRQ c1=0
DMA IRQ c2=0
DMA IRQ c3=0
SELECT busy=3191
SELECT w0=3161
SELECT w1=2249
SELECT w2=1975
BUSY TASK ewma=997
DMA IRQ c0=2
DMA IRQ c1=0
DMA IRQ c2=0
DMA IRQ c3=0
SELECT busy=3208
SELECT w0=3178
SELECT w1=2260
SELECT w2=1986
BUSY TASK ewma=997
DMA IRQ c0=2
DMA IRQ c1=0
DMA IRQ c2=0
DMA IRQ c3=0
SELECT busy=3228
SELECT w0=3199
SELECT w1=2271
SELECT w2=1997
BUSY TASK ewma=997
DMA IRQ c0=2
DMA IRQ c1=0
DMA IRQ c2=0
DMA IRQ c3=0
SELECT busy=3245
SELECT w0=3215
SELECT w1=2278
SELECT w2=2007
BUSY TASK ewma=997
DMA IRQ c0=2
DMA IRQ c1=0
DMA IRQ c2=0
DMA IRQ c3=0
SELECT busy=3273
SELECT w0=3244
SELECT w1=2299
SELECT w2=2025
BUSY TASK ewma=997
DMA IRQ c0=2
DMA IRQ c1=0
DMA IRQ c2=0
DMA IRQ c3=0
SELECT busy=3298
SELECT w0=3268
SELECT w1=2310
SELECT w2=2042
BUSY TASK ewma=997
DMA IRQ c0=2
DMA IRQ c1=0
DMA IRQ c2=0
DMA IRQ c3=0
SELECT busy=3332
SELECT w0=3302
SELECT w1=2330
SELECT w2=2062
BUSY TASK ewma=997
DMA IRQ c0=2
DMA IRQ c1=0
DMA IRQ c2=0
DMA IRQ c3=0
SELECT busy=3357
SELECT w0=3327
SELECT w1=2350
SELECT w2=2077
BUSY TASK ewma=997
DMA IRQ c0=2
DMA IRQ c1=0
DMA IRQ c2=0
DMA IRQ c3=0
SELECT busy=3384
SELECT w0=3354
SELECT w1=2369
SELECT w2=2091
BUSY TASK ewma=997
DMA IRQ c0=2
DMA IRQ c1=0
DMA IRQ c2=0
DMA IRQ c3=0
SELECT busy=3405
SELECT w0=3375
SELECT w1=2379
SELECT w2=2102
BUSY TASK ewma=997
DMA IRQ c0=2
DMA IRQ c1=0
DMA IRQ c2=0
DMA IRQ c3=0
SELECT busy=3435
SELECT w0=3404
SELECT w1=2392
SELECT w2=2117
BUSY TASK ewma=997
DMA IRQ c0=2
DMA IRQ c1=0
DMA IRQ c2=0
DMA IRQ c3=0
SELECT busy=3459
SELECT w0=3428
SELECT w1=2404
SELECT w2=2129
BUSY TASK ewma=997
DMA IRQ c0=2
DMA IRQ c1=0
DMA IRQ c2=0
DMA IRQ c3=0
SELECT busy=3486
SELECT w0=3455
SELECT w1=2415
SELECT w2=2141
BUSY TASK ewma=997
DMA IRQ c0=2
DMA IRQ c1=0
DMA IRQ c2=0
DMA IRQ c3=0
SELECT busy=3504
SELECT w0=3473
SELECT w1=2423
SELECT w2=2147
BUSY TASK ewma=997
DMA IRQ c0=2
DMA IRQ c1=0
DMA IRQ c2=0
DMA IRQ c3=0
SELECT busy=3525
SELECT w0=3494
SELECT w1=2429
SELECT w2=2153
BUSY TASK ewma=997
DMA IRQ c0=2
DMA IRQ c1=0
DMA IRQ c2=0
DMA IRQ c3=0
SELECT busy=3541
SELECT w0=3510
SELECT w1=2439
SELECT w2=2163
BUSY TASK ewma=997
DMA IRQ c0=2
DMA IRQ c1=0
DMA IRQ c2=0
DMA IRQ c3=0
SELECT busy=3565
SELECT w0=3536
SELECT w1=2454
SELECT w2=2178
BUSY TASK ewma=997
DMA IRQ c0=2
DMA IRQ c1=0
DMA IRQ c2=0
DMA IRQ c3=0
SELECT busy=3598
SELECT w0=3567
SELECT w1=2471
SELECT w2=2193
BUSY TASK ewma=997
DMA IRQ c0=2
DMA IRQ c1=0
DMA IRQ c2=0
DMA IRQ c3=0
SELECT busy=3655
SELECT w0=3625
SELECT w1=2498
SELECT w2=2221
BUSY TASK ewma=997
DMA IRQ c0=2
DMA IRQ c1=0
DMA IRQ c2=0
DMA IRQ c3=0
SELECT busy=3698
SELECT w0=3667
SELECT w1=2519
SELECT w2=2239
BUSY TASK ewma=997
DMA IRQ c0=2
DMA IRQ c1=0
DMA IRQ c2=0
DMA IRQ c3=0
SELECT busy=3714
SELECT w0=3684
SELECT w1=2531
SELECT w2=2258
BUSY TASK ewma=997
DMA IRQ c0=2
DMA IRQ c1=0
DMA IRQ c2=0
DMA IRQ c3=0
SELECT busy=3733
SELECT w0=3703
SELECT w1=2542
SELECT w2=2268
BUSY TASK ewma=997
DMA IRQ c0=2
DMA IRQ c1=0
DMA IRQ c2=0
DMA IRQ c3=0
SELECT busy=3759
SELECT w0=3728
SELECT w1=2559
SELECT w2=2282
BUSY TASK ewma=997
DMA IRQ c0=2
DMA IRQ c1=0
DMA IRQ c2=0
DMA IRQ c3=0
SELECT busy=3779
SELECT w0=3749
SELECT w1=2569
SELECT w2=2293
BUSY TASK ewma=997
DMA IRQ c0=2
DMA IRQ c1=0
DMA IRQ c2=0
DMA IRQ c3=0
SELECT busy=3804
SELECT w0=3773
SELECT w1=2583
SELECT w2=2306
BUSY TASK ewma=997
DMA IRQ c0=2
DMA IRQ c1=0
DMA IRQ c2=0
DMA IRQ c3=0
SELECT busy=3837
SELECT w0=3806
SELECT w1=2601
SELECT w2=2323
BUSY TASK ewma=997
DMA IRQ c0=2
DMA IRQ c1=0
DMA IRQ c2=0
DMA IRQ c3=0
SELECT busy=3854
SELECT w0=3823
SELECT w1=2610
SELECT w2=2332
BUSY TASK ewma=997
DMA IRQ c0=2
DMA IRQ c1=0
DMA IRQ c2=0
DMA IRQ c3=0
SELECT busy=3879
SELECT w0=3848
SELECT w1=2624
SELECT w2=2343
BUSY TASK ewma=997
DMA IRQ c0=2
DMA IRQ c1=0
DMA IRQ c2=0
DMA IRQ c3=0
SELECT busy=3904
SELECT w0=3873
SELECT w1=2637
SELECT w2=2357
BUSY TASK ewma=997
DMA IRQ c0=2
DMA IRQ c1=0
DMA IRQ c2=0
DMA IRQ c3=0
SELECT busy=3931
SELECT w0=3901
SELECT w1=2650
SELECT w2=2371
BUSY TASK ewma=997
DMA IRQ c0=2
DMA IRQ c1=0
DMA IRQ c2=0
DMA IRQ c3=0
SELECT busy=3977
SELECT w0=3947
SELECT w1=2676
SELECT w2=2397
BUSY TASK ewma=997
DMA IRQ c0=2
DMA IRQ c1=0
DMA IRQ c2=0
DMA IRQ c3=0
SELECT busy=4020
SELECT w0=3989
SELECT w1=2696
SELECT w2=2413
BUSY TASK ewma=997
DMA IRQ c0=2
DMA IRQ c1=0
DMA IRQ c2=0
DMA IRQ c3=0
SELECT busy=4053
SELECT w0=4024
SELECT w1=2719
SELECT w2=2433
BUSY TASK ewma=997
DMA IRQ c0=2
DMA IRQ c1=0
DMA IRQ c2=0
DMA IRQ c3=0
SELECT busy=4073
SELECT w0=4042
SELECT w1=2732
SELECT w2=2446
BUSY TASK ewma=997
DMA IRQ c0=2
DMA IRQ c1=0
DMA IRQ c2=0
DMA IRQ c3=0
SELECT busy=4099
SELECT w0=4070
SELECT w1=2748
SELECT w2=2459
BUSY TASK ewma=997
DMA IRQ c0=2
DMA IRQ c1=0
DMA IRQ c2=0
DMA IRQ c3=0
SELECT busy=4118
SELECT w0=4088
SELECT w1=2758
SELECT w2=2471
BUSY TASK ewma=997
DMA IRQ c0=2
DMA IRQ c1=0
DMA IRQ c2=0
DMA IRQ c3=0
SELECT busy=4139
SELECT w0=4109
SELECT w1=2765
SELECT w2=2478
BUSY TASK ewma=997
DMA IRQ c0=2
DMA IRQ c1=0
DMA IRQ c2=0
DMA IRQ c3=0
SELECT busy=4171
SELECT w0=4140
SELECT w1=2780
SELECT w2=2493
BUSY TASK ewma=997
DMA IRQ c0=2
DMA IRQ c1=0
DMA IRQ c2=0
DMA IRQ c3=0
SELECT busy=4195
SELECT w0=4167
SELECT w1=2795
SELECT w2=2513
BUSY TASK ewma=997
DMA IRQ c0=2
DMA IRQ c1=0
DMA IRQ c2=0
DMA IRQ c3=0
SELECT busy=4225
SELECT w0=4195
SELECT w1=2813
SELECT w2=2533
BUSY TASK ewma=997
DMA IRQ c0=2
DMA IRQ c1=0
DMA IRQ c2=0
DMA IRQ c3=0
SELECT busy=4250
SELECT w0=4220
SELECT w1=2829
SELECT w2=2545
BUSY TASK ewma=997
DMA IRQ c0=2
DMA IRQ c1=0
DMA IRQ c2=0
DMA IRQ c3=0
SELECT busy=4278
SELECT w0=4250
SELECT w1=2847
SELECT w2=2560
BUSY TASK ewma=997
DMA IRQ c0=2
DMA IRQ c1=0
DMA IRQ c2=0
DMA IRQ c3=0
SELECT busy=4303
SELECT w0=4273
SELECT w1=2860
SELECT w2=2575
BUSY TASK ewma=997
DMA IRQ c0=2
DMA IRQ c1=0
DMA IRQ c2=0
DMA IRQ c3=0
SELECT busy=4325
SELECT w0=4295
SELECT w1=2872
SELECT w2=2588
BUSY TASK ewma=997
DMA IRQ c0=2
DMA IRQ c1=0
DMA IRQ c2=0
DMA IRQ c3=0
SELECT busy=4344
SELECT w0=4314
SELECT w1=2881
SELECT w2=2598
BUSY TASK ewma=997
DMA IRQ c0=2
DMA IRQ c1=0
DMA IRQ c2=0
DMA IRQ c3=0
SELECT busy=4375
SELECT w0=4345
SELECT w1=2900
SELECT w2=2617
BUSY TASK ewma=997
DMA IRQ c0=2
DMA IRQ c1=0
DMA IRQ c2=0
DMA IRQ c3=0
SELECT busy=4399
SELECT w0=4369
SELECT w1=2909
SELECT w2=2625
BUSY TASK ewma=997
DMA IRQ c0=2
DMA IRQ c1=0
DMA IRQ c2=0
DMA IRQ c3=0
SELECT busy=4431
SELECT w0=4400
SELECT w1=2928
SELECT w2=2645
BUSY TASK ewma=997
DMA IRQ c0=2
DMA IRQ c1=0
DMA IRQ c2=0
DMA IRQ c3=0
SELECT busy=4453
SELECT w0=4423
SELECT w1=2941
SELECT w2=2655
BUSY TASK ewma=997
DMA IRQ c0=2
DMA IRQ c1=0
DMA IRQ c2=0
DMA IRQ c3=0
SELECT busy=4474
SELECT w0=4444
SELECT w1=2958
SELECT w2=2666
BUSY TASK ewma=997
DMA IRQ c0=2
DMA IRQ c1=0
DMA IRQ c2=0
DMA IRQ c3=0
SELECT busy=4503
SELECT w0=4472
SELECT w1=2971
SELECT w2=2678
BUSY TASK ewma=997
DMA IRQ c0=2
DMA IRQ c1=0
DMA IRQ c2=0
DMA IRQ c3=0
SELECT busy=4537
SELECT w0=4507
SELECT w1=2991
SELECT w2=2698
BUSY TASK ewma=997
IRQ counts: cpu0=9070 cpu1=10940 cpu2=10627 cpu3=10644
SCHED secondaries: calls=32223 unexpected=0
SECTEST switches=32188 cpu1=115622810,113871260 cpu2=89649847,88724493 cpu3=130137578,129139868
PINGPONG rounds=1938 pongs=1939
DMA IRQ c0=2
DMA IRQ c1=0
DMA IRQ c2=0
DMA IRQ c3=0
SELECT busy=4569
SELECT w0=4539
SELECT w1=3014
SELECT w2=2722
BUSY TASK ewma=997
DMA IRQ c0=2
DMA IRQ c1=0
DMA IRQ c2=0
DMA IRQ c3=0
SELECT busy=4588
SELECT w0=4559
SELECT w1=3027
SELECT w2=2735
BUSY TASK ewma=997
DMA IRQ c0=2
DMA IRQ c1=0
DMA IRQ c2=0
DMA IRQ c3=0
SELECT busy=4608
SELECT w0=4579
SELECT w1=3038
SELECT w2=2747
BUSY TASK ewma=997
DMA IRQ c0=2
DMA IRQ c1=0
DMA IRQ c2=0
DMA IRQ c3=0
SELECT busy=4629
SELECT w0=4598
SELECT w1=3044
SELECT w2=2753
BUSY TASK ewma=997
DMA IRQ c0=2
DMA IRQ c1=0
DMA IRQ c2=0
DMA IRQ c3=0
SELECT busy=4647
SELECT w0=4616
SELECT w1=3051
SELECT w2=2760
BUSY TASK ewma=997
DMA IRQ c0=2
DMA IRQ c1=0
DMA IRQ c2=0
DMA IRQ c3=0
SELECT busy=4666
SELECT w0=4635
SELECT w1=3056
SELECT w2=2766
BUSY TASK ewma=997
DMA IRQ c0=2
DMA IRQ c1=0
DMA IRQ c2=0
DMA IRQ c3=0
SELECT busy=4691
SELECT w0=4661
SELECT w1=3074
SELECT w2=2780
BUSY TASK ewma=997
DMA IRQ c0=2
DMA IRQ c1=0
DMA IRQ c2=0
DMA IRQ c3=0
SELECT busy=4711
SELECT w0=4680
SELECT w1=3080
SELECT w2=2787
BUSY TASK ewma=997
DMA IRQ c0=2
DMA IRQ c1=0
DMA IRQ c2=0
DMA IRQ c3=0
SELECT busy=4732
SELECT w0=4702
SELECT w1=3094
SELECT w2=2800
BUSY TASK ewma=997
DMA IRQ c0=2
DMA IRQ c1=0
DMA IRQ c2=0
DMA IRQ c3=0
SELECT busy=4759
SELECT w0=4728
SELECT w1=3110
SELECT w2=2812
BUSY TASK ewma=997
DMA IRQ c0=2
DMA IRQ c1=0
DMA IRQ c2=0
DMA IRQ c3=0
SELECT busy=4786
SELECT w0=4756
SELECT w1=3135
SELECT w2=2832
BUSY TASK ewma=997
DMA IRQ c0=2
DMA IRQ c1=0
DMA IRQ c2=0
DMA IRQ c3=0
SELECT busy=4814
SELECT w0=4783
SELECT w1=3146
SELECT w2=2846
BUSY TASK ewma=997
DMA IRQ c0=2
DMA IRQ c1=0
DMA IRQ c2=0
DMA IRQ c3=0
SELECT busy=4841
SELECT w0=4811
SELECT w1=3158
SELECT w2=2865
BUSY TASK ewma=997
DMA IRQ c0=2
DMA IRQ c1=0
DMA IRQ c2=0
DMA IRQ c3=0
SELECT busy=4866
SELECT w0=4836
SELECT w1=3172
SELECT w2=2879
BUSY TASK ewma=997
DMA IRQ c0=2
DMA IRQ c1=0
DMA IRQ c2=0
DMA IRQ c3=0
SELECT busy=4883
SELECT w0=4853
SELECT w1=3180
SELECT w2=2888
BUSY TASK ewma=997
DMA IRQ c0=2
DMA IRQ c1=0
DMA IRQ c2=0
DMA IRQ c3=0
SELECT busy=4906
SELECT w0=4876
SELECT w1=3191
SELECT w2=2901
BUSY TASK ewma=997
DMA IRQ c0=2
DMA IRQ c1=0
DMA IRQ c2=0
DMA IRQ c3=0
SELECT busy=4927
SELECT w0=4897
SELECT w1=3204
SELECT w2=2918
BUSY TASK ewma=997
DMA IRQ c0=2
DMA IRQ c1=0
DMA IRQ c2=0
DMA IRQ c3=0
SELECT busy=4950
SELECT w0=4919
SELECT w1=3214
SELECT w2=2929
BUSY TASK ewma=997
DMA IRQ c0=2
DMA IRQ c1=0
DMA IRQ c2=0
DMA IRQ c3=0
SELECT busy=4967
SELECT w0=4937
SELECT w1=3222
SELECT w2=2941
BUSY TASK ewma=997
DMA IRQ c0=2
DMA IRQ c1=0
DMA IRQ c2=0
DMA IRQ c3=0
SELECT busy=4984
SELECT w0=4954
SELECT w1=3229
SELECT w2=2953
BUSY TASK ewma=997
DMA IRQ c0=2
DMA IRQ c1=0
DMA IRQ c2=0
DMA IRQ c3=0
SELECT busy=5001
SELECT w0=4970
SELECT w1=3236
SELECT w2=2963
BUSY TASK ewma=997
DMA IRQ c0=2
DMA IRQ c1=0
DMA IRQ c2=0
DMA IRQ c3=0
SELECT busy=5028
SELECT w0=4998
SELECT w1=3251
SELECT w2=2981
BUSY TASK ewma=997
DMA IRQ c0=2
DMA IRQ c1=0
DMA IRQ c2=0
DMA IRQ c3=0
SELECT busy=5047
SELECT w0=5017
SELECT w1=3260
SELECT w2=2993
BUSY TASK ewma=997
DMA IRQ c0=2
DMA IRQ c1=0
DMA IRQ c2=0
DMA IRQ c3=0
SELECT busy=5069
SELECT w0=5040
SELECT w1=3271
SELECT w2=3006
BUSY TASK ewma=997
DMA IRQ c0=2
DMA IRQ c1=0
DMA IRQ c2=0
DMA IRQ c3=0
SELECT busy=5092
SELECT w0=5062
SELECT w1=3284
SELECT w2=3021
BUSY TASK ewma=997
DMA IRQ c0=2
DMA IRQ c1=0
DMA IRQ c2=0
DMA IRQ c3=0
SELECT busy=5110
SELECT w0=5080
SELECT w1=3294
SELECT w2=3033
BUSY TASK ewma=997
DMA IRQ c0=2
DMA IRQ c1=0
DMA IRQ c2=0
DMA IRQ c3=0
SELECT busy=5133
SELECT w0=5103
SELECT w1=3304
SELECT w2=3047
BUSY TASK ewma=997
DMA IRQ c0=2
DMA IRQ c1=0
DMA IRQ c2=0
DMA IRQ c3=0
SELECT busy=5152
SELECT w0=5122
SELECT w1=3315
SELECT w2=3064
BUSY TASK ewma=997
DMA IRQ c0=2
DMA IRQ c1=0
DMA IRQ c2=0
DMA IRQ c3=0
SELECT busy=5183
SELECT w0=5153
SELECT w1=3332
SELECT w2=3087
BUSY TASK ewma=997
DMA IRQ c0=2
DMA IRQ c1=0
DMA IRQ c2=0
DMA IRQ c3=0
SELECT busy=5207
SELECT w0=5176
SELECT w1=3340
SELECT w2=3096
BUSY TASK ewma=997
DMA IRQ c0=2
DMA IRQ c1=0
DMA IRQ c2=0
DMA IRQ c3=0
SELECT busy=5237
SELECT w0=5206
SELECT w1=3353
SELECT w2=3111
BUSY TASK ewma=997
DMA IRQ c0=2
DMA IRQ c1=0
DMA IRQ c2=0
DMA IRQ c3=0
SELECT busy=5263
SELECT w0=5233
SELECT w1=3362
SELECT w2=3123
BUSY TASK ewma=997
DMA IRQ c0=2
DMA IRQ c1=0
DMA IRQ c2=0
DMA IRQ c3=0
SELECT busy=5284
SELECT w0=5254
SELECT w1=3370
SELECT w2=3133
BUSY TASK ewma=997
DMA IRQ c0=2
DMA IRQ c1=0
DMA IRQ c2=0
DMA IRQ c3=0
SELECT busy=5306
SELECT w0=5275
SELECT w1=3376
SELECT w2=3142
BUSY TASK ewma=997
DMA IRQ c0=2
DMA IRQ c1=0
DMA IRQ c2=0
DMA IRQ c3=0
SELECT busy=5325
SELECT w0=5295
SELECT w1=3382
SELECT w2=3149
BUSY TASK ewma=997
DMA IRQ c0=2
DMA IRQ c1=0
DMA IRQ c2=0
DMA IRQ c3=0
SELECT busy=5356
SELECT w0=5328
SELECT w1=3394
SELECT w2=3165
BUSY TASK ewma=997
DMA IRQ c0=2
DMA IRQ c1=0
DMA IRQ c2=0
DMA IRQ c3=0
SELECT busy=5385
SELECT w0=5355
SELECT w1=3405
SELECT w2=3181
BUSY TASK ewma=997
DMA IRQ c0=2
DMA IRQ c1=0
DMA IRQ c2=0
DMA IRQ c3=0
SELECT busy=5405
SELECT w0=5375
SELECT w1=3417
SELECT w2=3199
BUSY TASK ewma=997
DMA IRQ c0=2
DMA IRQ c1=0
DMA IRQ c2=0
DMA IRQ c3=0
SELECT busy=5425
SELECT w0=5394
SELECT w1=3423
SELECT w2=3209
BUSY TASK ewma=997
DMA IRQ c0=2
DMA IRQ c1=0
DMA IRQ c2=0
DMA IRQ c3=0
SELECT busy=5444
SELECT w0=5414
SELECT w1=3433
SELECT w2=3222
BUSY TASK ewma=997
DMA IRQ c0=2
DMA IRQ c1=0
DMA IRQ c2=0
DMA IRQ c3=0
SELECT busy=5467
SELECT w0=5437
SELECT w1=3442
SELECT w2=3233
BUSY TASK ewma=997
DMA IRQ c0=2
DMA IRQ c1=0
DMA IRQ c2=0
DMA IRQ c3=0
SELECT busy=5484
SELECT w0=5453
SELECT w1=3450
SELECT w2=3243
BUSY TASK ewma=997
DMA IRQ c0=2
DMA IRQ c1=0
DMA IRQ c2=0
DMA IRQ c3=0
SELECT busy=5499
SELECT w0=5469
SELECT w1=3457
SELECT w2=3252
BUSY TASK ewma=997
DMA IRQ c0=2
DMA IRQ c1=0
DMA IRQ c2=0
DMA IRQ c3=0
SELECT busy=5523
SELECT w0=5492
SELECT w1=3466
SELECT w2=3262
BUSY TASK ewma=997
DMA IRQ c0=2
DMA IRQ c1=0
DMA IRQ c2=0
DMA IRQ c3=0
SELECT busy=5544
SELECT w0=5514
SELECT w1=3475
SELECT w2=3274
BUSY TASK ewma=997
DMA IRQ c0=2
DMA IRQ c1=0
DMA IRQ c2=0
DMA IRQ c3=0
SELECT busy=5563
SELECT w0=5533
SELECT w1=3488
SELECT w2=3286
BUSY TASK ewma=997
DMA IRQ c0=2
DMA IRQ c1=0
DMA IRQ c2=0
DMA IRQ c3=0
SELECT busy=5584
SELECT w0=5553
SELECT w1=3498
SELECT w2=3298
BUSY TASK ewma=997
DMA IRQ c0=2
DMA IRQ c1=0
DMA IRQ c2=0
DMA IRQ c3=0
SELECT busy=5605
SELECT w0=5574
SELECT w1=3507
SELECT w2=3310
BUSY TASK ewma=997
DMA IRQ c0=2
DMA IRQ c1=0
DMA IRQ c2=0
DMA IRQ c3=0
SELECT busy=5619
SELECT w0=5589
SELECT w1=3514
SELECT w2=3320
BUSY TASK ewma=997
DMA IRQ c0=2
DMA IRQ c1=0
DMA IRQ c2=0
DMA IRQ c3=0
SELECT busy=5636
SELECT w0=5605
SELECT w1=3521
SELECT w2=3330
BUSY TASK ewma=997
DMA IRQ c0=2
DMA IRQ c1=0
DMA IRQ c2=0
DMA IRQ c3=0
SELECT busy=5667
SELECT w0=5637
SELECT w1=3538
SELECT w2=3349
BUSY TASK ewma=997
DMA IRQ c0=2
DMA IRQ c1=0
DMA IRQ c2=0
DMA IRQ c3=0
SELECT busy=5695
SELECT w0=5665
SELECT w1=3553
SELECT w2=3369
BUSY TASK ewma=997
DMA IRQ c0=2
DMA IRQ c1=0
DMA IRQ c2=0
DMA IRQ c3=0
SELECT busy=5716
SELECT w0=5686
SELECT w1=3565
SELECT w2=3384
BUSY TASK ewma=997
DMA IRQ c0=2
DMA IRQ c1=0
DMA IRQ c2=0
DMA IRQ c3=0
SELECT busy=5734
SELECT w0=5703
SELECT w1=3572
SELECT w2=3392
BUSY TASK ewma=997
DMA IRQ c0=2
DMA IRQ c1=0
DMA IRQ c2=0
DMA IRQ c3=0
SELECT busy=5748
SELECT w0=5718
SELECT w1=3580
SELECT w2=3404
BUSY TASK ewma=997
DMA IRQ c0=2
DMA IRQ c1=0
DMA IRQ c2=0
DMA IRQ c3=0
SELECT busy=5771
SELECT w0=5741
SELECT w1=3591
SELECT w2=3422
BUSY TASK ewma=997
DMA IRQ c0=2
DMA IRQ c1=0
DMA IRQ c2=0
DMA IRQ c3=0
SELECT busy=5793
SELECT w0=5763
SELECT w1=3605
SELECT w2=3442
BUSY TASK ewma=997
DMA IRQ c0=2
DMA IRQ c1=0
DMA IRQ c2=0
DMA IRQ c3=0
SELECT busy=5823
SELECT w0=5793
SELECT w1=3625
SELECT w2=3464
BUSY TASK ewma=997
DMA IRQ c0=2
DMA IRQ c1=0
DMA IRQ c2=0
DMA IRQ c3=0
SELECT busy=5850
SELECT w0=5819
SELECT w1=3637
SELECT w2=3475
BUSY TASK ewma=997
DMA IRQ c0=2
DMA IRQ c1=0
DMA IRQ c2=0
DMA IRQ c3=0
SELECT busy=5886
SELECT w0=5856
SELECT w1=3658
SELECT w2=3501
BUSY TASK ewma=997
DMA IRQ c0=2
DMA IRQ c1=0
DMA IRQ c2=0
DMA IRQ c3=0
SELECT busy=5922
SELECT w0=5891
SELECT w1=3677
SELECT w2=3521
BUSY TASK ewma=997
DMA IRQ c0=2
DMA IRQ c1=0
DMA IRQ c2=0
DMA IRQ c3=0
SELECT busy=5946
SELECT w0=5916
SELECT w1=3687
SELECT w2=3535
BUSY TASK ewma=997
DMA IRQ c0=2
DMA IRQ c1=0
DMA IRQ c2=0
DMA IRQ c3=0
SELECT busy=5969
SELECT w0=5938
SELECT w1=3696
SELECT w2=3546
BUSY TASK ewma=997
DMA IRQ c0=2
DMA IRQ c1=0
DMA IRQ c2=0
DMA IRQ c3=0
SELECT busy=5991
SELECT w0=5960
SELECT w1=3706
SELECT w2=3560
BUSY TASK ewma=997
IRQ counts: cpu0=11982 cpu1=14418 cpu2=14091 cpu3=14111
SCHED secondaries: calls=42620 unexpected=0
SECTEST switches=42581 cpu1=150920649,149760842 cpu2=121463120,117973077 cpu3=176211984,171155270
PINGPONG rounds=2000 pongs=2000
DMA IRQ c0=2
DMA IRQ c1=0
DMA IRQ c2=0
DMA IRQ c3=0
SELECT busy=6017
SELECT w0=5990
SELECT w1=3722
SELECT w2=3578
BUSY TASK ewma=997
DMA IRQ c0=2
DMA IRQ c1=0
DMA IRQ c2=0
DMA IRQ c3=0
SELECT busy=6044
SELECT w0=6013
SELECT w1=3731
SELECT w2=3589
BUSY TASK ewma=997
DMA IRQ c0=2
DMA IRQ c1=0
DMA IRQ c2=0
DMA IRQ c3=0
SELECT busy=6058
SELECT w0=6027
SELECT w1=3738
SELECT w2=3595
BUSY TASK ewma=997
DMA IRQ c0=2
DMA IRQ c1=0
DMA IRQ c2=0
DMA IRQ c3=0
SELECT busy=6077
SELECT w0=6047
SELECT w1=3743
SELECT w2=3601
BUSY TASK ewma=997
DMA IRQ c0=2
DMA IRQ c1=0
DMA IRQ c2=0
DMA IRQ c3=0
SELECT busy=6100
SELECT w0=6070
SELECT w1=3753
SELECT w2=3615
BUSY TASK ewma=997
DMA IRQ c0=2
DMA IRQ c1=0
DMA IRQ c2=0
DMA IRQ c3=0
SELECT busy=6118
SELECT w0=6088
SELECT w1=3762
SELECT w2=3627
BUSY TASK ewma=997
DMA IRQ c0=2
DMA IRQ c1=0
DMA IRQ c2=0
DMA IRQ c3=0
SELECT busy=6153
SELECT w0=6122
SELECT w1=3777
SELECT w2=3649
BUSY TASK ewma=997
DMA IRQ c0=2
DMA IRQ c1=0
DMA IRQ c2=0
DMA IRQ c3=0
SELECT busy=6175
SELECT w0=6145
SELECT w1=3789
SELECT w2=3669
BUSY TASK ewma=997
DMA IRQ c0=2
DMA IRQ c1=0
DMA IRQ c2=0
DMA IRQ c3=0
SELECT busy=6196
SELECT w0=6166
SELECT w1=3801
SELECT w2=3685
BUSY TASK ewma=997
DMA IRQ c0=2
DMA IRQ c1=0
DMA IRQ c2=0
DMA IRQ c3=0
SELECT busy=6216
SELECT w0=6186
SELECT w1=3814
SELECT w2=3700
BUSY TASK ewma=997
DMA IRQ c0=2
DMA IRQ c1=0
DMA IRQ c2=0
DMA IRQ c3=0
SELECT busy=6233
SELECT w0=6203
SELECT w1=3824
SELECT w2=3709
BUSY TASK ewma=997
DMA IRQ c0=2
DMA IRQ c1=0
DMA IRQ c2=0
DMA IRQ c3=0
SELECT busy=6253
SELECT w0=6222
SELECT w1=3834
SELECT w2=3723
BUSY TASK ewma=997
DMA IRQ c0=2
DMA IRQ c1=0
DMA IRQ c2=0
DMA IRQ c3=0
SELECT busy=6272
SELECT w0=6242
SELECT w1=3844
SELECT w2=3736
BUSY TASK ewma=997
DMA IRQ c0=2
DMA IRQ c1=0
DMA IRQ c2=0
DMA IRQ c3=0
SELECT busy=6294
SELECT w0=6264
SELECT w1=3854
SELECT w2=3746
BUSY TASK ewma=997
DMA IRQ c0=2
DMA IRQ c1=0
DMA IRQ c2=0
DMA IRQ c3=0
SELECT busy=6313
SELECT w0=6283
SELECT w1=3865
SELECT w2=3761
BUSY TASK ewma=997
DMA IRQ c0=2
DMA IRQ c1=0
DMA IRQ c2=0
DMA IRQ c3=0
SELECT busy=6332
SELECT w0=6302
SELECT w1=3876
SELECT w2=3773
BUSY TASK ewma=997
DMA IRQ c0=2
DMA IRQ c1=0
DMA IRQ c2=0
DMA IRQ c3=0
SELECT busy=6354
SELECT w0=6324
SELECT w1=3889
SELECT w2=3786
BUSY TASK ewma=997
DMA IRQ c0=2
DMA IRQ c1=0
DMA IRQ c2=0
DMA IRQ c3=0
SELECT busy=6372
SELECT w0=6341
SELECT w1=3899
SELECT w2=3797
BUSY TASK ewma=997
DMA IRQ c0=2
DMA IRQ c1=0
DMA IRQ c2=0
DMA IRQ c3=0
SELECT busy=6392
SELECT w0=6361
SELECT w1=3908
SELECT w2=3807
BUSY TASK ewma=997
DMA IRQ c0=2
DMA IRQ c1=0
DMA IRQ c2=0
DMA IRQ c3=0
SELECT busy=6410
SELECT w0=6380
SELECT w1=3916
SELECT w2=3819
BUSY TASK ewma=997
DMA IRQ c0=2
DMA IRQ c1=0
DMA IRQ c2=0
DMA IRQ c3=0
SELECT busy=6423
SELECT w0=6392
SELECT w1=3923
SELECT w2=3827
BUSY TASK ewma=997
DMA IRQ c0=2
DMA IRQ c1=0
DMA IRQ c2=0
DMA IRQ c3=0
SELECT busy=6442
SELECT w0=6411
SELECT w1=3929
SELECT w2=3835
BUSY TASK ewma=997
DMA IRQ c0=2
DMA IRQ c1=0
DMA IRQ c2=0
DMA IRQ c3=0
SELECT busy=6461
SELECT w0=6430
SELECT w1=3936
SELECT w2=3844
BUSY TASK ewma=997
DMA IRQ c0=2
DMA IRQ c1=0
DMA IRQ c2=0
DMA IRQ c3=0
SELECT busy=6482
SELECT w0=6454
SELECT w1=3948
SELECT w2=3858
BUSY TASK ewma=997
DMA IRQ c0=2
DMA IRQ c1=0
DMA IRQ c2=0
DMA IRQ c3=0
SELECT busy=6504
SELECT w0=6473
SELECT w1=3955
SELECT w2=3868
BUSY TASK ewma=997
DMA IRQ c0=2
DMA IRQ c1=0
DMA IRQ c2=0
DMA IRQ c3=0
SELECT busy=6524
SELECT w0=6493
SELECT w1=3963
SELECT w2=3879
BUSY TASK ewma=997
DMA IRQ c0=2
DMA IRQ c1=0
DMA IRQ c2=0
DMA IRQ c3=0
SELECT busy=6544
SELECT w0=6513
SELECT w1=3971
SELECT w2=3889
BUSY TASK ewma=997
DMA IRQ c0=2
DMA IRQ c1=0
DMA IRQ c2=0
DMA IRQ c3=0
SELECT busy=6559
SELECT w0=6528
SELECT w1=3978
SELECT w2=3897
BUSY TASK ewma=997
DMA IRQ c0=2
DMA IRQ c1=0
DMA IRQ c2=0
DMA IRQ c3=0
SELECT busy=6573
SELECT w0=6542
SELECT w1=3986
SELECT w2=3906
BUSY TASK ewma=997
DMA IRQ c0=2
DMA IRQ c1=0
DMA IRQ c2=0
DMA IRQ c3=0
SELECT busy=6594
SELECT w0=6564
SELECT w1=3995
SELECT w2=3921
BUSY TASK ewma=997
DMA IRQ c0=2
DMA IRQ c1=0
DMA IRQ c2=0
DMA IRQ c3=0
SELECT busy=6619
SELECT w0=6588
SELECT w1=4008
SELECT w2=3935
BUSY TASK ewma=997
DMA IRQ c0=2
DMA IRQ c1=0
DMA IRQ c2=0
DMA IRQ c3=0
SELECT busy=6651
SELECT w0=6620
SELECT w1=4024
SELECT w2=3950
BUSY TASK ewma=997
DMA IRQ c0=2
DMA IRQ c1=0
DMA IRQ c2=0
DMA IRQ c3=0
SELECT busy=6695
SELECT w0=6665
SELECT w1=4043
SELECT w2=3979
BUSY TASK ewma=997
DMA IRQ c0=2
DMA IRQ c1=0
DMA IRQ c2=0
DMA IRQ c3=0
SELECT busy=6724
SELECT w0=6693
SELECT w1=4052
SELECT w2=3989
BUSY TASK ewma=997
DMA IRQ c0=2
DMA IRQ c1=0
DMA IRQ c2=0
DMA IRQ c3=0
SELECT busy=6749
SELECT w0=6719
SELECT w1=4063
SELECT w2=4009
BUSY TASK ewma=997
DMA IRQ c0=2
DMA IRQ c1=0
DMA IRQ c2=0
DMA IRQ c3=0
SELECT busy=6776
SELECT w0=6745
SELECT w1=4075
SELECT w2=4027
BUSY TASK ewma=997
DMA IRQ c0=2
DMA IRQ c1=0
DMA IRQ c2=0
DMA IRQ c3=0
SELECT busy=6793
SELECT w0=6762
SELECT w1=4083
SELECT w2=4036
BUSY TASK ewma=997
DMA IRQ c0=2
DMA IRQ c1=0
DMA IRQ c2=0
DMA IRQ c3=0
SELECT busy=6814
SELECT w0=6787
SELECT w1=4098
SELECT w2=4051
BUSY TASK ewma=997
DMA IRQ c0=2
DMA IRQ c1=0
DMA IRQ c2=0
DMA IRQ c3=0
SELECT busy=6842
SELECT w0=6811
SELECT w1=4109
SELECT w2=4063
BUSY TASK ewma=997
DMA IRQ c0=2
DMA IRQ c1=0
DMA IRQ c2=0
DMA IRQ c3=0
SELECT busy=6858
SELECT w0=6827
SELECT w1=4119
SELECT w2=4073
BUSY TASK ewma=997
DMA IRQ c0=2
DMA IRQ c1=0
DMA IRQ c2=0
DMA IRQ c3=0
SELECT busy=6878
SELECT w0=6848
SELECT w1=4128
SELECT w2=4083
BUSY TASK ewma=997
DMA IRQ c0=2
DMA IRQ c1=0
DMA IRQ c2=0
DMA IRQ c3=0
SELECT busy=6897
SELECT w0=6866
SELECT w1=4138
SELECT w2=4098
BUSY TASK ewma=997
DMA IRQ c0=2
DMA IRQ c1=0
DMA IRQ c2=0
DMA IRQ c3=0
SELECT busy=6916
SELECT w0=6885
SELECT w1=4145
SELECT w2=4108
BUSY TASK ewma=997
DMA IRQ c0=2
DMA IRQ c1=0
DMA IRQ c2=0
DMA IRQ c3=0
SELECT busy=6933
SELECT w0=6902
SELECT w1=4153
SELECT w2=4117
BUSY TASK ewma=997
DMA IRQ c0=2
DMA IRQ c1=0
DMA IRQ c2=0
DMA IRQ c3=0
SELECT busy=6956
SELECT w0=6926
SELECT w1=4165
SELECT w2=4131
BUSY TASK ewma=997
DMA IRQ c0=2
DMA IRQ c1=0
DMA IRQ c2=0
DMA IRQ c3=0
SELECT busy=6980
SELECT w0=6949
SELECT w1=4174
SELECT w2=4144
BUSY TASK ewma=997
DMA IRQ c0=2
DMA IRQ c1=0
DMA IRQ c2=0
DMA IRQ c3=0
SELECT busy=6997
SELECT w0=6967
SELECT w1=4185
SELECT w2=4156
BUSY TASK ewma=997
DMA IRQ c0=2
DMA IRQ c1=0
DMA IRQ c2=0
DMA IRQ c3=0
SELECT busy=7016
SELECT w0=6985
SELECT w1=4194
SELECT w2=4169
BUSY TASK ewma=997
DMA IRQ c0=2
DMA IRQ c1=0
DMA IRQ c2=0
DMA IRQ c3=0
SELECT busy=7031
SELECT w0=7000
SELECT w1=4201
SELECT w2=4177
BUSY TASK ewma=997
DMA IRQ c0=2
DMA IRQ c1=0
DMA IRQ c2=0
DMA IRQ c3=0
SELECT busy=7046
SELECT w0=7016
SELECT w1=4211
SELECT w2=4187
BUSY TASK ewma=997
DMA IRQ c0=2
DMA IRQ c1=0
DMA IRQ c2=0
DMA IRQ c3=0
SELECT busy=7067
SELECT w0=7036
SELECT w1=4219
SELECT w2=4198
BUSY TASK ewma=997
DMA IRQ c0=2
DMA IRQ c1=0
DMA IRQ c2=0
DMA IRQ c3=0
SELECT busy=7087
SELECT w0=7057
SELECT w1=4231
SELECT w2=4210
BUSY TASK ewma=997
DMA IRQ c0=2
DMA IRQ c1=0
DMA IRQ c2=0
DMA IRQ c3=0
SELECT busy=7102
SELECT w0=7072
SELECT w1=4239
SELECT w2=4222
BUSY TASK ewma=997
DMA IRQ c0=2
DMA IRQ c1=0
DMA IRQ c2=0
DMA IRQ c3=0
SELECT busy=7119
SELECT w0=7088
SELECT w1=4247
SELECT w2=4229
BUSY TASK ewma=997
DMA IRQ c0=2
DMA IRQ c1=0
DMA IRQ c2=0
DMA IRQ c3=0
SELECT busy=7137
SELECT w0=7107
SELECT w1=4255
SELECT w2=4244
BUSY TASK ewma=997
DMA IRQ c0=2
DMA IRQ c1=0
DMA IRQ c2=0
DMA IRQ c3=0
SELECT busy=7157
SELECT w0=7128
SELECT w1=4265
SELECT w2=4255
BUSY TASK ewma=997
DMA IRQ c0=2
DMA IRQ c1=0
DMA IRQ c2=0
DMA IRQ c3=0
SELECT busy=7184
SELECT w0=7153
SELECT w1=4277
SELECT w2=4269
BUSY TASK ewma=997
DMA IRQ c0=2
DMA IRQ c1=0
DMA IRQ c2=0
DMA IRQ c3=0
SELECT busy=7204
SELECT w0=7173
SELECT w1=4283
SELECT w2=4278
BUSY TASK ewma=997
DMA IRQ c0=2
DMA IRQ c1=0
DMA IRQ c2=0
DMA IRQ c3=0
SELECT busy=7221
SELECT w0=7190
SELECT w1=4291
SELECT w2=4286
BUSY TASK ewma=997
DMA IRQ c0=2
DMA IRQ c1=0
DMA IRQ c2=0
DMA IRQ c3=0
SELECT busy=7242
SELECT w0=7211
SELECT w1=4300
SELECT w2=4298
BUSY TASK ewma=997
DMA IRQ c0=2
DMA IRQ c1=0
DMA IRQ c2=0
DMA IRQ c3=0
SELECT busy=7268
SELECT w0=7238
SELECT w1=4314
SELECT w2=4314
BUSY TASK ewma=997
DMA IRQ c0=2
DMA IRQ c1=0
DMA IRQ c2=0
DMA IRQ c3=0
SELECT busy=7288
SELECT w0=7257
SELECT w1=4321
SELECT w2=4322
BUSY TASK ewma=997
DMA IRQ c0=2
DMA IRQ c1=0
DMA IRQ c2=0
DMA IRQ c3=0
SELECT busy=7312
SELECT w0=7283
SELECT w1=4330
SELECT w2=4335
BUSY TASK ewma=997
DMA IRQ c0=2
DMA IRQ c1=0
DMA IRQ c2=0
DMA IRQ c3=0
SELECT busy=7334
SELECT w0=7304
SELECT w1=4341
SELECT w2=4349
BUSY TASK ewma=997
IRQ counts: cpu0=14680 cpu1=17600 cpu2=17257 cpu3=17278
SCHED secondaries: calls=52158 unexpected=0
SECTEST switches=52118 cpu1=182197234,179470777 cpu2=150462395,146755384 cpu3=216363635,208683229
PINGPONG rounds=2000 pongs=2000
DMA IRQ c0=2
DMA IRQ c1=0
DMA IRQ c2=0
DMA IRQ c3=0
SELECT busy=7365
SELECT w0=7335
SELECT w1=4356
SELECT w2=4369
BUSY TASK ewma=997
DMA IRQ c0=2
DMA IRQ c1=0
DMA IRQ c2=0
DMA IRQ c3=0
SELECT busy=7406
SELECT w0=7378
SELECT w1=4373
SELECT w2=4392
BUSY TASK ewma=997
DMA IRQ c0=2
DMA IRQ c1=0
DMA IRQ c2=0
DMA IRQ c3=0
SELECT busy=7447
SELECT w0=7416
SELECT w1=4388
SELECT w2=4416
BUSY TASK ewma=997
DMA IRQ c0=2
DMA IRQ c1=0
DMA IRQ c2=0
DMA IRQ c3=0
SELECT busy=7474
SELECT w0=7444
SELECT w1=4403
SELECT w2=4432
BUSY TASK ewma=997
DMA IRQ c0=2
DMA IRQ c1=0
DMA IRQ c2=0
DMA IRQ c3=0
SELECT busy=7521
SELECT w0=7491
SELECT w1=4425
SELECT w2=4458
BUSY TASK ewma=997
DMA IRQ c0=2
DMA IRQ c1=0
DMA IRQ c2=0
DMA IRQ c3=0
SELECT busy=7557
SELECT w0=7526
SELECT w1=4441
SELECT w2=4479
BUSY TASK ewma=997
DMA IRQ c0=2
DMA IRQ c1=0
DMA IRQ c2=0
DMA IRQ c3=0
SELECT busy=7586
SELECT w0=7556
SELECT w1=4454
SELECT w2=4497
BUSY TASK ewma=997
DMA IRQ c0=2
DMA IRQ c1=0
DMA IRQ c2=0
DMA IRQ c3=0
SELECT busy=7628
SELECT w0=7598
SELECT w1=4471
SELECT w2=4517
BUSY TASK ewma=997
DMA IRQ c0=2
DMA IRQ c1=0
DMA IRQ c2=0
DMA IRQ c3=0
SELECT busy=7667
SELECT w0=7636
SELECT w1=4485
SELECT w2=4538
BUSY TASK ewma=997
DMA IRQ c0=2
DMA IRQ c1=0
DMA IRQ c2=0
DMA IRQ c3=0
SELECT busy=7710
SELECT w0=7679
SELECT w1=4504
SELECT w2=4565
BUSY TASK ewma=997
DMA IRQ c0=2
DMA IRQ c1=0
DMA IRQ c2=0
DMA IRQ c3=0
SELECT busy=7737
SELECT w0=7707
SELECT w1=4514
SELECT w2=4578
BUSY TASK ewma=997
DMA IRQ c0=2
DMA IRQ c1=0
DMA IRQ c2=0
DMA IRQ c3=0
SELECT busy=7766
SELECT w0=7736
SELECT w1=4527
SELECT w2=4598
BUSY TASK ewma=997
DMA IRQ c0=2
DMA IRQ c1=0
DMA IRQ c2=0
DMA IRQ c3=0
SELECT busy=7784
SELECT w0=7754
SELECT w1=4534
SELECT w2=4608
BUSY TASK ewma=997
DMA IRQ c0=2
DMA IRQ c1=0
DMA IRQ c2=0
DMA IRQ c3=0
SELECT busy=7810
SELECT w0=7780
SELECT w1=4546
SELECT w2=4627
BUSY TASK ewma=997
DMA IRQ c0=2
DMA IRQ c1=0
DMA IRQ c2=0
DMA IRQ c3=0
SELECT busy=7840
SELECT w0=7810
SELECT w1=4558
SELECT w2=4641
BUSY TASK ewma=997
DMA IRQ c0=2
DMA IRQ c1=0
DMA IRQ c2=0
DMA IRQ c3=0
SELECT busy=7862
SELECT w0=7832
SELECT w1=4566
SELECT w2=4650
BUSY TASK ewma=997
DMA IRQ c0=2
DMA IRQ c1=0
DMA IRQ c2=0
DMA IRQ c3=0
SELECT busy=7883
SELECT w0=7853
SELECT w1=4574
SELECT w2=4660
BUSY TASK ewma=997
DMA IRQ c0=2
DMA IRQ c1=0
DMA IRQ c2=0
DMA IRQ c3=0
SELECT busy=7906
SELECT w0=7875
SELECT w1=4588
SELECT w2=4674
BUSY TASK ewma=997
DMA IRQ c0=2
DMA IRQ c1=0
DMA IRQ c2=0
DMA IRQ c3=0
SELECT busy=7925
SELECT w0=7895
SELECT w1=4596
SELECT w2=4683
BUSY TASK ewma=997
DMA IRQ c0=2
DMA IRQ c1=0
DMA IRQ c2=0
DMA IRQ c3=0
SELECT busy=7956
SELECT w0=7925
SELECT w1=4608
SELECT w2=4700
BUSY TASK ewma=997
DMA IRQ c0=2
DMA IRQ c1=0
DMA IRQ c2=0
DMA IRQ c3=0
SELECT busy=7988
SELECT w0=7957
SELECT w1=4622
SELECT w2=4719
BUSY TASK ewma=997
DMA IRQ c0=2
DMA IRQ c1=0
DMA IRQ c2=0
DMA IRQ c3=0
SELECT busy=8024
SELECT w0=7993
SELECT w1=4637
SELECT w2=4737
BUSY TASK ewma=997
DMA IRQ c0=2
DMA IRQ c1=0
DMA IRQ c2=0
DMA IRQ c3=0
SELECT busy=8052
SELECT w0=8021
SELECT w1=4648
SELECT w2=4751
BUSY TASK ewma=997
DMA IRQ c0=2
DMA IRQ c1=0
DMA IRQ c2=0
DMA IRQ c3=0
SELECT busy=8077
SELECT w0=8046
SELECT w1=4657
SELECT w2=4764
BUSY TASK ewma=997
DMA IRQ c0=2
DMA IRQ c1=0
DMA IRQ c2=0
DMA IRQ c3=0
SELECT busy=8129
SELECT w0=8100
SELECT w1=4681
SELECT w2=4800
BUSY TASK ewma=997
DMA IRQ c0=2
DMA IRQ c1=0
DMA IRQ c2=0
DMA IRQ c3=0
SELECT busy=8145
SELECT w0=8114
SELECT w1=4687
SELECT w2=4809
BUSY TASK ewma=997
DMA IRQ c0=2
DMA IRQ c1=0
DMA IRQ c2=0
DMA IRQ c3=0
SELECT busy=8187
SELECT w0=8157
SELECT w1=4707
SELECT w2=4832
BUSY TASK ewma=997
DMA IRQ c0=2
DMA IRQ c1=0
DMA IRQ c2=0
DMA IRQ c3=0
SELECT busy=8212
SELECT w0=8181
SELECT w1=4716
SELECT w2=4844
BUSY TASK ewma=997
DMA IRQ c0=2
DMA IRQ c1=0
DMA IRQ c2=0
DMA IRQ c3=0
SELECT busy=8235
SELECT w0=8204
SELECT w1=4725
SELECT w2=4855
BUSY TASK ewma=997
DMA IRQ c0=2
DMA IRQ c1=0
DMA IRQ c2=0
DMA IRQ c3=0
SELECT busy=8251
SELECT w0=8220
SELECT w1=4730
SELECT w2=4864
BUSY TASK ewma=997
DMA IRQ c0=2
DMA IRQ c1=0
DMA IRQ c2=0
DMA IRQ c3=0
SELECT busy=8277
SELECT w0=8247
SELECT w1=4739
SELECT w2=4874
BUSY TASK ewma=997
DMA IRQ c0=2
DMA IRQ c1=0
DMA IRQ c2=0
DMA IRQ c3=0
SELECT busy=8298
SELECT w0=8267
SELECT w1=4745
SELECT w2=4881
BUSY TASK ewma=997
DMA IRQ c0=2
DMA IRQ c1=0
DMA IRQ c2=0
DMA IRQ c3=0
SELECT busy=8321
SELECT w0=8292
SELECT w1=4752
SELECT w2=4889
BUSY TASK ewma=997
DMA IRQ c0=2
DMA IRQ c1=0
DMA IRQ c2=0
DMA IRQ c3=0
SELECT busy=8338
SELECT w0=8307
SELECT w1=4757
SELECT w2=4896
BUSY TASK ewma=997
DMA IRQ c0=2
DMA IRQ c1=0
DMA IRQ c2=0
DMA IRQ c3=0
SELECT busy=8357
SELECT w0=8327
SELECT w1=4764
SELECT w2=4906
BUSY TASK ewma=997
DMA IRQ c0=2
DMA IRQ c1=0
DMA IRQ c2=0
DMA IRQ c3=0
SELECT busy=8383
SELECT w0=8352
SELECT w1=4772
SELECT w2=4913
BUSY TASK ewma=997
DMA IRQ c0=2
DMA IRQ c1=0
DMA IRQ c2=0
DMA IRQ c3=0
SELECT busy=8417
SELECT w0=8387
SELECT w1=4782
SELECT w2=4926
BUSY TASK ewma=997
DMA IRQ c0=2
DMA IRQ c1=0
DMA IRQ c2=0
DMA IRQ c3=0
SELECT busy=8438
SELECT w0=8407
SELECT w1=4787
SELECT w2=4933
BUSY TASK ewma=997
DMA IRQ c0=2
DMA IRQ c1=0
DMA IRQ c2=0
DMA IRQ c3=0
SELECT busy=8463
SELECT w0=8432
SELECT w1=4797
SELECT w2=4946
BUSY TASK ewma=997
DMA IRQ c0=2
DMA IRQ c1=0
DMA IRQ c2=0
DMA IRQ c3=0
SELECT busy=8482
SELECT w0=8451
SELECT w1=4802
SELECT w2=4952
BUSY TASK ewma=997
DMA IRQ c0=2
DMA IRQ c1=0
DMA IRQ c2=0
DMA IRQ c3=0
SELECT busy=8509
SELECT w0=8478
SELECT w1=4813
SELECT w2=4967
BUSY TASK ewma=997
DMA IRQ c0=2
DMA IRQ c1=0
DMA IRQ c2=0
DMA IRQ c3=0
SELECT busy=8526
SELECT w0=8496
SELECT w1=4818
SELECT w2=4972
BUSY TASK ewma=997
DMA IRQ c0=2
DMA IRQ c1=0
DMA IRQ c2=0
DMA IRQ c3=0
SELECT busy=8547
SELECT w0=8518
SELECT w1=4831
SELECT w2=4986
BUSY TASK ewma=997
DMA IRQ c0=2
DMA IRQ c1=0
DMA IRQ c2=0
DMA IRQ c3=0
SELECT busy=8565
SELECT w0=8534
SELECT w1=4838
SELECT w2=4994
BUSY TASK ewma=997
DMA IRQ c0=2
DMA IRQ c1=0
DMA IRQ c2=0
DMA IRQ c3=0
SELECT busy=8588
SELECT w0=8558
SELECT w1=4848
SELECT w2=5007
BUSY TASK ewma=997
DMA IRQ c0=2
DMA IRQ c1=0
DMA IRQ c2=0
DMA IRQ c3=0
SELECT busy=8612
SELECT w0=8582
SELECT w1=4859
SELECT w2=5022
BUSY TASK ewma=997
DMA IRQ c0=2
DMA IRQ c1=0
DMA IRQ c2=0
DMA IRQ c3=0
SELECT busy=8639
SELECT w0=8609
SELECT w1=4871
SELECT w2=5036
BUSY TASK ewma=997
DMA IRQ c0=2
DMA IRQ c1=0
DMA IRQ c2=0
DMA IRQ c3=0
SELECT busy=8665
SELECT w0=8635
SELECT w1=4885
SELECT w2=5053
BUSY TASK ewma=997
DMA IRQ c0=2
DMA IRQ c1=0
DMA IRQ c2=0
DMA IRQ c3=0
SELECT busy=8690
SELECT w0=8660
SELECT w1=4899
SELECT w2=5069
BUSY TASK ewma=997
DMA IRQ c0=2
DMA IRQ c1=0
DMA IRQ c2=0
DMA IRQ c3=0
SELECT busy=8711
SELECT w0=8681
SELECT w1=4908
SELECT w2=5078
BUSY TASK ewma=997
DMA IRQ c0=2
DMA IRQ c1=0
DMA IRQ c2=0
DMA IRQ c3=0
SELECT busy=8741
SELECT w0=8711
SELECT w1=4921
SELECT w2=5093
BUSY TASK ewma=997
DMA IRQ c0=2
DMA IRQ c1=0
DMA IRQ c2=0
DMA IRQ c3=0
SELECT busy=8767
SELECT w0=8737
SELECT w1=4932
SELECT w2=5109
BUSY TASK ewma=997
DMA IRQ c0=2
DMA IRQ c1=0
DMA IRQ c2=0
DMA IRQ c3=0
SELECT busy=8789
SELECT w0=8759
SELECT w1=4942
SELECT w2=5124
BUSY TASK ewma=997
DMA IRQ c0=2
DMA IRQ c1=0
DMA IRQ c2=0
DMA IRQ c3=0
SELECT busy=8803
SELECT w0=8772
SELECT w1=4948
SELECT w2=5131
BUSY TASK ewma=997
DMA IRQ c0=2
DMA IRQ c1=0
DMA IRQ c2=0
DMA IRQ c3=0
SELECT busy=8821
SELECT w0=8790
SELECT w1=4956
SELECT w2=5144
BUSY TASK ewma=997
DMA IRQ c0=2
DMA IRQ c1=0
DMA IRQ c2=0
DMA IRQ c3=0
SELECT busy=8846
SELECT w0=8817
SELECT w1=4972
SELECT w2=5160
BUSY TASK ewma=997
DMA IRQ c0=2
DMA IRQ c1=0
DMA IRQ c2=0
DMA IRQ c3=0
SELECT busy=8868
SELECT w0=8838
SELECT w1=4981
SELECT w2=5178
BUSY TASK ewma=997
DMA IRQ c0=2
DMA IRQ c1=0
DMA IRQ c2=0
DMA IRQ c3=0
SELECT busy=8897
SELECT w0=8866
SELECT w1=4993
SELECT w2=5192
BUSY TASK ewma=997
DMA IRQ c0=2
DMA IRQ c1=0
DMA IRQ c2=0
DMA IRQ c3=0
SELECT busy=8912
SELECT w0=8882
SELECT w1=5001
SELECT w2=5203
BUSY TASK ewma=997
DMA IRQ c0=2
DMA IRQ c1=0
DMA IRQ c2=0
DMA IRQ c3=0
SELECT busy=8928
SELECT w0=8897
SELECT w1=5008
SELECT w2=5216
BUSY TASK ewma=997
DMA IRQ c0=2
DMA IRQ c1=0
DMA IRQ c2=0
DMA IRQ c3=0
SELECT busy=8948
SELECT w0=8918
SELECT w1=5019
SELECT w2=5232
BUSY TASK ewma=997
DMA IRQ c0=2
DMA IRQ c1=0
DMA IRQ c2=0
DMA IRQ c3=0
SELECT busy=8965
SELECT w0=8935
SELECT w1=5027
SELECT w2=5243
BUSY TASK ewma=997
DMA IRQ c0=2
DMA IRQ c1=0
DMA IRQ c2=0
DMA IRQ c3=0
SELECT busy=8982
SELECT w0=8952
SELECT w1=5037
SELECT w2=5254
BUSY TASK ewma=997
DMA IRQ c0=2
DMA IRQ c1=0
DMA IRQ c2=0
DMA IRQ c3=0
SELECT busy=9007
SELECT w0=8976
SELECT w1=5044
SELECT w2=5263
BUSY TASK ewma=997
IRQ counts: cpu0=18008 cpu1=21112 cpu2=20910 cpu3=20939
SCHED secondaries: calls=62984 unexpected=0
SECTEST switches=62959 cpu1=211110930,208239147 cpu2=177791319,175096668 cpu3=254702079,245467359
PINGPONG rounds=2000 pongs=2000
DMA IRQ c0=2
DMA IRQ c1=0
DMA IRQ c2=0
DMA IRQ c3=0
SELECT busy=9046
SELECT w0=9016
SELECT w1=5069
SELECT w2=5294
BUSY TASK ewma=997
DMA IRQ c0=2
DMA IRQ c1=0
DMA IRQ c2=0
DMA IRQ c3=0
SELECT busy=9064
SELECT w0=9033
SELECT w1=5076
SELECT w2=5302
BUSY TASK ewma=997
DMA IRQ c0=2
DMA IRQ c1=0
DMA IRQ c2=0
DMA IRQ c3=0
SELECT busy=9081
SELECT w0=9051
SELECT w1=5083
SELECT w2=5312
BUSY TASK ewma=997
DMA IRQ c0=2
DMA IRQ c1=0
DMA IRQ c2=0
DMA IRQ c3=0
SELECT busy=9098
SELECT w0=9067
SELECT w1=5090
SELECT w2=5321
BUSY TASK ewma=997
DMA IRQ c0=2
DMA IRQ c1=0
DMA IRQ c2=0
DMA IRQ c3=0
SELECT busy=9122
SELECT w0=9092
SELECT w1=5104
SELECT w2=5339
BUSY TASK ewma=997
DMA IRQ c0=2
DMA IRQ c1=0
DMA IRQ c2=0
DMA IRQ c3=0
SELECT busy=9150
SELECT w0=9121
SELECT w1=5118
SELECT w2=5353
BUSY TASK ewma=997
DMA IRQ c0=2
DMA IRQ c1=0
DMA IRQ c2=0
DMA IRQ c3=0
SELECT busy=9182
SELECT w0=9152
SELECT w1=5134
SELECT w2=5375
BUSY TASK ewma=997
DMA IRQ c0=2
DMA IRQ c1=0
DMA IRQ c2=0
DMA IRQ c3=0
SELECT busy=9203
SELECT w0=9172
SELECT w1=5143
SELECT w2=5384
BUSY TASK ewma=997
DMA IRQ c0=2
DMA IRQ c1=0
DMA IRQ c2=0
DMA IRQ c3=0
SELECT busy=9227
SELECT w0=9197
SELECT w1=5155
SELECT w2=5398
BUSY TASK ewma=997
DMA IRQ c0=2
DMA IRQ c1=0
DMA IRQ c2=0
DMA IRQ c3=0
SELECT busy=9252
SELECT w0=9222
SELECT w1=5165
SELECT w2=5410
BUSY TASK ewma=997
DMA IRQ c0=2
DMA IRQ c1=0
DMA IRQ c2=0
DMA IRQ c3=0
SELECT busy=9273
SELECT w0=9242
SELECT w1=5173
SELECT w2=5421
BUSY TASK ewma=997
DMA IRQ c0=2
DMA IRQ c1=0
DMA IRQ c2=0
DMA IRQ c3=0
SELECT busy=9294
SELECT w0=9264
SELECT w1=5183
SELECT w2=5434
BUSY TASK ewma=997
DMA IRQ c0=2
DMA IRQ c1=0
DMA IRQ c2=0
DMA IRQ c3=0
SELECT busy=9314
SELECT w0=9284
SELECT w1=5193
SELECT w2=5453
BUSY TASK ewma=997
DMA IRQ c0=2
DMA IRQ c1=0
DMA IRQ c2=0
DMA IRQ c3=0
SELECT busy=9341
SELECT w0=9311
SELECT w1=5210
SELECT w2=5477
BUSY TASK ewma=997
DMA IRQ c0=2
DMA IRQ c1=0
DMA IRQ c2=0
DMA IRQ c3=0
SELECT busy=9361
SELECT w0=9330
SELECT w1=5216
SELECT w2=5484
BUSY TASK ewma=997
DMA IRQ c0=2
DMA IRQ c1=0
DMA IRQ c2=0
DMA IRQ c3=0
SELECT busy=9383
SELECT w0=9355
SELECT w1=5227
SELECT w2=5500
BUSY TASK ewma=997
DMA IRQ c0=2
DMA IRQ c1=0
DMA IRQ c2=0
DMA IRQ c3=0
SELECT busy=9402
SELECT w0=9371
SELECT w1=5235
SELECT w2=5507
BUSY TASK ewma=997
DMA IRQ c0=2
DMA IRQ c1=0
DMA IRQ c2=0
DMA IRQ c3=0
SELECT busy=9421
SELECT w0=9390
SELECT w1=5243
SELECT w2=5519
BUSY TASK ewma=997
DMA IRQ c0=2
DMA IRQ c1=0
DMA IRQ c2=0
DMA IRQ c3=0
SELECT busy=9437
SELECT w0=9406
SELECT w1=5249
SELECT w2=5529
BUSY TASK ewma=997
DMA IRQ c0=2
DMA IRQ c1=0
DMA IRQ c2=0
DMA IRQ c3=0
SELECT busy=9453
SELECT w0=9422
SELECT w1=5257
SELECT w2=5539
BUSY TASK ewma=997
DMA IRQ c0=2
DMA IRQ c1=0
DMA IRQ c2=0
DMA IRQ c3=0
SELECT busy=9470
SELECT w0=9439
SELECT w1=5267
SELECT w2=5551
BUSY TASK ewma=997
DMA IRQ c0=2
DMA IRQ c1=0
DMA IRQ c2=0
DMA IRQ c3=0
SELECT busy=9490
SELECT w0=9459
SELECT w1=5276
SELECT w2=5564
BUSY TASK ewma=997
DMA IRQ c0=2
DMA IRQ c1=0
DMA IRQ c2=0
DMA IRQ c3=0
SELECT busy=9516
SELECT w0=9485
SELECT w1=5289
SELECT w2=5581
BUSY TASK ewma=997
DMA IRQ c0=2
DMA IRQ c1=0
DMA IRQ c2=0
DMA IRQ c3=0
SELECT busy=9542
SELECT w0=9512
SELECT w1=5298
SELECT w2=5595
BUSY TASK ewma=997
DMA IRQ c0=2
DMA IRQ c1=0
DMA IRQ c2=0
DMA IRQ c3=0
SELECT busy=9566
SELECT w0=9535
SELECT w1=5310
SELECT w2=5608
BUSY TASK ewma=997
DMA IRQ c0=2
DMA IRQ c1=0
DMA IRQ c2=0
DMA IRQ c3=0
SELECT busy=9589
SELECT w0=9559
SELECT w1=5321
SELECT w2=5621
BUSY TASK ewma=997
DMA IRQ c0=2
DMA IRQ c1=0
DMA IRQ c2=0
DMA IRQ c3=0
SELECT busy=9610
SELECT w0=9580
SELECT w1=5331
SELECT w2=5635
BUSY TASK ewma=997
DMA IRQ c0=2
DMA IRQ c1=0
DMA IRQ c2=0
DMA IRQ c3=0
SELECT busy=9634
SELECT w0=9604
SELECT w1=5343
SELECT w2=5653
BUSY TASK ewma=997
DMA IRQ c0=2
DMA IRQ c1=0
DMA IRQ c2=0
DMA IRQ c3=0
SELECT busy=9659
SELECT w0=9629
SELECT w1=5355
SELECT w2=5669
BUSY TASK ewma=997
DMA IRQ c0=2
DMA IRQ c1=0
DMA IRQ c2=0
DMA IRQ c3=0
SELECT busy=9674
SELECT w0=9643
SELECT w1=5361
SELECT w2=5677
BUSY TASK ewma=997
DMA IRQ c0=2
DMA IRQ c1=0
DMA IRQ c2=0
DMA IRQ c3=0
SELECT busy=9698
SELECT w0=9668
SELECT w1=5375
SELECT w2=5693
BUSY TASK ewma=997
DMA IRQ c0=2
DMA IRQ c1=0
DMA IRQ c2=0
DMA IRQ c3=0
SELECT busy=9714
SELECT w0=9684
SELECT w1=5386
SELECT w2=5702
BUSY TASK ewma=997
DMA IRQ c0=2
DMA IRQ c1=0
DMA IRQ c2=0
DMA IRQ c3=0
SELECT busy=9732
SELECT w0=9701
SELECT w1=5394
SELECT w2=5710
BUSY TASK ewma=997
DMA IRQ c0=2
DMA IRQ c1=0
DMA IRQ c2=0
DMA IRQ c3=0
SELECT busy=9753
SELECT w0=9723
SELECT w1=5403
SELECT w2=5724
BUSY TASK ewma=997
DMA IRQ c0=2
DMA IRQ c1=0
DMA IRQ c2=0
DMA IRQ c3=0
SELECT busy=9770
SELECT w0=9739
SELECT w1=5411
SELECT w2=5734
BUSY TASK ewma=997
DMA IRQ c0=2
DMA IRQ c1=0
DMA IRQ c2=0
DMA IRQ c3=0
SELECT busy=9783
SELECT w0=9752
SELECT w1=5417
SELECT w2=5742
BUSY TASK ewma=997
DMA IRQ c0=2
DMA IRQ c1=0
DMA IRQ c2=0
DMA IRQ c3=0
SELECT busy=9796
SELECT w0=9766
SELECT w1=5422
SELECT w2=5749
BUSY TASK ewma=997
DMA IRQ c0=2
DMA IRQ c1=0
qemu-system-aarch64: terminating on signal 15 from pid 249786 (timeout)
