P4 M7: full integration test boot OK
CPU0: MPIDR_EL1=0x0000000080000000
CPU0: psci_cpu_on target=1 rc=0
CPU1: alive, MPIDR_EL1=0x0000000080000001 this_cpu()->cpu_id=1
CPU0: psci_cpu_on target=2 rc=0
CPU2: alive, MPIDR_EL1=0x0000000080000002 this_cpu()->cpu_id=2
CPU0: psci_cpu_on target=3 rc=0
CPU3: alive, MPIDR_EL1=0x0000000080000003 this_cpu()->cpu_id=3
CPUs online: 4
D2b: worker 1 runs on CPU1
D2b: worker 2 runs on CPU2
D2b: worker 0 runs on CPU0
P4 M7: worker submitted cmd_id=3
P4 M7: worker submitted cmd_id=1
P4 M7: worker submitted cmd_id=2
BUSY TASK ewma=997
DMA IRQ c0=0
DMA IRQ c1=0
DMA IRQ c2=0
DMA IRQ c3=0
SELECT busy=23
SELECT w0=4
SELECT w1=6
SELECT w2=6
BUSY TASK ewma=997
DMA IRQ c0=0
DMA IRQ c1=0
DMA IRQ c2=0
DMA IRQ c3=0
SELECT busy=42
SELECT w0=4
SELECT w1=6
SELECT w2=6
P4 M7: worker DATA OK, cmd_id=2
P4 M7: worker DATA OK, cmd_id=1
WORKER ewma=881
P4 M7: worker DATA OK, cmd_id=3
WORKER ewma=881
WORKER ewma=881
BUSY TASK ewma=997
DMA IRQ c0=1
DMA IRQ c1=0
DMA IRQ c2=0
DMA IRQ c3=0
SELECT busy=72
SELECT w0=31
SELECT w1=68
SELECT w2=48
BUSY TASK ewma=997
DMA IRQ c0=1
DMA IRQ c1=0
DMA IRQ c2=0
DMA IRQ c3=0
SELECT busy=94
SELECT w0=52
SELECT w1=115
SELECT w2=93
BUSY TASK ewma=997
DMA IRQ c0=1
DMA IRQ c1=0
DMA IRQ c2=0
DMA IRQ c3=0
SELECT busy=123
SELECT w0=82
SELECT w1=135
SELECT w2=120
BUSY TASK ewma=997
DMA IRQ c0=1
DMA IRQ c1=0
DMA IRQ c2=0
DMA IRQ c3=0
SELECT busy=145
SELECT w0=103
SELECT w1=146
SELECT w2=135
BUSY TASK ewma=997
DMA IRQ c0=1
DMA IRQ c1=0
DMA IRQ c2=0
DMA IRQ c3=0
SELECT busy=164
SELECT w0=122
SELECT w1=158
SELECT w2=150
BUSY TASK ewma=997
DMA IRQ c0=1
DMA IRQ c1=0
DMA IRQ c2=0
DMA IRQ c3=0
SELECT busy=193
SELECT w0=152
SELECT w1=174
SELECT w2=172
BUSY TASK ewma=997
DMA IRQ c0=1
DMA IRQ c1=0
DMA IRQ c2=0
DMA IRQ c3=0
SELECT busy=223
SELECT w0=183
SELECT w1=189
SELECT w2=191
BUSY TASK ewma=997
DMA IRQ c0=1
DMA IRQ c1=0
DMA IRQ c2=0
DMA IRQ c3=0
SELECT busy=258
SELECT w0=216
SELECT w1=206
SELECT w2=214
BUSY TASK ewma=997
DMA IRQ c0=1
DMA IRQ c1=0
DMA IRQ c2=0
DMA IRQ c3=0
SELECT busy=276
SELECT w0=234
SELECT w1=214
SELECT w2=222
BUSY TASK ewma=997
DMA IRQ c0=1
DMA IRQ c1=0
DMA IRQ c2=0
DMA IRQ c3=0
SELECT busy=298
SELECT w0=259
SELECT w1=231
SELECT w2=238
BUSY TASK ewma=997
DMA IRQ c0=1
DMA IRQ c1=0
DMA IRQ c2=0
DMA IRQ c3=0
SELECT busy=328
SELECT w0=287
SELECT w1=252
SELECT w2=255
BUSY TASK ewma=997
DMA IRQ c0=1
DMA IRQ c1=0
DMA IRQ c2=0
DMA IRQ c3=0
SELECT busy=365
SELECT w0=324
SELECT w1=272
SELECT w2=273
BUSY TASK ewma=997
DMA IRQ c0=1
DMA IRQ c1=0
DMA IRQ c2=0
DMA IRQ c3=0
SELECT busy=402
SELECT w0=361
SELECT w1=286
SELECT w2=287
BUSY TASK ewma=997
DMA IRQ c0=1
DMA IRQ c1=0
DMA IRQ c2=0
DMA IRQ c3=0
SELECT busy=427
SELECT w0=385
SELECT w1=303
SELECT w2=299
BUSY TASK ewma=997
DMA IRQ c0=1
DMA IRQ c1=0
DMA IRQ c2=0
DMA IRQ c3=0
SELECT busy=450
SELECT w0=409
SELECT w1=318
SELECT w2=312
BUSY TASK ewma=997
DMA IRQ c0=1
DMA IRQ c1=0
DMA IRQ c2=0
DMA IRQ c3=0
SELECT busy=471
SELECT w0=429
SELECT w1=328
SELECT w2=322
BUSY TASK ewma=997
DMA IRQ c0=1
DMA IRQ c1=0
DMA IRQ c2=0
DMA IRQ c3=0
SELECT busy=489
SELECT w0=447
SELECT w1=341
SELECT w2=331
BUSY TASK ewma=997
DMA IRQ c0=1
DMA IRQ c1=0
DMA IRQ c2=0
DMA IRQ c3=0
SELECT busy=507
SELECT w0=465
SELECT w1=348
SELECT w2=339
BUSY TASK ewma=997
DMA IRQ c0=1
DMA IRQ c1=0
DMA IRQ c2=0
DMA IRQ c3=0
SELECT busy=524
SELECT w0=483
SELECT w1=355
SELECT w2=347
BUSY TASK ewma=997
DMA IRQ c0=1
DMA IRQ c1=0
DMA IRQ c2=0
DMA IRQ c3=0
SELECT busy=543
SELECT w0=501
SELECT w1=364
SELECT w2=354
BUSY TASK ewma=997
DMA IRQ c0=1
DMA IRQ c1=0
DMA IRQ c2=0
DMA IRQ c3=0
SELECT busy=565
SELECT w0=524
SELECT w1=375
SELECT w2=367
BUSY TASK ewma=997
DMA IRQ c0=1
DMA IRQ c1=0
DMA IRQ c2=0
DMA IRQ c3=0
SELECT busy=592
SELECT w0=551
SELECT w1=397
SELECT w2=385
BUSY TASK ewma=997
DMA IRQ c0=1
DMA IRQ c1=0
DMA IRQ c2=0
DMA IRQ c3=0
SELECT busy=621
SELECT w0=580
SELECT w1=410
SELECT w2=395
BUSY TASK ewma=997
DMA IRQ c0=1
DMA IRQ c1=0
DMA IRQ c2=0
DMA IRQ c3=0
SELECT busy=646
SELECT w0=605
SELECT w1=419
SELECT w2=404
BUSY TASK ewma=997
DMA IRQ c0=1
DMA IRQ c1=0
DMA IRQ c2=0
DMA IRQ c3=0
SELECT busy=675
SELECT w0=633
SELECT w1=434
SELECT w2=417
BUSY TASK ewma=997
DMA IRQ c0=1
DMA IRQ c1=0
DMA IRQ c2=0
DMA IRQ c3=0
SELECT busy=697
SELECT w0=655
SELECT w1=441
SELECT w2=425
BUSY TASK ewma=997
DMA IRQ c0=1
DMA IRQ c1=0
DMA IRQ c2=0
DMA IRQ c3=0
SELECT busy=719
SELECT w0=677
SELECT w1=455
SELECT w2=439
BUSY TASK ewma=997
DMA IRQ c0=1
DMA IRQ c1=0
DMA IRQ c2=0
DMA IRQ c3=0
SELECT busy=755
SELECT w0=714
SELECT w1=478
SELECT w2=463
BUSY TASK ewma=997
DMA IRQ c0=1
DMA IRQ c1=0
DMA IRQ c2=0
DMA IRQ c3=0
SELECT busy=783
SELECT w0=741
SELECT w1=497
SELECT w2=480
BUSY TASK ewma=997
DMA IRQ c0=1
DMA IRQ c1=0
DMA IRQ c2=0
DMA IRQ c3=0
SELECT busy=822
SELECT w0=781
SELECT w1=522
SELECT w2=498
BUSY TASK ewma=997
DMA IRQ c0=1
DMA IRQ c1=0
DMA IRQ c2=0
DMA IRQ c3=0
SELECT busy=837
SELECT w0=796
SELECT w1=530
SELECT w2=508
BUSY TASK ewma=997
DMA IRQ c0=1
DMA IRQ c1=0
DMA IRQ c2=0
DMA IRQ c3=0
SELECT busy=856
SELECT w0=815
SELECT w1=541
SELECT w2=517
BUSY TASK ewma=997
DMA IRQ c0=1
DMA IRQ c1=0
DMA IRQ c2=0
DMA IRQ c3=0
SELECT busy=873
SELECT w0=831
SELECT w1=551
SELECT w2=528
BUSY TASK ewma=997
DMA IRQ c0=1
DMA IRQ c1=0
DMA IRQ c2=0
DMA IRQ c3=0
SELECT busy=895
SELECT w0=854
SELECT w1=565
SELECT w2=546
BUSY TASK ewma=997
DMA IRQ c0=1
DMA IRQ c1=0
DMA IRQ c2=0
DMA IRQ c3=0
SELECT busy=923
SELECT w0=882
SELECT w1=582
SELECT w2=567
BUSY TASK ewma=997
DMA IRQ c0=1
DMA IRQ c1=0
DMA IRQ c2=0
DMA IRQ c3=0
SELECT busy=942
SELECT w0=901
SELECT w1=594
SELECT w2=576
BUSY TASK ewma=997
DMA IRQ c0=1
DMA IRQ c1=0
DMA IRQ c2=0
DMA IRQ c3=0
SELECT busy=961
SELECT w0=920
SELECT w1=606
SELECT w2=586
BUSY TASK ewma=997
DMA IRQ c0=1
DMA IRQ c1=0
DMA IRQ c2=0
DMA IRQ c3=0
SELECT busy=980
SELECT w0=939
SELECT w1=619
SELECT w2=599
BUSY TASK ewma=997
DMA IRQ c0=1
DMA IRQ c1=0
DMA IRQ c2=0
DMA IRQ c3=0
SELECT busy=1002
SELECT w0=961
SELECT w1=631
SELECT w2=615
BUSY TASK ewma=997
DMA IRQ c0=1
DMA IRQ c1=0
DMA IRQ c2=0
DMA IRQ c3=0
SELECT busy=1024
SELECT w0=982
SELECT w1=639
SELECT w2=623
BUSY TASK ewma=997
DMA IRQ c0=1
DMA IRQ c1=0
DMA IRQ c2=0
DMA IRQ c3=0
SELECT busy=1041
SELECT w0=999
SELECT w1=648
SELECT w2=632
BUSY TASK ewma=997
DMA IRQ c0=1
DMA IRQ c1=0
DMA IRQ c2=0
DMA IRQ c3=0
SELECT busy=1063
SELECT w0=1021
SELECT w1=659
SELECT w2=642
BUSY TASK ewma=997
DMA IRQ c0=1
DMA IRQ c1=0
DMA IRQ c2=0
DMA IRQ c3=0
SELECT busy=1082
SELECT w0=1042
SELECT w1=678
SELECT w2=657
BUSY TASK ewma=997
DMA IRQ c0=1
DMA IRQ c1=0
DMA IRQ c2=0
DMA IRQ c3=0
SELECT busy=1103
SELECT w0=1062
SELECT w1=687
SELECT w2=666
BUSY TASK ewma=997
DMA IRQ c0=1
DMA IRQ c1=0
DMA IRQ c2=0
DMA IRQ c3=0
SELECT busy=1125
SELECT w0=1084
SELECT w1=702
SELECT w2=679
BUSY TASK ewma=997
DMA IRQ c0=1
DMA IRQ c1=0
DMA IRQ c2=0
DMA IRQ c3=0
SELECT busy=1154
SELECT w0=1113
SELECT w1=721
SELECT w2=699
BUSY TASK ewma=997
DMA IRQ c0=1
DMA IRQ c1=0
DMA IRQ c2=0
DMA IRQ c3=0
SELECT busy=1180
SELECT w0=1139
SELECT w1=735
SELECT w2=714
BUSY TASK ewma=997
DMA IRQ c0=1
DMA IRQ c1=0
DMA IRQ c2=0
DMA IRQ c3=0
SELECT busy=1217
SELECT w0=1176
SELECT w1=765
SELECT w2=735
BUSY TASK ewma=997
DMA IRQ c0=1
DMA IRQ c1=0
DMA IRQ c2=0
DMA IRQ c3=0
SELECT busy=1238
SELECT w0=1196
SELECT w1=776
SELECT w2=746
BUSY TASK ewma=997
DMA IRQ c0=1
DMA IRQ c1=0
DMA IRQ c2=0
DMA IRQ c3=0
SELECT busy=1259
SELECT w0=1217
SELECT w1=783
SELECT w2=751
BUSY TASK ewma=997
DMA IRQ c0=1
DMA IRQ c1=0
DMA IRQ c2=0
DMA IRQ c3=0
SELECT busy=1279
SELECT w0=1238
SELECT w1=792
SELECT w2=763
BUSY TASK ewma=997
DMA IRQ c0=1
DMA IRQ c1=0
DMA IRQ c2=0
DMA IRQ c3=0
SELECT busy=1303
SELECT w0=1261
SELECT w1=803
SELECT w2=774
BUSY TASK ewma=997
DMA IRQ c0=1
DMA IRQ c1=0
DMA IRQ c2=0
DMA IRQ c3=0
SELECT busy=1330
SELECT w0=1288
SELECT w1=816
SELECT w2=789
BUSY TASK ewma=997
DMA IRQ c0=1
DMA IRQ c1=0
DMA IRQ c2=0
DMA IRQ c3=0
SELECT busy=1344
SELECT w0=1304
SELECT w1=826
SELECT w2=798
BUSY TASK ewma=997
DMA IRQ c0=1
DMA IRQ c1=0
DMA IRQ c2=0
DMA IRQ c3=0
SELECT busy=1370
SELECT w0=1329
SELECT w1=837
SELECT w2=812
BUSY TASK ewma=997
DMA IRQ c0=1
DMA IRQ c1=0
DMA IRQ c2=0
DMA IRQ c3=0
SELECT busy=1397
SELECT w0=1356
SELECT w1=854
SELECT w2=831
BUSY TASK ewma=997
DMA IRQ c0=1
DMA IRQ c1=0
DMA IRQ c2=0
DMA IRQ c3=0
SELECT busy=1425
SELECT w0=1383
SELECT w1=873
SELECT w2=848
BUSY TASK ewma=997
DMA IRQ c0=1
DMA IRQ c1=0
DMA IRQ c2=0
DMA IRQ c3=0
SELECT busy=1449
SELECT w0=1408
SELECT w1=884
SELECT w2=859
BUSY TASK ewma=997
DMA IRQ c0=1
DMA IRQ c1=0
DMA IRQ c2=0
DMA IRQ c3=0
SELECT busy=1478
SELECT w0=1437
SELECT w1=900
SELECT w2=873
BUSY TASK ewma=997
DMA IRQ c0=1
DMA IRQ c1=0
DMA IRQ c2=0
DMA IRQ c3=0
SELECT busy=1502
SELECT w0=1461
SELECT w1=913
SELECT w2=887
BUSY TASK ewma=997
DMA IRQ c0=1
DMA IRQ c1=0
DMA IRQ c2=0
DMA IRQ c3=0
SELECT busy=1525
SELECT w0=1483
SELECT w1=923
SELECT w2=898
BUSY TASK ewma=997
IRQ counts: cpu0=3045 cpu1=3530 cpu2=3432 cpu3=3408
SCHED secondaries: calls=10382 unexpected=0
SECTEST switches=10355 cpu1=37728142,36707713 cpu2=28614562,27094845 cpu3=42965104,38886435
PINGPONG rounds=669 pongs=671
DMA IRQ c0=1
DMA IRQ c1=0
DMA IRQ c2=0
DMA IRQ c3=0
SELECT busy=1558
SELECT w0=1516
SELECT w1=943
SELECT w2=915
BUSY TASK ewma=997
DMA IRQ c0=1
DMA IRQ c1=0
DMA IRQ c2=0
DMA IRQ c3=0
SELECT busy=1578
SELECT w0=1537
SELECT w1=954
SELECT w2=924
BUSY TASK ewma=997
DMA IRQ c0=1
DMA IRQ c1=0
DMA IRQ c2=0
DMA IRQ c3=0
SELECT busy=1598
SELECT w0=1556
SELECT w1=960
SELECT w2=932
BUSY TASK ewma=997
DMA IRQ c0=1
DMA IRQ c1=0
DMA IRQ c2=0
DMA IRQ c3=0
SELECT busy=1621
SELECT w0=1579
SELECT w1=975
SELECT w2=944
BUSY TASK ewma=997
DMA IRQ c0=1
DMA IRQ c1=0
DMA IRQ c2=0
DMA IRQ c3=0
SELECT busy=1640
SELECT w0=1598
SELECT w1=983
SELECT w2=952
BUSY TASK ewma=997
DMA IRQ c0=1
DMA IRQ c1=0
DMA IRQ c2=0
DMA IRQ c3=0
SELECT busy=1667
SELECT w0=1626
SELECT w1=996
SELECT w2=970
BUSY TASK ewma=997
DMA IRQ c0=1
DMA IRQ c1=0
DMA IRQ c2=0
DMA IRQ c3=0
SELECT busy=1693
SELECT w0=1652
SELECT w1=1011
SELECT w2=983
BUSY TASK ewma=997
DMA IRQ c0=1
DMA IRQ c1=0
DMA IRQ c2=0
DMA IRQ c3=0
SELECT busy=1715
SELECT w0=1674
SELECT w1=1024
SELECT w2=997
BUSY TASK ewma=997
DMA IRQ c0=1
DMA IRQ c1=0
DMA IRQ c2=0
DMA IRQ c3=0
SELECT busy=1740
SELECT w0=1700
SELECT w1=1041
SELECT w2=1014
BUSY TASK ewma=997
DMA IRQ c0=1
DMA IRQ c1=0
DMA IRQ c2=0
DMA IRQ c3=0
SELECT busy=1768
SELECT w0=1727
SELECT w1=1057
SELECT w2=1036
BUSY TASK ewma=997
DMA IRQ c0=1
DMA IRQ c1=0
DMA IRQ c2=0
DMA IRQ c3=0
SELECT busy=1793
SELECT w0=1752
SELECT w1=1070
SELECT w2=1046
BUSY TASK ewma=997
DMA IRQ c0=1
DMA IRQ c1=0
DMA IRQ c2=0
DMA IRQ c3=0
SELECT busy=1819
SELECT w0=1777
SELECT w1=1084
SELECT w2=1060
BUSY TASK ewma=997
DMA IRQ c0=1
DMA IRQ c1=0
DMA IRQ c2=0
DMA IRQ c3=0
SELECT busy=1840
SELECT w0=1799
SELECT w1=1096
SELECT w2=1077
BUSY TASK ewma=997
DMA IRQ c0=1
DMA IRQ c1=0
DMA IRQ c2=0
DMA IRQ c3=0
SELECT busy=1861
SELECT w0=1820
SELECT w1=1109
SELECT w2=1090
BUSY TASK ewma=997
DMA IRQ c0=1
DMA IRQ c1=0
DMA IRQ c2=0
DMA IRQ c3=0
SELECT busy=1879
SELECT w0=1838
SELECT w1=1123
SELECT w2=1103
BUSY TASK ewma=997
DMA IRQ c0=1
DMA IRQ c1=0
DMA IRQ c2=0
DMA IRQ c3=0
SELECT busy=1911
SELECT w0=1869
SELECT w1=1139
SELECT w2=1117
BUSY TASK ewma=997
DMA IRQ c0=1
DMA IRQ c1=0
DMA IRQ c2=0
DMA IRQ c3=0
SELECT busy=1935
SELECT w0=1893
SELECT w1=1151
SELECT w2=1132
BUSY TASK ewma=997
DMA IRQ c0=1
DMA IRQ c1=0
DMA IRQ c2=0
DMA IRQ c3=0
SELECT busy=1966
SELECT w0=1925
SELECT w1=1180
SELECT w2=1156
BUSY TASK ewma=997
DMA IRQ c0=1
DMA IRQ c1=0
DMA IRQ c2=0
DMA IRQ c3=0
SELECT busy=1989
SELECT w0=1947
SELECT w1=1195
SELECT w2=1169
BUSY TASK ewma=997
DMA IRQ c0=1
DMA IRQ c1=0
DMA IRQ c2=0
DMA IRQ c3=0
SELECT busy=2006
SELECT w0=1964
SELECT w1=1206
SELECT w2=1177
BUSY TASK ewma=997
DMA IRQ c0=1
DMA IRQ c1=0
DMA IRQ c2=0
DMA IRQ c3=0
SELECT busy=2031
SELECT w0=1989
SELECT w1=1223
SELECT w2=1198
BUSY TASK ewma=997
DMA IRQ c0=1
DMA IRQ c1=0
DMA IRQ c2=0
DMA IRQ c3=0
SELECT busy=2063
SELECT w0=2022
SELECT w1=1238
SELECT w2=1210
BUSY TASK ewma=997
DMA IRQ c0=1
DMA IRQ c1=0
DMA IRQ c2=0
DMA IRQ c3=0
SELECT busy=2089
SELECT w0=2048
SELECT w1=1257
SELECT w2=1228
BUSY TASK ewma=997
DMA IRQ c0=1
DMA IRQ c1=0
DMA IRQ c2=0
DMA IRQ c3=0
SELECT busy=2117
SELECT w0=2076
SELECT w1=1280
SELECT w2=1247
BUSY TASK ewma=997
DMA IRQ c0=1
DMA IRQ c1=0
DMA IRQ c2=0
DMA IRQ c3=0
SELECT busy=2142
SELECT w0=2101
SELECT w1=1298
SELECT w2=1265
BUSY TASK ewma=997
DMA IRQ c0=1
DMA IRQ c1=0
DMA IRQ c2=0
DMA IRQ c3=0
SELECT busy=2166
SELECT w0=2125
SELECT w1=1313
SELECT w2=1279
BUSY TASK ewma=997
DMA IRQ c0=1
DMA IRQ c1=0
DMA IRQ c2=0
DMA IRQ c3=0
SELECT busy=2189
SELECT w0=2147
SELECT w1=1323
SELECT w2=1289
BUSY TASK ewma=997
DMA IRQ c0=1
DMA IRQ c1=0
DMA IRQ c2=0
DMA IRQ c3=0
SELECT busy=2212
SELECT w0=2170
SELECT w1=1337
SELECT w2=1301
BUSY TASK ewma=997
DMA IRQ c0=1
DMA IRQ c1=0
DMA IRQ c2=0
DMA IRQ c3=0
SELECT busy=2233
SELECT w0=2192
SELECT w1=1346
SELECT w2=1311
BUSY TASK ewma=997
DMA IRQ c0=1
DMA IRQ c1=0
DMA IRQ c2=0
DMA IRQ c3=0
SELECT busy=2249
SELECT w0=2208
SELECT w1=1357
SELECT w2=1321
BUSY TASK ewma=997
DMA IRQ c0=1
DMA IRQ c1=0
DMA IRQ c2=0
DMA IRQ c3=0
SELECT busy=2274
SELECT w0=2232
SELECT w1=1375
SELECT w2=1331
BUSY TASK ewma=997
DMA IRQ c0=1
DMA IRQ c1=0
DMA IRQ c2=0
DMA IRQ c3=0
SELECT busy=2290
SELECT w0=2248
SELECT w1=1383
SELECT w2=1340
BUSY TASK ewma=997
DMA IRQ c0=1
DMA IRQ c1=0
DMA IRQ c2=0
DMA IRQ c3=0
SELECT busy=2315
SELECT w0=2273
SELECT w1=1399
SELECT w2=1356
BUSY TASK ewma=997
DMA IRQ c0=1
DMA IRQ c1=0
DMA IRQ c2=0
DMA IRQ c3=0
SELECT busy=2341
SELECT w0=2300
SELECT w1=1416
SELECT w2=1374
BUSY TASK ewma=997
DMA IRQ c0=1
DMA IRQ c1=0
DMA IRQ c2=0
DMA IRQ c3=0
SELECT busy=2372
SELECT w0=2331
SELECT w1=1441
SELECT w2=1394
BUSY TASK ewma=997
DMA IRQ c0=1
DMA IRQ c1=0
DMA IRQ c2=0
DMA IRQ c3=0
SELECT busy=2403
SELECT w0=2361
SELECT w1=1456
SELECT w2=1408
BUSY TASK ewma=997
DMA IRQ c0=1
DMA IRQ c1=0
DMA IRQ c2=0
DMA IRQ c3=0
SELECT busy=2420
SELECT w0=2378
SELECT w1=1463
SELECT w2=1414
BUSY TASK ewma=997
DMA IRQ c0=1
DMA IRQ c1=0
DMA IRQ c2=0
DMA IRQ c3=0
SELECT busy=2438
SELECT w0=2396
SELECT w1=1472
SELECT w2=1422
BUSY TASK ewma=997
DMA IRQ c0=1
DMA IRQ c1=0
DMA IRQ c2=0
DMA IRQ c3=0
SELECT busy=2463
SELECT w0=2422
SELECT w1=1485
SELECT w2=1437
BUSY TASK ewma=997
DMA IRQ c0=1
DMA IRQ c1=0
DMA IRQ c2=0
DMA IRQ c3=0
SELECT busy=2485
SELECT w0=2444
SELECT w1=1501
SELECT w2=1451
BUSY TASK ewma=997
DMA IRQ c0=1
DMA IRQ c1=0
DMA IRQ c2=0
DMA IRQ c3=0
SELECT busy=2505
SELECT w0=2463
SELECT w1=1510
SELECT w2=1459
BUSY TASK ewma=997
DMA IRQ c0=1
DMA IRQ c1=0
DMA IRQ c2=0
DMA IRQ c3=0
SELECT busy=2529
SELECT w0=2487
SELECT w1=1521
SELECT w2=1470
BUSY TASK ewma=997
DMA IRQ c0=1
DMA IRQ c1=0
DMA IRQ c2=0
DMA IRQ c3=0
SELECT busy=2562
SELECT w0=2524
SELECT w1=1546
SELECT w2=1487
BUSY TASK ewma=997
DMA IRQ c0=1
DMA IRQ c1=0
DMA IRQ c2=0
DMA IRQ c3=0
SELECT busy=2594
SELECT w0=2552
SELECT w1=1561
SELECT w2=1501
BUSY TASK ewma=997
DMA IRQ c0=1
DMA IRQ c1=0
DMA IRQ c2=0
DMA IRQ c3=0
SELECT busy=2623
SELECT w0=2583
SELECT w1=1576
SELECT w2=1519
BUSY TASK ewma=997
DMA IRQ c0=1
DMA IRQ c1=0
DMA IRQ c2=0
DMA IRQ c3=0
SELECT busy=2653
SELECT w0=2614
SELECT w1=1597
SELECT w2=1537
BUSY TASK ewma=997
DMA IRQ c0=1
DMA IRQ c1=0
DMA IRQ c2=0
DMA IRQ c3=0
SELECT busy=2680
SELECT w0=2638
SELECT w1=1612
SELECT w2=1548
BUSY TASK ewma=997
DMA IRQ c0=1
DMA IRQ c1=0
DMA IRQ c2=0
DMA IRQ c3=0
SELECT busy=2711
SELECT w0=2672
SELECT w1=1626
SELECT w2=1564
BUSY TASK ewma=997
DMA IRQ c0=1
DMA IRQ c1=0
DMA IRQ c2=0
DMA IRQ c3=0
SELECT busy=2738
SELECT w0=2697
SELECT w1=1639
SELECT w2=1578
BUSY TASK ewma=997
DMA IRQ c0=1
DMA IRQ c1=0
DMA IRQ c2=0
DMA IRQ c3=0
SELECT busy=2764
SELECT w0=2723
SELECT w1=1659
SELECT w2=1595
BUSY TASK ewma=997
DMA IRQ c0=1
DMA IRQ c1=0
DMA IRQ c2=0
DMA IRQ c3=0
SELECT busy=2788
SELECT w0=2746
SELECT w1=1669
SELECT w2=1603
BUSY TASK ewma=997
DMA IRQ c0=1
DMA IRQ c1=0
DMA IRQ c2=0
DMA IRQ c3=0
SELECT busy=2813
SELECT w0=2772
SELECT w1=1682
SELECT w2=1618
BUSY TASK ewma=997
DMA IRQ c0=1
DMA IRQ c1=0
DMA IRQ c2=0
DMA IRQ c3=0
SELECT busy=2833
SELECT w0=2792
SELECT w1=1694
SELECT w2=1635
BUSY TASK ewma=997
DMA IRQ c0=1
DMA IRQ c1=0
DMA IRQ c2=0
DMA IRQ c3=0
SELECT busy=2856
SELECT w0=2814
SELECT w1=1706
SELECT w2=1649
BUSY TASK ewma=997
DMA IRQ c0=1
DMA IRQ c1=0
DMA IRQ c2=0
DMA IRQ c3=0
SELECT busy=2872
SELECT w0=2830
SELECT w1=1715
SELECT w2=1661
BUSY TASK ewma=997
DMA IRQ c0=1
DMA IRQ c1=0
DMA IRQ c2=0
DMA IRQ c3=0
SELECT busy=2897
SELECT w0=2857
SELECT w1=1730
SELECT w2=1677
BUSY TASK ewma=997
DMA IRQ c0=1
DMA IRQ c1=0
DMA IRQ c2=0
DMA IRQ c3=0
SELECT busy=2915
SELECT w0=2874
SELECT w1=1739
SELECT w2=1687
BUSY TASK ewma=997
DMA IRQ c0=1
DMA IRQ c1=0
DMA IRQ c2=0
DMA IRQ c3=0
SELECT busy=2934
SELECT w0=2893
SELECT w1=1749
SELECT w2=1697
BUSY TASK ewma=997
DMA IRQ c0=1
DMA IRQ c1=0
DMA IRQ c2=0
DMA IRQ c3=0
SELECT busy=2958
SELECT w0=2921
SELECT w1=1763
SELECT w2=1711
BUSY TASK ewma=997
DMA IRQ c0=1
DMA IRQ c1=0
DMA IRQ c2=0
DMA IRQ c3=0
SELECT busy=2984
SELECT w0=2942
SELECT w1=1775
SELECT w2=1723
BUSY TASK ewma=997
DMA IRQ c0=1
DMA IRQ c1=0
DMA IRQ c2=0
DMA IRQ c3=0
SELECT busy=3010
SELECT w0=2969
SELECT w1=1790
SELECT w2=1741
BUSY TASK ewma=997
DMA IRQ c0=1
DMA IRQ c1=0
DMA IRQ c2=0
DMA IRQ c3=0
SELECT busy=3028
SELECT w0=2986
SELECT w1=1798
SELECT w2=1750
BUSY TASK ewma=997
DMA IRQ c0=1
DMA IRQ c1=0
DMA IRQ c2=0
DMA IRQ c3=0
SELECT busy=3046
SELECT w0=3004
SELECT w1=1808
SELECT w2=1759
BUSY TASK ewma=997
DMA IRQ c0=1
DMA IRQ c1=0
DMA IRQ c2=0
DMA IRQ c3=0
SELECT busy=3065
SELECT w0=3025
SELECT w1=1815
SELECT w2=1766
BUSY TASK ewma=997
IRQ counts: cpu0=6131 cpu1=7181 cpu2=7006 cpu3=6867
SCHED secondaries: calls=21076 unexpected=0
SECTEST switches=21039 cpu1=76573966,76138737 cpu2=59154234,56647270 cpu3=83752812,77504710
PINGPONG rounds=1256 pongs=1257
DMA IRQ c0=1
DMA IRQ c1=0
DMA IRQ c2=0
DMA IRQ c3=0
SELECT busy=3099
SELECT w0=3057
SELECT w1=1834
SELECT w2=1784
BUSY TASK ewma=997
DMA IRQ c0=1
DMA IRQ c1=0
DMA IRQ c2=0
DMA IRQ c3=0
SELECT busy=3118
SELECT w0=3076
SELECT w1=1839
SELECT w2=1789
BUSY TASK ewma=997
DMA IRQ c0=1
DMA IRQ c1=0
DMA IRQ c2=0
DMA IRQ c3=0
SELECT busy=3146
SELECT w0=3105
SELECT w1=1855
SELECT w2=1803
BUSY TASK ewma=997
DMA IRQ c0=1
DMA IRQ c1=0
DMA IRQ c2=0
DMA IRQ c3=0
SELECT busy=3176
SELECT w0=3135
SELECT w1=1867
SELECT w2=1815
BUSY TASK ewma=997
DMA IRQ c0=1
DMA IRQ c1=0
DMA IRQ c2=0
DMA IRQ c3=0
SELECT busy=3196
SELECT w0=3154
SELECT w1=1872
SELECT w2=1821
BUSY TASK ewma=997
DMA IRQ c0=1
DMA IRQ c1=0
DMA IRQ c2=0
DMA IRQ c3=0
SELECT busy=3216
SELECT w0=3175
SELECT w1=1885
SELECT w2=1833
BUSY TASK ewma=997
DMA IRQ c0=1
DMA IRQ c1=0
DMA IRQ c2=0
DMA IRQ c3=0
SELECT busy=3237
SELECT w0=3196
SELECT w1=1898
SELECT w2=1843
BUSY TASK ewma=997
DMA IRQ c0=1
DMA IRQ c1=0
DMA IRQ c2=0
DMA IRQ c3=0
SELECT busy=3263
SELECT w0=3222
SELECT w1=1919
SELECT w2=1859
BUSY TASK ewma=997
DMA IRQ c0=1
DMA IRQ c1=0
DMA IRQ c2=0
DMA IRQ c3=0
SELECT busy=3283
SELECT w0=3242
SELECT w1=1931
SELECT w2=1875
BUSY TASK ewma=997
DMA IRQ c0=1
DMA IRQ c1=0
DMA IRQ c2=0
DMA IRQ c3=0
SELECT busy=3310
SELECT w0=3269
SELECT w1=1942
SELECT w2=1888
BUSY TASK ewma=997
DMA IRQ c0=1
DMA IRQ c1=0
DMA IRQ c2=0
DMA IRQ c3=0
SELECT busy=3341
SELECT w0=3299
SELECT w1=1954
SELECT w2=1902
BUSY TASK ewma=997
DMA IRQ c0=1
DMA IRQ c1=0
DMA IRQ c2=0
DMA IRQ c3=0
SELECT busy=3367
SELECT w0=3325
SELECT w1=1966
SELECT w2=1914
BUSY TASK ewma=997
DMA IRQ c0=1
DMA IRQ c1=0
DMA IRQ c2=0
DMA IRQ c3=0
SELECT busy=3387
SELECT w0=3345
SELECT w1=1975
SELECT w2=1923
BUSY TASK ewma=997
DMA IRQ c0=1
DMA IRQ c1=0
DMA IRQ c2=0
DMA IRQ c3=0
SELECT busy=3412
SELECT w0=3371
SELECT w1=1989
SELECT w2=1941
BUSY TASK ewma=997
DMA IRQ c0=1
DMA IRQ c1=0
DMA IRQ c2=0
DMA IRQ c3=0
SELECT busy=3436
SELECT w0=3394
SELECT w1=2003
SELECT w2=1952
BUSY TASK ewma=997
DMA IRQ c0=1
DMA IRQ c1=0
DMA IRQ c2=0
DMA IRQ c3=0
SELECT busy=3454
SELECT w0=3412
SELECT w1=2012
SELECT w2=1961
BUSY TASK ewma=997
DMA IRQ c0=1
DMA IRQ c1=0
DMA IRQ c2=0
DMA IRQ c3=0
SELECT busy=3478
SELECT w0=3437
SELECT w1=2025
SELECT w2=1974
BUSY TASK ewma=997
DMA IRQ c0=1
DMA IRQ c1=0
DMA IRQ c2=0
DMA IRQ c3=0
SELECT busy=3497
SELECT w0=3455
SELECT w1=2035
SELECT w2=1990
BUSY TASK ewma=997
DMA IRQ c0=1
DMA IRQ c1=0
DMA IRQ c2=0
DMA IRQ c3=0
SELECT busy=3528
SELECT w0=3488
SELECT w1=2056
SELECT w2=2008
BUSY TASK ewma=997
DMA IRQ c0=1
DMA IRQ c1=0
DMA IRQ c2=0
DMA IRQ c3=0
SELECT busy=3555
SELECT w0=3514
SELECT w1=2072
SELECT w2=2022
BUSY TASK ewma=997
DMA IRQ c0=1
DMA IRQ c1=0
DMA IRQ c2=0
DMA IRQ c3=0
SELECT busy=3577
SELECT w0=3535
SELECT w1=2078
SELECT w2=2028
BUSY TASK ewma=997
DMA IRQ c0=1
DMA IRQ c1=0
DMA IRQ c2=0
DMA IRQ c3=0
SELECT busy=3603
SELECT w0=3561
SELECT w1=2087
SELECT w2=2038
BUSY TASK ewma=997
DMA IRQ c0=1
DMA IRQ c1=0
DMA IRQ c2=0
DMA IRQ c3=0
SELECT busy=3635
SELECT w0=3594
SELECT w1=2109
SELECT w2=2056
BUSY TASK ewma=997
DMA IRQ c0=1
DMA IRQ c1=0
DMA IRQ c2=0
DMA IRQ c3=0
SELECT busy=3657
SELECT w0=3616
SELECT w1=2121
SELECT w2=2071
BUSY TASK ewma=997
DMA IRQ c0=1
DMA IRQ c1=0
DMA IRQ c2=0
DMA IRQ c3=0
SELECT busy=3678
SELECT w0=3637
SELECT w1=2137
SELECT w2=2083
BUSY TASK ewma=997
DMA IRQ c0=1
DMA IRQ c1=0
DMA IRQ c2=0
DMA IRQ c3=0
SELECT busy=3693
SELECT w0=3651
SELECT w1=2144
SELECT w2=2090
BUSY TASK ewma=997
DMA IRQ c0=1
DMA IRQ c1=0
DMA IRQ c2=0
DMA IRQ c3=0
SELECT busy=3713
SELECT w0=3672
SELECT w1=2156
SELECT w2=2105
BUSY TASK ewma=997
DMA IRQ c0=1
DMA IRQ c1=0
DMA IRQ c2=0
DMA IRQ c3=0
SELECT busy=3730
SELECT w0=3688
SELECT w1=2164
SELECT w2=2115
BUSY TASK ewma=997
DMA IRQ c0=1
DMA IRQ c1=0
DMA IRQ c2=0
DMA IRQ c3=0
SELECT busy=3750
SELECT w0=3709
SELECT w1=2176
SELECT w2=2128
BUSY TASK ewma=997
DMA IRQ c0=1
DMA IRQ c1=0
DMA IRQ c2=0
DMA IRQ c3=0
SELECT busy=3774
SELECT w0=3733
SELECT w1=2185
SELECT w2=2138
BUSY TASK ewma=997
DMA IRQ c0=1
DMA IRQ c1=0
DMA IRQ c2=0
DMA IRQ c3=0
SELECT busy=3795
SELECT w0=3753
SELECT w1=2192
SELECT w2=2145
BUSY TASK ewma=997
DMA IRQ c0=1
DMA IRQ c1=0
DMA IRQ c2=0
DMA IRQ c3=0
SELECT busy=3820
SELECT w0=3779
SELECT w1=2211
SELECT w2=2161
BUSY TASK ewma=997
DMA IRQ c0=1
DMA IRQ c1=0
DMA IRQ c2=0
DMA IRQ c3=0
SELECT busy=3849
SELECT w0=3808
SELECT w1=2231
SELECT w2=2179
BUSY TASK ewma=997
DMA IRQ c0=1
DMA IRQ c1=0
DMA IRQ c2=0
DMA IRQ c3=0
SELECT busy=3882
SELECT w0=3841
SELECT w1=2250
SELECT w2=2197
BUSY TASK ewma=997
DMA IRQ c0=1
DMA IRQ c1=0
DMA IRQ c2=0
DMA IRQ c3=0
SELECT busy=3914
SELECT w0=3873
SELECT w1=2268
SELECT w2=2217
BUSY TASK ewma=997
DMA IRQ c0=1
DMA IRQ c1=0
DMA IRQ c2=0
DMA IRQ c3=0
SELECT busy=3942
SELECT w0=3901
SELECT w1=2282
SELECT w2=2234
BUSY TASK ewma=997
DMA IRQ c0=1
DMA IRQ c1=0
DMA IRQ c2=0
DMA IRQ c3=0
SELECT busy=3976
SELECT w0=3935
SELECT w1=2301
SELECT w2=2262
BUSY TASK ewma=997
DMA IRQ c0=1
DMA IRQ c1=0
DMA IRQ c2=0
DMA IRQ c3=0
SELECT busy=4000
SELECT w0=3959
SELECT w1=2310
SELECT w2=2269
BUSY TASK ewma=997
DMA IRQ c0=1
DMA IRQ c1=0
DMA IRQ c2=0
DMA IRQ c3=0
SELECT busy=4020
SELECT w0=3978
SELECT w1=2321
SELECT w2=2280
BUSY TASK ewma=997
DMA IRQ c0=1
DMA IRQ c1=0
DMA IRQ c2=0
DMA IRQ c3=0
SELECT busy=4043
SELECT w0=4002
SELECT w1=2337
SELECT w2=2294
BUSY TASK ewma=997
DMA IRQ c0=1
DMA IRQ c1=0
DMA IRQ c2=0
DMA IRQ c3=0
SELECT busy=4072
SELECT w0=4031
SELECT w1=2354
SELECT w2=2311
BUSY TASK ewma=997
DMA IRQ c0=1
DMA IRQ c1=0
DMA IRQ c2=0
DMA IRQ c3=0
SELECT busy=4093
SELECT w0=4052
SELECT w1=2372
SELECT w2=2325
BUSY TASK ewma=997
DMA IRQ c0=1
DMA IRQ c1=0
DMA IRQ c2=0
DMA IRQ c3=0
SELECT busy=4107
SELECT w0=4065
SELECT w1=2379
SELECT w2=2335
BUSY TASK ewma=997
DMA IRQ c0=1
DMA IRQ c1=0
DMA IRQ c2=0
DMA IRQ c3=0
SELECT busy=4131
SELECT w0=4090
SELECT w1=2390
SELECT w2=2348
BUSY TASK ewma=997
DMA IRQ c0=1
DMA IRQ c1=0
DMA IRQ c2=0
DMA IRQ c3=0
SELECT busy=4157
SELECT w0=4115
SELECT w1=2405
SELECT w2=2361
BUSY TASK ewma=997
DMA IRQ c0=1
DMA IRQ c1=0
DMA IRQ c2=0
DMA IRQ c3=0
SELECT busy=4179
SELECT w0=4138
SELECT w1=2414
SELECT w2=2372
BUSY TASK ewma=997
DMA IRQ c0=1
DMA IRQ c1=0
DMA IRQ c2=0
DMA IRQ c3=0
SELECT busy=4198
SELECT w0=4156
SELECT w1=2424
SELECT w2=2382
BUSY TASK ewma=997
DMA IRQ c0=1
DMA IRQ c1=0
DMA IRQ c2=0
DMA IRQ c3=0
SELECT busy=4224
SELECT w0=4182
SELECT w1=2440
SELECT w2=2390
BUSY TASK ewma=997
DMA IRQ c0=1
DMA IRQ c1=0
DMA IRQ c2=0
DMA IRQ c3=0
SELECT busy=4242
SELECT w0=4200
SELECT w1=2446
SELECT w2=2396
BUSY TASK ewma=997
DMA IRQ c0=1
DMA IRQ c1=0
DMA IRQ c2=0
DMA IRQ c3=0
SELECT busy=4262
SELECT w0=4220
SELECT w1=2456
SELECT w2=2408
BUSY TASK ewma=997
DMA IRQ c0=1
DMA IRQ c1=0
DMA IRQ c2=0
DMA IRQ c3=0
SELECT busy=4277
SELECT w0=4236
SELECT w1=2465
SELECT w2=2415
BUSY TASK ewma=997
DMA IRQ c0=1
DMA IRQ c1=0
DMA IRQ c2=0
DMA IRQ c3=0
SELECT busy=4299
SELECT w0=4259
SELECT w1=2477
SELECT w2=2427
BUSY TASK ewma=997
DMA IRQ c0=1
DMA IRQ c1=0
DMA IRQ c2=0
DMA IRQ c3=0
SELECT busy=4322
SELECT w0=4280
SELECT w1=2485
SELECT w2=2435
BUSY TASK ewma=997
DMA IRQ c0=1
DMA IRQ c1=0
DMA IRQ c2=0
DMA IRQ c3=0
SELECT busy=4340
SELECT w0=4298
SELECT w1=2492
SELECT w2=2444
BUSY TASK ewma=997
DMA IRQ c0=1
DMA IRQ c1=0
DMA IRQ c2=0
DMA IRQ c3=0
SELECT busy=4360
SELECT w0=4319
SELECT w1=2504
SELECT w2=2459
BUSY TASK ewma=997
DMA IRQ c0=1
DMA IRQ c1=0
DMA IRQ c2=0
DMA IRQ c3=0
SELECT busy=4376
SELECT w0=4335
SELECT w1=2515
SELECT w2=2471
BUSY TASK ewma=997
DMA IRQ c0=1
DMA IRQ c1=0
DMA IRQ c2=0
DMA IRQ c3=0
SELECT busy=4397
SELECT w0=4355
SELECT w1=2525
SELECT w2=2479
BUSY TASK ewma=997
DMA IRQ c0=1
DMA IRQ c1=0
DMA IRQ c2=0
DMA IRQ c3=0
SELECT busy=4413
SELECT w0=4371
SELECT w1=2534
SELECT w2=2492
BUSY TASK ewma=997
DMA IRQ c0=1
DMA IRQ c1=0
DMA IRQ c2=0
DMA IRQ c3=0
SELECT busy=4431
SELECT w0=4390
SELECT w1=2542
SELECT w2=2500
BUSY TASK ewma=997
DMA IRQ c0=1
DMA IRQ c1=0
DMA IRQ c2=0
DMA IRQ c3=0
SELECT busy=4451
SELECT w0=4409
SELECT w1=2553
SELECT w2=2508
BUSY TASK ewma=997
DMA IRQ c0=1
DMA IRQ c1=0
DMA IRQ c2=0
DMA IRQ c3=0
SELECT busy=4471
SELECT w0=4429
SELECT w1=2563
SELECT w2=2520
BUSY TASK ewma=997
DMA IRQ c0=1
DMA IRQ c1=0
DMA IRQ c2=0
DMA IRQ c3=0
SELECT busy=4493
SELECT w0=4452
SELECT w1=2571
SELECT w2=2527
BUSY TASK ewma=997
DMA IRQ c0=1
DMA IRQ c1=0
DMA IRQ c2=0
DMA IRQ c3=0
SELECT busy=4509
SELECT w0=4467
SELECT w1=2580
SELECT w2=2536
BUSY TASK ewma=997
DMA IRQ c0=1
DMA IRQ c1=0
DMA IRQ c2=0
DMA IRQ c3=0
SELECT busy=4524
SELECT w0=4482
SELECT w1=2590
SELECT w2=2545
BUSY TASK ewma=997
IRQ counts: cpu0=9049 cpu1=10350 cpu2=10188 cpu3=10046
SCHED secondaries: calls=30587 unexpected=0
SECTEST switches=30544 cpu1=113031557,112577228 cpu2=88046063,83590041 cpu3=122924243,115479823
PINGPONG rounds=1796 pongs=1797
DMA IRQ c0=1
DMA IRQ c1=0
DMA IRQ c2=0
DMA IRQ c3=0
SELECT busy=4558
SELECT w0=4517
SELECT w1=2617
SELECT w2=2568
BUSY TASK ewma=997
DMA IRQ c0=1
DMA IRQ c1=0
DMA IRQ c2=0
DMA IRQ c3=0
SELECT busy=4587
SELECT w0=4545
SELECT w1=2629
SELECT w2=2583
BUSY TASK ewma=997
DMA IRQ c0=1
DMA IRQ c1=0
DMA IRQ c2=0
DMA IRQ c3=0
SELECT busy=4611
SELECT w0=4569
SELECT w1=2650
SELECT w2=2597
BUSY TASK ewma=997
DMA IRQ c0=1
DMA IRQ c1=0
DMA IRQ c2=0
DMA IRQ c3=0
SELECT busy=4640
SELECT w0=4601
SELECT w1=2667
SELECT w2=2613
BUSY TASK ewma=997
DMA IRQ c0=1
DMA IRQ c1=0
DMA IRQ c2=0
DMA IRQ c3=0
SELECT busy=4675
SELECT w0=4634
SELECT w1=2683
SELECT w2=2633
BUSY TASK ewma=997
DMA IRQ c0=1
DMA IRQ c1=0
DMA IRQ c2=0
DMA IRQ c3=0
SELECT busy=4700
SELECT w0=4660
SELECT w1=2699
SELECT w2=2651
BUSY TASK ewma=997
DMA IRQ c0=1
DMA IRQ c1=0
DMA IRQ c2=0
DMA IRQ c3=0
SELECT busy=4728
SELECT w0=4687
SELECT w1=2713
SELECT w2=2664
BUSY TASK ewma=997
DMA IRQ c0=1
DMA IRQ c1=0
DMA IRQ c2=0
DMA IRQ c3=0
SELECT busy=4747
SELECT w0=4706
SELECT w1=2726
SELECT w2=2678
BUSY TASK ewma=997
DMA IRQ c0=1
DMA IRQ c1=0
DMA IRQ c2=0
DMA IRQ c3=0
SELECT busy=4763
SELECT w0=4721
SELECT w1=2737
SELECT w2=2687
BUSY TASK ewma=997
DMA IRQ c0=1
DMA IRQ c1=0
DMA IRQ c2=0
DMA IRQ c3=0
SELECT busy=4778
SELECT w0=4736
SELECT w1=2748
SELECT w2=2696
BUSY TASK ewma=997
DMA IRQ c0=1
DMA IRQ c1=0
DMA IRQ c2=0
DMA IRQ c3=0
SELECT busy=4792
SELECT w0=4750
SELECT w1=2756
SELECT w2=2705
BUSY TASK ewma=997
DMA IRQ c0=1
DMA IRQ c1=0
DMA IRQ c2=0
DMA IRQ c3=0
SELECT busy=4810
SELECT w0=4769
SELECT w1=2769
SELECT w2=2717
BUSY TASK ewma=997
DMA IRQ c0=1
DMA IRQ c1=0
DMA IRQ c2=0
DMA IRQ c3=0
SELECT busy=4837
SELECT w0=4795
SELECT w1=2789
SELECT w2=2734
BUSY TASK ewma=997
DMA IRQ c0=1
DMA IRQ c1=0
DMA IRQ c2=0
DMA IRQ c3=0
SELECT busy=4860
SELECT w0=4819
SELECT w1=2802
SELECT w2=2745
BUSY TASK ewma=997
DMA IRQ c0=1
DMA IRQ c1=0
DMA IRQ c2=0
DMA IRQ c3=0
SELECT busy=4884
SELECT w0=4843
SELECT w1=2814
SELECT w2=2756
BUSY TASK ewma=997
DMA IRQ c0=1
DMA IRQ c1=0
DMA IRQ c2=0
DMA IRQ c3=0
SELECT busy=4907
SELECT w0=4866
SELECT w1=2825
SELECT w2=2766
BUSY TASK ewma=997
DMA IRQ c0=1
DMA IRQ c1=0
DMA IRQ c2=0
DMA IRQ c3=0
SELECT busy=4929
SELECT w0=4887
SELECT w1=2837
SELECT w2=2778
BUSY TASK ewma=997
DMA IRQ c0=1
DMA IRQ c1=0
DMA IRQ c2=0
DMA IRQ c3=0
SELECT busy=4946
SELECT w0=4905
SELECT w1=2850
SELECT w2=2792
BUSY TASK ewma=997
DMA IRQ c0=1
DMA IRQ c1=0
DMA IRQ c2=0
DMA IRQ c3=0
SELECT busy=4970
SELECT w0=4929
SELECT w1=2861
SELECT w2=2802
BUSY TASK ewma=997
DMA IRQ c0=1
DMA IRQ c1=0
DMA IRQ c2=0
DMA IRQ c3=0
SELECT busy=4989
SELECT w0=4948
SELECT w1=2871
SELECT w2=2813
BUSY TASK ewma=997
DMA IRQ c0=1
DMA IRQ c1=0
DMA IRQ c2=0
DMA IRQ c3=0
SELECT busy=5014
SELECT w0=4973
SELECT w1=2883
SELECT w2=2826
BUSY TASK ewma=997
DMA IRQ c0=1
DMA IRQ c1=0
DMA IRQ c2=0
DMA IRQ c3=0
SELECT busy=5033
SELECT w0=4991
SELECT w1=2892
SELECT w2=2837
BUSY TASK ewma=997
DMA IRQ c0=1
DMA IRQ c1=0
DMA IRQ c2=0
DMA IRQ c3=0
SELECT busy=5053
SELECT w0=5012
SELECT w1=2905
SELECT w2=2853
BUSY TASK ewma=997
DMA IRQ c0=1
DMA IRQ c1=0
DMA IRQ c2=0
DMA IRQ c3=0
SELECT busy=5074
SELECT w0=5034
SELECT w1=2916
SELECT w2=2868
BUSY TASK ewma=997
DMA IRQ c0=1
DMA IRQ c1=0
DMA IRQ c2=0
DMA IRQ c3=0
SELECT busy=5094
SELECT w0=5053
SELECT w1=2926
SELECT w2=2881
BUSY TASK ewma=997
DMA IRQ c0=1
DMA IRQ c1=0
DMA IRQ c2=0
DMA IRQ c3=0
SELECT busy=5122
SELECT w0=5081
SELECT w1=2938
SELECT w2=2898
BUSY TASK ewma=997
DMA IRQ c0=1
DMA IRQ c1=0
DMA IRQ c2=0
DMA IRQ c3=0
SELECT busy=5150
SELECT w0=5109
SELECT w1=2954
SELECT w2=2924
BUSY TASK ewma=997
DMA IRQ c0=1
DMA IRQ c1=0
DMA IRQ c2=0
DMA IRQ c3=0
SELECT busy=5175
SELECT w0=5134
SELECT w1=2965
SELECT w2=2941
BUSY TASK ewma=997
DMA IRQ c0=1
DMA IRQ c1=0
DMA IRQ c2=0
DMA IRQ c3=0
SELECT busy=5198
SELECT w0=5156
SELECT w1=2970
SELECT w2=2949
BUSY TASK ewma=997
DMA IRQ c0=1
DMA IRQ c1=0
DMA IRQ c2=0
DMA IRQ c3=0
SELECT busy=5219
SELECT w0=5178
SELECT w1=2983
SELECT w2=2962
BUSY TASK ewma=997
DMA IRQ c0=1
DMA IRQ c1=0
DMA IRQ c2=0
DMA IRQ c3=0
SELECT busy=5237
SELECT w0=5196
SELECT w1=2989
SELECT w2=2971
BUSY TASK ewma=997
DMA IRQ c0=1
DMA IRQ c1=0
DMA IRQ c2=0
DMA IRQ c3=0
SELECT busy=5256
SELECT w0=5214
SELECT w1=2998
SELECT w2=2983
BUSY TASK ewma=997
DMA IRQ c0=1
DMA IRQ c1=0
DMA IRQ c2=0
DMA IRQ c3=0
SELECT busy=5281
SELECT w0=5240
SELECT w1=3010
SELECT w2=2998
BUSY TASK ewma=997
DMA IRQ c0=1
DMA IRQ c1=0
DMA IRQ c2=0
DMA IRQ c3=0
SELECT busy=5296
SELECT w0=5254
SELECT w1=3017
SELECT w2=3006
BUSY TASK ewma=997
DMA IRQ c0=1
DMA IRQ c1=0
DMA IRQ c2=0
DMA IRQ c3=0
SELECT busy=5316
SELECT w0=5275
SELECT w1=3027
SELECT w2=3023
BUSY TASK ewma=997
DMA IRQ c0=1
DMA IRQ c1=0
DMA IRQ c2=0
DMA IRQ c3=0
SELECT busy=5330
SELECT w0=5289
SELECT w1=3034
SELECT w2=3031
BUSY TASK ewma=997
DMA IRQ c0=1
DMA IRQ c1=0
DMA IRQ c2=0
DMA IRQ c3=0
SELECT busy=5345
SELECT w0=5304
SELECT w1=3041
SELECT w2=3043
BUSY TASK ewma=997
DMA IRQ c0=1
DMA IRQ c1=0
DMA IRQ c2=0
DMA IRQ c3=0
SELECT busy=5365
SELECT w0=5324
SELECT w1=3047
SELECT w2=3049
BUSY TASK ewma=997
DMA IRQ c0=1
DMA IRQ c1=0
DMA IRQ c2=0
DMA IRQ c3=0
SELECT busy=5385
SELECT w0=5344
SELECT w1=3057
SELECT w2=3062
BUSY TASK ewma=997
DMA IRQ c0=1
DMA IRQ c1=0
DMA IRQ c2=0
DMA IRQ c3=0
SELECT busy=5400
SELECT w0=5359
SELECT w1=3065
SELECT w2=3071
BUSY TASK ewma=997
DMA IRQ c0=1
DMA IRQ c1=0
DMA IRQ c2=0
DMA IRQ c3=0
SELECT busy=5420
SELECT w0=5378
SELECT w1=3076
SELECT w2=3083
BUSY TASK ewma=997
DMA IRQ c0=1
DMA IRQ c1=0
DMA IRQ c2=0
DMA IRQ c3=0
SELECT busy=5450
SELECT w0=5409
SELECT w1=3092
SELECT w2=3102
BUSY TASK ewma=997
DMA IRQ c0=1
DMA IRQ c1=0
DMA IRQ c2=0
DMA IRQ c3=0
SELECT busy=5475
SELECT w0=5434
SELECT w1=3104
SELECT w2=3116
BUSY TASK ewma=997
DMA IRQ c0=1
DMA IRQ c1=0
DMA IRQ c2=0
DMA IRQ c3=0
SELECT busy=5498
SELECT w0=5457
SELECT w1=3114
SELECT w2=3129
BUSY TASK ewma=997
DMA IRQ c0=1
DMA IRQ c1=0
DMA IRQ c2=0
DMA IRQ c3=0
SELECT busy=5510
SELECT w0=5469
SELECT w1=3120
SELECT w2=3138
BUSY TASK ewma=997
DMA IRQ c0=1
DMA IRQ c1=0
DMA IRQ c2=0
DMA IRQ c3=0
SELECT busy=5529
SELECT w0=5487
SELECT w1=3127
SELECT w2=3148
BUSY TASK ewma=997
DMA IRQ c0=1
DMA IRQ c1=0
DMA IRQ c2=0
DMA IRQ c3=0
SELECT busy=5552
SELECT w0=5511
SELECT w1=3135
SELECT w2=3161
BUSY TASK ewma=997
DMA IRQ c0=1
DMA IRQ c1=0
DMA IRQ c2=0
DMA IRQ c3=0
SELECT busy=5575
SELECT w0=5533
SELECT w1=3147
SELECT w2=3172
BUSY TASK ewma=997
DMA IRQ c0=1
DMA IRQ c1=0
DMA IRQ c2=0
DMA IRQ c3=0
SELECT busy=5594
SELECT w0=5554
SELECT w1=3159
SELECT w2=3186
BUSY TASK ewma=997
DMA IRQ c0=1
DMA IRQ c1=0
DMA IRQ c2=0
DMA IRQ c3=0
SELECT busy=5615
SELECT w0=5574
SELECT w1=3169
SELECT w2=3197
BUSY TASK ewma=997
DMA IRQ c0=1
DMA IRQ c1=0
DMA IRQ c2=0
DMA IRQ c3=0
SELECT busy=5634
SELECT w0=5593
SELECT w1=3179
SELECT w2=3207
BUSY TASK ewma=997
DMA IRQ c0=1
DMA IRQ c1=0
DMA IRQ c2=0
DMA IRQ c3=0
SELECT busy=5655
SELECT w0=5613
SELECT w1=3188
SELECT w2=3218
BUSY TASK ewma=997
DMA IRQ c0=1
DMA IRQ c1=0
DMA IRQ c2=0
DMA IRQ c3=0
SELECT busy=5677
SELECT w0=5635
SELECT w1=3193
SELECT w2=3224
BUSY TASK ewma=997
DMA IRQ c0=1
DMA IRQ c1=0
DMA IRQ c2=0
DMA IRQ c3=0
SELECT busy=5706
SELECT w0=5664
SELECT w1=3207
SELECT w2=3238
BUSY TASK ewma=997
DMA IRQ c0=1
DMA IRQ c1=0
DMA IRQ c2=0
DMA IRQ c3=0
SELECT busy=5723
SELECT w0=5682
SELECT w1=3213
SELECT w2=3243
BUSY TASK ewma=997
DMA IRQ c0=1
DMA IRQ c1=0
DMA IRQ c2=0
DMA IRQ c3=0
SELECT busy=5744
SELECT w0=5703
SELECT w1=3222
SELECT w2=3256
BUSY TASK ewma=997
DMA IRQ c0=1
DMA IRQ c1=0
DMA IRQ c2=0
DMA IRQ c3=0
SELECT busy=5766
SELECT w0=5724
SELECT w1=3231
SELECT w2=3269
BUSY TASK ewma=997
DMA IRQ c0=1
DMA IRQ c1=0
DMA IRQ c2=0
DMA IRQ c3=0
SELECT busy=5785
SELECT w0=5743
SELECT w1=3237
SELECT w2=3278
BUSY TASK ewma=997
DMA IRQ c0=1
DMA IRQ c1=0
DMA IRQ c2=0
DMA IRQ c3=0
SELECT busy=5803
SELECT w0=5762
SELECT w1=3243
SELECT w2=3285
BUSY TASK ewma=997
DMA IRQ c0=1
DMA IRQ c1=0
DMA IRQ c2=0
DMA IRQ c3=0
SELECT busy=5820
SELECT w0=5779
SELECT w1=3252
SELECT w2=3300
BUSY TASK ewma=997
DMA IRQ c0=1
DMA IRQ c1=0
DMA IRQ c2=0
DMA IRQ c3=0
SELECT busy=5843
SELECT w0=5802
SELECT w1=3263
SELECT w2=3313
BUSY TASK ewma=997
DMA IRQ c0=1
DMA IRQ c1=0
DMA IRQ c2=0
DMA IRQ c3=0
SELECT busy=5860
SELECT w0=5819
SELECT w1=3270
SELECT w2=3327
BUSY TASK ewma=997
DMA IRQ c0=1
DMA IRQ c1=0
DMA IRQ c2=0
DMA IRQ c3=0
SELECT busy=5879
SELECT w0=5837
SELECT w1=3278
SELECT w2=3337
BUSY TASK ewma=997
DMA IRQ c0=1
DMA IRQ c1=0
DMA IRQ c2=0
DMA IRQ c3=0
SELECT busy=5897
SELECT w0=5855
SELECT w1=3286
SELECT w2=3349
BUSY TASK ewma=997
IRQ counts: cpu0=11775 cpu1=13516 cpu2=13407 cpu3=13248
SCHED secondaries: calls=40183 unexpected=0
SECTEST switches=40147 cpu1=147120369,146156939 cpu2=118138580,114289402 cpu3=165345139,156374537
PINGPONG rounds=2000 pongs=2000
DMA IRQ c0=1
DMA IRQ c1=0
DMA IRQ c2=0
DMA IRQ c3=0
SELECT busy=5928
SELECT w0=5887
SELECT w1=3305
SELECT w2=3369
BUSY TASK ewma=997
DMA IRQ c0=1
DMA IRQ c1=0
DMA IRQ c2=0
DMA IRQ c3=0
SELECT busy=5945
SELECT w0=5904
SELECT w1=3312
SELECT w2=3380
BUSY TASK ewma=997
DMA IRQ c0=1
DMA IRQ c1=0
DMA IRQ c2=0
DMA IRQ c3=0
SELECT busy=5964
SELECT w0=5923
SELECT w1=3326
SELECT w2=3394
BUSY TASK ewma=997
DMA IRQ c0=1
DMA IRQ c1=0
DMA IRQ c2=0
DMA IRQ c3=0
SELECT busy=5982
SELECT w0=5941
SELECT w1=3335
SELECT w2=3406
BUSY TASK ewma=997
DMA IRQ c0=1
DMA IRQ c1=0
DMA IRQ c2=0
DMA IRQ c3=0
SELECT busy=6009
SELECT w0=5968
SELECT w1=3347
SELECT w2=3424
BUSY TASK ewma=997
DMA IRQ c0=1
DMA IRQ c1=0
DMA IRQ c2=0
DMA IRQ c3=0
SELECT busy=6030
SELECT w0=5989
SELECT w1=3357
SELECT w2=3437
BUSY TASK ewma=997
DMA IRQ c0=1
DMA IRQ c1=0
DMA IRQ c2=0
DMA IRQ c3=0
SELECT busy=6055
SELECT w0=6013
SELECT w1=3366
SELECT w2=3449
BUSY TASK ewma=997
DMA IRQ c0=1
DMA IRQ c1=0
DMA IRQ c2=0
DMA IRQ c3=0
SELECT busy=6077
SELECT w0=6036
SELECT w1=3379
SELECT w2=3462
BUSY TASK ewma=997
DMA IRQ c0=1
DMA IRQ c1=0
DMA IRQ c2=0
DMA IRQ c3=0
SELECT busy=6101
SELECT w0=6060
SELECT w1=3391
SELECT w2=3479
BUSY TASK ewma=997
DMA IRQ c0=1
DMA IRQ c1=0
DMA IRQ c2=0
DMA IRQ c3=0
SELECT busy=6118
SELECT w0=6077
SELECT w1=3398
SELECT w2=3489
BUSY TASK ewma=997
DMA IRQ c0=1
DMA IRQ c1=0
DMA IRQ c2=0
DMA IRQ c3=0
SELECT busy=6139
SELECT w0=6098
SELECT w1=3409
SELECT w2=3504
BUSY TASK ewma=997
DMA IRQ c0=1
DMA IRQ c1=0
DMA IRQ c2=0
DMA IRQ c3=0
SELECT busy=6162
SELECT w0=6121
SELECT w1=3417
SELECT w2=3512
BUSY TASK ewma=997
DMA IRQ c0=1
DMA IRQ c1=0
DMA IRQ c2=0
DMA IRQ c3=0
SELECT busy=6185
SELECT w0=6144
SELECT w1=3429
SELECT w2=3532
BUSY TASK ewma=997
DMA IRQ c0=1
DMA IRQ c1=0
DMA IRQ c2=0
DMA IRQ c3=0
SELECT busy=6208
SELECT w0=6166
SELECT w1=3438
SELECT w2=3547
BUSY TASK ewma=997
DMA IRQ c0=1
DMA IRQ c1=0
DMA IRQ c2=0
DMA IRQ c3=0
SELECT busy=6229
SELECT w0=6188
SELECT w1=3448
SELECT w2=3562
BUSY TASK ewma=997
DMA IRQ c0=1
DMA IRQ c1=0
DMA IRQ c2=0
DMA IRQ c3=0
SELECT busy=6255
SELECT w0=6214
SELECT w1=3460
SELECT w2=3578
BUSY TASK ewma=997
DMA IRQ c0=1
DMA IRQ c1=0
DMA IRQ c2=0
DMA IRQ c3=0
SELECT busy=6271
SELECT w0=6230
SELECT w1=3468
SELECT w2=3589
BUSY TASK ewma=997
DMA IRQ c0=1
DMA IRQ c1=0
DMA IRQ c2=0
DMA IRQ c3=0
SELECT busy=6291
SELECT w0=6250
SELECT w1=3479
SELECT w2=3601
BUSY TASK ewma=997
DMA IRQ c0=1
DMA IRQ c1=0
DMA IRQ c2=0
DMA IRQ c3=0
SELECT busy=6308
SELECT w0=6267
SELECT w1=3488
SELECT w2=3612
BUSY TASK ewma=997
DMA IRQ c0=1
DMA IRQ c1=0
DMA IRQ c2=0
DMA IRQ c3=0
SELECT busy=6331
SELECT w0=6290
SELECT w1=3499
SELECT w2=3625
BUSY TASK ewma=997
DMA IRQ c0=1
DMA IRQ c1=0
DMA IRQ c2=0
DMA IRQ c3=0
SELECT busy=6360
SELECT w0=6319
SELECT w1=3513
SELECT w2=3649
BUSY TASK ewma=997
DMA IRQ c0=1
DMA IRQ c1=0
DMA IRQ c2=0
DMA IRQ c3=0
SELECT busy=6386
SELECT w0=6344
SELECT w1=3523
SELECT w2=3662
BUSY TASK ewma=997
DMA IRQ c0=1
DMA IRQ c1=0
DMA IRQ c2=0
DMA IRQ c3=0
SELECT busy=6408
SELECT w0=6367
SELECT w1=3533
SELECT w2=3680
BUSY TASK ewma=997
DMA IRQ c0=1
DMA IRQ c1=0
DMA IRQ c2=0
DMA IRQ c3=0
SELECT busy=6431
SELECT w0=6389
SELECT w1=3545
SELECT w2=3693
BUSY TASK ewma=997
DMA IRQ c0=1
DMA IRQ c1=0
DMA IRQ c2=0
DMA IRQ c3=0
SELECT busy=6453
SELECT w0=6411
SELECT w1=3553
SELECT w2=3703
BUSY TASK ewma=997
DMA IRQ c0=1
DMA IRQ c1=0
DMA IRQ c2=0
DMA IRQ c3=0
SELECT busy=6470
SELECT w0=6428
SELECT w1=3559
SELECT w2=3711
BUSY TASK ewma=997
DMA IRQ c0=1
DMA IRQ c1=0
DMA IRQ c2=0
DMA IRQ c3=0
SELECT busy=6488
SELECT w0=6447
SELECT w1=3566
SELECT w2=3720
BUSY TASK ewma=997
DMA IRQ c0=1
DMA IRQ c1=0
DMA IRQ c2=0
DMA IRQ c3=0
SELECT busy=6508
SELECT w0=6467
SELECT w1=3574
SELECT w2=3733
BUSY TASK ewma=997
DMA IRQ c0=1
DMA IRQ c1=0
DMA IRQ c2=0
DMA IRQ c3=0
SELECT busy=6532
SELECT w0=6491
SELECT w1=3588
SELECT w2=3754
BUSY TASK ewma=997
DMA IRQ c0=1
DMA IRQ c1=0
DMA IRQ c2=0
DMA IRQ c3=0
SELECT busy=6555
SELECT w0=6516
SELECT w1=3601
SELECT w2=3772
BUSY TASK ewma=997
DMA IRQ c0=1
DMA IRQ c1=0
DMA IRQ c2=0
DMA IRQ c3=0
SELECT busy=6584
SELECT w0=6543
SELECT w1=3617
SELECT w2=3790
BUSY TASK ewma=997
DMA IRQ c0=1
DMA IRQ c1=0
DMA IRQ c2=0
DMA IRQ c3=0
SELECT busy=6602
SELECT w0=6561
SELECT w1=3624
SELECT w2=3802
BUSY TASK ewma=997
DMA IRQ c0=1
DMA IRQ c1=0
DMA IRQ c2=0
DMA IRQ c3=0
SELECT busy=6621
SELECT w0=6579
SELECT w1=3630
SELECT w2=3813
BUSY TASK ewma=997
DMA IRQ c0=1
DMA IRQ c1=0
DMA IRQ c2=0
DMA IRQ c3=0
SELECT busy=6645
SELECT w0=6603
SELECT w1=3638
SELECT w2=3827
BUSY TASK ewma=997
DMA IRQ c0=1
DMA IRQ c1=0
DMA IRQ c2=0
DMA IRQ c3=0
SELECT busy=6665
SELECT w0=6624
SELECT w1=3647
SELECT w2=3839
BUSY TASK ewma=997
DMA IRQ c0=1
DMA IRQ c1=0
DMA IRQ c2=0
DMA IRQ c3=0
SELECT busy=6683
SELECT w0=6643
SELECT w1=3656
SELECT w2=3852
BUSY TASK ewma=997
DMA IRQ c0=1
DMA IRQ c1=0
DMA IRQ c2=0
DMA IRQ c3=0
SELECT busy=6702
SELECT w0=6660
SELECT w1=3667
SELECT w2=3862
BUSY TASK ewma=997
DMA IRQ c0=1
DMA IRQ c1=0
DMA IRQ c2=0
DMA IRQ c3=0
SELECT busy=6720
SELECT w0=6679
SELECT w1=3681
SELECT w2=3878
BUSY TASK ewma=997
DMA IRQ c0=1
DMA IRQ c1=0
DMA IRQ c2=0
DMA IRQ c3=0
SELECT busy=6740
SELECT w0=6699
SELECT w1=3695
SELECT w2=3893
BUSY TASK ewma=997
DMA IRQ c0=1
DMA IRQ c1=0
DMA IRQ c2=0
DMA IRQ c3=0
SELECT busy=6761
SELECT w0=6720
SELECT w1=3701
SELECT w2=3901
BUSY TASK ewma=997
DMA IRQ c0=1
DMA IRQ c1=0
DMA IRQ c2=0
DMA IRQ c3=0
SELECT busy=6784
SELECT w0=6742
SELECT w1=3710
SELECT w2=3914
BUSY TASK ewma=997
DMA IRQ c0=1
DMA IRQ c1=0
DMA IRQ c2=0
DMA IRQ c3=0
SELECT busy=6803
SELECT w0=6762
SELECT w1=3720
SELECT w2=3925
BUSY TASK ewma=997
DMA IRQ c0=1
DMA IRQ c1=0
DMA IRQ c2=0
DMA IRQ c3=0
SELECT busy=6831
SELECT w0=6790
SELECT w1=3734
SELECT w2=3943
BUSY TASK ewma=997
DMA IRQ c0=1
DMA IRQ c1=0
DMA IRQ c2=0
DMA IRQ c3=0
SELECT busy=6855
SELECT w0=6814
SELECT w1=3744
SELECT w2=3959
BUSY TASK ewma=997
DMA IRQ c0=1
DMA IRQ c1=0
DMA IRQ c2=0
DMA IRQ c3=0
SELECT busy=6884
SELECT w0=6843
SELECT w1=3757
SELECT w2=3974
BUSY TASK ewma=997
DMA IRQ c0=1
DMA IRQ c1=0
DMA IRQ c2=0
DMA IRQ c3=0
SELECT busy=6905
SELECT w0=6866
SELECT w1=3769
SELECT w2=3988
BUSY TASK ewma=997
DMA IRQ c0=1
DMA IRQ c1=0
DMA IRQ c2=0
DMA IRQ c3=0
SELECT busy=6928
SELECT w0=6886
SELECT w1=3776
SELECT w2=3997
BUSY TASK ewma=997
DMA IRQ c0=1
DMA IRQ c1=0
DMA IRQ c2=0
DMA IRQ c3=0
SELECT busy=6954
SELECT w0=6913
SELECT w1=3787
SELECT w2=4014
BUSY TASK ewma=997
DMA IRQ c0=1
DMA IRQ c1=0
DMA IRQ c2=0
DMA IRQ c3=0
SELECT busy=6973
SELECT w0=6931
SELECT w1=3793
SELECT w2=4022
BUSY TASK ewma=997
DMA IRQ c0=1
DMA IRQ c1=0
DMA IRQ c2=0
DMA IRQ c3=0
SELECT busy=6992
SELECT w0=6950
SELECT w1=3799
SELECT w2=4030
BUSY TASK ewma=997
DMA IRQ c0=1
DMA IRQ c1=0
DMA IRQ c2=0
DMA IRQ c3=0
SELECT busy=7011
SELECT w0=6969
SELECT w1=3807
SELECT w2=4040
BUSY TASK ewma=997
DMA IRQ c0=1
DMA IRQ c1=0
DMA IRQ c2=0
DMA IRQ c3=0
SELECT busy=7033
SELECT w0=6991
SELECT w1=3817
SELECT w2=4055
BUSY TASK ewma=997
DMA IRQ c0=1
DMA IRQ c1=0
DMA IRQ c2=0
DMA IRQ c3=0
SELECT busy=7054
SELECT w0=7012
SELECT w1=3828
SELECT w2=4066
BUSY TASK ewma=997
DMA IRQ c0=1
DMA IRQ c1=0
DMA IRQ c2=0
DMA IRQ c3=0
SELECT busy=7077
SELECT w0=7036
SELECT w1=3841
SELECT w2=4083
BUSY TASK ewma=997
DMA IRQ c0=1
DMA IRQ c1=0
DMA IRQ c2=0
DMA IRQ c3=0
SELECT busy=7098
SELECT w0=7057
SELECT w1=3854
SELECT w2=4096
BUSY TASK ewma=997
DMA IRQ c0=1
DMA IRQ c1=0
DMA IRQ c2=0
DMA IRQ c3=0
SELECT busy=7125
SELECT w0=7083
SELECT w1=3866
SELECT w2=4110
BUSY TASK ewma=997
DMA IRQ c0=1
DMA IRQ c1=0
DMA IRQ c2=0
DMA IRQ c3=0
SELECT busy=7148
SELECT w0=7106
SELECT w1=3875
SELECT w2=4122
BUSY TASK ewma=997
DMA IRQ c0=1
DMA IRQ c1=0
DMA IRQ c2=0
DMA IRQ c3=0
SELECT busy=7172
SELECT w0=7130
SELECT w1=3889
SELECT w2=4132
BUSY TASK ewma=997
DMA IRQ c0=1
DMA IRQ c1=0
DMA IRQ c2=0
DMA IRQ c3=0
SELECT busy=7197
SELECT w0=7155
SELECT w1=3899
SELECT w2=4145
BUSY TASK ewma=997
DMA IRQ c0=1
DMA IRQ c1=0
DMA IRQ c2=0
DMA IRQ c3=0
SELECT busy=7224
SELECT w0=7183
SELECT w1=3911
SELECT w2=4159
BUSY TASK ewma=997
DMA IRQ c0=1
DMA IRQ c1=0
DMA IRQ c2=0
DMA IRQ c3=0
SELECT busy=7249
SELECT w0=7208
SELECT w1=3922
SELECT w2=4173
BUSY TASK ewma=997
DMA IRQ c0=1
DMA IRQ c1=0
DMA IRQ c2=0
DMA IRQ c3=0
SELECT busy=7277
SELECT w0=7235
SELECT w1=3933
SELECT w2=4188
BUSY TASK ewma=997
DMA IRQ c0=1
DMA IRQ c1=0
DMA IRQ c2=0
DMA IRQ c3=0
SELECT busy=7295
SELECT w0=7253
SELECT w1=3939
SELECT w2=4196
BUSY TASK ewma=997
DMA IRQ c0=1
DMA IRQ c1=0
DMA IRQ c2=0
DMA IRQ c3=0
SELECT busy=7318
SELECT w0=7276
SELECT w1=3947
SELECT w2=4207
BUSY TASK ewma=997
IRQ counts: cpu0=14635 cpu1=16828 cpu2=16869 cpu3=16682
SCHED secondaries: calls=50410 unexpected=0
SECTEST switches=50396 cpu1=180241108,178171890 cpu2=152869714,147633278 cpu3=211429273,198377299
PINGPONG rounds=2000 pongs=2000
DMA IRQ c0=1
DMA IRQ c1=0
DMA IRQ c2=0
DMA IRQ c3=0
SELECT busy=7360
SELECT w0=7318
SELECT w1=3968
SELECT w2=4237
BUSY TASK ewma=997
DMA IRQ c0=1
DMA IRQ c1=0
DMA IRQ c2=0
DMA IRQ c3=0
SELECT busy=7376
SELECT w0=7334
SELECT w1=3975
SELECT w2=4245
BUSY TASK ewma=997
DMA IRQ c0=1
DMA IRQ c1=0
DMA IRQ c2=0
DMA IRQ c3=0
SELECT busy=7393
SELECT w0=7351
SELECT w1=3981
SELECT w2=4253
BUSY TASK ewma=997
DMA IRQ c0=1
DMA IRQ c1=0
DMA IRQ c2=0
DMA IRQ c3=0
SELECT busy=7410
SELECT w0=7368
SELECT w1=3990
SELECT w2=4262
BUSY TASK ewma=997
DMA IRQ c0=1
DMA IRQ c1=0
DMA IRQ c2=0
DMA IRQ c3=0
SELECT busy=7431
SELECT w0=7390
SELECT w1=3999
SELECT w2=4278
BUSY TASK ewma=997
DMA IRQ c0=1
DMA IRQ c1=0
DMA IRQ c2=0
DMA IRQ c3=0
SELECT busy=7453
SELECT w0=7412
SELECT w1=4008
SELECT w2=4292
BUSY TASK ewma=997
DMA IRQ c0=1
DMA IRQ c1=0
DMA IRQ c2=0
DMA IRQ c3=0
SELECT busy=7476
SELECT w0=7434
SELECT w1=4020
SELECT w2=4302
BUSY TASK ewma=997
DMA IRQ c0=1
DMA IRQ c1=0
DMA IRQ c2=0
DMA IRQ c3=0
SELECT busy=7498
SELECT w0=7456
SELECT w1=4027
SELECT w2=4310
BUSY TASK ewma=997
DMA IRQ c0=1
DMA IRQ c1=0
DMA IRQ c2=0
DMA IRQ c3=0
SELECT busy=7520
SELECT w0=7478
SELECT w1=4038
SELECT w2=4321
BUSY TASK ewma=997
DMA IRQ c0=1
DMA IRQ c1=0
DMA IRQ c2=0
DMA IRQ c3=0
SELECT busy=7545
SELECT w0=7504
SELECT w1=4050
SELECT w2=4344
BUSY TASK ewma=997
DMA IRQ c0=1
DMA IRQ c1=0
DMA IRQ c2=0
DMA IRQ c3=0
SELECT busy=7564
SELECT w0=7522
SELECT w1=4058
SELECT w2=4355
BUSY TASK ewma=997
DMA IRQ c0=1
DMA IRQ c1=0
DMA IRQ c2=0
DMA IRQ c3=0
SELECT busy=7584
SELECT w0=7542
SELECT w1=4065
SELECT w2=4362
BUSY TASK ewma=997
DMA IRQ c0=1
DMA IRQ c1=0
DMA IRQ c2=0
DMA IRQ c3=0
SELECT busy=7602
SELECT w0=7560
SELECT w1=4072
SELECT w2=4371
BUSY TASK ewma=997
DMA IRQ c0=1
DMA IRQ c1=0
DMA IRQ c2=0
DMA IRQ c3=0
SELECT busy=7610
SELECT w0=7568
SELECT w1=4075
SELECT w2=4375
BUSY TASK ewma=997
DMA IRQ c0=1
DMA IRQ c1=0
DMA IRQ c2=0
DMA IRQ c3=0
SELECT busy=7629
SELECT w0=7587
SELECT w1=4081
SELECT w2=4382
BUSY TASK ewma=997
DMA IRQ c0=1
DMA IRQ c1=0
DMA IRQ c2=0
DMA IRQ c3=0
SELECT busy=7651
SELECT w0=7609
SELECT w1=4087
SELECT w2=4390
BUSY TASK ewma=997
DMA IRQ c0=1
DMA IRQ c1=0
DMA IRQ c2=0
DMA IRQ c3=0
SELECT busy=7672
SELECT w0=7630
SELECT w1=4094
SELECT w2=4402
BUSY TASK ewma=997
DMA IRQ c0=1
DMA IRQ c1=0
DMA IRQ c2=0
DMA IRQ c3=0
SELECT busy=7692
SELECT w0=7650
SELECT w1=4101
SELECT w2=4411
BUSY TASK ewma=997
DMA IRQ c0=1
DMA IRQ c1=0
DMA IRQ c2=0
DMA IRQ c3=0
SELECT busy=7707
SELECT w0=7665
SELECT w1=4112
SELECT w2=4422
BUSY TASK ewma=997
DMA IRQ c0=1
DMA IRQ c1=0
DMA IRQ c2=0
DMA IRQ c3=0
SELECT busy=7727
SELECT w0=7686
SELECT w1=4122
SELECT w2=4434
BUSY TASK ewma=997
DMA IRQ c0=1
DMA IRQ c1=0
DMA IRQ c2=0
DMA IRQ c3=0
SELECT busy=7745
SELECT w0=7704
SELECT w1=4132
SELECT w2=4451
BUSY TASK ewma=997
DMA IRQ c0=1
DMA IRQ c1=0
DMA IRQ c2=0
DMA IRQ c3=0
SELECT busy=7759
SELECT w0=7718
SELECT w1=4137
SELECT w2=4457
BUSY TASK ewma=997
DMA IRQ c0=1
DMA IRQ c1=0
DMA IRQ c2=0
DMA IRQ c3=0
SELECT busy=7781
SELECT w0=7740
SELECT w1=4148
SELECT w2=4470
BUSY TASK ewma=997
DMA IRQ c0=1
DMA IRQ c1=0
DMA IRQ c2=0
DMA IRQ c3=0
SELECT busy=7800
SELECT w0=7759
SELECT w1=4159
SELECT w2=4483
BUSY TASK ewma=997
DMA IRQ c0=1
DMA IRQ c1=0
DMA IRQ c2=0
DMA IRQ c3=0
SELECT busy=7823
SELECT w0=7782
SELECT w1=4171
SELECT w2=4504
BUSY TASK ewma=997
DMA IRQ c0=1
DMA IRQ c1=0
DMA IRQ c2=0
DMA IRQ c3=0
SELECT busy=7843
SELECT w0=7801
SELECT w1=4182
SELECT w2=4514
BUSY TASK ewma=997
DMA IRQ c0=1
DMA IRQ c1=0
DMA IRQ c2=0
DMA IRQ c3=0
SELECT busy=7867
SELECT w0=7827
SELECT w1=4193
SELECT w2=4530
BUSY TASK ewma=997
DMA IRQ c0=1
DMA IRQ c1=0
DMA IRQ c2=0
DMA IRQ c3=0
SELECT busy=7890
SELECT w0=7848
SELECT w1=4202
SELECT w2=4540
BUSY TASK ewma=997
DMA IRQ c0=1
DMA IRQ c1=0
DMA IRQ c2=0
DMA IRQ c3=0
SELECT busy=7915
SELECT w0=7874
SELECT w1=4216
SELECT w2=4555
BUSY TASK ewma=997
DMA IRQ c0=1
DMA IRQ c1=0
DMA IRQ c2=0
DMA IRQ c3=0
SELECT busy=7943
SELECT w0=7901
SELECT w1=4228
SELECT w2=4567
BUSY TASK ewma=997
DMA IRQ c0=1
DMA IRQ c1=0
DMA IRQ c2=0
DMA IRQ c3=0
SELECT busy=7963
SELECT w0=7922
SELECT w1=4239
SELECT w2=4579
BUSY TASK ewma=997
DMA IRQ c0=1
DMA IRQ c1=0
DMA IRQ c2=0
DMA IRQ c3=0
SELECT busy=7985
SELECT w0=7944
SELECT w1=4253
SELECT w2=4593
BUSY TASK ewma=997
DMA IRQ c0=1
DMA IRQ c1=0
DMA IRQ c2=0
DMA IRQ c3=0
SELECT busy=8005
SELECT w0=7963
SELECT w1=4261
SELECT w2=4602
BUSY TASK ewma=997
DMA IRQ c0=1
DMA IRQ c1=0
DMA IRQ c2=0
DMA IRQ c3=0
SELECT busy=8022
SELECT w0=7981
SELECT w1=4268
SELECT w2=4610
BUSY TASK ewma=997
DMA IRQ c0=1
DMA IRQ c1=0
DMA IRQ c2=0
DMA IRQ c3=0
SELECT busy=8043
SELECT w0=8002
SELECT w1=4278
SELECT w2=4623
BUSY TASK ewma=997
DMA IRQ c0=1
DMA IRQ c1=0
DMA IRQ c2=0
DMA IRQ c3=0
SELECT busy=8065
SELECT w0=8024
SELECT w1=4289
SELECT w2=4635
BUSY TASK ewma=997
DMA IRQ c0=1
DMA IRQ c1=0
DMA IRQ c2=0
DMA IRQ c3=0
SELECT busy=8082
SELECT w0=8041
SELECT w1=4296
SELECT w2=4647
BUSY TASK ewma=997
DMA IRQ c0=1
DMA IRQ c1=0
DMA IRQ c2=0
DMA IRQ c3=0
SELECT busy=8103
SELECT w0=8062
SELECT w1=4304
SELECT w2=4655
BUSY TASK ewma=997
DMA IRQ c0=1
DMA IRQ c1=0
DMA IRQ c2=0
DMA IRQ c3=0
SELECT busy=8124
SELECT w0=8082
SELECT w1=4312
SELECT w2=4664
BUSY TASK ewma=997
DMA IRQ c0=1
DMA IRQ c1=0
DMA IRQ c2=0
DMA IRQ c3=0
SELECT busy=8145
SELECT w0=8104
SELECT w1=4324
SELECT w2=4679
BUSY TASK ewma=997
DMA IRQ c0=1
DMA IRQ c1=0
DMA IRQ c2=0
DMA IRQ c3=0
SELECT busy=8172
SELECT w0=8131
SELECT w1=4335
SELECT w2=4695
BUSY TASK ewma=997
DMA IRQ c0=1
DMA IRQ c1=0
DMA IRQ c2=0
DMA IRQ c3=0
SELECT busy=8195
SELECT w0=8154
SELECT w1=4347
SELECT w2=4713
BUSY TASK ewma=997
DMA IRQ c0=1
DMA IRQ c1=0
DMA IRQ c2=0
DMA IRQ c3=0
SELECT busy=8211
SELECT w0=8169
SELECT w1=4355
SELECT w2=4720
BUSY TASK ewma=997
DMA IRQ c0=1
DMA IRQ c1=0
DMA IRQ c2=0
DMA IRQ c3=0
SELECT busy=8230
SELECT w0=8188
SELECT w1=4364
SELECT w2=4732
BUSY TASK ewma=997
DMA IRQ c0=1
DMA IRQ c1=0
DMA IRQ c2=0
DMA IRQ c3=0
SELECT busy=8247
SELECT w0=8205
SELECT w1=4369
SELECT w2=4737
BUSY TASK ewma=997
DMA IRQ c0=1
DMA IRQ c1=0
DMA IRQ c2=0
DMA IRQ c3=0
SELECT busy=8269
SELECT w0=8228
SELECT w1=4375
SELECT w2=4744
BUSY TASK ewma=997
DMA IRQ c0=1
DMA IRQ c1=0
DMA IRQ c2=0
DMA IRQ c3=0
SELECT busy=8299
SELECT w0=8258
SELECT w1=4388
SELECT w2=4763
BUSY TASK ewma=997
DMA IRQ c0=1
DMA IRQ c1=0
DMA IRQ c2=0
DMA IRQ c3=0
SELECT busy=8325
SELECT w0=8284
SELECT w1=4401
SELECT w2=4783
BUSY TASK ewma=997
DMA IRQ c0=1
DMA IRQ c1=0
DMA IRQ c2=0
DMA IRQ c3=0
SELECT busy=8353
SELECT w0=8313
SELECT w1=4416
SELECT w2=4799
BUSY TASK ewma=997
DMA IRQ c0=1
DMA IRQ c1=0
DMA IRQ c2=0
DMA IRQ c3=0
SELECT busy=8372
SELECT w0=8331
SELECT w1=4424
SELECT w2=4810
BUSY TASK ewma=997
DMA IRQ c0=1
DMA IRQ c1=0
DMA IRQ c2=0
DMA IRQ c3=0
SELECT busy=8396
SELECT w0=8355
SELECT w1=4434
SELECT w2=4823
BUSY TASK ewma=997
DMA IRQ c0=1
DMA IRQ c1=0
DMA IRQ c2=0
DMA IRQ c3=0
SELECT busy=8424
SELECT w0=8383
SELECT w1=4447
SELECT w2=4841
BUSY TASK ewma=997
DMA IRQ c0=1
DMA IRQ c1=0
DMA IRQ c2=0
DMA IRQ c3=0
SELECT busy=8444
SELECT w0=8403
SELECT w1=4456
SELECT w2=4858
BUSY TASK ewma=997
DMA IRQ c0=1
DMA IRQ c1=0
DMA IRQ c2=0
DMA IRQ c3=0
SELECT busy=8465
SELECT w0=8424
SELECT w1=4466
SELECT w2=4873
BUSY TASK ewma=997
DMA IRQ c0=1
DMA IRQ c1=0
DMA IRQ c2=0
DMA IRQ c3=0
SELECT busy=8486
SELECT w0=8445
SELECT w1=4475
SELECT w2=4887
BUSY TASK ewma=997
DMA IRQ c0=1
DMA IRQ c1=0
DMA IRQ c2=0
DMA IRQ c3=0
SELECT busy=8508
SELECT w0=8469
SELECT w1=4484
SELECT w2=4899
BUSY TASK ewma=997
DMA IRQ c0=1
DMA IRQ c1=0
DMA IRQ c2=0
DMA IRQ c3=0
SELECT busy=8532
SELECT w0=8490
SELECT w1=4493
SELECT w2=4911
BUSY TASK ewma=997
DMA IRQ c0=1
DMA IRQ c1=0
DMA IRQ c2=0
DMA IRQ c3=0
SELECT busy=8553
SELECT w0=8512
SELECT w1=4504
SELECT w2=4925
BUSY TASK ewma=997
DMA IRQ c0=1
DMA IRQ c1=0
DMA IRQ c2=0
DMA IRQ c3=0
SELECT busy=8574
SELECT w0=8532
SELECT w1=4512
SELECT w2=4935
BUSY TASK ewma=997
DMA IRQ c0=1
DMA IRQ c1=0
DMA IRQ c2=0
DMA IRQ c3=0
SELECT busy=8602
SELECT w0=8560
SELECT w1=4525
SELECT w2=4948
BUSY TASK ewma=997
DMA IRQ c0=1
DMA IRQ c1=0
DMA IRQ c2=0
DMA IRQ c3=0
SELECT busy=8622
SELECT w0=8580
SELECT w1=4533
SELECT w2=4965
BUSY TASK ewma=997
DMA IRQ c0=1
DMA IRQ c1=0
DMA IRQ c2=0
DMA IRQ c3=0
SELECT busy=8640
SELECT w0=8598
SELECT w1=4540
SELECT w2=4978
BUSY TASK ewma=997
DMA IRQ c0=1
DMA IRQ c1=0
DMA IRQ c2=0
DMA IRQ c3=0
SELECT busy=8663
SELECT w0=8622
SELECT w1=4550
SELECT w2=4991
BUSY TASK ewma=997
DMA IRQ c0=1
DMA IRQ c1=0
DMA IRQ c2=0
DMA IRQ c3=0
SELECT busy=8682
SELECT w0=8640
SELECT w1=4556
SELECT w2=4998
BUSY TASK ewma=997
IRQ counts: cpu0=17359 cpu1=19863 cpu2=20005 cpu3=19887
SCHED secondaries: calls=59756 unexpected=0
SECTEST switches=59715 cpu1=215173533,211058468 cpu2=183318877,178281845 cpu3=253202903,237867930
PINGPONG rounds=2000 pongs=2000
DMA IRQ c0=1
DMA IRQ c1=0
DMA IRQ c2=0
DMA IRQ c3=0
SELECT busy=8711
SELECT w0=8669
SELECT w1=4568
SELECT w2=5014
BUSY TASK ewma=997
DMA IRQ c0=1
DMA IRQ c1=0
DMA IRQ c2=0
DMA IRQ c3=0
SELECT busy=8738
SELECT w0=8696
SELECT w1=4579
SELECT w2=5028
BUSY TASK ewma=997
DMA IRQ c0=1
DMA IRQ c1=0
DMA IRQ c2=0
DMA IRQ c3=0
SELECT busy=8761
SELECT w0=8720
SELECT w1=4592
SELECT w2=5043
BUSY TASK ewma=997
DMA IRQ c0=1
DMA IRQ c1=0
DMA IRQ c2=0
DMA IRQ c3=0
SELECT busy=8785
SELECT w0=8743
SELECT w1=4604
SELECT w2=5058
BUSY TASK ewma=997
DMA IRQ c0=1
DMA IRQ c1=0
DMA IRQ c2=0
DMA IRQ c3=0
SELECT busy=8801
SELECT w0=8760
SELECT w1=4611
SELECT w2=5065
BUSY TASK ewma=997
DMA IRQ c0=1
DMA IRQ c1=0
DMA IRQ c2=0
DMA IRQ c3=0
SELECT busy=8823
SELECT w0=8782
SELECT w1=4620
SELECT w2=5076
BUSY TASK ewma=997
DMA IRQ c0=1
DMA IRQ c1=0
DMA IRQ c2=0
DMA IRQ c3=0
SELECT busy=8843
SELECT w0=8801
SELECT w1=4629
SELECT w2=5087
BUSY TASK ewma=997
DMA IRQ c0=1
DMA IRQ c1=0
DMA IRQ c2=0
DMA IRQ c3=0
SELECT busy=8868
SELECT w0=8828
SELECT w1=4642
SELECT w2=5105
BUSY TASK ewma=997
DMA IRQ c0=1
DMA IRQ c1=0
DMA IRQ c2=0
DMA IRQ c3=0
SELECT busy=8899
SELECT w0=8860
SELECT w1=4659
SELECT w2=5129
BUSY TASK ewma=997
DMA IRQ c0=1
DMA IRQ c1=0
DMA IRQ c2=0
DMA IRQ c3=0
SELECT busy=8924
SELECT w0=8883
SELECT w1=4678
SELECT w2=5145
BUSY TASK ewma=997
DMA IRQ c0=1
DMA IRQ c1=0
DMA IRQ c2=0
DMA IRQ c3=0
SELECT busy=8952
SELECT w0=8911
SELECT w1=4690
SELECT w2=5161
BUSY TASK ewma=997
DMA IRQ c0=1
DMA IRQ c1=0
DMA IRQ c2=0
DMA IRQ c3=0
SELECT busy=8978
SELECT w0=8936
SELECT w1=4701
SELECT w2=5173
BUSY TASK ewma=997
DMA IRQ c0=1
DMA IRQ c1=0
DMA IRQ c2=0
DMA IRQ c3=0
SELECT busy=9001
SELECT w0=8959
SELECT w1=4711
SELECT w2=5185
BUSY TASK ewma=997
DMA IRQ c0=1
DMA IRQ c1=0
DMA IRQ c2=0
DMA IRQ c3=0
SELECT busy=9023
SELECT w0=8982
SELECT w1=4720
SELECT w2=5201
BUSY TASK ewma=997
DMA IRQ c0=1
DMA IRQ c1=0
DMA IRQ c2=0
DMA IRQ c3=0
SELECT busy=9054
SELECT w0=9013
SELECT w1=4732
SELECT w2=5214
BUSY TASK ewma=997
DMA IRQ c0=1
DMA IRQ c1=0
DMA IRQ c2=0
DMA IRQ c3=0
SELECT busy=9077
SELECT w0=9035
SELECT w1=4744
SELECT w2=5230
BUSY TASK ewma=997
DMA IRQ c0=1
DMA IRQ c1=0
DMA IRQ c2=0
DMA IRQ c3=0
SELECT busy=9095
SELECT w0=9053
SELECT w1=4749
SELECT w2=5238
BUSY TASK ewma=997
DMA IRQ c0=1
DMA IRQ c1=0
DMA IRQ c2=0
DMA IRQ c3=0
SELECT busy=9120
SELECT w0=9079
SELECT w1=4760
SELECT w2=5252
BUSY TASK ewma=997
DMA IRQ c0=1
DMA IRQ c1=0
DMA IRQ c2=0
DMA IRQ c3=0
SELECT busy=9143
SELECT w0=9101
SELECT w1=4768
SELECT w2=5262
BUSY TASK ewma=997
DMA IRQ c0=1
DMA IRQ c1=0
DMA IRQ c2=0
DMA IRQ c3=0
SELECT busy=9160
SELECT w0=9119
SELECT w1=4774
SELECT w2=5269
BUSY TASK ewma=997
DMA IRQ c0=1
DMA IRQ c1=0
DMA IRQ c2=0
DMA IRQ c3=0
SELECT busy=9180
SELECT w0=9140
SELECT w1=4786
SELECT w2=5285
BUSY TASK ewma=997
DMA IRQ c0=1
DMA IRQ c1=0
DMA IRQ c2=0
DMA IRQ c3=0
SELECT busy=9200
SELECT w0=9158
SELECT w1=4792
SELECT w2=5292
BUSY TASK ewma=997
DMA IRQ c0=1
DMA IRQ c1=0
DMA IRQ c2=0
DMA IRQ c3=0
SELECT busy=9219
SELECT w0=9177
SELECT w1=4800
SELECT w2=5303
BUSY TASK ewma=997
DMA IRQ c0=1
DMA IRQ c1=0
DMA IRQ c2=0
DMA IRQ c3=0
SELECT busy=9238
SELECT w0=9196
SELECT w1=4809
SELECT w2=5313
BUSY TASK ewma=997
DMA IRQ c0=1
DMA IRQ c1=0
DMA IRQ c2=0
DMA IRQ c3=0
SELECT busy=9257
SELECT w0=9216
SELECT w1=4818
SELECT w2=5327
BUSY TASK ewma=997
DMA IRQ c0=1
DMA IRQ c1=0
DMA IRQ c2=0
DMA IRQ c3=0
SELECT busy=9284
SELECT w0=9243
SELECT w1=4829
SELECT w2=5340
BUSY TASK ewma=997
DMA IRQ c0=1
DMA IRQ c1=0
DMA IRQ c2=0
DMA IRQ c3=0
SELECT busy=9304
SELECT w0=9262
SELECT w1=4838
SELECT w2=5349
BUSY TASK ewma=997
DMA IRQ c0=1
DMA IRQ c1=0
DMA IRQ c2=0
DMA IRQ c3=0
SELECT busy=9324
SELECT w0=9282
SELECT w1=4845
SELECT w2=5360
BUSY TASK ewma=997
DMA IRQ c0=1
DMA IRQ c1=0
DMA IRQ c2=0
DMA IRQ c3=0
SELECT busy=9345
SELECT w0=9303
SELECT w1=4853
SELECT w2=5371
BUSY TASK ewma=997
DMA IRQ c0=1
DMA IRQ c1=0
DMA IRQ c2=0
DMA IRQ c3=0
SELECT busy=9367
SELECT w0=9325
SELECT w1=4860
SELECT w2=5384
BUSY TASK ewma=997
DMA IRQ c0=1
DMA IRQ c1=0
DMA IRQ c2=0
DMA IRQ c3=0
SELECT busy=9388
SELECT w0=9347
SELECT w1=4872
SELECT w2=5401
BUSY TASK ewma=997
DMA IRQ c0=1
DMA IRQ c1=0
DMA IRQ c2=0
DMA IRQ c3=0
SELECT busy=9411
SELECT w0=9370
SELECT w1=4883
SELECT w2=5418
BUSY TASK ewma=997
DMA IRQ c0=1
DMA IRQ c1=0
DMA IRQ c2=0
DMA IRQ c3=0
SELECT busy=9434
SELECT w0=9392
SELECT w1=4893
SELECT w2=5433
BUSY TASK ewma=997
DMA IRQ c0=1
DMA IRQ c1=0
DMA IRQ c2=0
DMA IRQ c3=0
SELECT busy=9452
SELECT w0=9411
SELECT w1=4901
SELECT w2=5443
BUSY TASK ewma=997
DMA IRQ c0=1
DMA IRQ c1=0
DMA IRQ c2=0
DMA IRQ c3=0
SELECT busy=9470
SELECT w0=9428
SELECT w1=4910
SELECT w2=5452
BUSY TASK ewma=997
DMA IRQ c0=1
DMA IRQ c1=0
DMA IRQ c2=0
DMA IRQ c3=0
SELECT busy=9485
SELECT w0=9444
SELECT w1=4914
SELECT w2=5459
BUSY TASK ewma=997
DMA IRQ c0=1
DMA IRQ c1=0
DMA IRQ c2=0
DMA IRQ c3=0
SELECT busy=9508
SELECT w0=9467
SELECT w1=4925
SELECT w2=5472
BUSY TASK ewma=997
DMA IRQ c0=1
DMA IRQ c1=0
DMA IRQ c2=0
DMA IRQ c3=0
SELECT busy=9531
SELECT w0=9491
SELECT w1=4942
SELECT w2=5492
BUSY TASK ewma=997
DMA IRQ c0=1
DMA IRQ c1=0
DMA IRQ c2=0
DMA IRQ c3=0
SELECT busy=9553
SELECT w0=9511
SELECT w1=4951
SELECT w2=5503
BUSY TASK ewma=997
DMA IRQ c0=1
DMA IRQ c1=0
DMA IRQ c2=0
DMA IRQ c3=0
SELECT busy=9572
SELECT w0=9532
SELECT w1=4963
SELECT w2=5515
BUSY TASK ewma=997
DMA IRQ c0=1
DMA IRQ c1=0
DMA IRQ c2=0
DMA IRQ c3=0
SELECT busy=9595
SELECT w0=9554
SELECT w1=4972
SELECT w2=5527
BUSY TASK ewma=997
DMA IRQ c0=1
DMA IRQ c1=0
DMA IRQ c2=0
DMA IRQ c3=0
SELECT busy=9614
SELECT w0=9573
SELECT w1=4978
SELECT w2=5534
BUSY TASK ewma=997
DMA IRQ c0=1
DMA IRQ c1=0
DMA IRQ c2=0
DMA IRQ c3=0
SELECT busy=9633
SELECT w0=9593
SELECT w1=4985
SELECT w2=5542
BUSY TASK ewma=997
DMA IRQ c0=1
DMA IRQ c1=0
DMA IRQ c2=0
DMA IRQ c3=0
SELECT busy=9652
SELECT w0=9613
SELECT w1=4994
SELECT w2=5555
BUSY TASK ewma=997
DMA IRQ c0=1
DMA IRQ c1=0
DMA IRQ c2=0
DMA IRQ c3=0
SELECT busy=9674
SELECT w0=9633
SELECT w1=5004
SELECT w2=5567
BUSY TASK ewma=997
DMA IRQ c0=1
DMA IRQ c1=0
DMA IRQ c2=0
DMA IRQ c3=0
SELECT busy=9690
SELECT w0=9649
SELECT w1=5010
SELECT w2=5577
BUSY TASK ewma=997
DMA IRQ c0=1
DMA IRQ c1=0
DMA IRQ c2=0
DMA IRQ c3=0
SELECT busy=9705
SELECT w0=9663
SELECT w1=5018
SELECT w2=5586
BUSY TASK ewma=997
DMA IRQ c0=1
DMA IRQ c1=0
DMA IRQ c2=0
DMA IRQ c3=0
SELECT busy=9724
SELECT w0=9683
SELECT w1=5028
SELECT w2=5602
BUSY TASK ewma=997
DMA IRQ c0=1
DMA IRQ c1=0
DMA IRQ c2=0
DMA IRQ c3=0
SELECT busy=9749
SELECT w0=9707
SELECT w1=5038
SELECT w2=5615
BUSY TASK ewma=997
DMA IRQ c0=1
DMA IRQ c1=0
DMA IRQ c2=0
DMA IRQ c3=0
SELECT busy=9767
SELECT w0=9725
SELECT w1=5045
SELECT w2=5622
BUSY TASK ewma=997
DMA IRQ c0=1
DMA IRQ c1=0
DMA IRQ c2=0
DMA IRQ c3=0
SELECT busy=9781
SELECT w0=9740
SELECT w1=5053
SELECT w2=5631
BUSY TASK ewma=997
DMA IRQ c0=1
DMA IRQ c1=0
DMA IRQ c2=0
DMA IRQ c3=0
SELECT busy=9803
SELECT w0=9762
SELECT w1=5064
SELECT w2=5645
BUSY TASK ewma=997
DMA IRQ c0=1
DMA IRQ c1=0
DMA IRQ c2=0
DMA IRQ c3=0
SELECT busy=9823
SELECT w0=9781
SELECT w1=5073
SELECT w2=5656
BUSY TASK ewma=997
DMA IRQ c0=1
DMA IRQ c1=0
DMA IRQ c2=0
DMA IRQ c3=0
SELECT busy=9839
SELECT w0=9798
SELECT w1=5084
SELECT w2=5665
BUSY TASK ewma=997
DMA IRQ c0=1
DMA IRQ c1=0
DMA IRQ c2=0
DMA IRQ c3=0
SELECT busy=9864
SELECT w0=9824
SELECT w1=5097
SELECT w2=5680
BUSY TASK ewma=997
DMA IRQ c0=1
DMA IRQ c1=0
DMA IRQ c2=0
DMA IRQ c3=0
SELECT busy=9881
SELECT w0=9840
SELECT w1=5104
SELECT w2=5692
BUSY TASK ewma=997
DMA IRQ c0=1
DMA IRQ c1=0
DMA IRQ c2=0
DMA IRQ c3=0
SELECT busy=9905
SELECT w0=9864
SELECT w1=5117
SELECT w2=5714
BUSY TASK ewma=997
DMA IRQ c0=1
DMA IRQ c1=0
DMA IRQ c2=0
DMA IRQ c3=0
SELECT busy=9930
SELECT w0=9889
SELECT w1=5132
SELECT w2=5731
BUSY TASK ewma=997
DMA IRQ c0=1
DMA IRQ c1=0
DMA IRQ c2=0
DMA IRQ c3=0
SELECT busy=9951
SELECT w0=9910
SELECT w1=5142
SELECT w2=5743
BUSY TASK ewma=997
DMA IRQ c0=1
DMA IRQ c1=0
DMA IRQ c2=0
DMA IRQ c3=0
SELECT busy=9969
SELECT w0=9927
SELECT w1=5152
SELECT w2=5758
BUSY TASK ewma=997
DMA IRQ c0=1
DMA IRQ c1=0
DMA IRQ c2=0
DMA IRQ c3=0
SELECT busy=9987
SELECT w0=9945
SELECT w1=5158
SELECT w2=5767
BUSY TASK ewma=997
DMA IRQ c0=1
DMA IRQ c1=0
DMA IRQ c2=0
DMA IRQ c3=0
SELECT busy=10005
SELECT w0=9964
SELECT w1=5167
SELECT w2=5778
BUSY TASK ewma=997
DMA IRQ c0=1
DMA IRQ c1=0
DMA IRQ c2=0
DMA IRQ c3=0
SELECT busy=10025
SELECT w0=9984
SELECT w1=5177
SELECT w2=5789
BUSY TASK ewma=997
DMA IRQ c0=1
DMA IRQ c1=0
DMA IRQ c2=0
DMA IRQ c3=0
SELECT busy=10041
SELECT w0=10000
SELECT w1=5185
SELECT w2=5800
BUSY TASK ewma=997
IRQ counts: cpu0=20067 cpu1=23018 cpu2=23212 cpu3=23095
SCHED secondaries: calls=69340 unexpected=0
SECTEST switches=69298 cpu1=248756624,242797936 cpu2=213805079,209724359 cpu3=295749745,278610490
PINGPONG rounds=2000 pongs=2000
DMA IRQ c0=1
DMA IRQ c1=0
DMA IRQ c2=0
DMA IRQ c3=0
SELECT busy=10063
SELECT w0=10021
SELECT w1=5198
SELECT w2=5812
BUSY TASK ewma=997
DMA IRQ c0=1
DMA IRQ c1=0
DMA IRQ c2=0
DMA IRQ c3=0
SELECT busy=10082
SELECT w0=10040
SELECT w1=5204
SELECT w2=5819
BUSY TASK ewma=997
DMA IRQ c0=1
DMA IRQ c1=0
DMA IRQ c2=0
DMA IRQ c3=0
SELECT busy=10099
SELECT w0=10058
SELECT w1=5210
SELECT w2=5826
BUSY TASK ewma=997
DMA IRQ c0=1
DMA IRQ c1=0
DMA IRQ c2=0
DMA IRQ c3=0
SELECT busy=10124
SELECT w0=10082
SELECT w1=5218
SELECT w2=5835
BUSY TASK ewma=997
DMA IRQ c0=1
DMA IRQ c1=0
DMA IRQ c2=0
DMA IRQ c3=0
SELECT busy=10136
SELECT w0=10095
SELECT w1=5225
SELECT w2=5848
BUSY TASK ewma=997
DMA IRQ c0=1
DMA IRQ c1=0
DMA IRQ c2=0
DMA IRQ c3=0
SELECT busy=10161
SELECT w0=10119
SELECT w1=5236
SELECT w2=5862
BUSY TASK ewma=997
DMA IRQ c0=1
DMA IRQ c1=0
DMA IRQ c2=0
DMA IRQ c3=0
SELECT busy=10176
SELECT w0=10134
SELECT w1=5243
SELECT w2=5875
BUSY TASK ewma=997
DMA IRQ c0=1
DMA IRQ c1=0
DMA IRQ c2=0
DMA IRQ c3=0
SELECT busy=10192
SELECT w0=10150
SELECT w1=5250
SELECT w2=5884
BUSY TASK ewma=997
DMA IRQ c0=1
DMA IRQ c1=0
DMA IRQ c2=0
DMA IRQ c3=0
SELECT busy=10210
SELECT w0=10168
SELECT w1=5259
SELECT w2=5894
BUSY TASK ewma=997
DMA IRQ c0=1
DMA IRQ c1=0
DMA IRQ c2=0
DMA IRQ c3=0
SELECT busy=10226
SELECT w0=10186
SELECT w1=5268
SELECT w2=5907
BUSY TASK ewma=997
DMA IRQ c0=1
DMA IRQ c1=0
DMA IRQ c2=0
DMA IRQ c3=0
SELECT busy=10245
SELECT w0=10204
SELECT w1=5278
SELECT w2=5923
BUSY TASK ewma=997
DMA IRQ c0=1
DMA IRQ c1=0
DMA IRQ c2=0
DMA IRQ c3=0
SELECT busy=10266
SELECT w0=10225
SELECT w1=5290
SELECT w2=5936
BUSY TASK ewma=997
DMA IRQ c0=1
DMA IRQ c1=0
DMA IRQ c2=0
DMA IRQ c3=0
SELECT busy=10295
SELECT w0=10254
SELECT w1=5304
SELECT w2=5953
BUSY TASK ewma=997
DMA IRQ c0=1
DMA IRQ c1=0
DMA IRQ c2=0
DMA IRQ c3=0
SELECT busy=10308
SELECT w0=10266
SELECT w1=5310
SELECT w2=5960
BUSY TASK ewma=997
DMA IRQ c0=1
DMA IRQ c1=0
DMA IRQ c2=0
DMA IRQ c3=0
SELECT busy=10325
SELECT w0=10283
SELECT w1=5315
SELECT w2=5967
BUSY TASK ewma=997
DMA IRQ c0=1
DMA IRQ c1=0
DMA IRQ c2=0
DMA IRQ c3=0
SELECT busy=10339
SELECT w0=10297
SELECT w1=5321
SELECT w2=5975
BUSY TASK ewma=997
DMA IRQ c0=1
DMA IRQ c1=0
DMA IRQ c2=0
DMA IRQ c3=0
SELECT busy=10363
SELECT w0=10322
SELECT w1=5329
SELECT w2=5986
BUSY TASK ewma=997
DMA IRQ c0=1
DMA IRQ c1=0
DMA IRQ c2=0
DMA IRQ c3=0
SELECT busy=10387
SELECT w0=10346
SELECT w1=5345
SELECT w2=6002
BUSY TASK ewma=997
DMA IRQ c0=1
DMA IRQ c1=0
DMA IRQ c2=0
DMA IRQ c3=0
SELECT busy=10410
SELECT w0=10369
SELECT w1=5354
SELECT w2=6013
BUSY TASK ewma=997
DMA IRQ c0=1
DMA IRQ c1=0
DMA IRQ c2=0
DMA IRQ c3=0
SELECT busy=10423
SELECT w0=10381
SELECT w1=5360
SELECT w2=6020
BUSY TASK ewma=997
DMA IRQ c0=1
DMA IRQ c1=0
DMA IRQ c2=0
DMA IRQ c3=0
SELECT busy=10445
SELECT w0=10404
SELECT w1=5371
SELECT w2=6034
BUSY TASK ewma=997
DMA IRQ c0=1
DMA IRQ c1=0
DMA IRQ c2=0
DMA IRQ c3=0
SELECT busy=10466
SELECT w0=10425
SELECT w1=5380
SELECT w2=6046
BUSY TASK ewma=997
DMA IRQ c0=1
DMA IRQ c1=0
DMA IRQ c2=0
DMA IRQ c3=0
SELECT busy=10487
SELECT w0=10445
SELECT w1=5385
SELECT w2=6053
BUSY TASK ewma=997
DMA IRQ c0=1
DMA IRQ c1=0
DMA IRQ c2=0
DMA IRQ c3=0
SELECT busy=10510
SELECT w0=10470
SELECT w1=5402
SELECT w2=6071
BUSY TASK ewma=997
DMA IRQ c0=1
DMA IRQ c1=0
DMA IRQ c2=0
DMA IRQ c3=0
SELECT busy=10534
SELECT w0=10494
SELECT w1=5411
SELECT w2=6082
BUSY TASK ewma=997
DMA IRQ c0=1
DMA IRQ c1=0
DMA IRQ c2=0
DMA IRQ c3=0
SELECT busy=10554
SELECT w0=10513
SELECT w1=5421
SELECT w2=6094
BUSY TASK ewma=997
DMA IRQ c0=1
DMA IRQ c1=0
DMA IRQ c2=0
DMA IRQ c3=0
SELECT busy=10568
SELECT w0=10526
SELECT w1=5426
SELECT w2=6100
BUSY TASK ewma=997
DMA IRQ c0=1
DMA IRQ c1=0
DMA IRQ c2=0
DMA IRQ c3=0
SELECT busy=10596
SELECT w0=10555
SELECT w1=5436
SELECT w2=6115
BUSY TASK ewma=997
DMA IRQ c0=1
DMA IRQ c1=0
DMA IRQ c2=0
DMA IRQ c3=0
SELECT busy=10618
SELECT w0=10577
SELECT w1=5446
SELECT w2=6125
qemu-system-aarch64: terminating on signal 15 from pid 258181 (timeout)
