P4 M7: full integration test boot OK
CPU0: MPIDR_EL1=0x0000000080000000
CPU0: psci_cpu_on target=1 rc=0
CPU1: alive, MPIDR_EL1=0x0000000080000001 this_cpu()->cpu_id=1
CPU0: psci_cpu_on target=2 rc=0
CPU2: alive, MPIDR_EL1=0x0000000080000002 this_cpu()->cpu_id=2
CPU0: psci_cpu_on target=3 rc=0
CPU3: alive, MPIDR_EL1=0x0000000080000003 this_cpu()->cpu_id=3
CPUs online: 4
D2b: worker 2 runs on CPU2
D2b: worker 0 runs on CPU0
D2b: worker 1 runs on CPU1
P4 M7: worker submitted cmd_id=3
P4 M7: worker submitted cmd_id=1
P4 M7: worker submitted cmd_id=2
BUSY TASK ewma=994
DMA IRQ c0=0
DMA IRQ c1=0
DMA IRQ c2=0
DMA IRQ c3=0
SELECT busy=18
SELECT w0=4
SELECT w1=5
SELECT w2=4
BUSY TASK ewma=997
DMA IRQ c0=0
DMA IRQ c1=0
DMA IRQ c2=0
DMA IRQ c3=0
SELECT busy=34
SELECT w0=4
SELECT w1=5
SELECT w2=4
BUSY TASK ewma=997
DMA IRQ c0=0
DMA IRQ c1=0
DMA IRQ c2=0
DMA IRQ c3=0
SELECT busy=43
P4 M7: worker DATA OK, cmd_id=1
P4 M7: worker DATA OK, cmd_id=2
WORKER ewma=941
WORKER ewma=881
P4 M7: worker DATA OK, cmd_id=3
WORKER ewma=831
SELECT w0=29
SELECT w1=26
SELECT w2=22
BUSY TASK ewma=997
DMA IRQ c0=2
DMA IRQ c1=0
DMA IRQ c2=0
DMA IRQ c3=0
SELECT busy=62
SELECT w0=48
SELECT w1=65
SELECT w2=58
BUSY TASK ewma=997
DMA IRQ c0=2
DMA IRQ c1=0
DMA IRQ c2=0
DMA IRQ c3=0
SELECT busy=83
SELECT w0=67
SELECT w1=105
SELECT w2=97
BUSY TASK ewma=997
DMA IRQ c0=2
DMA IRQ c1=0
DMA IRQ c2=0
DMA IRQ c3=0
SELECT busy=103
SELECT w0=87
SELECT w1=134
SELECT w2=127
BUSY TASK ewma=997
DMA IRQ c0=2
DMA IRQ c1=0
DMA IRQ c2=0
DMA IRQ c3=0
SELECT busy=124
SELECT w0=108
SELECT w1=166
SELECT w2=158
BUSY TASK ewma=997
DMA IRQ c0=2
DMA IRQ c1=0
DMA IRQ c2=0
DMA IRQ c3=0
SELECT busy=156
SELECT w0=140
SELECT w1=207
SELECT w2=198
BUSY TASK ewma=997
DMA IRQ c0=2
DMA IRQ c1=0
DMA IRQ c2=0
DMA IRQ c3=0
SELECT busy=189
SELECT w0=174
SELECT w1=255
SELECT w2=248
BUSY TASK ewma=997
DMA IRQ c0=2
DMA IRQ c1=0
DMA IRQ c2=0
DMA IRQ c3=0
SELECT busy=216
SELECT w0=201
SELECT w1=297
SELECT w2=289
BUSY TASK ewma=997
DMA IRQ c0=2
DMA IRQ c1=0
DMA IRQ c2=0
DMA IRQ c3=0
SELECT busy=241
SELECT w0=226
SELECT w1=314
SELECT w2=302
BUSY TASK ewma=997
DMA IRQ c0=2
DMA IRQ c1=0
DMA IRQ c2=0
DMA IRQ c3=0
SELECT busy=264
SELECT w0=249
SELECT w1=334
SELECT w2=317
BUSY TASK ewma=997
DMA IRQ c0=2
DMA IRQ c1=0
DMA IRQ c2=0
DMA IRQ c3=0
SELECT busy=302
SELECT w0=286
SELECT w1=363
SELECT w2=335
BUSY TASK ewma=997
DMA IRQ c0=2
DMA IRQ c1=0
DMA IRQ c2=0
DMA IRQ c3=0
SELECT busy=327
SELECT w0=312
SELECT w1=383
SELECT w2=348
BUSY TASK ewma=997
DMA IRQ c0=2
DMA IRQ c1=0
DMA IRQ c2=0
DMA IRQ c3=0
SELECT busy=348
SELECT w0=332
SELECT w1=395
SELECT w2=362
BUSY TASK ewma=997
DMA IRQ c0=2
DMA IRQ c1=0
DMA IRQ c2=0
DMA IRQ c3=0
SELECT busy=366
SELECT w0=350
SELECT w1=404
SELECT w2=372
BUSY TASK ewma=997
DMA IRQ c0=2
DMA IRQ c1=0
DMA IRQ c2=0
DMA IRQ c3=0
SELECT busy=383
SELECT w0=367
SELECT w1=412
SELECT w2=379
BUSY TASK ewma=997
DMA IRQ c0=2
DMA IRQ c1=0
DMA IRQ c2=0
DMA IRQ c3=0
SELECT busy=403
SELECT w0=387
SELECT w1=423
SELECT w2=390
BUSY TASK ewma=997
DMA IRQ c0=2
DMA IRQ c1=0
DMA IRQ c2=0
DMA IRQ c3=0
SELECT busy=421
SELECT w0=406
SELECT w1=435
SELECT w2=401
BUSY TASK ewma=997
DMA IRQ c0=2
DMA IRQ c1=0
DMA IRQ c2=0
DMA IRQ c3=0
SELECT busy=439
SELECT w0=424
SELECT w1=447
SELECT w2=413
BUSY TASK ewma=997
DMA IRQ c0=2
DMA IRQ c1=0
DMA IRQ c2=0
DMA IRQ c3=0
SELECT busy=458
SELECT w0=442
SELECT w1=457
SELECT w2=421
BUSY TASK ewma=997
DMA IRQ c0=2
DMA IRQ c1=0
DMA IRQ c2=0
DMA IRQ c3=0
SELECT busy=471
SELECT w0=455
SELECT w1=466
SELECT w2=430
BUSY TASK ewma=997
DMA IRQ c0=2
DMA IRQ c1=0
DMA IRQ c2=0
DMA IRQ c3=0
SELECT busy=491
SELECT w0=477
SELECT w1=479
SELECT w2=442
BUSY TASK ewma=997
DMA IRQ c0=2
DMA IRQ c1=0
DMA IRQ c2=0
DMA IRQ c3=0
SELECT busy=513
SELECT w0=497
SELECT w1=488
SELECT w2=450
BUSY TASK ewma=997
DMA IRQ c0=2
DMA IRQ c1=0
DMA IRQ c2=0
DMA IRQ c3=0
SELECT busy=532
SELECT w0=516
SELECT w1=496
SELECT w2=458
BUSY TASK ewma=997
DMA IRQ c0=2
DMA IRQ c1=0
DMA IRQ c2=0
DMA IRQ c3=0
SELECT busy=552
SELECT w0=537
SELECT w1=509
SELECT w2=470
BUSY TASK ewma=997
DMA IRQ c0=2
DMA IRQ c1=0
DMA IRQ c2=0
DMA IRQ c3=0
SELECT busy=567
SELECT w0=552
SELECT w1=519
SELECT w2=478
BUSY TASK ewma=997
DMA IRQ c0=2
DMA IRQ c1=0
DMA IRQ c2=0
DMA IRQ c3=0
SELECT busy=592
SELECT w0=577
SELECT w1=537
SELECT w2=495
BUSY TASK ewma=997
DMA IRQ c0=2
DMA IRQ c1=0
DMA IRQ c2=0
DMA IRQ c3=0
SELECT busy=612
SELECT w0=596
SELECT w1=549
SELECT w2=510
BUSY TASK ewma=997
DMA IRQ c0=2
DMA IRQ c1=0
DMA IRQ c2=0
DMA IRQ c3=0
SELECT busy=633
SELECT w0=618
SELECT w1=561
SELECT w2=525
BUSY TASK ewma=997
DMA IRQ c0=2
DMA IRQ c1=0
DMA IRQ c2=0
DMA IRQ c3=0
SELECT busy=652
SELECT w0=637
SELECT w1=571
SELECT w2=536
BUSY TASK ewma=997
DMA IRQ c0=2
DMA IRQ c1=0
DMA IRQ c2=0
DMA IRQ c3=0
SELECT busy=673
SELECT w0=657
SELECT w1=582
SELECT w2=549
BUSY TASK ewma=997
DMA IRQ c0=2
DMA IRQ c1=0
DMA IRQ c2=0
DMA IRQ c3=0
SELECT busy=685
SELECT w0=671
SELECT w1=589
SELECT w2=556
BUSY TASK ewma=997
DMA IRQ c0=2
DMA IRQ c1=0
DMA IRQ c2=0
DMA IRQ c3=0
SELECT busy=706
SELECT w0=690
SELECT w1=605
SELECT w2=569
BUSY TASK ewma=997
DMA IRQ c0=2
DMA IRQ c1=0
DMA IRQ c2=0
DMA IRQ c3=0
SELECT busy=732
SELECT w0=719
SELECT w1=621
SELECT w2=585
BUSY TASK ewma=997
DMA IRQ c0=2
DMA IRQ c1=0
DMA IRQ c2=0
DMA IRQ c3=0
SELECT busy=760
SELECT w0=745
SELECT w1=636
SELECT w2=597
BUSY TASK ewma=997
DMA IRQ c0=2
DMA IRQ c1=0
DMA IRQ c2=0
DMA IRQ c3=0
SELECT busy=782
SELECT w0=767
SELECT w1=648
SELECT w2=609
BUSY TASK ewma=997
DMA IRQ c0=2
DMA IRQ c1=0
DMA IRQ c2=0
DMA IRQ c3=0
SELECT busy=807
SELECT w0=791
SELECT w1=660
SELECT w2=622
BUSY TASK ewma=997
DMA IRQ c0=2
DMA IRQ c1=0
DMA IRQ c2=0
DMA IRQ c3=0
SELECT busy=830
SELECT w0=815
SELECT w1=674
SELECT w2=635
BUSY TASK ewma=997
DMA IRQ c0=2
DMA IRQ c1=0
DMA IRQ c2=0
DMA IRQ c3=0
SELECT busy=861
SELECT w0=848
SELECT w1=695
SELECT w2=656
BUSY TASK ewma=997
DMA IRQ c0=2
DMA IRQ c1=0
DMA IRQ c2=0
DMA IRQ c3=0
SELECT busy=884
SELECT w0=869
SELECT w1=707
SELECT w2=676
BUSY TASK ewma=997
DMA IRQ c0=2
DMA IRQ c1=0
DMA IRQ c2=0
DMA IRQ c3=0
SELECT busy=902
SELECT w0=887
SELECT w1=720
SELECT w2=686
BUSY TASK ewma=997
DMA IRQ c0=2
DMA IRQ c1=0
DMA IRQ c2=0
DMA IRQ c3=0
SELECT busy=917
SELECT w0=902
SELECT w1=730
SELECT w2=697
BUSY TASK ewma=997
DMA IRQ c0=2
DMA IRQ c1=0
DMA IRQ c2=0
DMA IRQ c3=0
SELECT busy=930
SELECT w0=915
SELECT w1=739
SELECT w2=705
BUSY TASK ewma=997
DMA IRQ c0=2
DMA IRQ c1=0
DMA IRQ c2=0
DMA IRQ c3=0
SELECT busy=952
SELECT w0=937
SELECT w1=752
SELECT w2=716
BUSY TASK ewma=997
DMA IRQ c0=2
DMA IRQ c1=0
DMA IRQ c2=0
DMA IRQ c3=0
SELECT busy=972
SELECT w0=956
SELECT w1=762
SELECT w2=725
BUSY TASK ewma=997
DMA IRQ c0=2
DMA IRQ c1=0
DMA IRQ c2=0
DMA IRQ c3=0
SELECT busy=988
SELECT w0=973
SELECT w1=774
SELECT w2=737
BUSY TASK ewma=997
DMA IRQ c0=2
DMA IRQ c1=0
DMA IRQ c2=0
DMA IRQ c3=0
SELECT busy=1007
SELECT w0=992
SELECT w1=785
SELECT w2=749
BUSY TASK ewma=997
DMA IRQ c0=2
DMA IRQ c1=0
DMA IRQ c2=0
DMA IRQ c3=0
SELECT busy=1031
SELECT w0=1015
SELECT w1=799
SELECT w2=761
BUSY TASK ewma=997
DMA IRQ c0=2
DMA IRQ c1=0
DMA IRQ c2=0
DMA IRQ c3=0
SELECT busy=1050
SELECT w0=1035
SELECT w1=809
SELECT w2=770
BUSY TASK ewma=997
DMA IRQ c0=2
DMA IRQ c1=0
DMA IRQ c2=0
DMA IRQ c3=0
SELECT busy=1070
SELECT w0=1054
SELECT w1=818
SELECT w2=781
BUSY TASK ewma=997
DMA IRQ c0=2
DMA IRQ c1=0
DMA IRQ c2=0
DMA IRQ c3=0
SELECT busy=1087
SELECT w0=1072
SELECT w1=828
SELECT w2=791
BUSY TASK ewma=997
DMA IRQ c0=2
DMA IRQ c1=0
DMA IRQ c2=0
DMA IRQ c3=0
SELECT busy=1102
SELECT w0=1087
SELECT w1=837
SELECT w2=800
BUSY TASK ewma=997
DMA IRQ c0=2
DMA IRQ c1=0
DMA IRQ c2=0
DMA IRQ c3=0
SELECT busy=1118
SELECT w0=1102
SELECT w1=846
SELECT w2=811
BUSY TASK ewma=997
DMA IRQ c0=2
DMA IRQ c1=0
DMA IRQ c2=0
DMA IRQ c3=0
SELECT busy=1133
SELECT w0=1117
SELECT w1=854
SELECT w2=819
BUSY TASK ewma=997
DMA IRQ c0=2
DMA IRQ c1=0
DMA IRQ c2=0
DMA IRQ c3=0
SELECT busy=1159
SELECT w0=1144
SELECT w1=869
SELECT w2=836
BUSY TASK ewma=997
DMA IRQ c0=2
DMA IRQ c1=0
DMA IRQ c2=0
DMA IRQ c3=0
SELECT busy=1179
SELECT w0=1163
SELECT w1=876
SELECT w2=845
BUSY TASK ewma=997
DMA IRQ c0=2
DMA IRQ c1=0
DMA IRQ c2=0
DMA IRQ c3=0
SELECT busy=1195
SELECT w0=1180
SELECT w1=886
SELECT w2=854
BUSY TASK ewma=997
DMA IRQ c0=2
DMA IRQ c1=0
DMA IRQ c2=0
DMA IRQ c3=0
SELECT busy=1216
SELECT w0=1201
SELECT w1=899
SELECT w2=867
BUSY TASK ewma=997
DMA IRQ c0=2
DMA IRQ c1=0
DMA IRQ c2=0
DMA IRQ c3=0
SELECT busy=1228
SELECT w0=1212
SELECT w1=904
SELECT w2=872
BUSY TASK ewma=997
DMA IRQ c0=2
DMA IRQ c1=0
DMA IRQ c2=0
DMA IRQ c3=0
SELECT busy=1247
SELECT w0=1232
SELECT w1=916
SELECT w2=886
BUSY TASK ewma=997
DMA IRQ c0=2
DMA IRQ c1=0
DMA IRQ c2=0
DMA IRQ c3=0
SELECT busy=1274
SELECT w0=1259
SELECT w1=936
SELECT w2=902
BUSY TASK ewma=997
DMA IRQ c0=2
DMA IRQ c1=0
DMA IRQ c2=0
DMA IRQ c3=0
SELECT busy=1306
SELECT w0=1290
SELECT w1=951
SELECT w2=918
BUSY TASK ewma=997
IRQ counts: cpu0=2618 cpu1=3038 cpu2=3014 cpu3=3058
SCHED secondaries: calls=9120 unexpected=0
SECTEST switches=9103 cpu1=32442460,31438761 cpu2=23463259,23160772 cpu3=42745670,38945077
PINGPONG rounds=847 pongs=848
DMA IRQ c0=2
DMA IRQ c1=0
DMA IRQ c2=0
DMA IRQ c3=0
SELECT busy=1332
SELECT w0=1317
SELECT w1=965
SELECT w2=931
BUSY TASK ewma=997
DMA IRQ c0=2
DMA IRQ c1=0
DMA IRQ c2=0
DMA IRQ c3=0
SELECT busy=1352
SELECT w0=1336
SELECT w1=976
SELECT w2=941
BUSY TASK ewma=997
DMA IRQ c0=2
DMA IRQ c1=0
DMA IRQ c2=0
DMA IRQ c3=0
SELECT busy=1363
SELECT w0=1348
SELECT w1=982
SELECT w2=949
BUSY TASK ewma=997
DMA IRQ c0=2
DMA IRQ c1=0
DMA IRQ c2=0
DMA IRQ c3=0
SELECT busy=1379
SELECT w0=1363
SELECT w1=989
SELECT w2=958
BUSY TASK ewma=997
DMA IRQ c0=2
DMA IRQ c1=0
DMA IRQ c2=0
DMA IRQ c3=0
SELECT busy=1399
SELECT w0=1384
SELECT w1=1001
SELECT w2=970
BUSY TASK ewma=997
DMA IRQ c0=2
DMA IRQ c1=0
DMA IRQ c2=0
DMA IRQ c3=0
SELECT busy=1419
SELECT w0=1403
SELECT w1=1009
SELECT w2=980
BUSY TASK ewma=997
DMA IRQ c0=2
DMA IRQ c1=0
DMA IRQ c2=0
DMA IRQ c3=0
SELECT busy=1435
SELECT w0=1420
SELECT w1=1018
SELECT w2=988
BUSY TASK ewma=997
DMA IRQ c0=2
DMA IRQ c1=0
DMA IRQ c2=0
DMA IRQ c3=0
SELECT busy=1459
SELECT w0=1444
SELECT w1=1033
SELECT w2=1001
BUSY TASK ewma=997
DMA IRQ c0=2
DMA IRQ c1=0
DMA IRQ c2=0
DMA IRQ c3=0
SELECT busy=1500
SELECT w0=1485
SELECT w1=1055
SELECT w2=1023
BUSY TASK ewma=997
DMA IRQ c0=2
DMA IRQ c1=0
DMA IRQ c2=0
DMA IRQ c3=0
SELECT busy=1528
SELECT w0=1514
SELECT w1=1071
SELECT w2=1036
BUSY TASK ewma=997
DMA IRQ c0=2
DMA IRQ c1=0
DMA IRQ c2=0
DMA IRQ c3=0
SELECT busy=1554
SELECT w0=1539
SELECT w1=1086
SELECT w2=1052
BUSY TASK ewma=997
DMA IRQ c0=2
DMA IRQ c1=0
DMA IRQ c2=0
DMA IRQ c3=0
SELECT busy=1574
SELECT w0=1559
SELECT w1=1098
SELECT w2=1064
BUSY TASK ewma=997
DMA IRQ c0=2
DMA IRQ c1=0
DMA IRQ c2=0
DMA IRQ c3=0
SELECT busy=1595
SELECT w0=1579
SELECT w1=1111
SELECT w2=1077
BUSY TASK ewma=997
DMA IRQ c0=2
DMA IRQ c1=0
DMA IRQ c2=0
DMA IRQ c3=0
SELECT busy=1635
SELECT w0=1620
SELECT w1=1133
SELECT w2=1102
BUSY TASK ewma=997
DMA IRQ c0=2
DMA IRQ c1=0
DMA IRQ c2=0
DMA IRQ c3=0
SELECT busy=1662
SELECT w0=1647
SELECT w1=1147
SELECT w2=1114
BUSY TASK ewma=997
DMA IRQ c0=2
DMA IRQ c1=0
DMA IRQ c2=0
DMA IRQ c3=0
SELECT busy=1687
SELECT w0=1672
SELECT w1=1162
SELECT w2=1134
BUSY TASK ewma=997
DMA IRQ c0=2
DMA IRQ c1=0
DMA IRQ c2=0
DMA IRQ c3=0
SELECT busy=1705
SELECT w0=1691
SELECT w1=1172
SELECT w2=1144
BUSY TASK ewma=997
DMA IRQ c0=2
DMA IRQ c1=0
DMA IRQ c2=0
DMA IRQ c3=0
SELECT busy=1730
SELECT w0=1714
SELECT w1=1184
SELECT w2=1154
BUSY TASK ewma=997
DMA IRQ c0=2
DMA IRQ c1=0
DMA IRQ c2=0
DMA IRQ c3=0
SELECT busy=1748
SELECT w0=1732
SELECT w1=1192
SELECT w2=1162
BUSY TASK ewma=997
DMA IRQ c0=2
DMA IRQ c1=0
DMA IRQ c2=0
DMA IRQ c3=0
SELECT busy=1771
SELECT w0=1756
SELECT w1=1205
SELECT w2=1179
BUSY TASK ewma=997
DMA IRQ c0=2
DMA IRQ c1=0
DMA IRQ c2=0
DMA IRQ c3=0
SELECT busy=1789
SELECT w0=1774
SELECT w1=1216
SELECT w2=1191
BUSY TASK ewma=997
DMA IRQ c0=2
DMA IRQ c1=0
DMA IRQ c2=0
DMA IRQ c3=0
SELECT busy=1805
SELECT w0=1790
SELECT w1=1226
SELECT w2=1199
BUSY TASK ewma=997
DMA IRQ c0=2
DMA IRQ c1=0
DMA IRQ c2=0
DMA IRQ c3=0
SELECT busy=1824
SELECT w0=1809
SELECT w1=1233
SELECT w2=1205
BUSY TASK ewma=997
DMA IRQ c0=2
DMA IRQ c1=0
DMA IRQ c2=0
DMA IRQ c3=0
SELECT busy=1842
SELECT w0=1827
SELECT w1=1243
SELECT w2=1215
BUSY TASK ewma=997
DMA IRQ c0=2
DMA IRQ c1=0
DMA IRQ c2=0
DMA IRQ c3=0
SELECT busy=1857
SELECT w0=1841
SELECT w1=1251
SELECT w2=1223
BUSY TASK ewma=997
DMA IRQ c0=2
DMA IRQ c1=0
DMA IRQ c2=0
DMA IRQ c3=0
SELECT busy=1874
SELECT w0=1859
SELECT w1=1261
SELECT w2=1234
BUSY TASK ewma=997
DMA IRQ c0=2
DMA IRQ c1=0
DMA IRQ c2=0
DMA IRQ c3=0
SELECT busy=1890
SELECT w0=1874
SELECT w1=1272
SELECT w2=1243
BUSY TASK ewma=997
DMA IRQ c0=2
DMA IRQ c1=0
DMA IRQ c2=0
DMA IRQ c3=0
SELECT busy=1913
SELECT w0=1898
SELECT w1=1285
SELECT w2=1264
BUSY TASK ewma=997
DMA IRQ c0=2
DMA IRQ c1=0
DMA IRQ c2=0
DMA IRQ c3=0
SELECT busy=1932
SELECT w0=1916
SELECT w1=1297
SELECT w2=1277
BUSY TASK ewma=997
DMA IRQ c0=2
DMA IRQ c1=0
DMA IRQ c2=0
DMA IRQ c3=0
SELECT busy=1951
SELECT w0=1935
SELECT w1=1304
SELECT w2=1284
BUSY TASK ewma=997
DMA IRQ c0=2
DMA IRQ c1=0
DMA IRQ c2=0
DMA IRQ c3=0
SELECT busy=1970
SELECT w0=1954
SELECT w1=1309
SELECT w2=1292
BUSY TASK ewma=997
DMA IRQ c0=2
DMA IRQ c1=0
DMA IRQ c2=0
DMA IRQ c3=0
SELECT busy=1989
SELECT w0=1974
SELECT w1=1315
SELECT w2=1297
BUSY TASK ewma=997
DMA IRQ c0=2
DMA IRQ c1=0
DMA IRQ c2=0
DMA IRQ c3=0
SELECT busy=2005
SELECT w0=1989
SELECT w1=1323
SELECT w2=1307
BUSY TASK ewma=997
DMA IRQ c0=2
DMA IRQ c1=0
DMA IRQ c2=0
DMA IRQ c3=0
SELECT busy=2035
SELECT w0=2021
SELECT w1=1348
SELECT w2=1323
BUSY TASK ewma=997
DMA IRQ c0=2
DMA IRQ c1=0
DMA IRQ c2=0
DMA IRQ c3=0
SELECT busy=2062
SELECT w0=2046
SELECT w1=1364
SELECT w2=1337
BUSY TASK ewma=997
DMA IRQ c0=2
DMA IRQ c1=0
DMA IRQ c2=0
DMA IRQ c3=0
SELECT busy=2086
SELECT w0=2071
SELECT w1=1378
SELECT w2=1353
BUSY TASK ewma=997
DMA IRQ c0=2
DMA IRQ c1=0
DMA IRQ c2=0
DMA IRQ c3=0
SELECT busy=2112
SELECT w0=2097
SELECT w1=1391
SELECT w2=1365
BUSY TASK ewma=997
DMA IRQ c0=2
DMA IRQ c1=0
DMA IRQ c2=0
DMA IRQ c3=0
SELECT busy=2137
SELECT w0=2122
SELECT w1=1404
SELECT w2=1377
BUSY TASK ewma=997
DMA IRQ c0=2
DMA IRQ c1=0
DMA IRQ c2=0
DMA IRQ c3=0
SELECT busy=2162
SELECT w0=2147
SELECT w1=1423
SELECT w2=1398
BUSY TASK ewma=997
DMA IRQ c0=2
DMA IRQ c1=0
DMA IRQ c2=0
DMA IRQ c3=0
SELECT busy=2184
SELECT w0=2169
SELECT w1=1437
SELECT w2=1410
BUSY TASK ewma=997
DMA IRQ c0=2
DMA IRQ c1=0
DMA IRQ c2=0
DMA IRQ c3=0
SELECT busy=2204
SELECT w0=2189
SELECT w1=1451
SELECT w2=1425
BUSY TASK ewma=997
DMA IRQ c0=2
DMA IRQ c1=0
DMA IRQ c2=0
DMA IRQ c3=0
SELECT busy=2227
SELECT w0=2211
SELECT w1=1465
SELECT w2=1441
BUSY TASK ewma=997
DMA IRQ c0=2
DMA IRQ c1=0
DMA IRQ c2=0
DMA IRQ c3=0
SELECT busy=2249
SELECT w0=2234
SELECT w1=1479
SELECT w2=1454
BUSY TASK ewma=997
DMA IRQ c0=2
DMA IRQ c1=0
DMA IRQ c2=0
DMA IRQ c3=0
SELECT busy=2269
SELECT w0=2254
SELECT w1=1489
SELECT w2=1464
BUSY TASK ewma=997
DMA IRQ c0=2
DMA IRQ c1=0
DMA IRQ c2=0
DMA IRQ c3=0
SELECT busy=2288
SELECT w0=2272
SELECT w1=1498
SELECT w2=1472
BUSY TASK ewma=997
DMA IRQ c0=2
DMA IRQ c1=0
DMA IRQ c2=0
DMA IRQ c3=0
SELECT busy=2305
SELECT w0=2289
SELECT w1=1505
SELECT w2=1481
BUSY TASK ewma=997
DMA IRQ c0=2
DMA IRQ c1=0
DMA IRQ c2=0
DMA IRQ c3=0
SELECT busy=2322
SELECT w0=2306
SELECT w1=1515
SELECT w2=1490
BUSY TASK ewma=997
DMA IRQ c0=2
DMA IRQ c1=0
DMA IRQ c2=0
DMA IRQ c3=0
SELECT busy=2342
SELECT w0=2326
SELECT w1=1525
SELECT w2=1501
BUSY TASK ewma=997
DMA IRQ c0=2
DMA IRQ c1=0
DMA IRQ c2=0
DMA IRQ c3=0
SELECT busy=2363
SELECT w0=2348
SELECT w1=1536
SELECT w2=1511
BUSY TASK ewma=997
DMA IRQ c0=2
DMA IRQ c1=0
DMA IRQ c2=0
DMA IRQ c3=0
SELECT busy=2383
SELECT w0=2367
SELECT w1=1546
SELECT w2=1520
BUSY TASK ewma=997
DMA IRQ c0=2
DMA IRQ c1=0
DMA IRQ c2=0
DMA IRQ c3=0
SELECT busy=2402
SELECT w0=2386
SELECT w1=1555
SELECT w2=1530
BUSY TASK ewma=997
DMA IRQ c0=2
DMA IRQ c1=0
DMA IRQ c2=0
DMA IRQ c3=0
SELECT busy=2417
SELECT w0=2402
SELECT w1=1563
SELECT w2=1539
BUSY TASK ewma=997
DMA IRQ c0=2
DMA IRQ c1=0
DMA IRQ c2=0
DMA IRQ c3=0
SELECT busy=2439
SELECT w0=2423
SELECT w1=1573
SELECT w2=1549
BUSY TASK ewma=997
DMA IRQ c0=2
DMA IRQ c1=0
DMA IRQ c2=0
DMA IRQ c3=0
SELECT busy=2458
SELECT w0=2442
SELECT w1=1584
SELECT w2=1559
BUSY TASK ewma=997
DMA IRQ c0=2
DMA IRQ c1=0
DMA IRQ c2=0
DMA IRQ c3=0
SELECT busy=2476
SELECT w0=2460
SELECT w1=1597
SELECT w2=1568
BUSY TASK ewma=997
DMA IRQ c0=2
DMA IRQ c1=0
DMA IRQ c2=0
DMA IRQ c3=0
SELECT busy=2497
SELECT w0=2481
SELECT w1=1608
SELECT w2=1579
BUSY TASK ewma=997
DMA IRQ c0=2
DMA IRQ c1=0
DMA IRQ c2=0
DMA IRQ c3=0
SELECT busy=2516
SELECT w0=2501
SELECT w1=1622
SELECT w2=1591
BUSY TASK ewma=997
DMA IRQ c0=2
DMA IRQ c1=0
DMA IRQ c2=0
DMA IRQ c3=0
SELECT busy=2534
SELECT w0=2519
SELECT w1=1637
SELECT w2=1603
BUSY TASK ewma=997
DMA IRQ c0=2
DMA IRQ c1=0
DMA IRQ c2=0
DMA IRQ c3=0
SELECT busy=2553
SELECT w0=2538
SELECT w1=1648
SELECT w2=1616
BUSY TASK ewma=997
DMA IRQ c0=2
DMA IRQ c1=0
DMA IRQ c2=0
DMA IRQ c3=0
SELECT busy=2575
SELECT w0=2560
SELECT w1=1662
SELECT w2=1631
BUSY TASK ewma=997
DMA IRQ c0=2
DMA IRQ c1=0
DMA IRQ c2=0
DMA IRQ c3=0
SELECT busy=2598
SELECT w0=2582
SELECT w1=1672
SELECT w2=1639
BUSY TASK ewma=997
DMA IRQ c0=2
DMA IRQ c1=0
DMA IRQ c2=0
DMA IRQ c3=0
SELECT busy=2616
SELECT w0=2601
SELECT w1=1682
SELECT w2=1650
BUSY TASK ewma=997
DMA IRQ c0=2
DMA IRQ c1=0
DMA IRQ c2=0
DMA IRQ c3=0
SELECT busy=2632
SELECT w0=2616
SELECT w1=1690
SELECT w2=1659
BUSY TASK ewma=997
DMA IRQ c0=2
DMA IRQ c1=0
DMA IRQ c2=0
DMA IRQ c3=0
SELECT busy=2651
SELECT w0=2635
SELECT w1=1698
SELECT w2=1667
BUSY TASK ewma=997
IRQ counts: cpu0=5304 cpu1=6071 cpu2=6064 cpu3=6119
SCHED secondaries: calls=18256 unexpected=0
SECTEST switches=18240 cpu1=70884707,69340008 cpu2=51596652,50300904 cpu3=82679927,76328241
PINGPONG rounds=1417 pongs=1418
DMA IRQ c0=2
DMA IRQ c1=0
DMA IRQ c2=0
DMA IRQ c3=0
SELECT busy=2679
SELECT w0=2664
SELECT w1=1715
SELECT w2=1686
BUSY TASK ewma=997
DMA IRQ c0=2
DMA IRQ c1=0
DMA IRQ c2=0
DMA IRQ c3=0
SELECT busy=2702
SELECT w0=2687
SELECT w1=1725
SELECT w2=1696
BUSY TASK ewma=997
DMA IRQ c0=2
DMA IRQ c1=0
DMA IRQ c2=0
DMA IRQ c3=0
SELECT busy=2727
SELECT w0=2712
SELECT w1=1736
SELECT w2=1705
BUSY TASK ewma=997
DMA IRQ c0=2
DMA IRQ c1=0
DMA IRQ c2=0
DMA IRQ c3=0
SELECT busy=2761
SELECT w0=2746
SELECT w1=1758
SELECT w2=1725
BUSY TASK ewma=997
DMA IRQ c0=2
DMA IRQ c1=0
DMA IRQ c2=0
DMA IRQ c3=0
SELECT busy=2783
SELECT w0=2767
SELECT w1=1773
SELECT w2=1739
BUSY TASK ewma=997
DMA IRQ c0=2
DMA IRQ c1=0
DMA IRQ c2=0
DMA IRQ c3=0
SELECT busy=2799
SELECT w0=2784
SELECT w1=1787
SELECT w2=1751
BUSY TASK ewma=997
DMA IRQ c0=2
DMA IRQ c1=0
DMA IRQ c2=0
DMA IRQ c3=0
SELECT busy=2823
SELECT w0=2808
SELECT w1=1801
SELECT w2=1764
BUSY TASK ewma=997
DMA IRQ c0=2
DMA IRQ c1=0
DMA IRQ c2=0
DMA IRQ c3=0
SELECT busy=2843
SELECT w0=2827
SELECT w1=1814
SELECT w2=1774
BUSY TASK ewma=997
DMA IRQ c0=2
DMA IRQ c1=0
DMA IRQ c2=0
DMA IRQ c3=0
SELECT busy=2873
SELECT w0=2857
SELECT w1=1827
SELECT w2=1789
BUSY TASK ewma=997
DMA IRQ c0=2
DMA IRQ c1=0
DMA IRQ c2=0
DMA IRQ c3=0
SELECT busy=2907
SELECT w0=2892
SELECT w1=1846
SELECT w2=1806
BUSY TASK ewma=997
DMA IRQ c0=2
DMA IRQ c1=0
DMA IRQ c2=0
DMA IRQ c3=0
SELECT busy=2944
SELECT w0=2928
SELECT w1=1863
SELECT w2=1822
BUSY TASK ewma=997
DMA IRQ c0=2
DMA IRQ c1=0
DMA IRQ c2=0
DMA IRQ c3=0
SELECT busy=2969
SELECT w0=2954
SELECT w1=1879
SELECT w2=1839
BUSY TASK ewma=997
DMA IRQ c0=2
DMA IRQ c1=0
DMA IRQ c2=0
DMA IRQ c3=0
SELECT busy=2994
SELECT w0=2979
SELECT w1=1892
SELECT w2=1852
BUSY TASK ewma=997
DMA IRQ c0=2
DMA IRQ c1=0
DMA IRQ c2=0
DMA IRQ c3=0
SELECT busy=3029
SELECT w0=3013
SELECT w1=1906
SELECT w2=1868
BUSY TASK ewma=997
DMA IRQ c0=2
DMA IRQ c1=0
DMA IRQ c2=0
DMA IRQ c3=0
SELECT busy=3052
SELECT w0=3036
SELECT w1=1915
SELECT w2=1874
BUSY TASK ewma=997
DMA IRQ c0=2
DMA IRQ c1=0
DMA IRQ c2=0
DMA IRQ c3=0
SELECT busy=3082
SELECT w0=3067
SELECT w1=1936
SELECT w2=1893
BUSY TASK ewma=997
DMA IRQ c0=2
DMA IRQ c1=0
DMA IRQ c2=0
DMA IRQ c3=0
SELECT busy=3107
SELECT w0=3092
SELECT w1=1954
SELECT w2=1905
BUSY TASK ewma=997
DMA IRQ c0=2
DMA IRQ c1=0
DMA IRQ c2=0
DMA IRQ c3=0
SELECT busy=3129
SELECT w0=3114
SELECT w1=1967
SELECT w2=1920
BUSY TASK ewma=997
DMA IRQ c0=2
DMA IRQ c1=0
DMA IRQ c2=0
DMA IRQ c3=0
SELECT busy=3151
SELECT w0=3135
SELECT w1=1982
SELECT w2=1935
BUSY TASK ewma=997
DMA IRQ c0=2
DMA IRQ c1=0
DMA IRQ c2=0
DMA IRQ c3=0
SELECT busy=3173
SELECT w0=3157
SELECT w1=1998
SELECT w2=1946
BUSY TASK ewma=997
DMA IRQ c0=2
DMA IRQ c1=0
DMA IRQ c2=0
DMA IRQ c3=0
SELECT busy=3192
SELECT w0=3176
SELECT w1=2009
SELECT w2=1958
BUSY TASK ewma=997
DMA IRQ c0=2
DMA IRQ c1=0
DMA IRQ c2=0
DMA IRQ c3=0
SELECT busy=3218
SELECT w0=3203
SELECT w1=2028
SELECT w2=1973
BUSY TASK ewma=997
DMA IRQ c0=2
DMA IRQ c1=0
DMA IRQ c2=0
DMA IRQ c3=0
SELECT busy=3238
SELECT w0=3223
SELECT w1=2035
SELECT w2=1982
BUSY TASK ewma=997
DMA IRQ c0=2
DMA IRQ c1=0
DMA IRQ c2=0
DMA IRQ c3=0
SELECT busy=3264
SELECT w0=3250
SELECT w1=2049
SELECT w2=1992
BUSY TASK ewma=997
DMA IRQ c0=2
DMA IRQ c1=0
DMA IRQ c2=0
DMA IRQ c3=0
SELECT busy=3288
SELECT w0=3273
SELECT w1=2056
SELECT w2=2000
BUSY TASK ewma=997
DMA IRQ c0=2
DMA IRQ c1=0
DMA IRQ c2=0
DMA IRQ c3=0
SELECT busy=3313
SELECT w0=3299
SELECT w1=2072
SELECT w2=2014
BUSY TASK ewma=997
DMA IRQ c0=2
DMA IRQ c1=0
DMA IRQ c2=0
DMA IRQ c3=0
SELECT busy=3338
SELECT w0=3322
SELECT w1=2082
SELECT w2=2024
BUSY TASK ewma=997
DMA IRQ c0=2
DMA IRQ c1=0
DMA IRQ c2=0
DMA IRQ c3=0
SELECT busy=3371
SELECT w0=3356
SELECT w1=2100
SELECT w2=2043
BUSY TASK ewma=997
DMA IRQ c0=2
DMA IRQ c1=0
DMA IRQ c2=0
DMA IRQ c3=0
SELECT busy=3404
SELECT w0=3388
SELECT w1=2118
SELECT w2=2064
BUSY TASK ewma=997
DMA IRQ c0=2
DMA IRQ c1=0
DMA IRQ c2=0
DMA IRQ c3=0
SELECT busy=3436
SELECT w0=3421
SELECT w1=2136
SELECT w2=2084
BUSY TASK ewma=997
DMA IRQ c0=2
DMA IRQ c1=0
DMA IRQ c2=0
DMA IRQ c3=0
SELECT busy=3450
SELECT w0=3434
SELECT w1=2142
SELECT w2=2092
BUSY TASK ewma=997
DMA IRQ c0=2
DMA IRQ c1=0
DMA IRQ c2=0
DMA IRQ c3=0
SELECT busy=3462
SELECT w0=3446
SELECT w1=2149
SELECT w2=2098
BUSY TASK ewma=997
DMA IRQ c0=2
DMA IRQ c1=0
DMA IRQ c2=0
DMA IRQ c3=0
SELECT busy=3478
SELECT w0=3463
SELECT w1=2158
SELECT w2=2107
BUSY TASK ewma=997
DMA IRQ c0=2
DMA IRQ c1=0
DMA IRQ c2=0
DMA IRQ c3=0
SELECT busy=3508
SELECT w0=3493
SELECT w1=2174
SELECT w2=2122
BUSY TASK ewma=997
DMA IRQ c0=2
DMA IRQ c1=0
DMA IRQ c2=0
DMA IRQ c3=0
SELECT busy=3548
SELECT w0=3532
SELECT w1=2194
SELECT w2=2144
BUSY TASK ewma=997
DMA IRQ c0=2
DMA IRQ c1=0
DMA IRQ c2=0
DMA IRQ c3=0
SELECT busy=3578
SELECT w0=3563
SELECT w1=2212
SELECT w2=2159
BUSY TASK ewma=997
DMA IRQ c0=2
DMA IRQ c1=0
DMA IRQ c2=0
DMA IRQ c3=0
SELECT busy=3593
SELECT w0=3577
SELECT w1=2220
SELECT w2=2165
BUSY TASK ewma=997
DMA IRQ c0=2
DMA IRQ c1=0
DMA IRQ c2=0
DMA IRQ c3=0
SELECT busy=3611
SELECT w0=3595
SELECT w1=2232
SELECT w2=2178
BUSY TASK ewma=997
DMA IRQ c0=2
DMA IRQ c1=0
DMA IRQ c2=0
DMA IRQ c3=0
SELECT busy=3636
SELECT w0=3622
SELECT w1=2249
SELECT w2=2193
BUSY TASK ewma=997
DMA IRQ c0=2
DMA IRQ c1=0
DMA IRQ c2=0
DMA IRQ c3=0
SELECT busy=3670
SELECT w0=3655
SELECT w1=2271
SELECT w2=2210
BUSY TASK ewma=997
DMA IRQ c0=2
DMA IRQ c1=0
DMA IRQ c2=0
DMA IRQ c3=0
SELECT busy=3698
SELECT w0=3684
SELECT w1=2293
SELECT w2=2229
BUSY TASK ewma=997
DMA IRQ c0=2
DMA IRQ c1=0
DMA IRQ c2=0
DMA IRQ c3=0
SELECT busy=3724
SELECT w0=3708
SELECT w1=2304
SELECT w2=2242
BUSY TASK ewma=997
DMA IRQ c0=2
DMA IRQ c1=0
DMA IRQ c2=0
DMA IRQ c3=0
SELECT busy=3746
SELECT w0=3730
SELECT w1=2318
SELECT w2=2258
BUSY TASK ewma=997
DMA IRQ c0=2
DMA IRQ c1=0
DMA IRQ c2=0
DMA IRQ c3=0
SELECT busy=3763
SELECT w0=3748
SELECT w1=2327
SELECT w2=2268
BUSY TASK ewma=997
DMA IRQ c0=2
DMA IRQ c1=0
DMA IRQ c2=0
DMA IRQ c3=0
SELECT busy=3782
SELECT w0=3766
SELECT w1=2334
SELECT w2=2276
BUSY TASK ewma=997
DMA IRQ c0=2
DMA IRQ c1=0
DMA IRQ c2=0
DMA IRQ c3=0
SELECT busy=3804
SELECT w0=3789
SELECT w1=2355
SELECT w2=2290
BUSY TASK ewma=997
DMA IRQ c0=2
DMA IRQ c1=0
DMA IRQ c2=0
DMA IRQ c3=0
SELECT busy=3827
SELECT w0=3814
SELECT w1=2368
SELECT w2=2304
BUSY TASK ewma=997
DMA IRQ c0=2
DMA IRQ c1=0
DMA IRQ c2=0
DMA IRQ c3=0
SELECT busy=3849
SELECT w0=3834
SELECT w1=2380
SELECT w2=2320
BUSY TASK ewma=997
DMA IRQ c0=2
DMA IRQ c1=0
DMA IRQ c2=0
DMA IRQ c3=0
SELECT busy=3870
SELECT w0=3855
SELECT w1=2393
SELECT w2=2338
BUSY TASK ewma=997
DMA IRQ c0=2
DMA IRQ c1=0
DMA IRQ c2=0
DMA IRQ c3=0
SELECT busy=3894
SELECT w0=3878
SELECT w1=2405
SELECT w2=2349
BUSY TASK ewma=997
DMA IRQ c0=2
DMA IRQ c1=0
DMA IRQ c2=0
DMA IRQ c3=0
SELECT busy=3913
SELECT w0=3899
SELECT w1=2423
SELECT w2=2365
BUSY TASK ewma=997
DMA IRQ c0=2
DMA IRQ c1=0
DMA IRQ c2=0
DMA IRQ c3=0
SELECT busy=3938
SELECT w0=3923
SELECT w1=2437
SELECT w2=2383
BUSY TASK ewma=997
DMA IRQ c0=2
DMA IRQ c1=0
DMA IRQ c2=0
DMA IRQ c3=0
SELECT busy=3963
SELECT w0=3948
SELECT w1=2449
SELECT w2=2393
BUSY TASK ewma=997
DMA IRQ c0=2
DMA IRQ c1=0
DMA IRQ c2=0
DMA IRQ c3=0
SELECT busy=3983
SELECT w0=3968
SELECT w1=2458
SELECT w2=2402
BUSY TASK ewma=997
DMA IRQ c0=2
DMA IRQ c1=0
DMA IRQ c2=0
DMA IRQ c3=0
SELECT busy=4006
SELECT w0=3991
SELECT w1=2474
SELECT w2=2419
BUSY TASK ewma=997
DMA IRQ c0=2
DMA IRQ c1=0
DMA IRQ c2=0
DMA IRQ c3=0
SELECT busy=4031
SELECT w0=4015
SELECT w1=2490
SELECT w2=2432
BUSY TASK ewma=997
DMA IRQ c0=2
DMA IRQ c1=0
DMA IRQ c2=0
DMA IRQ c3=0
SELECT busy=4057
SELECT w0=4041
SELECT w1=2505
SELECT w2=2452
BUSY TASK ewma=997
DMA IRQ c0=2
DMA IRQ c1=0
DMA IRQ c2=0
DMA IRQ c3=0
SELECT busy=4074
SELECT w0=4059
SELECT w1=2516
SELECT w2=2463
BUSY TASK ewma=997
DMA IRQ c0=2
DMA IRQ c1=0
DMA IRQ c2=0
DMA IRQ c3=0
SELECT busy=4097
SELECT w0=4083
SELECT w1=2531
SELECT w2=2478
BUSY TASK ewma=997
DMA IRQ c0=2
DMA IRQ c1=0
DMA IRQ c2=0
DMA IRQ c3=0
SELECT busy=4132
SELECT w0=4117
SELECT w1=2547
SELECT w2=2497
BUSY TASK ewma=997
DMA IRQ c0=2
DMA IRQ c1=0
DMA IRQ c2=0
DMA IRQ c3=0
SELECT busy=4169
SELECT w0=4154
SELECT w1=2564
SELECT w2=2515
BUSY TASK ewma=997
DMA IRQ c0=2
DMA IRQ c1=0
DMA IRQ c2=0
DMA IRQ c3=0
SELECT busy=4200
SELECT w0=4184
SELECT w1=2577
SELECT w2=2533
BUSY TASK ewma=997
DMA IRQ c0=2
DMA IRQ c1=0
DMA IRQ c2=0
DMA IRQ c3=0
SELECT busy=4242
SELECT w0=4227
SELECT w1=2595
SELECT w2=2553
BUSY TASK ewma=997
DMA IRQ c0=2
DMA IRQ c1=0
DMA IRQ c2=0
DMA IRQ c3=0
SELECT busy=4275
SELECT w0=4259
SELECT w1=2608
SELECT w2=2573
BUSY TASK ewma=997
IRQ counts: cpu0=8558 cpu1=9836 cpu2=9748 cpu3=9818
SCHED secondaries: calls=29409 unexpected=0
SECTEST switches=29392 cpu1=109548538,105953623 cpu2=77500088,76742961 cpu3=122949005,114269789
PINGPONG rounds=2000 pongs=2000
DMA IRQ c0=2
DMA IRQ c1=0
DMA IRQ c2=0
DMA IRQ c3=0
SELECT busy=4298
SELECT w0=4282
SELECT w1=2618
SELECT w2=2584
BUSY TASK ewma=997
DMA IRQ c0=2
DMA IRQ c1=0
DMA IRQ c2=0
DMA IRQ c3=0
SELECT busy=4319
SELECT w0=4303
SELECT w1=2627
SELECT w2=2597
BUSY TASK ewma=997
DMA IRQ c0=2
DMA IRQ c1=0
DMA IRQ c2=0
DMA IRQ c3=0
SELECT busy=4344
SELECT w0=4329
SELECT w1=2640
SELECT w2=2612
BUSY TASK ewma=997
DMA IRQ c0=2
DMA IRQ c1=0
DMA IRQ c2=0
DMA IRQ c3=0
SELECT busy=4372
SELECT w0=4357
SELECT w1=2657
SELECT w2=2628
BUSY TASK ewma=997
DMA IRQ c0=2
DMA IRQ c1=0
DMA IRQ c2=0
DMA IRQ c3=0
SELECT busy=4398
SELECT w0=4384
SELECT w1=2670
SELECT w2=2642
BUSY TASK ewma=997
DMA IRQ c0=2
DMA IRQ c1=0
DMA IRQ c2=0
DMA IRQ c3=0
SELECT busy=4421
SELECT w0=4405
SELECT w1=2679
SELECT w2=2654
BUSY TASK ewma=997
DMA IRQ c0=2
DMA IRQ c1=0
DMA IRQ c2=0
DMA IRQ c3=0
SELECT busy=4439
SELECT w0=4424
SELECT w1=2690
SELECT w2=2667
BUSY TASK ewma=997
DMA IRQ c0=2
DMA IRQ c1=0
DMA IRQ c2=0
DMA IRQ c3=0
SELECT busy=4462
SELECT w0=4447
SELECT w1=2701
SELECT w2=2682
BUSY TASK ewma=997
DMA IRQ c0=2
DMA IRQ c1=0
DMA IRQ c2=0
DMA IRQ c3=0
SELECT busy=4486
SELECT w0=4471
SELECT w1=2711
SELECT w2=2694
BUSY TASK ewma=997
DMA IRQ c0=2
DMA IRQ c1=0
DMA IRQ c2=0
DMA IRQ c3=0
SELECT busy=4506
SELECT w0=4491
SELECT w1=2722
SELECT w2=2707
BUSY TASK ewma=997
DMA IRQ c0=2
DMA IRQ c1=0
DMA IRQ c2=0
DMA IRQ c3=0
SELECT busy=4525
SELECT w0=4510
SELECT w1=2732
SELECT w2=2721
BUSY TASK ewma=997
DMA IRQ c0=2
DMA IRQ c1=0
DMA IRQ c2=0
DMA IRQ c3=0
SELECT busy=4544
SELECT w0=4528
SELECT w1=2740
SELECT w2=2730
BUSY TASK ewma=997
DMA IRQ c0=2
DMA IRQ c1=0
DMA IRQ c2=0
DMA IRQ c3=0
SELECT busy=4569
SELECT w0=4553
SELECT w1=2752
SELECT w2=2745
BUSY TASK ewma=997
DMA IRQ c0=2
DMA IRQ c1=0
DMA IRQ c2=0
DMA IRQ c3=0
SELECT busy=4586
SELECT w0=4570
SELECT w1=2760
SELECT w2=2756
BUSY TASK ewma=997
DMA IRQ c0=2
DMA IRQ c1=0
DMA IRQ c2=0
DMA IRQ c3=0
SELECT busy=4610
SELECT w0=4595
SELECT w1=2774
SELECT w2=2774
BUSY TASK ewma=997
DMA IRQ c0=2
DMA IRQ c1=0
DMA IRQ c2=0
DMA IRQ c3=0
SELECT busy=4626
SELECT w0=4611
SELECT w1=2781
SELECT w2=2786
BUSY TASK ewma=997
DMA IRQ c0=2
DMA IRQ c1=0
DMA IRQ c2=0
DMA IRQ c3=0
SELECT busy=4646
SELECT w0=4631
SELECT w1=2791
SELECT w2=2797
BUSY TASK ewma=997
DMA IRQ c0=2
DMA IRQ c1=0
DMA IRQ c2=0
DMA IRQ c3=0
SELECT busy=4660
SELECT w0=4645
SELECT w1=2797
SELECT w2=2805
BUSY TASK ewma=997
DMA IRQ c0=2
DMA IRQ c1=0
DMA IRQ c2=0
DMA IRQ c3=0
SELECT busy=4676
SELECT w0=4661
SELECT w1=2803
SELECT w2=2812
BUSY TASK ewma=997
DMA IRQ c0=2
DMA IRQ c1=0
DMA IRQ c2=0
DMA IRQ c3=0
SELECT busy=4693
SELECT w0=4678
SELECT w1=2809
SELECT w2=2821
BUSY TASK ewma=997
DMA IRQ c0=2
DMA IRQ c1=0
DMA IRQ c2=0
DMA IRQ c3=0
SELECT busy=4712
SELECT w0=4697
SELECT w1=2818
SELECT w2=2832
BUSY TASK ewma=997
DMA IRQ c0=2
DMA IRQ c1=0
DMA IRQ c2=0
DMA IRQ c3=0
SELECT busy=4738
SELECT w0=4722
SELECT w1=2831
SELECT w2=2849
BUSY TASK ewma=997
DMA IRQ c0=2
DMA IRQ c1=0
DMA IRQ c2=0
DMA IRQ c3=0
SELECT busy=4760
SELECT w0=4745
SELECT w1=2842
SELECT w2=2862
BUSY TASK ewma=997
DMA IRQ c0=2
DMA IRQ c1=0
DMA IRQ c2=0
DMA IRQ c3=0
SELECT busy=4783
SELECT w0=4770
SELECT w1=2854
SELECT w2=2877
BUSY TASK ewma=997
DMA IRQ c0=2
DMA IRQ c1=0
DMA IRQ c2=0
DMA IRQ c3=0
SELECT busy=4806
SELECT w0=4792
SELECT w1=2868
SELECT w2=2890
BUSY TASK ewma=997
DMA IRQ c0=2
DMA IRQ c1=0
DMA IRQ c2=0
DMA IRQ c3=0
SELECT busy=4823
SELECT w0=4807
SELECT w1=2876
SELECT w2=2902
BUSY TASK ewma=997
DMA IRQ c0=2
DMA IRQ c1=0
DMA IRQ c2=0
DMA IRQ c3=0
SELECT busy=4851
SELECT w0=4835
SELECT w1=2888
SELECT w2=2920
BUSY TASK ewma=997
DMA IRQ c0=2
DMA IRQ c1=0
DMA IRQ c2=0
DMA IRQ c3=0
SELECT busy=4874
SELECT w0=4858
SELECT w1=2898
SELECT w2=2932
BUSY TASK ewma=997
DMA IRQ c0=2
DMA IRQ c1=0
DMA IRQ c2=0
DMA IRQ c3=0
SELECT busy=4899
SELECT w0=4884
SELECT w1=2911
SELECT w2=2949
BUSY TASK ewma=997
DMA IRQ c0=2
DMA IRQ c1=0
DMA IRQ c2=0
DMA IRQ c3=0
SELECT busy=4921
SELECT w0=4906
SELECT w1=2922
SELECT w2=2964
BUSY TASK ewma=997
DMA IRQ c0=2
DMA IRQ c1=0
DMA IRQ c2=0
DMA IRQ c3=0
SELECT busy=4944
SELECT w0=4929
SELECT w1=2935
SELECT w2=2982
BUSY TASK ewma=997
DMA IRQ c0=2
DMA IRQ c1=0
DMA IRQ c2=0
DMA IRQ c3=0
SELECT busy=4967
SELECT w0=4951
SELECT w1=2944
SELECT w2=2992
BUSY TASK ewma=997
DMA IRQ c0=2
DMA IRQ c1=0
DMA IRQ c2=0
DMA IRQ c3=0
SELECT busy=4992
SELECT w0=4977
SELECT w1=2956
SELECT w2=3011
BUSY TASK ewma=997
DMA IRQ c0=2
DMA IRQ c1=0
DMA IRQ c2=0
DMA IRQ c3=0
SELECT busy=5025
SELECT w0=5009
SELECT w1=2971
SELECT w2=3025
BUSY TASK ewma=997
DMA IRQ c0=2
DMA IRQ c1=0
DMA IRQ c2=0
DMA IRQ c3=0
SELECT busy=5047
SELECT w0=5031
SELECT w1=2977
SELECT w2=3032
BUSY TASK ewma=997
DMA IRQ c0=2
DMA IRQ c1=0
DMA IRQ c2=0
DMA IRQ c3=0
SELECT busy=5066
SELECT w0=5050
SELECT w1=2984
SELECT w2=3041
BUSY TASK ewma=997
DMA IRQ c0=2
DMA IRQ c1=0
DMA IRQ c2=0
DMA IRQ c3=0
SELECT busy=5085
SELECT w0=5070
SELECT w1=2997
SELECT w2=3055
BUSY TASK ewma=997
DMA IRQ c0=2
DMA IRQ c1=0
DMA IRQ c2=0
DMA IRQ c3=0
SELECT busy=5104
SELECT w0=5089
SELECT w1=3006
SELECT w2=3064
BUSY TASK ewma=997
DMA IRQ c0=2
DMA IRQ c1=0
DMA IRQ c2=0
DMA IRQ c3=0
SELECT busy=5122
SELECT w0=5107
SELECT w1=3019
SELECT w2=3077
BUSY TASK ewma=997
DMA IRQ c0=2
DMA IRQ c1=0
DMA IRQ c2=0
DMA IRQ c3=0
SELECT busy=5145
SELECT w0=5130
SELECT w1=3031
SELECT w2=3095
BUSY TASK ewma=997
DMA IRQ c0=2
DMA IRQ c1=0
DMA IRQ c2=0
DMA IRQ c3=0
SELECT busy=5167
SELECT w0=5153
SELECT w1=3042
SELECT w2=3110
BUSY TASK ewma=997
DMA IRQ c0=2
DMA IRQ c1=0
DMA IRQ c2=0
DMA IRQ c3=0
SELECT busy=5189
SELECT w0=5173
SELECT w1=3053
SELECT w2=3126
BUSY TASK ewma=997
DMA IRQ c0=2
DMA IRQ c1=0
DMA IRQ c2=0
DMA IRQ c3=0
SELECT busy=5210
SELECT w0=5195
SELECT w1=3063
SELECT w2=3141
BUSY TASK ewma=997
DMA IRQ c0=2
DMA IRQ c1=0
DMA IRQ c2=0
DMA IRQ c3=0
SELECT busy=5240
SELECT w0=5226
SELECT w1=3076
SELECT w2=3154
BUSY TASK ewma=997
DMA IRQ c0=2
DMA IRQ c1=0
DMA IRQ c2=0
DMA IRQ c3=0
SELECT busy=5265
SELECT w0=5249
SELECT w1=3086
SELECT w2=3170
BUSY TASK ewma=997
DMA IRQ c0=2
DMA IRQ c1=0
DMA IRQ c2=0
DMA IRQ c3=0
SELECT busy=5292
SELECT w0=5277
SELECT w1=3094
SELECT w2=3183
BUSY TASK ewma=997
DMA IRQ c0=2
DMA IRQ c1=0
DMA IRQ c2=0
DMA IRQ c3=0
SELECT busy=5322
SELECT w0=5306
SELECT w1=3110
SELECT w2=3201
BUSY TASK ewma=997
DMA IRQ c0=2
DMA IRQ c1=0
DMA IRQ c2=0
DMA IRQ c3=0
SELECT busy=5343
SELECT w0=5327
SELECT w1=3119
SELECT w2=3211
BUSY TASK ewma=997
DMA IRQ c0=2
DMA IRQ c1=0
DMA IRQ c2=0
DMA IRQ c3=0
SELECT busy=5362
SELECT w0=5346
SELECT w1=3127
SELECT w2=3220
BUSY TASK ewma=997
DMA IRQ c0=2
DMA IRQ c1=0
DMA IRQ c2=0
DMA IRQ c3=0
SELECT busy=5389
SELECT w0=5374
SELECT w1=3137
SELECT w2=3234
BUSY TASK ewma=997
DMA IRQ c0=2
DMA IRQ c1=0
DMA IRQ c2=0
DMA IRQ c3=0
SELECT busy=5434
SELECT w0=5419
SELECT w1=3153
SELECT w2=3253
BUSY TASK ewma=997
DMA IRQ c0=2
DMA IRQ c1=0
DMA IRQ c2=0
DMA IRQ c3=0
SELECT busy=5459
SELECT w0=5443
SELECT w1=3162
SELECT w2=3265
BUSY TASK ewma=997
DMA IRQ c0=2
DMA IRQ c1=0
DMA IRQ c2=0
DMA IRQ c3=0
SELECT busy=5487
SELECT w0=5471
SELECT w1=3172
SELECT w2=3277
BUSY TASK ewma=997
DMA IRQ c0=2
DMA IRQ c1=0
DMA IRQ c2=0
DMA IRQ c3=0
SELECT busy=5517
SELECT w0=5501
SELECT w1=3182
SELECT w2=3292
BUSY TASK ewma=997
DMA IRQ c0=2
DMA IRQ c1=0
DMA IRQ c2=0
DMA IRQ c3=0
SELECT busy=5547
SELECT w0=5532
SELECT w1=3196
SELECT w2=3316
BUSY TASK ewma=997
DMA IRQ c0=2
DMA IRQ c1=0
DMA IRQ c2=0
DMA IRQ c3=0
SELECT busy=5589
SELECT w0=5574
SELECT w1=3214
SELECT w2=3336
BUSY TASK ewma=997
DMA IRQ c0=2
DMA IRQ c1=0
DMA IRQ c2=0
DMA IRQ c3=0
SELECT busy=5622
SELECT w0=5607
SELECT w1=3228
SELECT w2=3354
BUSY TASK ewma=997
DMA IRQ c0=2
DMA IRQ c1=0
DMA IRQ c2=0
DMA IRQ c3=0
SELECT busy=5661
SELECT w0=5645
SELECT w1=3244
SELECT w2=3373
BUSY TASK ewma=997
DMA IRQ c0=2
DMA IRQ c1=0
DMA IRQ c2=0
DMA IRQ c3=0
SELECT busy=5693
SELECT w0=5678
SELECT w1=3258
SELECT w2=3390
BUSY TASK ewma=997
DMA IRQ c0=2
DMA IRQ c1=0
DMA IRQ c2=0
DMA IRQ c3=0
SELECT busy=5732
SELECT w0=5716
SELECT w1=3276
SELECT w2=3411
BUSY TASK ewma=997
DMA IRQ c0=2
DMA IRQ c1=0
DMA IRQ c2=0
DMA IRQ c3=0
SELECT busy=5772
SELECT w0=5757
SELECT w1=3291
SELECT w2=3429
BUSY TASK ewma=997
DMA IRQ c0=2
DMA IRQ c1=0
DMA IRQ c2=0
DMA IRQ c3=0
SELECT busy=5810
SELECT w0=5796
SELECT w1=3311
SELECT w2=3455
BUSY TASK ewma=997
DMA IRQ c0=2
DMA IRQ c1=0
DMA IRQ c2=0
DMA IRQ c3=0
SELECT busy=5839
SELECT w0=5823
SELECT w1=3320
SELECT w2=3466
BUSY TASK ewma=997
DMA IRQ c0=2
DMA IRQ c1=0
DMA IRQ c2=0
DMA IRQ c3=0
SELECT busy=5860
SELECT w0=5845
SELECT w1=3335
SELECT w2=3482
BUSY TASK ewma=997
IRQ counts: cpu0=11732 cpu1=13469 cpu2=13389 cpu3=13380
SCHED secondaries: calls=40251 unexpected=0
SECTEST switches=40226 cpu1=140254873,135432119 cpu2=107789887,107399357 cpu3=164514852,153144646
PINGPONG rounds=2000 pongs=2000
DMA IRQ c0=2
DMA IRQ c1=0
DMA IRQ c2=0
DMA IRQ c3=0
SELECT busy=5895
SELECT w0=5880
SELECT w1=3352
SELECT w2=3503
BUSY TASK ewma=997
DMA IRQ c0=2
DMA IRQ c1=0
DMA IRQ c2=0
DMA IRQ c3=0
SELECT busy=5917
SELECT w0=5902
SELECT w1=3363
SELECT w2=3517
BUSY TASK ewma=997
DMA IRQ c0=2
DMA IRQ c1=0
DMA IRQ c2=0
DMA IRQ c3=0
SELECT busy=5941
SELECT w0=5926
SELECT w1=3373
SELECT w2=3531
BUSY TASK ewma=997
DMA IRQ c0=2
DMA IRQ c1=0
DMA IRQ c2=0
DMA IRQ c3=0
SELECT busy=5961
SELECT w0=5946
SELECT w1=3382
SELECT w2=3542
BUSY TASK ewma=997
DMA IRQ c0=2
DMA IRQ c1=0
DMA IRQ c2=0
DMA IRQ c3=0
SELECT busy=5980
SELECT w0=5965
SELECT w1=3391
SELECT w2=3551
BUSY TASK ewma=997
DMA IRQ c0=2
DMA IRQ c1=0
DMA IRQ c2=0
DMA IRQ c3=0
SELECT busy=5997
SELECT w0=5981
SELECT w1=3397
SELECT w2=3559
BUSY TASK ewma=997
DMA IRQ c0=2
DMA IRQ c1=0
DMA IRQ c2=0
DMA IRQ c3=0
SELECT busy=6014
SELECT w0=5998
SELECT w1=3406
SELECT w2=3572
BUSY TASK ewma=997
DMA IRQ c0=2
DMA IRQ c1=0
DMA IRQ c2=0
DMA IRQ c3=0
SELECT busy=6035
SELECT w0=6019
SELECT w1=3413
SELECT w2=3580
BUSY TASK ewma=997
DMA IRQ c0=2
DMA IRQ c1=0
DMA IRQ c2=0
DMA IRQ c3=0
SELECT busy=6058
SELECT w0=6043
SELECT w1=3425
SELECT w2=3596
BUSY TASK ewma=997
DMA IRQ c0=2
DMA IRQ c1=0
DMA IRQ c2=0
DMA IRQ c3=0
SELECT busy=6078
SELECT w0=6062
SELECT w1=3433
SELECT w2=3607
BUSY TASK ewma=997
DMA IRQ c0=2
DMA IRQ c1=0
DMA IRQ c2=0
DMA IRQ c3=0
SELECT busy=6097
SELECT w0=6081
SELECT w1=3440
SELECT w2=3615
BUSY TASK ewma=997
DMA IRQ c0=2
DMA IRQ c1=0
DMA IRQ c2=0
DMA IRQ c3=0
SELECT busy=6113
SELECT w0=6098
SELECT w1=3446
SELECT w2=3623
BUSY TASK ewma=997
DMA IRQ c0=2
DMA IRQ c1=0
DMA IRQ c2=0
DMA IRQ c3=0
SELECT busy=6133
SELECT w0=6118
SELECT w1=3454
SELECT w2=3634
BUSY TASK ewma=997
DMA IRQ c0=2
DMA IRQ c1=0
DMA IRQ c2=0
DMA IRQ c3=0
SELECT busy=6157
SELECT w0=6141
SELECT w1=3464
SELECT w2=3645
BUSY TASK ewma=997
DMA IRQ c0=2
DMA IRQ c1=0
DMA IRQ c2=0
DMA IRQ c3=0
SELECT busy=6176
SELECT w0=6160
SELECT w1=3469
SELECT w2=3653
BUSY TASK ewma=997
DMA IRQ c0=2
DMA IRQ c1=0
DMA IRQ c2=0
DMA IRQ c3=0
SELECT busy=6194
SELECT w0=6180
SELECT w1=3479
SELECT w2=3664
BUSY TASK ewma=997
DMA IRQ c0=2
DMA IRQ c1=0
DMA IRQ c2=0
DMA IRQ c3=0
SELECT busy=6217
SELECT w0=6201
SELECT w1=3489
SELECT w2=3674
BUSY TASK ewma=997
DMA IRQ c0=2
DMA IRQ c1=0
DMA IRQ c2=0
DMA IRQ c3=0
SELECT busy=6236
SELECT w0=6221
SELECT w1=3496
SELECT w2=3684
BUSY TASK ewma=997
DMA IRQ c0=2
DMA IRQ c1=0
DMA IRQ c2=0
DMA IRQ c3=0
SELECT busy=6258
SELECT w0=6243
SELECT w1=3508
SELECT w2=3697
BUSY TASK ewma=997
DMA IRQ c0=2
DMA IRQ c1=0
DMA IRQ c2=0
DMA IRQ c3=0
SELECT busy=6277
SELECT w0=6262
SELECT w1=3517
SELECT w2=3708
BUSY TASK ewma=997
DMA IRQ c0=2
DMA IRQ c1=0
DMA IRQ c2=0
DMA IRQ c3=0
SELECT busy=6297
SELECT w0=6281
SELECT w1=3524
SELECT w2=3718
BUSY TASK ewma=997
DMA IRQ c0=2
DMA IRQ c1=0
DMA IRQ c2=0
DMA IRQ c3=0
SELECT busy=6317
SELECT w0=6301
SELECT w1=3533
SELECT w2=3731
BUSY TASK ewma=997
DMA IRQ c0=2
DMA IRQ c1=0
DMA IRQ c2=0
DMA IRQ c3=0
SELECT busy=6338
SELECT w0=6323
SELECT w1=3546
SELECT w2=3749
BUSY TASK ewma=997
DMA IRQ c0=2
DMA IRQ c1=0
DMA IRQ c2=0
DMA IRQ c3=0
SELECT busy=6363
SELECT w0=6347
SELECT w1=3560
SELECT w2=3763
BUSY TASK ewma=997
DMA IRQ c0=2
DMA IRQ c1=0
DMA IRQ c2=0
DMA IRQ c3=0
SELECT busy=6378
SELECT w0=6363
SELECT w1=3569
SELECT w2=3774
BUSY TASK ewma=997
DMA IRQ c0=2
DMA IRQ c1=0
DMA IRQ c2=0
DMA IRQ c3=0
SELECT busy=6402
SELECT w0=6387
SELECT w1=3578
SELECT w2=3785
BUSY TASK ewma=997
DMA IRQ c0=2
DMA IRQ c1=0
DMA IRQ c2=0
DMA IRQ c3=0
SELECT busy=6430
SELECT w0=6414
SELECT w1=3590
SELECT w2=3802
BUSY TASK ewma=997
DMA IRQ c0=2
DMA IRQ c1=0
DMA IRQ c2=0
DMA IRQ c3=0
SELECT busy=6463
SELECT w0=6448
SELECT w1=3604
SELECT w2=3821
BUSY TASK ewma=997
DMA IRQ c0=2
DMA IRQ c1=0
DMA IRQ c2=0
DMA IRQ c3=0
SELECT busy=6487
SELECT w0=6475
SELECT w1=3619
SELECT w2=3836
BUSY TASK ewma=997
DMA IRQ c0=2
DMA IRQ c1=0
DMA IRQ c2=0
DMA IRQ c3=0
SELECT busy=6527
SELECT w0=6513
SELECT w1=3636
SELECT w2=3858
BUSY TASK ewma=997
DMA IRQ c0=2
DMA IRQ c1=0
DMA IRQ c2=0
DMA IRQ c3=0
SELECT busy=6551
SELECT w0=6535
SELECT w1=3647
SELECT w2=3869
BUSY TASK ewma=997
DMA IRQ c0=2
DMA IRQ c1=0
DMA IRQ c2=0
DMA IRQ c3=0
SELECT busy=6572
SELECT w0=6556
SELECT w1=3656
SELECT w2=3878
BUSY TASK ewma=997
DMA IRQ c0=2
DMA IRQ c1=0
DMA IRQ c2=0
DMA IRQ c3=0
SELECT busy=6590
SELECT w0=6574
SELECT w1=3662
SELECT w2=3886
BUSY TASK ewma=997
DMA IRQ c0=2
DMA IRQ c1=0
DMA IRQ c2=0
DMA IRQ c3=0
SELECT busy=6614
SELECT w0=6598
SELECT w1=3671
SELECT w2=3896
BUSY TASK ewma=997
DMA IRQ c0=2
DMA IRQ c1=0
DMA IRQ c2=0
DMA IRQ c3=0
SELECT busy=6635
SELECT w0=6619
SELECT w1=3683
SELECT w2=3913
BUSY TASK ewma=997
DMA IRQ c0=2
DMA IRQ c1=0
DMA IRQ c2=0
DMA IRQ c3=0
SELECT busy=6657
SELECT w0=6643
SELECT w1=3696
SELECT w2=3928
BUSY TASK ewma=997
DMA IRQ c0=2
DMA IRQ c1=0
DMA IRQ c2=0
DMA IRQ c3=0
SELECT busy=6692
SELECT w0=6676
SELECT w1=3711
SELECT w2=3946
BUSY TASK ewma=997
DMA IRQ c0=2
DMA IRQ c1=0
DMA IRQ c2=0
DMA IRQ c3=0
SELECT busy=6738
SELECT w0=6722
SELECT w1=3731
SELECT w2=3967
BUSY TASK ewma=997
DMA IRQ c0=2
DMA IRQ c1=0
DMA IRQ c2=0
DMA IRQ c3=0
SELECT busy=6758
SELECT w0=6743
SELECT w1=3740
SELECT w2=3977
BUSY TASK ewma=997
DMA IRQ c0=2
DMA IRQ c1=0
DMA IRQ c2=0
DMA IRQ c3=0
SELECT busy=6789
SELECT w0=6775
SELECT w1=3753
SELECT w2=3992
BUSY TASK ewma=997
DMA IRQ c0=2
DMA IRQ c1=0
DMA IRQ c2=0
DMA IRQ c3=0
SELECT busy=6802
SELECT w0=6787
SELECT w1=3759
SELECT w2=3999
BUSY TASK ewma=997
DMA IRQ c0=2
DMA IRQ c1=0
DMA IRQ c2=0
DMA IRQ c3=0
SELECT busy=6822
SELECT w0=6806
SELECT w1=3766
SELECT w2=4012
BUSY TASK ewma=997
DMA IRQ c0=2
DMA IRQ c1=0
DMA IRQ c2=0
DMA IRQ c3=0
SELECT busy=6852
SELECT w0=6837
SELECT w1=3782
SELECT w2=4033
BUSY TASK ewma=997
DMA IRQ c0=2
DMA IRQ c1=0
DMA IRQ c2=0
DMA IRQ c3=0
SELECT busy=6874
SELECT w0=6859
SELECT w1=3793
SELECT w2=4047
BUSY TASK ewma=997
DMA IRQ c0=2
DMA IRQ c1=0
DMA IRQ c2=0
DMA IRQ c3=0
SELECT busy=6903
SELECT w0=6887
SELECT w1=3807
SELECT w2=4060
BUSY TASK ewma=997
DMA IRQ c0=2
DMA IRQ c1=0
DMA IRQ c2=0
DMA IRQ c3=0
SELECT busy=6924
SELECT w0=6908
SELECT w1=3815
SELECT w2=4072
BUSY TASK ewma=997
DMA IRQ c0=2
DMA IRQ c1=0
DMA IRQ c2=0
DMA IRQ c3=0
SELECT busy=6956
SELECT w0=6941
SELECT w1=3828
SELECT w2=4087
BUSY TASK ewma=997
DMA IRQ c0=2
DMA IRQ c1=0
DMA IRQ c2=0
DMA IRQ c3=0
SELECT busy=6982
SELECT w0=6967
SELECT w1=3839
SELECT w2=4101
BUSY TASK ewma=997
DMA IRQ c0=2
DMA IRQ c1=0
DMA IRQ c2=0
DMA IRQ c3=0
SELECT busy=7009
SELECT w0=6993
SELECT w1=3851
SELECT w2=4115
BUSY TASK ewma=997
DMA IRQ c0=2
DMA IRQ c1=0
DMA IRQ c2=0
DMA IRQ c3=0
SELECT busy=7036
SELECT w0=7020
SELECT w1=3865
SELECT w2=4132
BUSY TASK ewma=997
DMA IRQ c0=2
DMA IRQ c1=0
DMA IRQ c2=0
DMA IRQ c3=0
SELECT busy=7075
SELECT w0=7060
SELECT w1=3883
SELECT w2=4153
BUSY TASK ewma=997
DMA IRQ c0=2
DMA IRQ c1=0
DMA IRQ c2=0
DMA IRQ c3=0
SELECT busy=7114
SELECT w0=7099
SELECT w1=3903
SELECT w2=4178
BUSY TASK ewma=997
DMA IRQ c0=2
DMA IRQ c1=0
DMA IRQ c2=0
DMA IRQ c3=0
SELECT busy=7153
SELECT w0=7137
SELECT w1=3919
SELECT w2=4199
BUSY TASK ewma=997
DMA IRQ c0=2
DMA IRQ c1=0
DMA IRQ c2=0
DMA IRQ c3=0
SELECT busy=7192
SELECT w0=7177
SELECT w1=3936
SELECT w2=4219
BUSY TASK ewma=997
DMA IRQ c0=2
DMA IRQ c1=0
DMA IRQ c2=0
DMA IRQ c3=0
SELECT busy=7233
SELECT w0=7218
SELECT w1=3953
SELECT w2=4241
BUSY TASK ewma=997
DMA IRQ c0=2
DMA IRQ c1=0
DMA IRQ c2=0
DMA IRQ c3=0
SELECT busy=7269
SELECT w0=7253
SELECT w1=3969
SELECT w2=4260
BUSY TASK ewma=997
DMA IRQ c0=2
DMA IRQ c1=0
DMA IRQ c2=0
DMA IRQ c3=0
SELECT busy=7302
SELECT w0=7286
SELECT w1=3984
SELECT w2=4279
BUSY TASK ewma=997
DMA IRQ c0=2
DMA IRQ c1=0
DMA IRQ c2=0
DMA IRQ c3=0
SELECT busy=7329
SELECT w0=7314
SELECT w1=3998
SELECT w2=4294
BUSY TASK ewma=997
DMA IRQ c0=2
DMA IRQ c1=0
DMA IRQ c2=0
DMA IRQ c3=0
SELECT busy=7357
SELECT w0=7342
SELECT w1=4010
SELECT w2=4312
BUSY TASK ewma=997
DMA IRQ c0=2
DMA IRQ c1=0
DMA IRQ c2=0
DMA IRQ c3=0
SELECT busy=7388
SELECT w0=7372
SELECT w1=4022
SELECT w2=4327
BUSY TASK ewma=997
DMA IRQ c0=2
DMA IRQ c1=0
DMA IRQ c2=0
DMA IRQ c3=0
SELECT busy=7405
SELECT w0=7389
SELECT w1=4032
SELECT w2=4337
BUSY TASK ewma=997
DMA IRQ c0=2
DMA IRQ c1=0
DMA IRQ c2=0
DMA IRQ c3=0
SELECT busy=7421
SELECT w0=7406
SELECT w1=4040
SELECT w2=4344
BUSY TASK ewma=997
DMA IRQ c0=2
DMA IRQ c1=0
DMA IRQ c2=0
DMA IRQ c3=0
SELECT busy=7446
SELECT w0=7430
SELECT w1=4050
SELECT w2=4355
BUSY TASK ewma=997
DMA IRQ c0=2
DMA IRQ c1=0
DMA IRQ c2=0
DMA IRQ c3=0
SELECT busy=7472
SELECT w0=7457
SELECT w1=4061
SELECT w2=4370
BUSY TASK ewma=997
IRQ counts: cpu0=14956 cpu1=17113 cpu2=16946 cpu3=16978
SCHED secondaries: calls=51038 unexpected=0
SECTEST switches=51004 cpu1=168766776,163658017 cpu2=135809799,134455739 cpu3=206142884,191066913
PINGPONG rounds=2000 pongs=2000
DMA IRQ c0=2
DMA IRQ c1=0
DMA IRQ c2=0
DMA IRQ c3=0
SELECT busy=7497
SELECT w0=7481
SELECT w1=4072
SELECT w2=4382
BUSY TASK ewma=997
DMA IRQ c0=2
DMA IRQ c1=0
DMA IRQ c2=0
DMA IRQ c3=0
SELECT busy=7525
SELECT w0=7509
SELECT w1=4089
SELECT w2=4396
BUSY TASK ewma=997
DMA IRQ c0=2
DMA IRQ c1=0
DMA IRQ c2=0
DMA IRQ c3=0
SELECT busy=7544
SELECT w0=7529
SELECT w1=4096
SELECT w2=4405
BUSY TASK ewma=997
DMA IRQ c0=2
DMA IRQ c1=0
DMA IRQ c2=0
DMA IRQ c3=0
SELECT busy=7564
SELECT w0=7549
SELECT w1=4109
SELECT w2=4418
BUSY TASK ewma=997
DMA IRQ c0=2
DMA IRQ c1=0
DMA IRQ c2=0
DMA IRQ c3=0
SELECT busy=7586
SELECT w0=7570
SELECT w1=4115
SELECT w2=4426
BUSY TASK ewma=997
DMA IRQ c0=2
DMA IRQ c1=0
DMA IRQ c2=0
DMA IRQ c3=0
SELECT busy=7607
SELECT w0=7593
SELECT w1=4130
SELECT w2=4441
BUSY TASK ewma=997
DMA IRQ c0=2
DMA IRQ c1=0
DMA IRQ c2=0
DMA IRQ c3=0
SELECT busy=7631
SELECT w0=7616
SELECT w1=4141
SELECT w2=4454
BUSY TASK ewma=997
DMA IRQ c0=2
DMA IRQ c1=0
DMA IRQ c2=0
DMA IRQ c3=0
SELECT busy=7656
SELECT w0=7642
SELECT w1=4149
SELECT w2=4465
BUSY TASK ewma=997
DMA IRQ c0=2
DMA IRQ c1=0
DMA IRQ c2=0
DMA IRQ c3=0
SELECT busy=7677
SELECT w0=7662
SELECT w1=4157
SELECT w2=4473
BUSY TASK ewma=997
DMA IRQ c0=2
DMA IRQ c1=0
DMA IRQ c2=0
DMA IRQ c3=0
SELECT busy=7692
SELECT w0=7676
SELECT w1=4164
SELECT w2=4482
BUSY TASK ewma=997
DMA IRQ c0=2
DMA IRQ c1=0
DMA IRQ c2=0
DMA IRQ c3=0
SELECT busy=7710
SELECT w0=7695
SELECT w1=4172
SELECT w2=4493
BUSY TASK ewma=997
DMA IRQ c0=2
DMA IRQ c1=0
DMA IRQ c2=0
DMA IRQ c3=0
SELECT busy=7730
SELECT w0=7715
SELECT w1=4186
SELECT w2=4503
BUSY TASK ewma=997
DMA IRQ c0=2
DMA IRQ c1=0
DMA IRQ c2=0
DMA IRQ c3=0
SELECT busy=7753
SELECT w0=7737
SELECT w1=4201
SELECT w2=4518
BUSY TASK ewma=997
DMA IRQ c0=2
DMA IRQ c1=0
DMA IRQ c2=0
DMA IRQ c3=0
SELECT busy=7778
SELECT w0=7762
SELECT w1=4211
SELECT w2=4530
BUSY TASK ewma=997
DMA IRQ c0=2
DMA IRQ c1=0
DMA IRQ c2=0
DMA IRQ c3=0
SELECT busy=7799
SELECT w0=7783
SELECT w1=4219
SELECT w2=4541
BUSY TASK ewma=997
DMA IRQ c0=2
DMA IRQ c1=0
DMA IRQ c2=0
DMA IRQ c3=0
SELECT busy=7823
SELECT w0=7810
SELECT w1=4229
SELECT w2=4555
BUSY TASK ewma=997
DMA IRQ c0=2
DMA IRQ c1=0
DMA IRQ c2=0
DMA IRQ c3=0
SELECT busy=7856
SELECT w0=7840
SELECT w1=4240
SELECT w2=4568
BUSY TASK ewma=997
DMA IRQ c0=2
DMA IRQ c1=0
DMA IRQ c2=0
DMA IRQ c3=0
SELECT busy=7888
SELECT w0=7873
SELECT w1=4256
SELECT w2=4588
BUSY TASK ewma=997
DMA IRQ c0=2
DMA IRQ c1=0
DMA IRQ c2=0
DMA IRQ c3=0
SELECT busy=7913
SELECT w0=7898
SELECT w1=4267
SELECT w2=4600
BUSY TASK ewma=997
DMA IRQ c0=2
DMA IRQ c1=0
DMA IRQ c2=0
DMA IRQ c3=0
SELECT busy=7941
SELECT w0=7926
SELECT w1=4279
SELECT w2=4618
BUSY TASK ewma=997
DMA IRQ c0=2
DMA IRQ c1=0
DMA IRQ c2=0
DMA IRQ c3=0
SELECT busy=7967
SELECT w0=7951
SELECT w1=4294
SELECT w2=4630
BUSY TASK ewma=997
DMA IRQ c0=2
DMA IRQ c1=0
DMA IRQ c2=0
DMA IRQ c3=0
SELECT busy=7995
SELECT w0=7982
SELECT w1=4309
SELECT w2=4646
BUSY TASK ewma=997
DMA IRQ c0=2
DMA IRQ c1=0
DMA IRQ c2=0
DMA IRQ c3=0
SELECT busy=8024
SELECT w0=8008
SELECT w1=4321
SELECT w2=4663
BUSY TASK ewma=997
DMA IRQ c0=2
DMA IRQ c1=0
DMA IRQ c2=0
DMA IRQ c3=0
SELECT busy=8043
SELECT w0=8028
SELECT w1=4328
SELECT w2=4670
BUSY TASK ewma=997
DMA IRQ c0=2
DMA IRQ c1=0
DMA IRQ c2=0
DMA IRQ c3=0
SELECT busy=8069
SELECT w0=8053
SELECT w1=4336
SELECT w2=4682
BUSY TASK ewma=997
DMA IRQ c0=2
DMA IRQ c1=0
DMA IRQ c2=0
DMA IRQ c3=0
SELECT busy=8090
SELECT w0=8074
SELECT w1=4346
SELECT w2=4697
BUSY TASK ewma=997
DMA IRQ c0=2
DMA IRQ c1=0
DMA IRQ c2=0
DMA IRQ c3=0
SELECT busy=8112
SELECT w0=8097
SELECT w1=4359
SELECT w2=4714
BUSY TASK ewma=997
DMA IRQ c0=2
DMA IRQ c1=0
DMA IRQ c2=0
DMA IRQ c3=0
SELECT busy=8129
SELECT w0=8114
SELECT w1=4369
SELECT w2=4725
BUSY TASK ewma=997
DMA IRQ c0=2
DMA IRQ c1=0
DMA IRQ c2=0
DMA IRQ c3=0
SELECT busy=8150
SELECT w0=8135
SELECT w1=4380
SELECT w2=4740
BUSY TASK ewma=997
DMA IRQ c0=2
DMA IRQ c1=0
DMA IRQ c2=0
DMA IRQ c3=0
SELECT busy=8179
SELECT w0=8163
SELECT w1=4395
SELECT w2=4757
BUSY TASK ewma=997
DMA IRQ c0=2
DMA IRQ c1=0
DMA IRQ c2=0
DMA IRQ c3=0
SELECT busy=8206
SELECT w0=8190
SELECT w1=4407
SELECT w2=4770
BUSY TASK ewma=997
DMA IRQ c0=2
DMA IRQ c1=0
DMA IRQ c2=0
DMA IRQ c3=0
SELECT busy=8222
SELECT w0=8206
SELECT w1=4415
SELECT w2=4779
BUSY TASK ewma=997
DMA IRQ c0=2
DMA IRQ c1=0
DMA IRQ c2=0
DMA IRQ c3=0
SELECT busy=8241
SELECT w0=8225
SELECT w1=4423
SELECT w2=4793
BUSY TASK ewma=997
DMA IRQ c0=2
DMA IRQ c1=0
DMA IRQ c2=0
DMA IRQ c3=0
SELECT busy=8261
SELECT w0=8246
SELECT w1=4439
SELECT w2=4811
BUSY TASK ewma=997
DMA IRQ c0=2
DMA IRQ c1=0
DMA IRQ c2=0
DMA IRQ c3=0
SELECT busy=8286
SELECT w0=8271
SELECT w1=4453
SELECT w2=4827
BUSY TASK ewma=997
DMA IRQ c0=2
DMA IRQ c1=0
DMA IRQ c2=0
DMA IRQ c3=0
SELECT busy=8309
SELECT w0=8294
SELECT w1=4464
SELECT w2=4838
BUSY TASK ewma=997
DMA IRQ c0=2
DMA IRQ c1=0
DMA IRQ c2=0
DMA IRQ c3=0
SELECT busy=8331
SELECT w0=8316
SELECT w1=4473
SELECT w2=4850
BUSY TASK ewma=997
DMA IRQ c0=2
DMA IRQ c1=0
DMA IRQ c2=0
DMA IRQ c3=0
SELECT busy=8353
SELECT w0=8338
SELECT w1=4487
SELECT w2=4866
BUSY TASK ewma=997
DMA IRQ c0=2
DMA IRQ c1=0
DMA IRQ c2=0
DMA IRQ c3=0
SELECT busy=8376
SELECT w0=8361
SELECT w1=4495
SELECT w2=4876
BUSY TASK ewma=997
DMA IRQ c0=2
DMA IRQ c1=0
DMA IRQ c2=0
DMA IRQ c3=0
SELECT busy=8399
SELECT w0=8384
SELECT w1=4508
SELECT w2=4896
BUSY TASK ewma=997
DMA IRQ c0=2
DMA IRQ c1=0
DMA IRQ c2=0
DMA IRQ c3=0
SELECT busy=8425
SELECT w0=8409
SELECT w1=4523
SELECT w2=4908
BUSY TASK ewma=997
DMA IRQ c0=2
DMA IRQ c1=0
DMA IRQ c2=0
DMA IRQ c3=0
SELECT busy=8456
SELECT w0=8444
SELECT w1=4540
SELECT w2=4932
BUSY TASK ewma=997
DMA IRQ c0=2
DMA IRQ c1=0
DMA IRQ c2=0
DMA IRQ c3=0
SELECT busy=8488
SELECT w0=8472
SELECT w1=4552
SELECT w2=4944
BUSY TASK ewma=997
DMA IRQ c0=2
DMA IRQ c1=0
DMA IRQ c2=0
DMA IRQ c3=0
SELECT busy=8519
SELECT w0=8504
SELECT w1=4566
SELECT w2=4965
BUSY TASK ewma=997
DMA IRQ c0=2
DMA IRQ c1=0
DMA IRQ c2=0
DMA IRQ c3=0
SELECT busy=8544
SELECT w0=8528
SELECT w1=4579
SELECT w2=4982
BUSY TASK ewma=997
DMA IRQ c0=2
DMA IRQ c1=0
DMA IRQ c2=0
DMA IRQ c3=0
SELECT busy=8566
SELECT w0=8551
SELECT w1=4590
SELECT w2=4998
BUSY TASK ewma=997
DMA IRQ c0=2
DMA IRQ c1=0
DMA IRQ c2=0
DMA IRQ c3=0
SELECT busy=8588
SELECT w0=8572
SELECT w1=4598
SELECT w2=5009
BUSY TASK ewma=997
DMA IRQ c0=2
DMA IRQ c1=0
DMA IRQ c2=0
DMA IRQ c3=0
SELECT busy=8606
SELECT w0=8590
SELECT w1=4604
SELECT w2=5019
BUSY TASK ewma=997
DMA IRQ c0=2
DMA IRQ c1=0
DMA IRQ c2=0
DMA IRQ c3=0
SELECT busy=8631
SELECT w0=8615
SELECT w1=4615
SELECT w2=5037
BUSY TASK ewma=997
DMA IRQ c0=2
DMA IRQ c1=0
DMA IRQ c2=0
DMA IRQ c3=0
SELECT busy=8654
SELECT w0=8638
SELECT w1=4625
SELECT w2=5051
BUSY TASK ewma=997
DMA IRQ c0=2
DMA IRQ c1=0
DMA IRQ c2=0
DMA IRQ c3=0
SELECT busy=8677
SELECT w0=8661
SELECT w1=4633
SELECT w2=5062
BUSY TASK ewma=997
DMA IRQ c0=2
DMA IRQ c1=0
DMA IRQ c2=0
DMA IRQ c3=0
SELECT busy=8701
SELECT w0=8686
SELECT w1=4646
SELECT w2=5075
BUSY TASK ewma=997
DMA IRQ c0=2
DMA IRQ c1=0
DMA IRQ c2=0
DMA IRQ c3=0
SELECT busy=8727
SELECT w0=8712
SELECT w1=4658
SELECT w2=5094
BUSY TASK ewma=997
DMA IRQ c0=2
DMA IRQ c1=0
DMA IRQ c2=0
DMA IRQ c3=0
SELECT busy=8753
SELECT w0=8737
SELECT w1=4669
SELECT w2=5108
BUSY TASK ewma=997
DMA IRQ c0=2
DMA IRQ c1=0
DMA IRQ c2=0
DMA IRQ c3=0
SELECT busy=8785
SELECT w0=8770
SELECT w1=4681
SELECT w2=5122
BUSY TASK ewma=997
DMA IRQ c0=2
DMA IRQ c1=0
DMA IRQ c2=0
DMA IRQ c3=0
SELECT busy=8804
SELECT w0=8789
SELECT w1=4688
SELECT w2=5132
BUSY TASK ewma=997
DMA IRQ c0=2
DMA IRQ c1=0
DMA IRQ c2=0
DMA IRQ c3=0
SELECT busy=8828
SELECT w0=8813
SELECT w1=4699
SELECT w2=5148
BUSY TASK ewma=997
DMA IRQ c0=2
DMA IRQ c1=0
DMA IRQ c2=0
DMA IRQ c3=0
SELECT busy=8849
SELECT w0=8835
SELECT w1=4708
SELECT w2=5160
BUSY TASK ewma=997
DMA IRQ c0=2
DMA IRQ c1=0
DMA IRQ c2=0
DMA IRQ c3=0
SELECT busy=8879
SELECT w0=8864
SELECT w1=4721
SELECT w2=5179
BUSY TASK ewma=997
DMA IRQ c0=2
DMA IRQ c1=0
DMA IRQ c2=0
DMA IRQ c3=0
SELECT busy=8909
SELECT w0=8894
SELECT w1=4735
SELECT w2=5196
BUSY TASK ewma=997
DMA IRQ c0=2
DMA IRQ c1=0
DMA IRQ c2=0
DMA IRQ c3=0
SELECT busy=8933
SELECT w0=8917
SELECT w1=4744
SELECT w2=5208
BUSY TASK ewma=997
DMA IRQ c0=2
DMA IRQ c1=0
DMA IRQ c2=0
DMA IRQ c3=0
SELECT busy=8960
SELECT w0=8944
SELECT w1=4758
SELECT w2=5226
BUSY TASK ewma=997
DMA IRQ c0=2
DMA IRQ c1=0
DMA IRQ c2=0
DMA IRQ c3=0
SELECT busy=8979
SELECT w0=8963
SELECT w1=4763
SELECT w2=5234
BUSY TASK ewma=997
DMA IRQ c0=2
DMA IRQ c1=0
DMA IRQ c2=0
DMA IRQ c3=0
SELECT busy=9000
SELECT w0=8984
SELECT w1=4769
SELECT w2=5241
BUSY TASK ewma=997
IRQ counts: cpu0=18010 cpu1=20629 cpu2=20423 cpu3=20471
SCHED secondaries: calls=61548 unexpected=0
SECTEST switches=61542 cpu1=201171997,194978897 cpu2=166389936,164062621 cpu3=247528651,230193014
PINGPONG rounds=2000 pongs=2000
DMA IRQ c0=2
DMA IRQ c1=0
DMA IRQ c2=0
DMA IRQ c3=0
SELECT busy=9034
SELECT w0=9019
SELECT w1=4785
SELECT w2=5264
BUSY TASK ewma=997
DMA IRQ c0=2
DMA IRQ c1=0
DMA IRQ c2=0
DMA IRQ c3=0
SELECT busy=9060
SELECT w0=9046
SELECT w1=4796
SELECT w2=5280
BUSY TASK ewma=997
DMA IRQ c0=2
DMA IRQ c1=0
DMA IRQ c2=0
DMA IRQ c3=0
SELECT busy=9095
SELECT w0=9079
SELECT w1=4808
SELECT w2=5296
BUSY TASK ewma=997
DMA IRQ c0=2
DMA IRQ c1=0
DMA IRQ c2=0
DMA IRQ c3=0
SELECT busy=9119
SELECT w0=9104
SELECT w1=4821
SELECT w2=5311
BUSY TASK ewma=997
DMA IRQ c0=2
DMA IRQ c1=0
DMA IRQ c2=0
DMA IRQ c3=0
SELECT busy=9137
SELECT w0=9122
SELECT w1=4836
SELECT w2=5323
BUSY TASK ewma=997
DMA IRQ c0=2
DMA IRQ c1=0
DMA IRQ c2=0
DMA IRQ c3=0
SELECT busy=9159
SELECT w0=9143
SELECT w1=4847
SELECT w2=5339
BUSY TASK ewma=997
DMA IRQ c0=2
DMA IRQ c1=0
DMA IRQ c2=0
DMA IRQ c3=0
SELECT busy=9178
SELECT w0=9163
SELECT w1=4855
SELECT w2=5351
BUSY TASK ewma=997
DMA IRQ c0=2
DMA IRQ c1=0
DMA IRQ c2=0
DMA IRQ c3=0
SELECT busy=9201
SELECT w0=9185
SELECT w1=4866
SELECT w2=5367
BUSY TASK ewma=997
DMA IRQ c0=2
DMA IRQ c1=0
DMA IRQ c2=0
DMA IRQ c3=0
SELECT busy=9223
SELECT w0=9208
SELECT w1=4877
SELECT w2=5386
BUSY TASK ewma=997
DMA IRQ c0=2
DMA IRQ c1=0
DMA IRQ c2=0
DMA IRQ c3=0
SELECT busy=9251
SELECT w0=9236
SELECT w1=4889
SELECT w2=5403
BUSY TASK ewma=997
DMA IRQ c0=2
DMA IRQ c1=0
DMA IRQ c2=0
DMA IRQ c3=0
SELECT busy=9270
SELECT w0=9254
SELECT w1=4898
SELECT w2=5417
BUSY TASK ewma=997
DMA IRQ c0=2
DMA IRQ c1=0
DMA IRQ c2=0
DMA IRQ c3=0
SELECT busy=9288
SELECT w0=9273
SELECT w1=4907
SELECT w2=5428
BUSY TASK ewma=997
DMA IRQ c0=2
DMA IRQ c1=0
DMA IRQ c2=0
DMA IRQ c3=0
SELECT busy=9308
SELECT w0=9293
SELECT w1=4918
SELECT w2=5442
BUSY TASK ewma=997
DMA IRQ c0=2
DMA IRQ c1=0
DMA IRQ c2=0
DMA IRQ c3=0
SELECT busy=9328
SELECT w0=9317
SELECT w1=4930
SELECT w2=5456
BUSY TASK ewma=997
DMA IRQ c0=2
DMA IRQ c1=0
DMA IRQ c2=0
DMA IRQ c3=0
SELECT busy=9353
SELECT w0=9337
SELECT w1=4939
SELECT w2=5469
BUSY TASK ewma=997
DMA IRQ c0=2
DMA IRQ c1=0
DMA IRQ c2=0
DMA IRQ c3=0
SELECT busy=9366
SELECT w0=9351
SELECT w1=4944
SELECT w2=5476
BUSY TASK ewma=997
DMA IRQ c0=2
DMA IRQ c1=0
DMA IRQ c2=0
DMA IRQ c3=0
SELECT busy=9385
SELECT w0=9370
SELECT w1=4953
SELECT w2=5489
BUSY TASK ewma=997
DMA IRQ c0=2
DMA IRQ c1=0
DMA IRQ c2=0
DMA IRQ c3=0
SELECT busy=9406
SELECT w0=9391
SELECT w1=4962
SELECT w2=5501
BUSY TASK ewma=997
DMA IRQ c0=2
DMA IRQ c1=0
DMA IRQ c2=0
DMA IRQ c3=0
SELECT busy=9428
SELECT w0=9414
SELECT w1=4971
SELECT w2=5514
BUSY TASK ewma=997
DMA IRQ c0=2
DMA IRQ c1=0
DMA IRQ c2=0
DMA IRQ c3=0
SELECT busy=9449
SELECT w0=9434
SELECT w1=4981
SELECT w2=5529
BUSY TASK ewma=997
DMA IRQ c0=2
DMA IRQ c1=0
DMA IRQ c2=0
DMA IRQ c3=0
SELECT busy=9471
SELECT w0=9457
SELECT w1=4991
SELECT w2=5546
BUSY TASK ewma=997
DMA IRQ c0=2
DMA IRQ c1=0
DMA IRQ c2=0
DMA IRQ c3=0
SELECT busy=9489
SELECT w0=9474
SELECT w1=5000
SELECT w2=5555
BUSY TASK ewma=997
DMA IRQ c0=2
DMA IRQ c1=0
DMA IRQ c2=0
DMA IRQ c3=0
SELECT busy=9509
SELECT w0=9494
SELECT w1=5009
SELECT w2=5565
BUSY TASK ewma=997
DMA IRQ c0=2
DMA IRQ c1=0
DMA IRQ c2=0
DMA IRQ c3=0
SELECT busy=9534
SELECT w0=9519
SELECT w1=5020
SELECT w2=5579
BUSY TASK ewma=997
DMA IRQ c0=2
DMA IRQ c1=0
DMA IRQ c2=0
DMA IRQ c3=0
SELECT busy=9552
SELECT w0=9536
SELECT w1=5026
SELECT w2=5586
BUSY TASK ewma=997
DMA IRQ c0=2
DMA IRQ c1=0
DMA IRQ c2=0
DMA IRQ c3=0
SELECT busy=9565
SELECT w0=9550
SELECT w1=5034
SELECT w2=5596
BUSY TASK ewma=997
DMA IRQ c0=2
DMA IRQ c1=0
DMA IRQ c2=0
DMA IRQ c3=0
SELECT busy=9584
SELECT w0=9569
SELECT w1=5043
SELECT w2=5604
BUSY TASK ewma=997
DMA IRQ c0=2
DMA IRQ c1=0
DMA IRQ c2=0
DMA IRQ c3=0
SELECT busy=9601
SELECT w0=9586
SELECT w1=5052
SELECT w2=5614
BUSY TASK ewma=997
DMA IRQ c0=2
DMA IRQ c1=0
DMA IRQ c2=0
DMA IRQ c3=0
SELECT busy=9617
SELECT w0=9601
SELECT w1=5061
SELECT w2=5621
BUSY TASK ewma=997
DMA IRQ c0=2
DMA IRQ c1=0
DMA IRQ c2=0
DMA IRQ c3=0
SELECT busy=9637
SELECT w0=9621
SELECT w1=5067
SELECT w2=5628
BUSY TASK ewma=997
DMA IRQ c0=2
DMA IRQ c1=0
DMA IRQ c2=0
DMA IRQ c3=0
SELECT busy=9655
SELECT w0=9639
SELECT w1=5075
SELECT w2=5637
BUSY TASK ewma=997
DMA IRQ c0=2
DMA IRQ c1=0
DMA IRQ c2=0
DMA IRQ c3=0
SELECT busy=9677
SELECT w0=9661
SELECT w1=5083
SELECT w2=5647
BUSY TASK ewma=997
DMA IRQ c0=2
DMA IRQ c1=0
DMA IRQ c2=0
DMA IRQ c3=0
SELECT busy=9700
SELECT w0=9686
SELECT w1=5098
SELECT w2=5663
BUSY TASK ewma=997
DMA IRQ c0=2
DMA IRQ c1=0
DMA IRQ c2=0
DMA IRQ c3=0
SELECT busy=9721
SELECT w0=9705
SELECT w1=5107
SELECT w2=5671
BUSY TASK ewma=997
DMA IRQ c0=2
DMA IRQ c1=0
DMA IRQ c2=0
DMA IRQ c3=0
SELECT busy=9742
SELECT w0=9727
SELECT w1=5117
SELECT w2=5684
BUSY TASK ewma=997
DMA IRQ c0=2
DMA IRQ c1=0
DMA IRQ c2=0
DMA IRQ c3=0
SELECT busy=9763
SELECT w0=9747
SELECT w1=5125
SELECT w2=5694
BUSY TASK ewma=997
DMA IRQ c0=2
DMA IRQ c1=0
DMA IRQ c2=0
DMA IRQ c3=0
SELECT busy=9788
SELECT w0=9772
SELECT w1=5137
SELECT w2=5706
BUSY TASK ewma=997
DMA IRQ c0=2
DMA IRQ c1=0
DMA IRQ c2=0
DMA IRQ c3=0
SELECT busy=9817
SELECT w0=9802
SELECT w1=5151
SELECT w2=5730
BUSY TASK ewma=997
DMA IRQ c0=2
DMA IRQ c1=0
DMA IRQ c2=0
DMA IRQ c3=0
SELECT busy=9840
SELECT w0=9825
SELECT w1=5161
SELECT w2=5747
BUSY TASK ewma=997
DMA IRQ c0=2
DMA IRQ c1=0
DMA IRQ c2=0
DMA IRQ c3=0
SELECT busy=9861
SELECT w0=9845
SELECT w1=5169
SELECT w2=5756
BUSY TASK ewma=997
DMA IRQ c0=2
DMA IRQ c1=0
DMA IRQ c2=0
DMA IRQ c3=0
SELECT busy=9882
SELECT w0=9867
SELECT w1=5176
SELECT w2=5764
BUSY TASK ewma=997
DMA IRQ c0=2
DMA IRQ c1=0
DMA IRQ c2=0
DMA IRQ c3=0
SELECT busy=9908
SELECT w0=9893
SELECT w1=5184
SELECT w2=5774
BUSY TASK ewma=997
DMA IRQ c0=2
DMA IRQ c1=0
DMA IRQ c2=0
DMA IRQ c3=0
SELECT busy=9929
SELECT w0=9914
SELECT w1=5190
SELECT w2=5782
BUSY TASK ewma=997
DMA IRQ c0=2
DMA IRQ c1=0
DMA IRQ c2=0
DMA IRQ c3=0
SELECT busy=9947
SELECT w0=9931
SELECT w1=5196
SELECT w2=5789
BUSY TASK ewma=997
DMA IRQ c0=2
DMA IRQ c1=0
DMA IRQ c2=0
DMA IRQ c3=0
SELECT busy=9969
SELECT w0=9953
SELECT w1=5203
SELECT w2=5800
BUSY TASK ewma=997
DMA IRQ c0=2
DMA IRQ c1=0
DMA IRQ c2=0
DMA IRQ c3=0
SELECT busy=9989
SELECT w0=9974
SELECT w1=5215
SELECT w2=5813
BUSY TASK ewma=997
DMA IRQ c0=2
DMA IRQ c1=0
DMA IRQ c2=0
DMA IRQ c3=0
SELECT busy=10008
SELECT w0=9992
SELECT w1=5225
SELECT w2=5828
BUSY TASK ewma=997
DMA IRQ c0=2
DMA IRQ c1=0
DMA IRQ c2=0
DMA IRQ c3=0
SELECT busy=10025
SELECT w0=10010
SELECT w1=5233
SELECT w2=5838
BUSY TASK ewma=997
DMA IRQ c0=2
DMA IRQ c1=0
DMA IRQ c2=0
DMA IRQ c3=0
SELECT busy=10044
SELECT w0=10028
SELECT w1=5242
SELECT w2=5851
BUSY TASK ewma=997
DMA IRQ c0=2
DMA IRQ c1=0
DMA IRQ c2=0
DMA IRQ c3=0
SELECT busy=10066
SELECT w0=10050
SELECT w1=5250
SELECT w2=5861
BUSY TASK ewma=997
DMA IRQ c0=2
DMA IRQ c1=0
DMA IRQ c2=0
DMA IRQ c3=0
SELECT busy=10099
SELECT w0=10085
SELECT w1=5267
SELECT w2=5884
BUSY TASK ewma=997
DMA IRQ c0=2
DMA IRQ c1=0
DMA IRQ c2=0
DMA IRQ c3=0
SELECT busy=10127
SELECT w0=10113
SELECT w1=5282
SELECT w2=5906
BUSY TASK ewma=997
DMA IRQ c0=2
DMA IRQ c1=0
DMA IRQ c2=0
DMA IRQ c3=0
SELECT busy=10157
SELECT w0=10143
SELECT w1=5295
SELECT w2=5922
BUSY TASK ewma=997
DMA IRQ c0=2
DMA IRQ c1=0
DMA IRQ c2=0
DMA IRQ c3=0
SELECT busy=10179
SELECT w0=10164
SELECT w1=5309
SELECT w2=5936
BUSY TASK ewma=997
DMA IRQ c0=2
DMA IRQ c1=0
DMA IRQ c2=0
DMA IRQ c3=0
SELECT busy=10197
SELECT w0=10182
SELECT w1=5315
SELECT w2=5943
BUSY TASK ewma=997
DMA IRQ c0=2
DMA IRQ c1=0
DMA IRQ c2=0
DMA IRQ c3=0
SELECT busy=10220
SELECT w0=10204
SELECT w1=5324
SELECT w2=5959
BUSY TASK ewma=997
DMA IRQ c0=2
DMA IRQ c1=0
DMA IRQ c2=0
DMA IRQ c3=0
SELECT busy=10255
SELECT w0=10239
SELECT w1=5338
SELECT w2=5976
BUSY TASK ewma=997
DMA IRQ c0=2
DMA IRQ c1=0
DMA IRQ c2=0
DMA IRQ c3=0
SELECT busy=10276
SELECT w0=10260
SELECT w1=5346
SELECT w2=5985
BUSY TASK ewma=997
DMA IRQ c0=2
DMA IRQ c1=0
DMA IRQ c2=0
DMA IRQ c3=0
SELECT busy=10301
SELECT w0=10286
SELECT w1=5361
SELECT w2=6001
BUSY TASK ewma=997
DMA IRQ c0=2
DMA IRQ c1=0
DMA IRQ c2=0
DMA IRQ c3=0
SELECT busy=10322
SELECT w0=10307
SELECT w1=5368
SELECT w2=6009
BUSY TASK ewma=997
DMA IRQ c0=2
DMA IRQ c1=0
DMA IRQ c2=0
DMA IRQ c3=0
SELECT busy=10347
SELECT w0=10331
SELECT w1=5381
SELECT w2=6022
BUSY TASK ewma=997
DMA IRQ c0=2
DMA IRQ c1=0
DMA IRQ c2=0
DMA IRQ c3=0
SELECT busy=10376
SELECT w0=10363
SELECT w1=5395
SELECT w2=6036
BUSY TASK ewma=997
DMA IRQ c0=2
DMA IRQ c1=0
DMA IRQ c2=0
DMA IRQ c3=0
SELECT busy=10397
SELECT w0=10381
SELECT w1=5402
SELECT w2=6044
BUSY TASK ewma=997
DMA IRQ c0=2
DMA IRQ c1=0
DMA IRQ c2=0
DMA IRQ c3=0
SELECT busy=10416
SELECT w0=10400
SELECT w1=5409
SELECT w2=6053
BUSY TASK ewma=997
IRQ counts: cpu0=20838 cpu1=23831 cpu2=23663 cpu3=23834
SCHED secondaries: calls=71329 unexpected=0
SECTEST switches=71299 cpu1=233069424,227426446 cpu2=196050244,194612253 cpu3=291881717,272216994
PINGPONG rounds=2000 pongs=2000
DMA IRQ c0=2
DMA IRQ c1=0
DMA IRQ c2=0
DMA IRQ c3=0
SELECT busy=10438
SELECT w0=10423
SELECT w1=5416
SELECT w2=6062
BUSY TASK ewma=997
DMA IRQ c0=2
DMA IRQ c1=0
DMA IRQ c2=0
DMA IRQ c3=0
SELECT busy=10460
SELECT w0=10445
SELECT w1=5427
SELECT w2=6077
BUSY TASK ewma=997
DMA IRQ c0=2
DMA IRQ c1=0
DMA IRQ c2=0
DMA IRQ c3=0
SELECT busy=10482
SELECT w0=10467
SELECT w1=5440
SELECT w2=6095
BUSY TASK ewma=997
DMA IRQ c0=2
DMA IRQ c1=0
DMA IRQ c2=0
DMA IRQ c3=0
SELECT busy=10501
SELECT w0=10486
SELECT w1=5450
SELECT w2=6115
BUSY TASK ewma=997
DMA IRQ c0=2
DMA IRQ c1=0
DMA IRQ c2=0
DMA IRQ c3=0
SELECT busy=10519
SELECT w0=10504
SELECT w1=5462
SELECT w2=6131
BUSY TASK ewma=997
DMA IRQ c0=2
DMA IRQ c1=0
DMA IRQ c2=0
DMA IRQ c3=0
SELECT busy=10538
SELECT w0=10523
SELECT w1=5472
SELECT w2=6142
BUSY TASK ewma=997
DMA IRQ c0=2
DMA IRQ c1=0
DMA IRQ c2=0
DMA IRQ c3=0
SELECT busy=10556
SELECT w0=10540
SELECT w1=5481
SELECT w2=6154
BUSY TASK ewma=997
DMA IRQ c0=2
DMA IRQ c1=0
DMA IRQ c2=0
DMA IRQ c3=0
SELECT busy=10574
SELECT w0=10559
SELECT w1=5487
SELECT w2=6160
BUSY TASK ewma=997
DMA IRQ c0=2
DMA IRQ c1=0
DMA IRQ c2=0
DMA IRQ c3=0
SELECT busy=10591
SELECT w0=10577
SELECT w1=5497
SELECT w2=6171
BUSY TASK ewma=997
DMA IRQ c0=2
DMA IRQ c1=0
DMA IRQ c2=0
DMA IRQ c3=0
SELECT busy=10613
SELECT w0=10598
SELECT w1=5507
SELECT w2=6186
BUSY TASK ewma=997
DMA IRQ c0=2
DMA IRQ c1=0
DMA IRQ c2=0
DMA IRQ c3=0
SELECT busy=10634
SELECT w0=10621
SELECT w1=5517
SELECT w2=6199
BUSY TASK ewma=997
DMA IRQ c0=2
DMA IRQ c1=0
DMA IRQ c2=0
DMA IRQ c3=0
SELECT busy=10654
SELECT w0=10638
SELECT w1=5524
SELECT w2=6207
BUSY TASK ewma=997
DMA IRQ c0=2
DMA IRQ c1=0
DMA IRQ c2=0
DMA IRQ c3=0
SELECT busy=10677
SELECT w0=10662
SELECT w1=5531
SELECT w2=6216
BUSY TASK ewma=997
DMA IRQ c0=2
DMA IRQ c1=0
DMA IRQ c2=0
DMA IRQ c3=0
SELECT busy=10693
SELECT w0=10678
SELECT w1=5538
SELECT w2=6227
BUSY TASK ewma=997
DMA IRQ c0=2
DMA IRQ c1=0
DMA IRQ c2=0
DMA IRQ c3=0
SELECT busy=10717
SELECT w0=10703
SELECT w1=5552
SELECT w2=6250
BUSY TASK ewma=997
DMA IRQ c0=2
DMA IRQ c1=0
DMA IRQ c2=0
DMA IRQ c3=0
SELECT busy=10741
SELECT w0=10727
SELECT w1=5567
SELECT w2=6264
BUSY TASK ewma=997
DMA IRQ c0=2
DMA IRQ c1=0
DMA IRQ c2=0
DMA IRQ c3=0
SELECT busy=10776
SELECT w0=10761
SELECT w1=5586
SELECT w2=6284
BUSY TASK ewma=997
DMA IRQ c0=2
DMA IRQ c1=0
DMA IRQ c2=0
DMA IRQ c3=0
SELECT busy=10802
SELECT w0=10787
SELECT w1=5598
SELECT w2=6297
BUSY TASK ewma=997
DMA IRQ c0=2
DMA IRQ c1=0
DMA IRQ c2=0
DMA IRQ c3=0
SELECT busy=10822
SELECT w0=10808
SELECT w1=5608
SELECT w2=6309
BUSY TASK ewma=997
DMA IRQ c0=2
DMA IRQ c1=0
DMA IRQ c2=0
DMA IRQ c3=0
SELECT busy=10842
SELECT w0=10826
SELECT w1=5614
SELECT w2=6317
BUSY TASK ewma=997
DMA IRQ c0=2
DMA IRQ c1=0
DMA IRQ c2=0
DMA IRQ c3=0
SELECT busy=10865
SELECT w0=10850
SELECT w1=5628
SELECT w2=6331
BUSY TASK ewma=997
DMA IRQ c0=2
DMA IRQ c1=0
DMA IRQ c2=0
DMA IRQ c3=0
SELECT busy=10882
SELECT w0=10867
SELECT w1=5636
SELECT w2=6340
BUSY TASK ewma=997
DMA IRQ c0=2
DMA IRQ c1=0
DMA IRQ c2=0
DMA IRQ c3=0
SELECT busy=10901
SELECT w0=10885
SELECT w1=5644
SELECT w2=6351
BUSY TASK ewma=997
DMA IRQ c0=2
DMA IRQ c1=0
DMA IRQ c2=0
DMA IRQ c3=0
SELECT busy=10927
SELECT w0=10912
SELECT w1=5655
SELECT w2=6364
BUSY TASK ewma=997
DMA IRQ c0=2
DMA IRQ c1=0
DMA IRQ c2=0
DMA IRQ c3=0
SELECT busy=10945
SELECT w0=10929
SELECT w1=5659
SELECT w2=6372
BUSY TASK ewma=997
DMA IRQ c0=2
DMA IRQ c1=0
DMA IRQ c2=0
DMA IRQ c3=0
SELECT busy=10969
SELECT w0=10957
SELECT w1=5674
SELECT w2=6392
BUSY TASK ewma=997
DMA IRQ c0=2
DMA IRQ c1=0
DMA IRQ c2=0
DMA IRQ c3=0
SELECT busy=10995
SELECT w0=10980
SELECT w1=5685
SELECT w2=6405
BUSY TASK ewma=997
DMA IRQ c0=2
DMA IRQ c1=0
DMA IRQ c2=0
DMA IRQ c3=0
SELECT busy=11017
SELECT w0=11002
SELECT w1=5696
SELECT w2=6420
BUSY TASK ewma=997
DMA IRQ c0=2
DMA IRQ c1=0
DMA IRQ c2=0
DMA IRQ c3=0
SELECT busy=11034
SELECT w0=11019
SELECT w1=5704
SELECT w2=6428
BUSY TASK ewma=997
DMA IRQ c0=2
DMA IRQ c1=0
DMA IRQ c2=0
DMA IRQ c3=0
SELECT busy=11053
SELECT w0=11038
SELECT w1=5712
SELECT w2=6438
BUSY TASK ewma=997
DMA IRQ c0=2
DMA IRQ c1=0
DMA IRQ c2=0
DMA IRQ c3=0
SELECT busy=11073
SELECT w0=11057
SELECT w1=5718
SELECT w2=6446
BUSY TASK ewma=997
DMA IRQ c0=2
DMA IRQ c1=0
DMA IRQ c2=0
DMA IRQ c3=0
SELECT busy=11094
SELECT w0=11080
SELECT w1=5728
SELECT w2=6460
BUSY TASK ewma=997
DMA IRQ c0=2
DMA IRQ c1=0
DMA IRQ c2=0
DMA IRQ c3=0
SELECT busy=11112
SELECT w0=11096
SELECT w1=5735
SELECT w2=6470
BUSY TASK ewma=997
DMA IRQ c0=2
DMA IRQ c1=0
DMA IRQ c2=0
DMA IRQ c3=0
SELECT busy=11138
SELECT w0=11123
SELECT w1=5749
SELECT w2=6486
BUSY TASK ewma=997
DMA IRQ c0=2
DMA IRQ c1=0
DMA IRQ c2=0
DMA IRQ c3=0
SELECT busy=11156
SELECT w0=11143
SELECT w1=5758
SELECT w2=6499
BUSY TASK ewma=997
DMA IRQ c0=2
DMA IRQ c1=0
DMA IRQ c2=0
DMA IRQ c3=0
SELECT busy=11176
SELECT w0=11161
SELECT w1=5768
SELECT w2=6511
BUSY TASK ewma=997
DMA IRQ c0=2
DMA IRQ c1=0
DMA IRQ c2=0
DMA IRQ c3=0
SELECT busy=11204
SELECT w0=11189
SELECT w1=5783
SELECT w2=6532
BUSY TASK ewma=997
DMA IRQ c0=2
DMA IRQ c1=0
DMA IRQ c2=0
DMA IRQ c3=0
SELECT busy=11224
SELECT w0=11208
SELECT w1=5791
SELECT w2=6542
BUSY TASK ewma=997
DMA IRQ c0=2
DMA IRQ c1=0
DMA IRQ c2=0
DMA IRQ c3=0
SELECT busy=11250
SELECT w0=11235
SELECT w1=5806
SELECT w2=6559
BUSY TASK ewma=997
DMA IRQ c0=2
DMA IRQ c1=0
DMA IRQ c2=0
DMA IRQ c3=0
SELECT busy=11265
SELECT w0=11250
SELECT w1=5816
SELECT w2=6573
BUSY TASK ewma=997
DMA IRQ c0=2
DMA IRQ c1=0
DMA IRQ c2=0
DMA IRQ c3=0
SELECT busy=11298
SELECT w0=11284
SELECT w1=5830
SELECT w2=6592
BUSY TASK ewma=997
DMA IRQ c0=2
DMA IRQ c1=0
DMA IRQ c2=0
DMA IRQ c3=0
SELECT busy=11324
SELECT w0=11308
SELECT w1=5844
SELECT w2=6606
BUSY TASK ewma=997
DMA IRQ c0=2
DMA IRQ c1=0
DMA IRQ c2=0
DMA IRQ c3=0
SELECT busy=11346
SELECT w0=11330
SELECT w1=5851
SELECT w2=6616
BUSY TASK ewma=997
DMA IRQ c0=2
DMA IRQ c1=0
DMA IRQ c2=0
DMA IRQ c3=0
SELECT busy=11372
SELECT w0=11357
SELECT w1=5861
SELECT w2=6636
qemu-system-aarch64: terminating on signal 15 from pid 251617 (timeout)
