P4 M7: full integration test boot OK
CPU0: MPIDR_EL1=0x0000000080000000
CPU0: psci_cpu_on target=1 rc=0
CPU1: alive, MPIDR_EL1=0x0000000080000001 this_cpu()->cpu_id=1
CPU0: psci_cpu_on target=2 rc=0
CPU2: alive, MPIDR_EL1=0x0000000080000002 this_cpu()->cpu_id=2
CPU0: psci_cpu_on target=3 rc=0
CPU3: alive, MPIDR_EL1=0x0000000080000003 this_cpu()->cpu_id=3
CPUs online: 4
DMA IRQ target cpu=0
D2b: worker 0 runs on CPU0
D2b: worker 1 runs on CPU1
D2b: worker 2 runs on CPU2
P4 M7: worker submitted cmd_id=2
P4 M7: worker submitted cmd_id=1
P4 M7: worker submitted cmd_id=3
BUSY TASK ewma=995
DMA IRQ c0=0
DMA IRQ c1=0
DMA IRQ c2=0
DMA IRQ c3=0
SELECT busy=20
SELECT w0=4
SELECT w1=4
SELECT w2=4
BUSY TASK ewma=997
DMA IRQ c0=0
DMA IRQ c1=0
DMA IRQ c2=0
DMA IRQ c3=0
SELECT busy=32
SELECT w0=4
SELECT w1=4
SELECT w2=4
BUSY TASK ewma=997
DMA IRQ c0=0
DMA IRQ c1=0
DMA IRQ c2=0
DMA IRQ c3=0
SELECT busy=53
SELECT w0=4
SELECT w1=4
SELECT w2=4
P4 M7: worker DATA OK, cmd_id=1
P4 M7: worker DATA OK, cmd_id=3
P4 M7: worker DATA OK, cmd_id=2
WORKER ewma=831
WORKER ewma=759
WORKER ewma=759
BUSY TASK ewma=997
DMA IRQ c0=2
DMA IRQ c1=0
DMA IRQ c2=0
DMA IRQ c3=0
SELECT busy=73
SELECT w0=27
SELECT w1=23
SELECT w2=26
BUSY TASK ewma=997
DMA IRQ c0=2
DMA IRQ c1=0
DMA IRQ c2=0
DMA IRQ c3=0
SELECT busy=109
SELECT w0=64
SELECT w1=78
SELECT w2=80
BUSY TASK ewma=997
DMA IRQ c0=2
DMA IRQ c1=0
DMA IRQ c2=0
DMA IRQ c3=0
SELECT busy=134
SELECT w0=89
SELECT w1=112
SELECT w2=117
BUSY TASK ewma=997
DMA IRQ c0=2
DMA IRQ c1=0
DMA IRQ c2=0
DMA IRQ c3=0
SELECT busy=161
SELECT w0=115
SELECT w1=129
SELECT w2=128
BUSY TASK ewma=997
DMA IRQ c0=2
DMA IRQ c1=0
DMA IRQ c2=0
DMA IRQ c3=0
SELECT busy=182
SELECT w0=136
SELECT w1=141
SELECT w2=136
BUSY TASK ewma=997
DMA IRQ c0=2
DMA IRQ c1=0
DMA IRQ c2=0
DMA IRQ c3=0
SELECT busy=205
SELECT w0=159
SELECT w1=155
SELECT w2=148
BUSY TASK ewma=997
DMA IRQ c0=2
DMA IRQ c1=0
DMA IRQ c2=0
DMA IRQ c3=0
SELECT busy=232
SELECT w0=187
SELECT w1=178
SELECT w2=164
BUSY TASK ewma=997
DMA IRQ c0=2
DMA IRQ c1=0
DMA IRQ c2=0
DMA IRQ c3=0
SELECT busy=253
SELECT w0=207
SELECT w1=195
SELECT w2=174
BUSY TASK ewma=997
DMA IRQ c0=2
DMA IRQ c1=0
DMA IRQ c2=0
DMA IRQ c3=0
SELECT busy=271
SELECT w0=225
SELECT w1=208
SELECT w2=183
BUSY TASK ewma=997
DMA IRQ c0=2
DMA IRQ c1=0
DMA IRQ c2=0
DMA IRQ c3=0
SELECT busy=292
SELECT w0=247
SELECT w1=222
SELECT w2=194
BUSY TASK ewma=997
DMA IRQ c0=2
DMA IRQ c1=0
DMA IRQ c2=0
DMA IRQ c3=0
SELECT busy=333
SELECT w0=289
SELECT w1=246
SELECT w2=215
BUSY TASK ewma=997
DMA IRQ c0=2
DMA IRQ c1=0
DMA IRQ c2=0
DMA IRQ c3=0
SELECT busy=368
SELECT w0=323
SELECT w1=262
SELECT w2=233
BUSY TASK ewma=997
DMA IRQ c0=2
DMA IRQ c1=0
DMA IRQ c2=0
DMA IRQ c3=0
SELECT busy=406
SELECT w0=360
SELECT w1=284
SELECT w2=259
BUSY TASK ewma=997
DMA IRQ c0=2
DMA IRQ c1=0
DMA IRQ c2=0
DMA IRQ c3=0
SELECT busy=429
SELECT w0=384
SELECT w1=297
SELECT w2=272
BUSY TASK ewma=997
DMA IRQ c0=2
DMA IRQ c1=0
DMA IRQ c2=0
DMA IRQ c3=0
SELECT busy=458
SELECT w0=413
SELECT w1=313
SELECT w2=290
BUSY TASK ewma=997
DMA IRQ c0=2
DMA IRQ c1=0
DMA IRQ c2=0
DMA IRQ c3=0
SELECT busy=474
SELECT w0=428
SELECT w1=322
SELECT w2=298
BUSY TASK ewma=997
DMA IRQ c0=2
DMA IRQ c1=0
DMA IRQ c2=0
DMA IRQ c3=0
SELECT busy=502
SELECT w0=457
SELECT w1=335
SELECT w2=312
BUSY TASK ewma=997
DMA IRQ c0=2
DMA IRQ c1=0
DMA IRQ c2=0
DMA IRQ c3=0
SELECT busy=526
SELECT w0=480
SELECT w1=346
SELECT w2=323
BUSY TASK ewma=997
DMA IRQ c0=2
DMA IRQ c1=0
DMA IRQ c2=0
DMA IRQ c3=0
SELECT busy=545
SELECT w0=499
SELECT w1=355
SELECT w2=335
BUSY TASK ewma=997
DMA IRQ c0=2
DMA IRQ c1=0
DMA IRQ c2=0
DMA IRQ c3=0
SELECT busy=568
SELECT w0=522
SELECT w1=368
SELECT w2=348
BUSY TASK ewma=997
DMA IRQ c0=2
DMA IRQ c1=0
DMA IRQ c2=0
DMA IRQ c3=0
SELECT busy=596
SELECT w0=551
SELECT w1=384
SELECT w2=366
BUSY TASK ewma=997
DMA IRQ c0=2
DMA IRQ c1=0
DMA IRQ c2=0
DMA IRQ c3=0
SELECT busy=616
SELECT w0=570
SELECT w1=394
SELECT w2=375
BUSY TASK ewma=997
DMA IRQ c0=2
DMA IRQ c1=0
DMA IRQ c2=0
DMA IRQ c3=0
SELECT busy=635
SELECT w0=589
SELECT w1=404
SELECT w2=383
BUSY TASK ewma=997
DMA IRQ c0=2
DMA IRQ c1=0
DMA IRQ c2=0
DMA IRQ c3=0
SELECT busy=669
SELECT w0=624
SELECT w1=421
SELECT w2=400
BUSY TASK ewma=997
DMA IRQ c0=2
DMA IRQ c1=0
DMA IRQ c2=0
DMA IRQ c3=0
SELECT busy=705
SELECT w0=660
SELECT w1=439
SELECT w2=419
BUSY TASK ewma=997
DMA IRQ c0=2
DMA IRQ c1=0
DMA IRQ c2=0
DMA IRQ c3=0
SELECT busy=723
SELECT w0=678
SELECT w1=452
SELECT w2=433
BUSY TASK ewma=997
DMA IRQ c0=2
DMA IRQ c1=0
DMA IRQ c2=0
DMA IRQ c3=0
SELECT busy=742
SELECT w0=696
SELECT w1=466
SELECT w2=445
BUSY TASK ewma=997
DMA IRQ c0=2
DMA IRQ c1=0
DMA IRQ c2=0
DMA IRQ c3=0
SELECT busy=766
SELECT w0=722
SELECT w1=483
SELECT w2=466
BUSY TASK ewma=997
DMA IRQ c0=2
DMA IRQ c1=0
DMA IRQ c2=0
DMA IRQ c3=0
SELECT busy=784
SELECT w0=738
SELECT w1=491
SELECT w2=472
BUSY TASK ewma=997
DMA IRQ c0=2
DMA IRQ c1=0
DMA IRQ c2=0
DMA IRQ c3=0
SELECT busy=807
SELECT w0=762
SELECT w1=505
SELECT w2=485
BUSY TASK ewma=997
DMA IRQ c0=2
DMA IRQ c1=0
DMA IRQ c2=0
DMA IRQ c3=0
SELECT busy=833
SELECT w0=787
SELECT w1=515
SELECT w2=500
BUSY TASK ewma=997
DMA IRQ c0=2
DMA IRQ c1=0
DMA IRQ c2=0
DMA IRQ c3=0
SELECT busy=861
SELECT w0=815
SELECT w1=530
SELECT w2=516
BUSY TASK ewma=997
DMA IRQ c0=2
DMA IRQ c1=0
DMA IRQ c2=0
DMA IRQ c3=0
SELECT busy=883
SELECT w0=838
SELECT w1=546
SELECT w2=534
BUSY TASK ewma=997
DMA IRQ c0=2
DMA IRQ c1=0
DMA IRQ c2=0
DMA IRQ c3=0
SELECT busy=914
SELECT w0=869
SELECT w1=565
SELECT w2=551
BUSY TASK ewma=997
DMA IRQ c0=2
DMA IRQ c1=0
DMA IRQ c2=0
DMA IRQ c3=0
SELECT busy=936
SELECT w0=890
SELECT w1=574
SELECT w2=562
BUSY TASK ewma=997
DMA IRQ c0=2
DMA IRQ c1=0
DMA IRQ c2=0
DMA IRQ c3=0
SELECT busy=952
SELECT w0=907
SELECT w1=586
SELECT w2=574
BUSY TASK ewma=997
DMA IRQ c0=2
DMA IRQ c1=0
DMA IRQ c2=0
DMA IRQ c3=0
SELECT busy=974
SELECT w0=928
SELECT w1=596
SELECT w2=585
BUSY TASK ewma=997
DMA IRQ c0=2
DMA IRQ c1=0
DMA IRQ c2=0
DMA IRQ c3=0
SELECT busy=991
SELECT w0=945
SELECT w1=606
SELECT w2=595
BUSY TASK ewma=997
DMA IRQ c0=2
DMA IRQ c1=0
DMA IRQ c2=0
DMA IRQ c3=0
SELECT busy=1018
SELECT w0=974
SELECT w1=625
SELECT w2=612
BUSY TASK ewma=997
DMA IRQ c0=2
DMA IRQ c1=0
DMA IRQ c2=0
DMA IRQ c3=0
SELECT busy=1046
SELECT w0=1001
SELECT w1=637
SELECT w2=624
BUSY TASK ewma=997
DMA IRQ c0=2
DMA IRQ c1=0
DMA IRQ c2=0
DMA IRQ c3=0
SELECT busy=1073
SELECT w0=1028
SELECT w1=649
SELECT w2=639
BUSY TASK ewma=997
DMA IRQ c0=2
DMA IRQ c1=0
DMA IRQ c2=0
DMA IRQ c3=0
SELECT busy=1108
SELECT w0=1063
SELECT w1=668
SELECT w2=657
BUSY TASK ewma=997
DMA IRQ c0=2
DMA IRQ c1=0
DMA IRQ c2=0
DMA IRQ c3=0
SELECT busy=1148
SELECT w0=1102
SELECT w1=683
SELECT w2=673
BUSY TASK ewma=997
DMA IRQ c0=2
DMA IRQ c1=0
DMA IRQ c2=0
DMA IRQ c3=0
SELECT busy=1174
SELECT w0=1129
SELECT w1=699
SELECT w2=685
BUSY TASK ewma=997
DMA IRQ c0=2
DMA IRQ c1=0
DMA IRQ c2=0
DMA IRQ c3=0
SELECT busy=1201
SELECT w0=1156
SELECT w1=713
SELECT w2=697
BUSY TASK ewma=997
DMA IRQ c0=2
DMA IRQ c1=0
DMA IRQ c2=0
DMA IRQ c3=0
SELECT busy=1230
SELECT w0=1185
SELECT w1=733
SELECT w2=718
BUSY TASK ewma=997
DMA IRQ c0=2
DMA IRQ c1=0
DMA IRQ c2=0
DMA IRQ c3=0
SELECT busy=1251
SELECT w0=1207
SELECT w1=747
SELECT w2=726
BUSY TASK ewma=997
DMA IRQ c0=2
DMA IRQ c1=0
DMA IRQ c2=0
DMA IRQ c3=0
SELECT busy=1273
SELECT w0=1228
SELECT w1=766
SELECT w2=742
BUSY TASK ewma=997
DMA IRQ c0=2
DMA IRQ c1=0
DMA IRQ c2=0
DMA IRQ c3=0
SELECT busy=1292
SELECT w0=1247
SELECT w1=781
SELECT w2=753
BUSY TASK ewma=997
DMA IRQ c0=2
DMA IRQ c1=0
DMA IRQ c2=0
DMA IRQ c3=0
SELECT busy=1311
SELECT w0=1266
SELECT w1=790
SELECT w2=760
BUSY TASK ewma=997
DMA IRQ c0=2
DMA IRQ c1=0
DMA IRQ c2=0
DMA IRQ c3=0
SELECT busy=1330
SELECT w0=1284
SELECT w1=798
SELECT w2=769
BUSY TASK ewma=997
DMA IRQ c0=2
DMA IRQ c1=0
DMA IRQ c2=0
DMA IRQ c3=0
SELECT busy=1348
SELECT w0=1302
SELECT w1=810
SELECT w2=780
BUSY TASK ewma=997
DMA IRQ c0=2
DMA IRQ c1=0
DMA IRQ c2=0
DMA IRQ c3=0
SELECT busy=1364
SELECT w0=1319
SELECT w1=817
SELECT w2=790
BUSY TASK ewma=997
DMA IRQ c0=2
DMA IRQ c1=0
DMA IRQ c2=0
DMA IRQ c3=0
SELECT busy=1383
SELECT w0=1339
SELECT w1=829
SELECT w2=802
BUSY TASK ewma=997
DMA IRQ c0=2
DMA IRQ c1=0
DMA IRQ c2=0
DMA IRQ c3=0
SELECT busy=1402
SELECT w0=1356
SELECT w1=838
SELECT w2=812
BUSY TASK ewma=997
DMA IRQ c0=2
DMA IRQ c1=0
DMA IRQ c2=0
DMA IRQ c3=0
SELECT busy=1418
SELECT w0=1373
SELECT w1=849
SELECT w2=821
BUSY TASK ewma=997
DMA IRQ c0=2
DMA IRQ c1=0
DMA IRQ c2=0
DMA IRQ c3=0
SELECT busy=1436
SELECT w0=1390
SELECT w1=862
SELECT w2=833
BUSY TASK ewma=997
DMA IRQ c0=2
DMA IRQ c1=0
DMA IRQ c2=0
DMA IRQ c3=0
SELECT busy=1455
SELECT w0=1410
SELECT w1=876
SELECT w2=848
BUSY TASK ewma=997
DMA IRQ c0=2
DMA IRQ c1=0
DMA IRQ c2=0
DMA IRQ c3=0
SELECT busy=1474
SELECT w0=1428
SELECT w1=886
SELECT w2=856
BUSY TASK ewma=997
DMA IRQ c0=2
DMA IRQ c1=0
DMA IRQ c2=0
DMA IRQ c3=0
SELECT busy=1489
SELECT w0=1443
SELECT w1=895
SELECT w2=863
BUSY TASK ewma=997
IRQ counts: cpu0=2961 cpu1=3354 cpu2=3341 cpu3=3439
SCHED secondaries: calls=10146 unexpected=0
SECTEST switches=10107 cpu1=35714586,32905017 cpu2=28803603,29519676 cpu3=42840673,40241062
PINGPONG rounds=693 pongs=695
DMA IRQ c0=2
DMA IRQ c1=0
DMA IRQ c2=0
DMA IRQ c3=0
SELECT busy=1525
SELECT w0=1481
SELECT w1=921
SELECT w2=884
BUSY TASK ewma=997
DMA IRQ c0=2
DMA IRQ c1=0
DMA IRQ c2=0
DMA IRQ c3=0
SELECT busy=1550
SELECT w0=1507
SELECT w1=938
SELECT w2=900
BUSY TASK ewma=997
DMA IRQ c0=2
DMA IRQ c1=0
DMA IRQ c2=0
DMA IRQ c3=0
SELECT busy=1571
SELECT w0=1526
SELECT w1=948
SELECT w2=909
BUSY TASK ewma=997
DMA IRQ c0=2
DMA IRQ c1=0
DMA IRQ c2=0
DMA IRQ c3=0
SELECT busy=1589
SELECT w0=1544
SELECT w1=958
SELECT w2=922
BUSY TASK ewma=997
DMA IRQ c0=2
DMA IRQ c1=0
DMA IRQ c2=0
DMA IRQ c3=0
SELECT busy=1605
SELECT w0=1559
SELECT w1=966
SELECT w2=931
BUSY TASK ewma=997
DMA IRQ c0=2
DMA IRQ c1=0
DMA IRQ c2=0
DMA IRQ c3=0
SELECT busy=1625
SELECT w0=1580
SELECT w1=982
SELECT w2=950
BUSY TASK ewma=997
DMA IRQ c0=2
DMA IRQ c1=0
DMA IRQ c2=0
DMA IRQ c3=0
SELECT busy=1642
SELECT w0=1597
SELECT w1=990
SELECT w2=959
BUSY TASK ewma=997
DMA IRQ c0=2
DMA IRQ c1=0
DMA IRQ c2=0
DMA IRQ c3=0
SELECT busy=1671
SELECT w0=1626
SELECT w1=1007
SELECT w2=975
BUSY TASK ewma=997
DMA IRQ c0=2
DMA IRQ c1=0
DMA IRQ c2=0
DMA IRQ c3=0
SELECT busy=1693
SELECT w0=1648
SELECT w1=1016
SELECT w2=985
BUSY TASK ewma=997
DMA IRQ c0=2
DMA IRQ c1=0
DMA IRQ c2=0
DMA IRQ c3=0
SELECT busy=1716
SELECT w0=1670
SELECT w1=1026
SELECT w2=997
BUSY TASK ewma=997
DMA IRQ c0=2
DMA IRQ c1=0
DMA IRQ c2=0
DMA IRQ c3=0
SELECT busy=1743
SELECT w0=1698
SELECT w1=1038
SELECT w2=1007
BUSY TASK ewma=997
DMA IRQ c0=2
DMA IRQ c1=0
DMA IRQ c2=0
DMA IRQ c3=0
SELECT busy=1768
SELECT w0=1723
SELECT w1=1053
SELECT w2=1026
BUSY TASK ewma=997
DMA IRQ c0=2
DMA IRQ c1=0
DMA IRQ c2=0
DMA IRQ c3=0
SELECT busy=1797
SELECT w0=1752
SELECT w1=1068
SELECT w2=1043
BUSY TASK ewma=997
DMA IRQ c0=2
DMA IRQ c1=0
DMA IRQ c2=0
DMA IRQ c3=0
SELECT busy=1818
SELECT w0=1772
SELECT w1=1081
SELECT w2=1053
BUSY TASK ewma=997
DMA IRQ c0=2
DMA IRQ c1=0
DMA IRQ c2=0
DMA IRQ c3=0
SELECT busy=1836
SELECT w0=1790
SELECT w1=1087
SELECT w2=1060
BUSY TASK ewma=997
DMA IRQ c0=2
DMA IRQ c1=0
DMA IRQ c2=0
DMA IRQ c3=0
SELECT busy=1852
SELECT w0=1807
SELECT w1=1091
SELECT w2=1065
BUSY TASK ewma=997
DMA IRQ c0=2
DMA IRQ c1=0
DMA IRQ c2=0
DMA IRQ c3=0
SELECT busy=1872
SELECT w0=1827
SELECT w1=1101
SELECT w2=1079
BUSY TASK ewma=997
DMA IRQ c0=2
DMA IRQ c1=0
DMA IRQ c2=0
DMA IRQ c3=0
SELECT busy=1900
SELECT w0=1855
SELECT w1=1122
SELECT w2=1100
BUSY TASK ewma=997
DMA IRQ c0=2
DMA IRQ c1=0
DMA IRQ c2=0
DMA IRQ c3=0
SELECT busy=1918
SELECT w0=1873
SELECT w1=1131
SELECT w2=1110
BUSY TASK ewma=997
DMA IRQ c0=2
DMA IRQ c1=0
DMA IRQ c2=0
DMA IRQ c3=0
SELECT busy=1939
SELECT w0=1894
SELECT w1=1143
SELECT w2=1124
BUSY TASK ewma=997
DMA IRQ c0=2
DMA IRQ c1=0
DMA IRQ c2=0
DMA IRQ c3=0
SELECT busy=1961
SELECT w0=1916
SELECT w1=1158
SELECT w2=1140
BUSY TASK ewma=997
DMA IRQ c0=2
DMA IRQ c1=0
DMA IRQ c2=0
DMA IRQ c3=0
SELECT busy=1985
SELECT w0=1940
SELECT w1=1176
SELECT w2=1157
BUSY TASK ewma=997
DMA IRQ c0=2
DMA IRQ c1=0
DMA IRQ c2=0
DMA IRQ c3=0
SELECT busy=2014
SELECT w0=1968
SELECT w1=1188
SELECT w2=1174
BUSY TASK ewma=997
DMA IRQ c0=2
DMA IRQ c1=0
DMA IRQ c2=0
DMA IRQ c3=0
SELECT busy=2037
SELECT w0=1992
SELECT w1=1195
SELECT w2=1181
BUSY TASK ewma=997
DMA IRQ c0=2
DMA IRQ c1=0
DMA IRQ c2=0
DMA IRQ c3=0
SELECT busy=2057
SELECT w0=2011
SELECT w1=1204
SELECT w2=1190
BUSY TASK ewma=997
DMA IRQ c0=2
DMA IRQ c1=0
DMA IRQ c2=0
DMA IRQ c3=0
SELECT busy=2078
SELECT w0=2032
SELECT w1=1218
SELECT w2=1205
BUSY TASK ewma=997
DMA IRQ c0=2
DMA IRQ c1=0
DMA IRQ c2=0
DMA IRQ c3=0
SELECT busy=2100
SELECT w0=2054
SELECT w1=1228
SELECT w2=1218
BUSY TASK ewma=997
DMA IRQ c0=2
DMA IRQ c1=0
DMA IRQ c2=0
DMA IRQ c3=0
SELECT busy=2120
SELECT w0=2074
SELECT w1=1241
SELECT w2=1235
BUSY TASK ewma=997
DMA IRQ c0=2
DMA IRQ c1=0
DMA IRQ c2=0
DMA IRQ c3=0
SELECT busy=2134
SELECT w0=2088
SELECT w1=1249
SELECT w2=1246
BUSY TASK ewma=997
DMA IRQ c0=2
DMA IRQ c1=0
DMA IRQ c2=0
DMA IRQ c3=0
SELECT busy=2157
SELECT w0=2111
SELECT w1=1259
SELECT w2=1254
BUSY TASK ewma=997
DMA IRQ c0=2
DMA IRQ c1=0
DMA IRQ c2=0
DMA IRQ c3=0
SELECT busy=2178
SELECT w0=2132
SELECT w1=1269
SELECT w2=1265
BUSY TASK ewma=997
DMA IRQ c0=2
DMA IRQ c1=0
DMA IRQ c2=0
DMA IRQ c3=0
SELECT busy=2201
SELECT w0=2155
SELECT w1=1280
SELECT w2=1275
BUSY TASK ewma=997
DMA IRQ c0=2
DMA IRQ c1=0
DMA IRQ c2=0
DMA IRQ c3=0
SELECT busy=2217
SELECT w0=2171
SELECT w1=1288
SELECT w2=1283
BUSY TASK ewma=997
DMA IRQ c0=2
DMA IRQ c1=0
DMA IRQ c2=0
DMA IRQ c3=0
SELECT busy=2233
SELECT w0=2187
SELECT w1=1297
SELECT w2=1291
BUSY TASK ewma=997
DMA IRQ c0=2
DMA IRQ c1=0
DMA IRQ c2=0
DMA IRQ c3=0
SELECT busy=2254
SELECT w0=2209
SELECT w1=1312
SELECT w2=1303
BUSY TASK ewma=997
DMA IRQ c0=2
DMA IRQ c1=0
DMA IRQ c2=0
DMA IRQ c3=0
SELECT busy=2279
SELECT w0=2233
SELECT w1=1323
SELECT w2=1317
BUSY TASK ewma=997
DMA IRQ c0=2
DMA IRQ c1=0
DMA IRQ c2=0
DMA IRQ c3=0
SELECT busy=2315
SELECT w0=2269
SELECT w1=1340
SELECT w2=1333
BUSY TASK ewma=997
DMA IRQ c0=2
DMA IRQ c1=0
DMA IRQ c2=0
DMA IRQ c3=0
SELECT busy=2338
SELECT w0=2293
SELECT w1=1354
SELECT w2=1346
BUSY TASK ewma=997
DMA IRQ c0=2
DMA IRQ c1=0
DMA IRQ c2=0
DMA IRQ c3=0
SELECT busy=2370
SELECT w0=2324
SELECT w1=1371
SELECT w2=1363
BUSY TASK ewma=997
DMA IRQ c0=2
DMA IRQ c1=0
DMA IRQ c2=0
DMA IRQ c3=0
SELECT busy=2415
SELECT w0=2370
SELECT w1=1407
SELECT w2=1389
BUSY TASK ewma=997
DMA IRQ c0=2
DMA IRQ c1=0
DMA IRQ c2=0
DMA IRQ c3=0
SELECT busy=2436
SELECT w0=2391
SELECT w1=1418
SELECT w2=1400
BUSY TASK ewma=997
DMA IRQ c0=2
DMA IRQ c1=0
DMA IRQ c2=0
DMA IRQ c3=0
SELECT busy=2458
SELECT w0=2413
SELECT w1=1430
SELECT w2=1409
BUSY TASK ewma=997
DMA IRQ c0=2
DMA IRQ c1=0
DMA IRQ c2=0
DMA IRQ c3=0
SELECT busy=2483
SELECT w0=2438
SELECT w1=1440
SELECT w2=1423
BUSY TASK ewma=997
DMA IRQ c0=2
DMA IRQ c1=0
DMA IRQ c2=0
DMA IRQ c3=0
SELECT busy=2515
SELECT w0=2469
SELECT w1=1456
SELECT w2=1438
BUSY TASK ewma=997
DMA IRQ c0=2
DMA IRQ c1=0
DMA IRQ c2=0
DMA IRQ c3=0
SELECT busy=2551
SELECT w0=2506
SELECT w1=1477
SELECT w2=1460
BUSY TASK ewma=997
DMA IRQ c0=2
DMA IRQ c1=0
DMA IRQ c2=0
DMA IRQ c3=0
SELECT busy=2582
SELECT w0=2536
SELECT w1=1494
SELECT w2=1478
BUSY TASK ewma=997
DMA IRQ c0=2
DMA IRQ c1=0
DMA IRQ c2=0
DMA IRQ c3=0
SELECT busy=2611
SELECT w0=2567
SELECT w1=1509
SELECT w2=1495
BUSY TASK ewma=997
DMA IRQ c0=2
DMA IRQ c1=0
DMA IRQ c2=0
DMA IRQ c3=0
SELECT busy=2639
SELECT w0=2594
SELECT w1=1524
SELECT w2=1512
BUSY TASK ewma=997
DMA IRQ c0=2
DMA IRQ c1=0
DMA IRQ c2=0
DMA IRQ c3=0
SELECT busy=2652
SELECT w0=2606
SELECT w1=1531
SELECT w2=1517
BUSY TASK ewma=997
DMA IRQ c0=2
DMA IRQ c1=0
DMA IRQ c2=0
DMA IRQ c3=0
SELECT busy=2672
SELECT w0=2628
SELECT w1=1551
SELECT w2=1533
BUSY TASK ewma=997
DMA IRQ c0=2
DMA IRQ c1=0
DMA IRQ c2=0
DMA IRQ c3=0
SELECT busy=2697
SELECT w0=2652
SELECT w1=1563
SELECT w2=1544
BUSY TASK ewma=997
DMA IRQ c0=2
DMA IRQ c1=0
DMA IRQ c2=0
DMA IRQ c3=0
SELECT busy=2716
SELECT w0=2670
SELECT w1=1571
SELECT w2=1554
BUSY TASK ewma=997
DMA IRQ c0=2
DMA IRQ c1=0
DMA IRQ c2=0
DMA IRQ c3=0
SELECT busy=2739
SELECT w0=2693
SELECT w1=1586
SELECT w2=1565
BUSY TASK ewma=997
DMA IRQ c0=2
DMA IRQ c1=0
DMA IRQ c2=0
DMA IRQ c3=0
SELECT busy=2774
SELECT w0=2728
SELECT w1=1606
SELECT w2=1585
BUSY TASK ewma=997
DMA IRQ c0=2
DMA IRQ c1=0
DMA IRQ c2=0
DMA IRQ c3=0
SELECT busy=2807
SELECT w0=2761
SELECT w1=1624
SELECT w2=1604
BUSY TASK ewma=997
DMA IRQ c0=2
DMA IRQ c1=0
DMA IRQ c2=0
DMA IRQ c3=0
SELECT busy=2840
SELECT w0=2795
SELECT w1=1641
SELECT w2=1624
BUSY TASK ewma=997
DMA IRQ c0=2
DMA IRQ c1=0
DMA IRQ c2=0
DMA IRQ c3=0
SELECT busy=2880
SELECT w0=2834
SELECT w1=1663
SELECT w2=1648
BUSY TASK ewma=997
DMA IRQ c0=2
DMA IRQ c1=0
DMA IRQ c2=0
DMA IRQ c3=0
SELECT busy=2907
SELECT w0=2862
SELECT w1=1676
SELECT w2=1664
BUSY TASK ewma=997
DMA IRQ c0=2
DMA IRQ c1=0
DMA IRQ c2=0
DMA IRQ c3=0
SELECT busy=2942
SELECT w0=2897
SELECT w1=1699
SELECT w2=1686
BUSY TASK ewma=997
DMA IRQ c0=2
DMA IRQ c1=0
DMA IRQ c2=0
DMA IRQ c3=0
SELECT busy=2970
SELECT w0=2926
SELECT w1=1712
SELECT w2=1701
BUSY TASK ewma=997
DMA IRQ c0=2
DMA IRQ c1=0
DMA IRQ c2=0
DMA IRQ c3=0
SELECT busy=3001
SELECT w0=2956
SELECT w1=1724
SELECT w2=1714
BUSY TASK ewma=997
DMA IRQ c0=2
DMA IRQ c1=0
DMA IRQ c2=0
DMA IRQ c3=0
SELECT busy=3022
SELECT w0=2976
SELECT w1=1735
SELECT w2=1723
BUSY TASK ewma=997
DMA IRQ c0=2
DMA IRQ c1=0
DMA IRQ c2=0
DMA IRQ c3=0
SELECT busy=3039
SELECT w0=2994
SELECT w1=1745
SELECT w2=1732
BUSY TASK ewma=997
DMA IRQ c0=2
DMA IRQ c1=0
DMA IRQ c2=0
DMA IRQ c3=0
SELECT busy=3060
SELECT w0=3015
SELECT w1=1756
SELECT w2=1744
BUSY TASK ewma=997
IRQ counts: cpu0=6133 cpu1=6900 cpu2=6964 cpu3=6965
SCHED secondaries: calls=20829 unexpected=0
SECTEST switches=20785 cpu1=73683045,67982018 cpu2=58203402,58528047 cpu3=84683136,78959225
PINGPONG rounds=1296 pongs=1296
DMA IRQ c0=2
DMA IRQ c1=0
DMA IRQ c2=0
DMA IRQ c3=0
SELECT busy=3092
SELECT w0=3046
SELECT w1=1772
SELECT w2=1759
BUSY TASK ewma=997
DMA IRQ c0=2
DMA IRQ c1=0
DMA IRQ c2=0
DMA IRQ c3=0
SELECT busy=3128
SELECT w0=3083
SELECT w1=1793
SELECT w2=1777
BUSY TASK ewma=997
DMA IRQ c0=2
DMA IRQ c1=0
DMA IRQ c2=0
DMA IRQ c3=0
SELECT busy=3165
SELECT w0=3120
SELECT w1=1813
SELECT w2=1795
BUSY TASK ewma=997
DMA IRQ c0=2
DMA IRQ c1=0
DMA IRQ c2=0
DMA IRQ c3=0
SELECT busy=3197
SELECT w0=3153
SELECT w1=1830
SELECT w2=1813
BUSY TASK ewma=997
DMA IRQ c0=2
DMA IRQ c1=0
DMA IRQ c2=0
DMA IRQ c3=0
SELECT busy=3229
SELECT w0=3184
SELECT w1=1848
SELECT w2=1830
BUSY TASK ewma=997
DMA IRQ c0=2
DMA IRQ c1=0
DMA IRQ c2=0
DMA IRQ c3=0
SELECT busy=3254
SELECT w0=3209
SELECT w1=1862
SELECT w2=1842
BUSY TASK ewma=997
DMA IRQ c0=2
DMA IRQ c1=0
DMA IRQ c2=0
DMA IRQ c3=0
SELECT busy=3278
SELECT w0=3237
SELECT w1=1885
SELECT w2=1859
BUSY TASK ewma=997
DMA IRQ c0=2
DMA IRQ c1=0
DMA IRQ c2=0
DMA IRQ c3=0
SELECT busy=3304
SELECT w0=3258
SELECT w1=1898
SELECT w2=1868
BUSY TASK ewma=997
DMA IRQ c0=2
DMA IRQ c1=0
DMA IRQ c2=0
DMA IRQ c3=0
SELECT busy=3331
SELECT w0=3285
SELECT w1=1914
SELECT w2=1883
BUSY TASK ewma=997
DMA IRQ c0=2
DMA IRQ c1=0
DMA IRQ c2=0
DMA IRQ c3=0
SELECT busy=3349
SELECT w0=3304
SELECT w1=1930
SELECT w2=1895
BUSY TASK ewma=997
DMA IRQ c0=2
DMA IRQ c1=0
DMA IRQ c2=0
DMA IRQ c3=0
SELECT busy=3373
SELECT w0=3328
SELECT w1=1943
SELECT w2=1908
BUSY TASK ewma=997
DMA IRQ c0=2
DMA IRQ c1=0
DMA IRQ c2=0
DMA IRQ c3=0
SELECT busy=3393
SELECT w0=3347
SELECT w1=1952
SELECT w2=1920
BUSY TASK ewma=997
DMA IRQ c0=2
DMA IRQ c1=0
DMA IRQ c2=0
DMA IRQ c3=0
SELECT busy=3410
SELECT w0=3365
SELECT w1=1962
SELECT w2=1928
BUSY TASK ewma=997
DMA IRQ c0=2
DMA IRQ c1=0
DMA IRQ c2=0
DMA IRQ c3=0
SELECT busy=3427
SELECT w0=3383
SELECT w1=1973
SELECT w2=1939
BUSY TASK ewma=997
DMA IRQ c0=2
DMA IRQ c1=0
DMA IRQ c2=0
DMA IRQ c3=0
SELECT busy=3450
SELECT w0=3405
SELECT w1=1984
SELECT w2=1953
BUSY TASK ewma=997
DMA IRQ c0=2
DMA IRQ c1=0
DMA IRQ c2=0
DMA IRQ c3=0
SELECT busy=3491
SELECT w0=3446
SELECT w1=2009
SELECT w2=1972
BUSY TASK ewma=997
DMA IRQ c0=2
DMA IRQ c1=0
DMA IRQ c2=0
DMA IRQ c3=0
SELECT busy=3522
SELECT w0=3477
SELECT w1=2021
SELECT w2=1988
BUSY TASK ewma=997
DMA IRQ c0=2
DMA IRQ c1=0
DMA IRQ c2=0
DMA IRQ c3=0
SELECT busy=3544
SELECT w0=3499
SELECT w1=2034
SELECT w2=2000
BUSY TASK ewma=997
DMA IRQ c0=2
DMA IRQ c1=0
DMA IRQ c2=0
DMA IRQ c3=0
SELECT busy=3560
SELECT w0=3515
SELECT w1=2044
SELECT w2=2010
BUSY TASK ewma=997
DMA IRQ c0=2
DMA IRQ c1=0
DMA IRQ c2=0
DMA IRQ c3=0
SELECT busy=3577
SELECT w0=3532
SELECT w1=2053
SELECT w2=2021
BUSY TASK ewma=997
DMA IRQ c0=2
DMA IRQ c1=0
DMA IRQ c2=0
DMA IRQ c3=0
SELECT busy=3591
SELECT w0=3545
SELECT w1=2061
SELECT w2=2027
BUSY TASK ewma=997
DMA IRQ c0=2
DMA IRQ c1=0
DMA IRQ c2=0
DMA IRQ c3=0
SELECT busy=3605
SELECT w0=3559
SELECT w1=2068
SELECT w2=2033
BUSY TASK ewma=997
DMA IRQ c0=2
DMA IRQ c1=0
DMA IRQ c2=0
DMA IRQ c3=0
SELECT busy=3626
SELECT w0=3581
SELECT w1=2078
SELECT w2=2044
BUSY TASK ewma=997
DMA IRQ c0=2
DMA IRQ c1=0
DMA IRQ c2=0
DMA IRQ c3=0
SELECT busy=3647
SELECT w0=3601
SELECT w1=2091
SELECT w2=2055
BUSY TASK ewma=997
DMA IRQ c0=2
DMA IRQ c1=0
DMA IRQ c2=0
DMA IRQ c3=0
SELECT busy=3663
SELECT w0=3617
SELECT w1=2097
SELECT w2=2063
BUSY TASK ewma=997
DMA IRQ c0=2
DMA IRQ c1=0
DMA IRQ c2=0
DMA IRQ c3=0
SELECT busy=3679
SELECT w0=3634
SELECT w1=2106
SELECT w2=2072
BUSY TASK ewma=997
DMA IRQ c0=2
DMA IRQ c1=0
DMA IRQ c2=0
DMA IRQ c3=0
SELECT busy=3695
SELECT w0=3650
SELECT w1=2117
SELECT w2=2084
BUSY TASK ewma=997
DMA IRQ c0=2
DMA IRQ c1=0
DMA IRQ c2=0
DMA IRQ c3=0
SELECT busy=3717
SELECT w0=3671
SELECT w1=2123
SELECT w2=2090
BUSY TASK ewma=997
DMA IRQ c0=2
DMA IRQ c1=0
DMA IRQ c2=0
DMA IRQ c3=0
SELECT busy=3736
SELECT w0=3690
SELECT w1=2135
SELECT w2=2103
BUSY TASK ewma=997
DMA IRQ c0=2
DMA IRQ c1=0
DMA IRQ c2=0
DMA IRQ c3=0
SELECT busy=3759
SELECT w0=3715
SELECT w1=2150
SELECT w2=2122
BUSY TASK ewma=997
DMA IRQ c0=2
DMA IRQ c1=0
DMA IRQ c2=0
DMA IRQ c3=0
SELECT busy=3787
SELECT w0=3741
SELECT w1=2165
SELECT w2=2136
BUSY TASK ewma=997
DMA IRQ c0=2
DMA IRQ c1=0
DMA IRQ c2=0
DMA IRQ c3=0
SELECT busy=3803
SELECT w0=3758
SELECT w1=2174
SELECT w2=2145
BUSY TASK ewma=997
DMA IRQ c0=2
DMA IRQ c1=0
DMA IRQ c2=0
DMA IRQ c3=0
SELECT busy=3825
SELECT w0=3779
SELECT w1=2185
SELECT w2=2156
BUSY TASK ewma=997
DMA IRQ c0=2
DMA IRQ c1=0
DMA IRQ c2=0
DMA IRQ c3=0
SELECT busy=3843
SELECT w0=3798
SELECT w1=2196
SELECT w2=2170
BUSY TASK ewma=997
DMA IRQ c0=2
DMA IRQ c1=0
DMA IRQ c2=0
DMA IRQ c3=0
SELECT busy=3860
SELECT w0=3816
SELECT w1=2207
SELECT w2=2180
BUSY TASK ewma=997
DMA IRQ c0=2
DMA IRQ c1=0
DMA IRQ c2=0
DMA IRQ c3=0
SELECT busy=3887
SELECT w0=3842
SELECT w1=2223
SELECT w2=2197
BUSY TASK ewma=997
DMA IRQ c0=2
DMA IRQ c1=0
DMA IRQ c2=0
DMA IRQ c3=0
SELECT busy=3908
SELECT w0=3862
SELECT w1=2237
SELECT w2=2211
BUSY TASK ewma=997
DMA IRQ c0=2
DMA IRQ c1=0
DMA IRQ c2=0
DMA IRQ c3=0
SELECT busy=3925
SELECT w0=3880
SELECT w1=2251
SELECT w2=2230
BUSY TASK ewma=997
DMA IRQ c0=2
DMA IRQ c1=0
DMA IRQ c2=0
DMA IRQ c3=0
SELECT busy=3954
SELECT w0=3909
SELECT w1=2270
SELECT w2=2245
BUSY TASK ewma=997
DMA IRQ c0=2
DMA IRQ c1=0
DMA IRQ c2=0
DMA IRQ c3=0
SELECT busy=3975
SELECT w0=3929
SELECT w1=2280
SELECT w2=2257
BUSY TASK ewma=997
DMA IRQ c0=2
DMA IRQ c1=0
DMA IRQ c2=0
DMA IRQ c3=0
SELECT busy=4014
SELECT w0=3968
SELECT w1=2298
SELECT w2=2277
BUSY TASK ewma=997
DMA IRQ c0=2
DMA IRQ c1=0
DMA IRQ c2=0
DMA IRQ c3=0
SELECT busy=4035
SELECT w0=3989
SELECT w1=2308
SELECT w2=2287
BUSY TASK ewma=997
DMA IRQ c0=2
DMA IRQ c1=0
DMA IRQ c2=0
DMA IRQ c3=0
SELECT busy=4054
SELECT w0=4008
SELECT w1=2318
SELECT w2=2296
BUSY TASK ewma=997
DMA IRQ c0=2
DMA IRQ c1=0
DMA IRQ c2=0
DMA IRQ c3=0
SELECT busy=4073
SELECT w0=4027
SELECT w1=2325
SELECT w2=2305
BUSY TASK ewma=997
DMA IRQ c0=2
DMA IRQ c1=0
DMA IRQ c2=0
DMA IRQ c3=0
SELECT busy=4087
SELECT w0=4043
SELECT w1=2333
SELECT w2=2316
BUSY TASK ewma=997
DMA IRQ c0=2
DMA IRQ c1=0
DMA IRQ c2=0
DMA IRQ c3=0
SELECT busy=4108
SELECT w0=4063
SELECT w1=2346
SELECT w2=2331
BUSY TASK ewma=997
DMA IRQ c0=2
DMA IRQ c1=0
DMA IRQ c2=0
DMA IRQ c3=0
SELECT busy=4130
SELECT w0=4084
SELECT w1=2362
SELECT w2=2346
BUSY TASK ewma=997
DMA IRQ c0=2
DMA IRQ c1=0
DMA IRQ c2=0
DMA IRQ c3=0
SELECT busy=4154
SELECT w0=4109
SELECT w1=2375
SELECT w2=2360
BUSY TASK ewma=997
DMA IRQ c0=2
DMA IRQ c1=0
DMA IRQ c2=0
DMA IRQ c3=0
SELECT busy=4183
SELECT w0=4137
SELECT w1=2393
SELECT w2=2378
BUSY TASK ewma=997
DMA IRQ c0=2
DMA IRQ c1=0
DMA IRQ c2=0
DMA IRQ c3=0
SELECT busy=4202
SELECT w0=4156
SELECT w1=2401
SELECT w2=2385
BUSY TASK ewma=997
DMA IRQ c0=2
DMA IRQ c1=0
DMA IRQ c2=0
DMA IRQ c3=0
SELECT busy=4225
SELECT w0=4181
SELECT w1=2415
SELECT w2=2403
BUSY TASK ewma=997
DMA IRQ c0=2
DMA IRQ c1=0
DMA IRQ c2=0
DMA IRQ c3=0
SELECT busy=4256
SELECT w0=4210
SELECT w1=2429
SELECT w2=2418
BUSY TASK ewma=997
DMA IRQ c0=2
DMA IRQ c1=0
DMA IRQ c2=0
DMA IRQ c3=0
SELECT busy=4277
SELECT w0=4231
SELECT w1=2444
SELECT w2=2433
BUSY TASK ewma=997
DMA IRQ c0=2
DMA IRQ c1=0
DMA IRQ c2=0
DMA IRQ c3=0
SELECT busy=4302
SELECT w0=4257
SELECT w1=2459
SELECT w2=2446
BUSY TASK ewma=997
DMA IRQ c0=2
DMA IRQ c1=0
DMA IRQ c2=0
DMA IRQ c3=0
SELECT busy=4329
SELECT w0=4284
SELECT w1=2473
SELECT w2=2461
BUSY TASK ewma=997
DMA IRQ c0=2
DMA IRQ c1=0
DMA IRQ c2=0
DMA IRQ c3=0
SELECT busy=4349
SELECT w0=4303
SELECT w1=2482
SELECT w2=2470
BUSY TASK ewma=997
DMA IRQ c0=2
DMA IRQ c1=0
DMA IRQ c2=0
DMA IRQ c3=0
SELECT busy=4370
SELECT w0=4324
SELECT w1=2496
SELECT w2=2482
BUSY TASK ewma=997
DMA IRQ c0=2
DMA IRQ c1=0
DMA IRQ c2=0
DMA IRQ c3=0
SELECT busy=4405
SELECT w0=4360
SELECT w1=2520
SELECT w2=2501
BUSY TASK ewma=997
DMA IRQ c0=2
DMA IRQ c1=0
DMA IRQ c2=0
DMA IRQ c3=0
SELECT busy=4424
SELECT w0=4379
SELECT w1=2530
SELECT w2=2510
BUSY TASK ewma=997
DMA IRQ c0=2
DMA IRQ c1=0
DMA IRQ c2=0
DMA IRQ c3=0
SELECT busy=4445
SELECT w0=4399
SELECT w1=2538
SELECT w2=2518
BUSY TASK ewma=997
DMA IRQ c0=2
DMA IRQ c1=0
DMA IRQ c2=0
DMA IRQ c3=0
SELECT busy=4473
SELECT w0=4427
SELECT w1=2555
SELECT w2=2535
BUSY TASK ewma=997
DMA IRQ c0=2
DMA IRQ c1=0
DMA IRQ c2=0
DMA IRQ c3=0
SELECT busy=4494
SELECT w0=4452
SELECT w1=2571
SELECT w2=2551
BUSY TASK ewma=997
DMA IRQ c0=2
DMA IRQ c1=0
DMA IRQ c2=0
DMA IRQ c3=0
SELECT busy=4515
SELECT w0=4470
SELECT w1=2581
SELECT w2=2562
BUSY TASK ewma=997
DMA IRQ c0=2
DMA IRQ c1=0
DMA IRQ c2=0
DMA IRQ c3=0
SELECT busy=4542
SELECT w0=4496
SELECT w1=2598
SELECT w2=2575
BUSY TASK ewma=997
IRQ counts: cpu0=9069 cpu1=10288 cpu2=10332 cpu3=10462
SCHED secondaries: calls=31085 unexpected=0
SECTEST switches=31045 cpu1=115550058,106836874 cpu2=87551193,86405305 cpu3=129210403,119973551
PINGPONG rounds=1891 pongs=1893
DMA IRQ c0=2
DMA IRQ c1=0
DMA IRQ c2=0
DMA IRQ c3=0
SELECT busy=4575
SELECT w0=4532
SELECT w1=2616
SELECT w2=2594
BUSY TASK ewma=997
DMA IRQ c0=2
DMA IRQ c1=0
DMA IRQ c2=0
DMA IRQ c3=0
SELECT busy=4600
SELECT w0=4554
SELECT w1=2627
SELECT w2=2604
BUSY TASK ewma=997
DMA IRQ c0=2
DMA IRQ c1=0
DMA IRQ c2=0
DMA IRQ c3=0
SELECT busy=4620
SELECT w0=4574
SELECT w1=2636
SELECT w2=2613
BUSY TASK ewma=997
DMA IRQ c0=2
DMA IRQ c1=0
DMA IRQ c2=0
DMA IRQ c3=0
SELECT busy=4638
SELECT w0=4592
SELECT w1=2643
SELECT w2=2622
BUSY TASK ewma=997
DMA IRQ c0=2
DMA IRQ c1=0
DMA IRQ c2=0
DMA IRQ c3=0
SELECT busy=4657
SELECT w0=4612
SELECT w1=2656
SELECT w2=2634
BUSY TASK ewma=997
DMA IRQ c0=2
DMA IRQ c1=0
DMA IRQ c2=0
DMA IRQ c3=0
SELECT busy=4674
SELECT w0=4629
SELECT w1=2665
SELECT w2=2645
BUSY TASK ewma=997
DMA IRQ c0=2
DMA IRQ c1=0
DMA IRQ c2=0
DMA IRQ c3=0
SELECT busy=4693
SELECT w0=4647
SELECT w1=2675
SELECT w2=2653
BUSY TASK ewma=997
DMA IRQ c0=2
DMA IRQ c1=0
DMA IRQ c2=0
DMA IRQ c3=0
SELECT busy=4719
SELECT w0=4673
SELECT w1=2686
SELECT w2=2665
BUSY TASK ewma=997
DMA IRQ c0=2
DMA IRQ c1=0
DMA IRQ c2=0
DMA IRQ c3=0
SELECT busy=4765
SELECT w0=4720
SELECT w1=2715
SELECT w2=2695
BUSY TASK ewma=997
DMA IRQ c0=2
DMA IRQ c1=0
DMA IRQ c2=0
DMA IRQ c3=0
SELECT busy=4783
SELECT w0=4737
SELECT w1=2725
SELECT w2=2706
BUSY TASK ewma=997
DMA IRQ c0=2
DMA IRQ c1=0
DMA IRQ c2=0
DMA IRQ c3=0
SELECT busy=4806
SELECT w0=4760
SELECT w1=2737
SELECT w2=2715
BUSY TASK ewma=997
DMA IRQ c0=2
DMA IRQ c1=0
DMA IRQ c2=0
DMA IRQ c3=0
SELECT busy=4827
SELECT w0=4782
SELECT w1=2746
SELECT w2=2725
BUSY TASK ewma=997
DMA IRQ c0=2
DMA IRQ c1=0
DMA IRQ c2=0
DMA IRQ c3=0
SELECT busy=4845
SELECT w0=4801
SELECT w1=2756
SELECT w2=2735
BUSY TASK ewma=997
DMA IRQ c0=2
DMA IRQ c1=0
DMA IRQ c2=0
DMA IRQ c3=0
SELECT busy=4880
SELECT w0=4835
SELECT w1=2770
SELECT w2=2753
BUSY TASK ewma=997
DMA IRQ c0=2
DMA IRQ c1=0
DMA IRQ c2=0
DMA IRQ c3=0
SELECT busy=4924
SELECT w0=4879
SELECT w1=2790
SELECT w2=2776
BUSY TASK ewma=997
DMA IRQ c0=2
DMA IRQ c1=0
DMA IRQ c2=0
DMA IRQ c3=0
SELECT busy=4955
SELECT w0=4911
SELECT w1=2803
SELECT w2=2794
BUSY TASK ewma=997
DMA IRQ c0=2
DMA IRQ c1=0
DMA IRQ c2=0
DMA IRQ c3=0
SELECT busy=4981
SELECT w0=4936
SELECT w1=2814
SELECT w2=2809
BUSY TASK ewma=997
DMA IRQ c0=2
DMA IRQ c1=0
DMA IRQ c2=0
DMA IRQ c3=0
SELECT busy=5004
SELECT w0=4958
SELECT w1=2824
SELECT w2=2820
BUSY TASK ewma=997
DMA IRQ c0=2
DMA IRQ c1=0
DMA IRQ c2=0
DMA IRQ c3=0
SELECT busy=5025
SELECT w0=4979
SELECT w1=2835
SELECT w2=2837
BUSY TASK ewma=997
DMA IRQ c0=2
DMA IRQ c1=0
DMA IRQ c2=0
DMA IRQ c3=0
SELECT busy=5046
SELECT w0=5000
SELECT w1=2843
SELECT w2=2847
BUSY TASK ewma=997
DMA IRQ c0=2
DMA IRQ c1=0
DMA IRQ c2=0
DMA IRQ c3=0
SELECT busy=5067
SELECT w0=5022
SELECT w1=2853
SELECT w2=2861
BUSY TASK ewma=997
DMA IRQ c0=2
DMA IRQ c1=0
DMA IRQ c2=0
DMA IRQ c3=0
SELECT busy=5086
SELECT w0=5042
SELECT w1=2865
SELECT w2=2873
BUSY TASK ewma=997
DMA IRQ c0=2
DMA IRQ c1=0
DMA IRQ c2=0
DMA IRQ c3=0
SELECT busy=5109
SELECT w0=5064
SELECT w1=2878
SELECT w2=2886
BUSY TASK ewma=997
DMA IRQ c0=2
DMA IRQ c1=0
DMA IRQ c2=0
DMA IRQ c3=0
SELECT busy=5124
SELECT w0=5078
SELECT w1=2884
SELECT w2=2893
BUSY TASK ewma=997
DMA IRQ c0=2
DMA IRQ c1=0
DMA IRQ c2=0
DMA IRQ c3=0
SELECT busy=5144
SELECT w0=5098
SELECT w1=2891
SELECT w2=2902
BUSY TASK ewma=997
DMA IRQ c0=2
DMA IRQ c1=0
DMA IRQ c2=0
DMA IRQ c3=0
SELECT busy=5169
SELECT w0=5124
SELECT w1=2905
SELECT w2=2919
BUSY TASK ewma=997
DMA IRQ c0=2
DMA IRQ c1=0
DMA IRQ c2=0
DMA IRQ c3=0
SELECT busy=5189
SELECT w0=5143
SELECT w1=2917
SELECT w2=2930
BUSY TASK ewma=997
DMA IRQ c0=2
DMA IRQ c1=0
DMA IRQ c2=0
DMA IRQ c3=0
SELECT busy=5209
SELECT w0=5164
SELECT w1=2932
SELECT w2=2943
BUSY TASK ewma=997
DMA IRQ c0=2
DMA IRQ c1=0
DMA IRQ c2=0
DMA IRQ c3=0
SELECT busy=5228
SELECT w0=5183
SELECT w1=2940
SELECT w2=2953
BUSY TASK ewma=997
DMA IRQ c0=2
DMA IRQ c1=0
DMA IRQ c2=0
DMA IRQ c3=0
SELECT busy=5241
SELECT w0=5195
SELECT w1=2947
SELECT w2=2961
BUSY TASK ewma=997
DMA IRQ c0=2
DMA IRQ c1=0
DMA IRQ c2=0
DMA IRQ c3=0
SELECT busy=5267
SELECT w0=5224
SELECT w1=2962
SELECT w2=2981
BUSY TASK ewma=997
DMA IRQ c0=2
DMA IRQ c1=0
DMA IRQ c2=0
DMA IRQ c3=0
SELECT busy=5295
SELECT w0=5250
SELECT w1=2977
SELECT w2=2999
BUSY TASK ewma=997
DMA IRQ c0=2
DMA IRQ c1=0
DMA IRQ c2=0
DMA IRQ c3=0
SELECT busy=5312
SELECT w0=5267
SELECT w1=2987
SELECT w2=3018
BUSY TASK ewma=997
DMA IRQ c0=2
DMA IRQ c1=0
DMA IRQ c2=0
DMA IRQ c3=0
SELECT busy=5334
SELECT w0=5289
SELECT w1=2998
SELECT w2=3035
BUSY TASK ewma=997
DMA IRQ c0=2
DMA IRQ c1=0
DMA IRQ c2=0
DMA IRQ c3=0
SELECT busy=5356
SELECT w0=5310
SELECT w1=3008
SELECT w2=3050
BUSY TASK ewma=997
DMA IRQ c0=2
DMA IRQ c1=0
DMA IRQ c2=0
DMA IRQ c3=0
SELECT busy=5383
SELECT w0=5338
SELECT w1=3021
SELECT w2=3067
BUSY TASK ewma=997
DMA IRQ c0=2
DMA IRQ c1=0
DMA IRQ c2=0
DMA IRQ c3=0
SELECT busy=5401
SELECT w0=5356
SELECT w1=3028
SELECT w2=3075
BUSY TASK ewma=997
DMA IRQ c0=2
DMA IRQ c1=0
DMA IRQ c2=0
DMA IRQ c3=0
SELECT busy=5419
SELECT w0=5374
SELECT w1=3039
SELECT w2=3088
BUSY TASK ewma=997
DMA IRQ c0=2
DMA IRQ c1=0
DMA IRQ c2=0
DMA IRQ c3=0
SELECT busy=5443
SELECT w0=5398
SELECT w1=3058
SELECT w2=3108
BUSY TASK ewma=997
DMA IRQ c0=2
DMA IRQ c1=0
DMA IRQ c2=0
DMA IRQ c3=0
SELECT busy=5472
SELECT w0=5426
SELECT w1=3072
SELECT w2=3122
BUSY TASK ewma=997
DMA IRQ c0=2
DMA IRQ c1=0
DMA IRQ c2=0
DMA IRQ c3=0
SELECT busy=5486
SELECT w0=5441
SELECT w1=3081
SELECT w2=3131
BUSY TASK ewma=997
DMA IRQ c0=2
DMA IRQ c1=0
DMA IRQ c2=0
DMA IRQ c3=0
SELECT busy=5504
SELECT w0=5458
SELECT w1=3090
SELECT w2=3140
BUSY TASK ewma=997
DMA IRQ c0=2
DMA IRQ c1=0
DMA IRQ c2=0
DMA IRQ c3=0
SELECT busy=5525
SELECT w0=5480
SELECT w1=3099
SELECT w2=3154
BUSY TASK ewma=997
DMA IRQ c0=2
DMA IRQ c1=0
DMA IRQ c2=0
DMA IRQ c3=0
SELECT busy=5545
SELECT w0=5499
SELECT w1=3105
SELECT w2=3163
BUSY TASK ewma=997
DMA IRQ c0=2
DMA IRQ c1=0
DMA IRQ c2=0
DMA IRQ c3=0
SELECT busy=5563
SELECT w0=5518
SELECT w1=3112
SELECT w2=3173
BUSY TASK ewma=997
DMA IRQ c0=2
DMA IRQ c1=0
DMA IRQ c2=0
DMA IRQ c3=0
SELECT busy=5582
SELECT w0=5538
SELECT w1=3116
SELECT w2=3179
BUSY TASK ewma=997
DMA IRQ c0=2
DMA IRQ c1=0
DMA IRQ c2=0
DMA IRQ c3=0
SELECT busy=5603
SELECT w0=5557
SELECT w1=3125
SELECT w2=3189
BUSY TASK ewma=997
DMA IRQ c0=2
DMA IRQ c1=0
DMA IRQ c2=0
DMA IRQ c3=0
SELECT busy=5625
SELECT w0=5580
SELECT w1=3139
SELECT w2=3205
BUSY TASK ewma=997
DMA IRQ c0=2
DMA IRQ c1=0
DMA IRQ c2=0
DMA IRQ c3=0
SELECT busy=5648
SELECT w0=5602
SELECT w1=3148
SELECT w2=3217
BUSY TASK ewma=997
DMA IRQ c0=2
DMA IRQ c1=0
DMA IRQ c2=0
DMA IRQ c3=0
SELECT busy=5667
SELECT w0=5622
SELECT w1=3156
SELECT w2=3226
BUSY TASK ewma=997
DMA IRQ c0=2
DMA IRQ c1=0
DMA IRQ c2=0
DMA IRQ c3=0
SELECT busy=5690
SELECT w0=5644
SELECT w1=3165
SELECT w2=3236
BUSY TASK ewma=997
DMA IRQ c0=2
DMA IRQ c1=0
DMA IRQ c2=0
DMA IRQ c3=0
SELECT busy=5712
SELECT w0=5666
SELECT w1=3173
SELECT w2=3247
BUSY TASK ewma=997
DMA IRQ c0=2
DMA IRQ c1=0
DMA IRQ c2=0
DMA IRQ c3=0
SELECT busy=5734
SELECT w0=5688
SELECT w1=3182
SELECT w2=3257
BUSY TASK ewma=997
DMA IRQ c0=2
DMA IRQ c1=0
DMA IRQ c2=0
DMA IRQ c3=0
SELECT busy=5753
SELECT w0=5707
SELECT w1=3190
SELECT w2=3266
BUSY TASK ewma=997
DMA IRQ c0=2
DMA IRQ c1=0
DMA IRQ c2=0
DMA IRQ c3=0
SELECT busy=5775
SELECT w0=5729
SELECT w1=3199
SELECT w2=3277
BUSY TASK ewma=997
DMA IRQ c0=2
DMA IRQ c1=0
DMA IRQ c2=0
DMA IRQ c3=0
SELECT busy=5794
SELECT w0=5748
SELECT w1=3207
SELECT w2=3286
BUSY TASK ewma=997
DMA IRQ c0=2
DMA IRQ c1=0
DMA IRQ c2=0
DMA IRQ c3=0
SELECT busy=5813
SELECT w0=5767
SELECT w1=3215
SELECT w2=3295
BUSY TASK ewma=997
DMA IRQ c0=2
DMA IRQ c1=0
DMA IRQ c2=0
DMA IRQ c3=0
SELECT busy=5824
SELECT w0=5778
SELECT w1=3220
SELECT w2=3301
BUSY TASK ewma=997
DMA IRQ c0=2
DMA IRQ c1=0
DMA IRQ c2=0
DMA IRQ c3=0
SELECT busy=5840
SELECT w0=5795
SELECT w1=3229
SELECT w2=3311
BUSY TASK ewma=997
DMA IRQ c0=2
DMA IRQ c1=0
DMA IRQ c2=0
DMA IRQ c3=0
SELECT busy=5864
SELECT w0=5819
SELECT w1=3238
SELECT w2=3326
BUSY TASK ewma=997
DMA IRQ c0=2
DMA IRQ c1=0
DMA IRQ c2=0
DMA IRQ c3=0
SELECT busy=5894
SELECT w0=5848
SELECT w1=3250
SELECT w2=3340
BUSY TASK ewma=997
DMA IRQ c0=2
DMA IRQ c1=0
DMA IRQ c2=0
DMA IRQ c3=0
SELECT busy=5920
SELECT w0=5874
SELECT w1=3261
SELECT w2=3352
BUSY TASK ewma=997
DMA IRQ c0=2
DMA IRQ c1=0
DMA IRQ c2=0
DMA IRQ c3=0
SELECT busy=5945
SELECT w0=5899
SELECT w1=3270
SELECT w2=3362
BUSY TASK ewma=997
DMA IRQ c0=2
DMA IRQ c1=0
DMA IRQ c2=0
DMA IRQ c3=0
SELECT busy=5962
SELECT w0=5917
SELECT w1=3278
SELECT w2=3372
BUSY TASK ewma=997
IRQ counts: cpu0=11909 cpu1=13552 cpu2=13536 cpu3=13706
SCHED secondaries: calls=40794 unexpected=0
SECTEST switches=40756 cpu1=147491662,137531477 cpu2=116329180,116204820 cpu3=172384777,162022096
PINGPONG rounds=2000 pongs=2000
DMA IRQ c0=2
DMA IRQ c1=0
DMA IRQ c2=0
DMA IRQ c3=0
SELECT busy=5983
SELECT w0=5937
SELECT w1=3287
SELECT w2=3384
BUSY TASK ewma=997
DMA IRQ c0=2
DMA IRQ c1=0
DMA IRQ c2=0
DMA IRQ c3=0
SELECT busy=6003
SELECT w0=5957
SELECT w1=3296
SELECT w2=3394
BUSY TASK ewma=997
DMA IRQ c0=2
DMA IRQ c1=0
DMA IRQ c2=0
DMA IRQ c3=0
SELECT busy=6022
SELECT w0=5976
SELECT w1=3304
SELECT w2=3403
BUSY TASK ewma=997
DMA IRQ c0=2
DMA IRQ c1=0
DMA IRQ c2=0
DMA IRQ c3=0
SELECT busy=6037
SELECT w0=5991
SELECT w1=3310
SELECT w2=3409
BUSY TASK ewma=997
DMA IRQ c0=2
DMA IRQ c1=0
DMA IRQ c2=0
DMA IRQ c3=0
SELECT busy=6052
SELECT w0=6006
SELECT w1=3317
SELECT w2=3419
BUSY TASK ewma=997
DMA IRQ c0=2
DMA IRQ c1=0
DMA IRQ c2=0
DMA IRQ c3=0
SELECT busy=6076
SELECT w0=6031
SELECT w1=3328
SELECT w2=3432
BUSY TASK ewma=997
DMA IRQ c0=2
DMA IRQ c1=0
DMA IRQ c2=0
DMA IRQ c3=0
SELECT busy=6111
SELECT w0=6065
SELECT w1=3340
SELECT w2=3447
BUSY TASK ewma=997
DMA IRQ c0=2
DMA IRQ c1=0
DMA IRQ c2=0
DMA IRQ c3=0
SELECT busy=6127
SELECT w0=6081
SELECT w1=3345
SELECT w2=3454
BUSY TASK ewma=997
DMA IRQ c0=2
DMA IRQ c1=0
DMA IRQ c2=0
DMA IRQ c3=0
SELECT busy=6151
SELECT w0=6106
SELECT w1=3355
SELECT w2=3465
BUSY TASK ewma=997
DMA IRQ c0=2
DMA IRQ c1=0
DMA IRQ c2=0
DMA IRQ c3=0
SELECT busy=6177
SELECT w0=6131
SELECT w1=3363
SELECT w2=3478
BUSY TASK ewma=997
DMA IRQ c0=2
DMA IRQ c1=0
DMA IRQ c2=0
DMA IRQ c3=0
SELECT busy=6215
SELECT w0=6169
SELECT w1=3377
SELECT w2=3499
BUSY TASK ewma=997
DMA IRQ c0=2
DMA IRQ c1=0
DMA IRQ c2=0
DMA IRQ c3=0
SELECT busy=6258
SELECT w0=6212
SELECT w1=3395
SELECT w2=3518
BUSY TASK ewma=997
DMA IRQ c0=2
DMA IRQ c1=0
DMA IRQ c2=0
DMA IRQ c3=0
SELECT busy=6293
SELECT w0=6248
SELECT w1=3409
SELECT w2=3537
BUSY TASK ewma=997
DMA IRQ c0=2
DMA IRQ c1=0
DMA IRQ c2=0
DMA IRQ c3=0
SELECT busy=6322
SELECT w0=6277
SELECT w1=3418
SELECT w2=3552
BUSY TASK ewma=997
DMA IRQ c0=2
DMA IRQ c1=0
DMA IRQ c2=0
DMA IRQ c3=0
SELECT busy=6345
SELECT w0=6300
SELECT w1=3427
SELECT w2=3570
BUSY TASK ewma=997
DMA IRQ c0=2
DMA IRQ c1=0
DMA IRQ c2=0
DMA IRQ c3=0
SELECT busy=6365
SELECT w0=6320
SELECT w1=3438
SELECT w2=3590
BUSY TASK ewma=997
DMA IRQ c0=2
DMA IRQ c1=0
DMA IRQ c2=0
DMA IRQ c3=0
SELECT busy=6389
SELECT w0=6344
SELECT w1=3449
SELECT w2=3604
BUSY TASK ewma=997
DMA IRQ c0=2
DMA IRQ c1=0
DMA IRQ c2=0
DMA IRQ c3=0
SELECT busy=6406
SELECT w0=6360
SELECT w1=3456
SELECT w2=3615
BUSY TASK ewma=997
DMA IRQ c0=2
DMA IRQ c1=0
DMA IRQ c2=0
DMA IRQ c3=0
SELECT busy=6427
SELECT w0=6383
SELECT w1=3464
SELECT w2=3627
BUSY TASK ewma=997
DMA IRQ c0=2
DMA IRQ c1=0
DMA IRQ c2=0
DMA IRQ c3=0
SELECT busy=6450
SELECT w0=6404
SELECT w1=3472
SELECT w2=3636
BUSY TASK ewma=997
DMA IRQ c0=2
DMA IRQ c1=0
DMA IRQ c2=0
DMA IRQ c3=0
SELECT busy=6472
SELECT w0=6427
SELECT w1=3483
SELECT w2=3650
BUSY TASK ewma=997
DMA IRQ c0=2
DMA IRQ c1=0
DMA IRQ c2=0
DMA IRQ c3=0
SELECT busy=6492
SELECT w0=6446
SELECT w1=3489
SELECT w2=3660
BUSY TASK ewma=997
DMA IRQ c0=2
DMA IRQ c1=0
DMA IRQ c2=0
DMA IRQ c3=0
SELECT busy=6510
SELECT w0=6465
SELECT w1=3497
SELECT w2=3672
BUSY TASK ewma=997
DMA IRQ c0=2
DMA IRQ c1=0
DMA IRQ c2=0
DMA IRQ c3=0
SELECT busy=6526
SELECT w0=6481
SELECT w1=3505
SELECT w2=3681
BUSY TASK ewma=997
DMA IRQ c0=2
DMA IRQ c1=0
DMA IRQ c2=0
DMA IRQ c3=0
SELECT busy=6543
SELECT w0=6498
SELECT w1=3514
SELECT w2=3692
BUSY TASK ewma=997
DMA IRQ c0=2
DMA IRQ c1=0
DMA IRQ c2=0
DMA IRQ c3=0
SELECT busy=6563
SELECT w0=6518
SELECT w1=3524
SELECT w2=3703
BUSY TASK ewma=997
DMA IRQ c0=2
DMA IRQ c1=0
DMA IRQ c2=0
DMA IRQ c3=0
SELECT busy=6579
SELECT w0=6533
SELECT w1=3532
SELECT w2=3712
BUSY TASK ewma=997
DMA IRQ c0=2
DMA IRQ c1=0
DMA IRQ c2=0
DMA IRQ c3=0
SELECT busy=6593
SELECT w0=6547
SELECT w1=3538
SELECT w2=3720
BUSY TASK ewma=997
DMA IRQ c0=2
DMA IRQ c1=0
DMA IRQ c2=0
DMA IRQ c3=0
SELECT busy=6610
SELECT w0=6565
SELECT w1=3547
SELECT w2=3729
BUSY TASK ewma=997
DMA IRQ c0=2
DMA IRQ c1=0
DMA IRQ c2=0
DMA IRQ c3=0
SELECT busy=6624
SELECT w0=6579
SELECT w1=3554
SELECT w2=3739
BUSY TASK ewma=997
DMA IRQ c0=2
DMA IRQ c1=0
DMA IRQ c2=0
DMA IRQ c3=0
SELECT busy=6641
SELECT w0=6596
SELECT w1=3562
SELECT w2=3750
BUSY TASK ewma=997
DMA IRQ c0=2
DMA IRQ c1=0
DMA IRQ c2=0
DMA IRQ c3=0
SELECT busy=6655
SELECT w0=6610
SELECT w1=3569
SELECT w2=3758
BUSY TASK ewma=997
DMA IRQ c0=2
DMA IRQ c1=0
DMA IRQ c2=0
DMA IRQ c3=0
SELECT busy=6670
SELECT w0=6625
SELECT w1=3576
SELECT w2=3767
BUSY TASK ewma=997
DMA IRQ c0=2
DMA IRQ c1=0
DMA IRQ c2=0
DMA IRQ c3=0
SELECT busy=6687
SELECT w0=6642
SELECT w1=3584
SELECT w2=3776
BUSY TASK ewma=997
DMA IRQ c0=2
DMA IRQ c1=0
DMA IRQ c2=0
DMA IRQ c3=0
SELECT busy=6705
SELECT w0=6660
SELECT w1=3592
SELECT w2=3789
BUSY TASK ewma=997
DMA IRQ c0=2
DMA IRQ c1=0
DMA IRQ c2=0
DMA IRQ c3=0
SELECT busy=6724
SELECT w0=6678
SELECT w1=3601
SELECT w2=3801
BUSY TASK ewma=997
DMA IRQ c0=2
DMA IRQ c1=0
DMA IRQ c2=0
DMA IRQ c3=0
SELECT busy=6736
SELECT w0=6691
SELECT w1=3607
SELECT w2=3810
BUSY TASK ewma=997
DMA IRQ c0=2
DMA IRQ c1=0
DMA IRQ c2=0
DMA IRQ c3=0
SELECT busy=6755
SELECT w0=6709
SELECT w1=3617
SELECT w2=3820
BUSY TASK ewma=997
DMA IRQ c0=2
DMA IRQ c1=0
DMA IRQ c2=0
DMA IRQ c3=0
SELECT busy=6777
SELECT w0=6732
SELECT w1=3626
SELECT w2=3833
BUSY TASK ewma=997
DMA IRQ c0=2
DMA IRQ c1=0
DMA IRQ c2=0
DMA IRQ c3=0
SELECT busy=6794
SELECT w0=6748
SELECT w1=3633
SELECT w2=3842
BUSY TASK ewma=997
DMA IRQ c0=2
DMA IRQ c1=0
DMA IRQ c2=0
DMA IRQ c3=0
SELECT busy=6814
SELECT w0=6769
SELECT w1=3641
SELECT w2=3851
BUSY TASK ewma=997
DMA IRQ c0=2
DMA IRQ c1=0
DMA IRQ c2=0
DMA IRQ c3=0
SELECT busy=6834
SELECT w0=6788
SELECT w1=3649
SELECT w2=3865
BUSY TASK ewma=997
DMA IRQ c0=2
DMA IRQ c1=0
DMA IRQ c2=0
DMA IRQ c3=0
SELECT busy=6850
SELECT w0=6804
SELECT w1=3658
SELECT w2=3875
BUSY TASK ewma=997
DMA IRQ c0=2
DMA IRQ c1=0
DMA IRQ c2=0
DMA IRQ c3=0
SELECT busy=6870
SELECT w0=6824
SELECT w1=3668
SELECT w2=3885
BUSY TASK ewma=997
DMA IRQ c0=2
DMA IRQ c1=0
DMA IRQ c2=0
DMA IRQ c3=0
SELECT busy=6884
SELECT w0=6839
SELECT w1=3675
SELECT w2=3893
BUSY TASK ewma=997
DMA IRQ c0=2
DMA IRQ c1=0
DMA IRQ c2=0
DMA IRQ c3=0
SELECT busy=6903
SELECT w0=6857
SELECT w1=3679
SELECT w2=3898
BUSY TASK ewma=997
DMA IRQ c0=2
DMA IRQ c1=0
DMA IRQ c2=0
DMA IRQ c3=0
SELECT busy=6920
SELECT w0=6875
SELECT w1=3688
SELECT w2=3909
BUSY TASK ewma=997
DMA IRQ c0=2
DMA IRQ c1=0
DMA IRQ c2=0
DMA IRQ c3=0
SELECT busy=6942
SELECT w0=6898
SELECT w1=3700
SELECT w2=3922
BUSY TASK ewma=997
DMA IRQ c0=2
DMA IRQ c1=0
DMA IRQ c2=0
DMA IRQ c3=0
SELECT busy=6958
SELECT w0=6913
SELECT w1=3708
SELECT w2=3930
BUSY TASK ewma=997
DMA IRQ c0=2
DMA IRQ c1=0
DMA IRQ c2=0
DMA IRQ c3=0
SELECT busy=6978
SELECT w0=6934
SELECT w1=3718
SELECT w2=3943
BUSY TASK ewma=997
DMA IRQ c0=2
DMA IRQ c1=0
DMA IRQ c2=0
DMA IRQ c3=0
SELECT busy=7001
SELECT w0=6956
SELECT w1=3729
SELECT w2=3960
BUSY TASK ewma=997
DMA IRQ c0=2
DMA IRQ c1=0
DMA IRQ c2=0
DMA IRQ c3=0
SELECT busy=7016
SELECT w0=6970
SELECT w1=3736
SELECT w2=3968
BUSY TASK ewma=997
DMA IRQ c0=2
DMA IRQ c1=0
DMA IRQ c2=0
DMA IRQ c3=0
SELECT busy=7028
SELECT w0=6982
SELECT w1=3742
SELECT w2=3975
BUSY TASK ewma=997
DMA IRQ c0=2
DMA IRQ c1=0
DMA IRQ c2=0
DMA IRQ c3=0
SELECT busy=7044
SELECT w0=6999
SELECT w1=3751
SELECT w2=3985
BUSY TASK ewma=997
DMA IRQ c0=2
DMA IRQ c1=0
DMA IRQ c2=0
DMA IRQ c3=0
SELECT busy=7058
SELECT w0=7012
SELECT w1=3755
SELECT w2=3993
BUSY TASK ewma=997
DMA IRQ c0=2
DMA IRQ c1=0
DMA IRQ c2=0
DMA IRQ c3=0
SELECT busy=7075
SELECT w0=7030
SELECT w1=3767
SELECT w2=4007
BUSY TASK ewma=997
DMA IRQ c0=2
DMA IRQ c1=0
DMA IRQ c2=0
DMA IRQ c3=0
SELECT busy=7098
SELECT w0=7053
SELECT w1=3780
SELECT w2=4027
BUSY TASK ewma=997
DMA IRQ c0=2
DMA IRQ c1=0
DMA IRQ c2=0
DMA IRQ c3=0
SELECT busy=7119
SELECT w0=7073
SELECT w1=3790
SELECT w2=4040
BUSY TASK ewma=997
DMA IRQ c0=2
DMA IRQ c1=0
DMA IRQ c2=0
DMA IRQ c3=0
SELECT busy=7141
SELECT w0=7095
SELECT w1=3802
SELECT w2=4053
BUSY TASK ewma=997
DMA IRQ c0=2
DMA IRQ c1=0
DMA IRQ c2=0
DMA IRQ c3=0
SELECT busy=7170
SELECT w0=7125
SELECT w1=3816
SELECT w2=4070
BUSY TASK ewma=997
DMA IRQ c0=2
DMA IRQ c1=0
DMA IRQ c2=0
DMA IRQ c3=0
SELECT busy=7189
SELECT w0=7143
SELECT w1=3824
SELECT w2=4081
BUSY TASK ewma=997
DMA IRQ c0=2
DMA IRQ c1=0
DMA IRQ c2=0
DMA IRQ c3=0
SELECT busy=7213
SELECT w0=7167
SELECT w1=3833
SELECT w2=4093
BUSY TASK ewma=997
DMA IRQ c0=2
DMA IRQ c1=0
DMA IRQ c2=0
DMA IRQ c3=0
SELECT busy=7236
SELECT w0=7191
SELECT w1=3848
SELECT w2=4112
BUSY TASK ewma=997
DMA IRQ c0=2
DMA IRQ c1=0
DMA IRQ c2=0
DMA IRQ c3=0
SELECT busy=7257
SELECT w0=7212
SELECT w1=3861
SELECT w2=4123
BUSY TASK ewma=997
IRQ counts: cpu0=14513 cpu1=16477 cpu2=16546 cpu3=16636
SCHED secondaries: calls=49666 unexpected=0
SECTEST switches=49623 cpu1=174837247,164766726 cpu2=144094092,142716017 cpu3=210208778,198154017
PINGPONG rounds=2000 pongs=2000
DMA IRQ c0=2
DMA IRQ c1=0
DMA IRQ c2=0
DMA IRQ c3=0
SELECT busy=7285
SELECT w0=7240
SELECT w1=3872
SELECT w2=4136
BUSY TASK ewma=997
DMA IRQ c0=2
DMA IRQ c1=0
DMA IRQ c2=0
DMA IRQ c3=0
SELECT busy=7302
SELECT w0=7257
SELECT w1=3880
SELECT w2=4147
BUSY TASK ewma=997
DMA IRQ c0=2
DMA IRQ c1=0
DMA IRQ c2=0
DMA IRQ c3=0
SELECT busy=7322
SELECT w0=7277
SELECT w1=3888
SELECT w2=4156
BUSY TASK ewma=997
DMA IRQ c0=2
DMA IRQ c1=0
DMA IRQ c2=0
DMA IRQ c3=0
SELECT busy=7338
SELECT w0=7292
SELECT w1=3895
SELECT w2=4165
BUSY TASK ewma=997
DMA IRQ c0=2
DMA IRQ c1=0
DMA IRQ c2=0
DMA IRQ c3=0
SELECT busy=7352
SELECT w0=7307
SELECT w1=3902
SELECT w2=4175
BUSY TASK ewma=997
DMA IRQ c0=2
DMA IRQ c1=0
DMA IRQ c2=0
DMA IRQ c3=0
SELECT busy=7368
SELECT w0=7323
SELECT w1=3909
SELECT w2=4184
BUSY TASK ewma=997
DMA IRQ c0=2
DMA IRQ c1=0
DMA IRQ c2=0
DMA IRQ c3=0
SELECT busy=7384
SELECT w0=7339
SELECT w1=3917
SELECT w2=4194
BUSY TASK ewma=997
DMA IRQ c0=2
DMA IRQ c1=0
DMA IRQ c2=0
DMA IRQ c3=0
SELECT busy=7403
SELECT w0=7357
SELECT w1=3928
SELECT w2=4208
BUSY TASK ewma=997
DMA IRQ c0=2
DMA IRQ c1=0
DMA IRQ c2=0
DMA IRQ c3=0
SELECT busy=7421
SELECT w0=7375
SELECT w1=3935
SELECT w2=4218
BUSY TASK ewma=997
DMA IRQ c0=2
DMA IRQ c1=0
DMA IRQ c2=0
DMA IRQ c3=0
SELECT busy=7438
SELECT w0=7393
SELECT w1=3943
SELECT w2=4227
BUSY TASK ewma=997
DMA IRQ c0=2
DMA IRQ c1=0
DMA IRQ c2=0
DMA IRQ c3=0
SELECT busy=7459
SELECT w0=7416
SELECT w1=3955
SELECT w2=4241
BUSY TASK ewma=997
DMA IRQ c0=2
DMA IRQ c1=0
DMA IRQ c2=0
DMA IRQ c3=0
SELECT busy=7477
SELECT w0=7432
SELECT w1=3966
SELECT w2=4251
BUSY TASK ewma=997
DMA IRQ c0=2
DMA IRQ c1=0
DMA IRQ c2=0
DMA IRQ c3=0
SELECT busy=7495
SELECT w0=7449
SELECT w1=3975
SELECT w2=4262
BUSY TASK ewma=997
DMA IRQ c0=2
DMA IRQ c1=0
DMA IRQ c2=0
DMA IRQ c3=0
SELECT busy=7515
SELECT w0=7469
SELECT w1=3986
SELECT w2=4274
BUSY TASK ewma=997
DMA IRQ c0=2
DMA IRQ c1=0
DMA IRQ c2=0
DMA IRQ c3=0
SELECT busy=7531
SELECT w0=7486
SELECT w1=3994
SELECT w2=4285
BUSY TASK ewma=997
DMA IRQ c0=2
DMA IRQ c1=0
DMA IRQ c2=0
DMA IRQ c3=0
SELECT busy=7549
SELECT w0=7504
SELECT w1=4003
SELECT w2=4297
BUSY TASK ewma=997
DMA IRQ c0=2
DMA IRQ c1=0
DMA IRQ c2=0
DMA IRQ c3=0
SELECT busy=7572
SELECT w0=7527
SELECT w1=4016
SELECT w2=4314
BUSY TASK ewma=997
DMA IRQ c0=2
DMA IRQ c1=0
DMA IRQ c2=0
DMA IRQ c3=0
SELECT busy=7592
SELECT w0=7546
SELECT w1=4023
SELECT w2=4322
BUSY TASK ewma=997
DMA IRQ c0=2
DMA IRQ c1=0
DMA IRQ c2=0
DMA IRQ c3=0
SELECT busy=7611
SELECT w0=7565
SELECT w1=4031
SELECT w2=4333
BUSY TASK ewma=997
DMA IRQ c0=2
DMA IRQ c1=0
DMA IRQ c2=0
DMA IRQ c3=0
SELECT busy=7631
SELECT w0=7585
SELECT w1=4040
SELECT w2=4344
BUSY TASK ewma=997
DMA IRQ c0=2
DMA IRQ c1=0
DMA IRQ c2=0
DMA IRQ c3=0
SELECT busy=7655
SELECT w0=7611
SELECT w1=4057
SELECT w2=4361
BUSY TASK ewma=997
DMA IRQ c0=2
DMA IRQ c1=0
DMA IRQ c2=0
DMA IRQ c3=0
SELECT busy=7683
SELECT w0=7638
SELECT w1=4071
SELECT w2=4377
BUSY TASK ewma=997
DMA IRQ c0=2
DMA IRQ c1=0
DMA IRQ c2=0
DMA IRQ c3=0
SELECT busy=7704
SELECT w0=7659
SELECT w1=4082
SELECT w2=4390
BUSY TASK ewma=997
DMA IRQ c0=2
DMA IRQ c1=0
DMA IRQ c2=0
DMA IRQ c3=0
SELECT busy=7738
SELECT w0=7693
SELECT w1=4099
SELECT w2=4409
BUSY TASK ewma=997
DMA IRQ c0=2
DMA IRQ c1=0
DMA IRQ c2=0
DMA IRQ c3=0
SELECT busy=7775
SELECT w0=7729
SELECT w1=4114
SELECT w2=4427
BUSY TASK ewma=997
DMA IRQ c0=2
DMA IRQ c1=0
DMA IRQ c2=0
DMA IRQ c3=0
SELECT busy=7815
SELECT w0=7769
SELECT w1=4131
SELECT w2=4447
BUSY TASK ewma=997
DMA IRQ c0=2
DMA IRQ c1=0
DMA IRQ c2=0
DMA IRQ c3=0
SELECT busy=7852
SELECT w0=7806
SELECT w1=4147
SELECT w2=4466
BUSY TASK ewma=997
DMA IRQ c0=2
DMA IRQ c1=0
DMA IRQ c2=0
DMA IRQ c3=0
SELECT busy=7905
SELECT w0=7860
SELECT w1=4169
SELECT w2=4498
BUSY TASK ewma=997
DMA IRQ c0=2
DMA IRQ c1=0
DMA IRQ c2=0
DMA IRQ c3=0
SELECT busy=7938
SELECT w0=7892
SELECT w1=4181
SELECT w2=4516
BUSY TASK ewma=997
DMA IRQ c0=2
DMA IRQ c1=0
DMA IRQ c2=0
DMA IRQ c3=0
SELECT busy=7961
SELECT w0=7915
SELECT w1=4191
SELECT w2=4527
BUSY TASK ewma=997
DMA IRQ c0=2
DMA IRQ c1=0
DMA IRQ c2=0
DMA IRQ c3=0
SELECT busy=7981
SELECT w0=7935
SELECT w1=4198
SELECT w2=4537
BUSY TASK ewma=997
DMA IRQ c0=2
DMA IRQ c1=0
DMA IRQ c2=0
DMA IRQ c3=0
SELECT busy=8000
SELECT w0=7954
SELECT w1=4204
SELECT w2=4544
BUSY TASK ewma=997
DMA IRQ c0=2
DMA IRQ c1=0
DMA IRQ c2=0
DMA IRQ c3=0
SELECT busy=8023
SELECT w0=7977
SELECT w1=4214
SELECT w2=4555
BUSY TASK ewma=997
DMA IRQ c0=2
DMA IRQ c1=0
DMA IRQ c2=0
DMA IRQ c3=0
SELECT busy=8063
SELECT w0=8017
SELECT w1=4228
SELECT w2=4575
BUSY TASK ewma=997
DMA IRQ c0=2
DMA IRQ c1=0
DMA IRQ c2=0
DMA IRQ c3=0
SELECT busy=8092
SELECT w0=8047
SELECT w1=4239
SELECT w2=4588
BUSY TASK ewma=997
DMA IRQ c0=2
DMA IRQ c1=0
DMA IRQ c2=0
DMA IRQ c3=0
SELECT busy=8124
SELECT w0=8079
SELECT w1=4251
SELECT w2=4602
BUSY TASK ewma=997
DMA IRQ c0=2
DMA IRQ c1=0
DMA IRQ c2=0
DMA IRQ c3=0
SELECT busy=8151
SELECT w0=8106
SELECT w1=4262
SELECT w2=4616
BUSY TASK ewma=997
DMA IRQ c0=2
DMA IRQ c1=0
DMA IRQ c2=0
DMA IRQ c3=0
SELECT busy=8179
SELECT w0=8133
SELECT w1=4274
SELECT w2=4629
BUSY TASK ewma=997
DMA IRQ c0=2
DMA IRQ c1=0
DMA IRQ c2=0
DMA IRQ c3=0
SELECT busy=8206
SELECT w0=8161
SELECT w1=4283
SELECT w2=4642
BUSY TASK ewma=997
DMA IRQ c0=2
DMA IRQ c1=0
DMA IRQ c2=0
DMA IRQ c3=0
SELECT busy=8234
SELECT w0=8188
SELECT w1=4293
SELECT w2=4655
BUSY TASK ewma=997
DMA IRQ c0=2
DMA IRQ c1=0
DMA IRQ c2=0
DMA IRQ c3=0
SELECT busy=8270
SELECT w0=8224
SELECT w1=4309
SELECT w2=4674
BUSY TASK ewma=997
DMA IRQ c0=2
DMA IRQ c1=0
DMA IRQ c2=0
DMA IRQ c3=0
SELECT busy=8306
SELECT w0=8260
SELECT w1=4325
SELECT w2=4695
BUSY TASK ewma=997
DMA IRQ c0=2
DMA IRQ c1=0
DMA IRQ c2=0
DMA IRQ c3=0
SELECT busy=8339
SELECT w0=8294
SELECT w1=4343
SELECT w2=4715
BUSY TASK ewma=997
DMA IRQ c0=2
DMA IRQ c1=0
DMA IRQ c2=0
DMA IRQ c3=0
SELECT busy=8366
SELECT w0=8320
SELECT w1=4355
SELECT w2=4728
BUSY TASK ewma=997
DMA IRQ c0=2
DMA IRQ c1=0
DMA IRQ c2=0
DMA IRQ c3=0
SELECT busy=8393
SELECT w0=8348
SELECT w1=4365
SELECT w2=4741
BUSY TASK ewma=997
DMA IRQ c0=2
DMA IRQ c1=0
DMA IRQ c2=0
DMA IRQ c3=0
SELECT busy=8427
SELECT w0=8381
SELECT w1=4379
SELECT w2=4758
BUSY TASK ewma=997
DMA IRQ c0=2
DMA IRQ c1=0
DMA IRQ c2=0
DMA IRQ c3=0
SELECT busy=8469
SELECT w0=8423
SELECT w1=4398
SELECT w2=4781
BUSY TASK ewma=997
DMA IRQ c0=2
DMA IRQ c1=0
DMA IRQ c2=0
DMA IRQ c3=0
SELECT busy=8509
SELECT w0=8463
SELECT w1=4416
SELECT w2=4803
BUSY TASK ewma=997
DMA IRQ c0=2
DMA IRQ c1=0
DMA IRQ c2=0
DMA IRQ c3=0
SELECT busy=8540
SELECT w0=8495
SELECT w1=4429
SELECT w2=4821
BUSY TASK ewma=997
DMA IRQ c0=2
DMA IRQ c1=0
DMA IRQ c2=0
DMA IRQ c3=0
SELECT busy=8583
SELECT w0=8538
SELECT w1=4449
SELECT w2=4845
BUSY TASK ewma=997
DMA IRQ c0=2
DMA IRQ c1=0
DMA IRQ c2=0
DMA IRQ c3=0
SELECT busy=8619
SELECT w0=8574
SELECT w1=4463
SELECT w2=4862
BUSY TASK ewma=997
DMA IRQ c0=2
DMA IRQ c1=0
DMA IRQ c2=0
DMA IRQ c3=0
SELECT busy=8653
SELECT w0=8608
SELECT w1=4478
SELECT w2=4879
BUSY TASK ewma=997
DMA IRQ c0=2
DMA IRQ c1=0
DMA IRQ c2=0
DMA IRQ c3=0
SELECT busy=8683
SELECT w0=8637
SELECT w1=4488
SELECT w2=4893
BUSY TASK ewma=997
DMA IRQ c0=2
DMA IRQ c1=0
DMA IRQ c2=0
DMA IRQ c3=0
SELECT busy=8708
SELECT w0=8663
SELECT w1=4497
SELECT w2=4908
BUSY TASK ewma=997
DMA IRQ c0=2
DMA IRQ c1=0
DMA IRQ c2=0
DMA IRQ c3=0
SELECT busy=8728
SELECT w0=8682
SELECT w1=4502
SELECT w2=4915
BUSY TASK ewma=997
DMA IRQ c0=2
DMA IRQ c1=0
DMA IRQ c2=0
DMA IRQ c3=0
SELECT busy=8751
SELECT w0=8706
SELECT w1=4511
SELECT w2=4928
BUSY TASK ewma=997
DMA IRQ c0=2
DMA IRQ c1=0
DMA IRQ c2=0
DMA IRQ c3=0
SELECT busy=8775
SELECT w0=8729
SELECT w1=4521
SELECT w2=4940
BUSY TASK ewma=997
DMA IRQ c0=2
DMA IRQ c1=0
DMA IRQ c2=0
DMA IRQ c3=0
SELECT busy=8792
SELECT w0=8747
SELECT w1=4530
SELECT w2=4954
BUSY TASK ewma=997
DMA IRQ c0=2
DMA IRQ c1=0
DMA IRQ c2=0
DMA IRQ c3=0
SELECT busy=8823
SELECT w0=8778
SELECT w1=4544
SELECT w2=4970
BUSY TASK ewma=997
DMA IRQ c0=2
DMA IRQ c1=0
DMA IRQ c2=0
DMA IRQ c3=0
SELECT busy=8847
SELECT w0=8801
SELECT w1=4554
SELECT w2=4981
BUSY TASK ewma=997
DMA IRQ c0=2
DMA IRQ c1=0
DMA IRQ c2=0
DMA IRQ c3=0
SELECT busy=8870
SELECT w0=8824
SELECT w1=4561
SELECT w2=4991
BUSY TASK ewma=997
DMA IRQ c0=2
DMA IRQ c1=0
DMA IRQ c2=0
DMA IRQ c3=0
SELECT busy=8893
SELECT w0=8847
SELECT w1=4568
SELECT w2=5000
BUSY TASK ewma=997
DMA IRQ c0=2
DMA IRQ c1=0
DMA IRQ c2=0
DMA IRQ c3=0
SELECT busy=8912
SELECT w0=8867
SELECT w1=4574
SELECT w2=5007
BUSY TASK ewma=997
DMA IRQ c0=2
DMA IRQ c1=0
DMA IRQ c2=0
DMA IRQ c3=0
SELECT busy=8931
SELECT w0=8886
SELECT w1=4580
SELECT w2=5015
BUSY TASK ewma=997
IRQ counts: cpu0=17851 cpu1=20069 cpu2=20110 cpu3=20229
SCHED secondaries: calls=60416 unexpected=0
SECTEST switches=60392 cpu1=204418609,193140161 cpu2=171223360,168319794 cpu3=249169953,236392992
PINGPONG rounds=2000 pongs=2000
DMA IRQ c0=2
DMA IRQ c1=0
DMA IRQ c2=0
DMA IRQ c3=0
SELECT busy=8964
SELECT w0=8920
SELECT w1=4599
SELECT w2=5040
BUSY TASK ewma=997
DMA IRQ c0=2
DMA IRQ c1=0
DMA IRQ c2=0
DMA IRQ c3=0
SELECT busy=8985
SELECT w0=8940
SELECT w1=4611
SELECT w2=5053
BUSY TASK ewma=997
DMA IRQ c0=2
DMA IRQ c1=0
DMA IRQ c2=0
DMA IRQ c3=0
SELECT busy=9004
SELECT w0=8958
SELECT w1=4619
SELECT w2=5063
BUSY TASK ewma=997
DMA IRQ c0=2
DMA IRQ c1=0
DMA IRQ c2=0
DMA IRQ c3=0
SELECT busy=9021
SELECT w0=8975
SELECT w1=4628
SELECT w2=5077
BUSY TASK ewma=997
DMA IRQ c0=2
DMA IRQ c1=0
DMA IRQ c2=0
DMA IRQ c3=0
SELECT busy=9028
SELECT w0=8982
SELECT w1=4630
SELECT w2=5080
BUSY TASK ewma=997
DMA IRQ c0=2
DMA IRQ c1=0
DMA IRQ c2=0
DMA IRQ c3=0
SELECT busy=9040
SELECT w0=8995
SELECT w1=4635
SELECT w2=5086
BUSY TASK ewma=997
DMA IRQ c0=2
DMA IRQ c1=0
DMA IRQ c2=0
DMA IRQ c3=0
SELECT busy=9059
SELECT w0=9014
SELECT w1=4644
SELECT w2=5096
BUSY TASK ewma=997
DMA IRQ c0=2
DMA IRQ c1=0
DMA IRQ c2=0
DMA IRQ c3=0
SELECT busy=9078
SELECT w0=9033
SELECT w1=4651
SELECT w2=5104
BUSY TASK ewma=997
DMA IRQ c0=2
DMA IRQ c1=0
DMA IRQ c2=0
DMA IRQ c3=0
SELECT busy=9101
SELECT w0=9055
SELECT w1=4660
SELECT w2=5115
BUSY TASK ewma=997
DMA IRQ c0=2
DMA IRQ c1=0
DMA IRQ c2=0
DMA IRQ c3=0
SELECT busy=9122
SELECT w0=9076
SELECT w1=4670
SELECT w2=5127
BUSY TASK ewma=997
DMA IRQ c0=2
DMA IRQ c1=0
DMA IRQ c2=0
DMA IRQ c3=0
SELECT busy=9138
SELECT w0=9093
SELECT w1=4678
SELECT w2=5137
BUSY TASK ewma=997
DMA IRQ c0=2
DMA IRQ c1=0
DMA IRQ c2=0
DMA IRQ c3=0
SELECT busy=9154
SELECT w0=9109
SELECT w1=4686
SELECT w2=5149
BUSY TASK ewma=997
DMA IRQ c0=2
DMA IRQ c1=0
DMA IRQ c2=0
DMA IRQ c3=0
SELECT busy=9174
SELECT w0=9129
SELECT w1=4695
SELECT w2=5164
BUSY TASK ewma=997
DMA IRQ c0=2
DMA IRQ c1=0
DMA IRQ c2=0
DMA IRQ c3=0
SELECT busy=9189
SELECT w0=9143
SELECT w1=4702
SELECT w2=5171
BUSY TASK ewma=997
DMA IRQ c0=2
DMA IRQ c1=0
DMA IRQ c2=0
DMA IRQ c3=0
SELECT busy=9209
SELECT w0=9164
SELECT w1=4714
SELECT w2=5185
BUSY TASK ewma=997
DMA IRQ c0=2
DMA IRQ c1=0
DMA IRQ c2=0
DMA IRQ c3=0
SELECT busy=9231
SELECT w0=9186
SELECT w1=4728
SELECT w2=5196
BUSY TASK ewma=997
DMA IRQ c0=2
DMA IRQ c1=0
DMA IRQ c2=0
DMA IRQ c3=0
SELECT busy=9247
SELECT w0=9201
SELECT w1=4735
SELECT w2=5206
BUSY TASK ewma=997
DMA IRQ c0=2
DMA IRQ c1=0
DMA IRQ c2=0
DMA IRQ c3=0
SELECT busy=9266
SELECT w0=9221
SELECT w1=4743
SELECT w2=5215
BUSY TASK ewma=997
DMA IRQ c0=2
DMA IRQ c1=0
DMA IRQ c2=0
DMA IRQ c3=0
SELECT busy=9283
SELECT w0=9238
SELECT w1=4751
SELECT w2=5224
BUSY TASK ewma=997
DMA IRQ c0=2
DMA IRQ c1=0
DMA IRQ c2=0
DMA IRQ c3=0
SELECT busy=9302
SELECT w0=9256
SELECT w1=4759
SELECT w2=5234
BUSY TASK ewma=997
DMA IRQ c0=2
DMA IRQ c1=0
DMA IRQ c2=0
DMA IRQ c3=0
SELECT busy=9319
SELECT w0=9273
SELECT w1=4765
SELECT w2=5242
BUSY TASK ewma=997
DMA IRQ c0=2
DMA IRQ c1=0
DMA IRQ c2=0
DMA IRQ c3=0
SELECT busy=9339
SELECT w0=9294
SELECT w1=4775
SELECT w2=5256
BUSY TASK ewma=997
DMA IRQ c0=2
DMA IRQ c1=0
DMA IRQ c2=0
DMA IRQ c3=0
SELECT busy=9368
SELECT w0=9323
SELECT w1=4788
SELECT w2=5276
BUSY TASK ewma=997
DMA IRQ c0=2
DMA IRQ c1=0
DMA IRQ c2=0
DMA IRQ c3=0
SELECT busy=9393
SELECT w0=9348
SELECT w1=4799
SELECT w2=5292
BUSY TASK ewma=997
DMA IRQ c0=2
DMA IRQ c1=0
DMA IRQ c2=0
DMA IRQ c3=0
SELECT busy=9412
SELECT w0=9366
SELECT w1=4806
SELECT w2=5304
BUSY TASK ewma=997
DMA IRQ c0=2
DMA IRQ c1=0
DMA IRQ c2=0
DMA IRQ c3=0
SELECT busy=9428
SELECT w0=9382
SELECT w1=4812
SELECT w2=5312
BUSY TASK ewma=997
DMA IRQ c0=2
DMA IRQ c1=0
DMA IRQ c2=0
DMA IRQ c3=0
SELECT busy=9446
SELECT w0=9400
SELECT w1=4819
SELECT w2=5321
BUSY TASK ewma=997
DMA IRQ c0=2
DMA IRQ c1=0
DMA IRQ c2=0
DMA IRQ c3=0
SELECT busy=9465
SELECT w0=9419
SELECT w1=4827
SELECT w2=5331
BUSY TASK ewma=997
DMA IRQ c0=2
DMA IRQ c1=0
DMA IRQ c2=0
DMA IRQ c3=0
SELECT busy=9483
SELECT w0=9438
SELECT w1=4835
SELECT w2=5339
BUSY TASK ewma=997
DMA IRQ c0=2
DMA IRQ c1=0
DMA IRQ c2=0
DMA IRQ c3=0
SELECT busy=9499
SELECT w0=9453
SELECT w1=4842
SELECT w2=5346
BUSY TASK ewma=997
DMA IRQ c0=2
DMA IRQ c1=0
DMA IRQ c2=0
DMA IRQ c3=0
SELECT busy=9513
SELECT w0=9467
SELECT w1=4848
SELECT w2=5355
BUSY TASK ewma=997
DMA IRQ c0=2
DMA IRQ c1=0
DMA IRQ c2=0
DMA IRQ c3=0
SELECT busy=9532
SELECT w0=9486
SELECT w1=4855
SELECT w2=5363
BUSY TASK ewma=997
DMA IRQ c0=2
DMA IRQ c1=0
DMA IRQ c2=0
DMA IRQ c3=0
SELECT busy=9546
SELECT w0=9501
SELECT w1=4863
SELECT w2=5372
BUSY TASK ewma=997
DMA IRQ c0=2
DMA IRQ c1=0
DMA IRQ c2=0
DMA IRQ c3=0
SELECT busy=9562
SELECT w0=9516
SELECT w1=4870
SELECT w2=5380
BUSY TASK ewma=997
DMA IRQ c0=2
DMA IRQ c1=0
DMA IRQ c2=0
DMA IRQ c3=0
SELECT busy=9581
SELECT w0=9535
SELECT w1=4877
SELECT w2=5389
BUSY TASK ewma=997
DMA IRQ c0=2
DMA IRQ c1=0
DMA IRQ c2=0
DMA IRQ c3=0
SELECT busy=9596
SELECT w0=9550
SELECT w1=4884
SELECT w2=5399
BUSY TASK ewma=997
DMA IRQ c0=2
DMA IRQ c1=0
DMA IRQ c2=0
DMA IRQ c3=0
SELECT busy=9613
SELECT w0=9568
SELECT w1=4892
SELECT w2=5408
BUSY TASK ewma=997
DMA IRQ c0=2
DMA IRQ c1=0
DMA IRQ c2=0
DMA IRQ c3=0
SELECT busy=9621
SELECT w0=9576
SELECT w1=4895
SELECT w2=5414
BUSY TASK ewma=997
DMA IRQ c0=2
DMA IRQ c1=0
DMA IRQ c2=0
DMA IRQ c3=0
SELECT busy=9644
SELECT w0=9599
SELECT w1=4906
SELECT w2=5430
BUSY TASK ewma=997
DMA IRQ c0=2
DMA IRQ c1=0
DMA IRQ c2=0
DMA IRQ c3=0
SELECT busy=9684
SELECT w0=9638
SELECT w1=4921
SELECT w2=5450
BUSY TASK ewma=997
DMA IRQ c0=2
DMA IRQ c1=0
DMA IRQ c2=0
DMA IRQ c3=0
SELECT busy=9715
SELECT w0=9670
SELECT w1=4934
SELECT w2=5466
BUSY TASK ewma=997
DMA IRQ c0=2
DMA IRQ c1=0
DMA IRQ c2=0
DMA IRQ c3=0
SELECT busy=9733
SELECT w0=9688
SELECT w1=4942
SELECT w2=5478
BUSY TASK ewma=997
DMA IRQ c0=2
DMA IRQ c1=0
DMA IRQ c2=0
DMA IRQ c3=0
SELECT busy=9765
SELECT w0=9719
SELECT w1=4954
SELECT w2=5494
BUSY TASK ewma=997
DMA IRQ c0=2
DMA IRQ c1=0
DMA IRQ c2=0
DMA IRQ c3=0
SELECT busy=9791
SELECT w0=9745
SELECT w1=4964
SELECT w2=5508
BUSY TASK ewma=997
DMA IRQ c0=2
DMA IRQ c1=0
DMA IRQ c2=0
DMA IRQ c3=0
SELECT busy=9825
SELECT w0=9780
SELECT w1=4974
SELECT w2=5523
BUSY TASK ewma=997
DMA IRQ c0=2
DMA IRQ c1=0
DMA IRQ c2=0
DMA IRQ c3=0
SELECT busy=9862
SELECT w0=9819
SELECT w1=4991
SELECT w2=5545
BUSY TASK ewma=997
DMA IRQ c0=2
DMA IRQ c1=0
DMA IRQ c2=0
DMA IRQ c3=0
SELECT busy=9889
SELECT w0=9843
SELECT w1=5001
SELECT w2=5555
BUSY TASK ewma=997
DMA IRQ c0=2
DMA IRQ c1=0
DMA IRQ c2=0
DMA IRQ c3=0
SELECT busy=9912
SELECT w0=9866
SELECT w1=5009
SELECT w2=5566
BUSY TASK ewma=997
DMA IRQ c0=2
DMA IRQ c1=0
DMA IRQ c2=0
DMA IRQ c3=0
SELECT busy=9926
SELECT w0=9880
SELECT w1=5014
SELECT w2=5574
BUSY TASK ewma=997
DMA IRQ c0=2
DMA IRQ c1=0
DMA IRQ c2=0
DMA IRQ c3=0
SELECT busy=9944
SELECT w0=9898
SELECT w1=5019
SELECT w2=5581
BUSY TASK ewma=997
DMA IRQ c0=2
DMA IRQ c1=0
DMA IRQ c2=0
DMA IRQ c3=0
SELECT busy=9965
SELECT w0=9920
SELECT w1=5028
SELECT w2=5594
BUSY TASK ewma=997
DMA IRQ c0=2
DMA IRQ c1=0
DMA IRQ c2=0
DMA IRQ c3=0
SELECT busy=9983
SELECT w0=9937
SELECT w1=5039
SELECT w2=5605
BUSY TASK ewma=997
DMA IRQ c0=2
DMA IRQ c1=0
DMA IRQ c2=0
DMA IRQ c3=0
SELECT busy=10004
SELECT w0=9959
SELECT w1=5049
SELECT w2=5616
BUSY TASK ewma=997
DMA IRQ c0=2
DMA IRQ c1=0
DMA IRQ c2=0
DMA IRQ c3=0
SELECT busy=10024
SELECT w0=9978
SELECT w1=5057
SELECT w2=5625
BUSY TASK ewma=997
DMA IRQ c0=2
DMA IRQ c1=0
DMA IRQ c2=0
DMA IRQ c3=0
SELECT busy=10041
SELECT w0=9996
SELECT w1=5064
SELECT w2=5634
BUSY TASK ewma=997
DMA IRQ c0=2
DMA IRQ c1=0
DMA IRQ c2=0
DMA IRQ c3=0
SELECT busy=10055
SELECT w0=10009
SELECT w1=5069
SELECT w2=5639
BUSY TASK ewma=997
DMA IRQ c0=2
DMA IRQ c1=0
DMA IRQ c2=0
DMA IRQ c3=0
SELECT busy=10068
SELECT w0=10022
SELECT w1=5075
SELECT w2=5647
BUSY TASK ewma=997
DMA IRQ c0=2
DMA IRQ c1=0
DMA IRQ c2=0
DMA IRQ c3=0
SELECT busy=10083
SELECT w0=10037
SELECT w1=5081
SELECT w2=5655
BUSY TASK ewma=997
DMA IRQ c0=2
DMA IRQ c1=0
DMA IRQ c2=0
DMA IRQ c3=0
SELECT busy=10097
SELECT w0=10052
SELECT w1=5089
SELECT w2=5667
BUSY TASK ewma=997
DMA IRQ c0=2
DMA IRQ c1=0
DMA IRQ c2=0
DMA IRQ c3=0
SELECT busy=10112
SELECT w0=10067
SELECT w1=5097
SELECT w2=5677
BUSY TASK ewma=997
DMA IRQ c0=2
DMA IRQ c1=0
DMA IRQ c2=0
DMA IRQ c3=0
SELECT busy=10129
SELECT w0=10084
SELECT w1=5105
SELECT w2=5687
BUSY TASK ewma=997
DMA IRQ c0=2
DMA IRQ c1=0
DMA IRQ c2=0
DMA IRQ c3=0
SELECT busy=10145
SELECT w0=10100
SELECT w1=5113
SELECT w2=5697
BUSY TASK ewma=997
DMA IRQ c0=2
DMA IRQ c1=0
DMA IRQ c2=0
DMA IRQ c3=0
SELECT busy=10160
SELECT w0=10114
SELECT w1=5120
SELECT w2=5705
BUSY TASK ewma=997
DMA IRQ c0=2
DMA IRQ c1=0
DMA IRQ c2=0
DMA IRQ c3=0
SELECT busy=10177
SELECT w0=10133
SELECT w1=5129
SELECT w2=5716
BUSY TASK ewma=997
IRQ counts: cpu0=20337 cpu1=22796 cpu2=22905 cpu3=22992
SCHED secondaries: calls=68711 unexpected=0
SECTEST switches=68678 cpu1=231870039,219293299 cpu2=197224482,193576842 cpu3=286026511,271368459
PINGPONG rounds=2000 pongs=2000
DMA IRQ c0=2
DMA IRQ c1=0
DMA IRQ c2=0
DMA IRQ c3=0
SELECT busy=10205
SELECT w0=10160
SELECT w1=5142
SELECT w2=5734
BUSY TASK ewma=997
DMA IRQ c0=2
DMA IRQ c1=0
DMA IRQ c2=0
DMA IRQ c3=0
SELECT busy=10221
SELECT w0=10176
SELECT w1=5150
SELECT w2=5745
BUSY TASK ewma=997
DMA IRQ c0=2
DMA IRQ c1=0
DMA IRQ c2=0
DMA IRQ c3=0
SELECT busy=10240
SELECT w0=10195
SELECT w1=5158
SELECT w2=5756
BUSY TASK ewma=997
DMA IRQ c0=2
DMA IRQ c1=0
DMA IRQ c2=0
DMA IRQ c3=0
SELECT busy=10254
SELECT w0=10209
SELECT w1=5165
SELECT w2=5765
BUSY TASK ewma=997
DMA IRQ c0=2
DMA IRQ c1=0
DMA IRQ c2=0
DMA IRQ c3=0
SELECT busy=10269
SELECT w0=10224
SELECT w1=5174
SELECT w2=5775
BUSY TASK ewma=997
DMA IRQ c0=2
DMA IRQ c1=0
DMA IRQ c2=0
DMA IRQ c3=0
SELECT busy=10294
SELECT w0=10249
SELECT w1=5188
SELECT w2=5792
BUSY TASK ewma=997
DMA IRQ c0=2
DMA IRQ c1=0
DMA IRQ c2=0
DMA IRQ c3=0
SELECT busy=10320
SELECT w0=10276
SELECT w1=5201
SELECT w2=5807
BUSY TASK ewma=997
DMA IRQ c0=2
DMA IRQ c1=0
DMA IRQ c2=0
DMA IRQ c3=0
SELECT busy=10350
SELECT w0=10305
SELECT w1=5215
SELECT w2=5822
BUSY TASK ewma=997
DMA IRQ c0=2
DMA IRQ c1=0
DMA IRQ c2=0
DMA IRQ c3=0
SELECT busy=10380
SELECT w0=10334
SELECT w1=5226
SELECT w2=5836
BUSY TASK ewma=997
DMA IRQ c0=2
DMA IRQ c1=0
DMA IRQ c2=0
DMA IRQ c3=0
SELECT busy=10404
SELECT w0=10359
SELECT w1=5235
SELECT w2=5851
BUSY TASK ewma=997
DMA IRQ c0=2
DMA IRQ c1=0
DMA IRQ c2=0
DMA IRQ c3=0
SELECT busy=10428
SELECT w0=10382
SELECT w1=5245
SELECT w2=5861
BUSY TASK ewma=997
DMA IRQ c0=2
DMA IRQ c1=0
DMA IRQ c2=0
DMA IRQ c3=0
SELECT busy=10447
SELECT w0=10401
SELECT w1=5252
SELECT w2=5870
BUSY TASK ewma=997
DMA IRQ c0=2
DMA IRQ c1=0
DMA IRQ c2=0
DMA IRQ c3=0
SELECT busy=10469
SELECT w0=10423
SELECT w1=5260
SELECT w2=5879
BUSY TASK ewma=997
DMA IRQ c0=2
DMA IRQ c1=0
DMA IRQ c2=0
DMA IRQ c3=0
SELECT busy=10494
SELECT w0=10449
SELECT w1=5274
SELECT w2=5903
BUSY TASK ewma=997
DMA IRQ c0=2
DMA IRQ c1=0
DMA IRQ c2=0
DMA IRQ c3=0
SELECT busy=10519
SELECT w0=10474
SELECT w1=5284
SELECT w2=5916
BUSY TASK ewma=997
DMA IRQ c0=2
DMA IRQ c1=0
DMA IRQ c2=0
DMA IRQ c3=0
SELECT busy=10541
SELECT w0=10495
SELECT w1=5294
SELECT w2=5931
BUSY TASK ewma=997
DMA IRQ c0=2
DMA IRQ c1=0
DMA IRQ c2=0
DMA IRQ c3=0
SELECT busy=10562
SELECT w0=10516
SELECT w1=5304
SELECT w2=5947
BUSY TASK ewma=997
DMA IRQ c0=2
DMA IRQ c1=0
DMA IRQ c2=0
DMA IRQ c3=0
SELECT busy=10588
SELECT w0=10543
SELECT w1=5318
SELECT w2=5963
BUSY TASK ewma=997
DMA IRQ c0=2
DMA IRQ c1=0
DMA IRQ c2=0
DMA IRQ c3=0
SELECT busy=10615
SELECT w0=10569
SELECT w1=5330
SELECT w2=5976
BUSY TASK ewma=997
DMA IRQ c0=2
DMA IRQ c1=0
DMA IRQ c2=0
DMA IRQ c3=0
SELECT busy=10633
SELECT w0=10587
SELECT w1=5338
SELECT w2=5986
BUSY TASK ewma=997
DMA IRQ c0=2
DMA IRQ c1=0
DMA IRQ c2=0
DMA IRQ c3=0
SELECT busy=10657
SELECT w0=10612
SELECT w1=5353
SELECT w2=5997
BUSY TASK ewma=997
DMA IRQ c0=2
DMA IRQ c1=0
DMA IRQ c2=0
DMA IRQ c3=0
SELECT busy=10677
SELECT w0=10631
SELECT w1=5359
SELECT w2=6005
BUSY TASK ewma=997
DMA IRQ c0=2
DMA IRQ c1=0
DMA IRQ c2=0
DMA IRQ c3=0
SELECT busy=10698
SELECT w0=10652
SELECT w1=5368
SELECT w2=6015
BUSY TASK ewma=997
DMA IRQ c0=2
DMA IRQ c1=0
DMA IRQ c2=0
DMA IRQ c3=0
SELECT busy=10721
SELECT w0=10675
SELECT w1=5379
SELECT w2=6031
BUSY TASK ewma=997
DMA IRQ c0=2
DMA IRQ c1=0
DMA IRQ c2=0
DMA IRQ c3=0
SELECT busy=10742
SELECT w0=10696
SELECT w1=5385
SELECT w2=6038
BUSY TASK ewma=997
DMA IRQ c0=2
DMA IRQ c1=0
DMA IRQ c2=0
DMA IRQ c3=0
SELECT busy=10762
SELECT w0=10717
SELECT w1=5391
SELECT w2=6046
BUSY TASK ewma=997
DMA IRQ c0=2
DMA IRQ c1=0
DMA IRQ c2=0
DMA IRQ c3=0
SELECT busy=10788
SELECT w0=10742
SELECT w1=5402
SELECT w2=6059
BUSY TASK ewma=997
DMA IRQ c0=2
DMA IRQ c1=0
DMA IRQ c2=0
DMA IRQ c3=0
SELECT busy=10811
SELECT w0=10765
SELECT w1=5411
SELECT w2=6072
BUSY TASK ewma=997
DMA IRQ c0=2
DMA IRQ c1=0
DMA IRQ c2=0
DMA IRQ c3=0
SELECT busy=10839
SELECT w0=10794
SELECT w1=5424
SELECT w2=6090
BUSY TASK ewma=997
DMA IRQ c0=2
DMA IRQ c1=0
DMA IRQ c2=0
DMA IRQ c3=0
SELECT busy=10864
SELECT w0=10819
SELECT w1=5435
SELECT w2=6108
BUSY TASK ewma=997
DMA IRQ c0=2
DMA IRQ c1=0
DMA IRQ c2=0
DMA IRQ c3=0
SELECT busy=10888
SELECT w0=10843
SELECT w1=5444
SELECT w2=6118
BUSY TASK ewma=997
DMA IRQ c0=2
DMA IRQ c1=0
DMA IRQ c2=0
DMA IRQ c3=0
SELECT busy=10915
SELECT w0=10869
SELECT w1=5456
SELECT w2=6131
BUSY TASK ewma=997
DMA IRQ c0=2
DMA IRQ c1=0
DMA IRQ c2=0
DMA IRQ c3=0
SELECT busy=10935
SELECT w0=10889
SELECT w1=5463
SELECT w2=6141
BUSY TASK ewma=997
DMA IRQ c0=2
DMA IRQ c1=0
DMA IRQ c2=0
DMA IRQ c3=0
SELECT busy=10958
SELECT w0=10912
SELECT w1=5470
SELECT w2=6149
BUSY TASK ewma=997
DMA IRQ c0=2
DMA IRQ c1=0
DMA IRQ c2=0
DMA IRQ c3=0
SELECT busy=10976
SELECT w0=10930
SELECT w1=5475
SELECT w2=6156
BUSY TASK ewma=997
DMA IRQ c0=2
DMA IRQ c1=0
DMA IRQ c2=0
DMA IRQ c3=0
SELECT busy=11000
SELECT w0=10955
SELECT w1=5485
SELECT w2=6169
BUSY TASK ewma=997
DMA IRQ c0=2
DMA IRQ c1=0
DMA IRQ c2=0
DMA IRQ c3=0
SELECT busy=11022
SELECT w0=10977
SELECT w1=5494
SELECT w2=6178
BUSY TASK ewma=997
DMA IRQ c0=2
DMA IRQ c1=0
DMA IRQ c2=0
DMA IRQ c3=0
SELECT busy=11049
SELECT w0=11003
SELECT w1=5504
SELECT w2=6191
BUSY TASK ewma=997
DMA IRQ c0=2
DMA IRQ c1=0
DMA IRQ c2=0
DMA IRQ c3=0
SELECT busy=11067
SELECT w0=11022
SELECT w1=5513
SELECT w2=6203
BUSY TASK ewma=997
DMA IRQ c0=2
DMA IRQ c1=0
DMA IRQ c2=0
DMA IRQ c3=0
SELECT busy=11088
SELECT w0=11042
SELECT w1=5521
SELECT w2=6215
BUSY TASK ewma=997
DMA IRQ c0=2
DMA IRQ c1=0
DMA IRQ c2=0
DMA IRQ c3=0
SELECT busy=11114
SELECT w0=11069
SELECT w1=5535
SELECT w2=6230
BUSY TASK ewma=997
DMA IRQ c0=2
DMA IRQ c1=0
DMA IRQ c2=0
DMA IRQ c3=0
SELECT busy=11140
SELECT w0=11095
SELECT w1=5545
SELECT w2=6244
BUSY TASK ewma=997
DMA IRQ c0=2
DMA IRQ c1=0
DMA IRQ c2=0
DMA IRQ c3=0
SELECT busy=11173
SELECT w0=11128
SELECT w1=5563
SELECT w2=6267
BUSY TASK ewma=997
DMA IRQ c0=2
DMA IRQ c1=0
DMA IRQ c2=0
DMA IRQ c3=0
SELECT busy=11203
SELECT w0=11157
SELECT w1=5575
SELECT w2=6283
BUSY TASK ewma=997
DMA IRQ c0=2
DMA IRQ c1=0
DMA IRQ c2=0
DMA IRQ c3=0
SELECT busy=11243
SELECT w0=11198
SELECT w1=5592
SELECT w2=6303
BUSY TASK ewma=997
DMA IRQ c0=2
DMA IRQ c1=0
DMA IRQ c2=0
DMA IRQ c3=0
SELECT busy=11280
SELECT w0=11235
SELECT w1=5606
SELECT w2=6320
BUSY TASK ewma=997
DMA IRQ c0=2
DMA IRQ c1=0
DMA IRQ c2=0
DMA IRQ c3=0
SELECT busy=11310
SELECT w0=11265
SELECT w1=5621
SELECT w2=6340
BUSY TASK ewma=997
DMA IRQ c0=2
DMA IRQ c1=0
DMA IRQ c2=0
DMA IRQ c3=0
SELECT busy=11336
SELECT w0=11290
SELECT w1=5630
SELECT w2=6351
BUSY TASK ewma=997
DMA IRQ c0=2
DMA IRQ c1=0
DMA IRQ c2=0
DMA IRQ c3=0
SELECT busy=11362
SELECT w0=11319
SELECT w1=5645
SELECT w2=6372
BUSY TASK ewma=997
DMA IRQ c0=2
DMA IRQ c1=0
DMA IRQ c2=0
DMA IRQ c3=0
SELECT busy=11391
SELECT w0=11345
SELECT w1=5658
SELECT w2=6385
BUSY TASK ewma=997
DMA IRQ c0=2
DMA IRQ c1=0
DMA IRQ c2=0
DMA IRQ c3=0
SELECT busy=11416
SELECT w0=11370
SELECT w1=5665
SELECT w2=6395
BUSY TASK ewma=997
DMA IRQ c0=2
DMA IRQ c1=0
DMA IRQ c2=0
DMA IRQ c3=0
SELECT busy=11443
SELECT w0=11398
SELECT w1=5679
SELECT w2=6414
BUSY TASK ewma=997
DMA IRQ c0=2
DMA IRQ c1=0
DMA IRQ c2=0
DMA IRQ c3=0
SELECT busy=11470
SELECT w0=11425
SELECT w1=5693
SELECT w2=6433
BUSY TASK ewma=997
DMA IRQ c0=2
DMA IRQ c1=0
DMA IRQ c2=0
DMA IRQ c3=0
SELECT busy=11498
SELECT w0=11454
SELECT w1=5708
SELECT w2=6455
BUSY TASK ewma=997
DMA IRQ c0=2
DMA IRQ c1=0
DMA IRQ c2=0
DMA IRQ c3=0
SELECT busy=11522
SELECT w0=11477
SELECT w1=5721
SELECT w2=6472
BUSY TASK ewma=997
DMA IRQ c0=2
DMA IRQ c1=0
DMA IRQ c2=0
DMA IRQ c3=0
SELECT busy=11543
SELECT w0=11498
SELECT w1=5732
SELECT w2=6485
BUSY TASK ewma=997
DMA IRQ c0=2
DMA IRQ c1=0
DMA IRQ c2=0
DMA IRQ c3=0
SELECT busy=11563
SELECT w0=11518
SELECT w1=5743
SELECT w2=6504
BUSY TASK ewma=997
DMA IRQ c0=2
DMA IRQ c1=0
DMA IRQ c2=0
DMA IRQ c3=0
SELECT busy=11583
SELECT w0=11537
SELECT w1=5752
SELECT w2=6512
BUSY TASK ewma=997
DMA IRQ c0=2
DMA IRQ c1=0
DMA IRQ c2=0
DMA IRQ c3=0
SELECT busy=11600
SELECT w0=11555
SELECT w1=5760
SELECT w2=6521
BUSY TASK ewma=997
DMA IRQ c0=2
DMA IRQ c1=0
DMA IRQ c2=0
DMA IRQ c3=0
SELECT busy=11627
SELECT w0=11582
SELECT w1=5771
SELECT w2=6537
BUSY TASK ewma=997
DMA IRQ c0=2
DMA IRQ c1=0
DMA IRQ c2=0
DMA IRQ c3=0
SELECT busy=11644
SELECT w0=11599
SELECT w1=5781
SELECT w2=6547
BUSY TASK ewma=997
DMA IRQ c0=2
DMA IRQ c1=0
DMA IRQ c2=0
DMA IRQ c3=0
SELECT busy=11665
SELECT w0=11620
SELECT w1=5791
SELECT w2=6560
BUSY TASK ewma=997
DMA IRQ c0=2
DMA IRQ c1=0
DMA IRQ c2=0
DMA IRQ c3=0
SELECT busy=11685
SELECT w0=11640
SELECT w1=5800
SELECT w2=6571
BUSY TASK ewma=997
DMA IRQ c0=2
DMA IRQ c1=0
DMA IRQ c2=0
DMA IRQ c3=0
SELECT busy=11701
SELECT w0=11657
SELECT w1=5808
SELECT w2=6581
BUSY TASK ewma=997
IRQ counts: cpu0=23391 cpu1=26205 cpu2=26372 cpu3=26642
SCHED secondaries: calls=79234 unexpected=0
SECTEST switches=79216 cpu1=262335458,248734712 cpu2=226016201,222432136 cpu3=327426646,312980755
PINGPONG rounds=2000 pongs=2000
DMA IRQ c0=2
DMA IRQ c1=0
DMA IRQ c2=0
DMA IRQ c3=0
SELECT busy=11736
SELECT w0=11690
SELECT w1=5826
SELECT w2=6600
BUSY TASK ewma=997
DMA IRQ c0=2
DMA IRQ c1=0
DMA IRQ c2=0
DMA IRQ c3=0
SELECT busy=11758
SELECT w0=11713
SELECT w1=5837
SELECT w2=6612
BUSY TASK ewma=997
DMA IRQ c0=2
DMA IRQ c1=0
DMA IRQ c2=0
DMA IRQ c3=0
SELECT busy=11792
SELECT w0=11747
SELECT w1=5853
SELECT w2=6630
BUSY TASK ewma=997
DMA IRQ c0=2
DMA IRQ c1=0
DMA IRQ c2=0
DMA IRQ c3=0
SELECT busy=11840
SELECT w0=11795
SELECT w1=5871
SELECT w2=6654
BUSY TASK ewma=997
DMA IRQ c0=2
DMA IRQ c1=0
DMA IRQ c2=0
DMA IRQ c3=0
SELECT busy=11873
SELECT w0=11829
SELECT w1=5892
SELECT w2=6674
BUSY TASK ewma=997
DMA IRQ c0=2
DMA IRQ c1=0
DMA IRQ c2=0
DMA IRQ c3=0
SELECT busy=11892
SELECT w0=11848
SELECT w1=5903
SELECT w2=6685
BUSY TASK ewma=997
DMA IRQ c0=2
DMA IRQ c1=0
DMA IRQ c2=0
DMA IRQ c3=0
SELECT busy=11911
SELECT w0=11866
SELECT w1=5912
SELECT w2=6694
BUSY TASK ewma=997
DMA IRQ c0=2
DMA IRQ c1=0
DMA IRQ c2=0
DMA IRQ c3=0
SELECT busy=11928
SELECT w0=11883
SELECT w1=5918
SELECT w2=6701
BUSY TASK ewma=997
DMA IRQ c0=2
DMA IRQ c1=0
DMA IRQ c2=0
DMA IRQ c3=0
SELECT busy=11950
SELECT w0=11904
SELECT w1=5928
SELECT w2=6713
BUSY TASK ewma=997
DMA IRQ c0=2
DMA IRQ c1=0
DMA IRQ c2=0
DMA IRQ c3=0
SELECT busy=11974
SELECT w0=11929
SELECT w1=5942
SELECT w2=6730
BUSY TASK ewma=997
DMA IRQ c0=2
DMA IRQ c1=0
DMA IRQ c2=0
DMA IRQ c3=0
SELECT busy=11999
SELECT w0=11954
SELECT w1=5954
SELECT w2=6745
BUSY TASK ewma=997
DMA IRQ c0=2
DMA IRQ c1=0
DMA IRQ c2=0
DMA IRQ c3=0
SELECT busy=12023
SELECT w0=11977
SELECT w1=5969
SELECT w2=6763
BUSY TASK ewma=997
DMA IRQ c0=2
DMA IRQ c1=0
DMA IRQ c2=0
DMA IRQ c3=0
SELECT busy=12044
SELECT w0=11998
SELECT w1=5978
SELECT w2=6776
BUSY TASK ewma=997
DMA IRQ c0=2
DMA IRQ c1=0
DMA IRQ c2=0
DMA IRQ c3=0
SELECT busy=12065
SELECT w0=12019
SELECT w1=5986
SELECT w2=6787
BUSY TASK ewma=997
DMA IRQ c0=2
DMA IRQ c1=0
DMA IRQ c2=0
DMA IRQ c3=0
SELECT busy=12087
SELECT w0=12041
SELECT w1=5991
SELECT w2=6793
BUSY TASK ewma=997
DMA IRQ c0=2
DMA IRQ c1=0
DMA IRQ c2=0
DMA IRQ c3=0
SELECT busy=12110
SELECT w0=12066
SELECT w1=6003
SELECT w2=6806
BUSY TASK ewma=997
DMA IRQ c0=2
DMA IRQ c1=0
DMA IRQ c2=0
DMA IRQ c3=0
SELECT busy=12130
SELECT w0=12084
SELECT w1=6010
SELECT w2=6814
BUSY TASK ewma=997
DMA IRQ c0=2
DMA IRQ c1=0
DMA IRQ c2=0
DMA IRQ c3=0
SELECT busy=12144
SELECT w0=12098
SELECT w1=6017
SELECT w2=6822
BUSY TASK ewma=997
DMA IRQ c0=2
DMA IRQ c1=0
DMA IRQ c2=0
DMA IRQ c3=0
SELECT busy=12164
SELECT w0=12119
SELECT w1=6030
SELECT w2=6835
BUSY TASK ewma=997
DMA IRQ c0=2
DMA IRQ c1=0
DMA IRQ c2=0
DMA IRQ c3=0
SELECT busy=12188
SELECT w0=12142
SELECT w1=6040
SELECT w2=6848
BUSY TASK ewma=997
DMA IRQ c0=2
DMA IRQ c1=0
DMA IRQ c2=0
DMA IRQ c3=0
SELECT busy=12210
SELECT w0=12165
SELECT w1=6050
SELECT w2=6862
BUSY TASK ewma=997
DMA IRQ c0=2
DMA IRQ c1=0
DMA IRQ c2=0
DMA IRQ c3=0
SELECT busy=12250
SELECT w0=12205
SELECT w1=6066
SELECT w2=6888
BUSY TASK ewma=997
DMA IRQ c0=2
DMA IRQ c1=0
DMA IRQ c2=0
DMA IRQ c3=0
SELECT busy=12272
SELECT w0=12227
SELECT w1=6077
SELECT w2=6902
BUSY TASK ewma=997
DMA IRQ c0=2
DMA IRQ c1=0
DMA IRQ c2=0
DMA IRQ c3=0
SELECT busy=12294
SELECT w0=12249
SELECT w1=6086
SELECT w2=6920
BUSY TASK ewma=997
DMA IRQ c0=2
DMA IRQ c1=0
DMA IRQ c2=0
DMA IRQ c3=0
SELECT busy=12321
SELECT w0=12276
SELECT w1=6096
SELECT w2=6932
BUSY TASK ewma=997
DMA IRQ c0=2
DMA IRQ c1=0
DMA IRQ c2=0
DMA IRQ c3=0
SELECT busy=12347
SELECT w0=12301
SELECT w1=6106
SELECT w2=6946
BUSY TASK ewma=997
DMA IRQ c0=2
DMA IRQ c1=0
DMA IRQ c2=0
DMA IRQ c3=0
SELECT busy=12368
SELECT w0=12323
SELECT w1=6118
SELECT w2=6965
BUSY TASK ewma=997
DMA IRQ c0=2
DMA IRQ c1=0
DMA IRQ c2=0
DMA IRQ c3=0
SELECT busy=12397
SELECT w0=12352
SELECT w1=6131
SELECT w2=6981
BUSY TASK ewma=997
DMA IRQ c0=2
DMA IRQ c1=0
DMA IRQ c2=0
DMA IRQ c3=0
SELECT busy=12419
SELECT w0=12373
SELECT w1=6138
SELECT w2=6990
BUSY TASK ewma=997
DMA IRQ c0=2
DMA IRQ c1=0
DMA IRQ c2=0
DMA IRQ c3=0
SELECT busy=12444
SELECT w0=12398
SELECT w1=6148
SELECT w2=7004
BUSY TASK ewma=997
DMA IRQ c0=2
DMA IRQ c1=0
DMA IRQ c2=0
DMA IRQ c3=0
SELECT busy=12463
SELECT w0=12418
SELECT w1=6156
SELECT w2=7013
BUSY TASK ewma=997
DMA IRQ c0=2
DMA IRQ c1=0
DMA IRQ c2=0
DMA IRQ c3=0
SELECT busy=12483
SELECT w0=12438
SELECT w1=6165
SELECT w2=7021
BUSY TASK ewma=997
DMA IRQ c0=2
DMA IRQ c1=0
DMA IRQ c2=0
DMA IRQ c3=0
SELECT busy=12511
SELECT w0=12466
SELECT w1=6186
SELECT w2=7041
BUSY TASK ewma=997
DMA IRQ c0=2
DMA IRQ c1=0
DMA IRQ c2=0
DMA IRQ c3=0
SELECT busy=12541
SELECT w0=12496
SELECT w1=6202
SELECT w2=7063
BUSY TASK ewma=997
DMA IRQ c0=2
DMA IRQ c1=0
DMA IRQ c2=0
DMA IRQ c3=0
SELECT busy=12568
SELECT w0=12522
SELECT w1=6214
SELECT w2=7077
BUSY TASK ewma=997
DMA IRQ c0=2
DMA IRQ c1=0
DMA IRQ c2=0
DMA IRQ c3=0
SELECT busy=12596
SELECT w0=12550
SELECT w1=6224
SELECT w2=7088
BUSY TASK ewma=997
DMA IRQ c0=2
DMA IRQ c1=0
DMA IRQ c2=0
DMA IRQ c3=0
SELECT busy=12621
SELECT w0=12575
SELECT w1=6236
SELECT w2=7103
BUSY TASK ewma=997
DMA IRQ c0=2
DMA IRQ c1=0
DMA IRQ c2=0
DMA IRQ c3=0
SELECT busy=12640
SELECT w0=12594
SELECT w1=6245
SELECT w2=7113
BUSY TASK ewma=997
DMA IRQ c0=2
DMA IRQ c1=0
DMA IRQ c2=0
DMA IRQ c3=0
SELECT busy=12664
SELECT w0=12618
SELECT w1=6257
SELECT w2=7125
BUSY TASK ewma=997
DMA IRQ c0=2
DMA IRQ c1=0
DMA IRQ c2=0
DMA IRQ c3=0
SELECT busy=12691
SELECT w0=12645
SELECT w1=6270
SELECT w2=7140
BUSY TASK ewma=997
DMA IRQ c0=2
DMA IRQ c1=0
DMA IRQ c2=0
DMA IRQ c3=0
SELECT busy=12714
SELECT w0=12668
SELECT w1=6278
SELECT w2=7152
BUSY TASK ewma=997
DMA IRQ c0=2
DMA IRQ c1=0
DMA IRQ c2=0
DMA IRQ c3=0
SELECT busy=12736
SELECT w0=12690
SELECT w1=6285
SELECT w2=7161
BUSY TASK ewma=997
DMA IRQ c0=2
DMA IRQ c1=0
DMA IRQ c2=0
DMA IRQ c3=0
SELECT busy=12762
SELECT w0=12716
SELECT w1=6299
SELECT w2=7178
BUSY TASK ewma=997
DMA IRQ c0=2
DMA IRQ c1=0
DMA IRQ c2=0
DMA IRQ c3=0
SELECT busy=12779
SELECT w0=12733
SELECT w1=6305
SELECT w2=7186
BUSY TASK ewma=997
DMA IRQ c0=2
DMA IRQ c1=0
DMA IRQ c2=0
DMA IRQ c3=0
SELECT busy=12799
SELECT w0=12754
SELECT w1=6315
SELECT w2=7199
BUSY TASK ewma=997
DMA IRQ c0=2
DMA IRQ c1=0
DMA IRQ c2=0
DMA IRQ c3=0
SELECT busy=12823
SELECT w0=12778
SELECT w1=6327
SELECT w2=7218
BUSY TASK ewma=997
DMA IRQ c0=2
DMA IRQ c1=0
DMA IRQ c2=0
DMA IRQ c3=0
SELECT busy=12845
SELECT w0=12800
SELECT w1=6335
SELECT w2=7227
qemu-system-aarch64: terminating on signal 15 from pid 248894 (timeout)
