P4 M7: full integration test boot OK
CPU0: MPIDR_EL1=0x0000000080000000
CPU0: psci_cpu_on target=1 rc=0
CPU1: alive, MPIDR_EL1=0x0000000080000001 this_cpu()->cpu_id=1
CPU0: psci_cpu_on target=2 rc=0
CPU2: alive, MPIDR_EL1=0x0000000080000002 this_cpu()->cpu_id=2
CPU0: psci_cpu_on target=3 rc=0
CPU3: alive, MPIDR_EL1=0x0000000080000003 this_cpu()->cpu_id=3
CPUs online: 4
DMA IRQ target cpu=0
D2b: worker 2 runs on CPU2
D2b: worker 1 runs on CPU1
D2b: worker 0 runs on CPU0
P4 M7: worker submitted cmd_id=1
P4 M7: worker submitted cmd_id=2
P4 M7: worker submitted cmd_id=3
BUSY TASK ewma=997
DMA IRQ c0=0
DMA IRQ c1=0
P4 M7: worker DATA OK, cmd_id=1
P4 M7: worker DATA OK, cmd_id=3
WORKER ewma=881
WORKER ewma=881
P4 M7: worker DATA OK, cmd_id=2
WORKER ewma=831
DMA IRQ c2=0
DMA IRQ c3=0
SELECT busy=33
SELECT w0=21
SELECT w1=26
SELECT w2=38
BUSY TASK ewma=997
DMA IRQ c0=2
DMA IRQ c1=0
DMA IRQ c2=0
DMA IRQ c3=0
SELECT busy=53
SELECT w0=41
SELECT w1=46
SELECT w2=56
BUSY TASK ewma=997
DMA IRQ c0=2
DMA IRQ c1=0
DMA IRQ c2=0
DMA IRQ c3=0
SELECT busy=75
SELECT w0=63
SELECT w1=91
SELECT w2=102
BUSY TASK ewma=997
DMA IRQ c0=2
DMA IRQ c1=0
DMA IRQ c2=0
DMA IRQ c3=0
SELECT busy=92
SELECT w0=80
SELECT w1=112
SELECT w2=125
BUSY TASK ewma=997
DMA IRQ c0=2
DMA IRQ c1=0
DMA IRQ c2=0
DMA IRQ c3=0
SELECT busy=108
SELECT w0=97
SELECT w1=145
SELECT w2=157
BUSY TASK ewma=997
DMA IRQ c0=2
DMA IRQ c1=0
DMA IRQ c2=0
DMA IRQ c3=0
SELECT busy=125
SELECT w0=115
SELECT w1=161
SELECT w2=173
BUSY TASK ewma=997
DMA IRQ c0=2
DMA IRQ c1=0
DMA IRQ c2=0
DMA IRQ c3=0
SELECT busy=145
SELECT w0=134
SELECT w1=174
SELECT w2=190
BUSY TASK ewma=997
DMA IRQ c0=2
DMA IRQ c1=0
DMA IRQ c2=0
DMA IRQ c3=0
SELECT busy=167
SELECT w0=156
SELECT w1=185
SELECT w2=203
BUSY TASK ewma=997
DMA IRQ c0=2
DMA IRQ c1=0
DMA IRQ c2=0
DMA IRQ c3=0
SELECT busy=191
SELECT w0=180
SELECT w1=198
SELECT w2=225
BUSY TASK ewma=997
DMA IRQ c0=2
DMA IRQ c1=0
DMA IRQ c2=0
DMA IRQ c3=0
SELECT busy=232
SELECT w0=220
SELECT w1=218
SELECT w2=256
BUSY TASK ewma=997
DMA IRQ c0=2
DMA IRQ c1=0
DMA IRQ c2=0
DMA IRQ c3=0
SELECT busy=259
SELECT w0=247
SELECT w1=232
SELECT w2=276
BUSY TASK ewma=997
DMA IRQ c0=2
DMA IRQ c1=0
DMA IRQ c2=0
DMA IRQ c3=0
SELECT busy=284
SELECT w0=273
SELECT w1=243
SELECT w2=292
BUSY TASK ewma=997
DMA IRQ c0=2
DMA IRQ c1=0
DMA IRQ c2=0
DMA IRQ c3=0
SELECT busy=306
SELECT w0=298
SELECT w1=259
SELECT w2=309
BUSY TASK ewma=997
DMA IRQ c0=2
DMA IRQ c1=0
DMA IRQ c2=0
DMA IRQ c3=0
SELECT busy=332
SELECT w0=320
SELECT w1=271
SELECT w2=320
BUSY TASK ewma=997
DMA IRQ c0=2
DMA IRQ c1=0
DMA IRQ c2=0
DMA IRQ c3=0
SELECT busy=372
SELECT w0=361
SELECT w1=297
SELECT w2=346
BUSY TASK ewma=997
DMA IRQ c0=2
DMA IRQ c1=0
DMA IRQ c2=0
DMA IRQ c3=0
SELECT busy=403
SELECT w0=391
SELECT w1=315
SELECT w2=361
BUSY TASK ewma=997
DMA IRQ c0=2
DMA IRQ c1=0
DMA IRQ c2=0
DMA IRQ c3=0
SELECT busy=427
SELECT w0=416
SELECT w1=326
SELECT w2=371
BUSY TASK ewma=997
DMA IRQ c0=2
DMA IRQ c1=0
DMA IRQ c2=0
DMA IRQ c3=0
SELECT busy=455
SELECT w0=444
SELECT w1=341
SELECT w2=387
BUSY TASK ewma=997
DMA IRQ c0=2
DMA IRQ c1=0
DMA IRQ c2=0
DMA IRQ c3=0
SELECT busy=476
SELECT w0=465
SELECT w1=350
SELECT w2=397
BUSY TASK ewma=997
DMA IRQ c0=2
DMA IRQ c1=0
DMA IRQ c2=0
DMA IRQ c3=0
SELECT busy=502
SELECT w0=490
SELECT w1=366
SELECT w2=411
BUSY TASK ewma=997
DMA IRQ c0=2
DMA IRQ c1=0
DMA IRQ c2=0
DMA IRQ c3=0
SELECT busy=524
SELECT w0=512
SELECT w1=380
SELECT w2=421
BUSY TASK ewma=997
DMA IRQ c0=2
DMA IRQ c1=0
DMA IRQ c2=0
DMA IRQ c3=0
SELECT busy=551
SELECT w0=540
SELECT w1=395
SELECT w2=436
BUSY TASK ewma=997
DMA IRQ c0=2
DMA IRQ c1=0
DMA IRQ c2=0
DMA IRQ c3=0
SELECT busy=583
SELECT w0=572
SELECT w1=415
SELECT w2=456
BUSY TASK ewma=997
DMA IRQ c0=2
DMA IRQ c1=0
DMA IRQ c2=0
DMA IRQ c3=0
SELECT busy=606
SELECT w0=594
SELECT w1=426
SELECT w2=465
BUSY TASK ewma=997
DMA IRQ c0=2
DMA IRQ c1=0
DMA IRQ c2=0
DMA IRQ c3=0
SELECT busy=630
SELECT w0=619
SELECT w1=441
SELECT w2=481
BUSY TASK ewma=997
DMA IRQ c0=2
DMA IRQ c1=0
DMA IRQ c2=0
DMA IRQ c3=0
SELECT busy=659
SELECT w0=647
SELECT w1=455
SELECT w2=495
BUSY TASK ewma=997
DMA IRQ c0=2
DMA IRQ c1=0
DMA IRQ c2=0
DMA IRQ c3=0
SELECT busy=676
SELECT w0=665
SELECT w1=464
SELECT w2=504
BUSY TASK ewma=997
DMA IRQ c0=2
DMA IRQ c1=0
DMA IRQ c2=0
DMA IRQ c3=0
SELECT busy=692
SELECT w0=680
SELECT w1=471
SELECT w2=512
BUSY TASK ewma=997
DMA IRQ c0=2
DMA IRQ c1=0
DMA IRQ c2=0
DMA IRQ c3=0
SELECT busy=715
SELECT w0=706
SELECT w1=492
SELECT w2=528
BUSY TASK ewma=997
DMA IRQ c0=2
DMA IRQ c1=0
DMA IRQ c2=0
DMA IRQ c3=0
SELECT busy=737
SELECT w0=728
SELECT w1=506
SELECT w2=539
BUSY TASK ewma=997
DMA IRQ c0=2
DMA IRQ c1=0
DMA IRQ c2=0
DMA IRQ c3=0
SELECT busy=751
SELECT w0=740
SELECT w1=513
SELECT w2=546
BUSY TASK ewma=997
DMA IRQ c0=2
DMA IRQ c1=0
DMA IRQ c2=0
DMA IRQ c3=0
SELECT busy=764
SELECT w0=752
SELECT w1=519
SELECT w2=557
BUSY TASK ewma=997
DMA IRQ c0=2
DMA IRQ c1=0
DMA IRQ c2=0
DMA IRQ c3=0
SELECT busy=781
SELECT w0=770
SELECT w1=530
SELECT w2=567
BUSY TASK ewma=997
DMA IRQ c0=2
DMA IRQ c1=0
DMA IRQ c2=0
DMA IRQ c3=0
SELECT busy=795
SELECT w0=783
SELECT w1=536
SELECT w2=573
BUSY TASK ewma=997
DMA IRQ c0=2
DMA IRQ c1=0
DMA IRQ c2=0
DMA IRQ c3=0
SELECT busy=810
SELECT w0=800
SELECT w1=546
SELECT w2=586
BUSY TASK ewma=997
DMA IRQ c0=2
DMA IRQ c1=0
DMA IRQ c2=0
DMA IRQ c3=0
SELECT busy=832
SELECT w0=820
SELECT w1=556
SELECT w2=594
BUSY TASK ewma=997
DMA IRQ c0=2
DMA IRQ c1=0
DMA IRQ c2=0
DMA IRQ c3=0
SELECT busy=851
SELECT w0=839
SELECT w1=559
SELECT w2=598
BUSY TASK ewma=997
DMA IRQ c0=2
DMA IRQ c1=0
DMA IRQ c2=0
DMA IRQ c3=0
SELECT busy=869
SELECT w0=858
SELECT w1=569
SELECT w2=610
BUSY TASK ewma=997
DMA IRQ c0=2
DMA IRQ c1=0
DMA IRQ c2=0
DMA IRQ c3=0
SELECT busy=896
SELECT w0=884
SELECT w1=583
SELECT w2=625
BUSY TASK ewma=997
DMA IRQ c0=2
DMA IRQ c1=0
DMA IRQ c2=0
DMA IRQ c3=0
SELECT busy=913
SELECT w0=901
SELECT w1=593
SELECT w2=636
BUSY TASK ewma=997
DMA IRQ c0=2
DMA IRQ c1=0
DMA IRQ c2=0
DMA IRQ c3=0
SELECT busy=930
SELECT w0=919
SELECT w1=605
SELECT w2=649
BUSY TASK ewma=997
DMA IRQ c0=2
DMA IRQ c1=0
DMA IRQ c2=0
DMA IRQ c3=0
SELECT busy=958
SELECT w0=947
SELECT w1=618
SELECT w2=663
BUSY TASK ewma=997
DMA IRQ c0=2
DMA IRQ c1=0
DMA IRQ c2=0
DMA IRQ c3=0
SELECT busy=988
SELECT w0=977
SELECT w1=640
SELECT w2=678
BUSY TASK ewma=997
DMA IRQ c0=2
DMA IRQ c1=0
DMA IRQ c2=0
DMA IRQ c3=0
SELECT busy=1007
SELECT w0=998
SELECT w1=656
SELECT w2=689
BUSY TASK ewma=997
DMA IRQ c0=2
DMA IRQ c1=0
DMA IRQ c2=0
DMA IRQ c3=0
SELECT busy=1028
SELECT w0=1017
SELECT w1=668
SELECT w2=703
BUSY TASK ewma=997
DMA IRQ c0=2
DMA IRQ c1=0
DMA IRQ c2=0
DMA IRQ c3=0
SELECT busy=1050
SELECT w0=1040
SELECT w1=684
SELECT w2=714
BUSY TASK ewma=997
DMA IRQ c0=2
DMA IRQ c1=0
DMA IRQ c2=0
DMA IRQ c3=0
SELECT busy=1076
SELECT w0=1065
SELECT w1=698
SELECT w2=729
BUSY TASK ewma=997
DMA IRQ c0=2
DMA IRQ c1=0
DMA IRQ c2=0
DMA IRQ c3=0
SELECT busy=1098
SELECT w0=1086
SELECT w1=708
SELECT w2=738
BUSY TASK ewma=997
DMA IRQ c0=2
DMA IRQ c1=0
DMA IRQ c2=0
DMA IRQ c3=0
SELECT busy=1119
SELECT w0=1107
SELECT w1=716
SELECT w2=746
BUSY TASK ewma=997
DMA IRQ c0=2
DMA IRQ c1=0
DMA IRQ c2=0
DMA IRQ c3=0
SELECT busy=1146
SELECT w0=1135
SELECT w1=733
SELECT w2=763
BUSY TASK ewma=997
DMA IRQ c0=2
DMA IRQ c1=0
DMA IRQ c2=0
DMA IRQ c3=0
SELECT busy=1171
SELECT w0=1162
SELECT w1=747
SELECT w2=779
BUSY TASK ewma=997
DMA IRQ c0=2
DMA IRQ c1=0
DMA IRQ c2=0
DMA IRQ c3=0
SELECT busy=1203
SELECT w0=1192
SELECT w1=763
SELECT w2=798
BUSY TASK ewma=997
DMA IRQ c0=2
DMA IRQ c1=0
DMA IRQ c2=0
DMA IRQ c3=0
SELECT busy=1224
SELECT w0=1212
SELECT w1=770
SELECT w2=805
BUSY TASK ewma=997
DMA IRQ c0=2
DMA IRQ c1=0
DMA IRQ c2=0
DMA IRQ c3=0
SELECT busy=1246
SELECT w0=1234
SELECT w1=779
SELECT w2=817
BUSY TASK ewma=997
DMA IRQ c0=2
DMA IRQ c1=0
DMA IRQ c2=0
DMA IRQ c3=0
SELECT busy=1264
SELECT w0=1253
SELECT w1=788
SELECT w2=825
BUSY TASK ewma=997
DMA IRQ c0=2
DMA IRQ c1=0
DMA IRQ c2=0
DMA IRQ c3=0
SELECT busy=1288
SELECT w0=1276
SELECT w1=802
SELECT w2=841
BUSY TASK ewma=997
DMA IRQ c0=2
DMA IRQ c1=0
DMA IRQ c2=0
DMA IRQ c3=0
SELECT busy=1308
SELECT w0=1296
SELECT w1=813
SELECT w2=851
BUSY TASK ewma=997
DMA IRQ c0=2
DMA IRQ c1=0
DMA IRQ c2=0
DMA IRQ c3=0
SELECT busy=1321
SELECT w0=1309
SELECT w1=819
SELECT w2=857
BUSY TASK ewma=997
DMA IRQ c0=2
DMA IRQ c1=0
DMA IRQ c2=0
DMA IRQ c3=0
SELECT busy=1342
SELECT w0=1331
SELECT w1=833
SELECT w2=871
BUSY TASK ewma=997
DMA IRQ c0=2
DMA IRQ c1=0
DMA IRQ c2=0
DMA IRQ c3=0
SELECT busy=1368
SELECT w0=1357
SELECT w1=847
SELECT w2=887
BUSY TASK ewma=997
DMA IRQ c0=2
DMA IRQ c1=0
DMA IRQ c2=0
DMA IRQ c3=0
SELECT busy=1390
SELECT w0=1379
SELECT w1=860
SELECT w2=902
BUSY TASK ewma=997
DMA IRQ c0=2
DMA IRQ c1=0
DMA IRQ c2=0
DMA IRQ c3=0
SELECT busy=1411
SELECT w0=1399
SELECT w1=868
SELECT w2=912
BUSY TASK ewma=997
DMA IRQ c0=2
DMA IRQ c1=0
DMA IRQ c2=0
DMA IRQ c3=0
SELECT busy=1434
SELECT w0=1423
SELECT w1=882
SELECT w2=928
BUSY TASK ewma=997
IRQ counts: cpu0=2897 cpu1=3319 cpu2=3345 cpu3=3298
SCHED secondaries: calls=9980 unexpected=0
SECTEST switches=9943 cpu1=34987487,33740633 cpu2=26154199,25026081 cpu3=39623503,37578099
PINGPONG rounds=715 pongs=716
DMA IRQ c0=2
DMA IRQ c1=0
DMA IRQ c2=0
DMA IRQ c3=0
SELECT busy=1467
SELECT w0=1455
SELECT w1=904
SELECT w2=947
BUSY TASK ewma=997
DMA IRQ c0=2
DMA IRQ c1=0
DMA IRQ c2=0
DMA IRQ c3=0
SELECT busy=1490
SELECT w0=1479
SELECT w1=917
SELECT w2=959
BUSY TASK ewma=997
DMA IRQ c0=2
DMA IRQ c1=0
DMA IRQ c2=0
DMA IRQ c3=0
SELECT busy=1512
SELECT w0=1503
SELECT w1=925
SELECT w2=970
BUSY TASK ewma=997
DMA IRQ c0=2
DMA IRQ c1=0
DMA IRQ c2=0
DMA IRQ c3=0
SELECT busy=1536
SELECT w0=1524
SELECT w1=936
SELECT w2=981
BUSY TASK ewma=997
DMA IRQ c0=2
DMA IRQ c1=0
DMA IRQ c2=0
DMA IRQ c3=0
SELECT busy=1565
SELECT w0=1555
SELECT w1=953
SELECT w2=1001
BUSY TASK ewma=997
DMA IRQ c0=2
DMA IRQ c1=0
DMA IRQ c2=0
DMA IRQ c3=0
SELECT busy=1589
SELECT w0=1579
SELECT w1=969
SELECT w2=1016
BUSY TASK ewma=997
DMA IRQ c0=2
DMA IRQ c1=0
DMA IRQ c2=0
DMA IRQ c3=0
SELECT busy=1615
SELECT w0=1604
SELECT w1=987
SELECT w2=1031
BUSY TASK ewma=997
DMA IRQ c0=2
DMA IRQ c1=0
DMA IRQ c2=0
DMA IRQ c3=0
SELECT busy=1646
SELECT w0=1634
SELECT w1=1006
SELECT w2=1048
BUSY TASK ewma=997
DMA IRQ c0=2
DMA IRQ c1=0
DMA IRQ c2=0
DMA IRQ c3=0
SELECT busy=1675
SELECT w0=1667
SELECT w1=1026
SELECT w2=1065
BUSY TASK ewma=997
DMA IRQ c0=2
DMA IRQ c1=0
DMA IRQ c2=0
DMA IRQ c3=0
SELECT busy=1703
SELECT w0=1691
SELECT w1=1040
SELECT w2=1075
BUSY TASK ewma=997
DMA IRQ c0=2
DMA IRQ c1=0
DMA IRQ c2=0
DMA IRQ c3=0
SELECT busy=1723
SELECT w0=1713
SELECT w1=1054
SELECT w2=1088
BUSY TASK ewma=997
DMA IRQ c0=2
DMA IRQ c1=0
DMA IRQ c2=0
DMA IRQ c3=0
SELECT busy=1752
SELECT w0=1741
SELECT w1=1070
SELECT w2=1104
BUSY TASK ewma=997
DMA IRQ c0=2
DMA IRQ c1=0
DMA IRQ c2=0
DMA IRQ c3=0
SELECT busy=1771
SELECT w0=1759
SELECT w1=1080
SELECT w2=1113
BUSY TASK ewma=997
DMA IRQ c0=2
DMA IRQ c1=0
DMA IRQ c2=0
DMA IRQ c3=0
SELECT busy=1804
SELECT w0=1793
SELECT w1=1097
SELECT w2=1131
BUSY TASK ewma=997
DMA IRQ c0=2
DMA IRQ c1=0
DMA IRQ c2=0
DMA IRQ c3=0
SELECT busy=1826
SELECT w0=1814
SELECT w1=1106
SELECT w2=1141
BUSY TASK ewma=997
DMA IRQ c0=2
DMA IRQ c1=0
DMA IRQ c2=0
DMA IRQ c3=0
SELECT busy=1850
SELECT w0=1839
SELECT w1=1120
SELECT w2=1156
BUSY TASK ewma=997
DMA IRQ c0=2
DMA IRQ c1=0
DMA IRQ c2=0
DMA IRQ c3=0
SELECT busy=1882
SELECT w0=1872
SELECT w1=1144
SELECT w2=1171
BUSY TASK ewma=997
DMA IRQ c0=2
DMA IRQ c1=0
DMA IRQ c2=0
DMA IRQ c3=0
SELECT busy=1907
SELECT w0=1896
SELECT w1=1160
SELECT w2=1184
BUSY TASK ewma=997
DMA IRQ c0=2
DMA IRQ c1=0
DMA IRQ c2=0
DMA IRQ c3=0
SELECT busy=1933
SELECT w0=1921
SELECT w1=1175
SELECT w2=1196
BUSY TASK ewma=997
DMA IRQ c0=2
DMA IRQ c1=0
DMA IRQ c2=0
DMA IRQ c3=0
SELECT busy=1952
SELECT w0=1940
SELECT w1=1183
SELECT w2=1204
BUSY TASK ewma=997
DMA IRQ c0=2
DMA IRQ c1=0
DMA IRQ c2=0
DMA IRQ c3=0
SELECT busy=1974
SELECT w0=1962
SELECT w1=1194
SELECT w2=1214
BUSY TASK ewma=997
DMA IRQ c0=2
DMA IRQ c1=0
DMA IRQ c2=0
DMA IRQ c3=0
SELECT busy=1995
SELECT w0=1984
SELECT w1=1209
SELECT w2=1227
BUSY TASK ewma=997
DMA IRQ c0=2
DMA IRQ c1=0
DMA IRQ c2=0
DMA IRQ c3=0
SELECT busy=2017
SELECT w0=2005
SELECT w1=1218
SELECT w2=1236
BUSY TASK ewma=997
DMA IRQ c0=2
DMA IRQ c1=0
DMA IRQ c2=0
DMA IRQ c3=0
SELECT busy=2038
SELECT w0=2026
SELECT w1=1228
SELECT w2=1247
BUSY TASK ewma=997
DMA IRQ c0=2
DMA IRQ c1=0
DMA IRQ c2=0
DMA IRQ c3=0
SELECT busy=2061
SELECT w0=2051
SELECT w1=1242
SELECT w2=1266
BUSY TASK ewma=997
DMA IRQ c0=2
DMA IRQ c1=0
DMA IRQ c2=0
DMA IRQ c3=0
SELECT busy=2077
SELECT w0=2066
SELECT w1=1250
SELECT w2=1277
BUSY TASK ewma=997
DMA IRQ c0=2
DMA IRQ c1=0
DMA IRQ c2=0
DMA IRQ c3=0
SELECT busy=2102
SELECT w0=2091
SELECT w1=1262
SELECT w2=1293
BUSY TASK ewma=997
DMA IRQ c0=2
DMA IRQ c1=0
DMA IRQ c2=0
DMA IRQ c3=0
SELECT busy=2127
SELECT w0=2115
SELECT w1=1275
SELECT w2=1309
BUSY TASK ewma=997
DMA IRQ c0=2
DMA IRQ c1=0
DMA IRQ c2=0
DMA IRQ c3=0
SELECT busy=2156
SELECT w0=2145
SELECT w1=1295
SELECT w2=1328
BUSY TASK ewma=997
DMA IRQ c0=2
DMA IRQ c1=0
DMA IRQ c2=0
DMA IRQ c3=0
SELECT busy=2181
SELECT w0=2170
SELECT w1=1310
SELECT w2=1346
BUSY TASK ewma=997
DMA IRQ c0=2
DMA IRQ c1=0
DMA IRQ c2=0
DMA IRQ c3=0
SELECT busy=2203
SELECT w0=2191
SELECT w1=1324
SELECT w2=1356
BUSY TASK ewma=997
DMA IRQ c0=2
DMA IRQ c1=0
DMA IRQ c2=0
DMA IRQ c3=0
SELECT busy=2219
SELECT w0=2208
SELECT w1=1333
SELECT w2=1365
BUSY TASK ewma=997
DMA IRQ c0=2
DMA IRQ c1=0
DMA IRQ c2=0
DMA IRQ c3=0
SELECT busy=2244
SELECT w0=2232
SELECT w1=1347
SELECT w2=1378
BUSY TASK ewma=997
DMA IRQ c0=2
DMA IRQ c1=0
DMA IRQ c2=0
DMA IRQ c3=0
SELECT busy=2279
SELECT w0=2268
SELECT w1=1366
SELECT w2=1400
BUSY TASK ewma=997
DMA IRQ c0=2
DMA IRQ c1=0
DMA IRQ c2=0
DMA IRQ c3=0
SELECT busy=2307
SELECT w0=2295
SELECT w1=1384
SELECT w2=1416
BUSY TASK ewma=997
DMA IRQ c0=2
DMA IRQ c1=0
DMA IRQ c2=0
DMA IRQ c3=0
SELECT busy=2335
SELECT w0=2323
SELECT w1=1402
SELECT w2=1430
BUSY TASK ewma=997
DMA IRQ c0=2
DMA IRQ c1=0
DMA IRQ c2=0
DMA IRQ c3=0
SELECT busy=2372
SELECT w0=2361
SELECT w1=1422
SELECT w2=1450
BUSY TASK ewma=997
DMA IRQ c0=2
DMA IRQ c1=0
DMA IRQ c2=0
DMA IRQ c3=0
SELECT busy=2404
SELECT w0=2393
SELECT w1=1439
SELECT w2=1470
BUSY TASK ewma=997
DMA IRQ c0=2
DMA IRQ c1=0
DMA IRQ c2=0
DMA IRQ c3=0
SELECT busy=2423
SELECT w0=2411
SELECT w1=1450
SELECT w2=1483
BUSY TASK ewma=997
DMA IRQ c0=2
DMA IRQ c1=0
DMA IRQ c2=0
DMA IRQ c3=0
SELECT busy=2447
SELECT w0=2436
SELECT w1=1463
SELECT w2=1499
BUSY TASK ewma=997
DMA IRQ c0=2
DMA IRQ c1=0
DMA IRQ c2=0
DMA IRQ c3=0
SELECT busy=2464
SELECT w0=2452
SELECT w1=1471
SELECT w2=1507
BUSY TASK ewma=997
DMA IRQ c0=2
DMA IRQ c1=0
DMA IRQ c2=0
DMA IRQ c3=0
SELECT busy=2483
SELECT w0=2473
SELECT w1=1484
SELECT w2=1519
BUSY TASK ewma=997
DMA IRQ c0=2
DMA IRQ c1=0
DMA IRQ c2=0
DMA IRQ c3=0
SELECT busy=2502
SELECT w0=2491
SELECT w1=1495
SELECT w2=1528
BUSY TASK ewma=997
DMA IRQ c0=2
DMA IRQ c1=0
DMA IRQ c2=0
DMA IRQ c3=0
SELECT busy=2530
SELECT w0=2520
SELECT w1=1509
SELECT w2=1545
BUSY TASK ewma=997
DMA IRQ c0=2
DMA IRQ c1=0
DMA IRQ c2=0
DMA IRQ c3=0
SELECT busy=2562
SELECT w0=2551
SELECT w1=1522
SELECT w2=1558
BUSY TASK ewma=997
DMA IRQ c0=2
DMA IRQ c1=0
DMA IRQ c2=0
DMA IRQ c3=0
SELECT busy=2588
SELECT w0=2576
SELECT w1=1537
SELECT w2=1570
BUSY TASK ewma=997
DMA IRQ c0=2
DMA IRQ c1=0
DMA IRQ c2=0
DMA IRQ c3=0
SELECT busy=2608
SELECT w0=2597
SELECT w1=1551
SELECT w2=1583
BUSY TASK ewma=997
DMA IRQ c0=2
DMA IRQ c1=0
DMA IRQ c2=0
DMA IRQ c3=0
SELECT busy=2631
SELECT w0=2619
SELECT w1=1567
SELECT w2=1593
BUSY TASK ewma=997
DMA IRQ c0=2
DMA IRQ c1=0
DMA IRQ c2=0
DMA IRQ c3=0
SELECT busy=2658
SELECT w0=2647
SELECT w1=1583
SELECT w2=1610
BUSY TASK ewma=997
DMA IRQ c0=2
DMA IRQ c1=0
DMA IRQ c2=0
DMA IRQ c3=0
SELECT busy=2683
SELECT w0=2671
SELECT w1=1595
SELECT w2=1623
BUSY TASK ewma=997
DMA IRQ c0=2
DMA IRQ c1=0
DMA IRQ c2=0
DMA IRQ c3=0
SELECT busy=2700
SELECT w0=2688
SELECT w1=1603
SELECT w2=1632
BUSY TASK ewma=997
DMA IRQ c0=2
DMA IRQ c1=0
DMA IRQ c2=0
DMA IRQ c3=0
SELECT busy=2722
SELECT w0=2711
SELECT w1=1615
SELECT w2=1645
BUSY TASK ewma=997
DMA IRQ c0=2
DMA IRQ c1=0
DMA IRQ c2=0
DMA IRQ c3=0
SELECT busy=2744
SELECT w0=2732
SELECT w1=1627
SELECT w2=1658
BUSY TASK ewma=997
DMA IRQ c0=2
DMA IRQ c1=0
DMA IRQ c2=0
DMA IRQ c3=0
SELECT busy=2763
SELECT w0=2752
SELECT w1=1638
SELECT w2=1669
BUSY TASK ewma=997
DMA IRQ c0=2
DMA IRQ c1=0
DMA IRQ c2=0
DMA IRQ c3=0
SELECT busy=2783
SELECT w0=2772
SELECT w1=1648
SELECT w2=1680
BUSY TASK ewma=997
DMA IRQ c0=2
DMA IRQ c1=0
DMA IRQ c2=0
DMA IRQ c3=0
SELECT busy=2806
SELECT w0=2795
SELECT w1=1662
SELECT w2=1694
BUSY TASK ewma=997
DMA IRQ c0=2
DMA IRQ c1=0
DMA IRQ c2=0
DMA IRQ c3=0
SELECT busy=2828
SELECT w0=2816
SELECT w1=1673
SELECT w2=1704
BUSY TASK ewma=997
DMA IRQ c0=2
DMA IRQ c1=0
DMA IRQ c2=0
DMA IRQ c3=0
SELECT busy=2849
SELECT w0=2839
SELECT w1=1688
SELECT w2=1718
BUSY TASK ewma=997
DMA IRQ c0=2
DMA IRQ c1=0
DMA IRQ c2=0
DMA IRQ c3=0
SELECT busy=2873
SELECT w0=2862
SELECT w1=1704
SELECT w2=1732
BUSY TASK ewma=997
DMA IRQ c0=2
DMA IRQ c1=0
DMA IRQ c2=0
DMA IRQ c3=0
SELECT busy=2901
SELECT w0=2890
SELECT w1=1723
SELECT w2=1748
BUSY TASK ewma=997
DMA IRQ c0=2
DMA IRQ c1=0
DMA IRQ c2=0
DMA IRQ c3=0
SELECT busy=2920
SELECT w0=2909
SELECT w1=1737
SELECT w2=1760
BUSY TASK ewma=997
DMA IRQ c0=2
DMA IRQ c1=0
DMA IRQ c2=0
DMA IRQ c3=0
SELECT busy=2937
SELECT w0=2926
SELECT w1=1747
SELECT w2=1769
BUSY TASK ewma=997
DMA IRQ c0=2
DMA IRQ c1=0
DMA IRQ c2=0
DMA IRQ c3=0
SELECT busy=2952
SELECT w0=2940
SELECT w1=1756
SELECT w2=1776
BUSY TASK ewma=997
DMA IRQ c0=2
DMA IRQ c1=0
DMA IRQ c2=0
DMA IRQ c3=0
SELECT busy=2970
SELECT w0=2959
SELECT w1=1767
SELECT w2=1787
BUSY TASK ewma=997
IRQ counts: cpu0=5967 cpu1=6933 cpu2=6861 cpu3=6915
SCHED secondaries: calls=20727 unexpected=0
SECTEST switches=20694 cpu1=75098442,77180092 cpu2=56275793,55355847 cpu3=83708744,81484859
PINGPONG rounds=1286 pongs=1287
DMA IRQ c0=2
DMA IRQ c1=0
DMA IRQ c2=0
DMA IRQ c3=0
SELECT busy=3009
SELECT w0=2997
SELECT w1=1794
SELECT w2=1814
BUSY TASK ewma=997
DMA IRQ c0=2
DMA IRQ c1=0
DMA IRQ c2=0
DMA IRQ c3=0
SELECT busy=3023
SELECT w0=3011
SELECT w1=1800
SELECT w2=1820
BUSY TASK ewma=997
DMA IRQ c0=2
DMA IRQ c1=0
DMA IRQ c2=0
DMA IRQ c3=0
SELECT busy=3046
SELECT w0=3035
SELECT w1=1815
SELECT w2=1837
BUSY TASK ewma=997
DMA IRQ c0=2
DMA IRQ c1=0
DMA IRQ c2=0
DMA IRQ c3=0
SELECT busy=3069
SELECT w0=3057
SELECT w1=1824
SELECT w2=1849
BUSY TASK ewma=997
DMA IRQ c0=2
DMA IRQ c1=0
DMA IRQ c2=0
DMA IRQ c3=0
SELECT busy=3088
SELECT w0=3076
SELECT w1=1831
SELECT w2=1855
BUSY TASK ewma=997
DMA IRQ c0=2
DMA IRQ c1=0
DMA IRQ c2=0
DMA IRQ c3=0
SELECT busy=3102
SELECT w0=3091
SELECT w1=1842
SELECT w2=1868
BUSY TASK ewma=997
DMA IRQ c0=2
DMA IRQ c1=0
DMA IRQ c2=0
DMA IRQ c3=0
SELECT busy=3119
SELECT w0=3108
SELECT w1=1850
SELECT w2=1880
BUSY TASK ewma=997
DMA IRQ c0=2
DMA IRQ c1=0
DMA IRQ c2=0
DMA IRQ c3=0
SELECT busy=3143
SELECT w0=3131
SELECT w1=1868
SELECT w2=1897
BUSY TASK ewma=997
DMA IRQ c0=2
DMA IRQ c1=0
DMA IRQ c2=0
DMA IRQ c3=0
SELECT busy=3160
SELECT w0=3148
SELECT w1=1878
SELECT w2=1908
BUSY TASK ewma=997
DMA IRQ c0=2
DMA IRQ c1=0
DMA IRQ c2=0
DMA IRQ c3=0
SELECT busy=3189
SELECT w0=3177
SELECT w1=1895
SELECT w2=1927
BUSY TASK ewma=997
DMA IRQ c0=2
DMA IRQ c1=0
DMA IRQ c2=0
DMA IRQ c3=0
SELECT busy=3214
SELECT w0=3202
SELECT w1=1907
SELECT w2=1938
BUSY TASK ewma=997
DMA IRQ c0=2
DMA IRQ c1=0
DMA IRQ c2=0
DMA IRQ c3=0
SELECT busy=3230
SELECT w0=3219
SELECT w1=1919
SELECT w2=1949
BUSY TASK ewma=997
DMA IRQ c0=2
DMA IRQ c1=0
DMA IRQ c2=0
DMA IRQ c3=0
SELECT busy=3250
SELECT w0=3241
SELECT w1=1933
SELECT w2=1961
BUSY TASK ewma=997
DMA IRQ c0=2
DMA IRQ c1=0
DMA IRQ c2=0
DMA IRQ c3=0
SELECT busy=3274
SELECT w0=3263
SELECT w1=1944
SELECT w2=1972
BUSY TASK ewma=997
DMA IRQ c0=2
DMA IRQ c1=0
DMA IRQ c2=0
DMA IRQ c3=0
SELECT busy=3292
SELECT w0=3280
SELECT w1=1954
SELECT w2=1979
BUSY TASK ewma=997
DMA IRQ c0=2
DMA IRQ c1=0
DMA IRQ c2=0
DMA IRQ c3=0
SELECT busy=3310
SELECT w0=3299
SELECT w1=1964
SELECT w2=1988
BUSY TASK ewma=997
DMA IRQ c0=2
DMA IRQ c1=0
DMA IRQ c2=0
DMA IRQ c3=0
SELECT busy=3331
SELECT w0=3320
SELECT w1=1976
SELECT w2=2003
BUSY TASK ewma=997
DMA IRQ c0=2
DMA IRQ c1=0
DMA IRQ c2=0
DMA IRQ c3=0
SELECT busy=3352
SELECT w0=3341
SELECT w1=1991
SELECT w2=2016
BUSY TASK ewma=997
DMA IRQ c0=2
DMA IRQ c1=0
DMA IRQ c2=0
DMA IRQ c3=0
SELECT busy=3371
SELECT w0=3360
SELECT w1=2001
SELECT w2=2027
BUSY TASK ewma=997
DMA IRQ c0=2
DMA IRQ c1=0
DMA IRQ c2=0
DMA IRQ c3=0
SELECT busy=3406
SELECT w0=3395
SELECT w1=2026
SELECT w2=2047
BUSY TASK ewma=997
DMA IRQ c0=2
DMA IRQ c1=0
DMA IRQ c2=0
DMA IRQ c3=0
SELECT busy=3434
SELECT w0=3423
SELECT w1=2042
SELECT w2=2061
BUSY TASK ewma=997
DMA IRQ c0=2
DMA IRQ c1=0
DMA IRQ c2=0
DMA IRQ c3=0
SELECT busy=3464
SELECT w0=3452
SELECT w1=2056
SELECT w2=2076
BUSY TASK ewma=997
DMA IRQ c0=2
DMA IRQ c1=0
DMA IRQ c2=0
DMA IRQ c3=0
SELECT busy=3486
SELECT w0=3475
SELECT w1=2070
SELECT w2=2098
BUSY TASK ewma=997
DMA IRQ c0=2
DMA IRQ c1=0
DMA IRQ c2=0
DMA IRQ c3=0
SELECT busy=3515
SELECT w0=3503
SELECT w1=2086
SELECT w2=2114
BUSY TASK ewma=997
DMA IRQ c0=2
DMA IRQ c1=0
DMA IRQ c2=0
DMA IRQ c3=0
SELECT busy=3536
SELECT w0=3525
SELECT w1=2099
SELECT w2=2128
BUSY TASK ewma=997
DMA IRQ c0=2
DMA IRQ c1=0
DMA IRQ c2=0
DMA IRQ c3=0
SELECT busy=3570
SELECT w0=3558
SELECT w1=2120
SELECT w2=2147
BUSY TASK ewma=997
DMA IRQ c0=2
DMA IRQ c1=0
DMA IRQ c2=0
DMA IRQ c3=0
SELECT busy=3593
SELECT w0=3581
SELECT w1=2133
SELECT w2=2161
BUSY TASK ewma=997
DMA IRQ c0=2
DMA IRQ c1=0
DMA IRQ c2=0
DMA IRQ c3=0
SELECT busy=3618
SELECT w0=3607
SELECT w1=2151
SELECT w2=2174
BUSY TASK ewma=997
DMA IRQ c0=2
DMA IRQ c1=0
DMA IRQ c2=0
DMA IRQ c3=0
SELECT busy=3647
SELECT w0=3636
SELECT w1=2170
SELECT w2=2193
BUSY TASK ewma=997
DMA IRQ c0=2
DMA IRQ c1=0
DMA IRQ c2=0
DMA IRQ c3=0
SELECT busy=3681
SELECT w0=3670
SELECT w1=2189
SELECT w2=2208
BUSY TASK ewma=997
DMA IRQ c0=2
DMA IRQ c1=0
DMA IRQ c2=0
DMA IRQ c3=0
SELECT busy=3707
SELECT w0=3696
SELECT w1=2201
SELECT w2=2224
BUSY TASK ewma=997
DMA IRQ c0=2
DMA IRQ c1=0
DMA IRQ c2=0
DMA IRQ c3=0
SELECT busy=3726
SELECT w0=3714
SELECT w1=2215
SELECT w2=2231
BUSY TASK ewma=997
DMA IRQ c0=2
DMA IRQ c1=0
DMA IRQ c2=0
DMA IRQ c3=0
SELECT busy=3743
SELECT w0=3733
SELECT w1=2226
SELECT w2=2243
BUSY TASK ewma=997
DMA IRQ c0=2
DMA IRQ c1=0
DMA IRQ c2=0
DMA IRQ c3=0
SELECT busy=3763
SELECT w0=3751
SELECT w1=2238
SELECT w2=2252
BUSY TASK ewma=997
DMA IRQ c0=2
DMA IRQ c1=0
DMA IRQ c2=0
DMA IRQ c3=0
SELECT busy=3781
SELECT w0=3769
SELECT w1=2247
SELECT w2=2261
BUSY TASK ewma=997
DMA IRQ c0=2
DMA IRQ c1=0
DMA IRQ c2=0
DMA IRQ c3=0
SELECT busy=3809
SELECT w0=3799
SELECT w1=2266
SELECT w2=2279
BUSY TASK ewma=997
DMA IRQ c0=2
DMA IRQ c1=0
DMA IRQ c2=0
DMA IRQ c3=0
SELECT busy=3841
SELECT w0=3829
SELECT w1=2281
SELECT w2=2293
BUSY TASK ewma=997
DMA IRQ c0=2
DMA IRQ c1=0
DMA IRQ c2=0
DMA IRQ c3=0
SELECT busy=3856
SELECT w0=3845
SELECT w1=2291
SELECT w2=2303
BUSY TASK ewma=997
DMA IRQ c0=2
DMA IRQ c1=0
DMA IRQ c2=0
DMA IRQ c3=0
SELECT busy=3877
SELECT w0=3865
SELECT w1=2305
SELECT w2=2313
BUSY TASK ewma=997
DMA IRQ c0=2
DMA IRQ c1=0
DMA IRQ c2=0
DMA IRQ c3=0
SELECT busy=3900
SELECT w0=3888
SELECT w1=2317
SELECT w2=2324
BUSY TASK ewma=997
DMA IRQ c0=2
DMA IRQ c1=0
DMA IRQ c2=0
DMA IRQ c3=0
SELECT busy=3921
SELECT w0=3910
SELECT w1=2326
SELECT w2=2334
BUSY TASK ewma=997
DMA IRQ c0=2
DMA IRQ c1=0
DMA IRQ c2=0
DMA IRQ c3=0
SELECT busy=3949
SELECT w0=3937
SELECT w1=2340
SELECT w2=2349
BUSY TASK ewma=997
DMA IRQ c0=2
DMA IRQ c1=0
DMA IRQ c2=0
DMA IRQ c3=0
SELECT busy=3973
SELECT w0=3962
SELECT w1=2352
SELECT w2=2362
BUSY TASK ewma=997
DMA IRQ c0=2
DMA IRQ c1=0
DMA IRQ c2=0
DMA IRQ c3=0
SELECT busy=3996
SELECT w0=3986
SELECT w1=2364
SELECT w2=2377
BUSY TASK ewma=997
DMA IRQ c0=2
DMA IRQ c1=0
DMA IRQ c2=0
DMA IRQ c3=0
SELECT busy=4031
SELECT w0=4019
SELECT w1=2381
SELECT w2=2393
BUSY TASK ewma=997
DMA IRQ c0=2
DMA IRQ c1=0
DMA IRQ c2=0
DMA IRQ c3=0
SELECT busy=4062
SELECT w0=4051
SELECT w1=2399
SELECT w2=2410
BUSY TASK ewma=997
DMA IRQ c0=2
DMA IRQ c1=0
DMA IRQ c2=0
DMA IRQ c3=0
SELECT busy=4103
SELECT w0=4091
SELECT w1=2421
SELECT w2=2433
BUSY TASK ewma=997
DMA IRQ c0=2
DMA IRQ c1=0
DMA IRQ c2=0
DMA IRQ c3=0
SELECT busy=4141
SELECT w0=4134
SELECT w1=2441
SELECT w2=2454
BUSY TASK ewma=997
DMA IRQ c0=2
DMA IRQ c1=0
DMA IRQ c2=0
DMA IRQ c3=0
SELECT busy=4169
SELECT w0=4158
SELECT w1=2452
SELECT w2=2463
BUSY TASK ewma=997
DMA IRQ c0=2
DMA IRQ c1=0
DMA IRQ c2=0
DMA IRQ c3=0
SELECT busy=4203
SELECT w0=4191
SELECT w1=2471
SELECT w2=2479
BUSY TASK ewma=997
DMA IRQ c0=2
DMA IRQ c1=0
DMA IRQ c2=0
DMA IRQ c3=0
SELECT busy=4225
SELECT w0=4214
SELECT w1=2485
SELECT w2=2493
BUSY TASK ewma=997
DMA IRQ c0=2
DMA IRQ c1=0
DMA IRQ c2=0
DMA IRQ c3=0
SELECT busy=4250
SELECT w0=4239
SELECT w1=2496
SELECT w2=2504
BUSY TASK ewma=997
DMA IRQ c0=2
DMA IRQ c1=0
DMA IRQ c2=0
DMA IRQ c3=0
SELECT busy=4276
SELECT w0=4264
SELECT w1=2509
SELECT w2=2515
BUSY TASK ewma=997
DMA IRQ c0=2
DMA IRQ c1=0
DMA IRQ c2=0
DMA IRQ c3=0
SELECT busy=4298
SELECT w0=4286
SELECT w1=2521
SELECT w2=2528
BUSY TASK ewma=997
DMA IRQ c0=2
DMA IRQ c1=0
DMA IRQ c2=0
DMA IRQ c3=0
SELECT busy=4319
SELECT w0=4307
SELECT w1=2532
SELECT w2=2539
BUSY TASK ewma=997
DMA IRQ c0=2
DMA IRQ c1=0
DMA IRQ c2=0
DMA IRQ c3=0
SELECT busy=4333
SELECT w0=4321
SELECT w1=2540
SELECT w2=2547
BUSY TASK ewma=997
DMA IRQ c0=2
DMA IRQ c1=0
DMA IRQ c2=0
DMA IRQ c3=0
SELECT busy=4350
SELECT w0=4338
SELECT w1=2548
SELECT w2=2555
BUSY TASK ewma=997
DMA IRQ c0=2
DMA IRQ c1=0
DMA IRQ c2=0
DMA IRQ c3=0
SELECT busy=4370
SELECT w0=4358
SELECT w1=2557
SELECT w2=2566
BUSY TASK ewma=997
DMA IRQ c0=2
DMA IRQ c1=0
DMA IRQ c2=0
DMA IRQ c3=0
SELECT busy=4389
SELECT w0=4377
SELECT w1=2563
SELECT w2=2573
BUSY TASK ewma=997
DMA IRQ c0=2
DMA IRQ c1=0
DMA IRQ c2=0
DMA IRQ c3=0
SELECT busy=4406
SELECT w0=4395
SELECT w1=2573
SELECT w2=2583
BUSY TASK ewma=997
DMA IRQ c0=2
DMA IRQ c1=0
DMA IRQ c2=0
DMA IRQ c3=0
SELECT busy=4426
SELECT w0=4415
SELECT w1=2583
SELECT w2=2592
BUSY TASK ewma=997
DMA IRQ c0=2
DMA IRQ c1=0
DMA IRQ c2=0
DMA IRQ c3=0
SELECT busy=4447
SELECT w0=4436
SELECT w1=2595
SELECT w2=2606
BUSY TASK ewma=997
DMA IRQ c0=2
DMA IRQ c1=0
DMA IRQ c2=0
DMA IRQ c3=0
SELECT busy=4478
SELECT w0=4467
SELECT w1=2613
SELECT w2=2625
BUSY TASK ewma=997
DMA IRQ c0=2
DMA IRQ c1=0
DMA IRQ c2=0
DMA IRQ c3=0
SELECT busy=4492
SELECT w0=4481
SELECT w1=2621
SELECT w2=2633
BUSY TASK ewma=997
IRQ counts: cpu0=9007 cpu1=10376 cpu2=10282 cpu3=10245
SCHED secondaries: calls=30904 unexpected=0
SECTEST switches=30858 cpu1=112626890,114988831 cpu2=85763629,84944076 cpu3=122612891,119635167
PINGPONG rounds=1932 pongs=1934
DMA IRQ c0=2
DMA IRQ c1=0
DMA IRQ c2=0
DMA IRQ c3=0
SELECT busy=4519
SELECT w0=4507
SELECT w1=2635
SELECT w2=2647
BUSY TASK ewma=997
DMA IRQ c0=2
DMA IRQ c1=0
DMA IRQ c2=0
DMA IRQ c3=0
SELECT busy=4537
SELECT w0=4525
SELECT w1=2645
SELECT w2=2655
BUSY TASK ewma=997
DMA IRQ c0=2
DMA IRQ c1=0
DMA IRQ c2=0
DMA IRQ c3=0
SELECT busy=4556
SELECT w0=4545
SELECT w1=2658
SELECT w2=2666
BUSY TASK ewma=997
DMA IRQ c0=2
DMA IRQ c1=0
DMA IRQ c2=0
DMA IRQ c3=0
SELECT busy=4578
SELECT w0=4567
SELECT w1=2670
SELECT w2=2680
BUSY TASK ewma=997
DMA IRQ c0=2
DMA IRQ c1=0
DMA IRQ c2=0
DMA IRQ c3=0
SELECT busy=4617
SELECT w0=4607
SELECT w1=2694
SELECT w2=2703
BUSY TASK ewma=997
DMA IRQ c0=2
DMA IRQ c1=0
DMA IRQ c2=0
DMA IRQ c3=0
SELECT busy=4643
SELECT w0=4631
SELECT w1=2707
SELECT w2=2714
BUSY TASK ewma=997
DMA IRQ c0=2
DMA IRQ c1=0
DMA IRQ c2=0
DMA IRQ c3=0
SELECT busy=4661
SELECT w0=4650
SELECT w1=2720
SELECT w2=2729
BUSY TASK ewma=997
DMA IRQ c0=2
DMA IRQ c1=0
DMA IRQ c2=0
DMA IRQ c3=0
SELECT busy=4685
SELECT w0=4674
SELECT w1=2733
SELECT w2=2741
BUSY TASK ewma=997
DMA IRQ c0=2
DMA IRQ c1=0
DMA IRQ c2=0
DMA IRQ c3=0
SELECT busy=4705
SELECT w0=4693
SELECT w1=2740
SELECT w2=2749
BUSY TASK ewma=997
DMA IRQ c0=2
DMA IRQ c1=0
DMA IRQ c2=0
DMA IRQ c3=0
SELECT busy=4727
SELECT w0=4715
SELECT w1=2752
SELECT w2=2761
BUSY TASK ewma=997
DMA IRQ c0=2
DMA IRQ c1=0
DMA IRQ c2=0
DMA IRQ c3=0
SELECT busy=4746
SELECT w0=4734
SELECT w1=2757
SELECT w2=2768
BUSY TASK ewma=997
DMA IRQ c0=2
DMA IRQ c1=0
DMA IRQ c2=0
DMA IRQ c3=0
SELECT busy=4763
SELECT w0=4752
SELECT w1=2763
SELECT w2=2775
BUSY TASK ewma=997
DMA IRQ c0=2
DMA IRQ c1=0
DMA IRQ c2=0
DMA IRQ c3=0
SELECT busy=4777
SELECT w0=4766
SELECT w1=2769
SELECT w2=2783
BUSY TASK ewma=997
DMA IRQ c0=2
DMA IRQ c1=0
DMA IRQ c2=0
DMA IRQ c3=0
SELECT busy=4791
SELECT w0=4780
SELECT w1=2776
SELECT w2=2792
BUSY TASK ewma=997
DMA IRQ c0=2
DMA IRQ c1=0
DMA IRQ c2=0
DMA IRQ c3=0
SELECT busy=4812
SELECT w0=4802
SELECT w1=2788
SELECT w2=2808
BUSY TASK ewma=997
DMA IRQ c0=2
DMA IRQ c1=0
DMA IRQ c2=0
DMA IRQ c3=0
SELECT busy=4836
SELECT w0=4824
SELECT w1=2802
SELECT w2=2820
BUSY TASK ewma=997
DMA IRQ c0=2
DMA IRQ c1=0
DMA IRQ c2=0
DMA IRQ c3=0
SELECT busy=4850
SELECT w0=4839
SELECT w1=2810
SELECT w2=2830
BUSY TASK ewma=997
DMA IRQ c0=2
DMA IRQ c1=0
DMA IRQ c2=0
DMA IRQ c3=0
SELECT busy=4870
SELECT w0=4859
SELECT w1=2819
SELECT w2=2841
BUSY TASK ewma=997
DMA IRQ c0=2
DMA IRQ c1=0
DMA IRQ c2=0
DMA IRQ c3=0
SELECT busy=4887
SELECT w0=4875
SELECT w1=2827
SELECT w2=2851
BUSY TASK ewma=997
DMA IRQ c0=2
DMA IRQ c1=0
DMA IRQ c2=0
DMA IRQ c3=0
SELECT busy=4909
SELECT w0=4898
SELECT w1=2836
SELECT w2=2866
BUSY TASK ewma=997
DMA IRQ c0=2
DMA IRQ c1=0
DMA IRQ c2=0
DMA IRQ c3=0
SELECT busy=4925
SELECT w0=4913
SELECT w1=2844
SELECT w2=2874
BUSY TASK ewma=997
DMA IRQ c0=2
DMA IRQ c1=0
DMA IRQ c2=0
DMA IRQ c3=0
SELECT busy=4943
SELECT w0=4932
SELECT w1=2853
SELECT w2=2886
BUSY TASK ewma=997
DMA IRQ c0=2
DMA IRQ c1=0
DMA IRQ c2=0
DMA IRQ c3=0
SELECT busy=4958
SELECT w0=4950
SELECT w1=2864
SELECT w2=2897
BUSY TASK ewma=997
DMA IRQ c0=2
DMA IRQ c1=0
DMA IRQ c2=0
DMA IRQ c3=0
SELECT busy=4987
SELECT w0=4976
SELECT w1=2876
SELECT w2=2910
BUSY TASK ewma=997
DMA IRQ c0=2
DMA IRQ c1=0
DMA IRQ c2=0
DMA IRQ c3=0
SELECT busy=5006
SELECT w0=4995
SELECT w1=2883
SELECT w2=2917
BUSY TASK ewma=997
DMA IRQ c0=2
DMA IRQ c1=0
DMA IRQ c2=0
DMA IRQ c3=0
SELECT busy=5026
SELECT w0=5014
SELECT w1=2890
SELECT w2=2926
BUSY TASK ewma=997
DMA IRQ c0=2
DMA IRQ c1=0
DMA IRQ c2=0
DMA IRQ c3=0
SELECT busy=5040
SELECT w0=5029
SELECT w1=2897
SELECT w2=2934
BUSY TASK ewma=997
DMA IRQ c0=2
DMA IRQ c1=0
DMA IRQ c2=0
DMA IRQ c3=0
SELECT busy=5067
SELECT w0=5059
SELECT w1=2911
SELECT w2=2953
BUSY TASK ewma=997
DMA IRQ c0=2
DMA IRQ c1=0
DMA IRQ c2=0
DMA IRQ c3=0
SELECT busy=5091
SELECT w0=5079
SELECT w1=2921
SELECT w2=2963
BUSY TASK ewma=997
DMA IRQ c0=2
DMA IRQ c1=0
DMA IRQ c2=0
DMA IRQ c3=0
SELECT busy=5120
SELECT w0=5109
SELECT w1=2934
SELECT w2=2979
BUSY TASK ewma=997
DMA IRQ c0=2
DMA IRQ c1=0
DMA IRQ c2=0
DMA IRQ c3=0
SELECT busy=5146
SELECT w0=5134
SELECT w1=2942
SELECT w2=2989
BUSY TASK ewma=997
DMA IRQ c0=2
DMA IRQ c1=0
DMA IRQ c2=0
DMA IRQ c3=0
SELECT busy=5163
SELECT w0=5152
SELECT w1=2952
SELECT w2=3000
BUSY TASK ewma=997
DMA IRQ c0=2
DMA IRQ c1=0
DMA IRQ c2=0
DMA IRQ c3=0
SELECT busy=5183
SELECT w0=5172
SELECT w1=2959
SELECT w2=3006
BUSY TASK ewma=997
DMA IRQ c0=2
DMA IRQ c1=0
DMA IRQ c2=0
DMA IRQ c3=0
SELECT busy=5204
SELECT w0=5192
SELECT w1=2967
SELECT w2=3016
BUSY TASK ewma=997
DMA IRQ c0=2
DMA IRQ c1=0
DMA IRQ c2=0
DMA IRQ c3=0
SELECT busy=5221
SELECT w0=5210
SELECT w1=2978
SELECT w2=3034
BUSY TASK ewma=997
DMA IRQ c0=2
DMA IRQ c1=0
DMA IRQ c2=0
DMA IRQ c3=0
SELECT busy=5245
SELECT w0=5234
SELECT w1=2990
SELECT w2=3055
BUSY TASK ewma=997
DMA IRQ c0=2
DMA IRQ c1=0
DMA IRQ c2=0
DMA IRQ c3=0
SELECT busy=5268
SELECT w0=5259
SELECT w1=2999
SELECT w2=3069
BUSY TASK ewma=997
DMA IRQ c0=2
DMA IRQ c1=0
DMA IRQ c2=0
DMA IRQ c3=0
SELECT busy=5296
SELECT w0=5284
SELECT w1=3007
SELECT w2=3075
BUSY TASK ewma=997
DMA IRQ c0=2
DMA IRQ c1=0
DMA IRQ c2=0
DMA IRQ c3=0
SELECT busy=5315
SELECT w0=5304
SELECT w1=3014
SELECT w2=3085
BUSY TASK ewma=997
DMA IRQ c0=2
DMA IRQ c1=0
DMA IRQ c2=0
DMA IRQ c3=0
SELECT busy=5340
SELECT w0=5329
SELECT w1=3026
SELECT w2=3099
BUSY TASK ewma=997
DMA IRQ c0=2
DMA IRQ c1=0
DMA IRQ c2=0
DMA IRQ c3=0
SELECT busy=5367
SELECT w0=5356
SELECT w1=3039
SELECT w2=3114
BUSY TASK ewma=997
DMA IRQ c0=2
DMA IRQ c1=0
DMA IRQ c2=0
DMA IRQ c3=0
SELECT busy=5389
SELECT w0=5377
SELECT w1=3053
SELECT w2=3127
BUSY TASK ewma=997
DMA IRQ c0=2
DMA IRQ c1=0
DMA IRQ c2=0
DMA IRQ c3=0
SELECT busy=5406
SELECT w0=5394
SELECT w1=3058
SELECT w2=3133
BUSY TASK ewma=997
DMA IRQ c0=2
DMA IRQ c1=0
DMA IRQ c2=0
DMA IRQ c3=0
SELECT busy=5425
SELECT w0=5414
SELECT w1=3067
SELECT w2=3147
BUSY TASK ewma=997
DMA IRQ c0=2
DMA IRQ c1=0
DMA IRQ c2=0
DMA IRQ c3=0
SELECT busy=5450
SELECT w0=5439
SELECT w1=3084
SELECT w2=3166
BUSY TASK ewma=997
DMA IRQ c0=2
DMA IRQ c1=0
DMA IRQ c2=0
DMA IRQ c3=0
SELECT busy=5472
SELECT w0=5460
SELECT w1=3096
SELECT w2=3174
BUSY TASK ewma=997
DMA IRQ c0=2
DMA IRQ c1=0
DMA IRQ c2=0
DMA IRQ c3=0
SELECT busy=5493
SELECT w0=5481
SELECT w1=3107
SELECT w2=3191
BUSY TASK ewma=997
DMA IRQ c0=2
DMA IRQ c1=0
DMA IRQ c2=0
DMA IRQ c3=0
SELECT busy=5516
SELECT w0=5504
SELECT w1=3121
SELECT w2=3207
BUSY TASK ewma=997
DMA IRQ c0=2
DMA IRQ c1=0
DMA IRQ c2=0
DMA IRQ c3=0
SELECT busy=5532
SELECT w0=5522
SELECT w1=3130
SELECT w2=3223
BUSY TASK ewma=997
DMA IRQ c0=2
DMA IRQ c1=0
DMA IRQ c2=0
DMA IRQ c3=0
SELECT busy=5559
SELECT w0=5548
SELECT w1=3142
SELECT w2=3239
BUSY TASK ewma=997
DMA IRQ c0=2
DMA IRQ c1=0
DMA IRQ c2=0
DMA IRQ c3=0
SELECT busy=5582
SELECT w0=5571
SELECT w1=3150
SELECT w2=3253
BUSY TASK ewma=997
DMA IRQ c0=2
DMA IRQ c1=0
DMA IRQ c2=0
DMA IRQ c3=0
SELECT busy=5611
SELECT w0=5599
SELECT w1=3162
SELECT w2=3267
BUSY TASK ewma=997
DMA IRQ c0=2
DMA IRQ c1=0
DMA IRQ c2=0
DMA IRQ c3=0
SELECT busy=5631
SELECT w0=5619
SELECT w1=3169
SELECT w2=3275
BUSY TASK ewma=997
DMA IRQ c0=2
DMA IRQ c1=0
DMA IRQ c2=0
DMA IRQ c3=0
SELECT busy=5649
SELECT w0=5637
SELECT w1=3173
SELECT w2=3282
BUSY TASK ewma=997
DMA IRQ c0=2
DMA IRQ c1=0
DMA IRQ c2=0
DMA IRQ c3=0
SELECT busy=5670
SELECT w0=5659
SELECT w1=3183
SELECT w2=3303
BUSY TASK ewma=997
DMA IRQ c0=2
DMA IRQ c1=0
DMA IRQ c2=0
DMA IRQ c3=0
SELECT busy=5695
SELECT w0=5684
SELECT w1=3196
SELECT w2=3314
BUSY TASK ewma=997
DMA IRQ c0=2
DMA IRQ c1=0
DMA IRQ c2=0
DMA IRQ c3=0
SELECT busy=5712
SELECT w0=5700
SELECT w1=3200
SELECT w2=3320
BUSY TASK ewma=997
DMA IRQ c0=2
DMA IRQ c1=0
DMA IRQ c2=0
DMA IRQ c3=0
SELECT busy=5727
SELECT w0=5715
SELECT w1=3207
SELECT w2=3329
BUSY TASK ewma=997
DMA IRQ c0=2
DMA IRQ c1=0
DMA IRQ c2=0
DMA IRQ c3=0
SELECT busy=5753
SELECT w0=5742
SELECT w1=3220
SELECT w2=3349
BUSY TASK ewma=997
DMA IRQ c0=2
DMA IRQ c1=0
DMA IRQ c2=0
DMA IRQ c3=0
SELECT busy=5771
SELECT w0=5760
SELECT w1=3231
SELECT w2=3361
BUSY TASK ewma=997
DMA IRQ c0=2
DMA IRQ c1=0
DMA IRQ c2=0
DMA IRQ c3=0
SELECT busy=5793
SELECT w0=5782
SELECT w1=3243
SELECT w2=3379
BUSY TASK ewma=997
DMA IRQ c0=2
DMA IRQ c1=0
DMA IRQ c2=0
DMA IRQ c3=0
SELECT busy=5814
SELECT w0=5802
SELECT w1=3250
SELECT w2=3386
BUSY TASK ewma=997
DMA IRQ c0=2
DMA IRQ c1=0
DMA IRQ c2=0
DMA IRQ c3=0
SELECT busy=5833
SELECT w0=5821
SELECT w1=3259
SELECT w2=3396
BUSY TASK ewma=997
DMA IRQ c0=2
DMA IRQ c1=0
DMA IRQ c2=0
DMA IRQ c3=0
SELECT busy=5853
SELECT w0=5842
SELECT w1=3269
SELECT w2=3406
BUSY TASK ewma=997
IRQ counts: cpu0=11729 cpu1=13519 cpu2=13379 cpu3=13253
SCHED secondaries: calls=40154 unexpected=0
SECTEST switches=40121 cpu1=145279510,146689301 cpu2=116604712,113524494 cpu3=163176734,159420306
PINGPONG rounds=2000 pongs=2000
DMA IRQ c0=2
DMA IRQ c1=0
DMA IRQ c2=0
DMA IRQ c3=0
SELECT busy=5882
SELECT w0=5871
SELECT w1=3280
SELECT w2=3419
BUSY TASK ewma=997
DMA IRQ c0=2
DMA IRQ c1=0
DMA IRQ c2=0
DMA IRQ c3=0
SELECT busy=5901
SELECT w0=5889
SELECT w1=3288
SELECT w2=3428
BUSY TASK ewma=997
DMA IRQ c0=2
DMA IRQ c1=0
DMA IRQ c2=0
DMA IRQ c3=0
SELECT busy=5921
SELECT w0=5910
SELECT w1=3300
SELECT w2=3439
BUSY TASK ewma=997
DMA IRQ c0=2
DMA IRQ c1=0
DMA IRQ c2=0
DMA IRQ c3=0
SELECT busy=5945
SELECT w0=5934
SELECT w1=3310
SELECT w2=3452
BUSY TASK ewma=997
DMA IRQ c0=2
DMA IRQ c1=0
DMA IRQ c2=0
DMA IRQ c3=0
SELECT busy=5974
SELECT w0=5963
SELECT w1=3326
SELECT w2=3472
BUSY TASK ewma=997
DMA IRQ c0=2
DMA IRQ c1=0
DMA IRQ c2=0
DMA IRQ c3=0
SELECT busy=5990
SELECT w0=5979
SELECT w1=3336
SELECT w2=3486
BUSY TASK ewma=997
DMA IRQ c0=2
DMA IRQ c1=0
DMA IRQ c2=0
DMA IRQ c3=0
SELECT busy=6013
SELECT w0=6002
SELECT w1=3345
SELECT w2=3500
BUSY TASK ewma=997
DMA IRQ c0=2
DMA IRQ c1=0
DMA IRQ c2=0
DMA IRQ c3=0
SELECT busy=6032
SELECT w0=6020
SELECT w1=3351
SELECT w2=3509
BUSY TASK ewma=997
DMA IRQ c0=2
DMA IRQ c1=0
DMA IRQ c2=0
DMA IRQ c3=0
SELECT busy=6053
SELECT w0=6041
SELECT w1=3362
SELECT w2=3525
BUSY TASK ewma=997
DMA IRQ c0=2
DMA IRQ c1=0
DMA IRQ c2=0
DMA IRQ c3=0
SELECT busy=6069
SELECT w0=6058
SELECT w1=3373
SELECT w2=3540
BUSY TASK ewma=997
DMA IRQ c0=2
DMA IRQ c1=0
DMA IRQ c2=0
DMA IRQ c3=0
SELECT busy=6085
SELECT w0=6074
SELECT w1=3378
SELECT w2=3547
BUSY TASK ewma=997
DMA IRQ c0=2
DMA IRQ c1=0
DMA IRQ c2=0
DMA IRQ c3=0
SELECT busy=6102
SELECT w0=6090
SELECT w1=3385
SELECT w2=3554
BUSY TASK ewma=997
DMA IRQ c0=2
DMA IRQ c1=0
DMA IRQ c2=0
DMA IRQ c3=0
SELECT busy=6116
SELECT w0=6105
SELECT w1=3393
SELECT w2=3562
BUSY TASK ewma=997
DMA IRQ c0=2
DMA IRQ c1=0
DMA IRQ c2=0
DMA IRQ c3=0
SELECT busy=6150
SELECT w0=6139
SELECT w1=3409
SELECT w2=3579
BUSY TASK ewma=997
DMA IRQ c0=2
DMA IRQ c1=0
DMA IRQ c2=0
DMA IRQ c3=0
SELECT busy=6178
SELECT w0=6167
SELECT w1=3422
SELECT w2=3595
BUSY TASK ewma=997
DMA IRQ c0=2
DMA IRQ c1=0
DMA IRQ c2=0
DMA IRQ c3=0
SELECT busy=6216
SELECT w0=6205
SELECT w1=3438
SELECT w2=3618
BUSY TASK ewma=997
DMA IRQ c0=2
DMA IRQ c1=0
DMA IRQ c2=0
DMA IRQ c3=0
SELECT busy=6242
SELECT w0=6230
SELECT w1=3449
SELECT w2=3629
BUSY TASK ewma=997
DMA IRQ c0=2
DMA IRQ c1=0
DMA IRQ c2=0
DMA IRQ c3=0
SELECT busy=6258
SELECT w0=6247
SELECT w1=3455
SELECT w2=3638
BUSY TASK ewma=997
DMA IRQ c0=2
DMA IRQ c1=0
DMA IRQ c2=0
DMA IRQ c3=0
SELECT busy=6281
SELECT w0=6270
SELECT w1=3467
SELECT w2=3655
BUSY TASK ewma=997
DMA IRQ c0=2
DMA IRQ c1=0
DMA IRQ c2=0
DMA IRQ c3=0
SELECT busy=6305
SELECT w0=6295
SELECT w1=3477
SELECT w2=3669
BUSY TASK ewma=997
DMA IRQ c0=2
DMA IRQ c1=0
DMA IRQ c2=0
DMA IRQ c3=0
SELECT busy=6332
SELECT w0=6321
SELECT w1=3487
SELECT w2=3682
BUSY TASK ewma=997
DMA IRQ c0=2
DMA IRQ c1=0
DMA IRQ c2=0
DMA IRQ c3=0
SELECT busy=6359
SELECT w0=6348
SELECT w1=3506
SELECT w2=3701
BUSY TASK ewma=997
DMA IRQ c0=2
DMA IRQ c1=0
DMA IRQ c2=0
DMA IRQ c3=0
SELECT busy=6378
SELECT w0=6367
SELECT w1=3515
SELECT w2=3710
BUSY TASK ewma=997
DMA IRQ c0=2
DMA IRQ c1=0
DMA IRQ c2=0
DMA IRQ c3=0
SELECT busy=6397
SELECT w0=6386
SELECT w1=3524
SELECT w2=3720
BUSY TASK ewma=997
DMA IRQ c0=2
DMA IRQ c1=0
DMA IRQ c2=0
DMA IRQ c3=0
SELECT busy=6420
SELECT w0=6410
SELECT w1=3534
SELECT w2=3733
BUSY TASK ewma=997
DMA IRQ c0=2
DMA IRQ c1=0
DMA IRQ c2=0
DMA IRQ c3=0
SELECT busy=6441
SELECT w0=6430
SELECT w1=3542
SELECT w2=3747
BUSY TASK ewma=997
DMA IRQ c0=2
DMA IRQ c1=0
DMA IRQ c2=0
DMA IRQ c3=0
SELECT busy=6458
SELECT w0=6446
SELECT w1=3548
SELECT w2=3753
BUSY TASK ewma=997
DMA IRQ c0=2
DMA IRQ c1=0
DMA IRQ c2=0
DMA IRQ c3=0
SELECT busy=6480
SELECT w0=6469
SELECT w1=3558
SELECT w2=3768
BUSY TASK ewma=997
DMA IRQ c0=2
DMA IRQ c1=0
DMA IRQ c2=0
DMA IRQ c3=0
SELECT busy=6500
SELECT w0=6489
SELECT w1=3569
SELECT w2=3783
BUSY TASK ewma=997
DMA IRQ c0=2
DMA IRQ c1=0
DMA IRQ c2=0
DMA IRQ c3=0
SELECT busy=6509
SELECT w0=6497
SELECT w1=3573
SELECT w2=3788
BUSY TASK ewma=997
DMA IRQ c0=2
DMA IRQ c1=0
DMA IRQ c2=0
DMA IRQ c3=0
SELECT busy=6528
SELECT w0=6517
SELECT w1=3585
SELECT w2=3804
BUSY TASK ewma=997
DMA IRQ c0=2
DMA IRQ c1=0
DMA IRQ c2=0
DMA IRQ c3=0
SELECT busy=6560
SELECT w0=6548
SELECT w1=3596
SELECT w2=3817
BUSY TASK ewma=997
DMA IRQ c0=2
DMA IRQ c1=0
DMA IRQ c2=0
DMA IRQ c3=0
SELECT busy=6588
SELECT w0=6576
SELECT w1=3609
SELECT w2=3835
BUSY TASK ewma=997
DMA IRQ c0=2
DMA IRQ c1=0
DMA IRQ c2=0
DMA IRQ c3=0
SELECT busy=6616
SELECT w0=6604
SELECT w1=3620
SELECT w2=3848
BUSY TASK ewma=997
DMA IRQ c0=2
DMA IRQ c1=0
DMA IRQ c2=0
DMA IRQ c3=0
SELECT busy=6645
SELECT w0=6633
SELECT w1=3632
SELECT w2=3864
BUSY TASK ewma=997
DMA IRQ c0=2
DMA IRQ c1=0
DMA IRQ c2=0
DMA IRQ c3=0
SELECT busy=6671
SELECT w0=6660
SELECT w1=3643
SELECT w2=3879
BUSY TASK ewma=997
DMA IRQ c0=2
DMA IRQ c1=0
DMA IRQ c2=0
DMA IRQ c3=0
SELECT busy=6686
SELECT w0=6675
SELECT w1=3651
SELECT w2=3889
BUSY TASK ewma=997
DMA IRQ c0=2
DMA IRQ c1=0
DMA IRQ c2=0
DMA IRQ c3=0
SELECT busy=6705
SELECT w0=6694
SELECT w1=3661
SELECT w2=3900
BUSY TASK ewma=997
DMA IRQ c0=2
DMA IRQ c1=0
DMA IRQ c2=0
DMA IRQ c3=0
SELECT busy=6724
SELECT w0=6713
SELECT w1=3669
SELECT w2=3911
BUSY TASK ewma=997
DMA IRQ c0=2
DMA IRQ c1=0
DMA IRQ c2=0
DMA IRQ c3=0
SELECT busy=6746
SELECT w0=6736
SELECT w1=3680
SELECT w2=3928
BUSY TASK ewma=997
DMA IRQ c0=2
DMA IRQ c1=0
DMA IRQ c2=0
DMA IRQ c3=0
SELECT busy=6768
SELECT w0=6757
SELECT w1=3688
SELECT w2=3943
BUSY TASK ewma=997
DMA IRQ c0=2
DMA IRQ c1=0
DMA IRQ c2=0
DMA IRQ c3=0
SELECT busy=6789
SELECT w0=6778
SELECT w1=3697
SELECT w2=3959
BUSY TASK ewma=997
DMA IRQ c0=2
DMA IRQ c1=0
DMA IRQ c2=0
DMA IRQ c3=0
SELECT busy=6816
SELECT w0=6805
SELECT w1=3711
SELECT w2=3978
BUSY TASK ewma=997
DMA IRQ c0=2
DMA IRQ c1=0
DMA IRQ c2=0
DMA IRQ c3=0
SELECT busy=6835
SELECT w0=6823
SELECT w1=3720
SELECT w2=3991
BUSY TASK ewma=997
DMA IRQ c0=2
DMA IRQ c1=0
DMA IRQ c2=0
DMA IRQ c3=0
SELECT busy=6854
SELECT w0=6842
SELECT w1=3727
SELECT w2=4000
BUSY TASK ewma=997
DMA IRQ c0=2
DMA IRQ c1=0
DMA IRQ c2=0
DMA IRQ c3=0
SELECT busy=6871
SELECT w0=6860
SELECT w1=3734
SELECT w2=4010
BUSY TASK ewma=997
DMA IRQ c0=2
DMA IRQ c1=0
DMA IRQ c2=0
DMA IRQ c3=0
SELECT busy=6886
SELECT w0=6875
SELECT w1=3741
SELECT w2=4022
BUSY TASK ewma=997
DMA IRQ c0=2
DMA IRQ c1=0
DMA IRQ c2=0
DMA IRQ c3=0
SELECT busy=6904
SELECT w0=6893
SELECT w1=3750
SELECT w2=4035
BUSY TASK ewma=997
DMA IRQ c0=2
DMA IRQ c1=0
DMA IRQ c2=0
DMA IRQ c3=0
SELECT busy=6925
SELECT w0=6914
SELECT w1=3759
SELECT w2=4047
BUSY TASK ewma=997
DMA IRQ c0=2
DMA IRQ c1=0
DMA IRQ c2=0
DMA IRQ c3=0
SELECT busy=6952
SELECT w0=6941
SELECT w1=3775
SELECT w2=4063
BUSY TASK ewma=997
DMA IRQ c0=2
DMA IRQ c1=0
DMA IRQ c2=0
DMA IRQ c3=0
SELECT busy=6971
SELECT w0=6959
SELECT w1=3784
SELECT w2=4075
BUSY TASK ewma=997
DMA IRQ c0=2
DMA IRQ c1=0
DMA IRQ c2=0
DMA IRQ c3=0
SELECT busy=6994
SELECT w0=6983
SELECT w1=3795
SELECT w2=4088
BUSY TASK ewma=997
DMA IRQ c0=2
DMA IRQ c1=0
DMA IRQ c2=0
DMA IRQ c3=0
SELECT busy=7012
SELECT w0=7001
SELECT w1=3801
SELECT w2=4096
BUSY TASK ewma=997
DMA IRQ c0=2
DMA IRQ c1=0
DMA IRQ c2=0
DMA IRQ c3=0
SELECT busy=7031
SELECT w0=7019
SELECT w1=3807
SELECT w2=4104
BUSY TASK ewma=997
DMA IRQ c0=2
DMA IRQ c1=0
DMA IRQ c2=0
DMA IRQ c3=0
SELECT busy=7047
SELECT w0=7036
SELECT w1=3814
SELECT w2=4115
BUSY TASK ewma=997
DMA IRQ c0=2
DMA IRQ c1=0
DMA IRQ c2=0
DMA IRQ c3=0
SELECT busy=7065
SELECT w0=7053
SELECT w1=3823
SELECT w2=4126
BUSY TASK ewma=997
DMA IRQ c0=2
DMA IRQ c1=0
DMA IRQ c2=0
DMA IRQ c3=0
SELECT busy=7083
SELECT w0=7071
SELECT w1=3830
SELECT w2=4135
BUSY TASK ewma=997
DMA IRQ c0=2
DMA IRQ c1=0
DMA IRQ c2=0
DMA IRQ c3=0
SELECT busy=7098
SELECT w0=7087
SELECT w1=3838
SELECT w2=4145
BUSY TASK ewma=997
DMA IRQ c0=2
DMA IRQ c1=0
DMA IRQ c2=0
DMA IRQ c3=0
SELECT busy=7115
SELECT w0=7104
SELECT w1=3845
SELECT w2=4155
BUSY TASK ewma=997
DMA IRQ c0=2
DMA IRQ c1=0
DMA IRQ c2=0
DMA IRQ c3=0
SELECT busy=7131
SELECT w0=7120
SELECT w1=3854
SELECT w2=4167
BUSY TASK ewma=997
DMA IRQ c0=2
DMA IRQ c1=0
DMA IRQ c2=0
DMA IRQ c3=0
SELECT busy=7145
SELECT w0=7133
SELECT w1=3861
SELECT w2=4175
BUSY TASK ewma=997
DMA IRQ c0=2
DMA IRQ c1=0
DMA IRQ c2=0
DMA IRQ c3=0
SELECT busy=7163
SELECT w0=7152
SELECT w1=3870
SELECT w2=4187
BUSY TASK ewma=997
DMA IRQ c0=2
DMA IRQ c1=0
DMA IRQ c2=0
DMA IRQ c3=0
SELECT busy=7178
SELECT w0=7166
SELECT w1=3876
SELECT w2=4194
BUSY TASK ewma=997
DMA IRQ c0=2
DMA IRQ c1=0
DMA IRQ c2=0
DMA IRQ c3=0
SELECT busy=7200
SELECT w0=7188
SELECT w1=3886
SELECT w2=4206
BUSY TASK ewma=997
IRQ counts: cpu0=14421 cpu1=16622 cpu2=16606 cpu3=16432
SCHED secondaries: calls=49674 unexpected=0
SECTEST switches=49653 cpu1=176383448,177353990 cpu2=147035822,143059644 cpu3=204451909,198976186
PINGPONG rounds=2000 pongs=2000
DMA IRQ c0=2
DMA IRQ c1=0
DMA IRQ c2=0
DMA IRQ c3=0
SELECT busy=7243
SELECT w0=7233
SELECT w1=3911
SELECT w2=4239
BUSY TASK ewma=997
DMA IRQ c0=2
DMA IRQ c1=0
DMA IRQ c2=0
DMA IRQ c3=0
SELECT busy=7263
SELECT w0=7252
SELECT w1=3924
SELECT w2=4251
BUSY TASK ewma=997
DMA IRQ c0=2
DMA IRQ c1=0
DMA IRQ c2=0
DMA IRQ c3=0
SELECT busy=7278
SELECT w0=7267
SELECT w1=3931
SELECT w2=4260
BUSY TASK ewma=997
DMA IRQ c0=2
DMA IRQ c1=0
DMA IRQ c2=0
DMA IRQ c3=0
SELECT busy=7295
SELECT w0=7284
SELECT w1=3940
SELECT w2=4272
BUSY TASK ewma=997
DMA IRQ c0=2
DMA IRQ c1=0
DMA IRQ c2=0
DMA IRQ c3=0
SELECT busy=7313
SELECT w0=7301
SELECT w1=3949
SELECT w2=4287
BUSY TASK ewma=997
DMA IRQ c0=2
DMA IRQ c1=0
DMA IRQ c2=0
DMA IRQ c3=0
SELECT busy=7331
SELECT w0=7320
SELECT w1=3957
SELECT w2=4298
BUSY TASK ewma=997
DMA IRQ c0=2
DMA IRQ c1=0
DMA IRQ c2=0
DMA IRQ c3=0
SELECT busy=7346
SELECT w0=7335
SELECT w1=3963
SELECT w2=4305
BUSY TASK ewma=997
DMA IRQ c0=2
DMA IRQ c1=0
DMA IRQ c2=0
DMA IRQ c3=0
SELECT busy=7366
SELECT w0=7355
SELECT w1=3972
SELECT w2=4318
BUSY TASK ewma=997
DMA IRQ c0=2
DMA IRQ c1=0
DMA IRQ c2=0
DMA IRQ c3=0
SELECT busy=7386
SELECT w0=7374
SELECT w1=3980
SELECT w2=4328
BUSY TASK ewma=997
DMA IRQ c0=2
DMA IRQ c1=0
DMA IRQ c2=0
DMA IRQ c3=0
SELECT busy=7405
SELECT w0=7394
SELECT w1=3991
SELECT w2=4342
BUSY TASK ewma=997
DMA IRQ c0=2
DMA IRQ c1=0
DMA IRQ c2=0
DMA IRQ c3=0
SELECT busy=7422
SELECT w0=7411
SELECT w1=4001
SELECT w2=4351
BUSY TASK ewma=997
DMA IRQ c0=2
DMA IRQ c1=0
DMA IRQ c2=0
DMA IRQ c3=0
SELECT busy=7437
SELECT w0=7427
SELECT w1=4009
SELECT w2=4361
BUSY TASK ewma=997
DMA IRQ c0=2
DMA IRQ c1=0
DMA IRQ c2=0
DMA IRQ c3=0
SELECT busy=7476
SELECT w0=7465
SELECT w1=4032
SELECT w2=4383
BUSY TASK ewma=997
DMA IRQ c0=2
DMA IRQ c1=0
DMA IRQ c2=0
DMA IRQ c3=0
SELECT busy=7510
SELECT w0=7499
SELECT w1=4050
SELECT w2=4404
BUSY TASK ewma=997
DMA IRQ c0=2
DMA IRQ c1=0
DMA IRQ c2=0
DMA IRQ c3=0
SELECT busy=7535
SELECT w0=7523
SELECT w1=4057
SELECT w2=4411
BUSY TASK ewma=997
DMA IRQ c0=2
DMA IRQ c1=0
DMA IRQ c2=0
DMA IRQ c3=0
SELECT busy=7557
SELECT w0=7546
SELECT w1=4069
SELECT w2=4425
BUSY TASK ewma=997
DMA IRQ c0=2
DMA IRQ c1=0
DMA IRQ c2=0
DMA IRQ c3=0
SELECT busy=7582
SELECT w0=7570
SELECT w1=4078
SELECT w2=4436
BUSY TASK ewma=997
DMA IRQ c0=2
DMA IRQ c1=0
DMA IRQ c2=0
DMA IRQ c3=0
SELECT busy=7610
SELECT w0=7599
SELECT w1=4092
SELECT w2=4451
BUSY TASK ewma=997
DMA IRQ c0=2
DMA IRQ c1=0
DMA IRQ c2=0
DMA IRQ c3=0
SELECT busy=7634
SELECT w0=7622
SELECT w1=4102
SELECT w2=4464
BUSY TASK ewma=997
DMA IRQ c0=2
DMA IRQ c1=0
DMA IRQ c2=0
DMA IRQ c3=0
SELECT busy=7654
SELECT w0=7642
SELECT w1=4110
SELECT w2=4474
BUSY TASK ewma=997
DMA IRQ c0=2
DMA IRQ c1=0
DMA IRQ c2=0
DMA IRQ c3=0
SELECT busy=7671
SELECT w0=7660
SELECT w1=4119
SELECT w2=4485
BUSY TASK ewma=997
DMA IRQ c0=2
DMA IRQ c1=0
DMA IRQ c2=0
DMA IRQ c3=0
SELECT busy=7690
SELECT w0=7678
SELECT w1=4129
SELECT w2=4498
BUSY TASK ewma=997
DMA IRQ c0=2
DMA IRQ c1=0
DMA IRQ c2=0
DMA IRQ c3=0
SELECT busy=7707
SELECT w0=7695
SELECT w1=4136
SELECT w2=4506
BUSY TASK ewma=997
DMA IRQ c0=2
DMA IRQ c1=0
DMA IRQ c2=0
DMA IRQ c3=0
SELECT busy=7727
SELECT w0=7715
SELECT w1=4143
SELECT w2=4514
BUSY TASK ewma=997
DMA IRQ c0=2
DMA IRQ c1=0
DMA IRQ c2=0
DMA IRQ c3=0
SELECT busy=7745
SELECT w0=7733
SELECT w1=4150
SELECT w2=4522
BUSY TASK ewma=997
DMA IRQ c0=2
DMA IRQ c1=0
DMA IRQ c2=0
DMA IRQ c3=0
SELECT busy=7760
SELECT w0=7748
SELECT w1=4157
SELECT w2=4530
BUSY TASK ewma=997
DMA IRQ c0=2
DMA IRQ c1=0
DMA IRQ c2=0
DMA IRQ c3=0
SELECT busy=7782
SELECT w0=7771
SELECT w1=4165
SELECT w2=4542
BUSY TASK ewma=997
DMA IRQ c0=2
DMA IRQ c1=0
DMA IRQ c2=0
DMA IRQ c3=0
SELECT busy=7801
SELECT w0=7790
SELECT w1=4173
SELECT w2=4552
BUSY TASK ewma=997
DMA IRQ c0=2
DMA IRQ c1=0
DMA IRQ c2=0
DMA IRQ c3=0
SELECT busy=7821
SELECT w0=7810
SELECT w1=4182
SELECT w2=4565
BUSY TASK ewma=997
DMA IRQ c0=2
DMA IRQ c1=0
DMA IRQ c2=0
DMA IRQ c3=0
SELECT busy=7837
SELECT w0=7826
SELECT w1=4190
SELECT w2=4576
BUSY TASK ewma=997
DMA IRQ c0=2
DMA IRQ c1=0
DMA IRQ c2=0
DMA IRQ c3=0
SELECT busy=7850
SELECT w0=7838
SELECT w1=4195
SELECT w2=4582
BUSY TASK ewma=997
DMA IRQ c0=2
DMA IRQ c1=0
DMA IRQ c2=0
DMA IRQ c3=0
SELECT busy=7866
SELECT w0=7854
SELECT w1=4202
SELECT w2=4589
BUSY TASK ewma=997
DMA IRQ c0=2
DMA IRQ c1=0
DMA IRQ c2=0
DMA IRQ c3=0
SELECT busy=7888
SELECT w0=7876
SELECT w1=4210
SELECT w2=4600
BUSY TASK ewma=997
DMA IRQ c0=2
DMA IRQ c1=0
DMA IRQ c2=0
DMA IRQ c3=0
SELECT busy=7907
SELECT w0=7896
SELECT w1=4217
SELECT w2=4608
BUSY TASK ewma=997
DMA IRQ c0=2
DMA IRQ c1=0
DMA IRQ c2=0
DMA IRQ c3=0
SELECT busy=7926
SELECT w0=7915
SELECT w1=4224
SELECT w2=4616
BUSY TASK ewma=997
DMA IRQ c0=2
DMA IRQ c1=0
DMA IRQ c2=0
DMA IRQ c3=0
SELECT busy=7946
SELECT w0=7934
SELECT w1=4230
SELECT w2=4624
BUSY TASK ewma=997
DMA IRQ c0=2
DMA IRQ c1=0
DMA IRQ c2=0
DMA IRQ c3=0
SELECT busy=7963
SELECT w0=7951
SELECT w1=4235
SELECT w2=4630
BUSY TASK ewma=997
DMA IRQ c0=2
DMA IRQ c1=0
DMA IRQ c2=0
DMA IRQ c3=0
SELECT busy=7983
SELECT w0=7971
SELECT w1=4248
SELECT w2=4646
BUSY TASK ewma=997
DMA IRQ c0=2
DMA IRQ c1=0
DMA IRQ c2=0
DMA IRQ c3=0
SELECT busy=7997
SELECT w0=7985
SELECT w1=4254
SELECT w2=4654
BUSY TASK ewma=997
DMA IRQ c0=2
DMA IRQ c1=0
DMA IRQ c2=0
DMA IRQ c3=0
SELECT busy=8016
SELECT w0=8005
SELECT w1=4263
SELECT w2=4667
BUSY TASK ewma=997
DMA IRQ c0=2
DMA IRQ c1=0
DMA IRQ c2=0
DMA IRQ c3=0
SELECT busy=8031
SELECT w0=8020
SELECT w1=4270
SELECT w2=4676
BUSY TASK ewma=997
DMA IRQ c0=2
DMA IRQ c1=0
DMA IRQ c2=0
DMA IRQ c3=0
SELECT busy=8049
SELECT w0=8038
SELECT w1=4278
SELECT w2=4688
BUSY TASK ewma=997
DMA IRQ c0=2
DMA IRQ c1=0
DMA IRQ c2=0
DMA IRQ c3=0
SELECT busy=8064
SELECT w0=8052
SELECT w1=4285
SELECT w2=4696
BUSY TASK ewma=997
DMA IRQ c0=2
DMA IRQ c1=0
DMA IRQ c2=0
DMA IRQ c3=0
SELECT busy=8084
SELECT w0=8074
SELECT w1=4294
SELECT w2=4712
BUSY TASK ewma=997
DMA IRQ c0=2
DMA IRQ c1=0
DMA IRQ c2=0
DMA IRQ c3=0
SELECT busy=8104
SELECT w0=8093
SELECT w1=4301
SELECT w2=4720
BUSY TASK ewma=997
DMA IRQ c0=2
DMA IRQ c1=0
DMA IRQ c2=0
DMA IRQ c3=0
SELECT busy=8125
SELECT w0=8113
SELECT w1=4308
SELECT w2=4729
BUSY TASK ewma=997
DMA IRQ c0=2
DMA IRQ c1=0
DMA IRQ c2=0
DMA IRQ c3=0
SELECT busy=8155
SELECT w0=8144
SELECT w1=4326
SELECT w2=4749
BUSY TASK ewma=997
DMA IRQ c0=2
DMA IRQ c1=0
DMA IRQ c2=0
DMA IRQ c3=0
SELECT busy=8174
SELECT w0=8163
SELECT w1=4336
SELECT w2=4764
BUSY TASK ewma=997
DMA IRQ c0=2
DMA IRQ c1=0
DMA IRQ c2=0
DMA IRQ c3=0
SELECT busy=8192
SELECT w0=8181
SELECT w1=4344
SELECT w2=4777
BUSY TASK ewma=997
DMA IRQ c0=2
DMA IRQ c1=0
DMA IRQ c2=0
DMA IRQ c3=0
SELECT busy=8209
SELECT w0=8198
SELECT w1=4352
SELECT w2=4787
BUSY TASK ewma=997
DMA IRQ c0=2
DMA IRQ c1=0
DMA IRQ c2=0
DMA IRQ c3=0
SELECT busy=8224
SELECT w0=8213
SELECT w1=4359
SELECT w2=4795
BUSY TASK ewma=997
DMA IRQ c0=2
DMA IRQ c1=0
DMA IRQ c2=0
DMA IRQ c3=0
SELECT busy=8248
SELECT w0=8238
SELECT w1=4370
SELECT w2=4810
BUSY TASK ewma=997
DMA IRQ c0=2
DMA IRQ c1=0
DMA IRQ c2=0
DMA IRQ c3=0
SELECT busy=8269
SELECT w0=8258
SELECT w1=4379
SELECT w2=4821
BUSY TASK ewma=997
DMA IRQ c0=2
DMA IRQ c1=0
DMA IRQ c2=0
DMA IRQ c3=0
SELECT busy=8283
SELECT w0=8271
SELECT w1=4384
SELECT w2=4828
BUSY TASK ewma=997
DMA IRQ c0=2
DMA IRQ c1=0
DMA IRQ c2=0
DMA IRQ c3=0
SELECT busy=8300
SELECT w0=8289
SELECT w1=4391
SELECT w2=4836
BUSY TASK ewma=997
DMA IRQ c0=2
DMA IRQ c1=0
DMA IRQ c2=0
DMA IRQ c3=0
SELECT busy=8313
SELECT w0=8302
SELECT w1=4397
SELECT w2=4842
BUSY TASK ewma=997
DMA IRQ c0=2
DMA IRQ c1=0
DMA IRQ c2=0
DMA IRQ c3=0
SELECT busy=8330
SELECT w0=8319
SELECT w1=4405
SELECT w2=4853
BUSY TASK ewma=997
DMA IRQ c0=2
DMA IRQ c1=0
DMA IRQ c2=0
DMA IRQ c3=0
SELECT busy=8347
SELECT w0=8336
SELECT w1=4414
SELECT w2=4864
BUSY TASK ewma=997
DMA IRQ c0=2
DMA IRQ c1=0
DMA IRQ c2=0
DMA IRQ c3=0
SELECT busy=8364
SELECT w0=8353
SELECT w1=4425
SELECT w2=4880
BUSY TASK ewma=997
DMA IRQ c0=2
DMA IRQ c1=0
DMA IRQ c2=0
DMA IRQ c3=0
SELECT busy=8383
SELECT w0=8371
SELECT w1=4434
SELECT w2=4893
BUSY TASK ewma=997
DMA IRQ c0=2
DMA IRQ c1=0
DMA IRQ c2=0
DMA IRQ c3=0
SELECT busy=8401
SELECT w0=8391
SELECT w1=4445
SELECT w2=4907
BUSY TASK ewma=997
DMA IRQ c0=2
DMA IRQ c1=0
DMA IRQ c2=0
DMA IRQ c3=0
SELECT busy=8426
SELECT w0=8415
SELECT w1=4456
SELECT w2=4922
BUSY TASK ewma=997
DMA IRQ c0=2
DMA IRQ c1=0
DMA IRQ c2=0
DMA IRQ c3=0
SELECT busy=8452
SELECT w0=8441
SELECT w1=4470
SELECT w2=4939
BUSY TASK ewma=997
DMA IRQ c0=2
DMA IRQ c1=0
DMA IRQ c2=0
DMA IRQ c3=0
SELECT busy=8472
SELECT w0=8460
SELECT w1=4477
SELECT w2=4950
BUSY TASK ewma=997
IRQ counts: cpu0=16955 cpu1=19556 cpu2=19563 cpu3=19460
SCHED secondaries: calls=58579 unexpected=0
SECTEST switches=58534 cpu1=208635972,208160286 cpu2=173854157,170304905 cpu3=245088127,238540815
PINGPONG rounds=2000 pongs=2000
DMA IRQ c0=2
DMA IRQ c1=0
DMA IRQ c2=0
DMA IRQ c3=0
SELECT busy=8490
SELECT w0=8478
SELECT w1=4483
SELECT w2=4961
BUSY TASK ewma=997
DMA IRQ c0=2
DMA IRQ c1=0
DMA IRQ c2=0
DMA IRQ c3=0
SELECT busy=8510
SELECT w0=8498
SELECT w1=4491
SELECT w2=4971
BUSY TASK ewma=997
DMA IRQ c0=2
DMA IRQ c1=0
DMA IRQ c2=0
DMA IRQ c3=0
SELECT busy=8530
SELECT w0=8519
SELECT w1=4501
SELECT w2=4986
BUSY TASK ewma=997
DMA IRQ c0=2
DMA IRQ c1=0
DMA IRQ c2=0
DMA IRQ c3=0
SELECT busy=8545
SELECT w0=8533
SELECT w1=4507
SELECT w2=4992
BUSY TASK ewma=997
DMA IRQ c0=2
DMA IRQ c1=0
DMA IRQ c2=0
DMA IRQ c3=0
SELECT busy=8563
SELECT w0=8551
SELECT w1=4514
SELECT w2=5003
BUSY TASK ewma=997
DMA IRQ c0=2
DMA IRQ c1=0
DMA IRQ c2=0
DMA IRQ c3=0
SELECT busy=8583
SELECT w0=8571
SELECT w1=4523
SELECT w2=5012
BUSY TASK ewma=997
DMA IRQ c0=2
DMA IRQ c1=0
DMA IRQ c2=0
DMA IRQ c3=0
SELECT busy=8607
SELECT w0=8596
SELECT w1=4533
SELECT w2=5027
BUSY TASK ewma=997
DMA IRQ c0=2
DMA IRQ c1=0
DMA IRQ c2=0
DMA IRQ c3=0
SELECT busy=8629
SELECT w0=8618
SELECT w1=4545
SELECT w2=5040
BUSY TASK ewma=997
DMA IRQ c0=2
DMA IRQ c1=0
DMA IRQ c2=0
DMA IRQ c3=0
SELECT busy=8645
SELECT w0=8634
SELECT w1=4553
SELECT w2=5049
BUSY TASK ewma=997
DMA IRQ c0=2
DMA IRQ c1=0
DMA IRQ c2=0
DMA IRQ c3=0
SELECT busy=8671
SELECT w0=8660
SELECT w1=4563
SELECT w2=5066
BUSY TASK ewma=997
DMA IRQ c0=2
DMA IRQ c1=0
DMA IRQ c2=0
DMA IRQ c3=0
SELECT busy=8695
SELECT w0=8684
SELECT w1=4575
SELECT w2=5080
BUSY TASK ewma=997
DMA IRQ c0=2
DMA IRQ c1=0
DMA IRQ c2=0
DMA IRQ c3=0
SELECT busy=8711
SELECT w0=8699
SELECT w1=4585
SELECT w2=5090
BUSY TASK ewma=997
DMA IRQ c0=2
DMA IRQ c1=0
DMA IRQ c2=0
DMA IRQ c3=0
SELECT busy=8731
SELECT w0=8720
SELECT w1=4592
SELECT w2=5097
BUSY TASK ewma=997
DMA IRQ c0=2
DMA IRQ c1=0
DMA IRQ c2=0
DMA IRQ c3=0
SELECT busy=8749
SELECT w0=8737
SELECT w1=4598
SELECT w2=5106
BUSY TASK ewma=997
DMA IRQ c0=2
DMA IRQ c1=0
DMA IRQ c2=0
DMA IRQ c3=0
SELECT busy=8771
SELECT w0=8761
SELECT w1=4608
SELECT w2=5121
BUSY TASK ewma=997
DMA IRQ c0=2
DMA IRQ c1=0
DMA IRQ c2=0
DMA IRQ c3=0
SELECT busy=8794
SELECT w0=8782
SELECT w1=4616
SELECT w2=5130
BUSY TASK ewma=997
DMA IRQ c0=2
DMA IRQ c1=0
DMA IRQ c2=0
DMA IRQ c3=0
SELECT busy=8814
SELECT w0=8802
SELECT w1=4624
SELECT w2=5139
BUSY TASK ewma=997
DMA IRQ c0=2
DMA IRQ c1=0
DMA IRQ c2=0
DMA IRQ c3=0
SELECT busy=8829
SELECT w0=8818
SELECT w1=4632
SELECT w2=5150
BUSY TASK ewma=997
DMA IRQ c0=2
DMA IRQ c1=0
DMA IRQ c2=0
DMA IRQ c3=0
SELECT busy=8846
SELECT w0=8834
SELECT w1=4642
SELECT w2=5164
BUSY TASK ewma=997
DMA IRQ c0=2
DMA IRQ c1=0
DMA IRQ c2=0
DMA IRQ c3=0
SELECT busy=8860
SELECT w0=8849
SELECT w1=4649
SELECT w2=5175
BUSY TASK ewma=997
DMA IRQ c0=2
DMA IRQ c1=0
DMA IRQ c2=0
DMA IRQ c3=0
SELECT busy=8881
SELECT w0=8870
SELECT w1=4660
SELECT w2=5193
BUSY TASK ewma=997
DMA IRQ c0=2
DMA IRQ c1=0
DMA IRQ c2=0
DMA IRQ c3=0
SELECT busy=8902
SELECT w0=8891
SELECT w1=4671
SELECT w2=5211
BUSY TASK ewma=997
DMA IRQ c0=2
DMA IRQ c1=0
DMA IRQ c2=0
DMA IRQ c3=0
SELECT busy=8932
SELECT w0=8920
SELECT w1=4683
SELECT w2=5225
BUSY TASK ewma=997
DMA IRQ c0=2
DMA IRQ c1=0
DMA IRQ c2=0
DMA IRQ c3=0
SELECT busy=8979
SELECT w0=8967
SELECT w1=4702
SELECT w2=5250
BUSY TASK ewma=997
DMA IRQ c0=2
DMA IRQ c1=0
DMA IRQ c2=0
DMA IRQ c3=0
SELECT busy=9018
SELECT w0=9006
SELECT w1=4717
SELECT w2=5270
BUSY TASK ewma=997
DMA IRQ c0=2
DMA IRQ c1=0
DMA IRQ c2=0
DMA IRQ c3=0
SELECT busy=9046
SELECT w0=9035
SELECT w1=4728
SELECT w2=5285
BUSY TASK ewma=997
DMA IRQ c0=2
DMA IRQ c1=0
DMA IRQ c2=0
DMA IRQ c3=0
SELECT busy=9064
SELECT w0=9053
SELECT w1=4736
SELECT w2=5296
BUSY TASK ewma=997
DMA IRQ c0=2
DMA IRQ c1=0
DMA IRQ c2=0
DMA IRQ c3=0
SELECT busy=9090
SELECT w0=9078
SELECT w1=4745
SELECT w2=5307
BUSY TASK ewma=997
DMA IRQ c0=2
DMA IRQ c1=0
DMA IRQ c2=0
DMA IRQ c3=0
SELECT busy=9115
SELECT w0=9103
SELECT w1=4756
SELECT w2=5323
BUSY TASK ewma=997
DMA IRQ c0=2
DMA IRQ c1=0
DMA IRQ c2=0
DMA IRQ c3=0
SELECT busy=9136
SELECT w0=9124
SELECT w1=4765
SELECT w2=5336
BUSY TASK ewma=997
DMA IRQ c0=2
DMA IRQ c1=0
DMA IRQ c2=0
DMA IRQ c3=0
SELECT busy=9155
SELECT w0=9143
SELECT w1=4773
SELECT w2=5350
BUSY TASK ewma=997
DMA IRQ c0=2
DMA IRQ c1=0
DMA IRQ c2=0
DMA IRQ c3=0
SELECT busy=9177
SELECT w0=9165
SELECT w1=4782
SELECT w2=5367
BUSY TASK ewma=997
DMA IRQ c0=2
DMA IRQ c1=0
DMA IRQ c2=0
DMA IRQ c3=0
SELECT busy=9198
SELECT w0=9187
SELECT w1=4791
SELECT w2=5378
BUSY TASK ewma=997
DMA IRQ c0=2
DMA IRQ c1=0
DMA IRQ c2=0
DMA IRQ c3=0
SELECT busy=9217
SELECT w0=9205
SELECT w1=4799
SELECT w2=5386
BUSY TASK ewma=997
DMA IRQ c0=2
DMA IRQ c1=0
DMA IRQ c2=0
DMA IRQ c3=0
SELECT busy=9242
SELECT w0=9233
SELECT w1=4811
SELECT w2=5400
BUSY TASK ewma=997
DMA IRQ c0=2
DMA IRQ c1=0
DMA IRQ c2=0
DMA IRQ c3=0
SELECT busy=9271
SELECT w0=9259
SELECT w1=4820
SELECT w2=5412
BUSY TASK ewma=997
DMA IRQ c0=2
DMA IRQ c1=0
DMA IRQ c2=0
DMA IRQ c3=0
SELECT busy=9296
SELECT w0=9284
SELECT w1=4831
SELECT w2=5426
BUSY TASK ewma=997
DMA IRQ c0=2
DMA IRQ c1=0
DMA IRQ c2=0
DMA IRQ c3=0
SELECT busy=9316
SELECT w0=9304
SELECT w1=4839
SELECT w2=5436
BUSY TASK ewma=997
DMA IRQ c0=2
DMA IRQ c1=0
DMA IRQ c2=0
DMA IRQ c3=0
SELECT busy=9333
SELECT w0=9322
SELECT w1=4846
SELECT w2=5446
BUSY TASK ewma=997
DMA IRQ c0=2
DMA IRQ c1=0
DMA IRQ c2=0
DMA IRQ c3=0
SELECT busy=9354
SELECT w0=9343
SELECT w1=4857
SELECT w2=5457
BUSY TASK ewma=997
DMA IRQ c0=2
DMA IRQ c1=0
DMA IRQ c2=0
DMA IRQ c3=0
SELECT busy=9374
SELECT w0=9363
SELECT w1=4866
SELECT w2=5468
BUSY TASK ewma=997
DMA IRQ c0=2
DMA IRQ c1=0
DMA IRQ c2=0
DMA IRQ c3=0
SELECT busy=9392
SELECT w0=9381
SELECT w1=4874
SELECT w2=5483
BUSY TASK ewma=997
DMA IRQ c0=2
DMA IRQ c1=0
DMA IRQ c2=0
DMA IRQ c3=0
SELECT busy=9411
SELECT w0=9399
SELECT w1=4884
SELECT w2=5498
BUSY TASK ewma=997
DMA IRQ c0=2
DMA IRQ c1=0
DMA IRQ c2=0
DMA IRQ c3=0
SELECT busy=9426
SELECT w0=9415
SELECT w1=4892
SELECT w2=5507
BUSY TASK ewma=997
DMA IRQ c0=2
DMA IRQ c1=0
DMA IRQ c2=0
DMA IRQ c3=0
SELECT busy=9443
SELECT w0=9432
SELECT w1=4900
SELECT w2=5518
BUSY TASK ewma=997
DMA IRQ c0=2
DMA IRQ c1=0
DMA IRQ c2=0
DMA IRQ c3=0
SELECT busy=9463
SELECT w0=9452
SELECT w1=4910
SELECT w2=5529
BUSY TASK ewma=997
DMA IRQ c0=2
DMA IRQ c1=0
DMA IRQ c2=0
DMA IRQ c3=0
SELECT busy=9482
SELECT w0=9470
SELECT w1=4920
SELECT w2=5541
BUSY TASK ewma=997
DMA IRQ c0=2
DMA IRQ c1=0
DMA IRQ c2=0
DMA IRQ c3=0
SELECT busy=9500
SELECT w0=9488
SELECT w1=4924
SELECT w2=5546
BUSY TASK ewma=997
DMA IRQ c0=2
DMA IRQ c1=0
DMA IRQ c2=0
DMA IRQ c3=0
SELECT busy=9519
SELECT w0=9507
SELECT w1=4933
SELECT w2=5556
BUSY TASK ewma=997
DMA IRQ c0=2
DMA IRQ c1=0
DMA IRQ c2=0
DMA IRQ c3=0
SELECT busy=9540
SELECT w0=9528
SELECT w1=4942
SELECT w2=5566
BUSY TASK ewma=997
DMA IRQ c0=2
DMA IRQ c1=0
DMA IRQ c2=0
DMA IRQ c3=0
SELECT busy=9567
SELECT w0=9556
SELECT w1=4955
SELECT w2=5582
BUSY TASK ewma=997
DMA IRQ c0=2
DMA IRQ c1=0
DMA IRQ c2=0
DMA IRQ c3=0
SELECT busy=9598
SELECT w0=9587
SELECT w1=4971
SELECT w2=5600
BUSY TASK ewma=997
DMA IRQ c0=2
DMA IRQ c1=0
DMA IRQ c2=0
DMA IRQ c3=0
SELECT busy=9627
SELECT w0=9615
SELECT w1=4984
SELECT w2=5612
BUSY TASK ewma=997
DMA IRQ c0=2
DMA IRQ c1=0
DMA IRQ c2=0
DMA IRQ c3=0
SELECT busy=9648
SELECT w0=9636
SELECT w1=4991
SELECT w2=5621
BUSY TASK ewma=997
DMA IRQ c0=2
DMA IRQ c1=0
DMA IRQ c2=0
DMA IRQ c3=0
SELECT busy=9673
SELECT w0=9662
SELECT w1=5003
SELECT w2=5642
BUSY TASK ewma=997
DMA IRQ c0=2
DMA IRQ c1=0
DMA IRQ c2=0
DMA IRQ c3=0
SELECT busy=9702
SELECT w0=9691
SELECT w1=5015
SELECT w2=5658
BUSY TASK ewma=997
DMA IRQ c0=2
DMA IRQ c1=0
DMA IRQ c2=0
DMA IRQ c3=0
SELECT busy=9725
SELECT w0=9714
SELECT w1=5025
SELECT w2=5670
BUSY TASK ewma=997
DMA IRQ c0=2
DMA IRQ c1=0
DMA IRQ c2=0
DMA IRQ c3=0
SELECT busy=9745
SELECT w0=9735
SELECT w1=5036
SELECT w2=5685
BUSY TASK ewma=997
DMA IRQ c0=2
DMA IRQ c1=0
DMA IRQ c2=0
DMA IRQ c3=0
SELECT busy=9766
SELECT w0=9755
SELECT w1=5044
SELECT w2=5698
BUSY TASK ewma=997
DMA IRQ c0=2
DMA IRQ c1=0
DMA IRQ c2=0
DMA IRQ c3=0
SELECT busy=9785
SELECT w0=9773
SELECT w1=5049
SELECT w2=5703
BUSY TASK ewma=997
DMA IRQ c0=2
DMA IRQ c1=0
DMA IRQ c2=0
DMA IRQ c3=0
SELECT busy=9814
SELECT w0=9802
SELECT w1=5059
SELECT w2=5719
BUSY TASK ewma=997
DMA IRQ c0=2
DMA IRQ c1=0
DMA IRQ c2=0
DMA IRQ c3=0
SELECT busy=9836
SELECT w0=9824
SELECT w1=5071
SELECT w2=5735
BUSY TASK ewma=997
DMA IRQ c0=2
DMA IRQ c1=0
DMA IRQ c2=0
DMA IRQ c3=0
SELECT busy=9873
SELECT w0=9862
SELECT w1=5087
SELECT w2=5756
BUSY TASK ewma=997
DMA IRQ c0=2
DMA IRQ c1=0
DMA IRQ c2=0
DMA IRQ c3=0
SELECT busy=9915
SELECT w0=9905
SELECT w1=5109
SELECT w2=5778
BUSY TASK ewma=997
IRQ counts: cpu0=19857 cpu1=22741 cpu2=22882 cpu3=22650
SCHED secondaries: calls=68287 unexpected=0
SECTEST switches=68240 cpu1=241393346,238858198 cpu2=205112367,201210579 cpu3=287560036,277879361
PINGPONG rounds=2000 pongs=2000
DMA IRQ c0=2
DMA IRQ c1=0
DMA IRQ c2=0
DMA IRQ c3=0
SELECT busy=9948
SELECT w0=9936
SELECT w1=5124
SELECT w2=5794
BUSY TASK ewma=997
DMA IRQ c0=2
DMA IRQ c1=0
DMA IRQ c2=0
DMA IRQ c3=0
SELECT busy=9974
SELECT w0=9962
SELECT w1=5137
SELECT w2=5809
BUSY TASK ewma=997
DMA IRQ c0=2
DMA IRQ c1=0
DMA IRQ c2=0
DMA IRQ c3=0
SELECT busy=10003
SELECT w0=9991
SELECT w1=5147
SELECT w2=5823
BUSY TASK ewma=997
DMA IRQ c0=2
DMA IRQ c1=0
DMA IRQ c2=0
DMA IRQ c3=0
SELECT busy=10028
SELECT w0=10016
SELECT w1=5161
SELECT w2=5837
BUSY TASK ewma=997
DMA IRQ c0=2
DMA IRQ c1=0
DMA IRQ c2=0
DMA IRQ c3=0
SELECT busy=10039
SELECT w0=10028
SELECT w1=5167
SELECT w2=5848
BUSY TASK ewma=997
DMA IRQ c0=2
DMA IRQ c1=0
DMA IRQ c2=0
DMA IRQ c3=0
SELECT busy=10058
SELECT w0=10046
SELECT w1=5177
SELECT w2=5859
BUSY TASK ewma=997
DMA IRQ c0=2
DMA IRQ c1=0
DMA IRQ c2=0
DMA IRQ c3=0
SELECT busy=10079
SELECT w0=10068
SELECT w1=5184
SELECT w2=5869
BUSY TASK ewma=997
DMA IRQ c0=2
DMA IRQ c1=0
DMA IRQ c2=0
DMA IRQ c3=0
SELECT busy=10103
SELECT w0=10091
SELECT w1=5192
SELECT w2=5881
BUSY TASK ewma=997
DMA IRQ c0=2
DMA IRQ c1=0
DMA IRQ c2=0
DMA IRQ c3=0
SELECT busy=10120
SELECT w0=10109
SELECT w1=5201
SELECT w2=5890
BUSY TASK ewma=997
DMA IRQ c0=2
DMA IRQ c1=0
DMA IRQ c2=0
DMA IRQ c3=0
SELECT busy=10144
SELECT w0=10132
SELECT w1=5215
SELECT w2=5910
BUSY TASK ewma=997
DMA IRQ c0=2
DMA IRQ c1=0
DMA IRQ c2=0
DMA IRQ c3=0
SELECT busy=10166
SELECT w0=10154
SELECT w1=5224
SELECT w2=5921
BUSY TASK ewma=997
DMA IRQ c0=2
DMA IRQ c1=0
DMA IRQ c2=0
DMA IRQ c3=0
SELECT busy=10184
SELECT w0=10173
SELECT w1=5233
SELECT w2=5931
BUSY TASK ewma=997
DMA IRQ c0=2
DMA IRQ c1=0
DMA IRQ c2=0
DMA IRQ c3=0
SELECT busy=10200
SELECT w0=10189
SELECT w1=5243
SELECT w2=5944
BUSY TASK ewma=997
DMA IRQ c0=2
DMA IRQ c1=0
DMA IRQ c2=0
DMA IRQ c3=0
SELECT busy=10223
SELECT w0=10211
SELECT w1=5251
SELECT w2=5952
BUSY TASK ewma=997
DMA IRQ c0=2
DMA IRQ c1=0
DMA IRQ c2=0
DMA IRQ c3=0
SELECT busy=10242
SELECT w0=10230
SELECT w1=5255
SELECT w2=5957
BUSY TASK ewma=997
DMA IRQ c0=2
DMA IRQ c1=0
DMA IRQ c2=0
DMA IRQ c3=0
SELECT busy=10263
SELECT w0=10252
SELECT w1=5266
SELECT w2=5972
BUSY TASK ewma=997
DMA IRQ c0=2
DMA IRQ c1=0
DMA IRQ c2=0
DMA IRQ c3=0
SELECT busy=10284
SELECT w0=10273
SELECT w1=5276
SELECT w2=5984
BUSY TASK ewma=997
DMA IRQ c0=2
DMA IRQ c1=0
DMA IRQ c2=0
DMA IRQ c3=0
SELECT busy=10304
SELECT w0=10292
SELECT w1=5285
SELECT w2=5996
BUSY TASK ewma=997
DMA IRQ c0=2
DMA IRQ c1=0
DMA IRQ c2=0
DMA IRQ c3=0
SELECT busy=10324
SELECT w0=10313
SELECT w1=5295
SELECT w2=6007
BUSY TASK ewma=997
DMA IRQ c0=2
DMA IRQ c1=0
DMA IRQ c2=0
DMA IRQ c3=0
SELECT busy=10342
SELECT w0=10331
SELECT w1=5305
SELECT w2=6023
BUSY TASK ewma=997
DMA IRQ c0=2
DMA IRQ c1=0
DMA IRQ c2=0
DMA IRQ c3=0
SELECT busy=10375
SELECT w0=10364
SELECT w1=5324
SELECT w2=6042
BUSY TASK ewma=997
DMA IRQ c0=2
DMA IRQ c1=0
DMA IRQ c2=0
DMA IRQ c3=0
SELECT busy=10401
SELECT w0=10389
SELECT w1=5335
SELECT w2=6054
BUSY TASK ewma=997
DMA IRQ c0=2
DMA IRQ c1=0
DMA IRQ c2=0
DMA IRQ c3=0
SELECT busy=10424
SELECT w0=10412
SELECT w1=5344
SELECT w2=6065
BUSY TASK ewma=997
DMA IRQ c0=2
DMA IRQ c1=0
DMA IRQ c2=0
DMA IRQ c3=0
SELECT busy=10461
SELECT w0=10449
SELECT w1=5360
SELECT w2=6082
BUSY TASK ewma=997
DMA IRQ c0=2
DMA IRQ c1=0
DMA IRQ c2=0
DMA IRQ c3=0
SELECT busy=10490
SELECT w0=10479
SELECT w1=5371
SELECT w2=6100
BUSY TASK ewma=997
DMA IRQ c0=2
DMA IRQ c1=0
DMA IRQ c2=0
DMA IRQ c3=0
SELECT busy=10523
SELECT w0=10511
SELECT w1=5382
SELECT w2=6114
BUSY TASK ewma=997
DMA IRQ c0=2
DMA IRQ c1=0
DMA IRQ c2=0
DMA IRQ c3=0
SELECT busy=10549
SELECT w0=10537
SELECT w1=5394
SELECT w2=6132
BUSY TASK ewma=997
DMA IRQ c0=2
DMA IRQ c1=0
DMA IRQ c2=0
DMA IRQ c3=0
SELECT busy=10571
SELECT w0=10559
SELECT w1=5403
SELECT w2=6144
BUSY TASK ewma=997
DMA IRQ c0=2
DMA IRQ c1=0
DMA IRQ c2=0
DMA IRQ c3=0
SELECT busy=10588
SELECT w0=10577
SELECT w1=5411
SELECT w2=6158
BUSY TASK ewma=997
DMA IRQ c0=2
DMA IRQ c1=0
DMA IRQ c2=0
DMA IRQ c3=0
SELECT busy=10613
SELECT w0=10601
SELECT w1=5422
SELECT w2=6177
BUSY TASK ewma=997
DMA IRQ c0=2
DMA IRQ c1=0
DMA IRQ c2=0
DMA IRQ c3=0
SELECT busy=10634
SELECT w0=10623
SELECT w1=5435
SELECT w2=6201
BUSY TASK ewma=997
DMA IRQ c0=2
DMA IRQ c1=0
DMA IRQ c2=0
DMA IRQ c3=0
SELECT busy=10674
SELECT w0=10663
SELECT w1=5455
SELECT w2=6222
BUSY TASK ewma=997
DMA IRQ c0=2
DMA IRQ c1=0
DMA IRQ c2=0
DMA IRQ c3=0
SELECT busy=10712
SELECT w0=10700
SELECT w1=5469
SELECT w2=6238
BUSY TASK ewma=997
DMA IRQ c0=2
DMA IRQ c1=0
DMA IRQ c2=0
DMA IRQ c3=0
SELECT busy=10749
SELECT w0=10737
SELECT w1=5484
SELECT w2=6254
BUSY TASK ewma=997
DMA IRQ c0=2
DMA IRQ c1=0
DMA IRQ c2=0
DMA IRQ c3=0
SELECT busy=10772
SELECT w0=10761
SELECT w1=5493
SELECT w2=6266
BUSY TASK ewma=997
DMA IRQ c0=2
DMA IRQ c1=0
DMA IRQ c2=0
DMA IRQ c3=0
SELECT busy=10795
SELECT w0=10784
SELECT w1=5505
SELECT w2=6287
BUSY TASK ewma=997
DMA IRQ c0=2
DMA IRQ c1=0
DMA IRQ c2=0
DMA IRQ c3=0
SELECT busy=10816
SELECT w0=10808
SELECT w1=5522
SELECT w2=6306
BUSY TASK ewma=997
DMA IRQ c0=2
DMA IRQ c1=0
DMA IRQ c2=0
DMA IRQ c3=0
SELECT busy=10842
SELECT w0=10831
SELECT w1=5534
SELECT w2=6324
BUSY TASK ewma=997
DMA IRQ c0=2
DMA IRQ c1=0
DMA IRQ c2=0
DMA IRQ c3=0
SELECT busy=10862
SELECT w0=10851
SELECT w1=5541
SELECT w2=6333
BUSY TASK ewma=997
DMA IRQ c0=2
DMA IRQ c1=0
DMA IRQ c2=0
DMA IRQ c3=0
SELECT busy=10889
SELECT w0=10877
SELECT w1=5559
SELECT w2=6347
BUSY TASK ewma=997
DMA IRQ c0=2
DMA IRQ c1=0
DMA IRQ c2=0
DMA IRQ c3=0
SELECT busy=10910
SELECT w0=10899
SELECT w1=5570
SELECT w2=6359
BUSY TASK ewma=997
DMA IRQ c0=2
DMA IRQ c1=0
DMA IRQ c2=0
DMA IRQ c3=0
SELECT busy=10936
SELECT w0=10924
SELECT w1=5585
SELECT w2=6375
BUSY TASK ewma=997
DMA IRQ c0=2
DMA IRQ c1=0
DMA IRQ c2=0
DMA IRQ c3=0
SELECT busy=10957
SELECT w0=10945
SELECT w1=5591
SELECT w2=6384
BUSY TASK ewma=997
DMA IRQ c0=2
DMA IRQ c1=0
DMA IRQ c2=0
DMA IRQ c3=0
SELECT busy=10978
SELECT w0=10967
SELECT w1=5601
SELECT w2=6396
BUSY TASK ewma=997
DMA IRQ c0=2
DMA IRQ c1=0
DMA IRQ c2=0
DMA IRQ c3=0
SELECT busy=11000
SELECT w0=10989
SELECT w1=5612
SELECT w2=6410
BUSY TASK ewma=997
DMA IRQ c0=2
DMA IRQ c1=0
DMA IRQ c2=0
DMA IRQ c3=0
SELECT busy=11024
SELECT w0=11013
SELECT w1=5622
SELECT w2=6421
BUSY TASK ewma=997
DMA IRQ c0=2
DMA IRQ c1=0
DMA IRQ c2=0
DMA IRQ c3=0
SELECT busy=11040
SELECT w0=11029
SELECT w1=5632
SELECT w2=6431
BUSY TASK ewma=997
DMA IRQ c0=2
DMA IRQ c1=0
DMA IRQ c2=0
DMA IRQ c3=0
SELECT busy=11064
SELECT w0=11053
SELECT w1=5644
SELECT w2=6443
BUSY TASK ewma=997
DMA IRQ c0=2
DMA IRQ c1=0
DMA IRQ c2=0
DMA IRQ c3=0
SELECT busy=11099
SELECT w0=11088
SELECT w1=5657
SELECT w2=6460
BUSY TASK ewma=997
DMA IRQ c0=2
DMA IRQ c1=0
DMA IRQ c2=0
DMA IRQ c3=0
SELECT busy=11122
SELECT w0=11111
SELECT w1=5668
SELECT w2=6473
BUSY TASK ewma=997
DMA IRQ c0=2
DMA IRQ c1=0
DMA IRQ c2=0
DMA IRQ c3=0
SELECT busy=11141
SELECT w0=11130
SELECT w1=5678
SELECT w2=6489
BUSY TASK ewma=997
DMA IRQ c0=2
DMA IRQ c1=0
DMA IRQ c2=0
DMA IRQ c3=0
SELECT busy=11161
SELECT w0=11149
SELECT w1=5687
SELECT w2=6500
BUSY TASK ewma=997
DMA IRQ c0=2
DMA IRQ c1=0
DMA IRQ c2=0
DMA IRQ c3=0
SELECT busy=11181
SELECT w0=11169
SELECT w1=5693
SELECT w2=6507
BUSY TASK ewma=997
DMA IRQ c0=2
DMA IRQ c1=0
DMA IRQ c2=0
DMA IRQ c3=0
SELECT busy=11198
SELECT w0=11187
SELECT w1=5699
SELECT w2=6516
BUSY TASK ewma=997
DMA IRQ c0=2
DMA IRQ c1=0
DMA IRQ c2=0
DMA IRQ c3=0
SELECT busy=11218
SELECT w0=11207
SELECT w1=5707
SELECT w2=6525
BUSY TASK ewma=997
DMA IRQ c0=2
DMA IRQ c1=0
DMA IRQ c2=0
DMA IRQ c3=0
SELECT busy=11236
SELECT w0=11225
SELECT w1=5716
SELECT w2=6536
BUSY TASK ewma=997
DMA IRQ c0=2
DMA IRQ c1=0
DMA IRQ c2=0
DMA IRQ c3=0
SELECT busy=11257
SELECT w0=11246
SELECT w1=5728
SELECT w2=6552
BUSY TASK ewma=997
DMA IRQ c0=2
DMA IRQ c1=0
DMA IRQ c2=0
DMA IRQ c3=0
SELECT busy=11286
SELECT w0=11274
SELECT w1=5740
SELECT w2=6567
BUSY TASK ewma=997
DMA IRQ c0=2
DMA IRQ c1=0
DMA IRQ c2=0
DMA IRQ c3=0
SELECT busy=11314
SELECT w0=11302
SELECT w1=5756
SELECT w2=6588
BUSY TASK ewma=997
DMA IRQ c0=2
DMA IRQ c1=0
DMA IRQ c2=0
DMA IRQ c3=0
SELECT busy=11338
SELECT w0=11327
SELECT w1=5768
SELECT w2=6601
BUSY TASK ewma=997
DMA IRQ c0=2
DMA IRQ c1=0
DMA IRQ c2=0
DMA IRQ c3=0
SELECT busy=11363
SELECT w0=11352
SELECT w1=5780
SELECT w2=6616
BUSY TASK ewma=997
DMA IRQ c0=2
DMA IRQ c1=0
DMA IRQ c2=0
DMA IRQ c3=0
SELECT busy=11390
SELECT w0=11379
SELECT w1=5790
SELECT w2=6632
BUSY TASK ewma=997
DMA IRQ c0=2
DMA IRQ c1=0
DMA IRQ c2=0
DMA IRQ c3=0
SELECT busy=11412
SELECT w0=11400
SELECT w1=5800
SELECT w2=6643
BUSY TASK ewma=997
DMA IRQ c0=2
DMA IRQ c1=0
DMA IRQ c2=0
DMA IRQ c3=0
SELECT busy=11428
SELECT w0=11417
SELECT w1=5807
SELECT w2=6653
BUSY TASK ewma=997
IRQ counts: cpu0=22881 cpu1=26229 cpu2=26383 cpu3=26035
SCHED secondaries: calls=78649 unexpected=0
SECTEST switches=78597 cpu1=271534955,270560271 cpu2=234497105,231018660 cpu3=326678194,316012880
PINGPONG rounds=2000 pongs=2000
DMA IRQ c0=2
DMA IRQ c1=0
DMA IRQ c2=0
DMA IRQ c3=0
SELECT busy=11456
SELECT w0=11444
SELECT w1=5820
SELECT w2=6667
BUSY TASK ewma=997
DMA IRQ c0=2
DMA IRQ c1=0
DMA IRQ c2=0
DMA IRQ c3=0
SELECT busy=11475
SELECT w0=11464
SELECT w1=5827
SELECT w2=6677
BUSY TASK ewma=997
DMA IRQ c0=2
DMA IRQ c1=0
DMA IRQ c2=0
DMA IRQ c3=0
SELECT busy=11492
SELECT w0=11480
SELECT w1=5834
SELECT w2=6684
BUSY TASK ewma=997
DMA IRQ c0=2
DMA IRQ c1=0
DMA IRQ c2=0
DMA IRQ c3=0
SELECT busy=11509
SELECT w0=11497
SELECT w1=5845
SELECT w2=6695
BUSY TASK ewma=997
DMA IRQ c0=2
DMA IRQ c1=0
DMA IRQ c2=0
DMA IRQ c3=0
SELECT busy=11527
SELECT w0=11518
SELECT w1=5855
SELECT w2=6707
BUSY TASK ewma=997
DMA IRQ c0=2
DMA IRQ c1=0
DMA IRQ c2=0
DMA IRQ c3=0
SELECT busy=11565
SELECT w0=11553
SELECT w1=5872
SELECT w2=6729
BUSY TASK ewma=997
DMA IRQ c0=2
DMA IRQ c1=0
DMA IRQ c2=0
DMA IRQ c3=0
SELECT busy=11585
SELECT w0=11574
SELECT w1=5879
SELECT w2=6738
BUSY TASK ewma=997
DMA IRQ c0=2
DMA IRQ c1=0
DMA IRQ c2=0
DMA IRQ c3=0
SELECT busy=11609
SELECT w0=11597
SELECT w1=5889
SELECT w2=6757
BUSY TASK ewma=997
DMA IRQ c0=2
DMA IRQ c1=0
DMA IRQ c2=0
DMA IRQ c3=0
SELECT busy=11631
SELECT w0=11620
SELECT w1=5897
SELECT w2=6770
BUSY TASK ewma=997
DMA IRQ c0=2
DMA IRQ c1=0
DMA IRQ c2=0
DMA IRQ c3=0
SELECT busy=11655
SELECT w0=11644
SELECT w1=5910
SELECT w2=6789
BUSY TASK ewma=997
DMA IRQ c0=2
DMA IRQ c1=0
DMA IRQ c2=0
DMA IRQ c3=0
SELECT busy=11682
SELECT w0=11672
SELECT w1=5925
SELECT w2=6805
BUSY TASK ewma=997
DMA IRQ c0=2
DMA IRQ c1=0
DMA IRQ c2=0
DMA IRQ c3=0
SELECT busy=11698
SELECT w0=11686
SELECT w1=5930
SELECT w2=6811
BUSY TASK ewma=997
DMA IRQ c0=2
DMA IRQ c1=0
DMA IRQ c2=0
DMA IRQ c3=0
SELECT busy=11717
SELECT w0=11705
SELECT w1=5937
SELECT w2=6820
BUSY TASK ewma=997
DMA IRQ c0=2
DMA IRQ c1=0
DMA IRQ c2=0
DMA IRQ c3=0
SELECT busy=11738
SELECT w0=11726
SELECT w1=5945
SELECT w2=6833
BUSY TASK ewma=997
DMA IRQ c0=2
DMA IRQ c1=0
DMA IRQ c2=0
DMA IRQ c3=0
SELECT busy=11755
SELECT w0=11744
SELECT w1=5955
SELECT w2=6845
BUSY TASK ewma=997
DMA IRQ c0=2
DMA IRQ c1=0
DMA IRQ c2=0
DMA IRQ c3=0
SELECT busy=11778
SELECT w0=11766
SELECT w1=5969
SELECT w2=6861
BUSY TASK ewma=997
DMA IRQ c0=2
DMA IRQ c1=0
DMA IRQ c2=0
DMA IRQ c3=0
SELECT busy=11801
SELECT w0=11789
SELECT w1=5980
SELECT w2=6873
BUSY TASK ewma=997
DMA IRQ c0=2
DMA IRQ c1=0
DMA IRQ c2=0
DMA IRQ c3=0
SELECT busy=11818
SELECT w0=11806
SELECT w1=5987
SELECT w2=6882
BUSY TASK ewma=997
DMA IRQ c0=2
DMA IRQ c1=0
DMA IRQ c2=0
DMA IRQ c3=0
SELECT busy=11833
SELECT w0=11821
SELECT w1=5993
SELECT w2=6891
BUSY TASK ewma=997
DMA IRQ c0=2
DMA IRQ c1=0
DMA IRQ c2=0
DMA IRQ c3=0
SELECT busy=11848
SELECT w0=11836
SELECT w1=6000
SELECT w2=6900
BUSY TASK ewma=997
DMA IRQ c0=2
DMA IRQ c1=0
DMA IRQ c2=0
DMA IRQ c3=0
SELECT busy=11869
SELECT w0=11859
SELECT w1=6010
SELECT w2=6913
BUSY TASK ewma=997
DMA IRQ c0=2
DMA IRQ c1=0
DMA IRQ c2=0
DMA IRQ c3=0
SELECT busy=11894
SELECT w0=11883
SELECT w1=6019
SELECT w2=6925
BUSY TASK ewma=997
DMA IRQ c0=2
DMA IRQ c1=0
DMA IRQ c2=0
DMA IRQ c3=0
SELECT busy=11910
SELECT w0=11899
SELECT w1=6027
SELECT w2=6934
BUSY TASK ewma=997
DMA IRQ c0=2
DMA IRQ c1=0
DMA IRQ c2=0
DMA IRQ c3=0
SELECT busy=11929
SELECT w0=11918
SELECT w1=6038
SELECT w2=6943
BUSY TASK ewma=997
DMA IRQ c0=2
DMA IRQ c1=0
DMA IRQ c2=0
DMA IRQ c3=0
SELECT busy=11958
SELECT w0=11947
SELECT w1=6049
SELECT w2=6959
BUSY TASK ewma=997
DMA IRQ c0=2
DMA IRQ c1=0
DMA IRQ c2=0
DMA IRQ c3=0
SELECT busy=11998
SELECT w0=11986
SELECT w1=6066
SELECT w2=6982
BUSY TASK ewma=997
DMA IRQ c0=2
DMA IRQ c1=0
DMA IRQ c2=0
DMA IRQ c3=0
SELECT busy=12031
SELECT w0=12019
SELECT w1=6079
SELECT w2=6999
BUSY TASK ewma=997
DMA IRQ c0=2
DMA IRQ c1=0
DMA IRQ c2=0
DMA IRQ c3=0
SELECT busy=12052
SELECT w0=12041
SELECT w1=6087
SELECT w2=7009
BUSY TASK ewma=997
DMA IRQ c0=2
DMA IRQ c1=0
DMA IRQ c2=0
DMA IRQ c3=0
SELECT busy=12072
SELECT w0=12060
SELECT w1=6095
SELECT w2=7017
BUSY TASK ewma=997
DMA IRQ c0=2
DMA IRQ c1=0
DMA IRQ c2=0
DMA IRQ c3=0
SELECT busy=12098
SELECT w0=12088
SELECT w1=6107
SELECT w2=7031
BUSY TASK ewma=997
DMA IRQ c0=2
DMA IRQ c1=0
DMA IRQ c2=0
DMA IRQ c3=0
SELECT busy=12117
SELECT w0=12107
SELECT w1=6117
SELECT w2=7044
BUSY TASK ewma=997
DMA IRQ c0=2
DMA IRQ c1=0
DMA IRQ c2=0
DMA IRQ c3=0
SELECT busy=12143
SELECT w0=12132
SELECT w1=6126
SELECT w2=7058
BUSY TASK ewma=997
DMA IRQ c0=2
DMA IRQ c1=0
DMA IRQ c2=0
DMA IRQ c3=0
SELECT busy=12163
SELECT w0=12152
SELECT w1=6135
SELECT w2=7069
BUSY TASK ewma=997
DMA IRQ c0=2
DMA IRQ c1=0
DMA IRQ c2=0
DMA IRQ c3=0
SELECT busy=12184
SELECT w0=12173
SELECT w1=6143
SELECT w2=7080
BUSY TASK ewma=997
DMA IRQ c0=2
DMA IRQ c1=0
DMA IRQ c2=0
DMA IRQ c3=0
SELECT busy=12207
SELECT w0=12195
SELECT w1=6152
SELECT w2=7092
BUSY TASK ewma=997
DMA IRQ c0=2
DMA IRQ c1=0
DMA IRQ c2=0
DMA IRQ c3=0
SELECT busy=12233
SELECT w0=12222
SELECT w1=6163
SELECT w2=7104
BUSY TASK ewma=997
DMA IRQ c0=2
DMA IRQ c1=0
DMA IRQ c2=0
DMA IRQ c3=0
SELECT busy=12259
SELECT w0=12248
SELECT w1=6175
SELECT w2=7118
BUSY TASK ewma=997
DMA IRQ c0=2
DMA IRQ c1=0
DMA IRQ c2=0
DMA IRQ c3=0
SELECT busy=12286
SELECT w0=12274
SELECT w1=6188
SELECT w2=7134
BUSY TASK ewma=997
DMA IRQ c0=2
DMA IRQ c1=0
DMA IRQ c2=0
DMA IRQ c3=0
SELECT busy=12314
SELECT w0=12302
SELECT w1=6197
SELECT w2=7146
BUSY TASK ewma=997
DMA IRQ c0=2
DMA IRQ c1=0
DMA IRQ c2=0
DMA IRQ c3=0
SELECT busy=12342
SELECT w0=12330
SELECT w1=6209
SELECT w2=7166
BUSY TASK ewma=997
DMA IRQ c0=2
DMA IRQ c1=0
DMA IRQ c2=0
DMA IRQ c3=0
SELECT busy=12367
SELECT w0=12355
SELECT w1=6219
SELECT w2=7178
BUSY TASK ewma=997
DMA IRQ c0=2
DMA IRQ c1=0
DMA IRQ c2=0
DMA IRQ c3=0
SELECT busy=12385
SELECT w0=12373
SELECT w1=6227
SELECT w2=7191
BUSY TASK ewma=997
DMA IRQ c0=2
DMA IRQ c1=0
DMA IRQ c2=0
DMA IRQ c3=0
SELECT busy=12405
SELECT w0=12393
SELECT w1=6236
SELECT w2=7202
BUSY TASK ewma=997
DMA IRQ c0=2
DMA IRQ c1=0
DMA IRQ c2=0
DMA IRQ c3=0
SELECT busy=12422
SELECT w0=12411
SELECT w1=6244
SELECT w2=7212
BUSY TASK ewma=997
DMA IRQ c0=2
DMA IRQ c1=0
DMA IRQ c2=0
DMA IRQ c3=0
SELECT busy=12442
SELECT w0=12430
SELECT w1=6252
SELECT w2=7224
BUSY TASK ewma=997
DMA IRQ c0=2
DMA IRQ c1=0
DMA IRQ c2=0
DMA IRQ c3=0
SELECT busy=12459
SELECT w0=12450
SELECT w1=6261
SELECT w2=7238
BUSY TASK ewma=997
DMA IRQ c0=2
DMA IRQ c1=0
DMA IRQ c2=0
DMA IRQ c3=0
SELECT busy=12492
SELECT w0=12481
SELECT w1=6272
SELECT w2=7254
BUSY TASK ewma=997
DMA IRQ c0=2
DMA IRQ c1=0
DMA IRQ c2=0
DMA IRQ c3=0
SELECT busy=12520
SELECT w0=12508
SELECT w1=6284
SELECT w2=7272
BUSY TASK ewma=997
DMA IRQ c0=2
DMA IRQ c1=0
DMA IRQ c2=0
DMA IRQ c3=0
SELECT busy=12555
SELECT w0=12544
SELECT w1=6302
SELECT w2=7295
BUSY TASK ewma=997
DMA IRQ c0=2
DMA IRQ c1=0
DMA IRQ c2=0
DMA IRQ c3=0
SELECT busy=12593
SELECT w0=12582
SELECT w1=6321
SELECT w2=7320
BUSY TASK ewma=997
DMA IRQ c0=2
DMA IRQ c1=0
DMA IRQ c2=0
DMA IRQ c3=0
SELECT busy=12615
SELECT w0=12604
SELECT w1=6331
SELECT w2=7332
BUSY TASK ewma=997
DMA IRQ c0=2
DMA IRQ c1=0
DMA IRQ c2=0
DMA IRQ c3=0
SELECT busy=12639
SELECT w0=12628
SELECT w1=6346
SELECT w2=7352
BUSY TASK ewma=997
DMA IRQ c0=2
DMA IRQ c1=0
DMA IRQ c2=0
DMA IRQ c3=0
SELECT busy=12663
SELECT w0=12655
SELECT w1=6361
SELECT w2=7372
BUSY TASK ewma=997
DMA IRQ c0=2
DMA IRQ c1=0
DMA IRQ c2=0
DMA IRQ c3=0
SELECT busy=12688
SELECT w0=12677
SELECT w1=6374
SELECT w2=7385
BUSY TASK ewma=997
DMA IRQ c0=2
DMA IRQ c1=0
DMA IRQ c2=0
DMA IRQ c3=0
SELECT busy=12712
SELECT w0=12702
SELECT w1=6388
SELECT w2=7402
BUSY TASK ewma=997
DMA IRQ c0=2
DMA IRQ c1=0
DMA IRQ c2=0
DMA IRQ c3=0
SELECT busy=12742
SELECT w0=12731
SELECT w1=6406
SELECT w2=7422
BUSY TASK ewma=997
DMA IRQ c0=2
DMA IRQ c1=0
DMA IRQ c2=0
DMA IRQ c3=0
SELECT busy=12775
SELECT w0=12763
SELECT w1=6420
SELECT w2=7439
BUSY TASK ewma=997
DMA IRQ c0=2
DMA IRQ c1=0
DMA IRQ c2=0
DMA IRQ c3=0
SELECT busy=12790
SELECT w0=12779
SELECT w1=6425
SELECT w2=7446
BUSY TASK ewma=997
DMA IRQ c0=2
DMA IRQ c1=0
DMA IRQ c2=0
DMA IRQ c3=0
SELECT busy=12812
SELECT w0=12800
SELECT w1=6432
SELECT w2=7455
BUSY TASK ewma=997
DMA IRQ c0=2
DMA IRQ c1=0
DMA IRQ c2=0
DMA IRQ c3=0
SELECT busy=12825
SELECT w0=12813
SELECT w1=6438
SELECT w2=7465
qemu-system-aarch64: terminating on signal 15 from pid 248416 (timeout)
