P4 M7: full integration test boot OK
CPU0: MPIDR_EL1=0x0000000080000000
CPU0: psci_cpu_on target=1 rc=0
CPU1: alive, MPIDR_EL1=0x0000000080000001 this_cpu()->cpu_id=1
CPU0: psci_cpu_on target=2 rc=0
CPU2: alive, MPIDR_EL1=0x0000000080000002 this_cpu()->cpu_id=2
CPU0: psci_cpu_on target=3 rc=0
CPU3: alive, MPIDR_EL1=0x0000000080000003 this_cpu()->cpu_id=3
CPUs online: 4
DMA IRQ target cpu=0
D2b: worker 2 runs on CPU2
D2b: worker 1 runs on CPU1
D2b: worker 0 runs on CPU0
P4 M7: worker submitted cmd_id=1
P4 M7: worker submitted cmd_id=3
P4 M7: worker submitted cmd_id=2
BUSY TASK ewma=997
DMA IRQ c0=0
DMA IRQ c1=0
DMA IRQ c2=0
DMA IRQ c3=0
SELECT busy=32
SELECT w0=4
P4 M7: worker DATA OK, cmd_id=1
P4 M7: worker DATA OK, cmd_id=3
P4 M7: worker DATA OK, cmd_id=2
WORKER ewma=759
WORKER ewma=759
WORKER ewma=979
SELECT w1=13
SELECT w2=12
BUSY TASK ewma=997
DMA IRQ c0=3
DMA IRQ c1=0
DMA IRQ c2=0
DMA IRQ c3=0
SELECT busy=63
SELECT w0=48
SELECT w1=42
SELECT w2=39
BUSY TASK ewma=997
DMA IRQ c0=3
DMA IRQ c1=0
DMA IRQ c2=0
DMA IRQ c3=0
SELECT busy=98
SELECT w0=82
SELECT w1=84
SELECT w2=80
BUSY TASK ewma=997
DMA IRQ c0=3
DMA IRQ c1=0
DMA IRQ c2=0
DMA IRQ c3=0
SELECT busy=130
SELECT w0=114
SELECT w1=130
SELECT w2=127
BUSY TASK ewma=997
DMA IRQ c0=3
DMA IRQ c1=0
DMA IRQ c2=0
DMA IRQ c3=0
SELECT busy=163
SELECT w0=147
SELECT w1=188
SELECT w2=185
BUSY TASK ewma=997
DMA IRQ c0=3
DMA IRQ c1=0
DMA IRQ c2=0
DMA IRQ c3=0
SELECT busy=195
SELECT w0=180
SELECT w1=230
SELECT w2=227
BUSY TASK ewma=997
DMA IRQ c0=3
DMA IRQ c1=0
DMA IRQ c2=0
DMA IRQ c3=0
SELECT busy=223
SELECT w0=207
SELECT w1=273
SELECT w2=268
BUSY TASK ewma=997
DMA IRQ c0=3
DMA IRQ c1=0
DMA IRQ c2=0
DMA IRQ c3=0
SELECT busy=257
SELECT w0=241
SELECT w1=309
SELECT w2=299
BUSY TASK ewma=997
DMA IRQ c0=3
DMA IRQ c1=0
DMA IRQ c2=0
DMA IRQ c3=0
SELECT busy=288
SELECT w0=272
SELECT w1=327
SELECT w2=314
BUSY TASK ewma=997
DMA IRQ c0=3
DMA IRQ c1=0
DMA IRQ c2=0
DMA IRQ c3=0
SELECT busy=324
SELECT w0=309
SELECT w1=350
SELECT w2=330
BUSY TASK ewma=997
DMA IRQ c0=3
DMA IRQ c1=0
DMA IRQ c2=0
DMA IRQ c3=0
SELECT busy=365
SELECT w0=350
SELECT w1=372
SELECT w2=351
BUSY TASK ewma=997
DMA IRQ c0=3
DMA IRQ c1=0
DMA IRQ c2=0
DMA IRQ c3=0
SELECT busy=404
SELECT w0=389
SELECT w1=394
SELECT w2=372
BUSY TASK ewma=997
DMA IRQ c0=3
DMA IRQ c1=0
DMA IRQ c2=0
DMA IRQ c3=0
SELECT busy=448
SELECT w0=433
SELECT w1=417
SELECT w2=399
BUSY TASK ewma=997
DMA IRQ c0=3
DMA IRQ c1=0
DMA IRQ c2=0
DMA IRQ c3=0
SELECT busy=473
SELECT w0=458
SELECT w1=430
SELECT w2=414
BUSY TASK ewma=997
DMA IRQ c0=3
DMA IRQ c1=0
DMA IRQ c2=0
DMA IRQ c3=0
SELECT busy=508
SELECT w0=492
SELECT w1=449
SELECT w2=430
BUSY TASK ewma=997
DMA IRQ c0=3
DMA IRQ c1=0
DMA IRQ c2=0
DMA IRQ c3=0
SELECT busy=543
SELECT w0=527
SELECT w1=462
SELECT w2=446
BUSY TASK ewma=997
DMA IRQ c0=3
DMA IRQ c1=0
DMA IRQ c2=0
DMA IRQ c3=0
SELECT busy=579
SELECT w0=564
SELECT w1=480
SELECT w2=462
BUSY TASK ewma=997
DMA IRQ c0=3
DMA IRQ c1=0
DMA IRQ c2=0
DMA IRQ c3=0
SELECT busy=611
SELECT w0=596
SELECT w1=494
SELECT w2=477
BUSY TASK ewma=997
DMA IRQ c0=3
DMA IRQ c1=0
DMA IRQ c2=0
DMA IRQ c3=0
SELECT busy=656
SELECT w0=641
SELECT w1=517
SELECT w2=501
BUSY TASK ewma=997
DMA IRQ c0=3
DMA IRQ c1=0
DMA IRQ c2=0
DMA IRQ c3=0
SELECT busy=677
SELECT w0=662
SELECT w1=529
SELECT w2=512
BUSY TASK ewma=997
DMA IRQ c0=3
DMA IRQ c1=0
DMA IRQ c2=0
DMA IRQ c3=0
SELECT busy=700
SELECT w0=685
SELECT w1=544
SELECT w2=530
BUSY TASK ewma=997
DMA IRQ c0=3
DMA IRQ c1=0
DMA IRQ c2=0
DMA IRQ c3=0
SELECT busy=716
SELECT w0=701
SELECT w1=553
SELECT w2=539
BUSY TASK ewma=997
DMA IRQ c0=3
DMA IRQ c1=0
DMA IRQ c2=0
DMA IRQ c3=0
SELECT busy=731
SELECT w0=716
SELECT w1=562
SELECT w2=548
BUSY TASK ewma=997
DMA IRQ c0=3
DMA IRQ c1=0
DMA IRQ c2=0
DMA IRQ c3=0
SELECT busy=748
SELECT w0=732
SELECT w1=572
SELECT w2=556
BUSY TASK ewma=997
DMA IRQ c0=3
DMA IRQ c1=0
DMA IRQ c2=0
DMA IRQ c3=0
SELECT busy=772
SELECT w0=757
SELECT w1=586
SELECT w2=569
BUSY TASK ewma=997
DMA IRQ c0=3
DMA IRQ c1=0
DMA IRQ c2=0
DMA IRQ c3=0
SELECT busy=794
SELECT w0=780
SELECT w1=602
SELECT w2=584
BUSY TASK ewma=997
DMA IRQ c0=3
DMA IRQ c1=0
DMA IRQ c2=0
DMA IRQ c3=0
SELECT busy=819
SELECT w0=804
SELECT w1=617
SELECT w2=597
BUSY TASK ewma=997
DMA IRQ c0=3
DMA IRQ c1=0
DMA IRQ c2=0
DMA IRQ c3=0
SELECT busy=838
SELECT w0=823
SELECT w1=631
SELECT w2=610
BUSY TASK ewma=997
DMA IRQ c0=3
DMA IRQ c1=0
DMA IRQ c2=0
DMA IRQ c3=0
SELECT busy=853
SELECT w0=837
SELECT w1=639
SELECT w2=618
BUSY TASK ewma=997
DMA IRQ c0=3
DMA IRQ c1=0
DMA IRQ c2=0
DMA IRQ c3=0
SELECT busy=867
SELECT w0=852
SELECT w1=647
SELECT w2=626
BUSY TASK ewma=997
DMA IRQ c0=3
DMA IRQ c1=0
DMA IRQ c2=0
DMA IRQ c3=0
SELECT busy=884
SELECT w0=870
SELECT w1=661
SELECT w2=640
BUSY TASK ewma=997
DMA IRQ c0=3
DMA IRQ c1=0
DMA IRQ c2=0
DMA IRQ c3=0
SELECT busy=906
SELECT w0=891
SELECT w1=675
SELECT w2=653
BUSY TASK ewma=997
DMA IRQ c0=3
DMA IRQ c1=0
DMA IRQ c2=0
DMA IRQ c3=0
SELECT busy=927
SELECT w0=912
SELECT w1=684
SELECT w2=662
BUSY TASK ewma=997
DMA IRQ c0=3
DMA IRQ c1=0
DMA IRQ c2=0
DMA IRQ c3=0
SELECT busy=950
SELECT w0=935
SELECT w1=697
SELECT w2=679
BUSY TASK ewma=997
DMA IRQ c0=3
DMA IRQ c1=0
DMA IRQ c2=0
DMA IRQ c3=0
SELECT busy=970
SELECT w0=956
SELECT w1=709
SELECT w2=690
BUSY TASK ewma=997
DMA IRQ c0=3
DMA IRQ c1=0
DMA IRQ c2=0
DMA IRQ c3=0
SELECT busy=985
SELECT w0=970
SELECT w1=718
SELECT w2=699
BUSY TASK ewma=997
DMA IRQ c0=3
DMA IRQ c1=0
DMA IRQ c2=0
DMA IRQ c3=0
SELECT busy=1003
SELECT w0=987
SELECT w1=728
SELECT w2=709
BUSY TASK ewma=997
DMA IRQ c0=3
DMA IRQ c1=0
DMA IRQ c2=0
DMA IRQ c3=0
SELECT busy=1023
SELECT w0=1008
SELECT w1=742
SELECT w2=720
BUSY TASK ewma=997
DMA IRQ c0=3
DMA IRQ c1=0
DMA IRQ c2=0
DMA IRQ c3=0
SELECT busy=1040
SELECT w0=1025
SELECT w1=754
SELECT w2=730
BUSY TASK ewma=997
DMA IRQ c0=3
DMA IRQ c1=0
DMA IRQ c2=0
DMA IRQ c3=0
SELECT busy=1055
SELECT w0=1040
SELECT w1=764
SELECT w2=740
BUSY TASK ewma=997
DMA IRQ c0=3
DMA IRQ c1=0
DMA IRQ c2=0
DMA IRQ c3=0
SELECT busy=1073
SELECT w0=1058
SELECT w1=774
SELECT w2=751
BUSY TASK ewma=997
DMA IRQ c0=3
DMA IRQ c1=0
DMA IRQ c2=0
DMA IRQ c3=0
SELECT busy=1094
SELECT w0=1079
SELECT w1=785
SELECT w2=762
BUSY TASK ewma=997
DMA IRQ c0=3
DMA IRQ c1=0
DMA IRQ c2=0
DMA IRQ c3=0
SELECT busy=1112
SELECT w0=1096
SELECT w1=799
SELECT w2=773
BUSY TASK ewma=997
DMA IRQ c0=3
DMA IRQ c1=0
DMA IRQ c2=0
DMA IRQ c3=0
SELECT busy=1130
SELECT w0=1114
SELECT w1=808
SELECT w2=784
BUSY TASK ewma=997
DMA IRQ c0=3
DMA IRQ c1=0
DMA IRQ c2=0
DMA IRQ c3=0
SELECT busy=1149
SELECT w0=1133
SELECT w1=815
SELECT w2=791
BUSY TASK ewma=997
DMA IRQ c0=3
DMA IRQ c1=0
DMA IRQ c2=0
DMA IRQ c3=0
SELECT busy=1169
SELECT w0=1153
SELECT w1=824
SELECT w2=800
BUSY TASK ewma=997
DMA IRQ c0=3
DMA IRQ c1=0
DMA IRQ c2=0
DMA IRQ c3=0
SELECT busy=1187
SELECT w0=1172
SELECT w1=835
SELECT w2=815
BUSY TASK ewma=997
DMA IRQ c0=3
DMA IRQ c1=0
DMA IRQ c2=0
DMA IRQ c3=0
SELECT busy=1214
SELECT w0=1199
SELECT w1=850
SELECT w2=831
BUSY TASK ewma=997
DMA IRQ c0=3
DMA IRQ c1=0
DMA IRQ c2=0
DMA IRQ c3=0
SELECT busy=1240
SELECT w0=1225
SELECT w1=864
SELECT w2=843
BUSY TASK ewma=997
DMA IRQ c0=3
DMA IRQ c1=0
DMA IRQ c2=0
DMA IRQ c3=0
SELECT busy=1258
SELECT w0=1243
SELECT w1=877
SELECT w2=853
BUSY TASK ewma=997
DMA IRQ c0=3
DMA IRQ c1=0
DMA IRQ c2=0
DMA IRQ c3=0
SELECT busy=1271
SELECT w0=1255
SELECT w1=884
SELECT w2=860
BUSY TASK ewma=997
DMA IRQ c0=3
DMA IRQ c1=0
DMA IRQ c2=0
DMA IRQ c3=0
SELECT busy=1286
SELECT w0=1270
SELECT w1=892
SELECT w2=868
BUSY TASK ewma=997
DMA IRQ c0=3
DMA IRQ c1=0
DMA IRQ c2=0
DMA IRQ c3=0
SELECT busy=1302
SELECT w0=1287
SELECT w1=906
SELECT w2=880
BUSY TASK ewma=997
DMA IRQ c0=3
DMA IRQ c1=0
DMA IRQ c2=0
DMA IRQ c3=0
SELECT busy=1322
SELECT w0=1306
SELECT w1=916
SELECT w2=892
BUSY TASK ewma=997
DMA IRQ c0=3
DMA IRQ c1=0
DMA IRQ c2=0
DMA IRQ c3=0
SELECT busy=1341
SELECT w0=1326
SELECT w1=925
SELECT w2=901
BUSY TASK ewma=997
DMA IRQ c0=3
DMA IRQ c1=0
DMA IRQ c2=0
DMA IRQ c3=0
SELECT busy=1363
SELECT w0=1348
SELECT w1=935
SELECT w2=911
BUSY TASK ewma=997
DMA IRQ c0=3
DMA IRQ c1=0
DMA IRQ c2=0
DMA IRQ c3=0
SELECT busy=1383
SELECT w0=1368
SELECT w1=947
SELECT w2=921
BUSY TASK ewma=997
DMA IRQ c0=3
DMA IRQ c1=0
DMA IRQ c2=0
DMA IRQ c3=0
SELECT busy=1402
SELECT w0=1387
SELECT w1=961
SELECT w2=936
BUSY TASK ewma=997
DMA IRQ c0=3
DMA IRQ c1=0
DMA IRQ c2=0
DMA IRQ c3=0
SELECT busy=1420
SELECT w0=1405
SELECT w1=971
SELECT w2=947
BUSY TASK ewma=997
DMA IRQ c0=3
DMA IRQ c1=0
DMA IRQ c2=0
DMA IRQ c3=0
SELECT busy=1437
SELECT w0=1421
SELECT w1=981
SELECT w2=958
BUSY TASK ewma=997
DMA IRQ c0=3
DMA IRQ c1=0
DMA IRQ c2=0
DMA IRQ c3=0
SELECT busy=1455
SELECT w0=1439
SELECT w1=988
SELECT w2=964
BUSY TASK ewma=997
DMA IRQ c0=3
DMA IRQ c1=0
DMA IRQ c2=0
DMA IRQ c3=0
SELECT busy=1476
SELECT w0=1461
SELECT w1=994
SELECT w2=973
BUSY TASK ewma=997
DMA IRQ c0=3
DMA IRQ c1=0
DMA IRQ c2=0
DMA IRQ c3=0
SELECT busy=1498
SELECT w0=1482
SELECT w1=1002
SELECT w2=981
BUSY TASK ewma=997
IRQ counts: cpu0=3005 cpu1=3334 cpu2=3291 cpu3=3383
SCHED secondaries: calls=10027 unexpected=0
SECTEST switches=10014 cpu1=31580920,31775147 cpu2=27372432,26323842 cpu3=39627375,38359901
PINGPONG rounds=855 pongs=856
DMA IRQ c0=3
DMA IRQ c1=0
DMA IRQ c2=0
DMA IRQ c3=0
SELECT busy=1529
SELECT w0=1514
SELECT w1=1027
SELECT w2=1001
BUSY TASK ewma=997
DMA IRQ c0=3
DMA IRQ c1=0
DMA IRQ c2=0
DMA IRQ c3=0
SELECT busy=1562
SELECT w0=1546
SELECT w1=1042
SELECT w2=1013
BUSY TASK ewma=997
DMA IRQ c0=3
DMA IRQ c1=0
DMA IRQ c2=0
DMA IRQ c3=0
SELECT busy=1595
SELECT w0=1579
SELECT w1=1060
SELECT w2=1033
BUSY TASK ewma=997
DMA IRQ c0=3
DMA IRQ c1=0
DMA IRQ c2=0
DMA IRQ c3=0
SELECT busy=1606
SELECT w0=1592
SELECT w1=1071
SELECT w2=1041
BUSY TASK ewma=997
DMA IRQ c0=3
DMA IRQ c1=0
DMA IRQ c2=0
DMA IRQ c3=0
SELECT busy=1632
SELECT w0=1616
SELECT w1=1081
SELECT w2=1050
BUSY TASK ewma=997
DMA IRQ c0=3
DMA IRQ c1=0
DMA IRQ c2=0
DMA IRQ c3=0
SELECT busy=1651
SELECT w0=1636
SELECT w1=1090
SELECT w2=1059
BUSY TASK ewma=997
DMA IRQ c0=3
DMA IRQ c1=0
DMA IRQ c2=0
DMA IRQ c3=0
SELECT busy=1665
SELECT w0=1649
SELECT w1=1097
SELECT w2=1064
BUSY TASK ewma=997
DMA IRQ c0=3
DMA IRQ c1=0
DMA IRQ c2=0
DMA IRQ c3=0
SELECT busy=1683
SELECT w0=1667
SELECT w1=1103
SELECT w2=1071
BUSY TASK ewma=997
DMA IRQ c0=3
DMA IRQ c1=0
DMA IRQ c2=0
DMA IRQ c3=0
SELECT busy=1700
SELECT w0=1684
SELECT w1=1112
SELECT w2=1080
BUSY TASK ewma=997
DMA IRQ c0=3
DMA IRQ c1=0
DMA IRQ c2=0
DMA IRQ c3=0
SELECT busy=1715
SELECT w0=1699
SELECT w1=1122
SELECT w2=1088
BUSY TASK ewma=997
DMA IRQ c0=3
DMA IRQ c1=0
DMA IRQ c2=0
DMA IRQ c3=0
SELECT busy=1735
SELECT w0=1720
SELECT w1=1136
SELECT w2=1100
BUSY TASK ewma=997
DMA IRQ c0=3
DMA IRQ c1=0
DMA IRQ c2=0
DMA IRQ c3=0
SELECT busy=1767
SELECT w0=1751
SELECT w1=1152
SELECT w2=1117
BUSY TASK ewma=997
DMA IRQ c0=3
DMA IRQ c1=0
DMA IRQ c2=0
DMA IRQ c3=0
SELECT busy=1800
SELECT w0=1785
SELECT w1=1167
SELECT w2=1134
BUSY TASK ewma=997
DMA IRQ c0=3
DMA IRQ c1=0
DMA IRQ c2=0
DMA IRQ c3=0
SELECT busy=1828
SELECT w0=1812
SELECT w1=1178
SELECT w2=1147
BUSY TASK ewma=997
DMA IRQ c0=3
DMA IRQ c1=0
DMA IRQ c2=0
DMA IRQ c3=0
SELECT busy=1851
SELECT w0=1837
SELECT w1=1193
SELECT w2=1168
BUSY TASK ewma=997
DMA IRQ c0=3
DMA IRQ c1=0
DMA IRQ c2=0
DMA IRQ c3=0
SELECT busy=1877
SELECT w0=1861
SELECT w1=1206
SELECT w2=1181
BUSY TASK ewma=997
DMA IRQ c0=3
DMA IRQ c1=0
DMA IRQ c2=0
DMA IRQ c3=0
SELECT busy=1899
SELECT w0=1885
SELECT w1=1221
SELECT w2=1194
BUSY TASK ewma=997
DMA IRQ c0=3
DMA IRQ c1=0
DMA IRQ c2=0
DMA IRQ c3=0
SELECT busy=1915
SELECT w0=1900
SELECT w1=1230
SELECT w2=1204
BUSY TASK ewma=997
DMA IRQ c0=3
DMA IRQ c1=0
DMA IRQ c2=0
DMA IRQ c3=0
SELECT busy=1939
SELECT w0=1924
SELECT w1=1244
SELECT w2=1216
BUSY TASK ewma=997
DMA IRQ c0=3
DMA IRQ c1=0
DMA IRQ c2=0
DMA IRQ c3=0
SELECT busy=1974
SELECT w0=1959
SELECT w1=1263
SELECT w2=1235
BUSY TASK ewma=997
DMA IRQ c0=3
DMA IRQ c1=0
DMA IRQ c2=0
DMA IRQ c3=0
SELECT busy=2003
SELECT w0=1987
SELECT w1=1279
SELECT w2=1251
BUSY TASK ewma=997
DMA IRQ c0=3
DMA IRQ c1=0
DMA IRQ c2=0
DMA IRQ c3=0
SELECT busy=2028
SELECT w0=2012
SELECT w1=1290
SELECT w2=1263
BUSY TASK ewma=997
DMA IRQ c0=3
DMA IRQ c1=0
DMA IRQ c2=0
DMA IRQ c3=0
SELECT busy=2056
SELECT w0=2040
SELECT w1=1303
SELECT w2=1280
BUSY TASK ewma=997
DMA IRQ c0=3
DMA IRQ c1=0
DMA IRQ c2=0
DMA IRQ c3=0
SELECT busy=2070
SELECT w0=2055
SELECT w1=1311
SELECT w2=1288
BUSY TASK ewma=997
DMA IRQ c0=3
DMA IRQ c1=0
DMA IRQ c2=0
DMA IRQ c3=0
SELECT busy=2090
SELECT w0=2074
SELECT w1=1322
SELECT w2=1299
BUSY TASK ewma=997
DMA IRQ c0=3
DMA IRQ c1=0
DMA IRQ c2=0
DMA IRQ c3=0
SELECT busy=2106
SELECT w0=2091
SELECT w1=1332
SELECT w2=1312
BUSY TASK ewma=997
DMA IRQ c0=3
DMA IRQ c1=0
DMA IRQ c2=0
DMA IRQ c3=0
SELECT busy=2124
SELECT w0=2109
SELECT w1=1340
SELECT w2=1322
BUSY TASK ewma=997
DMA IRQ c0=3
DMA IRQ c1=0
DMA IRQ c2=0
DMA IRQ c3=0
SELECT busy=2141
SELECT w0=2125
SELECT w1=1350
SELECT w2=1334
BUSY TASK ewma=997
DMA IRQ c0=3
DMA IRQ c1=0
DMA IRQ c2=0
DMA IRQ c3=0
SELECT busy=2167
SELECT w0=2152
SELECT w1=1363
SELECT w2=1348
BUSY TASK ewma=997
DMA IRQ c0=3
DMA IRQ c1=0
DMA IRQ c2=0
DMA IRQ c3=0
SELECT busy=2184
SELECT w0=2168
SELECT w1=1372
SELECT w2=1357
BUSY TASK ewma=997
DMA IRQ c0=3
DMA IRQ c1=0
DMA IRQ c2=0
DMA IRQ c3=0
SELECT busy=2203
SELECT w0=2187
SELECT w1=1379
SELECT w2=1366
BUSY TASK ewma=997
DMA IRQ c0=3
DMA IRQ c1=0
DMA IRQ c2=0
DMA IRQ c3=0
SELECT busy=2222
SELECT w0=2207
SELECT w1=1390
SELECT w2=1377
BUSY TASK ewma=997
DMA IRQ c0=3
DMA IRQ c1=0
DMA IRQ c2=0
DMA IRQ c3=0
SELECT busy=2239
SELECT w0=2223
SELECT w1=1397
SELECT w2=1385
BUSY TASK ewma=997
DMA IRQ c0=3
DMA IRQ c1=0
DMA IRQ c2=0
DMA IRQ c3=0
SELECT busy=2257
SELECT w0=2241
SELECT w1=1404
SELECT w2=1392
BUSY TASK ewma=997
DMA IRQ c0=3
DMA IRQ c1=0
DMA IRQ c2=0
DMA IRQ c3=0
SELECT busy=2285
SELECT w0=2271
SELECT w1=1424
SELECT w2=1410
BUSY TASK ewma=997
DMA IRQ c0=3
DMA IRQ c1=0
DMA IRQ c2=0
DMA IRQ c3=0
SELECT busy=2329
SELECT w0=2314
SELECT w1=1448
SELECT w2=1439
BUSY TASK ewma=997
DMA IRQ c0=3
DMA IRQ c1=0
DMA IRQ c2=0
DMA IRQ c3=0
SELECT busy=2366
SELECT w0=2351
SELECT w1=1475
SELECT w2=1462
BUSY TASK ewma=997
DMA IRQ c0=3
DMA IRQ c1=0
DMA IRQ c2=0
DMA IRQ c3=0
SELECT busy=2390
SELECT w0=2375
SELECT w1=1491
SELECT w2=1478
BUSY TASK ewma=997
DMA IRQ c0=3
DMA IRQ c1=0
DMA IRQ c2=0
DMA IRQ c3=0
SELECT busy=2412
SELECT w0=2397
SELECT w1=1502
SELECT w2=1496
BUSY TASK ewma=997
DMA IRQ c0=3
DMA IRQ c1=0
DMA IRQ c2=0
DMA IRQ c3=0
SELECT busy=2459
SELECT w0=2443
SELECT w1=1527
SELECT w2=1520
BUSY TASK ewma=997
DMA IRQ c0=3
DMA IRQ c1=0
DMA IRQ c2=0
DMA IRQ c3=0
SELECT busy=2490
SELECT w0=2475
SELECT w1=1539
SELECT w2=1533
BUSY TASK ewma=997
DMA IRQ c0=3
DMA IRQ c1=0
DMA IRQ c2=0
DMA IRQ c3=0
SELECT busy=2519
SELECT w0=2503
SELECT w1=1551
SELECT w2=1544
BUSY TASK ewma=997
DMA IRQ c0=3
DMA IRQ c1=0
DMA IRQ c2=0
DMA IRQ c3=0
SELECT busy=2555
SELECT w0=2540
SELECT w1=1574
SELECT w2=1560
BUSY TASK ewma=997
DMA IRQ c0=3
DMA IRQ c1=0
DMA IRQ c2=0
DMA IRQ c3=0
SELECT busy=2589
SELECT w0=2574
SELECT w1=1594
SELECT w2=1579
BUSY TASK ewma=997
DMA IRQ c0=3
DMA IRQ c1=0
DMA IRQ c2=0
DMA IRQ c3=0
SELECT busy=2626
SELECT w0=2612
SELECT w1=1617
SELECT w2=1600
BUSY TASK ewma=997
DMA IRQ c0=3
DMA IRQ c1=0
DMA IRQ c2=0
DMA IRQ c3=0
SELECT busy=2657
SELECT w0=2642
SELECT w1=1635
SELECT w2=1617
BUSY TASK ewma=997
DMA IRQ c0=3
DMA IRQ c1=0
DMA IRQ c2=0
DMA IRQ c3=0
SELECT busy=2695
SELECT w0=2680
SELECT w1=1654
SELECT w2=1633
BUSY TASK ewma=997
DMA IRQ c0=3
DMA IRQ c1=0
DMA IRQ c2=0
DMA IRQ c3=0
SELECT busy=2730
SELECT w0=2715
SELECT w1=1676
SELECT w2=1650
BUSY TASK ewma=997
DMA IRQ c0=3
DMA IRQ c1=0
DMA IRQ c2=0
DMA IRQ c3=0
SELECT busy=2757
SELECT w0=2741
SELECT w1=1691
SELECT w2=1666
BUSY TASK ewma=997
DMA IRQ c0=3
DMA IRQ c1=0
DMA IRQ c2=0
DMA IRQ c3=0
SELECT busy=2787
SELECT w0=2772
SELECT w1=1709
SELECT w2=1685
BUSY TASK ewma=997
DMA IRQ c0=3
DMA IRQ c1=0
DMA IRQ c2=0
DMA IRQ c3=0
SELECT busy=2817
SELECT w0=2802
SELECT w1=1727
SELECT w2=1699
BUSY TASK ewma=997
DMA IRQ c0=3
DMA IRQ c1=0
DMA IRQ c2=0
DMA IRQ c3=0
SELECT busy=2840
SELECT w0=2824
SELECT w1=1741
SELECT w2=1712
BUSY TASK ewma=997
DMA IRQ c0=3
DMA IRQ c1=0
DMA IRQ c2=0
DMA IRQ c3=0
SELECT busy=2855
SELECT w0=2840
SELECT w1=1750
SELECT w2=1721
BUSY TASK ewma=997
DMA IRQ c0=3
DMA IRQ c1=0
DMA IRQ c2=0
DMA IRQ c3=0
SELECT busy=2875
SELECT w0=2861
SELECT w1=1766
SELECT w2=1736
BUSY TASK ewma=997
DMA IRQ c0=3
DMA IRQ c1=0
DMA IRQ c2=0
DMA IRQ c3=0
SELECT busy=2902
SELECT w0=2886
SELECT w1=1780
SELECT w2=1751
BUSY TASK ewma=997
DMA IRQ c0=3
DMA IRQ c1=0
DMA IRQ c2=0
DMA IRQ c3=0
SELECT busy=2941
SELECT w0=2927
SELECT w1=1801
SELECT w2=1771
BUSY TASK ewma=997
DMA IRQ c0=3
DMA IRQ c1=0
DMA IRQ c2=0
DMA IRQ c3=0
SELECT busy=2987
SELECT w0=2971
SELECT w1=1824
SELECT w2=1792
BUSY TASK ewma=997
DMA IRQ c0=3
DMA IRQ c1=0
DMA IRQ c2=0
DMA IRQ c3=0
SELECT busy=3021
SELECT w0=3005
SELECT w1=1837
SELECT w2=1811
BUSY TASK ewma=997
DMA IRQ c0=3
DMA IRQ c1=0
DMA IRQ c2=0
DMA IRQ c3=0
SELECT busy=3056
SELECT w0=3041
SELECT w1=1858
SELECT w2=1834
BUSY TASK ewma=997
DMA IRQ c0=3
DMA IRQ c1=0
DMA IRQ c2=0
DMA IRQ c3=0
SELECT busy=3103
SELECT w0=3087
SELECT w1=1880
SELECT w2=1858
BUSY TASK ewma=997
DMA IRQ c0=3
DMA IRQ c1=0
DMA IRQ c2=0
DMA IRQ c3=0
SELECT busy=3134
SELECT w0=3119
SELECT w1=1893
SELECT w2=1872
BUSY TASK ewma=997
DMA IRQ c0=3
DMA IRQ c1=0
DMA IRQ c2=0
DMA IRQ c3=0
SELECT busy=3163
SELECT w0=3147
SELECT w1=1906
SELECT w2=1887
BUSY TASK ewma=997
DMA IRQ c0=3
DMA IRQ c1=0
DMA IRQ c2=0
DMA IRQ c3=0
SELECT busy=3201
SELECT w0=3185
SELECT w1=1921
SELECT w2=1902
BUSY TASK ewma=997
DMA IRQ c0=3
DMA IRQ c1=0
DMA IRQ c2=0
DMA IRQ c3=0
SELECT busy=3245
SELECT w0=3230
SELECT w1=1941
SELECT w2=1927
BUSY TASK ewma=997
IRQ counts: cpu0=6543 cpu1=7207 cpu2=7171 cpu3=7216
SCHED secondaries: calls=21600 unexpected=0
SECTEST switches=21560 cpu1=66892882,66806062 cpu2=53456038,53276081 cpu3=76259464,73587369
PINGPONG rounds=1512 pongs=1512
DMA IRQ c0=3
DMA IRQ c1=0
DMA IRQ c2=0
DMA IRQ c3=0
SELECT busy=3289
SELECT w0=3273
SELECT w1=1964
SELECT w2=1944
BUSY TASK ewma=997
DMA IRQ c0=3
DMA IRQ c1=0
DMA IRQ c2=0
DMA IRQ c3=0
SELECT busy=3325
SELECT w0=3310
SELECT w1=1986
SELECT w2=1969
BUSY TASK ewma=997
DMA IRQ c0=3
DMA IRQ c1=0
DMA IRQ c2=0
DMA IRQ c3=0
SELECT busy=3347
SELECT w0=3333
SELECT w1=1998
SELECT w2=1980
BUSY TASK ewma=997
DMA IRQ c0=3
DMA IRQ c1=0
DMA IRQ c2=0
DMA IRQ c3=0
SELECT busy=3388
SELECT w0=3372
SELECT w1=2016
SELECT w2=1999
BUSY TASK ewma=997
DMA IRQ c0=3
DMA IRQ c1=0
DMA IRQ c2=0
DMA IRQ c3=0
SELECT busy=3429
SELECT w0=3415
SELECT w1=2041
SELECT w2=2023
BUSY TASK ewma=997
DMA IRQ c0=3
DMA IRQ c1=0
DMA IRQ c2=0
DMA IRQ c3=0
SELECT busy=3470
SELECT w0=3454
SELECT w1=2060
SELECT w2=2041
BUSY TASK ewma=997
DMA IRQ c0=3
DMA IRQ c1=0
DMA IRQ c2=0
DMA IRQ c3=0
SELECT busy=3491
SELECT w0=3476
SELECT w1=2073
SELECT w2=2052
BUSY TASK ewma=997
DMA IRQ c0=3
DMA IRQ c1=0
DMA IRQ c2=0
DMA IRQ c3=0
SELECT busy=3512
SELECT w0=3501
SELECT w1=2088
SELECT w2=2071
BUSY TASK ewma=997
DMA IRQ c0=3
DMA IRQ c1=0
DMA IRQ c2=0
DMA IRQ c3=0
SELECT busy=3535
SELECT w0=3520
SELECT w1=2099
SELECT w2=2083
BUSY TASK ewma=997
DMA IRQ c0=3
DMA IRQ c1=0
DMA IRQ c2=0
DMA IRQ c3=0
SELECT busy=3557
SELECT w0=3542
SELECT w1=2115
SELECT w2=2096
BUSY TASK ewma=997
DMA IRQ c0=3
DMA IRQ c1=0
DMA IRQ c2=0
DMA IRQ c3=0
SELECT busy=3572
SELECT w0=3556
SELECT w1=2121
SELECT w2=2104
BUSY TASK ewma=997
DMA IRQ c0=3
DMA IRQ c1=0
DMA IRQ c2=0
DMA IRQ c3=0
SELECT busy=3601
SELECT w0=3585
SELECT w1=2135
SELECT w2=2118
BUSY TASK ewma=997
DMA IRQ c0=3
DMA IRQ c1=0
DMA IRQ c2=0
DMA IRQ c3=0
SELECT busy=3631
SELECT w0=3615
SELECT w1=2152
SELECT w2=2135
BUSY TASK ewma=997
DMA IRQ c0=3
DMA IRQ c1=0
DMA IRQ c2=0
DMA IRQ c3=0
SELECT busy=3665
SELECT w0=3649
SELECT w1=2169
SELECT w2=2152
BUSY TASK ewma=997
DMA IRQ c0=3
DMA IRQ c1=0
DMA IRQ c2=0
DMA IRQ c3=0
SELECT busy=3695
SELECT w0=3679
SELECT w1=2186
SELECT w2=2165
BUSY TASK ewma=997
DMA IRQ c0=3
DMA IRQ c1=0
DMA IRQ c2=0
DMA IRQ c3=0
SELECT busy=3713
SELECT w0=3698
SELECT w1=2199
SELECT w2=2183
BUSY TASK ewma=997
DMA IRQ c0=3
DMA IRQ c1=0
DMA IRQ c2=0
DMA IRQ c3=0
SELECT busy=3743
SELECT w0=3727
SELECT w1=2212
SELECT w2=2198
BUSY TASK ewma=997
DMA IRQ c0=3
DMA IRQ c1=0
DMA IRQ c2=0
DMA IRQ c3=0
SELECT busy=3768
SELECT w0=3752
SELECT w1=2223
SELECT w2=2209
BUSY TASK ewma=997
DMA IRQ c0=3
DMA IRQ c1=0
DMA IRQ c2=0
DMA IRQ c3=0
SELECT busy=3797
SELECT w0=3782
SELECT w1=2235
SELECT w2=2223
BUSY TASK ewma=997
DMA IRQ c0=3
DMA IRQ c1=0
DMA IRQ c2=0
DMA IRQ c3=0
SELECT busy=3836
SELECT w0=3821
SELECT w1=2263
SELECT w2=2245
BUSY TASK ewma=997
DMA IRQ c0=3
DMA IRQ c1=0
DMA IRQ c2=0
DMA IRQ c3=0
SELECT busy=3872
SELECT w0=3856
SELECT w1=2279
SELECT w2=2263
BUSY TASK ewma=997
DMA IRQ c0=3
DMA IRQ c1=0
DMA IRQ c2=0
DMA IRQ c3=0
SELECT busy=3907
SELECT w0=3893
SELECT w1=2301
SELECT w2=2290
BUSY TASK ewma=997
DMA IRQ c0=3
DMA IRQ c1=0
DMA IRQ c2=0
DMA IRQ c3=0
SELECT busy=3938
SELECT w0=3922
SELECT w1=2318
SELECT w2=2307
BUSY TASK ewma=997
DMA IRQ c0=3
DMA IRQ c1=0
DMA IRQ c2=0
DMA IRQ c3=0
SELECT busy=3970
SELECT w0=3955
SELECT w1=2338
SELECT w2=2325
BUSY TASK ewma=997
DMA IRQ c0=3
DMA IRQ c1=0
DMA IRQ c2=0
DMA IRQ c3=0
SELECT busy=4009
SELECT w0=3994
SELECT w1=2357
SELECT w2=2349
BUSY TASK ewma=997
DMA IRQ c0=3
DMA IRQ c1=0
DMA IRQ c2=0
DMA IRQ c3=0
SELECT busy=4045
SELECT w0=4031
SELECT w1=2380
SELECT w2=2376
BUSY TASK ewma=997
DMA IRQ c0=3
DMA IRQ c1=0
DMA IRQ c2=0
DMA IRQ c3=0
SELECT busy=4087
SELECT w0=4072
SELECT w1=2404
SELECT w2=2397
BUSY TASK ewma=997
DMA IRQ c0=3
DMA IRQ c1=0
DMA IRQ c2=0
DMA IRQ c3=0
SELECT busy=4116
SELECT w0=4101
SELECT w1=2419
SELECT w2=2414
BUSY TASK ewma=997
DMA IRQ c0=3
DMA IRQ c1=0
DMA IRQ c2=0
DMA IRQ c3=0
SELECT busy=4135
SELECT w0=4120
SELECT w1=2432
SELECT w2=2428
BUSY TASK ewma=997
DMA IRQ c0=3
DMA IRQ c1=0
DMA IRQ c2=0
DMA IRQ c3=0
SELECT busy=4157
SELECT w0=4142
SELECT w1=2449
SELECT w2=2440
BUSY TASK ewma=997
DMA IRQ c0=3
DMA IRQ c1=0
DMA IRQ c2=0
DMA IRQ c3=0
SELECT busy=4180
SELECT w0=4164
SELECT w1=2460
SELECT w2=2449
BUSY TASK ewma=997
DMA IRQ c0=3
DMA IRQ c1=0
DMA IRQ c2=0
DMA IRQ c3=0
SELECT busy=4213
SELECT w0=4199
SELECT w1=2479
SELECT w2=2471
BUSY TASK ewma=997
DMA IRQ c0=3
DMA IRQ c1=0
DMA IRQ c2=0
DMA IRQ c3=0
SELECT busy=4233
SELECT w0=4218
SELECT w1=2486
SELECT w2=2478
BUSY TASK ewma=997
DMA IRQ c0=3
DMA IRQ c1=0
DMA IRQ c2=0
DMA IRQ c3=0
SELECT busy=4256
SELECT w0=4240
SELECT w1=2504
SELECT w2=2493
BUSY TASK ewma=997
DMA IRQ c0=3
DMA IRQ c1=0
DMA IRQ c2=0
DMA IRQ c3=0
SELECT busy=4289
SELECT w0=4275
SELECT w1=2523
SELECT w2=2515
BUSY TASK ewma=997
DMA IRQ c0=3
DMA IRQ c1=0
DMA IRQ c2=0
DMA IRQ c3=0
SELECT busy=4309
SELECT w0=4294
SELECT w1=2535
SELECT w2=2530
BUSY TASK ewma=997
DMA IRQ c0=3
DMA IRQ c1=0
DMA IRQ c2=0
DMA IRQ c3=0
SELECT busy=4330
SELECT w0=4314
SELECT w1=2542
SELECT w2=2538
BUSY TASK ewma=997
DMA IRQ c0=3
DMA IRQ c1=0
DMA IRQ c2=0
DMA IRQ c3=0
SELECT busy=4345
SELECT w0=4329
SELECT w1=2549
SELECT w2=2547
BUSY TASK ewma=997
DMA IRQ c0=3
DMA IRQ c1=0
DMA IRQ c2=0
DMA IRQ c3=0
SELECT busy=4359
SELECT w0=4344
SELECT w1=2556
SELECT w2=2556
BUSY TASK ewma=997
DMA IRQ c0=3
DMA IRQ c1=0
DMA IRQ c2=0
DMA IRQ c3=0
SELECT busy=4377
SELECT w0=4362
SELECT w1=2566
SELECT w2=2567
BUSY TASK ewma=997
DMA IRQ c0=3
DMA IRQ c1=0
DMA IRQ c2=0
DMA IRQ c3=0
SELECT busy=4395
SELECT w0=4381
SELECT w1=2577
SELECT w2=2581
BUSY TASK ewma=997
DMA IRQ c0=3
DMA IRQ c1=0
DMA IRQ c2=0
DMA IRQ c3=0
SELECT busy=4418
SELECT w0=4403
SELECT w1=2587
SELECT w2=2589
BUSY TASK ewma=997
DMA IRQ c0=3
DMA IRQ c1=0
DMA IRQ c2=0
DMA IRQ c3=0
SELECT busy=4436
SELECT w0=4421
SELECT w1=2598
SELECT w2=2600
BUSY TASK ewma=997
DMA IRQ c0=3
DMA IRQ c1=0
DMA IRQ c2=0
DMA IRQ c3=0
SELECT busy=4453
SELECT w0=4437
SELECT w1=2607
SELECT w2=2609
BUSY TASK ewma=997
DMA IRQ c0=3
DMA IRQ c1=0
DMA IRQ c2=0
DMA IRQ c3=0
SELECT busy=4472
SELECT w0=4457
SELECT w1=2618
SELECT w2=2626
BUSY TASK ewma=997
DMA IRQ c0=3
DMA IRQ c1=0
DMA IRQ c2=0
DMA IRQ c3=0
SELECT busy=4489
SELECT w0=4474
SELECT w1=2627
SELECT w2=2638
BUSY TASK ewma=997
DMA IRQ c0=3
DMA IRQ c1=0
DMA IRQ c2=0
DMA IRQ c3=0
SELECT busy=4514
SELECT w0=4499
SELECT w1=2635
SELECT w2=2647
BUSY TASK ewma=997
DMA IRQ c0=3
DMA IRQ c1=0
DMA IRQ c2=0
DMA IRQ c3=0
SELECT busy=4552
SELECT w0=4538
SELECT w1=2651
SELECT w2=2668
BUSY TASK ewma=997
DMA IRQ c0=3
DMA IRQ c1=0
DMA IRQ c2=0
DMA IRQ c3=0
SELECT busy=4590
SELECT w0=4575
SELECT w1=2672
SELECT w2=2689
BUSY TASK ewma=997
DMA IRQ c0=3
DMA IRQ c1=0
DMA IRQ c2=0
DMA IRQ c3=0
SELECT busy=4625
SELECT w0=4609
SELECT w1=2687
SELECT w2=2707
BUSY TASK ewma=997
DMA IRQ c0=3
DMA IRQ c1=0
DMA IRQ c2=0
DMA IRQ c3=0
SELECT busy=4659
SELECT w0=4643
SELECT w1=2701
SELECT w2=2725
BUSY TASK ewma=997
DMA IRQ c0=3
DMA IRQ c1=0
DMA IRQ c2=0
DMA IRQ c3=0
SELECT busy=4693
SELECT w0=4677
SELECT w1=2713
SELECT w2=2741
BUSY TASK ewma=997
DMA IRQ c0=3
DMA IRQ c1=0
DMA IRQ c2=0
DMA IRQ c3=0
SELECT busy=4731
SELECT w0=4716
SELECT w1=2727
SELECT w2=2760
BUSY TASK ewma=997
DMA IRQ c0=3
DMA IRQ c1=0
DMA IRQ c2=0
DMA IRQ c3=0
SELECT busy=4774
SELECT w0=4758
SELECT w1=2744
SELECT w2=2783
BUSY TASK ewma=997
DMA IRQ c0=3
DMA IRQ c1=0
DMA IRQ c2=0
DMA IRQ c3=0
SELECT busy=4805
SELECT w0=4790
SELECT w1=2760
SELECT w2=2803
BUSY TASK ewma=997
DMA IRQ c0=3
DMA IRQ c1=0
DMA IRQ c2=0
DMA IRQ c3=0
SELECT busy=4824
SELECT w0=4808
SELECT w1=2771
SELECT w2=2813
BUSY TASK ewma=997
DMA IRQ c0=3
DMA IRQ c1=0
DMA IRQ c2=0
DMA IRQ c3=0
SELECT busy=4844
SELECT w0=4828
SELECT w1=2786
SELECT w2=2831
BUSY TASK ewma=997
DMA IRQ c0=3
DMA IRQ c1=0
DMA IRQ c2=0
DMA IRQ c3=0
SELECT busy=4866
SELECT w0=4850
SELECT w1=2795
SELECT w2=2842
BUSY TASK ewma=997
DMA IRQ c0=3
DMA IRQ c1=0
DMA IRQ c2=0
DMA IRQ c3=0
SELECT busy=4887
SELECT w0=4872
SELECT w1=2804
SELECT w2=2852
BUSY TASK ewma=997
DMA IRQ c0=3
DMA IRQ c1=0
DMA IRQ c2=0
DMA IRQ c3=0
SELECT busy=4910
SELECT w0=4894
SELECT w1=2816
SELECT w2=2864
BUSY TASK ewma=997
DMA IRQ c0=3
DMA IRQ c1=0
DMA IRQ c2=0
DMA IRQ c3=0
SELECT busy=4938
SELECT w0=4922
SELECT w1=2825
SELECT w2=2874
BUSY TASK ewma=997
DMA IRQ c0=3
DMA IRQ c1=0
DMA IRQ c2=0
DMA IRQ c3=0
SELECT busy=4958
SELECT w0=4944
SELECT w1=2832
SELECT w2=2883
BUSY TASK ewma=997
DMA IRQ c0=3
DMA IRQ c1=0
DMA IRQ c2=0
DMA IRQ c3=0
SELECT busy=4999
SELECT w0=4983
SELECT w1=2849
SELECT w2=2907
BUSY TASK ewma=997
DMA IRQ c0=3
DMA IRQ c1=0
DMA IRQ c2=0
DMA IRQ c3=0
SELECT busy=5032
SELECT w0=5016
SELECT w1=2865
SELECT w2=2925
BUSY TASK ewma=997
IRQ counts: cpu0=10117 cpu1=11248 cpu2=11224 cpu3=11209
SCHED secondaries: calls=33694 unexpected=0
SECTEST switches=33675 cpu1=103640159,100699037 cpu2=84216137,82389919 cpu3=114671909,113087421
PINGPONG rounds=2000 pongs=2000
DMA IRQ c0=3
DMA IRQ c1=0
DMA IRQ c2=0
DMA IRQ c3=0
SELECT busy=5076
SELECT w0=5060
SELECT w1=2892
SELECT w2=2950
BUSY TASK ewma=997
DMA IRQ c0=3
DMA IRQ c1=0
DMA IRQ c2=0
DMA IRQ c3=0
SELECT busy=5109
SELECT w0=5093
SELECT w1=2904
SELECT w2=2965
BUSY TASK ewma=997
DMA IRQ c0=3
DMA IRQ c1=0
DMA IRQ c2=0
DMA IRQ c3=0
SELECT busy=5145
SELECT w0=5130
SELECT w1=2923
SELECT w2=2987
BUSY TASK ewma=997
DMA IRQ c0=3
DMA IRQ c1=0
DMA IRQ c2=0
DMA IRQ c3=0
SELECT busy=5174
SELECT w0=5158
SELECT w1=2934
SELECT w2=3002
BUSY TASK ewma=997
DMA IRQ c0=3
DMA IRQ c1=0
DMA IRQ c2=0
DMA IRQ c3=0
SELECT busy=5205
SELECT w0=5190
SELECT w1=2948
SELECT w2=3022
BUSY TASK ewma=997
DMA IRQ c0=3
DMA IRQ c1=0
DMA IRQ c2=0
DMA IRQ c3=0
SELECT busy=5242
SELECT w0=5226
SELECT w1=2963
SELECT w2=3045
BUSY TASK ewma=997
DMA IRQ c0=3
DMA IRQ c1=0
DMA IRQ c2=0
DMA IRQ c3=0
SELECT busy=5278
SELECT w0=5263
SELECT w1=2980
SELECT w2=3067
BUSY TASK ewma=997
DMA IRQ c0=3
DMA IRQ c1=0
DMA IRQ c2=0
DMA IRQ c3=0
SELECT busy=5302
SELECT w0=5286
SELECT w1=2989
SELECT w2=3079
BUSY TASK ewma=997
DMA IRQ c0=3
DMA IRQ c1=0
DMA IRQ c2=0
DMA IRQ c3=0
SELECT busy=5319
SELECT w0=5305
SELECT w1=2998
SELECT w2=3089
BUSY TASK ewma=997
DMA IRQ c0=3
DMA IRQ c1=0
DMA IRQ c2=0
DMA IRQ c3=0
SELECT busy=5345
SELECT w0=5330
SELECT w1=3007
SELECT w2=3104
BUSY TASK ewma=997
DMA IRQ c0=3
DMA IRQ c1=0
DMA IRQ c2=0
DMA IRQ c3=0
SELECT busy=5364
SELECT w0=5349
SELECT w1=3017
SELECT w2=3116
BUSY TASK ewma=997
DMA IRQ c0=3
DMA IRQ c1=0
DMA IRQ c2=0
DMA IRQ c3=0
SELECT busy=5384
SELECT w0=5368
SELECT w1=3025
SELECT w2=3125
BUSY TASK ewma=997
DMA IRQ c0=3
DMA IRQ c1=0
DMA IRQ c2=0
DMA IRQ c3=0
SELECT busy=5401
SELECT w0=5386
SELECT w1=3035
SELECT w2=3136
BUSY TASK ewma=997
DMA IRQ c0=3
DMA IRQ c1=0
DMA IRQ c2=0
DMA IRQ c3=0
SELECT busy=5418
SELECT w0=5403
SELECT w1=3043
SELECT w2=3145
BUSY TASK ewma=997
DMA IRQ c0=3
DMA IRQ c1=0
DMA IRQ c2=0
DMA IRQ c3=0
SELECT busy=5437
SELECT w0=5422
SELECT w1=3050
SELECT w2=3153
BUSY TASK ewma=997
DMA IRQ c0=3
DMA IRQ c1=0
DMA IRQ c2=0
DMA IRQ c3=0
SELECT busy=5454
SELECT w0=5439
SELECT w1=3059
SELECT w2=3164
BUSY TASK ewma=997
DMA IRQ c0=3
DMA IRQ c1=0
DMA IRQ c2=0
DMA IRQ c3=0
SELECT busy=5474
SELECT w0=5460
SELECT w1=3072
SELECT w2=3180
BUSY TASK ewma=997
DMA IRQ c0=3
DMA IRQ c1=0
DMA IRQ c2=0
DMA IRQ c3=0
SELECT busy=5499
SELECT w0=5483
SELECT w1=3083
SELECT w2=3195
BUSY TASK ewma=997
DMA IRQ c0=3
DMA IRQ c1=0
DMA IRQ c2=0
DMA IRQ c3=0
SELECT busy=5520
SELECT w0=5505
SELECT w1=3091
SELECT w2=3209
BUSY TASK ewma=997
DMA IRQ c0=3
DMA IRQ c1=0
DMA IRQ c2=0
DMA IRQ c3=0
SELECT busy=5551
SELECT w0=5536
SELECT w1=3106
SELECT w2=3228
BUSY TASK ewma=997
DMA IRQ c0=3
DMA IRQ c1=0
DMA IRQ c2=0
DMA IRQ c3=0
SELECT busy=5590
SELECT w0=5575
SELECT w1=3121
SELECT w2=3248
BUSY TASK ewma=997
DMA IRQ c0=3
DMA IRQ c1=0
DMA IRQ c2=0
DMA IRQ c3=0
SELECT busy=5634
SELECT w0=5619
SELECT w1=3142
SELECT w2=3274
BUSY TASK ewma=997
DMA IRQ c0=3
DMA IRQ c1=0
DMA IRQ c2=0
DMA IRQ c3=0
SELECT busy=5676
SELECT w0=5661
SELECT w1=3162
SELECT w2=3299
BUSY TASK ewma=997
DMA IRQ c0=3
DMA IRQ c1=0
DMA IRQ c2=0
DMA IRQ c3=0
SELECT busy=5722
SELECT w0=5706
SELECT w1=3180
SELECT w2=3322
BUSY TASK ewma=997
DMA IRQ c0=3
DMA IRQ c1=0
DMA IRQ c2=0
DMA IRQ c3=0
SELECT busy=5755
SELECT w0=5740
SELECT w1=3192
SELECT w2=3335
BUSY TASK ewma=997
DMA IRQ c0=3
DMA IRQ c1=0
DMA IRQ c2=0
DMA IRQ c3=0
SELECT busy=5788
SELECT w0=5772
SELECT w1=3206
SELECT w2=3353
BUSY TASK ewma=997
DMA IRQ c0=3
DMA IRQ c1=0
DMA IRQ c2=0
DMA IRQ c3=0
SELECT busy=5835
SELECT w0=5821
SELECT w1=3230
SELECT w2=3385
BUSY TASK ewma=997
DMA IRQ c0=3
DMA IRQ c1=0
DMA IRQ c2=0
DMA IRQ c3=0
SELECT busy=5868
SELECT w0=5854
SELECT w1=3245
SELECT w2=3404
BUSY TASK ewma=997
DMA IRQ c0=3
DMA IRQ c1=0
DMA IRQ c2=0
DMA IRQ c3=0
SELECT busy=5908
SELECT w0=5894
SELECT w1=3264
SELECT w2=3426
BUSY TASK ewma=997
DMA IRQ c0=3
DMA IRQ c1=0
DMA IRQ c2=0
DMA IRQ c3=0
SELECT busy=5943
SELECT w0=5927
SELECT w1=3278
SELECT w2=3443
BUSY TASK ewma=997
DMA IRQ c0=3
DMA IRQ c1=0
DMA IRQ c2=0
DMA IRQ c3=0
SELECT busy=5963
SELECT w0=5948
SELECT w1=3287
SELECT w2=3455
BUSY TASK ewma=997
DMA IRQ c0=3
DMA IRQ c1=0
DMA IRQ c2=0
DMA IRQ c3=0
SELECT busy=5983
SELECT w0=5968
SELECT w1=3297
SELECT w2=3466
BUSY TASK ewma=997
DMA IRQ c0=3
DMA IRQ c1=0
DMA IRQ c2=0
DMA IRQ c3=0
SELECT busy=5999
SELECT w0=5984
SELECT w1=3305
SELECT w2=3479
BUSY TASK ewma=997
DMA IRQ c0=3
DMA IRQ c1=0
DMA IRQ c2=0
DMA IRQ c3=0
SELECT busy=6033
SELECT w0=6017
SELECT w1=3318
SELECT w2=3500
BUSY TASK ewma=997
DMA IRQ c0=3
DMA IRQ c1=0
DMA IRQ c2=0
DMA IRQ c3=0
SELECT busy=6067
SELECT w0=6052
SELECT w1=3334
SELECT w2=3522
BUSY TASK ewma=997
DMA IRQ c0=3
DMA IRQ c1=0
DMA IRQ c2=0
DMA IRQ c3=0
SELECT busy=6097
SELECT w0=6081
SELECT w1=3345
SELECT w2=3536
BUSY TASK ewma=997
DMA IRQ c0=3
DMA IRQ c1=0
DMA IRQ c2=0
DMA IRQ c3=0
SELECT busy=6127
SELECT w0=6111
SELECT w1=3354
SELECT w2=3548
BUSY TASK ewma=997
DMA IRQ c0=3
DMA IRQ c1=0
DMA IRQ c2=0
DMA IRQ c3=0
SELECT busy=6148
SELECT w0=6133
SELECT w1=3366
SELECT w2=3560
BUSY TASK ewma=997
DMA IRQ c0=3
DMA IRQ c1=0
DMA IRQ c2=0
DMA IRQ c3=0
SELECT busy=6168
SELECT w0=6153
SELECT w1=3379
SELECT w2=3576
BUSY TASK ewma=997
DMA IRQ c0=3
DMA IRQ c1=0
DMA IRQ c2=0
DMA IRQ c3=0
SELECT busy=6194
SELECT w0=6178
SELECT w1=3390
SELECT w2=3587
BUSY TASK ewma=997
DMA IRQ c0=3
DMA IRQ c1=0
DMA IRQ c2=0
DMA IRQ c3=0
SELECT busy=6230
SELECT w0=6214
SELECT w1=3406
SELECT w2=3605
BUSY TASK ewma=997
DMA IRQ c0=3
DMA IRQ c1=0
DMA IRQ c2=0
DMA IRQ c3=0
SELECT busy=6247
SELECT w0=6231
SELECT w1=3413
SELECT w2=3613
BUSY TASK ewma=997
DMA IRQ c0=3
DMA IRQ c1=0
DMA IRQ c2=0
DMA IRQ c3=0
SELECT busy=6268
SELECT w0=6253
SELECT w1=3424
SELECT w2=3629
BUSY TASK ewma=997
DMA IRQ c0=3
DMA IRQ c1=0
DMA IRQ c2=0
DMA IRQ c3=0
SELECT busy=6283
SELECT w0=6268
SELECT w1=3434
SELECT w2=3642
BUSY TASK ewma=997
DMA IRQ c0=3
DMA IRQ c1=0
DMA IRQ c2=0
DMA IRQ c3=0
SELECT busy=6302
SELECT w0=6286
SELECT w1=3442
SELECT w2=3652
BUSY TASK ewma=997
DMA IRQ c0=3
DMA IRQ c1=0
DMA IRQ c2=0
DMA IRQ c3=0
SELECT busy=6322
SELECT w0=6307
SELECT w1=3453
SELECT w2=3669
BUSY TASK ewma=997
DMA IRQ c0=3
DMA IRQ c1=0
DMA IRQ c2=0
DMA IRQ c3=0
SELECT busy=6352
SELECT w0=6337
SELECT w1=3465
SELECT w2=3688
BUSY TASK ewma=997
DMA IRQ c0=3
DMA IRQ c1=0
DMA IRQ c2=0
DMA IRQ c3=0
SELECT busy=6372
SELECT w0=6356
SELECT w1=3476
SELECT w2=3705
BUSY TASK ewma=997
DMA IRQ c0=3
DMA IRQ c1=0
DMA IRQ c2=0
DMA IRQ c3=0
SELECT busy=6391
SELECT w0=6378
SELECT w1=3490
SELECT w2=3721
BUSY TASK ewma=997
DMA IRQ c0=3
DMA IRQ c1=0
DMA IRQ c2=0
DMA IRQ c3=0
SELECT busy=6409
SELECT w0=6394
SELECT w1=3500
SELECT w2=3731
BUSY TASK ewma=997
DMA IRQ c0=3
DMA IRQ c1=0
DMA IRQ c2=0
DMA IRQ c3=0
SELECT busy=6428
SELECT w0=6415
SELECT w1=3511
SELECT w2=3743
BUSY TASK ewma=997
DMA IRQ c0=3
DMA IRQ c1=0
DMA IRQ c2=0
DMA IRQ c3=0
SELECT busy=6456
SELECT w0=6441
SELECT w1=3524
SELECT w2=3757
BUSY TASK ewma=997
DMA IRQ c0=3
DMA IRQ c1=0
DMA IRQ c2=0
DMA IRQ c3=0
SELECT busy=6471
SELECT w0=6456
SELECT w1=3530
SELECT w2=3764
BUSY TASK ewma=997
DMA IRQ c0=3
DMA IRQ c1=0
DMA IRQ c2=0
DMA IRQ c3=0
SELECT busy=6491
SELECT w0=6476
SELECT w1=3539
SELECT w2=3777
BUSY TASK ewma=997
DMA IRQ c0=3
DMA IRQ c1=0
DMA IRQ c2=0
DMA IRQ c3=0
SELECT busy=6523
SELECT w0=6508
SELECT w1=3557
SELECT w2=3793
BUSY TASK ewma=997
DMA IRQ c0=3
DMA IRQ c1=0
DMA IRQ c2=0
DMA IRQ c3=0
SELECT busy=6545
SELECT w0=6530
SELECT w1=3565
SELECT w2=3803
BUSY TASK ewma=997
DMA IRQ c0=3
DMA IRQ c1=0
DMA IRQ c2=0
DMA IRQ c3=0
SELECT busy=6560
SELECT w0=6544
SELECT w1=3570
SELECT w2=3810
BUSY TASK ewma=997
DMA IRQ c0=3
DMA IRQ c1=0
DMA IRQ c2=0
DMA IRQ c3=0
SELECT busy=6574
SELECT w0=6559
SELECT w1=3576
SELECT w2=3817
BUSY TASK ewma=997
DMA IRQ c0=3
DMA IRQ c1=0
DMA IRQ c2=0
DMA IRQ c3=0
SELECT busy=6592
SELECT w0=6577
SELECT w1=3585
SELECT w2=3826
BUSY TASK ewma=997
DMA IRQ c0=3
DMA IRQ c1=0
DMA IRQ c2=0
DMA IRQ c3=0
SELECT busy=6606
SELECT w0=6591
SELECT w1=3593
SELECT w2=3836
BUSY TASK ewma=997
DMA IRQ c0=3
DMA IRQ c1=0
DMA IRQ c2=0
DMA IRQ c3=0
SELECT busy=6630
SELECT w0=6615
SELECT w1=3606
SELECT w2=3852
BUSY TASK ewma=997
DMA IRQ c0=3
DMA IRQ c1=0
DMA IRQ c2=0
DMA IRQ c3=0
SELECT busy=6648
SELECT w0=6632
SELECT w1=3615
SELECT w2=3863
BUSY TASK ewma=997
DMA IRQ c0=3
DMA IRQ c1=0
DMA IRQ c2=0
DMA IRQ c3=0
SELECT busy=6666
SELECT w0=6651
SELECT w1=3624
SELECT w2=3875
BUSY TASK ewma=997
DMA IRQ c0=3
DMA IRQ c1=0
DMA IRQ c2=0
DMA IRQ c3=0
SELECT busy=6679
SELECT w0=6663
SELECT w1=3630
SELECT w2=3883
BUSY TASK ewma=997
IRQ counts: cpu0=13369 cpu1=15000 cpu2=15015 cpu3=14968
SCHED secondaries: calls=45005 unexpected=0
SECTEST switches=44996 cpu1=134022922,131386562 cpu2=115762058,113121236 cpu3=157120831,154571897
PINGPONG rounds=2000 pongs=2000
DMA IRQ c0=3
DMA IRQ c1=0
DMA IRQ c2=0
DMA IRQ c3=0
SELECT busy=6710
SELECT w0=6695
SELECT w1=3647
SELECT w2=3903
BUSY TASK ewma=997
DMA IRQ c0=3
DMA IRQ c1=0
DMA IRQ c2=0
DMA IRQ c3=0
SELECT busy=6727
SELECT w0=6711
SELECT w1=3654
SELECT w2=3913
BUSY TASK ewma=997
DMA IRQ c0=3
DMA IRQ c1=0
DMA IRQ c2=0
DMA IRQ c3=0
SELECT busy=6744
SELECT w0=6729
SELECT w1=3662
SELECT w2=3923
BUSY TASK ewma=997
DMA IRQ c0=3
DMA IRQ c1=0
DMA IRQ c2=0
DMA IRQ c3=0
SELECT busy=6762
SELECT w0=6746
SELECT w1=3670
SELECT w2=3935
BUSY TASK ewma=997
DMA IRQ c0=3
DMA IRQ c1=0
DMA IRQ c2=0
DMA IRQ c3=0
SELECT busy=6780
SELECT w0=6764
SELECT w1=3679
SELECT w2=3946
BUSY TASK ewma=997
DMA IRQ c0=3
DMA IRQ c1=0
DMA IRQ c2=0
DMA IRQ c3=0
SELECT busy=6796
SELECT w0=6781
SELECT w1=3687
SELECT w2=3956
BUSY TASK ewma=997
DMA IRQ c0=3
DMA IRQ c1=0
DMA IRQ c2=0
DMA IRQ c3=0
SELECT busy=6813
SELECT w0=6797
SELECT w1=3693
SELECT w2=3963
BUSY TASK ewma=997
DMA IRQ c0=3
DMA IRQ c1=0
DMA IRQ c2=0
DMA IRQ c3=0
SELECT busy=6833
SELECT w0=6817
SELECT w1=3700
SELECT w2=3974
BUSY TASK ewma=997
DMA IRQ c0=3
DMA IRQ c1=0
DMA IRQ c2=0
DMA IRQ c3=0
SELECT busy=6851
SELECT w0=6836
SELECT w1=3706
SELECT w2=3983
BUSY TASK ewma=997
DMA IRQ c0=3
DMA IRQ c1=0
DMA IRQ c2=0
DMA IRQ c3=0
SELECT busy=6872
SELECT w0=6857
SELECT w1=3713
SELECT w2=3994
BUSY TASK ewma=997
DMA IRQ c0=3
DMA IRQ c1=0
DMA IRQ c2=0
DMA IRQ c3=0
SELECT busy=6893
SELECT w0=6878
SELECT w1=3722
SELECT w2=4004
BUSY TASK ewma=997
DMA IRQ c0=3
DMA IRQ c1=0
DMA IRQ c2=0
DMA IRQ c3=0
SELECT busy=6918
SELECT w0=6903
SELECT w1=3730
SELECT w2=4015
BUSY TASK ewma=997
DMA IRQ c0=3
DMA IRQ c1=0
DMA IRQ c2=0
DMA IRQ c3=0
SELECT busy=6941
SELECT w0=6925
SELECT w1=3737
SELECT w2=4023
BUSY TASK ewma=997
DMA IRQ c0=3
DMA IRQ c1=0
DMA IRQ c2=0
DMA IRQ c3=0
SELECT busy=6960
SELECT w0=6944
SELECT w1=3745
SELECT w2=4032
BUSY TASK ewma=997
DMA IRQ c0=3
DMA IRQ c1=0
DMA IRQ c2=0
DMA IRQ c3=0
SELECT busy=6980
SELECT w0=6965
SELECT w1=3753
SELECT w2=4044
BUSY TASK ewma=997
DMA IRQ c0=3
DMA IRQ c1=0
DMA IRQ c2=0
DMA IRQ c3=0
SELECT busy=6999
SELECT w0=6984
SELECT w1=3763
SELECT w2=4057
BUSY TASK ewma=997
DMA IRQ c0=3
DMA IRQ c1=0
DMA IRQ c2=0
DMA IRQ c3=0
SELECT busy=7017
SELECT w0=7003
SELECT w1=3772
SELECT w2=4069
BUSY TASK ewma=997
DMA IRQ c0=3
DMA IRQ c1=0
DMA IRQ c2=0
DMA IRQ c3=0
SELECT busy=7045
SELECT w0=7030
SELECT w1=3784
SELECT w2=4081
BUSY TASK ewma=997
DMA IRQ c0=3
DMA IRQ c1=0
DMA IRQ c2=0
DMA IRQ c3=0
SELECT busy=7099
SELECT w0=7084
SELECT w1=3807
SELECT w2=4114
BUSY TASK ewma=997
DMA IRQ c0=3
DMA IRQ c1=0
DMA IRQ c2=0
DMA IRQ c3=0
SELECT busy=7135
SELECT w0=7119
SELECT w1=3823
SELECT w2=4131
BUSY TASK ewma=997
DMA IRQ c0=3
DMA IRQ c1=0
DMA IRQ c2=0
DMA IRQ c3=0
SELECT busy=7167
SELECT w0=7151
SELECT w1=3834
SELECT w2=4146
BUSY TASK ewma=997
DMA IRQ c0=3
DMA IRQ c1=0
DMA IRQ c2=0
DMA IRQ c3=0
SELECT busy=7200
SELECT w0=7184
SELECT w1=3850
SELECT w2=4162
BUSY TASK ewma=997
DMA IRQ c0=3
DMA IRQ c1=0
DMA IRQ c2=0
DMA IRQ c3=0
SELECT busy=7231
SELECT w0=7215
SELECT w1=3862
SELECT w2=4180
BUSY TASK ewma=997
DMA IRQ c0=3
DMA IRQ c1=0
DMA IRQ c2=0
DMA IRQ c3=0
SELECT busy=7261
SELECT w0=7246
SELECT w1=3876
SELECT w2=4203
BUSY TASK ewma=997
DMA IRQ c0=3
DMA IRQ c1=0
DMA IRQ c2=0
DMA IRQ c3=0
SELECT busy=7279
SELECT w0=7264
SELECT w1=3887
SELECT w2=4216
BUSY TASK ewma=997
DMA IRQ c0=3
DMA IRQ c1=0
DMA IRQ c2=0
DMA IRQ c3=0
SELECT busy=7295
SELECT w0=7280
SELECT w1=3896
SELECT w2=4226
BUSY TASK ewma=997
DMA IRQ c0=3
DMA IRQ c1=0
DMA IRQ c2=0
DMA IRQ c3=0
SELECT busy=7314
SELECT w0=7299
SELECT w1=3903
SELECT w2=4234
BUSY TASK ewma=997
DMA IRQ c0=3
DMA IRQ c1=0
DMA IRQ c2=0
DMA IRQ c3=0
SELECT busy=7337
SELECT w0=7322
SELECT w1=3914
SELECT w2=4251
BUSY TASK ewma=997
DMA IRQ c0=3
DMA IRQ c1=0
DMA IRQ c2=0
DMA IRQ c3=0
SELECT busy=7358
SELECT w0=7344
SELECT w1=3925
SELECT w2=4266
BUSY TASK ewma=997
DMA IRQ c0=3
DMA IRQ c1=0
DMA IRQ c2=0
DMA IRQ c3=0
SELECT busy=7386
SELECT w0=7370
SELECT w1=3936
SELECT w2=4280
BUSY TASK ewma=997
DMA IRQ c0=3
DMA IRQ c1=0
DMA IRQ c2=0
DMA IRQ c3=0
SELECT busy=7410
SELECT w0=7396
SELECT w1=3951
SELECT w2=4301
BUSY TASK ewma=997
DMA IRQ c0=3
DMA IRQ c1=0
DMA IRQ c2=0
DMA IRQ c3=0
SELECT busy=7428
SELECT w0=7413
SELECT w1=3961
SELECT w2=4313
BUSY TASK ewma=997
DMA IRQ c0=3
DMA IRQ c1=0
DMA IRQ c2=0
DMA IRQ c3=0
SELECT busy=7448
SELECT w0=7432
SELECT w1=3968
SELECT w2=4320
BUSY TASK ewma=997
DMA IRQ c0=3
DMA IRQ c1=0
DMA IRQ c2=0
DMA IRQ c3=0
SELECT busy=7468
SELECT w0=7452
SELECT w1=3973
SELECT w2=4326
BUSY TASK ewma=997
DMA IRQ c0=3
DMA IRQ c1=0
DMA IRQ c2=0
DMA IRQ c3=0
SELECT busy=7485
SELECT w0=7469
SELECT w1=3981
SELECT w2=4336
BUSY TASK ewma=997
DMA IRQ c0=3
DMA IRQ c1=0
DMA IRQ c2=0
DMA IRQ c3=0
SELECT busy=7516
SELECT w0=7500
SELECT w1=3993
SELECT w2=4352
BUSY TASK ewma=997
DMA IRQ c0=3
DMA IRQ c1=0
DMA IRQ c2=0
DMA IRQ c3=0
SELECT busy=7534
SELECT w0=7519
SELECT w1=4003
SELECT w2=4363
BUSY TASK ewma=997
DMA IRQ c0=3
DMA IRQ c1=0
DMA IRQ c2=0
DMA IRQ c3=0
SELECT busy=7555
SELECT w0=7539
SELECT w1=4012
SELECT w2=4378
BUSY TASK ewma=997
DMA IRQ c0=3
DMA IRQ c1=0
DMA IRQ c2=0
DMA IRQ c3=0
SELECT busy=7574
SELECT w0=7558
SELECT w1=4018
SELECT w2=4386
BUSY TASK ewma=997
DMA IRQ c0=3
DMA IRQ c1=0
DMA IRQ c2=0
DMA IRQ c3=0
SELECT busy=7594
SELECT w0=7581
SELECT w1=4027
SELECT w2=4398
BUSY TASK ewma=997
DMA IRQ c0=3
DMA IRQ c1=0
DMA IRQ c2=0
DMA IRQ c3=0
SELECT busy=7624
SELECT w0=7609
SELECT w1=4038
SELECT w2=4412
BUSY TASK ewma=997
DMA IRQ c0=3
DMA IRQ c1=0
DMA IRQ c2=0
DMA IRQ c3=0
SELECT busy=7646
SELECT w0=7630
SELECT w1=4046
SELECT w2=4422
BUSY TASK ewma=997
DMA IRQ c0=3
DMA IRQ c1=0
DMA IRQ c2=0
DMA IRQ c3=0
SELECT busy=7670
SELECT w0=7654
SELECT w1=4056
SELECT w2=4435
BUSY TASK ewma=997
DMA IRQ c0=3
DMA IRQ c1=0
DMA IRQ c2=0
DMA IRQ c3=0
SELECT busy=7710
SELECT w0=7695
SELECT w1=4072
SELECT w2=4456
BUSY TASK ewma=997
DMA IRQ c0=3
DMA IRQ c1=0
DMA IRQ c2=0
DMA IRQ c3=0
SELECT busy=7739
SELECT w0=7724
SELECT w1=4083
SELECT w2=4472
BUSY TASK ewma=997
DMA IRQ c0=3
DMA IRQ c1=0
DMA IRQ c2=0
DMA IRQ c3=0
SELECT busy=7779
SELECT w0=7763
SELECT w1=4102
SELECT w2=4494
BUSY TASK ewma=997
DMA IRQ c0=3
DMA IRQ c1=0
DMA IRQ c2=0
DMA IRQ c3=0
SELECT busy=7811
SELECT w0=7795
SELECT w1=4118
SELECT w2=4512
BUSY TASK ewma=997
DMA IRQ c0=3
DMA IRQ c1=0
DMA IRQ c2=0
DMA IRQ c3=0
SELECT busy=7831
SELECT w0=7817
SELECT w1=4131
SELECT w2=4526
BUSY TASK ewma=997
DMA IRQ c0=3
DMA IRQ c1=0
DMA IRQ c2=0
DMA IRQ c3=0
SELECT busy=7849
SELECT w0=7833
SELECT w1=4138
SELECT w2=4533
BUSY TASK ewma=997
DMA IRQ c0=3
DMA IRQ c1=0
DMA IRQ c2=0
DMA IRQ c3=0
SELECT busy=7864
SELECT w0=7849
SELECT w1=4144
SELECT w2=4540
BUSY TASK ewma=997
DMA IRQ c0=3
DMA IRQ c1=0
DMA IRQ c2=0
DMA IRQ c3=0
SELECT busy=7883
SELECT w0=7868
SELECT w1=4152
SELECT w2=4552
BUSY TASK ewma=997
DMA IRQ c0=3
DMA IRQ c1=0
DMA IRQ c2=0
DMA IRQ c3=0
SELECT busy=7902
SELECT w0=7886
SELECT w1=4159
SELECT w2=4562
BUSY TASK ewma=997
DMA IRQ c0=3
DMA IRQ c1=0
DMA IRQ c2=0
DMA IRQ c3=0
SELECT busy=7919
SELECT w0=7904
SELECT w1=4166
SELECT w2=4570
BUSY TASK ewma=997
DMA IRQ c0=3
DMA IRQ c1=0
DMA IRQ c2=0
DMA IRQ c3=0
SELECT busy=7936
SELECT w0=7920
SELECT w1=4174
SELECT w2=4581
BUSY TASK ewma=997
DMA IRQ c0=3
DMA IRQ c1=0
DMA IRQ c2=0
DMA IRQ c3=0
SELECT busy=7961
SELECT w0=7946
SELECT w1=4187
SELECT w2=4597
BUSY TASK ewma=997
DMA IRQ c0=3
DMA IRQ c1=0
DMA IRQ c2=0
DMA IRQ c3=0
SELECT busy=7976
SELECT w0=7961
SELECT w1=4195
SELECT w2=4606
BUSY TASK ewma=997
DMA IRQ c0=3
DMA IRQ c1=0
DMA IRQ c2=0
DMA IRQ c3=0
SELECT busy=7994
SELECT w0=7978
SELECT w1=4203
SELECT w2=4618
BUSY TASK ewma=997
DMA IRQ c0=3
DMA IRQ c1=0
DMA IRQ c2=0
DMA IRQ c3=0
SELECT busy=8029
SELECT w0=8013
SELECT w1=4216
SELECT w2=4633
BUSY TASK ewma=997
DMA IRQ c0=3
DMA IRQ c1=0
DMA IRQ c2=0
DMA IRQ c3=0
SELECT busy=8050
SELECT w0=8034
SELECT w1=4225
SELECT w2=4643
BUSY TASK ewma=997
DMA IRQ c0=3
DMA IRQ c1=0
DMA IRQ c2=0
DMA IRQ c3=0
SELECT busy=8091
SELECT w0=8076
SELECT w1=4247
SELECT w2=4667
BUSY TASK ewma=997
DMA IRQ c0=3
DMA IRQ c1=0
DMA IRQ c2=0
DMA IRQ c3=0
SELECT busy=8110
SELECT w0=8095
SELECT w1=4260
SELECT w2=4680
BUSY TASK ewma=997
DMA IRQ c0=3
DMA IRQ c1=0
DMA IRQ c2=0
DMA IRQ c3=0
SELECT busy=8133
SELECT w0=8118
SELECT w1=4273
SELECT w2=4694
BUSY TASK ewma=997
DMA IRQ c0=3
DMA IRQ c1=0
DMA IRQ c2=0
DMA IRQ c3=0
SELECT busy=8152
SELECT w0=8137
SELECT w1=4283
SELECT w2=4709
BUSY TASK ewma=997
DMA IRQ c0=3
DMA IRQ c1=0
DMA IRQ c2=0
DMA IRQ c3=0
SELECT busy=8174
SELECT w0=8159
SELECT w1=4293
SELECT w2=4724
BUSY TASK ewma=997
IRQ counts: cpu0=16359 cpu1=18303 cpu2=18386 cpu3=18363
SCHED secondaries: calls=55098 unexpected=0
SECTEST switches=55114 cpu1=165414624,162107102 cpu2=145854753,143162839 cpu3=197532004,196097934
PINGPONG rounds=2000 pongs=2000
DMA IRQ c0=3
DMA IRQ c1=0
DMA IRQ c2=0
DMA IRQ c3=0
SELECT busy=8216
SELECT w0=8201
SELECT w1=4321
SELECT w2=4765
BUSY TASK ewma=997
DMA IRQ c0=3
DMA IRQ c1=0
DMA IRQ c2=0
DMA IRQ c3=0
SELECT busy=8236
SELECT w0=8221
SELECT w1=4327
SELECT w2=4773
BUSY TASK ewma=997
DMA IRQ c0=3
DMA IRQ c1=0
DMA IRQ c2=0
DMA IRQ c3=0
SELECT busy=8271
SELECT w0=8255
SELECT w1=4342
SELECT w2=4796
BUSY TASK ewma=997
DMA IRQ c0=3
DMA IRQ c1=0
DMA IRQ c2=0
DMA IRQ c3=0
SELECT busy=8311
SELECT w0=8295
SELECT w1=4358
SELECT w2=4818
BUSY TASK ewma=997
DMA IRQ c0=3
DMA IRQ c1=0
DMA IRQ c2=0
DMA IRQ c3=0
SELECT busy=8349
SELECT w0=8333
SELECT w1=4374
SELECT w2=4835
BUSY TASK ewma=997
DMA IRQ c0=3
DMA IRQ c1=0
DMA IRQ c2=0
DMA IRQ c3=0
SELECT busy=8383
SELECT w0=8368
SELECT w1=4388
SELECT w2=4856
BUSY TASK ewma=997
DMA IRQ c0=3
DMA IRQ c1=0
DMA IRQ c2=0
DMA IRQ c3=0
SELECT busy=8410
SELECT w0=8394
SELECT w1=4398
SELECT w2=4868
BUSY TASK ewma=997
DMA IRQ c0=3
DMA IRQ c1=0
DMA IRQ c2=0
DMA IRQ c3=0
SELECT busy=8432
SELECT w0=8416
SELECT w1=4406
SELECT w2=4878
BUSY TASK ewma=997
DMA IRQ c0=3
DMA IRQ c1=0
DMA IRQ c2=0
DMA IRQ c3=0
SELECT busy=8463
SELECT w0=8448
SELECT w1=4420
SELECT w2=4895
BUSY TASK ewma=997
DMA IRQ c0=3
DMA IRQ c1=0
DMA IRQ c2=0
DMA IRQ c3=0
SELECT busy=8477
SELECT w0=8462
SELECT w1=4428
SELECT w2=4905
BUSY TASK ewma=997
DMA IRQ c0=3
DMA IRQ c1=0
DMA IRQ c2=0
DMA IRQ c3=0
SELECT busy=8508
SELECT w0=8494
SELECT w1=4442
SELECT w2=4921
BUSY TASK ewma=997
DMA IRQ c0=3
DMA IRQ c1=0
DMA IRQ c2=0
DMA IRQ c3=0
SELECT busy=8544
SELECT w0=8529
SELECT w1=4458
SELECT w2=4940
BUSY TASK ewma=997
DMA IRQ c0=3
DMA IRQ c1=0
DMA IRQ c2=0
DMA IRQ c3=0
SELECT busy=8572
SELECT w0=8556
SELECT w1=4470
SELECT w2=4953
BUSY TASK ewma=997
DMA IRQ c0=3
DMA IRQ c1=0
DMA IRQ c2=0
DMA IRQ c3=0
SELECT busy=8606
SELECT w0=8591
SELECT w1=4482
SELECT w2=4972
BUSY TASK ewma=997
DMA IRQ c0=3
DMA IRQ c1=0
DMA IRQ c2=0
DMA IRQ c3=0
SELECT busy=8643
SELECT w0=8628
SELECT w1=4498
SELECT w2=4991
BUSY TASK ewma=997
DMA IRQ c0=3
DMA IRQ c1=0
DMA IRQ c2=0
DMA IRQ c3=0
SELECT busy=8674
SELECT w0=8659
SELECT w1=4515
SELECT w2=5009
BUSY TASK ewma=997
DMA IRQ c0=3
DMA IRQ c1=0
DMA IRQ c2=0
DMA IRQ c3=0
SELECT busy=8708
SELECT w0=8692
SELECT w1=4533
SELECT w2=5029
BUSY TASK ewma=997
DMA IRQ c0=3
DMA IRQ c1=0
DMA IRQ c2=0
DMA IRQ c3=0
SELECT busy=8736
SELECT w0=8721
SELECT w1=4545
SELECT w2=5043
BUSY TASK ewma=997
DMA IRQ c0=3
DMA IRQ c1=0
DMA IRQ c2=0
DMA IRQ c3=0
SELECT busy=8768
SELECT w0=8753
SELECT w1=4558
SELECT w2=5061
BUSY TASK ewma=997
DMA IRQ c0=3
DMA IRQ c1=0
DMA IRQ c2=0
DMA IRQ c3=0
SELECT busy=8813
SELECT w0=8799
SELECT w1=4578
SELECT w2=5088
BUSY TASK ewma=997
DMA IRQ c0=3
DMA IRQ c1=0
DMA IRQ c2=0
DMA IRQ c3=0
SELECT busy=8842
SELECT w0=8827
SELECT w1=4591
SELECT w2=5105
BUSY TASK ewma=997
DMA IRQ c0=3
DMA IRQ c1=0
DMA IRQ c2=0
DMA IRQ c3=0
SELECT busy=8860
SELECT w0=8845
SELECT w1=4599
SELECT w2=5115
BUSY TASK ewma=997
DMA IRQ c0=3
DMA IRQ c1=0
DMA IRQ c2=0
DMA IRQ c3=0
SELECT busy=8878
SELECT w0=8863
SELECT w1=4607
SELECT w2=5126
BUSY TASK ewma=997
DMA IRQ c0=3
DMA IRQ c1=0
DMA IRQ c2=0
DMA IRQ c3=0
SELECT busy=8909
SELECT w0=8893
SELECT w1=4621
SELECT w2=5140
BUSY TASK ewma=997
DMA IRQ c0=3
DMA IRQ c1=0
DMA IRQ c2=0
DMA IRQ c3=0
SELECT busy=8928
SELECT w0=8913
SELECT w1=4629
SELECT w2=5151
BUSY TASK ewma=997
DMA IRQ c0=3
DMA IRQ c1=0
DMA IRQ c2=0
DMA IRQ c3=0
SELECT busy=8961
SELECT w0=8945
SELECT w1=4641
SELECT w2=5168
BUSY TASK ewma=997
DMA IRQ c0=3
DMA IRQ c1=0
DMA IRQ c2=0
DMA IRQ c3=0
SELECT busy=8996
SELECT w0=8981
SELECT w1=4657
SELECT w2=5188
BUSY TASK ewma=997
DMA IRQ c0=3
DMA IRQ c1=0
DMA IRQ c2=0
DMA IRQ c3=0
SELECT busy=9033
SELECT w0=9017
SELECT w1=4676
SELECT w2=5209
BUSY TASK ewma=997
DMA IRQ c0=3
DMA IRQ c1=0
DMA IRQ c2=0
DMA IRQ c3=0
SELECT busy=9066
SELECT w0=9051
SELECT w1=4687
SELECT w2=5225
BUSY TASK ewma=997
DMA IRQ c0=3
DMA IRQ c1=0
DMA IRQ c2=0
DMA IRQ c3=0
SELECT busy=9100
SELECT w0=9084
SELECT w1=4701
SELECT w2=5246
BUSY TASK ewma=997
DMA IRQ c0=3
DMA IRQ c1=0
DMA IRQ c2=0
DMA IRQ c3=0
SELECT busy=9136
SELECT w0=9122
SELECT w1=4717
SELECT w2=5266
BUSY TASK ewma=997
DMA IRQ c0=3
DMA IRQ c1=0
DMA IRQ c2=0
DMA IRQ c3=0
SELECT busy=9173
SELECT w0=9158
SELECT w1=4734
SELECT w2=5285
BUSY TASK ewma=997
DMA IRQ c0=3
DMA IRQ c1=0
DMA IRQ c2=0
DMA IRQ c3=0
SELECT busy=9208
SELECT w0=9192
SELECT w1=4752
SELECT w2=5307
BUSY TASK ewma=997
DMA IRQ c0=3
DMA IRQ c1=0
DMA IRQ c2=0
DMA IRQ c3=0
SELECT busy=9243
SELECT w0=9229
SELECT w1=4765
SELECT w2=5325
BUSY TASK ewma=997
DMA IRQ c0=3
DMA IRQ c1=0
DMA IRQ c2=0
DMA IRQ c3=0
SELECT busy=9284
SELECT w0=9268
SELECT w1=4782
SELECT w2=5347
BUSY TASK ewma=997
DMA IRQ c0=3
DMA IRQ c1=0
DMA IRQ c2=0
DMA IRQ c3=0
SELECT busy=9323
SELECT w0=9307
SELECT w1=4797
SELECT w2=5366
BUSY TASK ewma=997
DMA IRQ c0=3
DMA IRQ c1=0
DMA IRQ c2=0
DMA IRQ c3=0
SELECT busy=9364
SELECT w0=9348
SELECT w1=4815
SELECT w2=5385
BUSY TASK ewma=997
DMA IRQ c0=3
DMA IRQ c1=0
DMA IRQ c2=0
DMA IRQ c3=0
SELECT busy=9396
SELECT w0=9381
SELECT w1=4828
SELECT w2=5403
BUSY TASK ewma=997
DMA IRQ c0=3
DMA IRQ c1=0
DMA IRQ c2=0
DMA IRQ c3=0
SELECT busy=9426
SELECT w0=9410
SELECT w1=4839
SELECT w2=5419
BUSY TASK ewma=997
DMA IRQ c0=3
DMA IRQ c1=0
DMA IRQ c2=0
DMA IRQ c3=0
SELECT busy=9444
SELECT w0=9429
SELECT w1=4845
SELECT w2=5427
BUSY TASK ewma=997
DMA IRQ c0=3
DMA IRQ c1=0
DMA IRQ c2=0
DMA IRQ c3=0
SELECT busy=9481
SELECT w0=9465
SELECT w1=4863
SELECT w2=5445
BUSY TASK ewma=997
DMA IRQ c0=3
DMA IRQ c1=0
DMA IRQ c2=0
DMA IRQ c3=0
SELECT busy=9495
SELECT w0=9479
SELECT w1=4870
SELECT w2=5454
BUSY TASK ewma=997
DMA IRQ c0=3
DMA IRQ c1=0
DMA IRQ c2=0
DMA IRQ c3=0
SELECT busy=9509
SELECT w0=9493
SELECT w1=4877
SELECT w2=5465
BUSY TASK ewma=997
DMA IRQ c0=3
DMA IRQ c1=0
DMA IRQ c2=0
DMA IRQ c3=0
SELECT busy=9527
SELECT w0=9511
SELECT w1=4887
SELECT w2=5476
BUSY TASK ewma=997
DMA IRQ c0=3
DMA IRQ c1=0
DMA IRQ c2=0
DMA IRQ c3=0
SELECT busy=9545
SELECT w0=9529
SELECT w1=4895
SELECT w2=5485
BUSY TASK ewma=997
DMA IRQ c0=3
DMA IRQ c1=0
DMA IRQ c2=0
DMA IRQ c3=0
SELECT busy=9558
SELECT w0=9543
SELECT w1=4903
SELECT w2=5496
BUSY TASK ewma=997
DMA IRQ c0=3
DMA IRQ c1=0
DMA IRQ c2=0
DMA IRQ c3=0
SELECT busy=9577
SELECT w0=9562
SELECT w1=4911
SELECT w2=5507
BUSY TASK ewma=997
DMA IRQ c0=3
DMA IRQ c1=0
DMA IRQ c2=0
DMA IRQ c3=0
SELECT busy=9592
SELECT w0=9578
SELECT w1=4919
SELECT w2=5518
BUSY TASK ewma=997
DMA IRQ c0=3
DMA IRQ c1=0
DMA IRQ c2=0
DMA IRQ c3=0
SELECT busy=9610
SELECT w0=9595
SELECT w1=4925
SELECT w2=5526
BUSY TASK ewma=997
DMA IRQ c0=3
DMA IRQ c1=0
DMA IRQ c2=0
DMA IRQ c3=0
SELECT busy=9626
SELECT w0=9610
SELECT w1=4933
SELECT w2=5538
BUSY TASK ewma=997
DMA IRQ c0=3
DMA IRQ c1=0
DMA IRQ c2=0
DMA IRQ c3=0
SELECT busy=9646
SELECT w0=9630
SELECT w1=4942
SELECT w2=5548
BUSY TASK ewma=997
DMA IRQ c0=3
DMA IRQ c1=0
DMA IRQ c2=0
DMA IRQ c3=0
SELECT busy=9665
SELECT w0=9649
SELECT w1=4950
SELECT w2=5559
BUSY TASK ewma=997
DMA IRQ c0=3
DMA IRQ c1=0
DMA IRQ c2=0
DMA IRQ c3=0
SELECT busy=9684
SELECT w0=9669
SELECT w1=4963
SELECT w2=5571
BUSY TASK ewma=997
DMA IRQ c0=3
DMA IRQ c1=0
DMA IRQ c2=0
DMA IRQ c3=0
SELECT busy=9709
SELECT w0=9693
SELECT w1=4972
SELECT w2=5582
BUSY TASK ewma=997
DMA IRQ c0=3
DMA IRQ c1=0
DMA IRQ c2=0
DMA IRQ c3=0
SELECT busy=9739
SELECT w0=9724
SELECT w1=4985
SELECT w2=5597
BUSY TASK ewma=997
DMA IRQ c0=3
DMA IRQ c1=0
DMA IRQ c2=0
DMA IRQ c3=0
SELECT busy=9772
SELECT w0=9757
SELECT w1=5000
SELECT w2=5615
BUSY TASK ewma=997
DMA IRQ c0=3
DMA IRQ c1=0
DMA IRQ c2=0
DMA IRQ c3=0
SELECT busy=9792
SELECT w0=9777
SELECT w1=5009
SELECT w2=5629
BUSY TASK ewma=997
DMA IRQ c0=3
DMA IRQ c1=0
DMA IRQ c2=0
DMA IRQ c3=0
SELECT busy=9808
SELECT w0=9793
SELECT w1=5015
SELECT w2=5638
BUSY TASK ewma=997
DMA IRQ c0=3
DMA IRQ c1=0
DMA IRQ c2=0
DMA IRQ c3=0
SELECT busy=9827
SELECT w0=9812
SELECT w1=5026
SELECT w2=5655
BUSY TASK ewma=997
DMA IRQ c0=3
DMA IRQ c1=0
DMA IRQ c2=0
DMA IRQ c3=0
SELECT busy=9847
SELECT w0=9832
SELECT w1=5038
SELECT w2=5667
BUSY TASK ewma=997
DMA IRQ c0=3
DMA IRQ c1=0
DMA IRQ c2=0
DMA IRQ c3=0
SELECT busy=9880
SELECT w0=9865
SELECT w1=5056
SELECT w2=5687
BUSY TASK ewma=997
DMA IRQ c0=3
DMA IRQ c1=0
DMA IRQ c2=0
DMA IRQ c3=0
SELECT busy=9900
SELECT w0=9885
SELECT w1=5066
SELECT w2=5698
BUSY TASK ewma=997
DMA IRQ c0=3
DMA IRQ c1=0
DMA IRQ c2=0
DMA IRQ c3=0
SELECT busy=9917
SELECT w0=9902
SELECT w1=5073
SELECT w2=5706
BUSY TASK ewma=997
DMA IRQ c0=3
DMA IRQ c1=0
DMA IRQ c2=0
DMA IRQ c3=0
SELECT busy=9941
SELECT w0=9926
SELECT w1=5084
SELECT w2=5727
BUSY TASK ewma=997
IRQ counts: cpu0=19919 cpu1=22288 cpu2=22418 cpu3=22341
SCHED secondaries: calls=67055 unexpected=0
SECTEST switches=67031 cpu1=193114505,191481812 cpu2=175757818,170385275 cpu3=236731298,233372999
PINGPONG rounds=2000 pongs=2000
DMA IRQ c0=3
DMA IRQ c1=0
DMA IRQ c2=0
DMA IRQ c3=0
SELECT busy=9981
SELECT w0=9965
SELECT w1=5100
SELECT w2=5750
BUSY TASK ewma=997
DMA IRQ c0=3
DMA IRQ c1=0
DMA IRQ c2=0
DMA IRQ c3=0
SELECT busy=10009
SELECT w0=9994
SELECT w1=5113
SELECT w2=5768
BUSY TASK ewma=997
DMA IRQ c0=3
DMA IRQ c1=0
DMA IRQ c2=0
DMA IRQ c3=0
SELECT busy=10031
SELECT w0=10016
SELECT w1=5125
SELECT w2=5786
BUSY TASK ewma=997
DMA IRQ c0=3
DMA IRQ c1=0
DMA IRQ c2=0
DMA IRQ c3=0
SELECT busy=10054
SELECT w0=10038
SELECT w1=5135
SELECT w2=5799
BUSY TASK ewma=997
DMA IRQ c0=3
DMA IRQ c1=0
DMA IRQ c2=0
DMA IRQ c3=0
SELECT busy=10068
SELECT w0=10052
SELECT w1=5141
SELECT w2=5807
BUSY TASK ewma=997
DMA IRQ c0=3
DMA IRQ c1=0
DMA IRQ c2=0
DMA IRQ c3=0
SELECT busy=10091
SELECT w0=10075
SELECT w1=5151
SELECT w2=5822
BUSY TASK ewma=997
DMA IRQ c0=3
DMA IRQ c1=0
DMA IRQ c2=0
DMA IRQ c3=0
SELECT busy=10110
SELECT w0=10095
SELECT w1=5160
SELECT w2=5832
BUSY TASK ewma=997
DMA IRQ c0=3
DMA IRQ c1=0
DMA IRQ c2=0
DMA IRQ c3=0
SELECT busy=10132
SELECT w0=10117
SELECT w1=5170
SELECT w2=5845
BUSY TASK ewma=997
DMA IRQ c0=3
DMA IRQ c1=0
DMA IRQ c2=0
DMA IRQ c3=0
SELECT busy=10153
SELECT w0=10139
SELECT w1=5182
SELECT w2=5857
BUSY TASK ewma=997
DMA IRQ c0=3
DMA IRQ c1=0
DMA IRQ c2=0
DMA IRQ c3=0
SELECT busy=10174
SELECT w0=10159
SELECT w1=5194
SELECT w2=5871
BUSY TASK ewma=997
DMA IRQ c0=3
DMA IRQ c1=0
DMA IRQ c2=0
DMA IRQ c3=0
SELECT busy=10195
SELECT w0=10179
SELECT w1=5201
SELECT w2=5882
BUSY TASK ewma=997
DMA IRQ c0=3
DMA IRQ c1=0
DMA IRQ c2=0
DMA IRQ c3=0
SELECT busy=10208
SELECT w0=10193
SELECT w1=5207
SELECT w2=5890
BUSY TASK ewma=997
DMA IRQ c0=3
DMA IRQ c1=0
DMA IRQ c2=0
DMA IRQ c3=0
SELECT busy=10222
SELECT w0=10206
SELECT w1=5212
SELECT w2=5896
BUSY TASK ewma=997
DMA IRQ c0=3
DMA IRQ c1=0
DMA IRQ c2=0
DMA IRQ c3=0
SELECT busy=10235
SELECT w0=10219
SELECT w1=5220
SELECT w2=5905
BUSY TASK ewma=997
DMA IRQ c0=3
DMA IRQ c1=0
DMA IRQ c2=0
DMA IRQ c3=0
SELECT busy=10253
SELECT w0=10238
SELECT w1=5230
SELECT w2=5916
BUSY TASK ewma=997
DMA IRQ c0=3
DMA IRQ c1=0
DMA IRQ c2=0
DMA IRQ c3=0
SELECT busy=10270
SELECT w0=10255
SELECT w1=5238
SELECT w2=5927
BUSY TASK ewma=997
DMA IRQ c0=3
DMA IRQ c1=0
DMA IRQ c2=0
DMA IRQ c3=0
SELECT busy=10287
SELECT w0=10273
SELECT w1=5247
SELECT w2=5942
BUSY TASK ewma=997
DMA IRQ c0=3
DMA IRQ c1=0
DMA IRQ c2=0
DMA IRQ c3=0
SELECT busy=10317
SELECT w0=10302
SELECT w1=5261
SELECT w2=5959
BUSY TASK ewma=997
DMA IRQ c0=3
DMA IRQ c1=0
DMA IRQ c2=0
DMA IRQ c3=0
SELECT busy=10341
SELECT w0=10325
SELECT w1=5274
SELECT w2=5980
BUSY TASK ewma=997
DMA IRQ c0=3
DMA IRQ c1=0
DMA IRQ c2=0
DMA IRQ c3=0
SELECT busy=10380
SELECT w0=10365
SELECT w1=5289
SELECT w2=6000
BUSY TASK ewma=997
DMA IRQ c0=3
DMA IRQ c1=0
DMA IRQ c2=0
DMA IRQ c3=0
SELECT busy=10414
SELECT w0=10399
SELECT w1=5306
SELECT w2=6023
BUSY TASK ewma=997
DMA IRQ c0=3
DMA IRQ c1=0
DMA IRQ c2=0
DMA IRQ c3=0
SELECT busy=10434
SELECT w0=10418
SELECT w1=5317
SELECT w2=6036
BUSY TASK ewma=997
DMA IRQ c0=3
DMA IRQ c1=0
DMA IRQ c2=0
DMA IRQ c3=0
SELECT busy=10453
SELECT w0=10437
SELECT w1=5323
SELECT w2=6044
BUSY TASK ewma=997
DMA IRQ c0=3
DMA IRQ c1=0
DMA IRQ c2=0
DMA IRQ c3=0
SELECT busy=10472
SELECT w0=10457
SELECT w1=5331
SELECT w2=6057
BUSY TASK ewma=997
DMA IRQ c0=3
DMA IRQ c1=0
DMA IRQ c2=0
DMA IRQ c3=0
SELECT busy=10489
SELECT w0=10474
SELECT w1=5340
SELECT w2=6069
BUSY TASK ewma=997
DMA IRQ c0=3
DMA IRQ c1=0
DMA IRQ c2=0
DMA IRQ c3=0
SELECT busy=10507
SELECT w0=10492
SELECT w1=5348
SELECT w2=6081
BUSY TASK ewma=997
DMA IRQ c0=3
DMA IRQ c1=0
DMA IRQ c2=0
DMA IRQ c3=0
SELECT busy=10522
SELECT w0=10507
SELECT w1=5356
SELECT w2=6090
BUSY TASK ewma=997
DMA IRQ c0=3
DMA IRQ c1=0
DMA IRQ c2=0
DMA IRQ c3=0
SELECT busy=10547
SELECT w0=10531
SELECT w1=5364
SELECT w2=6100
BUSY TASK ewma=997
DMA IRQ c0=3
DMA IRQ c1=0
DMA IRQ c2=0
DMA IRQ c3=0
SELECT busy=10568
SELECT w0=10553
SELECT w1=5375
SELECT w2=6118
BUSY TASK ewma=997
DMA IRQ c0=3
DMA IRQ c1=0
DMA IRQ c2=0
DMA IRQ c3=0
SELECT busy=10589
SELECT w0=10574
SELECT w1=5387
SELECT w2=6135
BUSY TASK ewma=997
DMA IRQ c0=3
DMA IRQ c1=0
DMA IRQ c2=0
DMA IRQ c3=0
SELECT busy=10620
SELECT w0=10604
SELECT w1=5399
SELECT w2=6150
BUSY TASK ewma=997
DMA IRQ c0=3
DMA IRQ c1=0
DMA IRQ c2=0
DMA IRQ c3=0
SELECT busy=10634
SELECT w0=10619
SELECT w1=5407
SELECT w2=6160
BUSY TASK ewma=997
DMA IRQ c0=3
DMA IRQ c1=0
DMA IRQ c2=0
DMA IRQ c3=0
SELECT busy=10653
SELECT w0=10638
SELECT w1=5419
SELECT w2=6174
BUSY TASK ewma=997
DMA IRQ c0=3
DMA IRQ c1=0
DMA IRQ c2=0
DMA IRQ c3=0
SELECT busy=10675
SELECT w0=10660
SELECT w1=5428
SELECT w2=6184
BUSY TASK ewma=997
DMA IRQ c0=3
DMA IRQ c1=0
DMA IRQ c2=0
DMA IRQ c3=0
SELECT busy=10697
SELECT w0=10681
SELECT w1=5435
SELECT w2=6191
BUSY TASK ewma=997
DMA IRQ c0=3
DMA IRQ c1=0
DMA IRQ c2=0
DMA IRQ c3=0
SELECT busy=10716
SELECT w0=10701
SELECT w1=5443
SELECT w2=6202
BUSY TASK ewma=997
DMA IRQ c0=3
DMA IRQ c1=0
DMA IRQ c2=0
DMA IRQ c3=0
SELECT busy=10737
SELECT w0=10721
SELECT w1=5451
SELECT w2=6212
BUSY TASK ewma=997
DMA IRQ c0=3
DMA IRQ c1=0
DMA IRQ c2=0
DMA IRQ c3=0
SELECT busy=10756
SELECT w0=10740
SELECT w1=5456
SELECT w2=6220
BUSY TASK ewma=997
DMA IRQ c0=3
DMA IRQ c1=0
DMA IRQ c2=0
DMA IRQ c3=0
SELECT busy=10779
SELECT w0=10764
SELECT w1=5468
SELECT w2=6234
BUSY TASK ewma=997
DMA IRQ c0=3
DMA IRQ c1=0
DMA IRQ c2=0
DMA IRQ c3=0
SELECT busy=10795
SELECT w0=10780
SELECT w1=5477
SELECT w2=6243
BUSY TASK ewma=997
DMA IRQ c0=3
DMA IRQ c1=0
DMA IRQ c2=0
DMA IRQ c3=0
SELECT busy=10813
SELECT w0=10798
SELECT w1=5485
SELECT w2=6253
BUSY TASK ewma=997
DMA IRQ c0=3
DMA IRQ c1=0
DMA IRQ c2=0
DMA IRQ c3=0
SELECT busy=10835
SELECT w0=10820
SELECT w1=5495
SELECT w2=6267
BUSY TASK ewma=997
DMA IRQ c0=3
DMA IRQ c1=0
DMA IRQ c2=0
DMA IRQ c3=0
SELECT busy=10854
SELECT w0=10839
SELECT w1=5503
SELECT w2=6277
BUSY TASK ewma=997
DMA IRQ c0=3
DMA IRQ c1=0
DMA IRQ c2=0
DMA IRQ c3=0
SELECT busy=10869
SELECT w0=10854
SELECT w1=5510
SELECT w2=6286
BUSY TASK ewma=997
DMA IRQ c0=3
DMA IRQ c1=0
DMA IRQ c2=0
DMA IRQ c3=0
SELECT busy=10883
SELECT w0=10868
SELECT w1=5519
SELECT w2=6295
BUSY TASK ewma=997
DMA IRQ c0=3
DMA IRQ c1=0
DMA IRQ c2=0
DMA IRQ c3=0
SELECT busy=10903
SELECT w0=10888
SELECT w1=5531
SELECT w2=6304
BUSY TASK ewma=997
DMA IRQ c0=3
DMA IRQ c1=0
DMA IRQ c2=0
DMA IRQ c3=0
SELECT busy=10922
SELECT w0=10906
SELECT w1=5537
SELECT w2=6312
BUSY TASK ewma=997
DMA IRQ c0=3
DMA IRQ c1=0
DMA IRQ c2=0
DMA IRQ c3=0
SELECT busy=10936
SELECT w0=10920
SELECT w1=5544
SELECT w2=6320
BUSY TASK ewma=997
DMA IRQ c0=3
DMA IRQ c1=0
DMA IRQ c2=0
DMA IRQ c3=0
SELECT busy=10954
SELECT w0=10939
SELECT w1=5551
SELECT w2=6330
BUSY TASK ewma=997
DMA IRQ c0=3
DMA IRQ c1=0
DMA IRQ c2=0
DMA IRQ c3=0
SELECT busy=10995
SELECT w0=10980
SELECT w1=5572
SELECT w2=6354
BUSY TASK ewma=997
DMA IRQ c0=3
DMA IRQ c1=0
DMA IRQ c2=0
DMA IRQ c3=0
SELECT busy=11012
SELECT w0=10997
SELECT w1=5583
SELECT w2=6368
BUSY TASK ewma=997
DMA IRQ c0=3
DMA IRQ c1=0
DMA IRQ c2=0
DMA IRQ c3=0
SELECT busy=11035
SELECT w0=11020
SELECT w1=5597
SELECT w2=6382
BUSY TASK ewma=997
DMA IRQ c0=3
DMA IRQ c1=0
DMA IRQ c2=0
DMA IRQ c3=0
SELECT busy=11056
SELECT w0=11044
SELECT w1=5609
SELECT w2=6398
BUSY TASK ewma=997
DMA IRQ c0=3
DMA IRQ c1=0
DMA IRQ c2=0
DMA IRQ c3=0
SELECT busy=11079
SELECT w0=11064
SELECT w1=5621
SELECT w2=6411
BUSY TASK ewma=997
DMA IRQ c0=3
DMA IRQ c1=0
DMA IRQ c2=0
DMA IRQ c3=0
SELECT busy=11097
SELECT w0=11082
SELECT w1=5631
SELECT w2=6422
BUSY TASK ewma=997
DMA IRQ c0=3
DMA IRQ c1=0
DMA IRQ c2=0
DMA IRQ c3=0
SELECT busy=11118
SELECT w0=11105
SELECT w1=5642
SELECT w2=6438
BUSY TASK ewma=997
DMA IRQ c0=3
DMA IRQ c1=0
DMA IRQ c2=0
DMA IRQ c3=0
SELECT busy=11134
SELECT w0=11119
SELECT w1=5649
SELECT w2=6448
BUSY TASK ewma=997
DMA IRQ c0=3
DMA IRQ c1=0
DMA IRQ c2=0
DMA IRQ c3=0
SELECT busy=11156
SELECT w0=11140
SELECT w1=5658
SELECT w2=6461
BUSY TASK ewma=997
DMA IRQ c0=3
DMA IRQ c1=0
DMA IRQ c2=0
DMA IRQ c3=0
SELECT busy=11181
SELECT w0=11166
SELECT w1=5668
SELECT w2=6473
BUSY TASK ewma=997
DMA IRQ c0=3
DMA IRQ c1=0
DMA IRQ c2=0
DMA IRQ c3=0
SELECT busy=11212
SELECT w0=11196
SELECT w1=5680
SELECT w2=6489
BUSY TASK ewma=997
DMA IRQ c0=3
DMA IRQ c1=0
DMA IRQ c2=0
DMA IRQ c3=0
SELECT busy=11250
SELECT w0=11235
SELECT w1=5698
SELECT w2=6514
BUSY TASK ewma=997
DMA IRQ c0=3
DMA IRQ c1=0
DMA IRQ c2=0
DMA IRQ c3=0
SELECT busy=11292
SELECT w0=11277
SELECT w1=5717
SELECT w2=6545
BUSY TASK ewma=997
DMA IRQ c0=3
DMA IRQ c1=0
DMA IRQ c2=0
DMA IRQ c3=0
SELECT busy=11322
SELECT w0=11306
SELECT w1=5729
SELECT w2=6558
BUSY TASK ewma=997
DMA IRQ c0=3
DMA IRQ c1=0
DMA IRQ c2=0
DMA IRQ c3=0
SELECT busy=11336
SELECT w0=11320
SELECT w1=5736
SELECT w2=6566
BUSY TASK ewma=997
IRQ counts: cpu0=22681 cpu1=25516 cpu2=25742 cpu3=25619
SCHED secondaries: calls=76882 unexpected=0
SECTEST switches=76856 cpu1=224783553,221171205 cpu2=205374061,201891162 cpu3=280385193,273880498
PINGPONG rounds=2000 pongs=2000
DMA IRQ c0=3
DMA IRQ c1=0
DMA IRQ c2=0
DMA IRQ c3=0
SELECT busy=11363
SELECT w0=11348
SELECT w1=5747
SELECT w2=6582
BUSY TASK ewma=997
DMA IRQ c0=3
DMA IRQ c1=0
DMA IRQ c2=0
DMA IRQ c3=0
SELECT busy=11383
SELECT w0=11368
SELECT w1=5755
SELECT w2=6593
BUSY TASK ewma=997
DMA IRQ c0=3
DMA IRQ c1=0
DMA IRQ c2=0
DMA IRQ c3=0
SELECT busy=11401
SELECT w0=11385
SELECT w1=5763
SELECT w2=6600
BUSY TASK ewma=997
DMA IRQ c0=3
DMA IRQ c1=0
DMA IRQ c2=0
DMA IRQ c3=0
SELECT busy=11423
SELECT w0=11409
SELECT w1=5773
SELECT w2=6611
BUSY TASK ewma=997
DMA IRQ c0=3
DMA IRQ c1=0
DMA IRQ c2=0
DMA IRQ c3=0
SELECT busy=11446
SELECT w0=11430
SELECT w1=5780
SELECT w2=6620
BUSY TASK ewma=997
DMA IRQ c0=3
DMA IRQ c1=0
DMA IRQ c2=0
DMA IRQ c3=0
SELECT busy=11464
SELECT w0=11448
SELECT w1=5785
SELECT w2=6626
BUSY TASK ewma=997
DMA IRQ c0=3
DMA IRQ c1=0
DMA IRQ c2=0
DMA IRQ c3=0
SELECT busy=11483
SELECT w0=11467
SELECT w1=5790
SELECT w2=6633
BUSY TASK ewma=997
DMA IRQ c0=3
DMA IRQ c1=0
DMA IRQ c2=0
DMA IRQ c3=0
SELECT busy=11507
SELECT w0=11492
SELECT w1=5803
SELECT w2=6647
BUSY TASK ewma=997
DMA IRQ c0=3
DMA IRQ c1=0
DMA IRQ c2=0
DMA IRQ c3=0
SELECT busy=11532
SELECT w0=11517
SELECT w1=5814
SELECT w2=6661
BUSY TASK ewma=997
DMA IRQ c0=3
DMA IRQ c1=0
DMA IRQ c2=0
DMA IRQ c3=0
SELECT busy=11548
SELECT w0=11532
SELECT w1=5823
SELECT w2=6672
BUSY TASK ewma=997
DMA IRQ c0=3
DMA IRQ c1=0
DMA IRQ c2=0
DMA IRQ c3=0
SELECT busy=11563
SELECT w0=11548
SELECT w1=5831
SELECT w2=6682
BUSY TASK ewma=997
DMA IRQ c0=3
DMA IRQ c1=0
DMA IRQ c2=0
DMA IRQ c3=0
SELECT busy=11585
SELECT w0=11570
SELECT w1=5845
SELECT w2=6693
BUSY TASK ewma=997
DMA IRQ c0=3
DMA IRQ c1=0
DMA IRQ c2=0
DMA IRQ c3=0
SELECT busy=11607
SELECT w0=11592
SELECT w1=5854
SELECT w2=6706
BUSY TASK ewma=997
DMA IRQ c0=3
DMA IRQ c1=0
DMA IRQ c2=0
DMA IRQ c3=0
SELECT busy=11631
SELECT w0=11615
SELECT w1=5864
SELECT w2=6719
BUSY TASK ewma=997
DMA IRQ c0=3
DMA IRQ c1=0
DMA IRQ c2=0
DMA IRQ c3=0
SELECT busy=11648
SELECT w0=11633
SELECT w1=5871
SELECT w2=6728
BUSY TASK ewma=997
DMA IRQ c0=3
DMA IRQ c1=0
DMA IRQ c2=0
DMA IRQ c3=0
SELECT busy=11663
SELECT w0=11648
SELECT w1=5878
SELECT w2=6740
BUSY TASK ewma=997
DMA IRQ c0=3
DMA IRQ c1=0
DMA IRQ c2=0
DMA IRQ c3=0
SELECT busy=11677
SELECT w0=11662
SELECT w1=5884
SELECT w2=6749
BUSY TASK ewma=997
DMA IRQ c0=3
DMA IRQ c1=0
DMA IRQ c2=0
DMA IRQ c3=0
SELECT busy=11699
SELECT w0=11684
SELECT w1=5894
SELECT w2=6763
BUSY TASK ewma=997
DMA IRQ c0=3
DMA IRQ c1=0
DMA IRQ c2=0
DMA IRQ c3=0
SELECT busy=11718
SELECT w0=11702
SELECT w1=5902
SELECT w2=6772
BUSY TASK ewma=997
DMA IRQ c0=3
DMA IRQ c1=0
DMA IRQ c2=0
DMA IRQ c3=0
SELECT busy=11737
SELECT w0=11721
SELECT w1=5908
SELECT w2=6779
BUSY TASK ewma=997
DMA IRQ c0=3
DMA IRQ c1=0
DMA IRQ c2=0
DMA IRQ c3=0
SELECT busy=11755
SELECT w0=11740
SELECT w1=5915
SELECT w2=6787
BUSY TASK ewma=997
DMA IRQ c0=3
DMA IRQ c1=0
DMA IRQ c2=0
DMA IRQ c3=0
SELECT busy=11781
SELECT w0=11766
SELECT w1=5927
SELECT w2=6802
BUSY TASK ewma=997
DMA IRQ c0=3
DMA IRQ c1=0
DMA IRQ c2=0
DMA IRQ c3=0
SELECT busy=11796
SELECT w0=11780
SELECT w1=5934
SELECT w2=6809
BUSY TASK ewma=997
DMA IRQ c0=3
DMA IRQ c1=0
DMA IRQ c2=0
DMA IRQ c3=0
SELECT busy=11815
SELECT w0=11800
SELECT w1=5946
SELECT w2=6822
BUSY TASK ewma=997
DMA IRQ c0=3
DMA IRQ c1=0
DMA IRQ c2=0
DMA IRQ c3=0
SELECT busy=11841
SELECT w0=11826
SELECT w1=5961
SELECT w2=6838
BUSY TASK ewma=997
DMA IRQ c0=3
DMA IRQ c1=0
DMA IRQ c2=0
DMA IRQ c3=0
SELECT busy=11856
SELECT w0=11840
SELECT w1=5966
SELECT w2=6845
BUSY TASK ewma=997
DMA IRQ c0=3
DMA IRQ c1=0
DMA IRQ c2=0
DMA IRQ c3=0
SELECT busy=11876
SELECT w0=11860
SELECT w1=5972
SELECT w2=6852
BUSY TASK ewma=997
DMA IRQ c0=3
DMA IRQ c1=0
DMA IRQ c2=0
DMA IRQ c3=0
SELECT busy=11894
SELECT w0=11879
SELECT w1=5980
SELECT w2=6861
BUSY TASK ewma=997
DMA IRQ c0=3
DMA IRQ c1=0
DMA IRQ c2=0
DMA IRQ c3=0
SELECT busy=11914
SELECT w0=11899
SELECT w1=5989
SELECT w2=6871
BUSY TASK ewma=997
DMA IRQ c0=3
DMA IRQ c1=0
DMA IRQ c2=0
DMA IRQ c3=0
SELECT busy=11936
SELECT w0=11920
SELECT w1=5997
SELECT w2=6881
BUSY TASK ewma=997
DMA IRQ c0=3
DMA IRQ c1=0
DMA IRQ c2=0
DMA IRQ c3=0
SELECT busy=11954
SELECT w0=11939
SELECT w1=6003
SELECT w2=6889
BUSY TASK ewma=997
DMA IRQ c0=3
DMA IRQ c1=0
DMA IRQ c2=0
DMA IRQ c3=0
SELECT busy=11975
SELECT w0=11960
SELECT w1=6011
SELECT w2=6898
BUSY TASK ewma=997
DMA IRQ c0=3
DMA IRQ c1=0
DMA IRQ c2=0
DMA IRQ c3=0
SELECT busy=11994
SELECT w0=11979
SELECT w1=6023
SELECT w2=6912
BUSY TASK ewma=997
DMA IRQ c0=3
DMA IRQ c1=0
DMA IRQ c2=0
DMA IRQ c3=0
SELECT busy=12013
SELECT w0=11997
SELECT w1=6032
SELECT w2=6923
BUSY TASK ewma=997
DMA IRQ c0=3
DMA IRQ c1=0
DMA IRQ c2=0
DMA IRQ c3=0
SELECT busy=12036
SELECT w0=12021
SELECT w1=6041
SELECT w2=6934
BUSY TASK ewma=997
DMA IRQ c0=3
DMA IRQ c1=0
DMA IRQ c2=0
DMA IRQ c3=0
SELECT busy=12056
SELECT w0=12040
SELECT w1=6050
SELECT w2=6945
BUSY TASK ewma=997
DMA IRQ c0=3
DMA IRQ c1=0
DMA IRQ c2=0
DMA IRQ c3=0
SELECT busy=12075
SELECT w0=12059
SELECT w1=6057
SELECT w2=6953
BUSY TASK ewma=997
DMA IRQ c0=3
DMA IRQ c1=0
DMA IRQ c2=0
DMA IRQ c3=0
SELECT busy=12091
SELECT w0=12076
SELECT w1=6063
SELECT w2=6962
BUSY TASK ewma=997
DMA IRQ c0=3
DMA IRQ c1=0
DMA IRQ c2=0
DMA IRQ c3=0
SELECT busy=12106
SELECT w0=12090
SELECT w1=6069
SELECT w2=6971
BUSY TASK ewma=997
DMA IRQ c0=3
DMA IRQ c1=0
DMA IRQ c2=0
DMA IRQ c3=0
SELECT busy=12123
SELECT w0=12108
SELECT w1=6079
SELECT w2=6984
BUSY TASK ewma=997
DMA IRQ c0=3
DMA IRQ c1=0
DMA IRQ c2=0
DMA IRQ c3=0
SELECT busy=12143
SELECT w0=12128
SELECT w1=6092
SELECT w2=6997
BUSY TASK ewma=997
DMA IRQ c0=3
DMA IRQ c1=0
DMA IRQ c2=0
DMA IRQ c3=0
SELECT busy=12175
SELECT w0=12160
SELECT w1=6108
SELECT w2=7018
BUSY TASK ewma=997
DMA IRQ c0=3
DMA IRQ c1=0
DMA IRQ c2=0
DMA IRQ c3=0
SELECT busy=12219
SELECT w0=12204
SELECT w1=6130
SELECT w2=7047
BUSY TASK ewma=997
DMA IRQ c0=3
DMA IRQ c1=0
DMA IRQ c2=0
DMA IRQ c3=0
SELECT busy=12240
SELECT w0=12225
SELECT w1=6138
SELECT w2=7061
BUSY TASK ewma=997
DMA IRQ c0=3
DMA IRQ c1=0
DMA IRQ c2=0
DMA IRQ c3=0
SELECT busy=12260
SELECT w0=12245
SELECT w1=6148
SELECT w2=7071
BUSY TASK ewma=997
DMA IRQ c0=3
DMA IRQ c1=0
DMA IRQ c2=0
DMA IRQ c3=0
SELECT busy=12280
SELECT w0=12265
SELECT w1=6156
SELECT w2=7081
BUSY TASK ewma=997
DMA IRQ c0=3
DMA IRQ c1=0
DMA IRQ c2=0
DMA IRQ c3=0
SELECT busy=12295
SELECT w0=12279
SELECT w1=6164
SELECT w2=7089
BUSY TASK ewma=997
DMA IRQ c0=3
DMA IRQ c1=0
DMA IRQ c2=0
DMA IRQ c3=0
SELECT busy=12311
SELECT w0=12296
SELECT w1=6172
SELECT w2=7100
BUSY TASK ewma=997
DMA IRQ c0=3
DMA IRQ c1=0
DMA IRQ c2=0
DMA IRQ c3=0
SELECT busy=12330
SELECT w0=12315
SELECT w1=6182
SELECT w2=7110
BUSY TASK ewma=997
DMA IRQ c0=3
DMA IRQ c1=0
DMA IRQ c2=0
DMA IRQ c3=0
SELECT busy=12349
SELECT w0=12334
SELECT w1=6193
SELECT w2=7123
BUSY TASK ewma=997
DMA IRQ c0=3
DMA IRQ c1=0
DMA IRQ c2=0
DMA IRQ c3=0
SELECT busy=12371
SELECT w0=12355
SELECT w1=6203
SELECT w2=7132
BUSY TASK ewma=997
DMA IRQ c0=3
DMA IRQ c1=0
DMA IRQ c2=0
DMA IRQ c3=0
SELECT busy=12404
SELECT w0=12389
SELECT w1=6218
SELECT w2=7150
BUSY TASK ewma=997
DMA IRQ c0=3
DMA IRQ c1=0
DMA IRQ c2=0
DMA IRQ c3=0
SELECT busy=12447
SELECT w0=12431
SELECT w1=6236
SELECT w2=7173
BUSY TASK ewma=997
DMA IRQ c0=3
DMA IRQ c1=0
DMA IRQ c2=0
DMA IRQ c3=0
SELECT busy=12474
SELECT w0=12459
SELECT w1=6249
SELECT w2=7189
BUSY TASK ewma=997
DMA IRQ c0=3
DMA IRQ c1=0
DMA IRQ c2=0
DMA IRQ c3=0
SELECT busy=12507
SELECT w0=12491
SELECT w1=6262
SELECT w2=7203
BUSY TASK ewma=997
DMA IRQ c0=3
DMA IRQ c1=0
DMA IRQ c2=0
DMA IRQ c3=0
SELECT busy=12525
SELECT w0=12509
SELECT w1=6271
SELECT w2=7212
BUSY TASK ewma=997
DMA IRQ c0=3
DMA IRQ c1=0
DMA IRQ c2=0
DMA IRQ c3=0
SELECT busy=12541
SELECT w0=12525
SELECT w1=6278
SELECT w2=7221
BUSY TASK ewma=997
DMA IRQ c0=3
DMA IRQ c1=0
DMA IRQ c2=0
DMA IRQ c3=0
SELECT busy=12559
SELECT w0=12544
SELECT w1=6285
SELECT w2=7230
BUSY TASK ewma=997
DMA IRQ c0=3
DMA IRQ c1=0
DMA IRQ c2=0
DMA IRQ c3=0
SELECT busy=12576
SELECT w0=12561
SELECT w1=6293
SELECT w2=7242
BUSY TASK ewma=997
DMA IRQ c0=3
DMA IRQ c1=0
DMA IRQ c2=0
DMA IRQ c3=0
SELECT busy=12598
SELECT w0=12585
SELECT w1=6304
SELECT w2=7260
BUSY TASK ewma=997
DMA IRQ c0=3
DMA IRQ c1=0
DMA IRQ c2=0
DMA IRQ c3=0
SELECT busy=12620
SELECT w0=12604
SELECT w1=6313
SELECT w2=7272
BUSY TASK ewma=997
DMA IRQ c0=3
DMA IRQ c1=0
DMA IRQ c2=0
DMA IRQ c3=0
SELECT busy=12635
SELECT w0=12619
SELECT w1=6320
SELECT w2=7280
BUSY TASK ewma=997
DMA IRQ c0=3
DMA IRQ c1=0
DMA IRQ c2=0
DMA IRQ c3=0
SELECT busy=12652
SELECT w0=12637
SELECT w1=6330
SELECT w2=7292
BUSY TASK ewma=997
DMA IRQ c0=3
DMA IRQ c1=0
DMA IRQ c2=0
DMA IRQ c3=0
SELECT busy=12669
SELECT w0=12653
SELECT w1=6337
SELECT w2=7303
BUSY TASK ewma=997
IRQ counts: cpu0=25353 cpu1=28543 cpu2=28701 cpu3=28720
SCHED secondaries: calls=85970 unexpected=0
SECTEST switches=85930 cpu1=255558894,253383473 cpu2=234543563,230517003 cpu3=320536594,315345354
PINGPONG rounds=2000 pongs=2000
DMA IRQ c0=3
DMA IRQ c1=0
DMA IRQ c2=0
DMA IRQ c3=0
SELECT busy=12696
SELECT w0=12680
SELECT w1=6351
SELECT w2=7318
BUSY TASK ewma=997
DMA IRQ c0=3
DMA IRQ c1=0
DMA IRQ c2=0
DMA IRQ c3=0
SELECT busy=12713
SELECT w0=12699
SELECT w1=6362
SELECT w2=7330
BUSY TASK ewma=997
DMA IRQ c0=3
DMA IRQ c1=0
DMA IRQ c2=0
DMA IRQ c3=0
SELECT busy=12736
SELECT w0=12722
SELECT w1=6372
SELECT w2=7345
BUSY TASK ewma=997
DMA IRQ c0=3
DMA IRQ c1=0
DMA IRQ c2=0
DMA IRQ c3=0
SELECT busy=12756
SELECT w0=12741
SELECT w1=6380
SELECT w2=7356
BUSY TASK ewma=997
DMA IRQ c0=3
DMA IRQ c1=0
DMA IRQ c2=0
DMA IRQ c3=0
SELECT busy=12770
SELECT w0=12754
SELECT w1=6386
SELECT w2=7364
BUSY TASK ewma=997
DMA IRQ c0=3
DMA IRQ c1=0
DMA IRQ c2=0
DMA IRQ c3=0
SELECT busy=12784
SELECT w0=12769
SELECT w1=6394
SELECT w2=7374
BUSY TASK ewma=997
DMA IRQ c0=3
DMA IRQ c1=0
DMA IRQ c2=0
DMA IRQ c3=0
SELECT busy=12817
SELECT w0=12801
SELECT w1=6407
SELECT w2=7391
BUSY TASK ewma=997
DMA IRQ c0=3
DMA IRQ c1=0
DMA IRQ c2=0
DMA IRQ c3=0
SELECT busy=12846
SELECT w0=12830
SELECT w1=6420
SELECT w2=7407
BUSY TASK ewma=997
DMA IRQ c0=3
DMA IRQ c1=0
DMA IRQ c2=0
DMA IRQ c3=0
SELECT busy=12885
SELECT w0=12870
SELECT w1=6437
SELECT w2=7429
BUSY TASK ewma=997
DMA IRQ c0=3
DMA IRQ c1=0
DMA IRQ c2=0
DMA IRQ c3=0
SELECT busy=12923
SELECT w0=12907
SELECT w1=6453
SELECT w2=7448
BUSY TASK ewma=997
DMA IRQ c0=3
DMA IRQ c1=0
DMA IRQ c2=0
DMA IRQ c3=0
SELECT busy=12953
SELECT w0=12939
SELECT w1=6466
SELECT w2=7465
BUSY TASK ewma=997
DMA IRQ c0=3
DMA IRQ c1=0
DMA IRQ c2=0
DMA IRQ c3=0
SELECT busy=12978
SELECT w0=12963
SELECT w1=6475
SELECT w2=7478
BUSY TASK ewma=997
DMA IRQ c0=3
DMA IRQ c1=0
DMA IRQ c2=0
DMA IRQ c3=0
SELECT busy=13002
SELECT w0=12986
SELECT w1=6485
SELECT w2=7488
BUSY TASK ewma=997
DMA IRQ c0=3
DMA IRQ c1=0
DMA IRQ c2=0
DMA IRQ c3=0
SELECT busy=13018
SELECT w0=13002
SELECT w1=6493
SELECT w2=7497
BUSY TASK ewma=997
DMA IRQ c0=3
DMA IRQ c1=0
DMA IRQ c2=0
DMA IRQ c3=0
SELECT busy=13035
SELECT w0=13019
SELECT w1=6500
SELECT w2=7506
BUSY TASK ewma=997
DMA IRQ c0=3
DMA IRQ c1=0
DMA IRQ c2=0
DMA IRQ c3=0
SELECT busy=13054
SELECT w0=13038
SELECT w1=6507
SELECT w2=7515
BUSY TASK ewma=997
DMA IRQ c0=3
DMA IRQ c1=0
DMA IRQ c2=0
DMA IRQ c3=0
SELECT busy=13070
SELECT w0=13055
SELECT w1=6514
SELECT w2=7525
BUSY TASK ewma=997
DMA IRQ c0=3
DMA IRQ c1=0
DMA IRQ c2=0
DMA IRQ c3=0
SELECT busy=13103
SELECT w0=13088
SELECT w1=6528
SELECT w2=7542
BUSY TASK ewma=997
DMA IRQ c0=3
DMA IRQ c1=0
DMA IRQ c2=0
DMA IRQ c3=0
SELECT busy=13144
SELECT w0=13129
SELECT w1=6543
SELECT w2=7561
BUSY TASK ewma=997
DMA IRQ c0=3
DMA IRQ c1=0
DMA IRQ c2=0
DMA IRQ c3=0
SELECT busy=13174
SELECT w0=13158
SELECT w1=6556
SELECT w2=7577
BUSY TASK ewma=997
DMA IRQ c0=3
DMA IRQ c1=0
DMA IRQ c2=0
DMA IRQ c3=0
SELECT busy=13209
SELECT w0=13194
SELECT w1=6570
SELECT w2=7593
BUSY TASK ewma=997
DMA IRQ c0=3
DMA IRQ c1=0
DMA IRQ c2=0
DMA IRQ c3=0
SELECT busy=13234
SELECT w0=13219
SELECT w1=6583
SELECT w2=7608
BUSY TASK ewma=997
DMA IRQ c0=3
DMA IRQ c1=0
DMA IRQ c2=0
DMA IRQ c3=0
SELECT busy=13254
SELECT w0=13238
SELECT w1=6592
SELECT w2=7618
BUSY TASK ewma=997
DMA IRQ c0=3
DMA IRQ c1=0
DMA IRQ c2=0
DMA IRQ c3=0
SELECT busy=13273
SELECT w0=13257
SELECT w1=6601
SELECT w2=7628
qemu-system-aarch64: terminating on signal 15 from pid 243502 (timeout)
