P4 M7: full integration test boot OK
CPU0: MPIDR_EL1=0x0000000080000000
CPU0: psci_cpu_on target=1 rc=0
CPU1: alive, MPIDR_EL1=0x0000000080000001 this_cpu()->cpu_id=1
CPU0: psci_cpu_on target=2 rc=0
CPU2: alive, MPIDR_EL1=0x0000000080000002 this_cpu()->cpu_id=2
CPU0: psci_cpu_on target=3 rc=0
CPU3: alive, MPIDR_EL1=0x0000000080000003 this_cpu()->cpu_id=3
CPUs online: 4
DMA IRQ target cpu=0
D2b: worker 1 runs on CPU1
D2b: worker 0 runs on CPU0
D2b: worker 2 runs on CPU2
P4 M7: worker submitted cmd_id=1
P4 M7: worker submitted cmd_id=2
P4 M7: worker submitted cmd_id=3
BUSY TASK ewma=997
DMA IRQ c0=0
DMA IRQ c1=0
DMA IRQ c2=0
DMA IRQ c3=0
SELECT busy=33
SELECT w0=4
SELECT w1=7
SELECT w2=5
BUSY TASK ewma=997
DMA IRQ c0=0
DMA IRQ c1=0
DMA IRQ c2=0
DMA IRQ c3=0
SELECT busy=55
SELECT w0=4
SELECT w1=7
SELECT w2=5
P4 M7: worker DATA OK, cmd_id=1
WORKER ewma=831
P4 M7: worker DATA OK, cmd_id=2
P4 M7: worker DATA OK, cmd_id=3
WORKER ewma=881
WORKER ewma=831
BUSY TASK ewma=997
DMA IRQ c0=2
DMA IRQ c1=0
DMA IRQ c2=0
DMA IRQ c3=0
SELECT busy=72
SELECT w0=29
SELECT w1=43
SELECT w2=100
BUSY TASK ewma=997
DMA IRQ c0=2
DMA IRQ c1=0
DMA IRQ c2=0
DMA IRQ c3=0
SELECT busy=86
SELECT w0=43
SELECT w1=66
SELECT w2=120
BUSY TASK ewma=997
DMA IRQ c0=2
DMA IRQ c1=0
DMA IRQ c2=0
DMA IRQ c3=0
SELECT busy=101
SELECT w0=57
SELECT w1=84
SELECT w2=138
BUSY TASK ewma=997
DMA IRQ c0=2
DMA IRQ c1=0
DMA IRQ c2=0
DMA IRQ c3=0
SELECT busy=128
SELECT w0=84
SELECT w1=115
SELECT w2=169
BUSY TASK ewma=997
DMA IRQ c0=2
DMA IRQ c1=0
DMA IRQ c2=0
DMA IRQ c3=0
SELECT busy=162
SELECT w0=119
SELECT w1=156
SELECT w2=212
BUSY TASK ewma=997
DMA IRQ c0=2
DMA IRQ c1=0
DMA IRQ c2=0
DMA IRQ c3=0
SELECT busy=197
SELECT w0=153
SELECT w1=198
SELECT w2=253
BUSY TASK ewma=997
DMA IRQ c0=2
DMA IRQ c1=0
DMA IRQ c2=0
DMA IRQ c3=0
SELECT busy=232
SELECT w0=188
SELECT w1=235
SELECT w2=290
BUSY TASK ewma=997
DMA IRQ c0=2
DMA IRQ c1=0
DMA IRQ c2=0
DMA IRQ c3=0
SELECT busy=266
SELECT w0=223
SELECT w1=266
SELECT w2=317
BUSY TASK ewma=997
DMA IRQ c0=2
DMA IRQ c1=0
DMA IRQ c2=0
DMA IRQ c3=0
SELECT busy=306
SELECT w0=263
SELECT w1=294
SELECT w2=338
BUSY TASK ewma=997
DMA IRQ c0=2
DMA IRQ c1=0
DMA IRQ c2=0
DMA IRQ c3=0
SELECT busy=347
SELECT w0=304
SELECT w1=317
SELECT w2=359
BUSY TASK ewma=997
DMA IRQ c0=2
DMA IRQ c1=0
DMA IRQ c2=0
DMA IRQ c3=0
SELECT busy=388
SELECT w0=345
SELECT w1=339
SELECT w2=381
BUSY TASK ewma=997
DMA IRQ c0=2
DMA IRQ c1=0
DMA IRQ c2=0
DMA IRQ c3=0
SELECT busy=424
SELECT w0=381
SELECT w1=361
SELECT w2=401
BUSY TASK ewma=997
DMA IRQ c0=2
DMA IRQ c1=0
DMA IRQ c2=0
DMA IRQ c3=0
SELECT busy=473
SELECT w0=430
SELECT w1=389
SELECT w2=427
BUSY TASK ewma=997
DMA IRQ c0=2
DMA IRQ c1=0
DMA IRQ c2=0
DMA IRQ c3=0
SELECT busy=505
SELECT w0=461
SELECT w1=404
SELECT w2=443
BUSY TASK ewma=997
DMA IRQ c0=2
DMA IRQ c1=0
DMA IRQ c2=0
DMA IRQ c3=0
SELECT busy=545
SELECT w0=501
SELECT w1=428
SELECT w2=461
BUSY TASK ewma=997
DMA IRQ c0=2
DMA IRQ c1=0
DMA IRQ c2=0
DMA IRQ c3=0
SELECT busy=581
SELECT w0=539
SELECT w1=443
SELECT w2=481
BUSY TASK ewma=997
DMA IRQ c0=2
DMA IRQ c1=0
DMA IRQ c2=0
DMA IRQ c3=0
SELECT busy=600
SELECT w0=557
SELECT w1=456
SELECT w2=492
BUSY TASK ewma=997
DMA IRQ c0=2
DMA IRQ c1=0
DMA IRQ c2=0
DMA IRQ c3=0
SELECT busy=621
SELECT w0=579
SELECT w1=469
SELECT w2=508
BUSY TASK ewma=997
DMA IRQ c0=2
DMA IRQ c1=0
DMA IRQ c2=0
DMA IRQ c3=0
SELECT busy=659
SELECT w0=619
SELECT w1=492
SELECT w2=536
BUSY TASK ewma=997
DMA IRQ c0=2
DMA IRQ c1=0
DMA IRQ c2=0
DMA IRQ c3=0
SELECT busy=681
SELECT w0=637
SELECT w1=502
SELECT w2=547
BUSY TASK ewma=997
DMA IRQ c0=2
DMA IRQ c1=0
DMA IRQ c2=0
DMA IRQ c3=0
SELECT busy=714
SELECT w0=670
SELECT w1=518
SELECT w2=567
BUSY TASK ewma=997
DMA IRQ c0=2
DMA IRQ c1=0
DMA IRQ c2=0
DMA IRQ c3=0
SELECT busy=748
SELECT w0=706
SELECT w1=542
SELECT w2=589
BUSY TASK ewma=997
DMA IRQ c0=2
DMA IRQ c1=0
DMA IRQ c2=0
DMA IRQ c3=0
SELECT busy=787
SELECT w0=745
SELECT w1=567
SELECT w2=608
BUSY TASK ewma=997
DMA IRQ c0=2
DMA IRQ c1=0
DMA IRQ c2=0
DMA IRQ c3=0
SELECT busy=817
SELECT w0=774
SELECT w1=584
SELECT w2=627
BUSY TASK ewma=997
DMA IRQ c0=2
DMA IRQ c1=0
DMA IRQ c2=0
DMA IRQ c3=0
SELECT busy=856
SELECT w0=812
SELECT w1=601
SELECT w2=646
BUSY TASK ewma=997
DMA IRQ c0=2
DMA IRQ c1=0
DMA IRQ c2=0
DMA IRQ c3=0
SELECT busy=890
SELECT w0=846
SELECT w1=623
SELECT w2=665
BUSY TASK ewma=997
DMA IRQ c0=2
DMA IRQ c1=0
DMA IRQ c2=0
DMA IRQ c3=0
SELECT busy=923
SELECT w0=879
SELECT w1=641
SELECT w2=683
BUSY TASK ewma=997
DMA IRQ c0=2
DMA IRQ c1=0
DMA IRQ c2=0
DMA IRQ c3=0
SELECT busy=956
SELECT w0=912
SELECT w1=659
SELECT w2=701
BUSY TASK ewma=997
DMA IRQ c0=2
DMA IRQ c1=0
DMA IRQ c2=0
DMA IRQ c3=0
SELECT busy=986
SELECT w0=943
SELECT w1=676
SELECT w2=726
BUSY TASK ewma=997
DMA IRQ c0=2
DMA IRQ c1=0
DMA IRQ c2=0
DMA IRQ c3=0
SELECT busy=1007
SELECT w0=965
SELECT w1=692
SELECT w2=743
BUSY TASK ewma=997
DMA IRQ c0=2
DMA IRQ c1=0
DMA IRQ c2=0
DMA IRQ c3=0
SELECT busy=1031
SELECT w0=988
SELECT w1=706
SELECT w2=756
BUSY TASK ewma=997
DMA IRQ c0=2
DMA IRQ c1=0
DMA IRQ c2=0
DMA IRQ c3=0
SELECT busy=1053
SELECT w0=1009
SELECT w1=715
SELECT w2=764
BUSY TASK ewma=997
DMA IRQ c0=2
DMA IRQ c1=0
DMA IRQ c2=0
DMA IRQ c3=0
SELECT busy=1074
SELECT w0=1031
SELECT w1=727
SELECT w2=776
BUSY TASK ewma=997
DMA IRQ c0=2
DMA IRQ c1=0
DMA IRQ c2=0
DMA IRQ c3=0
SELECT busy=1091
SELECT w0=1048
SELECT w1=741
SELECT w2=794
BUSY TASK ewma=997
DMA IRQ c0=2
DMA IRQ c1=0
DMA IRQ c2=0
DMA IRQ c3=0
SELECT busy=1115
SELECT w0=1071
SELECT w1=754
SELECT w2=807
BUSY TASK ewma=997
DMA IRQ c0=2
DMA IRQ c1=0
DMA IRQ c2=0
DMA IRQ c3=0
SELECT busy=1130
SELECT w0=1086
SELECT w1=762
SELECT w2=816
BUSY TASK ewma=997
DMA IRQ c0=2
DMA IRQ c1=0
DMA IRQ c2=0
DMA IRQ c3=0
SELECT busy=1151
SELECT w0=1107
SELECT w1=774
SELECT w2=829
BUSY TASK ewma=997
DMA IRQ c0=2
DMA IRQ c1=0
DMA IRQ c2=0
DMA IRQ c3=0
SELECT busy=1173
SELECT w0=1130
SELECT w1=788
SELECT w2=844
BUSY TASK ewma=997
DMA IRQ c0=2
DMA IRQ c1=0
DMA IRQ c2=0
DMA IRQ c3=0
SELECT busy=1190
SELECT w0=1147
SELECT w1=796
SELECT w2=853
BUSY TASK ewma=997
DMA IRQ c0=2
DMA IRQ c1=0
DMA IRQ c2=0
DMA IRQ c3=0
SELECT busy=1214
SELECT w0=1171
SELECT w1=806
SELECT w2=866
BUSY TASK ewma=997
DMA IRQ c0=2
DMA IRQ c1=0
DMA IRQ c2=0
DMA IRQ c3=0
SELECT busy=1231
SELECT w0=1188
SELECT w1=816
SELECT w2=877
BUSY TASK ewma=997
DMA IRQ c0=2
DMA IRQ c1=0
DMA IRQ c2=0
DMA IRQ c3=0
SELECT busy=1260
SELECT w0=1217
SELECT w1=835
SELECT w2=891
BUSY TASK ewma=997
DMA IRQ c0=2
DMA IRQ c1=0
DMA IRQ c2=0
DMA IRQ c3=0
SELECT busy=1303
SELECT w0=1260
SELECT w1=867
SELECT w2=917
BUSY TASK ewma=997
DMA IRQ c0=2
DMA IRQ c1=0
DMA IRQ c2=0
DMA IRQ c3=0
SELECT busy=1335
SELECT w0=1293
SELECT w1=885
SELECT w2=934
BUSY TASK ewma=997
DMA IRQ c0=2
DMA IRQ c1=0
DMA IRQ c2=0
DMA IRQ c3=0
SELECT busy=1380
SELECT w0=1337
SELECT w1=916
SELECT w2=962
BUSY TASK ewma=997
DMA IRQ c0=2
DMA IRQ c1=0
DMA IRQ c2=0
DMA IRQ c3=0
SELECT busy=1413
SELECT w0=1370
SELECT w1=937
SELECT w2=982
BUSY TASK ewma=997
DMA IRQ c0=2
DMA IRQ c1=0
DMA IRQ c2=0
DMA IRQ c3=0
SELECT busy=1456
SELECT w0=1413
SELECT w1=957
SELECT w2=1005
BUSY TASK ewma=997
DMA IRQ c0=2
DMA IRQ c1=0
DMA IRQ c2=0
DMA IRQ c3=0
SELECT busy=1488
SELECT w0=1445
SELECT w1=974
SELECT w2=1023
BUSY TASK ewma=997
DMA IRQ c0=2
DMA IRQ c1=0
DMA IRQ c2=0
DMA IRQ c3=0
SELECT busy=1515
SELECT w0=1471
SELECT w1=988
SELECT w2=1037
BUSY TASK ewma=997
DMA IRQ c0=2
DMA IRQ c1=0
DMA IRQ c2=0
DMA IRQ c3=0
SELECT busy=1538
SELECT w0=1495
SELECT w1=1004
SELECT w2=1054
BUSY TASK ewma=997
DMA IRQ c0=2
DMA IRQ c1=0
DMA IRQ c2=0
DMA IRQ c3=0
SELECT busy=1555
SELECT w0=1512
SELECT w1=1014
SELECT w2=1065
BUSY TASK ewma=997
DMA IRQ c0=2
DMA IRQ c1=0
DMA IRQ c2=0
DMA IRQ c3=0
SELECT busy=1585
SELECT w0=1542
SELECT w1=1029
SELECT w2=1081
BUSY TASK ewma=997
DMA IRQ c0=2
DMA IRQ c1=0
DMA IRQ c2=0
DMA IRQ c3=0
SELECT busy=1608
SELECT w0=1566
SELECT w1=1042
SELECT w2=1095
BUSY TASK ewma=997
DMA IRQ c0=2
DMA IRQ c1=0
DMA IRQ c2=0
DMA IRQ c3=0
SELECT busy=1624
SELECT w0=1580
SELECT w1=1051
SELECT w2=1101
BUSY TASK ewma=997
DMA IRQ c0=2
DMA IRQ c1=0
DMA IRQ c2=0
DMA IRQ c3=0
SELECT busy=1635
SELECT w0=1591
SELECT w1=1059
SELECT w2=1110
BUSY TASK ewma=997
DMA IRQ c0=2
DMA IRQ c1=0
DMA IRQ c2=0
DMA IRQ c3=0
SELECT busy=1675
SELECT w0=1631
SELECT w1=1078
SELECT w2=1128
BUSY TASK ewma=997
DMA IRQ c0=2
DMA IRQ c1=0
DMA IRQ c2=0
DMA IRQ c3=0
SELECT busy=1708
SELECT w0=1664
SELECT w1=1093
SELECT w2=1143
BUSY TASK ewma=997
DMA IRQ c0=2
DMA IRQ c1=0
DMA IRQ c2=0
DMA IRQ c3=0
SELECT busy=1744
SELECT w0=1700
SELECT w1=1112
SELECT w2=1158
BUSY TASK ewma=997
DMA IRQ c0=2
DMA IRQ c1=0
DMA IRQ c2=0
DMA IRQ c3=0
SELECT busy=1776
SELECT w0=1732
SELECT w1=1128
SELECT w2=1174
BUSY TASK ewma=997
DMA IRQ c0=2
DMA IRQ c1=0
DMA IRQ c2=0
DMA IRQ c3=0
SELECT busy=1808
SELECT w0=1764
SELECT w1=1146
SELECT w2=1190
BUSY TASK ewma=997
DMA IRQ c0=2
DMA IRQ c1=0
DMA IRQ c2=0
DMA IRQ c3=0
SELECT busy=1834
SELECT w0=1790
SELECT w1=1155
SELECT w2=1200
BUSY TASK ewma=997
IRQ counts: cpu0=3689 cpu1=4127 cpu2=4153 cpu3=4024
SCHED secondaries: calls=12323 unexpected=0
SECTEST switches=12302 cpu1=32307871,33808031 cpu2=27005662,25866181 cpu3=40566567,37035119
PINGPONG rounds=975 pongs=976
DMA IRQ c0=2
DMA IRQ c1=0
DMA IRQ c2=0
DMA IRQ c3=0
SELECT busy=1881
SELECT w0=1837
SELECT w1=1180
SELECT w2=1224
BUSY TASK ewma=997
DMA IRQ c0=2
DMA IRQ c1=0
DMA IRQ c2=0
DMA IRQ c3=0
SELECT busy=1917
SELECT w0=1874
SELECT w1=1197
SELECT w2=1242
BUSY TASK ewma=997
DMA IRQ c0=2
DMA IRQ c1=0
DMA IRQ c2=0
DMA IRQ c3=0
SELECT busy=1949
SELECT w0=1905
SELECT w1=1212
SELECT w2=1259
BUSY TASK ewma=997
DMA IRQ c0=2
DMA IRQ c1=0
DMA IRQ c2=0
DMA IRQ c3=0
SELECT busy=1982
SELECT w0=1938
SELECT w1=1232
SELECT w2=1273
BUSY TASK ewma=997
DMA IRQ c0=2
DMA IRQ c1=0
DMA IRQ c2=0
DMA IRQ c3=0
SELECT busy=2014
SELECT w0=1971
SELECT w1=1249
SELECT w2=1287
BUSY TASK ewma=997
DMA IRQ c0=2
DMA IRQ c1=0
DMA IRQ c2=0
DMA IRQ c3=0
SELECT busy=2036
SELECT w0=1992
SELECT w1=1260
SELECT w2=1298
BUSY TASK ewma=997
DMA IRQ c0=2
DMA IRQ c1=0
DMA IRQ c2=0
DMA IRQ c3=0
SELECT busy=2057
SELECT w0=2014
SELECT w1=1276
SELECT w2=1311
BUSY TASK ewma=997
DMA IRQ c0=2
DMA IRQ c1=0
DMA IRQ c2=0
DMA IRQ c3=0
SELECT busy=2100
SELECT w0=2057
SELECT w1=1305
SELECT w2=1345
BUSY TASK ewma=997
DMA IRQ c0=2
DMA IRQ c1=0
DMA IRQ c2=0
DMA IRQ c3=0
SELECT busy=2138
SELECT w0=2095
SELECT w1=1325
SELECT w2=1371
BUSY TASK ewma=997
DMA IRQ c0=2
DMA IRQ c1=0
DMA IRQ c2=0
DMA IRQ c3=0
SELECT busy=2157
SELECT w0=2115
SELECT w1=1344
SELECT w2=1388
BUSY TASK ewma=997
DMA IRQ c0=2
DMA IRQ c1=0
DMA IRQ c2=0
DMA IRQ c3=0
SELECT busy=2189
SELECT w0=2146
SELECT w1=1362
SELECT w2=1405
BUSY TASK ewma=997
DMA IRQ c0=2
DMA IRQ c1=0
DMA IRQ c2=0
DMA IRQ c3=0
SELECT busy=2212
SELECT w0=2168
SELECT w1=1374
SELECT w2=1421
BUSY TASK ewma=997
DMA IRQ c0=2
DMA IRQ c1=0
DMA IRQ c2=0
DMA IRQ c3=0
SELECT busy=2231
SELECT w0=2188
SELECT w1=1388
SELECT w2=1436
BUSY TASK ewma=997
DMA IRQ c0=2
DMA IRQ c1=0
DMA IRQ c2=0
DMA IRQ c3=0
SELECT busy=2249
SELECT w0=2205
SELECT w1=1397
SELECT w2=1447
BUSY TASK ewma=997
DMA IRQ c0=2
DMA IRQ c1=0
DMA IRQ c2=0
DMA IRQ c3=0
SELECT busy=2264
SELECT w0=2221
SELECT w1=1407
SELECT w2=1457
BUSY TASK ewma=997
DMA IRQ c0=2
DMA IRQ c1=0
DMA IRQ c2=0
DMA IRQ c3=0
SELECT busy=2280
SELECT w0=2237
SELECT w1=1418
SELECT w2=1467
BUSY TASK ewma=997
DMA IRQ c0=2
DMA IRQ c1=0
DMA IRQ c2=0
DMA IRQ c3=0
SELECT busy=2298
SELECT w0=2254
SELECT w1=1426
SELECT w2=1477
BUSY TASK ewma=997
DMA IRQ c0=2
DMA IRQ c1=0
DMA IRQ c2=0
DMA IRQ c3=0
SELECT busy=2317
SELECT w0=2273
SELECT w1=1439
SELECT w2=1489
BUSY TASK ewma=997
DMA IRQ c0=2
DMA IRQ c1=0
DMA IRQ c2=0
DMA IRQ c3=0
SELECT busy=2332
SELECT w0=2289
SELECT w1=1447
SELECT w2=1497
BUSY TASK ewma=997
DMA IRQ c0=2
DMA IRQ c1=0
DMA IRQ c2=0
DMA IRQ c3=0
SELECT busy=2348
SELECT w0=2305
SELECT w1=1456
SELECT w2=1509
BUSY TASK ewma=997
DMA IRQ c0=2
DMA IRQ c1=0
DMA IRQ c2=0
DMA IRQ c3=0
SELECT busy=2367
SELECT w0=2324
SELECT w1=1468
SELECT w2=1522
BUSY TASK ewma=997
DMA IRQ c0=2
DMA IRQ c1=0
DMA IRQ c2=0
DMA IRQ c3=0
SELECT busy=2384
SELECT w0=2341
SELECT w1=1478
SELECT w2=1532
BUSY TASK ewma=997
DMA IRQ c0=2
DMA IRQ c1=0
DMA IRQ c2=0
DMA IRQ c3=0
SELECT busy=2406
SELECT w0=2365
SELECT w1=1493
SELECT w2=1544
BUSY TASK ewma=997
DMA IRQ c0=2
DMA IRQ c1=0
DMA IRQ c2=0
DMA IRQ c3=0
SELECT busy=2428
SELECT w0=2384
SELECT w1=1499
SELECT w2=1550
BUSY TASK ewma=997
DMA IRQ c0=2
DMA IRQ c1=0
DMA IRQ c2=0
DMA IRQ c3=0
SELECT busy=2450
SELECT w0=2407
SELECT w1=1515
SELECT w2=1565
BUSY TASK ewma=997
DMA IRQ c0=2
DMA IRQ c1=0
DMA IRQ c2=0
DMA IRQ c3=0
SELECT busy=2467
SELECT w0=2425
SELECT w1=1527
SELECT w2=1577
BUSY TASK ewma=997
DMA IRQ c0=2
DMA IRQ c1=0
DMA IRQ c2=0
DMA IRQ c3=0
SELECT busy=2486
SELECT w0=2443
SELECT w1=1539
SELECT w2=1589
BUSY TASK ewma=997
DMA IRQ c0=2
DMA IRQ c1=0
DMA IRQ c2=0
DMA IRQ c3=0
SELECT busy=2504
SELECT w0=2461
SELECT w1=1546
SELECT w2=1597
BUSY TASK ewma=997
DMA IRQ c0=2
DMA IRQ c1=0
DMA IRQ c2=0
DMA IRQ c3=0
SELECT busy=2524
SELECT w0=2481
SELECT w1=1555
SELECT w2=1608
BUSY TASK ewma=997
DMA IRQ c0=2
DMA IRQ c1=0
DMA IRQ c2=0
DMA IRQ c3=0
SELECT busy=2549
SELECT w0=2506
SELECT w1=1571
SELECT w2=1625
BUSY TASK ewma=997
DMA IRQ c0=2
DMA IRQ c1=0
DMA IRQ c2=0
DMA IRQ c3=0
SELECT busy=2581
SELECT w0=2537
SELECT w1=1585
SELECT w2=1638
BUSY TASK ewma=997
DMA IRQ c0=2
DMA IRQ c1=0
DMA IRQ c2=0
DMA IRQ c3=0
SELECT busy=2610
SELECT w0=2567
SELECT w1=1598
SELECT w2=1653
BUSY TASK ewma=997
DMA IRQ c0=2
DMA IRQ c1=0
DMA IRQ c2=0
DMA IRQ c3=0
SELECT busy=2639
SELECT w0=2597
SELECT w1=1615
SELECT w2=1670
BUSY TASK ewma=997
DMA IRQ c0=2
DMA IRQ c1=0
DMA IRQ c2=0
DMA IRQ c3=0
SELECT busy=2674
SELECT w0=2631
SELECT w1=1636
SELECT w2=1691
BUSY TASK ewma=997
DMA IRQ c0=2
DMA IRQ c1=0
DMA IRQ c2=0
DMA IRQ c3=0
SELECT busy=2704
SELECT w0=2660
SELECT w1=1649
SELECT w2=1704
BUSY TASK ewma=997
DMA IRQ c0=2
DMA IRQ c1=0
DMA IRQ c2=0
DMA IRQ c3=0
SELECT busy=2741
SELECT w0=2697
SELECT w1=1668
SELECT w2=1725
BUSY TASK ewma=997
DMA IRQ c0=2
DMA IRQ c1=0
DMA IRQ c2=0
DMA IRQ c3=0
SELECT busy=2777
SELECT w0=2734
SELECT w1=1687
SELECT w2=1747
BUSY TASK ewma=997
DMA IRQ c0=2
DMA IRQ c1=0
DMA IRQ c2=0
DMA IRQ c3=0
SELECT busy=2801
SELECT w0=2758
SELECT w1=1701
SELECT w2=1760
BUSY TASK ewma=997
DMA IRQ c0=2
DMA IRQ c1=0
DMA IRQ c2=0
DMA IRQ c3=0
SELECT busy=2819
SELECT w0=2775
SELECT w1=1713
SELECT w2=1770
BUSY TASK ewma=997
DMA IRQ c0=2
DMA IRQ c1=0
DMA IRQ c2=0
DMA IRQ c3=0
SELECT busy=2846
SELECT w0=2802
SELECT w1=1722
SELECT w2=1780
BUSY TASK ewma=997
DMA IRQ c0=2
DMA IRQ c1=0
DMA IRQ c2=0
DMA IRQ c3=0
SELECT busy=2878
SELECT w0=2836
SELECT w1=1746
SELECT w2=1804
BUSY TASK ewma=997
DMA IRQ c0=2
DMA IRQ c1=0
DMA IRQ c2=0
DMA IRQ c3=0
SELECT busy=2916
SELECT w0=2873
SELECT w1=1765
SELECT w2=1826
BUSY TASK ewma=997
DMA IRQ c0=2
DMA IRQ c1=0
DMA IRQ c2=0
DMA IRQ c3=0
SELECT busy=2954
SELECT w0=2910
SELECT w1=1787
SELECT w2=1845
BUSY TASK ewma=997
DMA IRQ c0=2
DMA IRQ c1=0
DMA IRQ c2=0
DMA IRQ c3=0
SELECT busy=2986
SELECT w0=2943
SELECT w1=1805
SELECT w2=1866
BUSY TASK ewma=997
DMA IRQ c0=2
DMA IRQ c1=0
DMA IRQ c2=0
DMA IRQ c3=0
SELECT busy=3010
SELECT w0=2967
SELECT w1=1820
SELECT w2=1880
BUSY TASK ewma=997
DMA IRQ c0=2
DMA IRQ c1=0
DMA IRQ c2=0
DMA IRQ c3=0
SELECT busy=3044
SELECT w0=3000
SELECT w1=1832
SELECT w2=1896
BUSY TASK ewma=997
DMA IRQ c0=2
DMA IRQ c1=0
DMA IRQ c2=0
DMA IRQ c3=0
SELECT busy=3075
SELECT w0=3032
SELECT w1=1849
SELECT w2=1914
BUSY TASK ewma=997
DMA IRQ c0=2
DMA IRQ c1=0
DMA IRQ c2=0
DMA IRQ c3=0
SELECT busy=3091
SELECT w0=3048
SELECT w1=1860
SELECT w2=1925
BUSY TASK ewma=997
DMA IRQ c0=2
DMA IRQ c1=0
DMA IRQ c2=0
DMA IRQ c3=0
SELECT busy=3108
SELECT w0=3065
SELECT w1=1870
SELECT w2=1936
BUSY TASK ewma=997
DMA IRQ c0=2
DMA IRQ c1=0
DMA IRQ c2=0
DMA IRQ c3=0
SELECT busy=3136
SELECT w0=3092
SELECT w1=1885
SELECT w2=1951
BUSY TASK ewma=997
DMA IRQ c0=2
DMA IRQ c1=0
DMA IRQ c2=0
DMA IRQ c3=0
SELECT busy=3155
SELECT w0=3111
SELECT w1=1894
SELECT w2=1959
BUSY TASK ewma=997
DMA IRQ c0=2
DMA IRQ c1=0
DMA IRQ c2=0
DMA IRQ c3=0
SELECT busy=3174
SELECT w0=3131
SELECT w1=1904
SELECT w2=1968
BUSY TASK ewma=997
DMA IRQ c0=2
DMA IRQ c1=0
DMA IRQ c2=0
DMA IRQ c3=0
SELECT busy=3191
SELECT w0=3148
SELECT w1=1912
SELECT w2=1975
BUSY TASK ewma=997
DMA IRQ c0=2
DMA IRQ c1=0
DMA IRQ c2=0
DMA IRQ c3=0
SELECT busy=3209
SELECT w0=3166
SELECT w1=1924
SELECT w2=1989
BUSY TASK ewma=997
DMA IRQ c0=2
DMA IRQ c1=0
DMA IRQ c2=0
DMA IRQ c3=0
SELECT busy=3227
SELECT w0=3183
SELECT w1=1936
SELECT w2=2000
BUSY TASK ewma=997
DMA IRQ c0=2
DMA IRQ c1=0
DMA IRQ c2=0
DMA IRQ c3=0
SELECT busy=3245
SELECT w0=3201
SELECT w1=1941
SELECT w2=2007
BUSY TASK ewma=997
DMA IRQ c0=2
DMA IRQ c1=0
DMA IRQ c2=0
DMA IRQ c3=0
SELECT busy=3261
SELECT w0=3218
SELECT w1=1947
SELECT w2=2015
BUSY TASK ewma=997
DMA IRQ c0=2
DMA IRQ c1=0
DMA IRQ c2=0
DMA IRQ c3=0
SELECT busy=3276
SELECT w0=3232
SELECT w1=1954
SELECT w2=2025
BUSY TASK ewma=997
DMA IRQ c0=2
DMA IRQ c1=0
DMA IRQ c2=0
DMA IRQ c3=0
SELECT busy=3292
SELECT w0=3248
SELECT w1=1962
SELECT w2=2034
BUSY TASK ewma=997
DMA IRQ c0=2
DMA IRQ c1=0
DMA IRQ c2=0
DMA IRQ c3=0
SELECT busy=3307
SELECT w0=3264
SELECT w1=1969
SELECT w2=2042
BUSY TASK ewma=997
DMA IRQ c0=2
DMA IRQ c1=0
DMA IRQ c2=0
DMA IRQ c3=0
SELECT busy=3331
SELECT w0=3287
SELECT w1=1980
SELECT w2=2054
BUSY TASK ewma=997
DMA IRQ c0=2
DMA IRQ c1=0
DMA IRQ c2=0
DMA IRQ c3=0
SELECT busy=3351
SELECT w0=3308
SELECT w1=1991
SELECT w2=2065
BUSY TASK ewma=997
DMA IRQ c0=2
DMA IRQ c1=0
DMA IRQ c2=0
DMA IRQ c3=0
SELECT busy=3372
SELECT w0=3328
SELECT w1=2001
SELECT w2=2076
BUSY TASK ewma=997
DMA IRQ c0=2
DMA IRQ c1=0
DMA IRQ c2=0
DMA IRQ c3=0
SELECT busy=3388
SELECT w0=3344
SELECT w1=2010
SELECT w2=2085
BUSY TASK ewma=997
IRQ counts: cpu0=6759 cpu1=7562 cpu2=7711 cpu3=7589
SCHED secondaries: calls=22872 unexpected=0
SECTEST switches=22870 cpu1=74381681,73880710 cpu2=56813418,55721221 cpu3=82958086,78766287
PINGPONG rounds=1620 pongs=1622
DMA IRQ c0=2
DMA IRQ c1=0
DMA IRQ c2=0
DMA IRQ c3=0
SELECT busy=3419
SELECT w0=3377
SELECT w1=2037
SELECT w2=2113
BUSY TASK ewma=997
DMA IRQ c0=2
DMA IRQ c1=0
DMA IRQ c2=0
DMA IRQ c3=0
SELECT busy=3439
SELECT w0=3396
SELECT w1=2048
SELECT w2=2124
BUSY TASK ewma=997
DMA IRQ c0=2
DMA IRQ c1=0
DMA IRQ c2=0
DMA IRQ c3=0
SELECT busy=3460
SELECT w0=3417
SELECT w1=2060
SELECT w2=2138
BUSY TASK ewma=997
DMA IRQ c0=2
DMA IRQ c1=0
DMA IRQ c2=0
DMA IRQ c3=0
SELECT busy=3479
SELECT w0=3436
SELECT w1=2072
SELECT w2=2147
BUSY TASK ewma=997
DMA IRQ c0=2
DMA IRQ c1=0
DMA IRQ c2=0
DMA IRQ c3=0
SELECT busy=3508
SELECT w0=3465
SELECT w1=2089
SELECT w2=2161
BUSY TASK ewma=997
DMA IRQ c0=2
DMA IRQ c1=0
DMA IRQ c2=0
DMA IRQ c3=0
SELECT busy=3540
SELECT w0=3497
SELECT w1=2103
SELECT w2=2177
BUSY TASK ewma=997
DMA IRQ c0=2
DMA IRQ c1=0
DMA IRQ c2=0
DMA IRQ c3=0
SELECT busy=3574
SELECT w0=3531
SELECT w1=2123
SELECT w2=2197
BUSY TASK ewma=997
DMA IRQ c0=2
DMA IRQ c1=0
DMA IRQ c2=0
DMA IRQ c3=0
SELECT busy=3604
SELECT w0=3560
SELECT w1=2135
SELECT w2=2211
BUSY TASK ewma=997
DMA IRQ c0=2
DMA IRQ c1=0
DMA IRQ c2=0
DMA IRQ c3=0
SELECT busy=3634
SELECT w0=3591
SELECT w1=2149
SELECT w2=2224
BUSY TASK ewma=997
DMA IRQ c0=2
DMA IRQ c1=0
DMA IRQ c2=0
DMA IRQ c3=0
SELECT busy=3668
SELECT w0=3625
SELECT w1=2168
SELECT w2=2242
BUSY TASK ewma=997
DMA IRQ c0=2
DMA IRQ c1=0
DMA IRQ c2=0
DMA IRQ c3=0
SELECT busy=3690
SELECT w0=3646
SELECT w1=2179
SELECT w2=2253
BUSY TASK ewma=997
DMA IRQ c0=2
DMA IRQ c1=0
DMA IRQ c2=0
DMA IRQ c3=0
SELECT busy=3708
SELECT w0=3665
SELECT w1=2190
SELECT w2=2270
BUSY TASK ewma=997
DMA IRQ c0=2
DMA IRQ c1=0
DMA IRQ c2=0
DMA IRQ c3=0
SELECT busy=3727
SELECT w0=3684
SELECT w1=2199
SELECT w2=2280
BUSY TASK ewma=997
DMA IRQ c0=2
DMA IRQ c1=0
DMA IRQ c2=0
DMA IRQ c3=0
SELECT busy=3744
SELECT w0=3701
SELECT w1=2208
SELECT w2=2291
BUSY TASK ewma=997
DMA IRQ c0=2
DMA IRQ c1=0
DMA IRQ c2=0
DMA IRQ c3=0
SELECT busy=3764
SELECT w0=3722
SELECT w1=2220
SELECT w2=2303
BUSY TASK ewma=997
DMA IRQ c0=2
DMA IRQ c1=0
DMA IRQ c2=0
DMA IRQ c3=0
SELECT busy=3784
SELECT w0=3741
SELECT w1=2229
SELECT w2=2318
BUSY TASK ewma=997
DMA IRQ c0=2
DMA IRQ c1=0
DMA IRQ c2=0
DMA IRQ c3=0
SELECT busy=3799
SELECT w0=3756
SELECT w1=2238
SELECT w2=2327
BUSY TASK ewma=997
DMA IRQ c0=2
DMA IRQ c1=0
DMA IRQ c2=0
DMA IRQ c3=0
SELECT busy=3817
SELECT w0=3774
SELECT w1=2249
SELECT w2=2342
BUSY TASK ewma=997
DMA IRQ c0=2
DMA IRQ c1=0
DMA IRQ c2=0
DMA IRQ c3=0
SELECT busy=3835
SELECT w0=3796
SELECT w1=2264
SELECT w2=2356
BUSY TASK ewma=997
DMA IRQ c0=2
DMA IRQ c1=0
DMA IRQ c2=0
DMA IRQ c3=0
SELECT busy=3857
SELECT w0=3814
SELECT w1=2273
SELECT w2=2367
BUSY TASK ewma=997
DMA IRQ c0=2
DMA IRQ c1=0
DMA IRQ c2=0
DMA IRQ c3=0
SELECT busy=3883
SELECT w0=3841
SELECT w1=2287
SELECT w2=2381
BUSY TASK ewma=997
DMA IRQ c0=2
DMA IRQ c1=0
DMA IRQ c2=0
DMA IRQ c3=0
SELECT busy=3916
SELECT w0=3875
SELECT w1=2308
SELECT w2=2399
BUSY TASK ewma=997
DMA IRQ c0=2
DMA IRQ c1=0
DMA IRQ c2=0
DMA IRQ c3=0
SELECT busy=3943
SELECT w0=3899
SELECT w1=2319
SELECT w2=2409
BUSY TASK ewma=997
DMA IRQ c0=2
DMA IRQ c1=0
DMA IRQ c2=0
DMA IRQ c3=0
SELECT busy=3976
SELECT w0=3932
SELECT w1=2334
SELECT w2=2429
BUSY TASK ewma=997
DMA IRQ c0=2
DMA IRQ c1=0
DMA IRQ c2=0
DMA IRQ c3=0
SELECT busy=4016
SELECT w0=3972
SELECT w1=2355
SELECT w2=2448
BUSY TASK ewma=997
DMA IRQ c0=2
DMA IRQ c1=0
DMA IRQ c2=0
DMA IRQ c3=0
SELECT busy=4049
SELECT w0=4006
SELECT w1=2372
SELECT w2=2462
BUSY TASK ewma=997
DMA IRQ c0=2
DMA IRQ c1=0
DMA IRQ c2=0
DMA IRQ c3=0
SELECT busy=4078
SELECT w0=4035
SELECT w1=2385
SELECT w2=2477
BUSY TASK ewma=997
DMA IRQ c0=2
DMA IRQ c1=0
DMA IRQ c2=0
DMA IRQ c3=0
SELECT busy=4112
SELECT w0=4069
SELECT w1=2405
SELECT w2=2495
BUSY TASK ewma=997
DMA IRQ c0=2
DMA IRQ c1=0
DMA IRQ c2=0
DMA IRQ c3=0
SELECT busy=4142
SELECT w0=4098
SELECT w1=2422
SELECT w2=2510
BUSY TASK ewma=997
DMA IRQ c0=2
DMA IRQ c1=0
DMA IRQ c2=0
DMA IRQ c3=0
SELECT busy=4168
SELECT w0=4124
SELECT w1=2435
SELECT w2=2524
BUSY TASK ewma=997
DMA IRQ c0=2
DMA IRQ c1=0
DMA IRQ c2=0
DMA IRQ c3=0
SELECT busy=4200
SELECT w0=4157
SELECT w1=2455
SELECT w2=2542
BUSY TASK ewma=997
DMA IRQ c0=2
DMA IRQ c1=0
DMA IRQ c2=0
DMA IRQ c3=0
SELECT busy=4232
SELECT w0=4189
SELECT w1=2469
SELECT w2=2556
BUSY TASK ewma=997
DMA IRQ c0=2
DMA IRQ c1=0
DMA IRQ c2=0
DMA IRQ c3=0
SELECT busy=4258
SELECT w0=4214
SELECT w1=2483
SELECT w2=2575
BUSY TASK ewma=997
DMA IRQ c0=2
DMA IRQ c1=0
DMA IRQ c2=0
DMA IRQ c3=0
SELECT busy=4279
SELECT w0=4235
SELECT w1=2493
SELECT w2=2585
BUSY TASK ewma=997
DMA IRQ c0=2
DMA IRQ c1=0
DMA IRQ c2=0
DMA IRQ c3=0
SELECT busy=4314
SELECT w0=4271
SELECT w1=2509
SELECT w2=2605
BUSY TASK ewma=997
DMA IRQ c0=2
DMA IRQ c1=0
DMA IRQ c2=0
DMA IRQ c3=0
SELECT busy=4340
SELECT w0=4297
SELECT w1=2519
SELECT w2=2618
BUSY TASK ewma=997
DMA IRQ c0=2
DMA IRQ c1=0
DMA IRQ c2=0
DMA IRQ c3=0
SELECT busy=4367
SELECT w0=4323
SELECT w1=2530
SELECT w2=2632
BUSY TASK ewma=997
DMA IRQ c0=2
DMA IRQ c1=0
DMA IRQ c2=0
DMA IRQ c3=0
SELECT busy=4397
SELECT w0=4353
SELECT w1=2547
SELECT w2=2649
BUSY TASK ewma=997
DMA IRQ c0=2
DMA IRQ c1=0
DMA IRQ c2=0
DMA IRQ c3=0
SELECT busy=4424
SELECT w0=4381
SELECT w1=2560
SELECT w2=2666
BUSY TASK ewma=997
DMA IRQ c0=2
DMA IRQ c1=0
DMA IRQ c2=0
DMA IRQ c3=0
SELECT busy=4461
SELECT w0=4417
SELECT w1=2575
SELECT w2=2686
BUSY TASK ewma=997
DMA IRQ c0=2
DMA IRQ c1=0
DMA IRQ c2=0
DMA IRQ c3=0
SELECT busy=4491
SELECT w0=4447
SELECT w1=2590
SELECT w2=2703
BUSY TASK ewma=997
DMA IRQ c0=2
DMA IRQ c1=0
DMA IRQ c2=0
DMA IRQ c3=0
SELECT busy=4533
SELECT w0=4489
SELECT w1=2607
SELECT w2=2722
BUSY TASK ewma=997
DMA IRQ c0=2
DMA IRQ c1=0
DMA IRQ c2=0
DMA IRQ c3=0
SELECT busy=4564
SELECT w0=4522
SELECT w1=2623
SELECT w2=2741
BUSY TASK ewma=997
DMA IRQ c0=2
DMA IRQ c1=0
DMA IRQ c2=0
DMA IRQ c3=0
SELECT busy=4600
SELECT w0=4556
SELECT w1=2635
SELECT w2=2758
BUSY TASK ewma=997
DMA IRQ c0=2
DMA IRQ c1=0
DMA IRQ c2=0
DMA IRQ c3=0
SELECT busy=4629
SELECT w0=4586
SELECT w1=2649
SELECT w2=2778
BUSY TASK ewma=997
DMA IRQ c0=2
DMA IRQ c1=0
DMA IRQ c2=0
DMA IRQ c3=0
SELECT busy=4663
SELECT w0=4621
SELECT w1=2662
SELECT w2=2794
BUSY TASK ewma=997
DMA IRQ c0=2
DMA IRQ c1=0
DMA IRQ c2=0
DMA IRQ c3=0
SELECT busy=4699
SELECT w0=4655
SELECT w1=2678
SELECT w2=2813
BUSY TASK ewma=997
DMA IRQ c0=2
DMA IRQ c1=0
DMA IRQ c2=0
DMA IRQ c3=0
SELECT busy=4737
SELECT w0=4694
SELECT w1=2691
SELECT w2=2831
BUSY TASK ewma=997
DMA IRQ c0=2
DMA IRQ c1=0
DMA IRQ c2=0
DMA IRQ c3=0
SELECT busy=4768
SELECT w0=4724
SELECT w1=2705
SELECT w2=2846
BUSY TASK ewma=997
DMA IRQ c0=2
DMA IRQ c1=0
DMA IRQ c2=0
DMA IRQ c3=0
SELECT busy=4788
SELECT w0=4745
SELECT w1=2714
SELECT w2=2860
BUSY TASK ewma=997
DMA IRQ c0=2
DMA IRQ c1=0
DMA IRQ c2=0
DMA IRQ c3=0
SELECT busy=4821
SELECT w0=4777
SELECT w1=2726
SELECT w2=2874
BUSY TASK ewma=997
DMA IRQ c0=2
DMA IRQ c1=0
DMA IRQ c2=0
DMA IRQ c3=0
SELECT busy=4852
SELECT w0=4808
SELECT w1=2738
SELECT w2=2892
BUSY TASK ewma=997
DMA IRQ c0=2
DMA IRQ c1=0
DMA IRQ c2=0
DMA IRQ c3=0
SELECT busy=4885
SELECT w0=4842
SELECT w1=2752
SELECT w2=2909
BUSY TASK ewma=997
DMA IRQ c0=2
DMA IRQ c1=0
DMA IRQ c2=0
DMA IRQ c3=0
SELECT busy=4915
SELECT w0=4872
SELECT w1=2765
SELECT w2=2927
BUSY TASK ewma=997
DMA IRQ c0=2
DMA IRQ c1=0
DMA IRQ c2=0
DMA IRQ c3=0
SELECT busy=4950
SELECT w0=4910
SELECT w1=2780
SELECT w2=2949
BUSY TASK ewma=997
DMA IRQ c0=2
DMA IRQ c1=0
DMA IRQ c2=0
DMA IRQ c3=0
SELECT busy=4989
SELECT w0=4946
SELECT w1=2795
SELECT w2=2967
BUSY TASK ewma=997
DMA IRQ c0=2
DMA IRQ c1=0
DMA IRQ c2=0
DMA IRQ c3=0
SELECT busy=5020
SELECT w0=4976
SELECT w1=2807
SELECT w2=2983
BUSY TASK ewma=997
DMA IRQ c0=2
DMA IRQ c1=0
DMA IRQ c2=0
DMA IRQ c3=0
SELECT busy=5051
SELECT w0=5008
SELECT w1=2820
SELECT w2=3001
BUSY TASK ewma=997
DMA IRQ c0=2
DMA IRQ c1=0
DMA IRQ c2=0
DMA IRQ c3=0
SELECT busy=5080
SELECT w0=5036
SELECT w1=2831
SELECT w2=3015
BUSY TASK ewma=997
DMA IRQ c0=2
DMA IRQ c1=0
DMA IRQ c2=0
DMA IRQ c3=0
SELECT busy=5111
SELECT w0=5068
SELECT w1=2845
SELECT w2=3034
BUSY TASK ewma=997
DMA IRQ c0=2
DMA IRQ c1=0
DMA IRQ c2=0
DMA IRQ c3=0
SELECT busy=5127
SELECT w0=5084
SELECT w1=2852
SELECT w2=3043
BUSY TASK ewma=997
DMA IRQ c0=2
DMA IRQ c1=0
DMA IRQ c2=0
DMA IRQ c3=0
SELECT busy=5147
SELECT w0=5104
SELECT w1=2862
SELECT w2=3055
BUSY TASK ewma=997
DMA IRQ c0=2
DMA IRQ c1=0
DMA IRQ c2=0
DMA IRQ c3=0
SELECT busy=5165
SELECT w0=5122
SELECT w1=2869
SELECT w2=3064
BUSY TASK ewma=997
DMA IRQ c0=2
DMA IRQ c1=0
DMA IRQ c2=0
DMA IRQ c3=0
SELECT busy=5183
SELECT w0=5139
SELECT w1=2877
SELECT w2=3072
BUSY TASK ewma=997
IRQ counts: cpu0=10349 cpu1=11441 cpu2=11675 cpu3=11500
SCHED secondaries: calls=34624 unexpected=0
SECTEST switches=34597 cpu1=106622133,104763069 cpu2=83632361,81201162 cpu3=120277564,115409116
PINGPONG rounds=2000 pongs=2000
DMA IRQ c0=2
DMA IRQ c1=0
DMA IRQ c2=0
DMA IRQ c3=0
SELECT busy=5217
SELECT w0=5173
SELECT w1=2894
SELECT w2=3094
BUSY TASK ewma=997
DMA IRQ c0=2
DMA IRQ c1=0
DMA IRQ c2=0
DMA IRQ c3=0
SELECT busy=5235
SELECT w0=5192
SELECT w1=2904
SELECT w2=3106
BUSY TASK ewma=997
DMA IRQ c0=2
DMA IRQ c1=0
DMA IRQ c2=0
DMA IRQ c3=0
SELECT busy=5266
SELECT w0=5222
SELECT w1=2915
SELECT w2=3121
BUSY TASK ewma=997
DMA IRQ c0=2
DMA IRQ c1=0
DMA IRQ c2=0
DMA IRQ c3=0
SELECT busy=5304
SELECT w0=5260
SELECT w1=2927
SELECT w2=3137
BUSY TASK ewma=997
DMA IRQ c0=2
DMA IRQ c1=0
DMA IRQ c2=0
DMA IRQ c3=0
SELECT busy=5327
SELECT w0=5283
SELECT w1=2937
SELECT w2=3147
BUSY TASK ewma=997
DMA IRQ c0=2
DMA IRQ c1=0
DMA IRQ c2=0
DMA IRQ c3=0
SELECT busy=5342
SELECT w0=5298
SELECT w1=2942
SELECT w2=3153
BUSY TASK ewma=997
DMA IRQ c0=2
DMA IRQ c1=0
DMA IRQ c2=0
DMA IRQ c3=0
SELECT busy=5364
SELECT w0=5320
SELECT w1=2953
SELECT w2=3164
BUSY TASK ewma=997
DMA IRQ c0=2
DMA IRQ c1=0
DMA IRQ c2=0
DMA IRQ c3=0
SELECT busy=5381
SELECT w0=5338
SELECT w1=2961
SELECT w2=3172
BUSY TASK ewma=997
DMA IRQ c0=2
DMA IRQ c1=0
DMA IRQ c2=0
DMA IRQ c3=0
SELECT busy=5398
SELECT w0=5355
SELECT w1=2970
SELECT w2=3186
BUSY TASK ewma=997
DMA IRQ c0=2
DMA IRQ c1=0
DMA IRQ c2=0
DMA IRQ c3=0
SELECT busy=5417
SELECT w0=5374
SELECT w1=2982
SELECT w2=3202
BUSY TASK ewma=997
DMA IRQ c0=2
DMA IRQ c1=0
DMA IRQ c2=0
DMA IRQ c3=0
SELECT busy=5438
SELECT w0=5395
SELECT w1=2996
SELECT w2=3214
BUSY TASK ewma=997
DMA IRQ c0=2
DMA IRQ c1=0
DMA IRQ c2=0
DMA IRQ c3=0
SELECT busy=5457
SELECT w0=5414
SELECT w1=3001
SELECT w2=3221
BUSY TASK ewma=997
DMA IRQ c0=2
DMA IRQ c1=0
DMA IRQ c2=0
DMA IRQ c3=0
SELECT busy=5479
SELECT w0=5436
SELECT w1=3013
SELECT w2=3237
BUSY TASK ewma=997
DMA IRQ c0=2
DMA IRQ c1=0
DMA IRQ c2=0
DMA IRQ c3=0
SELECT busy=5497
SELECT w0=5453
SELECT w1=3022
SELECT w2=3248
BUSY TASK ewma=997
DMA IRQ c0=2
DMA IRQ c1=0
DMA IRQ c2=0
DMA IRQ c3=0
SELECT busy=5508
SELECT w0=5464
SELECT w1=3027
SELECT w2=3255
BUSY TASK ewma=997
DMA IRQ c0=2
DMA IRQ c1=0
DMA IRQ c2=0
DMA IRQ c3=0
SELECT busy=5531
SELECT w0=5489
SELECT w1=3038
SELECT w2=3269
BUSY TASK ewma=997
DMA IRQ c0=2
DMA IRQ c1=0
DMA IRQ c2=0
DMA IRQ c3=0
SELECT busy=5554
SELECT w0=5510
SELECT w1=3048
SELECT w2=3280
BUSY TASK ewma=997
DMA IRQ c0=2
DMA IRQ c1=0
DMA IRQ c2=0
DMA IRQ c3=0
SELECT busy=5588
SELECT w0=5545
SELECT w1=3060
SELECT w2=3297
BUSY TASK ewma=997
DMA IRQ c0=2
DMA IRQ c1=0
DMA IRQ c2=0
DMA IRQ c3=0
SELECT busy=5622
SELECT w0=5582
SELECT w1=3078
SELECT w2=3317
BUSY TASK ewma=997
DMA IRQ c0=2
DMA IRQ c1=0
DMA IRQ c2=0
DMA IRQ c3=0
SELECT busy=5657
SELECT w0=5613
SELECT w1=3091
SELECT w2=3334
BUSY TASK ewma=997
DMA IRQ c0=2
DMA IRQ c1=0
DMA IRQ c2=0
DMA IRQ c3=0
SELECT busy=5686
SELECT w0=5643
SELECT w1=3104
SELECT w2=3351
BUSY TASK ewma=997
DMA IRQ c0=2
DMA IRQ c1=0
DMA IRQ c2=0
DMA IRQ c3=0
SELECT busy=5722
SELECT w0=5679
SELECT w1=3118
SELECT w2=3371
BUSY TASK ewma=997
DMA IRQ c0=2
DMA IRQ c1=0
DMA IRQ c2=0
DMA IRQ c3=0
SELECT busy=5736
SELECT w0=5692
SELECT w1=3124
SELECT w2=3378
BUSY TASK ewma=997
DMA IRQ c0=2
DMA IRQ c1=0
DMA IRQ c2=0
DMA IRQ c3=0
SELECT busy=5756
SELECT w0=5712
SELECT w1=3130
SELECT w2=3386
BUSY TASK ewma=997
DMA IRQ c0=2
DMA IRQ c1=0
DMA IRQ c2=0
DMA IRQ c3=0
SELECT busy=5774
SELECT w0=5731
SELECT w1=3136
SELECT w2=3393
BUSY TASK ewma=997
DMA IRQ c0=2
DMA IRQ c1=0
DMA IRQ c2=0
DMA IRQ c3=0
SELECT busy=5797
SELECT w0=5754
SELECT w1=3147
SELECT w2=3408
BUSY TASK ewma=997
DMA IRQ c0=2
DMA IRQ c1=0
DMA IRQ c2=0
DMA IRQ c3=0
SELECT busy=5831
SELECT w0=5788
SELECT w1=3160
SELECT w2=3424
BUSY TASK ewma=997
DMA IRQ c0=2
DMA IRQ c1=0
DMA IRQ c2=0
DMA IRQ c3=0
SELECT busy=5852
SELECT w0=5809
SELECT w1=3170
SELECT w2=3437
BUSY TASK ewma=997
DMA IRQ c0=2
DMA IRQ c1=0
DMA IRQ c2=0
DMA IRQ c3=0
SELECT busy=5878
SELECT w0=5834
SELECT w1=3180
SELECT w2=3448
BUSY TASK ewma=997
DMA IRQ c0=2
DMA IRQ c1=0
DMA IRQ c2=0
DMA IRQ c3=0
SELECT busy=5893
SELECT w0=5849
SELECT w1=3188
SELECT w2=3459
BUSY TASK ewma=997
DMA IRQ c0=2
DMA IRQ c1=0
DMA IRQ c2=0
DMA IRQ c3=0
SELECT busy=5919
SELECT w0=5875
SELECT w1=3199
SELECT w2=3471
BUSY TASK ewma=997
DMA IRQ c0=2
DMA IRQ c1=0
DMA IRQ c2=0
DMA IRQ c3=0
SELECT busy=5929
SELECT w0=5885
SELECT w1=3203
SELECT w2=3477
BUSY TASK ewma=997
DMA IRQ c0=2
DMA IRQ c1=0
DMA IRQ c2=0
DMA IRQ c3=0
SELECT busy=5955
SELECT w0=5911
SELECT w1=3212
SELECT w2=3490
BUSY TASK ewma=997
DMA IRQ c0=2
DMA IRQ c1=0
DMA IRQ c2=0
DMA IRQ c3=0
SELECT busy=5989
SELECT w0=5945
SELECT w1=3230
SELECT w2=3510
BUSY TASK ewma=997
DMA IRQ c0=2
DMA IRQ c1=0
DMA IRQ c2=0
DMA IRQ c3=0
SELECT busy=6029
SELECT w0=5985
SELECT w1=3243
SELECT w2=3529
BUSY TASK ewma=997
DMA IRQ c0=2
DMA IRQ c1=0
DMA IRQ c2=0
DMA IRQ c3=0
SELECT busy=6065
SELECT w0=6021
SELECT w1=3260
SELECT w2=3546
BUSY TASK ewma=997
DMA IRQ c0=2
DMA IRQ c1=0
DMA IRQ c2=0
DMA IRQ c3=0
SELECT busy=6098
SELECT w0=6054
SELECT w1=3276
SELECT w2=3565
BUSY TASK ewma=997
DMA IRQ c0=2
DMA IRQ c1=0
DMA IRQ c2=0
DMA IRQ c3=0
SELECT busy=6132
SELECT w0=6090
SELECT w1=3294
SELECT w2=3586
BUSY TASK ewma=997
DMA IRQ c0=2
DMA IRQ c1=0
DMA IRQ c2=0
DMA IRQ c3=0
SELECT busy=6175
SELECT w0=6132
SELECT w1=3310
SELECT w2=3603
BUSY TASK ewma=997
DMA IRQ c0=2
DMA IRQ c1=0
DMA IRQ c2=0
DMA IRQ c3=0
SELECT busy=6207
SELECT w0=6163
SELECT w1=3322
SELECT w2=3619
BUSY TASK ewma=997
DMA IRQ c0=2
DMA IRQ c1=0
DMA IRQ c2=0
DMA IRQ c3=0
SELECT busy=6237
SELECT w0=6193
SELECT w1=3333
SELECT w2=3634
BUSY TASK ewma=997
DMA IRQ c0=2
DMA IRQ c1=0
DMA IRQ c2=0
DMA IRQ c3=0
SELECT busy=6256
SELECT w0=6214
SELECT w1=3342
SELECT w2=3647
BUSY TASK ewma=997
DMA IRQ c0=2
DMA IRQ c1=0
DMA IRQ c2=0
DMA IRQ c3=0
SELECT busy=6279
SELECT w0=6236
SELECT w1=3353
SELECT w2=3660
BUSY TASK ewma=997
DMA IRQ c0=2
DMA IRQ c1=0
DMA IRQ c2=0
DMA IRQ c3=0
SELECT busy=6299
SELECT w0=6255
SELECT w1=3359
SELECT w2=3668
BUSY TASK ewma=997
DMA IRQ c0=2
DMA IRQ c1=0
DMA IRQ c2=0
DMA IRQ c3=0
SELECT busy=6319
SELECT w0=6276
SELECT w1=3370
SELECT w2=3682
BUSY TASK ewma=997
DMA IRQ c0=2
DMA IRQ c1=0
DMA IRQ c2=0
DMA IRQ c3=0
SELECT busy=6338
SELECT w0=6294
SELECT w1=3380
SELECT w2=3698
BUSY TASK ewma=997
DMA IRQ c0=2
DMA IRQ c1=0
DMA IRQ c2=0
DMA IRQ c3=0
SELECT busy=6360
SELECT w0=6318
SELECT w1=3390
SELECT w2=3710
BUSY TASK ewma=997
DMA IRQ c0=2
DMA IRQ c1=0
DMA IRQ c2=0
DMA IRQ c3=0
SELECT busy=6409
SELECT w0=6365
SELECT w1=3413
SELECT w2=3732
BUSY TASK ewma=997
DMA IRQ c0=2
DMA IRQ c1=0
DMA IRQ c2=0
DMA IRQ c3=0
SELECT busy=6437
SELECT w0=6394
SELECT w1=3424
SELECT w2=3749
BUSY TASK ewma=997
DMA IRQ c0=2
DMA IRQ c1=0
DMA IRQ c2=0
DMA IRQ c3=0
SELECT busy=6480
SELECT w0=6439
SELECT w1=3447
SELECT w2=3770
BUSY TASK ewma=997
DMA IRQ c0=2
DMA IRQ c1=0
DMA IRQ c2=0
DMA IRQ c3=0
SELECT busy=6510
SELECT w0=6466
SELECT w1=3458
SELECT w2=3784
BUSY TASK ewma=997
DMA IRQ c0=2
DMA IRQ c1=0
DMA IRQ c2=0
DMA IRQ c3=0
SELECT busy=6553
SELECT w0=6509
SELECT w1=3479
SELECT w2=3809
BUSY TASK ewma=997
DMA IRQ c0=2
DMA IRQ c1=0
DMA IRQ c2=0
DMA IRQ c3=0
SELECT busy=6572
SELECT w0=6528
SELECT w1=3486
SELECT w2=3819
BUSY TASK ewma=997
DMA IRQ c0=2
DMA IRQ c1=0
DMA IRQ c2=0
DMA IRQ c3=0
SELECT busy=6603
SELECT w0=6559
SELECT w1=3500
SELECT w2=3839
BUSY TASK ewma=997
DMA IRQ c0=2
DMA IRQ c1=0
DMA IRQ c2=0
DMA IRQ c3=0
SELECT busy=6626
SELECT w0=6582
SELECT w1=3509
SELECT w2=3849
BUSY TASK ewma=997
DMA IRQ c0=2
DMA IRQ c1=0
DMA IRQ c2=0
DMA IRQ c3=0
SELECT busy=6646
SELECT w0=6603
SELECT w1=3520
SELECT w2=3863
BUSY TASK ewma=997
DMA IRQ c0=2
DMA IRQ c1=0
DMA IRQ c2=0
DMA IRQ c3=0
SELECT busy=6665
SELECT w0=6622
SELECT w1=3531
SELECT w2=3878
BUSY TASK ewma=997
DMA IRQ c0=2
DMA IRQ c1=0
DMA IRQ c2=0
DMA IRQ c3=0
SELECT busy=6686
SELECT w0=6643
SELECT w1=3539
SELECT w2=3887
BUSY TASK ewma=997
DMA IRQ c0=2
DMA IRQ c1=0
DMA IRQ c2=0
DMA IRQ c3=0
SELECT busy=6702
SELECT w0=6658
SELECT w1=3544
SELECT w2=3894
BUSY TASK ewma=997
DMA IRQ c0=2
DMA IRQ c1=0
DMA IRQ c2=0
DMA IRQ c3=0
SELECT busy=6721
SELECT w0=6677
SELECT w1=3551
SELECT w2=3905
BUSY TASK ewma=997
DMA IRQ c0=2
DMA IRQ c1=0
DMA IRQ c2=0
DMA IRQ c3=0
SELECT busy=6739
SELECT w0=6695
SELECT w1=3557
SELECT w2=3915
BUSY TASK ewma=997
DMA IRQ c0=2
DMA IRQ c1=0
DMA IRQ c2=0
DMA IRQ c3=0
SELECT busy=6756
SELECT w0=6713
SELECT w1=3565
SELECT w2=3925
BUSY TASK ewma=997
DMA IRQ c0=2
DMA IRQ c1=0
DMA IRQ c2=0
DMA IRQ c3=0
SELECT busy=6773
SELECT w0=6730
SELECT w1=3575
SELECT w2=3936
BUSY TASK ewma=997
DMA IRQ c0=2
DMA IRQ c1=0
DMA IRQ c2=0
DMA IRQ c3=0
SELECT busy=6789
SELECT w0=6745
SELECT w1=3581
SELECT w2=3944
BUSY TASK ewma=997
IRQ counts: cpu0=13563 cpu1=14955 cpu2=15153 cpu3=14970
SCHED secondaries: calls=45083 unexpected=0
SECTEST switches=45070 cpu1=136034385,134785928 cpu2=111467399,107825875 cpu3=155864184,151436277
PINGPONG rounds=2000 pongs=2000
DMA IRQ c0=2
DMA IRQ c1=0
DMA IRQ c2=0
DMA IRQ c3=0
SELECT busy=6820
SELECT w0=6776
SELECT w1=3597
SELECT w2=3965
BUSY TASK ewma=997
DMA IRQ c0=2
DMA IRQ c1=0
DMA IRQ c2=0
DMA IRQ c3=0
SELECT busy=6847
SELECT w0=6803
SELECT w1=3609
SELECT w2=3979
BUSY TASK ewma=997
DMA IRQ c0=2
DMA IRQ c1=0
DMA IRQ c2=0
DMA IRQ c3=0
SELECT busy=6863
SELECT w0=6819
SELECT w1=3615
SELECT w2=3989
BUSY TASK ewma=997
DMA IRQ c0=2
DMA IRQ c1=0
DMA IRQ c2=0
DMA IRQ c3=0
SELECT busy=6884
SELECT w0=6840
SELECT w1=3627
SELECT w2=4004
BUSY TASK ewma=997
DMA IRQ c0=2
DMA IRQ c1=0
DMA IRQ c2=0
DMA IRQ c3=0
SELECT busy=6899
SELECT w0=6855
SELECT w1=3634
SELECT w2=4010
BUSY TASK ewma=997
DMA IRQ c0=2
DMA IRQ c1=0
DMA IRQ c2=0
DMA IRQ c3=0
SELECT busy=6915
SELECT w0=6872
SELECT w1=3642
SELECT w2=4021
BUSY TASK ewma=997
DMA IRQ c0=2
DMA IRQ c1=0
DMA IRQ c2=0
DMA IRQ c3=0
SELECT busy=6943
SELECT w0=6899
SELECT w1=3656
SELECT w2=4035
BUSY TASK ewma=997
DMA IRQ c0=2
DMA IRQ c1=0
DMA IRQ c2=0
DMA IRQ c3=0
SELECT busy=6963
SELECT w0=6919
SELECT w1=3664
SELECT w2=4044
BUSY TASK ewma=997
DMA IRQ c0=2
DMA IRQ c1=0
DMA IRQ c2=0
DMA IRQ c3=0
SELECT busy=6980
SELECT w0=6936
SELECT w1=3671
SELECT w2=4052
BUSY TASK ewma=997
DMA IRQ c0=2
DMA IRQ c1=0
DMA IRQ c2=0
DMA IRQ c3=0
SELECT busy=6999
SELECT w0=6956
SELECT w1=3680
SELECT w2=4063
BUSY TASK ewma=997
DMA IRQ c0=2
DMA IRQ c1=0
DMA IRQ c2=0
DMA IRQ c3=0
SELECT busy=7016
SELECT w0=6973
SELECT w1=3687
SELECT w2=4071
BUSY TASK ewma=997
DMA IRQ c0=2
DMA IRQ c1=0
DMA IRQ c2=0
DMA IRQ c3=0
SELECT busy=7037
SELECT w0=6995
SELECT w1=3700
SELECT w2=4087
BUSY TASK ewma=997
DMA IRQ c0=2
DMA IRQ c1=0
DMA IRQ c2=0
DMA IRQ c3=0
SELECT busy=7064
SELECT w0=7020
SELECT w1=3711
SELECT w2=4099
BUSY TASK ewma=997
DMA IRQ c0=2
DMA IRQ c1=0
DMA IRQ c2=0
DMA IRQ c3=0
SELECT busy=7078
SELECT w0=7034
SELECT w1=3716
SELECT w2=4107
BUSY TASK ewma=997
DMA IRQ c0=2
DMA IRQ c1=0
DMA IRQ c2=0
DMA IRQ c3=0
SELECT busy=7101
SELECT w0=7057
SELECT w1=3727
SELECT w2=4121
BUSY TASK ewma=997
DMA IRQ c0=2
DMA IRQ c1=0
DMA IRQ c2=0
DMA IRQ c3=0
SELECT busy=7122
SELECT w0=7078
SELECT w1=3736
SELECT w2=4130
BUSY TASK ewma=997
DMA IRQ c0=2
DMA IRQ c1=0
DMA IRQ c2=0
DMA IRQ c3=0
SELECT busy=7136
SELECT w0=7092
SELECT w1=3743
SELECT w2=4137
BUSY TASK ewma=997
DMA IRQ c0=2
DMA IRQ c1=0
DMA IRQ c2=0
DMA IRQ c3=0
SELECT busy=7164
SELECT w0=7121
SELECT w1=3760
SELECT w2=4157
BUSY TASK ewma=997
DMA IRQ c0=2
DMA IRQ c1=0
DMA IRQ c2=0
DMA IRQ c3=0
SELECT busy=7183
SELECT w0=7140
SELECT w1=3772
SELECT w2=4175
BUSY TASK ewma=997
DMA IRQ c0=2
DMA IRQ c1=0
DMA IRQ c2=0
DMA IRQ c3=0
SELECT busy=7208
SELECT w0=7165
SELECT w1=3786
SELECT w2=4188
BUSY TASK ewma=997
DMA IRQ c0=2
DMA IRQ c1=0
DMA IRQ c2=0
DMA IRQ c3=0
SELECT busy=7228
SELECT w0=7184
SELECT w1=3794
SELECT w2=4197
BUSY TASK ewma=997
DMA IRQ c0=2
DMA IRQ c1=0
DMA IRQ c2=0
DMA IRQ c3=0
SELECT busy=7242
SELECT w0=7198
SELECT w1=3800
SELECT w2=4203
BUSY TASK ewma=997
DMA IRQ c0=2
DMA IRQ c1=0
DMA IRQ c2=0
DMA IRQ c3=0
SELECT busy=7256
SELECT w0=7213
SELECT w1=3806
SELECT w2=4210
BUSY TASK ewma=997
DMA IRQ c0=2
DMA IRQ c1=0
DMA IRQ c2=0
DMA IRQ c3=0
SELECT busy=7272
SELECT w0=7229
SELECT w1=3814
SELECT w2=4224
BUSY TASK ewma=997
DMA IRQ c0=2
DMA IRQ c1=0
DMA IRQ c2=0
DMA IRQ c3=0
SELECT busy=7295
SELECT w0=7251
SELECT w1=3824
SELECT w2=4240
BUSY TASK ewma=997
DMA IRQ c0=2
DMA IRQ c1=0
DMA IRQ c2=0
DMA IRQ c3=0
SELECT busy=7311
SELECT w0=7268
SELECT w1=3831
SELECT w2=4249
BUSY TASK ewma=997
DMA IRQ c0=2
DMA IRQ c1=0
DMA IRQ c2=0
DMA IRQ c3=0
SELECT busy=7327
SELECT w0=7285
SELECT w1=3841
SELECT w2=4261
BUSY TASK ewma=997
DMA IRQ c0=2
DMA IRQ c1=0
DMA IRQ c2=0
DMA IRQ c3=0
SELECT busy=7352
SELECT w0=7309
SELECT w1=3852
SELECT w2=4277
BUSY TASK ewma=997
DMA IRQ c0=2
DMA IRQ c1=0
DMA IRQ c2=0
DMA IRQ c3=0
SELECT busy=7387
SELECT w0=7343
SELECT w1=3871
SELECT w2=4298
BUSY TASK ewma=997
DMA IRQ c0=2
DMA IRQ c1=0
DMA IRQ c2=0
DMA IRQ c3=0
SELECT busy=7419
SELECT w0=7375
SELECT w1=3880
SELECT w2=4314
BUSY TASK ewma=997
DMA IRQ c0=2
DMA IRQ c1=0
DMA IRQ c2=0
DMA IRQ c3=0
SELECT busy=7448
SELECT w0=7405
SELECT w1=3895
SELECT w2=4329
BUSY TASK ewma=997
DMA IRQ c0=2
DMA IRQ c1=0
DMA IRQ c2=0
DMA IRQ c3=0
SELECT busy=7483
SELECT w0=7440
SELECT w1=3908
SELECT w2=4349
BUSY TASK ewma=997
DMA IRQ c0=2
DMA IRQ c1=0
DMA IRQ c2=0
DMA IRQ c3=0
SELECT busy=7526
SELECT w0=7484
SELECT w1=3935
SELECT w2=4379
BUSY TASK ewma=997
DMA IRQ c0=2
DMA IRQ c1=0
DMA IRQ c2=0
DMA IRQ c3=0
SELECT busy=7562
SELECT w0=7519
SELECT w1=3949
SELECT w2=4398
BUSY TASK ewma=997
DMA IRQ c0=2
DMA IRQ c1=0
DMA IRQ c2=0
DMA IRQ c3=0
SELECT busy=7598
SELECT w0=7555
SELECT w1=3966
SELECT w2=4422
BUSY TASK ewma=997
DMA IRQ c0=2
DMA IRQ c1=0
DMA IRQ c2=0
DMA IRQ c3=0
SELECT busy=7634
SELECT w0=7590
SELECT w1=3979
SELECT w2=4438
BUSY TASK ewma=997
DMA IRQ c0=2
DMA IRQ c1=0
DMA IRQ c2=0
DMA IRQ c3=0
SELECT busy=7670
SELECT w0=7626
SELECT w1=3996
SELECT w2=4454
BUSY TASK ewma=997
DMA IRQ c0=2
DMA IRQ c1=0
DMA IRQ c2=0
DMA IRQ c3=0
SELECT busy=7691
SELECT w0=7647
SELECT w1=4005
SELECT w2=4467
BUSY TASK ewma=997
DMA IRQ c0=2
DMA IRQ c1=0
DMA IRQ c2=0
DMA IRQ c3=0
SELECT busy=7712
SELECT w0=7668
SELECT w1=4014
SELECT w2=4476
BUSY TASK ewma=997
DMA IRQ c0=2
DMA IRQ c1=0
DMA IRQ c2=0
DMA IRQ c3=0
SELECT busy=7724
SELECT w0=7680
SELECT w1=4019
SELECT w2=4482
BUSY TASK ewma=997
DMA IRQ c0=2
DMA IRQ c1=0
DMA IRQ c2=0
DMA IRQ c3=0
SELECT busy=7736
SELECT w0=7693
SELECT w1=4024
SELECT w2=4489
BUSY TASK ewma=997
DMA IRQ c0=2
DMA IRQ c1=0
DMA IRQ c2=0
DMA IRQ c3=0
SELECT busy=7752
SELECT w0=7709
SELECT w1=4030
SELECT w2=4496
BUSY TASK ewma=997
DMA IRQ c0=2
DMA IRQ c1=0
DMA IRQ c2=0
DMA IRQ c3=0
SELECT busy=7775
SELECT w0=7731
SELECT w1=4039
SELECT w2=4508
BUSY TASK ewma=997
DMA IRQ c0=2
DMA IRQ c1=0
DMA IRQ c2=0
DMA IRQ c3=0
SELECT busy=7793
SELECT w0=7750
SELECT w1=4047
SELECT w2=4518
BUSY TASK ewma=997
DMA IRQ c0=2
DMA IRQ c1=0
DMA IRQ c2=0
DMA IRQ c3=0
SELECT busy=7813
SELECT w0=7769
SELECT w1=4056
SELECT w2=4528
BUSY TASK ewma=997
DMA IRQ c0=2
DMA IRQ c1=0
DMA IRQ c2=0
DMA IRQ c3=0
SELECT busy=7832
SELECT w0=7788
SELECT w1=4065
SELECT w2=4539
BUSY TASK ewma=997
DMA IRQ c0=2
DMA IRQ c1=0
DMA IRQ c2=0
DMA IRQ c3=0
SELECT busy=7848
SELECT w0=7804
SELECT w1=4072
SELECT w2=4545
BUSY TASK ewma=997
DMA IRQ c0=2
DMA IRQ c1=0
DMA IRQ c2=0
DMA IRQ c3=0
SELECT busy=7864
SELECT w0=7820
SELECT w1=4078
SELECT w2=4553
BUSY TASK ewma=997
DMA IRQ c0=2
DMA IRQ c1=0
DMA IRQ c2=0
DMA IRQ c3=0
SELECT busy=7881
SELECT w0=7838
SELECT w1=4086
SELECT w2=4562
BUSY TASK ewma=997
DMA IRQ c0=2
DMA IRQ c1=0
DMA IRQ c2=0
DMA IRQ c3=0
SELECT busy=7898
SELECT w0=7854
SELECT w1=4093
SELECT w2=4572
BUSY TASK ewma=997
DMA IRQ c0=2
DMA IRQ c1=0
DMA IRQ c2=0
DMA IRQ c3=0
SELECT busy=7914
SELECT w0=7870
SELECT w1=4101
SELECT w2=4580
BUSY TASK ewma=997
DMA IRQ c0=2
DMA IRQ c1=0
DMA IRQ c2=0
DMA IRQ c3=0
SELECT busy=7936
SELECT w0=7892
SELECT w1=4112
SELECT w2=4592
BUSY TASK ewma=997
DMA IRQ c0=2
DMA IRQ c1=0
DMA IRQ c2=0
DMA IRQ c3=0
SELECT busy=7952
SELECT w0=7909
SELECT w1=4119
SELECT w2=4603
BUSY TASK ewma=997
DMA IRQ c0=2
DMA IRQ c1=0
DMA IRQ c2=0
DMA IRQ c3=0
SELECT busy=7973
SELECT w0=7929
SELECT w1=4126
SELECT w2=4612
BUSY TASK ewma=997
DMA IRQ c0=2
DMA IRQ c1=0
DMA IRQ c2=0
DMA IRQ c3=0
SELECT busy=7994
SELECT w0=7950
SELECT w1=4135
SELECT w2=4624
BUSY TASK ewma=997
DMA IRQ c0=2
DMA IRQ c1=0
DMA IRQ c2=0
DMA IRQ c3=0
SELECT busy=8017
SELECT w0=7974
SELECT w1=4145
SELECT w2=4639
BUSY TASK ewma=997
DMA IRQ c0=2
DMA IRQ c1=0
DMA IRQ c2=0
DMA IRQ c3=0
SELECT busy=8038
SELECT w0=7995
SELECT w1=4156
SELECT w2=4655
BUSY TASK ewma=997
DMA IRQ c0=2
DMA IRQ c1=0
DMA IRQ c2=0
DMA IRQ c3=0
SELECT busy=8056
SELECT w0=8013
SELECT w1=4162
SELECT w2=4663
BUSY TASK ewma=997
DMA IRQ c0=2
DMA IRQ c1=0
DMA IRQ c2=0
DMA IRQ c3=0
SELECT busy=8074
SELECT w0=8031
SELECT w1=4169
SELECT w2=4670
BUSY TASK ewma=997
DMA IRQ c0=2
DMA IRQ c1=0
DMA IRQ c2=0
DMA IRQ c3=0
SELECT busy=8098
SELECT w0=8055
SELECT w1=4180
SELECT w2=4684
BUSY TASK ewma=997
DMA IRQ c0=2
DMA IRQ c1=0
DMA IRQ c2=0
DMA IRQ c3=0
SELECT busy=8118
SELECT w0=8075
SELECT w1=4188
SELECT w2=4694
BUSY TASK ewma=997
DMA IRQ c0=2
DMA IRQ c1=0
DMA IRQ c2=0
DMA IRQ c3=0
SELECT busy=8154
SELECT w0=8110
SELECT w1=4203
SELECT w2=4717
BUSY TASK ewma=997
DMA IRQ c0=2
DMA IRQ c1=0
DMA IRQ c2=0
DMA IRQ c3=0
SELECT busy=8183
SELECT w0=8139
SELECT w1=4218
SELECT w2=4731
BUSY TASK ewma=997
DMA IRQ c0=2
DMA IRQ c1=0
DMA IRQ c2=0
DMA IRQ c3=0
SELECT busy=8216
SELECT w0=8173
SELECT w1=4230
SELECT w2=4750
BUSY TASK ewma=997
IRQ counts: cpu0=16449 cpu1=18240 cpu2=18415 cpu3=18153
SCHED secondaries: calls=54808 unexpected=0
SECTEST switches=54777 cpu1=166029791,163125809 cpu2=142541170,137648209 cpu3=196190384,190335562
PINGPONG rounds=2000 pongs=2000
DMA IRQ c0=2
DMA IRQ c1=0
DMA IRQ c2=0
DMA IRQ c3=0
SELECT busy=8261
SELECT w0=8217
SELECT w1=4254
SELECT w2=4774
BUSY TASK ewma=997
DMA IRQ c0=2
DMA IRQ c1=0
DMA IRQ c2=0
DMA IRQ c3=0
SELECT busy=8300
SELECT w0=8257
SELECT w1=4275
SELECT w2=4806
BUSY TASK ewma=997
DMA IRQ c0=2
DMA IRQ c1=0
DMA IRQ c2=0
DMA IRQ c3=0
SELECT busy=8341
SELECT w0=8297
SELECT w1=4292
SELECT w2=4822
BUSY TASK ewma=997
DMA IRQ c0=2
DMA IRQ c1=0
DMA IRQ c2=0
DMA IRQ c3=0
SELECT busy=8374
SELECT w0=8331
SELECT w1=4304
SELECT w2=4838
BUSY TASK ewma=997
DMA IRQ c0=2
DMA IRQ c1=0
DMA IRQ c2=0
DMA IRQ c3=0
SELECT busy=8409
SELECT w0=8367
SELECT w1=4320
SELECT w2=4857
BUSY TASK ewma=997
DMA IRQ c0=2
DMA IRQ c1=0
DMA IRQ c2=0
DMA IRQ c3=0
SELECT busy=8438
SELECT w0=8394
SELECT w1=4331
SELECT w2=4874
BUSY TASK ewma=997
DMA IRQ c0=2
DMA IRQ c1=0
DMA IRQ c2=0
DMA IRQ c3=0
SELECT busy=8469
SELECT w0=8427
SELECT w1=4345
SELECT w2=4895
BUSY TASK ewma=997
DMA IRQ c0=2
DMA IRQ c1=0
DMA IRQ c2=0
DMA IRQ c3=0
SELECT busy=8510
SELECT w0=8466
SELECT w1=4363
SELECT w2=4919
BUSY TASK ewma=997
DMA IRQ c0=2
DMA IRQ c1=0
DMA IRQ c2=0
DMA IRQ c3=0
SELECT busy=8544
SELECT w0=8500
SELECT w1=4374
SELECT w2=4936
BUSY TASK ewma=997
DMA IRQ c0=2
DMA IRQ c1=0
DMA IRQ c2=0
DMA IRQ c3=0
SELECT busy=8576
SELECT w0=8532
SELECT w1=4387
SELECT w2=4950
BUSY TASK ewma=997
DMA IRQ c0=2
DMA IRQ c1=0
DMA IRQ c2=0
DMA IRQ c3=0
SELECT busy=8606
SELECT w0=8564
SELECT w1=4400
SELECT w2=4966
BUSY TASK ewma=997
DMA IRQ c0=2
DMA IRQ c1=0
DMA IRQ c2=0
DMA IRQ c3=0
SELECT busy=8638
SELECT w0=8596
SELECT w1=4415
SELECT w2=4984
BUSY TASK ewma=997
DMA IRQ c0=2
DMA IRQ c1=0
DMA IRQ c2=0
DMA IRQ c3=0
SELECT busy=8673
SELECT w0=8630
SELECT w1=4429
SELECT w2=5002
BUSY TASK ewma=997
DMA IRQ c0=2
DMA IRQ c1=0
DMA IRQ c2=0
DMA IRQ c3=0
SELECT busy=8703
SELECT w0=8659
SELECT w1=4443
SELECT w2=5019
BUSY TASK ewma=997
DMA IRQ c0=2
DMA IRQ c1=0
DMA IRQ c2=0
DMA IRQ c3=0
SELECT busy=8728
SELECT w0=8684
SELECT w1=4456
SELECT w2=5034
BUSY TASK ewma=997
DMA IRQ c0=2
DMA IRQ c1=0
DMA IRQ c2=0
DMA IRQ c3=0
SELECT busy=8753
SELECT w0=8710
SELECT w1=4465
SELECT w2=5048
BUSY TASK ewma=997
DMA IRQ c0=2
DMA IRQ c1=0
DMA IRQ c2=0
DMA IRQ c3=0
SELECT busy=8771
SELECT w0=8727
SELECT w1=4471
SELECT w2=5056
BUSY TASK ewma=997
DMA IRQ c0=2
DMA IRQ c1=0
DMA IRQ c2=0
DMA IRQ c3=0
SELECT busy=8789
SELECT w0=8746
SELECT w1=4481
SELECT w2=5070
BUSY TASK ewma=997
DMA IRQ c0=2
DMA IRQ c1=0
DMA IRQ c2=0
DMA IRQ c3=0
SELECT busy=8806
SELECT w0=8762
SELECT w1=4489
SELECT w2=5079
BUSY TASK ewma=997
DMA IRQ c0=2
DMA IRQ c1=0
DMA IRQ c2=0
DMA IRQ c3=0
SELECT busy=8822
SELECT w0=8779
SELECT w1=4495
SELECT w2=5086
BUSY TASK ewma=997
DMA IRQ c0=2
DMA IRQ c1=0
DMA IRQ c2=0
DMA IRQ c3=0
SELECT busy=8844
SELECT w0=8801
SELECT w1=4506
SELECT w2=5098
BUSY TASK ewma=997
DMA IRQ c0=2
DMA IRQ c1=0
DMA IRQ c2=0
DMA IRQ c3=0
SELECT busy=8865
SELECT w0=8821
SELECT w1=4514
SELECT w2=5108
BUSY TASK ewma=997
DMA IRQ c0=2
DMA IRQ c1=0
DMA IRQ c2=0
DMA IRQ c3=0
SELECT busy=8884
SELECT w0=8841
SELECT w1=4522
SELECT w2=5118
BUSY TASK ewma=997
DMA IRQ c0=2
DMA IRQ c1=0
DMA IRQ c2=0
DMA IRQ c3=0
SELECT busy=8901
SELECT w0=8857
SELECT w1=4530
SELECT w2=5126
BUSY TASK ewma=997
DMA IRQ c0=2
DMA IRQ c1=0
DMA IRQ c2=0
DMA IRQ c3=0
SELECT busy=8921
SELECT w0=8878
SELECT w1=4539
SELECT w2=5136
BUSY TASK ewma=997
DMA IRQ c0=2
DMA IRQ c1=0
DMA IRQ c2=0
DMA IRQ c3=0
SELECT busy=8939
SELECT w0=8895
SELECT w1=4547
SELECT w2=5144
BUSY TASK ewma=997
DMA IRQ c0=2
DMA IRQ c1=0
DMA IRQ c2=0
DMA IRQ c3=0
SELECT busy=8952
SELECT w0=8909
SELECT w1=4553
SELECT w2=5152
BUSY TASK ewma=997
DMA IRQ c0=2
DMA IRQ c1=0
DMA IRQ c2=0
DMA IRQ c3=0
SELECT busy=8970
SELECT w0=8927
SELECT w1=4566
SELECT w2=5165
BUSY TASK ewma=997
DMA IRQ c0=2
DMA IRQ c1=0
DMA IRQ c2=0
DMA IRQ c3=0
SELECT busy=8987
SELECT w0=8943
SELECT w1=4574
SELECT w2=5173
BUSY TASK ewma=997
DMA IRQ c0=2
DMA IRQ c1=0
DMA IRQ c2=0
DMA IRQ c3=0
SELECT busy=9016
SELECT w0=8972
SELECT w1=4587
SELECT w2=5189
BUSY TASK ewma=997
DMA IRQ c0=2
DMA IRQ c1=0
DMA IRQ c2=0
DMA IRQ c3=0
SELECT busy=9047
SELECT w0=9004
SELECT w1=4601
SELECT w2=5207
BUSY TASK ewma=997
DMA IRQ c0=2
DMA IRQ c1=0
DMA IRQ c2=0
DMA IRQ c3=0
SELECT busy=9069
SELECT w0=9025
SELECT w1=4609
SELECT w2=5218
BUSY TASK ewma=997
DMA IRQ c0=2
DMA IRQ c1=0
DMA IRQ c2=0
DMA IRQ c3=0
SELECT busy=9090
SELECT w0=9047
SELECT w1=4617
SELECT w2=5228
BUSY TASK ewma=997
DMA IRQ c0=2
DMA IRQ c1=0
DMA IRQ c2=0
DMA IRQ c3=0
SELECT busy=9106
SELECT w0=9062
SELECT w1=4624
SELECT w2=5235
BUSY TASK ewma=997
DMA IRQ c0=2
DMA IRQ c1=0
DMA IRQ c2=0
DMA IRQ c3=0
SELECT busy=9139
SELECT w0=9097
SELECT w1=4639
SELECT w2=5256
BUSY TASK ewma=997
DMA IRQ c0=2
DMA IRQ c1=0
DMA IRQ c2=0
DMA IRQ c3=0
SELECT busy=9170
SELECT w0=9127
SELECT w1=4651
SELECT w2=5272
BUSY TASK ewma=997
DMA IRQ c0=2
DMA IRQ c1=0
DMA IRQ c2=0
DMA IRQ c3=0
SELECT busy=9189
SELECT w0=9145
SELECT w1=4659
SELECT w2=5281
BUSY TASK ewma=997
DMA IRQ c0=2
DMA IRQ c1=0
DMA IRQ c2=0
DMA IRQ c3=0
SELECT busy=9207
SELECT w0=9163
SELECT w1=4668
SELECT w2=5292
BUSY TASK ewma=997
DMA IRQ c0=2
DMA IRQ c1=0
DMA IRQ c2=0
DMA IRQ c3=0
SELECT busy=9225
SELECT w0=9181
SELECT w1=4675
SELECT w2=5302
BUSY TASK ewma=997
DMA IRQ c0=2
DMA IRQ c1=0
DMA IRQ c2=0
DMA IRQ c3=0
SELECT busy=9244
SELECT w0=9200
SELECT w1=4682
SELECT w2=5312
BUSY TASK ewma=997
DMA IRQ c0=2
DMA IRQ c1=0
DMA IRQ c2=0
DMA IRQ c3=0
SELECT busy=9266
SELECT w0=9222
SELECT w1=4691
SELECT w2=5325
BUSY TASK ewma=997
DMA IRQ c0=2
DMA IRQ c1=0
DMA IRQ c2=0
DMA IRQ c3=0
SELECT busy=9285
SELECT w0=9241
SELECT w1=4702
SELECT w2=5336
BUSY TASK ewma=997
DMA IRQ c0=2
DMA IRQ c1=0
DMA IRQ c2=0
DMA IRQ c3=0
SELECT busy=9306
SELECT w0=9262
SELECT w1=4713
SELECT w2=5349
BUSY TASK ewma=997
DMA IRQ c0=2
DMA IRQ c1=0
DMA IRQ c2=0
DMA IRQ c3=0
SELECT busy=9348
SELECT w0=9304
SELECT w1=4729
SELECT w2=5371
BUSY TASK ewma=997
DMA IRQ c0=2
DMA IRQ c1=0
DMA IRQ c2=0
DMA IRQ c3=0
SELECT busy=9383
SELECT w0=9340
SELECT w1=4744
SELECT w2=5391
BUSY TASK ewma=997
DMA IRQ c0=2
DMA IRQ c1=0
DMA IRQ c2=0
DMA IRQ c3=0
SELECT busy=9413
SELECT w0=9369
SELECT w1=4757
SELECT w2=5406
BUSY TASK ewma=997
DMA IRQ c0=2
DMA IRQ c1=0
DMA IRQ c2=0
DMA IRQ c3=0
SELECT busy=9451
SELECT w0=9407
SELECT w1=4773
SELECT w2=5435
BUSY TASK ewma=997
DMA IRQ c0=2
DMA IRQ c1=0
DMA IRQ c2=0
DMA IRQ c3=0
SELECT busy=9477
SELECT w0=9433
SELECT w1=4783
SELECT w2=5447
BUSY TASK ewma=997
DMA IRQ c0=2
DMA IRQ c1=0
DMA IRQ c2=0
DMA IRQ c3=0
SELECT busy=9506
SELECT w0=9463
SELECT w1=4793
SELECT w2=5459
BUSY TASK ewma=997
DMA IRQ c0=2
DMA IRQ c1=0
DMA IRQ c2=0
DMA IRQ c3=0
SELECT busy=9539
SELECT w0=9496
SELECT w1=4810
SELECT w2=5482
BUSY TASK ewma=997
DMA IRQ c0=2
DMA IRQ c1=0
DMA IRQ c2=0
DMA IRQ c3=0
SELECT busy=9575
SELECT w0=9532
SELECT w1=4821
SELECT w2=5497
BUSY TASK ewma=997
DMA IRQ c0=2
DMA IRQ c1=0
DMA IRQ c2=0
DMA IRQ c3=0
SELECT busy=9610
SELECT w0=9566
SELECT w1=4834
SELECT w2=5510
BUSY TASK ewma=997
DMA IRQ c0=2
DMA IRQ c1=0
DMA IRQ c2=0
DMA IRQ c3=0
SELECT busy=9627
SELECT w0=9583
SELECT w1=4839
SELECT w2=5519
BUSY TASK ewma=997
DMA IRQ c0=2
DMA IRQ c1=0
DMA IRQ c2=0
DMA IRQ c3=0
SELECT busy=9652
SELECT w0=9609
SELECT w1=4852
SELECT w2=5534
BUSY TASK ewma=997
DMA IRQ c0=2
DMA IRQ c1=0
DMA IRQ c2=0
DMA IRQ c3=0
SELECT busy=9670
SELECT w0=9626
SELECT w1=4859
SELECT w2=5544
BUSY TASK ewma=997
DMA IRQ c0=2
DMA IRQ c1=0
DMA IRQ c2=0
DMA IRQ c3=0
SELECT busy=9690
SELECT w0=9647
SELECT w1=4869
SELECT w2=5558
BUSY TASK ewma=997
DMA IRQ c0=2
DMA IRQ c1=0
DMA IRQ c2=0
DMA IRQ c3=0
SELECT busy=9710
SELECT w0=9667
SELECT w1=4880
SELECT w2=5570
BUSY TASK ewma=997
DMA IRQ c0=2
DMA IRQ c1=0
DMA IRQ c2=0
DMA IRQ c3=0
SELECT busy=9734
SELECT w0=9692
SELECT w1=4891
SELECT w2=5585
BUSY TASK ewma=997
DMA IRQ c0=2
DMA IRQ c1=0
DMA IRQ c2=0
DMA IRQ c3=0
SELECT busy=9774
SELECT w0=9731
SELECT w1=4905
SELECT w2=5603
BUSY TASK ewma=997
DMA IRQ c0=2
DMA IRQ c1=0
DMA IRQ c2=0
DMA IRQ c3=0
SELECT busy=9818
SELECT w0=9775
SELECT w1=4925
SELECT w2=5627
BUSY TASK ewma=997
DMA IRQ c0=2
DMA IRQ c1=0
DMA IRQ c2=0
DMA IRQ c3=0
SELECT busy=9852
SELECT w0=9809
SELECT w1=4942
SELECT w2=5652
BUSY TASK ewma=997
DMA IRQ c0=2
DMA IRQ c1=0
DMA IRQ c2=0
DMA IRQ c3=0
SELECT busy=9893
SELECT w0=9852
SELECT w1=4961
SELECT w2=5680
BUSY TASK ewma=997
DMA IRQ c0=2
DMA IRQ c1=0
DMA IRQ c2=0
DMA IRQ c3=0
SELECT busy=9927
SELECT w0=9886
SELECT w1=4980
SELECT w2=5709
BUSY TASK ewma=997
DMA IRQ c0=2
DMA IRQ c1=0
DMA IRQ c2=0
DMA IRQ c3=0
SELECT busy=9967
SELECT w0=9924
SELECT w1=5000
SELECT w2=5731
BUSY TASK ewma=997
IRQ counts: cpu0=19965 cpu1=22096 cpu2=22360 cpu3=22040
SCHED secondaries: calls=66499 unexpected=0
SECTEST switches=66483 cpu1=195083646,190949603 cpu2=171184402,165772708 cpu3=235742283,228830922
PINGPONG rounds=2000 pongs=2000
DMA IRQ c0=2
DMA IRQ c1=0
DMA IRQ c2=0
DMA IRQ c3=0
SELECT busy=10020
SELECT w0=9976
SELECT w1=5021
SELECT w2=5760
BUSY TASK ewma=997
DMA IRQ c0=2
DMA IRQ c1=0
DMA IRQ c2=0
DMA IRQ c3=0
SELECT busy=10043
SELECT w0=10000
SELECT w1=5032
SELECT w2=5774
BUSY TASK ewma=997
DMA IRQ c0=2
DMA IRQ c1=0
DMA IRQ c2=0
DMA IRQ c3=0
SELECT busy=10058
SELECT w0=10015
SELECT w1=5039
SELECT w2=5784
BUSY TASK ewma=997
DMA IRQ c0=2
DMA IRQ c1=0
DMA IRQ c2=0
DMA IRQ c3=0
SELECT busy=10076
SELECT w0=10033
SELECT w1=5049
SELECT w2=5793
BUSY TASK ewma=997
DMA IRQ c0=2
DMA IRQ c1=0
DMA IRQ c2=0
DMA IRQ c3=0
SELECT busy=10099
SELECT w0=10056
SELECT w1=5063
SELECT w2=5806
BUSY TASK ewma=997
DMA IRQ c0=2
DMA IRQ c1=0
DMA IRQ c2=0
DMA IRQ c3=0
SELECT busy=10114
SELECT w0=10071
SELECT w1=5071
SELECT w2=5815
BUSY TASK ewma=997
DMA IRQ c0=2
DMA IRQ c1=0
DMA IRQ c2=0
DMA IRQ c3=0
SELECT busy=10128
SELECT w0=10084
SELECT w1=5077
SELECT w2=5824
BUSY TASK ewma=997
DMA IRQ c0=2
DMA IRQ c1=0
DMA IRQ c2=0
DMA IRQ c3=0
SELECT busy=10144
SELECT w0=10101
SELECT w1=5086
SELECT w2=5833
BUSY TASK ewma=997
DMA IRQ c0=2
DMA IRQ c1=0
DMA IRQ c2=0
DMA IRQ c3=0
SELECT busy=10164
SELECT w0=10122
SELECT w1=5097
SELECT w2=5846
BUSY TASK ewma=997
DMA IRQ c0=2
DMA IRQ c1=0
DMA IRQ c2=0
DMA IRQ c3=0
SELECT busy=10185
SELECT w0=10144
SELECT w1=5110
SELECT w2=5861
BUSY TASK ewma=997
DMA IRQ c0=2
DMA IRQ c1=0
DMA IRQ c2=0
DMA IRQ c3=0
SELECT busy=10207
SELECT w0=10164
SELECT w1=5121
SELECT w2=5874
BUSY TASK ewma=997
DMA IRQ c0=2
DMA IRQ c1=0
DMA IRQ c2=0
DMA IRQ c3=0
SELECT busy=10227
SELECT w0=10184
SELECT w1=5133
SELECT w2=5891
BUSY TASK ewma=997
DMA IRQ c0=2
DMA IRQ c1=0
DMA IRQ c2=0
DMA IRQ c3=0
SELECT busy=10244
SELECT w0=10201
SELECT w1=5142
SELECT w2=5904
BUSY TASK ewma=997
DMA IRQ c0=2
DMA IRQ c1=0
DMA IRQ c2=0
DMA IRQ c3=0
SELECT busy=10270
SELECT w0=10226
SELECT w1=5156
SELECT w2=5919
BUSY TASK ewma=997
DMA IRQ c0=2
DMA IRQ c1=0
DMA IRQ c2=0
DMA IRQ c3=0
SELECT busy=10289
SELECT w0=10246
SELECT w1=5165
SELECT w2=5931
BUSY TASK ewma=997
DMA IRQ c0=2
DMA IRQ c1=0
DMA IRQ c2=0
DMA IRQ c3=0
SELECT busy=10306
SELECT w0=10263
SELECT w1=5174
SELECT w2=5943
BUSY TASK ewma=997
DMA IRQ c0=2
DMA IRQ c1=0
DMA IRQ c2=0
DMA IRQ c3=0
SELECT busy=10328
SELECT w0=10285
SELECT w1=5185
SELECT w2=5957
BUSY TASK ewma=997
DMA IRQ c0=2
DMA IRQ c1=0
DMA IRQ c2=0
DMA IRQ c3=0
SELECT busy=10348
SELECT w0=10305
SELECT w1=5194
SELECT w2=5968
BUSY TASK ewma=997
DMA IRQ c0=2
DMA IRQ c1=0
DMA IRQ c2=0
DMA IRQ c3=0
SELECT busy=10365
SELECT w0=10321
SELECT w1=5201
SELECT w2=5977
BUSY TASK ewma=997
DMA IRQ c0=2
DMA IRQ c1=0
DMA IRQ c2=0
DMA IRQ c3=0
SELECT busy=10379
SELECT w0=10336
SELECT w1=5208
SELECT w2=5987
BUSY TASK ewma=997
DMA IRQ c0=2
DMA IRQ c1=0
DMA IRQ c2=0
DMA IRQ c3=0
SELECT busy=10393
SELECT w0=10349
SELECT w1=5215
SELECT w2=5995
BUSY TASK ewma=997
DMA IRQ c0=2
DMA IRQ c1=0
DMA IRQ c2=0
DMA IRQ c3=0
SELECT busy=10411
SELECT w0=10368
SELECT w1=5222
SELECT w2=6006
BUSY TASK ewma=997
DMA IRQ c0=2
DMA IRQ c1=0
DMA IRQ c2=0
DMA IRQ c3=0
SELECT busy=10429
SELECT w0=10386
SELECT w1=5232
SELECT w2=6019
BUSY TASK ewma=997
DMA IRQ c0=2
DMA IRQ c1=0
DMA IRQ c2=0
DMA IRQ c3=0
SELECT busy=10456
SELECT w0=10412
SELECT w1=5248
SELECT w2=6040
BUSY TASK ewma=997
DMA IRQ c0=2
DMA IRQ c1=0
DMA IRQ c2=0
DMA IRQ c3=0
SELECT busy=10477
SELECT w0=10433
SELECT w1=5257
SELECT w2=6049
BUSY TASK ewma=997
DMA IRQ c0=2
DMA IRQ c1=0
DMA IRQ c2=0
DMA IRQ c3=0
SELECT busy=10498
SELECT w0=10455
SELECT w1=5270
SELECT w2=6062
BUSY TASK ewma=997
DMA IRQ c0=2
DMA IRQ c1=0
DMA IRQ c2=0
DMA IRQ c3=0
SELECT busy=10521
SELECT w0=10478
SELECT w1=5284
SELECT w2=6078
BUSY TASK ewma=997
DMA IRQ c0=2
DMA IRQ c1=0
DMA IRQ c2=0
DMA IRQ c3=0
SELECT busy=10536
SELECT w0=10493
SELECT w1=5291
SELECT w2=6087
BUSY TASK ewma=997
DMA IRQ c0=2
DMA IRQ c1=0
DMA IRQ c2=0
DMA IRQ c3=0
SELECT busy=10555
SELECT w0=10512
SELECT w1=5298
SELECT w2=6097
BUSY TASK ewma=997
DMA IRQ c0=2
DMA IRQ c1=0
DMA IRQ c2=0
DMA IRQ c3=0
SELECT busy=10573
SELECT w0=10529
SELECT w1=5308
SELECT w2=6109
BUSY TASK ewma=997
DMA IRQ c0=2
DMA IRQ c1=0
DMA IRQ c2=0
DMA IRQ c3=0
SELECT busy=10590
SELECT w0=10546
SELECT w1=5316
SELECT w2=6118
BUSY TASK ewma=997
DMA IRQ c0=2
DMA IRQ c1=0
DMA IRQ c2=0
DMA IRQ c3=0
SELECT busy=10609
SELECT w0=10565
SELECT w1=5325
SELECT w2=6128
BUSY TASK ewma=997
DMA IRQ c0=2
DMA IRQ c1=0
DMA IRQ c2=0
DMA IRQ c3=0
SELECT busy=10626
SELECT w0=10583
SELECT w1=5333
SELECT w2=6138
BUSY TASK ewma=997
DMA IRQ c0=2
DMA IRQ c1=0
DMA IRQ c2=0
DMA IRQ c3=0
SELECT busy=10646
SELECT w0=10603
SELECT w1=5345
SELECT w2=6151
BUSY TASK ewma=997
DMA IRQ c0=2
DMA IRQ c1=0
DMA IRQ c2=0
DMA IRQ c3=0
SELECT busy=10666
SELECT w0=10622
SELECT w1=5355
SELECT w2=6162
BUSY TASK ewma=997
DMA IRQ c0=2
DMA IRQ c1=0
DMA IRQ c2=0
DMA IRQ c3=0
SELECT busy=10686
SELECT w0=10643
SELECT w1=5369
SELECT w2=6173
BUSY TASK ewma=997
DMA IRQ c0=2
DMA IRQ c1=0
DMA IRQ c2=0
DMA IRQ c3=0
SELECT busy=10707
SELECT w0=10664
SELECT w1=5376
SELECT w2=6181
BUSY TASK ewma=997
DMA IRQ c0=2
DMA IRQ c1=0
DMA IRQ c2=0
DMA IRQ c3=0
SELECT busy=10723
SELECT w0=10679
SELECT w1=5382
SELECT w2=6189
BUSY TASK ewma=997
DMA IRQ c0=2
DMA IRQ c1=0
DMA IRQ c2=0
DMA IRQ c3=0
SELECT busy=10745
SELECT w0=10702
SELECT w1=5393
SELECT w2=6203
BUSY TASK ewma=997
DMA IRQ c0=2
DMA IRQ c1=0
DMA IRQ c2=0
DMA IRQ c3=0
SELECT busy=10772
SELECT w0=10730
SELECT w1=5408
SELECT w2=6222
BUSY TASK ewma=997
DMA IRQ c0=2
DMA IRQ c1=0
DMA IRQ c2=0
DMA IRQ c3=0
SELECT busy=10792
SELECT w0=10749
SELECT w1=5418
SELECT w2=6236
BUSY TASK ewma=997
DMA IRQ c0=2
DMA IRQ c1=0
DMA IRQ c2=0
DMA IRQ c3=0
SELECT busy=10813
SELECT w0=10771
SELECT w1=5428
SELECT w2=6252
BUSY TASK ewma=997
DMA IRQ c0=2
DMA IRQ c1=0
DMA IRQ c2=0
DMA IRQ c3=0
SELECT busy=10830
SELECT w0=10786
SELECT w1=5436
SELECT w2=6263
BUSY TASK ewma=997
DMA IRQ c0=2
DMA IRQ c1=0
DMA IRQ c2=0
DMA IRQ c3=0
SELECT busy=10856
SELECT w0=10813
SELECT w1=5449
SELECT w2=6279
BUSY TASK ewma=997
DMA IRQ c0=2
DMA IRQ c1=0
DMA IRQ c2=0
DMA IRQ c3=0
SELECT busy=10879
SELECT w0=10835
SELECT w1=5460
SELECT w2=6298
BUSY TASK ewma=997
DMA IRQ c0=2
DMA IRQ c1=0
DMA IRQ c2=0
DMA IRQ c3=0
SELECT busy=10896
SELECT w0=10853
SELECT w1=5469
SELECT w2=6313
BUSY TASK ewma=997
DMA IRQ c0=2
DMA IRQ c1=0
DMA IRQ c2=0
DMA IRQ c3=0
SELECT busy=10914
SELECT w0=10870
SELECT w1=5475
SELECT w2=6321
BUSY TASK ewma=997
DMA IRQ c0=2
DMA IRQ c1=0
DMA IRQ c2=0
DMA IRQ c3=0
SELECT busy=10932
SELECT w0=10889
SELECT w1=5480
SELECT w2=6329
BUSY TASK ewma=997
DMA IRQ c0=2
DMA IRQ c1=0
DMA IRQ c2=0
DMA IRQ c3=0
SELECT busy=10954
SELECT w0=10910
SELECT w1=5487
SELECT w2=6338
BUSY TASK ewma=997
DMA IRQ c0=2
DMA IRQ c1=0
DMA IRQ c2=0
DMA IRQ c3=0
SELECT busy=10969
SELECT w0=10927
SELECT w1=5496
SELECT w2=6351
BUSY TASK ewma=997
DMA IRQ c0=2
DMA IRQ c1=0
DMA IRQ c2=0
DMA IRQ c3=0
SELECT busy=10990
SELECT w0=10948
SELECT w1=5507
SELECT w2=6366
BUSY TASK ewma=997
DMA IRQ c0=2
DMA IRQ c1=0
DMA IRQ c2=0
DMA IRQ c3=0
SELECT busy=11010
SELECT w0=10967
SELECT w1=5517
SELECT w2=6377
BUSY TASK ewma=997
DMA IRQ c0=2
DMA IRQ c1=0
DMA IRQ c2=0
DMA IRQ c3=0
SELECT busy=11031
SELECT w0=10987
SELECT w1=5527
SELECT w2=6388
BUSY TASK ewma=997
DMA IRQ c0=2
DMA IRQ c1=0
DMA IRQ c2=0
DMA IRQ c3=0
SELECT busy=11043
SELECT w0=11000
SELECT w1=5536
SELECT w2=6398
BUSY TASK ewma=997
DMA IRQ c0=2
DMA IRQ c1=0
DMA IRQ c2=0
DMA IRQ c3=0
SELECT busy=11068
SELECT w0=11026
SELECT w1=5548
SELECT w2=6413
BUSY TASK ewma=997
DMA IRQ c0=2
DMA IRQ c1=0
DMA IRQ c2=0
DMA IRQ c3=0
SELECT busy=11099
SELECT w0=11056
SELECT w1=5559
SELECT w2=6427
BUSY TASK ewma=997
DMA IRQ c0=2
DMA IRQ c1=0
DMA IRQ c2=0
DMA IRQ c3=0
SELECT busy=11123
SELECT w0=11079
SELECT w1=5568
SELECT w2=6441
BUSY TASK ewma=997
DMA IRQ c0=2
DMA IRQ c1=0
DMA IRQ c2=0
DMA IRQ c3=0
SELECT busy=11144
SELECT w0=11101
SELECT w1=5578
SELECT w2=6457
BUSY TASK ewma=997
DMA IRQ c0=2
DMA IRQ c1=0
DMA IRQ c2=0
DMA IRQ c3=0
SELECT busy=11165
SELECT w0=11121
SELECT w1=5586
SELECT w2=6466
BUSY TASK ewma=997
DMA IRQ c0=2
DMA IRQ c1=0
DMA IRQ c2=0
DMA IRQ c3=0
SELECT busy=11186
SELECT w0=11143
SELECT w1=5595
SELECT w2=6482
BUSY TASK ewma=997
DMA IRQ c0=2
DMA IRQ c1=0
DMA IRQ c2=0
DMA IRQ c3=0
SELECT busy=11204
SELECT w0=11160
SELECT w1=5602
SELECT w2=6490
BUSY TASK ewma=997
DMA IRQ c0=2
DMA IRQ c1=0
DMA IRQ c2=0
DMA IRQ c3=0
SELECT busy=11223
SELECT w0=11180
SELECT w1=5611
SELECT w2=6500
BUSY TASK ewma=997
DMA IRQ c0=2
DMA IRQ c1=0
DMA IRQ c2=0
DMA IRQ c3=0
SELECT busy=11241
SELECT w0=11198
SELECT w1=5620
SELECT w2=6511
BUSY TASK ewma=997
DMA IRQ c0=2
DMA IRQ c1=0
DMA IRQ c2=0
DMA IRQ c3=0
SELECT busy=11259
SELECT w0=11216
SELECT w1=5628
SELECT w2=6523
BUSY TASK ewma=997
IRQ counts: cpu0=22505 cpu1=25198 cpu2=25489 cpu3=25202
SCHED secondaries: calls=75914 unexpected=0
SECTEST switches=75890 cpu1=230467212,225684827 cpu2=201302239,195956804 cpu3=278765704,270255251
PINGPONG rounds=2000 pongs=2000
DMA IRQ c0=2
DMA IRQ c1=0
DMA IRQ c2=0
DMA IRQ c3=0
SELECT busy=11287
SELECT w0=11243
SELECT w1=5643
SELECT w2=6544
BUSY TASK ewma=997
DMA IRQ c0=2
DMA IRQ c1=0
DMA IRQ c2=0
DMA IRQ c3=0
SELECT busy=11303
SELECT w0=11260
SELECT w1=5651
SELECT w2=6553
BUSY TASK ewma=997
DMA IRQ c0=2
DMA IRQ c1=0
DMA IRQ c2=0
DMA IRQ c3=0
SELECT busy=11318
SELECT w0=11275
SELECT w1=5658
SELECT w2=6565
BUSY TASK ewma=997
DMA IRQ c0=2
DMA IRQ c1=0
DMA IRQ c2=0
DMA IRQ c3=0
SELECT busy=11337
SELECT w0=11295
SELECT w1=5670
SELECT w2=6578
BUSY TASK ewma=997
DMA IRQ c0=2
DMA IRQ c1=0
DMA IRQ c2=0
DMA IRQ c3=0
SELECT busy=11356
SELECT w0=11315
SELECT w1=5680
SELECT w2=6590
BUSY TASK ewma=997
DMA IRQ c0=2
DMA IRQ c1=0
DMA IRQ c2=0
DMA IRQ c3=0
SELECT busy=11376
SELECT w0=11332
SELECT w1=5690
SELECT w2=6600
BUSY TASK ewma=997
DMA IRQ c0=2
DMA IRQ c1=0
DMA IRQ c2=0
DMA IRQ c3=0
SELECT busy=11395
SELECT w0=11352
SELECT w1=5699
SELECT w2=6613
BUSY TASK ewma=997
DMA IRQ c0=2
DMA IRQ c1=0
DMA IRQ c2=0
DMA IRQ c3=0
SELECT busy=11409
SELECT w0=11365
SELECT w1=5705
SELECT w2=6620
BUSY TASK ewma=997
DMA IRQ c0=2
DMA IRQ c1=0
DMA IRQ c2=0
DMA IRQ c3=0
SELECT busy=11430
SELECT w0=11387
SELECT w1=5716
SELECT w2=6634
BUSY TASK ewma=997
DMA IRQ c0=2
DMA IRQ c1=0
DMA IRQ c2=0
DMA IRQ c3=0
SELECT busy=11447
SELECT w0=11403
SELECT w1=5724
SELECT w2=6644
BUSY TASK ewma=997
DMA IRQ c0=2
DMA IRQ c1=0
DMA IRQ c2=0
DMA IRQ c3=0
SELECT busy=11469
SELECT w0=11426
SELECT w1=5734
SELECT w2=6658
BUSY TASK ewma=997
DMA IRQ c0=2
DMA IRQ c1=0
DMA IRQ c2=0
DMA IRQ c3=0
SELECT busy=11499
SELECT w0=11456
SELECT w1=5751
SELECT w2=6679
BUSY TASK ewma=997
DMA IRQ c0=2
DMA IRQ c1=0
DMA IRQ c2=0
DMA IRQ c3=0
SELECT busy=11546
SELECT w0=11502
SELECT w1=5774
SELECT w2=6700
BUSY TASK ewma=997
DMA IRQ c0=2
DMA IRQ c1=0
DMA IRQ c2=0
DMA IRQ c3=0
SELECT busy=11574
SELECT w0=11531
SELECT w1=5785
SELECT w2=6717
BUSY TASK ewma=997
DMA IRQ c0=2
DMA IRQ c1=0
DMA IRQ c2=0
DMA IRQ c3=0
SELECT busy=11605
SELECT w0=11562
SELECT w1=5796
SELECT w2=6732
BUSY TASK ewma=997
DMA IRQ c0=2
DMA IRQ c1=0
DMA IRQ c2=0
DMA IRQ c3=0
SELECT busy=11631
SELECT w0=11590
SELECT w1=5813
SELECT w2=6751
BUSY TASK ewma=997
DMA IRQ c0=2
DMA IRQ c1=0
DMA IRQ c2=0
DMA IRQ c3=0
SELECT busy=11668
SELECT w0=11625
SELECT w1=5831
SELECT w2=6777
BUSY TASK ewma=997
DMA IRQ c0=2
DMA IRQ c1=0
DMA IRQ c2=0
DMA IRQ c3=0
SELECT busy=11701
SELECT w0=11658
SELECT w1=5844
SELECT w2=6797
BUSY TASK ewma=997
DMA IRQ c0=2
DMA IRQ c1=0
DMA IRQ c2=0
DMA IRQ c3=0
SELECT busy=11729
SELECT w0=11687
SELECT w1=5856
SELECT w2=6813
BUSY TASK ewma=997
DMA IRQ c0=2
DMA IRQ c1=0
DMA IRQ c2=0
DMA IRQ c3=0
SELECT busy=11758
SELECT w0=11715
SELECT w1=5868
SELECT w2=6826
BUSY TASK ewma=997
DMA IRQ c0=2
DMA IRQ c1=0
DMA IRQ c2=0
DMA IRQ c3=0
SELECT busy=11788
SELECT w0=11746
SELECT w1=5882
SELECT w2=6843
BUSY TASK ewma=997
DMA IRQ c0=2
DMA IRQ c1=0
DMA IRQ c2=0
DMA IRQ c3=0
SELECT busy=11813
SELECT w0=11770
SELECT w1=5898
SELECT w2=6859
BUSY TASK ewma=997
DMA IRQ c0=2
DMA IRQ c1=0
DMA IRQ c2=0
DMA IRQ c3=0
SELECT busy=11832
SELECT w0=11789
SELECT w1=5908
SELECT w2=6871
BUSY TASK ewma=997
DMA IRQ c0=2
DMA IRQ c1=0
DMA IRQ c2=0
DMA IRQ c3=0
SELECT busy=11850
SELECT w0=11807
SELECT w1=5917
SELECT w2=6884
BUSY TASK ewma=997
DMA IRQ c0=2
DMA IRQ c1=0
DMA IRQ c2=0
DMA IRQ c3=0
SELECT busy=11866
SELECT w0=11823
SELECT w1=5928
SELECT w2=6896
BUSY TASK ewma=997
DMA IRQ c0=2
DMA IRQ c1=0
DMA IRQ c2=0
DMA IRQ c3=0
SELECT busy=11885
SELECT w0=11842
SELECT w1=5938
SELECT w2=6908
BUSY TASK ewma=997
DMA IRQ c0=2
DMA IRQ c1=0
DMA IRQ c2=0
DMA IRQ c3=0
SELECT busy=11905
SELECT w0=11862
SELECT w1=5947
SELECT w2=6921
BUSY TASK ewma=997
DMA IRQ c0=2
DMA IRQ c1=0
DMA IRQ c2=0
DMA IRQ c3=0
SELECT busy=11920
SELECT w0=11877
SELECT w1=5953
SELECT w2=6929
BUSY TASK ewma=997
DMA IRQ c0=2
DMA IRQ c1=0
DMA IRQ c2=0
DMA IRQ c3=0
SELECT busy=11941
SELECT w0=11897
SELECT w1=5962
SELECT w2=6941
BUSY TASK ewma=997
DMA IRQ c0=2
DMA IRQ c1=0
DMA IRQ c2=0
DMA IRQ c3=0
SELECT busy=11960
SELECT w0=11917
SELECT w1=5968
SELECT w2=6950
BUSY TASK ewma=997
DMA IRQ c0=2
DMA IRQ c1=0
DMA IRQ c2=0
DMA IRQ c3=0
SELECT busy=11979
SELECT w0=11935
SELECT w1=5975
SELECT w2=6959
BUSY TASK ewma=997
DMA IRQ c0=2
DMA IRQ c1=0
DMA IRQ c2=0
DMA IRQ c3=0
SELECT busy=11998
SELECT w0=11954
SELECT w1=5983
SELECT w2=6967
BUSY TASK ewma=997
DMA IRQ c0=2
DMA IRQ c1=0
DMA IRQ c2=0
DMA IRQ c3=0
SELECT busy=12020
SELECT w0=11976
SELECT w1=5992
SELECT w2=6977
BUSY TASK ewma=997
DMA IRQ c0=2
DMA IRQ c1=0
DMA IRQ c2=0
DMA IRQ c3=0
SELECT busy=12038
SELECT w0=11994
SELECT w1=6000
SELECT w2=6984
BUSY TASK ewma=997
DMA IRQ c0=2
DMA IRQ c1=0
DMA IRQ c2=0
DMA IRQ c3=0
SELECT busy=12054
SELECT w0=12010
SELECT w1=6005
SELECT w2=6990
BUSY TASK ewma=997
DMA IRQ c0=2
DMA IRQ c1=0
DMA IRQ c2=0
DMA IRQ c3=0
SELECT busy=12085
SELECT w0=12042
SELECT w1=6018
SELECT w2=7007
BUSY TASK ewma=997
DMA IRQ c0=2
DMA IRQ c1=0
DMA IRQ c2=0
DMA IRQ c3=0
SELECT busy=12119
SELECT w0=12076
SELECT w1=6039
SELECT w2=7030
BUSY TASK ewma=997
DMA IRQ c0=2
DMA IRQ c1=0
DMA IRQ c2=0
DMA IRQ c3=0
SELECT busy=12151
SELECT w0=12108
SELECT w1=6055
SELECT w2=7049
BUSY TASK ewma=997
DMA IRQ c0=2
DMA IRQ c1=0
DMA IRQ c2=0
DMA IRQ c3=0
SELECT busy=12177
SELECT w0=12134
SELECT w1=6068
SELECT w2=7069
BUSY TASK ewma=997
DMA IRQ c0=2
DMA IRQ c1=0
DMA IRQ c2=0
DMA IRQ c3=0
SELECT busy=12197
SELECT w0=12153
SELECT w1=6076
SELECT w2=7078
BUSY TASK ewma=997
DMA IRQ c0=2
DMA IRQ c1=0
DMA IRQ c2=0
DMA IRQ c3=0
SELECT busy=12214
SELECT w0=12170
SELECT w1=6085
SELECT w2=7087
BUSY TASK ewma=997
DMA IRQ c0=2
DMA IRQ c1=0
DMA IRQ c2=0
DMA IRQ c3=0
SELECT busy=12232
SELECT w0=12189
SELECT w1=6097
SELECT w2=7098
BUSY TASK ewma=997
DMA IRQ c0=2
DMA IRQ c1=0
DMA IRQ c2=0
DMA IRQ c3=0
SELECT busy=12255
SELECT w0=12212
SELECT w1=6105
SELECT w2=7109
BUSY TASK ewma=997
DMA IRQ c0=2
DMA IRQ c1=0
DMA IRQ c2=0
DMA IRQ c3=0
SELECT busy=12274
SELECT w0=12230
SELECT w1=6111
SELECT w2=7117
BUSY TASK ewma=997
DMA IRQ c0=2
DMA IRQ c1=0
DMA IRQ c2=0
DMA IRQ c3=0
SELECT busy=12293
SELECT w0=12250
SELECT w1=6120
SELECT w2=7131
BUSY TASK ewma=997
DMA IRQ c0=2
DMA IRQ c1=0
DMA IRQ c2=0
DMA IRQ c3=0
SELECT busy=12334
SELECT w0=12290
SELECT w1=6137
SELECT w2=7150
BUSY TASK ewma=997
DMA IRQ c0=2
DMA IRQ c1=0
DMA IRQ c2=0
DMA IRQ c3=0
SELECT busy=12368
SELECT w0=12325
SELECT w1=6150
SELECT w2=7167
BUSY TASK ewma=997
DMA IRQ c0=2
DMA IRQ c1=0
DMA IRQ c2=0
DMA IRQ c3=0
SELECT busy=12402
SELECT w0=12358
SELECT w1=6162
SELECT w2=7182
BUSY TASK ewma=997
DMA IRQ c0=2
DMA IRQ c1=0
DMA IRQ c2=0
DMA IRQ c3=0
SELECT busy=12432
SELECT w0=12388
SELECT w1=6174
SELECT w2=7199
BUSY TASK ewma=997
DMA IRQ c0=2
DMA IRQ c1=0
DMA IRQ c2=0
DMA IRQ c3=0
SELECT busy=12479
SELECT w0=12436
SELECT w1=6195
SELECT w2=7222
BUSY TASK ewma=997
DMA IRQ c0=2
DMA IRQ c1=0
DMA IRQ c2=0
DMA IRQ c3=0
SELECT busy=12510
SELECT w0=12466
SELECT w1=6206
SELECT w2=7238
BUSY TASK ewma=997
DMA IRQ c0=2
DMA IRQ c1=0
DMA IRQ c2=0
DMA IRQ c3=0
SELECT busy=12548
SELECT w0=12504
SELECT w1=6221
SELECT w2=7256
BUSY TASK ewma=997
DMA IRQ c0=2
DMA IRQ c1=0
DMA IRQ c2=0
DMA IRQ c3=0
SELECT busy=12580
SELECT w0=12536
SELECT w1=6232
SELECT w2=7269
BUSY TASK ewma=997
DMA IRQ c0=2
DMA IRQ c1=0
DMA IRQ c2=0
DMA IRQ c3=0
SELECT busy=12608
SELECT w0=12564
SELECT w1=6240
SELECT w2=7282
BUSY TASK ewma=997
DMA IRQ c0=2
DMA IRQ c1=0
DMA IRQ c2=0
DMA IRQ c3=0
SELECT busy=12645
SELECT w0=12602
SELECT w1=6254
SELECT w2=7300
BUSY TASK ewma=997
DMA IRQ c0=2
DMA IRQ c1=0
DMA IRQ c2=0
DMA IRQ c3=0
SELECT busy=12684
SELECT w0=12641
SELECT w1=6273
SELECT w2=7324
BUSY TASK ewma=997
DMA IRQ c0=2
DMA IRQ c1=0
DMA IRQ c2=0
DMA IRQ c3=0
SELECT busy=12705
SELECT w0=12662
SELECT w1=6285
SELECT w2=7339
BUSY TASK ewma=997
DMA IRQ c0=2
DMA IRQ c1=0
DMA IRQ c2=0
DMA IRQ c3=0
SELECT busy=12722
SELECT w0=12678
SELECT w1=6293
SELECT w2=7349
BUSY TASK ewma=997
DMA IRQ c0=2
DMA IRQ c1=0
DMA IRQ c2=0
DMA IRQ c3=0
SELECT busy=12735
SELECT w0=12692
SELECT w1=6300
SELECT w2=7359
BUSY TASK ewma=997
DMA IRQ c0=2
DMA IRQ c1=0
DMA IRQ c2=0
DMA IRQ c3=0
SELECT busy=12753
SELECT w0=12709
SELECT w1=6307
SELECT w2=7369
BUSY TASK ewma=997
DMA IRQ c0=2
DMA IRQ c1=0
DMA IRQ c2=0
DMA IRQ c3=0
SELECT busy=12783
SELECT w0=12739
SELECT w1=6322
SELECT w2=7386
BUSY TASK ewma=997
DMA IRQ c0=2
DMA IRQ c1=0
DMA IRQ c2=0
DMA IRQ c3=0
SELECT busy=12817
SELECT w0=12774
SELECT w1=6338
SELECT w2=7409
BUSY TASK ewma=997
DMA IRQ c0=2
DMA IRQ c1=0
DMA IRQ c2=0
DMA IRQ c3=0
SELECT busy=12849
SELECT w0=12805
SELECT w1=6348
SELECT w2=7423
BUSY TASK ewma=997
DMA IRQ c0=2
DMA IRQ c1=0
DMA IRQ c2=0
DMA IRQ c3=0
SELECT busy=12876
SELECT w0=12833
SELECT w1=6362
SELECT w2=7442
BUSY TASK ewma=997
IRQ counts: cpu0=25775 cpu1=28906 cpu2=29189 cpu3=28871
SCHED secondaries: calls=86975 unexpected=0
SECTEST switches=86960 cpu1=260315085,255057469 cpu2=227805165,222760978 cpu3=318568740,310196371
PINGPONG rounds=2000 pongs=2000
DMA IRQ c0=2
DMA IRQ c1=0
DMA IRQ c2=0
DMA IRQ c3=0
SELECT busy=12920
SELECT w0=12876
SELECT w1=6382
SELECT w2=7466
BUSY TASK ewma=997
DMA IRQ c0=2
DMA IRQ c1=0
DMA IRQ c2=0
DMA IRQ c3=0
SELECT busy=12954
SELECT w0=12911
SELECT w1=6395
SELECT w2=7483
BUSY TASK ewma=997
DMA IRQ c0=2
DMA IRQ c1=0
DMA IRQ c2=0
DMA IRQ c3=0
SELECT busy=12990
SELECT w0=12947
SELECT w1=6416
SELECT w2=7505
BUSY TASK ewma=997
DMA IRQ c0=2
DMA IRQ c1=0
DMA IRQ c2=0
DMA IRQ c3=0
SELECT busy=13009
SELECT w0=12965
SELECT w1=6424
SELECT w2=7518
BUSY TASK ewma=997
DMA IRQ c0=2
DMA IRQ c1=0
DMA IRQ c2=0
DMA IRQ c3=0
SELECT busy=13032
SELECT w0=12988
SELECT w1=6434
SELECT w2=7530
BUSY TASK ewma=997
DMA IRQ c0=2
DMA IRQ c1=0
DMA IRQ c2=0
DMA IRQ c3=0
SELECT busy=13051
SELECT w0=13007
SELECT w1=6440
SELECT w2=7540
BUSY TASK ewma=997
DMA IRQ c0=2
DMA IRQ c1=0
DMA IRQ c2=0
DMA IRQ c3=0
SELECT busy=13071
SELECT w0=13028
SELECT w1=6450
SELECT w2=7551
BUSY TASK ewma=997
DMA IRQ c0=2
DMA IRQ c1=0
DMA IRQ c2=0
DMA IRQ c3=0
SELECT busy=13092
SELECT w0=13049
SELECT w1=6460
SELECT w2=7563
BUSY TASK ewma=997
DMA IRQ c0=2
DMA IRQ c1=0
DMA IRQ c2=0
DMA IRQ c3=0
SELECT busy=13111
SELECT w0=13068
SELECT w1=6471
SELECT w2=7577
BUSY TASK ewma=997
DMA IRQ c0=2
DMA IRQ c1=0
DMA IRQ c2=0
DMA IRQ c3=0
SELECT busy=13127
SELECT w0=13084
SELECT w1=6480
SELECT w2=7591
BUSY TASK ewma=997
DMA IRQ c0=2
DMA IRQ c1=0
DMA IRQ c2=0
DMA IRQ c3=0
SELECT busy=13144
SELECT w0=13103
SELECT w1=6491
SELECT w2=7605
BUSY TASK ewma=997
DMA IRQ c0=2
DMA IRQ c1=0
DMA IRQ c2=0
DMA IRQ c3=0
SELECT busy=13167
SELECT w0=13124
SELECT w1=6503
SELECT w2=7619
BUSY TASK ewma=997
DMA IRQ c0=2
DMA IRQ c1=0
DMA IRQ c2=0
DMA IRQ c3=0
SELECT busy=13190
SELECT w0=13147
SELECT w1=6514
SELECT w2=7637
BUSY TASK ewma=997
DMA IRQ c0=2
DMA IRQ c1=0
DMA IRQ c2=0
DMA IRQ c3=0
SELECT busy=13225
SELECT w0=13181
SELECT w1=6528
SELECT w2=7652
BUSY TASK ewma=997
DMA IRQ c0=2
DMA IRQ c1=0
DMA IRQ c2=0
DMA IRQ c3=0
SELECT busy=13245
SELECT w0=13201
SELECT w1=6535
SELECT w2=7661
BUSY TASK ewma=997
DMA IRQ c0=2
DMA IRQ c1=0
DMA IRQ c2=0
DMA IRQ c3=0
SELECT busy=13255
SELECT w0=13211
SELECT w1=6539
SELECT w2=7667
BUSY TASK ewma=997
DMA IRQ c0=2
DMA IRQ c1=0
DMA IRQ c2=0
DMA IRQ c3=0
SELECT busy=13277
SELECT w0=13234
SELECT w1=6550
SELECT w2=7683
BUSY TASK ewma=997
DMA IRQ c0=2
DMA IRQ c1=0
DMA IRQ c2=0
DMA IRQ c3=0
SELECT busy=13301
SELECT w0=13257
SELECT w1=6558
SELECT w2=7693
BUSY TASK ewma=997
DMA IRQ c0=2
DMA IRQ c1=0
DMA IRQ c2=0
DMA IRQ c3=0
SELECT busy=13322
SELECT w0=13278
SELECT w1=6567
SELECT w2=7705
BUSY TASK ewma=997
DMA IRQ c0=2
DMA IRQ c1=0
DMA IRQ c2=0
DMA IRQ c3=0
SELECT busy=13343
SELECT w0=13299
SELECT w1=6576
SELECT w2=7718
BUSY TASK ewma=997
DMA IRQ c0=2
DMA IRQ c1=0
DMA IRQ c2=0
DMA IRQ c3=0
SELECT busy=13366
SELECT w0=13322
SELECT w1=6588
SELECT w2=7731
BUSY TASK ewma=997
DMA IRQ c0=2
DMA IRQ c1=0
DMA IRQ c2=0
DMA IRQ c3=0
SELECT busy=13380
SELECT w0=13337
SELECT w1=6596
SELECT w2=7740
BUSY TASK ewma=997
DMA IRQ c0=2
DMA IRQ c1=0
DMA IRQ c2=0
DMA IRQ c3=0
SELECT busy=13399
SELECT w0=13358
SELECT w1=6605
SELECT w2=7753
BUSY TASK ewma=997
DMA IRQ c0=2
DMA IRQ c1=0
DMA IRQ c2=0
DMA IRQ c3=0
SELECT busy=13418
SELECT w0=13375
SELECT w1=6613
SELECT w2=7762
BUSY TASK ewma=997
DMA IRQ c0=2
DMA IRQ c1=0
DMA IRQ c2=0
DMA IRQ c3=0
SELECT busy=13433
SELECT w0=13390
SELECT w1=6622
SELECT w2=7773
BUSY TASK ewma=997
DMA IRQ c0=2
DMA IRQ c1=0
DMA IRQ c2=0
DMA IRQ c3=0
SELECT busy=13450
SELECT w0=13407
SELECT w1=6631
SELECT w2=7782
BUSY TASK ewma=997
DMA IRQ c0=2
DMA IRQ c1=0
DMA IRQ c2=0
DMA IRQ c3=0
SELECT busy=13488
SELECT w0=13445
SELECT w1=6651
SELECT w2=7810
BUSY TASK ewma=997
DMA IRQ c0=2
DMA IRQ c1=0
DMA IRQ c2=0
DMA IRQ c3=0
SELECT busy=13528
SELECT w0=13486
SELECT w1=6668
SELECT w2=7834
BUSY TASK ewma=997
DMA IRQ c0=2
DMA IRQ c1=0
DMA IRQ c2=0
DMA IRQ c3=0
SELECT busy=13560
SELECT w0=13516
SELECT w1=6678
SELECT w2=7850
BUSY TASK ewma=997
DMA IRQ c0=2
DMA IRQ c1=0
DMA IRQ c2=0
DMA IRQ c3=0
SELECT busy=13601
SELECT w0=13558
SELECT w1=6699
SELECT w2=7875
BUSY TASK ewma=997
DMA IRQ c0=2
DMA IRQ c1=0
DMA IRQ c2=0
DMA IRQ c3=0
SELECT busy=13633
SELECT w0=13590
SELECT w1=6713
SELECT w2=7897
BUSY TASK ewma=997
DMA IRQ c0=2
DMA IRQ c1=0
DMA IRQ c2=0
DMA IRQ c3=0
SELECT busy=13664
SELECT w0=13620
SELECT w1=6724
SELECT w2=7911
BUSY TASK ewma=997
DMA IRQ c0=2
DMA IRQ c1=0
DMA IRQ c2=0
DMA IRQ c3=0
SELECT busy=13699
SELECT w0=13656
SELECT w1=6738
SELECT w2=7930
BUSY TASK ewma=997
DMA IRQ c0=2
DMA IRQ c1=0
DMA IRQ c2=0
DMA IRQ c3=0
SELECT busy=13732
SELECT w0=13689
SELECT w1=6753
SELECT w2=7947
BUSY TASK ewma=997
DMA IRQ c0=2
DMA IRQ c1=0
DMA IRQ c2=0
DMA IRQ c3=0
SELECT busy=13767
SELECT w0=13724
SELECT w1=6771
SELECT w2=7971
BUSY TASK ewma=997
DMA IRQ c0=2
DMA IRQ c1=0
DMA IRQ c2=0
DMA IRQ c3=0
SELECT busy=13800
SELECT w0=13756
SELECT w1=6786
SELECT w2=7987
qemu-system-aarch64: terminating on signal 15 from pid 241927 (timeout)
