P4 M7: full integration test boot OK
CPU0: MPIDR_EL1=0x0000000080000000
CPU0: psci_cpu_on target=1 rc=0
CPU1: alive, MPIDR_EL1=0x0000000080000001 this_cpu()->cpu_id=1
CPU0: psci_cpu_on target=2 rc=0
CPU2: alive, MPIDR_EL1=0x0000000080000002 this_cpu()->cpu_id=2
CPU0: psci_cpu_on target=3 rc=0
CPU3: alive, MPIDR_EL1=0x0000000080000003 this_cpu()->cpu_id=3
CPUs online: 4
DMA IRQ target cpu=0
D2b: worker 2 runs on CPU2
D2b: worker 1 runs on CPU1
D2b: worker 0 runs on CPU0
P4 M7: worker submitted cmd_id=1
P4 M7: worker submitted cmd_id=2
P4 M7: worker submitted cmd_id=3
P4 M7: worker DATA OK, cmd_id=2
P4 M7: worker DATA OK, cmd_id=3
WORKER ewma=759
P4 M7: worker DATA OK, cmd_id=1
WORKER ewma=759
WORKER ewma=831
BUSY TASK ewma=997
DMA IRQ c0=1
DMA IRQ c1=0
DMA IRQ c2=0
DMA IRQ c3=0
SELECT busy=33
SELECT w0=49
SELECT w1=56
SELECT w2=19
BUSY TASK ewma=997
DMA IRQ c0=1
DMA IRQ c1=0
DMA IRQ c2=0
DMA IRQ c3=0
SELECT busy=60
SELECT w0=76
SELECT w1=100
SELECT w2=57
BUSY TASK ewma=997
DMA IRQ c0=1
DMA IRQ c1=0
DMA IRQ c2=0
DMA IRQ c3=0
SELECT busy=83
SELECT w0=99
SELECT w1=151
SELECT w2=108
BUSY TASK ewma=997
DMA IRQ c0=1
DMA IRQ c1=0
DMA IRQ c2=0
DMA IRQ c3=0
SELECT busy=118
SELECT w0=137
SELECT w1=181
SELECT w2=137
BUSY TASK ewma=997
DMA IRQ c0=1
DMA IRQ c1=0
DMA IRQ c2=0
DMA IRQ c3=0
SELECT busy=145
SELECT w0=160
SELECT w1=194
SELECT w2=150
BUSY TASK ewma=997
DMA IRQ c0=1
DMA IRQ c1=0
DMA IRQ c2=0
DMA IRQ c3=0
SELECT busy=177
SELECT w0=192
SELECT w1=209
SELECT w2=168
BUSY TASK ewma=997
DMA IRQ c0=1
DMA IRQ c1=0
DMA IRQ c2=0
DMA IRQ c3=0
SELECT busy=201
SELECT w0=217
SELECT w1=225
SELECT w2=187
BUSY TASK ewma=997
DMA IRQ c0=1
DMA IRQ c1=0
DMA IRQ c2=0
DMA IRQ c3=0
SELECT busy=227
SELECT w0=244
SELECT w1=240
SELECT w2=203
BUSY TASK ewma=997
DMA IRQ c0=1
DMA IRQ c1=0
DMA IRQ c2=0
DMA IRQ c3=0
SELECT busy=247
SELECT w0=263
SELECT w1=245
SELECT w2=209
BUSY TASK ewma=997
DMA IRQ c0=1
DMA IRQ c1=0
DMA IRQ c2=0
DMA IRQ c3=0
SELECT busy=269
SELECT w0=285
SELECT w1=258
SELECT w2=227
BUSY TASK ewma=997
DMA IRQ c0=1
DMA IRQ c1=0
DMA IRQ c2=0
DMA IRQ c3=0
SELECT busy=289
SELECT w0=305
SELECT w1=267
SELECT w2=237
BUSY TASK ewma=997
DMA IRQ c0=1
DMA IRQ c1=0
DMA IRQ c2=0
DMA IRQ c3=0
SELECT busy=310
SELECT w0=325
SELECT w1=278
SELECT w2=250
BUSY TASK ewma=997
DMA IRQ c0=1
DMA IRQ c1=0
DMA IRQ c2=0
DMA IRQ c3=0
SELECT busy=333
SELECT w0=349
SELECT w1=293
SELECT w2=270
BUSY TASK ewma=997
DMA IRQ c0=1
DMA IRQ c1=0
DMA IRQ c2=0
DMA IRQ c3=0
SELECT busy=374
SELECT w0=390
SELECT w1=313
SELECT w2=288
BUSY TASK ewma=997
DMA IRQ c0=1
DMA IRQ c1=0
DMA IRQ c2=0
DMA IRQ c3=0
SELECT busy=412
SELECT w0=428
SELECT w1=338
SELECT w2=304
BUSY TASK ewma=997
DMA IRQ c0=1
DMA IRQ c1=0
DMA IRQ c2=0
DMA IRQ c3=0
SELECT busy=432
SELECT w0=447
SELECT w1=348
SELECT w2=316
BUSY TASK ewma=997
DMA IRQ c0=1
DMA IRQ c1=0
DMA IRQ c2=0
DMA IRQ c3=0
SELECT busy=454
SELECT w0=470
SELECT w1=359
SELECT w2=332
BUSY TASK ewma=997
DMA IRQ c0=1
DMA IRQ c1=0
DMA IRQ c2=0
DMA IRQ c3=0
SELECT busy=480
SELECT w0=495
SELECT w1=373
SELECT w2=345
BUSY TASK ewma=997
DMA IRQ c0=1
DMA IRQ c1=0
DMA IRQ c2=0
DMA IRQ c3=0
SELECT busy=501
SELECT w0=516
SELECT w1=383
SELECT w2=358
BUSY TASK ewma=997
DMA IRQ c0=1
DMA IRQ c1=0
DMA IRQ c2=0
DMA IRQ c3=0
SELECT busy=518
SELECT w0=535
SELECT w1=396
SELECT w2=370
BUSY TASK ewma=997
DMA IRQ c0=1
DMA IRQ c1=0
DMA IRQ c2=0
DMA IRQ c3=0
SELECT busy=542
SELECT w0=557
SELECT w1=408
SELECT w2=382
BUSY TASK ewma=997
DMA IRQ c0=1
DMA IRQ c1=0
DMA IRQ c2=0
DMA IRQ c3=0
SELECT busy=558
SELECT w0=574
SELECT w1=419
SELECT w2=394
BUSY TASK ewma=997
DMA IRQ c0=1
DMA IRQ c1=0
DMA IRQ c2=0
DMA IRQ c3=0
SELECT busy=577
SELECT w0=593
SELECT w1=432
SELECT w2=406
BUSY TASK ewma=997
DMA IRQ c0=1
DMA IRQ c1=0
DMA IRQ c2=0
DMA IRQ c3=0
SELECT busy=598
SELECT w0=613
SELECT w1=444
SELECT w2=417
BUSY TASK ewma=997
DMA IRQ c0=1
DMA IRQ c1=0
DMA IRQ c2=0
DMA IRQ c3=0
SELECT busy=615
SELECT w0=631
SELECT w1=452
SELECT w2=426
BUSY TASK ewma=997
DMA IRQ c0=1
DMA IRQ c1=0
DMA IRQ c2=0
DMA IRQ c3=0
SELECT busy=636
SELECT w0=652
SELECT w1=465
SELECT w2=438
BUSY TASK ewma=997
DMA IRQ c0=1
DMA IRQ c1=0
DMA IRQ c2=0
DMA IRQ c3=0
SELECT busy=659
SELECT w0=675
SELECT w1=480
SELECT w2=452
BUSY TASK ewma=997
DMA IRQ c0=1
DMA IRQ c1=0
DMA IRQ c2=0
DMA IRQ c3=0
SELECT busy=680
SELECT w0=695
SELECT w1=489
SELECT w2=462
BUSY TASK ewma=997
DMA IRQ c0=1
DMA IRQ c1=0
DMA IRQ c2=0
DMA IRQ c3=0
SELECT busy=698
SELECT w0=713
SELECT w1=497
SELECT w2=471
BUSY TASK ewma=997
DMA IRQ c0=1
DMA IRQ c1=0
DMA IRQ c2=0
DMA IRQ c3=0
SELECT busy=717
SELECT w0=733
SELECT w1=509
SELECT w2=484
BUSY TASK ewma=997
DMA IRQ c0=1
DMA IRQ c1=0
DMA IRQ c2=0
DMA IRQ c3=0
SELECT busy=738
SELECT w0=754
SELECT w1=524
SELECT w2=500
BUSY TASK ewma=997
DMA IRQ c0=1
DMA IRQ c1=0
DMA IRQ c2=0
DMA IRQ c3=0
SELECT busy=756
SELECT w0=772
SELECT w1=535
SELECT w2=510
BUSY TASK ewma=997
DMA IRQ c0=1
DMA IRQ c1=0
DMA IRQ c2=0
DMA IRQ c3=0
SELECT busy=773
SELECT w0=789
SELECT w1=546
SELECT w2=521
BUSY TASK ewma=997
DMA IRQ c0=1
DMA IRQ c1=0
DMA IRQ c2=0
DMA IRQ c3=0
SELECT busy=797
SELECT w0=812
SELECT w1=557
SELECT w2=530
BUSY TASK ewma=997
DMA IRQ c0=1
DMA IRQ c1=0
DMA IRQ c2=0
DMA IRQ c3=0
SELECT busy=818
SELECT w0=833
SELECT w1=567
SELECT w2=541
BUSY TASK ewma=997
DMA IRQ c0=1
DMA IRQ c1=0
DMA IRQ c2=0
DMA IRQ c3=0
SELECT busy=841
SELECT w0=857
SELECT w1=582
SELECT w2=557
BUSY TASK ewma=997
DMA IRQ c0=1
DMA IRQ c1=0
DMA IRQ c2=0
DMA IRQ c3=0
SELECT busy=870
SELECT w0=885
SELECT w1=600
SELECT w2=573
BUSY TASK ewma=997
DMA IRQ c0=1
DMA IRQ c1=0
DMA IRQ c2=0
DMA IRQ c3=0
SELECT busy=886
SELECT w0=901
SELECT w1=610
SELECT w2=583
BUSY TASK ewma=997
DMA IRQ c0=1
DMA IRQ c1=0
DMA IRQ c2=0
DMA IRQ c3=0
SELECT busy=905
SELECT w0=921
SELECT w1=619
SELECT w2=594
BUSY TASK ewma=997
DMA IRQ c0=1
DMA IRQ c1=0
DMA IRQ c2=0
DMA IRQ c3=0
SELECT busy=924
SELECT w0=939
SELECT w1=626
SELECT w2=599
BUSY TASK ewma=997
DMA IRQ c0=1
DMA IRQ c1=0
DMA IRQ c2=0
DMA IRQ c3=0
SELECT busy=947
SELECT w0=962
SELECT w1=634
SELECT w2=608
BUSY TASK ewma=997
DMA IRQ c0=1
DMA IRQ c1=0
DMA IRQ c2=0
DMA IRQ c3=0
SELECT busy=969
SELECT w0=984
SELECT w1=649
SELECT w2=622
BUSY TASK ewma=997
DMA IRQ c0=1
DMA IRQ c1=0
DMA IRQ c2=0
DMA IRQ c3=0
SELECT busy=990
SELECT w0=1005
SELECT w1=659
SELECT w2=631
BUSY TASK ewma=997
DMA IRQ c0=1
DMA IRQ c1=0
DMA IRQ c2=0
DMA IRQ c3=0
SELECT busy=1011
SELECT w0=1027
SELECT w1=670
SELECT w2=644
BUSY TASK ewma=997
DMA IRQ c0=1
DMA IRQ c1=0
DMA IRQ c2=0
DMA IRQ c3=0
SELECT busy=1032
SELECT w0=1047
SELECT w1=683
SELECT w2=659
BUSY TASK ewma=997
DMA IRQ c0=1
DMA IRQ c1=0
DMA IRQ c2=0
DMA IRQ c3=0
SELECT busy=1058
SELECT w0=1073
SELECT w1=694
SELECT w2=670
BUSY TASK ewma=997
DMA IRQ c0=1
DMA IRQ c1=0
DMA IRQ c2=0
DMA IRQ c3=0
SELECT busy=1079
SELECT w0=1094
SELECT w1=703
SELECT w2=680
BUSY TASK ewma=997
DMA IRQ c0=1
DMA IRQ c1=0
DMA IRQ c2=0
DMA IRQ c3=0
SELECT busy=1104
SELECT w0=1120
SELECT w1=718
SELECT w2=697
BUSY TASK ewma=997
DMA IRQ c0=1
DMA IRQ c1=0
DMA IRQ c2=0
DMA IRQ c3=0
SELECT busy=1130
SELECT w0=1146
SELECT w1=736
SELECT w2=712
BUSY TASK ewma=997
DMA IRQ c0=1
DMA IRQ c1=0
DMA IRQ c2=0
DMA IRQ c3=0
SELECT busy=1152
SELECT w0=1168
SELECT w1=747
SELECT w2=722
BUSY TASK ewma=997
DMA IRQ c0=1
DMA IRQ c1=0
DMA IRQ c2=0
DMA IRQ c3=0
SELECT busy=1171
SELECT w0=1186
SELECT w1=755
SELECT w2=731
BUSY TASK ewma=997
DMA IRQ c0=1
DMA IRQ c1=0
DMA IRQ c2=0
DMA IRQ c3=0
SELECT busy=1190
SELECT w0=1206
SELECT w1=765
SELECT w2=742
BUSY TASK ewma=997
DMA IRQ c0=1
DMA IRQ c1=0
DMA IRQ c2=0
DMA IRQ c3=0
SELECT busy=1212
SELECT w0=1227
SELECT w1=779
SELECT w2=751
BUSY TASK ewma=997
DMA IRQ c0=1
DMA IRQ c1=0
DMA IRQ c2=0
DMA IRQ c3=0
SELECT busy=1235
SELECT w0=1253
SELECT w1=792
SELECT w2=768
BUSY TASK ewma=997
DMA IRQ c0=1
DMA IRQ c1=0
DMA IRQ c2=0
DMA IRQ c3=0
SELECT busy=1267
SELECT w0=1282
SELECT w1=815
SELECT w2=782
BUSY TASK ewma=997
DMA IRQ c0=1
DMA IRQ c1=0
DMA IRQ c2=0
DMA IRQ c3=0
SELECT busy=1298
SELECT w0=1315
SELECT w1=835
SELECT w2=807
BUSY TASK ewma=997
DMA IRQ c0=1
DMA IRQ c1=0
DMA IRQ c2=0
DMA IRQ c3=0
SELECT busy=1342
SELECT w0=1358
SELECT w1=856
SELECT w2=828
BUSY TASK ewma=997
DMA IRQ c0=1
DMA IRQ c1=0
DMA IRQ c2=0
DMA IRQ c3=0
SELECT busy=1373
SELECT w0=1388
SELECT w1=870
SELECT w2=845
BUSY TASK ewma=997
DMA IRQ c0=1
DMA IRQ c1=0
DMA IRQ c2=0
DMA IRQ c3=0
SELECT busy=1405
SELECT w0=1420
SELECT w1=882
SELECT w2=858
BUSY TASK ewma=997
DMA IRQ c0=1
DMA IRQ c1=0
DMA IRQ c2=0
DMA IRQ c3=0
SELECT busy=1426
SELECT w0=1441
SELECT w1=891
SELECT w2=866
BUSY TASK ewma=997
DMA IRQ c0=1
DMA IRQ c1=0
DMA IRQ c2=0
DMA IRQ c3=0
SELECT busy=1440
SELECT w0=1455
SELECT w1=900
SELECT w2=874
BUSY TASK ewma=997
DMA IRQ c0=1
DMA IRQ c1=0
DMA IRQ c2=0
DMA IRQ c3=0
SELECT busy=1451
SELECT w0=1467
SELECT w1=905
SELECT w2=881
BUSY TASK ewma=997
DMA IRQ c0=1
DMA IRQ c1=0
DMA IRQ c2=0
DMA IRQ c3=0
SELECT busy=1469
SELECT w0=1484
SELECT w1=913
SELECT w2=890
BUSY TASK ewma=997
IRQ counts: cpu0=2985 cpu1=3402 cpu2=3434 cpu3=3413
SCHED secondaries: calls=10267 unexpected=0
SECTEST switches=10266 cpu1=39708160,36236131 cpu2=30097410,30392536 cpu3=42414378,41087471
PINGPONG rounds=656 pongs=657
DMA IRQ c0=1
DMA IRQ c1=0
DMA IRQ c2=0
DMA IRQ c3=0
SELECT busy=1508
SELECT w0=1523
SELECT w1=930
SELECT w2=912
BUSY TASK ewma=997
DMA IRQ c0=1
DMA IRQ c1=0
DMA IRQ c2=0
DMA IRQ c3=0
SELECT busy=1532
SELECT w0=1547
SELECT w1=940
SELECT w2=922
BUSY TASK ewma=997
DMA IRQ c0=1
DMA IRQ c1=0
DMA IRQ c2=0
DMA IRQ c3=0
SELECT busy=1552
SELECT w0=1567
SELECT w1=950
SELECT w2=931
BUSY TASK ewma=997
DMA IRQ c0=1
DMA IRQ c1=0
DMA IRQ c2=0
DMA IRQ c3=0
SELECT busy=1579
SELECT w0=1594
SELECT w1=969
SELECT w2=947
BUSY TASK ewma=997
DMA IRQ c0=1
DMA IRQ c1=0
DMA IRQ c2=0
DMA IRQ c3=0
SELECT busy=1606
SELECT w0=1621
SELECT w1=989
SELECT w2=963
BUSY TASK ewma=997
DMA IRQ c0=1
DMA IRQ c1=0
DMA IRQ c2=0
DMA IRQ c3=0
SELECT busy=1631
SELECT w0=1648
SELECT w1=1008
SELECT w2=982
BUSY TASK ewma=997
DMA IRQ c0=1
DMA IRQ c1=0
DMA IRQ c2=0
DMA IRQ c3=0
SELECT busy=1672
SELECT w0=1688
SELECT w1=1030
SELECT w2=1006
BUSY TASK ewma=997
DMA IRQ c0=1
DMA IRQ c1=0
DMA IRQ c2=0
DMA IRQ c3=0
SELECT busy=1713
SELECT w0=1729
SELECT w1=1050
SELECT w2=1023
BUSY TASK ewma=997
DMA IRQ c0=1
DMA IRQ c1=0
DMA IRQ c2=0
DMA IRQ c3=0
SELECT busy=1733
SELECT w0=1748
SELECT w1=1064
SELECT w2=1032
BUSY TASK ewma=997
DMA IRQ c0=1
DMA IRQ c1=0
DMA IRQ c2=0
DMA IRQ c3=0
SELECT busy=1754
SELECT w0=1769
SELECT w1=1075
SELECT w2=1045
BUSY TASK ewma=997
DMA IRQ c0=1
DMA IRQ c1=0
DMA IRQ c2=0
DMA IRQ c3=0
SELECT busy=1767
SELECT w0=1782
SELECT w1=1080
SELECT w2=1053
BUSY TASK ewma=997
DMA IRQ c0=1
DMA IRQ c1=0
DMA IRQ c2=0
DMA IRQ c3=0
SELECT busy=1782
SELECT w0=1797
SELECT w1=1088
SELECT w2=1062
BUSY TASK ewma=997
DMA IRQ c0=1
DMA IRQ c1=0
DMA IRQ c2=0
DMA IRQ c3=0
SELECT busy=1804
SELECT w0=1819
SELECT w1=1102
SELECT w2=1079
BUSY TASK ewma=997
DMA IRQ c0=1
DMA IRQ c1=0
DMA IRQ c2=0
DMA IRQ c3=0
SELECT busy=1830
SELECT w0=1845
SELECT w1=1116
SELECT w2=1092
BUSY TASK ewma=997
DMA IRQ c0=1
DMA IRQ c1=0
DMA IRQ c2=0
DMA IRQ c3=0
SELECT busy=1856
SELECT w0=1872
SELECT w1=1131
SELECT w2=1109
BUSY TASK ewma=997
DMA IRQ c0=1
DMA IRQ c1=0
DMA IRQ c2=0
DMA IRQ c3=0
SELECT busy=1875
SELECT w0=1891
SELECT w1=1149
SELECT w2=1122
BUSY TASK ewma=997
DMA IRQ c0=1
DMA IRQ c1=0
DMA IRQ c2=0
DMA IRQ c3=0
SELECT busy=1898
SELECT w0=1914
SELECT w1=1167
SELECT w2=1137
BUSY TASK ewma=997
DMA IRQ c0=1
DMA IRQ c1=0
DMA IRQ c2=0
DMA IRQ c3=0
SELECT busy=1920
SELECT w0=1936
SELECT w1=1176
SELECT w2=1149
BUSY TASK ewma=997
DMA IRQ c0=1
DMA IRQ c1=0
DMA IRQ c2=0
DMA IRQ c3=0
SELECT busy=1943
SELECT w0=1959
SELECT w1=1190
SELECT w2=1166
BUSY TASK ewma=997
DMA IRQ c0=1
DMA IRQ c1=0
DMA IRQ c2=0
DMA IRQ c3=0
SELECT busy=1971
SELECT w0=1987
SELECT w1=1208
SELECT w2=1182
BUSY TASK ewma=997
DMA IRQ c0=1
DMA IRQ c1=0
DMA IRQ c2=0
DMA IRQ c3=0
SELECT busy=1997
SELECT w0=2013
SELECT w1=1223
SELECT w2=1195
BUSY TASK ewma=997
DMA IRQ c0=1
DMA IRQ c1=0
DMA IRQ c2=0
DMA IRQ c3=0
SELECT busy=2012
SELECT w0=2028
SELECT w1=1232
SELECT w2=1205
BUSY TASK ewma=997
DMA IRQ c0=1
DMA IRQ c1=0
DMA IRQ c2=0
DMA IRQ c3=0
SELECT busy=2039
SELECT w0=2055
SELECT w1=1247
SELECT w2=1220
BUSY TASK ewma=997
DMA IRQ c0=1
DMA IRQ c1=0
DMA IRQ c2=0
DMA IRQ c3=0
SELECT busy=2079
SELECT w0=2094
SELECT w1=1266
SELECT w2=1238
BUSY TASK ewma=997
DMA IRQ c0=1
DMA IRQ c1=0
DMA IRQ c2=0
DMA IRQ c3=0
SELECT busy=2116
SELECT w0=2132
SELECT w1=1284
SELECT w2=1257
BUSY TASK ewma=997
DMA IRQ c0=1
DMA IRQ c1=0
DMA IRQ c2=0
DMA IRQ c3=0
SELECT busy=2142
SELECT w0=2158
SELECT w1=1297
SELECT w2=1272
BUSY TASK ewma=997
DMA IRQ c0=1
DMA IRQ c1=0
DMA IRQ c2=0
DMA IRQ c3=0
SELECT busy=2168
SELECT w0=2184
SELECT w1=1311
SELECT w2=1284
BUSY TASK ewma=997
DMA IRQ c0=1
DMA IRQ c1=0
DMA IRQ c2=0
DMA IRQ c3=0
SELECT busy=2187
SELECT w0=2204
SELECT w1=1321
SELECT w2=1297
BUSY TASK ewma=997
DMA IRQ c0=1
DMA IRQ c1=0
DMA IRQ c2=0
DMA IRQ c3=0
SELECT busy=2214
SELECT w0=2236
SELECT w1=1341
SELECT w2=1322
BUSY TASK ewma=997
DMA IRQ c0=1
DMA IRQ c1=0
DMA IRQ c2=0
DMA IRQ c3=0
SELECT busy=2249
SELECT w0=2268
SELECT w1=1362
SELECT w2=1342
BUSY TASK ewma=997
DMA IRQ c0=1
DMA IRQ c1=0
DMA IRQ c2=0
DMA IRQ c3=0
SELECT busy=2283
SELECT w0=2299
SELECT w1=1380
SELECT w2=1360
BUSY TASK ewma=997
DMA IRQ c0=1
DMA IRQ c1=0
DMA IRQ c2=0
DMA IRQ c3=0
SELECT busy=2310
SELECT w0=2325
SELECT w1=1395
SELECT w2=1379
BUSY TASK ewma=997
DMA IRQ c0=1
DMA IRQ c1=0
DMA IRQ c2=0
DMA IRQ c3=0
SELECT busy=2325
SELECT w0=2341
SELECT w1=1405
SELECT w2=1386
BUSY TASK ewma=997
DMA IRQ c0=1
DMA IRQ c1=0
DMA IRQ c2=0
DMA IRQ c3=0
SELECT busy=2342
SELECT w0=2357
SELECT w1=1411
SELECT w2=1394
BUSY TASK ewma=997
DMA IRQ c0=1
DMA IRQ c1=0
DMA IRQ c2=0
DMA IRQ c3=0
SELECT busy=2375
SELECT w0=2391
SELECT w1=1434
SELECT w2=1410
BUSY TASK ewma=997
DMA IRQ c0=1
DMA IRQ c1=0
DMA IRQ c2=0
DMA IRQ c3=0
SELECT busy=2402
SELECT w0=2417
SELECT w1=1445
SELECT w2=1426
BUSY TASK ewma=997
DMA IRQ c0=1
DMA IRQ c1=0
DMA IRQ c2=0
DMA IRQ c3=0
SELECT busy=2435
SELECT w0=2451
SELECT w1=1462
SELECT w2=1441
BUSY TASK ewma=997
DMA IRQ c0=1
DMA IRQ c1=0
DMA IRQ c2=0
DMA IRQ c3=0
SELECT busy=2473
SELECT w0=2489
SELECT w1=1481
SELECT w2=1462
BUSY TASK ewma=997
DMA IRQ c0=1
DMA IRQ c1=0
DMA IRQ c2=0
DMA IRQ c3=0
SELECT busy=2501
SELECT w0=2517
SELECT w1=1495
SELECT w2=1476
BUSY TASK ewma=997
DMA IRQ c0=1
DMA IRQ c1=0
DMA IRQ c2=0
DMA IRQ c3=0
SELECT busy=2520
SELECT w0=2535
SELECT w1=1504
SELECT w2=1488
BUSY TASK ewma=997
DMA IRQ c0=1
DMA IRQ c1=0
DMA IRQ c2=0
DMA IRQ c3=0
SELECT busy=2544
SELECT w0=2560
SELECT w1=1520
SELECT w2=1501
BUSY TASK ewma=997
DMA IRQ c0=1
DMA IRQ c1=0
DMA IRQ c2=0
DMA IRQ c3=0
SELECT busy=2563
SELECT w0=2579
SELECT w1=1531
SELECT w2=1514
BUSY TASK ewma=997
DMA IRQ c0=1
DMA IRQ c1=0
DMA IRQ c2=0
DMA IRQ c3=0
SELECT busy=2584
SELECT w0=2599
SELECT w1=1544
SELECT w2=1524
BUSY TASK ewma=997
DMA IRQ c0=1
DMA IRQ c1=0
DMA IRQ c2=0
DMA IRQ c3=0
SELECT busy=2597
SELECT w0=2612
SELECT w1=1554
SELECT w2=1531
BUSY TASK ewma=997
DMA IRQ c0=1
DMA IRQ c1=0
DMA IRQ c2=0
DMA IRQ c3=0
SELECT busy=2614
SELECT w0=2630
SELECT w1=1570
SELECT w2=1545
BUSY TASK ewma=997
DMA IRQ c0=1
DMA IRQ c1=0
DMA IRQ c2=0
DMA IRQ c3=0
SELECT busy=2633
SELECT w0=2648
SELECT w1=1581
SELECT w2=1555
BUSY TASK ewma=997
DMA IRQ c0=1
DMA IRQ c1=0
DMA IRQ c2=0
DMA IRQ c3=0
SELECT busy=2658
SELECT w0=2676
SELECT w1=1597
SELECT w2=1571
BUSY TASK ewma=997
DMA IRQ c0=1
DMA IRQ c1=0
DMA IRQ c2=0
DMA IRQ c3=0
SELECT busy=2679
SELECT w0=2695
SELECT w1=1610
SELECT w2=1588
BUSY TASK ewma=997
DMA IRQ c0=1
DMA IRQ c1=0
DMA IRQ c2=0
DMA IRQ c3=0
SELECT busy=2699
SELECT w0=2716
SELECT w1=1626
SELECT w2=1601
BUSY TASK ewma=997
DMA IRQ c0=1
DMA IRQ c1=0
DMA IRQ c2=0
DMA IRQ c3=0
SELECT busy=2719
SELECT w0=2734
SELECT w1=1636
SELECT w2=1612
BUSY TASK ewma=997
DMA IRQ c0=1
DMA IRQ c1=0
DMA IRQ c2=0
DMA IRQ c3=0
SELECT busy=2740
SELECT w0=2756
SELECT w1=1656
SELECT w2=1627
BUSY TASK ewma=997
DMA IRQ c0=1
DMA IRQ c1=0
DMA IRQ c2=0
DMA IRQ c3=0
SELECT busy=2763
SELECT w0=2779
SELECT w1=1671
SELECT w2=1641
BUSY TASK ewma=997
DMA IRQ c0=1
DMA IRQ c1=0
DMA IRQ c2=0
DMA IRQ c3=0
SELECT busy=2786
SELECT w0=2802
SELECT w1=1685
SELECT w2=1657
BUSY TASK ewma=997
DMA IRQ c0=1
DMA IRQ c1=0
DMA IRQ c2=0
DMA IRQ c3=0
SELECT busy=2813
SELECT w0=2828
SELECT w1=1694
SELECT w2=1667
BUSY TASK ewma=997
DMA IRQ c0=1
DMA IRQ c1=0
DMA IRQ c2=0
DMA IRQ c3=0
SELECT busy=2831
SELECT w0=2847
SELECT w1=1701
SELECT w2=1673
BUSY TASK ewma=997
DMA IRQ c0=1
DMA IRQ c1=0
DMA IRQ c2=0
DMA IRQ c3=0
SELECT busy=2851
SELECT w0=2866
SELECT w1=1710
SELECT w2=1682
BUSY TASK ewma=997
DMA IRQ c0=1
DMA IRQ c1=0
DMA IRQ c2=0
DMA IRQ c3=0
SELECT busy=2873
SELECT w0=2890
SELECT w1=1724
SELECT w2=1696
BUSY TASK ewma=997
DMA IRQ c0=1
DMA IRQ c1=0
DMA IRQ c2=0
DMA IRQ c3=0
SELECT busy=2899
SELECT w0=2914
SELECT w1=1738
SELECT w2=1711
BUSY TASK ewma=997
DMA IRQ c0=1
DMA IRQ c1=0
DMA IRQ c2=0
DMA IRQ c3=0
SELECT busy=2920
SELECT w0=2936
SELECT w1=1748
SELECT w2=1723
BUSY TASK ewma=997
DMA IRQ c0=1
DMA IRQ c1=0
DMA IRQ c2=0
DMA IRQ c3=0
SELECT busy=2941
SELECT w0=2957
SELECT w1=1763
SELECT w2=1741
BUSY TASK ewma=997
DMA IRQ c0=1
DMA IRQ c1=0
DMA IRQ c2=0
DMA IRQ c3=0
SELECT busy=2958
SELECT w0=2974
SELECT w1=1774
SELECT w2=1757
BUSY TASK ewma=997
DMA IRQ c0=1
DMA IRQ c1=0
DMA IRQ c2=0
DMA IRQ c3=0
SELECT busy=2981
SELECT w0=2997
SELECT w1=1792
SELECT w2=1775
BUSY TASK ewma=997
DMA IRQ c0=1
DMA IRQ c1=0
DMA IRQ c2=0
DMA IRQ c3=0
SELECT busy=3001
SELECT w0=3017
SELECT w1=1804
SELECT w2=1788
BUSY TASK ewma=997
DMA IRQ c0=1
DMA IRQ c1=0
DMA IRQ c2=0
DMA IRQ c3=0
SELECT busy=3018
SELECT w0=3034
SELECT w1=1816
SELECT w2=1800
BUSY TASK ewma=997
IRQ counts: cpu0=6069 cpu1=7092 cpu2=7125 cpu3=7100
SCHED secondaries: calls=21323 unexpected=0
SECTEST switches=21291 cpu1=78303193,75038045 cpu2=62226462,60663633 cpu3=87645498,84786209
PINGPONG rounds=1286 pongs=1286
DMA IRQ c0=1
DMA IRQ c1=0
DMA IRQ c2=0
DMA IRQ c3=0
SELECT busy=3046
SELECT w0=3062
SELECT w1=1833
SELECT w2=1815
BUSY TASK ewma=997
DMA IRQ c0=1
DMA IRQ c1=0
DMA IRQ c2=0
DMA IRQ c3=0
SELECT busy=3066
SELECT w0=3082
SELECT w1=1844
SELECT w2=1826
BUSY TASK ewma=997
DMA IRQ c0=1
DMA IRQ c1=0
DMA IRQ c2=0
DMA IRQ c3=0
SELECT busy=3080
SELECT w0=3095
SELECT w1=1852
SELECT w2=1834
BUSY TASK ewma=997
DMA IRQ c0=1
DMA IRQ c1=0
DMA IRQ c2=0
DMA IRQ c3=0
SELECT busy=3100
SELECT w0=3118
SELECT w1=1865
SELECT w2=1849
BUSY TASK ewma=997
DMA IRQ c0=1
DMA IRQ c1=0
DMA IRQ c2=0
DMA IRQ c3=0
SELECT busy=3117
SELECT w0=3134
SELECT w1=1875
SELECT w2=1859
BUSY TASK ewma=997
DMA IRQ c0=1
DMA IRQ c1=0
DMA IRQ c2=0
DMA IRQ c3=0
SELECT busy=3136
SELECT w0=3152
SELECT w1=1884
SELECT w2=1866
BUSY TASK ewma=997
DMA IRQ c0=1
DMA IRQ c1=0
DMA IRQ c2=0
DMA IRQ c3=0
SELECT busy=3152
SELECT w0=3168
SELECT w1=1894
SELECT w2=1879
BUSY TASK ewma=997
DMA IRQ c0=1
DMA IRQ c1=0
DMA IRQ c2=0
DMA IRQ c3=0
SELECT busy=3169
SELECT w0=3185
SELECT w1=1905
SELECT w2=1889
BUSY TASK ewma=997
DMA IRQ c0=1
DMA IRQ c1=0
DMA IRQ c2=0
DMA IRQ c3=0
SELECT busy=3187
SELECT w0=3203
SELECT w1=1918
SELECT w2=1902
BUSY TASK ewma=997
DMA IRQ c0=1
DMA IRQ c1=0
DMA IRQ c2=0
DMA IRQ c3=0
SELECT busy=3202
SELECT w0=3218
SELECT w1=1926
SELECT w2=1912
BUSY TASK ewma=997
DMA IRQ c0=1
DMA IRQ c1=0
DMA IRQ c2=0
DMA IRQ c3=0
SELECT busy=3221
SELECT w0=3237
SELECT w1=1937
SELECT w2=1924
BUSY TASK ewma=997
DMA IRQ c0=1
DMA IRQ c1=0
DMA IRQ c2=0
DMA IRQ c3=0
SELECT busy=3248
SELECT w0=3264
SELECT w1=1954
SELECT w2=1936
BUSY TASK ewma=997
DMA IRQ c0=1
DMA IRQ c1=0
DMA IRQ c2=0
DMA IRQ c3=0
SELECT busy=3276
SELECT w0=3293
SELECT w1=1967
SELECT w2=1949
BUSY TASK ewma=997
DMA IRQ c0=1
DMA IRQ c1=0
DMA IRQ c2=0
DMA IRQ c3=0
SELECT busy=3297
SELECT w0=3313
SELECT w1=1980
SELECT w2=1960
BUSY TASK ewma=997
DMA IRQ c0=1
DMA IRQ c1=0
DMA IRQ c2=0
DMA IRQ c3=0
SELECT busy=3319
SELECT w0=3336
SELECT w1=1989
SELECT w2=1972
BUSY TASK ewma=997
DMA IRQ c0=1
DMA IRQ c1=0
DMA IRQ c2=0
DMA IRQ c3=0
SELECT busy=3349
SELECT w0=3365
SELECT w1=2000
SELECT w2=1985
BUSY TASK ewma=997
DMA IRQ c0=1
DMA IRQ c1=0
DMA IRQ c2=0
DMA IRQ c3=0
SELECT busy=3378
SELECT w0=3396
SELECT w1=2016
SELECT w2=1998
BUSY TASK ewma=997
DMA IRQ c0=1
DMA IRQ c1=0
DMA IRQ c2=0
DMA IRQ c3=0
SELECT busy=3416
SELECT w0=3433
SELECT w1=2029
SELECT w2=2011
BUSY TASK ewma=997
DMA IRQ c0=1
DMA IRQ c1=0
DMA IRQ c2=0
DMA IRQ c3=0
SELECT busy=3439
SELECT w0=3456
SELECT w1=2043
SELECT w2=2023
BUSY TASK ewma=997
DMA IRQ c0=1
DMA IRQ c1=0
DMA IRQ c2=0
DMA IRQ c3=0
SELECT busy=3456
SELECT w0=3472
SELECT w1=2053
SELECT w2=2035
BUSY TASK ewma=997
DMA IRQ c0=1
DMA IRQ c1=0
DMA IRQ c2=0
DMA IRQ c3=0
SELECT busy=3481
SELECT w0=3497
SELECT w1=2065
SELECT w2=2047
BUSY TASK ewma=997
DMA IRQ c0=1
DMA IRQ c1=0
DMA IRQ c2=0
DMA IRQ c3=0
SELECT busy=3499
SELECT w0=3516
SELECT w1=2074
SELECT w2=2058
BUSY TASK ewma=997
DMA IRQ c0=1
DMA IRQ c1=0
DMA IRQ c2=0
DMA IRQ c3=0
SELECT busy=3520
SELECT w0=3536
SELECT w1=2085
SELECT w2=2069
BUSY TASK ewma=997
DMA IRQ c0=1
DMA IRQ c1=0
DMA IRQ c2=0
DMA IRQ c3=0
SELECT busy=3537
SELECT w0=3553
SELECT w1=2095
SELECT w2=2080
BUSY TASK ewma=997
DMA IRQ c0=1
DMA IRQ c1=0
DMA IRQ c2=0
DMA IRQ c3=0
SELECT busy=3566
SELECT w0=3582
SELECT w1=2110
SELECT w2=2098
BUSY TASK ewma=997
DMA IRQ c0=1
DMA IRQ c1=0
DMA IRQ c2=0
DMA IRQ c3=0
SELECT busy=3587
SELECT w0=3602
SELECT w1=2120
SELECT w2=2107
BUSY TASK ewma=997
DMA IRQ c0=1
DMA IRQ c1=0
DMA IRQ c2=0
DMA IRQ c3=0
SELECT busy=3608
SELECT w0=3624
SELECT w1=2130
SELECT w2=2118
BUSY TASK ewma=997
DMA IRQ c0=1
DMA IRQ c1=0
DMA IRQ c2=0
DMA IRQ c3=0
SELECT busy=3644
SELECT w0=3660
SELECT w1=2149
SELECT w2=2137
BUSY TASK ewma=997
DMA IRQ c0=1
DMA IRQ c1=0
DMA IRQ c2=0
DMA IRQ c3=0
SELECT busy=3664
SELECT w0=3679
SELECT w1=2159
SELECT w2=2147
BUSY TASK ewma=997
DMA IRQ c0=1
DMA IRQ c1=0
DMA IRQ c2=0
DMA IRQ c3=0
SELECT busy=3683
SELECT w0=3699
SELECT w1=2174
SELECT w2=2160
BUSY TASK ewma=997
DMA IRQ c0=1
DMA IRQ c1=0
DMA IRQ c2=0
DMA IRQ c3=0
SELECT busy=3703
SELECT w0=3719
SELECT w1=2185
SELECT w2=2169
BUSY TASK ewma=997
DMA IRQ c0=1
DMA IRQ c1=0
DMA IRQ c2=0
DMA IRQ c3=0
SELECT busy=3719
SELECT w0=3734
SELECT w1=2196
SELECT w2=2179
BUSY TASK ewma=997
DMA IRQ c0=1
DMA IRQ c1=0
DMA IRQ c2=0
DMA IRQ c3=0
SELECT busy=3728
SELECT w0=3744
SELECT w1=2204
SELECT w2=2188
BUSY TASK ewma=997
DMA IRQ c0=1
DMA IRQ c1=0
DMA IRQ c2=0
DMA IRQ c3=0
SELECT busy=3763
SELECT w0=3778
SELECT w1=2220
SELECT w2=2201
BUSY TASK ewma=997
DMA IRQ c0=1
DMA IRQ c1=0
DMA IRQ c2=0
DMA IRQ c3=0
SELECT busy=3798
SELECT w0=3813
SELECT w1=2240
SELECT w2=2224
BUSY TASK ewma=997
DMA IRQ c0=1
DMA IRQ c1=0
DMA IRQ c2=0
DMA IRQ c3=0
SELECT busy=3821
SELECT w0=3837
SELECT w1=2252
SELECT w2=2237
BUSY TASK ewma=997
DMA IRQ c0=1
DMA IRQ c1=0
DMA IRQ c2=0
DMA IRQ c3=0
SELECT busy=3846
SELECT w0=3861
SELECT w1=2260
SELECT w2=2248
BUSY TASK ewma=997
DMA IRQ c0=1
DMA IRQ c1=0
DMA IRQ c2=0
DMA IRQ c3=0
SELECT busy=3874
SELECT w0=3889
SELECT w1=2277
SELECT w2=2263
BUSY TASK ewma=997
DMA IRQ c0=1
DMA IRQ c1=0
DMA IRQ c2=0
DMA IRQ c3=0
SELECT busy=3892
SELECT w0=3908
SELECT w1=2286
SELECT w2=2272
BUSY TASK ewma=997
DMA IRQ c0=1
DMA IRQ c1=0
DMA IRQ c2=0
DMA IRQ c3=0
SELECT busy=3914
SELECT w0=3930
SELECT w1=2300
SELECT w2=2290
BUSY TASK ewma=997
DMA IRQ c0=1
DMA IRQ c1=0
DMA IRQ c2=0
DMA IRQ c3=0
SELECT busy=3935
SELECT w0=3951
SELECT w1=2318
SELECT w2=2306
BUSY TASK ewma=997
DMA IRQ c0=1
DMA IRQ c1=0
DMA IRQ c2=0
DMA IRQ c3=0
SELECT busy=3950
SELECT w0=3965
SELECT w1=2327
SELECT w2=2312
BUSY TASK ewma=997
DMA IRQ c0=1
DMA IRQ c1=0
DMA IRQ c2=0
DMA IRQ c3=0
SELECT busy=3968
SELECT w0=3985
SELECT w1=2335
SELECT w2=2320
BUSY TASK ewma=997
DMA IRQ c0=1
DMA IRQ c1=0
DMA IRQ c2=0
DMA IRQ c3=0
SELECT busy=3987
SELECT w0=4002
SELECT w1=2345
SELECT w2=2335
BUSY TASK ewma=997
DMA IRQ c0=1
DMA IRQ c1=0
DMA IRQ c2=0
DMA IRQ c3=0
SELECT busy=4002
SELECT w0=4018
SELECT w1=2354
SELECT w2=2344
BUSY TASK ewma=997
DMA IRQ c0=1
DMA IRQ c1=0
DMA IRQ c2=0
DMA IRQ c3=0
SELECT busy=4017
SELECT w0=4033
SELECT w1=2362
SELECT w2=2351
BUSY TASK ewma=997
DMA IRQ c0=1
DMA IRQ c1=0
DMA IRQ c2=0
DMA IRQ c3=0
SELECT busy=4042
SELECT w0=4058
SELECT w1=2375
SELECT w2=2365
BUSY TASK ewma=997
DMA IRQ c0=1
DMA IRQ c1=0
DMA IRQ c2=0
DMA IRQ c3=0
SELECT busy=4068
SELECT w0=4084
SELECT w1=2386
SELECT w2=2375
BUSY TASK ewma=997
DMA IRQ c0=1
DMA IRQ c1=0
DMA IRQ c2=0
DMA IRQ c3=0
SELECT busy=4091
SELECT w0=4107
SELECT w1=2399
SELECT w2=2389
BUSY TASK ewma=997
DMA IRQ c0=1
DMA IRQ c1=0
DMA IRQ c2=0
DMA IRQ c3=0
SELECT busy=4110
SELECT w0=4126
SELECT w1=2407
SELECT w2=2399
BUSY TASK ewma=997
DMA IRQ c0=1
DMA IRQ c1=0
DMA IRQ c2=0
DMA IRQ c3=0
SELECT busy=4131
SELECT w0=4147
SELECT w1=2420
SELECT w2=2411
BUSY TASK ewma=997
DMA IRQ c0=1
DMA IRQ c1=0
DMA IRQ c2=0
DMA IRQ c3=0
SELECT busy=4148
SELECT w0=4164
SELECT w1=2431
SELECT w2=2422
BUSY TASK ewma=997
DMA IRQ c0=1
DMA IRQ c1=0
DMA IRQ c2=0
DMA IRQ c3=0
SELECT busy=4170
SELECT w0=4185
SELECT w1=2442
SELECT w2=2435
BUSY TASK ewma=997
DMA IRQ c0=1
DMA IRQ c1=0
DMA IRQ c2=0
DMA IRQ c3=0
SELECT busy=4195
SELECT w0=4211
SELECT w1=2457
SELECT w2=2451
BUSY TASK ewma=997
DMA IRQ c0=1
DMA IRQ c1=0
DMA IRQ c2=0
DMA IRQ c3=0
SELECT busy=4232
SELECT w0=4247
SELECT w1=2477
SELECT w2=2466
BUSY TASK ewma=997
DMA IRQ c0=1
DMA IRQ c1=0
DMA IRQ c2=0
DMA IRQ c3=0
SELECT busy=4260
SELECT w0=4275
SELECT w1=2494
SELECT w2=2485
BUSY TASK ewma=997
DMA IRQ c0=1
DMA IRQ c1=0
DMA IRQ c2=0
DMA IRQ c3=0
SELECT busy=4283
SELECT w0=4298
SELECT w1=2506
SELECT w2=2496
BUSY TASK ewma=997
DMA IRQ c0=1
DMA IRQ c1=0
DMA IRQ c2=0
DMA IRQ c3=0
SELECT busy=4309
SELECT w0=4324
SELECT w1=2521
SELECT w2=2509
BUSY TASK ewma=997
DMA IRQ c0=1
DMA IRQ c1=0
DMA IRQ c2=0
DMA IRQ c3=0
SELECT busy=4334
SELECT w0=4349
SELECT w1=2532
SELECT w2=2524
BUSY TASK ewma=997
DMA IRQ c0=1
DMA IRQ c1=0
DMA IRQ c2=0
DMA IRQ c3=0
SELECT busy=4360
SELECT w0=4379
SELECT w1=2554
SELECT w2=2537
BUSY TASK ewma=997
DMA IRQ c0=1
DMA IRQ c1=0
DMA IRQ c2=0
DMA IRQ c3=0
SELECT busy=4386
SELECT w0=4401
SELECT w1=2568
SELECT w2=2553
BUSY TASK ewma=997
DMA IRQ c0=1
DMA IRQ c1=0
DMA IRQ c2=0
DMA IRQ c3=0
SELECT busy=4404
SELECT w0=4419
SELECT w1=2577
SELECT w2=2562
BUSY TASK ewma=997
DMA IRQ c0=1
DMA IRQ c1=0
DMA IRQ c2=0
DMA IRQ c3=0
SELECT busy=4420
SELECT w0=4436
SELECT w1=2586
SELECT w2=2569
BUSY TASK ewma=997
DMA IRQ c0=1
DMA IRQ c1=0
DMA IRQ c2=0
DMA IRQ c3=0
SELECT busy=4442
SELECT w0=4457
SELECT w1=2595
SELECT w2=2578
BUSY TASK ewma=997
IRQ counts: cpu0=8911 cpu1=10265 cpu2=10299 cpu3=10265
SCHED secondaries: calls=30834 unexpected=0
SECTEST switches=30806 cpu1=115582237,113605702 cpu2=91646819,88694945 cpu3=132723855,123381041
PINGPONG rounds=1800 pongs=1801
DMA IRQ c0=1
DMA IRQ c1=0
DMA IRQ c2=0
DMA IRQ c3=0
SELECT busy=4468
SELECT w0=4486
SELECT w1=2609
SELECT w2=2593
BUSY TASK ewma=997
DMA IRQ c0=1
DMA IRQ c1=0
DMA IRQ c2=0
DMA IRQ c3=0
SELECT busy=4493
SELECT w0=4509
SELECT w1=2623
SELECT w2=2606
BUSY TASK ewma=997
DMA IRQ c0=1
DMA IRQ c1=0
DMA IRQ c2=0
DMA IRQ c3=0
SELECT busy=4523
SELECT w0=4539
SELECT w1=2638
SELECT w2=2623
BUSY TASK ewma=997
DMA IRQ c0=1
DMA IRQ c1=0
DMA IRQ c2=0
DMA IRQ c3=0
SELECT busy=4544
SELECT w0=4562
SELECT w1=2653
SELECT w2=2645
BUSY TASK ewma=997
DMA IRQ c0=1
DMA IRQ c1=0
DMA IRQ c2=0
DMA IRQ c3=0
SELECT busy=4569
SELECT w0=4585
SELECT w1=2669
SELECT w2=2669
BUSY TASK ewma=997
DMA IRQ c0=1
DMA IRQ c1=0
DMA IRQ c2=0
DMA IRQ c3=0
SELECT busy=4583
SELECT w0=4598
SELECT w1=2678
SELECT w2=2678
BUSY TASK ewma=997
DMA IRQ c0=1
DMA IRQ c1=0
DMA IRQ c2=0
DMA IRQ c3=0
SELECT busy=4605
SELECT w0=4621
SELECT w1=2694
SELECT w2=2691
BUSY TASK ewma=997
DMA IRQ c0=1
DMA IRQ c1=0
DMA IRQ c2=0
DMA IRQ c3=0
SELECT busy=4626
SELECT w0=4641
SELECT w1=2703
SELECT w2=2700
BUSY TASK ewma=997
DMA IRQ c0=1
DMA IRQ c1=0
DMA IRQ c2=0
DMA IRQ c3=0
SELECT busy=4650
SELECT w0=4666
SELECT w1=2717
SELECT w2=2715
BUSY TASK ewma=997
DMA IRQ c0=1
DMA IRQ c1=0
DMA IRQ c2=0
DMA IRQ c3=0
SELECT busy=4670
SELECT w0=4686
SELECT w1=2730
SELECT w2=2729
BUSY TASK ewma=997
DMA IRQ c0=1
DMA IRQ c1=0
DMA IRQ c2=0
DMA IRQ c3=0
SELECT busy=4692
SELECT w0=4707
SELECT w1=2743
SELECT w2=2739
BUSY TASK ewma=997
DMA IRQ c0=1
DMA IRQ c1=0
DMA IRQ c2=0
DMA IRQ c3=0
SELECT busy=4708
SELECT w0=4724
SELECT w1=2752
SELECT w2=2751
BUSY TASK ewma=997
DMA IRQ c0=1
DMA IRQ c1=0
DMA IRQ c2=0
DMA IRQ c3=0
SELECT busy=4728
SELECT w0=4745
SELECT w1=2767
SELECT w2=2765
BUSY TASK ewma=997
DMA IRQ c0=1
DMA IRQ c1=0
DMA IRQ c2=0
DMA IRQ c3=0
SELECT busy=4753
SELECT w0=4769
SELECT w1=2782
SELECT w2=2783
BUSY TASK ewma=997
DMA IRQ c0=1
DMA IRQ c1=0
DMA IRQ c2=0
DMA IRQ c3=0
SELECT busy=4771
SELECT w0=4786
SELECT w1=2788
SELECT w2=2791
BUSY TASK ewma=997
DMA IRQ c0=1
DMA IRQ c1=0
DMA IRQ c2=0
DMA IRQ c3=0
SELECT busy=4791
SELECT w0=4807
SELECT w1=2800
SELECT w2=2804
BUSY TASK ewma=997
DMA IRQ c0=1
DMA IRQ c1=0
DMA IRQ c2=0
DMA IRQ c3=0
SELECT busy=4810
SELECT w0=4825
SELECT w1=2809
SELECT w2=2811
BUSY TASK ewma=997
DMA IRQ c0=1
DMA IRQ c1=0
DMA IRQ c2=0
DMA IRQ c3=0
SELECT busy=4836
SELECT w0=4854
SELECT w1=2824
SELECT w2=2824
BUSY TASK ewma=997
DMA IRQ c0=1
DMA IRQ c1=0
DMA IRQ c2=0
DMA IRQ c3=0
SELECT busy=4856
SELECT w0=4875
SELECT w1=2840
SELECT w2=2838
BUSY TASK ewma=997
DMA IRQ c0=1
DMA IRQ c1=0
DMA IRQ c2=0
DMA IRQ c3=0
SELECT busy=4883
SELECT w0=4899
SELECT w1=2856
SELECT w2=2853
BUSY TASK ewma=997
DMA IRQ c0=1
DMA IRQ c1=0
DMA IRQ c2=0
DMA IRQ c3=0
SELECT busy=4903
SELECT w0=4919
SELECT w1=2870
SELECT w2=2867
BUSY TASK ewma=997
DMA IRQ c0=1
DMA IRQ c1=0
DMA IRQ c2=0
DMA IRQ c3=0
SELECT busy=4922
SELECT w0=4937
SELECT w1=2879
SELECT w2=2879
BUSY TASK ewma=997
DMA IRQ c0=1
DMA IRQ c1=0
DMA IRQ c2=0
DMA IRQ c3=0
SELECT busy=4953
SELECT w0=4969
SELECT w1=2898
SELECT w2=2898
BUSY TASK ewma=997
DMA IRQ c0=1
DMA IRQ c1=0
DMA IRQ c2=0
DMA IRQ c3=0
SELECT busy=4977
SELECT w0=4992
SELECT w1=2907
SELECT w2=2908
BUSY TASK ewma=997
DMA IRQ c0=1
DMA IRQ c1=0
DMA IRQ c2=0
DMA IRQ c3=0
SELECT busy=4999
SELECT w0=5015
SELECT w1=2921
SELECT w2=2923
BUSY TASK ewma=997
DMA IRQ c0=1
DMA IRQ c1=0
DMA IRQ c2=0
DMA IRQ c3=0
SELECT busy=5021
SELECT w0=5037
SELECT w1=2936
SELECT w2=2939
BUSY TASK ewma=997
DMA IRQ c0=1
DMA IRQ c1=0
DMA IRQ c2=0
DMA IRQ c3=0
SELECT busy=5039
SELECT w0=5055
SELECT w1=2947
SELECT w2=2951
BUSY TASK ewma=997
DMA IRQ c0=1
DMA IRQ c1=0
DMA IRQ c2=0
DMA IRQ c3=0
SELECT busy=5062
SELECT w0=5077
SELECT w1=2958
SELECT w2=2965
BUSY TASK ewma=997
DMA IRQ c0=1
DMA IRQ c1=0
DMA IRQ c2=0
DMA IRQ c3=0
SELECT busy=5087
SELECT w0=5102
SELECT w1=2967
SELECT w2=2977
BUSY TASK ewma=997
DMA IRQ c0=1
DMA IRQ c1=0
DMA IRQ c2=0
DMA IRQ c3=0
SELECT busy=5106
SELECT w0=5121
SELECT w1=2975
SELECT w2=2989
BUSY TASK ewma=997
DMA IRQ c0=1
DMA IRQ c1=0
DMA IRQ c2=0
DMA IRQ c3=0
SELECT busy=5124
SELECT w0=5140
SELECT w1=2983
SELECT w2=2997
BUSY TASK ewma=997
DMA IRQ c0=1
DMA IRQ c1=0
DMA IRQ c2=0
DMA IRQ c3=0
SELECT busy=5146
SELECT w0=5162
SELECT w1=2992
SELECT w2=3010
BUSY TASK ewma=997
DMA IRQ c0=1
DMA IRQ c1=0
DMA IRQ c2=0
DMA IRQ c3=0
SELECT busy=5164
SELECT w0=5179
SELECT w1=2997
SELECT w2=3017
BUSY TASK ewma=997
DMA IRQ c0=1
DMA IRQ c1=0
DMA IRQ c2=0
DMA IRQ c3=0
SELECT busy=5193
SELECT w0=5209
SELECT w1=3013
SELECT w2=3039
BUSY TASK ewma=997
DMA IRQ c0=1
DMA IRQ c1=0
DMA IRQ c2=0
DMA IRQ c3=0
SELECT busy=5216
SELECT w0=5232
SELECT w1=3023
SELECT w2=3052
BUSY TASK ewma=997
DMA IRQ c0=1
DMA IRQ c1=0
DMA IRQ c2=0
DMA IRQ c3=0
SELECT busy=5240
SELECT w0=5255
SELECT w1=3032
SELECT w2=3061
BUSY TASK ewma=997
DMA IRQ c0=1
DMA IRQ c1=0
DMA IRQ c2=0
DMA IRQ c3=0
SELECT busy=5269
SELECT w0=5284
SELECT w1=3046
SELECT w2=3083
BUSY TASK ewma=997
DMA IRQ c0=1
DMA IRQ c1=0
DMA IRQ c2=0
DMA IRQ c3=0
SELECT busy=5292
SELECT w0=5308
SELECT w1=3061
SELECT w2=3099
BUSY TASK ewma=997
DMA IRQ c0=1
DMA IRQ c1=0
DMA IRQ c2=0
DMA IRQ c3=0
SELECT busy=5314
SELECT w0=5329
SELECT w1=3070
SELECT w2=3113
BUSY TASK ewma=997
DMA IRQ c0=1
DMA IRQ c1=0
DMA IRQ c2=0
DMA IRQ c3=0
SELECT busy=5337
SELECT w0=5353
SELECT w1=3084
SELECT w2=3128
BUSY TASK ewma=997
DMA IRQ c0=1
DMA IRQ c1=0
DMA IRQ c2=0
DMA IRQ c3=0
SELECT busy=5355
SELECT w0=5370
SELECT w1=3089
SELECT w2=3132
BUSY TASK ewma=997
DMA IRQ c0=1
DMA IRQ c1=0
DMA IRQ c2=0
DMA IRQ c3=0
SELECT busy=5375
SELECT w0=5390
SELECT w1=3097
SELECT w2=3140
BUSY TASK ewma=997
DMA IRQ c0=1
DMA IRQ c1=0
DMA IRQ c2=0
DMA IRQ c3=0
SELECT busy=5396
SELECT w0=5412
SELECT w1=3108
SELECT w2=3156
BUSY TASK ewma=997
DMA IRQ c0=1
DMA IRQ c1=0
DMA IRQ c2=0
DMA IRQ c3=0
SELECT busy=5417
SELECT w0=5433
SELECT w1=3120
SELECT w2=3170
BUSY TASK ewma=997
DMA IRQ c0=1
DMA IRQ c1=0
DMA IRQ c2=0
DMA IRQ c3=0
SELECT busy=5443
SELECT w0=5458
SELECT w1=3130
SELECT w2=3185
BUSY TASK ewma=997
DMA IRQ c0=1
DMA IRQ c1=0
DMA IRQ c2=0
DMA IRQ c3=0
SELECT busy=5461
SELECT w0=5477
SELECT w1=3141
SELECT w2=3201
BUSY TASK ewma=997
DMA IRQ c0=1
DMA IRQ c1=0
DMA IRQ c2=0
DMA IRQ c3=0
SELECT busy=5483
SELECT w0=5499
SELECT w1=3153
SELECT w2=3216
BUSY TASK ewma=997
DMA IRQ c0=1
DMA IRQ c1=0
DMA IRQ c2=0
DMA IRQ c3=0
SELECT busy=5503
SELECT w0=5519
SELECT w1=3172
SELECT w2=3232
BUSY TASK ewma=997
DMA IRQ c0=1
DMA IRQ c1=0
DMA IRQ c2=0
DMA IRQ c3=0
SELECT busy=5529
SELECT w0=5545
SELECT w1=3185
SELECT w2=3248
BUSY TASK ewma=997
DMA IRQ c0=1
DMA IRQ c1=0
DMA IRQ c2=0
DMA IRQ c3=0
SELECT busy=5553
SELECT w0=5568
SELECT w1=3197
SELECT w2=3257
BUSY TASK ewma=997
DMA IRQ c0=1
DMA IRQ c1=0
DMA IRQ c2=0
DMA IRQ c3=0
SELECT busy=5574
SELECT w0=5589
SELECT w1=3207
SELECT w2=3272
BUSY TASK ewma=997
DMA IRQ c0=1
DMA IRQ c1=0
DMA IRQ c2=0
DMA IRQ c3=0
SELECT busy=5598
SELECT w0=5613
SELECT w1=3218
SELECT w2=3287
BUSY TASK ewma=997
DMA IRQ c0=1
DMA IRQ c1=0
DMA IRQ c2=0
DMA IRQ c3=0
SELECT busy=5620
SELECT w0=5636
SELECT w1=3234
SELECT w2=3304
BUSY TASK ewma=997
DMA IRQ c0=1
DMA IRQ c1=0
DMA IRQ c2=0
DMA IRQ c3=0
SELECT busy=5643
SELECT w0=5659
SELECT w1=3245
SELECT w2=3320
BUSY TASK ewma=997
DMA IRQ c0=1
DMA IRQ c1=0
DMA IRQ c2=0
DMA IRQ c3=0
SELECT busy=5666
SELECT w0=5682
SELECT w1=3258
SELECT w2=3333
BUSY TASK ewma=997
DMA IRQ c0=1
DMA IRQ c1=0
DMA IRQ c2=0
DMA IRQ c3=0
SELECT busy=5682
SELECT w0=5698
SELECT w1=3264
SELECT w2=3340
BUSY TASK ewma=997
DMA IRQ c0=1
DMA IRQ c1=0
DMA IRQ c2=0
DMA IRQ c3=0
SELECT busy=5703
SELECT w0=5718
SELECT w1=3271
SELECT w2=3349
BUSY TASK ewma=997
DMA IRQ c0=1
DMA IRQ c1=0
DMA IRQ c2=0
DMA IRQ c3=0
SELECT busy=5724
SELECT w0=5740
SELECT w1=3280
SELECT w2=3358
BUSY TASK ewma=997
DMA IRQ c0=1
DMA IRQ c1=0
DMA IRQ c2=0
DMA IRQ c3=0
SELECT busy=5744
SELECT w0=5759
SELECT w1=3289
SELECT w2=3369
BUSY TASK ewma=997
DMA IRQ c0=1
DMA IRQ c1=0
DMA IRQ c2=0
DMA IRQ c3=0
SELECT busy=5760
SELECT w0=5777
SELECT w1=3299
SELECT w2=3384
BUSY TASK ewma=997
DMA IRQ c0=1
DMA IRQ c1=0
DMA IRQ c2=0
DMA IRQ c3=0
SELECT busy=5781
SELECT w0=5797
SELECT w1=3304
SELECT w2=3391
BUSY TASK ewma=997
DMA IRQ c0=1
DMA IRQ c1=0
DMA IRQ c2=0
DMA IRQ c3=0
SELECT busy=5802
SELECT w0=5818
SELECT w1=3311
SELECT w2=3400
BUSY TASK ewma=997
DMA IRQ c0=1
DMA IRQ c1=0
DMA IRQ c2=0
DMA IRQ c3=0
SELECT busy=5820
SELECT w0=5835
SELECT w1=3319
SELECT w2=3409
BUSY TASK ewma=997
DMA IRQ c0=1
DMA IRQ c1=0
DMA IRQ c2=0
DMA IRQ c3=0
SELECT busy=5843
SELECT w0=5859
SELECT w1=3332
SELECT w2=3427
BUSY TASK ewma=997
IRQ counts: cpu0=11709 cpu1=13696 cpu2=13709 cpu3=13652
SCHED secondaries: calls=41057 unexpected=0
SECTEST switches=41018 cpu1=155014430,150296870 cpu2=125392141,120959420 cpu3=175710651,167542039
PINGPONG rounds=2000 pongs=2000
DMA IRQ c0=1
DMA IRQ c1=0
DMA IRQ c2=0
DMA IRQ c3=0
SELECT busy=5858
SELECT w0=5873
SELECT w1=3338
SELECT w2=3432
BUSY TASK ewma=997
DMA IRQ c0=1
DMA IRQ c1=0
DMA IRQ c2=0
DMA IRQ c3=0
SELECT busy=5877
SELECT w0=5892
SELECT w1=3344
SELECT w2=3441
BUSY TASK ewma=997
DMA IRQ c0=1
DMA IRQ c1=0
DMA IRQ c2=0
DMA IRQ c3=0
SELECT busy=5898
SELECT w0=5915
SELECT w1=3354
SELECT w2=3452
BUSY TASK ewma=997
DMA IRQ c0=1
DMA IRQ c1=0
DMA IRQ c2=0
DMA IRQ c3=0
SELECT busy=5925
SELECT w0=5941
SELECT w1=3364
SELECT w2=3468
BUSY TASK ewma=997
DMA IRQ c0=1
DMA IRQ c1=0
DMA IRQ c2=0
DMA IRQ c3=0
SELECT busy=5944
SELECT w0=5959
SELECT w1=3371
SELECT w2=3480
BUSY TASK ewma=997
DMA IRQ c0=1
DMA IRQ c1=0
DMA IRQ c2=0
DMA IRQ c3=0
SELECT busy=5964
SELECT w0=5982
SELECT w1=3380
SELECT w2=3498
BUSY TASK ewma=997
DMA IRQ c0=1
DMA IRQ c1=0
DMA IRQ c2=0
DMA IRQ c3=0
SELECT busy=5997
SELECT w0=6015
SELECT w1=3398
SELECT w2=3513
BUSY TASK ewma=997
DMA IRQ c0=1
DMA IRQ c1=0
DMA IRQ c2=0
DMA IRQ c3=0
SELECT busy=6019
SELECT w0=6034
SELECT w1=3403
SELECT w2=3519
BUSY TASK ewma=997
DMA IRQ c0=1
DMA IRQ c1=0
DMA IRQ c2=0
DMA IRQ c3=0
SELECT busy=6042
SELECT w0=6058
SELECT w1=3412
SELECT w2=3534
BUSY TASK ewma=997
DMA IRQ c0=1
DMA IRQ c1=0
DMA IRQ c2=0
DMA IRQ c3=0
SELECT busy=6064
SELECT w0=6079
SELECT w1=3421
SELECT w2=3546
BUSY TASK ewma=997
DMA IRQ c0=1
DMA IRQ c1=0
DMA IRQ c2=0
DMA IRQ c3=0
SELECT busy=6085
SELECT w0=6101
SELECT w1=3431
SELECT w2=3557
BUSY TASK ewma=997
DMA IRQ c0=1
DMA IRQ c1=0
DMA IRQ c2=0
DMA IRQ c3=0
SELECT busy=6109
SELECT w0=6125
SELECT w1=3442
SELECT w2=3575
BUSY TASK ewma=997
DMA IRQ c0=1
DMA IRQ c1=0
DMA IRQ c2=0
DMA IRQ c3=0
SELECT busy=6126
SELECT w0=6142
SELECT w1=3450
SELECT w2=3584
BUSY TASK ewma=997
DMA IRQ c0=1
DMA IRQ c1=0
DMA IRQ c2=0
DMA IRQ c3=0
SELECT busy=6148
SELECT w0=6164
SELECT w1=3461
SELECT w2=3594
BUSY TASK ewma=997
DMA IRQ c0=1
DMA IRQ c1=0
DMA IRQ c2=0
DMA IRQ c3=0
SELECT busy=6167
SELECT w0=6183
SELECT w1=3474
SELECT w2=3605
BUSY TASK ewma=997
DMA IRQ c0=1
DMA IRQ c1=0
DMA IRQ c2=0
DMA IRQ c3=0
SELECT busy=6198
SELECT w0=6214
SELECT w1=3491
SELECT w2=3632
BUSY TASK ewma=997
DMA IRQ c0=1
DMA IRQ c1=0
DMA IRQ c2=0
DMA IRQ c3=0
SELECT busy=6222
SELECT w0=6237
SELECT w1=3500
SELECT w2=3642
BUSY TASK ewma=997
DMA IRQ c0=1
DMA IRQ c1=0
DMA IRQ c2=0
DMA IRQ c3=0
SELECT busy=6239
SELECT w0=6254
SELECT w1=3503
SELECT w2=3646
qemu-system-aarch64: terminating on signal 15 from pid 238198 (timeout)
