P4 M7: full integration test boot OK
CPU0: MPIDR_EL1=0x0000000080000000
CPU0: psci_cpu_on target=1 rc=0
CPU1: alive, MPIDR_EL1=0x0000000080000001 this_cpu()->cpu_id=1
CPU0: psci_cpu_on target=2 rc=0
CPU2: alive, MPIDR_EL1=0x0000000080000002 this_cpu()->cpu_id=2
CPU0: psci_cpu_on target=3 rc=0
CPU3: alive, MPIDR_EL1=0x0000000080000003 this_cpu()->cpu_id=3
CPUs online: 4
DMA IRQ target cpu=0
D2b: worker 0 runs on CPU0
D2b: worker 1 runs on CPU1
D2b: worker 2 runs on CPU2
P4 M7: worker submitted cmd_id=2
P4 M7: worker submitted cmd_id=1
P4 M7: worker submitted cmd_id=3
BUSY TASK ewma=992
DMA IRQ c0=1
P4 M7: worker DATA OK, cmd_id=1
DMA IRQ c1=0
WORKER ewma=881
P4 M7: worker DATA OK, cmd_id=3
P4 M7: worker DATA OK, cmd_id=2
WORKER ewma=881
WORKER ewma=970
DMA IRQ c2=0
DMA IRQ c3=0
SELECT busy=26
SELECT w0=26
SELECT w1=18
SELECT w2=17
BUSY TASK ewma=997
DMA IRQ c0=3
DMA IRQ c1=0
DMA IRQ c2=0
DMA IRQ c3=0
SELECT busy=47
SELECT w0=47
SELECT w1=40
SELECT w2=35
BUSY TASK ewma=997
DMA IRQ c0=3
DMA IRQ c1=0
DMA IRQ c2=0
DMA IRQ c3=0
SELECT busy=67
SELECT w0=66
SELECT w1=66
SELECT w2=64
BUSY TASK ewma=997
DMA IRQ c0=3
DMA IRQ c1=0
DMA IRQ c2=0
DMA IRQ c3=0
SELECT busy=82
SELECT w0=81
SELECT w1=92
SELECT w2=88
BUSY TASK ewma=997
DMA IRQ c0=3
DMA IRQ c1=0
DMA IRQ c2=0
DMA IRQ c3=0
SELECT busy=102
SELECT w0=101
SELECT w1=129
SELECT w2=124
BUSY TASK ewma=997
DMA IRQ c0=3
DMA IRQ c1=0
DMA IRQ c2=0
DMA IRQ c3=0
SELECT busy=122
SELECT w0=121
SELECT w1=171
SELECT w2=166
BUSY TASK ewma=997
DMA IRQ c0=3
DMA IRQ c1=0
DMA IRQ c2=0
DMA IRQ c3=0
SELECT busy=143
SELECT w0=143
SELECT w1=203
SELECT w2=199
BUSY TASK ewma=997
DMA IRQ c0=3
DMA IRQ c1=0
DMA IRQ c2=0
DMA IRQ c3=0
SELECT busy=161
SELECT w0=161
SELECT w1=219
SELECT w2=211
BUSY TASK ewma=997
DMA IRQ c0=3
DMA IRQ c1=0
DMA IRQ c2=0
DMA IRQ c3=0
SELECT busy=186
SELECT w0=186
SELECT w1=234
SELECT w2=225
BUSY TASK ewma=997
DMA IRQ c0=3
DMA IRQ c1=0
DMA IRQ c2=0
DMA IRQ c3=0
SELECT busy=222
SELECT w0=222
SELECT w1=265
SELECT w2=246
BUSY TASK ewma=997
DMA IRQ c0=3
DMA IRQ c1=0
DMA IRQ c2=0
DMA IRQ c3=0
SELECT busy=242
SELECT w0=242
SELECT w1=284
SELECT w2=257
BUSY TASK ewma=997
DMA IRQ c0=3
DMA IRQ c1=0
DMA IRQ c2=0
DMA IRQ c3=0
SELECT busy=268
SELECT w0=267
SELECT w1=304
SELECT w2=272
BUSY TASK ewma=997
DMA IRQ c0=3
DMA IRQ c1=0
DMA IRQ c2=0
DMA IRQ c3=0
SELECT busy=287
SELECT w0=286
SELECT w1=313
SELECT w2=281
BUSY TASK ewma=997
DMA IRQ c0=3
DMA IRQ c1=0
DMA IRQ c2=0
DMA IRQ c3=0
SELECT busy=305
SELECT w0=305
SELECT w1=326
SELECT w2=292
BUSY TASK ewma=997
DMA IRQ c0=3
DMA IRQ c1=0
DMA IRQ c2=0
DMA IRQ c3=0
SELECT busy=320
SELECT w0=319
SELECT w1=333
SELECT w2=300
BUSY TASK ewma=997
DMA IRQ c0=3
DMA IRQ c1=0
DMA IRQ c2=0
DMA IRQ c3=0
SELECT busy=341
SELECT w0=340
SELECT w1=345
SELECT w2=311
BUSY TASK ewma=997
DMA IRQ c0=3
DMA IRQ c1=0
DMA IRQ c2=0
DMA IRQ c3=0
SELECT busy=365
SELECT w0=364
SELECT w1=356
SELECT w2=322
BUSY TASK ewma=997
DMA IRQ c0=3
DMA IRQ c1=0
DMA IRQ c2=0
DMA IRQ c3=0
SELECT busy=397
SELECT w0=397
SELECT w1=375
SELECT w2=342
BUSY TASK ewma=997
DMA IRQ c0=3
DMA IRQ c1=0
DMA IRQ c2=0
DMA IRQ c3=0
SELECT busy=411
SELECT w0=410
SELECT w1=384
SELECT w2=352
BUSY TASK ewma=997
DMA IRQ c0=3
DMA IRQ c1=0
DMA IRQ c2=0
DMA IRQ c3=0
SELECT busy=429
SELECT w0=429
SELECT w1=395
SELECT w2=362
BUSY TASK ewma=997
DMA IRQ c0=3
DMA IRQ c1=0
DMA IRQ c2=0
DMA IRQ c3=0
SELECT busy=451
SELECT w0=451
SELECT w1=410
SELECT w2=375
BUSY TASK ewma=997
DMA IRQ c0=3
DMA IRQ c1=0
DMA IRQ c2=0
DMA IRQ c3=0
SELECT busy=470
SELECT w0=470
SELECT w1=421
SELECT w2=385
BUSY TASK ewma=997
DMA IRQ c0=3
DMA IRQ c1=0
DMA IRQ c2=0
DMA IRQ c3=0
SELECT busy=491
SELECT w0=491
SELECT w1=435
SELECT w2=399
BUSY TASK ewma=997
DMA IRQ c0=3
DMA IRQ c1=0
DMA IRQ c2=0
DMA IRQ c3=0
SELECT busy=508
SELECT w0=508
SELECT w1=445
SELECT w2=409
BUSY TASK ewma=997
DMA IRQ c0=3
DMA IRQ c1=0
DMA IRQ c2=0
DMA IRQ c3=0
SELECT busy=535
SELECT w0=535
SELECT w1=458
SELECT w2=422
BUSY TASK ewma=997
DMA IRQ c0=3
DMA IRQ c1=0
DMA IRQ c2=0
DMA IRQ c3=0
SELECT busy=553
SELECT w0=553
SELECT w1=467
SELECT w2=432
BUSY TASK ewma=997
DMA IRQ c0=3
DMA IRQ c1=0
DMA IRQ c2=0
DMA IRQ c3=0
SELECT busy=577
SELECT w0=576
SELECT w1=478
SELECT w2=449
BUSY TASK ewma=997
DMA IRQ c0=3
DMA IRQ c1=0
DMA IRQ c2=0
DMA IRQ c3=0
SELECT busy=594
SELECT w0=594
SELECT w1=487
SELECT w2=457
BUSY TASK ewma=997
DMA IRQ c0=3
DMA IRQ c1=0
DMA IRQ c2=0
DMA IRQ c3=0
SELECT busy=618
SELECT w0=617
SELECT w1=499
SELECT w2=468
BUSY TASK ewma=997
DMA IRQ c0=3
DMA IRQ c1=0
DMA IRQ c2=0
DMA IRQ c3=0
SELECT busy=642
SELECT w0=643
SELECT w1=517
SELECT w2=484
BUSY TASK ewma=997
DMA IRQ c0=3
DMA IRQ c1=0
DMA IRQ c2=0
DMA IRQ c3=0
SELECT busy=662
SELECT w0=662
SELECT w1=530
SELECT w2=497
BUSY TASK ewma=997
DMA IRQ c0=3
DMA IRQ c1=0
DMA IRQ c2=0
DMA IRQ c3=0
SELECT busy=689
SELECT w0=689
SELECT w1=553
SELECT w2=509
BUSY TASK ewma=997
DMA IRQ c0=3
DMA IRQ c1=0
DMA IRQ c2=0
DMA IRQ c3=0
SELECT busy=710
SELECT w0=710
SELECT w1=568
SELECT w2=524
BUSY TASK ewma=997
DMA IRQ c0=3
DMA IRQ c1=0
DMA IRQ c2=0
DMA IRQ c3=0
SELECT busy=728
SELECT w0=728
SELECT w1=579
SELECT w2=540
BUSY TASK ewma=997
DMA IRQ c0=3
DMA IRQ c1=0
DMA IRQ c2=0
DMA IRQ c3=0
SELECT busy=760
SELECT w0=760
SELECT w1=597
SELECT w2=566
BUSY TASK ewma=997
DMA IRQ c0=3
DMA IRQ c1=0
DMA IRQ c2=0
DMA IRQ c3=0
SELECT busy=786
SELECT w0=787
SELECT w1=614
SELECT w2=586
BUSY TASK ewma=997
DMA IRQ c0=3
DMA IRQ c1=0
DMA IRQ c2=0
DMA IRQ c3=0
SELECT busy=806
SELECT w0=807
SELECT w1=632
SELECT w2=608
BUSY TASK ewma=997
DMA IRQ c0=3
DMA IRQ c1=0
DMA IRQ c2=0
DMA IRQ c3=0
SELECT busy=826
SELECT w0=826
SELECT w1=647
SELECT w2=618
BUSY TASK ewma=997
DMA IRQ c0=3
DMA IRQ c1=0
DMA IRQ c2=0
DMA IRQ c3=0
SELECT busy=847
SELECT w0=846
SELECT w1=658
SELECT w2=628
BUSY TASK ewma=997
DMA IRQ c0=3
DMA IRQ c1=0
DMA IRQ c2=0
DMA IRQ c3=0
SELECT busy=866
SELECT w0=866
SELECT w1=671
SELECT w2=641
BUSY TASK ewma=997
DMA IRQ c0=3
DMA IRQ c1=0
DMA IRQ c2=0
DMA IRQ c3=0
SELECT busy=883
SELECT w0=883
SELECT w1=684
SELECT w2=652
BUSY TASK ewma=997
DMA IRQ c0=3
DMA IRQ c1=0
DMA IRQ c2=0
DMA IRQ c3=0
SELECT busy=903
SELECT w0=903
SELECT w1=697
SELECT w2=663
BUSY TASK ewma=997
DMA IRQ c0=3
DMA IRQ c1=0
DMA IRQ c2=0
DMA IRQ c3=0
SELECT busy=924
SELECT w0=924
SELECT w1=706
SELECT w2=674
BUSY TASK ewma=997
DMA IRQ c0=3
DMA IRQ c1=0
DMA IRQ c2=0
DMA IRQ c3=0
SELECT busy=948
SELECT w0=948
SELECT w1=718
SELECT w2=685
BUSY TASK ewma=997
DMA IRQ c0=3
DMA IRQ c1=0
DMA IRQ c2=0
DMA IRQ c3=0
SELECT busy=975
SELECT w0=976
SELECT w1=733
SELECT w2=697
BUSY TASK ewma=997
DMA IRQ c0=3
DMA IRQ c1=0
DMA IRQ c2=0
DMA IRQ c3=0
SELECT busy=999
SELECT w0=998
SELECT w1=742
SELECT w2=705
BUSY TASK ewma=997
DMA IRQ c0=3
DMA IRQ c1=0
DMA IRQ c2=0
DMA IRQ c3=0
SELECT busy=1014
SELECT w0=1014
SELECT w1=750
SELECT w2=714
BUSY TASK ewma=997
DMA IRQ c0=3
DMA IRQ c1=0
DMA IRQ c2=0
DMA IRQ c3=0
SELECT busy=1034
SELECT w0=1033
SELECT w1=760
SELECT w2=724
BUSY TASK ewma=997
DMA IRQ c0=3
DMA IRQ c1=0
DMA IRQ c2=0
DMA IRQ c3=0
SELECT busy=1042
SELECT w0=1042
SELECT w1=764
SELECT w2=729
BUSY TASK ewma=997
DMA IRQ c0=3
DMA IRQ c1=0
DMA IRQ c2=0
DMA IRQ c3=0
SELECT busy=1059
SELECT w0=1059
SELECT w1=776
SELECT w2=739
BUSY TASK ewma=997
DMA IRQ c0=3
DMA IRQ c1=0
DMA IRQ c2=0
DMA IRQ c3=0
SELECT busy=1082
SELECT w0=1081
SELECT w1=789
SELECT w2=750
BUSY TASK ewma=997
DMA IRQ c0=3
DMA IRQ c1=0
DMA IRQ c2=0
DMA IRQ c3=0
SELECT busy=1104
SELECT w0=1103
SELECT w1=800
SELECT w2=763
BUSY TASK ewma=997
DMA IRQ c0=3
DMA IRQ c1=0
DMA IRQ c2=0
DMA IRQ c3=0
SELECT busy=1136
SELECT w0=1135
SELECT w1=815
SELECT w2=779
BUSY TASK ewma=997
DMA IRQ c0=3
DMA IRQ c1=0
DMA IRQ c2=0
DMA IRQ c3=0
SELECT busy=1163
SELECT w0=1163
SELECT w1=829
SELECT w2=795
BUSY TASK ewma=997
DMA IRQ c0=3
DMA IRQ c1=0
DMA IRQ c2=0
DMA IRQ c3=0
SELECT busy=1194
SELECT w0=1194
SELECT w1=845
SELECT w2=813
BUSY TASK ewma=997
DMA IRQ c0=3
DMA IRQ c1=0
DMA IRQ c2=0
DMA IRQ c3=0
SELECT busy=1217
SELECT w0=1217
SELECT w1=857
SELECT w2=826
BUSY TASK ewma=997
DMA IRQ c0=3
DMA IRQ c1=0
DMA IRQ c2=0
DMA IRQ c3=0
SELECT busy=1238
SELECT w0=1237
SELECT w1=867
SELECT w2=835
BUSY TASK ewma=997
DMA IRQ c0=3
DMA IRQ c1=0
DMA IRQ c2=0
DMA IRQ c3=0
SELECT busy=1260
SELECT w0=1259
SELECT w1=876
SELECT w2=845
BUSY TASK ewma=997
DMA IRQ c0=3
DMA IRQ c1=0
DMA IRQ c2=0
DMA IRQ c3=0
SELECT busy=1285
SELECT w0=1285
SELECT w1=893
SELECT w2=862
BUSY TASK ewma=997
DMA IRQ c0=3
DMA IRQ c1=0
DMA IRQ c2=0
DMA IRQ c3=0
SELECT busy=1317
SELECT w0=1319
SELECT w1=909
SELECT w2=880
BUSY TASK ewma=997
DMA IRQ c0=3
DMA IRQ c1=0
DMA IRQ c2=0
DMA IRQ c3=0
SELECT busy=1348
SELECT w0=1348
SELECT w1=931
SELECT w2=898
BUSY TASK ewma=997
DMA IRQ c0=3
DMA IRQ c1=0
DMA IRQ c2=0
DMA IRQ c3=0
SELECT busy=1368
SELECT w0=1367
SELECT w1=944
SELECT w2=905
BUSY TASK ewma=997
DMA IRQ c0=3
DMA IRQ c1=0
DMA IRQ c2=0
DMA IRQ c3=0
SELECT busy=1388
SELECT w0=1387
SELECT w1=950
SELECT w2=911
BUSY TASK ewma=997
IRQ counts: cpu0=2822 cpu1=3327 cpu2=3278 cpu3=3275
SCHED secondaries: calls=9918 unexpected=0
SECTEST switches=9918 cpu1=33776472,33332856 cpu2=27614537,27240836 cpu3=40635384,41152007
PINGPONG rounds=727 pongs=728
DMA IRQ c0=3
DMA IRQ c1=0
DMA IRQ c2=0
DMA IRQ c3=0
SELECT busy=1439
SELECT w0=1439
SELECT w1=977
SELECT w2=946
BUSY TASK ewma=997
DMA IRQ c0=3
DMA IRQ c1=0
DMA IRQ c2=0
DMA IRQ c3=0
SELECT busy=1456
SELECT w0=1455
SELECT w1=987
SELECT w2=955
BUSY TASK ewma=997
DMA IRQ c0=3
DMA IRQ c1=0
DMA IRQ c2=0
DMA IRQ c3=0
SELECT busy=1483
SELECT w0=1482
SELECT w1=1001
SELECT w2=968
BUSY TASK ewma=997
DMA IRQ c0=3
DMA IRQ c1=0
DMA IRQ c2=0
DMA IRQ c3=0
SELECT busy=1507
SELECT w0=1506
SELECT w1=1015
SELECT w2=980
BUSY TASK ewma=997
DMA IRQ c0=3
DMA IRQ c1=0
DMA IRQ c2=0
DMA IRQ c3=0
SELECT busy=1535
SELECT w0=1534
SELECT w1=1031
SELECT w2=993
BUSY TASK ewma=997
DMA IRQ c0=3
DMA IRQ c1=0
DMA IRQ c2=0
DMA IRQ c3=0
SELECT busy=1556
SELECT w0=1557
SELECT w1=1046
SELECT w2=1008
BUSY TASK ewma=997
DMA IRQ c0=3
DMA IRQ c1=0
DMA IRQ c2=0
DMA IRQ c3=0
SELECT busy=1584
SELECT w0=1583
SELECT w1=1058
SELECT w2=1018
BUSY TASK ewma=997
DMA IRQ c0=3
DMA IRQ c1=0
DMA IRQ c2=0
DMA IRQ c3=0
SELECT busy=1609
SELECT w0=1609
SELECT w1=1072
SELECT w2=1033
BUSY TASK ewma=997
DMA IRQ c0=3
DMA IRQ c1=0
DMA IRQ c2=0
DMA IRQ c3=0
SELECT busy=1632
SELECT w0=1632
SELECT w1=1083
SELECT w2=1045
BUSY TASK ewma=997
DMA IRQ c0=3
DMA IRQ c1=0
DMA IRQ c2=0
DMA IRQ c3=0
SELECT busy=1652
SELECT w0=1652
SELECT w1=1097
SELECT w2=1060
BUSY TASK ewma=997
DMA IRQ c0=3
DMA IRQ c1=0
DMA IRQ c2=0
DMA IRQ c3=0
SELECT busy=1680
SELECT w0=1680
SELECT w1=1111
SELECT w2=1075
BUSY TASK ewma=997
DMA IRQ c0=3
DMA IRQ c1=0
DMA IRQ c2=0
DMA IRQ c3=0
SELECT busy=1703
SELECT w0=1704
SELECT w1=1125
SELECT w2=1091
BUSY TASK ewma=997
DMA IRQ c0=3
DMA IRQ c1=0
DMA IRQ c2=0
DMA IRQ c3=0
SELECT busy=1727
SELECT w0=1727
SELECT w1=1134
SELECT w2=1101
BUSY TASK ewma=997
DMA IRQ c0=3
DMA IRQ c1=0
DMA IRQ c2=0
DMA IRQ c3=0
SELECT busy=1746
SELECT w0=1745
SELECT w1=1143
SELECT w2=1110
BUSY TASK ewma=997
DMA IRQ c0=3
DMA IRQ c1=0
DMA IRQ c2=0
DMA IRQ c3=0
SELECT busy=1767
SELECT w0=1766
SELECT w1=1154
SELECT w2=1120
BUSY TASK ewma=997
DMA IRQ c0=3
DMA IRQ c1=0
DMA IRQ c2=0
DMA IRQ c3=0
SELECT busy=1783
SELECT w0=1783
SELECT w1=1166
SELECT w2=1130
BUSY TASK ewma=997
DMA IRQ c0=3
DMA IRQ c1=0
DMA IRQ c2=0
DMA IRQ c3=0
SELECT busy=1801
SELECT w0=1801
SELECT w1=1180
SELECT w2=1142
BUSY TASK ewma=997
DMA IRQ c0=3
DMA IRQ c1=0
DMA IRQ c2=0
DMA IRQ c3=0
SELECT busy=1823
SELECT w0=1822
SELECT w1=1194
SELECT w2=1153
BUSY TASK ewma=997
DMA IRQ c0=3
DMA IRQ c1=0
DMA IRQ c2=0
DMA IRQ c3=0
SELECT busy=1845
SELECT w0=1845
SELECT w1=1206
SELECT w2=1165
BUSY TASK ewma=997
DMA IRQ c0=3
DMA IRQ c1=0
DMA IRQ c2=0
DMA IRQ c3=0
SELECT busy=1863
SELECT w0=1862
SELECT w1=1216
SELECT w2=1174
BUSY TASK ewma=997
DMA IRQ c0=3
DMA IRQ c1=0
DMA IRQ c2=0
DMA IRQ c3=0
SELECT busy=1900
SELECT w0=1900
SELECT w1=1243
SELECT w2=1204
BUSY TASK ewma=997
DMA IRQ c0=3
DMA IRQ c1=0
DMA IRQ c2=0
DMA IRQ c3=0
SELECT busy=1927
SELECT w0=1926
SELECT w1=1256
SELECT w2=1215
BUSY TASK ewma=997
DMA IRQ c0=3
DMA IRQ c1=0
DMA IRQ c2=0
DMA IRQ c3=0
SELECT busy=1953
SELECT w0=1953
SELECT w1=1273
SELECT w2=1235
BUSY TASK ewma=997
DMA IRQ c0=3
DMA IRQ c1=0
DMA IRQ c2=0
DMA IRQ c3=0
SELECT busy=1982
SELECT w0=1981
SELECT w1=1288
SELECT w2=1250
BUSY TASK ewma=997
DMA IRQ c0=3
DMA IRQ c1=0
DMA IRQ c2=0
DMA IRQ c3=0
SELECT busy=2019
SELECT w0=2019
SELECT w1=1309
SELECT w2=1266
BUSY TASK ewma=997
DMA IRQ c0=3
DMA IRQ c1=0
DMA IRQ c2=0
DMA IRQ c3=0
SELECT busy=2049
SELECT w0=2048
SELECT w1=1325
SELECT w2=1289
BUSY TASK ewma=997
DMA IRQ c0=3
DMA IRQ c1=0
DMA IRQ c2=0
DMA IRQ c3=0
SELECT busy=2069
SELECT w0=2068
SELECT w1=1334
SELECT w2=1301
BUSY TASK ewma=997
DMA IRQ c0=3
DMA IRQ c1=0
DMA IRQ c2=0
DMA IRQ c3=0
SELECT busy=2102
SELECT w0=2102
SELECT w1=1357
SELECT w2=1323
BUSY TASK ewma=997
DMA IRQ c0=3
DMA IRQ c1=0
DMA IRQ c2=0
DMA IRQ c3=0
SELECT busy=2125
SELECT w0=2125
SELECT w1=1367
SELECT w2=1333
BUSY TASK ewma=997
DMA IRQ c0=3
DMA IRQ c1=0
DMA IRQ c2=0
DMA IRQ c3=0
SELECT busy=2148
SELECT w0=2147
SELECT w1=1378
SELECT w2=1349
BUSY TASK ewma=997
DMA IRQ c0=3
DMA IRQ c1=0
DMA IRQ c2=0
DMA IRQ c3=0
SELECT busy=2169
SELECT w0=2169
SELECT w1=1392
SELECT w2=1360
BUSY TASK ewma=997
DMA IRQ c0=3
DMA IRQ c1=0
DMA IRQ c2=0
DMA IRQ c3=0
SELECT busy=2189
SELECT w0=2189
SELECT w1=1401
SELECT w2=1369
BUSY TASK ewma=997
DMA IRQ c0=3
DMA IRQ c1=0
DMA IRQ c2=0
DMA IRQ c3=0
SELECT busy=2218
SELECT w0=2218
SELECT w1=1415
SELECT w2=1387
BUSY TASK ewma=997
DMA IRQ c0=3
DMA IRQ c1=0
DMA IRQ c2=0
DMA IRQ c3=0
SELECT busy=2241
SELECT w0=2240
SELECT w1=1428
SELECT w2=1397
BUSY TASK ewma=997
DMA IRQ c0=3
DMA IRQ c1=0
DMA IRQ c2=0
DMA IRQ c3=0
SELECT busy=2282
SELECT w0=2282
SELECT w1=1458
SELECT w2=1420
BUSY TASK ewma=997
DMA IRQ c0=3
DMA IRQ c1=0
DMA IRQ c2=0
DMA IRQ c3=0
SELECT busy=2318
SELECT w0=2318
SELECT w1=1477
SELECT w2=1440
BUSY TASK ewma=997
DMA IRQ c0=3
DMA IRQ c1=0
DMA IRQ c2=0
DMA IRQ c3=0
SELECT busy=2341
SELECT w0=2341
SELECT w1=1490
SELECT w2=1453
BUSY TASK ewma=997
DMA IRQ c0=3
DMA IRQ c1=0
DMA IRQ c2=0
DMA IRQ c3=0
SELECT busy=2366
SELECT w0=2366
SELECT w1=1502
SELECT w2=1465
BUSY TASK ewma=997
DMA IRQ c0=3
DMA IRQ c1=0
DMA IRQ c2=0
DMA IRQ c3=0
SELECT busy=2388
SELECT w0=2388
SELECT w1=1513
SELECT w2=1477
BUSY TASK ewma=997
DMA IRQ c0=3
DMA IRQ c1=0
DMA IRQ c2=0
DMA IRQ c3=0
SELECT busy=2413
SELECT w0=2414
SELECT w1=1526
SELECT w2=1489
BUSY TASK ewma=997
DMA IRQ c0=3
DMA IRQ c1=0
DMA IRQ c2=0
DMA IRQ c3=0
SELECT busy=2433
SELECT w0=2433
SELECT w1=1535
SELECT w2=1499
BUSY TASK ewma=997
DMA IRQ c0=3
DMA IRQ c1=0
DMA IRQ c2=0
DMA IRQ c3=0
SELECT busy=2450
SELECT w0=2451
SELECT w1=1546
SELECT w2=1509
BUSY TASK ewma=997
DMA IRQ c0=3
DMA IRQ c1=0
DMA IRQ c2=0
DMA IRQ c3=0
SELECT busy=2470
SELECT w0=2470
SELECT w1=1558
SELECT w2=1521
BUSY TASK ewma=997
DMA IRQ c0=3
DMA IRQ c1=0
DMA IRQ c2=0
DMA IRQ c3=0
SELECT busy=2493
SELECT w0=2493
SELECT w1=1572
SELECT w2=1535
BUSY TASK ewma=997
DMA IRQ c0=3
DMA IRQ c1=0
DMA IRQ c2=0
DMA IRQ c3=0
SELECT busy=2510
SELECT w0=2514
SELECT w1=1584
SELECT w2=1549
BUSY TASK ewma=997
DMA IRQ c0=3
DMA IRQ c1=0
DMA IRQ c2=0
DMA IRQ c3=0
SELECT busy=2540
SELECT w0=2539
SELECT w1=1598
SELECT w2=1561
BUSY TASK ewma=997
DMA IRQ c0=3
DMA IRQ c1=0
DMA IRQ c2=0
DMA IRQ c3=0
SELECT busy=2560
SELECT w0=2559
SELECT w1=1608
SELECT w2=1571
BUSY TASK ewma=997
DMA IRQ c0=3
DMA IRQ c1=0
DMA IRQ c2=0
DMA IRQ c3=0
SELECT busy=2573
SELECT w0=2572
SELECT w1=1617
SELECT w2=1580
BUSY TASK ewma=997
DMA IRQ c0=3
DMA IRQ c1=0
DMA IRQ c2=0
DMA IRQ c3=0
SELECT busy=2593
SELECT w0=2592
SELECT w1=1629
SELECT w2=1591
BUSY TASK ewma=997
DMA IRQ c0=3
DMA IRQ c1=0
DMA IRQ c2=0
DMA IRQ c3=0
SELECT busy=2609
SELECT w0=2609
SELECT w1=1639
SELECT w2=1604
BUSY TASK ewma=997
DMA IRQ c0=3
DMA IRQ c1=0
DMA IRQ c2=0
DMA IRQ c3=0
SELECT busy=2631
SELECT w0=2630
SELECT w1=1652
SELECT w2=1613
BUSY TASK ewma=997
DMA IRQ c0=3
DMA IRQ c1=0
DMA IRQ c2=0
DMA IRQ c3=0
SELECT busy=2646
SELECT w0=2646
SELECT w1=1663
SELECT w2=1623
BUSY TASK ewma=997
DMA IRQ c0=3
DMA IRQ c1=0
DMA IRQ c2=0
DMA IRQ c3=0
SELECT busy=2667
SELECT w0=2667
SELECT w1=1680
SELECT w2=1637
BUSY TASK ewma=997
DMA IRQ c0=3
DMA IRQ c1=0
DMA IRQ c2=0
DMA IRQ c3=0
SELECT busy=2688
SELECT w0=2687
SELECT w1=1694
SELECT w2=1645
BUSY TASK ewma=997
DMA IRQ c0=3
DMA IRQ c1=0
DMA IRQ c2=0
DMA IRQ c3=0
SELECT busy=2702
SELECT w0=2701
SELECT w1=1701
SELECT w2=1651
BUSY TASK ewma=997
DMA IRQ c0=3
DMA IRQ c1=0
DMA IRQ c2=0
DMA IRQ c3=0
SELECT busy=2719
SELECT w0=2718
SELECT w1=1711
SELECT w2=1660
BUSY TASK ewma=997
DMA IRQ c0=3
DMA IRQ c1=0
DMA IRQ c2=0
DMA IRQ c3=0
SELECT busy=2737
SELECT w0=2736
SELECT w1=1719
SELECT w2=1668
BUSY TASK ewma=997
DMA IRQ c0=3
DMA IRQ c1=0
DMA IRQ c2=0
DMA IRQ c3=0
SELECT busy=2753
SELECT w0=2752
SELECT w1=1728
SELECT w2=1677
BUSY TASK ewma=997
DMA IRQ c0=3
DMA IRQ c1=0
DMA IRQ c2=0
DMA IRQ c3=0
SELECT busy=2770
SELECT w0=2769
SELECT w1=1735
SELECT w2=1685
BUSY TASK ewma=997
DMA IRQ c0=3
DMA IRQ c1=0
DMA IRQ c2=0
DMA IRQ c3=0
SELECT busy=2788
SELECT w0=2788
SELECT w1=1744
SELECT w2=1695
BUSY TASK ewma=997
DMA IRQ c0=3
DMA IRQ c1=0
DMA IRQ c2=0
DMA IRQ c3=0
SELECT busy=2810
SELECT w0=2810
SELECT w1=1759
SELECT w2=1709
BUSY TASK ewma=997
DMA IRQ c0=3
DMA IRQ c1=0
DMA IRQ c2=0
DMA IRQ c3=0
SELECT busy=2836
SELECT w0=2836
SELECT w1=1774
SELECT w2=1731
BUSY TASK ewma=997
DMA IRQ c0=3
DMA IRQ c1=0
DMA IRQ c2=0
DMA IRQ c3=0
SELECT busy=2858
SELECT w0=2858
SELECT w1=1792
SELECT w2=1745
BUSY TASK ewma=997
DMA IRQ c0=3
DMA IRQ c1=0
DMA IRQ c2=0
DMA IRQ c3=0
SELECT busy=2887
SELECT w0=2890
SELECT w1=1817
SELECT w2=1766
BUSY TASK ewma=997
IRQ counts: cpu0=5816 cpu1=6866 cpu2=6747 cpu3=6741
SCHED secondaries: calls=20370 unexpected=0
SECTEST switches=20355 cpu1=74198529,72941600 cpu2=61713737,59874842 cpu3=84615436,82820356
PINGPONG rounds=1300 pongs=1301
DMA IRQ c0=3
DMA IRQ c1=0
DMA IRQ c2=0
DMA IRQ c3=0
SELECT busy=2921
SELECT w0=2921
SELECT w1=1836
SELECT w2=1784
BUSY TASK ewma=997
DMA IRQ c0=3
DMA IRQ c1=0
DMA IRQ c2=0
DMA IRQ c3=0
SELECT busy=2941
SELECT w0=2941
SELECT w1=1847
SELECT w2=1795
BUSY TASK ewma=997
DMA IRQ c0=3
DMA IRQ c1=0
DMA IRQ c2=0
DMA IRQ c3=0
SELECT busy=2970
SELECT w0=2969
SELECT w1=1862
SELECT w2=1810
BUSY TASK ewma=997
DMA IRQ c0=3
DMA IRQ c1=0
DMA IRQ c2=0
DMA IRQ c3=0
SELECT busy=2990
SELECT w0=2990
SELECT w1=1872
SELECT w2=1821
BUSY TASK ewma=997
DMA IRQ c0=3
DMA IRQ c1=0
DMA IRQ c2=0
DMA IRQ c3=0
SELECT busy=3015
SELECT w0=3015
SELECT w1=1887
SELECT w2=1833
BUSY TASK ewma=997
DMA IRQ c0=3
DMA IRQ c1=0
DMA IRQ c2=0
DMA IRQ c3=0
SELECT busy=3031
SELECT w0=3030
SELECT w1=1895
SELECT w2=1840
BUSY TASK ewma=997
DMA IRQ c0=3
DMA IRQ c1=0
DMA IRQ c2=0
DMA IRQ c3=0
SELECT busy=3045
SELECT w0=3045
SELECT w1=1904
SELECT w2=1849
BUSY TASK ewma=997
DMA IRQ c0=3
DMA IRQ c1=0
DMA IRQ c2=0
DMA IRQ c3=0
SELECT busy=3066
SELECT w0=3065
SELECT w1=1916
SELECT w2=1863
BUSY TASK ewma=997
DMA IRQ c0=3
DMA IRQ c1=0
DMA IRQ c2=0
DMA IRQ c3=0
SELECT busy=3087
SELECT w0=3088
SELECT w1=1932
SELECT w2=1876
BUSY TASK ewma=997
DMA IRQ c0=3
DMA IRQ c1=0
DMA IRQ c2=0
DMA IRQ c3=0
SELECT busy=3111
SELECT w0=3111
SELECT w1=1946
SELECT w2=1890
BUSY TASK ewma=997
DMA IRQ c0=3
DMA IRQ c1=0
DMA IRQ c2=0
DMA IRQ c3=0
SELECT busy=3130
SELECT w0=3130
SELECT w1=1957
SELECT w2=1902
BUSY TASK ewma=997
DMA IRQ c0=3
DMA IRQ c1=0
DMA IRQ c2=0
DMA IRQ c3=0
SELECT busy=3147
SELECT w0=3147
SELECT w1=1968
SELECT w2=1913
BUSY TASK ewma=997
DMA IRQ c0=3
DMA IRQ c1=0
DMA IRQ c2=0
DMA IRQ c3=0
SELECT busy=3163
SELECT w0=3163
SELECT w1=1977
SELECT w2=1922
BUSY TASK ewma=997
DMA IRQ c0=3
DMA IRQ c1=0
DMA IRQ c2=0
DMA IRQ c3=0
SELECT busy=3182
SELECT w0=3182
SELECT w1=1986
SELECT w2=1932
BUSY TASK ewma=997
DMA IRQ c0=3
DMA IRQ c1=0
DMA IRQ c2=0
DMA IRQ c3=0
SELECT busy=3199
SELECT w0=3199
SELECT w1=1997
SELECT w2=1944
BUSY TASK ewma=997
DMA IRQ c0=3
DMA IRQ c1=0
DMA IRQ c2=0
DMA IRQ c3=0
SELECT busy=3220
SELECT w0=3223
SELECT w1=2010
SELECT w2=1958
BUSY TASK ewma=997
DMA IRQ c0=3
DMA IRQ c1=0
DMA IRQ c2=0
DMA IRQ c3=0
SELECT busy=3254
SELECT w0=3254
SELECT w1=2022
SELECT w2=1970
BUSY TASK ewma=997
DMA IRQ c0=3
DMA IRQ c1=0
DMA IRQ c2=0
DMA IRQ c3=0
SELECT busy=3276
SELECT w0=3276
SELECT w1=2036
SELECT w2=1983
BUSY TASK ewma=997
DMA IRQ c0=3
DMA IRQ c1=0
DMA IRQ c2=0
DMA IRQ c3=0
SELECT busy=3299
SELECT w0=3298
SELECT w1=2046
SELECT w2=1993
BUSY TASK ewma=997
DMA IRQ c0=3
DMA IRQ c1=0
DMA IRQ c2=0
DMA IRQ c3=0
SELECT busy=3320
SELECT w0=3320
SELECT w1=2056
SELECT w2=2002
BUSY TASK ewma=997
DMA IRQ c0=3
DMA IRQ c1=0
DMA IRQ c2=0
DMA IRQ c3=0
SELECT busy=3344
SELECT w0=3344
SELECT w1=2069
SELECT w2=2016
BUSY TASK ewma=997
DMA IRQ c0=3
DMA IRQ c1=0
DMA IRQ c2=0
DMA IRQ c3=0
SELECT busy=3371
SELECT w0=3371
SELECT w1=2084
SELECT w2=2031
BUSY TASK ewma=997
DMA IRQ c0=3
DMA IRQ c1=0
DMA IRQ c2=0
DMA IRQ c3=0
SELECT busy=3391
SELECT w0=3390
SELECT w1=2096
SELECT w2=2041
BUSY TASK ewma=997
DMA IRQ c0=3
DMA IRQ c1=0
DMA IRQ c2=0
DMA IRQ c3=0
SELECT busy=3412
SELECT w0=3412
SELECT w1=2108
SELECT w2=2053
BUSY TASK ewma=997
DMA IRQ c0=3
DMA IRQ c1=0
DMA IRQ c2=0
DMA IRQ c3=0
SELECT busy=3432
SELECT w0=3431
SELECT w1=2117
SELECT w2=2061
BUSY TASK ewma=997
DMA IRQ c0=3
DMA IRQ c1=0
DMA IRQ c2=0
DMA IRQ c3=0
SELECT busy=3452
SELECT w0=3451
SELECT w1=2128
SELECT w2=2072
BUSY TASK ewma=997
DMA IRQ c0=3
DMA IRQ c1=0
DMA IRQ c2=0
DMA IRQ c3=0
SELECT busy=3467
SELECT w0=3467
SELECT w1=2137
SELECT w2=2082
BUSY TASK ewma=997
DMA IRQ c0=3
DMA IRQ c1=0
DMA IRQ c2=0
DMA IRQ c3=0
SELECT busy=3483
SELECT w0=3482
SELECT w1=2143
SELECT w2=2090
BUSY TASK ewma=997
DMA IRQ c0=3
DMA IRQ c1=0
DMA IRQ c2=0
DMA IRQ c3=0
SELECT busy=3500
SELECT w0=3499
SELECT w1=2154
SELECT w2=2103
BUSY TASK ewma=997
DMA IRQ c0=3
DMA IRQ c1=0
DMA IRQ c2=0
DMA IRQ c3=0
SELECT busy=3515
SELECT w0=3515
SELECT w1=2163
SELECT w2=2114
BUSY TASK ewma=997
DMA IRQ c0=3
DMA IRQ c1=0
DMA IRQ c2=0
DMA IRQ c3=0
SELECT busy=3535
SELECT w0=3534
SELECT w1=2175
SELECT w2=2124
BUSY TASK ewma=997
DMA IRQ c0=3
DMA IRQ c1=0
DMA IRQ c2=0
DMA IRQ c3=0
SELECT busy=3553
SELECT w0=3552
SELECT w1=2184
SELECT w2=2133
BUSY TASK ewma=997
DMA IRQ c0=3
DMA IRQ c1=0
DMA IRQ c2=0
DMA IRQ c3=0
SELECT busy=3569
SELECT w0=3569
SELECT w1=2196
SELECT w2=2144
BUSY TASK ewma=997
DMA IRQ c0=3
DMA IRQ c1=0
DMA IRQ c2=0
DMA IRQ c3=0
SELECT busy=3591
SELECT w0=3592
SELECT w1=2208
SELECT w2=2157
BUSY TASK ewma=997
DMA IRQ c0=3
DMA IRQ c1=0
DMA IRQ c2=0
DMA IRQ c3=0
SELECT busy=3609
SELECT w0=3609
SELECT w1=2219
SELECT w2=2167
BUSY TASK ewma=997
DMA IRQ c0=3
DMA IRQ c1=0
DMA IRQ c2=0
DMA IRQ c3=0
SELECT busy=3627
SELECT w0=3627
SELECT w1=2227
SELECT w2=2175
BUSY TASK ewma=997
DMA IRQ c0=3
DMA IRQ c1=0
DMA IRQ c2=0
DMA IRQ c3=0
SELECT busy=3643
SELECT w0=3643
SELECT w1=2236
SELECT w2=2184
BUSY TASK ewma=997
DMA IRQ c0=3
DMA IRQ c1=0
DMA IRQ c2=0
DMA IRQ c3=0
SELECT busy=3658
SELECT w0=3658
SELECT w1=2245
SELECT w2=2195
BUSY TASK ewma=997
DMA IRQ c0=3
DMA IRQ c1=0
DMA IRQ c2=0
DMA IRQ c3=0
SELECT busy=3684
SELECT w0=3683
SELECT w1=2260
SELECT w2=2211
BUSY TASK ewma=997
DMA IRQ c0=3
DMA IRQ c1=0
DMA IRQ c2=0
DMA IRQ c3=0
SELECT busy=3704
SELECT w0=3704
SELECT w1=2277
SELECT w2=2231
BUSY TASK ewma=997
DMA IRQ c0=3
DMA IRQ c1=0
DMA IRQ c2=0
DMA IRQ c3=0
SELECT busy=3728
SELECT w0=3728
SELECT w1=2292
SELECT w2=2241
BUSY TASK ewma=997
DMA IRQ c0=3
DMA IRQ c1=0
DMA IRQ c2=0
DMA IRQ c3=0
SELECT busy=3744
SELECT w0=3744
SELECT w1=2302
SELECT w2=2253
BUSY TASK ewma=997
DMA IRQ c0=3
DMA IRQ c1=0
DMA IRQ c2=0
DMA IRQ c3=0
SELECT busy=3786
SELECT w0=3789
SELECT w1=2326
SELECT w2=2278
BUSY TASK ewma=997
DMA IRQ c0=3
DMA IRQ c1=0
DMA IRQ c2=0
DMA IRQ c3=0
SELECT busy=3824
SELECT w0=3824
SELECT w1=2345
SELECT w2=2297
BUSY TASK ewma=997
DMA IRQ c0=3
DMA IRQ c1=0
DMA IRQ c2=0
DMA IRQ c3=0
SELECT busy=3845
SELECT w0=3845
SELECT w1=2355
SELECT w2=2306
BUSY TASK ewma=997
DMA IRQ c0=3
DMA IRQ c1=0
DMA IRQ c2=0
DMA IRQ c3=0
SELECT busy=3879
SELECT w0=3879
SELECT w1=2376
SELECT w2=2325
BUSY TASK ewma=997
DMA IRQ c0=3
DMA IRQ c1=0
DMA IRQ c2=0
DMA IRQ c3=0
SELECT busy=3903
SELECT w0=3902
SELECT w1=2387
SELECT w2=2334
BUSY TASK ewma=997
DMA IRQ c0=3
DMA IRQ c1=0
DMA IRQ c2=0
DMA IRQ c3=0
SELECT busy=3921
SELECT w0=3920
SELECT w1=2394
SELECT w2=2341
BUSY TASK ewma=997
DMA IRQ c0=3
DMA IRQ c1=0
DMA IRQ c2=0
DMA IRQ c3=0
SELECT busy=3945
SELECT w0=3945
SELECT w1=2407
SELECT w2=2354
BUSY TASK ewma=997
DMA IRQ c0=3
DMA IRQ c1=0
DMA IRQ c2=0
DMA IRQ c3=0
SELECT busy=3967
SELECT w0=3966
SELECT w1=2416
SELECT w2=2364
BUSY TASK ewma=997
DMA IRQ c0=3
DMA IRQ c1=0
DMA IRQ c2=0
DMA IRQ c3=0
SELECT busy=3992
SELECT w0=3991
SELECT w1=2431
SELECT w2=2384
BUSY TASK ewma=997
DMA IRQ c0=3
DMA IRQ c1=0
DMA IRQ c2=0
DMA IRQ c3=0
SELECT busy=4014
SELECT w0=4014
SELECT w1=2449
SELECT w2=2398
BUSY TASK ewma=997
DMA IRQ c0=3
DMA IRQ c1=0
DMA IRQ c2=0
DMA IRQ c3=0
SELECT busy=4041
SELECT w0=4040
SELECT w1=2464
SELECT w2=2413
BUSY TASK ewma=997
DMA IRQ c0=3
DMA IRQ c1=0
DMA IRQ c2=0
DMA IRQ c3=0
SELECT busy=4062
SELECT w0=4062
SELECT w1=2475
SELECT w2=2423
BUSY TASK ewma=997
DMA IRQ c0=3
DMA IRQ c1=0
DMA IRQ c2=0
DMA IRQ c3=0
SELECT busy=4086
SELECT w0=4085
SELECT w1=2486
SELECT w2=2434
BUSY TASK ewma=997
DMA IRQ c0=3
DMA IRQ c1=0
DMA IRQ c2=0
DMA IRQ c3=0
SELECT busy=4118
SELECT w0=4118
SELECT w1=2504
SELECT w2=2457
BUSY TASK ewma=997
DMA IRQ c0=3
DMA IRQ c1=0
DMA IRQ c2=0
DMA IRQ c3=0
SELECT busy=4153
SELECT w0=4152
SELECT w1=2520
SELECT w2=2472
BUSY TASK ewma=997
DMA IRQ c0=3
DMA IRQ c1=0
DMA IRQ c2=0
DMA IRQ c3=0
SELECT busy=4201
SELECT w0=4201
SELECT w1=2547
SELECT w2=2496
BUSY TASK ewma=997
DMA IRQ c0=3
DMA IRQ c1=0
DMA IRQ c2=0
DMA IRQ c3=0
SELECT busy=4236
SELECT w0=4236
SELECT w1=2567
SELECT w2=2517
BUSY TASK ewma=997
DMA IRQ c0=3
DMA IRQ c1=0
DMA IRQ c2=0
DMA IRQ c3=0
SELECT busy=4275
SELECT w0=4274
SELECT w1=2583
SELECT w2=2533
BUSY TASK ewma=997
DMA IRQ c0=3
DMA IRQ c1=0
DMA IRQ c2=0
DMA IRQ c3=0
SELECT busy=4302
SELECT w0=4302
SELECT w1=2597
SELECT w2=2548
BUSY TASK ewma=997
DMA IRQ c0=3
DMA IRQ c1=0
DMA IRQ c2=0
DMA IRQ c3=0
SELECT busy=4331
SELECT w0=4330
SELECT w1=2610
SELECT w2=2563
BUSY TASK ewma=997
DMA IRQ c0=3
DMA IRQ c1=0
DMA IRQ c2=0
DMA IRQ c3=0
SELECT busy=4351
SELECT w0=4350
SELECT w1=2624
SELECT w2=2574
BUSY TASK ewma=997
DMA IRQ c0=3
DMA IRQ c1=0
DMA IRQ c2=0
DMA IRQ c3=0
SELECT busy=4371
SELECT w0=4370
SELECT w1=2634
SELECT w2=2582
BUSY TASK ewma=997
IRQ counts: cpu0=8774 cpu1=10182 cpu2=10058 cpu3=10068
SCHED secondaries: calls=30308 unexpected=0
SECTEST switches=30279 cpu1=112042002,110936677 cpu2=90896388,87853383 cpu3=124848906,122560591
PINGPONG rounds=1910 pongs=1911
DMA IRQ c0=3
DMA IRQ c1=0
DMA IRQ c2=0
DMA IRQ c3=0
SELECT busy=4393
SELECT w0=4392
SELECT w1=2644
SELECT w2=2592
BUSY TASK ewma=997
DMA IRQ c0=3
DMA IRQ c1=0
DMA IRQ c2=0
DMA IRQ c3=0
SELECT busy=4411
SELECT w0=4410
SELECT w1=2652
SELECT w2=2600
BUSY TASK ewma=997
DMA IRQ c0=3
DMA IRQ c1=0
DMA IRQ c2=0
DMA IRQ c3=0
SELECT busy=4430
SELECT w0=4429
SELECT w1=2660
SELECT w2=2608
BUSY TASK ewma=997
DMA IRQ c0=3
DMA IRQ c1=0
DMA IRQ c2=0
DMA IRQ c3=0
SELECT busy=4448
SELECT w0=4447
SELECT w1=2666
SELECT w2=2614
BUSY TASK ewma=997
DMA IRQ c0=3
DMA IRQ c1=0
DMA IRQ c2=0
DMA IRQ c3=0
SELECT busy=4466
SELECT w0=4465
SELECT w1=2677
SELECT w2=2623
BUSY TASK ewma=997
DMA IRQ c0=3
DMA IRQ c1=0
DMA IRQ c2=0
DMA IRQ c3=0
SELECT busy=4478
SELECT w0=4478
SELECT w1=2683
SELECT w2=2630
BUSY TASK ewma=997
DMA IRQ c0=3
DMA IRQ c1=0
DMA IRQ c2=0
DMA IRQ c3=0
SELECT busy=4499
SELECT w0=4498
SELECT w1=2693
SELECT w2=2640
BUSY TASK ewma=997
DMA IRQ c0=3
DMA IRQ c1=0
DMA IRQ c2=0
DMA IRQ c3=0
SELECT busy=4515
SELECT w0=4514
SELECT w1=2701
SELECT w2=2648
BUSY TASK ewma=997
DMA IRQ c0=3
DMA IRQ c1=0
DMA IRQ c2=0
DMA IRQ c3=0
SELECT busy=4528
SELECT w0=4527
SELECT w1=2708
SELECT w2=2655
BUSY TASK ewma=997
DMA IRQ c0=3
DMA IRQ c1=0
DMA IRQ c2=0
DMA IRQ c3=0
SELECT busy=4546
SELECT w0=4545
SELECT w1=2716
SELECT w2=2663
BUSY TASK ewma=997
DMA IRQ c0=3
DMA IRQ c1=0
DMA IRQ c2=0
DMA IRQ c3=0
SELECT busy=4574
SELECT w0=4574
SELECT w1=2733
SELECT w2=2684
BUSY TASK ewma=997
DMA IRQ c0=3
DMA IRQ c1=0
DMA IRQ c2=0
DMA IRQ c3=0
SELECT busy=4601
SELECT w0=4600
SELECT w1=2747
SELECT w2=2696
BUSY TASK ewma=997
DMA IRQ c0=3
DMA IRQ c1=0
DMA IRQ c2=0
DMA IRQ c3=0
SELECT busy=4619
SELECT w0=4618
SELECT w1=2753
SELECT w2=2703
BUSY TASK ewma=997
DMA IRQ c0=3
DMA IRQ c1=0
DMA IRQ c2=0
DMA IRQ c3=0
SELECT busy=4638
SELECT w0=4637
SELECT w1=2759
SELECT w2=2711
BUSY TASK ewma=997
DMA IRQ c0=3
DMA IRQ c1=0
DMA IRQ c2=0
DMA IRQ c3=0
SELECT busy=4658
SELECT w0=4657
SELECT w1=2769
SELECT w2=2722
BUSY TASK ewma=997
DMA IRQ c0=3
DMA IRQ c1=0
DMA IRQ c2=0
DMA IRQ c3=0
SELECT busy=4672
SELECT w0=4672
SELECT w1=2777
SELECT w2=2732
BUSY TASK ewma=997
DMA IRQ c0=3
DMA IRQ c1=0
DMA IRQ c2=0
DMA IRQ c3=0
SELECT busy=4690
SELECT w0=4689
SELECT w1=2788
SELECT w2=2743
BUSY TASK ewma=997
DMA IRQ c0=3
DMA IRQ c1=0
DMA IRQ c2=0
DMA IRQ c3=0
SELECT busy=4709
SELECT w0=4708
SELECT w1=2800
SELECT w2=2754
BUSY TASK ewma=997
DMA IRQ c0=3
DMA IRQ c1=0
DMA IRQ c2=0
DMA IRQ c3=0
SELECT busy=4729
SELECT w0=4728
SELECT w1=2808
SELECT w2=2764
BUSY TASK ewma=997
DMA IRQ c0=3
DMA IRQ c1=0
DMA IRQ c2=0
DMA IRQ c3=0
SELECT busy=4741
SELECT w0=4740
SELECT w1=2814
SELECT w2=2772
BUSY TASK ewma=997
DMA IRQ c0=3
DMA IRQ c1=0
DMA IRQ c2=0
DMA IRQ c3=0
SELECT busy=4756
SELECT w0=4755
SELECT w1=2822
SELECT w2=2781
BUSY TASK ewma=997
DMA IRQ c0=3
DMA IRQ c1=0
DMA IRQ c2=0
DMA IRQ c3=0
SELECT busy=4776
SELECT w0=4775
SELECT w1=2831
SELECT w2=2791
BUSY TASK ewma=997
DMA IRQ c0=3
DMA IRQ c1=0
DMA IRQ c2=0
DMA IRQ c3=0
SELECT busy=4791
SELECT w0=4790
SELECT w1=2837
SELECT w2=2800
BUSY TASK ewma=997
DMA IRQ c0=3
DMA IRQ c1=0
DMA IRQ c2=0
DMA IRQ c3=0
SELECT busy=4813
SELECT w0=4812
SELECT w1=2847
SELECT w2=2812
BUSY TASK ewma=997
DMA IRQ c0=3
DMA IRQ c1=0
DMA IRQ c2=0
DMA IRQ c3=0
SELECT busy=4831
SELECT w0=4831
SELECT w1=2857
SELECT w2=2825
BUSY TASK ewma=997
DMA IRQ c0=3
DMA IRQ c1=0
DMA IRQ c2=0
DMA IRQ c3=0
SELECT busy=4854
SELECT w0=4853
SELECT w1=2866
SELECT w2=2840
BUSY TASK ewma=997
DMA IRQ c0=3
DMA IRQ c1=0
DMA IRQ c2=0
DMA IRQ c3=0
SELECT busy=4873
SELECT w0=4873
SELECT w1=2875
SELECT w2=2853
BUSY TASK ewma=997
DMA IRQ c0=3
DMA IRQ c1=0
DMA IRQ c2=0
DMA IRQ c3=0
SELECT busy=4890
SELECT w0=4890
SELECT w1=2885
SELECT w2=2865
BUSY TASK ewma=997
DMA IRQ c0=3
DMA IRQ c1=0
DMA IRQ c2=0
DMA IRQ c3=0
SELECT busy=4908
SELECT w0=4907
SELECT w1=2890
SELECT w2=2875
BUSY TASK ewma=997
DMA IRQ c0=3
DMA IRQ c1=0
DMA IRQ c2=0
DMA IRQ c3=0
SELECT busy=4928
SELECT w0=4927
SELECT w1=2901
SELECT w2=2891
BUSY TASK ewma=997
DMA IRQ c0=3
DMA IRQ c1=0
DMA IRQ c2=0
DMA IRQ c3=0
SELECT busy=4948
SELECT w0=4948
SELECT w1=2910
SELECT w2=2907
BUSY TASK ewma=997
DMA IRQ c0=3
DMA IRQ c1=0
DMA IRQ c2=0
DMA IRQ c3=0
SELECT busy=4968
SELECT w0=4967
SELECT w1=2918
SELECT w2=2919
BUSY TASK ewma=997
DMA IRQ c0=3
DMA IRQ c1=0
DMA IRQ c2=0
DMA IRQ c3=0
SELECT busy=4988
SELECT w0=4987
SELECT w1=2927
SELECT w2=2929
BUSY TASK ewma=997
DMA IRQ c0=3
DMA IRQ c1=0
DMA IRQ c2=0
DMA IRQ c3=0
SELECT busy=5005
SELECT w0=5005
SELECT w1=2933
SELECT w2=2939
BUSY TASK ewma=997
DMA IRQ c0=3
DMA IRQ c1=0
DMA IRQ c2=0
DMA IRQ c3=0
SELECT busy=5025
SELECT w0=5024
SELECT w1=2941
SELECT w2=2949
BUSY TASK ewma=997
DMA IRQ c0=3
DMA IRQ c1=0
DMA IRQ c2=0
DMA IRQ c3=0
SELECT busy=5042
SELECT w0=5041
SELECT w1=2948
SELECT w2=2956
BUSY TASK ewma=997
DMA IRQ c0=3
DMA IRQ c1=0
DMA IRQ c2=0
DMA IRQ c3=0
SELECT busy=5059
SELECT w0=5058
SELECT w1=2954
SELECT w2=2963
BUSY TASK ewma=997
DMA IRQ c0=3
DMA IRQ c1=0
DMA IRQ c2=0
DMA IRQ c3=0
SELECT busy=5079
SELECT w0=5078
SELECT w1=2963
SELECT w2=2975
BUSY TASK ewma=997
DMA IRQ c0=3
DMA IRQ c1=0
DMA IRQ c2=0
DMA IRQ c3=0
SELECT busy=5095
SELECT w0=5096
SELECT w1=2971
SELECT w2=2987
BUSY TASK ewma=997
DMA IRQ c0=3
DMA IRQ c1=0
DMA IRQ c2=0
DMA IRQ c3=0
SELECT busy=5115
SELECT w0=5115
SELECT w1=2981
SELECT w2=3000
BUSY TASK ewma=997
DMA IRQ c0=3
DMA IRQ c1=0
DMA IRQ c2=0
DMA IRQ c3=0
SELECT busy=5134
SELECT w0=5133
SELECT w1=2990
SELECT w2=3011
BUSY TASK ewma=997
DMA IRQ c0=3
DMA IRQ c1=0
DMA IRQ c2=0
DMA IRQ c3=0
SELECT busy=5147
SELECT w0=5147
SELECT w1=2997
SELECT w2=3020
BUSY TASK ewma=997
DMA IRQ c0=3
DMA IRQ c1=0
DMA IRQ c2=0
DMA IRQ c3=0
SELECT busy=5161
SELECT w0=5161
SELECT w1=3004
SELECT w2=3030
BUSY TASK ewma=997
DMA IRQ c0=3
DMA IRQ c1=0
DMA IRQ c2=0
DMA IRQ c3=0
SELECT busy=5186
SELECT w0=5186
SELECT w1=3015
SELECT w2=3043
BUSY TASK ewma=997
DMA IRQ c0=3
DMA IRQ c1=0
DMA IRQ c2=0
DMA IRQ c3=0
SELECT busy=5210
SELECT w0=5209
SELECT w1=3026
SELECT w2=3056
BUSY TASK ewma=997
DMA IRQ c0=3
DMA IRQ c1=0
DMA IRQ c2=0
DMA IRQ c3=0
SELECT busy=5240
SELECT w0=5239
SELECT w1=3040
SELECT w2=3075
BUSY TASK ewma=997
DMA IRQ c0=3
DMA IRQ c1=0
DMA IRQ c2=0
DMA IRQ c3=0
SELECT busy=5253
SELECT w0=5252
SELECT w1=3046
SELECT w2=3083
BUSY TASK ewma=997
DMA IRQ c0=3
DMA IRQ c1=0
DMA IRQ c2=0
DMA IRQ c3=0
SELECT busy=5275
SELECT w0=5275
SELECT w1=3056
SELECT w2=3096
BUSY TASK ewma=997
DMA IRQ c0=3
DMA IRQ c1=0
DMA IRQ c2=0
DMA IRQ c3=0
SELECT busy=5294
SELECT w0=5293
SELECT w1=3063
SELECT w2=3105
BUSY TASK ewma=997
DMA IRQ c0=3
DMA IRQ c1=0
DMA IRQ c2=0
DMA IRQ c3=0
SELECT busy=5313
SELECT w0=5313
SELECT w1=3075
SELECT w2=3117
BUSY TASK ewma=997
DMA IRQ c0=3
DMA IRQ c1=0
DMA IRQ c2=0
DMA IRQ c3=0
SELECT busy=5332
SELECT w0=5332
SELECT w1=3086
SELECT w2=3127
BUSY TASK ewma=997
DMA IRQ c0=3
DMA IRQ c1=0
DMA IRQ c2=0
DMA IRQ c3=0
SELECT busy=5347
SELECT w0=5347
SELECT w1=3096
SELECT w2=3140
BUSY TASK ewma=997
DMA IRQ c0=3
DMA IRQ c1=0
DMA IRQ c2=0
DMA IRQ c3=0
SELECT busy=5370
SELECT w0=5370
SELECT w1=3108
SELECT w2=3152
BUSY TASK ewma=997
DMA IRQ c0=3
DMA IRQ c1=0
DMA IRQ c2=0
DMA IRQ c3=0
SELECT busy=5385
SELECT w0=5384
SELECT w1=3116
SELECT w2=3162
BUSY TASK ewma=997
DMA IRQ c0=3
DMA IRQ c1=0
DMA IRQ c2=0
DMA IRQ c3=0
SELECT busy=5404
SELECT w0=5405
SELECT w1=3131
SELECT w2=3179
BUSY TASK ewma=997
DMA IRQ c0=3
DMA IRQ c1=0
DMA IRQ c2=0
DMA IRQ c3=0
SELECT busy=5429
SELECT w0=5428
SELECT w1=3143
SELECT w2=3192
BUSY TASK ewma=997
DMA IRQ c0=3
DMA IRQ c1=0
DMA IRQ c2=0
DMA IRQ c3=0
SELECT busy=5445
SELECT w0=5445
SELECT w1=3153
SELECT w2=3206
BUSY TASK ewma=997
DMA IRQ c0=3
DMA IRQ c1=0
DMA IRQ c2=0
DMA IRQ c3=0
SELECT busy=5467
SELECT w0=5466
SELECT w1=3161
SELECT w2=3216
BUSY TASK ewma=997
DMA IRQ c0=3
DMA IRQ c1=0
DMA IRQ c2=0
DMA IRQ c3=0
SELECT busy=5488
SELECT w0=5488
SELECT w1=3172
SELECT w2=3230
BUSY TASK ewma=997
DMA IRQ c0=3
DMA IRQ c1=0
DMA IRQ c2=0
DMA IRQ c3=0
SELECT busy=5514
SELECT w0=5513
SELECT w1=3184
SELECT w2=3245
BUSY TASK ewma=997
DMA IRQ c0=3
DMA IRQ c1=0
DMA IRQ c2=0
DMA IRQ c3=0
SELECT busy=5532
SELECT w0=5532
SELECT w1=3197
SELECT w2=3261
BUSY TASK ewma=997
DMA IRQ c0=3
DMA IRQ c1=0
DMA IRQ c2=0
DMA IRQ c3=0
SELECT busy=5551
SELECT w0=5551
SELECT w1=3206
SELECT w2=3272
BUSY TASK ewma=997
DMA IRQ c0=3
DMA IRQ c1=0
DMA IRQ c2=0
DMA IRQ c3=0
SELECT busy=5571
SELECT w0=5571
SELECT w1=3214
SELECT w2=3284
BUSY TASK ewma=997
DMA IRQ c0=3
DMA IRQ c1=0
DMA IRQ c2=0
DMA IRQ c3=0
SELECT busy=5587
SELECT w0=5587
SELECT w1=3222
SELECT w2=3293
BUSY TASK ewma=997
IRQ counts: cpu0=11198 cpu1=13024 cpu2=12910 cpu3=12910
SCHED secondaries: calls=38856 unexpected=0
SECTEST switches=38846 cpu1=144834525,143329993 cpu2=122143669,117838039 cpu3=165950884,161079977
PINGPONG rounds=2000 pongs=2000
DMA IRQ c0=3
DMA IRQ c1=0
DMA IRQ c2=0
DMA IRQ c3=0
SELECT busy=5617
SELECT w0=5616
SELECT w1=3238
SELECT w2=3312
BUSY TASK ewma=997
DMA IRQ c0=3
DMA IRQ c1=0
DMA IRQ c2=0
DMA IRQ c3=0
SELECT busy=5631
SELECT w0=5631
SELECT w1=3246
SELECT w2=3323
BUSY TASK ewma=997
DMA IRQ c0=3
DMA IRQ c1=0
DMA IRQ c2=0
DMA IRQ c3=0
SELECT busy=5651
SELECT w0=5650
SELECT w1=3254
SELECT w2=3333
BUSY TASK ewma=997
DMA IRQ c0=3
DMA IRQ c1=0
DMA IRQ c2=0
DMA IRQ c3=0
SELECT busy=5669
SELECT w0=5669
SELECT w1=3263
SELECT w2=3346
BUSY TASK ewma=997
DMA IRQ c0=3
DMA IRQ c1=0
DMA IRQ c2=0
DMA IRQ c3=0
SELECT busy=5690
SELECT w0=5691
SELECT w1=3272
SELECT w2=3356
BUSY TASK ewma=997
DMA IRQ c0=3
DMA IRQ c1=0
DMA IRQ c2=0
DMA IRQ c3=0
SELECT busy=5710
SELECT w0=5710
SELECT w1=3282
SELECT w2=3368
BUSY TASK ewma=997
DMA IRQ c0=3
DMA IRQ c1=0
DMA IRQ c2=0
DMA IRQ c3=0
SELECT busy=5732
SELECT w0=5733
SELECT w1=3294
SELECT w2=3382
BUSY TASK ewma=997
DMA IRQ c0=3
DMA IRQ c1=0
DMA IRQ c2=0
DMA IRQ c3=0
SELECT busy=5761
SELECT w0=5761
SELECT w1=3305
SELECT w2=3397
BUSY TASK ewma=997
DMA IRQ c0=3
DMA IRQ c1=0
DMA IRQ c2=0
DMA IRQ c3=0
SELECT busy=5790
SELECT w0=5791
SELECT w1=3322
SELECT w2=3417
BUSY TASK ewma=997
DMA IRQ c0=3
DMA IRQ c1=0
DMA IRQ c2=0
DMA IRQ c3=0
SELECT busy=5814
SELECT w0=5813
SELECT w1=3331
SELECT w2=3426
BUSY TASK ewma=997
DMA IRQ c0=3
DMA IRQ c1=0
DMA IRQ c2=0
DMA IRQ c3=0
SELECT busy=5834
SELECT w0=5833
SELECT w1=3342
SELECT w2=3440
BUSY TASK ewma=997
DMA IRQ c0=3
DMA IRQ c1=0
DMA IRQ c2=0
DMA IRQ c3=0
SELECT busy=5858
SELECT w0=5859
SELECT w1=3353
SELECT w2=3458
BUSY TASK ewma=997
DMA IRQ c0=3
DMA IRQ c1=0
DMA IRQ c2=0
DMA IRQ c3=0
SELECT busy=5897
SELECT w0=5897
SELECT w1=3369
SELECT w2=3481
BUSY TASK ewma=997
DMA IRQ c0=3
DMA IRQ c1=0
DMA IRQ c2=0
DMA IRQ c3=0
SELECT busy=5921
SELECT w0=5923
SELECT w1=3380
SELECT w2=3495
BUSY TASK ewma=997
DMA IRQ c0=3
DMA IRQ c1=0
DMA IRQ c2=0
DMA IRQ c3=0
SELECT busy=5947
SELECT w0=5947
SELECT w1=3391
SELECT w2=3512
BUSY TASK ewma=997
DMA IRQ c0=3
DMA IRQ c1=0
DMA IRQ c2=0
DMA IRQ c3=0
SELECT busy=5963
SELECT w0=5963
SELECT w1=3402
SELECT w2=3522
BUSY TASK ewma=997
DMA IRQ c0=3
DMA IRQ c1=0
DMA IRQ c2=0
DMA IRQ c3=0
SELECT busy=5984
SELECT w0=5983
SELECT w1=3414
SELECT w2=3537
BUSY TASK ewma=997
DMA IRQ c0=3
DMA IRQ c1=0
DMA IRQ c2=0
DMA IRQ c3=0
SELECT busy=6011
SELECT w0=6011
SELECT w1=3428
SELECT w2=3554
BUSY TASK ewma=997
DMA IRQ c0=3
DMA IRQ c1=0
DMA IRQ c2=0
DMA IRQ c3=0
SELECT busy=6036
SELECT w0=6036
SELECT w1=3441
SELECT w2=3567
BUSY TASK ewma=997
DMA IRQ c0=3
DMA IRQ c1=0
DMA IRQ c2=0
DMA IRQ c3=0
SELECT busy=6061
SELECT w0=6061
SELECT w1=3454
SELECT w2=3581
BUSY TASK ewma=997
DMA IRQ c0=3
DMA IRQ c1=0
DMA IRQ c2=0
DMA IRQ c3=0
SELECT busy=6098
SELECT w0=6098
SELECT w1=3469
SELECT w2=3600
BUSY TASK ewma=997
DMA IRQ c0=3
DMA IRQ c1=0
DMA IRQ c2=0
DMA IRQ c3=0
SELECT busy=6123
SELECT w0=6123
SELECT w1=3479
SELECT w2=3613
BUSY TASK ewma=997
DMA IRQ c0=3
DMA IRQ c1=0
DMA IRQ c2=0
DMA IRQ c3=0
SELECT busy=6147
SELECT w0=6147
SELECT w1=3491
SELECT w2=3629
BUSY TASK ewma=997
DMA IRQ c0=3
DMA IRQ c1=0
DMA IRQ c2=0
DMA IRQ c3=0
SELECT busy=6167
SELECT w0=6167
SELECT w1=3500
SELECT w2=3641
BUSY TASK ewma=997
DMA IRQ c0=3
DMA IRQ c1=0
DMA IRQ c2=0
DMA IRQ c3=0
SELECT busy=6183
SELECT w0=6183
SELECT w1=3508
SELECT w2=3649
BUSY TASK ewma=997
DMA IRQ c0=3
DMA IRQ c1=0
DMA IRQ c2=0
DMA IRQ c3=0
SELECT busy=6202
SELECT w0=6202
SELECT w1=3516
SELECT w2=3660
BUSY TASK ewma=997
DMA IRQ c0=3
DMA IRQ c1=0
DMA IRQ c2=0
DMA IRQ c3=0
SELECT busy=6222
SELECT w0=6221
SELECT w1=3524
SELECT w2=3669
BUSY TASK ewma=997
DMA IRQ c0=3
DMA IRQ c1=0
DMA IRQ c2=0
DMA IRQ c3=0
SELECT busy=6242
SELECT w0=6242
SELECT w1=3534
SELECT w2=3681
BUSY TASK ewma=997
DMA IRQ c0=3
DMA IRQ c1=0
DMA IRQ c2=0
DMA IRQ c3=0
SELECT busy=6258
SELECT w0=6258
SELECT w1=3541
SELECT w2=3689
BUSY TASK ewma=997
DMA IRQ c0=3
DMA IRQ c1=0
DMA IRQ c2=0
DMA IRQ c3=0
SELECT busy=6276
SELECT w0=6275
SELECT w1=3550
SELECT w2=3700
BUSY TASK ewma=997
DMA IRQ c0=3
DMA IRQ c1=0
DMA IRQ c2=0
DMA IRQ c3=0
SELECT busy=6292
SELECT w0=6292
SELECT w1=3558
SELECT w2=3711
BUSY TASK ewma=997
DMA IRQ c0=3
DMA IRQ c1=0
DMA IRQ c2=0
DMA IRQ c3=0
SELECT busy=6312
SELECT w0=6311
SELECT w1=3567
SELECT w2=3725
BUSY TASK ewma=997
DMA IRQ c0=3
DMA IRQ c1=0
DMA IRQ c2=0
DMA IRQ c3=0
SELECT busy=6331
SELECT w0=6330
SELECT w1=3576
SELECT w2=3734
BUSY TASK ewma=997
DMA IRQ c0=3
DMA IRQ c1=0
DMA IRQ c2=0
DMA IRQ c3=0
SELECT busy=6349
SELECT w0=6348
SELECT w1=3585
SELECT w2=3747
BUSY TASK ewma=997
DMA IRQ c0=3
DMA IRQ c1=0
DMA IRQ c2=0
DMA IRQ c3=0
SELECT busy=6368
SELECT w0=6368
SELECT w1=3595
SELECT w2=3759
BUSY TASK ewma=997
DMA IRQ c0=3
DMA IRQ c1=0
DMA IRQ c2=0
DMA IRQ c3=0
SELECT busy=6399
SELECT w0=6398
SELECT w1=3606
SELECT w2=3773
BUSY TASK ewma=997
DMA IRQ c0=3
DMA IRQ c1=0
DMA IRQ c2=0
DMA IRQ c3=0
SELECT busy=6427
SELECT w0=6427
SELECT w1=3619
SELECT w2=3792
BUSY TASK ewma=997
DMA IRQ c0=3
DMA IRQ c1=0
DMA IRQ c2=0
DMA IRQ c3=0
SELECT busy=6467
SELECT w0=6467
SELECT w1=3636
SELECT w2=3816
BUSY TASK ewma=997
DMA IRQ c0=3
DMA IRQ c1=0
DMA IRQ c2=0
DMA IRQ c3=0
SELECT busy=6487
SELECT w0=6487
SELECT w1=3645
SELECT w2=3828
BUSY TASK ewma=997
DMA IRQ c0=3
DMA IRQ c1=0
DMA IRQ c2=0
DMA IRQ c3=0
SELECT busy=6512
SELECT w0=6512
SELECT w1=3657
SELECT w2=3840
BUSY TASK ewma=997
DMA IRQ c0=3
DMA IRQ c1=0
DMA IRQ c2=0
DMA IRQ c3=0
SELECT busy=6531
SELECT w0=6530
SELECT w1=3665
SELECT w2=3851
BUSY TASK ewma=997
DMA IRQ c0=3
DMA IRQ c1=0
DMA IRQ c2=0
DMA IRQ c3=0
SELECT busy=6552
SELECT w0=6551
SELECT w1=3673
SELECT w2=3862
BUSY TASK ewma=997
DMA IRQ c0=3
DMA IRQ c1=0
DMA IRQ c2=0
DMA IRQ c3=0
SELECT busy=6567
SELECT w0=6567
SELECT w1=3680
SELECT w2=3870
BUSY TASK ewma=997
DMA IRQ c0=3
DMA IRQ c1=0
DMA IRQ c2=0
DMA IRQ c3=0
SELECT busy=6595
SELECT w0=6595
SELECT w1=3693
SELECT w2=3887
BUSY TASK ewma=997
DMA IRQ c0=3
DMA IRQ c1=0
DMA IRQ c2=0
DMA IRQ c3=0
SELECT busy=6624
SELECT w0=6624
SELECT w1=3705
SELECT w2=3901
BUSY TASK ewma=997
DMA IRQ c0=3
DMA IRQ c1=0
DMA IRQ c2=0
DMA IRQ c3=0
SELECT busy=6657
SELECT w0=6657
SELECT w1=3718
SELECT w2=3916
BUSY TASK ewma=997
DMA IRQ c0=3
DMA IRQ c1=0
DMA IRQ c2=0
DMA IRQ c3=0
SELECT busy=6694
SELECT w0=6694
SELECT w1=3735
SELECT w2=3937
BUSY TASK ewma=997
DMA IRQ c0=3
DMA IRQ c1=0
DMA IRQ c2=0
DMA IRQ c3=0
SELECT busy=6726
SELECT w0=6725
SELECT w1=3750
SELECT w2=3954
BUSY TASK ewma=997
DMA IRQ c0=3
DMA IRQ c1=0
DMA IRQ c2=0
DMA IRQ c3=0
SELECT busy=6754
SELECT w0=6753
SELECT w1=3763
SELECT w2=3971
BUSY TASK ewma=997
DMA IRQ c0=3
DMA IRQ c1=0
DMA IRQ c2=0
DMA IRQ c3=0
SELECT busy=6774
SELECT w0=6774
SELECT w1=3771
SELECT w2=3982
BUSY TASK ewma=997
DMA IRQ c0=3
DMA IRQ c1=0
DMA IRQ c2=0
DMA IRQ c3=0
SELECT busy=6788
SELECT w0=6787
SELECT w1=3779
SELECT w2=3991
BUSY TASK ewma=997
DMA IRQ c0=3
DMA IRQ c1=0
DMA IRQ c2=0
DMA IRQ c3=0
SELECT busy=6806
SELECT w0=6806
SELECT w1=3790
SELECT w2=4006
BUSY TASK ewma=997
DMA IRQ c0=3
DMA IRQ c1=0
DMA IRQ c2=0
DMA IRQ c3=0
SELECT busy=6828
SELECT w0=6827
SELECT w1=3799
SELECT w2=4017
BUSY TASK ewma=997
DMA IRQ c0=3
DMA IRQ c1=0
DMA IRQ c2=0
DMA IRQ c3=0
SELECT busy=6851
SELECT w0=6851
SELECT w1=3809
SELECT w2=4027
BUSY TASK ewma=997
DMA IRQ c0=3
DMA IRQ c1=0
DMA IRQ c2=0
DMA IRQ c3=0
SELECT busy=6877
SELECT w0=6876
SELECT w1=3817
SELECT w2=4038
BUSY TASK ewma=997
DMA IRQ c0=3
DMA IRQ c1=0
DMA IRQ c2=0
DMA IRQ c3=0
SELECT busy=6899
SELECT w0=6898
SELECT w1=3824
SELECT w2=4048
BUSY TASK ewma=997
DMA IRQ c0=3
DMA IRQ c1=0
DMA IRQ c2=0
DMA IRQ c3=0
SELECT busy=6916
SELECT w0=6915
SELECT w1=3834
SELECT w2=4059
BUSY TASK ewma=997
DMA IRQ c0=3
DMA IRQ c1=0
DMA IRQ c2=0
DMA IRQ c3=0
SELECT busy=6930
SELECT w0=6930
SELECT w1=3841
SELECT w2=4068
BUSY TASK ewma=997
DMA IRQ c0=3
DMA IRQ c1=0
DMA IRQ c2=0
DMA IRQ c3=0
SELECT busy=6948
SELECT w0=6947
SELECT w1=3849
SELECT w2=4076
BUSY TASK ewma=997
DMA IRQ c0=3
DMA IRQ c1=0
DMA IRQ c2=0
DMA IRQ c3=0
SELECT busy=6963
SELECT w0=6963
SELECT w1=3855
SELECT w2=4084
BUSY TASK ewma=997
DMA IRQ c0=3
DMA IRQ c1=0
DMA IRQ c2=0
DMA IRQ c3=0
SELECT busy=6989
SELECT w0=6991
SELECT w1=3870
SELECT w2=4100
BUSY TASK ewma=997
DMA IRQ c0=3
DMA IRQ c1=0
DMA IRQ c2=0
DMA IRQ c3=0
SELECT busy=7029
SELECT w0=7030
SELECT w1=3886
SELECT w2=4124
BUSY TASK ewma=997
DMA IRQ c0=3
DMA IRQ c1=0
DMA IRQ c2=0
DMA IRQ c3=0
SELECT busy=7057
SELECT w0=7056
SELECT w1=3899
SELECT w2=4142
BUSY TASK ewma=997
DMA IRQ c0=3
DMA IRQ c1=0
DMA IRQ c2=0
DMA IRQ c3=0
SELECT busy=7084
SELECT w0=7084
SELECT w1=3909
SELECT w2=4156
BUSY TASK ewma=997
IRQ counts: cpu0=14218 cpu1=16470 cpu2=16377 cpu3=16269
SCHED secondaries: calls=49132 unexpected=0
SECTEST switches=49115 cpu1=173533835,171663305 cpu2=151442104,144644569 cpu3=202774257,198441017
PINGPONG rounds=2000 pongs=2000
DMA IRQ c0=3
DMA IRQ c1=0
DMA IRQ c2=0
DMA IRQ c3=0
SELECT busy=7129
SELECT w0=7128
SELECT w1=3926
SELECT w2=4179
BUSY TASK ewma=997
DMA IRQ c0=3
DMA IRQ c1=0
DMA IRQ c2=0
DMA IRQ c3=0
SELECT busy=7165
SELECT w0=7164
SELECT w1=3942
SELECT w2=4200
BUSY TASK ewma=997
DMA IRQ c0=3
DMA IRQ c1=0
DMA IRQ c2=0
DMA IRQ c3=0
SELECT busy=7191
SELECT w0=7191
SELECT w1=3955
SELECT w2=4216
BUSY TASK ewma=997
DMA IRQ c0=3
DMA IRQ c1=0
DMA IRQ c2=0
DMA IRQ c3=0
SELECT busy=7232
SELECT w0=7232
SELECT w1=3971
SELECT w2=4236
BUSY TASK ewma=997
DMA IRQ c0=3
DMA IRQ c1=0
DMA IRQ c2=0
DMA IRQ c3=0
SELECT busy=7262
SELECT w0=7261
SELECT w1=3981
SELECT w2=4249
BUSY TASK ewma=997
DMA IRQ c0=3
DMA IRQ c1=0
DMA IRQ c2=0
DMA IRQ c3=0
SELECT busy=7277
SELECT w0=7277
SELECT w1=3986
SELECT w2=4256
BUSY TASK ewma=997
DMA IRQ c0=3
DMA IRQ c1=0
DMA IRQ c2=0
DMA IRQ c3=0
SELECT busy=7299
SELECT w0=7299
SELECT w1=3995
SELECT w2=4267
BUSY TASK ewma=997
DMA IRQ c0=3
DMA IRQ c1=0
DMA IRQ c2=0
DMA IRQ c3=0
SELECT busy=7330
SELECT w0=7331
SELECT w1=4012
SELECT w2=4289
BUSY TASK ewma=997
DMA IRQ c0=3
DMA IRQ c1=0
DMA IRQ c2=0
DMA IRQ c3=0
SELECT busy=7368
SELECT w0=7367
SELECT w1=4027
SELECT w2=4307
BUSY TASK ewma=997
DMA IRQ c0=3
DMA IRQ c1=0
DMA IRQ c2=0
DMA IRQ c3=0
SELECT busy=7395
SELECT w0=7395
SELECT w1=4039
SELECT w2=4326
BUSY TASK ewma=997
DMA IRQ c0=3
DMA IRQ c1=0
DMA IRQ c2=0
DMA IRQ c3=0
SELECT busy=7423
SELECT w0=7422
SELECT w1=4051
SELECT w2=4344
BUSY TASK ewma=997
DMA IRQ c0=3
DMA IRQ c1=0
DMA IRQ c2=0
DMA IRQ c3=0
SELECT busy=7461
SELECT w0=7460
SELECT w1=4068
SELECT w2=4363
BUSY TASK ewma=997
DMA IRQ c0=3
DMA IRQ c1=0
DMA IRQ c2=0
DMA IRQ c3=0
SELECT busy=7484
SELECT w0=7484
SELECT w1=4077
SELECT w2=4375
BUSY TASK ewma=997
DMA IRQ c0=3
DMA IRQ c1=0
DMA IRQ c2=0
DMA IRQ c3=0
SELECT busy=7513
SELECT w0=7513
SELECT w1=4093
SELECT w2=4393
BUSY TASK ewma=997
DMA IRQ c0=3
DMA IRQ c1=0
DMA IRQ c2=0
DMA IRQ c3=0
SELECT busy=7537
SELECT w0=7537
SELECT w1=4104
SELECT w2=4407
BUSY TASK ewma=997
DMA IRQ c0=3
DMA IRQ c1=0
DMA IRQ c2=0
DMA IRQ c3=0
SELECT busy=7568
SELECT w0=7567
SELECT w1=4116
SELECT w2=4423
BUSY TASK ewma=997
DMA IRQ c0=3
DMA IRQ c1=0
DMA IRQ c2=0
DMA IRQ c3=0
SELECT busy=7597
SELECT w0=7597
SELECT w1=4128
SELECT w2=4437
BUSY TASK ewma=997
DMA IRQ c0=3
DMA IRQ c1=0
DMA IRQ c2=0
DMA IRQ c3=0
SELECT busy=7633
SELECT w0=7632
SELECT w1=4143
SELECT w2=4460
BUSY TASK ewma=997
DMA IRQ c0=3
DMA IRQ c1=0
DMA IRQ c2=0
DMA IRQ c3=0
SELECT busy=7672
SELECT w0=7672
SELECT w1=4161
SELECT w2=4479
BUSY TASK ewma=997
DMA IRQ c0=3
DMA IRQ c1=0
DMA IRQ c2=0
DMA IRQ c3=0
SELECT busy=7716
SELECT w0=7716
SELECT w1=4183
SELECT w2=4503
BUSY TASK ewma=997
DMA IRQ c0=3
DMA IRQ c1=0
DMA IRQ c2=0
DMA IRQ c3=0
SELECT busy=7741
SELECT w0=7740
SELECT w1=4192
SELECT w2=4516
BUSY TASK ewma=997
DMA IRQ c0=3
DMA IRQ c1=0
DMA IRQ c2=0
DMA IRQ c3=0
SELECT busy=7769
SELECT w0=7768
SELECT w1=4204
SELECT w2=4529
BUSY TASK ewma=997
DMA IRQ c0=3
DMA IRQ c1=0
DMA IRQ c2=0
DMA IRQ c3=0
SELECT busy=7798
SELECT w0=7797
SELECT w1=4218
SELECT w2=4545
BUSY TASK ewma=997
DMA IRQ c0=3
DMA IRQ c1=0
DMA IRQ c2=0
DMA IRQ c3=0
SELECT busy=7834
SELECT w0=7834
SELECT w1=4232
SELECT w2=4564
BUSY TASK ewma=997
DMA IRQ c0=3
DMA IRQ c1=0
DMA IRQ c2=0
DMA IRQ c3=0
SELECT busy=7867
SELECT w0=7867
SELECT w1=4247
SELECT w2=4583
BUSY TASK ewma=997
DMA IRQ c0=3
DMA IRQ c1=0
DMA IRQ c2=0
DMA IRQ c3=0
SELECT busy=7898
SELECT w0=7897
SELECT w1=4260
SELECT w2=4595
BUSY TASK ewma=997
DMA IRQ c0=3
DMA IRQ c1=0
DMA IRQ c2=0
DMA IRQ c3=0
SELECT busy=7925
SELECT w0=7925
SELECT w1=4272
SELECT w2=4611
BUSY TASK ewma=997
DMA IRQ c0=3
DMA IRQ c1=0
DMA IRQ c2=0
DMA IRQ c3=0
SELECT busy=7944
SELECT w0=7943
SELECT w1=4281
SELECT w2=4621
BUSY TASK ewma=997
DMA IRQ c0=3
DMA IRQ c1=0
DMA IRQ c2=0
DMA IRQ c3=0
SELECT busy=7968
SELECT w0=7967
SELECT w1=4291
SELECT w2=4635
BUSY TASK ewma=997
DMA IRQ c0=3
DMA IRQ c1=0
DMA IRQ c2=0
DMA IRQ c3=0
SELECT busy=7989
SELECT w0=7990
SELECT w1=4303
SELECT w2=4655
BUSY TASK ewma=997
DMA IRQ c0=3
DMA IRQ c1=0
DMA IRQ c2=0
DMA IRQ c3=0
SELECT busy=8015
SELECT w0=8014
SELECT w1=4314
SELECT w2=4675
BUSY TASK ewma=997
DMA IRQ c0=3
DMA IRQ c1=0
DMA IRQ c2=0
DMA IRQ c3=0
SELECT busy=8036
SELECT w0=8035
SELECT w1=4323
SELECT w2=4688
BUSY TASK ewma=997
DMA IRQ c0=3
DMA IRQ c1=0
DMA IRQ c2=0
DMA IRQ c3=0
SELECT busy=8064
SELECT w0=8063
SELECT w1=4336
SELECT w2=4704
BUSY TASK ewma=997
DMA IRQ c0=3
DMA IRQ c1=0
DMA IRQ c2=0
DMA IRQ c3=0
SELECT busy=8082
SELECT w0=8082
SELECT w1=4342
SELECT w2=4712
BUSY TASK ewma=997
DMA IRQ c0=3
DMA IRQ c1=0
DMA IRQ c2=0
DMA IRQ c3=0
SELECT busy=8102
SELECT w0=8101
SELECT w1=4349
SELECT w2=4720
BUSY TASK ewma=997
DMA IRQ c0=3
DMA IRQ c1=0
DMA IRQ c2=0
DMA IRQ c3=0
SELECT busy=8122
SELECT w0=8122
SELECT w1=4358
SELECT w2=4734
BUSY TASK ewma=997
DMA IRQ c0=3
DMA IRQ c1=0
DMA IRQ c2=0
DMA IRQ c3=0
SELECT busy=8139
SELECT w0=8139
SELECT w1=4366
SELECT w2=4746
BUSY TASK ewma=997
DMA IRQ c0=3
DMA IRQ c1=0
DMA IRQ c2=0
DMA IRQ c3=0
SELECT busy=8161
SELECT w0=8160
SELECT w1=4376
SELECT w2=4759
BUSY TASK ewma=997
DMA IRQ c0=3
DMA IRQ c1=0
DMA IRQ c2=0
DMA IRQ c3=0
SELECT busy=8187
SELECT w0=8187
SELECT w1=4386
SELECT w2=4772
BUSY TASK ewma=997
DMA IRQ c0=3
DMA IRQ c1=0
DMA IRQ c2=0
DMA IRQ c3=0
SELECT busy=8209
SELECT w0=8208
SELECT w1=4395
SELECT w2=4784
BUSY TASK ewma=997
DMA IRQ c0=3
DMA IRQ c1=0
DMA IRQ c2=0
DMA IRQ c3=0
SELECT busy=8234
SELECT w0=8233
SELECT w1=4407
SELECT w2=4796
BUSY TASK ewma=997
DMA IRQ c0=3
DMA IRQ c1=0
DMA IRQ c2=0
DMA IRQ c3=0
SELECT busy=8264
SELECT w0=8266
SELECT w1=4422
SELECT w2=4817
BUSY TASK ewma=997
DMA IRQ c0=3
DMA IRQ c1=0
DMA IRQ c2=0
DMA IRQ c3=0
SELECT busy=8300
SELECT w0=8300
SELECT w1=4442
SELECT w2=4834
BUSY TASK ewma=997
DMA IRQ c0=3
DMA IRQ c1=0
DMA IRQ c2=0
DMA IRQ c3=0
SELECT busy=8324
SELECT w0=8323
SELECT w1=4453
SELECT w2=4847
BUSY TASK ewma=997
DMA IRQ c0=3
DMA IRQ c1=0
DMA IRQ c2=0
DMA IRQ c3=0
SELECT busy=8346
SELECT w0=8346
SELECT w1=4462
SELECT w2=4859
BUSY TASK ewma=997
DMA IRQ c0=3
DMA IRQ c1=0
DMA IRQ c2=0
DMA IRQ c3=0
SELECT busy=8374
SELECT w0=8374
SELECT w1=4472
SELECT w2=4872
BUSY TASK ewma=997
DMA IRQ c0=3
DMA IRQ c1=0
DMA IRQ c2=0
DMA IRQ c3=0
SELECT busy=8411
SELECT w0=8411
SELECT w1=4488
SELECT w2=4891
BUSY TASK ewma=997
DMA IRQ c0=3
DMA IRQ c1=0
DMA IRQ c2=0
DMA IRQ c3=0
SELECT busy=8449
SELECT w0=8449
SELECT w1=4503
SELECT w2=4912
BUSY TASK ewma=997
DMA IRQ c0=3
DMA IRQ c1=0
DMA IRQ c2=0
DMA IRQ c3=0
SELECT busy=8488
SELECT w0=8488
SELECT w1=4522
SELECT w2=4933
BUSY TASK ewma=997
DMA IRQ c0=3
DMA IRQ c1=0
DMA IRQ c2=0
DMA IRQ c3=0
SELECT busy=8527
SELECT w0=8527
SELECT w1=4537
SELECT w2=4954
BUSY TASK ewma=997
DMA IRQ c0=3
DMA IRQ c1=0
DMA IRQ c2=0
DMA IRQ c3=0
SELECT busy=8559
SELECT w0=8558
SELECT w1=4551
SELECT w2=4971
BUSY TASK ewma=997
DMA IRQ c0=3
DMA IRQ c1=0
DMA IRQ c2=0
DMA IRQ c3=0
SELECT busy=8586
SELECT w0=8586
SELECT w1=4562
SELECT w2=4986
BUSY TASK ewma=997
DMA IRQ c0=3
DMA IRQ c1=0
DMA IRQ c2=0
DMA IRQ c3=0
SELECT busy=8619
SELECT w0=8619
SELECT w1=4575
SELECT w2=5002
BUSY TASK ewma=997
DMA IRQ c0=3
DMA IRQ c1=0
DMA IRQ c2=0
DMA IRQ c3=0
SELECT busy=8643
SELECT w0=8642
SELECT w1=4584
SELECT w2=5013
BUSY TASK ewma=997
DMA IRQ c0=3
DMA IRQ c1=0
DMA IRQ c2=0
DMA IRQ c3=0
SELECT busy=8674
SELECT w0=8674
SELECT w1=4597
SELECT w2=5030
BUSY TASK ewma=997
DMA IRQ c0=3
DMA IRQ c1=0
DMA IRQ c2=0
DMA IRQ c3=0
SELECT busy=8708
SELECT w0=8707
SELECT w1=4609
SELECT w2=5045
BUSY TASK ewma=997
DMA IRQ c0=3
DMA IRQ c1=0
DMA IRQ c2=0
DMA IRQ c3=0
SELECT busy=8735
SELECT w0=8735
SELECT w1=4619
SELECT w2=5057
BUSY TASK ewma=997
DMA IRQ c0=3
DMA IRQ c1=0
DMA IRQ c2=0
DMA IRQ c3=0
SELECT busy=8763
SELECT w0=8763
SELECT w1=4630
SELECT w2=5072
BUSY TASK ewma=997
DMA IRQ c0=3
DMA IRQ c1=0
DMA IRQ c2=0
DMA IRQ c3=0
SELECT busy=8801
SELECT w0=8801
SELECT w1=4646
SELECT w2=5096
BUSY TASK ewma=997
DMA IRQ c0=3
DMA IRQ c1=0
DMA IRQ c2=0
DMA IRQ c3=0
SELECT busy=8827
SELECT w0=8827
SELECT w1=4658
SELECT w2=5109
BUSY TASK ewma=997
DMA IRQ c0=3
DMA IRQ c1=0
DMA IRQ c2=0
DMA IRQ c3=0
SELECT busy=8855
SELECT w0=8855
SELECT w1=4668
SELECT w2=5121
BUSY TASK ewma=997
DMA IRQ c0=3
DMA IRQ c1=0
DMA IRQ c2=0
DMA IRQ c3=0
SELECT busy=8885
SELECT w0=8886
SELECT w1=4682
SELECT w2=5139
BUSY TASK ewma=997
DMA IRQ c0=3
DMA IRQ c1=0
DMA IRQ c2=0
DMA IRQ c3=0
SELECT busy=8922
SELECT w0=8922
SELECT w1=4697
SELECT w2=5155
BUSY TASK ewma=997
DMA IRQ c0=3
DMA IRQ c1=0
DMA IRQ c2=0
DMA IRQ c3=0
SELECT busy=8959
SELECT w0=8959
SELECT w1=4719
SELECT w2=5179
BUSY TASK ewma=997
IRQ counts: cpu0=17972 cpu1=20535 cpu2=20483 cpu3=20217
SCHED secondaries: calls=61252 unexpected=0
SECTEST switches=61246 cpu1=202017595,198287073 cpu2=179169532,172628696 cpu3=240279929,232434305
PINGPONG rounds=2000 pongs=2000
DMA IRQ c0=3
DMA IRQ c1=0
DMA IRQ c2=0
DMA IRQ c3=0
SELECT busy=9004
SELECT w0=9005
SELECT w1=4743
SELECT w2=5209
BUSY TASK ewma=997
DMA IRQ c0=3
DMA IRQ c1=0
DMA IRQ c2=0
DMA IRQ c3=0
SELECT busy=9040
SELECT w0=9039
SELECT w1=4758
SELECT w2=5221
BUSY TASK ewma=997
DMA IRQ c0=3
DMA IRQ c1=0
DMA IRQ c2=0
DMA IRQ c3=0
SELECT busy=9062
SELECT w0=9061
SELECT w1=4764
SELECT w2=5231
BUSY TASK ewma=997
DMA IRQ c0=3
DMA IRQ c1=0
DMA IRQ c2=0
DMA IRQ c3=0
SELECT busy=9081
SELECT w0=9081
SELECT w1=4775
SELECT w2=5245
BUSY TASK ewma=997
DMA IRQ c0=3
DMA IRQ c1=0
DMA IRQ c2=0
DMA IRQ c3=0
SELECT busy=9100
SELECT w0=9101
SELECT w1=4785
SELECT w2=5261
BUSY TASK ewma=997
DMA IRQ c0=3
DMA IRQ c1=0
DMA IRQ c2=0
DMA IRQ c3=0
SELECT busy=9120
SELECT w0=9120
SELECT w1=4795
SELECT w2=5272
BUSY TASK ewma=997
DMA IRQ c0=3
DMA IRQ c1=0
DMA IRQ c2=0
DMA IRQ c3=0
SELECT busy=9138
SELECT w0=9137
SELECT w1=4801
SELECT w2=5279
BUSY TASK ewma=997
DMA IRQ c0=3
DMA IRQ c1=0
DMA IRQ c2=0
DMA IRQ c3=0
SELECT busy=9150
SELECT w0=9149
SELECT w1=4807
SELECT w2=5287
BUSY TASK ewma=997
DMA IRQ c0=3
DMA IRQ c1=0
DMA IRQ c2=0
DMA IRQ c3=0
SELECT busy=9169
SELECT w0=9169
SELECT w1=4812
SELECT w2=5294
BUSY TASK ewma=997
DMA IRQ c0=3
DMA IRQ c1=0
DMA IRQ c2=0
DMA IRQ c3=0
SELECT busy=9192
SELECT w0=9192
SELECT w1=4822
SELECT w2=5308
BUSY TASK ewma=997
DMA IRQ c0=3
DMA IRQ c1=0
DMA IRQ c2=0
DMA IRQ c3=0
SELECT busy=9209
SELECT w0=9209
SELECT w1=4831
SELECT w2=5320
BUSY TASK ewma=997
DMA IRQ c0=3
DMA IRQ c1=0
DMA IRQ c2=0
DMA IRQ c3=0
SELECT busy=9229
SELECT w0=9228
SELECT w1=4843
SELECT w2=5329
BUSY TASK ewma=997
DMA IRQ c0=3
DMA IRQ c1=0
DMA IRQ c2=0
DMA IRQ c3=0
SELECT busy=9256
SELECT w0=9256
SELECT w1=4857
SELECT w2=5355
BUSY TASK ewma=997
DMA IRQ c0=3
DMA IRQ c1=0
DMA IRQ c2=0
DMA IRQ c3=0
SELECT busy=9286
SELECT w0=9285
SELECT w1=4869
SELECT w2=5365
BUSY TASK ewma=997
DMA IRQ c0=3
DMA IRQ c1=0
DMA IRQ c2=0
DMA IRQ c3=0
SELECT busy=9313
SELECT w0=9312
SELECT w1=4881
SELECT w2=5382
BUSY TASK ewma=997
DMA IRQ c0=3
DMA IRQ c1=0
DMA IRQ c2=0
DMA IRQ c3=0
SELECT busy=9343
SELECT w0=9342
SELECT w1=4895
SELECT w2=5400
BUSY TASK ewma=997
DMA IRQ c0=3
DMA IRQ c1=0
DMA IRQ c2=0
DMA IRQ c3=0
SELECT busy=9381
SELECT w0=9380
SELECT w1=4912
SELECT w2=5421
BUSY TASK ewma=997
DMA IRQ c0=3
DMA IRQ c1=0
DMA IRQ c2=0
DMA IRQ c3=0
SELECT busy=9413
SELECT w0=9412
SELECT w1=4926
SELECT w2=5437
BUSY TASK ewma=997
DMA IRQ c0=3
DMA IRQ c1=0
DMA IRQ c2=0
DMA IRQ c3=0
SELECT busy=9452
SELECT w0=9452
SELECT w1=4944
SELECT w2=5455
BUSY TASK ewma=997
DMA IRQ c0=3
DMA IRQ c1=0
DMA IRQ c2=0
DMA IRQ c3=0
SELECT busy=9474
SELECT w0=9475
SELECT w1=4956
SELECT w2=5467
BUSY TASK ewma=997
DMA IRQ c0=3
DMA IRQ c1=0
DMA IRQ c2=0
DMA IRQ c3=0
SELECT busy=9495
SELECT w0=9494
SELECT w1=4964
SELECT w2=5477
BUSY TASK ewma=997
DMA IRQ c0=3
DMA IRQ c1=0
DMA IRQ c2=0
DMA IRQ c3=0
SELECT busy=9513
SELECT w0=9512
SELECT w1=4973
SELECT w2=5486
BUSY TASK ewma=997
DMA IRQ c0=3
DMA IRQ c1=0
DMA IRQ c2=0
DMA IRQ c3=0
SELECT busy=9534
SELECT w0=9533
SELECT w1=4981
SELECT w2=5496
BUSY TASK ewma=997
DMA IRQ c0=3
DMA IRQ c1=0
DMA IRQ c2=0
DMA IRQ c3=0
SELECT busy=9552
SELECT w0=9551
SELECT w1=4989
SELECT w2=5505
BUSY TASK ewma=997
DMA IRQ c0=3
DMA IRQ c1=0
DMA IRQ c2=0
DMA IRQ c3=0
SELECT busy=9571
SELECT w0=9571
SELECT w1=4996
SELECT w2=5515
BUSY TASK ewma=997
DMA IRQ c0=3
DMA IRQ c1=0
DMA IRQ c2=0
DMA IRQ c3=0
SELECT busy=9589
SELECT w0=9588
SELECT w1=5003
SELECT w2=5523
BUSY TASK ewma=997
DMA IRQ c0=3
DMA IRQ c1=0
DMA IRQ c2=0
DMA IRQ c3=0
SELECT busy=9605
SELECT w0=9604
SELECT w1=5010
SELECT w2=5531
BUSY TASK ewma=997
DMA IRQ c0=3
DMA IRQ c1=0
DMA IRQ c2=0
DMA IRQ c3=0
SELECT busy=9618
SELECT w0=9618
SELECT w1=5015
SELECT w2=5538
BUSY TASK ewma=997
DMA IRQ c0=3
DMA IRQ c1=0
DMA IRQ c2=0
DMA IRQ c3=0
SELECT busy=9638
SELECT w0=9637
SELECT w1=5022
SELECT w2=5546
BUSY TASK ewma=997
DMA IRQ c0=3
DMA IRQ c1=0
DMA IRQ c2=0
DMA IRQ c3=0
SELECT busy=9659
SELECT w0=9661
SELECT w1=5036
SELECT w2=5560
BUSY TASK ewma=997
DMA IRQ c0=3
DMA IRQ c1=0
DMA IRQ c2=0
DMA IRQ c3=0
SELECT busy=9680
SELECT w0=9679
SELECT w1=5044
SELECT w2=5568
BUSY TASK ewma=997
DMA IRQ c0=3
DMA IRQ c1=0
DMA IRQ c2=0
DMA IRQ c3=0
SELECT busy=9699
SELECT w0=9698
SELECT w1=5052
SELECT w2=5576
BUSY TASK ewma=997
DMA IRQ c0=3
DMA IRQ c1=0
DMA IRQ c2=0
DMA IRQ c3=0
SELECT busy=9719
SELECT w0=9719
SELECT w1=5063
SELECT w2=5585
BUSY TASK ewma=997
DMA IRQ c0=3
DMA IRQ c1=0
DMA IRQ c2=0
DMA IRQ c3=0
SELECT busy=9756
SELECT w0=9756
SELECT w1=5079
SELECT w2=5605
BUSY TASK ewma=997
DMA IRQ c0=3
DMA IRQ c1=0
DMA IRQ c2=0
DMA IRQ c3=0
SELECT busy=9787
SELECT w0=9786
SELECT w1=5095
SELECT w2=5620
BUSY TASK ewma=997
DMA IRQ c0=3
DMA IRQ c1=0
DMA IRQ c2=0
DMA IRQ c3=0
SELECT busy=9808
SELECT w0=9807
SELECT w1=5104
SELECT w2=5630
BUSY TASK ewma=997
DMA IRQ c0=3
DMA IRQ c1=0
DMA IRQ c2=0
DMA IRQ c3=0
SELECT busy=9828
SELECT w0=9828
SELECT w1=5115
SELECT w2=5642
BUSY TASK ewma=997
DMA IRQ c0=3
DMA IRQ c1=0
DMA IRQ c2=0
DMA IRQ c3=0
SELECT busy=9845
SELECT w0=9845
SELECT w1=5126
SELECT w2=5654
BUSY TASK ewma=997
DMA IRQ c0=3
DMA IRQ c1=0
DMA IRQ c2=0
DMA IRQ c3=0
SELECT busy=9862
SELECT w0=9862
SELECT w1=5134
SELECT w2=5663
BUSY TASK ewma=997
DMA IRQ c0=3
DMA IRQ c1=0
DMA IRQ c2=0
DMA IRQ c3=0
SELECT busy=9878
SELECT w0=9878
SELECT w1=5143
SELECT w2=5673
BUSY TASK ewma=997
DMA IRQ c0=3
DMA IRQ c1=0
DMA IRQ c2=0
DMA IRQ c3=0
SELECT busy=9898
SELECT w0=9898
SELECT w1=5152
SELECT w2=5684
BUSY TASK ewma=997
DMA IRQ c0=3
DMA IRQ c1=0
DMA IRQ c2=0
DMA IRQ c3=0
SELECT busy=9912
SELECT w0=9912
SELECT w1=5162
SELECT w2=5693
BUSY TASK ewma=997
DMA IRQ c0=3
DMA IRQ c1=0
DMA IRQ c2=0
DMA IRQ c3=0
SELECT busy=9926
SELECT w0=9925
SELECT w1=5169
SELECT w2=5702
BUSY TASK ewma=997
DMA IRQ c0=3
DMA IRQ c1=0
DMA IRQ c2=0
DMA IRQ c3=0
SELECT busy=9945
SELECT w0=9945
SELECT w1=5179
SELECT w2=5712
BUSY TASK ewma=997
DMA IRQ c0=3
DMA IRQ c1=0
DMA IRQ c2=0
DMA IRQ c3=0
SELECT busy=9961
SELECT w0=9961
SELECT w1=5187
SELECT w2=5721
BUSY TASK ewma=997
DMA IRQ c0=3
DMA IRQ c1=0
DMA IRQ c2=0
DMA IRQ c3=0
SELECT busy=9975
SELECT w0=9975
SELECT w1=5194
SELECT w2=5730
BUSY TASK ewma=997
DMA IRQ c0=3
DMA IRQ c1=0
DMA IRQ c2=0
DMA IRQ c3=0
SELECT busy=9989
SELECT w0=9989
SELECT w1=5203
SELECT w2=5739
BUSY TASK ewma=997
DMA IRQ c0=3
DMA IRQ c1=0
DMA IRQ c2=0
DMA IRQ c3=0
SELECT busy=10007
SELECT w0=10007
SELECT w1=5211
SELECT w2=5749
BUSY TASK ewma=997
DMA IRQ c0=3
DMA IRQ c1=0
DMA IRQ c2=0
DMA IRQ c3=0
SELECT busy=10023
SELECT w0=10023
SELECT w1=5219
SELECT w2=5757
BUSY TASK ewma=997
DMA IRQ c0=3
DMA IRQ c1=0
DMA IRQ c2=0
DMA IRQ c3=0
SELECT busy=10038
SELECT w0=10038
SELECT w1=5227
SELECT w2=5766
BUSY TASK ewma=997
DMA IRQ c0=3
DMA IRQ c1=0
DMA IRQ c2=0
DMA IRQ c3=0
SELECT busy=10054
SELECT w0=10053
SELECT w1=5233
SELECT w2=5773
BUSY TASK ewma=997
DMA IRQ c0=3
DMA IRQ c1=0
DMA IRQ c2=0
DMA IRQ c3=0
SELECT busy=10066
SELECT w0=10065
SELECT w1=5239
SELECT w2=5780
BUSY TASK ewma=997
DMA IRQ c0=3
DMA IRQ c1=0
DMA IRQ c2=0
DMA IRQ c3=0
SELECT busy=10086
SELECT w0=10085
SELECT w1=5246
SELECT w2=5791
BUSY TASK ewma=997
DMA IRQ c0=3
DMA IRQ c1=0
DMA IRQ c2=0
DMA IRQ c3=0
SELECT busy=10102
SELECT w0=10102
SELECT w1=5253
SELECT w2=5801
BUSY TASK ewma=997
DMA IRQ c0=3
DMA IRQ c1=0
DMA IRQ c2=0
DMA IRQ c3=0
SELECT busy=10133
SELECT w0=10133
SELECT w1=5270
SELECT w2=5822
BUSY TASK ewma=997
DMA IRQ c0=3
DMA IRQ c1=0
DMA IRQ c2=0
DMA IRQ c3=0
SELECT busy=10162
SELECT w0=10162
SELECT w1=5285
SELECT w2=5839
BUSY TASK ewma=997
DMA IRQ c0=3
DMA IRQ c1=0
DMA IRQ c2=0
DMA IRQ c3=0
SELECT busy=10204
SELECT w0=10203
SELECT w1=5298
SELECT w2=5857
BUSY TASK ewma=997
DMA IRQ c0=3
DMA IRQ c1=0
DMA IRQ c2=0
DMA IRQ c3=0
SELECT busy=10231
SELECT w0=10231
SELECT w1=5311
SELECT w2=5873
BUSY TASK ewma=997
DMA IRQ c0=3
DMA IRQ c1=0
DMA IRQ c2=0
DMA IRQ c3=0
SELECT busy=10251
SELECT w0=10250
SELECT w1=5321
SELECT w2=5886
BUSY TASK ewma=997
DMA IRQ c0=3
DMA IRQ c1=0
DMA IRQ c2=0
DMA IRQ c3=0
SELECT busy=10268
SELECT w0=10268
SELECT w1=5328
SELECT w2=5896
BUSY TASK ewma=997
DMA IRQ c0=3
DMA IRQ c1=0
DMA IRQ c2=0
DMA IRQ c3=0
SELECT busy=10283
SELECT w0=10282
SELECT w1=5335
SELECT w2=5905
BUSY TASK ewma=997
DMA IRQ c0=3
DMA IRQ c1=0
DMA IRQ c2=0
DMA IRQ c3=0
SELECT busy=10298
SELECT w0=10298
SELECT w1=5345
SELECT w2=5917
BUSY TASK ewma=997
DMA IRQ c0=3
DMA IRQ c1=0
DMA IRQ c2=0
DMA IRQ c3=0
SELECT busy=10315
SELECT w0=10315
SELECT w1=5354
SELECT w2=5926
BUSY TASK ewma=997
DMA IRQ c0=3
DMA IRQ c1=0
DMA IRQ c2=0
DMA IRQ c3=0
SELECT busy=10335
SELECT w0=10334
SELECT w1=5361
SELECT w2=5934
BUSY TASK ewma=997
IRQ counts: cpu0=20704 cpu1=23724 cpu2=23473 cpu3=23219
SCHED secondaries: calls=70420 unexpected=0
SECTEST switches=70394 cpu1=228788255,224463709 cpu2=205173324,197870530 cpu3=274783600,265463167
PINGPONG rounds=2000 pongs=2000
DMA IRQ c0=3
DMA IRQ c1=0
DMA IRQ c2=0
DMA IRQ c3=0
SELECT busy=10358
SELECT w0=10358
SELECT w1=5372
SELECT w2=5946
BUSY TASK ewma=997
DMA IRQ c0=3
DMA IRQ c1=0
DMA IRQ c2=0
DMA IRQ c3=0
SELECT busy=10378
SELECT w0=10377
SELECT w1=5380
SELECT w2=5955
BUSY TASK ewma=997
DMA IRQ c0=3
DMA IRQ c1=0
DMA IRQ c2=0
DMA IRQ c3=0
SELECT busy=10398
SELECT w0=10398
SELECT w1=5389
SELECT w2=5965
BUSY TASK ewma=997
DMA IRQ c0=3
DMA IRQ c1=0
DMA IRQ c2=0
DMA IRQ c3=0
SELECT busy=10415
SELECT w0=10415
SELECT w1=5396
SELECT w2=5973
BUSY TASK ewma=997
DMA IRQ c0=3
DMA IRQ c1=0
DMA IRQ c2=0
DMA IRQ c3=0
SELECT busy=10438
SELECT w0=10438
SELECT w1=5407
SELECT w2=5987
BUSY TASK ewma=997
DMA IRQ c0=3
DMA IRQ c1=0
DMA IRQ c2=0
DMA IRQ c3=0
SELECT busy=10454
SELECT w0=10454
SELECT w1=5415
SELECT w2=5999
BUSY TASK ewma=997
DMA IRQ c0=3
DMA IRQ c1=0
DMA IRQ c2=0
DMA IRQ c3=0
SELECT busy=10472
SELECT w0=10472
SELECT w1=5424
SELECT w2=6011
BUSY TASK ewma=997
DMA IRQ c0=3
DMA IRQ c1=0
DMA IRQ c2=0
DMA IRQ c3=0
SELECT busy=10515
SELECT w0=10515
SELECT w1=5444
SELECT w2=6035
BUSY TASK ewma=997
DMA IRQ c0=3
DMA IRQ c1=0
DMA IRQ c2=0
DMA IRQ c3=0
SELECT busy=10542
SELECT w0=10542
SELECT w1=5455
SELECT w2=6051
BUSY TASK ewma=997
DMA IRQ c0=3
DMA IRQ c1=0
DMA IRQ c2=0
DMA IRQ c3=0
SELECT busy=10558
SELECT w0=10557
SELECT w1=5462
SELECT w2=6060
BUSY TASK ewma=997
DMA IRQ c0=3
DMA IRQ c1=0
DMA IRQ c2=0
DMA IRQ c3=0
SELECT busy=10573
SELECT w0=10573
SELECT w1=5471
SELECT w2=6070
BUSY TASK ewma=997
DMA IRQ c0=3
DMA IRQ c1=0
DMA IRQ c2=0
DMA IRQ c3=0
SELECT busy=10599
SELECT w0=10599
SELECT w1=5484
SELECT w2=6085
BUSY TASK ewma=997
DMA IRQ c0=3
DMA IRQ c1=0
DMA IRQ c2=0
DMA IRQ c3=0
SELECT busy=10626
SELECT w0=10627
SELECT w1=5499
SELECT w2=6101
BUSY TASK ewma=997
DMA IRQ c0=3
DMA IRQ c1=0
DMA IRQ c2=0
DMA IRQ c3=0
SELECT busy=10654
SELECT w0=10654
SELECT w1=5511
SELECT w2=6122
BUSY TASK ewma=997
DMA IRQ c0=3
DMA IRQ c1=0
DMA IRQ c2=0
DMA IRQ c3=0
SELECT busy=10683
SELECT w0=10683
SELECT w1=5526
SELECT w2=6140
BUSY TASK ewma=997
DMA IRQ c0=3
DMA IRQ c1=0
DMA IRQ c2=0
DMA IRQ c3=0
SELECT busy=10713
SELECT w0=10712
SELECT w1=5538
SELECT w2=6160
BUSY TASK ewma=997
DMA IRQ c0=3
DMA IRQ c1=0
DMA IRQ c2=0
DMA IRQ c3=0
SELECT busy=10734
SELECT w0=10734
SELECT w1=5548
SELECT w2=6179
BUSY TASK ewma=997
DMA IRQ c0=3
DMA IRQ c1=0
DMA IRQ c2=0
DMA IRQ c3=0
SELECT busy=10757
SELECT w0=10757
SELECT w1=5560
SELECT w2=6191
BUSY TASK ewma=997
DMA IRQ c0=3
DMA IRQ c1=0
DMA IRQ c2=0
DMA IRQ c3=0
SELECT busy=10778
SELECT w0=10778
SELECT w1=5570
SELECT w2=6205
BUSY TASK ewma=997
DMA IRQ c0=3
DMA IRQ c1=0
DMA IRQ c2=0
DMA IRQ c3=0
SELECT busy=10796
SELECT w0=10797
SELECT w1=5578
SELECT w2=6218
BUSY TASK ewma=997
DMA IRQ c0=3
DMA IRQ c1=0
DMA IRQ c2=0
DMA IRQ c3=0
SELECT busy=10818
SELECT w0=10818
SELECT w1=5586
SELECT w2=6227
BUSY TASK ewma=997
DMA IRQ c0=3
DMA IRQ c1=0
DMA IRQ c2=0
DMA IRQ c3=0
SELECT busy=10832
SELECT w0=10831
SELECT w1=5593
SELECT w2=6239
BUSY TASK ewma=997
DMA IRQ c0=3
DMA IRQ c1=0
DMA IRQ c2=0
DMA IRQ c3=0
SELECT busy=10849
SELECT w0=10849
SELECT w1=5602
SELECT w2=6250
BUSY TASK ewma=997
DMA IRQ c0=3
DMA IRQ c1=0
DMA IRQ c2=0
DMA IRQ c3=0
SELECT busy=10873
SELECT w0=10873
SELECT w1=5615
SELECT w2=6263
BUSY TASK ewma=997
DMA IRQ c0=3
DMA IRQ c1=0
DMA IRQ c2=0
DMA IRQ c3=0
SELECT busy=10890
SELECT w0=10889
SELECT w1=5620
SELECT w2=6270
BUSY TASK ewma=997
DMA IRQ c0=3
DMA IRQ c1=0
DMA IRQ c2=0
DMA IRQ c3=0
SELECT busy=10910
SELECT w0=10910
SELECT w1=5630
SELECT w2=6283
BUSY TASK ewma=997
DMA IRQ c0=3
DMA IRQ c1=0
DMA IRQ c2=0
DMA IRQ c3=0
SELECT busy=10933
SELECT w0=10933
SELECT w1=5640
SELECT w2=6294
BUSY TASK ewma=997
DMA IRQ c0=3
DMA IRQ c1=0
DMA IRQ c2=0
DMA IRQ c3=0
SELECT busy=10953
SELECT w0=10952
SELECT w1=5647
SELECT w2=6303
BUSY TASK ewma=997
DMA IRQ c0=3
DMA IRQ c1=0
DMA IRQ c2=0
DMA IRQ c3=0
SELECT busy=10974
SELECT w0=10973
SELECT w1=5658
SELECT w2=6314
BUSY TASK ewma=997
DMA IRQ c0=3
DMA IRQ c1=0
DMA IRQ c2=0
DMA IRQ c3=0
SELECT busy=10985
SELECT w0=10985
SELECT w1=5663
SELECT w2=6320
BUSY TASK ewma=997
DMA IRQ c0=3
DMA IRQ c1=0
DMA IRQ c2=0
DMA IRQ c3=0
SELECT busy=11002
SELECT w0=11001
SELECT w1=5671
SELECT w2=6327
BUSY TASK ewma=997
DMA IRQ c0=3
DMA IRQ c1=0
DMA IRQ c2=0
DMA IRQ c3=0
SELECT busy=11019
SELECT w0=11019
SELECT w1=5680
SELECT w2=6339
BUSY TASK ewma=997
DMA IRQ c0=3
DMA IRQ c1=0
DMA IRQ c2=0
DMA IRQ c3=0
SELECT busy=11036
SELECT w0=11036
SELECT w1=5689
SELECT w2=6348
BUSY TASK ewma=997
DMA IRQ c0=3
DMA IRQ c1=0
DMA IRQ c2=0
DMA IRQ c3=0
SELECT busy=11051
SELECT w0=11051
SELECT w1=5697
SELECT w2=6357
BUSY TASK ewma=997
DMA IRQ c0=3
DMA IRQ c1=0
DMA IRQ c2=0
DMA IRQ c3=0
SELECT busy=11070
SELECT w0=11069
SELECT w1=5705
SELECT w2=6368
BUSY TASK ewma=997
DMA IRQ c0=3
DMA IRQ c1=0
DMA IRQ c2=0
DMA IRQ c3=0
SELECT busy=11086
SELECT w0=11085
SELECT w1=5712
SELECT w2=6375
BUSY TASK ewma=997
DMA IRQ c0=3
DMA IRQ c1=0
DMA IRQ c2=0
DMA IRQ c3=0
SELECT busy=11102
SELECT w0=11102
SELECT w1=5719
SELECT w2=6383
BUSY TASK ewma=997
DMA IRQ c0=3
DMA IRQ c1=0
DMA IRQ c2=0
DMA IRQ c3=0
SELECT busy=11119
SELECT w0=11118
SELECT w1=5726
SELECT w2=6393
BUSY TASK ewma=997
DMA IRQ c0=3
DMA IRQ c1=0
DMA IRQ c2=0
DMA IRQ c3=0
SELECT busy=11134
SELECT w0=11134
SELECT w1=5732
SELECT w2=6402
BUSY TASK ewma=997
DMA IRQ c0=3
DMA IRQ c1=0
DMA IRQ c2=0
DMA IRQ c3=0
SELECT busy=11154
SELECT w0=11153
SELECT w1=5739
SELECT w2=6410
BUSY TASK ewma=997
DMA IRQ c0=3
DMA IRQ c1=0
DMA IRQ c2=0
DMA IRQ c3=0
SELECT busy=11176
SELECT w0=11176
SELECT w1=5747
SELECT w2=6421
BUSY TASK ewma=997
DMA IRQ c0=3
DMA IRQ c1=0
DMA IRQ c2=0
DMA IRQ c3=0
SELECT busy=11196
SELECT w0=11196
SELECT w1=5758
SELECT w2=6434
BUSY TASK ewma=997
DMA IRQ c0=3
DMA IRQ c1=0
DMA IRQ c2=0
DMA IRQ c3=0
SELECT busy=11217
SELECT w0=11216
SELECT w1=5766
SELECT w2=6444
BUSY TASK ewma=997
DMA IRQ c0=3
DMA IRQ c1=0
DMA IRQ c2=0
DMA IRQ c3=0
SELECT busy=11236
SELECT w0=11237
SELECT w1=5777
SELECT w2=6456
BUSY TASK ewma=997
DMA IRQ c0=3
DMA IRQ c1=0
DMA IRQ c2=0
DMA IRQ c3=0
SELECT busy=11255
SELECT w0=11255
SELECT w1=5785
SELECT w2=6466
BUSY TASK ewma=997
DMA IRQ c0=3
DMA IRQ c1=0
DMA IRQ c2=0
DMA IRQ c3=0
SELECT busy=11270
SELECT w0=11270
SELECT w1=5792
SELECT w2=6475
BUSY TASK ewma=997
DMA IRQ c0=3
DMA IRQ c1=0
DMA IRQ c2=0
DMA IRQ c3=0
SELECT busy=11288
SELECT w0=11288
SELECT w1=5799
SELECT w2=6484
BUSY TASK ewma=997
DMA IRQ c0=3
DMA IRQ c1=0
DMA IRQ c2=0
DMA IRQ c3=0
SELECT busy=11305
SELECT w0=11305
SELECT w1=5806
SELECT w2=6492
BUSY TASK ewma=997
DMA IRQ c0=3
DMA IRQ c1=0
DMA IRQ c2=0
DMA IRQ c3=0
SELECT busy=11322
SELECT w0=11322
SELECT w1=5812
SELECT w2=6501
BUSY TASK ewma=997
DMA IRQ c0=3
DMA IRQ c1=0
DMA IRQ c2=0
DMA IRQ c3=0
SELECT busy=11340
SELECT w0=11340
SELECT w1=5820
SELECT w2=6511
BUSY TASK ewma=997
DMA IRQ c0=3
DMA IRQ c1=0
DMA IRQ c2=0
DMA IRQ c3=0
SELECT busy=11362
SELECT w0=11361
SELECT w1=5832
SELECT w2=6522
BUSY TASK ewma=997
DMA IRQ c0=3
DMA IRQ c1=0
DMA IRQ c2=0
DMA IRQ c3=0
SELECT busy=11376
SELECT w0=11376
SELECT w1=5839
SELECT w2=6532
BUSY TASK ewma=997
DMA IRQ c0=3
DMA IRQ c1=0
DMA IRQ c2=0
DMA IRQ c3=0
SELECT busy=11399
SELECT w0=11398
SELECT w1=5848
SELECT w2=6543
BUSY TASK ewma=997
DMA IRQ c0=3
DMA IRQ c1=0
DMA IRQ c2=0
DMA IRQ c3=0
SELECT busy=11418
SELECT w0=11417
SELECT w1=5856
SELECT w2=6554
BUSY TASK ewma=997
DMA IRQ c0=3
DMA IRQ c1=0
DMA IRQ c2=0
DMA IRQ c3=0
SELECT busy=11435
SELECT w0=11435
SELECT w1=5863
SELECT w2=6564
BUSY TASK ewma=997
DMA IRQ c0=3
DMA IRQ c1=0
DMA IRQ c2=0
DMA IRQ c3=0
SELECT busy=11454
SELECT w0=11454
SELECT w1=5872
SELECT w2=6575
BUSY TASK ewma=997
DMA IRQ c0=3
DMA IRQ c1=0
DMA IRQ c2=0
DMA IRQ c3=0
SELECT busy=11475
SELECT w0=11474
SELECT w1=5880
SELECT w2=6586
BUSY TASK ewma=997
DMA IRQ c0=3
DMA IRQ c1=0
DMA IRQ c2=0
DMA IRQ c3=0
SELECT busy=11495
SELECT w0=11494
SELECT w1=5889
SELECT w2=6599
BUSY TASK ewma=997
DMA IRQ c0=3
DMA IRQ c1=0
DMA IRQ c2=0
DMA IRQ c3=0
SELECT busy=11511
SELECT w0=11510
SELECT w1=5895
SELECT w2=6607
BUSY TASK ewma=997
DMA IRQ c0=3
DMA IRQ c1=0
DMA IRQ c2=0
DMA IRQ c3=0
SELECT busy=11526
SELECT w0=11526
SELECT w1=5902
SELECT w2=6616
BUSY TASK ewma=997
DMA IRQ c0=3
DMA IRQ c1=0
DMA IRQ c2=0
DMA IRQ c3=0
SELECT busy=11543
SELECT w0=11542
SELECT w1=5908
SELECT w2=6625
BUSY TASK ewma=997
DMA IRQ c0=3
DMA IRQ c1=0
DMA IRQ c2=0
DMA IRQ c3=0
SELECT busy=11565
SELECT w0=11564
SELECT w1=5916
SELECT w2=6637
BUSY TASK ewma=997
DMA IRQ c0=3
DMA IRQ c1=0
DMA IRQ c2=0
DMA IRQ c3=0
SELECT busy=11580
SELECT w0=11579
SELECT w1=5923
SELECT w2=6647
BUSY TASK ewma=997
DMA IRQ c0=3
DMA IRQ c1=0
DMA IRQ c2=0
DMA IRQ c3=0
SELECT busy=11599
SELECT w0=11600
SELECT w1=5935
SELECT w2=6663
BUSY TASK ewma=997
IRQ counts: cpu0=23224 cpu1=26580 cpu2=26378 cpu3=26080
SCHED secondaries: calls=79039 unexpected=0
SECTEST switches=79020 cpu1=259549001,254063572 cpu2=237059059,228784271 cpu3=315894765,305333339
PINGPONG rounds=2000 pongs=2000
DMA IRQ c0=3
DMA IRQ c1=0
DMA IRQ c2=0
DMA IRQ c3=0
SELECT busy=11626
SELECT w0=11626
SELECT w1=5948
SELECT w2=6677
BUSY TASK ewma=997
DMA IRQ c0=3
DMA IRQ c1=0
DMA IRQ c2=0
DMA IRQ c3=0
SELECT busy=11643
SELECT w0=11643
SELECT w1=5955
SELECT w2=6685
BUSY TASK ewma=997
DMA IRQ c0=3
DMA IRQ c1=0
DMA IRQ c2=0
DMA IRQ c3=0
SELECT busy=11661
SELECT w0=11660
SELECT w1=5962
SELECT w2=6695
BUSY TASK ewma=997
DMA IRQ c0=3
DMA IRQ c1=0
DMA IRQ c2=0
DMA IRQ c3=0
SELECT busy=11678
SELECT w0=11677
SELECT w1=5969
SELECT w2=6703
BUSY TASK ewma=997
DMA IRQ c0=3
DMA IRQ c1=0
DMA IRQ c2=0
DMA IRQ c3=0
SELECT busy=11694
SELECT w0=11694
SELECT w1=5979
SELECT w2=6715
BUSY TASK ewma=997
DMA IRQ c0=3
DMA IRQ c1=0
DMA IRQ c2=0
DMA IRQ c3=0
SELECT busy=11715
SELECT w0=11714
SELECT w1=5990
SELECT w2=6728
BUSY TASK ewma=997
DMA IRQ c0=3
DMA IRQ c1=0
DMA IRQ c2=0
DMA IRQ c3=0
SELECT busy=11733
SELECT w0=11734
SELECT w1=5998
SELECT w2=6742
BUSY TASK ewma=997
DMA IRQ c0=3
DMA IRQ c1=0
DMA IRQ c2=0
DMA IRQ c3=0
SELECT busy=11755
SELECT w0=11755
SELECT w1=6010
SELECT w2=6755
BUSY TASK ewma=997
DMA IRQ c0=3
DMA IRQ c1=0
DMA IRQ c2=0
DMA IRQ c3=0
SELECT busy=11776
SELECT w0=11776
SELECT w1=6020
SELECT w2=6769
BUSY TASK ewma=997
DMA IRQ c0=3
DMA IRQ c1=0
DMA IRQ c2=0
DMA IRQ c3=0
SELECT busy=11800
SELECT w0=11799
SELECT w1=6030
SELECT w2=6783
BUSY TASK ewma=997
DMA IRQ c0=3
DMA IRQ c1=0
DMA IRQ c2=0
DMA IRQ c3=0
SELECT busy=11822
SELECT w0=11822
SELECT w1=6043
SELECT w2=6798
BUSY TASK ewma=997
DMA IRQ c0=3
DMA IRQ c1=0
DMA IRQ c2=0
DMA IRQ c3=0
SELECT busy=11844
SELECT w0=11843
SELECT w1=6049
SELECT w2=6806
BUSY TASK ewma=997
DMA IRQ c0=3
DMA IRQ c1=0
DMA IRQ c2=0
DMA IRQ c3=0
SELECT busy=11863
SELECT w0=11863
SELECT w1=6058
SELECT w2=6819
BUSY TASK ewma=997
DMA IRQ c0=3
DMA IRQ c1=0
DMA IRQ c2=0
DMA IRQ c3=0
SELECT busy=11880
SELECT w0=11880
SELECT w1=6067
SELECT w2=6829
BUSY TASK ewma=997
DMA IRQ c0=3
DMA IRQ c1=0
DMA IRQ c2=0
DMA IRQ c3=0
SELECT busy=11897
SELECT w0=11897
SELECT w1=6076
SELECT w2=6839
BUSY TASK ewma=997
DMA IRQ c0=3
DMA IRQ c1=0
DMA IRQ c2=0
DMA IRQ c3=0
SELECT busy=11919
SELECT w0=11919
SELECT w1=6087
SELECT w2=6852
BUSY TASK ewma=997
DMA IRQ c0=3
DMA IRQ c1=0
DMA IRQ c2=0
DMA IRQ c3=0
SELECT busy=11937
SELECT w0=11936
SELECT w1=6093
SELECT w2=6859
BUSY TASK ewma=997
DMA IRQ c0=3
DMA IRQ c1=0
DMA IRQ c2=0
DMA IRQ c3=0
SELECT busy=11955
SELECT w0=11955
SELECT w1=6103
SELECT w2=6873
BUSY TASK ewma=997
DMA IRQ c0=3
DMA IRQ c1=0
DMA IRQ c2=0
DMA IRQ c3=0
SELECT busy=11975
SELECT w0=11974
SELECT w1=6111
SELECT w2=6882
BUSY TASK ewma=997
DMA IRQ c0=3
DMA IRQ c1=0
DMA IRQ c2=0
DMA IRQ c3=0
SELECT busy=11992
SELECT w0=11992
SELECT w1=6117
SELECT w2=6891
BUSY TASK ewma=997
DMA IRQ c0=3
DMA IRQ c1=0
DMA IRQ c2=0
DMA IRQ c3=0
SELECT busy=12013
SELECT w0=12013
SELECT w1=6126
SELECT w2=6904
BUSY TASK ewma=997
DMA IRQ c0=3
DMA IRQ c1=0
DMA IRQ c2=0
DMA IRQ c3=0
SELECT busy=12030
SELECT w0=12029
SELECT w1=6136
SELECT w2=6912
BUSY TASK ewma=997
DMA IRQ c0=3
DMA IRQ c1=0
DMA IRQ c2=0
DMA IRQ c3=0
SELECT busy=12049
SELECT w0=12049
SELECT w1=6146
SELECT w2=6926
BUSY TASK ewma=997
DMA IRQ c0=3
DMA IRQ c1=0
DMA IRQ c2=0
DMA IRQ c3=0
SELECT busy=12066
SELECT w0=12065
SELECT w1=6152
SELECT w2=6933
BUSY TASK ewma=997
DMA IRQ c0=3
DMA IRQ c1=0
DMA IRQ c2=0
DMA IRQ c3=0
SELECT busy=12086
SELECT w0=12085
SELECT w1=6160
SELECT w2=6944
BUSY TASK ewma=997
DMA IRQ c0=3
DMA IRQ c1=0
DMA IRQ c2=0
DMA IRQ c3=0
SELECT busy=12099
SELECT w0=12099
SELECT w1=6166
SELECT w2=6951
BUSY TASK ewma=997
DMA IRQ c0=3
DMA IRQ c1=0
DMA IRQ c2=0
DMA IRQ c3=0
SELECT busy=12119
SELECT w0=12118
SELECT w1=6174
SELECT w2=6964
BUSY TASK ewma=997
DMA IRQ c0=3
DMA IRQ c1=0
DMA IRQ c2=0
DMA IRQ c3=0
SELECT busy=12139
SELECT w0=12138
SELECT w1=6181
SELECT w2=6972
BUSY TASK ewma=997
DMA IRQ c0=3
DMA IRQ c1=0
DMA IRQ c2=0
DMA IRQ c3=0
SELECT busy=12157
SELECT w0=12156
SELECT w1=6189
SELECT w2=6983
BUSY TASK ewma=997
DMA IRQ c0=3qemu-system-aarch64: terminating on signal 15 from pid 237329 (timeout)
