P4 M7: full integration test boot OK
CPU0: MPIDR_EL1=0x0000000080000000
CPU0: psci_cpu_on target=1 rc=0
CPU1: alive, MPIDR_EL1=0x0000000080000001 this_cpu()->cpu_id=1
CPU0: psci_cpu_on target=2 rc=0
CPU2: alive, MPIDR_EL1=0x0000000080000002 this_cpu()->cpu_id=2
CPU0: psci_cpu_on target=3 rc=0
CPU3: alive, MPIDR_EL1=0x0000000080000003 this_cpu()->cpu_id=3
CPUs online: 4
DMA IRQ target cpu=0
D2b: worker 2 runs on CPU2
D2b: worker 0 runs on CPU0
D2b: worker 1 runs on CPU1
P4 M7: worker submitted cmd_id=3
P4 M7: worker submitted cmd_id=2
P4 M7: worker submitted cmd_id=1
BUSY TASK ewma=997
DMA IRQ c0=0
DMA IRQ c1=0
DMA IRQ c2=0
DMA IRQ c3=0
SELECT busy=34
SELECT w0=4
SELECT w1=6
SELECT w2=5
P4 M7: worker DATA OK, cmd_id=1
P4 M7: worker DATA OK, cmd_id=3
WORKER ewma=916
P4 M7: worker DATA OK, cmd_id=2
WORKER ewma=916
WORKER ewma=881
BUSY TASK ewma=997
DMA IRQ c0=1
DMA IRQ c1=0
DMA IRQ c2=0
DMA IRQ c3=0
SELECT busy=77
SELECT w0=39
SELECT w1=49
SELECT w2=61
BUSY TASK ewma=997
DMA IRQ c0=1
DMA IRQ c1=0
DMA IRQ c2=0
DMA IRQ c3=0
SELECT busy=107
SELECT w0=69
SELECT w1=92
SELECT w2=105
BUSY TASK ewma=997
DMA IRQ c0=1
DMA IRQ c1=0
DMA IRQ c2=0
DMA IRQ c3=0
SELECT busy=147
SELECT w0=110
SELECT w1=126
SELECT w2=144
BUSY TASK ewma=997
DMA IRQ c0=1
DMA IRQ c1=0
DMA IRQ c2=0
DMA IRQ c3=0
SELECT busy=182
SELECT w0=145
SELECT w1=145
SELECT w2=167
BUSY TASK ewma=997
DMA IRQ c0=1
DMA IRQ c1=0
DMA IRQ c2=0
DMA IRQ c3=0
SELECT busy=218
SELECT w0=182
SELECT w1=165
SELECT w2=189
BUSY TASK ewma=997
DMA IRQ c0=1
DMA IRQ c1=0
DMA IRQ c2=0
DMA IRQ c3=0
SELECT busy=254
SELECT w0=218
SELECT w1=183
SELECT w2=205
BUSY TASK ewma=997
DMA IRQ c0=1
DMA IRQ c1=0
DMA IRQ c2=0
DMA IRQ c3=0
SELECT busy=290
SELECT w0=253
SELECT w1=200
SELECT w2=227
BUSY TASK ewma=997
DMA IRQ c0=1
DMA IRQ c1=0
DMA IRQ c2=0
DMA IRQ c3=0
SELECT busy=331
SELECT w0=293
SELECT w1=219
SELECT w2=246
BUSY TASK ewma=997
DMA IRQ c0=1
DMA IRQ c1=0
DMA IRQ c2=0
DMA IRQ c3=0
SELECT busy=357
SELECT w0=320
SELECT w1=234
SELECT w2=262
BUSY TASK ewma=997
DMA IRQ c0=1
DMA IRQ c1=0
DMA IRQ c2=0
DMA IRQ c3=0
SELECT busy=382
SELECT w0=345
SELECT w1=247
SELECT w2=276
BUSY TASK ewma=997
DMA IRQ c0=1
DMA IRQ c1=0
DMA IRQ c2=0
DMA IRQ c3=0
SELECT busy=398
SELECT w0=360
SELECT w1=257
SELECT w2=285
BUSY TASK ewma=997
DMA IRQ c0=1
DMA IRQ c1=0
DMA IRQ c2=0
DMA IRQ c3=0
SELECT busy=411
SELECT w0=374
SELECT w1=265
SELECT w2=294
BUSY TASK ewma=997
DMA IRQ c0=1
DMA IRQ c1=0
DMA IRQ c2=0
DMA IRQ c3=0
SELECT busy=434
SELECT w0=397
SELECT w1=281
SELECT w2=311
BUSY TASK ewma=997
DMA IRQ c0=1
DMA IRQ c1=0
DMA IRQ c2=0
DMA IRQ c3=0
SELECT busy=473
SELECT w0=436
SELECT w1=300
SELECT w2=329
BUSY TASK ewma=997
DMA IRQ c0=1
DMA IRQ c1=0
DMA IRQ c2=0
DMA IRQ c3=0
SELECT busy=504
SELECT w0=466
SELECT w1=315
SELECT w2=346
BUSY TASK ewma=997
DMA IRQ c0=1
DMA IRQ c1=0
DMA IRQ c2=0
DMA IRQ c3=0
SELECT busy=541
SELECT w0=503
SELECT w1=336
SELECT w2=368
BUSY TASK ewma=997
DMA IRQ c0=1
DMA IRQ c1=0
DMA IRQ c2=0
DMA IRQ c3=0
SELECT busy=577
SELECT w0=540
SELECT w1=354
SELECT w2=387
BUSY TASK ewma=997
DMA IRQ c0=1
DMA IRQ c1=0
DMA IRQ c2=0
DMA IRQ c3=0
SELECT busy=618
SELECT w0=581
SELECT w1=376
SELECT w2=411
BUSY TASK ewma=997
DMA IRQ c0=1
DMA IRQ c1=0
DMA IRQ c2=0
DMA IRQ c3=0
SELECT busy=659
SELECT w0=623
SELECT w1=395
SELECT w2=432
BUSY TASK ewma=997
DMA IRQ c0=1
DMA IRQ c1=0
DMA IRQ c2=0
DMA IRQ c3=0
SELECT busy=696
SELECT w0=659
SELECT w1=417
SELECT w2=459
BUSY TASK ewma=997
DMA IRQ c0=1
DMA IRQ c1=0
DMA IRQ c2=0
DMA IRQ c3=0
SELECT busy=722
SELECT w0=684
SELECT w1=430
SELECT w2=479
BUSY TASK ewma=997
DMA IRQ c0=1
DMA IRQ c1=0
DMA IRQ c2=0
DMA IRQ c3=0
SELECT busy=749
SELECT w0=711
SELECT w1=439
SELECT w2=489
BUSY TASK ewma=997
DMA IRQ c0=1
DMA IRQ c1=0
DMA IRQ c2=0
DMA IRQ c3=0
SELECT busy=764
SELECT w0=727
SELECT w1=448
SELECT w2=499
BUSY TASK ewma=997
DMA IRQ c0=1
DMA IRQ c1=0
DMA IRQ c2=0
DMA IRQ c3=0
SELECT busy=779
SELECT w0=742
SELECT w1=458
SELECT w2=507
BUSY TASK ewma=997
DMA IRQ c0=1
DMA IRQ c1=0
DMA IRQ c2=0
DMA IRQ c3=0
SELECT busy=802
SELECT w0=765
SELECT w1=472
SELECT w2=521
BUSY TASK ewma=997
DMA IRQ c0=1
DMA IRQ c1=0
DMA IRQ c2=0
DMA IRQ c3=0
SELECT busy=832
SELECT w0=795
SELECT w1=495
SELECT w2=538
BUSY TASK ewma=997
DMA IRQ c0=1
DMA IRQ c1=0
DMA IRQ c2=0
DMA IRQ c3=0
SELECT busy=853
SELECT w0=815
SELECT w1=506
SELECT w2=548
BUSY TASK ewma=997
DMA IRQ c0=1
DMA IRQ c1=0
DMA IRQ c2=0
DMA IRQ c3=0
SELECT busy=873
SELECT w0=836
SELECT w1=516
SELECT w2=557
BUSY TASK ewma=997
DMA IRQ c0=1
DMA IRQ c1=0
DMA IRQ c2=0
DMA IRQ c3=0
SELECT busy=904
SELECT w0=866
SELECT w1=531
SELECT w2=574
BUSY TASK ewma=997
DMA IRQ c0=1
DMA IRQ c1=0
DMA IRQ c2=0
DMA IRQ c3=0
SELECT busy=936
SELECT w0=899
SELECT w1=548
SELECT w2=589
BUSY TASK ewma=997
DMA IRQ c0=1
DMA IRQ c1=0
DMA IRQ c2=0
DMA IRQ c3=0
SELECT busy=976
SELECT w0=939
SELECT w1=573
SELECT w2=611
BUSY TASK ewma=997
DMA IRQ c0=1
DMA IRQ c1=0
DMA IRQ c2=0
DMA IRQ c3=0
SELECT busy=1008
SELECT w0=971
SELECT w1=590
SELECT w2=625
BUSY TASK ewma=997
DMA IRQ c0=1
DMA IRQ c1=0
DMA IRQ c2=0
DMA IRQ c3=0
SELECT busy=1039
SELECT w0=1002
SELECT w1=605
SELECT w2=638
BUSY TASK ewma=997
DMA IRQ c0=1
DMA IRQ c1=0
DMA IRQ c2=0
DMA IRQ c3=0
SELECT busy=1072
SELECT w0=1035
SELECT w1=624
SELECT w2=660
BUSY TASK ewma=997
DMA IRQ c0=1
DMA IRQ c1=0
DMA IRQ c2=0
DMA IRQ c3=0
SELECT busy=1104
SELECT w0=1066
SELECT w1=641
SELECT w2=673
BUSY TASK ewma=997
DMA IRQ c0=1
DMA IRQ c1=0
DMA IRQ c2=0
DMA IRQ c3=0
SELECT busy=1125
SELECT w0=1088
SELECT w1=655
SELECT w2=684
BUSY TASK ewma=997
DMA IRQ c0=1
DMA IRQ c1=0
DMA IRQ c2=0
DMA IRQ c3=0
SELECT busy=1147
SELECT w0=1109
SELECT w1=669
SELECT w2=696
BUSY TASK ewma=997
DMA IRQ c0=1
DMA IRQ c1=0
DMA IRQ c2=0
DMA IRQ c3=0
SELECT busy=1162
SELECT w0=1124
SELECT w1=678
SELECT w2=704
BUSY TASK ewma=997
DMA IRQ c0=1
DMA IRQ c1=0
DMA IRQ c2=0
DMA IRQ c3=0
SELECT busy=1195
SELECT w0=1158
SELECT w1=695
SELECT w2=725
BUSY TASK ewma=997
DMA IRQ c0=1
DMA IRQ c1=0
DMA IRQ c2=0
DMA IRQ c3=0
SELECT busy=1233
SELECT w0=1195
SELECT w1=719
SELECT w2=747
BUSY TASK ewma=997
DMA IRQ c0=1
DMA IRQ c1=0
DMA IRQ c2=0
DMA IRQ c3=0
SELECT busy=1265
SELECT w0=1227
SELECT w1=736
SELECT w2=765
BUSY TASK ewma=997
DMA IRQ c0=1
DMA IRQ c1=0
DMA IRQ c2=0
DMA IRQ c3=0
SELECT busy=1279
SELECT w0=1242
SELECT w1=745
SELECT w2=773
BUSY TASK ewma=997
DMA IRQ c0=1
DMA IRQ c1=0
DMA IRQ c2=0
DMA IRQ c3=0
SELECT busy=1296
SELECT w0=1259
SELECT w1=753
SELECT w2=783
BUSY TASK ewma=997
DMA IRQ c0=1
DMA IRQ c1=0
DMA IRQ c2=0
DMA IRQ c3=0
SELECT busy=1313
SELECT w0=1276
SELECT w1=765
SELECT w2=793
BUSY TASK ewma=997
DMA IRQ c0=1
DMA IRQ c1=0
DMA IRQ c2=0
DMA IRQ c3=0
SELECT busy=1331
SELECT w0=1294
SELECT w1=778
SELECT w2=803
BUSY TASK ewma=997
DMA IRQ c0=1
DMA IRQ c1=0
DMA IRQ c2=0
DMA IRQ c3=0
SELECT busy=1350
SELECT w0=1313
SELECT w1=792
SELECT w2=817
BUSY TASK ewma=997
DMA IRQ c0=1
DMA IRQ c1=0
DMA IRQ c2=0
DMA IRQ c3=0
SELECT busy=1371
SELECT w0=1334
SELECT w1=805
SELECT w2=826
BUSY TASK ewma=997
DMA IRQ c0=1
DMA IRQ c1=0
DMA IRQ c2=0
DMA IRQ c3=0
SELECT busy=1389
SELECT w0=1352
SELECT w1=814
SELECT w2=835
BUSY TASK ewma=997
DMA IRQ c0=1
DMA IRQ c1=0
DMA IRQ c2=0
DMA IRQ c3=0
SELECT busy=1404
SELECT w0=1367
SELECT w1=824
SELECT w2=843
BUSY TASK ewma=997
DMA IRQ c0=1
DMA IRQ c1=0
DMA IRQ c2=0
DMA IRQ c3=0
SELECT busy=1427
SELECT w0=1390
SELECT w1=838
SELECT w2=861
BUSY TASK ewma=997
DMA IRQ c0=1
DMA IRQ c1=0
DMA IRQ c2=0
DMA IRQ c3=0
SELECT busy=1450
SELECT w0=1413
SELECT w1=849
SELECT w2=872
BUSY TASK ewma=997
DMA IRQ c0=1
DMA IRQ c1=0
DMA IRQ c2=0
DMA IRQ c3=0
SELECT busy=1469
SELECT w0=1431
SELECT w1=858
SELECT w2=885
BUSY TASK ewma=997
DMA IRQ c0=1
DMA IRQ c1=0
DMA IRQ c2=0
DMA IRQ c3=0
SELECT busy=1484
SELECT w0=1447
SELECT w1=868
SELECT w2=894
BUSY TASK ewma=997
DMA IRQ c0=1
DMA IRQ c1=0
DMA IRQ c2=0
DMA IRQ c3=0
SELECT busy=1503
SELECT w0=1466
SELECT w1=882
SELECT w2=908
BUSY TASK ewma=997
DMA IRQ c0=1
DMA IRQ c1=0
DMA IRQ c2=0
DMA IRQ c3=0
SELECT busy=1523
SELECT w0=1485
SELECT w1=891
SELECT w2=918
BUSY TASK ewma=997
DMA IRQ c0=1
DMA IRQ c1=0
DMA IRQ c2=0
DMA IRQ c3=0
SELECT busy=1537
SELECT w0=1499
SELECT w1=901
SELECT w2=929
BUSY TASK ewma=997
DMA IRQ c0=1
DMA IRQ c1=0
DMA IRQ c2=0
DMA IRQ c3=0
SELECT busy=1562
SELECT w0=1524
SELECT w1=918
SELECT w2=940
BUSY TASK ewma=997
DMA IRQ c0=1
DMA IRQ c1=0
DMA IRQ c2=0
DMA IRQ c3=0
SELECT busy=1582
SELECT w0=1545
SELECT w1=930
SELECT w2=951
BUSY TASK ewma=997
DMA IRQ c0=1
DMA IRQ c1=0
DMA IRQ c2=0
DMA IRQ c3=0
SELECT busy=1599
SELECT w0=1561
SELECT w1=939
SELECT w2=960
BUSY TASK ewma=997
DMA IRQ c0=1
DMA IRQ c1=0
DMA IRQ c2=0
DMA IRQ c3=0
SELECT busy=1613
SELECT w0=1575
SELECT w1=946
SELECT w2=970
BUSY TASK ewma=997
DMA IRQ c0=1
DMA IRQ c1=0
DMA IRQ c2=0
DMA IRQ c3=0
SELECT busy=1629
SELECT w0=1591
SELECT w1=953
SELECT w2=978
BUSY TASK ewma=997
DMA IRQ c0=1
DMA IRQ c1=0
DMA IRQ c2=0
DMA IRQ c3=0
SELECT busy=1648
SELECT w0=1610
SELECT w1=962
SELECT w2=988
BUSY TASK ewma=997
IRQ counts: cpu0=3281 cpu1=3725 cpu2=3745 cpu3=3699
SCHED secondaries: calls=11187 unexpected=0
SECTEST switches=11158 cpu1=32673330,34007346 cpu2=26794108,26935465 cpu3=39380309,38005889
PINGPONG rounds=783 pongs=784
DMA IRQ c0=1
DMA IRQ c1=0
DMA IRQ c2=0
DMA IRQ c3=0
SELECT busy=1676
SELECT w0=1639
SELECT w1=983
SELECT w2=1008
BUSY TASK ewma=997
DMA IRQ c0=1
DMA IRQ c1=0
DMA IRQ c2=0
DMA IRQ c3=0
SELECT busy=1695
SELECT w0=1658
SELECT w1=995
SELECT w2=1020
BUSY TASK ewma=997
DMA IRQ c0=1
DMA IRQ c1=0
DMA IRQ c2=0
DMA IRQ c3=0
SELECT busy=1711
SELECT w0=1674
SELECT w1=1008
SELECT w2=1031
BUSY TASK ewma=997
DMA IRQ c0=1
DMA IRQ c1=0
DMA IRQ c2=0
DMA IRQ c3=0
SELECT busy=1726
SELECT w0=1688
SELECT w1=1017
SELECT w2=1041
BUSY TASK ewma=997
DMA IRQ c0=1
DMA IRQ c1=0
DMA IRQ c2=0
DMA IRQ c3=0
SELECT busy=1750
SELECT w0=1712
SELECT w1=1027
SELECT w2=1051
BUSY TASK ewma=997
DMA IRQ c0=1
DMA IRQ c1=0
DMA IRQ c2=0
DMA IRQ c3=0
SELECT busy=1770
SELECT w0=1732
SELECT w1=1039
SELECT w2=1060
BUSY TASK ewma=997
DMA IRQ c0=1
DMA IRQ c1=0
DMA IRQ c2=0
DMA IRQ c3=0
SELECT busy=1783
SELECT w0=1745
SELECT w1=1044
SELECT w2=1066
BUSY TASK ewma=997
DMA IRQ c0=1
DMA IRQ c1=0
DMA IRQ c2=0
DMA IRQ c3=0
SELECT busy=1805
SELECT w0=1768
SELECT w1=1058
SELECT w2=1079
BUSY TASK ewma=997
DMA IRQ c0=1
DMA IRQ c1=0
DMA IRQ c2=0
DMA IRQ c3=0
SELECT busy=1831
SELECT w0=1794
SELECT w1=1073
SELECT w2=1091
BUSY TASK ewma=997
DMA IRQ c0=1
DMA IRQ c1=0
DMA IRQ c2=0
DMA IRQ c3=0
SELECT busy=1862
SELECT w0=1824
SELECT w1=1089
SELECT w2=1107
BUSY TASK ewma=997
DMA IRQ c0=1
DMA IRQ c1=0
DMA IRQ c2=0
DMA IRQ c3=0
SELECT busy=1890
SELECT w0=1852
SELECT w1=1102
SELECT w2=1120
BUSY TASK ewma=997
DMA IRQ c0=1
DMA IRQ c1=0
DMA IRQ c2=0
DMA IRQ c3=0
SELECT busy=1920
SELECT w0=1882
SELECT w1=1117
SELECT w2=1136
BUSY TASK ewma=997
DMA IRQ c0=1
DMA IRQ c1=0
DMA IRQ c2=0
DMA IRQ c3=0
SELECT busy=1947
SELECT w0=1910
SELECT w1=1131
SELECT w2=1152
BUSY TASK ewma=997
DMA IRQ c0=1
DMA IRQ c1=0
DMA IRQ c2=0
DMA IRQ c3=0
SELECT busy=1966
SELECT w0=1929
SELECT w1=1142
SELECT w2=1160
BUSY TASK ewma=997
DMA IRQ c0=1
DMA IRQ c1=0
DMA IRQ c2=0
DMA IRQ c3=0
SELECT busy=1978
SELECT w0=1941
SELECT w1=1150
SELECT w2=1168
BUSY TASK ewma=997
DMA IRQ c0=1
DMA IRQ c1=0
DMA IRQ c2=0
DMA IRQ c3=0
SELECT busy=1996
SELECT w0=1958
SELECT w1=1161
SELECT w2=1178
BUSY TASK ewma=997
DMA IRQ c0=1
DMA IRQ c1=0
DMA IRQ c2=0
DMA IRQ c3=0
SELECT busy=2013
SELECT w0=1976
SELECT w1=1170
SELECT w2=1187
BUSY TASK ewma=997
DMA IRQ c0=1
DMA IRQ c1=0
DMA IRQ c2=0
DMA IRQ c3=0
SELECT busy=2032
SELECT w0=1994
SELECT w1=1177
SELECT w2=1196
BUSY TASK ewma=997
DMA IRQ c0=1
DMA IRQ c1=0
DMA IRQ c2=0
DMA IRQ c3=0
SELECT busy=2050
SELECT w0=2013
SELECT w1=1187
SELECT w2=1206
BUSY TASK ewma=997
DMA IRQ c0=1
DMA IRQ c1=0
DMA IRQ c2=0
DMA IRQ c3=0
SELECT busy=2069
SELECT w0=2031
SELECT w1=1198
SELECT w2=1214
BUSY TASK ewma=997
DMA IRQ c0=1
DMA IRQ c1=0
DMA IRQ c2=0
DMA IRQ c3=0
SELECT busy=2089
SELECT w0=2052
SELECT w1=1212
SELECT w2=1231
BUSY TASK ewma=997
DMA IRQ c0=1
DMA IRQ c1=0
DMA IRQ c2=0
DMA IRQ c3=0
SELECT busy=2111
SELECT w0=2074
SELECT w1=1221
SELECT w2=1242
BUSY TASK ewma=997
DMA IRQ c0=1
DMA IRQ c1=0
DMA IRQ c2=0
DMA IRQ c3=0
SELECT busy=2126
SELECT w0=2089
SELECT w1=1231
SELECT w2=1250
BUSY TASK ewma=997
DMA IRQ c0=1
DMA IRQ c1=0
DMA IRQ c2=0
DMA IRQ c3=0
SELECT busy=2142
SELECT w0=2104
SELECT w1=1240
SELECT w2=1258
BUSY TASK ewma=997
DMA IRQ c0=1
DMA IRQ c1=0
DMA IRQ c2=0
DMA IRQ c3=0
SELECT busy=2157
SELECT w0=2120
SELECT w1=1247
SELECT w2=1266
BUSY TASK ewma=997
DMA IRQ c0=1
DMA IRQ c1=0
DMA IRQ c2=0
DMA IRQ c3=0
SELECT busy=2192
SELECT w0=2155
SELECT w1=1267
SELECT w2=1287
BUSY TASK ewma=997
DMA IRQ c0=1
DMA IRQ c1=0
DMA IRQ c2=0
DMA IRQ c3=0
SELECT busy=2231
SELECT w0=2194
SELECT w1=1283
SELECT w2=1305
BUSY TASK ewma=997
DMA IRQ c0=1
DMA IRQ c1=0
DMA IRQ c2=0
DMA IRQ c3=0
SELECT busy=2261
SELECT w0=2224
SELECT w1=1303
SELECT w2=1324
BUSY TASK ewma=997
DMA IRQ c0=1
DMA IRQ c1=0
DMA IRQ c2=0
DMA IRQ c3=0
SELECT busy=2290
SELECT w0=2254
SELECT w1=1316
SELECT w2=1338
BUSY TASK ewma=997
DMA IRQ c0=1
DMA IRQ c1=0
DMA IRQ c2=0
DMA IRQ c3=0
SELECT busy=2320
SELECT w0=2283
SELECT w1=1329
SELECT w2=1350
BUSY TASK ewma=997
DMA IRQ c0=1
DMA IRQ c1=0
DMA IRQ c2=0
DMA IRQ c3=0
SELECT busy=2355
SELECT w0=2317
SELECT w1=1345
SELECT w2=1372
BUSY TASK ewma=997
DMA IRQ c0=1
DMA IRQ c1=0
DMA IRQ c2=0
DMA IRQ c3=0
SELECT busy=2380
SELECT w0=2343
SELECT w1=1359
SELECT w2=1388
BUSY TASK ewma=997
DMA IRQ c0=1
DMA IRQ c1=0
DMA IRQ c2=0
DMA IRQ c3=0
SELECT busy=2415
SELECT w0=2378
SELECT w1=1377
SELECT w2=1407
BUSY TASK ewma=997
DMA IRQ c0=1
DMA IRQ c1=0
DMA IRQ c2=0
DMA IRQ c3=0
SELECT busy=2450
SELECT w0=2412
SELECT w1=1400
SELECT w2=1430
BUSY TASK ewma=997
DMA IRQ c0=1
DMA IRQ c1=0
DMA IRQ c2=0
DMA IRQ c3=0
SELECT busy=2482
SELECT w0=2444
SELECT w1=1415
SELECT w2=1443
BUSY TASK ewma=997
DMA IRQ c0=1
DMA IRQ c1=0
DMA IRQ c2=0
DMA IRQ c3=0
SELECT busy=2508
SELECT w0=2470
SELECT w1=1431
SELECT w2=1457
BUSY TASK ewma=997
DMA IRQ c0=1
DMA IRQ c1=0
DMA IRQ c2=0
DMA IRQ c3=0
SELECT busy=2538
SELECT w0=2501
SELECT w1=1444
SELECT w2=1473
BUSY TASK ewma=997
DMA IRQ c0=1
DMA IRQ c1=0
DMA IRQ c2=0
DMA IRQ c3=0
SELECT busy=2567
SELECT w0=2531
SELECT w1=1460
SELECT w2=1486
BUSY TASK ewma=997
DMA IRQ c0=1
DMA IRQ c1=0
DMA IRQ c2=0
DMA IRQ c3=0
SELECT busy=2602
SELECT w0=2564
SELECT w1=1476
SELECT w2=1502
BUSY TASK ewma=997
DMA IRQ c0=1
DMA IRQ c1=0
DMA IRQ c2=0
DMA IRQ c3=0
SELECT busy=2632
SELECT w0=2595
SELECT w1=1494
SELECT w2=1521
BUSY TASK ewma=997
DMA IRQ c0=1
DMA IRQ c1=0
DMA IRQ c2=0
DMA IRQ c3=0
SELECT busy=2663
SELECT w0=2625
SELECT w1=1508
SELECT w2=1535
BUSY TASK ewma=997
DMA IRQ c0=1
DMA IRQ c1=0
DMA IRQ c2=0
DMA IRQ c3=0
SELECT busy=2686
SELECT w0=2648
SELECT w1=1519
SELECT w2=1545
BUSY TASK ewma=997
DMA IRQ c0=1
DMA IRQ c1=0
DMA IRQ c2=0
DMA IRQ c3=0
SELECT busy=2722
SELECT w0=2684
SELECT w1=1540
SELECT w2=1567
BUSY TASK ewma=997
DMA IRQ c0=1
DMA IRQ c1=0
DMA IRQ c2=0
DMA IRQ c3=0
SELECT busy=2759
SELECT w0=2723
SELECT w1=1560
SELECT w2=1588
BUSY TASK ewma=997
DMA IRQ c0=1
DMA IRQ c1=0
DMA IRQ c2=0
DMA IRQ c3=0
SELECT busy=2793
SELECT w0=2756
SELECT w1=1580
SELECT w2=1607
BUSY TASK ewma=997
DMA IRQ c0=1
DMA IRQ c1=0
DMA IRQ c2=0
DMA IRQ c3=0
SELECT busy=2825
SELECT w0=2788
SELECT w1=1600
SELECT w2=1623
BUSY TASK ewma=997
DMA IRQ c0=1
DMA IRQ c1=0
DMA IRQ c2=0
DMA IRQ c3=0
SELECT busy=2858
SELECT w0=2821
SELECT w1=1616
SELECT w2=1640
BUSY TASK ewma=997
DMA IRQ c0=1
DMA IRQ c1=0
DMA IRQ c2=0
DMA IRQ c3=0
SELECT busy=2894
SELECT w0=2857
SELECT w1=1636
SELECT w2=1667
BUSY TASK ewma=997
DMA IRQ c0=1
DMA IRQ c1=0
DMA IRQ c2=0
DMA IRQ c3=0
SELECT busy=2928
SELECT w0=2891
SELECT w1=1654
SELECT w2=1689
BUSY TASK ewma=997
DMA IRQ c0=1
DMA IRQ c1=0
DMA IRQ c2=0
DMA IRQ c3=0
SELECT busy=2964
SELECT w0=2926
SELECT w1=1669
SELECT w2=1702
BUSY TASK ewma=997
DMA IRQ c0=1
DMA IRQ c1=0
DMA IRQ c2=0
DMA IRQ c3=0
SELECT busy=2998
SELECT w0=2960
SELECT w1=1684
SELECT w2=1720
BUSY TASK ewma=997
DMA IRQ c0=1
DMA IRQ c1=0
DMA IRQ c2=0
DMA IRQ c3=0
SELECT busy=3023
SELECT w0=2985
SELECT w1=1696
SELECT w2=1733
BUSY TASK ewma=997
DMA IRQ c0=1
DMA IRQ c1=0
DMA IRQ c2=0
DMA IRQ c3=0
SELECT busy=3048
SELECT w0=3010
SELECT w1=1708
SELECT w2=1747
BUSY TASK ewma=997
DMA IRQ c0=1
DMA IRQ c1=0
DMA IRQ c2=0
DMA IRQ c3=0
SELECT busy=3073
SELECT w0=3035
SELECT w1=1720
SELECT w2=1758
BUSY TASK ewma=997
DMA IRQ c0=1
DMA IRQ c1=0
DMA IRQ c2=0
DMA IRQ c3=0
SELECT busy=3103
SELECT w0=3065
SELECT w1=1735
SELECT w2=1772
BUSY TASK ewma=997
DMA IRQ c0=1
DMA IRQ c1=0
DMA IRQ c2=0
DMA IRQ c3=0
SELECT busy=3126
SELECT w0=3089
SELECT w1=1749
SELECT w2=1785
BUSY TASK ewma=997
DMA IRQ c0=1
DMA IRQ c1=0
DMA IRQ c2=0
DMA IRQ c3=0
SELECT busy=3143
SELECT w0=3106
SELECT w1=1761
SELECT w2=1799
BUSY TASK ewma=997
DMA IRQ c0=1
DMA IRQ c1=0
DMA IRQ c2=0
DMA IRQ c3=0
SELECT busy=3171
SELECT w0=3134
SELECT w1=1776
SELECT w2=1814
BUSY TASK ewma=997
DMA IRQ c0=1
DMA IRQ c1=0
DMA IRQ c2=0
DMA IRQ c3=0
SELECT busy=3189
SELECT w0=3152
SELECT w1=1787
SELECT w2=1823
BUSY TASK ewma=997
DMA IRQ c0=1
DMA IRQ c1=0
DMA IRQ c2=0
DMA IRQ c3=0
SELECT busy=3204
SELECT w0=3166
SELECT w1=1794
SELECT w2=1832
BUSY TASK ewma=997
DMA IRQ c0=1
DMA IRQ c1=0
DMA IRQ c2=0
DMA IRQ c3=0
SELECT busy=3219
SELECT w0=3182
SELECT w1=1806
SELECT w2=1847
BUSY TASK ewma=997
DMA IRQ c0=1
DMA IRQ c1=0
DMA IRQ c2=0
DMA IRQ c3=0
SELECT busy=3249
SELECT w0=3212
SELECT w1=1822
SELECT w2=1859
BUSY TASK ewma=997
DMA IRQ c0=1
DMA IRQ c1=0
DMA IRQ c2=0
DMA IRQ c3=0
SELECT busy=3266
SELECT w0=3228
SELECT w1=1827
SELECT w2=1866
BUSY TASK ewma=997
DMA IRQ c0=1
DMA IRQ c1=0
DMA IRQ c2=0
DMA IRQ c3=0
SELECT busy=3282
SELECT w0=3245
SELECT w1=1836
SELECT w2=1873
BUSY TASK ewma=997
IRQ counts: cpu0=6559 cpu1=7272 cpu2=7344 cpu3=7174
SCHED secondaries: calls=21794 unexpected=0
SECTEST switches=21750 cpu1=66425603,67812108 cpu2=60359911,53359993 cpu3=75442435,74169500
PINGPONG rounds=1437 pongs=1438
DMA IRQ c0=1
DMA IRQ c1=0
DMA IRQ c2=0
DMA IRQ c3=0
SELECT busy=3307
SELECT w0=3269
SELECT w1=1848
SELECT w2=1886
BUSY TASK ewma=997
DMA IRQ c0=1
DMA IRQ c1=0
DMA IRQ c2=0
DMA IRQ c3=0
SELECT busy=3328
SELECT w0=3290
SELECT w1=1861
SELECT w2=1899
BUSY TASK ewma=997
DMA IRQ c0=1
DMA IRQ c1=0
DMA IRQ c2=0
DMA IRQ c3=0
SELECT busy=3347
SELECT w0=3309
SELECT w1=1874
SELECT w2=1909
BUSY TASK ewma=997
DMA IRQ c0=1
DMA IRQ c1=0
DMA IRQ c2=0
DMA IRQ c3=0
SELECT busy=3368
SELECT w0=3331
SELECT w1=1885
SELECT w2=1919
BUSY TASK ewma=997
DMA IRQ c0=1
DMA IRQ c1=0
DMA IRQ c2=0
DMA IRQ c3=0
SELECT busy=3386
SELECT w0=3349
SELECT w1=1895
SELECT w2=1931
BUSY TASK ewma=997
DMA IRQ c0=1
DMA IRQ c1=0
DMA IRQ c2=0
DMA IRQ c3=0
SELECT busy=3406
SELECT w0=3369
SELECT w1=1908
SELECT w2=1941
BUSY TASK ewma=997
DMA IRQ c0=1
DMA IRQ c1=0
DMA IRQ c2=0
DMA IRQ c3=0
SELECT busy=3428
SELECT w0=3391
SELECT w1=1921
SELECT w2=1958
BUSY TASK ewma=997
DMA IRQ c0=1
DMA IRQ c1=0
DMA IRQ c2=0
DMA IRQ c3=0
SELECT busy=3451
SELECT w0=3414
SELECT w1=1935
SELECT w2=1972
BUSY TASK ewma=997
DMA IRQ c0=1
DMA IRQ c1=0
DMA IRQ c2=0
DMA IRQ c3=0
SELECT busy=3469
SELECT w0=3432
SELECT w1=1948
SELECT w2=1987
BUSY TASK ewma=997
DMA IRQ c0=1
DMA IRQ c1=0
DMA IRQ c2=0
DMA IRQ c3=0
SELECT busy=3492
SELECT w0=3455
SELECT w1=1962
SELECT w2=2001
BUSY TASK ewma=997
DMA IRQ c0=1
DMA IRQ c1=0
DMA IRQ c2=0
DMA IRQ c3=0
SELECT busy=3513
SELECT w0=3475
SELECT w1=1973
SELECT w2=2010
BUSY TASK ewma=997
DMA IRQ c0=1
DMA IRQ c1=0
DMA IRQ c2=0
DMA IRQ c3=0
SELECT busy=3530
SELECT w0=3493
SELECT w1=1982
SELECT w2=2018
BUSY TASK ewma=997
DMA IRQ c0=1
DMA IRQ c1=0
DMA IRQ c2=0
DMA IRQ c3=0
SELECT busy=3548
SELECT w0=3511
SELECT w1=1994
SELECT w2=2029
BUSY TASK ewma=997
DMA IRQ c0=1
DMA IRQ c1=0
DMA IRQ c2=0
DMA IRQ c3=0
SELECT busy=3567
SELECT w0=3530
SELECT w1=2006
SELECT w2=2039
BUSY TASK ewma=997
DMA IRQ c0=1
DMA IRQ c1=0
DMA IRQ c2=0
DMA IRQ c3=0
SELECT busy=3597
SELECT w0=3559
SELECT w1=2027
SELECT w2=2060
BUSY TASK ewma=997
DMA IRQ c0=1
DMA IRQ c1=0
DMA IRQ c2=0
DMA IRQ c3=0
SELECT busy=3630
SELECT w0=3592
SELECT w1=2044
SELECT w2=2080
BUSY TASK ewma=997
DMA IRQ c0=1
DMA IRQ c1=0
DMA IRQ c2=0
DMA IRQ c3=0
SELECT busy=3657
SELECT w0=3619
SELECT w1=2057
SELECT w2=2092
BUSY TASK ewma=997
DMA IRQ c0=1
DMA IRQ c1=0
DMA IRQ c2=0
DMA IRQ c3=0
SELECT busy=3691
SELECT w0=3654
SELECT w1=2070
SELECT w2=2106
BUSY TASK ewma=997
DMA IRQ c0=1
DMA IRQ c1=0
DMA IRQ c2=0
DMA IRQ c3=0
SELECT busy=3725
SELECT w0=3688
SELECT w1=2089
SELECT w2=2127
BUSY TASK ewma=997
DMA IRQ c0=1
DMA IRQ c1=0
DMA IRQ c2=0
DMA IRQ c3=0
SELECT busy=3746
SELECT w0=3709
SELECT w1=2104
SELECT w2=2140
BUSY TASK ewma=997
DMA IRQ c0=1
DMA IRQ c1=0
DMA IRQ c2=0
DMA IRQ c3=0
SELECT busy=3761
SELECT w0=3723
SELECT w1=2115
SELECT w2=2147
BUSY TASK ewma=997
DMA IRQ c0=1
DMA IRQ c1=0
DMA IRQ c2=0
DMA IRQ c3=0
SELECT busy=3777
SELECT w0=3739
SELECT w1=2123
SELECT w2=2157
BUSY TASK ewma=997
DMA IRQ c0=1
DMA IRQ c1=0
DMA IRQ c2=0
DMA IRQ c3=0
SELECT busy=3805
SELECT w0=3768
SELECT w1=2138
SELECT w2=2169
BUSY TASK ewma=997
DMA IRQ c0=1
DMA IRQ c1=0
DMA IRQ c2=0
DMA IRQ c3=0
SELECT busy=3838
SELECT w0=3800
SELECT w1=2155
SELECT w2=2187
BUSY TASK ewma=997
DMA IRQ c0=1
DMA IRQ c1=0
DMA IRQ c2=0
DMA IRQ c3=0
SELECT busy=3871
SELECT w0=3834
SELECT w1=2175
SELECT w2=2207
BUSY TASK ewma=997
DMA IRQ c0=1
DMA IRQ c1=0
DMA IRQ c2=0
DMA IRQ c3=0
SELECT busy=3904
SELECT w0=3867
SELECT w1=2193
SELECT w2=2225
BUSY TASK ewma=997
DMA IRQ c0=1
DMA IRQ c1=0
DMA IRQ c2=0
DMA IRQ c3=0
SELECT busy=3939
SELECT w0=3902
SELECT w1=2212
SELECT w2=2246
BUSY TASK ewma=997
DMA IRQ c0=1
DMA IRQ c1=0
DMA IRQ c2=0
DMA IRQ c3=0
SELECT busy=3973
SELECT w0=3936
SELECT w1=2233
SELECT w2=2266
BUSY TASK ewma=997
DMA IRQ c0=1
DMA IRQ c1=0
DMA IRQ c2=0
DMA IRQ c3=0
SELECT busy=3997
SELECT w0=3959
SELECT w1=2246
SELECT w2=2283
BUSY TASK ewma=997
DMA IRQ c0=1
DMA IRQ c1=0
DMA IRQ c2=0
DMA IRQ c3=0
SELECT busy=4030
SELECT w0=3993
SELECT w1=2267
SELECT w2=2305
BUSY TASK ewma=997
DMA IRQ c0=1
DMA IRQ c1=0
DMA IRQ c2=0
DMA IRQ c3=0
SELECT busy=4067
SELECT w0=4029
SELECT w1=2284
SELECT w2=2322
BUSY TASK ewma=997
DMA IRQ c0=1
DMA IRQ c1=0
DMA IRQ c2=0
DMA IRQ c3=0
SELECT busy=4094
SELECT w0=4056
SELECT w1=2298
SELECT w2=2337
BUSY TASK ewma=997
DMA IRQ c0=1
DMA IRQ c1=0
DMA IRQ c2=0
DMA IRQ c3=0
SELECT busy=4125
SELECT w0=4088
SELECT w1=2316
SELECT w2=2356
BUSY TASK ewma=997
DMA IRQ c0=1
DMA IRQ c1=0
DMA IRQ c2=0
DMA IRQ c3=0
SELECT busy=4160
SELECT w0=4122
SELECT w1=2333
SELECT w2=2376
BUSY TASK ewma=997
DMA IRQ c0=1
DMA IRQ c1=0
DMA IRQ c2=0
DMA IRQ c3=0
SELECT busy=4197
SELECT w0=4160
SELECT w1=2355
SELECT w2=2399
BUSY TASK ewma=997
DMA IRQ c0=1
DMA IRQ c1=0
DMA IRQ c2=0
DMA IRQ c3=0
SELECT busy=4223
SELECT w0=4185
SELECT w1=2366
SELECT w2=2412
BUSY TASK ewma=997
DMA IRQ c0=1
DMA IRQ c1=0
DMA IRQ c2=0
DMA IRQ c3=0
SELECT busy=4246
SELECT w0=4209
SELECT w1=2380
SELECT w2=2428
BUSY TASK ewma=997
DMA IRQ c0=1
DMA IRQ c1=0
DMA IRQ c2=0
DMA IRQ c3=0
SELECT busy=4269
SELECT w0=4231
SELECT w1=2390
SELECT w2=2438
BUSY TASK ewma=997
DMA IRQ c0=1
DMA IRQ c1=0
DMA IRQ c2=0
DMA IRQ c3=0
SELECT busy=4286
SELECT w0=4250
SELECT w1=2401
SELECT w2=2447
BUSY TASK ewma=997
DMA IRQ c0=1
DMA IRQ c1=0
DMA IRQ c2=0
DMA IRQ c3=0
SELECT busy=4320
SELECT w0=4283
SELECT w1=2422
SELECT w2=2465
BUSY TASK ewma=997
DMA IRQ c0=1
DMA IRQ c1=0
DMA IRQ c2=0
DMA IRQ c3=0
SELECT busy=4358
SELECT w0=4321
SELECT w1=2441
SELECT w2=2489
BUSY TASK ewma=997
DMA IRQ c0=1
DMA IRQ c1=0
DMA IRQ c2=0
DMA IRQ c3=0
SELECT busy=4390
SELECT w0=4353
SELECT w1=2462
SELECT w2=2508
BUSY TASK ewma=997
DMA IRQ c0=1
DMA IRQ c1=0
DMA IRQ c2=0
DMA IRQ c3=0
SELECT busy=4435
SELECT w0=4397
SELECT w1=2484
SELECT w2=2534
BUSY TASK ewma=997
DMA IRQ c0=1
DMA IRQ c1=0
DMA IRQ c2=0
DMA IRQ c3=0
SELECT busy=4465
SELECT w0=4427
SELECT w1=2497
SELECT w2=2546
BUSY TASK ewma=997
DMA IRQ c0=1
DMA IRQ c1=0
DMA IRQ c2=0
DMA IRQ c3=0
SELECT busy=4491
SELECT w0=4453
SELECT w1=2511
SELECT w2=2559
BUSY TASK ewma=997
DMA IRQ c0=1
DMA IRQ c1=0
DMA IRQ c2=0
DMA IRQ c3=0
SELECT busy=4524
SELECT w0=4487
SELECT w1=2532
SELECT w2=2578
BUSY TASK ewma=997
DMA IRQ c0=1
DMA IRQ c1=0
DMA IRQ c2=0
DMA IRQ c3=0
SELECT busy=4553
SELECT w0=4516
SELECT w1=2549
SELECT w2=2598
BUSY TASK ewma=997
DMA IRQ c0=1
DMA IRQ c1=0
DMA IRQ c2=0
DMA IRQ c3=0
SELECT busy=4606
SELECT w0=4568
SELECT w1=2576
SELECT w2=2624
BUSY TASK ewma=997
DMA IRQ c0=1
DMA IRQ c1=0
DMA IRQ c2=0
DMA IRQ c3=0
SELECT busy=4641
SELECT w0=4604
SELECT w1=2590
SELECT w2=2638
BUSY TASK ewma=997
DMA IRQ c0=1
DMA IRQ c1=0
DMA IRQ c2=0
DMA IRQ c3=0
SELECT busy=4678
SELECT w0=4641
SELECT w1=2615
SELECT w2=2663
BUSY TASK ewma=997
DMA IRQ c0=1
DMA IRQ c1=0
DMA IRQ c2=0
DMA IRQ c3=0
SELECT busy=4718
SELECT w0=4681
SELECT w1=2642
SELECT w2=2692
BUSY TASK ewma=997
DMA IRQ c0=1
DMA IRQ c1=0
DMA IRQ c2=0
DMA IRQ c3=0
SELECT busy=4755
SELECT w0=4717
SELECT w1=2658
SELECT w2=2714
BUSY TASK ewma=997
DMA IRQ c0=1
DMA IRQ c1=0
DMA IRQ c2=0
DMA IRQ c3=0
SELECT busy=4786
SELECT w0=4748
SELECT w1=2673
SELECT w2=2730
BUSY TASK ewma=997
DMA IRQ c0=1
DMA IRQ c1=0
DMA IRQ c2=0
DMA IRQ c3=0
SELECT busy=4818
SELECT w0=4780
SELECT w1=2684
SELECT w2=2749
BUSY TASK ewma=997
DMA IRQ c0=1
DMA IRQ c1=0
DMA IRQ c2=0
DMA IRQ c3=0
SELECT busy=4852
SELECT w0=4815
SELECT w1=2700
SELECT w2=2772
BUSY TASK ewma=997
DMA IRQ c0=1
DMA IRQ c1=0
DMA IRQ c2=0
DMA IRQ c3=0
SELECT busy=4889
SELECT w0=4851
SELECT w1=2716
SELECT w2=2794
BUSY TASK ewma=997
DMA IRQ c0=1
DMA IRQ c1=0
DMA IRQ c2=0
DMA IRQ c3=0
SELECT busy=4920
SELECT w0=4882
SELECT w1=2735
SELECT w2=2812
BUSY TASK ewma=997
DMA IRQ c0=1
DMA IRQ c1=0
DMA IRQ c2=0
DMA IRQ c3=0
SELECT busy=4952
SELECT w0=4915
SELECT w1=2749
SELECT w2=2829
BUSY TASK ewma=997
DMA IRQ c0=1
DMA IRQ c1=0
DMA IRQ c2=0
DMA IRQ c3=0
SELECT busy=4988
SELECT w0=4951
SELECT w1=2772
SELECT w2=2857
BUSY TASK ewma=997
DMA IRQ c0=1
DMA IRQ c1=0
DMA IRQ c2=0
DMA IRQ c3=0
SELECT busy=5024
SELECT w0=4987
SELECT w1=2786
SELECT w2=2877
BUSY TASK ewma=997
DMA IRQ c0=1
DMA IRQ c1=0
DMA IRQ c2=0
DMA IRQ c3=0
SELECT busy=5054
SELECT w0=5016
SELECT w1=2797
SELECT w2=2894
BUSY TASK ewma=997
DMA IRQ c0=1
DMA IRQ c1=0
DMA IRQ c2=0
DMA IRQ c3=0
SELECT busy=5080
SELECT w0=5042
SELECT w1=2808
SELECT w2=2908
BUSY TASK ewma=997
DMA IRQ c0=1
DMA IRQ c1=0
DMA IRQ c2=0
DMA IRQ c3=0
SELECT busy=5110
SELECT w0=5072
SELECT w1=2821
SELECT w2=2923
BUSY TASK ewma=997
DMA IRQ c0=1
DMA IRQ c1=0
DMA IRQ c2=0
DMA IRQ c3=0
SELECT busy=5143
SELECT w0=5105
SELECT w1=2837
SELECT w2=2939
BUSY TASK ewma=997
IRQ counts: cpu0=10299 cpu1=11577 cpu2=11687 cpu3=11375
SCHED secondaries: calls=34639 unexpected=0
SECTEST switches=34599 cpu1=99724071,101229677 cpu2=90789117,81852018 cpu3=114639664,113902437
PINGPONG rounds=2000 pongs=2000
DMA IRQ c0=1
DMA IRQ c1=0
DMA IRQ c2=0
DMA IRQ c3=0
SELECT busy=5179
SELECT w0=5142
SELECT w1=2854
SELECT w2=2961
BUSY TASK ewma=997
DMA IRQ c0=1
DMA IRQ c1=0
DMA IRQ c2=0
DMA IRQ c3=0
SELECT busy=5218
SELECT w0=5182
SELECT w1=2873
SELECT w2=2986
BUSY TASK ewma=997
DMA IRQ c0=1
DMA IRQ c1=0
DMA IRQ c2=0
DMA IRQ c3=0
SELECT busy=5253
SELECT w0=5216
SELECT w1=2892
SELECT w2=3000
BUSY TASK ewma=997
DMA IRQ c0=1
DMA IRQ c1=0
DMA IRQ c2=0
DMA IRQ c3=0
SELECT busy=5288
SELECT w0=5250
SELECT w1=2906
SELECT w2=3017
BUSY TASK ewma=997
DMA IRQ c0=1
DMA IRQ c1=0
DMA IRQ c2=0
DMA IRQ c3=0
SELECT busy=5321
SELECT w0=5284
SELECT w1=2926
SELECT w2=3038
BUSY TASK ewma=997
DMA IRQ c0=1
DMA IRQ c1=0
DMA IRQ c2=0
DMA IRQ c3=0
SELECT busy=5356
SELECT w0=5318
SELECT w1=2939
SELECT w2=3054
BUSY TASK ewma=997
DMA IRQ c0=1
DMA IRQ c1=0
DMA IRQ c2=0
DMA IRQ c3=0
SELECT busy=5381
SELECT w0=5345
SELECT w1=2949
SELECT w2=3067
BUSY TASK ewma=997
DMA IRQ c0=1
DMA IRQ c1=0
DMA IRQ c2=0
DMA IRQ c3=0
SELECT busy=5420
SELECT w0=5383
SELECT w1=2966
SELECT w2=3092
BUSY TASK ewma=997
DMA IRQ c0=1
DMA IRQ c1=0
DMA IRQ c2=0
DMA IRQ c3=0
SELECT busy=5451
SELECT w0=5414
SELECT w1=2978
SELECT w2=3110
BUSY TASK ewma=997
DMA IRQ c0=1
DMA IRQ c1=0
DMA IRQ c2=0
DMA IRQ c3=0
SELECT busy=5494
SELECT w0=5456
SELECT w1=2993
SELECT w2=3132
BUSY TASK ewma=997
DMA IRQ c0=1
DMA IRQ c1=0
DMA IRQ c2=0
DMA IRQ c3=0
SELECT busy=5518
SELECT w0=5482
SELECT w1=3005
SELECT w2=3144
BUSY TASK ewma=997
DMA IRQ c0=1
DMA IRQ c1=0
DMA IRQ c2=0
DMA IRQ c3=0
SELECT busy=5545
SELECT w0=5507
SELECT w1=3017
SELECT w2=3159
BUSY TASK ewma=997
DMA IRQ c0=1
DMA IRQ c1=0
DMA IRQ c2=0
DMA IRQ c3=0
SELECT busy=5573
SELECT w0=5535
SELECT w1=3028
SELECT w2=3172
BUSY TASK ewma=997
DMA IRQ c0=1
DMA IRQ c1=0
DMA IRQ c2=0
DMA IRQ c3=0
SELECT busy=5610
SELECT w0=5573
SELECT w1=3043
SELECT w2=3190
BUSY TASK ewma=997
DMA IRQ c0=1
DMA IRQ c1=0
DMA IRQ c2=0
DMA IRQ c3=0
SELECT busy=5638
SELECT w0=5600
SELECT w1=3053
SELECT w2=3203
BUSY TASK ewma=997
DMA IRQ c0=1
DMA IRQ c1=0
DMA IRQ c2=0
DMA IRQ c3=0
SELECT busy=5667
SELECT w0=5630
SELECT w1=3063
SELECT w2=3216
BUSY TASK ewma=997
DMA IRQ c0=1
DMA IRQ c1=0
DMA IRQ c2=0
DMA IRQ c3=0
SELECT busy=5688
SELECT w0=5650
SELECT w1=3072
SELECT w2=3226
BUSY TASK ewma=997
DMA IRQ c0=1
DMA IRQ c1=0
DMA IRQ c2=0
DMA IRQ c3=0
SELECT busy=5704
SELECT w0=5666
SELECT w1=3080
SELECT w2=3235
BUSY TASK ewma=997
DMA IRQ c0=1
DMA IRQ c1=0
DMA IRQ c2=0
DMA IRQ c3=0
SELECT busy=5717
SELECT w0=5680
SELECT w1=3087
SELECT w2=3242
BUSY TASK ewma=997
DMA IRQ c0=1
DMA IRQ c1=0
DMA IRQ c2=0
DMA IRQ c3=0
SELECT busy=5737
SELECT w0=5700
SELECT w1=3095
SELECT w2=3253
BUSY TASK ewma=997
DMA IRQ c0=1
DMA IRQ c1=0
DMA IRQ c2=0
DMA IRQ c3=0
SELECT busy=5758
SELECT w0=5721
SELECT w1=3105
SELECT w2=3266
BUSY TASK ewma=997
DMA IRQ c0=1
DMA IRQ c1=0
DMA IRQ c2=0
DMA IRQ c3=0
SELECT busy=5775
SELECT w0=5737
SELECT w1=3112
SELECT w2=3274
BUSY TASK ewma=997
DMA IRQ c0=1
DMA IRQ c1=0
DMA IRQ c2=0
DMA IRQ c3=0
SELECT busy=5807
SELECT w0=5771
SELECT w1=3132
SELECT w2=3296
BUSY TASK ewma=997
DMA IRQ c0=1
DMA IRQ c1=0
DMA IRQ c2=0
DMA IRQ c3=0
SELECT busy=5841
SELECT w0=5803
SELECT w1=3146
SELECT w2=3310
BUSY TASK ewma=997
DMA IRQ c0=1
DMA IRQ c1=0
DMA IRQ c2=0
DMA IRQ c3=0
SELECT busy=5875
SELECT w0=5839
SELECT w1=3164
SELECT w2=3330
BUSY TASK ewma=997
DMA IRQ c0=1
DMA IRQ c1=0
DMA IRQ c2=0
DMA IRQ c3=0
SELECT busy=5911
SELECT w0=5873
SELECT w1=3183
SELECT w2=3347
BUSY TASK ewma=997
DMA IRQ c0=1
DMA IRQ c1=0
DMA IRQ c2=0
DMA IRQ c3=0
SELECT busy=5948
SELECT w0=5912
SELECT w1=3202
SELECT w2=3368
BUSY TASK ewma=997
DMA IRQ c0=1
DMA IRQ c1=0
DMA IRQ c2=0
DMA IRQ c3=0
SELECT busy=5981
SELECT w0=5945
SELECT w1=3217
SELECT w2=3385
BUSY TASK ewma=997
DMA IRQ c0=1
DMA IRQ c1=0
DMA IRQ c2=0
DMA IRQ c3=0
SELECT busy=6017
SELECT w0=5980
SELECT w1=3231
SELECT w2=3407
BUSY TASK ewma=997
DMA IRQ c0=1
DMA IRQ c1=0
DMA IRQ c2=0
DMA IRQ c3=0
SELECT busy=6047
SELECT w0=6009
SELECT w1=3243
SELECT w2=3422
BUSY TASK ewma=997
DMA IRQ c0=1
DMA IRQ c1=0
DMA IRQ c2=0
DMA IRQ c3=0
SELECT busy=6070
SELECT w0=6032
SELECT w1=3255
SELECT w2=3435
BUSY TASK ewma=997
DMA IRQ c0=1
DMA IRQ c1=0
DMA IRQ c2=0
DMA IRQ c3=0
SELECT busy=6100
SELECT w0=6062
SELECT w1=3268
SELECT w2=3447
BUSY TASK ewma=997
DMA IRQ c0=1
DMA IRQ c1=0
DMA IRQ c2=0
DMA IRQ c3=0
SELECT busy=6132
SELECT w0=6095
SELECT w1=3282
SELECT w2=3472
BUSY TASK ewma=997
DMA IRQ c0=1
DMA IRQ c1=0
DMA IRQ c2=0
DMA IRQ c3=0
SELECT busy=6155
SELECT w0=6119
SELECT w1=3296
SELECT w2=3487
BUSY TASK ewma=997
DMA IRQ c0=1
DMA IRQ c1=0
DMA IRQ c2=0
DMA IRQ c3=0
SELECT busy=6175
SELECT w0=6137
SELECT w1=3301
SELECT w2=3495
BUSY TASK ewma=997
DMA IRQ c0=1
DMA IRQ c1=0
DMA IRQ c2=0
DMA IRQ c3=0
SELECT busy=6191
SELECT w0=6154
SELECT w1=3306
SELECT w2=3503
BUSY TASK ewma=997
DMA IRQ c0=1
DMA IRQ c1=0
DMA IRQ c2=0
DMA IRQ c3=0
SELECT busy=6215
SELECT w0=6178
SELECT w1=3321
SELECT w2=3518
BUSY TASK ewma=997
DMA IRQ c0=1
DMA IRQ c1=0
DMA IRQ c2=0
DMA IRQ c3=0
SELECT busy=6232
SELECT w0=6194
SELECT w1=3327
SELECT w2=3528
BUSY TASK ewma=997
DMA IRQ c0=1
DMA IRQ c1=0
DMA IRQ c2=0
DMA IRQ c3=0
SELECT busy=6250
SELECT w0=6213
SELECT w1=3340
SELECT w2=3543
BUSY TASK ewma=997
DMA IRQ c0=1
DMA IRQ c1=0
DMA IRQ c2=0
DMA IRQ c3=0
SELECT busy=6269
SELECT w0=6232
SELECT w1=3352
SELECT w2=3558
BUSY TASK ewma=997
DMA IRQ c0=1
DMA IRQ c1=0
DMA IRQ c2=0
DMA IRQ c3=0
SELECT busy=6292
SELECT w0=6255
SELECT w1=3362
SELECT w2=3567
BUSY TASK ewma=997
DMA IRQ c0=1
DMA IRQ c1=0
DMA IRQ c2=0
DMA IRQ c3=0
SELECT busy=6308
SELECT w0=6270
SELECT w1=3368
SELECT w2=3576
BUSY TASK ewma=997
DMA IRQ c0=1
DMA IRQ c1=0
DMA IRQ c2=0
DMA IRQ c3=0
SELECT busy=6329
SELECT w0=6292
SELECT w1=3380
SELECT w2=3590
BUSY TASK ewma=997
DMA IRQ c0=1
DMA IRQ c1=0
DMA IRQ c2=0
DMA IRQ c3=0
SELECT busy=6345
SELECT w0=6307
SELECT w1=3388
SELECT w2=3599
BUSY TASK ewma=997
DMA IRQ c0=1
DMA IRQ c1=0
DMA IRQ c2=0
DMA IRQ c3=0
SELECT busy=6364
SELECT w0=6327
SELECT w1=3399
SELECT w2=3615
BUSY TASK ewma=997
DMA IRQ c0=1
DMA IRQ c1=0
DMA IRQ c2=0
DMA IRQ c3=0
SELECT busy=6386
SELECT w0=6349
SELECT w1=3408
SELECT w2=3629
BUSY TASK ewma=997
DMA IRQ c0=1
DMA IRQ c1=0
DMA IRQ c2=0
DMA IRQ c3=0
SELECT busy=6410
SELECT w0=6372
SELECT w1=3417
SELECT w2=3644
BUSY TASK ewma=997
DMA IRQ c0=1
DMA IRQ c1=0
DMA IRQ c2=0
DMA IRQ c3=0
SELECT busy=6431
SELECT w0=6393
SELECT w1=3427
SELECT w2=3656
BUSY TASK ewma=997
DMA IRQ c0=1
DMA IRQ c1=0
DMA IRQ c2=0
DMA IRQ c3=0
SELECT busy=6452
SELECT w0=6416
SELECT w1=3436
SELECT w2=3670
BUSY TASK ewma=997
DMA IRQ c0=1
DMA IRQ c1=0
DMA IRQ c2=0
DMA IRQ c3=0
SELECT busy=6475
SELECT w0=6438
SELECT w1=3445
SELECT w2=3683
BUSY TASK ewma=997
DMA IRQ c0=1
DMA IRQ c1=0
DMA IRQ c2=0
DMA IRQ c3=0
SELECT busy=6500
SELECT w0=6463
SELECT w1=3457
SELECT w2=3699
BUSY TASK ewma=997
DMA IRQ c0=1
DMA IRQ c1=0
DMA IRQ c2=0
DMA IRQ c3=0
SELECT busy=6516
SELECT w0=6478
SELECT w1=3466
SELECT w2=3710
BUSY TASK ewma=997
DMA IRQ c0=1
DMA IRQ c1=0
DMA IRQ c2=0
DMA IRQ c3=0
SELECT busy=6531
SELECT w0=6494
SELECT w1=3475
SELECT w2=3718
BUSY TASK ewma=997
DMA IRQ c0=1
DMA IRQ c1=0
DMA IRQ c2=0
DMA IRQ c3=0
SELECT busy=6546
SELECT w0=6509
SELECT w1=3482
SELECT w2=3725
BUSY TASK ewma=997
DMA IRQ c0=1
DMA IRQ c1=0
DMA IRQ c2=0
DMA IRQ c3=0
SELECT busy=6561
SELECT w0=6524
SELECT w1=3490
SELECT w2=3734
BUSY TASK ewma=997
DMA IRQ c0=1
DMA IRQ c1=0
DMA IRQ c2=0
DMA IRQ c3=0
SELECT busy=6582
SELECT w0=6544
SELECT w1=3500
SELECT w2=3745
BUSY TASK ewma=997
DMA IRQ c0=1
DMA IRQ c1=0
DMA IRQ c2=0
DMA IRQ c3=0
SELECT busy=6608
SELECT w0=6570
SELECT w1=3512
SELECT w2=3758
BUSY TASK ewma=997
DMA IRQ c0=1
DMA IRQ c1=0
DMA IRQ c2=0
DMA IRQ c3=0
SELECT busy=6625
SELECT w0=6587
SELECT w1=3517
SELECT w2=3766
BUSY TASK ewma=997
DMA IRQ c0=1
DMA IRQ c1=0
DMA IRQ c2=0
DMA IRQ c3=0
SELECT busy=6641
SELECT w0=6604
SELECT w1=3528
SELECT w2=3778
BUSY TASK ewma=997
DMA IRQ c0=1
DMA IRQ c1=0
DMA IRQ c2=0
DMA IRQ c3=0
SELECT busy=6663
SELECT w0=6625
SELECT w1=3535
SELECT w2=3784
BUSY TASK ewma=997
DMA IRQ c0=1
DMA IRQ c1=0
DMA IRQ c2=0
DMA IRQ c3=0
SELECT busy=6679
SELECT w0=6642
SELECT w1=3543
SELECT w2=3793
BUSY TASK ewma=997
DMA IRQ c0=1
DMA IRQ c1=0
DMA IRQ c2=0
DMA IRQ c3=0
SELECT busy=6703
SELECT w0=6666
SELECT w1=3556
SELECT w2=3809
BUSY TASK ewma=997
DMA IRQ c0=1
DMA IRQ c1=0
DMA IRQ c2=0
DMA IRQ c3=0
SELECT busy=6721
SELECT w0=6683
SELECT w1=3566
SELECT w2=3819
BUSY TASK ewma=997
DMA IRQ c0=1
DMA IRQ c1=0
DMA IRQ c2=0
DMA IRQ c3=0
SELECT busy=6743
SELECT w0=6705
SELECT w1=3574
SELECT w2=3829
BUSY TASK ewma=997
IRQ counts: cpu0=13507 cpu1=15262 cpu2=15260 cpu3=14920
SCHED secondaries: calls=45461 unexpected=0
SECTEST switches=45433 cpu1=129876599,130944117 cpu2=119859311,110331505 cpu3=153332135,152607736
PINGPONG rounds=2000 pongs=2000
DMA IRQ c0=1
DMA IRQ c1=0
DMA IRQ c2=0
DMA IRQ c3=0
SELECT busy=6793
SELECT w0=6756
SELECT w1=3596
SELECT w2=3862
BUSY TASK ewma=997
DMA IRQ c0=1
DMA IRQ c1=0
DMA IRQ c2=0
DMA IRQ c3=0
SELECT busy=6824
SELECT w0=6787
SELECT w1=3609
SELECT w2=3881
BUSY TASK ewma=997
DMA IRQ c0=1
DMA IRQ c1=0
DMA IRQ c2=0
DMA IRQ c3=0
SELECT busy=6859
SELECT w0=6821
SELECT w1=3621
SELECT w2=3900
BUSY TASK ewma=997
DMA IRQ c0=1
DMA IRQ c1=0
DMA IRQ c2=0
DMA IRQ c3=0
SELECT busy=6889
SELECT w0=6852
SELECT w1=3633
SELECT w2=3917
BUSY TASK ewma=997
DMA IRQ c0=1
DMA IRQ c1=0
DMA IRQ c2=0
DMA IRQ c3=0
SELECT busy=6905
SELECT w0=6868
SELECT w1=3640
SELECT w2=3925
BUSY TASK ewma=997
DMA IRQ c0=1
DMA IRQ c1=0
DMA IRQ c2=0
DMA IRQ c3=0
SELECT busy=6943
SELECT w0=6906
SELECT w1=3656
SELECT w2=3945
BUSY TASK ewma=997
DMA IRQ c0=1
DMA IRQ c1=0
DMA IRQ c2=0
DMA IRQ c3=0
SELECT busy=6963
SELECT w0=6925
SELECT w1=3664
SELECT w2=3956
BUSY TASK ewma=997
DMA IRQ c0=1
DMA IRQ c1=0
DMA IRQ c2=0
DMA IRQ c3=0
SELECT busy=6977
SELECT w0=6939
SELECT w1=3671
SELECT w2=3964
BUSY TASK ewma=997
DMA IRQ c0=1
DMA IRQ c1=0
DMA IRQ c2=0
DMA IRQ c3=0
SELECT busy=6997
SELECT w0=6959
SELECT w1=3681
SELECT w2=3976
BUSY TASK ewma=997
DMA IRQ c0=1
DMA IRQ c1=0
DMA IRQ c2=0
DMA IRQ c3=0
SELECT busy=7015
SELECT w0=6977
SELECT w1=3686
SELECT w2=3983
BUSY TASK ewma=997
DMA IRQ c0=1
DMA IRQ c1=0
DMA IRQ c2=0
DMA IRQ c3=0
SELECT busy=7033
SELECT w0=6995
SELECT w1=3695
SELECT w2=3994
BUSY TASK ewma=997
DMA IRQ c0=1
DMA IRQ c1=0
DMA IRQ c2=0
DMA IRQ c3=0
SELECT busy=7053
SELECT w0=7015
SELECT w1=3703
SELECT w2=4004
BUSY TASK ewma=997
DMA IRQ c0=1
DMA IRQ c1=0
DMA IRQ c2=0
DMA IRQ c3=0
SELECT busy=7073
SELECT w0=7036
SELECT w1=3714
SELECT w2=4016
BUSY TASK ewma=997
DMA IRQ c0=1
DMA IRQ c1=0
DMA IRQ c2=0
DMA IRQ c3=0
SELECT busy=7093
SELECT w0=7055
SELECT w1=3727
SELECT w2=4027
BUSY TASK ewma=997
DMA IRQ c0=1
DMA IRQ c1=0
DMA IRQ c2=0
DMA IRQ c3=0
SELECT busy=7121
SELECT w0=7083
SELECT w1=3739
SELECT w2=4046
BUSY TASK ewma=997
DMA IRQ c0=1
DMA IRQ c1=0
DMA IRQ c2=0
DMA IRQ c3=0
SELECT busy=7139
SELECT w0=7102
SELECT w1=3749
SELECT w2=4062
BUSY TASK ewma=997
DMA IRQ c0=1
DMA IRQ c1=0
DMA IRQ c2=0
DMA IRQ c3=0
SELECT busy=7164
SELECT w0=7127
SELECT w1=3764
SELECT w2=4080
BUSY TASK ewma=997
DMA IRQ c0=1
DMA IRQ c1=0
DMA IRQ c2=0
DMA IRQ c3=0
SELECT busy=7182
SELECT w0=7144
SELECT w1=3774
SELECT w2=4093
BUSY TASK ewma=997
DMA IRQ c0=1
DMA IRQ c1=0
DMA IRQ c2=0
DMA IRQ c3=0
SELECT busy=7205
SELECT w0=7167
SELECT w1=3783
SELECT w2=4104
BUSY TASK ewma=997
DMA IRQ c0=1
DMA IRQ c1=0
DMA IRQ c2=0
DMA IRQ c3=0
SELECT busy=7220
SELECT w0=7183
SELECT w1=3790
SELECT w2=4116
BUSY TASK ewma=997
DMA IRQ c0=1
DMA IRQ c1=0
DMA IRQ c2=0
DMA IRQ c3=0
SELECT busy=7238
SELECT w0=7201
SELECT w1=3800
SELECT w2=4126
BUSY TASK ewma=997
DMA IRQ c0=1
DMA IRQ c1=0
DMA IRQ c2=0
DMA IRQ c3=0
SELECT busy=7260
SELECT w0=7222
SELECT w1=3807
SELECT w2=4136
BUSY TASK ewma=997
DMA IRQ c0=1
DMA IRQ c1=0
DMA IRQ c2=0
DMA IRQ c3=0
SELECT busy=7279
SELECT w0=7242
SELECT w1=3817
SELECT w2=4152
BUSY TASK ewma=997
DMA IRQ c0=1
DMA IRQ c1=0
DMA IRQ c2=0
DMA IRQ c3=0
SELECT busy=7305
SELECT w0=7267
SELECT w1=3829
SELECT w2=4164
BUSY TASK ewma=997
DMA IRQ c0=1
DMA IRQ c1=0
DMA IRQ c2=0
DMA IRQ c3=0
SELECT busy=7324
SELECT w0=7287
SELECT w1=3839
SELECT w2=4182
BUSY TASK ewma=997
DMA IRQ c0=1
DMA IRQ c1=0
DMA IRQ c2=0
DMA IRQ c3=0
SELECT busy=7367
SELECT w0=7329
SELECT w1=3857
SELECT w2=4202
BUSY TASK ewma=997
DMA IRQ c0=1
DMA IRQ c1=0
DMA IRQ c2=0
DMA IRQ c3=0
SELECT busy=7393
SELECT w0=7355
SELECT w1=3867
SELECT w2=4215
BUSY TASK ewma=997
DMA IRQ c0=1
DMA IRQ c1=0
DMA IRQ c2=0
DMA IRQ c3=0
SELECT busy=7424
SELECT w0=7386
SELECT w1=3878
SELECT w2=4230
BUSY TASK ewma=997
DMA IRQ c0=1
DMA IRQ c1=0
DMA IRQ c2=0
DMA IRQ c3=0
SELECT busy=7455
SELECT w0=7417
SELECT w1=3890
SELECT w2=4246
BUSY TASK ewma=997
DMA IRQ c0=1
DMA IRQ c1=0
DMA IRQ c2=0
DMA IRQ c3=0
SELECT busy=7488
SELECT w0=7450
SELECT w1=3902
SELECT w2=4262
BUSY TASK ewma=997
DMA IRQ c0=1
DMA IRQ c1=0
DMA IRQ c2=0
DMA IRQ c3=0
SELECT busy=7524
SELECT w0=7486
SELECT w1=3917
SELECT w2=4281
BUSY TASK ewma=997
DMA IRQ c0=1
DMA IRQ c1=0
DMA IRQ c2=0
DMA IRQ c3=0
SELECT busy=7570
SELECT w0=7532
SELECT w1=3939
SELECT w2=4303
BUSY TASK ewma=997
DMA IRQ c0=1
DMA IRQ c1=0
DMA IRQ c2=0
DMA IRQ c3=0
SELECT busy=7601
SELECT w0=7564
SELECT w1=3954
SELECT w2=4321
BUSY TASK ewma=997
DMA IRQ c0=1
DMA IRQ c1=0
DMA IRQ c2=0
DMA IRQ c3=0
SELECT busy=7639
SELECT w0=7601
SELECT w1=3966
SELECT w2=4344
BUSY TASK ewma=997
DMA IRQ c0=1
DMA IRQ c1=0
DMA IRQ c2=0
DMA IRQ c3=0
SELECT busy=7689
SELECT w0=7652
SELECT w1=3988
SELECT w2=4374
BUSY TASK ewma=997
DMA IRQ c0=1
DMA IRQ c1=0
DMA IRQ c2=0
DMA IRQ c3=0
SELECT busy=7721
SELECT w0=7683
SELECT w1=4004
SELECT w2=4393
BUSY TASK ewma=997
DMA IRQ c0=1
DMA IRQ c1=0
DMA IRQ c2=0
DMA IRQ c3=0
SELECT busy=7751
SELECT w0=7713
SELECT w1=4015
SELECT w2=4407
BUSY TASK ewma=997
DMA IRQ c0=1
DMA IRQ c1=0
DMA IRQ c2=0
DMA IRQ c3=0
SELECT busy=7777
SELECT w0=7740
SELECT w1=4024
SELECT w2=4420
BUSY TASK ewma=997
DMA IRQ c0=1
DMA IRQ c1=0
DMA IRQ c2=0
DMA IRQ c3=0
SELECT busy=7810
SELECT w0=7772
SELECT w1=4032
SELECT w2=4431
BUSY TASK ewma=997
DMA IRQ c0=1
DMA IRQ c1=0
DMA IRQ c2=0
DMA IRQ c3=0
SELECT busy=7840
SELECT w0=7803
SELECT w1=4048
SELECT w2=4454
BUSY TASK ewma=997
DMA IRQ c0=1
DMA IRQ c1=0
DMA IRQ c2=0
DMA IRQ c3=0
SELECT busy=7877
SELECT w0=7840
SELECT w1=4066
SELECT w2=4476
BUSY TASK ewma=997
DMA IRQ c0=1
DMA IRQ c1=0
DMA IRQ c2=0
DMA IRQ c3=0
SELECT busy=7906
SELECT w0=7869
SELECT w1=4082
SELECT w2=4493
BUSY TASK ewma=997
DMA IRQ c0=1
DMA IRQ c1=0
DMA IRQ c2=0
DMA IRQ c3=0
SELECT busy=7948
SELECT w0=7911
SELECT w1=4098
SELECT w2=4515
BUSY TASK ewma=997
DMA IRQ c0=1
DMA IRQ c1=0
DMA IRQ c2=0
DMA IRQ c3=0
SELECT busy=7977
SELECT w0=7939
SELECT w1=4109
SELECT w2=4527
BUSY TASK ewma=997
DMA IRQ c0=1
DMA IRQ c1=0
DMA IRQ c2=0
DMA IRQ c3=0
SELECT busy=8004
SELECT w0=7966
SELECT w1=4118
SELECT w2=4538
BUSY TASK ewma=997
DMA IRQ c0=1
DMA IRQ c1=0
DMA IRQ c2=0
DMA IRQ c3=0
SELECT busy=8047
SELECT w0=8010
SELECT w1=4139
SELECT w2=4564
BUSY TASK ewma=997
DMA IRQ c0=1
DMA IRQ c1=0
DMA IRQ c2=0
DMA IRQ c3=0
SELECT busy=8072
SELECT w0=8034
SELECT w1=4150
SELECT w2=4576
BUSY TASK ewma=997
DMA IRQ c0=1
DMA IRQ c1=0
DMA IRQ c2=0
DMA IRQ c3=0
SELECT busy=8101
SELECT w0=8063
SELECT w1=4164
SELECT w2=4590
BUSY TASK ewma=997
DMA IRQ c0=1
DMA IRQ c1=0
DMA IRQ c2=0
DMA IRQ c3=0
SELECT busy=8131
SELECT w0=8093
SELECT w1=4177
SELECT w2=4609
BUSY TASK ewma=997
DMA IRQ c0=1
DMA IRQ c1=0
DMA IRQ c2=0
DMA IRQ c3=0
SELECT busy=8162
SELECT w0=8125
SELECT w1=4191
SELECT w2=4624
BUSY TASK ewma=997
DMA IRQ c0=1
DMA IRQ c1=0
DMA IRQ c2=0
DMA IRQ c3=0
SELECT busy=8195
SELECT w0=8158
SELECT w1=4204
SELECT w2=4639
BUSY TASK ewma=997
DMA IRQ c0=1
DMA IRQ c1=0
DMA IRQ c2=0
DMA IRQ c3=0
SELECT busy=8230
SELECT w0=8192
SELECT w1=4218
SELECT w2=4656
BUSY TASK ewma=997
DMA IRQ c0=1
DMA IRQ c1=0
DMA IRQ c2=0
DMA IRQ c3=0
SELECT busy=8270
SELECT w0=8233
SELECT w1=4237
SELECT w2=4678
BUSY TASK ewma=997
DMA IRQ c0=1
DMA IRQ c1=0
DMA IRQ c2=0
DMA IRQ c3=0
SELECT busy=8308
SELECT w0=8271
SELECT w1=4253
SELECT w2=4699
BUSY TASK ewma=997
DMA IRQ c0=1
DMA IRQ c1=0
DMA IRQ c2=0
DMA IRQ c3=0
SELECT busy=8358
SELECT w0=8320
SELECT w1=4273
SELECT w2=4725
BUSY TASK ewma=997
DMA IRQ c0=1
DMA IRQ c1=0
DMA IRQ c2=0
DMA IRQ c3=0
SELECT busy=8382
SELECT w0=8345
SELECT w1=4286
SELECT w2=4746
BUSY TASK ewma=997
DMA IRQ c0=1
DMA IRQ c1=0
DMA IRQ c2=0
DMA IRQ c3=0
SELECT busy=8402
SELECT w0=8365
SELECT w1=4297
SELECT w2=4759
BUSY TASK ewma=997
DMA IRQ c0=1
DMA IRQ c1=0
DMA IRQ c2=0
DMA IRQ c3=0
SELECT busy=8422
SELECT w0=8384
SELECT w1=4303
SELECT w2=4769
BUSY TASK ewma=997
DMA IRQ c0=1
DMA IRQ c1=0
DMA IRQ c2=0
DMA IRQ c3=0
SELECT busy=8449
SELECT w0=8412
SELECT w1=4317
SELECT w2=4788
BUSY TASK ewma=997
DMA IRQ c0=1
DMA IRQ c1=0
DMA IRQ c2=0
DMA IRQ c3=0
SELECT busy=8468
SELECT w0=8431
SELECT w1=4328
SELECT w2=4798
BUSY TASK ewma=997
DMA IRQ c0=1
DMA IRQ c1=0
DMA IRQ c2=0
DMA IRQ c3=0
SELECT busy=8487
SELECT w0=8449
SELECT w1=4334
SELECT w2=4806
BUSY TASK ewma=997
DMA IRQ c0=1
DMA IRQ c1=0
DMA IRQ c2=0
DMA IRQ c3=0
SELECT busy=8506
SELECT w0=8468
SELECT w1=4342
SELECT w2=4817
BUSY TASK ewma=997
DMA IRQ c0=1
DMA IRQ c1=0
DMA IRQ c2=0
DMA IRQ c3=0
SELECT busy=8522
SELECT w0=8485
SELECT w1=4349
SELECT w2=4827
BUSY TASK ewma=997
DMA IRQ c0=1
DMA IRQ c1=0
DMA IRQ c2=0
DMA IRQ c3=0
SELECT busy=8545
SELECT w0=8507
SELECT w1=4358
SELECT w2=4841
BUSY TASK ewma=997
IRQ counts: cpu0=17081 cpu1=19151 cpu2=19268 cpu3=18733
SCHED secondaries: calls=57172 unexpected=0
SECTEST switches=57164 cpu1=157087929,158660349 cpu2=148479836,139240145 cpu3=189741769,188163909
PINGPONG rounds=2000 pongs=2000
DMA IRQ c0=1
DMA IRQ c1=0
DMA IRQ c2=0
DMA IRQ c3=0
SELECT busy=8567
SELECT w0=8529
SELECT w1=4367
SELECT w2=4853
BUSY TASK ewma=997
DMA IRQ c0=1
DMA IRQ c1=0
DMA IRQ c2=0
DMA IRQ c3=0
SELECT busy=8581
SELECT w0=8543
SELECT w1=4375
SELECT w2=4863
BUSY TASK ewma=997
DMA IRQ c0=1
DMA IRQ c1=0
DMA IRQ c2=0
DMA IRQ c3=0
SELECT busy=8599
SELECT w0=8561
SELECT w1=4385
SELECT w2=4873
BUSY TASK ewma=997
DMA IRQ c0=1
DMA IRQ c1=0
DMA IRQ c2=0
DMA IRQ c3=0
SELECT busy=8625
SELECT w0=8588
SELECT w1=4397
SELECT w2=4891
BUSY TASK ewma=997
DMA IRQ c0=1
DMA IRQ c1=0
DMA IRQ c2=0
DMA IRQ c3=0
SELECT busy=8648
SELECT w0=8611
SELECT w1=4408
SELECT w2=4901
BUSY TASK ewma=997
DMA IRQ c0=1
DMA IRQ c1=0
DMA IRQ c2=0
DMA IRQ c3=0
SELECT busy=8664
SELECT w0=8627
SELECT w1=4414
SELECT w2=4910
BUSY TASK ewma=997
DMA IRQ c0=1
DMA IRQ c1=0
DMA IRQ c2=0
DMA IRQ c3=0
SELECT busy=8685
SELECT w0=8648
SELECT w1=4422
SELECT w2=4922
BUSY TASK ewma=997
DMA IRQ c0=1
DMA IRQ c1=0
DMA IRQ c2=0
DMA IRQ c3=0
SELECT busy=8704
SELECT w0=8667
SELECT w1=4431
SELECT w2=4935
BUSY TASK ewma=997
DMA IRQ c0=1
DMA IRQ c1=0
DMA IRQ c2=0
DMA IRQ c3=0
SELECT busy=8724
SELECT w0=8686
SELECT w1=4438
SELECT w2=4943
BUSY TASK ewma=997
DMA IRQ c0=1
DMA IRQ c1=0
DMA IRQ c2=0
DMA IRQ c3=0
SELECT busy=8754
SELECT w0=8716
SELECT w1=4452
SELECT w2=4960
BUSY TASK ewma=997
DMA IRQ c0=1
DMA IRQ c1=0
DMA IRQ c2=0
DMA IRQ c3=0
SELECT busy=8773
SELECT w0=8736
SELECT w1=4459
SELECT w2=4970
BUSY TASK ewma=997
DMA IRQ c0=1
DMA IRQ c1=0
DMA IRQ c2=0
DMA IRQ c3=0
SELECT busy=8786
SELECT w0=8748
SELECT w1=4464
SELECT w2=4978
BUSY TASK ewma=997
DMA IRQ c0=1
DMA IRQ c1=0
DMA IRQ c2=0
DMA IRQ c3=0
SELECT busy=8805
SELECT w0=8768
SELECT w1=4473
SELECT w2=4990
BUSY TASK ewma=997
DMA IRQ c0=1
DMA IRQ c1=0
DMA IRQ c2=0
DMA IRQ c3=0
SELECT busy=8824
SELECT w0=8786
SELECT w1=4481
SELECT w2=4998
BUSY TASK ewma=997
DMA IRQ c0=1
DMA IRQ c1=0
DMA IRQ c2=0
DMA IRQ c3=0
SELECT busy=8843
SELECT w0=8806
SELECT w1=4489
SELECT w2=5007
BUSY TASK ewma=997
DMA IRQ c0=1
DMA IRQ c1=0
DMA IRQ c2=0
DMA IRQ c3=0
SELECT busy=8866
SELECT w0=8829
SELECT w1=4500
SELECT w2=5021
BUSY TASK ewma=997
DMA IRQ c0=1
DMA IRQ c1=0
DMA IRQ c2=0
DMA IRQ c3=0
SELECT busy=8884
SELECT w0=8847
SELECT w1=4510
SELECT w2=5033
BUSY TASK ewma=997
DMA IRQ c0=1
DMA IRQ c1=0
DMA IRQ c2=0
DMA IRQ c3=0
SELECT busy=8902
SELECT w0=8865
SELECT w1=4519
SELECT w2=5046
BUSY TASK ewma=997
DMA IRQ c0=1
DMA IRQ c1=0
DMA IRQ c2=0
DMA IRQ c3=0
SELECT busy=8920
SELECT w0=8882
SELECT w1=4527
SELECT w2=5056
BUSY TASK ewma=997
DMA IRQ c0=1
DMA IRQ c1=0
DMA IRQ c2=0
DMA IRQ c3=0
SELECT busy=8936
SELECT w0=8898
SELECT w1=4535
SELECT w2=5068
BUSY TASK ewma=997
DMA IRQ c0=1
DMA IRQ c1=0
DMA IRQ c2=0
DMA IRQ c3=0
SELECT busy=8957
SELECT w0=8920
SELECT w1=4544
SELECT w2=5078
BUSY TASK ewma=997
DMA IRQ c0=1
DMA IRQ c1=0
DMA IRQ c2=0
DMA IRQ c3=0
SELECT busy=8996
SELECT w0=8958
SELECT w1=4562
SELECT w2=5105
BUSY TASK ewma=997
DMA IRQ c0=1
DMA IRQ c1=0
DMA IRQ c2=0
DMA IRQ c3=0
SELECT busy=9038
SELECT w0=9001
SELECT w1=4578
SELECT w2=5127
BUSY TASK ewma=997
DMA IRQ c0=1
DMA IRQ c1=0
DMA IRQ c2=0
DMA IRQ c3=0
SELECT busy=9072
SELECT w0=9034
SELECT w1=4590
SELECT w2=5144
BUSY TASK ewma=997
DMA IRQ c0=1
DMA IRQ c1=0
DMA IRQ c2=0
DMA IRQ c3=0
SELECT busy=9104
SELECT w0=9066
SELECT w1=4602
SELECT w2=5158
BUSY TASK ewma=997
DMA IRQ c0=1
DMA IRQ c1=0
DMA IRQ c2=0
DMA IRQ c3=0
SELECT busy=9139
SELECT w0=9102
SELECT w1=4618
SELECT w2=5178
BUSY TASK ewma=997
DMA IRQ c0=1
DMA IRQ c1=0
DMA IRQ c2=0
DMA IRQ c3=0
SELECT busy=9181
SELECT w0=9143
SELECT w1=4633
SELECT w2=5197
BUSY TASK ewma=997
DMA IRQ c0=1
DMA IRQ c1=0
DMA IRQ c2=0
DMA IRQ c3=0
SELECT busy=9221
SELECT w0=9184
SELECT w1=4653
SELECT w2=5222
BUSY TASK ewma=997
DMA IRQ c0=1
DMA IRQ c1=0
DMA IRQ c2=0
DMA IRQ c3=0
SELECT busy=9267
SELECT w0=9230
SELECT w1=4672
SELECT w2=5247
BUSY TASK ewma=997
DMA IRQ c0=1
DMA IRQ c1=0
DMA IRQ c2=0
DMA IRQ c3=0
SELECT busy=9304
SELECT w0=9267
SELECT w1=4689
SELECT w2=5266
BUSY TASK ewma=997
DMA IRQ c0=1
DMA IRQ c1=0
DMA IRQ c2=0
DMA IRQ c3=0
SELECT busy=9340
SELECT w0=9302
SELECT w1=4706
SELECT w2=5285
BUSY TASK ewma=997
DMA IRQ c0=1
DMA IRQ c1=0
DMA IRQ c2=0
DMA IRQ c3=0
SELECT busy=9365
SELECT w0=9327
SELECT w1=4716
SELECT w2=5298
BUSY TASK ewma=997
DMA IRQ c0=1
DMA IRQ c1=0
DMA IRQ c2=0
DMA IRQ c3=0
SELECT busy=9397
SELECT w0=9360
SELECT w1=4729
SELECT w2=5315
BUSY TASK ewma=997
DMA IRQ c0=1
DMA IRQ c1=0
DMA IRQ c2=0
DMA IRQ c3=0
SELECT busy=9436
SELECT w0=9399
SELECT w1=4749
SELECT w2=5336
BUSY TASK ewma=997
DMA IRQ c0=1
DMA IRQ c1=0
DMA IRQ c2=0
DMA IRQ c3=0
SELECT busy=9472
SELECT w0=9435
SELECT w1=4763
SELECT w2=5352
BUSY TASK ewma=997
DMA IRQ c0=1
DMA IRQ c1=0
DMA IRQ c2=0
DMA IRQ c3=0
SELECT busy=9508
SELECT w0=9471
SELECT w1=4780
SELECT w2=5374
BUSY TASK ewma=997
DMA IRQ c0=1
DMA IRQ c1=0
DMA IRQ c2=0
DMA IRQ c3=0
SELECT busy=9543
SELECT w0=9507
SELECT w1=4796
SELECT w2=5391
BUSY TASK ewma=997
DMA IRQ c0=1
DMA IRQ c1=0
DMA IRQ c2=0
DMA IRQ c3=0
SELECT busy=9582
SELECT w0=9545
SELECT w1=4814
SELECT w2=5416
BUSY TASK ewma=997
DMA IRQ c0=1
DMA IRQ c1=0
DMA IRQ c2=0
DMA IRQ c3=0
SELECT busy=9615
SELECT w0=9578
SELECT w1=4829
SELECT w2=5434
BUSY TASK ewma=997
DMA IRQ c0=1
DMA IRQ c1=0
DMA IRQ c2=0
DMA IRQ c3=0
SELECT busy=9636
SELECT w0=9599
SELECT w1=4840
SELECT w2=5447
BUSY TASK ewma=997
DMA IRQ c0=1
DMA IRQ c1=0
DMA IRQ c2=0
DMA IRQ c3=0
SELECT busy=9652
SELECT w0=9614
SELECT w1=4847
SELECT w2=5458
BUSY TASK ewma=997
DMA IRQ c0=1
DMA IRQ c1=0
DMA IRQ c2=0
DMA IRQ c3=0
SELECT busy=9670
SELECT w0=9633
SELECT w1=4858
SELECT w2=5473
BUSY TASK ewma=997
DMA IRQ c0=1
DMA IRQ c1=0
DMA IRQ c2=0
DMA IRQ c3=0
SELECT busy=9707
SELECT w0=9673
SELECT w1=4877
SELECT w2=5497
BUSY TASK ewma=997
DMA IRQ c0=1
DMA IRQ c1=0
DMA IRQ c2=0
DMA IRQ c3=0
SELECT busy=9751
SELECT w0=9716
SELECT w1=4896
SELECT w2=5520
BUSY TASK ewma=997
DMA IRQ c0=1
DMA IRQ c1=0
DMA IRQ c2=0
DMA IRQ c3=0
SELECT busy=9795
SELECT w0=9758
SELECT w1=4918
SELECT w2=5547
BUSY TASK ewma=997
DMA IRQ c0=1
DMA IRQ c1=0
DMA IRQ c2=0
DMA IRQ c3=0
SELECT busy=9835
SELECT w0=9797
SELECT w1=4935
SELECT w2=5570
BUSY TASK ewma=997
DMA IRQ c0=1
DMA IRQ c1=0
DMA IRQ c2=0
DMA IRQ c3=0
SELECT busy=9864
SELECT w0=9826
SELECT w1=4948
SELECT w2=5586
BUSY TASK ewma=997
DMA IRQ c0=1
DMA IRQ c1=0
DMA IRQ c2=0
DMA IRQ c3=0
SELECT busy=9882
SELECT w0=9847
SELECT w1=4961
SELECT w2=5603
BUSY TASK ewma=997
DMA IRQ c0=1
DMA IRQ c1=0
DMA IRQ c2=0
DMA IRQ c3=0
SELECT busy=9918
SELECT w0=9882
SELECT w1=4976
SELECT w2=5623
BUSY TASK ewma=997
DMA IRQ c0=1
DMA IRQ c1=0
DMA IRQ c2=0
DMA IRQ c3=0
SELECT busy=9962
SELECT w0=9926
SELECT w1=4995
SELECT w2=5648
BUSY TASK ewma=997
DMA IRQ c0=1
DMA IRQ c1=0
DMA IRQ c2=0
DMA IRQ c3=0
SELECT busy=10007
SELECT w0=9970
SELECT w1=5016
SELECT w2=5673
BUSY TASK ewma=997
DMA IRQ c0=1
DMA IRQ c1=0
DMA IRQ c2=0
DMA IRQ c3=0
SELECT busy=10048
SELECT w0=10010
SELECT w1=5033
SELECT w2=5696
BUSY TASK ewma=997
DMA IRQ c0=1
DMA IRQ c1=0
DMA IRQ c2=0
DMA IRQ c3=0
SELECT busy=10083
SELECT w0=10046
SELECT w1=5046
SELECT w2=5714
BUSY TASK ewma=997
DMA IRQ c0=1
DMA IRQ c1=0
DMA IRQ c2=0
DMA IRQ c3=0
SELECT busy=10099
SELECT w0=10062
SELECT w1=5055
SELECT w2=5726
BUSY TASK ewma=997
DMA IRQ c0=1
DMA IRQ c1=0
DMA IRQ c2=0
DMA IRQ c3=0
SELECT busy=10121
SELECT w0=10083
SELECT w1=5064
SELECT w2=5737
BUSY TASK ewma=997
DMA IRQ c0=1
DMA IRQ c1=0
DMA IRQ c2=0
DMA IRQ c3=0
SELECT busy=10143
SELECT w0=10105
SELECT w1=5074
SELECT w2=5749
BUSY TASK ewma=997
DMA IRQ c0=1
DMA IRQ c1=0
DMA IRQ c2=0
DMA IRQ c3=0
SELECT busy=10156
SELECT w0=10118
SELECT w1=5080
SELECT w2=5757
BUSY TASK ewma=997
DMA IRQ c0=1
DMA IRQ c1=0
DMA IRQ c2=0
DMA IRQ c3=0
SELECT busy=10173
SELECT w0=10136
SELECT w1=5089
SELECT w2=5767
BUSY TASK ewma=997
DMA IRQ c0=1
DMA IRQ c1=0
DMA IRQ c2=0
DMA IRQ c3=0
SELECT busy=10192
SELECT w0=10155
SELECT w1=5098
SELECT w2=5781
BUSY TASK ewma=997
DMA IRQ c0=1
DMA IRQ c1=0
DMA IRQ c2=0
DMA IRQ c3=0
SELECT busy=10210
SELECT w0=10173
SELECT w1=5105
SELECT w2=5790
BUSY TASK ewma=997
DMA IRQ c0=1
DMA IRQ c1=0
DMA IRQ c2=0
DMA IRQ c3=0
SELECT busy=10245
SELECT w0=10208
SELECT w1=5122
SELECT w2=5815
BUSY TASK ewma=997
DMA IRQ c0=1
DMA IRQ c1=0
DMA IRQ c2=0
DMA IRQ c3=0
SELECT busy=10261
SELECT w0=10223
SELECT w1=5127
SELECT w2=5821
BUSY TASK ewma=997
DMA IRQ c0=1
DMA IRQ c1=0
DMA IRQ c2=0
DMA IRQ c3=0
SELECT busy=10278
SELECT w0=10241
SELECT w1=5133
SELECT w2=5831
BUSY TASK ewma=997
DMA IRQ c0=1
DMA IRQ c1=0
DMA IRQ c2=0
DMA IRQ c3=0
SELECT busy=10309
SELECT w0=10273
SELECT w1=5148
SELECT w2=5849
BUSY TASK ewma=997
IRQ counts: cpu0=20649 cpu1=23156 cpu2=23340 cpu3=22678
SCHED secondaries: calls=69186 unexpected=0
SECTEST switches=69157 cpu1=187196751,189038911 cpu2=177916379,169084132 cpu3=232484650,227391907
PINGPONG rounds=2000 pongs=2000
DMA IRQ c0=1
DMA IRQ c1=0
DMA IRQ c2=0
DMA IRQ c3=0
SELECT busy=10355
SELECT w0=10318
SELECT w1=5171
SELECT w2=5877
BUSY TASK ewma=997
DMA IRQ c0=1
DMA IRQ c1=0
DMA IRQ c2=0
DMA IRQ c3=0
SELECT busy=10392
SELECT w0=10355
SELECT w1=5191
SELECT w2=5900
BUSY TASK ewma=997
DMA IRQ c0=1
DMA IRQ c1=0
DMA IRQ c2=0
DMA IRQ c3=0
SELECT busy=10429
SELECT w0=10393
SELECT w1=5208
SELECT w2=5920
BUSY TASK ewma=997
DMA IRQ c0=1
DMA IRQ c1=0
DMA IRQ c2=0
DMA IRQ c3=0
SELECT busy=10462
SELECT w0=10424
SELECT w1=5224
SELECT w2=5940
BUSY TASK ewma=997
DMA IRQ c0=1
DMA IRQ c1=0
DMA IRQ c2=0
DMA IRQ c3=0
SELECT busy=10480
SELECT w0=10443
SELECT w1=5232
SELECT w2=5948
BUSY TASK ewma=997
DMA IRQ c0=1
DMA IRQ c1=0
DMA IRQ c2=0
DMA IRQ c3=0
SELECT busy=10497
SELECT w0=10459
SELECT w1=5239
SELECT w2=5956
BUSY TASK ewma=997
DMA IRQ c0=1
DMA IRQ c1=0
DMA IRQ c2=0
DMA IRQ c3=0
SELECT busy=10513
SELECT w0=10475
SELECT w1=5247
SELECT w2=5965
BUSY TASK ewma=997
DMA IRQ c0=1
DMA IRQ c1=0
DMA IRQ c2=0
DMA IRQ c3=0
SELECT busy=10530
SELECT w0=10496
SELECT w1=5258
SELECT w2=5980
BUSY TASK ewma=997
DMA IRQ c0=1
DMA IRQ c1=0
DMA IRQ c2=0
DMA IRQ c3=0
SELECT busy=10558
SELECT w0=10521
SELECT w1=5265
SELECT w2=5988
BUSY TASK ewma=997
DMA IRQ c0=1
DMA IRQ c1=0
DMA IRQ c2=0
DMA IRQ c3=0
SELECT busy=10595
SELECT w0=10558
SELECT w1=5281
SELECT w2=6008
BUSY TASK ewma=997
DMA IRQ c0=1
DMA IRQ c1=0
DMA IRQ c2=0
DMA IRQ c3=0
SELECT busy=10630
SELECT w0=10593
SELECT w1=5296
SELECT w2=6025
BUSY TASK ewma=997
DMA IRQ c0=1
DMA IRQ c1=0
DMA IRQ c2=0
DMA IRQ c3=0
SELECT busy=10660
SELECT w0=10622
SELECT w1=5306
SELECT w2=6038
BUSY TASK ewma=997
DMA IRQ c0=1
DMA IRQ c1=0
DMA IRQ c2=0
DMA IRQ c3=0
SELECT busy=10681
SELECT w0=10643
SELECT w1=5312
SELECT w2=6046
BUSY TASK ewma=997
DMA IRQ c0=1
DMA IRQ c1=0
DMA IRQ c2=0
DMA IRQ c3=0
SELECT busy=10698
SELECT w0=10660
SELECT w1=5325
SELECT w2=6063
BUSY TASK ewma=997
DMA IRQ c0=1
DMA IRQ c1=0
DMA IRQ c2=0
DMA IRQ c3=0
SELECT busy=10717
SELECT w0=10680
SELECT w1=5335
SELECT w2=6073
BUSY TASK ewma=997
DMA IRQ c0=1
DMA IRQ c1=0
DMA IRQ c2=0
DMA IRQ c3=0
SELECT busy=10756
SELECT w0=10719
SELECT w1=5350
SELECT w2=6093
BUSY TASK ewma=997
DMA IRQ c0=1
DMA IRQ c1=0
DMA IRQ c2=0
DMA IRQ c3=0
SELECT busy=10808
SELECT w0=10770
SELECT w1=5371
SELECT w2=6121
BUSY TASK ewma=997
DMA IRQ c0=1
DMA IRQ c1=0
DMA IRQ c2=0
DMA IRQ c3=0
SELECT busy=10844
SELECT w0=10807
SELECT w1=5386
SELECT w2=6139
BUSY TASK ewma=997
DMA IRQ c0=1
DMA IRQ c1=0
DMA IRQ c2=0
DMA IRQ c3=0
SELECT busy=10873
SELECT w0=10836
SELECT w1=5401
SELECT w2=6159
BUSY TASK ewma=997
DMA IRQ c0=1
DMA IRQ c1=0
DMA IRQ c2=0
DMA IRQ c3=0
SELECT busy=10894
SELECT w0=10858
SELECT w1=5411
SELECT w2=6174
BUSY TASK ewma=997
DMA IRQ c0=1
DMA IRQ c1=0
DMA IRQ c2=0
DMA IRQ c3=0
SELECT busy=10916
SELECT w0=10879
SELECT w1=5422
SELECT w2=6186
BUSY TASK ewma=997
DMA IRQ c0=1
DMA IRQ c1=0
DMA IRQ c2=0
DMA IRQ c3=0
SELECT busy=10936
SELECT w0=10899
SELECT w1=5432
SELECT w2=6202
BUSY TASK ewma=997
DMA IRQ c0=1
DMA IRQ c1=0
DMA IRQ c2=0
DMA IRQ c3=0
SELECT busy=10958
SELECT w0=10921
SELECT w1=5443
SELECT w2=6214
BUSY TASK ewma=997
DMA IRQ c0=1
DMA IRQ c1=0
DMA IRQ c2=0
DMA IRQ c3=0
SELECT busy=10978
SELECT w0=10940
SELECT w1=5451
SELECT w2=6225
BUSY TASK ewma=997
DMA IRQ c0=1
DMA IRQ c1=0
DMA IRQ c2=0
DMA IRQ c3=0
SELECT busy=10994
SELECT w0=10957
SELECT w1=5460
SELECT w2=6234
BUSY TASK ewma=997
DMA IRQ c0=1
DMA IRQ c1=0
DMA IRQ c2=0
DMA IRQ c3=0
SELECT busy=11019
SELECT w0=10982
SELECT w1=5474
SELECT w2=6251
BUSY TASK ewma=997
DMA IRQ c0=1
DMA IRQ c1=0
DMA IRQ c2=0
DMA IRQ c3=0
SELECT busy=11037
SELECT w0=11000
SELECT w1=5482
SELECT w2=6262
BUSY TASK ewma=997
DMA IRQ c0=1
DMA IRQ c1=0
DMA IRQ c2=0
DMA IRQ c3=0
SELECT busy=11065
SELECT w0=11028
SELECT w1=5498
SELECT w2=6282
BUSY TASK ewma=997
DMA IRQ c0=1
DMA IRQ c1=0
DMA IRQ c2=0
DMA IRQ c3=0
SELECT busy=11082
SELECT w0=11044
SELECT w1=5506
SELECT w2=6292
BUSY TASK ewma=997
DMA IRQ c0=1
DMA IRQ c1=0
DMA IRQ c2=0
DMA IRQ c3=0
SELECT busy=11100
SELECT w0=11064
SELECT w1=5517
SELECT w2=6308
BUSY TASK ewma=997
DMA IRQ c0=1
DMA IRQ c1=0
DMA IRQ c2=0
DMA IRQ c3=0
SELECT busy=11122
SELECT w0=11085
SELECT w1=5528
SELECT w2=6322
BUSY TASK ewma=997
DMA IRQ c0=1
DMA IRQ c1=0
DMA IRQ c2=0
DMA IRQ c3=0
SELECT busy=11140
SELECT w0=11102
SELECT w1=5537
SELECT w2=6333
BUSY TASK ewma=997
DMA IRQ c0=1
DMA IRQ c1=0
DMA IRQ c2=0
DMA IRQ c3=0
SELECT busy=11168
SELECT w0=11130
SELECT w1=5548
SELECT w2=6344
BUSY TASK ewma=997
DMA IRQ c0=1
DMA IRQ c1=0
DMA IRQ c2=0
DMA IRQ c3=0
SELECT busy=11206
SELECT w0=11169
SELECT w1=5567
SELECT w2=6366
BUSY TASK ewma=997
DMA IRQ c0=1
DMA IRQ c1=0
DMA IRQ c2=0
DMA IRQ c3=0
SELECT busy=11230
SELECT w0=11193
SELECT w1=5580
SELECT w2=6380
BUSY TASK ewma=997
DMA IRQ c0=1
DMA IRQ c1=0
DMA IRQ c2=0
DMA IRQ c3=0
SELECT busy=11250
SELECT w0=11213
SELECT w1=5590
SELECT w2=6392
BUSY TASK ewma=997
DMA IRQ c0=1
DMA IRQ c1=0
DMA IRQ c2=0
DMA IRQ c3=0
SELECT busy=11285
SELECT w0=11247
SELECT w1=5605
SELECT w2=6410
BUSY TASK ewma=997
DMA IRQ c0=1
DMA IRQ c1=0
DMA IRQ c2=0
DMA IRQ c3=0
SELECT busy=11337
SELECT w0=11300
SELECT w1=5629
SELECT w2=6438
BUSY TASK ewma=997
DMA IRQ c0=1
DMA IRQ c1=0
DMA IRQ c2=0
DMA IRQ c3=0
SELECT busy=11374
SELECT w0=11336
SELECT w1=5644
SELECT w2=6458
BUSY TASK ewma=997
DMA IRQ c0=1
DMA IRQ c1=0
DMA IRQ c2=0
DMA IRQ c3=0
SELECT busy=11403
SELECT w0=11366
SELECT w1=5655
SELECT w2=6474
BUSY TASK ewma=997
DMA IRQ c0=1
DMA IRQ c1=0
DMA IRQ c2=0
DMA IRQ c3=0
SELECT busy=11437
SELECT w0=11400
SELECT w1=5672
SELECT w2=6492
BUSY TASK ewma=997
DMA IRQ c0=1
DMA IRQ c1=0
DMA IRQ c2=0
DMA IRQ c3=0
SELECT busy=11469
SELECT w0=11432
SELECT w1=5686
SELECT w2=6509
BUSY TASK ewma=997
DMA IRQ c0=1
DMA IRQ c1=0
DMA IRQ c2=0
DMA IRQ c3=0
SELECT busy=11510
SELECT w0=11472
SELECT w1=5702
SELECT w2=6528
BUSY TASK ewma=997
DMA IRQ c0=1
DMA IRQ c1=0
DMA IRQ c2=0
DMA IRQ c3=0
SELECT busy=11550
SELECT w0=11512
SELECT w1=5717
SELECT w2=6548
BUSY TASK ewma=997
DMA IRQ c0=1
DMA IRQ c1=0
DMA IRQ c2=0
DMA IRQ c3=0
SELECT busy=11589
SELECT w0=11551
SELECT w1=5730
SELECT w2=6563
BUSY TASK ewma=997
DMA IRQ c0=1
DMA IRQ c1=0
DMA IRQ c2=0
DMA IRQ c3=0
SELECT busy=11629
SELECT w0=11592
SELECT w1=5746
SELECT w2=6581
BUSY TASK ewma=997
DMA IRQ c0=1
DMA IRQ c1=0
DMA IRQ c2=0
DMA IRQ c3=0
SELECT busy=11666
SELECT w0=11629
SELECT w1=5767
SELECT w2=6601
BUSY TASK ewma=997
DMA IRQ c0=1
DMA IRQ c1=0
DMA IRQ c2=0
DMA IRQ c3=0
SELECT busy=11693
SELECT w0=11655
SELECT w1=5779
SELECT w2=6616
BUSY TASK ewma=997
DMA IRQ c0=1
DMA IRQ c1=0
DMA IRQ c2=0
DMA IRQ c3=0
SELECT busy=11716
SELECT w0=11679
SELECT w1=5789
SELECT w2=6631
BUSY TASK ewma=997
DMA IRQ c0=1
DMA IRQ c1=0
DMA IRQ c2=0
DMA IRQ c3=0
SELECT busy=11752
SELECT w0=11714
SELECT w1=5801
SELECT w2=6646
BUSY TASK ewma=997
DMA IRQ c0=1
DMA IRQ c1=0
DMA IRQ c2=0
DMA IRQ c3=0
SELECT busy=11780
SELECT w0=11742
SELECT w1=5809
SELECT w2=6656
BUSY TASK ewma=997
DMA IRQ c0=1
DMA IRQ c1=0
DMA IRQ c2=0
DMA IRQ c3=0
SELECT busy=11804
SELECT w0=11767
SELECT w1=5818
SELECT w2=6668
BUSY TASK ewma=997
DMA IRQ c0=1
DMA IRQ c1=0
DMA IRQ c2=0
DMA IRQ c3=0
SELECT busy=11841
SELECT w0=11804
SELECT w1=5836
SELECT w2=6692
BUSY TASK ewma=997
DMA IRQ c0=1
DMA IRQ c1=0
DMA IRQ c2=0
DMA IRQ c3=0
SELECT busy=11857
SELECT w0=11819
SELECT w1=5843
SELECT w2=6702
BUSY TASK ewma=997
DMA IRQ c0=1
DMA IRQ c1=0
DMA IRQ c2=0
DMA IRQ c3=0
SELECT busy=11887
SELECT w0=11849
SELECT w1=5855
SELECT w2=6718
BUSY TASK ewma=997
DMA IRQ c0=1
DMA IRQ c1=0
DMA IRQ c2=0
DMA IRQ c3=0
SELECT busy=11908
SELECT w0=11870
SELECT w1=5864
SELECT w2=6733
BUSY TASK ewma=997
DMA IRQ c0=1
DMA IRQ c1=0
DMA IRQ c2=0
DMA IRQ c3=0
SELECT busy=11932
SELECT w0=11895
SELECT w1=5877
SELECT w2=6748
BUSY TASK ewma=997
DMA IRQ c0=1
DMA IRQ c1=0
DMA IRQ c2=0
DMA IRQ c3=0
SELECT busy=11950
SELECT w0=11912
SELECT w1=5885
SELECT w2=6757
BUSY TASK ewma=997
DMA IRQ c0=1
DMA IRQ c1=0
DMA IRQ c2=0
DMA IRQ c3=0
SELECT busy=11963
SELECT w0=11926
SELECT w1=5891
SELECT w2=6763
BUSY TASK ewma=997
DMA IRQ c0=1
DMA IRQ c1=0
DMA IRQ c2=0
DMA IRQ c3=0
SELECT busy=11983
SELECT w0=11946
SELECT w1=5901
SELECT w2=6779
BUSY TASK ewma=997
DMA IRQ c0=1
DMA IRQ c1=0
DMA IRQ c2=0
DMA IRQ c3=0
SELECT busy=12000
SELECT w0=11962
SELECT w1=5904
SELECT w2=6784
BUSY TASK ewma=997
DMA IRQ c0=1
DMA IRQ c1=0
DMA IRQ c2=0
DMA IRQ c3=0
SELECT busy=12015
SELECT w0=11977
SELECT w1=5911
SELECT w2=6793
BUSY TASK ewma=997
DMA IRQ c0=1
DMA IRQ c1=0
DMA IRQ c2=0
DMA IRQ c3=0
SELECT busy=12046
SELECT w0=12008
SELECT w1=5924
SELECT w2=6809
BUSY TASK ewma=997
DMA IRQ c0=1
DMA IRQ c1=0
DMA IRQ c2=0
DMA IRQ c3=0
SELECT busy=12084
SELECT w0=12047
SELECT w1=5942
SELECT w2=6829
BUSY TASK ewma=997
IRQ counts: cpu0=24183 cpu1=27112 cpu2=27247 cpu3=26544
SCHED secondaries: calls=80905 unexpected=0
SECTEST switches=80870 cpu1=218388698,219569898 cpu2=207619697,197947121 cpu3=272546792,266853536
PINGPONG rounds=2000 pongs=2000
DMA IRQ c0=1
DMA IRQ c1=0
DMA IRQ c2=0
DMA IRQ c3=0
SELECT busy=12119
SELECT w0=12081
SELECT w1=5957
SELECT w2=6846
BUSY TASK ewma=997
DMA IRQ c0=1
DMA IRQ c1=0
DMA IRQ c2=0
DMA IRQ c3=0
SELECT busy=12151
SELECT w0=12113
SELECT w1=5968
SELECT w2=6863
BUSY TASK ewma=997
DMA IRQ c0=1
DMA IRQ c1=0
DMA IRQ c2=0
DMA IRQ c3=0
SELECT busy=12169
SELECT w0=12133
SELECT w1=5982
SELECT w2=6877
BUSY TASK ewma=997
DMA IRQ c0=1
DMA IRQ c1=0
DMA IRQ c2=0
DMA IRQ c3=0
SELECT busy=12186
SELECT w0=12149
SELECT w1=5991
SELECT w2=6889
BUSY TASK ewma=997
DMA IRQ c0=1
DMA IRQ c1=0
DMA IRQ c2=0
DMA IRQ c3=0
SELECT busy=12213
SELECT w0=12177
SELECT w1=6002
SELECT w2=6904
BUSY TASK ewma=997
DMA IRQ c0=1
DMA IRQ c1=0
DMA IRQ c2=0
DMA IRQ c3=0
SELECT busy=12238
SELECT w0=12202
SELECT w1=6012
SELECT w2=6923
BUSY TASK ewma=997
DMA IRQ c0=1
DMA IRQ c1=0
DMA IRQ c2=0
DMA IRQ c3=0
SELECT busy=12259
SELECT w0=12222
SELECT w1=6020
SELECT w2=6932
BUSY TASK ewma=997
DMA IRQ c0=1
DMA IRQ c1=0
DMA IRQ c2=0
DMA IRQ c3=0
SELECT busy=12278
SELECT w0=12240
SELECT w1=6030
SELECT w2=6946
BUSY TASK ewma=997
DMA IRQ c0=1
DMA IRQ c1=0
DMA IRQ c2=0
DMA IRQ c3=0
SELECT busy=12297
SELECT w0=12260
SELECT w1=6040
SELECT w2=6961
BUSY TASK ewma=997
DMA IRQ c0=1
DMA IRQ c1=0
DMA IRQ c2=0
DMA IRQ c3=0
SELECT busy=12315
SELECT w0=12277
SELECT w1=6047
SELECT w2=6969
BUSY TASK ewma=997
DMA IRQ c0=1
DMA IRQ c1=0
DMA IRQ c2=0
DMA IRQ c3=0
SELECT busy=12335
SELECT w0=12297
SELECT w1=6058
SELECT w2=6981
BUSY TASK ewma=997
DMA IRQ c0=1
DMA IRQ c1=0
DMA IRQ c2=0
DMA IRQ c3=0
SELECT busy=12370
SELECT w0=12332
SELECT w1=6071
SELECT w2=6995
BUSY TASK ewma=997
DMA IRQ c0=1
DMA IRQ c1=0
DMA IRQ c2=0
DMA IRQ c3=0
SELECT busy=12404
SELECT w0=12366
SELECT w1=6085
SELECT w2=7012
BUSY TASK ewma=997
DMA IRQ c0=1
DMA IRQ c1=0
DMA IRQ c2=0
DMA IRQ c3=0
SELECT busy=12435
SELECT w0=12397
SELECT w1=6096
SELECT w2=7025
BUSY TASK ewma=997
DMA IRQ c0=1
DMA IRQ c1=0
DMA IRQ c2=0
DMA IRQ c3=0
SELECT busy=12476
SELECT w0=12439
SELECT w1=6113
SELECT w2=7050
BUSY TASK ewma=997
DMA IRQ c0=1
DMA IRQ c1=0
DMA IRQ c2=0
DMA IRQ c3=0
SELECT busy=12502
SELECT w0=12464
SELECT w1=6125
SELECT w2=7066
BUSY TASK ewma=997
DMA IRQ c0=1
DMA IRQ c1=0
DMA IRQ c2=0
DMA IRQ c3=0
SELECT busy=12519
SELECT w0=12481
SELECT w1=6132
SELECT w2=7075
BUSY TASK ewma=997
DMA IRQ c0=1
DMA IRQ c1=0
DMA IRQ c2=0
DMA IRQ c3=0
SELECT busy=12538
SELECT w0=12501
SELECT w1=6143
SELECT w2=7087
BUSY TASK ewma=997
DMA IRQ c0=1
DMA IRQ c1=0
DMA IRQ c2=0
DMA IRQ c3=0
SELECT busy=12561
SELECT w0=12524
SELECT w1=6154
SELECT w2=7102
BUSY TASK ewma=997
DMA IRQ c0=1
DMA IRQ c1=0
DMA IRQ c2=0
DMA IRQ c3=0
SELECT busy=12579
SELECT w0=12543
SELECT w1=6162
SELECT w2=7110
BUSY TASK ewma=997
DMA IRQ c0=1
DMA IRQ c1=0
DMA IRQ c2=0
DMA IRQ c3=0
SELECT busy=12601
SELECT w0=12564
SELECT w1=6169
SELECT w2=7121
BUSY TASK ewma=997
DMA IRQ c0=1
DMA IRQ c1=0
DMA IRQ c2=0
DMA IRQ c3=0
SELECT busy=12632
SELECT w0=12595
SELECT w1=6180
SELECT w2=7135
BUSY TASK ewma=997
DMA IRQ c0=1
DMA IRQ c1=0
DMA IRQ c2=0
DMA IRQ c3=0
SELECT busy=12669
SELECT w0=12632
SELECT w1=6194
SELECT w2=7152
BUSY TASK ewma=997
DMA IRQ c0=1
DMA IRQ c1=0
DMA IRQ c2=0
DMA IRQ c3=0
SELECT busy=12685
SELECT w0=12647
SELECT w1=6202
SELECT w2=7160
BUSY TASK ewma=997
DMA IRQ c0=1
DMA IRQ c1=0
DMA IRQ c2=0
DMA IRQ c3=0
SELECT busy=12709
SELECT w0=12672
SELECT w1=6214
SELECT w2=7175
BUSY TASK ewma=997
DMA IRQ c0=1
DMA IRQ c1=0
DMA IRQ c2=0
DMA IRQ c3=0
SELECT busy=12730
SELECT w0=12693
SELECT w1=6222
SELECT w2=7186
BUSY TASK ewma=997
DMA IRQ c0=1
DMA IRQ c1=0
DMA IRQ c2=0
DMA IRQ c3=0
SELECT busy=12747
SELECT w0=12709
SELECT w1=6229
SELECT w2=7194
BUSY TASK ewma=997
DMA IRQ c0=1
DMA IRQ c1=0
DMA IRQ c2=0
DMA IRQ c3=0
SELECT busy=12765
SELECT w0=12728
SELECT w1=6238
SELECT w2=7207
BUSY TASK ewma=997
DMA IRQ c0=1
DMA IRQ c1=0
DMA IRQ c2=0
DMA IRQ c3=0
SELECT busy=12789
SELECT w0=12751
SELECT w1=6246
SELECT w2=7218
BUSY TASK ewma=997
DMA IRQ c0=1
DMA IRQ c1=0
DMA IRQ c2=0
DMA IRQ c3=0
SELECT busy=12815
SELECT w0=12778
SELECT w1=6255
SELECT w2=7230
BUSY TASK ewma=997
DMA IRQ c0=1
DMA IRQ c1=0
DMA IRQ c2=0
DMA IRQ c3=0
SELECT busy=12838
SELECT w0=12801
SELECT w1=6265
SELECT w2=7240
BUSY TASK ewma=997
DMA IRQ c0=1
DMA IRQ c1=0
DMA IRQ c2=0
DMA IRQ c3=0
SELECT busy=12857
SELECT w0=12820
SELECT w1=6275
SELECT w2=7255
BUSY TASK ewma=997
DMA IRQ c0=1
DMA IRQ c1=0
DMA IRQ c2=0
DMA IRQ c3=0
SELECT busy=12888
SELECT w0=12852
SELECT w1=6287
SELECT w2=7268
BUSY TASK ewma=997
DMA IRQ c0=1
DMA IRQ c1=0
DMA IRQ c2=0
DMA IRQ c3=0
SELECT busy=12908
SELECT w0=12871
SELECT w1=6297
SELECT w2=7281
BUSY TASK ewma=997
DMA IRQ c0=1
DMA IRQ c1=0
DMA IRQ c2=0
DMA IRQ c3=0
SELECT busy=12932
SELECT w0=12894
SELECT w1=6307
SELECT w2=7291
BUSY TASK ewma=997
DMA IRQ c0=1
DMA IRQ c1=0
DMA IRQ c2=0
DMA IRQ c3=0
SELECT busy=12951
SELECT w0=12913
SELECT w1=6314
SELECT w2=7300
BUSY TASK ewma=997
DMA IRQ c0=1
DMA IRQ c1=0
DMA IRQ c2=0
DMA IRQ c3=0
SELECT busy=12967
SELECT w0=12930
SELECT w1=6322
SELECT w2=7310
BUSY TASK ewma=997
DMA IRQ c0=1
DMA IRQ c1=0
DMA IRQ c2=0
DMA IRQ c3=0
SELECT busy=12990
SELECT w0=12952
SELECT w1=6331
SELECT w2=7322
BUSY TASK ewma=997
DMA IRQ c0=1
DMA IRQ c1=0
DMA IRQ c2=0
DMA IRQ c3=0
SELECT busy=13020
SELECT w0=12982
SELECT w1=6342
SELECT w2=7336
BUSY TASK ewma=997
DMA IRQ c0=1
DMA IRQ c1=0
DMA IRQ c2=0
DMA IRQ c3=0
SELECT busy=13049
SELECT w0=13012
SELECT w1=6353
SELECT w2=7351
BUSY TASK ewma=997
DMA IRQ c0=1
DMA IRQ c1=0
DMA IRQ c2=0
DMA IRQ c3=0
SELECT busy=13078
SELECT w0=13040
SELECT w1=6364
SELECT w2=7366
BUSY TASK ewma=997
DMA IRQ c0=1
DMA IRQ c1=0
DMA IRQ c2=0
DMA IRQ c3=0
SELECT busy=13105
SELECT w0=13068
SELECT w1=6379
SELECT w2=7385
BUSY TASK ewma=997
DMA IRQ c0=1
DMA IRQ c1=0
DMA IRQ c2=0
DMA IRQ c3=0
SELECT busy=13143
SELECT w0=13107
SELECT w1=6398
SELECT w2=7409
BUSY TASK ewma=997
DMA IRQ c0=1
DMA IRQ c1=0
DMA IRQ c2=0
DMA IRQ c3=0
SELECT busy=13181
SELECT w0=13145
SELECT w1=6414
SELECT w2=7432
BUSY TASK ewma=997
DMA IRQ c0=1
DMA IRQ c1=0
DMA IRQ c2=0
DMA IRQ c3=0
SELECT busy=13212
SELECT w0=13174
SELECT w1=6425
SELECT w2=7445
BUSY TASK ewma=997
DMA IRQ c0=1
DMA IRQ c1=0
DMA IRQ c2=0
DMA IRQ c3=0
SELECT busy=13244
SELECT w0=13206
SELECT w1=6437
SELECT w2=7459
BUSY TASK ewma=997
DMA IRQ c0=1
DMA IRQ c1=0
DMA IRQ c2=0
DMA IRQ c3=0
SELECT busy=13274
SELECT w0=13237
SELECT w1=6449
SELECT w2=7474
BUSY TASK ewma=997
DMA IRQ c0=1
DMA IRQ c1=0
DMA IRQ c2=0
DMA IRQ c3=0
SELECT busy=13300
SELECT w0=13262
SELECT w1=6457
SELECT w2=7485
BUSY TASK ewma=997
DMA IRQ c0=1
DMA IRQ c1=0
DMA IRQ c2=0
DMA IRQ c3=0
SELECT busy=13336
SELECT w0=13299
SELECT w1=6473
SELECT w2=7503
BUSY TASK ewma=997
DMA IRQ c0=1
DMA IRQ c1=0
DMA IRQ c2=0
DMA IRQ c3=0
SELECT busy=13375
SELECT w0=13337
SELECT w1=6487
SELECT w2=7523
BUSY TASK ewma=997
DMA IRQ c0=1
DMA IRQ c1=0
DMA IRQ c2=0
DMA IRQ c3=0
SELECT busy=13408
SELECT w0=13370
SELECT w1=6501
SELECT w2=7541
qemu-system-aarch64: terminating on signal 15 from pid 242714 (timeout)
