P4 M7: full integration test boot OK
CPU0: MPIDR_EL1=0x0000000080000000
CPU0: psci_cpu_on target=1 rc=0
CPU1: alive, MPIDR_EL1=0x0000000080000001 this_cpu()->cpu_id=1
CPU0: psci_cpu_on target=2 rc=0
CPU2: alive, MPIDR_EL1=0x0000000080000002 this_cpu()->cpu_id=2
CPU0: psci_cpu_on target=3 rc=0
CPU3: alive, MPIDR_EL1=0x0000000080000003 this_cpu()->cpu_id=3
CPUs online: 4
DMA IRQ target cpu=0
D2b: worker 1 runs on CPU1
D2b: worker 2 runs on CPU2
D2b: worker 0 runs on CPU0
P4 M7: worker submitted cmd_id=3
P4 M7: worker submitted cmd_id=1
P4 M7: worker submitted cmd_id=2
BUSY TASK ewma=997
DMA IRQ c0=0
DMA IRQ c1=0
DMA IRQ c2=0
DMA IRQ c3=0
SELECT busy=30
SELECT w0=3
SELECT w1=7
SELECT w2=4
P4 M7: worker DATA OK, cmd_id=2
P4 M7: worker DATA OK, cmd_id=1
WORKER ewma=759
WORKER ewma=941
P4 M7: worker DATA OK, cmd_id=3
WORKER ewma=831
BUSY TASK ewma=997
DMA IRQ c0=3
DMA IRQ c1=0
DMA IRQ c2=0
DMA IRQ c3=0
SELECT busy=65
SELECT w0=62
SELECT w1=77
SELECT w2=38
BUSY TASK ewma=997
DMA IRQ c0=3
DMA IRQ c1=0
DMA IRQ c2=0
DMA IRQ c3=0
SELECT busy=98
SELECT w0=95
SELECT w1=123
SELECT w2=82
BUSY TASK ewma=997
DMA IRQ c0=3
DMA IRQ c1=0
DMA IRQ c2=0
DMA IRQ c3=0
SELECT busy=119
SELECT w0=116
SELECT w1=158
SELECT w2=117
BUSY TASK ewma=997
DMA IRQ c0=3
DMA IRQ c1=0
DMA IRQ c2=0
DMA IRQ c3=0
SELECT busy=138
SELECT w0=136
SELECT w1=193
SELECT w2=154
BUSY TASK ewma=997
DMA IRQ c0=3
DMA IRQ c1=0
DMA IRQ c2=0
DMA IRQ c3=0
SELECT busy=185
SELECT w0=182
SELECT w1=252
SELECT w2=213
BUSY TASK ewma=997
DMA IRQ c0=3
DMA IRQ c1=0
DMA IRQ c2=0
DMA IRQ c3=0
SELECT busy=204
SELECT w0=202
SELECT w1=263
SELECT w2=227
BUSY TASK ewma=997
DMA IRQ c0=3
DMA IRQ c1=0
DMA IRQ c2=0
DMA IRQ c3=0
SELECT busy=219
SELECT w0=217
SELECT w1=272
SELECT w2=239
BUSY TASK ewma=997
DMA IRQ c0=3
DMA IRQ c1=0
DMA IRQ c2=0
DMA IRQ c3=0
SELECT busy=250
SELECT w0=248
SELECT w1=290
SELECT w2=263
BUSY TASK ewma=997
DMA IRQ c0=3
DMA IRQ c1=0
DMA IRQ c2=0
DMA IRQ c3=0
SELECT busy=291
SELECT w0=289
SELECT w1=312
SELECT w2=285
BUSY TASK ewma=997
DMA IRQ c0=3
DMA IRQ c1=0
DMA IRQ c2=0
DMA IRQ c3=0
SELECT busy=331
SELECT w0=329
SELECT w1=331
SELECT w2=306
BUSY TASK ewma=997
DMA IRQ c0=3
DMA IRQ c1=0
DMA IRQ c2=0
DMA IRQ c3=0
SELECT busy=361
SELECT w0=359
SELECT w1=346
SELECT w2=321
BUSY TASK ewma=997
DMA IRQ c0=3
DMA IRQ c1=0
DMA IRQ c2=0
DMA IRQ c3=0
SELECT busy=380
SELECT w0=378
SELECT w1=357
SELECT w2=331
BUSY TASK ewma=997
DMA IRQ c0=3
DMA IRQ c1=0
DMA IRQ c2=0
DMA IRQ c3=0
SELECT busy=422
SELECT w0=419
SELECT w1=382
SELECT w2=353
BUSY TASK ewma=997
DMA IRQ c0=3
DMA IRQ c1=0
DMA IRQ c2=0
DMA IRQ c3=0
SELECT busy=471
SELECT w0=469
SELECT w1=408
SELECT w2=379
BUSY TASK ewma=997
DMA IRQ c0=3
DMA IRQ c1=0
DMA IRQ c2=0
DMA IRQ c3=0
SELECT busy=507
SELECT w0=504
SELECT w1=426
SELECT w2=398
BUSY TASK ewma=997
DMA IRQ c0=3
DMA IRQ c1=0
DMA IRQ c2=0
DMA IRQ c3=0
SELECT busy=547
SELECT w0=545
SELECT w1=446
SELECT w2=419
BUSY TASK ewma=997
DMA IRQ c0=3
DMA IRQ c1=0
DMA IRQ c2=0
DMA IRQ c3=0
SELECT busy=580
SELECT w0=577
SELECT w1=460
SELECT w2=432
BUSY TASK ewma=997
DMA IRQ c0=3
DMA IRQ c1=0
DMA IRQ c2=0
DMA IRQ c3=0
SELECT busy=614
SELECT w0=612
SELECT w1=478
SELECT w2=451
BUSY TASK ewma=997
DMA IRQ c0=3
DMA IRQ c1=0
DMA IRQ c2=0
DMA IRQ c3=0
SELECT busy=644
SELECT w0=641
SELECT w1=494
SELECT w2=467
BUSY TASK ewma=997
DMA IRQ c0=3
DMA IRQ c1=0
DMA IRQ c2=0
DMA IRQ c3=0
SELECT busy=664
SELECT w0=661
SELECT w1=505
SELECT w2=479
BUSY TASK ewma=997
DMA IRQ c0=3
DMA IRQ c1=0
DMA IRQ c2=0
DMA IRQ c3=0
SELECT busy=680
SELECT w0=678
SELECT w1=516
SELECT w2=493
BUSY TASK ewma=997
DMA IRQ c0=3
DMA IRQ c1=0
DMA IRQ c2=0
DMA IRQ c3=0
SELECT busy=695
SELECT w0=693
SELECT w1=522
SELECT w2=501
BUSY TASK ewma=997
DMA IRQ c0=3
DMA IRQ c1=0
DMA IRQ c2=0
DMA IRQ c3=0
SELECT busy=713
SELECT w0=711
SELECT w1=530
SELECT w2=512
BUSY TASK ewma=997
DMA IRQ c0=3
DMA IRQ c1=0
DMA IRQ c2=0
DMA IRQ c3=0
SELECT busy=737
SELECT w0=735
SELECT w1=542
SELECT w2=523
BUSY TASK ewma=997
DMA IRQ c0=3
DMA IRQ c1=0
DMA IRQ c2=0
DMA IRQ c3=0
SELECT busy=767
SELECT w0=765
SELECT w1=560
SELECT w2=542
BUSY TASK ewma=997
DMA IRQ c0=3
DMA IRQ c1=0
DMA IRQ c2=0
DMA IRQ c3=0
SELECT busy=800
SELECT w0=798
SELECT w1=578
SELECT w2=555
BUSY TASK ewma=997
DMA IRQ c0=3
DMA IRQ c1=0
DMA IRQ c2=0
DMA IRQ c3=0
SELECT busy=844
SELECT w0=841
SELECT w1=597
SELECT w2=572
BUSY TASK ewma=997
DMA IRQ c0=3
DMA IRQ c1=0
DMA IRQ c2=0
DMA IRQ c3=0
SELECT busy=871
SELECT w0=868
SELECT w1=612
SELECT w2=588
BUSY TASK ewma=997
DMA IRQ c0=3
DMA IRQ c1=0
DMA IRQ c2=0
DMA IRQ c3=0
SELECT busy=903
SELECT w0=901
SELECT w1=632
SELECT w2=608
BUSY TASK ewma=997
DMA IRQ c0=3
DMA IRQ c1=0
DMA IRQ c2=0
DMA IRQ c3=0
SELECT busy=937
SELECT w0=934
SELECT w1=649
SELECT w2=625
BUSY TASK ewma=997
DMA IRQ c0=3
DMA IRQ c1=0
DMA IRQ c2=0
DMA IRQ c3=0
SELECT busy=967
SELECT w0=964
SELECT w1=665
SELECT w2=639
BUSY TASK ewma=997
DMA IRQ c0=3
DMA IRQ c1=0
DMA IRQ c2=0
DMA IRQ c3=0
SELECT busy=1006
SELECT w0=1003
SELECT w1=687
SELECT w2=661
BUSY TASK ewma=997
DMA IRQ c0=3
DMA IRQ c1=0
DMA IRQ c2=0
DMA IRQ c3=0
SELECT busy=1038
SELECT w0=1035
SELECT w1=703
SELECT w2=678
BUSY TASK ewma=997
DMA IRQ c0=3
DMA IRQ c1=0
DMA IRQ c2=0
DMA IRQ c3=0
SELECT busy=1067
SELECT w0=1064
SELECT w1=715
SELECT w2=691
BUSY TASK ewma=997
DMA IRQ c0=3
DMA IRQ c1=0
DMA IRQ c2=0
DMA IRQ c3=0
SELECT busy=1099
SELECT w0=1097
SELECT w1=735
SELECT w2=712
BUSY TASK ewma=997
DMA IRQ c0=3
DMA IRQ c1=0
DMA IRQ c2=0
DMA IRQ c3=0
SELECT busy=1130
SELECT w0=1128
SELECT w1=753
SELECT w2=728
BUSY TASK ewma=997
DMA IRQ c0=3
DMA IRQ c1=0
DMA IRQ c2=0
DMA IRQ c3=0
SELECT busy=1151
SELECT w0=1148
SELECT w1=764
SELECT w2=739
BUSY TASK ewma=997
DMA IRQ c0=3
DMA IRQ c1=0
DMA IRQ c2=0
DMA IRQ c3=0
SELECT busy=1183
SELECT w0=1180
SELECT w1=780
SELECT w2=753
BUSY TASK ewma=997
DMA IRQ c0=3
DMA IRQ c1=0
DMA IRQ c2=0
DMA IRQ c3=0
SELECT busy=1217
SELECT w0=1216
SELECT w1=799
SELECT w2=777
BUSY TASK ewma=997
DMA IRQ c0=3
DMA IRQ c1=0
DMA IRQ c2=0
DMA IRQ c3=0
SELECT busy=1246
SELECT w0=1244
SELECT w1=817
SELECT w2=791
BUSY TASK ewma=997
DMA IRQ c0=3
DMA IRQ c1=0
DMA IRQ c2=0
DMA IRQ c3=0
SELECT busy=1263
SELECT w0=1260
SELECT w1=825
SELECT w2=799
BUSY TASK ewma=997
DMA IRQ c0=3
DMA IRQ c1=0
DMA IRQ c2=0
DMA IRQ c3=0
SELECT busy=1283
SELECT w0=1281
SELECT w1=836
SELECT w2=809
BUSY TASK ewma=997
DMA IRQ c0=3
DMA IRQ c1=0
DMA IRQ c2=0
DMA IRQ c3=0
SELECT busy=1302
SELECT w0=1299
SELECT w1=844
SELECT w2=816
BUSY TASK ewma=997
DMA IRQ c0=3
DMA IRQ c1=0
DMA IRQ c2=0
DMA IRQ c3=0
SELECT busy=1322
SELECT w0=1319
SELECT w1=850
SELECT w2=822
BUSY TASK ewma=997
DMA IRQ c0=3
DMA IRQ c1=0
DMA IRQ c2=0
DMA IRQ c3=0
SELECT busy=1339
SELECT w0=1336
SELECT w1=859
SELECT w2=831
BUSY TASK ewma=997
DMA IRQ c0=3
DMA IRQ c1=0
DMA IRQ c2=0
DMA IRQ c3=0
SELECT busy=1356
SELECT w0=1354
SELECT w1=867
SELECT w2=841
BUSY TASK ewma=997
DMA IRQ c0=3
DMA IRQ c1=0
DMA IRQ c2=0
DMA IRQ c3=0
SELECT busy=1377
SELECT w0=1374
SELECT w1=877
SELECT w2=851
BUSY TASK ewma=997
DMA IRQ c0=3
DMA IRQ c1=0
DMA IRQ c2=0
DMA IRQ c3=0
SELECT busy=1409
SELECT w0=1407
SELECT w1=895
SELECT w2=866
BUSY TASK ewma=997
DMA IRQ c0=3
DMA IRQ c1=0
DMA IRQ c2=0
DMA IRQ c3=0
SELECT busy=1442
SELECT w0=1440
SELECT w1=913
SELECT w2=884
BUSY TASK ewma=997
DMA IRQ c0=3
DMA IRQ c1=0
DMA IRQ c2=0
DMA IRQ c3=0
SELECT busy=1474
SELECT w0=1471
SELECT w1=929
SELECT w2=900
BUSY TASK ewma=997
DMA IRQ c0=3
DMA IRQ c1=0
DMA IRQ c2=0
DMA IRQ c3=0
SELECT busy=1504
SELECT w0=1502
SELECT w1=943
SELECT w2=916
BUSY TASK ewma=997
DMA IRQ c0=3
DMA IRQ c1=0
DMA IRQ c2=0
DMA IRQ c3=0
SELECT busy=1535
SELECT w0=1532
SELECT w1=957
SELECT w2=930
BUSY TASK ewma=997
DMA IRQ c0=3
DMA IRQ c1=0
DMA IRQ c2=0
DMA IRQ c3=0
SELECT busy=1559
SELECT w0=1556
SELECT w1=968
SELECT w2=942
BUSY TASK ewma=997
DMA IRQ c0=3
DMA IRQ c1=0
DMA IRQ c2=0
DMA IRQ c3=0
SELECT busy=1582
SELECT w0=1580
SELECT w1=979
SELECT w2=953
BUSY TASK ewma=997
DMA IRQ c0=3
DMA IRQ c1=0
DMA IRQ c2=0
DMA IRQ c3=0
SELECT busy=1619
SELECT w0=1616
SELECT w1=995
SELECT w2=970
BUSY TASK ewma=997
DMA IRQ c0=3
DMA IRQ c1=0
DMA IRQ c2=0
DMA IRQ c3=0
SELECT busy=1652
SELECT w0=1650
SELECT w1=1011
SELECT w2=988
BUSY TASK ewma=997
DMA IRQ c0=3
DMA IRQ c1=0
DMA IRQ c2=0
DMA IRQ c3=0
SELECT busy=1668
SELECT w0=1666
SELECT w1=1020
SELECT w2=998
BUSY TASK ewma=997
DMA IRQ c0=3
DMA IRQ c1=0
DMA IRQ c2=0
DMA IRQ c3=0
SELECT busy=1692
SELECT w0=1689
SELECT w1=1034
SELECT w2=1014
BUSY TASK ewma=997
DMA IRQ c0=3
DMA IRQ c1=0
DMA IRQ c2=0
DMA IRQ c3=0
SELECT busy=1724
SELECT w0=1721
SELECT w1=1050
SELECT w2=1027
BUSY TASK ewma=997
DMA IRQ c0=3
DMA IRQ c1=0
DMA IRQ c2=0
DMA IRQ c3=0
SELECT busy=1752
SELECT w0=1749
SELECT w1=1064
SELECT w2=1042
BUSY TASK ewma=997
DMA IRQ c0=3
DMA IRQ c1=0
DMA IRQ c2=0
DMA IRQ c3=0
SELECT busy=1785
SELECT w0=1783
SELECT w1=1084
SELECT w2=1063
BUSY TASK ewma=997
DMA IRQ c0=3
DMA IRQ c1=0
DMA IRQ c2=0
DMA IRQ c3=0
SELECT busy=1819
SELECT w0=1817
SELECT w1=1101
SELECT w2=1083
BUSY TASK ewma=997
IRQ counts: cpu0=3664 cpu1=3906 cpu2=3942 cpu3=3776
SCHED secondaries: calls=11626 unexpected=0
SECTEST switches=11587 cpu1=29095669,28923862 cpu2=23853108,22761515 cpu3=34996600,34014458
PINGPONG rounds=919 pongs=921
DMA IRQ c0=3
DMA IRQ c1=0
DMA IRQ c2=0
DMA IRQ c3=0
SELECT busy=1858
SELECT w0=1855
SELECT w1=1124
SELECT w2=1104
BUSY TASK ewma=997
DMA IRQ c0=3
DMA IRQ c1=0
DMA IRQ c2=0
DMA IRQ c3=0
SELECT busy=1883
SELECT w0=1881
SELECT w1=1138
SELECT w2=1115
BUSY TASK ewma=997
DMA IRQ c0=3
DMA IRQ c1=0
DMA IRQ c2=0
DMA IRQ c3=0
SELECT busy=1911
SELECT w0=1908
SELECT w1=1152
SELECT w2=1131
BUSY TASK ewma=997
DMA IRQ c0=3
DMA IRQ c1=0
DMA IRQ c2=0
DMA IRQ c3=0
SELECT busy=1942
SELECT w0=1942
SELECT w1=1168
SELECT w2=1149
BUSY TASK ewma=997
DMA IRQ c0=3
DMA IRQ c1=0
DMA IRQ c2=0
DMA IRQ c3=0
SELECT busy=1971
SELECT w0=1969
SELECT w1=1182
SELECT w2=1162
BUSY TASK ewma=997
DMA IRQ c0=3
DMA IRQ c1=0
DMA IRQ c2=0
DMA IRQ c3=0
SELECT busy=2003
SELECT w0=2001
SELECT w1=1199
SELECT w2=1179
BUSY TASK ewma=997
DMA IRQ c0=3
DMA IRQ c1=0
DMA IRQ c2=0
DMA IRQ c3=0
SELECT busy=2032
SELECT w0=2030
SELECT w1=1214
SELECT w2=1195
BUSY TASK ewma=997
DMA IRQ c0=3
DMA IRQ c1=0
DMA IRQ c2=0
DMA IRQ c3=0
SELECT busy=2065
SELECT w0=2064
SELECT w1=1230
SELECT w2=1212
BUSY TASK ewma=997
DMA IRQ c0=3
DMA IRQ c1=0
DMA IRQ c2=0
DMA IRQ c3=0
SELECT busy=2108
SELECT w0=2106
SELECT w1=1248
SELECT w2=1232
BUSY TASK ewma=997
DMA IRQ c0=3
DMA IRQ c1=0
DMA IRQ c2=0
DMA IRQ c3=0
SELECT busy=2140
SELECT w0=2137
SELECT w1=1264
SELECT w2=1246
BUSY TASK ewma=997
DMA IRQ c0=3
DMA IRQ c1=0
DMA IRQ c2=0
DMA IRQ c3=0
SELECT busy=2146
SELECT w0=2143
SELECT w1=1268
SELECT w2=1250
BUSY TASK ewma=997
DMA IRQ c0=3
DMA IRQ c1=0
DMA IRQ c2=0
DMA IRQ c3=0
SELECT busy=2161
SELECT w0=2159
SELECT w1=1276
SELECT w2=1258
BUSY TASK ewma=997
DMA IRQ c0=3
DMA IRQ c1=0
DMA IRQ c2=0
DMA IRQ c3=0
SELECT busy=2176
SELECT w0=2174
SELECT w1=1284
SELECT w2=1266
BUSY TASK ewma=997
DMA IRQ c0=3
DMA IRQ c1=0
DMA IRQ c2=0
DMA IRQ c3=0
SELECT busy=2192
SELECT w0=2190
SELECT w1=1297
SELECT w2=1277
BUSY TASK ewma=997
DMA IRQ c0=3
DMA IRQ c1=0
DMA IRQ c2=0
DMA IRQ c3=0
SELECT busy=2213
SELECT w0=2210
SELECT w1=1308
SELECT w2=1288
BUSY TASK ewma=997
DMA IRQ c0=3
DMA IRQ c1=0
DMA IRQ c2=0
DMA IRQ c3=0
SELECT busy=2232
SELECT w0=2230
SELECT w1=1320
SELECT w2=1300
BUSY TASK ewma=997
DMA IRQ c0=3
DMA IRQ c1=0
DMA IRQ c2=0
DMA IRQ c3=0
SELECT busy=2250
SELECT w0=2248
SELECT w1=1329
SELECT w2=1311
BUSY TASK ewma=997
DMA IRQ c0=3
DMA IRQ c1=0
DMA IRQ c2=0
DMA IRQ c3=0
SELECT busy=2272
SELECT w0=2270
SELECT w1=1340
SELECT w2=1322
BUSY TASK ewma=997
DMA IRQ c0=3
DMA IRQ c1=0
DMA IRQ c2=0
DMA IRQ c3=0
SELECT busy=2291
SELECT w0=2291
SELECT w1=1353
SELECT w2=1336
BUSY TASK ewma=997
DMA IRQ c0=3
DMA IRQ c1=0
DMA IRQ c2=0
DMA IRQ c3=0
SELECT busy=2326
SELECT w0=2323
SELECT w1=1366
SELECT w2=1349
BUSY TASK ewma=997
DMA IRQ c0=3
DMA IRQ c1=0
DMA IRQ c2=0
DMA IRQ c3=0
SELECT busy=2346
SELECT w0=2343
SELECT w1=1378
SELECT w2=1361
BUSY TASK ewma=997
DMA IRQ c0=3
DMA IRQ c1=0
DMA IRQ c2=0
DMA IRQ c3=0
SELECT busy=2375
SELECT w0=2374
SELECT w1=1393
SELECT w2=1376
BUSY TASK ewma=997
DMA IRQ c0=3
DMA IRQ c1=0
DMA IRQ c2=0
DMA IRQ c3=0
SELECT busy=2414
SELECT w0=2412
SELECT w1=1414
SELECT w2=1396
BUSY TASK ewma=997
DMA IRQ c0=3
DMA IRQ c1=0
DMA IRQ c2=0
DMA IRQ c3=0
SELECT busy=2433
SELECT w0=2430
SELECT w1=1424
SELECT w2=1405
BUSY TASK ewma=997
DMA IRQ c0=3
DMA IRQ c1=0
DMA IRQ c2=0
DMA IRQ c3=0
SELECT busy=2466
SELECT w0=2464
SELECT w1=1442
SELECT w2=1426
BUSY TASK ewma=997
DMA IRQ c0=3
DMA IRQ c1=0
DMA IRQ c2=0
DMA IRQ c3=0
SELECT busy=2506
SELECT w0=2504
SELECT w1=1461
SELECT w2=1444
BUSY TASK ewma=997
DMA IRQ c0=3
DMA IRQ c1=0
DMA IRQ c2=0
DMA IRQ c3=0
SELECT busy=2543
SELECT w0=2541
SELECT w1=1479
SELECT w2=1462
BUSY TASK ewma=997
DMA IRQ c0=3
DMA IRQ c1=0
DMA IRQ c2=0
DMA IRQ c3=0
SELECT busy=2575
SELECT w0=2573
SELECT w1=1494
SELECT w2=1477
BUSY TASK ewma=997
DMA IRQ c0=3
DMA IRQ c1=0
DMA IRQ c2=0
DMA IRQ c3=0
SELECT busy=2611
SELECT w0=2608
SELECT w1=1512
SELECT w2=1494
BUSY TASK ewma=997
DMA IRQ c0=3
DMA IRQ c1=0
DMA IRQ c2=0
DMA IRQ c3=0
SELECT busy=2645
SELECT w0=2642
SELECT w1=1528
SELECT w2=1510
BUSY TASK ewma=997
DMA IRQ c0=3
DMA IRQ c1=0
DMA IRQ c2=0
DMA IRQ c3=0
SELECT busy=2680
SELECT w0=2678
SELECT w1=1546
SELECT w2=1529
BUSY TASK ewma=997
DMA IRQ c0=3
DMA IRQ c1=0
DMA IRQ c2=0
DMA IRQ c3=0
SELECT busy=2713
SELECT w0=2711
SELECT w1=1564
SELECT w2=1549
BUSY TASK ewma=997
DMA IRQ c0=3
DMA IRQ c1=0
DMA IRQ c2=0
DMA IRQ c3=0
SELECT busy=2736
SELECT w0=2733
SELECT w1=1577
SELECT w2=1561
BUSY TASK ewma=997
DMA IRQ c0=3
DMA IRQ c1=0
DMA IRQ c2=0
DMA IRQ c3=0
SELECT busy=2755
SELECT w0=2753
SELECT w1=1588
SELECT w2=1571
BUSY TASK ewma=997
DMA IRQ c0=3
DMA IRQ c1=0
DMA IRQ c2=0
DMA IRQ c3=0
SELECT busy=2776
SELECT w0=2773
SELECT w1=1596
SELECT w2=1579
BUSY TASK ewma=997
DMA IRQ c0=3
DMA IRQ c1=0
DMA IRQ c2=0
DMA IRQ c3=0
SELECT busy=2796
SELECT w0=2794
SELECT w1=1607
SELECT w2=1590
BUSY TASK ewma=997
DMA IRQ c0=3
DMA IRQ c1=0
DMA IRQ c2=0
DMA IRQ c3=0
SELECT busy=2822
SELECT w0=2820
SELECT w1=1622
SELECT w2=1605
BUSY TASK ewma=997
DMA IRQ c0=3
DMA IRQ c1=0
DMA IRQ c2=0
DMA IRQ c3=0
SELECT busy=2844
SELECT w0=2842
SELECT w1=1635
SELECT w2=1615
BUSY TASK ewma=997
DMA IRQ c0=3
DMA IRQ c1=0
DMA IRQ c2=0
DMA IRQ c3=0
SELECT busy=2863
SELECT w0=2860
SELECT w1=1646
SELECT w2=1625
BUSY TASK ewma=997
DMA IRQ c0=3
DMA IRQ c1=0
DMA IRQ c2=0
DMA IRQ c3=0
SELECT busy=2882
SELECT w0=2879
SELECT w1=1657
SELECT w2=1634
BUSY TASK ewma=997
DMA IRQ c0=3
DMA IRQ c1=0
DMA IRQ c2=0
DMA IRQ c3=0
SELECT busy=2908
SELECT w0=2905
SELECT w1=1667
SELECT w2=1644
BUSY TASK ewma=997
DMA IRQ c0=3
DMA IRQ c1=0
DMA IRQ c2=0
DMA IRQ c3=0
SELECT busy=2933
SELECT w0=2930
SELECT w1=1679
SELECT w2=1656
BUSY TASK ewma=997
DMA IRQ c0=3
DMA IRQ c1=0
DMA IRQ c2=0
DMA IRQ c3=0
SELECT busy=2971
SELECT w0=2969
SELECT w1=1697
SELECT w2=1672
BUSY TASK ewma=997
DMA IRQ c0=3
DMA IRQ c1=0
DMA IRQ c2=0
DMA IRQ c3=0
SELECT busy=3004
SELECT w0=3001
SELECT w1=1717
SELECT w2=1694
BUSY TASK ewma=997
DMA IRQ c0=3
DMA IRQ c1=0
DMA IRQ c2=0
DMA IRQ c3=0
SELECT busy=3039
SELECT w0=3036
SELECT w1=1734
SELECT w2=1709
BUSY TASK ewma=997
DMA IRQ c0=3
DMA IRQ c1=0
DMA IRQ c2=0
DMA IRQ c3=0
SELECT busy=3064
SELECT w0=3061
SELECT w1=1746
SELECT w2=1720
BUSY TASK ewma=997
DMA IRQ c0=3
DMA IRQ c1=0
DMA IRQ c2=0
DMA IRQ c3=0
SELECT busy=3088
SELECT w0=3085
SELECT w1=1761
SELECT w2=1733
BUSY TASK ewma=997
DMA IRQ c0=3
DMA IRQ c1=0
DMA IRQ c2=0
DMA IRQ c3=0
SELECT busy=3107
SELECT w0=3104
SELECT w1=1771
SELECT w2=1741
BUSY TASK ewma=997
DMA IRQ c0=3
DMA IRQ c1=0
DMA IRQ c2=0
DMA IRQ c3=0
SELECT busy=3122
SELECT w0=3120
SELECT w1=1782
SELECT w2=1753
BUSY TASK ewma=997
DMA IRQ c0=3
DMA IRQ c1=0
DMA IRQ c2=0
DMA IRQ c3=0
SELECT busy=3141
SELECT w0=3138
SELECT w1=1792
SELECT w2=1762
BUSY TASK ewma=997
DMA IRQ c0=3
DMA IRQ c1=0
DMA IRQ c2=0
DMA IRQ c3=0
SELECT busy=3161
SELECT w0=3158
SELECT w1=1805
SELECT w2=1774
BUSY TASK ewma=997
DMA IRQ c0=3
DMA IRQ c1=0
DMA IRQ c2=0
DMA IRQ c3=0
SELECT busy=3179
SELECT w0=3176
SELECT w1=1813
SELECT w2=1785
BUSY TASK ewma=997
DMA IRQ c0=3
DMA IRQ c1=0
DMA IRQ c2=0
DMA IRQ c3=0
SELECT busy=3195
SELECT w0=3193
SELECT w1=1824
SELECT w2=1795
BUSY TASK ewma=997
DMA IRQ c0=3
DMA IRQ c1=0
DMA IRQ c2=0
DMA IRQ c3=0
SELECT busy=3212
SELECT w0=3209
SELECT w1=1832
SELECT w2=1803
BUSY TASK ewma=997
DMA IRQ c0=3
DMA IRQ c1=0
DMA IRQ c2=0
DMA IRQ c3=0
SELECT busy=3225
SELECT w0=3222
SELECT w1=1841
SELECT w2=1811
BUSY TASK ewma=997
DMA IRQ c0=3
DMA IRQ c1=0
DMA IRQ c2=0
DMA IRQ c3=0
SELECT busy=3242
SELECT w0=3240
SELECT w1=1852
SELECT w2=1823
BUSY TASK ewma=997
DMA IRQ c0=3
DMA IRQ c1=0
DMA IRQ c2=0
DMA IRQ c3=0
SELECT busy=3260
SELECT w0=3258
SELECT w1=1863
SELECT w2=1833
BUSY TASK ewma=997
DMA IRQ c0=3
DMA IRQ c1=0
DMA IRQ c2=0
DMA IRQ c3=0
SELECT busy=3276
SELECT w0=3274
SELECT w1=1872
SELECT w2=1843
BUSY TASK ewma=997
DMA IRQ c0=3
DMA IRQ c1=0
DMA IRQ c2=0
DMA IRQ c3=0
SELECT busy=3293
SELECT w0=3291
SELECT w1=1882
SELECT w2=1853
BUSY TASK ewma=997
DMA IRQ c0=3
DMA IRQ c1=0
DMA IRQ c2=0
DMA IRQ c3=0
SELECT busy=3313
SELECT w0=3311
SELECT w1=1893
SELECT w2=1863
BUSY TASK ewma=997
DMA IRQ c0=3
DMA IRQ c1=0
DMA IRQ c2=0
DMA IRQ c3=0
SELECT busy=3330
SELECT w0=3328
SELECT w1=1908
SELECT w2=1874
BUSY TASK ewma=997
DMA IRQ c0=3
DMA IRQ c1=0
DMA IRQ c2=0
DMA IRQ c3=0
SELECT busy=3352
SELECT w0=3350
SELECT w1=1922
SELECT w2=1887
BUSY TASK ewma=997
DMA IRQ c0=3
DMA IRQ c1=0
DMA IRQ c2=0
DMA IRQ c3=0
SELECT busy=3370
SELECT w0=3368
SELECT w1=1932
SELECT w2=1897
BUSY TASK ewma=997
DMA IRQ c0=3
DMA IRQ c1=0
DMA IRQ c2=0
DMA IRQ c3=0
SELECT busy=3385
SELECT w0=3383
SELECT w1=1941
SELECT w2=1906
BUSY TASK ewma=997
IRQ counts: cpu0=6770 cpu1=7276 cpu2=7259 cpu3=7071
SCHED secondaries: calls=21619 unexpected=0
SECTEST switches=21592 cpu1=61092473,61212438 cpu2=49046099,47325074 cpu3=69869854,68368272
PINGPONG rounds=1577 pongs=1578
DMA IRQ c0=3
DMA IRQ c1=0
DMA IRQ c2=0
DMA IRQ c3=0
SELECT busy=3413
SELECT w0=3410
SELECT w1=1957
SELECT w2=1925
BUSY TASK ewma=997
DMA IRQ c0=3
DMA IRQ c1=0
DMA IRQ c2=0
DMA IRQ c3=0
SELECT busy=3437
SELECT w0=3434
SELECT w1=1974
SELECT w2=1937
BUSY TASK ewma=997
DMA IRQ c0=3
DMA IRQ c1=0
DMA IRQ c2=0
DMA IRQ c3=0
SELECT busy=3475
SELECT w0=3474
SELECT w1=1991
SELECT w2=1952
BUSY TASK ewma=997
DMA IRQ c0=3
DMA IRQ c1=0
DMA IRQ c2=0
DMA IRQ c3=0
SELECT busy=3496
SELECT w0=3493
SELECT w1=2001
SELECT w2=1962
BUSY TASK ewma=997
DMA IRQ c0=3
DMA IRQ c1=0
DMA IRQ c2=0
DMA IRQ c3=0
SELECT busy=3514
SELECT w0=3513
SELECT w1=2012
SELECT w2=1972
BUSY TASK ewma=997
DMA IRQ c0=3
DMA IRQ c1=0
DMA IRQ c2=0
DMA IRQ c3=0
SELECT busy=3531
SELECT w0=3529
SELECT w1=2023
SELECT w2=1981
BUSY TASK ewma=997
DMA IRQ c0=3
DMA IRQ c1=0
DMA IRQ c2=0
DMA IRQ c3=0
SELECT busy=3555
SELECT w0=3554
SELECT w1=2036
SELECT w2=1997
BUSY TASK ewma=997
DMA IRQ c0=3
DMA IRQ c1=0
DMA IRQ c2=0
DMA IRQ c3=0
SELECT busy=3574
SELECT w0=3572
SELECT w1=2048
SELECT w2=2010
BUSY TASK ewma=997
DMA IRQ c0=3
DMA IRQ c1=0
DMA IRQ c2=0
DMA IRQ c3=0
SELECT busy=3599
SELECT w0=3596
SELECT w1=2060
SELECT w2=2024
BUSY TASK ewma=997
DMA IRQ c0=3
DMA IRQ c1=0
DMA IRQ c2=0
DMA IRQ c3=0
SELECT busy=3618
SELECT w0=3615
SELECT w1=2069
SELECT w2=2034
BUSY TASK ewma=997
DMA IRQ c0=3
DMA IRQ c1=0
DMA IRQ c2=0
DMA IRQ c3=0
SELECT busy=3636
SELECT w0=3633
SELECT w1=2077
SELECT w2=2041
BUSY TASK ewma=997
DMA IRQ c0=3
DMA IRQ c1=0
DMA IRQ c2=0
DMA IRQ c3=0
SELECT busy=3655
SELECT w0=3653
SELECT w1=2089
SELECT w2=2055
BUSY TASK ewma=997
DMA IRQ c0=3
DMA IRQ c1=0
DMA IRQ c2=0
DMA IRQ c3=0
SELECT busy=3676
SELECT w0=3674
SELECT w1=2104
SELECT w2=2070
BUSY TASK ewma=997
DMA IRQ c0=3
DMA IRQ c1=0
DMA IRQ c2=0
DMA IRQ c3=0
SELECT busy=3698
SELECT w0=3696
SELECT w1=2116
SELECT w2=2084
BUSY TASK ewma=997
DMA IRQ c0=3
DMA IRQ c1=0
DMA IRQ c2=0
DMA IRQ c3=0
SELECT busy=3721
SELECT w0=3720
SELECT w1=2130
SELECT w2=2096
BUSY TASK ewma=997
DMA IRQ c0=3
DMA IRQ c1=0
DMA IRQ c2=0
DMA IRQ c3=0
SELECT busy=3744
SELECT w0=3743
SELECT w1=2150
SELECT w2=2111
BUSY TASK ewma=997
DMA IRQ c0=3
DMA IRQ c1=0
DMA IRQ c2=0
DMA IRQ c3=0
SELECT busy=3768
SELECT w0=3766
SELECT w1=2163
SELECT w2=2125
BUSY TASK ewma=997
DMA IRQ c0=3
DMA IRQ c1=0
DMA IRQ c2=0
DMA IRQ c3=0
SELECT busy=3788
SELECT w0=3785
SELECT w1=2173
SELECT w2=2138
BUSY TASK ewma=997
DMA IRQ c0=3
DMA IRQ c1=0
DMA IRQ c2=0
DMA IRQ c3=0
SELECT busy=3806
SELECT w0=3804
SELECT w1=2185
SELECT w2=2156
BUSY TASK ewma=997
DMA IRQ c0=3
DMA IRQ c1=0
DMA IRQ c2=0
DMA IRQ c3=0
SELECT busy=3827
SELECT w0=3826
SELECT w1=2200
SELECT w2=2168
BUSY TASK ewma=997
DMA IRQ c0=3
DMA IRQ c1=0
DMA IRQ c2=0
DMA IRQ c3=0
SELECT busy=3857
SELECT w0=3856
SELECT w1=2219
SELECT w2=2190
BUSY TASK ewma=997
DMA IRQ c0=3
DMA IRQ c1=0
DMA IRQ c2=0
DMA IRQ c3=0
SELECT busy=3896
SELECT w0=3895
SELECT w1=2242
SELECT w2=2210
BUSY TASK ewma=997
DMA IRQ c0=3
DMA IRQ c1=0
DMA IRQ c2=0
DMA IRQ c3=0
SELECT busy=3930
SELECT w0=3929
SELECT w1=2261
SELECT w2=2226
BUSY TASK ewma=997
DMA IRQ c0=3
DMA IRQ c1=0
DMA IRQ c2=0
DMA IRQ c3=0
SELECT busy=3967
SELECT w0=3965
SELECT w1=2284
SELECT w2=2248
BUSY TASK ewma=997
DMA IRQ c0=3
DMA IRQ c1=0
DMA IRQ c2=0
DMA IRQ c3=0
SELECT busy=4008
SELECT w0=4006
SELECT w1=2299
SELECT w2=2271
BUSY TASK ewma=997
DMA IRQ c0=3
DMA IRQ c1=0
DMA IRQ c2=0
DMA IRQ c3=0
SELECT busy=4031
SELECT w0=4029
SELECT w1=2312
SELECT w2=2283
BUSY TASK ewma=997
DMA IRQ c0=3
DMA IRQ c1=0
DMA IRQ c2=0
DMA IRQ c3=0
SELECT busy=4045
SELECT w0=4042
SELECT w1=2318
SELECT w2=2290
BUSY TASK ewma=997
DMA IRQ c0=3
DMA IRQ c1=0
DMA IRQ c2=0
DMA IRQ c3=0
SELECT busy=4062
SELECT w0=4059
SELECT w1=2326
SELECT w2=2297
BUSY TASK ewma=997
DMA IRQ c0=3
DMA IRQ c1=0
DMA IRQ c2=0
DMA IRQ c3=0
SELECT busy=4079
SELECT w0=4077
SELECT w1=2335
SELECT w2=2306
BUSY TASK ewma=997
DMA IRQ c0=3
DMA IRQ c1=0
DMA IRQ c2=0
DMA IRQ c3=0
SELECT busy=4097
SELECT w0=4096
SELECT w1=2347
SELECT w2=2317
BUSY TASK ewma=997
DMA IRQ c0=3
DMA IRQ c1=0
DMA IRQ c2=0
DMA IRQ c3=0
SELECT busy=4116
SELECT w0=4114
SELECT w1=2359
SELECT w2=2328
BUSY TASK ewma=997
DMA IRQ c0=3
DMA IRQ c1=0
DMA IRQ c2=0
DMA IRQ c3=0
SELECT busy=4142
SELECT w0=4139
SELECT w1=2374
SELECT w2=2340
BUSY TASK ewma=997
DMA IRQ c0=3
DMA IRQ c1=0
DMA IRQ c2=0
DMA IRQ c3=0
SELECT busy=4161
SELECT w0=4159
SELECT w1=2384
SELECT w2=2352
BUSY TASK ewma=997
DMA IRQ c0=3
DMA IRQ c1=0
DMA IRQ c2=0
DMA IRQ c3=0
SELECT busy=4182
SELECT w0=4180
SELECT w1=2398
SELECT w2=2365
BUSY TASK ewma=997
DMA IRQ c0=3
DMA IRQ c1=0
DMA IRQ c2=0
DMA IRQ c3=0
SELECT busy=4203
SELECT w0=4201
SELECT w1=2412
SELECT w2=2378
BUSY TASK ewma=997
DMA IRQ c0=3
DMA IRQ c1=0
DMA IRQ c2=0
DMA IRQ c3=0
SELECT busy=4227
SELECT w0=4225
SELECT w1=2430
SELECT w2=2395
BUSY TASK ewma=997
DMA IRQ c0=3
DMA IRQ c1=0
DMA IRQ c2=0
DMA IRQ c3=0
SELECT busy=4248
SELECT w0=4246
SELECT w1=2445
SELECT w2=2411
BUSY TASK ewma=997
DMA IRQ c0=3
DMA IRQ c1=0
DMA IRQ c2=0
DMA IRQ c3=0
SELECT busy=4265
SELECT w0=4262
SELECT w1=2453
SELECT w2=2418
BUSY TASK ewma=997
DMA IRQ c0=3
DMA IRQ c1=0
DMA IRQ c2=0
DMA IRQ c3=0
SELECT busy=4286
SELECT w0=4284
SELECT w1=2463
SELECT w2=2430
BUSY TASK ewma=997
DMA IRQ c0=3
DMA IRQ c1=0
DMA IRQ c2=0
DMA IRQ c3=0
SELECT busy=4307
SELECT w0=4304
SELECT w1=2473
SELECT w2=2439
BUSY TASK ewma=997
DMA IRQ c0=3
DMA IRQ c1=0
DMA IRQ c2=0
DMA IRQ c3=0
SELECT busy=4323
SELECT w0=4320
SELECT w1=2481
SELECT w2=2445
BUSY TASK ewma=997
DMA IRQ c0=3
DMA IRQ c1=0
DMA IRQ c2=0
DMA IRQ c3=0
SELECT busy=4346
SELECT w0=4343
SELECT w1=2494
SELECT w2=2458
BUSY TASK ewma=997
DMA IRQ c0=3
DMA IRQ c1=0
DMA IRQ c2=0
DMA IRQ c3=0
SELECT busy=4365
SELECT w0=4363
SELECT w1=2505
SELECT w2=2470
BUSY TASK ewma=997
DMA IRQ c0=3
DMA IRQ c1=0
DMA IRQ c2=0
DMA IRQ c3=0
SELECT busy=4385
SELECT w0=4382
SELECT w1=2519
SELECT w2=2481
BUSY TASK ewma=997
DMA IRQ c0=3
DMA IRQ c1=0
DMA IRQ c2=0
DMA IRQ c3=0
SELECT busy=4408
SELECT w0=4406
SELECT w1=2534
SELECT w2=2493
BUSY TASK ewma=997
DMA IRQ c0=3
DMA IRQ c1=0
DMA IRQ c2=0
DMA IRQ c3=0
SELECT busy=4433
SELECT w0=4431
SELECT w1=2551
SELECT w2=2508
BUSY TASK ewma=997
DMA IRQ c0=3
DMA IRQ c1=0
DMA IRQ c2=0
DMA IRQ c3=0
SELECT busy=4453
SELECT w0=4450
SELECT w1=2559
SELECT w2=2517
BUSY TASK ewma=997
DMA IRQ c0=3
DMA IRQ c1=0
DMA IRQ c2=0
DMA IRQ c3=0
SELECT busy=4469
SELECT w0=4467
SELECT w1=2570
SELECT w2=2530
BUSY TASK ewma=997
DMA IRQ c0=3
DMA IRQ c1=0
DMA IRQ c2=0
DMA IRQ c3=0
SELECT busy=4487
SELECT w0=4485
SELECT w1=2580
SELECT w2=2542
BUSY TASK ewma=997
DMA IRQ c0=3
DMA IRQ c1=0
DMA IRQ c2=0
DMA IRQ c3=0
SELECT busy=4503
SELECT w0=4500
SELECT w1=2589
SELECT w2=2553
BUSY TASK ewma=997
DMA IRQ c0=3
DMA IRQ c1=0
DMA IRQ c2=0
DMA IRQ c3=0
SELECT busy=4519
SELECT w0=4516
SELECT w1=2595
SELECT w2=2561
BUSY TASK ewma=997
DMA IRQ c0=3
DMA IRQ c1=0
DMA IRQ c2=0
DMA IRQ c3=0
SELECT busy=4539
SELECT w0=4537
SELECT w1=2605
SELECT w2=2575
BUSY TASK ewma=997
DMA IRQ c0=3
DMA IRQ c1=0
DMA IRQ c2=0
DMA IRQ c3=0
SELECT busy=4551
SELECT w0=4549
SELECT w1=2608
SELECT w2=2579
BUSY TASK ewma=997
DMA IRQ c0=3
DMA IRQ c1=0
DMA IRQ c2=0
DMA IRQ c3=0
SELECT busy=4574
SELECT w0=4571
SELECT w1=2616
SELECT w2=2588
BUSY TASK ewma=997
DMA IRQ c0=3
DMA IRQ c1=0
DMA IRQ c2=0
DMA IRQ c3=0
SELECT busy=4603
SELECT w0=4600
SELECT w1=2629
SELECT w2=2603
BUSY TASK ewma=997
DMA IRQ c0=3
DMA IRQ c1=0
DMA IRQ c2=0
DMA IRQ c3=0
SELECT busy=4625
SELECT w0=4623
SELECT w1=2637
SELECT w2=2613
BUSY TASK ewma=997
DMA IRQ c0=3
DMA IRQ c1=0
DMA IRQ c2=0
DMA IRQ c3=0
SELECT busy=4651
SELECT w0=4649
SELECT w1=2647
SELECT w2=2625
BUSY TASK ewma=997
DMA IRQ c0=3
DMA IRQ c1=0
DMA IRQ c2=0
DMA IRQ c3=0
SELECT busy=4674
SELECT w0=4672
SELECT w1=2659
SELECT w2=2636
BUSY TASK ewma=997
DMA IRQ c0=3
DMA IRQ c1=0
DMA IRQ c2=0
DMA IRQ c3=0
SELECT busy=4699
SELECT w0=4696
SELECT w1=2669
SELECT w2=2648
BUSY TASK ewma=997
DMA IRQ c0=3
DMA IRQ c1=0
DMA IRQ c2=0
DMA IRQ c3=0
SELECT busy=4721
SELECT w0=4719
SELECT w1=2683
SELECT w2=2663
BUSY TASK ewma=997
DMA IRQ c0=3
DMA IRQ c1=0
DMA IRQ c2=0
DMA IRQ c3=0
SELECT busy=4744
SELECT w0=4741
SELECT w1=2693
SELECT w2=2675
BUSY TASK ewma=997
DMA IRQ c0=3
DMA IRQ c1=0
DMA IRQ c2=0
DMA IRQ c3=0
SELECT busy=4763
SELECT w0=4762
SELECT w1=2702
SELECT w2=2687
BUSY TASK ewma=997
DMA IRQ c0=3
DMA IRQ c1=0
DMA IRQ c2=0
DMA IRQ c3=0
SELECT busy=4781
SELECT w0=4778
SELECT w1=2710
SELECT w2=2696
BUSY TASK ewma=997
DMA IRQ c0=3
DMA IRQ c1=0
DMA IRQ c2=0
DMA IRQ c3=0
SELECT busy=4800
SELECT w0=4797
SELECT w1=2723
SELECT w2=2707
BUSY TASK ewma=997
IRQ counts: cpu0=9596 cpu1=10621 cpu2=10509 cpu3=10323
SCHED secondaries: calls=31482 unexpected=0
SECTEST switches=31487 cpu1=97933857,98536486 cpu2=79407167,77673867 cpu3=116185053,111493277
PINGPONG rounds=2000 pongs=2000
DMA IRQ c0=3
DMA IRQ c1=0
DMA IRQ c2=0
DMA IRQ c3=0
SELECT busy=4827
SELECT w0=4824
SELECT w1=2739
SELECT w2=2725
BUSY TASK ewma=997
DMA IRQ c0=3
DMA IRQ c1=0
DMA IRQ c2=0
DMA IRQ c3=0
SELECT busy=4847
SELECT w0=4846
SELECT w1=2753
SELECT w2=2744
BUSY TASK ewma=997
DMA IRQ c0=3
DMA IRQ c1=0
DMA IRQ c2=0
DMA IRQ c3=0
SELECT busy=4872
SELECT w0=4869
SELECT w1=2765
SELECT w2=2757
BUSY TASK ewma=997
DMA IRQ c0=3
DMA IRQ c1=0
DMA IRQ c2=0
DMA IRQ c3=0
SELECT busy=4890
SELECT w0=4888
SELECT w1=2771
SELECT w2=2764
BUSY TASK ewma=997
DMA IRQ c0=3
DMA IRQ c1=0
DMA IRQ c2=0
DMA IRQ c3=0
SELECT busy=4909
SELECT w0=4907
SELECT w1=2779
SELECT w2=2774
BUSY TASK ewma=997
DMA IRQ c0=3
DMA IRQ c1=0
DMA IRQ c2=0
DMA IRQ c3=0
SELECT busy=4930
SELECT w0=4928
SELECT w1=2785
SELECT w2=2782
BUSY TASK ewma=997
DMA IRQ c0=3
DMA IRQ c1=0
DMA IRQ c2=0
DMA IRQ c3=0
SELECT busy=4949
SELECT w0=4946
SELECT w1=2791
SELECT w2=2789
BUSY TASK ewma=997
DMA IRQ c0=3
DMA IRQ c1=0
DMA IRQ c2=0
DMA IRQ c3=0
SELECT busy=4967
SELECT w0=4964
SELECT w1=2797
SELECT w2=2796
BUSY TASK ewma=997
DMA IRQ c0=3
DMA IRQ c1=0
DMA IRQ c2=0
DMA IRQ c3=0
SELECT busy=4985
SELECT w0=4982
SELECT w1=2803
SELECT w2=2804
BUSY TASK ewma=997
DMA IRQ c0=3
DMA IRQ c1=0
DMA IRQ c2=0
DMA IRQ c3=0
SELECT busy=5004
SELECT w0=5001
SELECT w1=2810
SELECT w2=2812
BUSY TASK ewma=997
DMA IRQ c0=3
DMA IRQ c1=0
DMA IRQ c2=0
DMA IRQ c3=0
SELECT busy=5022
SELECT w0=5020
SELECT w1=2815
SELECT w2=2818
BUSY TASK ewma=997
DMA IRQ c0=3
DMA IRQ c1=0
DMA IRQ c2=0
DMA IRQ c3=0
SELECT busy=5039
SELECT w0=5037
SELECT w1=2820
SELECT w2=2824
BUSY TASK ewma=997
DMA IRQ c0=3
DMA IRQ c1=0
DMA IRQ c2=0
DMA IRQ c3=0
SELECT busy=5060
SELECT w0=5057
SELECT w1=2828
SELECT w2=2838
BUSY TASK ewma=997
DMA IRQ c0=3
DMA IRQ c1=0
DMA IRQ c2=0
DMA IRQ c3=0
SELECT busy=5081
SELECT w0=5078
SELECT w1=2834
SELECT w2=2846
BUSY TASK ewma=997
DMA IRQ c0=3
DMA IRQ c1=0
DMA IRQ c2=0
DMA IRQ c3=0
SELECT busy=5100
SELECT w0=5097
SELECT w1=2840
SELECT w2=2853
BUSY TASK ewma=997
DMA IRQ c0=3
DMA IRQ c1=0
DMA IRQ c2=0
DMA IRQ c3=0
SELECT busy=5118
SELECT w0=5116
SELECT w1=2848
SELECT w2=2864
BUSY TASK ewma=997
DMA IRQ c0=3
DMA IRQ c1=0
DMA IRQ c2=0
DMA IRQ c3=0
SELECT busy=5136
SELECT w0=5133
SELECT w1=2854
SELECT w2=2871
BUSY TASK ewma=997
DMA IRQ c0=3
DMA IRQ c1=0
DMA IRQ c2=0
DMA IRQ c3=0
SELECT busy=5152
SELECT w0=5150
SELECT w1=2860
SELECT w2=2879
BUSY TASK ewma=997
DMA IRQ c0=3
DMA IRQ c1=0
DMA IRQ c2=0
DMA IRQ c3=0
SELECT busy=5177
SELECT w0=5175
SELECT w1=2874
SELECT w2=2897
BUSY TASK ewma=997
DMA IRQ c0=3
DMA IRQ c1=0
DMA IRQ c2=0
DMA IRQ c3=0
SELECT busy=5209
SELECT w0=5206
SELECT w1=2890
SELECT w2=2918
BUSY TASK ewma=997
DMA IRQ c0=3
DMA IRQ c1=0
DMA IRQ c2=0
DMA IRQ c3=0
SELECT busy=5230
SELECT w0=5228
SELECT w1=2901
SELECT w2=2931
BUSY TASK ewma=997
DMA IRQ c0=3
DMA IRQ c1=0
DMA IRQ c2=0
DMA IRQ c3=0
SELECT busy=5255
SELECT w0=5253
SELECT w1=2915
SELECT w2=2949
BUSY TASK ewma=997
DMA IRQ c0=3
DMA IRQ c1=0
DMA IRQ c2=0
DMA IRQ c3=0
SELECT busy=5276
SELECT w0=5274
SELECT w1=2930
SELECT w2=2963
BUSY TASK ewma=997
DMA IRQ c0=3
DMA IRQ c1=0
DMA IRQ c2=0
DMA IRQ c3=0
SELECT busy=5294
SELECT w0=5292
SELECT w1=2939
SELECT w2=2976
BUSY TASK ewma=997
DMA IRQ c0=3
DMA IRQ c1=0
DMA IRQ c2=0
DMA IRQ c3=0
SELECT busy=5312
SELECT w0=5310
SELECT w1=2948
SELECT w2=2990
BUSY TASK ewma=997
DMA IRQ c0=3
DMA IRQ c1=0
DMA IRQ c2=0
DMA IRQ c3=0
SELECT busy=5331
SELECT w0=5329
SELECT w1=2959
SELECT w2=3003
BUSY TASK ewma=997
DMA IRQ c0=3
DMA IRQ c1=0
DMA IRQ c2=0
DMA IRQ c3=0
SELECT busy=5358
SELECT w0=5356
SELECT w1=2973
SELECT w2=3017
BUSY TASK ewma=997
DMA IRQ c0=3
DMA IRQ c1=0
DMA IRQ c2=0
DMA IRQ c3=0
SELECT busy=5375
SELECT w0=5373
SELECT w1=2981
SELECT w2=3025
BUSY TASK ewma=997
DMA IRQ c0=3
DMA IRQ c1=0
DMA IRQ c2=0
DMA IRQ c3=0
SELECT busy=5397
SELECT w0=5395
SELECT w1=2990
SELECT w2=3037
BUSY TASK ewma=997
DMA IRQ c0=3
DMA IRQ c1=0
DMA IRQ c2=0
DMA IRQ c3=0
SELECT busy=5417
SELECT w0=5415
SELECT w1=2999
SELECT w2=3054
BUSY TASK ewma=997
DMA IRQ c0=3
DMA IRQ c1=0
DMA IRQ c2=0
DMA IRQ c3=0
SELECT busy=5447
SELECT w0=5444
SELECT w1=3010
SELECT w2=3067
BUSY TASK ewma=997
DMA IRQ c0=3
DMA IRQ c1=0
DMA IRQ c2=0
DMA IRQ c3=0
SELECT busy=5468
SELECT w0=5465
SELECT w1=3020
SELECT w2=3080
BUSY TASK ewma=997
DMA IRQ c0=3
DMA IRQ c1=0
DMA IRQ c2=0
DMA IRQ c3=0
SELECT busy=5489
SELECT w0=5486
SELECT w1=3030
SELECT w2=3091
BUSY TASK ewma=997
DMA IRQ c0=3
DMA IRQ c1=0
DMA IRQ c2=0
DMA IRQ c3=0
SELECT busy=5507
SELECT w0=5505
SELECT w1=3040
SELECT w2=3113
BUSY TASK ewma=997
DMA IRQ c0=3
DMA IRQ c1=0
DMA IRQ c2=0
DMA IRQ c3=0
SELECT busy=5530
SELECT w0=5527
SELECT w1=3049
SELECT w2=3121
BUSY TASK ewma=997
DMA IRQ c0=3
DMA IRQ c1=0
DMA IRQ c2=0
DMA IRQ c3=0
SELECT busy=5555
SELECT w0=5553
SELECT w1=3060
SELECT w2=3138
BUSY TASK ewma=997
DMA IRQ c0=3
DMA IRQ c1=0
DMA IRQ c2=0
DMA IRQ c3=0
SELECT busy=5577
SELECT w0=5574
SELECT w1=3075
SELECT w2=3151
BUSY TASK ewma=997
DMA IRQ c0=3
DMA IRQ c1=0
DMA IRQ c2=0
DMA IRQ c3=0
SELECT busy=5596
SELECT w0=5593
SELECT w1=3085
SELECT w2=3161
BUSY TASK ewma=997
DMA IRQ c0=3
DMA IRQ c1=0
DMA IRQ c2=0
DMA IRQ c3=0
SELECT busy=5606
SELECT w0=5603
SELECT w1=3089
SELECT w2=3166
BUSY TASK ewma=997
DMA IRQ c0=3
DMA IRQ c1=0
DMA IRQ c2=0
DMA IRQ c3=0
SELECT busy=5628
SELECT w0=5626
SELECT w1=3100
SELECT w2=3179
BUSY TASK ewma=997
DMA IRQ c0=3
DMA IRQ c1=0
DMA IRQ c2=0
DMA IRQ c3=0
SELECT busy=5648
SELECT w0=5646
SELECT w1=3109
SELECT w2=3191
BUSY TASK ewma=997
DMA IRQ c0=3
DMA IRQ c1=0
DMA IRQ c2=0
DMA IRQ c3=0
SELECT busy=5677
SELECT w0=5675
SELECT w1=3120
SELECT w2=3207
BUSY TASK ewma=997
DMA IRQ c0=3
DMA IRQ c1=0
DMA IRQ c2=0
DMA IRQ c3=0
SELECT busy=5698
SELECT w0=5696
SELECT w1=3130
SELECT w2=3222
BUSY TASK ewma=997
DMA IRQ c0=3
DMA IRQ c1=0
DMA IRQ c2=0
DMA IRQ c3=0
SELECT busy=5716
SELECT w0=5713
SELECT w1=3139
SELECT w2=3233
BUSY TASK ewma=997
DMA IRQ c0=3
DMA IRQ c1=0
DMA IRQ c2=0
DMA IRQ c3=0
SELECT busy=5737
SELECT w0=5735
SELECT w1=3150
SELECT w2=3250
BUSY TASK ewma=997
DMA IRQ c0=3
DMA IRQ c1=0
DMA IRQ c2=0
DMA IRQ c3=0
SELECT busy=5756
SELECT w0=5754
SELECT w1=3161
SELECT w2=3264
BUSY TASK ewma=997
DMA IRQ c0=3
DMA IRQ c1=0
DMA IRQ c2=0
DMA IRQ c3=0
SELECT busy=5776
SELECT w0=5774
SELECT w1=3167
SELECT w2=3270
BUSY TASK ewma=997
DMA IRQ c0=3
DMA IRQ c1=0
DMA IRQ c2=0
DMA IRQ c3=0
SELECT busy=5797
SELECT w0=5795
SELECT w1=3176
SELECT w2=3285
BUSY TASK ewma=997
DMA IRQ c0=3
DMA IRQ c1=0
DMA IRQ c2=0
DMA IRQ c3=0
SELECT busy=5835
SELECT w0=5833
SELECT w1=3200
SELECT w2=3310
BUSY TASK ewma=997
DMA IRQ c0=3
DMA IRQ c1=0
DMA IRQ c2=0
DMA IRQ c3=0
SELECT busy=5860
SELECT w0=5860
SELECT w1=3213
SELECT w2=3325
BUSY TASK ewma=997
DMA IRQ c0=3
DMA IRQ c1=0
DMA IRQ c2=0
DMA IRQ c3=0
SELECT busy=5895
SELECT w0=5893
SELECT w1=3229
SELECT w2=3350
BUSY TASK ewma=997
DMA IRQ c0=3
DMA IRQ c1=0
DMA IRQ c2=0
DMA IRQ c3=0
SELECT busy=5927
SELECT w0=5925
SELECT w1=3244
SELECT w2=3367
BUSY TASK ewma=997
DMA IRQ c0=3
DMA IRQ c1=0
DMA IRQ c2=0
DMA IRQ c3=0
SELECT busy=5948
SELECT w0=5946
SELECT w1=3255
SELECT w2=3378
BUSY TASK ewma=997
DMA IRQ c0=3
DMA IRQ c1=0
DMA IRQ c2=0
DMA IRQ c3=0
SELECT busy=5973
SELECT w0=5971
SELECT w1=3269
SELECT w2=3395
BUSY TASK ewma=997
DMA IRQ c0=3
DMA IRQ c1=0
DMA IRQ c2=0
DMA IRQ c3=0
SELECT busy=5997
SELECT w0=5994
SELECT w1=3282
SELECT w2=3404
BUSY TASK ewma=997
DMA IRQ c0=3
DMA IRQ c1=0
DMA IRQ c2=0
DMA IRQ c3=0
SELECT busy=6023
SELECT w0=6021
SELECT w1=3294
SELECT w2=3416
BUSY TASK ewma=997
DMA IRQ c0=3
DMA IRQ c1=0
DMA IRQ c2=0
DMA IRQ c3=0
SELECT busy=6044
SELECT w0=6042
SELECT w1=3305
SELECT w2=3431
BUSY TASK ewma=997
DMA IRQ c0=3
DMA IRQ c1=0
DMA IRQ c2=0
DMA IRQ c3=0
SELECT busy=6067
SELECT w0=6065
SELECT w1=3317
SELECT w2=3446
BUSY TASK ewma=997
DMA IRQ c0=3
DMA IRQ c1=0
DMA IRQ c2=0
DMA IRQ c3=0
SELECT busy=6094
SELECT w0=6092
SELECT w1=3332
SELECT w2=3464
BUSY TASK ewma=997
DMA IRQ c0=3
DMA IRQ c1=0
DMA IRQ c2=0
DMA IRQ c3=0
SELECT busy=6118
SELECT w0=6115
SELECT w1=3342
SELECT w2=3479
BUSY TASK ewma=997
DMA IRQ c0=3
DMA IRQ c1=0
DMA IRQ c2=0
DMA IRQ c3=0
SELECT busy=6141
SELECT w0=6141
SELECT w1=3353
SELECT w2=3494
BUSY TASK ewma=997
DMA IRQ c0=3
DMA IRQ c1=0
DMA IRQ c2=0
DMA IRQ c3=0
SELECT busy=6165
SELECT w0=6163
SELECT w1=3366
SELECT w2=3507
BUSY TASK ewma=997
DMA IRQ c0=3
DMA IRQ c1=0
DMA IRQ c2=0
DMA IRQ c3=0
SELECT busy=6186
SELECT w0=6183
SELECT w1=3373
SELECT w2=3519
BUSY TASK ewma=997
DMA IRQ c0=3
DMA IRQ c1=0
DMA IRQ c2=0
DMA IRQ c3=0
SELECT busy=6225
SELECT w0=6222
SELECT w1=3387
SELECT w2=3535
BUSY TASK ewma=997
IRQ counts: cpu0=12454 cpu1=13921 cpu2=13805 cpu3=13539
SCHED secondaries: calls=41275 unexpected=0
SECTEST switches=41265 cpu1=132401976,131777698 cpu2=110467097,109846988 cpu3=156758218,151569419
PINGPONG rounds=2000 pongs=2000
DMA IRQ c0=3
DMA IRQ c1=0
DMA IRQ c2=0
DMA IRQ c3=0
SELECT busy=6256
SELECT w0=6253
SELECT w1=3398
SELECT w2=3550
BUSY TASK ewma=997
DMA IRQ c0=3
DMA IRQ c1=0
DMA IRQ c2=0
DMA IRQ c3=0
SELECT busy=6273
SELECT w0=6270
SELECT w1=3404
SELECT w2=3557
BUSY TASK ewma=997
DMA IRQ c0=3
DMA IRQ c1=0
DMA IRQ c2=0
DMA IRQ c3=0
SELECT busy=6302
SELECT w0=6300
SELECT w1=3419
SELECT w2=3575
BUSY TASK ewma=997
DMA IRQ c0=3
DMA IRQ c1=0
DMA IRQ c2=0
DMA IRQ c3=0
SELECT busy=6332
SELECT w0=6330
SELECT w1=3431
SELECT w2=3591
BUSY TASK ewma=997
DMA IRQ c0=3
DMA IRQ c1=0
DMA IRQ c2=0
DMA IRQ c3=0
SELECT busy=6361
SELECT w0=6359
SELECT w1=3446
SELECT w2=3611
BUSY TASK ewma=997
DMA IRQ c0=3
DMA IRQ c1=0
DMA IRQ c2=0
DMA IRQ c3=0
SELECT busy=6390
SELECT w0=6389
SELECT w1=3464
SELECT w2=3633
BUSY TASK ewma=997
DMA IRQ c0=3
DMA IRQ c1=0
DMA IRQ c2=0
DMA IRQ c3=0
SELECT busy=6419
SELECT w0=6417
SELECT w1=3481
SELECT w2=3649
BUSY TASK ewma=997
DMA IRQ c0=3
DMA IRQ c1=0
DMA IRQ c2=0
DMA IRQ c3=0
SELECT busy=6436
SELECT w0=6434
SELECT w1=3492
SELECT w2=3658
BUSY TASK ewma=997
DMA IRQ c0=3
DMA IRQ c1=0
DMA IRQ c2=0
DMA IRQ c3=0
SELECT busy=6450
SELECT w0=6448
SELECT w1=3498
SELECT w2=3666
BUSY TASK ewma=997
DMA IRQ c0=3
DMA IRQ c1=0
DMA IRQ c2=0
DMA IRQ c3=0
SELECT busy=6464
SELECT w0=6462
SELECT w1=3505
SELECT w2=3675
BUSY TASK ewma=997
DMA IRQ c0=3
DMA IRQ c1=0
DMA IRQ c2=0
DMA IRQ c3=0
SELECT busy=6484
SELECT w0=6483
SELECT w1=3512
SELECT w2=3686
BUSY TASK ewma=997
DMA IRQ c0=3
DMA IRQ c1=0
DMA IRQ c2=0
DMA IRQ c3=0
SELECT busy=6513
SELECT w0=6510
SELECT w1=3525
SELECT w2=3700
BUSY TASK ewma=997
DMA IRQ c0=3
DMA IRQ c1=0
DMA IRQ c2=0
DMA IRQ c3=0
SELECT busy=6529
SELECT w0=6526
SELECT w1=3531
SELECT w2=3711
BUSY TASK ewma=997
DMA IRQ c0=3
DMA IRQ c1=0
DMA IRQ c2=0
DMA IRQ c3=0
SELECT busy=6546
SELECT w0=6543
SELECT w1=3539
SELECT w2=3721
BUSY TASK ewma=997
DMA IRQ c0=3
DMA IRQ c1=0
DMA IRQ c2=0
DMA IRQ c3=0
SELECT busy=6564
SELECT w0=6563
SELECT w1=3547
SELECT w2=3731
BUSY TASK ewma=997
DMA IRQ c0=3
DMA IRQ c1=0
DMA IRQ c2=0
DMA IRQ c3=0
SELECT busy=6581
SELECT w0=6579
SELECT w1=3555
SELECT w2=3742
BUSY TASK ewma=997
DMA IRQ c0=3
DMA IRQ c1=0
DMA IRQ c2=0
DMA IRQ c3=0
SELECT busy=6602
SELECT w0=6599
SELECT w1=3563
SELECT w2=3753
BUSY TASK ewma=997
DMA IRQ c0=3
DMA IRQ c1=0
DMA IRQ c2=0
DMA IRQ c3=0
SELECT busy=6616
SELECT w0=6613
SELECT w1=3569
SELECT w2=3764
BUSY TASK ewma=997
DMA IRQ c0=3
DMA IRQ c1=0
DMA IRQ c2=0
DMA IRQ c3=0
SELECT busy=6627
SELECT w0=6625
SELECT w1=3580
SELECT w2=3775
BUSY TASK ewma=997
DMA IRQ c0=3
DMA IRQ c1=0
DMA IRQ c2=0
DMA IRQ c3=0
SELECT busy=6654
SELECT w0=6651
SELECT w1=3596
SELECT w2=3790
BUSY TASK ewma=997
DMA IRQ c0=3
DMA IRQ c1=0
DMA IRQ c2=0
DMA IRQ c3=0
SELECT busy=6672
SELECT w0=6670
SELECT w1=3608
SELECT w2=3801
BUSY TASK ewma=997
DMA IRQ c0=3
DMA IRQ c1=0
DMA IRQ c2=0
DMA IRQ c3=0
SELECT busy=6692
SELECT w0=6690
SELECT w1=3621
SELECT w2=3815
BUSY TASK ewma=997
DMA IRQ c0=3
DMA IRQ c1=0
DMA IRQ c2=0
DMA IRQ c3=0
SELECT busy=6706
SELECT w0=6704
SELECT w1=3630
SELECT w2=3824
BUSY TASK ewma=997
DMA IRQ c0=3
DMA IRQ c1=0
DMA IRQ c2=0
DMA IRQ c3=0
SELECT busy=6727
SELECT w0=6724
SELECT w1=3636
SELECT w2=3833
BUSY TASK ewma=997
DMA IRQ c0=3
DMA IRQ c1=0
DMA IRQ c2=0
DMA IRQ c3=0
SELECT busy=6742
SELECT w0=6739
SELECT w1=3646
SELECT w2=3843
BUSY TASK ewma=997
DMA IRQ c0=3
DMA IRQ c1=0
DMA IRQ c2=0
DMA IRQ c3=0
SELECT busy=6767
SELECT w0=6765
SELECT w1=3656
SELECT w2=3857
BUSY TASK ewma=997
DMA IRQ c0=3
DMA IRQ c1=0
DMA IRQ c2=0
DMA IRQ c3=0
SELECT busy=6786
SELECT w0=6784
SELECT w1=3664
SELECT w2=3866
BUSY TASK ewma=997
DMA IRQ c0=3
DMA IRQ c1=0
DMA IRQ c2=0
DMA IRQ c3=0
SELECT busy=6805
SELECT w0=6803
SELECT w1=3673
SELECT w2=3877
BUSY TASK ewma=997
DMA IRQ c0=3
DMA IRQ c1=0
DMA IRQ c2=0
DMA IRQ c3=0
SELECT busy=6824
SELECT w0=6822
SELECT w1=3685
SELECT w2=3890
BUSY TASK ewma=997
DMA IRQ c0=3
DMA IRQ c1=0
DMA IRQ c2=0
DMA IRQ c3=0
SELECT busy=6851
SELECT w0=6848
SELECT w1=3697
SELECT w2=3907
BUSY TASK ewma=997
DMA IRQ c0=3
DMA IRQ c1=0
DMA IRQ c2=0
DMA IRQ c3=0
SELECT busy=6877
SELECT w0=6875
SELECT w1=3709
SELECT w2=3920
BUSY TASK ewma=997
DMA IRQ c0=3
DMA IRQ c1=0
DMA IRQ c2=0
DMA IRQ c3=0
SELECT busy=6895
SELECT w0=6892
SELECT w1=3720
SELECT w2=3932
BUSY TASK ewma=997
DMA IRQ c0=3
DMA IRQ c1=0
DMA IRQ c2=0
DMA IRQ c3=0
SELECT busy=6912
SELECT w0=6910
SELECT w1=3727
SELECT w2=3943
BUSY TASK ewma=997
DMA IRQ c0=3
DMA IRQ c1=0
DMA IRQ c2=0
DMA IRQ c3=0
SELECT busy=6929
SELECT w0=6926
SELECT w1=3735
SELECT w2=3955
BUSY TASK ewma=997
DMA IRQ c0=3
DMA IRQ c1=0
DMA IRQ c2=0
DMA IRQ c3=0
SELECT busy=6953
SELECT w0=6951
SELECT w1=3745
SELECT w2=3971
BUSY TASK ewma=997
DMA IRQ c0=3
DMA IRQ c1=0
DMA IRQ c2=0
DMA IRQ c3=0
SELECT busy=6970
SELECT w0=6968
SELECT w1=3754
SELECT w2=3985
BUSY TASK ewma=997
DMA IRQ c0=3
DMA IRQ c1=0
DMA IRQ c2=0
DMA IRQ c3=0
SELECT busy=6987
SELECT w0=6986
SELECT w1=3764
SELECT w2=3997
BUSY TASK ewma=997
DMA IRQ c0=3
DMA IRQ c1=0
DMA IRQ c2=0
DMA IRQ c3=0
SELECT busy=7010
SELECT w0=7008
SELECT w1=3780
SELECT w2=4012
BUSY TASK ewma=997
DMA IRQ c0=3
DMA IRQ c1=0
DMA IRQ c2=0
DMA IRQ c3=0
SELECT busy=7034
SELECT w0=7031
SELECT w1=3791
SELECT w2=4031
BUSY TASK ewma=997
DMA IRQ c0=3
DMA IRQ c1=0
DMA IRQ c2=0
DMA IRQ c3=0
SELECT busy=7058
SELECT w0=7056
SELECT w1=3803
SELECT w2=4046
BUSY TASK ewma=997
DMA IRQ c0=3
DMA IRQ c1=0
DMA IRQ c2=0
DMA IRQ c3=0
SELECT busy=7075
SELECT w0=7072
SELECT w1=3812
SELECT w2=4057
BUSY TASK ewma=997
DMA IRQ c0=3
DMA IRQ c1=0
DMA IRQ c2=0
DMA IRQ c3=0
SELECT busy=7092
SELECT w0=7090
SELECT w1=3819
SELECT w2=4065
BUSY TASK ewma=997
DMA IRQ c0=3
DMA IRQ c1=0
DMA IRQ c2=0
DMA IRQ c3=0
SELECT busy=7113
SELECT w0=7111
SELECT w1=3826
SELECT w2=4074
BUSY TASK ewma=997
DMA IRQ c0=3
DMA IRQ c1=0
DMA IRQ c2=0
DMA IRQ c3=0
SELECT busy=7130
SELECT w0=7129
SELECT w1=3838
SELECT w2=4085
BUSY TASK ewma=997
DMA IRQ c0=3
DMA IRQ c1=0
DMA IRQ c2=0
DMA IRQ c3=0
SELECT busy=7150
SELECT w0=7148
SELECT w1=3844
SELECT w2=4093
BUSY TASK ewma=997
DMA IRQ c0=3
DMA IRQ c1=0
DMA IRQ c2=0
DMA IRQ c3=0
SELECT busy=7170
SELECT w0=7168
SELECT w1=3852
SELECT w2=4104
BUSY TASK ewma=997
DMA IRQ c0=3
DMA IRQ c1=0
DMA IRQ c2=0
DMA IRQ c3=0
SELECT busy=7189
SELECT w0=7188
SELECT w1=3862
SELECT w2=4120
BUSY TASK ewma=997
DMA IRQ c0=3
DMA IRQ c1=0
DMA IRQ c2=0
DMA IRQ c3=0
SELECT busy=7210
SELECT w0=7207
SELECT w1=3872
SELECT w2=4132
BUSY TASK ewma=997
DMA IRQ c0=3
DMA IRQ c1=0
DMA IRQ c2=0
DMA IRQ c3=0
SELECT busy=7228
SELECT w0=7226
SELECT w1=3878
SELECT w2=4141
BUSY TASK ewma=997
DMA IRQ c0=3
DMA IRQ c1=0
DMA IRQ c2=0
DMA IRQ c3=0
SELECT busy=7247
SELECT w0=7245
SELECT w1=3886
SELECT w2=4151
BUSY TASK ewma=997
DMA IRQ c0=3
DMA IRQ c1=0
DMA IRQ c2=0
DMA IRQ c3=0
SELECT busy=7266
SELECT w0=7265
SELECT w1=3896
SELECT w2=4167
BUSY TASK ewma=997
DMA IRQ c0=3
DMA IRQ c1=0
DMA IRQ c2=0
DMA IRQ c3=0
SELECT busy=7291
SELECT w0=7288
SELECT w1=3907
SELECT w2=4177
BUSY TASK ewma=997
DMA IRQ c0=3
DMA IRQ c1=0
DMA IRQ c2=0
DMA IRQ c3=0
SELECT busy=7314
SELECT w0=7312
SELECT w1=3917
SELECT w2=4189
BUSY TASK ewma=997
DMA IRQ c0=3
DMA IRQ c1=0
DMA IRQ c2=0
DMA IRQ c3=0
SELECT busy=7332
SELECT w0=7329
SELECT w1=3925
SELECT w2=4198
BUSY TASK ewma=997
DMA IRQ c0=3
DMA IRQ c1=0
DMA IRQ c2=0
DMA IRQ c3=0
SELECT busy=7350
SELECT w0=7347
SELECT w1=3933
SELECT w2=4211
BUSY TASK ewma=997
DMA IRQ c0=3
DMA IRQ c1=0
DMA IRQ c2=0
DMA IRQ c3=0
SELECT busy=7375
SELECT w0=7373
SELECT w1=3943
SELECT w2=4226
BUSY TASK ewma=997
DMA IRQ c0=3
DMA IRQ c1=0
DMA IRQ c2=0
DMA IRQ c3=0
SELECT busy=7392
SELECT w0=7390
SELECT w1=3952
SELECT w2=4237
BUSY TASK ewma=997
DMA IRQ c0=3
DMA IRQ c1=0
DMA IRQ c2=0
DMA IRQ c3=0
SELECT busy=7412
SELECT w0=7410
SELECT w1=3959
SELECT w2=4249
BUSY TASK ewma=997
DMA IRQ c0=3
DMA IRQ c1=0
DMA IRQ c2=0
DMA IRQ c3=0
SELECT busy=7431
SELECT w0=7428
SELECT w1=3967
SELECT w2=4260
BUSY TASK ewma=997
DMA IRQ c0=3
DMA IRQ c1=0
DMA IRQ c2=0
DMA IRQ c3=0
SELECT busy=7446
SELECT w0=7444
SELECT w1=3973
SELECT w2=4268
BUSY TASK ewma=997
DMA IRQ c0=3
DMA IRQ c1=0
DMA IRQ c2=0
DMA IRQ c3=0
SELECT busy=7462
SELECT w0=7460
SELECT w1=3980
SELECT w2=4277
BUSY TASK ewma=997
DMA IRQ c0=3
DMA IRQ c1=0
DMA IRQ c2=0
DMA IRQ c3=0
SELECT busy=7482
SELECT w0=7479
SELECT w1=3987
SELECT w2=4286
BUSY TASK ewma=997
DMA IRQ c0=3
DMA IRQ c1=0
DMA IRQ c2=0
DMA IRQ c3=0
SELECT busy=7504
SELECT w0=7501
SELECT w1=3997
SELECT w2=4301
BUSY TASK ewma=997
DMA IRQ c0=3
DMA IRQ c1=0
DMA IRQ c2=0
DMA IRQ c3=0
SELECT busy=7522
SELECT w0=7520
SELECT w1=4005
SELECT w2=4311
BUSY TASK ewma=997
IRQ counts: cpu0=15048 cpu1=17023 cpu2=16919 cpu3=16608
SCHED secondaries: calls=50554 unexpected=0
SECTEST switches=50515 cpu1=164273560,163559844 cpu2=140092708,139964431 cpu3=198634280,192376521
PINGPONG rounds=2000 pongs=2000
DMA IRQ c0=3
DMA IRQ c1=0
DMA IRQ c2=0
DMA IRQ c3=0
SELECT busy=7547
SELECT w0=7544
SELECT w1=4015
SELECT w2=4323
BUSY TASK ewma=997
DMA IRQ c0=3
DMA IRQ c1=0
DMA IRQ c2=0
DMA IRQ c3=0
SELECT busy=7560
SELECT w0=7559
SELECT w1=4022
SELECT w2=4331
BUSY TASK ewma=997
DMA IRQ c0=3
DMA IRQ c1=0
DMA IRQ c2=0
DMA IRQ c3=0
SELECT busy=7592
SELECT w0=7590
SELECT w1=4037
SELECT w2=4353
BUSY TASK ewma=997
DMA IRQ c0=3
DMA IRQ c1=0
DMA IRQ c2=0
DMA IRQ c3=0
SELECT busy=7611
SELECT w0=7610
SELECT w1=4047
SELECT w2=4367
BUSY TASK ewma=997
DMA IRQ c0=3
DMA IRQ c1=0
DMA IRQ c2=0
DMA IRQ c3=0
SELECT busy=7637
SELECT w0=7634
SELECT w1=4055
SELECT w2=4381
BUSY TASK ewma=997
DMA IRQ c0=3
DMA IRQ c1=0
DMA IRQ c2=0
DMA IRQ c3=0
SELECT busy=7654
SELECT w0=7651
SELECT w1=4063
SELECT w2=4390
BUSY TASK ewma=997
DMA IRQ c0=3
DMA IRQ c1=0
DMA IRQ c2=0
DMA IRQ c3=0
SELECT busy=7670
SELECT w0=7668
SELECT w1=4071
SELECT w2=4401
BUSY TASK ewma=997
DMA IRQ c0=3
DMA IRQ c1=0
DMA IRQ c2=0
DMA IRQ c3=0
SELECT busy=7697
SELECT w0=7695
SELECT w1=4083
SELECT w2=4417
BUSY TASK ewma=997
DMA IRQ c0=3
DMA IRQ c1=0
DMA IRQ c2=0
DMA IRQ c3=0
SELECT busy=7717
SELECT w0=7715
SELECT w1=4090
SELECT w2=4426
BUSY TASK ewma=997
DMA IRQ c0=3
DMA IRQ c1=0
DMA IRQ c2=0
DMA IRQ c3=0
SELECT busy=7737
SELECT w0=7735
SELECT w1=4099
SELECT w2=4438
BUSY TASK ewma=997
DMA IRQ c0=3
DMA IRQ c1=0
DMA IRQ c2=0
DMA IRQ c3=0
SELECT busy=7754
SELECT w0=7752
SELECT w1=4107
SELECT w2=4446
BUSY TASK ewma=997
DMA IRQ c0=3
DMA IRQ c1=0
DMA IRQ c2=0
DMA IRQ c3=0
SELECT busy=7769
SELECT w0=7767
SELECT w1=4114
SELECT w2=4454
BUSY TASK ewma=997
DMA IRQ c0=3
DMA IRQ c1=0
DMA IRQ c2=0
DMA IRQ c3=0
SELECT busy=7788
SELECT w0=7786
SELECT w1=4123
SELECT w2=4466
BUSY TASK ewma=997
DMA IRQ c0=3
DMA IRQ c1=0
DMA IRQ c2=0
DMA IRQ c3=0
SELECT busy=7810
SELECT w0=7808
SELECT w1=4132
SELECT w2=4477
BUSY TASK ewma=997
DMA IRQ c0=3
DMA IRQ c1=0
DMA IRQ c2=0
DMA IRQ c3=0
SELECT busy=7828
SELECT w0=7825
SELECT w1=4140
SELECT w2=4485
BUSY TASK ewma=997
DMA IRQ c0=3
DMA IRQ c1=0
DMA IRQ c2=0
DMA IRQ c3=0
SELECT busy=7847
SELECT w0=7845
SELECT w1=4148
SELECT w2=4496
BUSY TASK ewma=997
DMA IRQ c0=3
DMA IRQ c1=0
DMA IRQ c2=0
DMA IRQ c3=0
SELECT busy=7862
SELECT w0=7860
SELECT w1=4154
SELECT w2=4504
BUSY TASK ewma=997
DMA IRQ c0=3
DMA IRQ c1=0
DMA IRQ c2=0
DMA IRQ c3=0
SELECT busy=7879
SELECT w0=7876
SELECT w1=4161
SELECT w2=4516
BUSY TASK ewma=997
DMA IRQ c0=3
DMA IRQ c1=0
DMA IRQ c2=0
DMA IRQ c3=0
SELECT busy=7894
SELECT w0=7891
SELECT w1=4168
SELECT w2=4525
BUSY TASK ewma=997
DMA IRQ c0=3
DMA IRQ c1=0
DMA IRQ c2=0
DMA IRQ c3=0
SELECT busy=7906
SELECT w0=7903
SELECT w1=4173
SELECT w2=4531
BUSY TASK ewma=997
DMA IRQ c0=3
DMA IRQ c1=0
DMA IRQ c2=0
DMA IRQ c3=0
SELECT busy=7923
SELECT w0=7921
SELECT w1=4183
SELECT w2=4543
BUSY TASK ewma=997
DMA IRQ c0=3
DMA IRQ c1=0
DMA IRQ c2=0
DMA IRQ c3=0
SELECT busy=7940
SELECT w0=7938
SELECT w1=4191
SELECT w2=4552
BUSY TASK ewma=997
DMA IRQ c0=3
DMA IRQ c1=0
DMA IRQ c2=0
DMA IRQ c3=0
SELECT busy=7957
SELECT w0=7955
SELECT w1=4200
SELECT w2=4564
BUSY TASK ewma=997
DMA IRQ c0=3
DMA IRQ c1=0
DMA IRQ c2=0
DMA IRQ c3=0
SELECT busy=7980
SELECT w0=7978
SELECT w1=4210
SELECT w2=4578
BUSY TASK ewma=997
DMA IRQ c0=3
DMA IRQ c1=0
DMA IRQ c2=0
DMA IRQ c3=0
SELECT busy=7989
SELECT w0=7986
SELECT w1=4213
SELECT w2=4582
BUSY TASK ewma=997
DMA IRQ c0=3
DMA IRQ c1=0
DMA IRQ c2=0
DMA IRQ c3=0
SELECT busy=8004
SELECT w0=8002
SELECT w1=4220
SELECT w2=4591
BUSY TASK ewma=997
DMA IRQ c0=3
DMA IRQ c1=0
DMA IRQ c2=0
DMA IRQ c3=0
SELECT busy=8025
SELECT w0=8022
SELECT w1=4229
SELECT w2=4604
BUSY TASK ewma=997
DMA IRQ c0=3
DMA IRQ c1=0
DMA IRQ c2=0
DMA IRQ c3=0
SELECT busy=8047
SELECT w0=8045
SELECT w1=4240
SELECT w2=4620
BUSY TASK ewma=997
DMA IRQ c0=3
DMA IRQ c1=0
DMA IRQ c2=0
DMA IRQ c3=0
SELECT busy=8067
SELECT w0=8064
SELECT w1=4247
SELECT w2=4628
BUSY TASK ewma=997
DMA IRQ c0=3
DMA IRQ c1=0
DMA IRQ c2=0
DMA IRQ c3=0
SELECT busy=8085
SELECT w0=8083
SELECT w1=4254
SELECT w2=4637
BUSY TASK ewma=997
DMA IRQ c0=3
DMA IRQ c1=0
DMA IRQ c2=0
DMA IRQ c3=0
SELECT busy=8109
SELECT w0=8107
SELECT w1=4264
SELECT w2=4648
BUSY TASK ewma=997
DMA IRQ c0=3
DMA IRQ c1=0
DMA IRQ c2=0
DMA IRQ c3=0
SELECT busy=8124
SELECT w0=8122
SELECT w1=4271
SELECT w2=4660
BUSY TASK ewma=997
DMA IRQ c0=3
DMA IRQ c1=0
DMA IRQ c2=0
DMA IRQ c3=0
SELECT busy=8147
SELECT w0=8145
SELECT w1=4281
SELECT w2=4670
BUSY TASK ewma=997
DMA IRQ c0=3
DMA IRQ c1=0
DMA IRQ c2=0
DMA IRQ c3=0
SELECT busy=8166
SELECT w0=8163
SELECT w1=4288
SELECT w2=4679
BUSY TASK ewma=997
DMA IRQ c0=3
DMA IRQ c1=0
DMA IRQ c2=0
DMA IRQ c3=0
SELECT busy=8181
SELECT w0=8179
SELECT w1=4295
SELECT w2=4689
BUSY TASK ewma=997
DMA IRQ c0=3
DMA IRQ c1=0
DMA IRQ c2=0
DMA IRQ c3=0
SELECT busy=8200
SELECT w0=8198
SELECT w1=4306
SELECT w2=4700
BUSY TASK ewma=997
DMA IRQ c0=3
DMA IRQ c1=0
DMA IRQ c2=0
DMA IRQ c3=0
SELECT busy=8216
SELECT w0=8214
SELECT w1=4314
SELECT w2=4711
BUSY TASK ewma=997
DMA IRQ c0=3
DMA IRQ c1=0
DMA IRQ c2=0
DMA IRQ c3=0
SELECT busy=8236
SELECT w0=8235
SELECT w1=4325
SELECT w2=4729
BUSY TASK ewma=997
DMA IRQ c0=3
DMA IRQ c1=0
DMA IRQ c2=0
DMA IRQ c3=0
SELECT busy=8263
SELECT w0=8261
SELECT w1=4338
SELECT w2=4745
BUSY TASK ewma=997
DMA IRQ c0=3
DMA IRQ c1=0
DMA IRQ c2=0
DMA IRQ c3=0
SELECT busy=8281
SELECT w0=8279
SELECT w1=4346
SELECT w2=4753
BUSY TASK ewma=997
DMA IRQ c0=3
DMA IRQ c1=0
DMA IRQ c2=0
DMA IRQ c3=0
SELECT busy=8305
SELECT w0=8303
SELECT w1=4358
SELECT w2=4766
BUSY TASK ewma=997
DMA IRQ c0=3
DMA IRQ c1=0
DMA IRQ c2=0
DMA IRQ c3=0
SELECT busy=8334
SELECT w0=8331
SELECT w1=4366
SELECT w2=4778
BUSY TASK ewma=997
DMA IRQ c0=3
DMA IRQ c1=0
DMA IRQ c2=0
DMA IRQ c3=0
SELECT busy=8356
SELECT w0=8354
SELECT w1=4375
SELECT w2=4790
BUSY TASK ewma=997
DMA IRQ c0=3
DMA IRQ c1=0
DMA IRQ c2=0
DMA IRQ c3=0
SELECT busy=8376
SELECT w0=8373
SELECT w1=4383
SELECT w2=4800
BUSY TASK ewma=997
DMA IRQ c0=3
DMA IRQ c1=0
DMA IRQ c2=0
DMA IRQ c3=0
SELECT busy=8412
SELECT w0=8410
SELECT w1=4400
SELECT w2=4820
BUSY TASK ewma=997
DMA IRQ c0=3
DMA IRQ c1=0
DMA IRQ c2=0
DMA IRQ c3=0
SELECT busy=8427
SELECT w0=8425
SELECT w1=4408
SELECT w2=4831
BUSY TASK ewma=997
DMA IRQ c0=3
DMA IRQ c1=0
DMA IRQ c2=0
DMA IRQ c3=0
SELECT busy=8451
SELECT w0=8449
SELECT w1=4419
SELECT w2=4844
BUSY TASK ewma=997
DMA IRQ c0=3
DMA IRQ c1=0
DMA IRQ c2=0
DMA IRQ c3=0
SELECT busy=8476
SELECT w0=8473
SELECT w1=4428
SELECT w2=4856
BUSY TASK ewma=997
DMA IRQ c0=3
DMA IRQ c1=0
DMA IRQ c2=0
DMA IRQ c3=0
SELECT busy=8504
SELECT w0=8501
SELECT w1=4442
SELECT w2=4872
BUSY TASK ewma=997
DMA IRQ c0=3
DMA IRQ c1=0
DMA IRQ c2=0
DMA IRQ c3=0
SELECT busy=8535
SELECT w0=8532
SELECT w1=4456
SELECT w2=4890
BUSY TASK ewma=997
DMA IRQ c0=3
DMA IRQ c1=0
DMA IRQ c2=0
DMA IRQ c3=0
SELECT busy=8574
SELECT w0=8572
SELECT w1=4474
SELECT w2=4912
BUSY TASK ewma=997
DMA IRQ c0=3
DMA IRQ c1=0
DMA IRQ c2=0
DMA IRQ c3=0
SELECT busy=8615
SELECT w0=8612
SELECT w1=4487
SELECT w2=4930
BUSY TASK ewma=997
DMA IRQ c0=3
DMA IRQ c1=0
DMA IRQ c2=0
DMA IRQ c3=0
SELECT busy=8654
SELECT w0=8653
SELECT w1=4505
SELECT w2=4953
BUSY TASK ewma=997
DMA IRQ c0=3
DMA IRQ c1=0
DMA IRQ c2=0
DMA IRQ c3=0
SELECT busy=8684
SELECT w0=8681
SELECT w1=4517
SELECT w2=4966
BUSY TASK ewma=997
DMA IRQ c0=3
DMA IRQ c1=0
DMA IRQ c2=0
DMA IRQ c3=0
SELECT busy=8703
SELECT w0=8700
SELECT w1=4522
SELECT w2=4972
BUSY TASK ewma=997
DMA IRQ c0=3
DMA IRQ c1=0
DMA IRQ c2=0
DMA IRQ c3=0
SELECT busy=8721
SELECT w0=8718
SELECT w1=4527
SELECT w2=4979
BUSY TASK ewma=997
DMA IRQ c0=3
DMA IRQ c1=0
DMA IRQ c2=0
DMA IRQ c3=0
SELECT busy=8739
SELECT w0=8736
SELECT w1=4533
SELECT w2=4987
BUSY TASK ewma=997
DMA IRQ c0=3
DMA IRQ c1=0
DMA IRQ c2=0
DMA IRQ c3=0
SELECT busy=8755
SELECT w0=8752
SELECT w1=4539
SELECT w2=4994
BUSY TASK ewma=997
DMA IRQ c0=3
DMA IRQ c1=0
DMA IRQ c2=0
DMA IRQ c3=0
SELECT busy=8774
SELECT w0=8771
SELECT w1=4546
SELECT w2=5004
BUSY TASK ewma=997
DMA IRQ c0=3
DMA IRQ c1=0
DMA IRQ c2=0
DMA IRQ c3=0
SELECT busy=8791
SELECT w0=8789
SELECT w1=4556
SELECT w2=5017
BUSY TASK ewma=997
DMA IRQ c0=3
DMA IRQ c1=0
DMA IRQ c2=0
DMA IRQ c3=0
SELECT busy=8811
SELECT w0=8808
SELECT w1=4566
SELECT w2=5028
BUSY TASK ewma=997
DMA IRQ c0=3
DMA IRQ c1=0
DMA IRQ c2=0
DMA IRQ c3=0
SELECT busy=8831
SELECT w0=8828
SELECT w1=4575
SELECT w2=5041
BUSY TASK ewma=997
DMA IRQ c0=3
DMA IRQ c1=0
DMA IRQ c2=0
DMA IRQ c3=0
SELECT busy=8852
SELECT w0=8849
SELECT w1=4582
SELECT w2=5051
BUSY TASK ewma=997
DMA IRQ c0=3
DMA IRQ c1=0
DMA IRQ c2=0
DMA IRQ c3=0
SELECT busy=8871
SELECT w0=8868
SELECT w1=4589
SELECT w2=5061
BUSY TASK ewma=997
IRQ counts: cpu0=17744 cpu1=19942 cpu2=19920 cpu3=19622
SCHED secondaries: calls=59488 unexpected=0
SECTEST switches=59457 cpu1=194236347,193066609 cpu2=167754210,167671046 cpu3=236793578,230313058
PINGPONG rounds=2000 pongs=2000
DMA IRQ c0=3
DMA IRQ c1=0
DMA IRQ c2=0
DMA IRQ c3=0
SELECT busy=8894
SELECT w0=8892
SELECT w1=4598
SELECT w2=5073
BUSY TASK ewma=997
DMA IRQ c0=3
DMA IRQ c1=0
DMA IRQ c2=0
DMA IRQ c3=0
SELECT busy=8914
SELECT w0=8911
SELECT w1=4604
SELECT w2=5081
BUSY TASK ewma=997
DMA IRQ c0=3
DMA IRQ c1=0
DMA IRQ c2=0
DMA IRQ c3=0
SELECT busy=8932
SELECT w0=8930
SELECT w1=4612
SELECT w2=5091
BUSY TASK ewma=997
DMA IRQ c0=3
DMA IRQ c1=0
DMA IRQ c2=0
DMA IRQ c3=0
SELECT busy=8949
SELECT w0=8947
SELECT w1=4620
SELECT w2=5101
BUSY TASK ewma=997
DMA IRQ c0=3
DMA IRQ c1=0
DMA IRQ c2=0
DMA IRQ c3=0
SELECT busy=8979
SELECT w0=8976
SELECT w1=4631
SELECT w2=5115
BUSY TASK ewma=997
DMA IRQ c0=3
DMA IRQ c1=0
DMA IRQ c2=0
DMA IRQ c3=0
SELECT busy=9003
SELECT w0=9000
SELECT w1=4640
SELECT w2=5126
BUSY TASK ewma=997
DMA IRQ c0=3
DMA IRQ c1=0
DMA IRQ c2=0
DMA IRQ c3=0
SELECT busy=9021
SELECT w0=9018
SELECT w1=4648
SELECT w2=5135
BUSY TASK ewma=997
DMA IRQ c0=3
DMA IRQ c1=0
DMA IRQ c2=0
DMA IRQ c3=0
SELECT busy=9039
SELECT w0=9037
SELECT w1=4658
SELECT w2=5147
BUSY TASK ewma=997
DMA IRQ c0=3
DMA IRQ c1=0
DMA IRQ c2=0
DMA IRQ c3=0
SELECT busy=9056
SELECT w0=9054
SELECT w1=4665
SELECT w2=5156
BUSY TASK ewma=997
DMA IRQ c0=3
DMA IRQ c1=0
DMA IRQ c2=0
DMA IRQ c3=0
SELECT busy=9070
SELECT w0=9067
SELECT w1=4671
SELECT w2=5164
BUSY TASK ewma=997
DMA IRQ c0=3
DMA IRQ c1=0
DMA IRQ c2=0
DMA IRQ c3=0
SELECT busy=9084
SELECT w0=9082
SELECT w1=4677
SELECT w2=5171
BUSY TASK ewma=997
DMA IRQ c0=3
DMA IRQ c1=0
DMA IRQ c2=0
DMA IRQ c3=0
SELECT busy=9107
SELECT w0=9104
SELECT w1=4687
SELECT w2=5183
BUSY TASK ewma=997
DMA IRQ c0=3
DMA IRQ c1=0
DMA IRQ c2=0
DMA IRQ c3=0
SELECT busy=9126
SELECT w0=9123
SELECT w1=4695
SELECT w2=5193
BUSY TASK ewma=997
DMA IRQ c0=3
DMA IRQ c1=0
DMA IRQ c2=0
DMA IRQ c3=0
SELECT busy=9149
SELECT w0=9147
SELECT w1=4707
SELECT w2=5211
BUSY TASK ewma=997
DMA IRQ c0=3
DMA IRQ c1=0
DMA IRQ c2=0
DMA IRQ c3=0
SELECT busy=9173
SELECT w0=9170
SELECT w1=4717
SELECT w2=5223
BUSY TASK ewma=997
DMA IRQ c0=3
DMA IRQ c1=0
DMA IRQ c2=0
DMA IRQ c3=0
SELECT busy=9196
SELECT w0=9194
SELECT w1=4728
SELECT w2=5235
BUSY TASK ewma=997
DMA IRQ c0=3
DMA IRQ c1=0
DMA IRQ c2=0
DMA IRQ c3=0
SELECT busy=9217
SELECT w0=9214
SELECT w1=4736
SELECT w2=5244
BUSY TASK ewma=997
DMA IRQ c0=3
DMA IRQ c1=0
DMA IRQ c2=0
DMA IRQ c3=0
SELECT busy=9236
SELECT w0=9235
SELECT w1=4747
SELECT w2=5257
BUSY TASK ewma=997
DMA IRQ c0=3
DMA IRQ c1=0
DMA IRQ c2=0
DMA IRQ c3=0
SELECT busy=9254
SELECT w0=9251
SELECT w1=4754
SELECT w2=5266
BUSY TASK ewma=997
DMA IRQ c0=3
DMA IRQ c1=0
DMA IRQ c2=0
DMA IRQ c3=0
SELECT busy=9273
SELECT w0=9270
SELECT w1=4762
SELECT w2=5276
BUSY TASK ewma=997
DMA IRQ c0=3
DMA IRQ c1=0
DMA IRQ c2=0
DMA IRQ c3=0
SELECT busy=9293
SELECT w0=9291
SELECT w1=4771
SELECT w2=5291
BUSY TASK ewma=997
DMA IRQ c0=3
DMA IRQ c1=0
DMA IRQ c2=0
DMA IRQ c3=0
SELECT busy=9313
SELECT w0=9310
SELECT w1=4779
SELECT w2=5301
BUSY TASK ewma=997
DMA IRQ c0=3
DMA IRQ c1=0
DMA IRQ c2=0
DMA IRQ c3=0
SELECT busy=9334
SELECT w0=9331
SELECT w1=4788
SELECT w2=5313
BUSY TASK ewma=997
DMA IRQ c0=3
DMA IRQ c1=0
DMA IRQ c2=0
DMA IRQ c3=0
SELECT busy=9348
SELECT w0=9345
SELECT w1=4794
SELECT w2=5320
BUSY TASK ewma=997
DMA IRQ c0=3
DMA IRQ c1=0
DMA IRQ c2=0
DMA IRQ c3=0
SELECT busy=9366
SELECT w0=9364
SELECT w1=4803
SELECT w2=5332
BUSY TASK ewma=997
DMA IRQ c0=3
DMA IRQ c1=0
DMA IRQ c2=0
DMA IRQ c3=0
SELECT busy=9385
SELECT w0=9383
SELECT w1=4811
SELECT w2=5341
BUSY TASK ewma=997
DMA IRQ c0=3
DMA IRQ c1=0
DMA IRQ c2=0
DMA IRQ c3=0
SELECT busy=9405
SELECT w0=9403
SELECT w1=4820
SELECT w2=5351
BUSY TASK ewma=997
DMA IRQ c0=3
DMA IRQ c1=0
DMA IRQ c2=0
DMA IRQ c3=0
SELECT busy=9426
SELECT w0=9424
SELECT w1=4829
SELECT w2=5364
BUSY TASK ewma=997
DMA IRQ c0=3
DMA IRQ c1=0
DMA IRQ c2=0
DMA IRQ c3=0
SELECT busy=9444
SELECT w0=9442
SELECT w1=4841
SELECT w2=5376
BUSY TASK ewma=997
DMA IRQ c0=3
DMA IRQ c1=0
DMA IRQ c2=0
DMA IRQ c3=0
SELECT busy=9462
SELECT w0=9460
SELECT w1=4849
SELECT w2=5387
BUSY TASK ewma=997
DMA IRQ c0=3
DMA IRQ c1=0
DMA IRQ c2=0
DMA IRQ c3=0
SELECT busy=9480
SELECT w0=9478
SELECT w1=4857
SELECT w2=5400
BUSY TASK ewma=997
DMA IRQ c0=3
DMA IRQ c1=0
DMA IRQ c2=0
DMA IRQ c3=0
SELECT busy=9498
SELECT w0=9497
SELECT w1=4865
SELECT w2=5412
BUSY TASK ewma=997
DMA IRQ c0=3
DMA IRQ c1=0
DMA IRQ c2=0
DMA IRQ c3=0
SELECT busy=9517
SELECT w0=9515
SELECT w1=4871
SELECT w2=5421
BUSY TASK ewma=997
DMA IRQ c0=3
DMA IRQ c1=0
DMA IRQ c2=0
DMA IRQ c3=0
SELECT busy=9547
SELECT w0=9545
SELECT w1=4883
SELECT w2=5439
BUSY TASK ewma=997
DMA IRQ c0=3
DMA IRQ c1=0
DMA IRQ c2=0
DMA IRQ c3=0
SELECT busy=9566
SELECT w0=9563
SELECT w1=4893
SELECT w2=5451
BUSY TASK ewma=997
DMA IRQ c0=3
DMA IRQ c1=0
DMA IRQ c2=0
DMA IRQ c3=0
SELECT busy=9594
SELECT w0=9591
SELECT w1=4903
SELECT w2=5466
BUSY TASK ewma=997
DMA IRQ c0=3
DMA IRQ c1=0
DMA IRQ c2=0
DMA IRQ c3=0
SELECT busy=9623
SELECT w0=9620
SELECT w1=4915
SELECT w2=5481
BUSY TASK ewma=997
DMA IRQ c0=3
DMA IRQ c1=0
DMA IRQ c2=0
DMA IRQ c3=0
SELECT busy=9641
SELECT w0=9639
SELECT w1=4920
SELECT w2=5488
BUSY TASK ewma=997
DMA IRQ c0=3
DMA IRQ c1=0
DMA IRQ c2=0
DMA IRQ c3=0
SELECT busy=9674
SELECT w0=9671
SELECT w1=4935
SELECT w2=5506
BUSY TASK ewma=997
DMA IRQ c0=3
DMA IRQ c1=0
DMA IRQ c2=0
DMA IRQ c3=0
SELECT busy=9709
SELECT w0=9707
SELECT w1=4952
SELECT w2=5525
BUSY TASK ewma=997
DMA IRQ c0=3
DMA IRQ c1=0
DMA IRQ c2=0
DMA IRQ c3=0
SELECT busy=9727
SELECT w0=9724
SELECT w1=4960
SELECT w2=5533
BUSY TASK ewma=997
DMA IRQ c0=3
DMA IRQ c1=0
DMA IRQ c2=0
DMA IRQ c3=0
SELECT busy=9740
SELECT w0=9737
SELECT w1=4965
SELECT w2=5540
BUSY TASK ewma=997
DMA IRQ c0=3
DMA IRQ c1=0
DMA IRQ c2=0
DMA IRQ c3=0
SELECT busy=9756
SELECT w0=9753
SELECT w1=4973
SELECT w2=5548
BUSY TASK ewma=997
DMA IRQ c0=3
DMA IRQ c1=0
DMA IRQ c2=0
DMA IRQ c3=0
SELECT busy=9762
SELECT w0=9759
SELECT w1=4975
SELECT w2=5551
BUSY TASK ewma=997
DMA IRQ c0=3
DMA IRQ c1=0
DMA IRQ c2=0
DMA IRQ c3=0
SELECT busy=9781
SELECT w0=9778
SELECT w1=4983
SELECT w2=5560
BUSY TASK ewma=997
DMA IRQ c0=3
DMA IRQ c1=0
DMA IRQ c2=0
DMA IRQ c3=0
SELECT busy=9812
SELECT w0=9810
SELECT w1=4997
SELECT w2=5577
BUSY TASK ewma=997
DMA IRQ c0=3
DMA IRQ c1=0
DMA IRQ c2=0
DMA IRQ c3=0
SELECT busy=9833
SELECT w0=9831
SELECT w1=5004
SELECT w2=5585
BUSY TASK ewma=997
DMA IRQ c0=3
DMA IRQ c1=0
DMA IRQ c2=0
DMA IRQ c3=0
SELECT busy=9854
SELECT w0=9852
SELECT w1=5014
SELECT w2=5599
BUSY TASK ewma=997
DMA IRQ c0=3
DMA IRQ c1=0
DMA IRQ c2=0
DMA IRQ c3=0
SELECT busy=9866
SELECT w0=9863
SELECT w1=5018
SELECT w2=5603
BUSY TASK ewma=997
DMA IRQ c0=3
DMA IRQ c1=0
DMA IRQ c2=0
DMA IRQ c3=0
SELECT busy=9889
SELECT w0=9886
SELECT w1=5027
SELECT w2=5618
BUSY TASK ewma=997
DMA IRQ c0=3
DMA IRQ c1=0
DMA IRQ c2=0
DMA IRQ c3=0
SELECT busy=9903
SELECT w0=9901
SELECT w1=5035
SELECT w2=5629
BUSY TASK ewma=997
DMA IRQ c0=3
DMA IRQ c1=0
DMA IRQ c2=0
DMA IRQ c3=0
SELECT busy=9920
SELECT w0=9918
SELECT w1=5049
SELECT w2=5641
BUSY TASK ewma=997
DMA IRQ c0=3
DMA IRQ c1=0
DMA IRQ c2=0
DMA IRQ c3=0
SELECT busy=9938
SELECT w0=9936
SELECT w1=5059
SELECT w2=5652
BUSY TASK ewma=997
DMA IRQ c0=3
DMA IRQ c1=0
DMA IRQ c2=0
DMA IRQ c3=0
SELECT busy=9957
SELECT w0=9955
SELECT w1=5069
SELECT w2=5663
BUSY TASK ewma=997
DMA IRQ c0=3
DMA IRQ c1=0
DMA IRQ c2=0
DMA IRQ c3=0
SELECT busy=9983
SELECT w0=9980
SELECT w1=5080
SELECT w2=5677
BUSY TASK ewma=997
DMA IRQ c0=3
DMA IRQ c1=0
DMA IRQ c2=0
DMA IRQ c3=0
SELECT busy=10002
SELECT w0=9999
SELECT w1=5087
SELECT w2=5686
BUSY TASK ewma=997
DMA IRQ c0=3
DMA IRQ c1=0
DMA IRQ c2=0
DMA IRQ c3=0
SELECT busy=10013
SELECT w0=10010
SELECT w1=5091
SELECT w2=5692
BUSY TASK ewma=997
DMA IRQ c0=3
DMA IRQ c1=0
DMA IRQ c2=0
DMA IRQ c3=0
SELECT busy=10024
SELECT w0=10021
SELECT w1=5096
SELECT w2=5700
BUSY TASK ewma=997
DMA IRQ c0=3
DMA IRQ c1=0
DMA IRQ c2=0
DMA IRQ c3=0
SELECT busy=10045
SELECT w0=10042
SELECT w1=5106
SELECT w2=5715
BUSY TASK ewma=997
DMA IRQ c0=3
DMA IRQ c1=0
DMA IRQ c2=0
DMA IRQ c3=0
SELECT busy=10066
SELECT w0=10063
SELECT w1=5116
SELECT w2=5727
BUSY TASK ewma=997
DMA IRQ c0=3
DMA IRQ c1=0
DMA IRQ c2=0
DMA IRQ c3=0
SELECT busy=10091
SELECT w0=10089
SELECT w1=5132
SELECT w2=5745
BUSY TASK ewma=997
DMA IRQ c0=3
DMA IRQ c1=0
DMA IRQ c2=0
DMA IRQ c3=0
SELECT busy=10111
SELECT w0=10109
SELECT w1=5139
SELECT w2=5753
BUSY TASK ewma=997
DMA IRQ c0=3
DMA IRQ c1=0
DMA IRQ c2=0
DMA IRQ c3=0
SELECT busy=10130
SELECT w0=10127
SELECT w1=5144
SELECT w2=5760
BUSY TASK ewma=997
DMA IRQ c0=3
DMA IRQ c1=0
DMA IRQ c2=0
DMA IRQ c3=0
SELECT busy=10148
SELECT w0=10145
SELECT w1=5153
SELECT w2=5770
BUSY TASK ewma=997
IRQ counts: cpu0=20310 cpu1=22781 cpu2=22765 cpu3=22490
SCHED secondaries: calls=68036 unexpected=0
SECTEST switches=68030 cpu1=223860457,219661505 cpu2=194727881,195643042 cpu3=277006482,268233377
PINGPONG rounds=2000 pongs=2000
DMA IRQ c0=3
DMA IRQ c1=0
DMA IRQ c2=0
DMA IRQ c3=0
SELECT busy=10176
SELECT w0=10174
SELECT w1=5169
SELECT w2=5787
BUSY TASK ewma=997
DMA IRQ c0=3
DMA IRQ c1=0
DMA IRQ c2=0
DMA IRQ c3=0
SELECT busy=10195
SELECT w0=10193
SELECT w1=5182
SELECT w2=5801
BUSY TASK ewma=997
DMA IRQ c0=3
DMA IRQ c1=0
DMA IRQ c2=0
DMA IRQ c3=0
SELECT busy=10212
SELECT w0=10209
SELECT w1=5190
SELECT w2=5810
BUSY TASK ewma=997
DMA IRQ c0=3
DMA IRQ c1=0
DMA IRQ c2=0
DMA IRQ c3=0
SELECT busy=10234
SELECT w0=10232
SELECT w1=5200
SELECT w2=5820
BUSY TASK ewma=997
DMA IRQ c0=3
DMA IRQ c1=0
DMA IRQ c2=0
DMA IRQ c3=0
SELECT busy=10258
SELECT w0=10256
SELECT w1=5210
SELECT w2=5834
BUSY TASK ewma=997
DMA IRQ c0=3
DMA IRQ c1=0
DMA IRQ c2=0
DMA IRQ c3=0
SELECT busy=10293
SELECT w0=10291
SELECT w1=5225
SELECT w2=5851
BUSY TASK ewma=997
DMA IRQ c0=3
DMA IRQ c1=0
DMA IRQ c2=0
DMA IRQ c3=0
SELECT busy=10316
SELECT w0=10314
SELECT w1=5233
SELECT w2=5862
BUSY TASK ewma=997
DMA IRQ c0=3
DMA IRQ c1=0
DMA IRQ c2=0
DMA IRQ c3=0
SELECT busy=10337
SELECT w0=10335
SELECT w1=5245
SELECT w2=5877
BUSY TASK ewma=997
DMA IRQ c0=3
DMA IRQ c1=0
DMA IRQ c2=0
DMA IRQ c3=0
SELECT busy=10358
SELECT w0=10355
SELECT w1=5255
SELECT w2=5889
BUSY TASK ewma=997
DMA IRQ c0=3
DMA IRQ c1=0
DMA IRQ c2=0
DMA IRQ c3=0
SELECT busy=10383
SELECT w0=10384
SELECT w1=5272
SELECT w2=5911
BUSY TASK ewma=997
DMA IRQ c0=3
DMA IRQ c1=0
DMA IRQ c2=0
DMA IRQ c3=0
SELECT busy=10407
SELECT w0=10404
SELECT w1=5283
SELECT w2=5922
BUSY TASK ewma=997
DMA IRQ c0=3
DMA IRQ c1=0
DMA IRQ c2=0
DMA IRQ c3=0
SELECT busy=10430
SELECT w0=10427
SELECT w1=5294
SELECT w2=5939
BUSY TASK ewma=997
DMA IRQ c0=3
DMA IRQ c1=0
DMA IRQ c2=0
DMA IRQ c3=0
SELECT busy=10452
SELECT w0=10450
SELECT w1=5306
SELECT w2=5951
BUSY TASK ewma=997
DMA IRQ c0=3
DMA IRQ c1=0
DMA IRQ c2=0
DMA IRQ c3=0
SELECT busy=10470
SELECT w0=10467
SELECT w1=5314
SELECT w2=5961
BUSY TASK ewma=997
DMA IRQ c0=3
DMA IRQ c1=0
DMA IRQ c2=0
DMA IRQ c3=0
SELECT busy=10491
SELECT w0=10488
SELECT w1=5324
SELECT w2=5974
BUSY TASK ewma=997
DMA IRQ c0=3
DMA IRQ c1=0
DMA IRQ c2=0
DMA IRQ c3=0
SELECT busy=10508
SELECT w0=10505
SELECT w1=5331
SELECT w2=5984
BUSY TASK ewma=997
DMA IRQ c0=3
DMA IRQ c1=0
DMA IRQ c2=0
DMA IRQ c3=0
SELECT busy=10533
SELECT w0=10531
SELECT w1=5344
SELECT w2=6001
BUSY TASK ewma=997
DMA IRQ c0=3
DMA IRQ c1=0
DMA IRQ c2=0
DMA IRQ c3=0
SELECT busy=10555
SELECT w0=10553
SELECT w1=5355
SELECT w2=6021
BUSY TASK ewma=997
DMA IRQ c0=3
DMA IRQ c1=0
DMA IRQ c2=0
DMA IRQ c3=0
SELECT busy=10579
SELECT w0=10577
SELECT w1=5364
SELECT w2=6032
BUSY TASK ewma=997
DMA IRQ c0=3
DMA IRQ c1=0
DMA IRQ c2=0
DMA IRQ c3=0
SELECT busy=10596
SELECT w0=10594
SELECT w1=5370
SELECT w2=6040
BUSY TASK ewma=997
DMA IRQ c0=3
DMA IRQ c1=0
DMA IRQ c2=0
DMA IRQ c3=0
SELECT busy=10614
SELECT w0=10611
SELECT w1=5377
SELECT w2=6049
BUSY TASK ewma=997
DMA IRQ c0=3
DMA IRQ c1=0
DMA IRQ c2=0
DMA IRQ c3=0
SELECT busy=10632
SELECT w0=10629
SELECT w1=5384
SELECT w2=6059
BUSY TASK ewma=997
DMA IRQ c0=3
DMA IRQ c1=0
DMA IRQ c2=0
DMA IRQ c3=0
SELECT busy=10651
SELECT w0=10648
SELECT w1=5392
SELECT w2=6069
BUSY TASK ewma=997
DMA IRQ c0=3
DMA IRQ c1=0
DMA IRQ c2=0
DMA IRQ c3=0
SELECT busy=10669
SELECT w0=10667
SELECT w1=5399
SELECT w2=6078
BUSY TASK ewma=997
DMA IRQ c0=3
DMA IRQ c1=0
DMA IRQ c2=0
DMA IRQ c3=0
SELECT busy=10688
SELECT w0=10685
SELECT w1=5405
SELECT w2=6089
BUSY TASK ewma=997
DMA IRQ c0=3
DMA IRQ c1=0
DMA IRQ c2=0
DMA IRQ c3=0
SELECT busy=10706
SELECT w0=10703
SELECT w1=5412
SELECT w2=6098
BUSY TASK ewma=997
DMA IRQ c0=3
DMA IRQ c1=0
DMA IRQ c2=0
DMA IRQ c3=0
SELECT busy=10725
SELECT w0=10722
SELECT w1=5419
SELECT w2=6106
BUSY TASK ewma=997
DMA IRQ c0=3
DMA IRQ c1=0
DMA IRQ c2=0
DMA IRQ c3=0
SELECT busy=10743
SELECT w0=10740
SELECT w1=5425
SELECT w2=6115
BUSY TASK ewma=997
DMA IRQ c0=3
DMA IRQ c1=0
DMA IRQ c2=0
DMA IRQ c3=0
SELECT busy=10760
SELECT w0=10757
SELECT w1=5432
SELECT w2=6123
BUSY TASK ewma=997
DMA IRQ c0=3
DMA IRQ c1=0
DMA IRQ c2=0
DMA IRQ c3=0
SELECT busy=10778
SELECT w0=10776
SELECT w1=5439
SELECT w2=6132
BUSY TASK ewma=997
DMA IRQ c0=3
DMA IRQ c1=0
DMA IRQ c2=0
DMA IRQ c3=0
SELECT busy=10797
SELECT w0=10795
SELECT w1=5446
SELECT w2=6141
BUSY TASK ewma=997
DMA IRQ c0=3
DMA IRQ c1=0
DMA IRQ c2=0
DMA IRQ c3=0
SELECT busy=10816
SELECT w0=10813
SELECT w1=5454
SELECT w2=6151
BUSY TASK ewma=997
DMA IRQ c0=3
DMA IRQ c1=0
DMA IRQ c2=0
DMA IRQ c3=0
SELECT busy=10835
SELECT w0=10833
SELECT w1=5462
SELECT w2=6164
BUSY TASK ewma=997
DMA IRQ c0=3
DMA IRQ c1=0
DMA IRQ c2=0
DMA IRQ c3=0
SELECT busy=10855
SELECT w0=10852
SELECT w1=5470
SELECT w2=6174
BUSY TASK ewma=997
DMA IRQ c0=3
DMA IRQ c1=0
DMA IRQ c2=0
DMA IRQ c3=0
SELECT busy=10873
SELECT w0=10871
SELECT w1=5478
SELECT w2=6184
BUSY TASK ewma=997
DMA IRQ c0=3
DMA IRQ c1=0
DMA IRQ c2=0
DMA IRQ c3=0
SELECT busy=10892
SELECT w0=10889
SELECT w1=5486
SELECT w2=6192
BUSY TASK ewma=997
DMA IRQ c0=3
DMA IRQ c1=0
DMA IRQ c2=0
DMA IRQ c3=0
SELECT busy=10910
SELECT w0=10907
SELECT w1=5493
SELECT w2=6202
BUSY TASK ewma=997
DMA IRQ c0=3
DMA IRQ c1=0
DMA IRQ c2=0
DMA IRQ c3=0
SELECT busy=10928
SELECT w0=10925
SELECT w1=5501
SELECT w2=6211
BUSY TASK ewma=997
DMA IRQ c0=3
DMA IRQ c1=0
DMA IRQ c2=0
DMA IRQ c3=0
SELECT busy=10946
SELECT w0=10943
SELECT w1=5508
SELECT w2=6221
BUSY TASK ewma=997
DMA IRQ c0=3
DMA IRQ c1=0
DMA IRQ c2=0
DMA IRQ c3=0
SELECT busy=10965
SELECT w0=10962
SELECT w1=5515
SELECT w2=6230
BUSY TASK ewma=997
DMA IRQ c0=3
DMA IRQ c1=0
DMA IRQ c2=0
DMA IRQ c3=0
SELECT busy=10984
SELECT w0=10981
SELECT w1=5522
SELECT w2=6240
BUSY TASK ewma=997
DMA IRQ c0=3
DMA IRQ c1=0
DMA IRQ c2=0
DMA IRQ c3=0
SELECT busy=11001
SELECT w0=10999
SELECT w1=5531
SELECT w2=6251
BUSY TASK ewma=997
DMA IRQ c0=3
DMA IRQ c1=0
DMA IRQ c2=0
DMA IRQ c3=0
SELECT busy=11022
SELECT w0=11020
SELECT w1=5542
SELECT w2=6265
BUSY TASK ewma=997
DMA IRQ c0=3
DMA IRQ c1=0
DMA IRQ c2=0
DMA IRQ c3=0
SELECT busy=11037
SELECT w0=11035
SELECT w1=5549
SELECT w2=6275
BUSY TASK ewma=997
DMA IRQ c0=3
DMA IRQ c1=0
DMA IRQ c2=0
DMA IRQ c3=0
SELECT busy=11055
SELECT w0=11053
SELECT w1=5558
SELECT w2=6286
BUSY TASK ewma=997
DMA IRQ c0=3
DMA IRQ c1=0
DMA IRQ c2=0
DMA IRQ c3=0
SELECT busy=11075
SELECT w0=11073
SELECT w1=5566
SELECT w2=6297
BUSY TASK ewma=997
DMA IRQ c0=3
DMA IRQ c1=0
DMA IRQ c2=0
DMA IRQ c3=0
SELECT busy=11095
SELECT w0=11092
SELECT w1=5573
SELECT w2=6308
BUSY TASK ewma=997
DMA IRQ c0=3
DMA IRQ c1=0
DMA IRQ c2=0
DMA IRQ c3=0
SELECT busy=11115
SELECT w0=11113
SELECT w1=5582
SELECT w2=6318
BUSY TASK ewma=997
DMA IRQ c0=3
DMA IRQ c1=0
DMA IRQ c2=0
DMA IRQ c3=0
SELECT busy=11138
SELECT w0=11136
SELECT w1=5597
SELECT w2=6332
BUSY TASK ewma=997
DMA IRQ c0=3
DMA IRQ c1=0
DMA IRQ c2=0
DMA IRQ c3=0
SELECT busy=11158
SELECT w0=11156
SELECT w1=5606
SELECT w2=6342
BUSY TASK ewma=997
DMA IRQ c0=3
DMA IRQ c1=0
DMA IRQ c2=0
DMA IRQ c3=0
SELECT busy=11175
SELECT w0=11173
SELECT w1=5613
SELECT w2=6350
BUSY TASK ewma=997
DMA IRQ c0=3
DMA IRQ c1=0
DMA IRQ c2=0
DMA IRQ c3=0
SELECT busy=11196
SELECT w0=11193
SELECT w1=5620
SELECT w2=6359
BUSY TASK ewma=997
DMA IRQ c0=3
DMA IRQ c1=0
DMA IRQ c2=0
DMA IRQ c3=0
SELECT busy=11213
SELECT w0=11210
SELECT w1=5625
SELECT w2=6367
BUSY TASK ewma=997
DMA IRQ c0=3
DMA IRQ c1=0
DMA IRQ c2=0
DMA IRQ c3=0
SELECT busy=11233
SELECT w0=11230
SELECT w1=5633
SELECT w2=6378
BUSY TASK ewma=997
DMA IRQ c0=3
DMA IRQ c1=0
DMA IRQ c2=0
DMA IRQ c3=0
SELECT busy=11254
SELECT w0=11251
SELECT w1=5641
SELECT w2=6388
BUSY TASK ewma=997
DMA IRQ c0=3
DMA IRQ c1=0
DMA IRQ c2=0
DMA IRQ c3=0
SELECT busy=11269
SELECT w0=11266
SELECT w1=5648
SELECT w2=6395
BUSY TASK ewma=997
DMA IRQ c0=3
DMA IRQ c1=0
DMA IRQ c2=0
DMA IRQ c3=0
SELECT busy=11284
SELECT w0=11281
SELECT w1=5653
SELECT w2=6404
BUSY TASK ewma=997
DMA IRQ c0=3
DMA IRQ c1=0
DMA IRQ c2=0
DMA IRQ c3=0
SELECT busy=11305
SELECT w0=11303
SELECT w1=5664
SELECT w2=6417
BUSY TASK ewma=997
DMA IRQ c0=3
DMA IRQ c1=0
DMA IRQ c2=0
DMA IRQ c3=0
SELECT busy=11320
SELECT w0=11317
SELECT w1=5670
SELECT w2=6424
BUSY TASK ewma=997
DMA IRQ c0=3
DMA IRQ c1=0
DMA IRQ c2=0
DMA IRQ c3=0
SELECT busy=11334
SELECT w0=11332
SELECT w1=5679
SELECT w2=6436
BUSY TASK ewma=997
DMA IRQ c0=3
DMA IRQ c1=0
DMA IRQ c2=0
DMA IRQ c3=0
SELECT busy=11355
SELECT w0=11353
SELECT w1=5690
SELECT w2=6446
BUSY TASK ewma=997
DMA IRQ c0=3
DMA IRQ c1=0
DMA IRQ c2=0
DMA IRQ c3=0
SELECT busy=11371
SELECT w0=11369
SELECT w1=5699
SELECT w2=6456
BUSY TASK ewma=997
DMA IRQ c0=3
DMA IRQ c1=0
DMA IRQ c2=0
DMA IRQ c3=0
SELECT busy=11385
SELECT w0=11383
SELECT w1=5706
SELECT w2=6463
BUSY TASK ewma=997
DMA IRQ c0=3
DMA IRQ c1=0
DMA IRQ c2=0
DMA IRQ c3=0
SELECT busy=11412
SELECT w0=11410
SELECT w1=5718
SELECT w2=6478
BUSY TASK ewma=997
IRQ counts: cpu0=22828 cpu1=25595 cpu2=25597 cpu3=25481
SCHED secondaries: calls=76675 unexpected=0
SECTEST switches=76652 cpu1=256352984,250389755 cpu2=223044165,222475862 cpu3=317724837,305690718
PINGPONG rounds=2000 pongs=2000
DMA IRQ c0=3
DMA IRQ c1=0
DMA IRQ c2=0
DMA IRQ c3=0
SELECT busy=11447
SELECT w0=11444
SELECT w1=5735
SELECT w2=6501
BUSY TASK ewma=997
DMA IRQ c0=3
DMA IRQ c1=0
DMA IRQ c2=0
DMA IRQ c3=0
SELECT busy=11468
SELECT w0=11466
SELECT w1=5743
SELECT w2=6510
BUSY TASK ewma=997
DMA IRQ c0=3
DMA IRQ c1=0
DMA IRQ c2=0
DMA IRQ c3=0
SELECT busy=11501
SELECT w0=11498
SELECT w1=5756
SELECT w2=6524
BUSY TASK ewma=997
DMA IRQ c0=3
DMA IRQ c1=0
DMA IRQ c2=0
DMA IRQ c3=0
SELECT busy=11535
SELECT w0=11532
SELECT w1=5768
SELECT w2=6538
BUSY TASK ewma=997
DMA IRQ c0=3
DMA IRQ c1=0
DMA IRQ c2=0
DMA IRQ c3=0
SELECT busy=11551
SELECT w0=11549
SELECT w1=5776
SELECT w2=6548
BUSY TASK ewma=997
DMA IRQ c0=3
DMA IRQ c1=0
DMA IRQ c2=0
DMA IRQ c3=0
SELECT busy=11563
SELECT w0=11561
SELECT w1=5782
SELECT w2=6555
BUSY TASK ewma=997
DMA IRQ c0=3
DMA IRQ c1=0
DMA IRQ c2=0
DMA IRQ c3=0
SELECT busy=11581
SELECT w0=11579
SELECT w1=5791
SELECT w2=6567
BUSY TASK ewma=997
DMA IRQ c0=3
DMA IRQ c1=0
DMA IRQ c2=0
DMA IRQ c3=0
SELECT busy=11604
SELECT w0=11601
SELECT w1=5800
SELECT w2=6577
BUSY TASK ewma=997
DMA IRQ c0=3
DMA IRQ c1=0
DMA IRQ c2=0
DMA IRQ c3=0
SELECT busy=11622
SELECT w0=11620
SELECT w1=5810
SELECT w2=6588
BUSY TASK ewma=997
DMA IRQ c0=3
DMA IRQ c1=0
DMA IRQ c2=0
DMA IRQ c3=0
SELECT busy=11641
SELECT w0=11638
SELECT w1=5817
SELECT w2=6596
BUSY TASK ewma=997
DMA IRQ c0=3
DMA IRQ c1=0
DMA IRQ c2=0
DMA IRQ c3=0
SELECT busy=11663
SELECT w0=11661
SELECT w1=5826
SELECT w2=6607
BUSY TASK ewma=997
DMA IRQ c0=3
DMA IRQ c1=0
DMA IRQ c2=0
DMA IRQ c3=0
SELECT busy=11685
SELECT w0=11683
SELECT w1=5836
SELECT w2=6620
BUSY TASK ewma=997
DMA IRQ c0=3
DMA IRQ c1=0
DMA IRQ c2=0
DMA IRQ c3=0
SELECT busy=11715
SELECT w0=11713
SELECT w1=5850
SELECT w2=6635
BUSY TASK ewma=997
DMA IRQ c0=3
DMA IRQ c1=0
DMA IRQ c2=0
DMA IRQ c3=0
SELECT busy=11736
SELECT w0=11734
SELECT w1=5860
SELECT w2=6648
BUSY TASK ewma=997
DMA IRQ c0=3
DMA IRQ c1=0
DMA IRQ c2=0
DMA IRQ c3=0
SELECT busy=11758
SELECT w0=11755
SELECT w1=5867
SELECT w2=6657
BUSY TASK ewma=997
DMA IRQ c0=3
DMA IRQ c1=0
DMA IRQ c2=0
DMA IRQ c3=0
SELECT busy=11789
SELECT w0=11786
SELECT w1=5880
SELECT w2=6675
BUSY TASK ewma=997
DMA IRQ c0=3
DMA IRQ c1=0
DMA IRQ c2=0
DMA IRQ c3=0
SELECT busy=11827
SELECT w0=11825
SELECT w1=5898
SELECT w2=6700
BUSY TASK ewma=997
DMA IRQ c0=3
DMA IRQ c1=0
DMA IRQ c2=0
DMA IRQ c3=0
SELECT busy=11872
SELECT w0=11869
SELECT w1=5915
SELECT w2=6725
BUSY TASK ewma=997
DMA IRQ c0=3
DMA IRQ c1=0
DMA IRQ c2=0
DMA IRQ c3=0
SELECT busy=11908
SELECT w0=11906
SELECT w1=5929
SELECT w2=6744
BUSY TASK ewma=997
DMA IRQ c0=3
DMA IRQ c1=0
DMA IRQ c2=0
DMA IRQ c3=0
SELECT busy=11939
SELECT w0=11937
SELECT w1=5944
SELECT w2=6761
BUSY TASK ewma=997
DMA IRQ c0=3
DMA IRQ c1=0
DMA IRQ c2=0
DMA IRQ c3=0
SELECT busy=11964
SELECT w0=11962
SELECT w1=5958
SELECT w2=6773
BUSY TASK ewma=997
DMA IRQ c0=3
DMA IRQ c1=0
DMA IRQ c2=0
DMA IRQ c3=0
SELECT busy=11986
SELECT w0=11983
SELECT w1=5967
SELECT w2=6788
BUSY TASK ewma=997
DMA IRQ c0=3
DMA IRQ c1=0
DMA IRQ c2=0
DMA IRQ c3=0
SELECT busy=12009
SELECT w0=12006
SELECT w1=5975
SELECT w2=6802
BUSY TASK ewma=997
DMA IRQ c0=3
DMA IRQ c1=0
DMA IRQ c2=0
DMA IRQ c3=0
SELECT busy=12032
SELECT w0=12030
SELECT w1=5987
SELECT w2=6818
BUSY TASK ewma=997
DMA IRQ c0=3
DMA IRQ c1=0
DMA IRQ c2=0
DMA IRQ c3=0
SELECT busy=12052
SELECT w0=12049
SELECT w1=5996
SELECT w2=6830
BUSY TASK ewma=997
DMA IRQ c0=3
DMA IRQ c1=0
DMA IRQ c2=0
DMA IRQ c3=0
SELECT busy=12071
SELECT w0=12069
SELECT w1=6007
SELECT w2=6845
BUSY TASK ewma=997
DMA IRQ c0=3
DMA IRQ c1=0
DMA IRQ c2=0
DMA IRQ c3=0
SELECT busy=12096
SELECT w0=12094
SELECT w1=6023
SELECT w2=6862
BUSY TASK ewma=997
DMA IRQ c0=3
DMA IRQ c1=0
DMA IRQ c2=0
DMA IRQ c3=0
SELECT busy=12122
SELECT w0=12119
SELECT w1=6033
SELECT w2=6879
BUSY TASK ewma=997
DMA IRQ c0=3
DMA IRQ c1=0
DMA IRQ c2=0
DMA IRQ c3=0
SELECT busy=12149
SELECT w0=12146
SELECT w1=6041
SELECT w2=6890
BUSY TASK ewma=997
DMA IRQ c0=3
DMA IRQ c1=0
DMA IRQ c2=0
DMA IRQ c3=0
SELECT busy=12181
SELECT w0=12179
SELECT w1=6057
SELECT w2=6908
BUSY TASK ewma=997
DMA IRQ c0=3
DMA IRQ c1=0
DMA IRQ c2=0
DMA IRQ c3=0
SELECT busy=12201
SELECT w0=12199
SELECT w1=6066
SELECT w2=6922
BUSY TASK ewma=997
DMA IRQ c0=3
DMA IRQ c1=0
DMA IRQ c2=0
DMA IRQ c3=0
SELECT busy=12221
SELECT w0=12219
SELECT w1=6080
SELECT w2=6937
BUSY TASK ewma=997
DMA IRQ c0=3
DMA IRQ c1=0
DMA IRQ c2=0
DMA IRQ c3=0
SELECT busy=12243
SELECT w0=12241
SELECT w1=6087
SELECT w2=6944
BUSY TASK ewma=997
DMA IRQ c0=3
DMA IRQ c1=0
DMA IRQ c2=0
DMA IRQ c3=0
SELECT busy=12261
SELECT w0=12258
SELECT w1=6093
SELECT w2=6954
BUSY TASK ewma=997
DMA IRQ c0=3
DMA IRQ c1=0
DMA IRQ c2=0
DMA IRQ c3=0
SELECT busy=12280
SELECT w0=12278
SELECT w1=6101
SELECT w2=6966
BUSY TASK ewma=997
DMA IRQ c0=3
DMA IRQ c1=0
DMA IRQ c2=0
DMA IRQ c3=0
SELECT busy=12296
SELECT w0=12293
SELECT w1=6107
SELECT w2=6975
BUSY TASK ewma=997
DMA IRQ c0=3
DMA IRQ c1=0
DMA IRQ c2=0
DMA IRQ c3=0
SELECT busy=12323
SELECT w0=12321
SELECT w1=6118
SELECT w2=6989
BUSY TASK ewma=997
DMA IRQ c0=3
DMA IRQ c1=0
DMA IRQ c2=0
DMA IRQ c3=0
SELECT busy=12343
SELECT w0=12341
SELECT w1=6129
SELECT w2=7002
BUSY TASK ewma=997
DMA IRQ c0=3
DMA IRQ c1=0
DMA IRQ c2=0
DMA IRQ c3=0
SELECT busy=12371
SELECT w0=12368
SELECT w1=6139
SELECT w2=7014
BUSY TASK ewma=997
DMA IRQ c0=3
DMA IRQ c1=0
DMA IRQ c2=0
DMA IRQ c3=0
SELECT busy=12389
SELECT w0=12387
SELECT w1=6148
SELECT w2=7024
BUSY TASK ewma=997
DMA IRQ c0=3
DMA IRQ c1=0
DMA IRQ c2=0
DMA IRQ c3=0
SELECT busy=12407
SELECT w0=12404
SELECT w1=6156
SELECT w2=7034
BUSY TASK ewma=997
DMA IRQ c0=3
DMA IRQ c1=0
DMA IRQ c2=0
DMA IRQ c3=0
SELECT busy=12441
SELECT w0=12438
SELECT w1=6172
SELECT w2=7054
BUSY TASK ewma=997
DMA IRQ c0=3
DMA IRQ c1=0
DMA IRQ c2=0
DMA IRQ c3=0
SELECT busy=12469
SELECT w0=12466
SELECT w1=6184
SELECT w2=7068
BUSY TASK ewma=997
DMA IRQ c0=3
DMA IRQ c1=0
DMA IRQ c2=0
DMA IRQ c3=0
SELECT busy=12499
SELECT w0=12499
SELECT w1=6199
SELECT w2=7088
BUSY TASK ewma=997
DMA IRQ c0=3
DMA IRQ c1=0
DMA IRQ c2=0
DMA IRQ c3=0
SELECT busy=12529
SELECT w0=12527
SELECT w1=6213
SELECT w2=7106
BUSY TASK ewma=997
DMA IRQ c0=3
DMA IRQ c1=0
DMA IRQ c2=0
DMA IRQ c3=0
SELECT busy=12553
SELECT w0=12550
SELECT w1=6222
SELECT w2=7119
BUSY TASK ewma=997
DMA IRQ c0=3
DMA IRQ c1=0
DMA IRQ c2=0
DMA IRQ c3=0
SELECT busy=12574
SELECT w0=12571
SELECT w1=6230
SELECT w2=7127
BUSY TASK ewma=997
DMA IRQ c0=3
DMA IRQ c1=0
DMA IRQ c2=0
DMA IRQ c3=0
SELECT busy=12595
SELECT w0=12593
SELECT w1=6238
SELECT w2=7136
BUSY TASK ewma=997
DMA IRQ c0=3
DMA IRQ c1=0
DMA IRQ c2=0
DMA IRQ c3=0
SELECT busy=12620
SELECT w0=12617
SELECT w1=6249
SELECT w2=7150
BUSY TASK ewma=997
DMA IRQ c0=3
DMA IRQ c1=0
DMA IRQ c2=0
DMA IRQ c3=0
SELECT busy=12639
SELECT w0=12637
SELECT w1=6258
SELECT w2=7158
BUSY TASK ewma=997
DMA IRQ c0=3
DMA IRQ c1=0
DMA IRQ c2=0
DMA IRQ c3=0
SELECT busy=12657
SELECT w0=12654
SELECT w1=6263
SELECT w2=7166
BUSY TASK ewma=997
DMA IRQ c0=3
DMA IRQ c1=0
DMA IRQ c2=0
DMA IRQ c3=0
SELECT busy=12674
SELECT w0=12671
SELECT w1=6273
SELECT w2=7176
BUSY TASK ewma=997
DMA IRQ c0=3
DMA IRQ c1=0
DMA IRQ c2=0
DMA IRQ c3=0
SELECT busy=12690
SELECT w0=12687
SELECT w1=6281
SELECT w2=7186
BUSY TASK ewma=997
DMA IRQ c0=3
DMA IRQ c1=0
DMA IRQ c2=0
DMA IRQ c3=0
SELECT busy=12703
SELECT w0=12700
SELECT w1=6287
SELECT w2=7193
BUSY TASK ewma=997
DMA IRQ c0=3
DMA IRQ c1=0
DMA IRQ c2=0
DMA IRQ c3=0
SELECT busy=12728
SELECT w0=12726
SELECT w1=6300
SELECT w2=7207
BUSY TASK ewma=997
DMA IRQ c0=3
DMA IRQ c1=0
DMA IRQ c2=0
DMA IRQ c3=0
SELECT busy=12755
SELECT w0=12752
SELECT w1=6312
SELECT w2=7219
BUSY TASK ewma=997
DMA IRQ c0=3
DMA IRQ c1=0
DMA IRQ c2=0
DMA IRQ c3=0
SELECT busy=12774
SELECT w0=12772
SELECT w1=6320
SELECT w2=7228
BUSY TASK ewma=997
DMA IRQ c0=3
DMA IRQ c1=0
DMA IRQ c2=0
DMA IRQ c3=0
SELECT busy=12794
SELECT w0=12791
SELECT w1=6331
SELECT w2=7238
BUSY TASK ewma=997
DMA IRQ c0=3
DMA IRQ c1=0
DMA IRQ c2=0
DMA IRQ c3=0
SELECT busy=12813
SELECT w0=12811
SELECT w1=6334
SELECT w2=7243
BUSY TASK ewma=997
DMA IRQ c0=3
DMA IRQ c1=0
DMA IRQ c2=0
DMA IRQ c3=0
SELECT busy=12833
SELECT w0=12830
SELECT w1=6340
SELECT w2=7252
BUSY TASK ewma=997
DMA IRQ c0=3
DMA IRQ c1=0
DMA IRQ c2=0
DMA IRQ c3=0
SELECT busy=12853
SELECT w0=12851
SELECT w1=6354
SELECT w2=7268
BUSY TASK ewma=997
DMA IRQ c0=3
DMA IRQ c1=0
DMA IRQ c2=0
DMA IRQ c3=0
SELECT busy=12873
SELECT w0=12871
SELECT w1=6364
SELECT w2=7280
BUSY TASK ewma=997
DMA IRQ c0=3
DMA IRQ c1=0
DMA IRQ c2=0
DMA IRQ c3=0
SELECT busy=12893
SELECT w0=12890
SELECT w1=6374
SELECT w2=7290
BUSY TASK ewma=997
DMA IRQ c0=3
DMA IRQ c1=0
DMA IRQ c2=0
DMA IRQ c3=0
SELECT busy=12921
SELECT w0=12919
SELECT w1=6385
SELECT w2=7305
BUSY TASK ewma=997
IRQ counts: cpu0=25834 cpu1=28918 cpu2=28896 cpu3=28764
SCHED secondaries: calls=86599 unexpected=0
SECTEST switches=86575 cpu1=284179804,277871877 cpu2=250015998,249091687 cpu3=357389214,342392297
PINGPONG rounds=2000 pongs=2000
DMA IRQ c0=3
DMA IRQ c1=0
DMA IRQ c2=0
DMA IRQ c3=0
SELECT busy=12949
SELECT w0=12949
SELECT w1=6402
SELECT w2=7327
BUSY TASK ewma=997
DMA IRQ c0=3
DMA IRQ c1=0
DMA IRQ c2=0
DMA IRQ c3=0
SELECT busy=12973
SELECT w0=12970
SELECT w1=6411
SELECT w2=7339
BUSY TASK ewma=997
DMA IRQ c0=3
DMA IRQ c1=0
DMA IRQ c2=0
DMA IRQ c3=0
SELECT busy=12998
SELECT w0=12996
SELECT w1=6418
SELECT w2=7350
BUSY TASK ewma=997
DMA IRQ c0=3
DMA IRQ c1=0
DMA IRQ c2=0
DMA IRQ c3=0
SELECT busy=13014
SELECT w0=13013
SELECT w1=6427
SELECT w2=7361
BUSY TASK ewma=997
DMA IRQ c0=3
DMA IRQ c1=0
DMA IRQ c2=0
DMA IRQ c3=0
SELECT busy=13034
SELECT w0=13032
SELECT w1=6437
SELECT w2=7373
BUSY TASK ewma=997
DMA IRQ c0=3
DMA IRQ c1=0
DMA IRQ c2=0
DMA IRQ c3=0
SELECT busy=13054
SELECT w0=13052
SELECT w1=6447
SELECT w2=7386
BUSY TASK ewma=997
DMA IRQ c0=3
DMA IRQ c1=0
DMA IRQ c2=0
DMA IRQ c3=0
SELECT busy=13073
SELECT w0=13070
SELECT w1=6456
SELECT w2=7397
BUSY TASK ewma=997
DMA IRQ c0=3
DMA IRQ c1=0
DMA IRQ c2=0
DMA IRQ c3=0
SELECT busy=13095
SELECT w0=13093
SELECT w1=6468
SELECT w2=7411
BUSY TASK ewma=997
DMA IRQ c0=3
DMA IRQ c1=0
DMA IRQ c2=0
DMA IRQ c3=0
SELECT busy=13113
SELECT w0=13111
SELECT w1=6476
SELECT w2=7419
BUSY TASK ewma=997
DMA IRQ c0=3
DMA IRQ c1=0
DMA IRQ c2=0
DMA IRQ c3=0
SELECT busy=13142
SELECT w0=13139
SELECT w1=6489
SELECT w2=7435
BUSY TASK ewma=997
DMA IRQ c0=3
DMA IRQ c1=0
DMA IRQ c2=0
DMA IRQ c3=0
SELECT busy=13170
SELECT w0=13168
SELECT w1=6505
SELECT w2=7448
BUSY TASK ewma=997
DMA IRQ c0=3
DMA IRQ c1=0
DMA IRQ c2=0
DMA IRQ c3=0
SELECT busy=13191
SELECT w0=13189
SELECT w1=6514
SELECT w2=7458
BUSY TASK ewma=997
DMA IRQ c0=3
DMA IRQ c1=0
DMA IRQ c2=0
DMA IRQ c3=0
SELECT busy=13216
SELECT w0=13213
SELECT w1=6527
SELECT w2=7471
BUSY TASK ewma=997
DMA IRQ c0=3
DMA IRQ c1=0
DMA IRQ c2=0
DMA IRQ c3=0
SELECT busy=13229
SELECT w0=13227
SELECT w1=6533
SELECT w2=7481
BUSY TASK ewma=997
DMA IRQ c0=3
DMA IRQ c1=0
DMA IRQ c2=0
DMA IRQ c3=0
SELECT busy=13245
SELECT w0=13243
SELECT w1=6542
SELECT w2=7493
BUSY TASK ewma=997
DMA IRQ c0=3
DMA IRQ c1=0
DMA IRQ c2=0
DMA IRQ c3=0
SELECT busy=13267
SELECT w0=13264
SELECT w1=6553
SELECT w2=7508
BUSY TASK ewma=997
DMA IRQ c0=3
DMA IRQ c1=0
DMA IRQ c2=0
DMA IRQ c3=0
SELECT busy=13290
SELECT w0=13289
SELECT w1=6563
SELECT w2=7521
BUSY TASK ewma=997
DMA IRQ c0=3
DMA IRQ c1=0
DMA IRQ c2=0
DMA IRQ c3=0
SELECT busy=13306
SELECT w0=13303
SELECT w1=6567
SELECT w2=7526
BUSY TASK ewma=997
DMA IRQ c0=3
DMA IRQ c1=0
DMA IRQ c2=0
DMA IRQ c3=0
SELECT busy=13331
SELECT w0=13329
SELECT w1=6579
SELECT w2=7546
BUSY TASK ewma=997
DMA IRQ c0=3
DMA IRQ c1=0
DMA IRQ c2=0
DMA IRQ c3=0
SELECT busy=13353
SELECT w0=13354
SELECT w1=6594
SELECT w2=7561
BUSY TASK ewma=997
DMA IRQ c0=3
DMA IRQ c1=0
DMA IRQ c2=0
DMA IRQ c3=0
SELECT busy=13377
SELECT w0=13374
SELECT w1=6602
SELECT w2=7571
BUSY TASK ewma=997
DMA IRQ c0=3
DMA IRQ c1=0
DMA IRQ c2=0
DMA IRQ c3=0
SELECT busy=13395
SELECT w0=13393
SELECT w1=6613
SELECT w2=7584
BUSY TASK ewma=997
DMA IRQ c0=3
DMA IRQ c1=0
DMA IRQ c2=0
DMA IRQ c3=0
SELECT busy=13422
SELECT w0=13420
SELECT w1=6626
SELECT w2=7599
BUSY TASK ewma=997
DMA IRQ c0=3
DMA IRQ c1=0
DMA IRQ c2=0
DMA IRQ c3=0
SELECT busy=13453
SELECT w0=13450
SELECT w1=6640
SELECT w2=7615
BUSY TASK ewma=997
DMA IRQ c0=3
DMA IRQ c1=0
DMA IRQ c2=0
DMA IRQ c3=0
SELECT busy=13489
SELECT w0=13486
SELECT w1=6656
SELECT w2=7629
BUSY TASK ewma=997
DMA IRQ c0=3
DMA IRQ c1=0
DMA IRQ c2=0
DMA IRQ c3=0
SELECT busy=13530
SELECT w0=13527
SELECT w1=6674
SELECT w2=7650
BUSY TASK ewma=997
DMA IRQ c0=3
DMA IRQ c1=0
DMA IRQ c2=0
DMA IRQ c3=0
SELECT busy=13562
SELECT w0=13560
SELECT w1=6688
SELECT w2=7672
qemu-system-aarch64: terminating on signal 15 from pid 246380 (timeout)
