P4 M7: full integration test boot OK
CPU0: MPIDR_EL1=0x0000000080000000
CPU0: psci_cpu_on target=1 rc=0
CPU1: alive, MPIDR_EL1=0x0000000080000001 this_cpu()->cpu_id=1
CPU0: psci_cpu_on target=2 rc=0
CPU2: alive, MPIDR_EL1=0x0000000080000002 this_cpu()->cpu_id=2
CPU0: psci_cpu_on target=3 rc=0
CPU3: alive, MPIDR_EL1=0x0000000080000003 this_cpu()->cpu_id=3
CPUs online: 4
DMA IRQ target cpu=0
D2b: worker 1 runs on CPU1
D2b: worker 2 runs on CPU2
D2b: worker 0 runs on CPU0
P4 M7: worker submitted cmd_id=3
P4 M7: worker submitted cmd_id=2
P4 M7: worker submitted cmd_id=1
P4 M7: worker DATA OK, cmd_id=2
P4 M7: worker DATA OK, cmd_id=3
P4 M7: worker DATA OK, cmd_id=1
WORKER ewma=831
WORKER ewma=916
WORKER ewma=831
BUSY TASK ewma=997
DMA IRQ c0=1
DMA IRQ c1=0
DMA IRQ c2=0
DMA IRQ c3=0
SELECT busy=44
SELECT w0=45
SELECT w1=42
SELECT w2=45
BUSY TASK ewma=997
DMA IRQ c0=1
DMA IRQ c1=0
DMA IRQ c2=0
DMA IRQ c3=0
SELECT busy=78
SELECT w0=78
SELECT w1=99
SELECT w2=101
BUSY TASK ewma=997
DMA IRQ c0=1
DMA IRQ c1=0
DMA IRQ c2=0
DMA IRQ c3=0
SELECT busy=110
SELECT w0=110
SELECT w1=142
SELECT w2=144
BUSY TASK ewma=997
DMA IRQ c0=1
DMA IRQ c1=0
DMA IRQ c2=0
DMA IRQ c3=0
SELECT busy=154
SELECT w0=154
SELECT w1=167
SELECT w2=172
BUSY TASK ewma=997
DMA IRQ c0=1
DMA IRQ c1=0
DMA IRQ c2=0
DMA IRQ c3=0
SELECT busy=200
SELECT w0=200
SELECT w1=191
SELECT w2=201
BUSY TASK ewma=997
DMA IRQ c0=1
DMA IRQ c1=0
DMA IRQ c2=0
DMA IRQ c3=0
SELECT busy=244
SELECT w0=244
SELECT w1=217
SELECT w2=235
BUSY TASK ewma=997
DMA IRQ c0=1
DMA IRQ c1=0
DMA IRQ c2=0
DMA IRQ c3=0
SELECT busy=280
SELECT w0=279
SELECT w1=233
SELECT w2=253
BUSY TASK ewma=997
DMA IRQ c0=1
DMA IRQ c1=0
DMA IRQ c2=0
DMA IRQ c3=0
SELECT busy=308
SELECT w0=307
SELECT w1=251
SELECT w2=271
BUSY TASK ewma=997
DMA IRQ c0=1
DMA IRQ c1=0
DMA IRQ c2=0
DMA IRQ c3=0
SELECT busy=332
SELECT w0=331
SELECT w1=264
SELECT w2=284
BUSY TASK ewma=997
DMA IRQ c0=1
DMA IRQ c1=0
DMA IRQ c2=0
DMA IRQ c3=0
SELECT busy=357
SELECT w0=356
SELECT w1=276
SELECT w2=297
BUSY TASK ewma=997
DMA IRQ c0=1
DMA IRQ c1=0
DMA IRQ c2=0
DMA IRQ c3=0
SELECT busy=399
SELECT w0=398
SELECT w1=296
SELECT w2=318
BUSY TASK ewma=997
DMA IRQ c0=1
DMA IRQ c1=0
DMA IRQ c2=0
DMA IRQ c3=0
SELECT busy=443
SELECT w0=443
SELECT w1=317
SELECT w2=340
BUSY TASK ewma=997
DMA IRQ c0=1
DMA IRQ c1=0
DMA IRQ c2=0
DMA IRQ c3=0
SELECT busy=484
SELECT w0=484
SELECT w1=342
SELECT w2=361
BUSY TASK ewma=997
DMA IRQ c0=1
DMA IRQ c1=0
DMA IRQ c2=0
DMA IRQ c3=0
SELECT busy=520
SELECT w0=519
SELECT w1=360
SELECT w2=380
BUSY TASK ewma=997
DMA IRQ c0=1
DMA IRQ c1=0
DMA IRQ c2=0
DMA IRQ c3=0
SELECT busy=558
SELECT w0=558
SELECT w1=382
SELECT w2=399
BUSY TASK ewma=997
DMA IRQ c0=1
DMA IRQ c1=0
DMA IRQ c2=0
DMA IRQ c3=0
SELECT busy=595
SELECT w0=594
SELECT w1=396
SELECT w2=417
BUSY TASK ewma=997
DMA IRQ c0=1
DMA IRQ c1=0
DMA IRQ c2=0
DMA IRQ c3=0
SELECT busy=622
SELECT w0=621
SELECT w1=410
SELECT w2=430
BUSY TASK ewma=997
DMA IRQ c0=1
DMA IRQ c1=0
DMA IRQ c2=0
DMA IRQ c3=0
SELECT busy=657
SELECT w0=656
SELECT w1=429
SELECT w2=449
BUSY TASK ewma=997
DMA IRQ c0=1
DMA IRQ c1=0
DMA IRQ c2=0
DMA IRQ c3=0
SELECT busy=694
SELECT w0=693
SELECT w1=446
SELECT w2=466
BUSY TASK ewma=997
DMA IRQ c0=1
DMA IRQ c1=0
DMA IRQ c2=0
DMA IRQ c3=0
SELECT busy=721
SELECT w0=721
SELECT w1=467
SELECT w2=484
BUSY TASK ewma=997
DMA IRQ c0=1
DMA IRQ c1=0
DMA IRQ c2=0
DMA IRQ c3=0
SELECT busy=758
SELECT w0=758
SELECT w1=490
SELECT w2=507
BUSY TASK ewma=997
DMA IRQ c0=1
DMA IRQ c1=0
DMA IRQ c2=0
DMA IRQ c3=0
SELECT busy=797
SELECT w0=796
SELECT w1=509
SELECT w2=526
BUSY TASK ewma=997
DMA IRQ c0=1
DMA IRQ c1=0
DMA IRQ c2=0
DMA IRQ c3=0
SELECT busy=815
SELECT w0=815
SELECT w1=520
SELECT w2=538
BUSY TASK ewma=997
DMA IRQ c0=1
DMA IRQ c1=0
DMA IRQ c2=0
DMA IRQ c3=0
SELECT busy=834
SELECT w0=833
SELECT w1=531
SELECT w2=549
BUSY TASK ewma=997
DMA IRQ c0=1
DMA IRQ c1=0
DMA IRQ c2=0
DMA IRQ c3=0
SELECT busy=869
SELECT w0=869
SELECT w1=554
SELECT w2=568
BUSY TASK ewma=997
DMA IRQ c0=1
DMA IRQ c1=0
DMA IRQ c2=0
DMA IRQ c3=0
SELECT busy=902
SELECT w0=902
SELECT w1=572
SELECT w2=586
BUSY TASK ewma=997
DMA IRQ c0=1
DMA IRQ c1=0
DMA IRQ c2=0
DMA IRQ c3=0
SELECT busy=942
SELECT w0=941
SELECT w1=594
SELECT w2=605
BUSY TASK ewma=997
DMA IRQ c0=1
DMA IRQ c1=0
DMA IRQ c2=0
DMA IRQ c3=0
SELECT busy=969
SELECT w0=973
SELECT w1=612
SELECT w2=624
BUSY TASK ewma=997
DMA IRQ c0=1
DMA IRQ c1=0
DMA IRQ c2=0
DMA IRQ c3=0
SELECT busy=992
SELECT w0=991
SELECT w1=622
SELECT w2=634
BUSY TASK ewma=997
DMA IRQ c0=1
DMA IRQ c1=0
DMA IRQ c2=0
DMA IRQ c3=0
SELECT busy=1013
SELECT w0=1012
SELECT w1=633
SELECT w2=647
BUSY TASK ewma=997
DMA IRQ c0=1
DMA IRQ c1=0
DMA IRQ c2=0
DMA IRQ c3=0
SELECT busy=1040
SELECT w0=1039
SELECT w1=650
SELECT w2=662
BUSY TASK ewma=997
DMA IRQ c0=1
DMA IRQ c1=0
DMA IRQ c2=0
DMA IRQ c3=0
SELECT busy=1058
SELECT w0=1057
SELECT w1=660
SELECT w2=671
BUSY TASK ewma=997
DMA IRQ c0=1
DMA IRQ c1=0
DMA IRQ c2=0
DMA IRQ c3=0
SELECT busy=1075
SELECT w0=1075
SELECT w1=669
SELECT w2=679
BUSY TASK ewma=997
DMA IRQ c0=1
DMA IRQ c1=0
DMA IRQ c2=0
DMA IRQ c3=0
SELECT busy=1093
SELECT w0=1093
SELECT w1=679
SELECT w2=689
BUSY TASK ewma=997
DMA IRQ c0=1
DMA IRQ c1=0
DMA IRQ c2=0
DMA IRQ c3=0
SELECT busy=1115
SELECT w0=1115
SELECT w1=693
SELECT w2=704
BUSY TASK ewma=997
DMA IRQ c0=1
DMA IRQ c1=0
DMA IRQ c2=0
DMA IRQ c3=0
SELECT busy=1145
SELECT w0=1144
SELECT w1=708
SELECT w2=719
BUSY TASK ewma=997
DMA IRQ c0=1
DMA IRQ c1=0
DMA IRQ c2=0
DMA IRQ c3=0
SELECT busy=1170
SELECT w0=1169
SELECT w1=724
SELECT w2=735
BUSY TASK ewma=997
DMA IRQ c0=1
DMA IRQ c1=0
DMA IRQ c2=0
DMA IRQ c3=0
SELECT busy=1184
SELECT w0=1184
SELECT w1=732
SELECT w2=745
BUSY TASK ewma=997
DMA IRQ c0=1
DMA IRQ c1=0
DMA IRQ c2=0
DMA IRQ c3=0
SELECT busy=1200
SELECT w0=1199
SELECT w1=741
SELECT w2=756
BUSY TASK ewma=997
DMA IRQ c0=1
DMA IRQ c1=0
DMA IRQ c2=0
DMA IRQ c3=0
SELECT busy=1219
SELECT w0=1219
SELECT w1=756
SELECT w2=770
BUSY TASK ewma=997
DMA IRQ c0=1
DMA IRQ c1=0
DMA IRQ c2=0
DMA IRQ c3=0
SELECT busy=1234
SELECT w0=1234
SELECT w1=765
SELECT w2=780
BUSY TASK ewma=997
DMA IRQ c0=1
DMA IRQ c1=0
DMA IRQ c2=0
DMA IRQ c3=0
SELECT busy=1261
SELECT w0=1261
SELECT w1=784
SELECT w2=798
BUSY TASK ewma=997
DMA IRQ c0=1
DMA IRQ c1=0
DMA IRQ c2=0
DMA IRQ c3=0
SELECT busy=1279
SELECT w0=1279
SELECT w1=792
SELECT w2=806
BUSY TASK ewma=997
DMA IRQ c0=1
DMA IRQ c1=0
DMA IRQ c2=0
DMA IRQ c3=0
SELECT busy=1299
SELECT w0=1298
SELECT w1=801
SELECT w2=814
BUSY TASK ewma=997
DMA IRQ c0=1
DMA IRQ c1=0
DMA IRQ c2=0
DMA IRQ c3=0
SELECT busy=1318
SELECT w0=1317
SELECT w1=810
SELECT w2=824
BUSY TASK ewma=997
DMA IRQ c0=1
DMA IRQ c1=0
DMA IRQ c2=0
DMA IRQ c3=0
SELECT busy=1341
SELECT w0=1340
SELECT w1=824
SELECT w2=839
BUSY TASK ewma=997
DMA IRQ c0=1
DMA IRQ c1=0
DMA IRQ c2=0
DMA IRQ c3=0
SELECT busy=1359
SELECT w0=1359
SELECT w1=831
SELECT w2=846
BUSY TASK ewma=997
DMA IRQ c0=1
DMA IRQ c1=0
DMA IRQ c2=0
DMA IRQ c3=0
SELECT busy=1382
SELECT w0=1381
SELECT w1=845
SELECT w2=856
BUSY TASK ewma=997
DMA IRQ c0=1
DMA IRQ c1=0
DMA IRQ c2=0
DMA IRQ c3=0
SELECT busy=1400
SELECT w0=1399
SELECT w1=855
SELECT w2=867
BUSY TASK ewma=997
DMA IRQ c0=1
DMA IRQ c1=0
DMA IRQ c2=0
DMA IRQ c3=0
SELECT busy=1423
SELECT w0=1422
SELECT w1=867
SELECT w2=878
BUSY TASK ewma=997
DMA IRQ c0=1
DMA IRQ c1=0
DMA IRQ c2=0
DMA IRQ c3=0
SELECT busy=1443
SELECT w0=1442
SELECT w1=877
SELECT w2=885
BUSY TASK ewma=997
DMA IRQ c0=1
DMA IRQ c1=0
DMA IRQ c2=0
DMA IRQ c3=0
SELECT busy=1463
SELECT w0=1463
SELECT w1=892
SELECT w2=898
BUSY TASK ewma=997
DMA IRQ c0=1
DMA IRQ c1=0
DMA IRQ c2=0
DMA IRQ c3=0
SELECT busy=1481
SELECT w0=1481
SELECT w1=900
SELECT w2=907
BUSY TASK ewma=997
DMA IRQ c0=1
DMA IRQ c1=0
DMA IRQ c2=0
DMA IRQ c3=0
SELECT busy=1497
SELECT w0=1496
SELECT w1=908
SELECT w2=919
BUSY TASK ewma=997
DMA IRQ c0=1
DMA IRQ c1=0
DMA IRQ c2=0
DMA IRQ c3=0
SELECT busy=1523
SELECT w0=1523
SELECT w1=922
SELECT w2=941
BUSY TASK ewma=997
DMA IRQ c0=1
DMA IRQ c1=0
DMA IRQ c2=0
DMA IRQ c3=0
SELECT busy=1545
SELECT w0=1544
SELECT w1=936
SELECT w2=954
BUSY TASK ewma=997
DMA IRQ c0=1
DMA IRQ c1=0
DMA IRQ c2=0
DMA IRQ c3=0
SELECT busy=1564
SELECT w0=1563
SELECT w1=942
SELECT w2=961
BUSY TASK ewma=997
DMA IRQ c0=1
DMA IRQ c1=0
DMA IRQ c2=0
DMA IRQ c3=0
SELECT busy=1579
SELECT w0=1578
SELECT w1=954
SELECT w2=971
BUSY TASK ewma=997
DMA IRQ c0=1
DMA IRQ c1=0
DMA IRQ c2=0
DMA IRQ c3=0
SELECT busy=1604
SELECT w0=1603
SELECT w1=966
SELECT w2=985
BUSY TASK ewma=997
DMA IRQ c0=1
DMA IRQ c1=0
DMA IRQ c2=0
DMA IRQ c3=0
SELECT busy=1621
SELECT w0=1622
SELECT w1=974
SELECT w2=994
BUSY TASK ewma=997
DMA IRQ c0=1
DMA IRQ c1=0
DMA IRQ c2=0
DMA IRQ c3=0
SELECT busy=1642
SELECT w0=1641
SELECT w1=989
SELECT w2=1005
BUSY TASK ewma=997
DMA IRQ c0=1
DMA IRQ c1=0
DMA IRQ c2=0
DMA IRQ c3=0
SELECT busy=1659
SELECT w0=1659
SELECT w1=999
SELECT w2=1014
BUSY TASK ewma=997
DMA IRQ c0=1
DMA IRQ c1=0
DMA IRQ c2=0
DMA IRQ c3=0
SELECT busy=1678
SELECT w0=1678
SELECT w1=1009
SELECT w2=1024
BUSY TASK ewma=997
IRQ counts: cpu0=3380 cpu1=3815 cpu2=3798 cpu3=3740
SCHED secondaries: calls=11362 unexpected=0
SECTEST switches=11343 cpu1=37008370,34015640 cpu2=25463732,24815924 cpu3=40362122,37334665
PINGPONG rounds=829 pongs=830
DMA IRQ c0=1
DMA IRQ c1=0
DMA IRQ c2=0
DMA IRQ c3=0
SELECT busy=1704
SELECT w0=1704
SELECT w1=1026
SELECT w2=1041
BUSY TASK ewma=997
DMA IRQ c0=1
DMA IRQ c1=0
DMA IRQ c2=0
DMA IRQ c3=0
SELECT busy=1720
SELECT w0=1720
SELECT w1=1037
SELECT w2=1051
BUSY TASK ewma=997
DMA IRQ c0=1
DMA IRQ c1=0
DMA IRQ c2=0
DMA IRQ c3=0
SELECT busy=1735
SELECT w0=1735
SELECT w1=1046
SELECT w2=1061
BUSY TASK ewma=997
DMA IRQ c0=1
DMA IRQ c1=0
DMA IRQ c2=0
DMA IRQ c3=0
SELECT busy=1759
SELECT w0=1758
SELECT w1=1060
SELECT w2=1073
BUSY TASK ewma=997
DMA IRQ c0=1
DMA IRQ c1=0
DMA IRQ c2=0
DMA IRQ c3=0
SELECT busy=1777
SELECT w0=1777
SELECT w1=1068
SELECT w2=1082
BUSY TASK ewma=997
DMA IRQ c0=1
DMA IRQ c1=0
DMA IRQ c2=0
DMA IRQ c3=0
SELECT busy=1795
SELECT w0=1795
SELECT w1=1077
SELECT w2=1091
BUSY TASK ewma=997
DMA IRQ c0=1
DMA IRQ c1=0
DMA IRQ c2=0
DMA IRQ c3=0
SELECT busy=1814
SELECT w0=1813
SELECT w1=1083
SELECT w2=1098
BUSY TASK ewma=997
DMA IRQ c0=1
DMA IRQ c1=0
DMA IRQ c2=0
DMA IRQ c3=0
SELECT busy=1835
SELECT w0=1834
SELECT w1=1092
SELECT w2=1106
BUSY TASK ewma=997
DMA IRQ c0=1
DMA IRQ c1=0
DMA IRQ c2=0
DMA IRQ c3=0
SELECT busy=1856
SELECT w0=1856
SELECT w1=1105
SELECT w2=1121
BUSY TASK ewma=997
DMA IRQ c0=1
DMA IRQ c1=0
DMA IRQ c2=0
DMA IRQ c3=0
SELECT busy=1878
SELECT w0=1877
SELECT w1=1116
SELECT w2=1133
BUSY TASK ewma=997
DMA IRQ c0=1
DMA IRQ c1=0
DMA IRQ c2=0
DMA IRQ c3=0
SELECT busy=1892
SELECT w0=1891
SELECT w1=1124
SELECT w2=1139
BUSY TASK ewma=997
DMA IRQ c0=1
DMA IRQ c1=0
DMA IRQ c2=0
DMA IRQ c3=0
SELECT busy=1909
SELECT w0=1909
SELECT w1=1134
SELECT w2=1149
BUSY TASK ewma=997
DMA IRQ c0=1
DMA IRQ c1=0
DMA IRQ c2=0
DMA IRQ c3=0
SELECT busy=1924
SELECT w0=1924
SELECT w1=1143
SELECT w2=1157
BUSY TASK ewma=997
DMA IRQ c0=1
DMA IRQ c1=0
DMA IRQ c2=0
DMA IRQ c3=0
SELECT busy=1940
SELECT w0=1940
SELECT w1=1152
SELECT w2=1166
BUSY TASK ewma=997
DMA IRQ c0=1
DMA IRQ c1=0
DMA IRQ c2=0
DMA IRQ c3=0
SELECT busy=1957
SELECT w0=1956
SELECT w1=1161
SELECT w2=1176
BUSY TASK ewma=997
DMA IRQ c0=1
DMA IRQ c1=0
DMA IRQ c2=0
DMA IRQ c3=0
SELECT busy=1970
SELECT w0=1970
SELECT w1=1169
SELECT w2=1185
BUSY TASK ewma=997
DMA IRQ c0=1
DMA IRQ c1=0
DMA IRQ c2=0
DMA IRQ c3=0
SELECT busy=1986
SELECT w0=1985
SELECT w1=1178
SELECT w2=1194
BUSY TASK ewma=997
DMA IRQ c0=1
DMA IRQ c1=0
DMA IRQ c2=0
DMA IRQ c3=0
SELECT busy=2004
SELECT w0=2003
SELECT w1=1188
SELECT w2=1205
BUSY TASK ewma=997
DMA IRQ c0=1
DMA IRQ c1=0
DMA IRQ c2=0
DMA IRQ c3=0
SELECT busy=2026
SELECT w0=2026
SELECT w1=1198
SELECT w2=1215
BUSY TASK ewma=997
DMA IRQ c0=1
DMA IRQ c1=0
DMA IRQ c2=0
DMA IRQ c3=0
SELECT busy=2051
SELECT w0=2051
SELECT w1=1216
SELECT w2=1230
BUSY TASK ewma=997
DMA IRQ c0=1
DMA IRQ c1=0
DMA IRQ c2=0
DMA IRQ c3=0
SELECT busy=2069
SELECT w0=2068
SELECT w1=1225
SELECT w2=1241
BUSY TASK ewma=997
DMA IRQ c0=1
DMA IRQ c1=0
DMA IRQ c2=0
DMA IRQ c3=0
SELECT busy=2085
SELECT w0=2085
SELECT w1=1238
SELECT w2=1250
BUSY TASK ewma=997
DMA IRQ c0=1
DMA IRQ c1=0
DMA IRQ c2=0
DMA IRQ c3=0
SELECT busy=2108
SELECT w0=2108
SELECT w1=1252
SELECT w2=1268
BUSY TASK ewma=997
DMA IRQ c0=1
DMA IRQ c1=0
DMA IRQ c2=0
DMA IRQ c3=0
SELECT busy=2127
SELECT w0=2127
SELECT w1=1263
SELECT w2=1282
BUSY TASK ewma=997
DMA IRQ c0=1
DMA IRQ c1=0
DMA IRQ c2=0
DMA IRQ c3=0
SELECT busy=2151
SELECT w0=2151
SELECT w1=1277
SELECT w2=1298
BUSY TASK ewma=997
DMA IRQ c0=1
DMA IRQ c1=0
DMA IRQ c2=0
DMA IRQ c3=0
SELECT busy=2167
SELECT w0=2166
SELECT w1=1285
SELECT w2=1306
BUSY TASK ewma=997
DMA IRQ c0=1
DMA IRQ c1=0
DMA IRQ c2=0
DMA IRQ c3=0
SELECT busy=2183
SELECT w0=2183
SELECT w1=1296
SELECT w2=1315
BUSY TASK ewma=997
DMA IRQ c0=1
DMA IRQ c1=0
DMA IRQ c2=0
DMA IRQ c3=0
SELECT busy=2206
SELECT w0=2206
SELECT w1=1310
SELECT w2=1331
BUSY TASK ewma=997
DMA IRQ c0=1
DMA IRQ c1=0
DMA IRQ c2=0
DMA IRQ c3=0
SELECT busy=2221
SELECT w0=2221
SELECT w1=1322
SELECT w2=1347
BUSY TASK ewma=997
DMA IRQ c0=1
DMA IRQ c1=0
DMA IRQ c2=0
DMA IRQ c3=0
SELECT busy=2242
SELECT w0=2242
SELECT w1=1333
SELECT w2=1359
BUSY TASK ewma=997
DMA IRQ c0=1
DMA IRQ c1=0
DMA IRQ c2=0
DMA IRQ c3=0
SELECT busy=2258
SELECT w0=2258
SELECT w1=1344
SELECT w2=1369
BUSY TASK ewma=997
DMA IRQ c0=1
DMA IRQ c1=0
DMA IRQ c2=0
DMA IRQ c3=0
SELECT busy=2274
SELECT w0=2274
SELECT w1=1357
SELECT w2=1380
BUSY TASK ewma=997
DMA IRQ c0=1
DMA IRQ c1=0
DMA IRQ c2=0
DMA IRQ c3=0
SELECT busy=2292
SELECT w0=2291
SELECT w1=1370
SELECT w2=1390
BUSY TASK ewma=997
DMA IRQ c0=1
DMA IRQ c1=0
DMA IRQ c2=0
DMA IRQ c3=0
SELECT busy=2311
SELECT w0=2311
SELECT w1=1382
SELECT w2=1403
BUSY TASK ewma=997
DMA IRQ c0=1
DMA IRQ c1=0
DMA IRQ c2=0
DMA IRQ c3=0
SELECT busy=2334
SELECT w0=2339
SELECT w1=1400
SELECT w2=1420
BUSY TASK ewma=997
DMA IRQ c0=1
DMA IRQ c1=0
DMA IRQ c2=0
DMA IRQ c3=0
SELECT busy=2360
SELECT w0=2360
SELECT w1=1416
SELECT w2=1434
BUSY TASK ewma=997
DMA IRQ c0=1
DMA IRQ c1=0
DMA IRQ c2=0
DMA IRQ c3=0
SELECT busy=2384
SELECT w0=2383
SELECT w1=1427
SELECT w2=1443
BUSY TASK ewma=997
DMA IRQ c0=1
DMA IRQ c1=0
DMA IRQ c2=0
DMA IRQ c3=0
SELECT busy=2402
SELECT w0=2402
SELECT w1=1436
SELECT w2=1452
BUSY TASK ewma=997
DMA IRQ c0=1
DMA IRQ c1=0
DMA IRQ c2=0
DMA IRQ c3=0
SELECT busy=2422
SELECT w0=2421
SELECT w1=1446
SELECT w2=1461
BUSY TASK ewma=997
DMA IRQ c0=1
DMA IRQ c1=0
DMA IRQ c2=0
DMA IRQ c3=0
SELECT busy=2441
SELECT w0=2440
SELECT w1=1459
SELECT w2=1472
BUSY TASK ewma=997
DMA IRQ c0=1
DMA IRQ c1=0
DMA IRQ c2=0
DMA IRQ c3=0
SELECT busy=2454
SELECT w0=2453
SELECT w1=1465
SELECT w2=1482
BUSY TASK ewma=997
DMA IRQ c0=1
DMA IRQ c1=0
DMA IRQ c2=0
DMA IRQ c3=0
SELECT busy=2473
SELECT w0=2473
SELECT w1=1474
SELECT w2=1492
BUSY TASK ewma=997
DMA IRQ c0=1
DMA IRQ c1=0
DMA IRQ c2=0
DMA IRQ c3=0
SELECT busy=2495
SELECT w0=2494
SELECT w1=1486
SELECT w2=1504
BUSY TASK ewma=997
DMA IRQ c0=1
DMA IRQ c1=0
DMA IRQ c2=0
DMA IRQ c3=0
SELECT busy=2513
SELECT w0=2512
SELECT w1=1501
SELECT w2=1517
BUSY TASK ewma=997
DMA IRQ c0=1
DMA IRQ c1=0
DMA IRQ c2=0
DMA IRQ c3=0
SELECT busy=2530
SELECT w0=2532
SELECT w1=1509
SELECT w2=1526
BUSY TASK ewma=997
DMA IRQ c0=1
DMA IRQ c1=0
DMA IRQ c2=0
DMA IRQ c3=0
SELECT busy=2548
SELECT w0=2549
SELECT w1=1516
SELECT w2=1533
BUSY TASK ewma=997
DMA IRQ c0=1
DMA IRQ c1=0
DMA IRQ c2=0
DMA IRQ c3=0
SELECT busy=2569
SELECT w0=2569
SELECT w1=1525
SELECT w2=1543
BUSY TASK ewma=997
DMA IRQ c0=1
DMA IRQ c1=0
DMA IRQ c2=0
DMA IRQ c3=0
SELECT busy=2587
SELECT w0=2586
SELECT w1=1535
SELECT w2=1556
BUSY TASK ewma=997
DMA IRQ c0=1
DMA IRQ c1=0
DMA IRQ c2=0
DMA IRQ c3=0
SELECT busy=2611
SELECT w0=2612
SELECT w1=1551
SELECT w2=1568
BUSY TASK ewma=997
DMA IRQ c0=1
DMA IRQ c1=0
DMA IRQ c2=0
DMA IRQ c3=0
SELECT busy=2631
SELECT w0=2630
SELECT w1=1560
SELECT w2=1581
BUSY TASK ewma=997
DMA IRQ c0=1
DMA IRQ c1=0
DMA IRQ c2=0
DMA IRQ c3=0
SELECT busy=2653
SELECT w0=2652
SELECT w1=1576
SELECT w2=1594
BUSY TASK ewma=997
DMA IRQ c0=1
DMA IRQ c1=0
DMA IRQ c2=0
DMA IRQ c3=0
SELECT busy=2669
SELECT w0=2668
SELECT w1=1585
SELECT w2=1606
BUSY TASK ewma=997
DMA IRQ c0=1
DMA IRQ c1=0
DMA IRQ c2=0
DMA IRQ c3=0
SELECT busy=2686
SELECT w0=2686
SELECT w1=1594
SELECT w2=1616
BUSY TASK ewma=997
DMA IRQ c0=1
DMA IRQ c1=0
DMA IRQ c2=0
DMA IRQ c3=0
SELECT busy=2702
SELECT w0=2701
SELECT w1=1601
SELECT w2=1626
BUSY TASK ewma=997
DMA IRQ c0=1
DMA IRQ c1=0
DMA IRQ c2=0
DMA IRQ c3=0
SELECT busy=2724
SELECT w0=2724
SELECT w1=1614
SELECT w2=1638
BUSY TASK ewma=997
DMA IRQ c0=1
DMA IRQ c1=0
DMA IRQ c2=0
DMA IRQ c3=0
SELECT busy=2740
SELECT w0=2739
SELECT w1=1623
SELECT w2=1645
BUSY TASK ewma=997
DMA IRQ c0=1
DMA IRQ c1=0
DMA IRQ c2=0
DMA IRQ c3=0
SELECT busy=2755
SELECT w0=2755
SELECT w1=1630
SELECT w2=1654
BUSY TASK ewma=997
DMA IRQ c0=1
DMA IRQ c1=0
DMA IRQ c2=0
DMA IRQ c3=0
SELECT busy=2774
SELECT w0=2774
SELECT w1=1644
SELECT w2=1668
BUSY TASK ewma=997
DMA IRQ c0=1
DMA IRQ c1=0
DMA IRQ c2=0
DMA IRQ c3=0
SELECT busy=2798
SELECT w0=2799
SELECT w1=1660
SELECT w2=1683
BUSY TASK ewma=997
DMA IRQ c0=1
DMA IRQ c1=0
DMA IRQ c2=0
DMA IRQ c3=0
SELECT busy=2835
SELECT w0=2835
SELECT w1=1686
SELECT w2=1709
BUSY TASK ewma=997
DMA IRQ c0=1
DMA IRQ c1=0
DMA IRQ c2=0
DMA IRQ c3=0
SELECT busy=2864
SELECT w0=2864
SELECT w1=1701
SELECT w2=1727
BUSY TASK ewma=997
DMA IRQ c0=1
DMA IRQ c1=0
DMA IRQ c2=0
DMA IRQ c3=0
SELECT busy=2898
SELECT w0=2897
SELECT w1=1715
SELECT w2=1742
BUSY TASK ewma=997
DMA IRQ c0=1
DMA IRQ c1=0
DMA IRQ c2=0
DMA IRQ c3=0
SELECT busy=2933
SELECT w0=2933
SELECT w1=1732
SELECT w2=1762
BUSY TASK ewma=997
DMA IRQ c0=1
DMA IRQ c1=0
DMA IRQ c2=0
DMA IRQ c3=0
SELECT busy=2965
SELECT w0=2965
SELECT w1=1749
SELECT w2=1784
BUSY TASK ewma=997
IRQ counts: cpu0=5992 cpu1=6845 cpu2=6901 cpu3=6746
SCHED secondaries: calls=20499 unexpected=0
SECTEST switches=20472 cpu1=76007446,71787254 cpu2=53671454,53082366 cpu3=81234131,77819260
PINGPONG rounds=1419 pongs=1420
DMA IRQ c0=1
DMA IRQ c1=0
DMA IRQ c2=0
DMA IRQ c3=0
SELECT busy=3001
SELECT w0=3000
SELECT w1=1767
SELECT w2=1801
BUSY TASK ewma=997
DMA IRQ c0=1
DMA IRQ c1=0
DMA IRQ c2=0
DMA IRQ c3=0
SELECT busy=3027
SELECT w0=3028
SELECT w1=1784
SELECT w2=1817
BUSY TASK ewma=997
DMA IRQ c0=1
DMA IRQ c1=0
DMA IRQ c2=0
DMA IRQ c3=0
SELECT busy=3056
SELECT w0=3056
SELECT w1=1800
SELECT w2=1833
BUSY TASK ewma=997
DMA IRQ c0=1
DMA IRQ c1=0
DMA IRQ c2=0
DMA IRQ c3=0
SELECT busy=3088
SELECT w0=3088
SELECT w1=1821
SELECT w2=1853
BUSY TASK ewma=997
DMA IRQ c0=1
DMA IRQ c1=0
DMA IRQ c2=0
DMA IRQ c3=0
SELECT busy=3109
SELECT w0=3109
SELECT w1=1834
SELECT w2=1870
BUSY TASK ewma=997
DMA IRQ c0=1
DMA IRQ c1=0
DMA IRQ c2=0
DMA IRQ c3=0
SELECT busy=3128
SELECT w0=3127
SELECT w1=1843
SELECT w2=1880
BUSY TASK ewma=997
DMA IRQ c0=1
DMA IRQ c1=0
DMA IRQ c2=0
DMA IRQ c3=0
SELECT busy=3149
SELECT w0=3150
SELECT w1=1853
SELECT w2=1892
BUSY TASK ewma=997
DMA IRQ c0=1
DMA IRQ c1=0
DMA IRQ c2=0
DMA IRQ c3=0
SELECT busy=3175
SELECT w0=3174
SELECT w1=1868
SELECT w2=1906
BUSY TASK ewma=997
DMA IRQ c0=1
DMA IRQ c1=0
DMA IRQ c2=0
DMA IRQ c3=0
SELECT busy=3191
SELECT w0=3191
SELECT w1=1879
SELECT w2=1919
BUSY TASK ewma=997
DMA IRQ c0=1
DMA IRQ c1=0
DMA IRQ c2=0
DMA IRQ c3=0
SELECT busy=3209
SELECT w0=3208
SELECT w1=1889
SELECT w2=1928
BUSY TASK ewma=997
DMA IRQ c0=1
DMA IRQ c1=0
DMA IRQ c2=0
DMA IRQ c3=0
SELECT busy=3232
SELECT w0=3232
SELECT w1=1900
SELECT w2=1940
BUSY TASK ewma=997
DMA IRQ c0=1
DMA IRQ c1=0
DMA IRQ c2=0
DMA IRQ c3=0
SELECT busy=3256
SELECT w0=3257
SELECT w1=1915
SELECT w2=1954
BUSY TASK ewma=997
DMA IRQ c0=1
DMA IRQ c1=0
DMA IRQ c2=0
DMA IRQ c3=0
SELECT busy=3281
SELECT w0=3280
SELECT w1=1927
SELECT w2=1968
BUSY TASK ewma=997
DMA IRQ c0=1
DMA IRQ c1=0
DMA IRQ c2=0
DMA IRQ c3=0
SELECT busy=3301
SELECT w0=3300
SELECT w1=1937
SELECT w2=1979
BUSY TASK ewma=997
DMA IRQ c0=1
DMA IRQ c1=0
DMA IRQ c2=0
DMA IRQ c3=0
SELECT busy=3319
SELECT w0=3319
SELECT w1=1942
SELECT w2=1984
BUSY TASK ewma=997
DMA IRQ c0=1
DMA IRQ c1=0
DMA IRQ c2=0
DMA IRQ c3=0
SELECT busy=3332
SELECT w0=3333
SELECT w1=1952
SELECT w2=1993
BUSY TASK ewma=997
DMA IRQ c0=1
DMA IRQ c1=0
DMA IRQ c2=0
DMA IRQ c3=0
SELECT busy=3366
SELECT w0=3366
SELECT w1=1967
SELECT w2=2011
BUSY TASK ewma=997
DMA IRQ c0=1
DMA IRQ c1=0
DMA IRQ c2=0
DMA IRQ c3=0
SELECT busy=3402
SELECT w0=3402
SELECT w1=1983
SELECT w2=2030
BUSY TASK ewma=997
DMA IRQ c0=1
DMA IRQ c1=0
DMA IRQ c2=0
DMA IRQ c3=0
SELECT busy=3439
SELECT w0=3438
SELECT w1=2000
SELECT w2=2050
BUSY TASK ewma=997
DMA IRQ c0=1
DMA IRQ c1=0
DMA IRQ c2=0
DMA IRQ c3=0
SELECT busy=3470
SELECT w0=3469
SELECT w1=2018
SELECT w2=2064
BUSY TASK ewma=997
DMA IRQ c0=1
DMA IRQ c1=0
DMA IRQ c2=0
DMA IRQ c3=0
SELECT busy=3506
SELECT w0=3506
SELECT w1=2038
SELECT w2=2085
BUSY TASK ewma=997
DMA IRQ c0=1
DMA IRQ c1=0
DMA IRQ c2=0
DMA IRQ c3=0
SELECT busy=3546
SELECT w0=3546
SELECT w1=2061
SELECT w2=2111
BUSY TASK ewma=997
DMA IRQ c0=1
DMA IRQ c1=0
DMA IRQ c2=0
DMA IRQ c3=0
SELECT busy=3581
SELECT w0=3582
SELECT w1=2079
SELECT w2=2131
BUSY TASK ewma=997
DMA IRQ c0=1
DMA IRQ c1=0
DMA IRQ c2=0
DMA IRQ c3=0
SELECT busy=3603
SELECT w0=3603
SELECT w1=2092
SELECT w2=2143
BUSY TASK ewma=997
DMA IRQ c0=1
DMA IRQ c1=0
DMA IRQ c2=0
DMA IRQ c3=0
SELECT busy=3635
SELECT w0=3634
SELECT w1=2107
SELECT w2=2154
BUSY TASK ewma=997
DMA IRQ c0=1
DMA IRQ c1=0
DMA IRQ c2=0
DMA IRQ c3=0
SELECT busy=3668
SELECT w0=3668
SELECT w1=2131
SELECT w2=2175
BUSY TASK ewma=997
DMA IRQ c0=1
DMA IRQ c1=0
DMA IRQ c2=0
DMA IRQ c3=0
SELECT busy=3694
SELECT w0=3693
SELECT w1=2149
SELECT w2=2193
BUSY TASK ewma=997
DMA IRQ c0=1
DMA IRQ c1=0
DMA IRQ c2=0
DMA IRQ c3=0
SELECT busy=3713
SELECT w0=3713
SELECT w1=2160
SELECT w2=2203
BUSY TASK ewma=997
DMA IRQ c0=1
DMA IRQ c1=0
DMA IRQ c2=0
DMA IRQ c3=0
SELECT busy=3730
SELECT w0=3729
SELECT w1=2170
SELECT w2=2215
BUSY TASK ewma=997
DMA IRQ c0=1
DMA IRQ c1=0
DMA IRQ c2=0
DMA IRQ c3=0
SELECT busy=3752
SELECT w0=3752
SELECT w1=2183
SELECT w2=2226
BUSY TASK ewma=997
DMA IRQ c0=1
DMA IRQ c1=0
DMA IRQ c2=0
DMA IRQ c3=0
SELECT busy=3768
SELECT w0=3768
SELECT w1=2192
SELECT w2=2239
BUSY TASK ewma=997
DMA IRQ c0=1
DMA IRQ c1=0
DMA IRQ c2=0
DMA IRQ c3=0
SELECT busy=3786
SELECT w0=3786
SELECT w1=2203
SELECT w2=2251
BUSY TASK ewma=997
DMA IRQ c0=1
DMA IRQ c1=0
DMA IRQ c2=0
DMA IRQ c3=0
SELECT busy=3804
SELECT w0=3803
SELECT w1=2213
SELECT w2=2262
BUSY TASK ewma=997
DMA IRQ c0=1
DMA IRQ c1=0
DMA IRQ c2=0
DMA IRQ c3=0
SELECT busy=3821
SELECT w0=3822
SELECT w1=2226
SELECT w2=2274
BUSY TASK ewma=997
DMA IRQ c0=1
DMA IRQ c1=0
DMA IRQ c2=0
DMA IRQ c3=0
SELECT busy=3836
SELECT w0=3835
SELECT w1=2237
SELECT w2=2283
BUSY TASK ewma=997
DMA IRQ c0=1
DMA IRQ c1=0
DMA IRQ c2=0
DMA IRQ c3=0
SELECT busy=3853
SELECT w0=3853
SELECT w1=2250
SELECT w2=2298
BUSY TASK ewma=997
DMA IRQ c0=1
DMA IRQ c1=0
DMA IRQ c2=0
DMA IRQ c3=0
SELECT busy=3885
SELECT w0=3885
SELECT w1=2273
SELECT w2=2317
BUSY TASK ewma=997
DMA IRQ c0=1
DMA IRQ c1=0
DMA IRQ c2=0
DMA IRQ c3=0
SELECT busy=3903
SELECT w0=3903
SELECT w1=2282
SELECT w2=2328
BUSY TASK ewma=997
DMA IRQ c0=1
DMA IRQ c1=0
DMA IRQ c2=0
DMA IRQ c3=0
SELECT busy=3927
SELECT w0=3928
SELECT w1=2296
SELECT w2=2343
BUSY TASK ewma=997
DMA IRQ c0=1
DMA IRQ c1=0
DMA IRQ c2=0
DMA IRQ c3=0
SELECT busy=3946
SELECT w0=3945
SELECT w1=2304
SELECT w2=2352
BUSY TASK ewma=997
DMA IRQ c0=1
DMA IRQ c1=0
DMA IRQ c2=0
DMA IRQ c3=0
SELECT busy=3961
SELECT w0=3961
SELECT w1=2315
SELECT w2=2364
BUSY TASK ewma=997
DMA IRQ c0=1
DMA IRQ c1=0
DMA IRQ c2=0
DMA IRQ c3=0
SELECT busy=3978
SELECT w0=3977
SELECT w1=2324
SELECT w2=2372
BUSY TASK ewma=997
DMA IRQ c0=1
DMA IRQ c1=0
DMA IRQ c2=0
DMA IRQ c3=0
SELECT busy=3997
SELECT w0=3996
SELECT w1=2332
SELECT w2=2381
BUSY TASK ewma=997
DMA IRQ c0=1
DMA IRQ c1=0
DMA IRQ c2=0
DMA IRQ c3=0
SELECT busy=4020
SELECT w0=4020
SELECT w1=2346
SELECT w2=2398
BUSY TASK ewma=997
DMA IRQ c0=1
DMA IRQ c1=0
DMA IRQ c2=0
DMA IRQ c3=0
SELECT busy=4043
SELECT w0=4043
SELECT w1=2358
SELECT w2=2410
BUSY TASK ewma=997
DMA IRQ c0=1
DMA IRQ c1=0
DMA IRQ c2=0
DMA IRQ c3=0
SELECT busy=4061
SELECT w0=4060
SELECT w1=2367
SELECT w2=2422
BUSY TASK ewma=997
DMA IRQ c0=1
DMA IRQ c1=0
DMA IRQ c2=0
DMA IRQ c3=0
SELECT busy=4077
SELECT w0=4077
SELECT w1=2379
SELECT w2=2438
BUSY TASK ewma=997
DMA IRQ c0=1
DMA IRQ c1=0
DMA IRQ c2=0
DMA IRQ c3=0
SELECT busy=4095
SELECT w0=4094
SELECT w1=2389
SELECT w2=2447
BUSY TASK ewma=997
DMA IRQ c0=1
DMA IRQ c1=0
DMA IRQ c2=0
DMA IRQ c3=0
SELECT busy=4110
SELECT w0=4110
SELECT w1=2397
SELECT w2=2453
BUSY TASK ewma=997
DMA IRQ c0=1
DMA IRQ c1=0
DMA IRQ c2=0
DMA IRQ c3=0
SELECT busy=4130
SELECT w0=4131
SELECT w1=2407
SELECT w2=2463
BUSY TASK ewma=997
DMA IRQ c0=1
DMA IRQ c1=0
DMA IRQ c2=0
DMA IRQ c3=0
SELECT busy=4146
SELECT w0=4146
SELECT w1=2415
SELECT w2=2472
BUSY TASK ewma=997
DMA IRQ c0=1
DMA IRQ c1=0
DMA IRQ c2=0
DMA IRQ c3=0
SELECT busy=4169
SELECT w0=4169
SELECT w1=2428
SELECT w2=2484
BUSY TASK ewma=997
DMA IRQ c0=1
DMA IRQ c1=0
DMA IRQ c2=0
DMA IRQ c3=0
SELECT busy=4215
SELECT w0=4214
SELECT w1=2449
SELECT w2=2505
BUSY TASK ewma=997
DMA IRQ c0=1
DMA IRQ c1=0
DMA IRQ c2=0
DMA IRQ c3=0
SELECT busy=4252
SELECT w0=4251
SELECT w1=2470
SELECT w2=2527
BUSY TASK ewma=997
DMA IRQ c0=1
DMA IRQ c1=0
DMA IRQ c2=0
DMA IRQ c3=0
SELECT busy=4283
SELECT w0=4283
SELECT w1=2486
SELECT w2=2542
BUSY TASK ewma=997
DMA IRQ c0=1
DMA IRQ c1=0
DMA IRQ c2=0
DMA IRQ c3=0
SELECT busy=4324
SELECT w0=4323
SELECT w1=2504
SELECT w2=2558
BUSY TASK ewma=997
DMA IRQ c0=1
DMA IRQ c1=0
DMA IRQ c2=0
DMA IRQ c3=0
SELECT busy=4345
SELECT w0=4345
SELECT w1=2515
SELECT w2=2568
BUSY TASK ewma=997
DMA IRQ c0=1
DMA IRQ c1=0
DMA IRQ c2=0
DMA IRQ c3=0
SELECT busy=4391
SELECT w0=4391
SELECT w1=2539
SELECT w2=2591
BUSY TASK ewma=997
DMA IRQ c0=1
DMA IRQ c1=0
DMA IRQ c2=0
DMA IRQ c3=0
SELECT busy=4412
SELECT w0=4412
SELECT w1=2552
SELECT w2=2602
BUSY TASK ewma=997
DMA IRQ c0=1
DMA IRQ c1=0
DMA IRQ c2=0
DMA IRQ c3=0
SELECT busy=4431
SELECT w0=4431
SELECT w1=2575
SELECT w2=2617
BUSY TASK ewma=997
DMA IRQ c0=1
DMA IRQ c1=0
DMA IRQ c2=0
DMA IRQ c3=0
SELECT busy=4452
SELECT w0=4453
SELECT w1=2589
SELECT w2=2630
BUSY TASK ewma=997
DMA IRQ c0=1
DMA IRQ c1=0
DMA IRQ c2=0
DMA IRQ c3=0
SELECT busy=4467
SELECT w0=4466
SELECT w1=2595
SELECT w2=2639
BUSY TASK ewma=997
DMA IRQ c0=1
DMA IRQ c1=0
DMA IRQ c2=0
DMA IRQ c3=0
SELECT busy=4481
SELECT w0=4481
SELECT w1=2605
SELECT w2=2650
BUSY TASK ewma=997
DMA IRQ c0=1
DMA IRQ c1=0
DMA IRQ c2=0
DMA IRQ c3=0
SELECT busy=4498
SELECT w0=4498
SELECT w1=2614
SELECT w2=2659
BUSY TASK ewma=997
IRQ counts: cpu0=9030 cpu1=10364 cpu2=10451 cpu3=10241
SCHED secondaries: calls=31057 unexpected=0
SECTEST switches=31038 cpu1=115190047,109172975 cpu2=82615210,80564329 cpu3=122447690,117584316
PINGPONG rounds=2000 pongs=2000
DMA IRQ c0=1
DMA IRQ c1=0
DMA IRQ c2=0
DMA IRQ c3=0
SELECT busy=4528
SELECT w0=4528
SELECT w1=2628
SELECT w2=2678
BUSY TASK ewma=997
DMA IRQ c0=1
DMA IRQ c1=0
DMA IRQ c2=0
DMA IRQ c3=0
SELECT busy=4567
SELECT w0=4567
SELECT w1=2644
SELECT w2=2699
BUSY TASK ewma=997
DMA IRQ c0=1
DMA IRQ c1=0
DMA IRQ c2=0
DMA IRQ c3=0
SELECT busy=4602
SELECT w0=4602
SELECT w1=2657
SELECT w2=2716
BUSY TASK ewma=997
DMA IRQ c0=1
DMA IRQ c1=0
DMA IRQ c2=0
DMA IRQ c3=0
SELECT busy=4628
SELECT w0=4627
SELECT w1=2669
SELECT w2=2729
BUSY TASK ewma=997
DMA IRQ c0=1
DMA IRQ c1=0
DMA IRQ c2=0
DMA IRQ c3=0
SELECT busy=4648
SELECT w0=4648
SELECT w1=2676
SELECT w2=2739
BUSY TASK ewma=997
DMA IRQ c0=1
DMA IRQ c1=0
DMA IRQ c2=0
DMA IRQ c3=0
SELECT busy=4669
SELECT w0=4669
SELECT w1=2684
SELECT w2=2751
BUSY TASK ewma=997
DMA IRQ c0=1
DMA IRQ c1=0
DMA IRQ c2=0
DMA IRQ c3=0
SELECT busy=4708
SELECT w0=4707
SELECT w1=2698
SELECT w2=2773
BUSY TASK ewma=997
DMA IRQ c0=1
DMA IRQ c1=0
DMA IRQ c2=0
DMA IRQ c3=0
SELECT busy=4730
SELECT w0=4729
SELECT w1=2707
SELECT w2=2784
BUSY TASK ewma=997
DMA IRQ c0=1
DMA IRQ c1=0
DMA IRQ c2=0
DMA IRQ c3=0
SELECT busy=4749
SELECT w0=4749
SELECT w1=2715
SELECT w2=2797
BUSY TASK ewma=997
DMA IRQ c0=1
DMA IRQ c1=0
DMA IRQ c2=0
DMA IRQ c3=0
SELECT busy=4784
SELECT w0=4784
SELECT w1=2729
SELECT w2=2814
BUSY TASK ewma=997
DMA IRQ c0=1
DMA IRQ c1=0
DMA IRQ c2=0
DMA IRQ c3=0
SELECT busy=4820
SELECT w0=4820
SELECT w1=2743
SELECT w2=2832
BUSY TASK ewma=997
DMA IRQ c0=1
DMA IRQ c1=0
DMA IRQ c2=0
DMA IRQ c3=0
SELECT busy=4859
SELECT w0=4859
SELECT w1=2759
SELECT w2=2854
BUSY TASK ewma=997
DMA IRQ c0=1
DMA IRQ c1=0
DMA IRQ c2=0
DMA IRQ c3=0
SELECT busy=4887
SELECT w0=4886
SELECT w1=2772
SELECT w2=2871
BUSY TASK ewma=997
DMA IRQ c0=1
DMA IRQ c1=0
DMA IRQ c2=0
DMA IRQ c3=0
SELECT busy=4923
SELECT w0=4924
SELECT w1=2785
SELECT w2=2892
BUSY TASK ewma=997
DMA IRQ c0=1
DMA IRQ c1=0
DMA IRQ c2=0
DMA IRQ c3=0
SELECT busy=4973
SELECT w0=4972
SELECT w1=2808
SELECT w2=2921
BUSY TASK ewma=997
DMA IRQ c0=1
DMA IRQ c1=0
DMA IRQ c2=0
DMA IRQ c3=0
SELECT busy=5002
SELECT w0=5002
SELECT w1=2822
SELECT w2=2939
BUSY TASK ewma=997
DMA IRQ c0=1
DMA IRQ c1=0
DMA IRQ c2=0
DMA IRQ c3=0
SELECT busy=5021
SELECT w0=5020
SELECT w1=2830
SELECT w2=2950
BUSY TASK ewma=997
DMA IRQ c0=1
DMA IRQ c1=0
DMA IRQ c2=0
DMA IRQ c3=0
SELECT busy=5039
SELECT w0=5039
SELECT w1=2839
SELECT w2=2961
BUSY TASK ewma=997
DMA IRQ c0=1
DMA IRQ c1=0
DMA IRQ c2=0
DMA IRQ c3=0
SELECT busy=5063
SELECT w0=5062
SELECT w1=2849
SELECT w2=2977
BUSY TASK ewma=997
DMA IRQ c0=1
DMA IRQ c1=0
DMA IRQ c2=0
DMA IRQ c3=0
SELECT busy=5079
SELECT w0=5080
SELECT w1=2858
SELECT w2=2991
BUSY TASK ewma=997
DMA IRQ c0=1
DMA IRQ c1=0
DMA IRQ c2=0
DMA IRQ c3=0
SELECT busy=5095
SELECT w0=5095
SELECT w1=2864
SELECT w2=2998
BUSY TASK ewma=997
DMA IRQ c0=1
DMA IRQ c1=0
DMA IRQ c2=0
DMA IRQ c3=0
SELECT busy=5112
SELECT w0=5112
SELECT w1=2874
SELECT w2=3007
BUSY TASK ewma=997
DMA IRQ c0=1
DMA IRQ c1=0
DMA IRQ c2=0
DMA IRQ c3=0
SELECT busy=5128
SELECT w0=5127
SELECT w1=2881
SELECT w2=3019
BUSY TASK ewma=997
DMA IRQ c0=1
DMA IRQ c1=0
DMA IRQ c2=0
DMA IRQ c3=0
SELECT busy=5149
SELECT w0=5148
SELECT w1=2893
SELECT w2=3034
BUSY TASK ewma=997
DMA IRQ c0=1
DMA IRQ c1=0
DMA IRQ c2=0
DMA IRQ c3=0
SELECT busy=5169
SELECT w0=5168
SELECT w1=2902
SELECT w2=3047
BUSY TASK ewma=997
DMA IRQ c0=1
DMA IRQ c1=0
DMA IRQ c2=0
DMA IRQ c3=0
SELECT busy=5191
SELECT w0=5191
SELECT w1=2912
SELECT w2=3062
BUSY TASK ewma=997
DMA IRQ c0=1
DMA IRQ c1=0
DMA IRQ c2=0
DMA IRQ c3=0
SELECT busy=5212
SELECT w0=5211
SELECT w1=2921
SELECT w2=3074
BUSY TASK ewma=997
DMA IRQ c0=1
DMA IRQ c1=0
DMA IRQ c2=0
DMA IRQ c3=0
SELECT busy=5227
SELECT w0=5227
SELECT w1=2928
SELECT w2=3086
BUSY TASK ewma=997
DMA IRQ c0=1
DMA IRQ c1=0
DMA IRQ c2=0
DMA IRQ c3=0
SELECT busy=5248
SELECT w0=5247
SELECT w1=2935
SELECT w2=3096
BUSY TASK ewma=997
DMA IRQ c0=1
DMA IRQ c1=0
DMA IRQ c2=0
DMA IRQ c3=0
SELECT busy=5267
SELECT w0=5266
SELECT w1=2942
SELECT w2=3105
BUSY TASK ewma=997
DMA IRQ c0=1
DMA IRQ c1=0
DMA IRQ c2=0
DMA IRQ c3=0
SELECT busy=5284
SELECT w0=5284
SELECT w1=2951
SELECT w2=3117
BUSY TASK ewma=997
DMA IRQ c0=1
DMA IRQ c1=0
DMA IRQ c2=0
DMA IRQ c3=0
SELECT busy=5301
SELECT w0=5300
SELECT w1=2959
SELECT w2=3125
BUSY TASK ewma=997
DMA IRQ c0=1
DMA IRQ c1=0
DMA IRQ c2=0
DMA IRQ c3=0
SELECT busy=5320
SELECT w0=5319
SELECT w1=2968
SELECT w2=3133
BUSY TASK ewma=997
DMA IRQ c0=1
DMA IRQ c1=0
DMA IRQ c2=0
DMA IRQ c3=0
SELECT busy=5338
SELECT w0=5337
SELECT w1=2976
SELECT w2=3142
BUSY TASK ewma=997
DMA IRQ c0=1
DMA IRQ c1=0
DMA IRQ c2=0
DMA IRQ c3=0
SELECT busy=5358
SELECT w0=5359
SELECT w1=2985
SELECT w2=3154
BUSY TASK ewma=997
DMA IRQ c0=1
DMA IRQ c1=0
DMA IRQ c2=0
DMA IRQ c3=0
SELECT busy=5380
SELECT w0=5380
SELECT w1=2995
SELECT w2=3168
BUSY TASK ewma=997
DMA IRQ c0=1
DMA IRQ c1=0
DMA IRQ c2=0
DMA IRQ c3=0
SELECT busy=5394
SELECT w0=5394
SELECT w1=3001
SELECT w2=3177
BUSY TASK ewma=997
DMA IRQ c0=1
DMA IRQ c1=0
DMA IRQ c2=0
DMA IRQ c3=0
SELECT busy=5412
SELECT w0=5411
SELECT w1=3009
SELECT w2=3188
BUSY TASK ewma=997
DMA IRQ c0=1
DMA IRQ c1=0
DMA IRQ c2=0
DMA IRQ c3=0
SELECT busy=5429
SELECT w0=5428
SELECT w1=3017
SELECT w2=3197
BUSY TASK ewma=997
DMA IRQ c0=1
DMA IRQ c1=0
DMA IRQ c2=0
DMA IRQ c3=0
SELECT busy=5453
SELECT w0=5452
SELECT w1=3029
SELECT w2=3213
BUSY TASK ewma=997
DMA IRQ c0=1
DMA IRQ c1=0
DMA IRQ c2=0
DMA IRQ c3=0
SELECT busy=5477
SELECT w0=5476
SELECT w1=3042
SELECT w2=3225
BUSY TASK ewma=997
DMA IRQ c0=1
DMA IRQ c1=0
DMA IRQ c2=0
DMA IRQ c3=0
SELECT busy=5513
SELECT w0=5512
SELECT w1=3055
SELECT w2=3239
BUSY TASK ewma=997
DMA IRQ c0=1
DMA IRQ c1=0
DMA IRQ c2=0
DMA IRQ c3=0
SELECT busy=5547
SELECT w0=5548
SELECT w1=3072
SELECT w2=3258
BUSY TASK ewma=997
DMA IRQ c0=1
DMA IRQ c1=0
DMA IRQ c2=0
DMA IRQ c3=0
SELECT busy=5594
SELECT w0=5593
SELECT w1=3090
SELECT w2=3283
BUSY TASK ewma=997
DMA IRQ c0=1
DMA IRQ c1=0
DMA IRQ c2=0
DMA IRQ c3=0
SELECT busy=5619
SELECT w0=5618
SELECT w1=3099
SELECT w2=3298
BUSY TASK ewma=997
DMA IRQ c0=1
DMA IRQ c1=0
DMA IRQ c2=0
DMA IRQ c3=0
SELECT busy=5650
SELECT w0=5649
SELECT w1=3114
SELECT w2=3317
BUSY TASK ewma=997
DMA IRQ c0=1
DMA IRQ c1=0
DMA IRQ c2=0
DMA IRQ c3=0
SELECT busy=5690
SELECT w0=5690
SELECT w1=3132
SELECT w2=3336
BUSY TASK ewma=997
DMA IRQ c0=1
DMA IRQ c1=0
DMA IRQ c2=0
DMA IRQ c3=0
SELECT busy=5720
SELECT w0=5720
SELECT w1=3146
SELECT w2=3354
BUSY TASK ewma=997
DMA IRQ c0=1
DMA IRQ c1=0
DMA IRQ c2=0
DMA IRQ c3=0
SELECT busy=5766
SELECT w0=5766
SELECT w1=3170
SELECT w2=3377
BUSY TASK ewma=997
DMA IRQ c0=1
DMA IRQ c1=0
DMA IRQ c2=0
DMA IRQ c3=0
SELECT busy=5803
SELECT w0=5804
SELECT w1=3185
SELECT w2=3396
BUSY TASK ewma=997
DMA IRQ c0=1
DMA IRQ c1=0
DMA IRQ c2=0
DMA IRQ c3=0
SELECT busy=5824
SELECT w0=5823
SELECT w1=3195
SELECT w2=3408
BUSY TASK ewma=997
DMA IRQ c0=1
DMA IRQ c1=0
DMA IRQ c2=0
DMA IRQ c3=0
SELECT busy=5842
SELECT w0=5841
SELECT w1=3205
SELECT w2=3419
BUSY TASK ewma=997
DMA IRQ c0=1
DMA IRQ c1=0
DMA IRQ c2=0
DMA IRQ c3=0
SELECT busy=5863
SELECT w0=5865
SELECT w1=3217
SELECT w2=3433
BUSY TASK ewma=997
DMA IRQ c0=1
DMA IRQ c1=0
DMA IRQ c2=0
DMA IRQ c3=0
SELECT busy=5883
SELECT w0=5882
SELECT w1=3224
SELECT w2=3444
BUSY TASK ewma=997
DMA IRQ c0=1
DMA IRQ c1=0
DMA IRQ c2=0
DMA IRQ c3=0
SELECT busy=5900
SELECT w0=5900
SELECT w1=3230
SELECT w2=3452
BUSY TASK ewma=997
DMA IRQ c0=1
DMA IRQ c1=0
DMA IRQ c2=0
DMA IRQ c3=0
SELECT busy=5933
SELECT w0=5933
SELECT w1=3244
SELECT w2=3475
BUSY TASK ewma=997
DMA IRQ c0=1
DMA IRQ c1=0
DMA IRQ c2=0
DMA IRQ c3=0
SELECT busy=5960
SELECT w0=5960
SELECT w1=3257
SELECT w2=3495
BUSY TASK ewma=997
DMA IRQ c0=1
DMA IRQ c1=0
DMA IRQ c2=0
DMA IRQ c3=0
SELECT busy=5998
SELECT w0=5998
SELECT w1=3275
SELECT w2=3515
BUSY TASK ewma=997
DMA IRQ c0=1
DMA IRQ c1=0
DMA IRQ c2=0
DMA IRQ c3=0
SELECT busy=6038
SELECT w0=6038
SELECT w1=3296
SELECT w2=3537
BUSY TASK ewma=997
DMA IRQ c0=1
DMA IRQ c1=0
DMA IRQ c2=0
DMA IRQ c3=0
SELECT busy=6066
SELECT w0=6065
SELECT w1=3309
SELECT w2=3552
BUSY TASK ewma=997
DMA IRQ c0=1
DMA IRQ c1=0
DMA IRQ c2=0
DMA IRQ c3=0
SELECT busy=6101
SELECT w0=6100
SELECT w1=3324
SELECT w2=3569
BUSY TASK ewma=997
DMA IRQ c0=1
DMA IRQ c1=0
DMA IRQ c2=0
DMA IRQ c3=0
SELECT busy=6131
SELECT w0=6130
SELECT w1=3338
SELECT w2=3588
BUSY TASK ewma=997
DMA IRQ c0=1
DMA IRQ c1=0
DMA IRQ c2=0
DMA IRQ c3=0
SELECT busy=6145
SELECT w0=6145
SELECT w1=3345
SELECT w2=3595
BUSY TASK ewma=997
DMA IRQ c0=1
DMA IRQ c1=0
DMA IRQ c2=0
DMA IRQ c3=0
SELECT busy=6161
SELECT w0=6160
SELECT w1=3351
SELECT w2=3603
BUSY TASK ewma=997
IRQ counts: cpu0=12350 cpu1=14045 cpu2=14221 cpu3=13902
SCHED secondaries: calls=42171 unexpected=0
SECTEST switches=42137 cpu1=143733493,138955390 cpu2=110712221,109886339 cpu3=162891997,155080576
PINGPONG rounds=2000 pongs=2000
DMA IRQ c0=1
DMA IRQ c1=0
DMA IRQ c2=0
DMA IRQ c3=0
SELECT busy=6181
SELECT w0=6180
SELECT w1=3359
SELECT w2=3613
BUSY TASK ewma=997
DMA IRQ c0=1
DMA IRQ c1=0
DMA IRQ c2=0
DMA IRQ c3=0
SELECT busy=6198
SELECT w0=6197
SELECT w1=3367
SELECT w2=3623
BUSY TASK ewma=997
DMA IRQ c0=1
DMA IRQ c1=0
DMA IRQ c2=0
DMA IRQ c3=0
SELECT busy=6213
SELECT w0=6213
SELECT w1=3374
SELECT w2=3632
BUSY TASK ewma=997
DMA IRQ c0=1
DMA IRQ c1=0
DMA IRQ c2=0
DMA IRQ c3=0
SELECT busy=6247
SELECT w0=6248
SELECT w1=3389
SELECT w2=3654
BUSY TASK ewma=997
DMA IRQ c0=1
DMA IRQ c1=0
DMA IRQ c2=0
DMA IRQ c3=0
SELECT busy=6286
SELECT w0=6286
SELECT w1=3405
SELECT w2=3674
BUSY TASK ewma=997
DMA IRQ c0=1
DMA IRQ c1=0
DMA IRQ c2=0
DMA IRQ c3=0
SELECT busy=6321
SELECT w0=6321
SELECT w1=3421
SELECT w2=3691
BUSY TASK ewma=997
DMA IRQ c0=1
DMA IRQ c1=0
DMA IRQ c2=0
DMA IRQ c3=0
SELECT busy=6353
SELECT w0=6352
SELECT w1=3435
SELECT w2=3707
BUSY TASK ewma=997
DMA IRQ c0=1
DMA IRQ c1=0
DMA IRQ c2=0
DMA IRQ c3=0
SELECT busy=6388
SELECT w0=6388
SELECT w1=3453
SELECT w2=3731
BUSY TASK ewma=997
DMA IRQ c0=1
DMA IRQ c1=0
DMA IRQ c2=0
DMA IRQ c3=0
SELECT busy=6420
SELECT w0=6420
SELECT w1=3470
SELECT w2=3749
BUSY TASK ewma=997
DMA IRQ c0=1
DMA IRQ c1=0
DMA IRQ c2=0
DMA IRQ c3=0
SELECT busy=6465
SELECT w0=6465
SELECT w1=3493
SELECT w2=3773
BUSY TASK ewma=997
DMA IRQ c0=1
DMA IRQ c1=0
DMA IRQ c2=0
DMA IRQ c3=0
SELECT busy=6500
SELECT w0=6500
SELECT w1=3507
SELECT w2=3792
BUSY TASK ewma=997
DMA IRQ c0=1
DMA IRQ c1=0
DMA IRQ c2=0
DMA IRQ c3=0
SELECT busy=6538
SELECT w0=6538
SELECT w1=3526
SELECT w2=3815
BUSY TASK ewma=997
DMA IRQ c0=1
DMA IRQ c1=0
DMA IRQ c2=0
DMA IRQ c3=0
SELECT busy=6576
SELECT w0=6575
SELECT w1=3544
SELECT w2=3836
BUSY TASK ewma=997
DMA IRQ c0=1
DMA IRQ c1=0
DMA IRQ c2=0
DMA IRQ c3=0
SELECT busy=6612
SELECT w0=6612
SELECT w1=3562
SELECT w2=3856
BUSY TASK ewma=997
DMA IRQ c0=1
DMA IRQ c1=0
DMA IRQ c2=0
DMA IRQ c3=0
SELECT busy=6655
SELECT w0=6655
SELECT w1=3584
SELECT w2=3882
BUSY TASK ewma=997
DMA IRQ c0=1
DMA IRQ c1=0
DMA IRQ c2=0
DMA IRQ c3=0
SELECT busy=6696
SELECT w0=6696
SELECT w1=3601
SELECT w2=3901
BUSY TASK ewma=997
DMA IRQ c0=1
DMA IRQ c1=0
DMA IRQ c2=0
DMA IRQ c3=0
SELECT busy=6730
SELECT w0=6729
SELECT w1=3615
SELECT w2=3919
BUSY TASK ewma=997
DMA IRQ c0=1
DMA IRQ c1=0
DMA IRQ c2=0
DMA IRQ c3=0
SELECT busy=6752
SELECT w0=6752
SELECT w1=3626
SELECT w2=3931
BUSY TASK ewma=997
DMA IRQ c0=1
DMA IRQ c1=0
DMA IRQ c2=0
DMA IRQ c3=0
SELECT busy=6787
SELECT w0=6787
SELECT w1=3643
SELECT w2=3952
BUSY TASK ewma=997
DMA IRQ c0=1
DMA IRQ c1=0
DMA IRQ c2=0
DMA IRQ c3=0
SELECT busy=6823
SELECT w0=6822
SELECT w1=3657
SELECT w2=3969
BUSY TASK ewma=997
DMA IRQ c0=1
DMA IRQ c1=0
DMA IRQ c2=0
DMA IRQ c3=0
SELECT busy=6849
SELECT w0=6849
SELECT w1=3668
SELECT w2=3983
BUSY TASK ewma=997
DMA IRQ c0=1
DMA IRQ c1=0
DMA IRQ c2=0
DMA IRQ c3=0
SELECT busy=6883
SELECT w0=6883
SELECT w1=3683
SELECT w2=4000
BUSY TASK ewma=997
DMA IRQ c0=1
DMA IRQ c1=0
DMA IRQ c2=0
DMA IRQ c3=0
SELECT busy=6924
SELECT w0=6923
SELECT w1=3701
SELECT w2=4023
BUSY TASK ewma=997
DMA IRQ c0=1
DMA IRQ c1=0
DMA IRQ c2=0
DMA IRQ c3=0
SELECT busy=6963
SELECT w0=6962
SELECT w1=3719
SELECT w2=4047
BUSY TASK ewma=997
DMA IRQ c0=1
DMA IRQ c1=0
DMA IRQ c2=0
DMA IRQ c3=0
SELECT busy=6993
SELECT w0=6993
SELECT w1=3733
SELECT w2=4063
BUSY TASK ewma=997
DMA IRQ c0=1
DMA IRQ c1=0
DMA IRQ c2=0
DMA IRQ c3=0
SELECT busy=7015
SELECT w0=7014
SELECT w1=3741
SELECT w2=4072
BUSY TASK ewma=997
DMA IRQ c0=1
DMA IRQ c1=0
DMA IRQ c2=0
DMA IRQ c3=0
SELECT busy=7046
SELECT w0=7046
SELECT w1=3759
SELECT w2=4092
BUSY TASK ewma=997
DMA IRQ c0=1
DMA IRQ c1=0
DMA IRQ c2=0
DMA IRQ c3=0
SELECT busy=7083
SELECT w0=7083
SELECT w1=3773
SELECT w2=4110
BUSY TASK ewma=997
DMA IRQ c0=1
DMA IRQ c1=0
DMA IRQ c2=0
DMA IRQ c3=0
SELECT busy=7116
SELECT w0=7115
SELECT w1=3786
SELECT w2=4125
BUSY TASK ewma=997
DMA IRQ c0=1
DMA IRQ c1=0
DMA IRQ c2=0
DMA IRQ c3=0
SELECT busy=7161
SELECT w0=7161
SELECT w1=3802
SELECT w2=4145
BUSY TASK ewma=997
DMA IRQ c0=1
DMA IRQ c1=0
DMA IRQ c2=0
DMA IRQ c3=0
SELECT busy=7203
SELECT w0=7204
SELECT w1=3822
SELECT w2=4174
BUSY TASK ewma=997
DMA IRQ c0=1
DMA IRQ c1=0
DMA IRQ c2=0
DMA IRQ c3=0
SELECT busy=7242
SELECT w0=7243
SELECT w1=3837
SELECT w2=4194
BUSY TASK ewma=997
DMA IRQ c0=1
DMA IRQ c1=0
DMA IRQ c2=0
DMA IRQ c3=0
SELECT busy=7281
SELECT w0=7282
SELECT w1=3856
SELECT w2=4218
BUSY TASK ewma=997
DMA IRQ c0=1
DMA IRQ c1=0
DMA IRQ c2=0
DMA IRQ c3=0
SELECT busy=7313
SELECT w0=7313
SELECT w1=3868
SELECT w2=4234
BUSY TASK ewma=997
DMA IRQ c0=1
DMA IRQ c1=0
DMA IRQ c2=0
DMA IRQ c3=0
SELECT busy=7350
SELECT w0=7350
SELECT w1=3879
SELECT w2=4248
BUSY TASK ewma=997
DMA IRQ c0=1
DMA IRQ c1=0
DMA IRQ c2=0
DMA IRQ c3=0
SELECT busy=7381
SELECT w0=7380
SELECT w1=3893
SELECT w2=4265
BUSY TASK ewma=997
DMA IRQ c0=1
DMA IRQ c1=0
DMA IRQ c2=0
DMA IRQ c3=0
SELECT busy=7401
SELECT w0=7400
SELECT w1=3902
SELECT w2=4279
BUSY TASK ewma=997
DMA IRQ c0=1
DMA IRQ c1=0
DMA IRQ c2=0
DMA IRQ c3=0
SELECT busy=7430
SELECT w0=7430
SELECT w1=3917
SELECT w2=4299
BUSY TASK ewma=997
DMA IRQ c0=1
DMA IRQ c1=0
DMA IRQ c2=0
DMA IRQ c3=0
SELECT busy=7464
SELECT w0=7463
SELECT w1=3928
SELECT w2=4314
BUSY TASK ewma=997
DMA IRQ c0=1
DMA IRQ c1=0
DMA IRQ c2=0
DMA IRQ c3=0
SELECT busy=7485
SELECT w0=7485
SELECT w1=3937
SELECT w2=4330
BUSY TASK ewma=997
DMA IRQ c0=1
DMA IRQ c1=0
DMA IRQ c2=0
DMA IRQ c3=0
SELECT busy=7521
SELECT w0=7520
SELECT w1=3952
SELECT w2=4349
BUSY TASK ewma=997
DMA IRQ c0=1
DMA IRQ c1=0
DMA IRQ c2=0
DMA IRQ c3=0
SELECT busy=7560
SELECT w0=7559
SELECT w1=3969
SELECT w2=4368
BUSY TASK ewma=997
DMA IRQ c0=1
DMA IRQ c1=0
DMA IRQ c2=0
DMA IRQ c3=0
SELECT busy=7578
SELECT w0=7577
SELECT w1=3976
SELECT w2=4376
BUSY TASK ewma=997
DMA IRQ c0=1
DMA IRQ c1=0
DMA IRQ c2=0
DMA IRQ c3=0
SELECT busy=7599
SELECT w0=7599
SELECT w1=3985
SELECT w2=4385
BUSY TASK ewma=997
DMA IRQ c0=1
DMA IRQ c1=0
DMA IRQ c2=0
DMA IRQ c3=0
SELECT busy=7622
SELECT w0=7622
SELECT w1=3994
SELECT w2=4396
BUSY TASK ewma=997
DMA IRQ c0=1
DMA IRQ c1=0
DMA IRQ c2=0
DMA IRQ c3=0
SELECT busy=7649
SELECT w0=7648
SELECT w1=4005
SELECT w2=4412
BUSY TASK ewma=997
DMA IRQ c0=1
DMA IRQ c1=0
DMA IRQ c2=0
DMA IRQ c3=0
SELECT busy=7664
SELECT w0=7664
SELECT w1=4012
SELECT w2=4422
BUSY TASK ewma=997
DMA IRQ c0=1
DMA IRQ c1=0
DMA IRQ c2=0
DMA IRQ c3=0
SELECT busy=7682
SELECT w0=7681
SELECT w1=4020
SELECT w2=4432
BUSY TASK ewma=997
DMA IRQ c0=1
DMA IRQ c1=0
DMA IRQ c2=0
DMA IRQ c3=0
SELECT busy=7697
SELECT w0=7698
SELECT w1=4025
SELECT w2=4441
BUSY TASK ewma=997
DMA IRQ c0=1
DMA IRQ c1=0
DMA IRQ c2=0
DMA IRQ c3=0
SELECT busy=7718
SELECT w0=7717
SELECT w1=4034
SELECT w2=4451
BUSY TASK ewma=997
DMA IRQ c0=1
DMA IRQ c1=0
DMA IRQ c2=0
DMA IRQ c3=0
SELECT busy=7738
SELECT w0=7738
SELECT w1=4047
SELECT w2=4463
BUSY TASK ewma=997
DMA IRQ c0=1
DMA IRQ c1=0
DMA IRQ c2=0
DMA IRQ c3=0
SELECT busy=7753
SELECT w0=7752
SELECT w1=4053
SELECT w2=4472
BUSY TASK ewma=997
DMA IRQ c0=1
DMA IRQ c1=0
DMA IRQ c2=0
DMA IRQ c3=0
SELECT busy=7771
SELECT w0=7770
SELECT w1=4060
SELECT w2=4482
BUSY TASK ewma=997
DMA IRQ c0=1
DMA IRQ c1=0
DMA IRQ c2=0
DMA IRQ c3=0
SELECT busy=7787
SELECT w0=7787
SELECT w1=4069
SELECT w2=4493
BUSY TASK ewma=997
DMA IRQ c0=1
DMA IRQ c1=0
DMA IRQ c2=0
DMA IRQ c3=0
SELECT busy=7812
SELECT w0=7811
SELECT w1=4080
SELECT w2=4504
BUSY TASK ewma=997
DMA IRQ c0=1
DMA IRQ c1=0
DMA IRQ c2=0
DMA IRQ c3=0
SELECT busy=7831
SELECT w0=7831
SELECT w1=4089
SELECT w2=4514
BUSY TASK ewma=997
DMA IRQ c0=1
DMA IRQ c1=0
DMA IRQ c2=0
DMA IRQ c3=0
SELECT busy=7850
SELECT w0=7850
SELECT w1=4098
SELECT w2=4524
BUSY TASK ewma=997
DMA IRQ c0=1
DMA IRQ c1=0
DMA IRQ c2=0
DMA IRQ c3=0
SELECT busy=7869
SELECT w0=7869
SELECT w1=4107
SELECT w2=4536
BUSY TASK ewma=997
DMA IRQ c0=1
DMA IRQ c1=0
DMA IRQ c2=0
DMA IRQ c3=0
SELECT busy=7888
SELECT w0=7888
SELECT w1=4116
SELECT w2=4546
BUSY TASK ewma=997
DMA IRQ c0=1
DMA IRQ c1=0
DMA IRQ c2=0
DMA IRQ c3=0
SELECT busy=7907
SELECT w0=7907
SELECT w1=4123
SELECT w2=4554
BUSY TASK ewma=997
DMA IRQ c0=1
DMA IRQ c1=0
DMA IRQ c2=0
DMA IRQ c3=0
SELECT busy=7925
SELECT w0=7924
SELECT w1=4133
SELECT w2=4566
BUSY TASK ewma=997
DMA IRQ c0=1
DMA IRQ c1=0
DMA IRQ c2=0
DMA IRQ c3=0
SELECT busy=7943
SELECT w0=7943
SELECT w1=4141
SELECT w2=4574
BUSY TASK ewma=997
DMA IRQ c0=1
DMA IRQ c1=0
DMA IRQ c2=0
DMA IRQ c3=0
SELECT busy=7962
SELECT w0=7961
SELECT w1=4147
SELECT w2=4581
BUSY TASK ewma=997
DMA IRQ c0=1
DMA IRQ c1=0
DMA IRQ c2=0
DMA IRQ c3=0
SELECT busy=7989
SELECT w0=7988
SELECT w1=4157
SELECT w2=4597
BUSY TASK ewma=997
IRQ counts: cpu0=16018 cpu1=18092 cpu2=18216 cpu3=17885
SCHED secondaries: calls=54206 unexpected=0
SECTEST switches=54198 cpu1=172901622,167421909 cpu2=139770817,138866750 cpu3=202912641,193444998
PINGPONG rounds=2000 pongs=2000
DMA IRQ c0=1
DMA IRQ c1=0
DMA IRQ c2=0
DMA IRQ c3=0
SELECT busy=8028
SELECT w0=8028
SELECT w1=4173
SELECT w2=4618
BUSY TASK ewma=997
DMA IRQ c0=1
DMA IRQ c1=0
DMA IRQ c2=0
DMA IRQ c3=0
SELECT busy=8052
SELECT w0=8052
SELECT w1=4187
SELECT w2=4632
BUSY TASK ewma=997
DMA IRQ c0=1
DMA IRQ c1=0
DMA IRQ c2=0
DMA IRQ c3=0
SELECT busy=8074
SELECT w0=8074
SELECT w1=4196
SELECT w2=4644
BUSY TASK ewma=997
DMA IRQ c0=1
DMA IRQ c1=0
DMA IRQ c2=0
DMA IRQ c3=0
SELECT busy=8088
SELECT w0=8088
SELECT w1=4202
SELECT w2=4652
BUSY TASK ewma=997
DMA IRQ c0=1
DMA IRQ c1=0
DMA IRQ c2=0
DMA IRQ c3=0
SELECT busy=8107
SELECT w0=8107
SELECT w1=4212
SELECT w2=4662
BUSY TASK ewma=997
DMA IRQ c0=1
DMA IRQ c1=0
DMA IRQ c2=0
DMA IRQ c3=0
SELECT busy=8126
SELECT w0=8125
SELECT w1=4218
SELECT w2=4670
BUSY TASK ewma=997
DMA IRQ c0=1
DMA IRQ c1=0
DMA IRQ c2=0
DMA IRQ c3=0
SELECT busy=8147
SELECT w0=8147
SELECT w1=4228
SELECT w2=4683
BUSY TASK ewma=997
DMA IRQ c0=1
DMA IRQ c1=0
DMA IRQ c2=0
DMA IRQ c3=0
SELECT busy=8163
SELECT w0=8162
SELECT w1=4234
SELECT w2=4691
BUSY TASK ewma=997
DMA IRQ c0=1
DMA IRQ c1=0
DMA IRQ c2=0
DMA IRQ c3=0
SELECT busy=8183
SELECT w0=8182
SELECT w1=4243
SELECT w2=4703
BUSY TASK ewma=997
DMA IRQ c0=1
DMA IRQ c1=0
DMA IRQ c2=0
DMA IRQ c3=0
SELECT busy=8197
SELECT w0=8197
SELECT w1=4249
SELECT w2=4710
BUSY TASK ewma=997
DMA IRQ c0=1
DMA IRQ c1=0
DMA IRQ c2=0
DMA IRQ c3=0
SELECT busy=8216
SELECT w0=8216
SELECT w1=4257
SELECT w2=4721
BUSY TASK ewma=997
DMA IRQ c0=1
DMA IRQ c1=0
DMA IRQ c2=0
DMA IRQ c3=0
SELECT busy=8232
SELECT w0=8231
SELECT w1=4265
SELECT w2=4731
BUSY TASK ewma=997
DMA IRQ c0=1
DMA IRQ c1=0
DMA IRQ c2=0
DMA IRQ c3=0
SELECT busy=8252
SELECT w0=8251
SELECT w1=4272
SELECT w2=4740
BUSY TASK ewma=997
DMA IRQ c0=1
DMA IRQ c1=0
DMA IRQ c2=0
DMA IRQ c3=0
SELECT busy=8274
SELECT w0=8273
SELECT w1=4284
SELECT w2=4751
BUSY TASK ewma=997
DMA IRQ c0=1
DMA IRQ c1=0
DMA IRQ c2=0
DMA IRQ c3=0
SELECT busy=8298
SELECT w0=8297
SELECT w1=4293
SELECT w2=4762
BUSY TASK ewma=997
DMA IRQ c0=1
DMA IRQ c1=0
DMA IRQ c2=0
DMA IRQ c3=0
SELECT busy=8316
SELECT w0=8315
SELECT w1=4299
SELECT w2=4770
BUSY TASK ewma=997
DMA IRQ c0=1
DMA IRQ c1=0
DMA IRQ c2=0
DMA IRQ c3=0
SELECT busy=8333
SELECT w0=8333
SELECT w1=4306
SELECT w2=4777
BUSY TASK ewma=997
DMA IRQ c0=1
DMA IRQ c1=0
DMA IRQ c2=0
DMA IRQ c3=0
SELECT busy=8354
SELECT w0=8354
SELECT w1=4316
SELECT w2=4786
BUSY TASK ewma=997
DMA IRQ c0=1
DMA IRQ c1=0
DMA IRQ c2=0
DMA IRQ c3=0
SELECT busy=8375
SELECT w0=8375
SELECT w1=4325
SELECT w2=4799
BUSY TASK ewma=997
DMA IRQ c0=1
DMA IRQ c1=0
DMA IRQ c2=0
DMA IRQ c3=0
SELECT busy=8396
SELECT w0=8396
SELECT w1=4339
SELECT w2=4815
BUSY TASK ewma=997
DMA IRQ c0=1
DMA IRQ c1=0
DMA IRQ c2=0
DMA IRQ c3=0
SELECT busy=8417
SELECT w0=8417
SELECT w1=4350
SELECT w2=4827
BUSY TASK ewma=997
DMA IRQ c0=1
DMA IRQ c1=0
DMA IRQ c2=0
DMA IRQ c3=0
SELECT busy=8431
SELECT w0=8431
SELECT w1=4358
SELECT w2=4835
BUSY TASK ewma=997
DMA IRQ c0=1
DMA IRQ c1=0
DMA IRQ c2=0
DMA IRQ c3=0
SELECT busy=8450
SELECT w0=8450
SELECT w1=4367
SELECT w2=4846
BUSY TASK ewma=997
DMA IRQ c0=1
DMA IRQ c1=0
DMA IRQ c2=0
DMA IRQ c3=0
SELECT busy=8466
SELECT w0=8466
SELECT w1=4376
SELECT w2=4857
BUSY TASK ewma=997
DMA IRQ c0=1
DMA IRQ c1=0
DMA IRQ c2=0
DMA IRQ c3=0
SELECT busy=8483
SELECT w0=8483
SELECT w1=4386
SELECT w2=4870
BUSY TASK ewma=997
DMA IRQ c0=1
DMA IRQ c1=0
DMA IRQ c2=0
DMA IRQ c3=0
SELECT busy=8513
SELECT w0=8513
SELECT w1=4400
SELECT w2=4885
BUSY TASK ewma=997
DMA IRQ c0=1
DMA IRQ c1=0
DMA IRQ c2=0
DMA IRQ c3=0
SELECT busy=8531
SELECT w0=8531
SELECT w1=4409
SELECT w2=4898
BUSY TASK ewma=997
DMA IRQ c0=1
DMA IRQ c1=0
DMA IRQ c2=0
DMA IRQ c3=0
SELECT busy=8553
SELECT w0=8552
SELECT w1=4420
SELECT w2=4908
BUSY TASK ewma=997
DMA IRQ c0=1
DMA IRQ c1=0
DMA IRQ c2=0
DMA IRQ c3=0
SELECT busy=8566
SELECT w0=8566
SELECT w1=4426
SELECT w2=4915
BUSY TASK ewma=997
DMA IRQ c0=1
DMA IRQ c1=0
DMA IRQ c2=0
DMA IRQ c3=0
SELECT busy=8582
SELECT w0=8582
SELECT w1=4433
SELECT w2=4925
BUSY TASK ewma=997
DMA IRQ c0=1
DMA IRQ c1=0
DMA IRQ c2=0
DMA IRQ c3=0
SELECT busy=8600
SELECT w0=8599
SELECT w1=4438
SELECT w2=4933
BUSY TASK ewma=997
DMA IRQ c0=1
DMA IRQ c1=0
DMA IRQ c2=0
DMA IRQ c3=0
SELECT busy=8625
SELECT w0=8624
SELECT w1=4450
SELECT w2=4945
BUSY TASK ewma=997
DMA IRQ c0=1
DMA IRQ c1=0
DMA IRQ c2=0
DMA IRQ c3=0
SELECT busy=8652
SELECT w0=8651
SELECT w1=4459
SELECT w2=4956
BUSY TASK ewma=997
DMA IRQ c0=1
DMA IRQ c1=0
DMA IRQ c2=0
DMA IRQ c3=0
SELECT busy=8683
SELECT w0=8682
SELECT w1=4470
SELECT w2=4973
BUSY TASK ewma=997
DMA IRQ c0=1
DMA IRQ c1=0
DMA IRQ c2=0
DMA IRQ c3=0
SELECT busy=8707
SELECT w0=8706
SELECT w1=4478
SELECT w2=4986
BUSY TASK ewma=997
DMA IRQ c0=1
DMA IRQ c1=0
DMA IRQ c2=0
DMA IRQ c3=0
SELECT busy=8725
SELECT w0=8725
SELECT w1=4484
SELECT w2=4994
BUSY TASK ewma=997
DMA IRQ c0=1
DMA IRQ c1=0
DMA IRQ c2=0
DMA IRQ c3=0
SELECT busy=8748
SELECT w0=8748
SELECT w1=4495
SELECT w2=5006
BUSY TASK ewma=997
DMA IRQ c0=1
DMA IRQ c1=0
DMA IRQ c2=0
DMA IRQ c3=0
SELECT busy=8769
SELECT w0=8769
SELECT w1=4506
SELECT w2=5020
BUSY TASK ewma=997
DMA IRQ c0=1
DMA IRQ c1=0
DMA IRQ c2=0
DMA IRQ c3=0
SELECT busy=8794
SELECT w0=8796
SELECT w1=4521
SELECT w2=5038
BUSY TASK ewma=997
DMA IRQ c0=1
DMA IRQ c1=0
DMA IRQ c2=0
DMA IRQ c3=0
SELECT busy=8836
SELECT w0=8835
SELECT w1=4535
SELECT w2=5054
BUSY TASK ewma=997
DMA IRQ c0=1
DMA IRQ c1=0
DMA IRQ c2=0
DMA IRQ c3=0
SELECT busy=8868
SELECT w0=8867
SELECT w1=4547
SELECT w2=5073
BUSY TASK ewma=997
DMA IRQ c0=1
DMA IRQ c1=0
DMA IRQ c2=0
DMA IRQ c3=0
SELECT busy=8901
SELECT w0=8901
SELECT w1=4562
SELECT w2=5092
BUSY TASK ewma=997
DMA IRQ c0=1
DMA IRQ c1=0
DMA IRQ c2=0
DMA IRQ c3=0
SELECT busy=8937
SELECT w0=8936
SELECT w1=4576
SELECT w2=5111
BUSY TASK ewma=997
DMA IRQ c0=1
DMA IRQ c1=0
DMA IRQ c2=0
DMA IRQ c3=0
SELECT busy=8972
SELECT w0=8971
SELECT w1=4589
SELECT w2=5126
BUSY TASK ewma=997
DMA IRQ c0=1
DMA IRQ c1=0
DMA IRQ c2=0
DMA IRQ c3=0
SELECT busy=9011
SELECT w0=9010
SELECT w1=4607
SELECT w2=5147
BUSY TASK ewma=997
DMA IRQ c0=1
DMA IRQ c1=0
DMA IRQ c2=0
DMA IRQ c3=0
SELECT busy=9042
SELECT w0=9041
SELECT w1=4619
SELECT w2=5165
BUSY TASK ewma=997
DMA IRQ c0=1
DMA IRQ c1=0
DMA IRQ c2=0
DMA IRQ c3=0
SELECT busy=9058
SELECT w0=9059
SELECT w1=4627
SELECT w2=5175
BUSY TASK ewma=997
DMA IRQ c0=1
DMA IRQ c1=0
DMA IRQ c2=0
DMA IRQ c3=0
SELECT busy=9078
SELECT w0=9077
SELECT w1=4635
SELECT w2=5184
BUSY TASK ewma=997
DMA IRQ c0=1
DMA IRQ c1=0
DMA IRQ c2=0
DMA IRQ c3=0
SELECT busy=9096
SELECT w0=9095
SELECT w1=4646
SELECT w2=5194
BUSY TASK ewma=997
DMA IRQ c0=1
DMA IRQ c1=0
DMA IRQ c2=0
DMA IRQ c3=0
SELECT busy=9122
SELECT w0=9122
SELECT w1=4661
SELECT w2=5214
BUSY TASK ewma=997
DMA IRQ c0=1
DMA IRQ c1=0
DMA IRQ c2=0
DMA IRQ c3=0
SELECT busy=9143
SELECT w0=9143
SELECT w1=4676
SELECT w2=5230
BUSY TASK ewma=997
DMA IRQ c0=1
DMA IRQ c1=0
DMA IRQ c2=0
DMA IRQ c3=0
SELECT busy=9161
SELECT w0=9161
SELECT w1=4687
SELECT w2=5243
BUSY TASK ewma=997
DMA IRQ c0=1
DMA IRQ c1=0
DMA IRQ c2=0
DMA IRQ c3=0
SELECT busy=9180
SELECT w0=9180
SELECT w1=4697
SELECT w2=5255
BUSY TASK ewma=997
DMA IRQ c0=1
DMA IRQ c1=0
DMA IRQ c2=0
DMA IRQ c3=0
SELECT busy=9201
SELECT w0=9201
SELECT w1=4709
SELECT w2=5271
BUSY TASK ewma=997
DMA IRQ c0=1
DMA IRQ c1=0
DMA IRQ c2=0
DMA IRQ c3=0
SELECT busy=9218
SELECT w0=9218
SELECT w1=4719
SELECT w2=5284
BUSY TASK ewma=997
DMA IRQ c0=1
DMA IRQ c1=0
DMA IRQ c2=0
DMA IRQ c3=0
SELECT busy=9243
SELECT w0=9242
SELECT w1=4735
SELECT w2=5300
BUSY TASK ewma=997
DMA IRQ c0=1
DMA IRQ c1=0
DMA IRQ c2=0
DMA IRQ c3=0
SELECT busy=9262
SELECT w0=9262
SELECT w1=4744
SELECT w2=5312
BUSY TASK ewma=997
DMA IRQ c0=1
DMA IRQ c1=0
DMA IRQ c2=0
DMA IRQ c3=0
SELECT busy=9285
SELECT w0=9285
SELECT w1=4753
SELECT w2=5326
BUSY TASK ewma=997
DMA IRQ c0=1
DMA IRQ c1=0
DMA IRQ c2=0
DMA IRQ c3=0
SELECT busy=9311
SELECT w0=9310
SELECT w1=4764
SELECT w2=5340
BUSY TASK ewma=997
DMA IRQ c0=1
DMA IRQ c1=0
DMA IRQ c2=0
DMA IRQ c3=0
SELECT busy=9329
SELECT w0=9329
SELECT w1=4775
SELECT w2=5353
BUSY TASK ewma=997
DMA IRQ c0=1
DMA IRQ c1=0
DMA IRQ c2=0
DMA IRQ c3=0
SELECT busy=9350
SELECT w0=9350
SELECT w1=4787
SELECT w2=5366
BUSY TASK ewma=997
DMA IRQ c0=1
DMA IRQ c1=0
DMA IRQ c2=0
DMA IRQ c3=0
SELECT busy=9369
SELECT w0=9369
SELECT w1=4796
SELECT w2=5379
BUSY TASK ewma=997
DMA IRQ c0=1
DMA IRQ c1=0
DMA IRQ c2=0
DMA IRQ c3=0
SELECT busy=9386
SELECT w0=9386
SELECT w1=4805
SELECT w2=5393
BUSY TASK ewma=997
DMA IRQ c0=1
DMA IRQ c1=0
DMA IRQ c2=0
DMA IRQ c3=0
SELECT busy=9415
SELECT w0=9415
SELECT w1=4820
SELECT w2=5415
BUSY TASK ewma=997
IRQ counts: cpu0=18856 cpu1=21385 cpu2=21469 cpu3=21180
SCHED secondaries: calls=64038 unexpected=0
SECTEST switches=64000 cpu1=205226110,197226430 cpu2=170979464,169201307 cpu3=245952449,235198264
PINGPONG rounds=2000 pongs=2000
DMA IRQ c0=1
DMA IRQ c1=0
DMA IRQ c2=0
DMA IRQ c3=0
SELECT busy=9434
SELECT w0=9433
SELECT w1=4828
SELECT w2=5426
BUSY TASK ewma=997
DMA IRQ c0=1
DMA IRQ c1=0
DMA IRQ c2=0
DMA IRQ c3=0
SELECT busy=9449
SELECT w0=9449
SELECT w1=4836
SELECT w2=5438
BUSY TASK ewma=997
DMA IRQ c0=1
DMA IRQ c1=0
DMA IRQ c2=0
DMA IRQ c3=0
SELECT busy=9466
SELECT w0=9466
SELECT w1=4844
SELECT w2=5449
BUSY TASK ewma=997
DMA IRQ c0=1
DMA IRQ c1=0
DMA IRQ c2=0
DMA IRQ c3=0
SELECT busy=9488
SELECT w0=9487
SELECT w1=4853
SELECT w2=5459
BUSY TASK ewma=997
DMA IRQ c0=1
DMA IRQ c1=0
DMA IRQ c2=0
DMA IRQ c3=0
SELECT busy=9503
SELECT w0=9502
SELECT w1=4859
SELECT w2=5467
BUSY TASK ewma=997
DMA IRQ c0=1
DMA IRQ c1=0
DMA IRQ c2=0
DMA IRQ c3=0
SELECT busy=9521
SELECT w0=9521
SELECT w1=4869
SELECT w2=5480
BUSY TASK ewma=997
DMA IRQ c0=1
DMA IRQ c1=0
DMA IRQ c2=0
DMA IRQ c3=0
SELECT busy=9536
SELECT w0=9535
SELECT w1=4875
SELECT w2=5488
BUSY TASK ewma=997
DMA IRQ c0=1
DMA IRQ c1=0
DMA IRQ c2=0
DMA IRQ c3=0
SELECT busy=9556
SELECT w0=9555
SELECT w1=4882
SELECT w2=5498
BUSY TASK ewma=997
DMA IRQ c0=1
DMA IRQ c1=0
DMA IRQ c2=0
DMA IRQ c3=0
SELECT busy=9571
SELECT w0=9570
SELECT w1=4887
SELECT w2=5506
BUSY TASK ewma=997
DMA IRQ c0=1
DMA IRQ c1=0
DMA IRQ c2=0
DMA IRQ c3=0
SELECT busy=9589
SELECT w0=9589
SELECT w1=4896
SELECT w2=5517
BUSY TASK ewma=997
DMA IRQ c0=1
DMA IRQ c1=0
DMA IRQ c2=0
DMA IRQ c3=0
SELECT busy=9603
SELECT w0=9603
SELECT w1=4904
SELECT w2=5528
BUSY TASK ewma=997
DMA IRQ c0=1
DMA IRQ c1=0
DMA IRQ c2=0
DMA IRQ c3=0
SELECT busy=9618
SELECT w0=9618
SELECT w1=4910
SELECT w2=5536
BUSY TASK ewma=997
DMA IRQ c0=1
DMA IRQ c1=0
DMA IRQ c2=0
DMA IRQ c3=0
SELECT busy=9636
SELECT w0=9636
SELECT w1=4920
SELECT w2=5552
BUSY TASK ewma=997
DMA IRQ c0=1
DMA IRQ c1=0
DMA IRQ c2=0
DMA IRQ c3=0
SELECT busy=9655
SELECT w0=9655
SELECT w1=4930
SELECT w2=5567
BUSY TASK ewma=997
DMA IRQ c0=1
DMA IRQ c1=0
DMA IRQ c2=0
DMA IRQ c3=0
SELECT busy=9676
SELECT w0=9676
SELECT w1=4942
SELECT w2=5585
BUSY TASK ewma=997
DMA IRQ c0=1
DMA IRQ c1=0
DMA IRQ c2=0
DMA IRQ c3=0
SELECT busy=9697
SELECT w0=9697
SELECT w1=4948
SELECT w2=5590
BUSY TASK ewma=997
DMA IRQ c0=1
DMA IRQ c1=0
DMA IRQ c2=0
DMA IRQ c3=0
SELECT busy=9718
SELECT w0=9717
SELECT w1=4955
SELECT w2=5602
BUSY TASK ewma=997
DMA IRQ c0=1
DMA IRQ c1=0
DMA IRQ c2=0
DMA IRQ c3=0
SELECT busy=9735
SELECT w0=9734
SELECT w1=4963
SELECT w2=5611
BUSY TASK ewma=997
DMA IRQ c0=1
DMA IRQ c1=0
DMA IRQ c2=0
DMA IRQ c3=0
SELECT busy=9748
SELECT w0=9748
SELECT w1=4968
SELECT w2=5618
BUSY TASK ewma=997
DMA IRQ c0=1
DMA IRQ c1=0
DMA IRQ c2=0
DMA IRQ c3=0
SELECT busy=9766
SELECT w0=9766
SELECT w1=4978
SELECT w2=5631
BUSY TASK ewma=997
DMA IRQ c0=1
DMA IRQ c1=0
DMA IRQ c2=0
DMA IRQ c3=0
SELECT busy=9789
SELECT w0=9790
SELECT w1=4986
SELECT w2=5637
BUSY TASK ewma=997
DMA IRQ c0=1
DMA IRQ c1=0
DMA IRQ c2=0
DMA IRQ c3=0
SELECT busy=9807
SELECT w0=9807
SELECT w1=4994
SELECT w2=5646
BUSY TASK ewma=997
DMA IRQ c0=1
DMA IRQ c1=0
DMA IRQ c2=0
DMA IRQ c3=0
SELECT busy=9823
SELECT w0=9822
SELECT w1=5002
SELECT w2=5656
BUSY TASK ewma=997
DMA IRQ c0=1
DMA IRQ c1=0
DMA IRQ c2=0
DMA IRQ c3=0
SELECT busy=9841
SELECT w0=9841
SELECT w1=5008
SELECT w2=5664
BUSY TASK ewma=997
DMA IRQ c0=1
DMA IRQ c1=0
DMA IRQ c2=0
DMA IRQ c3=0
SELECT busy=9867
SELECT w0=9866
SELECT w1=5017
SELECT w2=5680
BUSY TASK ewma=997
DMA IRQ c0=1
DMA IRQ c1=0
DMA IRQ c2=0
DMA IRQ c3=0
SELECT busy=9883
SELECT w0=9882
SELECT w1=5023
SELECT w2=5691
BUSY TASK ewma=997
DMA IRQ c0=1
DMA IRQ c1=0
DMA IRQ c2=0
DMA IRQ c3=0
SELECT busy=9907
SELECT w0=9907
SELECT w1=5036
SELECT w2=5712
BUSY TASK ewma=997
DMA IRQ c0=1
DMA IRQ c1=0
DMA IRQ c2=0
DMA IRQ c3=0
SELECT busy=9926
SELECT w0=9926
SELECT w1=5047
SELECT w2=5724
BUSY TASK ewma=997
DMA IRQ c0=1
DMA IRQ c1=0
DMA IRQ c2=0
DMA IRQ c3=0
SELECT busy=9951
SELECT w0=9950
SELECT w1=5059
SELECT w2=5740
BUSY TASK ewma=997
DMA IRQ c0=1
DMA IRQ c1=0
DMA IRQ c2=0
DMA IRQ c3=0
SELECT busy=9973
SELECT w0=9975
SELECT w1=5070
SELECT w2=5760
BUSY TASK ewma=997
DMA IRQ c0=1
DMA IRQ c1=0
DMA IRQ c2=0
DMA IRQ c3=0
SELECT busy=9999
SELECT w0=9998
SELECT w1=5078
SELECT w2=5770
BUSY TASK ewma=997
DMA IRQ c0=1
DMA IRQ c1=0
DMA IRQ c2=0
DMA IRQ c3=0
SELECT busy=10020
SELECT w0=10020
SELECT w1=5090
SELECT w2=5785
BUSY TASK ewma=997
DMA IRQ c0=1
DMA IRQ c1=0
DMA IRQ c2=0
DMA IRQ c3=0
SELECT busy=10039
SELECT w0=10038
SELECT w1=5099
SELECT w2=5796
BUSY TASK ewma=997
DMA IRQ c0=1
DMA IRQ c1=0
DMA IRQ c2=0
DMA IRQ c3=0
SELECT busy=10058
SELECT w0=10058
SELECT w1=5109
SELECT w2=5809
BUSY TASK ewma=997
DMA IRQ c0=1
DMA IRQ c1=0
DMA IRQ c2=0
DMA IRQ c3=0
SELECT busy=10090
SELECT w0=10090
SELECT w1=5130
SELECT w2=5834
BUSY TASK ewma=997
DMA IRQ c0=1
DMA IRQ c1=0
DMA IRQ c2=0
DMA IRQ c3=0
SELECT busy=10110
SELECT w0=10109
SELECT w1=5140
SELECT w2=5843
BUSY TASK ewma=997
DMA IRQ c0=1
DMA IRQ c1=0
DMA IRQ c2=0
DMA IRQ c3=0
SELECT busy=10131
SELECT w0=10131
SELECT w1=5153
SELECT w2=5854
BUSY TASK ewma=997
DMA IRQ c0=1
DMA IRQ c1=0
DMA IRQ c2=0
DMA IRQ c3=0
SELECT busy=10151
SELECT w0=10151
SELECT w1=5164
SELECT w2=5868
BUSY TASK ewma=997
DMA IRQ c0=1
DMA IRQ c1=0
DMA IRQ c2=0
DMA IRQ c3=0
SELECT busy=10175
SELECT w0=10175
SELECT w1=5182
SELECT w2=5884
BUSY TASK ewma=997
DMA IRQ c0=1
DMA IRQ c1=0
DMA IRQ c2=0
DMA IRQ c3=0
SELECT busy=10190
SELECT w0=10190
SELECT w1=5190
SELECT w2=5892
BUSY TASK ewma=997
DMA IRQ c0=1
DMA IRQ c1=0
DMA IRQ c2=0
DMA IRQ c3=0
SELECT busy=10209
SELECT w0=10209
SELECT w1=5197
SELECT w2=5901
BUSY TASK ewma=997
DMA IRQ c0=1
DMA IRQ c1=0
DMA IRQ c2=0
DMA IRQ c3=0
SELECT busy=10228
SELECT w0=10227
SELECT w1=5205
SELECT w2=5911
BUSY TASK ewma=997
DMA IRQ c0=1
DMA IRQ c1=0
DMA IRQ c2=0
DMA IRQ c3=0
SELECT busy=10251
SELECT w0=10251
SELECT w1=5217
SELECT w2=5923
BUSY TASK ewma=997
DMA IRQ c0=1
DMA IRQ c1=0
DMA IRQ c2=0
DMA IRQ c3=0
SELECT busy=10271
SELECT w0=10271
SELECT w1=5226
SELECT w2=5934
BUSY TASK ewma=997
DMA IRQ c0=1
DMA IRQ c1=0
DMA IRQ c2=0
DMA IRQ c3=0
SELECT busy=10287
SELECT w0=10287
SELECT w1=5233
SELECT w2=5943
BUSY TASK ewma=997
DMA IRQ c0=1
DMA IRQ c1=0
DMA IRQ c2=0
DMA IRQ c3=0
SELECT busy=10307
SELECT w0=10308
SELECT w1=5243
SELECT w2=5955
BUSY TASK ewma=997
DMA IRQ c0=1
DMA IRQ c1=0
DMA IRQ c2=0
DMA IRQ c3=0
SELECT busy=10324
SELECT w0=10323
SELECT w1=5247
SELECT w2=5962
BUSY TASK ewma=997
DMA IRQ c0=1
DMA IRQ c1=0
DMA IRQ c2=0
DMA IRQ c3=0
SELECT busy=10346
SELECT w0=10346
SELECT w1=5258
SELECT w2=5977
BUSY TASK ewma=997
DMA IRQ c0=1
DMA IRQ c1=0
DMA IRQ c2=0
DMA IRQ c3=0
SELECT busy=10362
SELECT w0=10363
SELECT w1=5270
SELECT w2=5987
BUSY TASK ewma=997
DMA IRQ c0=1
DMA IRQ c1=0
DMA IRQ c2=0
DMA IRQ c3=0
SELECT busy=10385
SELECT w0=10386
SELECT w1=5279
SELECT w2=6000
BUSY TASK ewma=997
DMA IRQ c0=1
DMA IRQ c1=0
DMA IRQ c2=0
DMA IRQ c3=0
SELECT busy=10404
SELECT w0=10404
SELECT w1=5287
SELECT w2=6011
BUSY TASK ewma=997
DMA IRQ c0=1
DMA IRQ c1=0
DMA IRQ c2=0
DMA IRQ c3=0
SELECT busy=10424
SELECT w0=10424
SELECT w1=5295
SELECT w2=6021
BUSY TASK ewma=997
DMA IRQ c0=1
DMA IRQ c1=0
DMA IRQ c2=0
DMA IRQ c3=0
SELECT busy=10446
SELECT w0=10445
SELECT w1=5303
SELECT w2=6033
BUSY TASK ewma=997
DMA IRQ c0=1
DMA IRQ c1=0
DMA IRQ c2=0
DMA IRQ c3=0
SELECT busy=10466
SELECT w0=10465
SELECT w1=5312
SELECT w2=6045
BUSY TASK ewma=997
DMA IRQ c0=1
DMA IRQ c1=0
DMA IRQ c2=0
DMA IRQ c3=0
SELECT busy=10483
SELECT w0=10483
SELECT w1=5317
SELECT w2=6052
BUSY TASK ewma=997
DMA IRQ c0=1
DMA IRQ c1=0
DMA IRQ c2=0
DMA IRQ c3=0
SELECT busy=10499
SELECT w0=10498
SELECT w1=5324
SELECT w2=6061
BUSY TASK ewma=997
DMA IRQ c0=1
DMA IRQ c1=0
DMA IRQ c2=0
DMA IRQ c3=0
SELECT busy=10514
SELECT w0=10513
SELECT w1=5332
SELECT w2=6071
BUSY TASK ewma=997
DMA IRQ c0=1
DMA IRQ c1=0
DMA IRQ c2=0
DMA IRQ c3=0
SELECT busy=10531
SELECT w0=10530
SELECT w1=5344
SELECT w2=6080
BUSY TASK ewma=997
DMA IRQ c0=1
DMA IRQ c1=0
DMA IRQ c2=0
DMA IRQ c3=0
SELECT busy=10546
SELECT w0=10546
SELECT w1=5353
SELECT w2=6091
BUSY TASK ewma=997
DMA IRQ c0=1
DMA IRQ c1=0
DMA IRQ c2=0
DMA IRQ c3=0
SELECT busy=10564
SELECT w0=10564
SELECT w1=5363
SELECT w2=6103
BUSY TASK ewma=997
DMA IRQ c0=1
DMA IRQ c1=0
DMA IRQ c2=0
DMA IRQ c3=0
SELECT busy=10582
SELECT w0=10582
SELECT w1=5373
SELECT w2=6119
BUSY TASK ewma=997
DMA IRQ c0=1
DMA IRQ c1=0
DMA IRQ c2=0
DMA IRQ c3=0
SELECT busy=10601
SELECT w0=10601
SELECT w1=5381
SELECT w2=6132
BUSY TASK ewma=997
DMA IRQ c0=1
DMA IRQ c1=0
DMA IRQ c2=0
DMA IRQ c3=0
SELECT busy=10622
SELECT w0=10621
SELECT w1=5390
SELECT w2=6143
BUSY TASK ewma=997
DMA IRQ c0=1
DMA IRQ c1=0
DMA IRQ c2=0
DMA IRQ c3=0
SELECT busy=10640
SELECT w0=10639
SELECT w1=5397
SELECT w2=6152
BUSY TASK ewma=997
IRQ counts: cpu0=21306 cpu1=24273 cpu2=24421 cpu3=24049
SCHED secondaries: calls=72755 unexpected=0
SECTEST switches=72718 cpu1=236401256,227368749 cpu2=200730788,199924025 cpu3=285268911,274250346
PINGPONG rounds=2000 pongs=2000
DMA IRQ c0=1
DMA IRQ c1=0
DMA IRQ c2=0
DMA IRQ c3=0
SELECT busy=10664
SELECT w0=10663
SELECT w1=5407
SELECT w2=6165
BUSY TASK ewma=997
DMA IRQ c0=1
DMA IRQ c1=0
DMA IRQ c2=0
DMA IRQ c3=0
SELECT busy=10682
SELECT w0=10681
SELECT w1=5414
SELECT w2=6177
BUSY TASK ewma=997
DMA IRQ c0=1
DMA IRQ c1=0
DMA IRQ c2=0
DMA IRQ c3=0
SELECT busy=10703
SELECT w0=10703
SELECT w1=5424
SELECT w2=6189
BUSY TASK ewma=997
DMA IRQ c0=1
DMA IRQ c1=0
DMA IRQ c2=0
DMA IRQ c3=0
SELECT busy=10717
SELECT w0=10717
SELECT w1=5429
SELECT w2=6196
BUSY TASK ewma=997
DMA IRQ c0=1
DMA IRQ c1=0
DMA IRQ c2=0
DMA IRQ c3=0
SELECT busy=10733
SELECT w0=10733
SELECT w1=5434
SELECT w2=6204
BUSY TASK ewma=997
DMA IRQ c0=1
DMA IRQ c1=0
DMA IRQ c2=0
DMA IRQ c3=0
SELECT busy=10752
SELECT w0=10753
SELECT w1=5442
SELECT w2=6214
BUSY TASK ewma=997
DMA IRQ c0=1
DMA IRQ c1=0
DMA IRQ c2=0
DMA IRQ c3=0
SELECT busy=10783
SELECT w0=10783
SELECT w1=5456
SELECT w2=6230
BUSY TASK ewma=997
DMA IRQ c0=1
DMA IRQ c1=0
DMA IRQ c2=0
DMA IRQ c3=0
SELECT busy=10819
SELECT w0=10819
SELECT w1=5477
SELECT w2=6255
BUSY TASK ewma=997
DMA IRQ c0=1
DMA IRQ c1=0
DMA IRQ c2=0
DMA IRQ c3=0
SELECT busy=10862
SELECT w0=10861
SELECT w1=5497
SELECT w2=6279
BUSY TASK ewma=997
DMA IRQ c0=1
DMA IRQ c1=0
DMA IRQ c2=0
DMA IRQ c3=0
SELECT busy=10894
SELECT w0=10894
SELECT w1=5511
SELECT w2=6295
BUSY TASK ewma=997
DMA IRQ c0=1
DMA IRQ c1=0
DMA IRQ c2=0
DMA IRQ c3=0
SELECT busy=10937
SELECT w0=10937
SELECT w1=5532
SELECT w2=6321
BUSY TASK ewma=997
DMA IRQ c0=1
DMA IRQ c1=0
DMA IRQ c2=0
DMA IRQ c3=0
SELECT busy=10972
SELECT w0=10971
SELECT w1=5546
SELECT w2=6339
BUSY TASK ewma=997
DMA IRQ c0=1
DMA IRQ c1=0
DMA IRQ c2=0
DMA IRQ c3=0
SELECT busy=11007
SELECT w0=11007
SELECT w1=5563
SELECT w2=6358
BUSY TASK ewma=997
DMA IRQ c0=1
DMA IRQ c1=0
DMA IRQ c2=0
DMA IRQ c3=0
SELECT busy=11027
SELECT w0=11026
SELECT w1=5571
SELECT w2=6368
BUSY TASK ewma=997
DMA IRQ c0=1
DMA IRQ c1=0
DMA IRQ c2=0
DMA IRQ c3=0
SELECT busy=11068
SELECT w0=11068
SELECT w1=5585
SELECT w2=6387
BUSY TASK ewma=997
DMA IRQ c0=1
DMA IRQ c1=0
DMA IRQ c2=0
DMA IRQ c3=0
SELECT busy=11106
SELECT w0=11106
SELECT w1=5602
SELECT w2=6409
BUSY TASK ewma=997
DMA IRQ c0=1
DMA IRQ c1=0
DMA IRQ c2=0
DMA IRQ c3=0
SELECT busy=11126
SELECT w0=11126
SELECT w1=5611
SELECT w2=6419
BUSY TASK ewma=997
DMA IRQ c0=1
DMA IRQ c1=0
DMA IRQ c2=0
DMA IRQ c3=0
SELECT busy=11145
SELECT w0=11144
SELECT w1=5620
SELECT w2=6430
BUSY TASK ewma=997
DMA IRQ c0=1
DMA IRQ c1=0
DMA IRQ c2=0
DMA IRQ c3=0
SELECT busy=11161
SELECT w0=11161
SELECT w1=5626
SELECT w2=6439
BUSY TASK ewma=997
DMA IRQ c0=1
DMA IRQ c1=0
DMA IRQ c2=0
DMA IRQ c3=0
SELECT busy=11178
SELECT w0=11177
SELECT w1=5633
SELECT w2=6446
BUSY TASK ewma=997
DMA IRQ c0=1
DMA IRQ c1=0
DMA IRQ c2=0
DMA IRQ c3=0
SELECT busy=11197
SELECT w0=11197
SELECT w1=5644
SELECT w2=6457
BUSY TASK ewma=997
DMA IRQ c0=1
DMA IRQ c1=0
DMA IRQ c2=0
DMA IRQ c3=0
SELECT busy=11217
SELECT w0=11217
SELECT w1=5656
SELECT w2=6472
BUSY TASK ewma=997
DMA IRQ c0=1
DMA IRQ c1=0
DMA IRQ c2=0
DMA IRQ c3=0
SELECT busy=11235
SELECT w0=11234
SELECT w1=5664
SELECT w2=6482
BUSY TASK ewma=997
DMA IRQ c0=1
DMA IRQ c1=0
DMA IRQ c2=0
DMA IRQ c3=0
SELECT busy=11253
SELECT w0=11254
SELECT w1=5673
SELECT w2=6493
BUSY TASK ewma=997
DMA IRQ c0=1
DMA IRQ c1=0
DMA IRQ c2=0
DMA IRQ c3=0
SELECT busy=11278
SELECT w0=11278
SELECT w1=5684
SELECT w2=6507
BUSY TASK ewma=997
DMA IRQ c0=1
DMA IRQ c1=0
DMA IRQ c2=0
DMA IRQ c3=0
SELECT busy=11293
SELECT w0=11292
SELECT w1=5689
SELECT w2=6514
BUSY TASK ewma=997
DMA IRQ c0=1
DMA IRQ c1=0
DMA IRQ c2=0
DMA IRQ c3=0
SELECT busy=11309
SELECT w0=11309
SELECT w1=5695
SELECT w2=6521
BUSY TASK ewma=997
DMA IRQ c0=1
DMA IRQ c1=0
DMA IRQ c2=0
DMA IRQ c3=0
SELECT busy=11329
SELECT w0=11328
SELECT w1=5702
SELECT w2=6531
BUSY TASK ewma=997
DMA IRQ c0=1
DMA IRQ c1=0
DMA IRQ c2=0
DMA IRQ c3=0
SELECT busy=11347
SELECT w0=11346
SELECT w1=5710
SELECT w2=6541
BUSY TASK ewma=997
DMA IRQ c0=1
DMA IRQ c1=0
DMA IRQ c2=0
DMA IRQ c3=0
SELECT busy=11366
SELECT w0=11366
SELECT w1=5719
SELECT w2=6552
BUSY TASK ewma=997
DMA IRQ c0=1
DMA IRQ c1=0
DMA IRQ c2=0
DMA IRQ c3=0
SELECT busy=11385
SELECT w0=11385
SELECT w1=5727
SELECT w2=6562
BUSY TASK ewma=997
DMA IRQ c0=1
DMA IRQ c1=0
DMA IRQ c2=0
DMA IRQ c3=0
SELECT busy=11399
SELECT w0=11399
SELECT w1=5734
SELECT w2=6572
BUSY TASK ewma=997
DMA IRQ c0=1
DMA IRQ c1=0
DMA IRQ c2=0
DMA IRQ c3=0
SELECT busy=11414
SELECT w0=11413
SELECT w1=5738
SELECT w2=6578
BUSY TASK ewma=997
DMA IRQ c0=1
DMA IRQ c1=0
DMA IRQ c2=0
DMA IRQ c3=0
SELECT busy=11435
SELECT w0=11436
SELECT w1=5749
SELECT w2=6592
BUSY TASK ewma=997
DMA IRQ c0=1
DMA IRQ c1=0
DMA IRQ c2=0
DMA IRQ c3=0
SELECT busy=11455
SELECT w0=11455
SELECT w1=5759
SELECT w2=6605
BUSY TASK ewma=997
DMA IRQ c0=1
DMA IRQ c1=0
DMA IRQ c2=0
DMA IRQ c3=0
SELECT busy=11477
SELECT w0=11476
SELECT w1=5769
SELECT w2=6616
BUSY TASK ewma=997
DMA IRQ c0=1
DMA IRQ c1=0
DMA IRQ c2=0
DMA IRQ c3=0
SELECT busy=11494
SELECT w0=11494
SELECT w1=5774
SELECT w2=6625
BUSY TASK ewma=997
DMA IRQ c0=1
DMA IRQ c1=0
DMA IRQ c2=0
DMA IRQ c3=0
SELECT busy=11513
SELECT w0=11512
SELECT w1=5782
SELECT w2=6635
BUSY TASK ewma=997
DMA IRQ c0=1
DMA IRQ c1=0
DMA IRQ c2=0
DMA IRQ c3=0
SELECT busy=11533
SELECT w0=11533
SELECT w1=5791
SELECT w2=6647
BUSY TASK ewma=997
DMA IRQ c0=1
DMA IRQ c1=0
DMA IRQ c2=0
DMA IRQ c3=0
SELECT busy=11551
SELECT w0=11551
SELECT w1=5796
SELECT w2=6657
BUSY TASK ewma=997
DMA IRQ c0=1
DMA IRQ c1=0
DMA IRQ c2=0
DMA IRQ c3=0
SELECT busy=11574
SELECT w0=11574
SELECT w1=5804
SELECT w2=6668
BUSY TASK ewma=997
DMA IRQ c0=1
DMA IRQ c1=0
DMA IRQ c2=0
DMA IRQ c3=0
SELECT busy=11590
SELECT w0=11589
SELECT w1=5811
SELECT w2=6676
BUSY TASK ewma=997
DMA IRQ c0=1
DMA IRQ c1=0
DMA IRQ c2=0
DMA IRQ c3=0
SELECT busy=11604
SELECT w0=11603
SELECT w1=5816
SELECT w2=6682
BUSY TASK ewma=997
DMA IRQ c0=1
DMA IRQ c1=0
DMA IRQ c2=0
DMA IRQ c3=0
SELECT busy=11619
SELECT w0=11619
SELECT w1=5828
SELECT w2=6695
BUSY TASK ewma=997
DMA IRQ c0=1
DMA IRQ c1=0
DMA IRQ c2=0
DMA IRQ c3=0
SELECT busy=11635
SELECT w0=11635
SELECT w1=5836
SELECT w2=6704
BUSY TASK ewma=997
DMA IRQ c0=1
DMA IRQ c1=0
DMA IRQ c2=0
DMA IRQ c3=0
SELECT busy=11651
SELECT w0=11651
SELECT w1=5845
SELECT w2=6714
BUSY TASK ewma=997
DMA IRQ c0=1
DMA IRQ c1=0
DMA IRQ c2=0
DMA IRQ c3=0
SELECT busy=11669
SELECT w0=11668
SELECT w1=5852
SELECT w2=6725
BUSY TASK ewma=997
DMA IRQ c0=1
DMA IRQ c1=0
DMA IRQ c2=0
DMA IRQ c3=0
SELECT busy=11701
SELECT w0=11703
SELECT w1=5868
SELECT w2=6740
BUSY TASK ewma=997
DMA IRQ c0=1
DMA IRQ c1=0
DMA IRQ c2=0
DMA IRQ c3=0
SELECT busy=11739
SELECT w0=11739
SELECT w1=5882
SELECT w2=6758
BUSY TASK ewma=997
DMA IRQ c0=1
DMA IRQ c1=0
DMA IRQ c2=0
DMA IRQ c3=0
SELECT busy=11770
SELECT w0=11769
SELECT w1=5896
SELECT w2=6775
BUSY TASK ewma=997
DMA IRQ c0=1
DMA IRQ c1=0
DMA IRQ c2=0
DMA IRQ c3=0
SELECT busy=11793
SELECT w0=11792
SELECT w1=5905
SELECT w2=6787
BUSY TASK ewma=997
DMA IRQ c0=1
DMA IRQ c1=0
DMA IRQ c2=0
DMA IRQ c3=0
SELECT busy=11813
SELECT w0=11812
SELECT w1=5914
SELECT w2=6800
BUSY TASK ewma=997
DMA IRQ c0=1
DMA IRQ c1=0
DMA IRQ c2=0
DMA IRQ c3=0
SELECT busy=11835
SELECT w0=11835
SELECT w1=5922
SELECT w2=6810
BUSY TASK ewma=997
DMA IRQ c0=1
DMA IRQ c1=0
DMA IRQ c2=0
DMA IRQ c3=0
SELECT busy=11850
SELECT w0=11850
SELECT w1=5930
SELECT w2=6818
BUSY TASK ewma=997
DMA IRQ c0=1
DMA IRQ c1=0
DMA IRQ c2=0
DMA IRQ c3=0
SELECT busy=11866
SELECT w0=11866
SELECT w1=5941
SELECT w2=6829
BUSY TASK ewma=997
DMA IRQ c0=1
DMA IRQ c1=0
DMA IRQ c2=0
DMA IRQ c3=0
SELECT busy=11886
SELECT w0=11886
SELECT w1=5948
SELECT w2=6839
BUSY TASK ewma=997
DMA IRQ c0=1
DMA IRQ c1=0
DMA IRQ c2=0
DMA IRQ c3=0
SELECT busy=11904
SELECT w0=11905
SELECT w1=5955
SELECT w2=6847
BUSY TASK ewma=997
DMA IRQ c0=1
DMA IRQ c1=0
DMA IRQ c2=0
DMA IRQ c3=0
SELECT busy=11924
SELECT w0=11924
SELECT w1=5964
SELECT w2=6859
BUSY TASK ewma=997
DMA IRQ c0=1
DMA IRQ c1=0
DMA IRQ c2=0
DMA IRQ c3=0
SELECT busy=11941
SELECT w0=11940
SELECT w1=5971
SELECT w2=6867
BUSY TASK ewma=997
DMA IRQ c0=1
DMA IRQ c1=0
DMA IRQ c2=0
DMA IRQ c3=0
SELECT busy=11958
SELECT w0=11957
SELECT w1=5979
SELECT w2=6877
BUSY TASK ewma=997
DMA IRQ c0=1
DMA IRQ c1=0
DMA IRQ c2=0
DMA IRQ c3=0
SELECT busy=11975
SELECT w0=11975
SELECT w1=5986
SELECT w2=6887
BUSY TASK ewma=997
DMA IRQ c0=1
DMA IRQ c1=0
DMA IRQ c2=0
DMA IRQ c3=0
SELECT busy=11997
SELECT w0=11996
SELECT w1=5995
SELECT w2=6899
BUSY TASK ewma=997
DMA IRQ c0=1
DMA IRQ c1=0
DMA IRQ c2=0
DMA IRQ c3=0
SELECT busy=12015
SELECT w0=12014
SELECT w1=6006
SELECT w2=6911
BUSY TASK ewma=997
DMA IRQ c0=1
DMA IRQ c1=0
DMA IRQ c2=0
DMA IRQ c3=0
SELECT busy=12030
SELECT w0=12029
SELECT w1=6014
SELECT w2=6921
BUSY TASK ewma=997
IRQ counts: cpu0=24088 cpu1=27354 cpu2=27489 cpu3=27170
SCHED secondaries: calls=82014 unexpected=0
SECTEST switches=81976 cpu1=265599572,255023771 cpu2=228576108,227423785 cpu3=323009904,312564103
PINGPONG rounds=2000 pongs=2000
DMA IRQ c0=1
DMA IRQ c1=0
DMA IRQ c2=0
DMA IRQ c3=0
SELECT busy=12055
SELECT w0=12055
SELECT w1=6026
SELECT w2=6937
BUSY TASK ewma=997
DMA IRQ c0=1
DMA IRQ c1=0
DMA IRQ c2=0
DMA IRQ c3=0
SELECT busy=12074
SELECT w0=12074
SELECT w1=6033
SELECT w2=6949
BUSY TASK ewma=997
DMA IRQ c0=1
DMA IRQ c1=0
DMA IRQ c2=0
DMA IRQ c3=0
SELECT busy=12098
SELECT w0=12098
SELECT w1=6043
SELECT w2=6962
BUSY TASK ewma=997
DMA IRQ c0=1
DMA IRQ c1=0
DMA IRQ c2=0
DMA IRQ c3=0
SELECT busy=12121
SELECT w0=12120
SELECT w1=6053
SELECT w2=6974
BUSY TASK ewma=997
DMA IRQ c0=1
DMA IRQ c1=0
DMA IRQ c2=0
DMA IRQ c3=0
SELECT busy=12150
SELECT w0=12150
SELECT w1=6064
SELECT w2=6990
BUSY TASK ewma=997
DMA IRQ c0=1
DMA IRQ c1=0
DMA IRQ c2=0
DMA IRQ c3=0
SELECT busy=12187
SELECT w0=12186
SELECT w1=6082
SELECT w2=7013
BUSY TASK ewma=997
DMA IRQ c0=1
DMA IRQ c1=0
DMA IRQ c2=0
DMA IRQ c3=0
SELECT busy=12228
SELECT w0=12228
SELECT w1=6101
SELECT w2=7037
BUSY TASK ewma=997
DMA IRQ c0=1
DMA IRQ c1=0
DMA IRQ c2=0
DMA IRQ c3=0
SELECT busy=12253
SELECT w0=12252
SELECT w1=6113
SELECT w2=7051
BUSY TASK ewma=997
DMA IRQ c0=1
DMA IRQ c1=0
DMA IRQ c2=0
DMA IRQ c3=0
SELECT busy=12273
SELECT w0=12272
SELECT w1=6121
SELECT w2=7060
BUSY TASK ewma=997
DMA IRQ c0=1
DMA IRQ c1=0
DMA IRQ c2=0
DMA IRQ c3=0
SELECT busy=12294
SELECT w0=12294
SELECT w1=6130
SELECT w2=7071
BUSY TASK ewma=997
DMA IRQ c0=1
DMA IRQ c1=0
DMA IRQ c2=0
DMA IRQ c3=0
SELECT busy=12318
SELECT w0=12318
SELECT w1=6140
SELECT w2=7087
BUSY TASK ewma=997
DMA IRQ c0=1
DMA IRQ c1=0
DMA IRQ c2=0
DMA IRQ c3=0
SELECT busy=12335
SELECT w0=12335
SELECT w1=6149
SELECT w2=7098
BUSY TASK ewma=997
DMA IRQ c0=1
DMA IRQ c1=0
DMA IRQ c2=0
DMA IRQ c3=0
SELECT busy=12353
SELECT w0=12352
SELECT w1=6157
SELECT w2=7109
BUSY TASK ewma=997
DMA IRQ c0=1
DMA IRQ c1=0
DMA IRQ c2=0
DMA IRQ c3=0
SELECT busy=12371
SELECT w0=12372
SELECT w1=6167
SELECT w2=7122
BUSY TASK ewma=997
DMA IRQ c0=1
DMA IRQ c1=0
DMA IRQ c2=0
DMA IRQ c3=0
SELECT busy=12390
SELECT w0=12390
SELECT w1=6174
SELECT w2=7131
BUSY TASK ewma=997
DMA IRQ c0=1
DMA IRQ c1=0
DMA IRQ c2=0
DMA IRQ c3=0
SELECT busy=12407
SELECT w0=12407
SELECT w1=6181
SELECT w2=7141
BUSY TASK ewma=997
DMA IRQ c0=1
DMA IRQ c1=0
DMA IRQ c2=0
DMA IRQ c3=0
SELECT busy=12431
SELECT w0=12431
SELECT w1=6193
SELECT w2=7158
BUSY TASK ewma=997
DMA IRQ c0=1
DMA IRQ c1=0
DMA IRQ c2=0
DMA IRQ c3=0
SELECT busy=12446
SELECT w0=12445
SELECT w1=6200
SELECT w2=7166
BUSY TASK ewma=997
DMA IRQ c0=1
DMA IRQ c1=0
DMA IRQ c2=0
DMA IRQ c3=0
SELECT busy=12467
SELECT w0=12467
SELECT w1=6215
SELECT w2=7183
BUSY TASK ewma=997
DMA IRQ c0=1
DMA IRQ c1=0
DMA IRQ c2=0
DMA IRQ c3=0
SELECT busy=12487
SELECT w0=12486
SELECT w1=6224
SELECT w2=7194
BUSY TASK ewma=997
DMA IRQ c0=1
DMA IRQ c1=0
DMA IRQ c2=0
DMA IRQ c3=0
SELECT busy=12507
SELECT w0=12507
SELECT w1=6233
SELECT w2=7205
BUSY TASK ewma=997
DMA IRQ c0=1
DMA IRQ c1=0
DMA IRQ c2=0
DMA IRQ c3=0
SELECT busy=12522
SELECT w0=12521
SELECT w1=6240
SELECT w2=7216
BUSY TASK ewma=997
DMA IRQ c0=1
DMA IRQ c1=0
DMA IRQ c2=0
DMA IRQ c3=0
SELECT busy=12539
SELECT w0=12538
SELECT w1=6248
SELECT w2=7224
BUSY TASK ewma=997
DMA IRQ c0=1
DMA IRQ c1=0
DMA IRQ c2=0
DMA IRQ c3=0
SELECT busy=12560
SELECT w0=12560
SELECT w1=6257
SELECT w2=7239
BUSY TASK ewma=997
DMA IRQ c0=1
DMA IRQ c1=0
DMA IRQ c2=0
DMA IRQ c3=0
SELECT busy=12583
SELECT w0=12583
SELECT w1=6264
SELECT w2=7248
BUSY TASK ewma=997
DMA IRQ c0=1
DMA IRQ c1=0
DMA IRQ c2=0
DMA IRQ c3=0
SELECT busy=12602
SELECT w0=12601
SELECT w1=6269
SELECT w2=7256
BUSY TASK ewma=997
DMA IRQ c0=1
DMA IRQ c1=0
DMA IRQ c2=0
DMA IRQ c3=0
SELECT busy=12624
SELECT w0=12624
SELECT w1=6282
SELECT w2=7273
BUSY TASK ewma=997
DMA IRQ c0=1
DMA IRQ c1=0
DMA IRQ c2=0
DMA IRQ c3=0
SELECT busy=12646
SELECT w0=12646
SELECT w1=6293
SELECT w2=7286
BUSY TASK ewma=997
DMA IRQ c0=1
DMA IRQ c1=0
DMA IRQ c2=0
DMA IRQ c3=0
SELECT busy=12673
SELECT w0=12673
SELECT w1=6305
SELECT w2=7304
BUSY TASK ewma=997
DMA IRQ c0=1
DMA IRQ c1=0
DMA IRQ c2=0
DMA IRQ c3=0
SELECT busy=12691
SELECT w0=12690
SELECT w1=6312
SELECT w2=7312
BUSY TASK ewma=997
DMA IRQ c0=1
DMA IRQ c1=0
DMA IRQ c2=0
DMA IRQ c3=0
SELECT busy=12708
SELECT w0=12707
SELECT w1=6320
SELECT w2=7321
BUSY TASK ewma=997
DMA IRQ c0=1
DMA IRQ c1=0
DMA IRQ c2=0
DMA IRQ c3=0
SELECT busy=12727
SELECT w0=12728
SELECT w1=6330
SELECT w2=7333
BUSY TASK ewma=997
DMA IRQ c0=1
DMA IRQ c1=0
DMA IRQ c2=0
DMA IRQ c3=0
SELECT busy=12749
SELECT w0=12748
SELECT w1=6337
SELECT w2=7342
BUSY TASK ewma=997
DMA IRQ c0=1
DMA IRQ c1=0
DMA IRQ c2=0
DMA IRQ c3=0
SELECT busy=12770
SELECT w0=12769
SELECT w1=6347
SELECT w2=7354
BUSY TASK ewma=997
DMA IRQ c0=1
DMA IRQ c1=0
DMA IRQ c2=0
DMA IRQ c3=0
SELECT busy=12788
SELECT w0=12789
SELECT w1=6356
SELECT w2=7364
BUSY TASK ewma=997
DMA IRQ c0=1
DMA IRQ c1=0
DMA IRQ c2=0
DMA IRQ c3=0
SELECT busy=12807
SELECT w0=12806
SELECT w1=6363
SELECT w2=7372
BUSY TASK ewma=997
DMA IRQ c0=1
DMA IRQ c1=0
DMA IRQ c2=0
DMA IRQ c3=0
SELECT busy=12820
SELECT w0=12820
SELECT w1=6370
SELECT w2=7385
BUSY TASK ewma=997
DMA IRQ c0=1
DMA IRQ c1=0
DMA IRQ c2=0
DMA IRQ c3=0
SELECT busy=12843
SELECT w0=12842
SELECT w1=6379
SELECT w2=7395
BUSY TASK ewma=997
DMA IRQ c0=1
DMA IRQ c1=0
DMA IRQ c2=0
DMA IRQ c3=0
SELECT busy=12873
SELECT w0=12873
SELECT w1=6391
SELECT w2=7409
BUSY TASK ewma=997
DMA IRQ c0=1
DMA IRQ c1=0
DMA IRQ c2=0
DMA IRQ c3=0
SELECT busy=12907
SELECT w0=12906
SELECT w1=6405
SELECT w2=7429
BUSY TASK ewma=997
DMA IRQ c0=1
DMA IRQ c1=0
DMA IRQ c2=0
DMA IRQ c3=0
SELECT busy=12942
SELECT w0=12942
SELECT w1=6423
SELECT w2=7453
BUSY TASK ewma=997
DMA IRQ c0=1
DMA IRQ c1=0
DMA IRQ c2=0
DMA IRQ c3=0
SELECT busy=12972
SELECT w0=12972
SELECT w1=6436
SELECT w2=7470
BUSY TASK ewma=997
DMA IRQ c0=1
DMA IRQ c1=0
DMA IRQ c2=0
DMA IRQ c3=0
SELECT busy=12990
SELECT w0=12989
SELECT w1=6444
SELECT w2=7481
BUSY TASK ewma=997
DMA IRQ c0=1
DMA IRQ c1=0
DMA IRQ c2=0
DMA IRQ c3=0
SELECT busy=13013
SELECT w0=13012
SELECT w1=6450
SELECT w2=7489
BUSY TASK ewma=997
DMA IRQ c0=1
DMA IRQ c1=0
DMA IRQ c2=0
DMA IRQ c3=0
SELECT busy=13029
SELECT w0=13028
SELECT w1=6456
SELECT w2=7498
BUSY TASK ewma=997
DMA IRQ c0=1
DMA IRQ c1=0
DMA IRQ c2=0
DMA IRQ c3=0
SELECT busy=13047
SELECT w0=13047
SELECT w1=6464
SELECT w2=7508
BUSY TASK ewma=997
DMA IRQ c0=1
DMA IRQ c1=0
DMA IRQ c2=0
DMA IRQ c3=0
SELECT busy=13063
SELECT w0=13063
SELECT w1=6473
SELECT w2=7518
BUSY TASK ewma=997
DMA IRQ c0=1
DMA IRQ c1=0
DMA IRQ c2=0
DMA IRQ c3=0
SELECT busy=13078
SELECT w0=13078
SELECT w1=6481
SELECT w2=7526
BUSY TASK ewma=997
DMA IRQ c0=1
DMA IRQ c1=0
DMA IRQ c2=0
DMA IRQ c3=0
SELECT busy=13096
SELECT w0=13096
SELECT w1=6490
SELECT w2=7538
BUSY TASK ewma=997
DMA IRQ c0=1
DMA IRQ c1=0
DMA IRQ c2=0
DMA IRQ c3=0
SELECT busy=13111
SELECT w0=13111
SELECT w1=6498
SELECT w2=7546
BUSY TASK ewma=997
DMA IRQ c0=1
DMA IRQ c1=0
DMA IRQ c2=0
DMA IRQ c3=0
SELECT busy=13127
SELECT w0=13127
SELECT w1=6507
SELECT w2=7557
BUSY TASK ewma=997
DMA IRQ c0=1
DMA IRQ c1=0
DMA IRQ c2=0
DMA IRQ c3=0
SELECT busy=13149
SELECT w0=13148
SELECT w1=6516
SELECT w2=7565
BUSY TASK ewma=997
DMA IRQ c0=1
DMA IRQ c1=0
DMA IRQ c2=0
DMA IRQ c3=0
SELECT busy=13161
SELECT w0=13161
SELECT w1=6524
SELECT w2=7575
BUSY TASK ewma=997
DMA IRQ c0=1
DMA IRQ c1=0
DMA IRQ c2=0
DMA IRQ c3=0
SELECT busy=13177
SELECT w0=13177
SELECT w1=6533
SELECT w2=7587
BUSY TASK ewma=997
DMA IRQ c0=1
DMA IRQ c1=0
DMA IRQ c2=0
DMA IRQ c3=0
SELECT busy=13193
SELECT w0=13193
SELECT w1=6543
SELECT w2=7599
BUSY TASK ewma=997
DMA IRQ c0=1
DMA IRQ c1=0
DMA IRQ c2=0
DMA IRQ c3=0
SELECT busy=13229
SELECT w0=13229
SELECT w1=6559
SELECT w2=7622
BUSY TASK ewma=997
DMA IRQ c0=1
DMA IRQ c1=0
DMA IRQ c2=0
DMA IRQ c3=0
SELECT busy=13253
SELECT w0=13253
SELECT w1=6568
SELECT w2=7636
BUSY TASK ewma=997
DMA IRQ c0=1
DMA IRQ c1=0
DMA IRQ c2=0
DMA IRQ c3=0
SELECT busy=13270
SELECT w0=13271
SELECT w1=6577
SELECT w2=7649
BUSY TASK ewma=997
DMA IRQ c0=1
DMA IRQ c1=0
DMA IRQ c2=0
DMA IRQ c3=0
SELECT busy=13292
SELECT w0=13291
SELECT w1=6584
SELECT w2=7659
BUSY TASK ewma=997
DMA IRQ c0=1
DMA IRQ c1=0
DMA IRQ c2=0
DMA IRQ c3=0
SELECT busy=13309
SELECT w0=13309
SELECT w1=6593
SELECT w2=7670
BUSY TASK ewma=997
DMA IRQ c0=1
DMA IRQ c1=0
DMA IRQ c2=0
DMA IRQ c3=0
SELECT busy=13323
SELECT w0=13322
SELECT w1=6598
SELECT w2=7676
BUSY TASK ewma=997
DMA IRQ c0=1
DMA IRQ c1=0
DMA IRQ c2=0
DMA IRQ c3=0
SELECT busy=13338
SELECT w0=13339
SELECT w1=6609
SELECT w2=7690
BUSY TASK ewma=997
DMA IRQ c0=1
DMA IRQ c1=0
DMA IRQ c2=0
DMA IRQ c3=0
SELECT busy=13357
SELECT w0=13357
SELECT w1=6618
SELECT w2=7699
BUSY TASK ewma=997
DMA IRQ c0=1
DMA IRQ c1=0
DMA IRQ c2=0
DMA IRQ c3=0
SELECT busy=13375
SELECT w0=13374
SELECT w1=6626
SELECT w2=7710
BUSY TASK ewma=997
IRQ counts: cpu0=26770 cpu1=30417 cpu2=30649 cpu3=30366
SCHED secondaries: calls=91447 unexpected=0
SECTEST switches=91423 cpu1=298180850,285763965 cpu2=259330325,257469867 cpu3=364356449,351311705
PINGPONG rounds=2000 pongs=2000
DMA IRQ c0=1
DMA IRQ c1=0
DMA IRQ c2=0
DMA IRQ c3=0
SELECT busy=13402
SELECT w0=13402
SELECT w1=6640
SELECT w2=7729
BUSY TASK ewma=997
DMA IRQ c0=1
DMA IRQ c1=0
DMA IRQ c2=0
DMA IRQ c3=0
SELECT busy=13418
SELECT w0=13418
SELECT w1=6647
SELECT w2=7740
BUSY TASK ewma=997
DMA IRQ c0=1
DMA IRQ c1=0
DMA IRQ c2=0
DMA IRQ c3=0
SELECT busy=13435
SELECT w0=13435
SELECT w1=6655
SELECT w2=7753
BUSY TASK ewma=997
DMA IRQ c0=1
DMA IRQ c1=0
DMA IRQ c2=0
DMA IRQ c3=0
SELECT busy=13456
SELECT w0=13456
SELECT w1=6668
SELECT w2=7769
BUSY TASK ewma=997
DMA IRQ c0=1
DMA IRQ c1=0
DMA IRQ c2=0
DMA IRQ c3=0
SELECT busy=13476
SELECT w0=13475
SELECT w1=6674
SELECT w2=7781
BUSY TASK ewma=997
DMA IRQ c0=1
DMA IRQ c1=0
DMA IRQ c2=0
DMA IRQ c3=0
SELECT busy=13492
SELECT w0=13491
SELECT w1=6682
SELECT w2=7792
qemu-system-aarch64: terminating on signal 15 from pid 243085 (timeout)
