P4 M7: full integration test boot OK
CPU0: MPIDR_EL1=0x0000000080000000
CPU0: psci_cpu_on target=1 rc=0
CPU1: alive, MPIDR_EL1=0x0000000080000001 this_cpu()->cpu_id=1
CPU0: psci_cpu_on target=2 rc=0
CPU2: alive, MPIDR_EL1=0x0000000080000002 this_cpu()->cpu_id=2
CPU0: psci_cpu_on target=3 rc=0
CPU3: alive, MPIDR_EL1=0x0000000080000003 this_cpu()->cpu_id=3
CPUs online: 4
DMA IRQ target cpu=0
D2b: worker 2 runs on CPU2
D2b: worker 0 runs on CPU0
D2b: worker 1 runs on CPU1
P4 M7: worker submitted cmd_id=3
P4 M7: worker submitted cmd_id=1
P4 M7: worker submitted cmd_id=2
P4 M7: worker DATA OK, cmd_id=1
P4 M7: worker DATA OK, cmd_id=2
P4 M7: worker DATA OK, cmd_id=3
WORKER ewma=941
WORKER ewma=831
WORKER ewma=881
BUSY TASK ewma=997
DMA IRQ c0=1
DMA IRQ c1=0
DMA IRQ c2=0
DMA IRQ c3=0
SELECT busy=40
SELECT w0=28
SELECT w1=42
SELECT w2=48
BUSY TASK ewma=997
DMA IRQ c0=1
DMA IRQ c1=0
DMA IRQ c2=0
DMA IRQ c3=0
SELECT busy=79
SELECT w0=66
SELECT w1=113
SELECT w2=115
BUSY TASK ewma=997
DMA IRQ c0=1
DMA IRQ c1=0
DMA IRQ c2=0
DMA IRQ c3=0
SELECT busy=114
SELECT w0=102
SELECT w1=149
SELECT w2=153
BUSY TASK ewma=997
DMA IRQ c0=1
DMA IRQ c1=0
DMA IRQ c2=0
DMA IRQ c3=0
SELECT busy=149
SELECT w0=137
SELECT w1=168
SELECT w2=173
BUSY TASK ewma=997
DMA IRQ c0=1
DMA IRQ c1=0
DMA IRQ c2=0
DMA IRQ c3=0
SELECT busy=183
SELECT w0=171
SELECT w1=185
SELECT w2=196
BUSY TASK ewma=997
DMA IRQ c0=1
DMA IRQ c1=0
DMA IRQ c2=0
DMA IRQ c3=0
SELECT busy=225
SELECT w0=212
SELECT w1=204
SELECT w2=216
BUSY TASK ewma=997
DMA IRQ c0=1
DMA IRQ c1=0
DMA IRQ c2=0
DMA IRQ c3=0
SELECT busy=266
SELECT w0=254
SELECT w1=223
SELECT w2=239
BUSY TASK ewma=997
DMA IRQ c0=1
DMA IRQ c1=0
DMA IRQ c2=0
DMA IRQ c3=0
SELECT busy=303
SELECT w0=290
SELECT w1=240
SELECT w2=254
BUSY TASK ewma=997
DMA IRQ c0=1
DMA IRQ c1=0
DMA IRQ c2=0
DMA IRQ c3=0
SELECT busy=337
SELECT w0=325
SELECT w1=253
SELECT w2=266
BUSY TASK ewma=997
DMA IRQ c0=1
DMA IRQ c1=0
DMA IRQ c2=0
DMA IRQ c3=0
SELECT busy=374
SELECT w0=361
SELECT w1=273
SELECT w2=283
BUSY TASK ewma=997
DMA IRQ c0=1
DMA IRQ c1=0
DMA IRQ c2=0
DMA IRQ c3=0
SELECT busy=412
SELECT w0=400
SELECT w1=296
SELECT w2=306
BUSY TASK ewma=997
DMA IRQ c0=1
DMA IRQ c1=0
DMA IRQ c2=0
DMA IRQ c3=0
SELECT busy=454
SELECT w0=441
SELECT w1=316
SELECT w2=324
BUSY TASK ewma=997
DMA IRQ c0=1
DMA IRQ c1=0
DMA IRQ c2=0
DMA IRQ c3=0
SELECT busy=490
SELECT w0=478
SELECT w1=336
SELECT w2=342
BUSY TASK ewma=997
DMA IRQ c0=1
DMA IRQ c1=0
DMA IRQ c2=0
DMA IRQ c3=0
SELECT busy=535
SELECT w0=524
SELECT w1=361
SELECT w2=362
BUSY TASK ewma=997
DMA IRQ c0=1
DMA IRQ c1=0
DMA IRQ c2=0
DMA IRQ c3=0
SELECT busy=572
SELECT w0=559
SELECT w1=380
SELECT w2=379
BUSY TASK ewma=997
DMA IRQ c0=1
DMA IRQ c1=0
DMA IRQ c2=0
DMA IRQ c3=0
SELECT busy=603
SELECT w0=590
SELECT w1=405
SELECT w2=399
BUSY TASK ewma=997
DMA IRQ c0=1
DMA IRQ c1=0
DMA IRQ c2=0
DMA IRQ c3=0
SELECT busy=629
SELECT w0=616
SELECT w1=418
SELECT w2=413
BUSY TASK ewma=997
DMA IRQ c0=1
DMA IRQ c1=0
DMA IRQ c2=0
DMA IRQ c3=0
SELECT busy=644
SELECT w0=632
SELECT w1=428
SELECT w2=425
BUSY TASK ewma=997
DMA IRQ c0=1
DMA IRQ c1=0
DMA IRQ c2=0
DMA IRQ c3=0
SELECT busy=661
SELECT w0=649
SELECT w1=440
SELECT w2=436
BUSY TASK ewma=997
DMA IRQ c0=1
DMA IRQ c1=0
DMA IRQ c2=0
DMA IRQ c3=0
SELECT busy=690
SELECT w0=677
SELECT w1=455
SELECT w2=453
BUSY TASK ewma=997
DMA IRQ c0=1
DMA IRQ c1=0
DMA IRQ c2=0
DMA IRQ c3=0
SELECT busy=720
SELECT w0=708
SELECT w1=472
SELECT w2=472
BUSY TASK ewma=997
DMA IRQ c0=1
DMA IRQ c1=0
DMA IRQ c2=0
DMA IRQ c3=0
SELECT busy=749
SELECT w0=737
SELECT w1=488
SELECT w2=487
BUSY TASK ewma=997
DMA IRQ c0=1
DMA IRQ c1=0
DMA IRQ c2=0
DMA IRQ c3=0
SELECT busy=771
SELECT w0=759
SELECT w1=499
SELECT w2=498
BUSY TASK ewma=997
DMA IRQ c0=1
DMA IRQ c1=0
DMA IRQ c2=0
DMA IRQ c3=0
SELECT busy=784
SELECT w0=771
SELECT w1=505
SELECT w2=504
BUSY TASK ewma=997
DMA IRQ c0=1
DMA IRQ c1=0
DMA IRQ c2=0
DMA IRQ c3=0
SELECT busy=805
SELECT w0=794
SELECT w1=525
SELECT w2=525
BUSY TASK ewma=997
DMA IRQ c0=1
DMA IRQ c1=0
DMA IRQ c2=0
DMA IRQ c3=0
SELECT busy=848
SELECT w0=835
SELECT w1=544
SELECT w2=544
BUSY TASK ewma=997
DMA IRQ c0=1
DMA IRQ c1=0
DMA IRQ c2=0
DMA IRQ c3=0
SELECT busy=889
SELECT w0=877
SELECT w1=573
SELECT w2=573
BUSY TASK ewma=997
DMA IRQ c0=1
DMA IRQ c1=0
DMA IRQ c2=0
DMA IRQ c3=0
SELECT busy=936
SELECT w0=923
SELECT w1=602
SELECT w2=597
BUSY TASK ewma=997
DMA IRQ c0=1
DMA IRQ c1=0
DMA IRQ c2=0
DMA IRQ c3=0
SELECT busy=968
SELECT w0=956
SELECT w1=618
SELECT w2=614
BUSY TASK ewma=997
DMA IRQ c0=1
DMA IRQ c1=0
DMA IRQ c2=0
DMA IRQ c3=0
SELECT busy=1008
SELECT w0=996
SELECT w1=640
SELECT w2=634
BUSY TASK ewma=997
DMA IRQ c0=1
DMA IRQ c1=0
DMA IRQ c2=0
DMA IRQ c3=0
SELECT busy=1050
SELECT w0=1039
SELECT w1=664
SELECT w2=661
BUSY TASK ewma=997
DMA IRQ c0=1
DMA IRQ c1=0
DMA IRQ c2=0
DMA IRQ c3=0
SELECT busy=1085
SELECT w0=1073
SELECT w1=679
SELECT w2=677
BUSY TASK ewma=997
DMA IRQ c0=1
DMA IRQ c1=0
DMA IRQ c2=0
DMA IRQ c3=0
SELECT busy=1123
SELECT w0=1111
SELECT w1=696
SELECT w2=695
BUSY TASK ewma=997
DMA IRQ c0=1
DMA IRQ c1=0
DMA IRQ c2=0
DMA IRQ c3=0
SELECT busy=1155
SELECT w0=1142
SELECT w1=713
SELECT w2=709
BUSY TASK ewma=997
DMA IRQ c0=1
DMA IRQ c1=0
DMA IRQ c2=0
DMA IRQ c3=0
SELECT busy=1179
SELECT w0=1167
SELECT w1=729
SELECT w2=723
BUSY TASK ewma=997
DMA IRQ c0=1
DMA IRQ c1=0
DMA IRQ c2=0
DMA IRQ c3=0
SELECT busy=1193
SELECT w0=1180
SELECT w1=735
SELECT w2=729
BUSY TASK ewma=997
DMA IRQ c0=1
DMA IRQ c1=0
DMA IRQ c2=0
DMA IRQ c3=0
SELECT busy=1213
SELECT w0=1201
SELECT w1=748
SELECT w2=741
BUSY TASK ewma=997
DMA IRQ c0=1
DMA IRQ c1=0
DMA IRQ c2=0
DMA IRQ c3=0
SELECT busy=1228
SELECT w0=1216
SELECT w1=755
SELECT w2=747
BUSY TASK ewma=997
DMA IRQ c0=1
DMA IRQ c1=0
DMA IRQ c2=0
DMA IRQ c3=0
SELECT busy=1247
SELECT w0=1235
SELECT w1=766
SELECT w2=757
BUSY TASK ewma=997
DMA IRQ c0=1
DMA IRQ c1=0
DMA IRQ c2=0
DMA IRQ c3=0
SELECT busy=1264
SELECT w0=1252
SELECT w1=776
SELECT w2=767
BUSY TASK ewma=997
DMA IRQ c0=1
DMA IRQ c1=0
DMA IRQ c2=0
DMA IRQ c3=0
SELECT busy=1279
SELECT w0=1267
SELECT w1=786
SELECT w2=778
BUSY TASK ewma=997
DMA IRQ c0=1
DMA IRQ c1=0
DMA IRQ c2=0
DMA IRQ c3=0
SELECT busy=1299
SELECT w0=1286
SELECT w1=797
SELECT w2=788
BUSY TASK ewma=997
DMA IRQ c0=1
DMA IRQ c1=0
DMA IRQ c2=0
DMA IRQ c3=0
SELECT busy=1316
SELECT w0=1303
SELECT w1=808
SELECT w2=798
BUSY TASK ewma=997
DMA IRQ c0=1
DMA IRQ c1=0
DMA IRQ c2=0
DMA IRQ c3=0
SELECT busy=1342
SELECT w0=1329
SELECT w1=820
SELECT w2=808
BUSY TASK ewma=997
DMA IRQ c0=1
DMA IRQ c1=0
DMA IRQ c2=0
DMA IRQ c3=0
SELECT busy=1364
SELECT w0=1353
SELECT w1=836
SELECT w2=824
BUSY TASK ewma=997
DMA IRQ c0=1
DMA IRQ c1=0
DMA IRQ c2=0
DMA IRQ c3=0
SELECT busy=1388
SELECT w0=1375
SELECT w1=844
SELECT w2=831
BUSY TASK ewma=997
DMA IRQ c0=1
DMA IRQ c1=0
DMA IRQ c2=0
DMA IRQ c3=0
SELECT busy=1404
SELECT w0=1392
SELECT w1=853
SELECT w2=841
BUSY TASK ewma=997
DMA IRQ c0=1
DMA IRQ c1=0
DMA IRQ c2=0
DMA IRQ c3=0
SELECT busy=1421
SELECT w0=1408
SELECT w1=864
SELECT w2=850
BUSY TASK ewma=997
DMA IRQ c0=1
DMA IRQ c1=0
DMA IRQ c2=0
DMA IRQ c3=0
SELECT busy=1440
SELECT w0=1427
SELECT w1=874
SELECT w2=859
BUSY TASK ewma=997
DMA IRQ c0=1
DMA IRQ c1=0
DMA IRQ c2=0
DMA IRQ c3=0
SELECT busy=1455
SELECT w0=1443
SELECT w1=885
SELECT w2=869
BUSY TASK ewma=997
DMA IRQ c0=1
DMA IRQ c1=0
DMA IRQ c2=0
DMA IRQ c3=0
SELECT busy=1475
SELECT w0=1463
SELECT w1=895
SELECT w2=879
BUSY TASK ewma=997
DMA IRQ c0=1
DMA IRQ c1=0
DMA IRQ c2=0
DMA IRQ c3=0
SELECT busy=1495
SELECT w0=1482
SELECT w1=908
SELECT w2=889
BUSY TASK ewma=997
DMA IRQ c0=1
DMA IRQ c1=0
DMA IRQ c2=0
DMA IRQ c3=0
SELECT busy=1514
SELECT w0=1502
SELECT w1=919
SELECT w2=899
BUSY TASK ewma=997
DMA IRQ c0=1
DMA IRQ c1=0
DMA IRQ c2=0
DMA IRQ c3=0
SELECT busy=1534
SELECT w0=1522
SELECT w1=935
SELECT w2=917
BUSY TASK ewma=997
DMA IRQ c0=1
DMA IRQ c1=0
DMA IRQ c2=0
DMA IRQ c3=0
SELECT busy=1578
SELECT w0=1566
SELECT w1=960
SELECT w2=937
BUSY TASK ewma=997
DMA IRQ c0=1
DMA IRQ c1=0
DMA IRQ c2=0
DMA IRQ c3=0
SELECT busy=1607
SELECT w0=1594
SELECT w1=977
SELECT w2=952
BUSY TASK ewma=997
DMA IRQ c0=1
DMA IRQ c1=0
DMA IRQ c2=0
DMA IRQ c3=0
SELECT busy=1635
SELECT w0=1623
SELECT w1=990
SELECT w2=965
BUSY TASK ewma=997
DMA IRQ c0=1
DMA IRQ c1=0
DMA IRQ c2=0
DMA IRQ c3=0
SELECT busy=1668
SELECT w0=1656
SELECT w1=1004
SELECT w2=983
BUSY TASK ewma=997
DMA IRQ c0=1
DMA IRQ c1=0
DMA IRQ c2=0
DMA IRQ c3=0
SELECT busy=1706
SELECT w0=1693
SELECT w1=1022
SELECT w2=1002
BUSY TASK ewma=997
DMA IRQ c0=1
DMA IRQ c1=0
DMA IRQ c2=0
DMA IRQ c3=0
SELECT busy=1749
SELECT w0=1736
SELECT w1=1040
SELECT w2=1024
BUSY TASK ewma=997
DMA IRQ c0=1
DMA IRQ c1=0
DMA IRQ c2=0
DMA IRQ c3=0
SELECT busy=1781
SELECT w0=1769
SELECT w1=1059
SELECT w2=1041
BUSY TASK ewma=997
DMA IRQ c0=1
DMA IRQ c1=0
DMA IRQ c2=0
DMA IRQ c3=0
SELECT busy=1815
SELECT w0=1803
SELECT w1=1073
SELECT w2=1058
BUSY TASK ewma=997
DMA IRQ c0=1
DMA IRQ c1=0
DMA IRQ c2=0
DMA IRQ c3=0
SELECT busy=1851
SELECT w0=1839
SELECT w1=1087
SELECT w2=1078
BUSY TASK ewma=997
IRQ counts: cpu0=3752 cpu1=4167 cpu2=4089 cpu3=4185
SCHED secondaries: calls=12448 unexpected=0
SECTEST switches=12405 cpu1=33559040,32073713 cpu2=26010105,24965525 cpu3=38109289,37171746
PINGPONG rounds=848 pongs=849
DMA IRQ c0=1
DMA IRQ c1=0
DMA IRQ c2=0
DMA IRQ c3=0
SELECT busy=1891
SELECT w0=1878
SELECT w1=1103
SELECT w2=1095
BUSY TASK ewma=997
DMA IRQ c0=1
DMA IRQ c1=0
DMA IRQ c2=0
DMA IRQ c3=0
SELECT busy=1922
SELECT w0=1910
SELECT w1=1119
SELECT w2=1111
BUSY TASK ewma=997
DMA IRQ c0=1
DMA IRQ c1=0
DMA IRQ c2=0
DMA IRQ c3=0
SELECT busy=1955
SELECT w0=1943
SELECT w1=1138
SELECT w2=1133
BUSY TASK ewma=997
DMA IRQ c0=1
DMA IRQ c1=0
DMA IRQ c2=0
DMA IRQ c3=0
SELECT busy=1995
SELECT w0=1982
SELECT w1=1164
SELECT w2=1156
BUSY TASK ewma=997
DMA IRQ c0=1
DMA IRQ c1=0
DMA IRQ c2=0
DMA IRQ c3=0
SELECT busy=2032
SELECT w0=2021
SELECT w1=1188
SELECT w2=1176
BUSY TASK ewma=997
DMA IRQ c0=1
DMA IRQ c1=0
DMA IRQ c2=0
DMA IRQ c3=0
SELECT busy=2077
SELECT w0=2065
SELECT w1=1216
SELECT w2=1200
BUSY TASK ewma=997
DMA IRQ c0=1
DMA IRQ c1=0
DMA IRQ c2=0
DMA IRQ c3=0
SELECT busy=2113
SELECT w0=2101
SELECT w1=1236
SELECT w2=1222
BUSY TASK ewma=997
DMA IRQ c0=1
DMA IRQ c1=0
DMA IRQ c2=0
DMA IRQ c3=0
SELECT busy=2135
SELECT w0=2124
SELECT w1=1250
SELECT w2=1234
BUSY TASK ewma=997
DMA IRQ c0=1
DMA IRQ c1=0
DMA IRQ c2=0
DMA IRQ c3=0
SELECT busy=2152
SELECT w0=2140
SELECT w1=1263
SELECT w2=1245
BUSY TASK ewma=997
DMA IRQ c0=1
DMA IRQ c1=0
DMA IRQ c2=0
DMA IRQ c3=0
SELECT busy=2171
SELECT w0=2159
SELECT w1=1277
SELECT w2=1254
BUSY TASK ewma=997
DMA IRQ c0=1
DMA IRQ c1=0
DMA IRQ c2=0
DMA IRQ c3=0
SELECT busy=2190
SELECT w0=2178
SELECT w1=1290
SELECT w2=1265
BUSY TASK ewma=997
DMA IRQ c0=1
DMA IRQ c1=0
DMA IRQ c2=0
DMA IRQ c3=0
SELECT busy=2207
SELECT w0=2198
SELECT w1=1299
SELECT w2=1274
BUSY TASK ewma=997
DMA IRQ c0=1
DMA IRQ c1=0
DMA IRQ c2=0
DMA IRQ c3=0
SELECT busy=2237
SELECT w0=2225
SELECT w1=1314
SELECT w2=1291
BUSY TASK ewma=997
DMA IRQ c0=1
DMA IRQ c1=0
DMA IRQ c2=0
DMA IRQ c3=0
SELECT busy=2258
SELECT w0=2245
SELECT w1=1332
SELECT w2=1302
BUSY TASK ewma=997
DMA IRQ c0=1
DMA IRQ c1=0
DMA IRQ c2=0
DMA IRQ c3=0
SELECT busy=2277
SELECT w0=2265
SELECT w1=1343
SELECT w2=1310
BUSY TASK ewma=997
DMA IRQ c0=1
DMA IRQ c1=0
DMA IRQ c2=0
DMA IRQ c3=0
SELECT busy=2294
SELECT w0=2282
SELECT w1=1353
SELECT w2=1320
BUSY TASK ewma=997
DMA IRQ c0=1
DMA IRQ c1=0
DMA IRQ c2=0
DMA IRQ c3=0
SELECT busy=2319
SELECT w0=2306
SELECT w1=1364
SELECT w2=1328
BUSY TASK ewma=997
DMA IRQ c0=1
DMA IRQ c1=0
DMA IRQ c2=0
DMA IRQ c3=0
SELECT busy=2339
SELECT w0=2327
SELECT w1=1376
SELECT w2=1339
BUSY TASK ewma=997
DMA IRQ c0=1
DMA IRQ c1=0
DMA IRQ c2=0
DMA IRQ c3=0
SELECT busy=2356
SELECT w0=2344
SELECT w1=1387
SELECT w2=1349
BUSY TASK ewma=997
DMA IRQ c0=1
DMA IRQ c1=0
DMA IRQ c2=0
DMA IRQ c3=0
SELECT busy=2379
SELECT w0=2367
SELECT w1=1402
SELECT w2=1366
BUSY TASK ewma=997
DMA IRQ c0=1
DMA IRQ c1=0
DMA IRQ c2=0
DMA IRQ c3=0
SELECT busy=2401
SELECT w0=2388
SELECT w1=1414
SELECT w2=1379
BUSY TASK ewma=997
DMA IRQ c0=1
DMA IRQ c1=0
DMA IRQ c2=0
DMA IRQ c3=0
SELECT busy=2423
SELECT w0=2411
SELECT w1=1426
SELECT w2=1396
BUSY TASK ewma=997
DMA IRQ c0=1
DMA IRQ c1=0
DMA IRQ c2=0
DMA IRQ c3=0
SELECT busy=2446
SELECT w0=2434
SELECT w1=1442
SELECT w2=1415
BUSY TASK ewma=997
DMA IRQ c0=1
DMA IRQ c1=0
DMA IRQ c2=0
DMA IRQ c3=0
SELECT busy=2470
SELECT w0=2458
SELECT w1=1452
SELECT w2=1424
BUSY TASK ewma=997
DMA IRQ c0=1
DMA IRQ c1=0
DMA IRQ c2=0
DMA IRQ c3=0
SELECT busy=2489
SELECT w0=2477
SELECT w1=1461
SELECT w2=1434
BUSY TASK ewma=997
DMA IRQ c0=1
DMA IRQ c1=0
DMA IRQ c2=0
DMA IRQ c3=0
SELECT busy=2507
SELECT w0=2495
SELECT w1=1470
SELECT w2=1442
BUSY TASK ewma=997
DMA IRQ c0=1
DMA IRQ c1=0
DMA IRQ c2=0
DMA IRQ c3=0
SELECT busy=2539
SELECT w0=2527
SELECT w1=1485
SELECT w2=1455
BUSY TASK ewma=997
DMA IRQ c0=1
DMA IRQ c1=0
DMA IRQ c2=0
DMA IRQ c3=0
SELECT busy=2577
SELECT w0=2565
SELECT w1=1509
SELECT w2=1477
BUSY TASK ewma=997
DMA IRQ c0=1
DMA IRQ c1=0
DMA IRQ c2=0
DMA IRQ c3=0
SELECT busy=2616
SELECT w0=2604
SELECT w1=1534
SELECT w2=1502
BUSY TASK ewma=997
DMA IRQ c0=1
DMA IRQ c1=0
DMA IRQ c2=0
DMA IRQ c3=0
SELECT busy=2645
SELECT w0=2632
SELECT w1=1549
SELECT w2=1516
BUSY TASK ewma=997
DMA IRQ c0=1
DMA IRQ c1=0
DMA IRQ c2=0
DMA IRQ c3=0
SELECT busy=2669
SELECT w0=2656
SELECT w1=1563
SELECT w2=1531
BUSY TASK ewma=997
DMA IRQ c0=1
DMA IRQ c1=0
DMA IRQ c2=0
DMA IRQ c3=0
SELECT busy=2697
SELECT w0=2685
SELECT w1=1570
SELECT w2=1539
BUSY TASK ewma=997
DMA IRQ c0=1
DMA IRQ c1=0
DMA IRQ c2=0
DMA IRQ c3=0
SELECT busy=2730
SELECT w0=2717
SELECT w1=1588
SELECT w2=1554
BUSY TASK ewma=997
DMA IRQ c0=1
DMA IRQ c1=0
DMA IRQ c2=0
DMA IRQ c3=0
SELECT busy=2755
SELECT w0=2743
SELECT w1=1602
SELECT w2=1567
BUSY TASK ewma=997
DMA IRQ c0=1
DMA IRQ c1=0
DMA IRQ c2=0
DMA IRQ c3=0
SELECT busy=2792
SELECT w0=2780
SELECT w1=1623
SELECT w2=1585
BUSY TASK ewma=997
DMA IRQ c0=1
DMA IRQ c1=0
DMA IRQ c2=0
DMA IRQ c3=0
SELECT busy=2824
SELECT w0=2811
SELECT w1=1641
SELECT w2=1603
BUSY TASK ewma=997
DMA IRQ c0=1
DMA IRQ c1=0
DMA IRQ c2=0
DMA IRQ c3=0
SELECT busy=2855
SELECT w0=2844
SELECT w1=1659
SELECT w2=1622
BUSY TASK ewma=997
DMA IRQ c0=1
DMA IRQ c1=0
DMA IRQ c2=0
DMA IRQ c3=0
SELECT busy=2891
SELECT w0=2879
SELECT w1=1673
SELECT w2=1635
BUSY TASK ewma=997
DMA IRQ c0=1
DMA IRQ c1=0
DMA IRQ c2=0
DMA IRQ c3=0
SELECT busy=2915
SELECT w0=2903
SELECT w1=1683
SELECT w2=1647
BUSY TASK ewma=997
DMA IRQ c0=1
DMA IRQ c1=0
DMA IRQ c2=0
DMA IRQ c3=0
SELECT busy=2942
SELECT w0=2930
SELECT w1=1698
SELECT w2=1660
BUSY TASK ewma=997
DMA IRQ c0=1
DMA IRQ c1=0
DMA IRQ c2=0
DMA IRQ c3=0
SELECT busy=2969
SELECT w0=2957
SELECT w1=1714
SELECT w2=1677
BUSY TASK ewma=997
DMA IRQ c0=1
DMA IRQ c1=0
DMA IRQ c2=0
DMA IRQ c3=0
SELECT busy=2986
SELECT w0=2973
SELECT w1=1724
SELECT w2=1685
BUSY TASK ewma=997
DMA IRQ c0=1
DMA IRQ c1=0
DMA IRQ c2=0
DMA IRQ c3=0
SELECT busy=3009
SELECT w0=2997
SELECT w1=1740
SELECT w2=1701
BUSY TASK ewma=997
DMA IRQ c0=1
DMA IRQ c1=0
DMA IRQ c2=0
DMA IRQ c3=0
SELECT busy=3026
SELECT w0=3014
SELECT w1=1754
SELECT w2=1710
BUSY TASK ewma=997
DMA IRQ c0=1
DMA IRQ c1=0
DMA IRQ c2=0
DMA IRQ c3=0
SELECT busy=3042
SELECT w0=3029
SELECT w1=1764
SELECT w2=1719
BUSY TASK ewma=997
DMA IRQ c0=1
DMA IRQ c1=0
DMA IRQ c2=0
DMA IRQ c3=0
SELECT busy=3064
SELECT w0=3053
SELECT w1=1784
SELECT w2=1734
BUSY TASK ewma=997
DMA IRQ c0=1
DMA IRQ c1=0
DMA IRQ c2=0
DMA IRQ c3=0
SELECT busy=3081
SELECT w0=3068
SELECT w1=1796
SELECT w2=1742
BUSY TASK ewma=997
DMA IRQ c0=1
DMA IRQ c1=0
DMA IRQ c2=0
DMA IRQ c3=0
SELECT busy=3102
SELECT w0=3090
SELECT w1=1807
SELECT w2=1753
BUSY TASK ewma=997
DMA IRQ c0=1
DMA IRQ c1=0
DMA IRQ c2=0
DMA IRQ c3=0
SELECT busy=3120
SELECT w0=3108
SELECT w1=1819
SELECT w2=1763
BUSY TASK ewma=997
DMA IRQ c0=1
DMA IRQ c1=0
DMA IRQ c2=0
DMA IRQ c3=0
SELECT busy=3141
SELECT w0=3129
SELECT w1=1831
SELECT w2=1773
BUSY TASK ewma=997
DMA IRQ c0=1
DMA IRQ c1=0
DMA IRQ c2=0
DMA IRQ c3=0
SELECT busy=3161
SELECT w0=3149
SELECT w1=1847
SELECT w2=1786
BUSY TASK ewma=997
DMA IRQ c0=1
DMA IRQ c1=0
DMA IRQ c2=0
DMA IRQ c3=0
SELECT busy=3181
SELECT w0=3168
SELECT w1=1855
SELECT w2=1793
BUSY TASK ewma=997
DMA IRQ c0=1
DMA IRQ c1=0
DMA IRQ c2=0
DMA IRQ c3=0
SELECT busy=3203
SELECT w0=3191
SELECT w1=1867
SELECT w2=1809
BUSY TASK ewma=997
DMA IRQ c0=1
DMA IRQ c1=0
DMA IRQ c2=0
DMA IRQ c3=0
SELECT busy=3217
SELECT w0=3204
SELECT w1=1875
SELECT w2=1818
BUSY TASK ewma=997
DMA IRQ c0=1
DMA IRQ c1=0
DMA IRQ c2=0
DMA IRQ c3=0
SELECT busy=3236
SELECT w0=3223
SELECT w1=1884
SELECT w2=1827
BUSY TASK ewma=997
DMA IRQ c0=1
DMA IRQ c1=0
DMA IRQ c2=0
DMA IRQ c3=0
SELECT busy=3254
SELECT w0=3241
SELECT w1=1899
SELECT w2=1837
BUSY TASK ewma=997
DMA IRQ c0=1
DMA IRQ c1=0
DMA IRQ c2=0
DMA IRQ c3=0
SELECT busy=3276
SELECT w0=3263
SELECT w1=1911
SELECT w2=1849
BUSY TASK ewma=997
DMA IRQ c0=1
DMA IRQ c1=0
DMA IRQ c2=0
DMA IRQ c3=0
SELECT busy=3295
SELECT w0=3283
SELECT w1=1921
SELECT w2=1857
BUSY TASK ewma=997
DMA IRQ c0=1
DMA IRQ c1=0
DMA IRQ c2=0
DMA IRQ c3=0
SELECT busy=3315
SELECT w0=3303
SELECT w1=1930
SELECT w2=1865
BUSY TASK ewma=997
DMA IRQ c0=1
DMA IRQ c1=0
DMA IRQ c2=0
DMA IRQ c3=0
SELECT busy=3329
SELECT w0=3317
SELECT w1=1939
SELECT w2=1872
BUSY TASK ewma=997
DMA IRQ c0=1
DMA IRQ c1=0
DMA IRQ c2=0
DMA IRQ c3=0
SELECT busy=3348
SELECT w0=3336
SELECT w1=1948
SELECT w2=1880
BUSY TASK ewma=997
DMA IRQ c0=1
DMA IRQ c1=0
DMA IRQ c2=0
DMA IRQ c3=0
SELECT busy=3364
SELECT w0=3352
SELECT w1=1958
SELECT w2=1889
BUSY TASK ewma=997
DMA IRQ c0=1
DMA IRQ c1=0
DMA IRQ c2=0
DMA IRQ c3=0
SELECT busy=3383
SELECT w0=3370
SELECT w1=1968
SELECT w2=1899
BUSY TASK ewma=997
DMA IRQ c0=1
DMA IRQ c1=0
DMA IRQ c2=0
DMA IRQ c3=0
SELECT busy=3409
SELECT w0=3397
SELECT w1=1986
SELECT w2=1917
BUSY TASK ewma=997
IRQ counts: cpu0=6842 cpu1=7789 cpu2=7482 cpu3=7684
SCHED secondaries: calls=22958 unexpected=0
SECTEST switches=22906 cpu1=71999965,69383560 cpu2=58317354,57012510 cpu3=78614578,74327063
PINGPONG rounds=1507 pongs=1508
DMA IRQ c0=1
DMA IRQ c1=0
DMA IRQ c2=0
DMA IRQ c3=0
SELECT busy=3432
SELECT w0=3420
SELECT w1=1999
SELECT w2=1926
BUSY TASK ewma=997
DMA IRQ c0=1
DMA IRQ c1=0
DMA IRQ c2=0
DMA IRQ c3=0
SELECT busy=3456
SELECT w0=3444
SELECT w1=2013
SELECT w2=1940
BUSY TASK ewma=997
DMA IRQ c0=1
DMA IRQ c1=0
DMA IRQ c2=0
DMA IRQ c3=0
SELECT busy=3479
SELECT w0=3467
SELECT w1=2022
SELECT w2=1949
BUSY TASK ewma=997
DMA IRQ c0=1
DMA IRQ c1=0
DMA IRQ c2=0
DMA IRQ c3=0
SELECT busy=3517
SELECT w0=3505
SELECT w1=2041
SELECT w2=1968
BUSY TASK ewma=997
DMA IRQ c0=1
DMA IRQ c1=0
DMA IRQ c2=0
DMA IRQ c3=0
SELECT busy=3551
SELECT w0=3539
SELECT w1=2061
SELECT w2=1988
BUSY TASK ewma=997
DMA IRQ c0=1
DMA IRQ c1=0
DMA IRQ c2=0
DMA IRQ c3=0
SELECT busy=3575
SELECT w0=3562
SELECT w1=2072
SELECT w2=1998
BUSY TASK ewma=997
DMA IRQ c0=1
DMA IRQ c1=0
DMA IRQ c2=0
DMA IRQ c3=0
SELECT busy=3609
SELECT w0=3597
SELECT w1=2087
SELECT w2=2015
BUSY TASK ewma=997
DMA IRQ c0=1
DMA IRQ c1=0
DMA IRQ c2=0
DMA IRQ c3=0
SELECT busy=3642
SELECT w0=3632
SELECT w1=2109
SELECT w2=2031
BUSY TASK ewma=997
DMA IRQ c0=1
DMA IRQ c1=0
DMA IRQ c2=0
DMA IRQ c3=0
SELECT busy=3668
SELECT w0=3655
SELECT w1=2121
SELECT w2=2042
BUSY TASK ewma=997
DMA IRQ c0=1
DMA IRQ c1=0
DMA IRQ c2=0
DMA IRQ c3=0
SELECT busy=3697
SELECT w0=3685
SELECT w1=2133
SELECT w2=2056
BUSY TASK ewma=997
DMA IRQ c0=1
DMA IRQ c1=0
DMA IRQ c2=0
DMA IRQ c3=0
SELECT busy=3727
SELECT w0=3714
SELECT w1=2148
SELECT w2=2074
BUSY TASK ewma=997
DMA IRQ c0=1
DMA IRQ c1=0
DMA IRQ c2=0
DMA IRQ c3=0
SELECT busy=3756
SELECT w0=3743
SELECT w1=2165
SELECT w2=2089
BUSY TASK ewma=997
DMA IRQ c0=1
DMA IRQ c1=0
DMA IRQ c2=0
DMA IRQ c3=0
SELECT busy=3775
SELECT w0=3763
SELECT w1=2175
SELECT w2=2100
BUSY TASK ewma=997
DMA IRQ c0=1
DMA IRQ c1=0
DMA IRQ c2=0
DMA IRQ c3=0
SELECT busy=3794
SELECT w0=3781
SELECT w1=2185
SELECT w2=2110
BUSY TASK ewma=997
DMA IRQ c0=1
DMA IRQ c1=0
DMA IRQ c2=0
DMA IRQ c3=0
SELECT busy=3807
SELECT w0=3794
SELECT w1=2191
SELECT w2=2119
BUSY TASK ewma=997
DMA IRQ c0=1
DMA IRQ c1=0
DMA IRQ c2=0
DMA IRQ c3=0
SELECT busy=3819
SELECT w0=3807
SELECT w1=2200
SELECT w2=2127
BUSY TASK ewma=997
DMA IRQ c0=1
DMA IRQ c1=0
DMA IRQ c2=0
DMA IRQ c3=0
SELECT busy=3835
SELECT w0=3823
SELECT w1=2211
SELECT w2=2139
BUSY TASK ewma=997
DMA IRQ c0=1
DMA IRQ c1=0
DMA IRQ c2=0
DMA IRQ c3=0
SELECT busy=3868
SELECT w0=3858
SELECT w1=2226
SELECT w2=2159
BUSY TASK ewma=997
DMA IRQ c0=1
DMA IRQ c1=0
DMA IRQ c2=0
DMA IRQ c3=0
SELECT busy=3907
SELECT w0=3894
SELECT w1=2246
SELECT w2=2181
BUSY TASK ewma=997
DMA IRQ c0=1
DMA IRQ c1=0
DMA IRQ c2=0
DMA IRQ c3=0
SELECT busy=3946
SELECT w0=3934
SELECT w1=2268
SELECT w2=2202
BUSY TASK ewma=997
DMA IRQ c0=1
DMA IRQ c1=0
DMA IRQ c2=0
DMA IRQ c3=0
SELECT busy=3976
SELECT w0=3964
SELECT w1=2283
SELECT w2=2218
BUSY TASK ewma=997
DMA IRQ c0=1
DMA IRQ c1=0
DMA IRQ c2=0
DMA IRQ c3=0
SELECT busy=4000
SELECT w0=3987
SELECT w1=2293
SELECT w2=2228
BUSY TASK ewma=997
DMA IRQ c0=1
DMA IRQ c1=0
DMA IRQ c2=0
DMA IRQ c3=0
SELECT busy=4019
SELECT w0=4006
SELECT w1=2300
SELECT w2=2237
BUSY TASK ewma=997
DMA IRQ c0=1
DMA IRQ c1=0
DMA IRQ c2=0
DMA IRQ c3=0
SELECT busy=4041
SELECT w0=4029
SELECT w1=2311
SELECT w2=2251
BUSY TASK ewma=997
DMA IRQ c0=1
DMA IRQ c1=0
DMA IRQ c2=0
DMA IRQ c3=0
SELECT busy=4077
SELECT w0=4065
SELECT w1=2328
SELECT w2=2269
BUSY TASK ewma=997
DMA IRQ c0=1
DMA IRQ c1=0
DMA IRQ c2=0
DMA IRQ c3=0
SELECT busy=4118
SELECT w0=4106
SELECT w1=2349
SELECT w2=2289
BUSY TASK ewma=997
DMA IRQ c0=1
DMA IRQ c1=0
DMA IRQ c2=0
DMA IRQ c3=0
SELECT busy=4150
SELECT w0=4137
SELECT w1=2366
SELECT w2=2306
BUSY TASK ewma=997
DMA IRQ c0=1
DMA IRQ c1=0
DMA IRQ c2=0
DMA IRQ c3=0
SELECT busy=4186
SELECT w0=4174
SELECT w1=2382
SELECT w2=2325
BUSY TASK ewma=997
DMA IRQ c0=1
DMA IRQ c1=0
DMA IRQ c2=0
DMA IRQ c3=0
SELECT busy=4222
SELECT w0=4210
SELECT w1=2400
SELECT w2=2343
BUSY TASK ewma=997
DMA IRQ c0=1
DMA IRQ c1=0
DMA IRQ c2=0
DMA IRQ c3=0
SELECT busy=4256
SELECT w0=4243
SELECT w1=2416
SELECT w2=2358
BUSY TASK ewma=997
DMA IRQ c0=1
DMA IRQ c1=0
DMA IRQ c2=0
DMA IRQ c3=0
SELECT busy=4288
SELECT w0=4276
SELECT w1=2431
SELECT w2=2375
BUSY TASK ewma=997
DMA IRQ c0=1
DMA IRQ c1=0
DMA IRQ c2=0
DMA IRQ c3=0
SELECT busy=4320
SELECT w0=4308
SELECT w1=2447
SELECT w2=2391
BUSY TASK ewma=997
DMA IRQ c0=1
DMA IRQ c1=0
DMA IRQ c2=0
DMA IRQ c3=0
SELECT busy=4365
SELECT w0=4352
SELECT w1=2466
SELECT w2=2411
BUSY TASK ewma=997
DMA IRQ c0=1
DMA IRQ c1=0
DMA IRQ c2=0
DMA IRQ c3=0
SELECT busy=4403
SELECT w0=4391
SELECT w1=2485
SELECT w2=2435
BUSY TASK ewma=997
DMA IRQ c0=1
DMA IRQ c1=0
DMA IRQ c2=0
DMA IRQ c3=0
SELECT busy=4449
SELECT w0=4436
SELECT w1=2512
SELECT w2=2458
BUSY TASK ewma=997
DMA IRQ c0=1
DMA IRQ c1=0
DMA IRQ c2=0
DMA IRQ c3=0
SELECT busy=4469
SELECT w0=4457
SELECT w1=2525
SELECT w2=2468
BUSY TASK ewma=997
DMA IRQ c0=1
DMA IRQ c1=0
DMA IRQ c2=0
DMA IRQ c3=0
SELECT busy=4490
SELECT w0=4478
SELECT w1=2536
SELECT w2=2475
BUSY TASK ewma=997
DMA IRQ c0=1
DMA IRQ c1=0
DMA IRQ c2=0
DMA IRQ c3=0
SELECT busy=4506
SELECT w0=4494
SELECT w1=2546
SELECT w2=2488
BUSY TASK ewma=997
DMA IRQ c0=1
DMA IRQ c1=0
DMA IRQ c2=0
DMA IRQ c3=0
SELECT busy=4526
SELECT w0=4514
SELECT w1=2558
SELECT w2=2503
BUSY TASK ewma=997
DMA IRQ c0=1
DMA IRQ c1=0
DMA IRQ c2=0
DMA IRQ c3=0
SELECT busy=4545
SELECT w0=4533
SELECT w1=2569
SELECT w2=2515
BUSY TASK ewma=997
DMA IRQ c0=1
DMA IRQ c1=0
DMA IRQ c2=0
DMA IRQ c3=0
SELECT busy=4566
SELECT w0=4553
SELECT w1=2580
SELECT w2=2525
BUSY TASK ewma=997
DMA IRQ c0=1
DMA IRQ c1=0
DMA IRQ c2=0
DMA IRQ c3=0
SELECT busy=4582
SELECT w0=4569
SELECT w1=2587
SELECT w2=2535
BUSY TASK ewma=997
DMA IRQ c0=1
DMA IRQ c1=0
DMA IRQ c2=0
DMA IRQ c3=0
SELECT busy=4597
SELECT w0=4586
SELECT w1=2599
SELECT w2=2548
BUSY TASK ewma=997
DMA IRQ c0=1
DMA IRQ c1=0
DMA IRQ c2=0
DMA IRQ c3=0
SELECT busy=4613
SELECT w0=4601
SELECT w1=2608
SELECT w2=2556
BUSY TASK ewma=997
DMA IRQ c0=1
DMA IRQ c1=0
DMA IRQ c2=0
DMA IRQ c3=0
SELECT busy=4631
SELECT w0=4619
SELECT w1=2619
SELECT w2=2567
BUSY TASK ewma=997
DMA IRQ c0=1
DMA IRQ c1=0
DMA IRQ c2=0
DMA IRQ c3=0
SELECT busy=4654
SELECT w0=4641
SELECT w1=2630
SELECT w2=2577
BUSY TASK ewma=997
DMA IRQ c0=1
DMA IRQ c1=0
DMA IRQ c2=0
DMA IRQ c3=0
SELECT busy=4670
SELECT w0=4658
SELECT w1=2638
SELECT w2=2585
BUSY TASK ewma=997
DMA IRQ c0=1
DMA IRQ c1=0
DMA IRQ c2=0
DMA IRQ c3=0
SELECT busy=4690
SELECT w0=4678
SELECT w1=2649
SELECT w2=2598
BUSY TASK ewma=997
DMA IRQ c0=1
DMA IRQ c1=0
DMA IRQ c2=0
DMA IRQ c3=0
SELECT busy=4710
SELECT w0=4698
SELECT w1=2657
SELECT w2=2608
BUSY TASK ewma=997
DMA IRQ c0=1
DMA IRQ c1=0
DMA IRQ c2=0
DMA IRQ c3=0
SELECT busy=4732
SELECT w0=4724
SELECT w1=2672
SELECT w2=2627
BUSY TASK ewma=997
DMA IRQ c0=1
DMA IRQ c1=0
DMA IRQ c2=0
DMA IRQ c3=0
SELECT busy=4770
SELECT w0=4757
SELECT w1=2683
SELECT w2=2645
BUSY TASK ewma=997
DMA IRQ c0=1
DMA IRQ c1=0
DMA IRQ c2=0
DMA IRQ c3=0
SELECT busy=4801
SELECT w0=4788
SELECT w1=2694
SELECT w2=2659
BUSY TASK ewma=997
DMA IRQ c0=1
DMA IRQ c1=0
DMA IRQ c2=0
DMA IRQ c3=0
SELECT busy=4835
SELECT w0=4824
SELECT w1=2710
SELECT w2=2681
BUSY TASK ewma=997
DMA IRQ c0=1
DMA IRQ c1=0
DMA IRQ c2=0
DMA IRQ c3=0
SELECT busy=4853
SELECT w0=4841
SELECT w1=2718
SELECT w2=2694
BUSY TASK ewma=997
DMA IRQ c0=1
DMA IRQ c1=0
DMA IRQ c2=0
DMA IRQ c3=0
SELECT busy=4870
SELECT w0=4858
SELECT w1=2727
SELECT w2=2707
BUSY TASK ewma=997
DMA IRQ c0=1
DMA IRQ c1=0
DMA IRQ c2=0
DMA IRQ c3=0
SELECT busy=4889
SELECT w0=4877
SELECT w1=2737
SELECT w2=2718
BUSY TASK ewma=997
DMA IRQ c0=1
DMA IRQ c1=0
DMA IRQ c2=0
DMA IRQ c3=0
SELECT busy=4915
SELECT w0=4902
SELECT w1=2748
SELECT w2=2731
BUSY TASK ewma=997
DMA IRQ c0=1
DMA IRQ c1=0
DMA IRQ c2=0
DMA IRQ c3=0
SELECT busy=4953
SELECT w0=4940
SELECT w1=2764
SELECT w2=2753
BUSY TASK ewma=997
DMA IRQ c0=1
DMA IRQ c1=0
DMA IRQ c2=0
DMA IRQ c3=0
SELECT busy=4972
SELECT w0=4960
SELECT w1=2773
SELECT w2=2767
BUSY TASK ewma=997
DMA IRQ c0=1
DMA IRQ c1=0
DMA IRQ c2=0
DMA IRQ c3=0
SELECT busy=4989
SELECT w0=4977
SELECT w1=2781
SELECT w2=2777
BUSY TASK ewma=997
DMA IRQ c0=1
DMA IRQ c1=0
DMA IRQ c2=0
DMA IRQ c3=0
SELECT busy=5007
SELECT w0=4995
SELECT w1=2787
SELECT w2=2784
BUSY TASK ewma=997
DMA IRQ c0=1
DMA IRQ c1=0
DMA IRQ c2=0
DMA IRQ c3=0
SELECT busy=5026
SELECT w0=5013
SELECT w1=2794
SELECT w2=2793
BUSY TASK ewma=997
DMA IRQ c0=1
DMA IRQ c1=0
DMA IRQ c2=0
DMA IRQ c3=0
SELECT busy=5060
SELECT w0=5047
SELECT w1=2807
SELECT w2=2810
BUSY TASK ewma=997
DMA IRQ c0=1
DMA IRQ c1=0
DMA IRQ c2=0
DMA IRQ c3=0
SELECT busy=5093
SELECT w0=5081
SELECT w1=2825
SELECT w2=2833
BUSY TASK ewma=997
IRQ counts: cpu0=10216 cpu1=11391 cpu2=11206 cpu3=11352
SCHED secondaries: calls=33962 unexpected=0
SECTEST switches=33928 cpu1=103293317,102002484 cpu2=85299246,84419935 cpu3=114851651,111014919
PINGPONG rounds=2000 pongs=2000
DMA IRQ c0=1
DMA IRQ c1=0
DMA IRQ c2=0
DMA IRQ c3=0
SELECT busy=5129
SELECT w0=5116
SELECT w1=2842
SELECT w2=2858
BUSY TASK ewma=997
DMA IRQ c0=1
DMA IRQ c1=0
DMA IRQ c2=0
DMA IRQ c3=0
SELECT busy=5150
SELECT w0=5137
SELECT w1=2849
SELECT w2=2868
BUSY TASK ewma=997
DMA IRQ c0=1
DMA IRQ c1=0
DMA IRQ c2=0
DMA IRQ c3=0
SELECT busy=5169
SELECT w0=5156
SELECT w1=2855
SELECT w2=2875
BUSY TASK ewma=997
DMA IRQ c0=1
DMA IRQ c1=0
DMA IRQ c2=0
DMA IRQ c3=0
SELECT busy=5190
SELECT w0=5180
SELECT w1=2868
SELECT w2=2892
BUSY TASK ewma=997
DMA IRQ c0=1
DMA IRQ c1=0
DMA IRQ c2=0
DMA IRQ c3=0
SELECT busy=5228
SELECT w0=5215
SELECT w1=2883
SELECT w2=2910
BUSY TASK ewma=997
DMA IRQ c0=1
DMA IRQ c1=0
DMA IRQ c2=0
DMA IRQ c3=0
SELECT busy=5267
SELECT w0=5254
SELECT w1=2896
SELECT w2=2927
BUSY TASK ewma=997
DMA IRQ c0=1
DMA IRQ c1=0
DMA IRQ c2=0
DMA IRQ c3=0
SELECT busy=5285
SELECT w0=5273
SELECT w1=2902
SELECT w2=2935
BUSY TASK ewma=997
DMA IRQ c0=1
DMA IRQ c1=0
DMA IRQ c2=0
DMA IRQ c3=0
SELECT busy=5305
SELECT w0=5292
SELECT w1=2907
SELECT w2=2942
BUSY TASK ewma=997
DMA IRQ c0=1
DMA IRQ c1=0
DMA IRQ c2=0
DMA IRQ c3=0
SELECT busy=5328
SELECT w0=5316
SELECT w1=2917
SELECT w2=2953
BUSY TASK ewma=997
DMA IRQ c0=1
DMA IRQ c1=0
DMA IRQ c2=0
DMA IRQ c3=0
SELECT busy=5346
SELECT w0=5333
SELECT w1=2923
SELECT w2=2964
BUSY TASK ewma=997
DMA IRQ c0=1
DMA IRQ c1=0
DMA IRQ c2=0
DMA IRQ c3=0
SELECT busy=5363
SELECT w0=5351
SELECT w1=2929
SELECT w2=2972
BUSY TASK ewma=997
DMA IRQ c0=1
DMA IRQ c1=0
DMA IRQ c2=0
DMA IRQ c3=0
SELECT busy=5388
SELECT w0=5376
SELECT w1=2942
SELECT w2=2990
BUSY TASK ewma=997
DMA IRQ c0=1
DMA IRQ c1=0
DMA IRQ c2=0
DMA IRQ c3=0
SELECT busy=5423
SELECT w0=5410
SELECT w1=2955
SELECT w2=3009
BUSY TASK ewma=997
DMA IRQ c0=1
DMA IRQ c1=0
DMA IRQ c2=0
DMA IRQ c3=0
SELECT busy=5445
SELECT w0=5432
SELECT w1=2964
SELECT w2=3020
BUSY TASK ewma=997
DMA IRQ c0=1
DMA IRQ c1=0
DMA IRQ c2=0
DMA IRQ c3=0
SELECT busy=5462
SELECT w0=5449
SELECT w1=2970
SELECT w2=3028
BUSY TASK ewma=997
DMA IRQ c0=1
DMA IRQ c1=0
DMA IRQ c2=0
DMA IRQ c3=0
SELECT busy=5476
SELECT w0=5463
SELECT w1=2976
SELECT w2=3035
BUSY TASK ewma=997
DMA IRQ c0=1
DMA IRQ c1=0
DMA IRQ c2=0
DMA IRQ c3=0
SELECT busy=5491
SELECT w0=5478
SELECT w1=2982
SELECT w2=3044
BUSY TASK ewma=997
DMA IRQ c0=1
DMA IRQ c1=0
DMA IRQ c2=0
DMA IRQ c3=0
SELECT busy=5511
SELECT w0=5498
SELECT w1=2989
SELECT w2=3055
BUSY TASK ewma=997
DMA IRQ c0=1
DMA IRQ c1=0
DMA IRQ c2=0
DMA IRQ c3=0
SELECT busy=5525
SELECT w0=5513
SELECT w1=2995
SELECT w2=3063
BUSY TASK ewma=997
DMA IRQ c0=1
DMA IRQ c1=0
DMA IRQ c2=0
DMA IRQ c3=0
SELECT busy=5539
SELECT w0=5526
SELECT w1=3001
SELECT w2=3072
BUSY TASK ewma=997
DMA IRQ c0=1
DMA IRQ c1=0
DMA IRQ c2=0
DMA IRQ c3=0
SELECT busy=5558
SELECT w0=5545
SELECT w1=3009
SELECT w2=3083
BUSY TASK ewma=997
DMA IRQ c0=1
DMA IRQ c1=0
DMA IRQ c2=0
DMA IRQ c3=0
SELECT busy=5575
SELECT w0=5562
SELECT w1=3017
SELECT w2=3092
BUSY TASK ewma=997
DMA IRQ c0=1
DMA IRQ c1=0
DMA IRQ c2=0
DMA IRQ c3=0
SELECT busy=5593
SELECT w0=5581
SELECT w1=3024
SELECT w2=3101
BUSY TASK ewma=997
DMA IRQ c0=1
DMA IRQ c1=0
DMA IRQ c2=0
DMA IRQ c3=0
SELECT busy=5620
SELECT w0=5608
SELECT w1=3040
SELECT w2=3120
BUSY TASK ewma=997
DMA IRQ c0=1
DMA IRQ c1=0
DMA IRQ c2=0
DMA IRQ c3=0
SELECT busy=5639
SELECT w0=5627
SELECT w1=3050
SELECT w2=3132
BUSY TASK ewma=997
DMA IRQ c0=1
DMA IRQ c1=0
DMA IRQ c2=0
DMA IRQ c3=0
SELECT busy=5656
SELECT w0=5644
SELECT w1=3060
SELECT w2=3143
BUSY TASK ewma=997
DMA IRQ c0=1
DMA IRQ c1=0
DMA IRQ c2=0
DMA IRQ c3=0
SELECT busy=5672
SELECT w0=5660
SELECT w1=3068
SELECT w2=3152
BUSY TASK ewma=997
DMA IRQ c0=1
DMA IRQ c1=0
DMA IRQ c2=0
DMA IRQ c3=0
SELECT busy=5691
SELECT w0=5678
SELECT w1=3078
SELECT w2=3163
BUSY TASK ewma=997
DMA IRQ c0=1
DMA IRQ c1=0
DMA IRQ c2=0
DMA IRQ c3=0
SELECT busy=5706
SELECT w0=5694
SELECT w1=3085
SELECT w2=3172
BUSY TASK ewma=997
DMA IRQ c0=1
DMA IRQ c1=0
DMA IRQ c2=0
DMA IRQ c3=0
SELECT busy=5726
SELECT w0=5715
SELECT w1=3099
SELECT w2=3184
BUSY TASK ewma=997
DMA IRQ c0=1
DMA IRQ c1=0
DMA IRQ c2=0
DMA IRQ c3=0
SELECT busy=5750
SELECT w0=5737
SELECT w1=3108
SELECT w2=3195
BUSY TASK ewma=997
DMA IRQ c0=1
DMA IRQ c1=0
DMA IRQ c2=0
DMA IRQ c3=0
SELECT busy=5771
SELECT w0=5759
SELECT w1=3116
SELECT w2=3206
BUSY TASK ewma=997
DMA IRQ c0=1
DMA IRQ c1=0
DMA IRQ c2=0
DMA IRQ c3=0
SELECT busy=5792
SELECT w0=5780
SELECT w1=3126
SELECT w2=3224
BUSY TASK ewma=997
DMA IRQ c0=1
DMA IRQ c1=0
DMA IRQ c2=0
DMA IRQ c3=0
SELECT busy=5811
SELECT w0=5799
SELECT w1=3136
SELECT w2=3236
BUSY TASK ewma=997
DMA IRQ c0=1
DMA IRQ c1=0
DMA IRQ c2=0
DMA IRQ c3=0
SELECT busy=5829
SELECT w0=5817
SELECT w1=3145
SELECT w2=3247
BUSY TASK ewma=997
DMA IRQ c0=1
DMA IRQ c1=0
DMA IRQ c2=0
DMA IRQ c3=0
SELECT busy=5847
SELECT w0=5835
SELECT w1=3154
SELECT w2=3258
BUSY TASK ewma=997
DMA IRQ c0=1
DMA IRQ c1=0
DMA IRQ c2=0
DMA IRQ c3=0
SELECT busy=5868
SELECT w0=5857
SELECT w1=3166
SELECT w2=3271
BUSY TASK ewma=997
DMA IRQ c0=1
DMA IRQ c1=0
DMA IRQ c2=0
DMA IRQ c3=0
SELECT busy=5889
SELECT w0=5877
SELECT w1=3178
SELECT w2=3282
BUSY TASK ewma=997
DMA IRQ c0=1
DMA IRQ c1=0
DMA IRQ c2=0
DMA IRQ c3=0
SELECT busy=5921
SELECT w0=5909
SELECT w1=3192
SELECT w2=3302
BUSY TASK ewma=997
DMA IRQ c0=1
DMA IRQ c1=0
DMA IRQ c2=0
DMA IRQ c3=0
SELECT busy=5959
SELECT w0=5948
SELECT w1=3211
SELECT w2=3328
BUSY TASK ewma=997
DMA IRQ c0=1
DMA IRQ c1=0
DMA IRQ c2=0
DMA IRQ c3=0
SELECT busy=5996
SELECT w0=5985
SELECT w1=3229
SELECT w2=3349
BUSY TASK ewma=997
DMA IRQ c0=1
DMA IRQ c1=0
DMA IRQ c2=0
DMA IRQ c3=0
SELECT busy=6032
SELECT w0=6019
SELECT w1=3244
SELECT w2=3366
BUSY TASK ewma=997
DMA IRQ c0=1
DMA IRQ c1=0
DMA IRQ c2=0
DMA IRQ c3=0
SELECT busy=6070
SELECT w0=6057
SELECT w1=3259
SELECT w2=3387
BUSY TASK ewma=997
DMA IRQ c0=1
DMA IRQ c1=0
DMA IRQ c2=0
DMA IRQ c3=0
SELECT busy=6100
SELECT w0=6087
SELECT w1=3273
SELECT w2=3405
BUSY TASK ewma=997
DMA IRQ c0=1
DMA IRQ c1=0
DMA IRQ c2=0
DMA IRQ c3=0
SELECT busy=6116
SELECT w0=6104
SELECT w1=3282
SELECT w2=3417
BUSY TASK ewma=997
DMA IRQ c0=1
DMA IRQ c1=0
DMA IRQ c2=0
DMA IRQ c3=0
SELECT busy=6136
SELECT w0=6123
SELECT w1=3291
SELECT w2=3426
BUSY TASK ewma=997
DMA IRQ c0=1
DMA IRQ c1=0
DMA IRQ c2=0
DMA IRQ c3=0
SELECT busy=6154
SELECT w0=6142
SELECT w1=3303
SELECT w2=3447
BUSY TASK ewma=997
DMA IRQ c0=1
DMA IRQ c1=0
DMA IRQ c2=0
DMA IRQ c3=0
SELECT busy=6174
SELECT w0=6162
SELECT w1=3312
SELECT w2=3461
BUSY TASK ewma=997
DMA IRQ c0=1
DMA IRQ c1=0
DMA IRQ c2=0
DMA IRQ c3=0
SELECT busy=6196
SELECT w0=6184
SELECT w1=3324
SELECT w2=3477
BUSY TASK ewma=997
DMA IRQ c0=1
DMA IRQ c1=0
DMA IRQ c2=0
DMA IRQ c3=0
SELECT busy=6215
SELECT w0=6202
SELECT w1=3329
SELECT w2=3485
BUSY TASK ewma=997
DMA IRQ c0=1
DMA IRQ c1=0
DMA IRQ c2=0
DMA IRQ c3=0
SELECT busy=6236
SELECT w0=6223
SELECT w1=3338
SELECT w2=3495
BUSY TASK ewma=997
DMA IRQ c0=1
DMA IRQ c1=0
DMA IRQ c2=0
DMA IRQ c3=0
SELECT busy=6259
SELECT w0=6247
SELECT w1=3347
SELECT w2=3506
BUSY TASK ewma=997
DMA IRQ c0=1
DMA IRQ c1=0
DMA IRQ c2=0
DMA IRQ c3=0
SELECT busy=6282
SELECT w0=6270
SELECT w1=3356
SELECT w2=3520
BUSY TASK ewma=997
DMA IRQ c0=1
DMA IRQ c1=0
DMA IRQ c2=0
DMA IRQ c3=0
SELECT busy=6304
SELECT w0=6292
SELECT w1=3368
SELECT w2=3533
BUSY TASK ewma=997
DMA IRQ c0=1
DMA IRQ c1=0
DMA IRQ c2=0
DMA IRQ c3=0
SELECT busy=6325
SELECT w0=6313
SELECT w1=3376
SELECT w2=3544
BUSY TASK ewma=997
DMA IRQ c0=1
DMA IRQ c1=0
DMA IRQ c2=0
DMA IRQ c3=0
SELECT busy=6347
SELECT w0=6335
SELECT w1=3384
SELECT w2=3554
BUSY TASK ewma=997
DMA IRQ c0=1
DMA IRQ c1=0
DMA IRQ c2=0
DMA IRQ c3=0
SELECT busy=6371
SELECT w0=6359
SELECT w1=3399
SELECT w2=3570
BUSY TASK ewma=997
DMA IRQ c0=1
DMA IRQ c1=0
DMA IRQ c2=0
DMA IRQ c3=0
SELECT busy=6397
SELECT w0=6386
SELECT w1=3411
SELECT w2=3587
BUSY TASK ewma=997
DMA IRQ c0=1
DMA IRQ c1=0
DMA IRQ c2=0
DMA IRQ c3=0
SELECT busy=6422
SELECT w0=6411
SELECT w1=3424
SELECT w2=3604
BUSY TASK ewma=997
DMA IRQ c0=1
DMA IRQ c1=0
DMA IRQ c2=0
DMA IRQ c3=0
SELECT busy=6442
SELECT w0=6429
SELECT w1=3433
SELECT w2=3612
BUSY TASK ewma=997
DMA IRQ c0=1
DMA IRQ c1=0
DMA IRQ c2=0
DMA IRQ c3=0
SELECT busy=6456
SELECT w0=6443
SELECT w1=3441
SELECT w2=3624
BUSY TASK ewma=997
DMA IRQ c0=1
DMA IRQ c1=0
DMA IRQ c2=0
DMA IRQ c3=0
SELECT busy=6470
SELECT w0=6457
SELECT w1=3448
SELECT w2=3632
BUSY TASK ewma=997
DMA IRQ c0=1
DMA IRQ c1=0
DMA IRQ c2=0
DMA IRQ c3=0
SELECT busy=6483
SELECT w0=6471
SELECT w1=3456
SELECT w2=3642
BUSY TASK ewma=997
DMA IRQ c0=1
DMA IRQ c1=0
DMA IRQ c2=0
DMA IRQ c3=0
SELECT busy=6521
SELECT w0=6508
SELECT w1=3470
SELECT w2=3660
BUSY TASK ewma=997
IRQ counts: cpu0=13096 cpu1=14638 cpu2=14527 cpu3=14553
SCHED secondaries: calls=43743 unexpected=0
SECTEST switches=43709 cpu1=135087204,132191667 cpu2=113875222,114325268 cpu3=158019003,150013594
PINGPONG rounds=2000 pongs=2000
DMA IRQ c0=1
DMA IRQ c1=0
DMA IRQ c2=0
DMA IRQ c3=0
SELECT busy=6575
SELECT w0=6563
SELECT w1=3493
SELECT w2=3690
BUSY TASK ewma=997
DMA IRQ c0=1
DMA IRQ c1=0
DMA IRQ c2=0
DMA IRQ c3=0
SELECT busy=6592
SELECT w0=6580
SELECT w1=3501
SELECT w2=3703
BUSY TASK ewma=997
DMA IRQ c0=1
DMA IRQ c1=0
DMA IRQ c2=0
DMA IRQ c3=0
SELECT busy=6613
SELECT w0=6601
SELECT w1=3513
SELECT w2=3720
BUSY TASK ewma=997
DMA IRQ c0=1
DMA IRQ c1=0
DMA IRQ c2=0
DMA IRQ c3=0
SELECT busy=6638
SELECT w0=6626
SELECT w1=3527
SELECT w2=3737
BUSY TASK ewma=997
DMA IRQ c0=1
DMA IRQ c1=0
DMA IRQ c2=0
DMA IRQ c3=0
SELECT busy=6673
SELECT w0=6660
SELECT w1=3542
SELECT w2=3752
BUSY TASK ewma=997
DMA IRQ c0=1
DMA IRQ c1=0
DMA IRQ c2=0
DMA IRQ c3=0
SELECT busy=6702
SELECT w0=6690
SELECT w1=3554
SELECT w2=3767
BUSY TASK ewma=997
DMA IRQ c0=1
DMA IRQ c1=0
DMA IRQ c2=0
DMA IRQ c3=0
SELECT busy=6722
SELECT w0=6710
SELECT w1=3564
SELECT w2=3781
BUSY TASK ewma=997
DMA IRQ c0=1
DMA IRQ c1=0
DMA IRQ c2=0
DMA IRQ c3=0
SELECT busy=6741
SELECT w0=6729
SELECT w1=3574
SELECT w2=3800
BUSY TASK ewma=997
DMA IRQ c0=1
DMA IRQ c1=0
DMA IRQ c2=0
DMA IRQ c3=0
SELECT busy=6758
SELECT w0=6745
SELECT w1=3581
SELECT w2=3809
BUSY TASK ewma=997
DMA IRQ c0=1
DMA IRQ c1=0
DMA IRQ c2=0
DMA IRQ c3=0
SELECT busy=6775
SELECT w0=6762
SELECT w1=3589
SELECT w2=3819
BUSY TASK ewma=997
DMA IRQ c0=1
DMA IRQ c1=0
DMA IRQ c2=0
DMA IRQ c3=0
SELECT busy=6790
SELECT w0=6777
SELECT w1=3597
SELECT w2=3825
BUSY TASK ewma=997
DMA IRQ c0=1
DMA IRQ c1=0
DMA IRQ c2=0
DMA IRQ c3=0
SELECT busy=6807
SELECT w0=6795
SELECT w1=3606
SELECT w2=3840
BUSY TASK ewma=997
DMA IRQ c0=1
DMA IRQ c1=0
DMA IRQ c2=0
DMA IRQ c3=0
SELECT busy=6824
SELECT w0=6811
SELECT w1=3614
SELECT w2=3849
BUSY TASK ewma=997
DMA IRQ c0=1
DMA IRQ c1=0
DMA IRQ c2=0
DMA IRQ c3=0
SELECT busy=6841
SELECT w0=6831
SELECT w1=3622
SELECT w2=3860
BUSY TASK ewma=997
DMA IRQ c0=1
DMA IRQ c1=0
DMA IRQ c2=0
DMA IRQ c3=0
SELECT busy=6864
SELECT w0=6852
SELECT w1=3632
SELECT w2=3870
BUSY TASK ewma=997
DMA IRQ c0=1
DMA IRQ c1=0
DMA IRQ c2=0
DMA IRQ c3=0
SELECT busy=6880
SELECT w0=6867
SELECT w1=3640
SELECT w2=3881
BUSY TASK ewma=997
DMA IRQ c0=1
DMA IRQ c1=0
DMA IRQ c2=0
DMA IRQ c3=0
SELECT busy=6900
SELECT w0=6887
SELECT w1=3649
SELECT w2=3891
BUSY TASK ewma=997
DMA IRQ c0=1
DMA IRQ c1=0
DMA IRQ c2=0
DMA IRQ c3=0
SELECT busy=6926
SELECT w0=6914
SELECT w1=3662
SELECT w2=3908
BUSY TASK ewma=997
DMA IRQ c0=1
DMA IRQ c1=0
DMA IRQ c2=0
DMA IRQ c3=0
SELECT busy=6943
SELECT w0=6932
SELECT w1=3673
SELECT w2=3920
BUSY TASK ewma=997
DMA IRQ c0=1
DMA IRQ c1=0
DMA IRQ c2=0
DMA IRQ c3=0
SELECT busy=6963
SELECT w0=6951
SELECT w1=3688
SELECT w2=3939
BUSY TASK ewma=997
DMA IRQ c0=1
DMA IRQ c1=0
DMA IRQ c2=0
DMA IRQ c3=0
SELECT busy=6987
SELECT w0=6975
SELECT w1=3699
SELECT w2=3950
BUSY TASK ewma=997
DMA IRQ c0=1
DMA IRQ c1=0
DMA IRQ c2=0
DMA IRQ c3=0
SELECT busy=7009
SELECT w0=6996
SELECT w1=3707
SELECT w2=3961
BUSY TASK ewma=997
DMA IRQ c0=1
DMA IRQ c1=0
DMA IRQ c2=0
DMA IRQ c3=0
SELECT busy=7044
SELECT w0=7031
SELECT w1=3720
SELECT w2=3976
BUSY TASK ewma=997
DMA IRQ c0=1
DMA IRQ c1=0
DMA IRQ c2=0
DMA IRQ c3=0
SELECT busy=7070
SELECT w0=7058
SELECT w1=3732
SELECT w2=3994
BUSY TASK ewma=997
DMA IRQ c0=1
DMA IRQ c1=0
DMA IRQ c2=0
DMA IRQ c3=0
SELECT busy=7105
SELECT w0=7093
SELECT w1=3748
SELECT w2=4015
BUSY TASK ewma=997
DMA IRQ c0=1
DMA IRQ c1=0
DMA IRQ c2=0
DMA IRQ c3=0
SELECT busy=7127
SELECT w0=7114
SELECT w1=3758
SELECT w2=4027
BUSY TASK ewma=997
DMA IRQ c0=1
DMA IRQ c1=0
DMA IRQ c2=0
DMA IRQ c3=0
SELECT busy=7146
SELECT w0=7133
SELECT w1=3763
SELECT w2=4033
BUSY TASK ewma=997
DMA IRQ c0=1
DMA IRQ c1=0
DMA IRQ c2=0
DMA IRQ c3=0
SELECT busy=7167
SELECT w0=7155
SELECT w1=3773
SELECT w2=4048
BUSY TASK ewma=997
DMA IRQ c0=1
DMA IRQ c1=0
DMA IRQ c2=0
DMA IRQ c3=0
SELECT busy=7188
SELECT w0=7176
SELECT w1=3784
SELECT w2=4063
BUSY TASK ewma=997
DMA IRQ c0=1
DMA IRQ c1=0
DMA IRQ c2=0
DMA IRQ c3=0
SELECT busy=7211
SELECT w0=7199
SELECT w1=3794
SELECT w2=4076
BUSY TASK ewma=997
DMA IRQ c0=1
DMA IRQ c1=0
DMA IRQ c2=0
DMA IRQ c3=0
SELECT busy=7232
SELECT w0=7220
SELECT w1=3804
SELECT w2=4091
BUSY TASK ewma=997
DMA IRQ c0=1
DMA IRQ c1=0
DMA IRQ c2=0
DMA IRQ c3=0
SELECT busy=7251
SELECT w0=7239
SELECT w1=3813
SELECT w2=4106
BUSY TASK ewma=997
DMA IRQ c0=1
DMA IRQ c1=0
DMA IRQ c2=0
DMA IRQ c3=0
SELECT busy=7265
SELECT w0=7252
SELECT w1=3819
SELECT w2=4113
BUSY TASK ewma=997
DMA IRQ c0=1
DMA IRQ c1=0
DMA IRQ c2=0
DMA IRQ c3=0
SELECT busy=7284
SELECT w0=7272
SELECT w1=3829
SELECT w2=4124
BUSY TASK ewma=997
DMA IRQ c0=1
DMA IRQ c1=0
DMA IRQ c2=0
DMA IRQ c3=0
SELECT busy=7304
SELECT w0=7292
SELECT w1=3836
SELECT w2=4133
BUSY TASK ewma=997
DMA IRQ c0=1
DMA IRQ c1=0
DMA IRQ c2=0
DMA IRQ c3=0
SELECT busy=7321
SELECT w0=7308
SELECT w1=3842
SELECT w2=4141
BUSY TASK ewma=997
DMA IRQ c0=1
DMA IRQ c1=0
DMA IRQ c2=0
DMA IRQ c3=0
SELECT busy=7346
SELECT w0=7335
SELECT w1=3851
SELECT w2=4154
BUSY TASK ewma=997
DMA IRQ c0=1
DMA IRQ c1=0
DMA IRQ c2=0
DMA IRQ c3=0
SELECT busy=7367
SELECT w0=7354
SELECT w1=3856
SELECT w2=4164
BUSY TASK ewma=997
DMA IRQ c0=1
DMA IRQ c1=0
DMA IRQ c2=0
DMA IRQ c3=0
SELECT busy=7401
SELECT w0=7388
SELECT w1=3871
SELECT w2=4181
BUSY TASK ewma=997
DMA IRQ c0=1
DMA IRQ c1=0
DMA IRQ c2=0
DMA IRQ c3=0
SELECT busy=7432
SELECT w0=7419
SELECT w1=3883
SELECT w2=4194
BUSY TASK ewma=997
DMA IRQ c0=1
DMA IRQ c1=0
DMA IRQ c2=0
DMA IRQ c3=0
SELECT busy=7475
SELECT w0=7463
SELECT w1=3907
SELECT w2=4225
BUSY TASK ewma=997
DMA IRQ c0=1
DMA IRQ c1=0
DMA IRQ c2=0
DMA IRQ c3=0
SELECT busy=7504
SELECT w0=7492
SELECT w1=3922
SELECT w2=4244
BUSY TASK ewma=997
DMA IRQ c0=1
DMA IRQ c1=0
DMA IRQ c2=0
DMA IRQ c3=0
SELECT busy=7521
SELECT w0=7509
SELECT w1=3931
SELECT w2=4254
BUSY TASK ewma=997
DMA IRQ c0=1
DMA IRQ c1=0
DMA IRQ c2=0
DMA IRQ c3=0
SELECT busy=7538
SELECT w0=7526
SELECT w1=3940
SELECT w2=4263
BUSY TASK ewma=997
DMA IRQ c0=1
DMA IRQ c1=0
DMA IRQ c2=0
DMA IRQ c3=0
SELECT busy=7559
SELECT w0=7547
SELECT w1=3950
SELECT w2=4277
BUSY TASK ewma=997
DMA IRQ c0=1
DMA IRQ c1=0
DMA IRQ c2=0
DMA IRQ c3=0
SELECT busy=7581
SELECT w0=7568
SELECT w1=3957
SELECT w2=4286
BUSY TASK ewma=997
DMA IRQ c0=1
DMA IRQ c1=0
DMA IRQ c2=0
DMA IRQ c3=0
SELECT busy=7606
SELECT w0=7594
SELECT w1=3964
SELECT w2=4294
BUSY TASK ewma=997
DMA IRQ c0=1
DMA IRQ c1=0
DMA IRQ c2=0
DMA IRQ c3=0
SELECT busy=7634
SELECT w0=7622
SELECT w1=3975
SELECT w2=4306
BUSY TASK ewma=997
DMA IRQ c0=1
DMA IRQ c1=0
DMA IRQ c2=0
DMA IRQ c3=0
SELECT busy=7670
SELECT w0=7658
SELECT w1=3997
SELECT w2=4330
BUSY TASK ewma=997
DMA IRQ c0=1
DMA IRQ c1=0
DMA IRQ c2=0
DMA IRQ c3=0
SELECT busy=7695
SELECT w0=7683
SELECT w1=4009
SELECT w2=4343
BUSY TASK ewma=997
DMA IRQ c0=1
DMA IRQ c1=0
DMA IRQ c2=0
DMA IRQ c3=0
SELECT busy=7711
SELECT w0=7698
SELECT w1=4015
SELECT w2=4352
BUSY TASK ewma=997
DMA IRQ c0=1
DMA IRQ c1=0
DMA IRQ c2=0
DMA IRQ c3=0
SELECT busy=7732
SELECT w0=7719
SELECT w1=4022
SELECT w2=4361
BUSY TASK ewma=997
DMA IRQ c0=1
DMA IRQ c1=0
DMA IRQ c2=0
DMA IRQ c3=0
SELECT busy=7751
SELECT w0=7738
SELECT w1=4030
SELECT w2=4368
BUSY TASK ewma=997
DMA IRQ c0=1
DMA IRQ c1=0
DMA IRQ c2=0
DMA IRQ c3=0
SELECT busy=7771
SELECT w0=7758
SELECT w1=4040
SELECT w2=4383
BUSY TASK ewma=997
DMA IRQ c0=1
DMA IRQ c1=0
DMA IRQ c2=0
DMA IRQ c3=0
SELECT busy=7788
SELECT w0=7776
SELECT w1=4048
SELECT w2=4391
BUSY TASK ewma=997
DMA IRQ c0=1
DMA IRQ c1=0
DMA IRQ c2=0
DMA IRQ c3=0
SELECT busy=7809
SELECT w0=7797
SELECT w1=4060
SELECT w2=4405
BUSY TASK ewma=997
DMA IRQ c0=1
DMA IRQ c1=0
DMA IRQ c2=0
DMA IRQ c3=0
SELECT busy=7828
SELECT w0=7816
SELECT w1=4067
SELECT w2=4416
BUSY TASK ewma=997
DMA IRQ c0=1
DMA IRQ c1=0
DMA IRQ c2=0
DMA IRQ c3=0
SELECT busy=7852
SELECT w0=7839
SELECT w1=4078
SELECT w2=4432
BUSY TASK ewma=997
DMA IRQ c0=1
DMA IRQ c1=0
DMA IRQ c2=0
DMA IRQ c3=0
SELECT busy=7875
SELECT w0=7866
SELECT w1=4097
SELECT w2=4449
BUSY TASK ewma=997
DMA IRQ c0=1
DMA IRQ c1=0
DMA IRQ c2=0
DMA IRQ c3=0
SELECT busy=7900
SELECT w0=7887
SELECT w1=4105
SELECT w2=4460
BUSY TASK ewma=997
DMA IRQ c0=1
DMA IRQ c1=0
DMA IRQ c2=0
DMA IRQ c3=0
SELECT busy=7918
SELECT w0=7906
SELECT w1=4111
SELECT w2=4468
BUSY TASK ewma=997
DMA IRQ c0=1
DMA IRQ c1=0
DMA IRQ c2=0
DMA IRQ c3=0
SELECT busy=7936
SELECT w0=7923
SELECT w1=4116
SELECT w2=4474
BUSY TASK ewma=997
DMA IRQ c0=1
DMA IRQ c1=0
DMA IRQ c2=0
DMA IRQ c3=0
SELECT busy=7951
SELECT w0=7938
SELECT w1=4122
SELECT w2=4481
BUSY TASK ewma=997
DMA IRQ c0=1
DMA IRQ c1=0
DMA IRQ c2=0
DMA IRQ c3=0
SELECT busy=7969
SELECT w0=7957
SELECT w1=4132
SELECT w2=4498
BUSY TASK ewma=997
IRQ counts: cpu0=15958 cpu1=17919 cpu2=17847 cpu3=17801
SCHED secondaries: calls=53590 unexpected=0
SECTEST switches=53574 cpu1=169671680,166534494 cpu2=143903600,144726636 cpu3=199728652,188487767
PINGPONG rounds=2000 pongs=2000
DMA IRQ c0=1
DMA IRQ c1=0
DMA IRQ c2=0
DMA IRQ c3=0
SELECT busy=7996
SELECT w0=7984
SELECT w1=4149
SELECT w2=4514
BUSY TASK ewma=997
DMA IRQ c0=1
DMA IRQ c1=0
DMA IRQ c2=0
DMA IRQ c3=0
SELECT busy=8019
SELECT w0=8007
SELECT w1=4161
SELECT w2=4529
BUSY TASK ewma=997
DMA IRQ c0=1
DMA IRQ c1=0
DMA IRQ c2=0
DMA IRQ c3=0
SELECT busy=8036
SELECT w0=8024
SELECT w1=4167
SELECT w2=4536
BUSY TASK ewma=997
DMA IRQ c0=1
DMA IRQ c1=0
DMA IRQ c2=0
DMA IRQ c3=0
SELECT busy=8053
SELECT w0=8040
SELECT w1=4175
SELECT w2=4545
BUSY TASK ewma=997
DMA IRQ c0=1
DMA IRQ c1=0
DMA IRQ c2=0
DMA IRQ c3=0
SELECT busy=8075
SELECT w0=8063
SELECT w1=4191
SELECT w2=4561
BUSY TASK ewma=997
DMA IRQ c0=1
DMA IRQ c1=0
DMA IRQ c2=0
DMA IRQ c3=0
SELECT busy=8094
SELECT w0=8081
SELECT w1=4198
SELECT w2=4569
BUSY TASK ewma=997
DMA IRQ c0=1
DMA IRQ c1=0
DMA IRQ c2=0
DMA IRQ c3=0
SELECT busy=8104
SELECT w0=8092
SELECT w1=4204
SELECT w2=4576
BUSY TASK ewma=997
DMA IRQ c0=1
DMA IRQ c1=0
DMA IRQ c2=0
DMA IRQ c3=0
SELECT busy=8134
SELECT w0=8121
SELECT w1=4216
SELECT w2=4590
BUSY TASK ewma=997
DMA IRQ c0=1
DMA IRQ c1=0
DMA IRQ c2=0
DMA IRQ c3=0
SELECT busy=8165
SELECT w0=8152
SELECT w1=4227
SELECT w2=4606
BUSY TASK ewma=997
DMA IRQ c0=1
DMA IRQ c1=0
DMA IRQ c2=0
DMA IRQ c3=0
SELECT busy=8199
SELECT w0=8187
SELECT w1=4240
SELECT w2=4626
BUSY TASK ewma=997
DMA IRQ c0=1
DMA IRQ c1=0
DMA IRQ c2=0
DMA IRQ c3=0
SELECT busy=8233
SELECT w0=8220
SELECT w1=4257
SELECT w2=4647
BUSY TASK ewma=997
DMA IRQ c0=1
DMA IRQ c1=0
DMA IRQ c2=0
DMA IRQ c3=0
SELECT busy=8269
SELECT w0=8256
SELECT w1=4271
SELECT w2=4662
BUSY TASK ewma=997
DMA IRQ c0=1
DMA IRQ c1=0
DMA IRQ c2=0
DMA IRQ c3=0
SELECT busy=8300
SELECT w0=8288
SELECT w1=4282
SELECT w2=4678
BUSY TASK ewma=997
DMA IRQ c0=1
DMA IRQ c1=0
DMA IRQ c2=0
DMA IRQ c3=0
SELECT busy=8326
SELECT w0=8314
SELECT w1=4294
SELECT w2=4693
BUSY TASK ewma=997
DMA IRQ c0=1
DMA IRQ c1=0
DMA IRQ c2=0
DMA IRQ c3=0
SELECT busy=8355
SELECT w0=8342
SELECT w1=4306
SELECT w2=4706
BUSY TASK ewma=997
DMA IRQ c0=1
DMA IRQ c1=0
DMA IRQ c2=0
DMA IRQ c3=0
SELECT busy=8379
SELECT w0=8366
SELECT w1=4315
SELECT w2=4720
BUSY TASK ewma=997
DMA IRQ c0=1
DMA IRQ c1=0
DMA IRQ c2=0
DMA IRQ c3=0
SELECT busy=8399
SELECT w0=8386
SELECT w1=4323
SELECT w2=4731
BUSY TASK ewma=997
DMA IRQ c0=1
DMA IRQ c1=0
DMA IRQ c2=0
DMA IRQ c3=0
SELECT busy=8416
SELECT w0=8404
SELECT w1=4329
SELECT w2=4741
BUSY TASK ewma=997
DMA IRQ c0=1
DMA IRQ c1=0
DMA IRQ c2=0
DMA IRQ c3=0
SELECT busy=8437
SELECT w0=8424
SELECT w1=4335
SELECT w2=4750
BUSY TASK ewma=997
DMA IRQ c0=1
DMA IRQ c1=0
DMA IRQ c2=0
DMA IRQ c3=0
SELECT busy=8454
SELECT w0=8441
SELECT w1=4343
SELECT w2=4759
BUSY TASK ewma=997
DMA IRQ c0=1
DMA IRQ c1=0
DMA IRQ c2=0
DMA IRQ c3=0
SELECT busy=8475
SELECT w0=8464
SELECT w1=4356
SELECT w2=4772
BUSY TASK ewma=997
DMA IRQ c0=1
DMA IRQ c1=0
DMA IRQ c2=0
DMA IRQ c3=0
SELECT busy=8496
SELECT w0=8483
SELECT w1=4363
SELECT w2=4782
BUSY TASK ewma=997
DMA IRQ c0=1
DMA IRQ c1=0
DMA IRQ c2=0
DMA IRQ c3=0
SELECT busy=8515
SELECT w0=8503
SELECT w1=4376
SELECT w2=4795
BUSY TASK ewma=997
DMA IRQ c0=1
DMA IRQ c1=0
DMA IRQ c2=0
DMA IRQ c3=0
SELECT busy=8535
SELECT w0=8523
SELECT w1=4387
SELECT w2=4808
BUSY TASK ewma=997
DMA IRQ c0=1
DMA IRQ c1=0
DMA IRQ c2=0
DMA IRQ c3=0
SELECT busy=8552
SELECT w0=8539
SELECT w1=4394
SELECT w2=4816
BUSY TASK ewma=997
DMA IRQ c0=1
DMA IRQ c1=0
DMA IRQ c2=0
DMA IRQ c3=0
SELECT busy=8569
SELECT w0=8556
SELECT w1=4401
SELECT w2=4825
BUSY TASK ewma=997
DMA IRQ c0=1
DMA IRQ c1=0
DMA IRQ c2=0
DMA IRQ c3=0
SELECT busy=8589
SELECT w0=8576
SELECT w1=4411
SELECT w2=4836
BUSY TASK ewma=997
DMA IRQ c0=1
DMA IRQ c1=0
DMA IRQ c2=0
DMA IRQ c3=0
SELECT busy=8614
SELECT w0=8602
SELECT w1=4425
SELECT w2=4853
BUSY TASK ewma=997
DMA IRQ c0=1
DMA IRQ c1=0
DMA IRQ c2=0
DMA IRQ c3=0
SELECT busy=8647
SELECT w0=8635
SELECT w1=4439
SELECT w2=4872
BUSY TASK ewma=997
DMA IRQ c0=1
DMA IRQ c1=0
DMA IRQ c2=0
DMA IRQ c3=0
SELECT busy=8673
SELECT w0=8660
SELECT w1=4449
SELECT w2=4885
BUSY TASK ewma=997
DMA IRQ c0=1
DMA IRQ c1=0
DMA IRQ c2=0
DMA IRQ c3=0
SELECT busy=8687
SELECT w0=8675
SELECT w1=4455
SELECT w2=4891
BUSY TASK ewma=997
DMA IRQ c0=1
DMA IRQ c1=0
DMA IRQ c2=0
DMA IRQ c3=0
SELECT busy=8708
SELECT w0=8696
SELECT w1=4465
SELECT w2=4905
BUSY TASK ewma=997
DMA IRQ c0=1
DMA IRQ c1=0
DMA IRQ c2=0
DMA IRQ c3=0
SELECT busy=8725
SELECT w0=8712
SELECT w1=4473
SELECT w2=4915
BUSY TASK ewma=997
DMA IRQ c0=1
DMA IRQ c1=0
DMA IRQ c2=0
DMA IRQ c3=0
SELECT busy=8751
SELECT w0=8739
SELECT w1=4484
SELECT w2=4929
BUSY TASK ewma=997
DMA IRQ c0=1
DMA IRQ c1=0
DMA IRQ c2=0
DMA IRQ c3=0
SELECT busy=8772
SELECT w0=8760
SELECT w1=4495
SELECT w2=4939
BUSY TASK ewma=997
DMA IRQ c0=1
DMA IRQ c1=0
DMA IRQ c2=0
DMA IRQ c3=0
SELECT busy=8793
SELECT w0=8780
SELECT w1=4501
SELECT w2=4948
BUSY TASK ewma=997
DMA IRQ c0=1
DMA IRQ c1=0
DMA IRQ c2=0
DMA IRQ c3=0
SELECT busy=8811
SELECT w0=8798
SELECT w1=4511
SELECT w2=4958
BUSY TASK ewma=997
DMA IRQ c0=1
DMA IRQ c1=0
DMA IRQ c2=0
DMA IRQ c3=0
SELECT busy=8829
SELECT w0=8816
SELECT w1=4518
SELECT w2=4967
BUSY TASK ewma=997
DMA IRQ c0=1
DMA IRQ c1=0
DMA IRQ c2=0
DMA IRQ c3=0
SELECT busy=8842
SELECT w0=8830
SELECT w1=4525
SELECT w2=4976
BUSY TASK ewma=997
DMA IRQ c0=1
DMA IRQ c1=0
DMA IRQ c2=0
DMA IRQ c3=0
SELECT busy=8862
SELECT w0=8849
SELECT w1=4535
SELECT w2=4987
BUSY TASK ewma=997
DMA IRQ c0=1
DMA IRQ c1=0
DMA IRQ c2=0
DMA IRQ c3=0
SELECT busy=8895
SELECT w0=8883
SELECT w1=4553
SELECT w2=5010
BUSY TASK ewma=997
DMA IRQ c0=1
DMA IRQ c1=0
DMA IRQ c2=0
DMA IRQ c3=0
SELECT busy=8920
SELECT w0=8908
SELECT w1=4564
SELECT w2=5021
BUSY TASK ewma=997
DMA IRQ c0=1
DMA IRQ c1=0
DMA IRQ c2=0
DMA IRQ c3=0
SELECT busy=8938
SELECT w0=8926
SELECT w1=4571
SELECT w2=5028
BUSY TASK ewma=997
DMA IRQ c0=1
DMA IRQ c1=0
DMA IRQ c2=0
DMA IRQ c3=0
SELECT busy=8956
SELECT w0=8944
SELECT w1=4576
SELECT w2=5036
BUSY TASK ewma=997
DMA IRQ c0=1
DMA IRQ c1=0
DMA IRQ c2=0
DMA IRQ c3=0
SELECT busy=8978
SELECT w0=8965
SELECT w1=4588
SELECT w2=5048
BUSY TASK ewma=997
DMA IRQ c0=1
DMA IRQ c1=0
DMA IRQ c2=0
DMA IRQ c3=0
SELECT busy=9003
SELECT w0=8991
SELECT w1=4600
SELECT w2=5065
BUSY TASK ewma=997
DMA IRQ c0=1
DMA IRQ c1=0
DMA IRQ c2=0
DMA IRQ c3=0
SELECT busy=9037
SELECT w0=9025
SELECT w1=4611
SELECT w2=5081
BUSY TASK ewma=997
DMA IRQ c0=1
DMA IRQ c1=0
DMA IRQ c2=0
DMA IRQ c3=0
SELECT busy=9070
SELECT w0=9059
SELECT w1=4626
SELECT w2=5101
BUSY TASK ewma=997
DMA IRQ c0=1
DMA IRQ c1=0
DMA IRQ c2=0
DMA IRQ c3=0
SELECT busy=9114
SELECT w0=9102
SELECT w1=4643
SELECT w2=5122
BUSY TASK ewma=997
DMA IRQ c0=1
DMA IRQ c1=0
DMA IRQ c2=0
DMA IRQ c3=0
SELECT busy=9147
SELECT w0=9136
SELECT w1=4657
SELECT w2=5135
BUSY TASK ewma=997
DMA IRQ c0=1
DMA IRQ c1=0
DMA IRQ c2=0
DMA IRQ c3=0
SELECT busy=9180
SELECT w0=9168
SELECT w1=4671
SELECT w2=5151
BUSY TASK ewma=997
DMA IRQ c0=1
DMA IRQ c1=0
DMA IRQ c2=0
DMA IRQ c3=0
SELECT busy=9201
SELECT w0=9189
SELECT w1=4681
SELECT w2=5161
BUSY TASK ewma=997
DMA IRQ c0=1
DMA IRQ c1=0
DMA IRQ c2=0
DMA IRQ c3=0
SELECT busy=9228
SELECT w0=9216
SELECT w1=4693
SELECT w2=5178
BUSY TASK ewma=997
DMA IRQ c0=1
DMA IRQ c1=0
DMA IRQ c2=0
DMA IRQ c3=0
SELECT busy=9262
SELECT w0=9254
SELECT w1=4710
SELECT w2=5198
BUSY TASK ewma=997
DMA IRQ c0=1
DMA IRQ c1=0
DMA IRQ c2=0
DMA IRQ c3=0
SELECT busy=9300
SELECT w0=9287
SELECT w1=4724
SELECT w2=5215
BUSY TASK ewma=997
DMA IRQ c0=1
DMA IRQ c1=0
DMA IRQ c2=0
DMA IRQ c3=0
SELECT busy=9338
SELECT w0=9326
SELECT w1=4740
SELECT w2=5237
BUSY TASK ewma=997
DMA IRQ c0=1
DMA IRQ c1=0
DMA IRQ c2=0
DMA IRQ c3=0
SELECT busy=9381
SELECT w0=9369
SELECT w1=4757
SELECT w2=5261
BUSY TASK ewma=997
DMA IRQ c0=1
DMA IRQ c1=0
DMA IRQ c2=0
DMA IRQ c3=0
SELECT busy=9430
SELECT w0=9417
SELECT w1=4777
SELECT w2=5289
BUSY TASK ewma=997
DMA IRQ c0=1
DMA IRQ c1=0
DMA IRQ c2=0
DMA IRQ c3=0
SELECT busy=9455
SELECT w0=9443
SELECT w1=4790
SELECT w2=5305
BUSY TASK ewma=997
DMA IRQ c0=1
DMA IRQ c1=0
DMA IRQ c2=0
DMA IRQ c3=0
SELECT busy=9486
SELECT w0=9477
SELECT w1=4804
SELECT w2=5323
BUSY TASK ewma=997
DMA IRQ c0=1
DMA IRQ c1=0
DMA IRQ c2=0
DMA IRQ c3=0
SELECT busy=9518
SELECT w0=9506
SELECT w1=4817
SELECT w2=5340
BUSY TASK ewma=997
DMA IRQ c0=1
DMA IRQ c1=0
DMA IRQ c2=0
DMA IRQ c3=0
SELECT busy=9545
SELECT w0=9532
SELECT w1=4831
SELECT w2=5358
BUSY TASK ewma=997
DMA IRQ c0=1
DMA IRQ c1=0
DMA IRQ c2=0
DMA IRQ c3=0
SELECT busy=9565
SELECT w0=9555
SELECT w1=4841
SELECT w2=5369
BUSY TASK ewma=997
DMA IRQ c0=1
DMA IRQ c1=0
DMA IRQ c2=0
DMA IRQ c3=0
SELECT busy=9584
SELECT w0=9572
SELECT w1=4850
SELECT w2=5382
BUSY TASK ewma=997
IRQ counts: cpu0=19192 cpu1=21511 cpu2=21392 cpu3=21379
SCHED secondaries: calls=64296 unexpected=0
SECTEST switches=64245 cpu1=196647143,193227708 cpu2=173269617,171360348 cpu3=239579994,224383062
PINGPONG rounds=2000 pongs=2000
DMA IRQ c0=1
DMA IRQ c1=0
DMA IRQ c2=0
DMA IRQ c3=0
SELECT busy=9612
SELECT w0=9600
SELECT w1=4866
SELECT w2=5401
BUSY TASK ewma=997
DMA IRQ c0=1
DMA IRQ c1=0
DMA IRQ c2=0
DMA IRQ c3=0
SELECT busy=9634
SELECT w0=9621
SELECT w1=4876
SELECT w2=5413
BUSY TASK ewma=997
DMA IRQ c0=1
DMA IRQ c1=0
DMA IRQ c2=0
DMA IRQ c3=0
SELECT busy=9657
SELECT w0=9645
SELECT w1=4890
SELECT w2=5429
BUSY TASK ewma=997
DMA IRQ c0=1
DMA IRQ c1=0
DMA IRQ c2=0
DMA IRQ c3=0
SELECT busy=9678
SELECT w0=9666
SELECT w1=4902
SELECT w2=5442
BUSY TASK ewma=997
DMA IRQ c0=1
DMA IRQ c1=0
DMA IRQ c2=0
DMA IRQ c3=0
SELECT busy=9701
SELECT w0=9688
SELECT w1=4911
SELECT w2=5454
BUSY TASK ewma=997
DMA IRQ c0=1
DMA IRQ c1=0
DMA IRQ c2=0
DMA IRQ c3=0
SELECT busy=9725
SELECT w0=9712
SELECT w1=4920
SELECT w2=5465
BUSY TASK ewma=997
DMA IRQ c0=1
DMA IRQ c1=0
DMA IRQ c2=0
DMA IRQ c3=0
SELECT busy=9751
SELECT w0=9740
SELECT w1=4935
SELECT w2=5481
BUSY TASK ewma=997
DMA IRQ c0=1
DMA IRQ c1=0
DMA IRQ c2=0
DMA IRQ c3=0
SELECT busy=9777
SELECT w0=9765
SELECT w1=4946
SELECT w2=5494
BUSY TASK ewma=997
DMA IRQ c0=1
DMA IRQ c1=0
DMA IRQ c2=0
DMA IRQ c3=0
SELECT busy=9800
SELECT w0=9790
SELECT w1=4960
SELECT w2=5507
BUSY TASK ewma=997
DMA IRQ c0=1
DMA IRQ c1=0
DMA IRQ c2=0
DMA IRQ c3=0
SELECT busy=9822
SELECT w0=9810
SELECT w1=4972
SELECT w2=5519
BUSY TASK ewma=997
DMA IRQ c0=1
DMA IRQ c1=0
DMA IRQ c2=0
DMA IRQ c3=0
SELECT busy=9848
SELECT w0=9835
SELECT w1=4986
SELECT w2=5532
BUSY TASK ewma=997
DMA IRQ c0=1
DMA IRQ c1=0
DMA IRQ c2=0
DMA IRQ c3=0
SELECT busy=9868
SELECT w0=9855
SELECT w1=4994
SELECT w2=5543
BUSY TASK ewma=997
DMA IRQ c0=1
DMA IRQ c1=0
DMA IRQ c2=0
DMA IRQ c3=0
SELECT busy=9888
SELECT w0=9875
SELECT w1=5002
SELECT w2=5552
BUSY TASK ewma=997
DMA IRQ c0=1
DMA IRQ c1=0
DMA IRQ c2=0
DMA IRQ c3=0
SELECT busy=9906
SELECT w0=9893
SELECT w1=5010
SELECT w2=5561
BUSY TASK ewma=997
DMA IRQ c0=1
DMA IRQ c1=0
DMA IRQ c2=0
DMA IRQ c3=0
SELECT busy=9923
SELECT w0=9910
SELECT w1=5017
SELECT w2=5569
BUSY TASK ewma=997
DMA IRQ c0=1
DMA IRQ c1=0
DMA IRQ c2=0
DMA IRQ c3=0
SELECT busy=9941
SELECT w0=9929
SELECT w1=5023
SELECT w2=5577
BUSY TASK ewma=997
DMA IRQ c0=1
DMA IRQ c1=0
DMA IRQ c2=0
DMA IRQ c3=0
SELECT busy=9960
SELECT w0=9948
SELECT w1=5032
SELECT w2=5590
BUSY TASK ewma=997
DMA IRQ c0=1
DMA IRQ c1=0
DMA IRQ c2=0
DMA IRQ c3=0
SELECT busy=9985
SELECT w0=9973
SELECT w1=5045
SELECT w2=5604
BUSY TASK ewma=997
DMA IRQ c0=1
DMA IRQ c1=0
DMA IRQ c2=0
DMA IRQ c3=0
SELECT busy=10009
SELECT w0=9997
SELECT w1=5056
SELECT w2=5621
BUSY TASK ewma=997
DMA IRQ c0=1
DMA IRQ c1=0
DMA IRQ c2=0
DMA IRQ c3=0
SELECT busy=10029
SELECT w0=10017
SELECT w1=5064
SELECT w2=5629
BUSY TASK ewma=997
DMA IRQ c0=1
DMA IRQ c1=0
DMA IRQ c2=0
DMA IRQ c3=0
SELECT busy=10047
SELECT w0=10034
SELECT w1=5071
SELECT w2=5638
BUSY TASK ewma=997
DMA IRQ c0=1
DMA IRQ c1=0
DMA IRQ c2=0
DMA IRQ c3=0
SELECT busy=10077
SELECT w0=10069
SELECT w1=5087
SELECT w2=5656
BUSY TASK ewma=997
DMA IRQ c0=1
DMA IRQ c1=0
DMA IRQ c2=0
DMA IRQ c3=0
SELECT busy=10110
SELECT w0=10098
SELECT w1=5100
SELECT w2=5671
BUSY TASK ewma=997
DMA IRQ c0=1
DMA IRQ c1=0
DMA IRQ c2=0
DMA IRQ c3=0
SELECT busy=10125
SELECT w0=10113
SELECT w1=5108
SELECT w2=5681
BUSY TASK ewma=997
DMA IRQ c0=1
DMA IRQ c1=0
DMA IRQ c2=0
DMA IRQ c3=0
SELECT busy=10145
SELECT w0=10132
SELECT w1=5114
SELECT w2=5689
BUSY TASK ewma=997
DMA IRQ c0=1
DMA IRQ c1=0
DMA IRQ c2=0
DMA IRQ c3=0
SELECT busy=10161
SELECT w0=10149
SELECT w1=5123
SELECT w2=5703
BUSY TASK ewma=997
DMA IRQ c0=1
DMA IRQ c1=0
DMA IRQ c2=0
DMA IRQ c3=0
SELECT busy=10186
SELECT w0=10175
SELECT w1=5137
SELECT w2=5721
BUSY TASK ewma=997
DMA IRQ c0=1
DMA IRQ c1=0
DMA IRQ c2=0
DMA IRQ c3=0
SELECT busy=10233
SELECT w0=10221
SELECT w1=5159
SELECT w2=5748
BUSY TASK ewma=997
DMA IRQ c0=1
DMA IRQ c1=0
DMA IRQ c2=0
DMA IRQ c3=0
SELECT busy=10269
SELECT w0=10257
SELECT w1=5174
SELECT w2=5768
BUSY TASK ewma=997
DMA IRQ c0=1
DMA IRQ c1=0
DMA IRQ c2=0
DMA IRQ c3=0
SELECT busy=10301
SELECT w0=10289
SELECT w1=5189
SELECT w2=5788
BUSY TASK ewma=997
DMA IRQ c0=1
DMA IRQ c1=0
DMA IRQ c2=0
DMA IRQ c3=0
SELECT busy=10338
SELECT w0=10326
SELECT w1=5209
SELECT w2=5814
BUSY TASK ewma=997
DMA IRQ c0=1
DMA IRQ c1=0
DMA IRQ c2=0
DMA IRQ c3=0
SELECT busy=10375
SELECT w0=10362
SELECT w1=5224
SELECT w2=5833
BUSY TASK ewma=997
DMA IRQ c0=1
DMA IRQ c1=0
DMA IRQ c2=0
DMA IRQ c3=0
SELECT busy=10403
SELECT w0=10390
SELECT w1=5237
SELECT w2=5849
BUSY TASK ewma=997
DMA IRQ c0=1
DMA IRQ c1=0
DMA IRQ c2=0
DMA IRQ c3=0
SELECT busy=10434
SELECT w0=10421
SELECT w1=5251
SELECT w2=5868
BUSY TASK ewma=997
DMA IRQ c0=1
DMA IRQ c1=0
DMA IRQ c2=0
DMA IRQ c3=0
SELECT busy=10470
SELECT w0=10458
SELECT w1=5267
SELECT w2=5888
BUSY TASK ewma=997
DMA IRQ c0=1
DMA IRQ c1=0
DMA IRQ c2=0
DMA IRQ c3=0
SELECT busy=10495
SELECT w0=10483
SELECT w1=5278
SELECT w2=5906
BUSY TASK ewma=997
DMA IRQ c0=1
DMA IRQ c1=0
DMA IRQ c2=0
DMA IRQ c3=0
SELECT busy=10512
SELECT w0=10500
SELECT w1=5288
SELECT w2=5917
BUSY TASK ewma=997
DMA IRQ c0=1
DMA IRQ c1=0
DMA IRQ c2=0
DMA IRQ c3=0
SELECT busy=10527
SELECT w0=10515
SELECT w1=5297
SELECT w2=5925
BUSY TASK ewma=997
DMA IRQ c0=1
DMA IRQ c1=0
DMA IRQ c2=0
DMA IRQ c3=0
SELECT busy=10548
SELECT w0=10536
SELECT w1=5307
SELECT w2=5939
BUSY TASK ewma=997
DMA IRQ c0=1
DMA IRQ c1=0
DMA IRQ c2=0
DMA IRQ c3=0
SELECT busy=10566
SELECT w0=10554
SELECT w1=5316
SELECT w2=5951
BUSY TASK ewma=997
DMA IRQ c0=1
DMA IRQ c1=0
DMA IRQ c2=0
DMA IRQ c3=0
SELECT busy=10579
SELECT w0=10567
SELECT w1=5323
SELECT w2=5959
BUSY TASK ewma=997
DMA IRQ c0=1
DMA IRQ c1=0
DMA IRQ c2=0
DMA IRQ c3=0
SELECT busy=10603
SELECT w0=10590
SELECT w1=5338
SELECT w2=5977
BUSY TASK ewma=997
DMA IRQ c0=1
DMA IRQ c1=0
DMA IRQ c2=0
DMA IRQ c3=0
SELECT busy=10624
SELECT w0=10612
SELECT w1=5348
SELECT w2=5988
BUSY TASK ewma=997
DMA IRQ c0=1
DMA IRQ c1=0
DMA IRQ c2=0
DMA IRQ c3=0
SELECT busy=10637
SELECT w0=10624
SELECT w1=5353
SELECT w2=5995
BUSY TASK ewma=997
DMA IRQ c0=1
DMA IRQ c1=0
DMA IRQ c2=0
DMA IRQ c3=0
SELECT busy=10658
SELECT w0=10645
SELECT w1=5362
SELECT w2=6005
BUSY TASK ewma=997
DMA IRQ c0=1
DMA IRQ c1=0
DMA IRQ c2=0
DMA IRQ c3=0
SELECT busy=10677
SELECT w0=10665
SELECT w1=5376
SELECT w2=6024
BUSY TASK ewma=997
DMA IRQ c0=1
DMA IRQ c1=0
DMA IRQ c2=0
DMA IRQ c3=0
SELECT busy=10703
SELECT w0=10690
SELECT w1=5387
SELECT w2=6036
BUSY TASK ewma=997
DMA IRQ c0=1
DMA IRQ c1=0
DMA IRQ c2=0
DMA IRQ c3=0
SELECT busy=10736
SELECT w0=10724
SELECT w1=5400
SELECT w2=6050
BUSY TASK ewma=997
DMA IRQ c0=1
DMA IRQ c1=0
DMA IRQ c2=0
DMA IRQ c3=0
SELECT busy=10760
SELECT w0=10748
SELECT w1=5410
SELECT w2=6063
BUSY TASK ewma=997
DMA IRQ c0=1
DMA IRQ c1=0
DMA IRQ c2=0
DMA IRQ c3=0
SELECT busy=10790
SELECT w0=10778
SELECT w1=5422
SELECT w2=6078
BUSY TASK ewma=997
DMA IRQ c0=1
DMA IRQ c1=0
DMA IRQ c2=0
DMA IRQ c3=0
SELECT busy=10822
SELECT w0=10810
SELECT w1=5439
SELECT w2=6098
BUSY TASK ewma=997
DMA IRQ c0=1
DMA IRQ c1=0
DMA IRQ c2=0
DMA IRQ c3=0
SELECT busy=10864
SELECT w0=10852
SELECT w1=5462
SELECT w2=6125
BUSY TASK ewma=997
DMA IRQ c0=1
DMA IRQ c1=0
DMA IRQ c2=0
DMA IRQ c3=0
SELECT busy=10884
SELECT w0=10871
SELECT w1=5469
SELECT w2=6133
BUSY TASK ewma=997
DMA IRQ c0=1
DMA IRQ c1=0
DMA IRQ c2=0
DMA IRQ c3=0
SELECT busy=10903
SELECT w0=10891
SELECT w1=5475
SELECT w2=6139
BUSY TASK ewma=997
DMA IRQ c0=1
DMA IRQ c1=0
DMA IRQ c2=0
DMA IRQ c3=0
SELECT busy=10927
SELECT w0=10915
SELECT w1=5487
SELECT w2=6156
BUSY TASK ewma=997
DMA IRQ c0=1
DMA IRQ c1=0
DMA IRQ c2=0
DMA IRQ c3=0
SELECT busy=10945
SELECT w0=10933
SELECT w1=5496
SELECT w2=6169
BUSY TASK ewma=997
DMA IRQ c0=1
DMA IRQ c1=0
DMA IRQ c2=0
DMA IRQ c3=0
SELECT busy=10968
SELECT w0=10955
SELECT w1=5507
SELECT w2=6181
BUSY TASK ewma=997
DMA IRQ c0=1
DMA IRQ c1=0
DMA IRQ c2=0
DMA IRQ c3=0
SELECT busy=10985
SELECT w0=10972
SELECT w1=5514
SELECT w2=6191
BUSY TASK ewma=997
DMA IRQ c0=1
DMA IRQ c1=0
DMA IRQ c2=0
DMA IRQ c3=0
SELECT busy=11002
SELECT w0=10990
SELECT w1=5520
SELECT w2=6198
BUSY TASK ewma=997
DMA IRQ c0=1
DMA IRQ c1=0
DMA IRQ c2=0
DMA IRQ c3=0
SELECT busy=11019
SELECT w0=11007
SELECT w1=5528
SELECT w2=6209
BUSY TASK ewma=997
DMA IRQ c0=1
DMA IRQ c1=0
DMA IRQ c2=0
DMA IRQ c3=0
SELECT busy=11041
SELECT w0=11029
SELECT w1=5540
SELECT w2=6224
BUSY TASK ewma=997
DMA IRQ c0=1
DMA IRQ c1=0
DMA IRQ c2=0
DMA IRQ c3=0
SELECT busy=11061
SELECT w0=11050
SELECT w1=5552
SELECT w2=6240
BUSY TASK ewma=997
DMA IRQ c0=1
DMA IRQ c1=0
DMA IRQ c2=0
DMA IRQ c3=0
SELECT busy=11081
SELECT w0=11069
SELECT w1=5562
SELECT w2=6252
BUSY TASK ewma=997
DMA IRQ c0=1
DMA IRQ c1=0
DMA IRQ c2=0
DMA IRQ c3=0
SELECT busy=11099
SELECT w0=11088
SELECT w1=5569
SELECT w2=6262
BUSY TASK ewma=997
IRQ counts: cpu0=22216 cpu1=25095 cpu2=24901 cpu3=24953
SCHED secondaries: calls=74956 unexpected=0
SECTEST switches=74907 cpu1=230270600,225889433 cpu2=203635006,203101593 cpu3=282938835,268292814
PINGPONG rounds=2000 pongs=2000
DMA IRQ c0=1
DMA IRQ c1=0
DMA IRQ c2=0
DMA IRQ c3=0
SELECT busy=11128
SELECT w0=11116
SELECT w1=5584
SELECT w2=6278
BUSY TASK ewma=997
DMA IRQ c0=1
DMA IRQ c1=0
DMA IRQ c2=0
DMA IRQ c3=0
SELECT busy=11143
SELECT w0=11131
SELECT w1=5591
SELECT w2=6287
BUSY TASK ewma=997
DMA IRQ c0=1
DMA IRQ c1=0
DMA IRQ c2=0
DMA IRQ c3=0
SELECT busy=11159
SELECT w0=11147
SELECT w1=5598
SELECT w2=6296
BUSY TASK ewma=997
DMA IRQ c0=1
DMA IRQ c1=0
DMA IRQ c2=0
DMA IRQ c3=0
SELECT busy=11170
SELECT w0=11158
SELECT w1=5605
SELECT w2=6303
BUSY TASK ewma=997
DMA IRQ c0=1
DMA IRQ c1=0
DMA IRQ c2=0
DMA IRQ c3=0
SELECT busy=11186
SELECT w0=11173
SELECT w1=5613
SELECT w2=6311
BUSY TASK ewma=997
DMA IRQ c0=1
DMA IRQ c1=0
DMA IRQ c2=0
DMA IRQ c3=0
SELECT busy=11200
SELECT w0=11188
SELECT w1=5621
SELECT w2=6320
BUSY TASK ewma=997
DMA IRQ c0=1
DMA IRQ c1=0
DMA IRQ c2=0
DMA IRQ c3=0
SELECT busy=11213
SELECT w0=11201
SELECT w1=5628
SELECT w2=6328
BUSY TASK ewma=997
DMA IRQ c0=1
DMA IRQ c1=0
DMA IRQ c2=0
DMA IRQ c3=0
SELECT busy=11241
SELECT w0=11228
SELECT w1=5639
SELECT w2=6343
BUSY TASK ewma=997
DMA IRQ c0=1
DMA IRQ c1=0
DMA IRQ c2=0
DMA IRQ c3=0
SELECT busy=11277
SELECT w0=11265
SELECT w1=5658
SELECT w2=6365
BUSY TASK ewma=997
DMA IRQ c0=1
DMA IRQ c1=0
DMA IRQ c2=0
DMA IRQ c3=0
SELECT busy=11305
SELECT w0=11292
SELECT w1=5668
SELECT w2=6377
BUSY TASK ewma=997
DMA IRQ c0=1
DMA IRQ c1=0
DMA IRQ c2=0
DMA IRQ c3=0
SELECT busy=11330
SELECT w0=11318
SELECT w1=5680
SELECT w2=6394
BUSY TASK ewma=997
DMA IRQ c0=1
DMA IRQ c1=0
DMA IRQ c2=0
DMA IRQ c3=0
SELECT busy=11362
SELECT w0=11350
SELECT w1=5691
SELECT w2=6410
BUSY TASK ewma=997
DMA IRQ c0=1
DMA IRQ c1=0
DMA IRQ c2=0
DMA IRQ c3=0
SELECT busy=11398
SELECT w0=11386
SELECT w1=5705
SELECT w2=6430
BUSY TASK ewma=997
DMA IRQ c0=1
DMA IRQ c1=0
DMA IRQ c2=0
DMA IRQ c3=0
SELECT busy=11429
SELECT w0=11417
SELECT w1=5721
SELECT w2=6451
BUSY TASK ewma=997
DMA IRQ c0=1
DMA IRQ c1=0
DMA IRQ c2=0
DMA IRQ c3=0
SELECT busy=11459
SELECT w0=11447
SELECT w1=5736
SELECT w2=6466
BUSY TASK ewma=997
DMA IRQ c0=1
DMA IRQ c1=0
DMA IRQ c2=0
DMA IRQ c3=0
SELECT busy=11494
SELECT w0=11482
SELECT w1=5751
SELECT w2=6484
BUSY TASK ewma=997
DMA IRQ c0=1
DMA IRQ c1=0
DMA IRQ c2=0
DMA IRQ c3=0
SELECT busy=11519
SELECT w0=11507
SELECT w1=5763
SELECT w2=6501
BUSY TASK ewma=997
DMA IRQ c0=1
DMA IRQ c1=0
DMA IRQ c2=0
DMA IRQ c3=0
SELECT busy=11552
SELECT w0=11540
SELECT w1=5777
SELECT w2=6519
BUSY TASK ewma=997
DMA IRQ c0=1
DMA IRQ c1=0
DMA IRQ c2=0
DMA IRQ c3=0
SELECT busy=11582
SELECT w0=11569
SELECT w1=5789
SELECT w2=6535
BUSY TASK ewma=997
DMA IRQ c0=1
DMA IRQ c1=0
DMA IRQ c2=0
DMA IRQ c3=0
SELECT busy=11604
SELECT w0=11591
SELECT w1=5797
SELECT w2=6546
BUSY TASK ewma=997
DMA IRQ c0=1
DMA IRQ c1=0
DMA IRQ c2=0
DMA IRQ c3=0
SELECT busy=11627
SELECT w0=11615
SELECT w1=5810
SELECT w2=6558
BUSY TASK ewma=997
DMA IRQ c0=1
DMA IRQ c1=0
DMA IRQ c2=0
DMA IRQ c3=0
SELECT busy=11665
SELECT w0=11652
SELECT w1=5825
SELECT w2=6575
BUSY TASK ewma=997
DMA IRQ c0=1
DMA IRQ c1=0
DMA IRQ c2=0
DMA IRQ c3=0
SELECT busy=11703
SELECT w0=11691
SELECT w1=5841
SELECT w2=6595
BUSY TASK ewma=997
DMA IRQ c0=1
DMA IRQ c1=0
DMA IRQ c2=0
DMA IRQ c3=0
SELECT busy=11736
SELECT w0=11723
SELECT w1=5853
SELECT w2=6608
BUSY TASK ewma=997
DMA IRQ c0=1
DMA IRQ c1=0
DMA IRQ c2=0
DMA IRQ c3=0
SELECT busy=11766
SELECT w0=11754
SELECT w1=5869
SELECT w2=6626
BUSY TASK ewma=997
DMA IRQ c0=1
DMA IRQ c1=0
DMA IRQ c2=0
DMA IRQ c3=0
SELECT busy=11801
SELECT w0=11789
SELECT w1=5884
SELECT w2=6646
BUSY TASK ewma=997
DMA IRQ c0=1
DMA IRQ c1=0
DMA IRQ c2=0
DMA IRQ c3=0
SELECT busy=11824
SELECT w0=11811
SELECT w1=5893
SELECT w2=6656
BUSY TASK ewma=997
DMA IRQ c0=1
DMA IRQ c1=0
DMA IRQ c2=0
DMA IRQ c3=0
SELECT busy=11848
SELECT w0=11836
SELECT w1=5905
SELECT w2=6671
BUSY TASK ewma=997
DMA IRQ c0=1
DMA IRQ c1=0
DMA IRQ c2=0
DMA IRQ c3=0
SELECT busy=11871
SELECT w0=11859
SELECT w1=5916
SELECT w2=6685
BUSY TASK ewma=997
DMA IRQ c0=1
DMA IRQ c1=0
DMA IRQ c2=0
DMA IRQ c3=0
SELECT busy=11888
SELECT w0=11876
SELECT w1=5925
SELECT w2=6693
BUSY TASK ewma=997
DMA IRQ c0=1
DMA IRQ c1=0
DMA IRQ c2=0
DMA IRQ c3=0
SELECT busy=11906
SELECT w0=11894
SELECT w1=5934
SELECT w2=6706
BUSY TASK ewma=997
DMA IRQ c0=1
DMA IRQ c1=0
DMA IRQ c2=0
DMA IRQ c3=0
SELECT busy=11927
SELECT w0=11914
SELECT w1=5943
SELECT w2=6716
BUSY TASK ewma=997
DMA IRQ c0=1
DMA IRQ c1=0
DMA IRQ c2=0
DMA IRQ c3=0
SELECT busy=11945
SELECT w0=11932
SELECT w1=5952
SELECT w2=6731
BUSY TASK ewma=997
DMA IRQ c0=1
DMA IRQ c1=0
DMA IRQ c2=0
DMA IRQ c3=0
SELECT busy=11959
SELECT w0=11946
SELECT w1=5958
SELECT w2=6739
BUSY TASK ewma=997
DMA IRQ c0=1
DMA IRQ c1=0
DMA IRQ c2=0
DMA IRQ c3=0
SELECT busy=11973
SELECT w0=11962
SELECT w1=5964
SELECT w2=6747
BUSY TASK ewma=997
DMA IRQ c0=1
DMA IRQ c1=0
DMA IRQ c2=0
DMA IRQ c3=0
SELECT busy=11994
SELECT w0=11982
SELECT w1=5975
SELECT w2=6759
BUSY TASK ewma=997
DMA IRQ c0=1
DMA IRQ c1=0
DMA IRQ c2=0
DMA IRQ c3=0
SELECT busy=12024
SELECT w0=12011
SELECT w1=5984
SELECT w2=6773
BUSY TASK ewma=997
DMA IRQ c0=1
DMA IRQ c1=0
DMA IRQ c2=0
DMA IRQ c3=0
SELECT busy=12045
SELECT w0=12032
SELECT w1=5993
SELECT w2=6785
BUSY TASK ewma=997
DMA IRQ c0=1
DMA IRQ c1=0
DMA IRQ c2=0
DMA IRQ c3=0
SELECT busy=12091
SELECT w0=12079
SELECT w1=6013
SELECT w2=6809
BUSY TASK ewma=997
DMA IRQ c0=1
DMA IRQ c1=0
DMA IRQ c2=0
DMA IRQ c3=0
SELECT busy=12114
SELECT w0=12102
SELECT w1=6025
SELECT w2=6823
BUSY TASK ewma=997
DMA IRQ c0=1
DMA IRQ c1=0
DMA IRQ c2=0
DMA IRQ c3=0
SELECT busy=12138
SELECT w0=12126
SELECT w1=6036
SELECT w2=6836
BUSY TASK ewma=997
DMA IRQ c0=1
DMA IRQ c1=0
DMA IRQ c2=0
DMA IRQ c3=0
SELECT busy=12155
SELECT w0=12144
SELECT w1=6048
SELECT w2=6849
BUSY TASK ewma=997
DMA IRQ c0=1
DMA IRQ c1=0
DMA IRQ c2=0
DMA IRQ c3=0
SELECT busy=12174
SELECT w0=12161
SELECT w1=6056
SELECT w2=6857
BUSY TASK ewma=997
DMA IRQ c0=1
DMA IRQ c1=0
DMA IRQ c2=0
DMA IRQ c3=0
SELECT busy=12188
SELECT w0=12175
SELECT w1=6063
SELECT w2=6866
BUSY TASK ewma=997
DMA IRQ c0=1
DMA IRQ c1=0
DMA IRQ c2=0
DMA IRQ c3=0
SELECT busy=12207
SELECT w0=12195
SELECT w1=6071
SELECT w2=6877
BUSY TASK ewma=997
DMA IRQ c0=1
DMA IRQ c1=0
DMA IRQ c2=0
DMA IRQ c3=0
SELECT busy=12226
SELECT w0=12213
SELECT w1=6079
SELECT w2=6887
BUSY TASK ewma=997
DMA IRQ c0=1
DMA IRQ c1=0
DMA IRQ c2=0
DMA IRQ c3=0
SELECT busy=12243
SELECT w0=12230
SELECT w1=6087
SELECT w2=6896
BUSY TASK ewma=997
DMA IRQ c0=1
DMA IRQ c1=0
DMA IRQ c2=0
DMA IRQ c3=0
SELECT busy=12263
SELECT w0=12251
SELECT w1=6101
SELECT w2=6911
BUSY TASK ewma=997
DMA IRQ c0=1
DMA IRQ c1=0
DMA IRQ c2=0
DMA IRQ c3=0
SELECT busy=12276
SELECT w0=12264
SELECT w1=6106
SELECT w2=6918
BUSY TASK ewma=997
DMA IRQ c0=1
DMA IRQ c1=0
DMA IRQ c2=0
DMA IRQ c3=0
SELECT busy=12294
SELECT w0=12281
SELECT w1=6112
SELECT w2=6927
BUSY TASK ewma=997
DMA IRQ c0=1
DMA IRQ c1=0
DMA IRQ c2=0
DMA IRQ c3=0
SELECT busy=12314
SELECT w0=12301
SELECT w1=6118
SELECT w2=6935
BUSY TASK ewma=997
DMA IRQ c0=1
DMA IRQ c1=0
DMA IRQ c2=0
DMA IRQ c3=0
SELECT busy=12331
SELECT w0=12319
SELECT w1=6131
SELECT w2=6946
BUSY TASK ewma=997
DMA IRQ c0=1
DMA IRQ c1=0
DMA IRQ c2=0
DMA IRQ c3=0
SELECT busy=12351
SELECT w0=12339
SELECT w1=6141
SELECT w2=6959
BUSY TASK ewma=997
DMA IRQ c0=1
DMA IRQ c1=0
DMA IRQ c2=0
DMA IRQ c3=0
SELECT busy=12368
SELECT w0=12355
SELECT w1=6150
SELECT w2=6967
BUSY TASK ewma=997
DMA IRQ c0=1
DMA IRQ c1=0
DMA IRQ c2=0
DMA IRQ c3=0
SELECT busy=12389
SELECT w0=12376
SELECT w1=6156
SELECT w2=6975
BUSY TASK ewma=997
DMA IRQ c0=1
DMA IRQ c1=0
DMA IRQ c2=0
DMA IRQ c3=0
SELECT busy=12406
SELECT w0=12394
SELECT w1=6167
SELECT w2=6988
BUSY TASK ewma=997
DMA IRQ c0=1
DMA IRQ c1=0
DMA IRQ c2=0
DMA IRQ c3=0
SELECT busy=12425
SELECT w0=12413
SELECT w1=6177
SELECT w2=7000
BUSY TASK ewma=997
DMA IRQ c0=1
DMA IRQ c1=0
DMA IRQ c2=0
DMA IRQ c3=0
SELECT busy=12442
SELECT w0=12429
SELECT w1=6184
SELECT w2=7009
BUSY TASK ewma=997
DMA IRQ c0=1
DMA IRQ c1=0
DMA IRQ c2=0
DMA IRQ c3=0
SELECT busy=12462
SELECT w0=12450
SELECT w1=6191
SELECT w2=7018
BUSY TASK ewma=997
DMA IRQ c0=1
DMA IRQ c1=0
DMA IRQ c2=0
DMA IRQ c3=0
SELECT busy=12479
SELECT w0=12466
SELECT w1=6199
SELECT w2=7027
BUSY TASK ewma=997
DMA IRQ c0=1
DMA IRQ c1=0
DMA IRQ c2=0
DMA IRQ c3=0
SELECT busy=12499
SELECT w0=12486
SELECT w1=6206
SELECT w2=7036
BUSY TASK ewma=997
DMA IRQ c0=1
DMA IRQ c1=0
DMA IRQ c2=0
DMA IRQ c3=0
SELECT busy=12519
SELECT w0=12507
SELECT w1=6216
SELECT w2=7050
BUSY TASK ewma=997
DMA IRQ c0=1
DMA IRQ c1=0
DMA IRQ c2=0
DMA IRQ c3=0
SELECT busy=12538
SELECT w0=12526
SELECT w1=6224
SELECT w2=7061
BUSY TASK ewma=997
DMA IRQ c0=1
DMA IRQ c1=0
DMA IRQ c2=0
DMA IRQ c3=0
SELECT busy=12554
SELECT w0=12542
SELECT w1=6234
SELECT w2=7071
BUSY TASK ewma=997
IRQ counts: cpu0=25134 cpu1=28424 cpu2=28143 cpu3=28327
SCHED secondaries: calls=84908 unexpected=0
SECTEST switches=84884 cpu1=259049241,254533670 cpu2=230987729,230442803 cpu3=321317846,305840420
PINGPONG rounds=2000 pongs=2000
DMA IRQ c0=1
DMA IRQ c1=0
DMA IRQ c2=0
DMA IRQ c3=0
SELECT busy=12592
SELECT w0=12580
SELECT w1=6257
SELECT w2=7095
BUSY TASK ewma=997
DMA IRQ c0=1
DMA IRQ c1=0
DMA IRQ c2=0
DMA IRQ c3=0
SELECT busy=12611
SELECT w0=12599
SELECT w1=6268
SELECT w2=7108
BUSY TASK ewma=997
DMA IRQ c0=1
DMA IRQ c1=0
DMA IRQ c2=0
DMA IRQ c3=0
SELECT busy=12627
SELECT w0=12615
SELECT w1=6276
SELECT w2=7118
BUSY TASK ewma=997
DMA IRQ c0=1
DMA IRQ c1=0
DMA IRQ c2=0
DMA IRQ c3=0
SELECT busy=12647
SELECT w0=12635
SELECT w1=6282
SELECT w2=7126
BUSY TASK ewma=997
DMA IRQ c0=1
DMA IRQ c1=0
DMA IRQ c2=0
DMA IRQ c3=0
SELECT busy=12660
SELECT w0=12648
SELECT w1=6286
SELECT w2=7132
BUSY TASK ewma=997
DMA IRQ c0=1
DMA IRQ c1=0
DMA IRQ c2=0
DMA IRQ c3=0
SELECT busy=12679
SELECT w0=12667
SELECT w1=6295
SELECT w2=7145
BUSY TASK ewma=997
DMA IRQ c0=1
DMA IRQ c1=0
DMA IRQ c2=0
DMA IRQ c3=0
SELECT busy=12709
SELECT w0=12697
SELECT w1=6309
SELECT w2=7160
BUSY TASK ewma=997
DMA IRQ c0=1
DMA IRQ c1=0
DMA IRQ c2=0
DMA IRQ c3=0
SELECT busy=12746
SELECT w0=12734
SELECT w1=6325
SELECT w2=7176
BUSY TASK ewma=997
DMA IRQ c0=1
DMA IRQ c1=0
DMA IRQ c2=0
DMA IRQ c3=0
SELECT busy=12776
SELECT w0=12764
SELECT w1=6342
SELECT w2=7196
BUSY TASK ewma=997
DMA IRQ c0=1
DMA IRQ c1=0
DMA IRQ c2=0
DMA IRQ c3=0
SELECT busy=12804
SELECT w0=12792
SELECT w1=6358
SELECT w2=7214
BUSY TASK ewma=997
DMA IRQ c0=1
DMA IRQ c1=0
DMA IRQ c2=0
DMA IRQ c3=0
SELECT busy=12837
SELECT w0=12824
SELECT w1=6376
SELECT w2=7231
BUSY TASK ewma=997
DMA IRQ c0=1
DMA IRQ c1=0
DMA IRQ c2=0
DMA IRQ c3=0
SELECT busy=12870
SELECT w0=12858
SELECT w1=6393
SELECT w2=7248
BUSY TASK ewma=997
DMA IRQ c0=1
DMA IRQ c1=0
DMA IRQ c2=0
DMA IRQ c3=0
SELECT busy=12917
SELECT w0=12904
SELECT w1=6416
SELECT w2=7271
BUSY TASK ewma=997
DMA IRQ c0=1
DMA IRQ c1=0
DMA IRQ c2=0
DMA IRQ c3=0
SELECT busy=12936
SELECT w0=12924
SELECT w1=6425
SELECT w2=7283
BUSY TASK ewma=997
DMA IRQ c0=1
DMA IRQ c1=0
DMA IRQ c2=0
DMA IRQ c3=0
SELECT busy=12954
SELECT w0=12942
SELECT w1=6432
SELECT w2=7293
BUSY TASK ewma=997
DMA IRQ c0=1
DMA IRQ c1=0
DMA IRQ c2=0
DMA IRQ c3=0
SELECT busy=12975
SELECT w0=12962
SELECT w1=6440
SELECT w2=7303
BUSY TASK ewma=997
DMA IRQ c0=1
DMA IRQ c1=0
DMA IRQ c2=0
DMA IRQ c3=0
SELECT busy=13000
SELECT w0=12988
SELECT w1=6452
SELECT w2=7320
BUSY TASK ewma=997
DMA IRQ c0=1
DMA IRQ c1=0
DMA IRQ c2=0
DMA IRQ c3=0
SELECT busy=13015
SELECT w0=13002
SELECT w1=6459
SELECT w2=7329
BUSY TASK ewma=997
DMA IRQ c0=1
DMA IRQ c1=0
DMA IRQ c2=0
DMA IRQ c3=0
SELECT busy=13032
SELECT w0=13020
SELECT w1=6472
SELECT w2=7342
BUSY TASK ewma=997
DMA IRQ c0=1
DMA IRQ c1=0
DMA IRQ c2=0
DMA IRQ c3=0
SELECT busy=13052
SELECT w0=13039
SELECT w1=6483
SELECT w2=7357
BUSY TASK ewma=997
DMA IRQ c0=1
DMA IRQ c1=0
DMA IRQ c2=0
DMA IRQ c3=0
SELECT busy=13081
SELECT w0=13069
SELECT w1=6496
SELECT w2=7373
BUSY TASK ewma=997
DMA IRQ c0=1
DMA IRQ c1=0
DMA IRQ c2=0
DMA IRQ c3=0
SELECT busy=13123
SELECT w0=13111
SELECT w1=6517
SELECT w2=7398
BUSY TASK ewma=997
DMA IRQ c0=1
DMA IRQ c1=0
DMA IRQ c2=0
DMA IRQ c3=0
SELECT busy=13150
SELECT w0=13138
SELECT w1=6533
SELECT w2=7416
BUSY TASK ewma=997
DMA IRQ c0=1
DMA IRQ c1=0
DMA IRQ c2=0
DMA IRQ c3=0
SELECT busy=13169
SELECT w0=13156
SELECT w1=6543
SELECT w2=7426
BUSY TASK ewma=997
DMA IRQ c0=1
DMA IRQ c1=0
DMA IRQ c2=0
DMA IRQ c3=0
SELECT busy=13185
SELECT w0=13174
SELECT w1=6551
SELECT w2=7434
BUSY TASK ewma=997
DMA IRQ c0=1
DMA IRQ c1=0
DMA IRQ c2=0
DMA IRQ c3=0
SELECT busy=13202
SELECT w0=13190
SELECT w1=6561
SELECT w2=7446
BUSY TASK ewma=997
DMA IRQ c0=1
DMA IRQ c1=0
DMA IRQ c2=0
DMA IRQ c3=0
SELECT busy=13220
SELECT w0=13207
SELECT w1=6568
SELECT w2=7458
BUSY TASK ewma=997
DMA IRQ c0=1
DMA IRQ c1=0
DMA IRQ c2=0
DMA IRQ c3=0
SELECT busy=13238
SELECT w0=13225
SELECT w1=6576
SELECT w2=7468
BUSY TASK ewma=997
DMA IRQ c0=1
DMA IRQ c1=0
DMA IRQ c2=0
DMA IRQ c3=0
SELECT busy=13257
SELECT w0=13244
SELECT w1=6583
SELECT w2=7477
BUSY TASK ewma=997
DMA IRQ c0=1
DMA IRQ c1=0
DMA IRQ c2=0
DMA IRQ c3=0
SELECT busy=13275
SELECT w0=13263
SELECT w1=6590
SELECT w2=7485
BUSY TASK ewma=997
DMA IRQ c0=1
DMA IRQ c1=0
DMA IRQ c2=0
DMA IRQ c3=0
SELECT busy=13294
SELECT w0=13281
SELECT w1=6596
SELECT w2=7492
BUSY TASK ewma=997
DMA IRQ c0=1
DMA IRQ c1=0
DMA IRQ c2=0
DMA IRQ c3=0
SELECT busy=13312
SELECT w0=13300
SELECT w1=6602
SELECT w2=7502
BUSY TASK ewma=997
DMA IRQ c0=1
DMA IRQ c1=0
DMA IRQ c2=0
DMA IRQ c3=0
SELECT busy=13329
SELECT w0=13317
SELECT w1=6612
SELECT w2=7513
BUSY TASK ewma=997
DMA IRQ c0=1
DMA IRQ c1=0
DMA IRQ c2=0
DMA IRQ c3=0
SELECT busy=13359
SELECT w0=13347
SELECT w1=6625
SELECT w2=7530
BUSY TASK ewma=997
DMA IRQ c0=1
DMA IRQ c1=0
DMA IRQ c2=0
DMA IRQ c3=0
SELECT busy=13379
SELECT w0=13367
SELECT w1=6632
SELECT w2=7540
BUSY TASK ewma=997
DMA IRQ c0=1
DMA IRQ c1=0
DMA IRQ c2=0
DMA IRQ c3=0
SELECT busy=13396
SELECT w0=13384
SELECT w1=6642
SELECT w2=7552
BUSY TASK ewma=997
DMA IRQ c0=1
DMA IRQ c1=0
DMA IRQ c2=0
DMA IRQ c3=0
SELECT busy=13419
SELECT w0=13407
SELECT w1=6651
SELECT w2=7564
BUSY TASK ewma=997
DMA IRQ c0=1
DMA IRQ c1=0
DMA IRQ c2=0
DMA IRQ c3=0
SELECT busy=13441
SELECT w0=13429
SELECT w1=6664
SELECT w2=7578
BUSY TASK ewma=997
DMA IRQ c0=1
DMA IRQ c1=0
DMA IRQ c2=0
DMA IRQ c3=0
SELECT busy=13456
SELECT w0=13443
SELECT w1=6670
SELECT w2=7584
BUSY TASK ewma=997
DMA IRQ c0=1
DMA IRQ c1=0
DMA IRQ c2=0
DMA IRQ c3=0
SELECT busy=13478
SELECT w0=13465
SELECT w1=6679
SELECT w2=7598
BUSY TASK ewma=997
DMA IRQ c0=1
DMA IRQ c1=0
DMA IRQ c2=0
DMA IRQ c3=0
SELECT busy=13500
SELECT w0=13487
SELECT w1=6694
SELECT w2=7609
BUSY TASK ewma=997
DMA IRQ c0=1
DMA IRQ c1=0
DMA IRQ c2=0
DMA IRQ c3=0
SELECT busy=13516
SELECT w0=13504
SELECT w1=6701
SELECT w2=7621
BUSY TASK ewma=997
DMA IRQ c0=1
DMA IRQ c1=0
DMA IRQ c2=0
DMA IRQ c3=0
SELECT busy=13535
SELECT w0=13522
SELECT w1=6709
SELECT w2=7631
BUSY TASK ewma=997
DMA IRQ c0=1
DMA IRQ c1=0
DMA IRQ c2=0
DMA IRQ c3=0
SELECT busy=13552
SELECT w0=13540
SELECT w1=6719
SELECT w2=7643
BUSY TASK ewma=997
DMA IRQ c0=1
DMA IRQ c1=0
DMA IRQ c2=0
DMA IRQ c3=0
SELECT busy=13571
SELECT w0=13559
SELECT w1=6728
SELECT w2=7656
BUSY TASK ewma=997
DMA IRQ c0=1
DMA IRQ c1=0
DMA IRQ c2=0
DMA IRQ c3=0
SELECT busy=13593
SELECT w0=13580
SELECT w1=6734
SELECT w2=7663
BUSY TASK ewma=997
DMA IRQ c0=1
DMA IRQ c1=0
DMA IRQ c2=0
DMA IRQ c3=0
SELECT busy=13611
SELECT w0=13599
SELECT w1=6745
SELECT w2=7677
qemu-system-aarch64: terminating on signal 15 from pid 245577 (timeout)
