P4 M7: full integration test boot OK
CPU0: MPIDR_EL1=0x0000000080000000
CPU0: psci_cpu_on target=1 rc=0
CPU1: alive, MPIDR_EL1=0x0000000080000001 this_cpu()->cpu_id=1
CPU0: psci_cpu_on target=2 rc=0
CPU2: alive, MPIDR_EL1=0x0000000080000002 this_cpu()->cpu_id=2
CPU0: psci_cpu_on target=3 rc=0
CPU3: alive, MPIDR_EL1=0x0000000080000003 this_cpu()->cpu_id=3
CPUs online: 4
DMA IRQ target cpu=0
D2b: worker 1 runs on CPU1
D2b: worker 0 runs on CPU0
D2b: worker 2 runs on CPU2
P4 M7: worker submitted cmd_id=1
P4 M7: worker submitted cmd_id=2
P4 M7: worker submitted cmd_id=3
BUSY TASK ewma=997
DMA IRQ c0=0
DMA IRQ c1=0
DMA IRQ c2=0
DMA IRQ c3=0
SELECT busy=29
SELECT w0=3
SELECT w1=5
P4 M7: worker DATA OK, cmd_id=3
P4 M7: worker DATA OK, cmd_id=1
P4 M7: worker DATA OK, cmd_id=2
WORKER ewma=831
WORKER ewma=759
WORKER ewma=831
SELECT w2=17
BUSY TASK ewma=997
DMA IRQ c0=1
DMA IRQ c1=0
DMA IRQ c2=0
DMA IRQ c3=0
SELECT busy=65
SELECT w0=50
SELECT w1=66
SELECT w2=59
BUSY TASK ewma=997
DMA IRQ c0=1
DMA IRQ c1=0
DMA IRQ c2=0
DMA IRQ c3=0
SELECT busy=101
SELECT w0=86
SELECT w1=112
SELECT w2=107
BUSY TASK ewma=997
DMA IRQ c0=1
DMA IRQ c1=0
DMA IRQ c2=0
DMA IRQ c3=0
SELECT busy=130
SELECT w0=116
SELECT w1=168
SELECT w2=163
BUSY TASK ewma=997
DMA IRQ c0=1
DMA IRQ c1=0
DMA IRQ c2=0
DMA IRQ c3=0
SELECT busy=150
SELECT w0=136
SELECT w1=202
SELECT w2=196
BUSY TASK ewma=997
DMA IRQ c0=1
DMA IRQ c1=0
DMA IRQ c2=0
DMA IRQ c3=0
SELECT busy=174
SELECT w0=159
SELECT w1=234
SELECT w2=226
BUSY TASK ewma=997
DMA IRQ c0=1
DMA IRQ c1=0
DMA IRQ c2=0
DMA IRQ c3=0
SELECT busy=191
SELECT w0=176
SELECT w1=255
SELECT w2=249
BUSY TASK ewma=997
DMA IRQ c0=1
DMA IRQ c1=0
DMA IRQ c2=0
DMA IRQ c3=0
SELECT busy=208
SELECT w0=193
SELECT w1=277
SELECT w2=269
BUSY TASK ewma=997
DMA IRQ c0=1
DMA IRQ c1=0
DMA IRQ c2=0
DMA IRQ c3=0
SELECT busy=229
SELECT w0=214
SELECT w1=302
SELECT w2=293
BUSY TASK ewma=997
DMA IRQ c0=1
DMA IRQ c1=0
DMA IRQ c2=0
DMA IRQ c3=0
SELECT busy=241
SELECT w0=227
SELECT w1=312
SELECT w2=302
BUSY TASK ewma=997
DMA IRQ c0=1
DMA IRQ c1=0
DMA IRQ c2=0
DMA IRQ c3=0
SELECT busy=270
SELECT w0=255
SELECT w1=327
SELECT w2=315
BUSY TASK ewma=997
DMA IRQ c0=1
DMA IRQ c1=0
DMA IRQ c2=0
DMA IRQ c3=0
SELECT busy=291
SELECT w0=277
SELECT w1=341
SELECT w2=328
BUSY TASK ewma=997
DMA IRQ c0=1
DMA IRQ c1=0
DMA IRQ c2=0
DMA IRQ c3=0
SELECT busy=326
SELECT w0=312
SELECT w1=360
SELECT w2=347
BUSY TASK ewma=997
DMA IRQ c0=1
DMA IRQ c1=0
DMA IRQ c2=0
DMA IRQ c3=0
SELECT busy=357
SELECT w0=342
SELECT w1=375
SELECT w2=366
BUSY TASK ewma=997
DMA IRQ c0=1
DMA IRQ c1=0
DMA IRQ c2=0
DMA IRQ c3=0
SELECT busy=396
SELECT w0=381
SELECT w1=393
SELECT w2=385
BUSY TASK ewma=997
DMA IRQ c0=1
DMA IRQ c1=0
DMA IRQ c2=0
DMA IRQ c3=0
SELECT busy=425
SELECT w0=410
SELECT w1=408
SELECT w2=401
BUSY TASK ewma=997
DMA IRQ c0=1
DMA IRQ c1=0
DMA IRQ c2=0
DMA IRQ c3=0
SELECT busy=453
SELECT w0=438
SELECT w1=423
SELECT w2=415
BUSY TASK ewma=997
DMA IRQ c0=1
DMA IRQ c1=0
DMA IRQ c2=0
DMA IRQ c3=0
SELECT busy=475
SELECT w0=461
SELECT w1=435
SELECT w2=426
BUSY TASK ewma=997
DMA IRQ c0=1
DMA IRQ c1=0
DMA IRQ c2=0
DMA IRQ c3=0
SELECT busy=496
SELECT w0=481
SELECT w1=447
SELECT w2=438
BUSY TASK ewma=997
DMA IRQ c0=1
DMA IRQ c1=0
DMA IRQ c2=0
DMA IRQ c3=0
SELECT busy=518
SELECT w0=503
SELECT w1=458
SELECT w2=450
BUSY TASK ewma=997
DMA IRQ c0=1
DMA IRQ c1=0
DMA IRQ c2=0
DMA IRQ c3=0
SELECT busy=536
SELECT w0=521
SELECT w1=469
SELECT w2=461
BUSY TASK ewma=997
DMA IRQ c0=1
DMA IRQ c1=0
DMA IRQ c2=0
DMA IRQ c3=0
SELECT busy=554
SELECT w0=540
SELECT w1=478
SELECT w2=469
BUSY TASK ewma=997
DMA IRQ c0=1
DMA IRQ c1=0
DMA IRQ c2=0
DMA IRQ c3=0
SELECT busy=571
SELECT w0=557
SELECT w1=488
SELECT w2=479
BUSY TASK ewma=997
DMA IRQ c0=1
DMA IRQ c1=0
DMA IRQ c2=0
DMA IRQ c3=0
SELECT busy=584
SELECT w0=570
SELECT w1=496
SELECT w2=487
BUSY TASK ewma=997
DMA IRQ c0=1
DMA IRQ c1=0
DMA IRQ c2=0
DMA IRQ c3=0
SELECT busy=605
SELECT w0=591
SELECT w1=511
SELECT w2=500
BUSY TASK ewma=997
DMA IRQ c0=1
DMA IRQ c1=0
DMA IRQ c2=0
DMA IRQ c3=0
SELECT busy=623
SELECT w0=608
SELECT w1=520
SELECT w2=507
BUSY TASK ewma=997
DMA IRQ c0=1
DMA IRQ c1=0
DMA IRQ c2=0
DMA IRQ c3=0
SELECT busy=644
SELECT w0=629
SELECT w1=530
SELECT w2=518
BUSY TASK ewma=997
DMA IRQ c0=1
DMA IRQ c1=0
DMA IRQ c2=0
DMA IRQ c3=0
SELECT busy=672
SELECT w0=657
SELECT w1=545
SELECT w2=534
BUSY TASK ewma=997
DMA IRQ c0=1
DMA IRQ c1=0
DMA IRQ c2=0
DMA IRQ c3=0
SELECT busy=713
SELECT w0=698
SELECT w1=568
SELECT w2=554
BUSY TASK ewma=997
DMA IRQ c0=1
DMA IRQ c1=0
DMA IRQ c2=0
DMA IRQ c3=0
SELECT busy=741
SELECT w0=727
SELECT w1=583
SELECT w2=570
BUSY TASK ewma=997
DMA IRQ c0=1
DMA IRQ c1=0
DMA IRQ c2=0
DMA IRQ c3=0
SELECT busy=780
SELECT w0=765
SELECT w1=601
SELECT w2=588
BUSY TASK ewma=997
DMA IRQ c0=1
DMA IRQ c1=0
DMA IRQ c2=0
DMA IRQ c3=0
SELECT busy=818
SELECT w0=803
SELECT w1=617
SELECT w2=606
BUSY TASK ewma=997
DMA IRQ c0=1
DMA IRQ c1=0
DMA IRQ c2=0
DMA IRQ c3=0
SELECT busy=847
SELECT w0=833
SELECT w1=629
SELECT w2=621
BUSY TASK ewma=997
DMA IRQ c0=1
DMA IRQ c1=0
DMA IRQ c2=0
DMA IRQ c3=0
SELECT busy=874
SELECT w0=859
SELECT w1=648
SELECT w2=635
BUSY TASK ewma=997
DMA IRQ c0=1
DMA IRQ c1=0
DMA IRQ c2=0
DMA IRQ c3=0
SELECT busy=893
SELECT w0=878
SELECT w1=656
SELECT w2=642
BUSY TASK ewma=997
DMA IRQ c0=1
DMA IRQ c1=0
DMA IRQ c2=0
DMA IRQ c3=0
SELECT busy=924
SELECT w0=909
SELECT w1=675
SELECT w2=658
BUSY TASK ewma=997
DMA IRQ c0=1
DMA IRQ c1=0
DMA IRQ c2=0
DMA IRQ c3=0
SELECT busy=945
SELECT w0=931
SELECT w1=690
SELECT w2=674
BUSY TASK ewma=997
DMA IRQ c0=1
DMA IRQ c1=0
DMA IRQ c2=0
DMA IRQ c3=0
SELECT busy=980
SELECT w0=965
SELECT w1=707
SELECT w2=690
BUSY TASK ewma=997
DMA IRQ c0=1
DMA IRQ c1=0
DMA IRQ c2=0
DMA IRQ c3=0
SELECT busy=1016
SELECT w0=1001
SELECT w1=730
SELECT w2=707
BUSY TASK ewma=997
DMA IRQ c0=1
DMA IRQ c1=0
DMA IRQ c2=0
DMA IRQ c3=0
SELECT busy=1056
SELECT w0=1042
SELECT w1=749
SELECT w2=726
BUSY TASK ewma=997
DMA IRQ c0=1
DMA IRQ c1=0
DMA IRQ c2=0
DMA IRQ c3=0
SELECT busy=1083
SELECT w0=1068
SELECT w1=766
SELECT w2=740
BUSY TASK ewma=997
DMA IRQ c0=1
DMA IRQ c1=0
DMA IRQ c2=0
DMA IRQ c3=0
SELECT busy=1117
SELECT w0=1102
SELECT w1=786
SELECT w2=759
BUSY TASK ewma=997
DMA IRQ c0=1
DMA IRQ c1=0
DMA IRQ c2=0
DMA IRQ c3=0
SELECT busy=1145
SELECT w0=1130
SELECT w1=798
SELECT w2=771
BUSY TASK ewma=997
DMA IRQ c0=1
DMA IRQ c1=0
DMA IRQ c2=0
DMA IRQ c3=0
SELECT busy=1181
SELECT w0=1167
SELECT w1=819
SELECT w2=791
BUSY TASK ewma=997
DMA IRQ c0=1
DMA IRQ c1=0
DMA IRQ c2=0
DMA IRQ c3=0
SELECT busy=1220
SELECT w0=1206
SELECT w1=838
SELECT w2=810
BUSY TASK ewma=997
DMA IRQ c0=1
DMA IRQ c1=0
DMA IRQ c2=0
DMA IRQ c3=0
SELECT busy=1245
SELECT w0=1230
SELECT w1=849
SELECT w2=820
BUSY TASK ewma=997
DMA IRQ c0=1
DMA IRQ c1=0
DMA IRQ c2=0
DMA IRQ c3=0
SELECT busy=1264
SELECT w0=1249
SELECT w1=858
SELECT w2=828
BUSY TASK ewma=997
DMA IRQ c0=1
DMA IRQ c1=0
DMA IRQ c2=0
DMA IRQ c3=0
SELECT busy=1282
SELECT w0=1267
SELECT w1=862
SELECT w2=834
BUSY TASK ewma=997
DMA IRQ c0=1
DMA IRQ c1=0
DMA IRQ c2=0
DMA IRQ c3=0
SELECT busy=1306
SELECT w0=1291
SELECT w1=873
SELECT w2=844
BUSY TASK ewma=997
DMA IRQ c0=1
DMA IRQ c1=0
DMA IRQ c2=0
DMA IRQ c3=0
SELECT busy=1324
SELECT w0=1309
SELECT w1=879
SELECT w2=850
BUSY TASK ewma=997
DMA IRQ c0=1
DMA IRQ c1=0
DMA IRQ c2=0
DMA IRQ c3=0
SELECT busy=1345
SELECT w0=1331
SELECT w1=891
SELECT w2=862
BUSY TASK ewma=997
DMA IRQ c0=1
DMA IRQ c1=0
DMA IRQ c2=0
DMA IRQ c3=0
SELECT busy=1361
SELECT w0=1347
SELECT w1=902
SELECT w2=873
BUSY TASK ewma=997
DMA IRQ c0=1
DMA IRQ c1=0
DMA IRQ c2=0
DMA IRQ c3=0
SELECT busy=1385
SELECT w0=1371
SELECT w1=914
SELECT w2=886
BUSY TASK ewma=997
DMA IRQ c0=1
DMA IRQ c1=0
DMA IRQ c2=0
DMA IRQ c3=0
SELECT busy=1405
SELECT w0=1391
SELECT w1=927
SELECT w2=899
BUSY TASK ewma=997
DMA IRQ c0=1
DMA IRQ c1=0
DMA IRQ c2=0
DMA IRQ c3=0
SELECT busy=1426
SELECT w0=1411
SELECT w1=937
SELECT w2=910
BUSY TASK ewma=997
DMA IRQ c0=1
DMA IRQ c1=0
DMA IRQ c2=0
DMA IRQ c3=0
SELECT busy=1443
SELECT w0=1429
SELECT w1=947
SELECT w2=918
BUSY TASK ewma=997
DMA IRQ c0=1
DMA IRQ c1=0
DMA IRQ c2=0
DMA IRQ c3=0
SELECT busy=1457
SELECT w0=1443
SELECT w1=957
SELECT w2=927
BUSY TASK ewma=997
DMA IRQ c0=1
DMA IRQ c1=0
DMA IRQ c2=0
DMA IRQ c3=0
SELECT busy=1477
SELECT w0=1462
SELECT w1=967
SELECT w2=935
BUSY TASK ewma=997
DMA IRQ c0=1
DMA IRQ c1=0
DMA IRQ c2=0
DMA IRQ c3=0
SELECT busy=1496
SELECT w0=1481
SELECT w1=978
SELECT w2=944
BUSY TASK ewma=997
DMA IRQ c0=1
DMA IRQ c1=0
DMA IRQ c2=0
DMA IRQ c3=0
SELECT busy=1511
SELECT w0=1496
SELECT w1=987
SELECT w2=951
BUSY TASK ewma=997
DMA IRQ c0=1
DMA IRQ c1=0
DMA IRQ c2=0
DMA IRQ c3=0
SELECT busy=1529
SELECT w0=1514
SELECT w1=996
SELECT w2=962
BUSY TASK ewma=997
DMA IRQ c0=1
DMA IRQ c1=0
DMA IRQ c2=0
DMA IRQ c3=0
SELECT busy=1552
SELECT w0=1540
SELECT w1=1011
SELECT w2=975
BUSY TASK ewma=997
DMA IRQ c0=1
DMA IRQ c1=0
DMA IRQ c2=0
DMA IRQ c3=0
SELECT busy=1575
SELECT w0=1561
SELECT w1=1018
SELECT w2=982
BUSY TASK ewma=997
IRQ counts: cpu0=3174 cpu1=3433 cpu2=3315 cpu3=3415
SCHED secondaries: calls=10173 unexpected=0
SECTEST switches=10152 cpu1=30990211,28583151 cpu2=20395980,21196001 cpu3=35768778,36107206
PINGPONG rounds=864 pongs=864
DMA IRQ c0=1
DMA IRQ c1=0
DMA IRQ c2=0
DMA IRQ c3=0
SELECT busy=1605
SELECT w0=1590
SELECT w1=1036
SELECT w2=998
BUSY TASK ewma=997
DMA IRQ c0=1
DMA IRQ c1=0
DMA IRQ c2=0
DMA IRQ c3=0
SELECT busy=1627
SELECT w0=1613
SELECT w1=1048
SELECT w2=1006
BUSY TASK ewma=997
DMA IRQ c0=1
DMA IRQ c1=0
DMA IRQ c2=0
DMA IRQ c3=0
SELECT busy=1650
SELECT w0=1636
SELECT w1=1063
SELECT w2=1020
BUSY TASK ewma=997
DMA IRQ c0=1
DMA IRQ c1=0
DMA IRQ c2=0
DMA IRQ c3=0
SELECT busy=1690
SELECT w0=1676
SELECT w1=1094
SELECT w2=1041
BUSY TASK ewma=997
DMA IRQ c0=1
DMA IRQ c1=0
DMA IRQ c2=0
DMA IRQ c3=0
SELECT busy=1710
SELECT w0=1695
SELECT w1=1101
SELECT w2=1047
BUSY TASK ewma=997
DMA IRQ c0=1
DMA IRQ c1=0
DMA IRQ c2=0
DMA IRQ c3=0
SELECT busy=1726
SELECT w0=1712
SELECT w1=1109
SELECT w2=1056
BUSY TASK ewma=997
DMA IRQ c0=1
DMA IRQ c1=0
DMA IRQ c2=0
DMA IRQ c3=0
SELECT busy=1745
SELECT w0=1731
SELECT w1=1117
SELECT w2=1066
BUSY TASK ewma=997
DMA IRQ c0=1
DMA IRQ c1=0
DMA IRQ c2=0
DMA IRQ c3=0
SELECT busy=1759
SELECT w0=1745
SELECT w1=1127
SELECT w2=1076
BUSY TASK ewma=997
DMA IRQ c0=1
DMA IRQ c1=0
DMA IRQ c2=0
DMA IRQ c3=0
SELECT busy=1776
SELECT w0=1763
SELECT w1=1144
SELECT w2=1089
BUSY TASK ewma=997
DMA IRQ c0=1
DMA IRQ c1=0
DMA IRQ c2=0
DMA IRQ c3=0
SELECT busy=1804
SELECT w0=1789
SELECT w1=1157
SELECT w2=1099
BUSY TASK ewma=997
DMA IRQ c0=1
DMA IRQ c1=0
DMA IRQ c2=0
DMA IRQ c3=0
SELECT busy=1831
SELECT w0=1816
SELECT w1=1170
SELECT w2=1111
BUSY TASK ewma=997
DMA IRQ c0=1
DMA IRQ c1=0
DMA IRQ c2=0
DMA IRQ c3=0
SELECT busy=1859
SELECT w0=1845
SELECT w1=1190
SELECT w2=1128
BUSY TASK ewma=997
DMA IRQ c0=1
DMA IRQ c1=0
DMA IRQ c2=0
DMA IRQ c3=0
SELECT busy=1881
SELECT w0=1867
SELECT w1=1203
SELECT w2=1144
BUSY TASK ewma=997
DMA IRQ c0=1
DMA IRQ c1=0
DMA IRQ c2=0
DMA IRQ c3=0
SELECT busy=1899
SELECT w0=1884
SELECT w1=1211
SELECT w2=1154
BUSY TASK ewma=997
DMA IRQ c0=1
DMA IRQ c1=0
DMA IRQ c2=0
DMA IRQ c3=0
SELECT busy=1926
SELECT w0=1912
SELECT w1=1229
SELECT w2=1167
BUSY TASK ewma=997
DMA IRQ c0=1
DMA IRQ c1=0
DMA IRQ c2=0
DMA IRQ c3=0
SELECT busy=1949
SELECT w0=1934
SELECT w1=1236
SELECT w2=1173
BUSY TASK ewma=997
DMA IRQ c0=1
DMA IRQ c1=0
DMA IRQ c2=0
DMA IRQ c3=0
SELECT busy=1976
SELECT w0=1961
SELECT w1=1251
SELECT w2=1188
BUSY TASK ewma=997
DMA IRQ c0=1
DMA IRQ c1=0
DMA IRQ c2=0
DMA IRQ c3=0
SELECT busy=1999
SELECT w0=1985
SELECT w1=1264
SELECT w2=1203
BUSY TASK ewma=997
DMA IRQ c0=1
DMA IRQ c1=0
DMA IRQ c2=0
DMA IRQ c3=0
SELECT busy=2032
SELECT w0=2017
SELECT w1=1282
SELECT w2=1222
BUSY TASK ewma=997
DMA IRQ c0=1
DMA IRQ c1=0
DMA IRQ c2=0
DMA IRQ c3=0
SELECT busy=2071
SELECT w0=2057
SELECT w1=1302
SELECT w2=1242
BUSY TASK ewma=997
DMA IRQ c0=1
DMA IRQ c1=0
DMA IRQ c2=0
DMA IRQ c3=0
SELECT busy=2118
SELECT w0=2104
SELECT w1=1326
SELECT w2=1268
BUSY TASK ewma=997
DMA IRQ c0=1
DMA IRQ c1=0
DMA IRQ c2=0
DMA IRQ c3=0
SELECT busy=2145
SELECT w0=2130
SELECT w1=1343
SELECT w2=1282
BUSY TASK ewma=997
DMA IRQ c0=1
DMA IRQ c1=0
DMA IRQ c2=0
DMA IRQ c3=0
SELECT busy=2168
SELECT w0=2154
SELECT w1=1352
SELECT w2=1293
BUSY TASK ewma=997
DMA IRQ c0=1
DMA IRQ c1=0
DMA IRQ c2=0
DMA IRQ c3=0
SELECT busy=2188
SELECT w0=2173
SELECT w1=1359
SELECT w2=1302
BUSY TASK ewma=997
DMA IRQ c0=1
DMA IRQ c1=0
DMA IRQ c2=0
DMA IRQ c3=0
SELECT busy=2206
SELECT w0=2191
SELECT w1=1367
SELECT w2=1310
BUSY TASK ewma=997
DMA IRQ c0=1
DMA IRQ c1=0
DMA IRQ c2=0
DMA IRQ c3=0
SELECT busy=2238
SELECT w0=2223
SELECT w1=1383
SELECT w2=1327
BUSY TASK ewma=997
DMA IRQ c0=1
DMA IRQ c1=0
DMA IRQ c2=0
DMA IRQ c3=0
SELECT busy=2267
SELECT w0=2254
SELECT w1=1399
SELECT w2=1345
BUSY TASK ewma=997
DMA IRQ c0=1
DMA IRQ c1=0
DMA IRQ c2=0
DMA IRQ c3=0
SELECT busy=2288
SELECT w0=2274
SELECT w1=1406
SELECT w2=1353
BUSY TASK ewma=997
DMA IRQ c0=1
DMA IRQ c1=0
DMA IRQ c2=0
DMA IRQ c3=0
SELECT busy=2311
SELECT w0=2296
SELECT w1=1416
SELECT w2=1362
BUSY TASK ewma=997
DMA IRQ c0=1
DMA IRQ c1=0
DMA IRQ c2=0
DMA IRQ c3=0
SELECT busy=2334
SELECT w0=2320
SELECT w1=1428
SELECT w2=1378
BUSY TASK ewma=997
DMA IRQ c0=1
DMA IRQ c1=0
DMA IRQ c2=0
DMA IRQ c3=0
SELECT busy=2354
SELECT w0=2339
SELECT w1=1437
SELECT w2=1383
BUSY TASK ewma=997
DMA IRQ c0=1
DMA IRQ c1=0
DMA IRQ c2=0
DMA IRQ c3=0
SELECT busy=2377
SELECT w0=2363
SELECT w1=1453
SELECT w2=1399
BUSY TASK ewma=997
DMA IRQ c0=1
DMA IRQ c1=0
DMA IRQ c2=0
DMA IRQ c3=0
SELECT busy=2392
SELECT w0=2377
SELECT w1=1461
SELECT w2=1405
BUSY TASK ewma=997
DMA IRQ c0=1
DMA IRQ c1=0
DMA IRQ c2=0
DMA IRQ c3=0
SELECT busy=2411
SELECT w0=2397
SELECT w1=1469
SELECT w2=1415
BUSY TASK ewma=997
DMA IRQ c0=1
DMA IRQ c1=0
DMA IRQ c2=0
DMA IRQ c3=0
SELECT busy=2429
SELECT w0=2415
SELECT w1=1477
SELECT w2=1425
BUSY TASK ewma=997
DMA IRQ c0=1
DMA IRQ c1=0
DMA IRQ c2=0
DMA IRQ c3=0
SELECT busy=2445
SELECT w0=2430
SELECT w1=1492
SELECT w2=1437
BUSY TASK ewma=997
DMA IRQ c0=1
DMA IRQ c1=0
DMA IRQ c2=0
DMA IRQ c3=0
SELECT busy=2465
SELECT w0=2450
SELECT w1=1500
SELECT w2=1446
BUSY TASK ewma=997
DMA IRQ c0=1
DMA IRQ c1=0
DMA IRQ c2=0
DMA IRQ c3=0
SELECT busy=2487
SELECT w0=2473
SELECT w1=1511
SELECT w2=1459
BUSY TASK ewma=997
DMA IRQ c0=1
DMA IRQ c1=0
DMA IRQ c2=0
DMA IRQ c3=0
SELECT busy=2511
SELECT w0=2497
SELECT w1=1521
SELECT w2=1478
BUSY TASK ewma=997
DMA IRQ c0=1
DMA IRQ c1=0
DMA IRQ c2=0
DMA IRQ c3=0
SELECT busy=2541
SELECT w0=2527
SELECT w1=1539
SELECT w2=1496
BUSY TASK ewma=997
DMA IRQ c0=1
DMA IRQ c1=0
DMA IRQ c2=0
DMA IRQ c3=0
SELECT busy=2569
SELECT w0=2554
SELECT w1=1554
SELECT w2=1510
BUSY TASK ewma=997
DMA IRQ c0=1
DMA IRQ c1=0
DMA IRQ c2=0
DMA IRQ c3=0
SELECT busy=2590
SELECT w0=2576
SELECT w1=1568
SELECT w2=1525
BUSY TASK ewma=997
DMA IRQ c0=1
DMA IRQ c1=0
DMA IRQ c2=0
DMA IRQ c3=0
SELECT busy=2638
SELECT w0=2624
SELECT w1=1597
SELECT w2=1555
BUSY TASK ewma=997
DMA IRQ c0=1
DMA IRQ c1=0
DMA IRQ c2=0
DMA IRQ c3=0
SELECT busy=2677
SELECT w0=2663
SELECT w1=1614
SELECT w2=1575
BUSY TASK ewma=997
DMA IRQ c0=1
DMA IRQ c1=0
DMA IRQ c2=0
DMA IRQ c3=0
SELECT busy=2705
SELECT w0=2690
SELECT w1=1628
SELECT w2=1590
BUSY TASK ewma=997
DMA IRQ c0=1
DMA IRQ c1=0
DMA IRQ c2=0
DMA IRQ c3=0
SELECT busy=2724
SELECT w0=2709
SELECT w1=1633
SELECT w2=1593
BUSY TASK ewma=997
DMA IRQ c0=1
DMA IRQ c1=0
DMA IRQ c2=0
DMA IRQ c3=0
SELECT busy=2751
SELECT w0=2736
SELECT w1=1650
SELECT w2=1604
BUSY TASK ewma=997
DMA IRQ c0=1
DMA IRQ c1=0
DMA IRQ c2=0
DMA IRQ c3=0
SELECT busy=2771
SELECT w0=2756
SELECT w1=1661
SELECT w2=1614
BUSY TASK ewma=997
DMA IRQ c0=1
DMA IRQ c1=0
DMA IRQ c2=0
DMA IRQ c3=0
SELECT busy=2792
SELECT w0=2778
SELECT w1=1669
SELECT w2=1624
BUSY TASK ewma=997
DMA IRQ c0=1
DMA IRQ c1=0
DMA IRQ c2=0
DMA IRQ c3=0
SELECT busy=2809
SELECT w0=2795
SELECT w1=1679
SELECT w2=1634
BUSY TASK ewma=997
DMA IRQ c0=1
DMA IRQ c1=0
DMA IRQ c2=0
DMA IRQ c3=0
SELECT busy=2839
SELECT w0=2824
SELECT w1=1699
SELECT w2=1653
BUSY TASK ewma=997
DMA IRQ c0=1
DMA IRQ c1=0
DMA IRQ c2=0
DMA IRQ c3=0
SELECT busy=2856
SELECT w0=2841
SELECT w1=1706
SELECT w2=1662
BUSY TASK ewma=997
DMA IRQ c0=1
DMA IRQ c1=0
DMA IRQ c2=0
DMA IRQ c3=0
SELECT busy=2876
SELECT w0=2864
SELECT w1=1718
SELECT w2=1676
BUSY TASK ewma=997
DMA IRQ c0=1
DMA IRQ c1=0
DMA IRQ c2=0
DMA IRQ c3=0
SELECT busy=2903
SELECT w0=2889
SELECT w1=1736
SELECT w2=1694
BUSY TASK ewma=997
DMA IRQ c0=1
DMA IRQ c1=0
DMA IRQ c2=0
DMA IRQ c3=0
SELECT busy=2929
SELECT w0=2915
SELECT w1=1750
SELECT w2=1713
BUSY TASK ewma=997
DMA IRQ c0=1
DMA IRQ c1=0
DMA IRQ c2=0
DMA IRQ c3=0
SELECT busy=2954
SELECT w0=2940
SELECT w1=1758
SELECT w2=1721
BUSY TASK ewma=997
DMA IRQ c0=1
DMA IRQ c1=0
DMA IRQ c2=0
DMA IRQ c3=0
SELECT busy=2974
SELECT w0=2959
SELECT w1=1766
SELECT w2=1729
BUSY TASK ewma=997
DMA IRQ c0=1
DMA IRQ c1=0
DMA IRQ c2=0
DMA IRQ c3=0
SELECT busy=2989
SELECT w0=2974
SELECT w1=1768
SELECT w2=1732
BUSY TASK ewma=997
DMA IRQ c0=1
DMA IRQ c1=0
DMA IRQ c2=0
DMA IRQ c3=0
SELECT busy=3013
SELECT w0=3001
SELECT w1=1786
SELECT w2=1747
BUSY TASK ewma=997
DMA IRQ c0=1
DMA IRQ c1=0
DMA IRQ c2=0
DMA IRQ c3=0
SELECT busy=3041
SELECT w0=3029
SELECT w1=1805
SELECT w2=1768
BUSY TASK ewma=997
DMA IRQ c0=1
DMA IRQ c1=0
DMA IRQ c2=0
DMA IRQ c3=0
SELECT busy=3066
SELECT w0=3052
SELECT w1=1822
SELECT w2=1784
BUSY TASK ewma=997
DMA IRQ c0=1
DMA IRQ c1=0
DMA IRQ c2=0
DMA IRQ c3=0
SELECT busy=3094
SELECT w0=3079
SELECT w1=1839
SELECT w2=1805
BUSY TASK ewma=997
DMA IRQ c0=1
DMA IRQ c1=0
DMA IRQ c2=0
DMA IRQ c3=0
SELECT busy=3117
SELECT w0=3103
SELECT w1=1850
SELECT w2=1816
BUSY TASK ewma=997
DMA IRQ c0=1
DMA IRQ c1=0
DMA IRQ c2=0
DMA IRQ c3=0
SELECT busy=3139
SELECT w0=3126
SELECT w1=1864
SELECT w2=1829
BUSY TASK ewma=997
IRQ counts: cpu0=6300 cpu1=6888 cpu2=6804 cpu3=6797
SCHED secondaries: calls=20492 unexpected=0
SECTEST switches=20459 cpu1=66607552,64812193 cpu2=48993088,48893588 cpu3=75336507,72505527
PINGPONG rounds=1417 pongs=1418
DMA IRQ c0=1
DMA IRQ c1=0
DMA IRQ c2=0
DMA IRQ c3=0
SELECT busy=3171
SELECT w0=3156
SELECT w1=1879
SELECT w2=1849
BUSY TASK ewma=997
DMA IRQ c0=1
DMA IRQ c1=0
DMA IRQ c2=0
DMA IRQ c3=0
SELECT busy=3187
SELECT w0=3173
SELECT w1=1891
SELECT w2=1862
BUSY TASK ewma=997
DMA IRQ c0=1
DMA IRQ c1=0
DMA IRQ c2=0
DMA IRQ c3=0
SELECT busy=3207
SELECT w0=3193
SELECT w1=1901
SELECT w2=1872
BUSY TASK ewma=997
DMA IRQ c0=1
DMA IRQ c1=0
DMA IRQ c2=0
DMA IRQ c3=0
SELECT busy=3222
SELECT w0=3207
SELECT w1=1910
SELECT w2=1881
BUSY TASK ewma=997
DMA IRQ c0=1
DMA IRQ c1=0
DMA IRQ c2=0
DMA IRQ c3=0
SELECT busy=3237
SELECT w0=3222
SELECT w1=1918
SELECT w2=1888
BUSY TASK ewma=997
DMA IRQ c0=1
DMA IRQ c1=0
DMA IRQ c2=0
DMA IRQ c3=0
SELECT busy=3257
SELECT w0=3243
SELECT w1=1929
SELECT w2=1900
BUSY TASK ewma=997
DMA IRQ c0=1
DMA IRQ c1=0
DMA IRQ c2=0
DMA IRQ c3=0
SELECT busy=3274
SELECT w0=3261
SELECT w1=1939
SELECT w2=1912
BUSY TASK ewma=997
DMA IRQ c0=1
DMA IRQ c1=0
DMA IRQ c2=0
DMA IRQ c3=0
SELECT busy=3300
SELECT w0=3286
SELECT w1=1954
SELECT w2=1926
BUSY TASK ewma=997
DMA IRQ c0=1
DMA IRQ c1=0
DMA IRQ c2=0
DMA IRQ c3=0
SELECT busy=3323
SELECT w0=3309
SELECT w1=1977
SELECT w2=1940
BUSY TASK ewma=997
DMA IRQ c0=1
DMA IRQ c1=0
DMA IRQ c2=0
DMA IRQ c3=0
SELECT busy=3341
SELECT w0=3326
SELECT w1=1985
SELECT w2=1949
BUSY TASK ewma=997
DMA IRQ c0=1
DMA IRQ c1=0
DMA IRQ c2=0
DMA IRQ c3=0
SELECT busy=3360
SELECT w0=3345
SELECT w1=1996
SELECT w2=1966
BUSY TASK ewma=997
DMA IRQ c0=1
DMA IRQ c1=0
DMA IRQ c2=0
DMA IRQ c3=0
SELECT busy=3378
SELECT w0=3364
SELECT w1=2010
SELECT w2=1975
BUSY TASK ewma=997
DMA IRQ c0=1
DMA IRQ c1=0
DMA IRQ c2=0
DMA IRQ c3=0
SELECT busy=3395
SELECT w0=3381
SELECT w1=2021
SELECT w2=1983
BUSY TASK ewma=997
DMA IRQ c0=1
DMA IRQ c1=0
DMA IRQ c2=0
DMA IRQ c3=0
SELECT busy=3413
SELECT w0=3398
SELECT w1=2028
SELECT w2=1988
BUSY TASK ewma=997
DMA IRQ c0=1
DMA IRQ c1=0
DMA IRQ c2=0
DMA IRQ c3=0
SELECT busy=3430
SELECT w0=3416
SELECT w1=2037
SELECT w2=1999
BUSY TASK ewma=997
DMA IRQ c0=1
DMA IRQ c1=0
DMA IRQ c2=0
DMA IRQ c3=0
SELECT busy=3448
SELECT w0=3434
SELECT w1=2047
SELECT w2=2009
BUSY TASK ewma=997
DMA IRQ c0=1
DMA IRQ c1=0
DMA IRQ c2=0
DMA IRQ c3=0
SELECT busy=3468
SELECT w0=3454
SELECT w1=2058
SELECT w2=2017
BUSY TASK ewma=997
DMA IRQ c0=1
DMA IRQ c1=0
DMA IRQ c2=0
DMA IRQ c3=0
SELECT busy=3483
SELECT w0=3469
SELECT w1=2069
SELECT w2=2028
BUSY TASK ewma=997
DMA IRQ c0=1
DMA IRQ c1=0
DMA IRQ c2=0
DMA IRQ c3=0
SELECT busy=3498
SELECT w0=3484
SELECT w1=2079
SELECT w2=2038
BUSY TASK ewma=997
DMA IRQ c0=1
DMA IRQ c1=0
DMA IRQ c2=0
DMA IRQ c3=0
SELECT busy=3517
SELECT w0=3502
SELECT w1=2090
SELECT w2=2048
BUSY TASK ewma=997
DMA IRQ c0=1
DMA IRQ c1=0
DMA IRQ c2=0
DMA IRQ c3=0
SELECT busy=3531
SELECT w0=3517
SELECT w1=2100
SELECT w2=2058
BUSY TASK ewma=997
DMA IRQ c0=1
DMA IRQ c1=0
DMA IRQ c2=0
DMA IRQ c3=0
SELECT busy=3548
SELECT w0=3533
SELECT w1=2111
SELECT w2=2066
BUSY TASK ewma=997
DMA IRQ c0=1
DMA IRQ c1=0
DMA IRQ c2=0
DMA IRQ c3=0
SELECT busy=3572
SELECT w0=3558
SELECT w1=2126
SELECT w2=2083
BUSY TASK ewma=997
DMA IRQ c0=1
DMA IRQ c1=0
DMA IRQ c2=0
DMA IRQ c3=0
SELECT busy=3593
SELECT w0=3579
SELECT w1=2136
SELECT w2=2097
BUSY TASK ewma=997
DMA IRQ c0=1
DMA IRQ c1=0
DMA IRQ c2=0
DMA IRQ c3=0
SELECT busy=3620
SELECT w0=3606
SELECT w1=2161
SELECT w2=2115
BUSY TASK ewma=997
DMA IRQ c0=1
DMA IRQ c1=0
DMA IRQ c2=0
DMA IRQ c3=0
SELECT busy=3641
SELECT w0=3628
SELECT w1=2178
SELECT w2=2131
BUSY TASK ewma=997
DMA IRQ c0=1
DMA IRQ c1=0
DMA IRQ c2=0
DMA IRQ c3=0
SELECT busy=3666
SELECT w0=3652
SELECT w1=2194
SELECT w2=2145
BUSY TASK ewma=997
DMA IRQ c0=1
DMA IRQ c1=0
DMA IRQ c2=0
DMA IRQ c3=0
SELECT busy=3689
SELECT w0=3676
SELECT w1=2208
SELECT w2=2161
BUSY TASK ewma=997
DMA IRQ c0=1
DMA IRQ c1=0
DMA IRQ c2=0
DMA IRQ c3=0
SELECT busy=3712
SELECT w0=3698
SELECT w1=2221
SELECT w2=2173
BUSY TASK ewma=997
DMA IRQ c0=1
DMA IRQ c1=0
DMA IRQ c2=0
DMA IRQ c3=0
SELECT busy=3732
SELECT w0=3718
SELECT w1=2233
SELECT w2=2185
BUSY TASK ewma=997
DMA IRQ c0=1
DMA IRQ c1=0
DMA IRQ c2=0
DMA IRQ c3=0
SELECT busy=3754
SELECT w0=3742
SELECT w1=2248
SELECT w2=2200
BUSY TASK ewma=997
DMA IRQ c0=1
DMA IRQ c1=0
DMA IRQ c2=0
DMA IRQ c3=0
SELECT busy=3781
SELECT w0=3766
SELECT w1=2260
SELECT w2=2211
BUSY TASK ewma=997
DMA IRQ c0=1
DMA IRQ c1=0
DMA IRQ c2=0
DMA IRQ c3=0
SELECT busy=3800
SELECT w0=3786
SELECT w1=2270
SELECT w2=2221
BUSY TASK ewma=997
DMA IRQ c0=1
DMA IRQ c1=0
DMA IRQ c2=0
DMA IRQ c3=0
SELECT busy=3820
SELECT w0=3805
SELECT w1=2278
SELECT w2=2228
BUSY TASK ewma=997
DMA IRQ c0=1
DMA IRQ c1=0
DMA IRQ c2=0
DMA IRQ c3=0
SELECT busy=3846
SELECT w0=3831
SELECT w1=2294
SELECT w2=2242
BUSY TASK ewma=997
DMA IRQ c0=1
DMA IRQ c1=0
DMA IRQ c2=0
DMA IRQ c3=0
SELECT busy=3871
SELECT w0=3857
SELECT w1=2309
SELECT w2=2257
BUSY TASK ewma=997
DMA IRQ c0=1
DMA IRQ c1=0
DMA IRQ c2=0
DMA IRQ c3=0
SELECT busy=3894
SELECT w0=3879
SELECT w1=2322
SELECT w2=2269
BUSY TASK ewma=997
DMA IRQ c0=1
DMA IRQ c1=0
DMA IRQ c2=0
DMA IRQ c3=0
SELECT busy=3915
SELECT w0=3901
SELECT w1=2335
SELECT w2=2281
BUSY TASK ewma=997
DMA IRQ c0=1
DMA IRQ c1=0
DMA IRQ c2=0
DMA IRQ c3=0
SELECT busy=3950
SELECT w0=3936
SELECT w1=2355
SELECT w2=2300
BUSY TASK ewma=997
DMA IRQ c0=1
DMA IRQ c1=0
DMA IRQ c2=0
DMA IRQ c3=0
SELECT busy=3984
SELECT w0=3970
SELECT w1=2373
SELECT w2=2317
BUSY TASK ewma=997
DMA IRQ c0=1
DMA IRQ c1=0
DMA IRQ c2=0
DMA IRQ c3=0
SELECT busy=4027
SELECT w0=4013
SELECT w1=2394
SELECT w2=2339
BUSY TASK ewma=997
DMA IRQ c0=1
DMA IRQ c1=0
DMA IRQ c2=0
DMA IRQ c3=0
SELECT busy=4062
SELECT w0=4049
SELECT w1=2412
SELECT w2=2360
BUSY TASK ewma=997
DMA IRQ c0=1
DMA IRQ c1=0
DMA IRQ c2=0
DMA IRQ c3=0
SELECT busy=4089
SELECT w0=4075
SELECT w1=2429
SELECT w2=2380
BUSY TASK ewma=997
DMA IRQ c0=1
DMA IRQ c1=0
DMA IRQ c2=0
DMA IRQ c3=0
SELECT busy=4115
SELECT w0=4101
SELECT w1=2445
SELECT w2=2396
BUSY TASK ewma=997
DMA IRQ c0=1
DMA IRQ c1=0
DMA IRQ c2=0
DMA IRQ c3=0
SELECT busy=4139
SELECT w0=4125
SELECT w1=2458
SELECT w2=2418
BUSY TASK ewma=997
DMA IRQ c0=1
DMA IRQ c1=0
DMA IRQ c2=0
DMA IRQ c3=0
SELECT busy=4167
SELECT w0=4153
SELECT w1=2471
SELECT w2=2430
BUSY TASK ewma=997
DMA IRQ c0=1
DMA IRQ c1=0
DMA IRQ c2=0
DMA IRQ c3=0
SELECT busy=4197
SELECT w0=4183
SELECT w1=2487
SELECT w2=2447
BUSY TASK ewma=997
DMA IRQ c0=1
DMA IRQ c1=0
DMA IRQ c2=0
DMA IRQ c3=0
SELECT busy=4230
SELECT w0=4216
SELECT w1=2502
SELECT w2=2463
BUSY TASK ewma=997
DMA IRQ c0=1
DMA IRQ c1=0
DMA IRQ c2=0
DMA IRQ c3=0
SELECT busy=4251
SELECT w0=4237
SELECT w1=2519
SELECT w2=2477
BUSY TASK ewma=997
DMA IRQ c0=1
DMA IRQ c1=0
DMA IRQ c2=0
DMA IRQ c3=0
SELECT busy=4271
SELECT w0=4257
SELECT w1=2535
SELECT w2=2486
BUSY TASK ewma=997
DMA IRQ c0=1
DMA IRQ c1=0
DMA IRQ c2=0
DMA IRQ c3=0
SELECT busy=4289
SELECT w0=4278
SELECT w1=2553
SELECT w2=2499
BUSY TASK ewma=997
DMA IRQ c0=1
DMA IRQ c1=0
DMA IRQ c2=0
DMA IRQ c3=0
SELECT busy=4316
SELECT w0=4302
SELECT w1=2565
SELECT w2=2511
BUSY TASK ewma=997
DMA IRQ c0=1
DMA IRQ c1=0
DMA IRQ c2=0
DMA IRQ c3=0
SELECT busy=4337
SELECT w0=4323
SELECT w1=2578
SELECT w2=2523
BUSY TASK ewma=997
DMA IRQ c0=1
DMA IRQ c1=0
DMA IRQ c2=0
DMA IRQ c3=0
SELECT busy=4357
SELECT w0=4342
SELECT w1=2590
SELECT w2=2534
BUSY TASK ewma=997
DMA IRQ c0=1
DMA IRQ c1=0
DMA IRQ c2=0
DMA IRQ c3=0
SELECT busy=4377
SELECT w0=4363
SELECT w1=2602
SELECT w2=2547
BUSY TASK ewma=997
DMA IRQ c0=1
DMA IRQ c1=0
DMA IRQ c2=0
DMA IRQ c3=0
SELECT busy=4403
SELECT w0=4389
SELECT w1=2615
SELECT w2=2561
BUSY TASK ewma=997
DMA IRQ c0=1
DMA IRQ c1=0
DMA IRQ c2=0
DMA IRQ c3=0
SELECT busy=4420
SELECT w0=4406
SELECT w1=2624
SELECT w2=2574
BUSY TASK ewma=997
DMA IRQ c0=1
DMA IRQ c1=0
DMA IRQ c2=0
DMA IRQ c3=0
SELECT busy=4437
SELECT w0=4423
SELECT w1=2635
SELECT w2=2585
BUSY TASK ewma=997
DMA IRQ c0=1
DMA IRQ c1=0
DMA IRQ c2=0
DMA IRQ c3=0
SELECT busy=4459
SELECT w0=4446
SELECT w1=2651
SELECT w2=2604
BUSY TASK ewma=997
DMA IRQ c0=1
DMA IRQ c1=0
DMA IRQ c2=0
DMA IRQ c3=0
SELECT busy=4480
SELECT w0=4466
SELECT w1=2664
SELECT w2=2620
BUSY TASK ewma=997
DMA IRQ c0=1
DMA IRQ c1=0
DMA IRQ c2=0
DMA IRQ c3=0
SELECT busy=4505
SELECT w0=4491
SELECT w1=2681
SELECT w2=2637
BUSY TASK ewma=997
DMA IRQ c0=1
DMA IRQ c1=0
DMA IRQ c2=0
DMA IRQ c3=0
SELECT busy=4528
SELECT w0=4515
SELECT w1=2697
SELECT w2=2657
BUSY TASK ewma=997
DMA IRQ c0=1
DMA IRQ c1=0
DMA IRQ c2=0
DMA IRQ c3=0
SELECT busy=4548
SELECT w0=4533
SELECT w1=2704
SELECT w2=2668
BUSY TASK ewma=997
DMA IRQ c0=1
DMA IRQ c1=0
DMA IRQ c2=0
DMA IRQ c3=0
SELECT busy=4568
SELECT w0=4555
SELECT w1=2719
SELECT w2=2682
BUSY TASK ewma=997
IRQ counts: cpu0=9162 cpu1=10422 cpu2=10263 cpu3=10190
SCHED secondaries: calls=30890 unexpected=0
SECTEST switches=30861 cpu1=107411607,105389037 cpu2=82495252,79438920 cpu3=119933512,114007589
PINGPONG rounds=2000 pongs=2000
DMA IRQ c0=1
DMA IRQ c1=0
DMA IRQ c2=0
DMA IRQ c3=0
SELECT busy=4603
SELECT w0=4588
SELECT w1=2738
SELECT w2=2703
BUSY TASK ewma=997
DMA IRQ c0=1
DMA IRQ c1=0
DMA IRQ c2=0
DMA IRQ c3=0
SELECT busy=4633
SELECT w0=4618
SELECT w1=2750
SELECT w2=2718
BUSY TASK ewma=997
DMA IRQ c0=1
DMA IRQ c1=0
DMA IRQ c2=0
DMA IRQ c3=0
SELECT busy=4656
SELECT w0=4642
SELECT w1=2761
SELECT w2=2733
BUSY TASK ewma=997
DMA IRQ c0=1
DMA IRQ c1=0
DMA IRQ c2=0
DMA IRQ c3=0
SELECT busy=4679
SELECT w0=4664
SELECT w1=2768
SELECT w2=2742
BUSY TASK ewma=997
DMA IRQ c0=1
DMA IRQ c1=0
DMA IRQ c2=0
DMA IRQ c3=0
SELECT busy=4699
SELECT w0=4685
SELECT w1=2777
SELECT w2=2756
BUSY TASK ewma=997
DMA IRQ c0=1
DMA IRQ c1=0
DMA IRQ c2=0
DMA IRQ c3=0
SELECT busy=4717
SELECT w0=4703
SELECT w1=2785
SELECT w2=2767
BUSY TASK ewma=997
DMA IRQ c0=1
DMA IRQ c1=0
DMA IRQ c2=0
DMA IRQ c3=0
SELECT busy=4735
SELECT w0=4721
SELECT w1=2796
SELECT w2=2780
BUSY TASK ewma=997
DMA IRQ c0=1
DMA IRQ c1=0
DMA IRQ c2=0
DMA IRQ c3=0
SELECT busy=4755
SELECT w0=4743
SELECT w1=2813
SELECT w2=2795
BUSY TASK ewma=997
DMA IRQ c0=1
DMA IRQ c1=0
DMA IRQ c2=0
DMA IRQ c3=0
SELECT busy=4771
SELECT w0=4757
SELECT w1=2821
SELECT w2=2807
BUSY TASK ewma=997
DMA IRQ c0=1
DMA IRQ c1=0
DMA IRQ c2=0
DMA IRQ c3=0
SELECT busy=4797
SELECT w0=4783
SELECT w1=2836
SELECT w2=2827
BUSY TASK ewma=997
DMA IRQ c0=1
DMA IRQ c1=0
DMA IRQ c2=0
DMA IRQ c3=0
SELECT busy=4827
SELECT w0=4812
SELECT w1=2851
SELECT w2=2844
BUSY TASK ewma=997
DMA IRQ c0=1
DMA IRQ c1=0
DMA IRQ c2=0
DMA IRQ c3=0
SELECT busy=4850
SELECT w0=4835
SELECT w1=2862
SELECT w2=2858
BUSY TASK ewma=997
DMA IRQ c0=1
DMA IRQ c1=0
DMA IRQ c2=0
DMA IRQ c3=0
SELECT busy=4866
SELECT w0=4853
SELECT w1=2875
SELECT w2=2870
BUSY TASK ewma=997
DMA IRQ c0=1
DMA IRQ c1=0
DMA IRQ c2=0
DMA IRQ c3=0
SELECT busy=4898
SELECT w0=4883
SELECT w1=2890
SELECT w2=2884
BUSY TASK ewma=997
DMA IRQ c0=1
DMA IRQ c1=0
DMA IRQ c2=0
DMA IRQ c3=0
SELECT busy=4919
SELECT w0=4905
SELECT w1=2897
SELECT w2=2892
BUSY TASK ewma=997
DMA IRQ c0=1
DMA IRQ c1=0
DMA IRQ c2=0
DMA IRQ c3=0
SELECT busy=4947
SELECT w0=4933
SELECT w1=2907
SELECT w2=2904
BUSY TASK ewma=997
DMA IRQ c0=1
DMA IRQ c1=0
DMA IRQ c2=0
DMA IRQ c3=0
SELECT busy=4992
SELECT w0=4978
SELECT w1=2928
SELECT w2=2927
BUSY TASK ewma=997
DMA IRQ c0=1
DMA IRQ c1=0
DMA IRQ c2=0
DMA IRQ c3=0
SELECT busy=5032
SELECT w0=5018
SELECT w1=2946
SELECT w2=2951
BUSY TASK ewma=997
DMA IRQ c0=1
DMA IRQ c1=0
DMA IRQ c2=0
DMA IRQ c3=0
SELECT busy=5063
SELECT w0=5048
SELECT w1=2959
SELECT w2=2967
BUSY TASK ewma=997
DMA IRQ c0=1
DMA IRQ c1=0
DMA IRQ c2=0
DMA IRQ c3=0
SELECT busy=5090
SELECT w0=5075
SELECT w1=2969
SELECT w2=2978
BUSY TASK ewma=997
DMA IRQ c0=1
DMA IRQ c1=0
DMA IRQ c2=0
DMA IRQ c3=0
SELECT busy=5123
SELECT w0=5112
SELECT w1=2982
SELECT w2=2994
BUSY TASK ewma=997
DMA IRQ c0=1
DMA IRQ c1=0
DMA IRQ c2=0
DMA IRQ c3=0
SELECT busy=5151
SELECT w0=5137
SELECT w1=2992
SELECT w2=3013
BUSY TASK ewma=997
DMA IRQ c0=1
DMA IRQ c1=0
DMA IRQ c2=0
DMA IRQ c3=0
SELECT busy=5177
SELECT w0=5163
SELECT w1=3005
SELECT w2=3029
BUSY TASK ewma=997
DMA IRQ c0=1
DMA IRQ c1=0
DMA IRQ c2=0
DMA IRQ c3=0
SELECT busy=5196
SELECT w0=5181
SELECT w1=3013
SELECT w2=3037
BUSY TASK ewma=997
DMA IRQ c0=1
DMA IRQ c1=0
DMA IRQ c2=0
DMA IRQ c3=0
SELECT busy=5214
SELECT w0=5199
SELECT w1=3018
SELECT w2=3044
BUSY TASK ewma=997
DMA IRQ c0=1
DMA IRQ c1=0
DMA IRQ c2=0
DMA IRQ c3=0
SELECT busy=5226
SELECT w0=5211
SELECT w1=3024
SELECT w2=3050
BUSY TASK ewma=997
DMA IRQ c0=1
DMA IRQ c1=0
DMA IRQ c2=0
DMA IRQ c3=0
SELECT busy=5250
SELECT w0=5236
SELECT w1=3037
SELECT w2=3067
BUSY TASK ewma=997
DMA IRQ c0=1
DMA IRQ c1=0
DMA IRQ c2=0
DMA IRQ c3=0
SELECT busy=5282
SELECT w0=5268
SELECT w1=3054
SELECT w2=3084
BUSY TASK ewma=997
DMA IRQ c0=1
DMA IRQ c1=0
DMA IRQ c2=0
DMA IRQ c3=0
SELECT busy=5318
SELECT w0=5304
SELECT w1=3069
SELECT w2=3103
BUSY TASK ewma=997
DMA IRQ c0=1
DMA IRQ c1=0
DMA IRQ c2=0
DMA IRQ c3=0
SELECT busy=5345
SELECT w0=5331
SELECT w1=3080
SELECT w2=3119
BUSY TASK ewma=997
DMA IRQ c0=1
DMA IRQ c1=0
DMA IRQ c2=0
DMA IRQ c3=0
SELECT busy=5368
SELECT w0=5353
SELECT w1=3091
SELECT w2=3130
BUSY TASK ewma=997
DMA IRQ c0=1
DMA IRQ c1=0
DMA IRQ c2=0
DMA IRQ c3=0
SELECT busy=5388
SELECT w0=5373
SELECT w1=3098
SELECT w2=3139
BUSY TASK ewma=997
DMA IRQ c0=1
DMA IRQ c1=0
DMA IRQ c2=0
DMA IRQ c3=0
SELECT busy=5407
SELECT w0=5392
SELECT w1=3107
SELECT w2=3150
BUSY TASK ewma=997
DMA IRQ c0=1
DMA IRQ c1=0
DMA IRQ c2=0
DMA IRQ c3=0
SELECT busy=5425
SELECT w0=5410
SELECT w1=3114
SELECT w2=3160
BUSY TASK ewma=997
DMA IRQ c0=1
DMA IRQ c1=0
DMA IRQ c2=0
DMA IRQ c3=0
SELECT busy=5442
SELECT w0=5428
SELECT w1=3122
SELECT w2=3172
BUSY TASK ewma=997
DMA IRQ c0=1
DMA IRQ c1=0
DMA IRQ c2=0
DMA IRQ c3=0
SELECT busy=5466
SELECT w0=5451
SELECT w1=3132
SELECT w2=3184
BUSY TASK ewma=997
DMA IRQ c0=1
DMA IRQ c1=0
DMA IRQ c2=0
DMA IRQ c3=0
SELECT busy=5485
SELECT w0=5471
SELECT w1=3143
SELECT w2=3205
BUSY TASK ewma=997
DMA IRQ c0=1
DMA IRQ c1=0
DMA IRQ c2=0
DMA IRQ c3=0
SELECT busy=5507
SELECT w0=5493
SELECT w1=3156
SELECT w2=3220
BUSY TASK ewma=997
DMA IRQ c0=1
DMA IRQ c1=0
DMA IRQ c2=0
DMA IRQ c3=0
SELECT busy=5527
SELECT w0=5512
SELECT w1=3165
SELECT w2=3234
BUSY TASK ewma=997
DMA IRQ c0=1
DMA IRQ c1=0
DMA IRQ c2=0
DMA IRQ c3=0
SELECT busy=5545
SELECT w0=5531
SELECT w1=3177
SELECT w2=3250
BUSY TASK ewma=997
DMA IRQ c0=1
DMA IRQ c1=0
DMA IRQ c2=0
DMA IRQ c3=0
SELECT busy=5565
SELECT w0=5552
SELECT w1=3187
SELECT w2=3262
BUSY TASK ewma=997
DMA IRQ c0=1
DMA IRQ c1=0
DMA IRQ c2=0
DMA IRQ c3=0
SELECT busy=5595
SELECT w0=5580
SELECT w1=3201
SELECT w2=3281
BUSY TASK ewma=997
DMA IRQ c0=1
DMA IRQ c1=0
DMA IRQ c2=0
DMA IRQ c3=0
SELECT busy=5612
SELECT w0=5598
SELECT w1=3208
SELECT w2=3289
BUSY TASK ewma=997
DMA IRQ c0=1
DMA IRQ c1=0
DMA IRQ c2=0
DMA IRQ c3=0
SELECT busy=5636
SELECT w0=5622
SELECT w1=3218
SELECT w2=3305
BUSY TASK ewma=997
DMA IRQ c0=1
DMA IRQ c1=0
DMA IRQ c2=0
DMA IRQ c3=0
SELECT busy=5654
SELECT w0=5640
SELECT w1=3228
SELECT w2=3318
BUSY TASK ewma=997
DMA IRQ c0=1
DMA IRQ c1=0
DMA IRQ c2=0
DMA IRQ c3=0
SELECT busy=5678
SELECT w0=5664
SELECT w1=3239
SELECT w2=3333
BUSY TASK ewma=997
DMA IRQ c0=1
DMA IRQ c1=0
DMA IRQ c2=0
DMA IRQ c3=0
SELECT busy=5700
SELECT w0=5686
SELECT w1=3250
SELECT w2=3345
BUSY TASK ewma=997
DMA IRQ c0=1
DMA IRQ c1=0
DMA IRQ c2=0
DMA IRQ c3=0
SELECT busy=5717
SELECT w0=5703
SELECT w1=3260
SELECT w2=3355
BUSY TASK ewma=997
DMA IRQ c0=1
DMA IRQ c1=0
DMA IRQ c2=0
DMA IRQ c3=0
SELECT busy=5743
SELECT w0=5729
SELECT w1=3273
SELECT w2=3372
BUSY TASK ewma=997
DMA IRQ c0=1
DMA IRQ c1=0
DMA IRQ c2=0
DMA IRQ c3=0
SELECT busy=5763
SELECT w0=5749
SELECT w1=3282
SELECT w2=3382
BUSY TASK ewma=997
DMA IRQ c0=1
DMA IRQ c1=0
DMA IRQ c2=0
DMA IRQ c3=0
SELECT busy=5780
SELECT w0=5766
SELECT w1=3291
SELECT w2=3393
BUSY TASK ewma=997
DMA IRQ c0=1
DMA IRQ c1=0
DMA IRQ c2=0
DMA IRQ c3=0
SELECT busy=5796
SELECT w0=5782
SELECT w1=3299
SELECT w2=3404
BUSY TASK ewma=997
DMA IRQ c0=1
DMA IRQ c1=0
DMA IRQ c2=0
DMA IRQ c3=0
SELECT busy=5822
SELECT w0=5808
SELECT w1=3312
SELECT w2=3420
BUSY TASK ewma=997
DMA IRQ c0=1
DMA IRQ c1=0
DMA IRQ c2=0
DMA IRQ c3=0
SELECT busy=5839
SELECT w0=5825
SELECT w1=3321
SELECT w2=3433
BUSY TASK ewma=997
DMA IRQ c0=1
DMA IRQ c1=0
DMA IRQ c2=0
DMA IRQ c3=0
SELECT busy=5860
SELECT w0=5845
SELECT w1=3330
SELECT w2=3445
BUSY TASK ewma=997
DMA IRQ c0=1
DMA IRQ c1=0
DMA IRQ c2=0
DMA IRQ c3=0
SELECT busy=5883
SELECT w0=5868
SELECT w1=3342
SELECT w2=3454
BUSY TASK ewma=997
DMA IRQ c0=1
DMA IRQ c1=0
DMA IRQ c2=0
DMA IRQ c3=0
SELECT busy=5909
SELECT w0=5894
SELECT w1=3353
SELECT w2=3468
BUSY TASK ewma=997
DMA IRQ c0=1
DMA IRQ c1=0
DMA IRQ c2=0
DMA IRQ c3=0
SELECT busy=5925
SELECT w0=5913
SELECT w1=3366
SELECT w2=3480
BUSY TASK ewma=997
DMA IRQ c0=1
DMA IRQ c1=0
DMA IRQ c2=0
DMA IRQ c3=0
SELECT busy=5963
SELECT w0=5948
SELECT w1=3382
SELECT w2=3500
BUSY TASK ewma=997
DMA IRQ c0=1
DMA IRQ c1=0
DMA IRQ c2=0
DMA IRQ c3=0
SELECT busy=5996
SELECT w0=5981
SELECT w1=3399
SELECT w2=3519
BUSY TASK ewma=997
DMA IRQ c0=1
DMA IRQ c1=0
DMA IRQ c2=0
DMA IRQ c3=0
SELECT busy=6026
SELECT w0=6012
SELECT w1=3414
SELECT w2=3539
BUSY TASK ewma=997
DMA IRQ c0=1
DMA IRQ c1=0
DMA IRQ c2=0
DMA IRQ c3=0
SELECT busy=6049
SELECT w0=6035
SELECT w1=3421
SELECT w2=3546
BUSY TASK ewma=997
DMA IRQ c0=1
DMA IRQ c1=0
DMA IRQ c2=0
DMA IRQ c3=0
SELECT busy=6067
SELECT w0=6052
SELECT w1=3429
SELECT w2=3554
BUSY TASK ewma=997
DMA IRQ c0=1
DMA IRQ c1=0
DMA IRQ c2=0
DMA IRQ c3=0
SELECT busy=6090
SELECT w0=6076
SELECT w1=3444
SELECT w2=3575
BUSY TASK ewma=997
IRQ counts: cpu0=12206 cpu1=14052 cpu2=13838 cpu3=13855
SCHED secondaries: calls=41752 unexpected=0
SECTEST switches=41708 cpu1=140535806,137188151 cpu2=113158155,111493213 cpu3=163127698,157896912
PINGPONG rounds=2000 pongs=2000
DMA IRQ c0=1
DMA IRQ c1=0
DMA IRQ c2=0
DMA IRQ c3=0
SELECT busy=6123
SELECT w0=6109
SELECT w1=3461
SELECT w2=3598
BUSY TASK ewma=997
DMA IRQ c0=1
DMA IRQ c1=0
DMA IRQ c2=0
DMA IRQ c3=0
SELECT busy=6144
SELECT w0=6130
SELECT w1=3471
SELECT w2=3612
BUSY TASK ewma=997
DMA IRQ c0=1
DMA IRQ c1=0
DMA IRQ c2=0
DMA IRQ c3=0
SELECT busy=6163
SELECT w0=6149
SELECT w1=3478
SELECT w2=3620
BUSY TASK ewma=997
DMA IRQ c0=1
DMA IRQ c1=0
DMA IRQ c2=0
DMA IRQ c3=0
SELECT busy=6192
SELECT w0=6178
SELECT w1=3493
SELECT w2=3635
BUSY TASK ewma=997
DMA IRQ c0=1
DMA IRQ c1=0
DMA IRQ c2=0
DMA IRQ c3=0
SELECT busy=6214
SELECT w0=6199
SELECT w1=3500
SELECT w2=3645
BUSY TASK ewma=997
DMA IRQ c0=1
DMA IRQ c1=0
DMA IRQ c2=0
DMA IRQ c3=0
SELECT busy=6231
SELECT w0=6217
SELECT w1=3512
SELECT w2=3660
BUSY TASK ewma=997
DMA IRQ c0=1
DMA IRQ c1=0
DMA IRQ c2=0
DMA IRQ c3=0
SELECT busy=6253
SELECT w0=6239
SELECT w1=3523
SELECT w2=3674
BUSY TASK ewma=997
DMA IRQ c0=1
DMA IRQ c1=0
DMA IRQ c2=0
DMA IRQ c3=0
SELECT busy=6272
SELECT w0=6258
SELECT w1=3532
SELECT w2=3684
BUSY TASK ewma=997
DMA IRQ c0=1
DMA IRQ c1=0
DMA IRQ c2=0
DMA IRQ c3=0
SELECT busy=6293
SELECT w0=6279
SELECT w1=3542
SELECT w2=3697
BUSY TASK ewma=997
DMA IRQ c0=1
DMA IRQ c1=0
DMA IRQ c2=0
DMA IRQ c3=0
SELECT busy=6310
SELECT w0=6295
SELECT w1=3549
SELECT w2=3710
BUSY TASK ewma=997
DMA IRQ c0=1
DMA IRQ c1=0
DMA IRQ c2=0
DMA IRQ c3=0
SELECT busy=6326
SELECT w0=6312
SELECT w1=3560
SELECT w2=3723
BUSY TASK ewma=997
DMA IRQ c0=1
DMA IRQ c1=0
DMA IRQ c2=0
DMA IRQ c3=0
SELECT busy=6348
SELECT w0=6334
SELECT w1=3576
SELECT w2=3740
BUSY TASK ewma=997
DMA IRQ c0=1
DMA IRQ c1=0
DMA IRQ c2=0
DMA IRQ c3=0
SELECT busy=6368
SELECT w0=6353
SELECT w1=3582
SELECT w2=3748
BUSY TASK ewma=997
DMA IRQ c0=1
DMA IRQ c1=0
DMA IRQ c2=0
DMA IRQ c3=0
SELECT busy=6392
SELECT w0=6377
SELECT w1=3592
SELECT w2=3759
BUSY TASK ewma=997
DMA IRQ c0=1
DMA IRQ c1=0
DMA IRQ c2=0
DMA IRQ c3=0
SELECT busy=6415
SELECT w0=6401
SELECT w1=3603
SELECT w2=3773
BUSY TASK ewma=997
DMA IRQ c0=1
DMA IRQ c1=0
DMA IRQ c2=0
DMA IRQ c3=0
SELECT busy=6440
SELECT w0=6425
SELECT w1=3616
SELECT w2=3786
BUSY TASK ewma=997
DMA IRQ c0=1
DMA IRQ c1=0
DMA IRQ c2=0
DMA IRQ c3=0
SELECT busy=6458
SELECT w0=6443
SELECT w1=3623
SELECT w2=3795
BUSY TASK ewma=997
DMA IRQ c0=1
DMA IRQ c1=0
DMA IRQ c2=0
DMA IRQ c3=0
SELECT busy=6472
SELECT w0=6457
SELECT w1=3631
SELECT w2=3804
BUSY TASK ewma=997
DMA IRQ c0=1
DMA IRQ c1=0
DMA IRQ c2=0
DMA IRQ c3=0
SELECT busy=6489
SELECT w0=6475
SELECT w1=3638
SELECT w2=3816
BUSY TASK ewma=997
DMA IRQ c0=1
DMA IRQ c1=0
DMA IRQ c2=0
DMA IRQ c3=0
SELECT busy=6509
SELECT w0=6494
SELECT w1=3646
SELECT w2=3830
BUSY TASK ewma=997
DMA IRQ c0=1
DMA IRQ c1=0
DMA IRQ c2=0
DMA IRQ c3=0
SELECT busy=6528
SELECT w0=6514
SELECT w1=3654
SELECT w2=3840
BUSY TASK ewma=997
DMA IRQ c0=1
DMA IRQ c1=0
DMA IRQ c2=0
DMA IRQ c3=0
SELECT busy=6547
SELECT w0=6533
SELECT w1=3660
SELECT w2=3848
BUSY TASK ewma=997
DMA IRQ c0=1
DMA IRQ c1=0
DMA IRQ c2=0
DMA IRQ c3=0
SELECT busy=6570
SELECT w0=6555
SELECT w1=3668
SELECT w2=3859
BUSY TASK ewma=997
DMA IRQ c0=1
DMA IRQ c1=0
DMA IRQ c2=0
DMA IRQ c3=0
SELECT busy=6584
SELECT w0=6570
SELECT w1=3673
SELECT w2=3866
BUSY TASK ewma=997
DMA IRQ c0=1
DMA IRQ c1=0
DMA IRQ c2=0
DMA IRQ c3=0
SELECT busy=6611
SELECT w0=6596
SELECT w1=3687
SELECT w2=3880
BUSY TASK ewma=997
DMA IRQ c0=1
DMA IRQ c1=0
DMA IRQ c2=0
DMA IRQ c3=0
SELECT busy=6631
SELECT w0=6617
SELECT w1=3697
SELECT w2=3893
BUSY TASK ewma=997
DMA IRQ c0=1
DMA IRQ c1=0
DMA IRQ c2=0
DMA IRQ c3=0
SELECT busy=6655
SELECT w0=6640
SELECT w1=3707
SELECT w2=3903
BUSY TASK ewma=997
DMA IRQ c0=1
DMA IRQ c1=0
DMA IRQ c2=0
DMA IRQ c3=0
SELECT busy=6676
SELECT w0=6661
SELECT w1=3716
SELECT w2=3913
BUSY TASK ewma=997
DMA IRQ c0=1
DMA IRQ c1=0
DMA IRQ c2=0
DMA IRQ c3=0
SELECT busy=6691
SELECT w0=6676
SELECT w1=3723
SELECT w2=3921
BUSY TASK ewma=997
DMA IRQ c0=1
DMA IRQ c1=0
DMA IRQ c2=0
DMA IRQ c3=0
SELECT busy=6709
SELECT w0=6695
SELECT w1=3736
SELECT w2=3932
BUSY TASK ewma=997
DMA IRQ c0=1
DMA IRQ c1=0
DMA IRQ c2=0
DMA IRQ c3=0
SELECT busy=6727
SELECT w0=6714
SELECT w1=3744
SELECT w2=3942
BUSY TASK ewma=997
DMA IRQ c0=1
DMA IRQ c1=0
DMA IRQ c2=0
DMA IRQ c3=0
SELECT busy=6750
SELECT w0=6736
SELECT w1=3755
SELECT w2=3956
BUSY TASK ewma=997
DMA IRQ c0=1
DMA IRQ c1=0
DMA IRQ c2=0
DMA IRQ c3=0
SELECT busy=6766
SELECT w0=6751
SELECT w1=3763
SELECT w2=3968
BUSY TASK ewma=997
DMA IRQ c0=1
DMA IRQ c1=0
DMA IRQ c2=0
DMA IRQ c3=0
SELECT busy=6784
SELECT w0=6770
SELECT w1=3772
SELECT w2=3981
BUSY TASK ewma=997
DMA IRQ c0=1
DMA IRQ c1=0
DMA IRQ c2=0
DMA IRQ c3=0
SELECT busy=6803
SELECT w0=6788
SELECT w1=3778
SELECT w2=3992
BUSY TASK ewma=997
DMA IRQ c0=1
DMA IRQ c1=0
DMA IRQ c2=0
DMA IRQ c3=0
SELECT busy=6820
SELECT w0=6806
SELECT w1=3788
SELECT w2=4005
BUSY TASK ewma=997
DMA IRQ c0=1
DMA IRQ c1=0
DMA IRQ c2=0
DMA IRQ c3=0
SELECT busy=6841
SELECT w0=6827
SELECT w1=3797
SELECT w2=4017
BUSY TASK ewma=997
DMA IRQ c0=1
DMA IRQ c1=0
DMA IRQ c2=0
DMA IRQ c3=0
SELECT busy=6863
SELECT w0=6848
SELECT w1=3808
SELECT w2=4028
BUSY TASK ewma=997
DMA IRQ c0=1
DMA IRQ c1=0
DMA IRQ c2=0
DMA IRQ c3=0
SELECT busy=6879
SELECT w0=6864
SELECT w1=3815
SELECT w2=4039
BUSY TASK ewma=997
DMA IRQ c0=1
DMA IRQ c1=0
DMA IRQ c2=0
DMA IRQ c3=0
SELECT busy=6897
SELECT w0=6882
SELECT w1=3821
SELECT w2=4048
BUSY TASK ewma=997
DMA IRQ c0=1
DMA IRQ c1=0
DMA IRQ c2=0
DMA IRQ c3=0
SELECT busy=6920
SELECT w0=6906
SELECT w1=3831
SELECT w2=4057
BUSY TASK ewma=997
DMA IRQ c0=1
DMA IRQ c1=0
DMA IRQ c2=0
DMA IRQ c3=0
SELECT busy=6938
SELECT w0=6923
SELECT w1=3837
SELECT w2=4067
BUSY TASK ewma=997
DMA IRQ c0=1
DMA IRQ c1=0
DMA IRQ c2=0
DMA IRQ c3=0
SELECT busy=6961
SELECT w0=6949
SELECT w1=3849
SELECT w2=4084
BUSY TASK ewma=997
DMA IRQ c0=1
DMA IRQ c1=0
DMA IRQ c2=0
DMA IRQ c3=0
SELECT busy=6983
SELECT w0=6969
SELECT w1=3857
SELECT w2=4093
BUSY TASK ewma=997
DMA IRQ c0=1
DMA IRQ c1=0
DMA IRQ c2=0
DMA IRQ c3=0
SELECT busy=7001
SELECT w0=6987
SELECT w1=3866
SELECT w2=4104
BUSY TASK ewma=997
DMA IRQ c0=1
DMA IRQ c1=0
DMA IRQ c2=0
DMA IRQ c3=0
SELECT busy=7021
SELECT w0=7008
SELECT w1=3875
SELECT w2=4116
BUSY TASK ewma=997
DMA IRQ c0=1
DMA IRQ c1=0
DMA IRQ c2=0
DMA IRQ c3=0
SELECT busy=7042
SELECT w0=7028
SELECT w1=3885
SELECT w2=4129
BUSY TASK ewma=997
DMA IRQ c0=1
DMA IRQ c1=0
DMA IRQ c2=0
DMA IRQ c3=0
SELECT busy=7059
SELECT w0=7045
SELECT w1=3893
SELECT w2=4140
BUSY TASK ewma=997
DMA IRQ c0=1
DMA IRQ c1=0
DMA IRQ c2=0
DMA IRQ c3=0
SELECT busy=7089
SELECT w0=7075
SELECT w1=3908
SELECT w2=4159
BUSY TASK ewma=997
DMA IRQ c0=1
DMA IRQ c1=0
DMA IRQ c2=0
DMA IRQ c3=0
SELECT busy=7112
SELECT w0=7098
SELECT w1=3922
SELECT w2=4180
BUSY TASK ewma=997
DMA IRQ c0=1
DMA IRQ c1=0
DMA IRQ c2=0
DMA IRQ c3=0
SELECT busy=7141
SELECT w0=7130
SELECT w1=3944
SELECT w2=4205
BUSY TASK ewma=997
DMA IRQ c0=1
DMA IRQ c1=0
DMA IRQ c2=0
DMA IRQ c3=0
SELECT busy=7168
SELECT w0=7154
SELECT w1=3959
SELECT w2=4226
BUSY TASK ewma=997
DMA IRQ c0=1
DMA IRQ c1=0
DMA IRQ c2=0
DMA IRQ c3=0
SELECT busy=7190
SELECT w0=7176
SELECT w1=3971
SELECT w2=4239
BUSY TASK ewma=997
DMA IRQ c0=1
DMA IRQ c1=0
DMA IRQ c2=0
DMA IRQ c3=0
SELECT busy=7210
SELECT w0=7196
SELECT w1=3981
SELECT w2=4253
BUSY TASK ewma=997
DMA IRQ c0=1
DMA IRQ c1=0
DMA IRQ c2=0
DMA IRQ c3=0
SELECT busy=7231
SELECT w0=7217
SELECT w1=3996
SELECT w2=4268
BUSY TASK ewma=997
DMA IRQ c0=1
DMA IRQ c1=0
DMA IRQ c2=0
DMA IRQ c3=0
SELECT busy=7254
SELECT w0=7241
SELECT w1=4010
SELECT w2=4283
BUSY TASK ewma=997
DMA IRQ c0=1
DMA IRQ c1=0
DMA IRQ c2=0
DMA IRQ c3=0
SELECT busy=7277
SELECT w0=7263
SELECT w1=4016
SELECT w2=4290
BUSY TASK ewma=997
DMA IRQ c0=1
DMA IRQ c1=0
DMA IRQ c2=0
DMA IRQ c3=0
SELECT busy=7296
SELECT w0=7282
SELECT w1=4022
SELECT w2=4298
BUSY TASK ewma=997
DMA IRQ c0=1
DMA IRQ c1=0
DMA IRQ c2=0
DMA IRQ c3=0
SELECT busy=7324
SELECT w0=7311
SELECT w1=4036
SELECT w2=4318
BUSY TASK ewma=997
DMA IRQ c0=1
DMA IRQ c1=0
DMA IRQ c2=0
DMA IRQ c3=0
SELECT busy=7349
SELECT w0=7335
SELECT w1=4051
SELECT w2=4335
BUSY TASK ewma=997
DMA IRQ c0=1
DMA IRQ c1=0
DMA IRQ c2=0
DMA IRQ c3=0
SELECT busy=7372
SELECT w0=7359
SELECT w1=4067
SELECT w2=4356
BUSY TASK ewma=997
DMA IRQ c0=1
DMA IRQ c1=0
DMA IRQ c2=0
DMA IRQ c3=0
SELECT busy=7397
SELECT w0=7382
SELECT w1=4077
SELECT w2=4368
BUSY TASK ewma=997
DMA IRQ c0=1
DMA IRQ c1=0
DMA IRQ c2=0
DMA IRQ c3=0
SELECT busy=7417
SELECT w0=7403
SELECT w1=4089
SELECT w2=4381
BUSY TASK ewma=997
DMA IRQ c0=1
DMA IRQ c1=0
DMA IRQ c2=0
DMA IRQ c3=0
SELECT busy=7433
SELECT w0=7419
SELECT w1=4098
SELECT w2=4392
BUSY TASK ewma=997
IRQ counts: cpu0=14892 cpu1=17314 cpu2=17097 cpu3=17035
SCHED secondaries: calls=51471 unexpected=0
SECTEST switches=51467 cpu1=176768558,174789326 cpu2=144471916,144273337 cpu3=208780366,201535347
PINGPONG rounds=2000 pongs=2000
DMA IRQ c0=1
DMA IRQ c1=0
DMA IRQ c2=0
DMA IRQ c3=0
SELECT busy=7470
SELECT w0=7456
SELECT w1=4119
SELECT w2=4416
BUSY TASK ewma=997
DMA IRQ c0=1
DMA IRQ c1=0
DMA IRQ c2=0
DMA IRQ c3=0
SELECT busy=7488
SELECT w0=7473
SELECT w1=4126
SELECT w2=4425
BUSY TASK ewma=997
DMA IRQ c0=1
DMA IRQ c1=0
DMA IRQ c2=0
DMA IRQ c3=0
SELECT busy=7505
SELECT w0=7490
SELECT w1=4134
SELECT w2=4435
BUSY TASK ewma=997
DMA IRQ c0=1
DMA IRQ c1=0
DMA IRQ c2=0
DMA IRQ c3=0
SELECT busy=7525
SELECT w0=7512
SELECT w1=4141
SELECT w2=4444
BUSY TASK ewma=997
DMA IRQ c0=1
DMA IRQ c1=0
DMA IRQ c2=0
DMA IRQ c3=0
SELECT busy=7548
SELECT w0=7533
SELECT w1=4149
SELECT w2=4452
BUSY TASK ewma=997
DMA IRQ c0=1
DMA IRQ c1=0
DMA IRQ c2=0
DMA IRQ c3=0
SELECT busy=7568
SELECT w0=7553
SELECT w1=4155
SELECT w2=4460
BUSY TASK ewma=997
DMA IRQ c0=1
DMA IRQ c1=0
DMA IRQ c2=0
DMA IRQ c3=0
SELECT busy=7586
SELECT w0=7573
SELECT w1=4164
SELECT w2=4470
BUSY TASK ewma=997
DMA IRQ c0=1
DMA IRQ c1=0
DMA IRQ c2=0
DMA IRQ c3=0
SELECT busy=7605
SELECT w0=7590
SELECT w1=4172
SELECT w2=4480
BUSY TASK ewma=997
DMA IRQ c0=1
DMA IRQ c1=0
DMA IRQ c2=0
DMA IRQ c3=0
SELECT busy=7627
SELECT w0=7612
SELECT w1=4180
SELECT w2=4489
BUSY TASK ewma=997
DMA IRQ c0=1
DMA IRQ c1=0
DMA IRQ c2=0
DMA IRQ c3=0
SELECT busy=7645
SELECT w0=7630
SELECT w1=4188
SELECT w2=4497
BUSY TASK ewma=997
DMA IRQ c0=1
DMA IRQ c1=0
DMA IRQ c2=0
DMA IRQ c3=0
SELECT busy=7660
SELECT w0=7645
SELECT w1=4196
SELECT w2=4504
BUSY TASK ewma=997
DMA IRQ c0=1
DMA IRQ c1=0
DMA IRQ c2=0
DMA IRQ c3=0
SELECT busy=7680
SELECT w0=7667
SELECT w1=4208
SELECT w2=4516
BUSY TASK ewma=997
DMA IRQ c0=1
DMA IRQ c1=0
DMA IRQ c2=0
DMA IRQ c3=0
SELECT busy=7710
SELECT w0=7696
SELECT w1=4223
SELECT w2=4535
BUSY TASK ewma=997
DMA IRQ c0=1
DMA IRQ c1=0
DMA IRQ c2=0
DMA IRQ c3=0
SELECT busy=7736
SELECT w0=7722
SELECT w1=4237
SELECT w2=4555
BUSY TASK ewma=997
DMA IRQ c0=1
DMA IRQ c1=0
DMA IRQ c2=0
DMA IRQ c3=0
SELECT busy=7757
SELECT w0=7742
SELECT w1=4248
SELECT w2=4569
BUSY TASK ewma=997
DMA IRQ c0=1
DMA IRQ c1=0
DMA IRQ c2=0
DMA IRQ c3=0
SELECT busy=7777
SELECT w0=7763
SELECT w1=4257
SELECT w2=4579
BUSY TASK ewma=997
DMA IRQ c0=1
DMA IRQ c1=0
DMA IRQ c2=0
DMA IRQ c3=0
SELECT busy=7804
SELECT w0=7789
SELECT w1=4269
SELECT w2=4593
BUSY TASK ewma=997
DMA IRQ c0=1
DMA IRQ c1=0
DMA IRQ c2=0
DMA IRQ c3=0
SELECT busy=7824
SELECT w0=7811
SELECT w1=4280
SELECT w2=4608
BUSY TASK ewma=997
DMA IRQ c0=1
DMA IRQ c1=0
DMA IRQ c2=0
DMA IRQ c3=0
SELECT busy=7850
SELECT w0=7836
SELECT w1=4293
SELECT w2=4621
BUSY TASK ewma=997
DMA IRQ c0=1
DMA IRQ c1=0
DMA IRQ c2=0
DMA IRQ c3=0
SELECT busy=7864
SELECT w0=7850
SELECT w1=4300
SELECT w2=4629
BUSY TASK ewma=997
DMA IRQ c0=1
DMA IRQ c1=0
DMA IRQ c2=0
DMA IRQ c3=0
SELECT busy=7883
SELECT w0=7868
SELECT w1=4308
SELECT w2=4640
BUSY TASK ewma=997
DMA IRQ c0=1
DMA IRQ c1=0
DMA IRQ c2=0
DMA IRQ c3=0
SELECT busy=7898
SELECT w0=7884
SELECT w1=4317
SELECT w2=4650
BUSY TASK ewma=997
DMA IRQ c0=1
DMA IRQ c1=0
DMA IRQ c2=0
DMA IRQ c3=0
SELECT busy=7917
SELECT w0=7904
SELECT w1=4328
SELECT w2=4661
BUSY TASK ewma=997
DMA IRQ c0=1
DMA IRQ c1=0
DMA IRQ c2=0
DMA IRQ c3=0
SELECT busy=7939
SELECT w0=7925
SELECT w1=4337
SELECT w2=4673
BUSY TASK ewma=997
DMA IRQ c0=1
DMA IRQ c1=0
DMA IRQ c2=0
DMA IRQ c3=0
SELECT busy=7961
SELECT w0=7946
SELECT w1=4346
SELECT w2=4686
BUSY TASK ewma=997
DMA IRQ c0=1
DMA IRQ c1=0
DMA IRQ c2=0
DMA IRQ c3=0
SELECT busy=7981
SELECT w0=7966
SELECT w1=4352
SELECT w2=4694
BUSY TASK ewma=997
DMA IRQ c0=1
DMA IRQ c1=0
DMA IRQ c2=0
DMA IRQ c3=0
SELECT busy=7998
SELECT w0=7984
SELECT w1=4361
SELECT w2=4706
BUSY TASK ewma=997
DMA IRQ c0=1
DMA IRQ c1=0
DMA IRQ c2=0
DMA IRQ c3=0
SELECT busy=8029
SELECT w0=8015
SELECT w1=4378
SELECT w2=4725
BUSY TASK ewma=997
DMA IRQ c0=1
DMA IRQ c1=0
DMA IRQ c2=0
DMA IRQ c3=0
SELECT busy=8045
SELECT w0=8030
SELECT w1=4384
SELECT w2=4734
BUSY TASK ewma=997
DMA IRQ c0=1
DMA IRQ c1=0
DMA IRQ c2=0
DMA IRQ c3=0
SELECT busy=8061
SELECT w0=8046
SELECT w1=4392
SELECT w2=4741
BUSY TASK ewma=997
DMA IRQ c0=1
DMA IRQ c1=0
DMA IRQ c2=0
DMA IRQ c3=0
SELECT busy=8094
SELECT w0=8080
SELECT w1=4406
SELECT w2=4761
BUSY TASK ewma=997
DMA IRQ c0=1
DMA IRQ c1=0
DMA IRQ c2=0
DMA IRQ c3=0
SELECT busy=8122
SELECT w0=8107
SELECT w1=4415
SELECT w2=4775
BUSY TASK ewma=997
DMA IRQ c0=1
DMA IRQ c1=0
DMA IRQ c2=0
DMA IRQ c3=0
SELECT busy=8159
SELECT w0=8144
SELECT w1=4431
SELECT w2=4796
BUSY TASK ewma=997
DMA IRQ c0=1
DMA IRQ c1=0
DMA IRQ c2=0
DMA IRQ c3=0
SELECT busy=8199
SELECT w0=8185
SELECT w1=4446
SELECT w2=4814
BUSY TASK ewma=997
DMA IRQ c0=1
DMA IRQ c1=0
DMA IRQ c2=0
DMA IRQ c3=0
SELECT busy=8229
SELECT w0=8214
SELECT w1=4457
SELECT w2=4827
BUSY TASK ewma=997
DMA IRQ c0=1
DMA IRQ c1=0
DMA IRQ c2=0
DMA IRQ c3=0
SELECT busy=8245
SELECT w0=8230
SELECT w1=4463
SELECT w2=4837
BUSY TASK ewma=997
DMA IRQ c0=1
DMA IRQ c1=0
DMA IRQ c2=0
DMA IRQ c3=0
SELECT busy=8260
SELECT w0=8245
SELECT w1=4469
SELECT w2=4848
BUSY TASK ewma=997
DMA IRQ c0=1
DMA IRQ c1=0
DMA IRQ c2=0
DMA IRQ c3=0
SELECT busy=8277
SELECT w0=8263
SELECT w1=4477
SELECT w2=4859
BUSY TASK ewma=997
DMA IRQ c0=1
DMA IRQ c1=0
DMA IRQ c2=0
DMA IRQ c3=0
SELECT busy=8294
SELECT w0=8279
SELECT w1=4482
SELECT w2=4867
BUSY TASK ewma=997
DMA IRQ c0=1
DMA IRQ c1=0
DMA IRQ c2=0
DMA IRQ c3=0
SELECT busy=8308
SELECT w0=8293
SELECT w1=4489
SELECT w2=4875
BUSY TASK ewma=997
DMA IRQ c0=1
DMA IRQ c1=0
DMA IRQ c2=0
DMA IRQ c3=0
SELECT busy=8328
SELECT w0=8314
SELECT w1=4499
SELECT w2=4888
BUSY TASK ewma=997
DMA IRQ c0=1
DMA IRQ c1=0
DMA IRQ c2=0
DMA IRQ c3=0
SELECT busy=8363
SELECT w0=8348
SELECT w1=4512
SELECT w2=4906
BUSY TASK ewma=997
DMA IRQ c0=1
DMA IRQ c1=0
DMA IRQ c2=0
DMA IRQ c3=0
SELECT busy=8384
SELECT w0=8372
SELECT w1=4521
SELECT w2=4921
BUSY TASK ewma=997
DMA IRQ c0=1
DMA IRQ c1=0
DMA IRQ c2=0
DMA IRQ c3=0
SELECT busy=8410
SELECT w0=8396
SELECT w1=4532
SELECT w2=4936
BUSY TASK ewma=997
DMA IRQ c0=1
DMA IRQ c1=0
DMA IRQ c2=0
DMA IRQ c3=0
SELECT busy=8437
SELECT w0=8423
SELECT w1=4546
SELECT w2=4951
BUSY TASK ewma=997
DMA IRQ c0=1
DMA IRQ c1=0
DMA IRQ c2=0
DMA IRQ c3=0
SELECT busy=8456
SELECT w0=8442
SELECT w1=4559
SELECT w2=4972
BUSY TASK ewma=997
DMA IRQ c0=1
DMA IRQ c1=0
DMA IRQ c2=0
DMA IRQ c3=0
SELECT busy=8476
SELECT w0=8461
SELECT w1=4568
SELECT w2=4981
BUSY TASK ewma=997
DMA IRQ c0=1
DMA IRQ c1=0
DMA IRQ c2=0
DMA IRQ c3=0
SELECT busy=8492
SELECT w0=8477
SELECT w1=4574
SELECT w2=4991
BUSY TASK ewma=997
DMA IRQ c0=1
DMA IRQ c1=0
DMA IRQ c2=0
DMA IRQ c3=0
SELECT busy=8512
SELECT w0=8498
SELECT w1=4583
SELECT w2=5003
BUSY TASK ewma=997
DMA IRQ c0=1
DMA IRQ c1=0
DMA IRQ c2=0
DMA IRQ c3=0
SELECT busy=8527
SELECT w0=8513
SELECT w1=4589
SELECT w2=5013
BUSY TASK ewma=997
DMA IRQ c0=1
DMA IRQ c1=0
DMA IRQ c2=0
DMA IRQ c3=0
SELECT busy=8545
SELECT w0=8530
SELECT w1=4596
SELECT w2=5021
BUSY TASK ewma=997
DMA IRQ c0=1
DMA IRQ c1=0
DMA IRQ c2=0
DMA IRQ c3=0
SELECT busy=8564
SELECT w0=8550
SELECT w1=4607
SELECT w2=5032
BUSY TASK ewma=997
DMA IRQ c0=1
DMA IRQ c1=0
DMA IRQ c2=0
DMA IRQ c3=0
SELECT busy=8583
SELECT w0=8569
SELECT w1=4616
SELECT w2=5044
BUSY TASK ewma=997
DMA IRQ c0=1
DMA IRQ c1=0
DMA IRQ c2=0
DMA IRQ c3=0
SELECT busy=8604
SELECT w0=8591
SELECT w1=4626
SELECT w2=5054
BUSY TASK ewma=997
DMA IRQ c0=1
DMA IRQ c1=0
DMA IRQ c2=0
DMA IRQ c3=0
SELECT busy=8626
SELECT w0=8612
SELECT w1=4635
SELECT w2=5064
BUSY TASK ewma=997
DMA IRQ c0=1
DMA IRQ c1=0
DMA IRQ c2=0
DMA IRQ c3=0
SELECT busy=8658
SELECT w0=8644
SELECT w1=4650
SELECT w2=5081
BUSY TASK ewma=997
DMA IRQ c0=1
DMA IRQ c1=0
DMA IRQ c2=0
DMA IRQ c3=0
SELECT busy=8690
SELECT w0=8676
SELECT w1=4665
SELECT w2=5103
BUSY TASK ewma=997
DMA IRQ c0=1
DMA IRQ c1=0
DMA IRQ c2=0
DMA IRQ c3=0
SELECT busy=8717
SELECT w0=8703
SELECT w1=4675
SELECT w2=5117
BUSY TASK ewma=997
DMA IRQ c0=1
DMA IRQ c1=0
DMA IRQ c2=0
DMA IRQ c3=0
SELECT busy=8740
SELECT w0=8726
SELECT w1=4685
SELECT w2=5128
BUSY TASK ewma=997
DMA IRQ c0=1
DMA IRQ c1=0
DMA IRQ c2=0
DMA IRQ c3=0
SELECT busy=8757
SELECT w0=8743
SELECT w1=4693
SELECT w2=5138
BUSY TASK ewma=997
DMA IRQ c0=1
DMA IRQ c1=0
DMA IRQ c2=0
DMA IRQ c3=0
SELECT busy=8775
SELECT w0=8761
SELECT w1=4702
SELECT w2=5149
BUSY TASK ewma=997
DMA IRQ c0=1
DMA IRQ c1=0
DMA IRQ c2=0
DMA IRQ c3=0
SELECT busy=8798
SELECT w0=8783
SELECT w1=4712
SELECT w2=5163
BUSY TASK ewma=997
DMA IRQ c0=1
DMA IRQ c1=0
DMA IRQ c2=0
DMA IRQ c3=0
SELECT busy=8817
SELECT w0=8803
SELECT w1=4720
SELECT w2=5174
BUSY TASK ewma=997
DMA IRQ c0=1
DMA IRQ c1=0
DMA IRQ c2=0
DMA IRQ c3=0
SELECT busy=8837
SELECT w0=8822
SELECT w1=4728
SELECT w2=5183
BUSY TASK ewma=997
IRQ counts: cpu0=17700 cpu1=20463 cpu2=20264 cpu3=20240
SCHED secondaries: calls=60982 unexpected=0
SECTEST switches=60972 cpu1=206533976,204596574 cpu2=171669867,171644148 cpu3=247497239,241759018
PINGPONG rounds=2000 pongs=2000
DMA IRQ c0=1
DMA IRQ c1=0
DMA IRQ c2=0
DMA IRQ c3=0
SELECT busy=8874
SELECT w0=8860
SELECT w1=4743
SELECT w2=5202
BUSY TASK ewma=997
DMA IRQ c0=1
DMA IRQ c1=0
DMA IRQ c2=0
DMA IRQ c3=0
SELECT busy=8903
SELECT w0=8888
SELECT w1=4755
SELECT w2=5220
BUSY TASK ewma=997
DMA IRQ c0=1
DMA IRQ c1=0
DMA IRQ c2=0
DMA IRQ c3=0
SELECT busy=8924
SELECT w0=8909
SELECT w1=4765
SELECT w2=5232
BUSY TASK ewma=997
DMA IRQ c0=1
DMA IRQ c1=0
DMA IRQ c2=0
DMA IRQ c3=0
SELECT busy=8948
SELECT w0=8933
SELECT w1=4777
SELECT w2=5247
BUSY TASK ewma=997
DMA IRQ c0=1
DMA IRQ c1=0
DMA IRQ c2=0
DMA IRQ c3=0
SELECT busy=8980
SELECT w0=8966
SELECT w1=4792
SELECT w2=5267
BUSY TASK ewma=997
DMA IRQ c0=1
DMA IRQ c1=0
DMA IRQ c2=0
DMA IRQ c3=0
SELECT busy=9012
SELECT w0=8998
SELECT w1=4806
SELECT w2=5284
BUSY TASK ewma=997
DMA IRQ c0=1
DMA IRQ c1=0
DMA IRQ c2=0
DMA IRQ c3=0
SELECT busy=9040
SELECT w0=9025
SELECT w1=4818
SELECT w2=5297
BUSY TASK ewma=997
DMA IRQ c0=1
DMA IRQ c1=0
DMA IRQ c2=0
DMA IRQ c3=0
SELECT busy=9059
SELECT w0=9044
SELECT w1=4827
SELECT w2=5310
BUSY TASK ewma=997
DMA IRQ c0=1
DMA IRQ c1=0
DMA IRQ c2=0
DMA IRQ c3=0
SELECT busy=9085
SELECT w0=9070
SELECT w1=4838
SELECT w2=5322
BUSY TASK ewma=997
DMA IRQ c0=1
DMA IRQ c1=0
DMA IRQ c2=0
DMA IRQ c3=0
SELECT busy=9106
SELECT w0=9091
SELECT w1=4847
SELECT w2=5333
BUSY TASK ewma=997
DMA IRQ c0=1
DMA IRQ c1=0
DMA IRQ c2=0
DMA IRQ c3=0
SELECT busy=9118
SELECT w0=9104
SELECT w1=4853
SELECT w2=5340
BUSY TASK ewma=997
DMA IRQ c0=1
DMA IRQ c1=0
DMA IRQ c2=0
DMA IRQ c3=0
SELECT busy=9138
SELECT w0=9123
SELECT w1=4861
SELECT w2=5349
BUSY TASK ewma=997
DMA IRQ c0=1
DMA IRQ c1=0
DMA IRQ c2=0
DMA IRQ c3=0
SELECT busy=9157
SELECT w0=9142
SELECT w1=4868
SELECT w2=5357
BUSY TASK ewma=997
DMA IRQ c0=1
DMA IRQ c1=0
DMA IRQ c2=0
DMA IRQ c3=0
SELECT busy=9175
SELECT w0=9161
SELECT w1=4875
SELECT w2=5367
BUSY TASK ewma=997
DMA IRQ c0=1
DMA IRQ c1=0
DMA IRQ c2=0
DMA IRQ c3=0
SELECT busy=9194
SELECT w0=9179
SELECT w1=4882
SELECT w2=5376
BUSY TASK ewma=997
DMA IRQ c0=1
DMA IRQ c1=0
DMA IRQ c2=0
DMA IRQ c3=0
SELECT busy=9212
SELECT w0=9198
SELECT w1=4887
SELECT w2=5382
BUSY TASK ewma=997
DMA IRQ c0=1
DMA IRQ c1=0
DMA IRQ c2=0
DMA IRQ c3=0
SELECT busy=9231
SELECT w0=9216
SELECT w1=4892
SELECT w2=5389
BUSY TASK ewma=997
DMA IRQ c0=1
DMA IRQ c1=0
DMA IRQ c2=0
DMA IRQ c3=0
SELECT busy=9246
SELECT w0=9231
SELECT w1=4900
SELECT w2=5398
BUSY TASK ewma=997
DMA IRQ c0=1
DMA IRQ c1=0
DMA IRQ c2=0
DMA IRQ c3=0
SELECT busy=9261
SELECT w0=9247
SELECT w1=4909
SELECT w2=5411
BUSY TASK ewma=997
DMA IRQ c0=1
DMA IRQ c1=0
DMA IRQ c2=0
DMA IRQ c3=0
SELECT busy=9279
SELECT w0=9264
SELECT w1=4916
SELECT w2=5419
BUSY TASK ewma=997
DMA IRQ c0=1
DMA IRQ c1=0
DMA IRQ c2=0
DMA IRQ c3=0
SELECT busy=9302
SELECT w0=9288
SELECT w1=4930
SELECT w2=5432
BUSY TASK ewma=997
DMA IRQ c0=1
DMA IRQ c1=0
DMA IRQ c2=0
DMA IRQ c3=0
SELECT busy=9318
SELECT w0=9303
SELECT w1=4937
SELECT w2=5442
BUSY TASK ewma=997
DMA IRQ c0=1
DMA IRQ c1=0
DMA IRQ c2=0
DMA IRQ c3=0
SELECT busy=9334
SELECT w0=9320
SELECT w1=4945
SELECT w2=5452
BUSY TASK ewma=997
DMA IRQ c0=1
DMA IRQ c1=0
DMA IRQ c2=0
DMA IRQ c3=0
SELECT busy=9360
SELECT w0=9346
SELECT w1=4956
SELECT w2=5466
BUSY TASK ewma=997
DMA IRQ c0=1
DMA IRQ c1=0
DMA IRQ c2=0
DMA IRQ c3=0
SELECT busy=9383
SELECT w0=9368
SELECT w1=4965
SELECT w2=5477
BUSY TASK ewma=997
DMA IRQ c0=1
DMA IRQ c1=0
DMA IRQ c2=0
DMA IRQ c3=0
SELECT busy=9415
SELECT w0=9402
SELECT w1=4979
SELECT w2=5497
BUSY TASK ewma=997
DMA IRQ c0=1
DMA IRQ c1=0
DMA IRQ c2=0
DMA IRQ c3=0
SELECT busy=9451
SELECT w0=9436
SELECT w1=4992
SELECT w2=5513
BUSY TASK ewma=997
DMA IRQ c0=1
DMA IRQ c1=0
DMA IRQ c2=0
DMA IRQ c3=0
SELECT busy=9485
SELECT w0=9472
SELECT w1=5009
SELECT w2=5536
BUSY TASK ewma=997
DMA IRQ c0=1
DMA IRQ c1=0
DMA IRQ c2=0
DMA IRQ c3=0
SELECT busy=9506
SELECT w0=9491
SELECT w1=5017
SELECT w2=5549
BUSY TASK ewma=997
DMA IRQ c0=1
DMA IRQ c1=0
DMA IRQ c2=0
DMA IRQ c3=0
SELECT busy=9523
SELECT w0=9509
SELECT w1=5025
SELECT w2=5559
BUSY TASK ewma=997
DMA IRQ c0=1
DMA IRQ c1=0
DMA IRQ c2=0
DMA IRQ c3=0
SELECT busy=9539
SELECT w0=9525
SELECT w1=5034
SELECT w2=5572
BUSY TASK ewma=997
DMA IRQ c0=1
DMA IRQ c1=0
DMA IRQ c2=0
DMA IRQ c3=0
SELECT busy=9555
SELECT w0=9540
SELECT w1=5042
SELECT w2=5581
BUSY TASK ewma=997
DMA IRQ c0=1
DMA IRQ c1=0
DMA IRQ c2=0
DMA IRQ c3=0
SELECT busy=9574
SELECT w0=9560
SELECT w1=5054
SELECT w2=5593
BUSY TASK ewma=997
DMA IRQ c0=1
DMA IRQ c1=0
DMA IRQ c2=0
DMA IRQ c3=0
SELECT busy=9592
SELECT w0=9577
SELECT w1=5062
SELECT w2=5607
BUSY TASK ewma=997
DMA IRQ c0=1
DMA IRQ c1=0
DMA IRQ c2=0
DMA IRQ c3=0
SELECT busy=9614
SELECT w0=9600
SELECT w1=5073
SELECT w2=5617
BUSY TASK ewma=997
DMA IRQ c0=1
DMA IRQ c1=0
DMA IRQ c2=0
DMA IRQ c3=0
SELECT busy=9633
SELECT w0=9619
SELECT w1=5078
SELECT w2=5625
BUSY TASK ewma=997
DMA IRQ c0=1
DMA IRQ c1=0
DMA IRQ c2=0
DMA IRQ c3=0
SELECT busy=9650
SELECT w0=9636
SELECT w1=5085
SELECT w2=5634
BUSY TASK ewma=997
DMA IRQ c0=1
DMA IRQ c1=0
DMA IRQ c2=0
DMA IRQ c3=0
SELECT busy=9670
SELECT w0=9655
SELECT w1=5093
SELECT w2=5645
BUSY TASK ewma=997
DMA IRQ c0=1
DMA IRQ c1=0
DMA IRQ c2=0
DMA IRQ c3=0
SELECT busy=9690
SELECT w0=9676
SELECT w1=5104
SELECT w2=5659
BUSY TASK ewma=997
DMA IRQ c0=1
DMA IRQ c1=0
DMA IRQ c2=0
DMA IRQ c3=0
SELECT busy=9712
SELECT w0=9698
SELECT w1=5114
SELECT w2=5670
BUSY TASK ewma=997
DMA IRQ c0=1
DMA IRQ c1=0
DMA IRQ c2=0
DMA IRQ c3=0
SELECT busy=9733
SELECT w0=9718
SELECT w1=5122
SELECT w2=5681
BUSY TASK ewma=997
DMA IRQ c0=1
DMA IRQ c1=0
DMA IRQ c2=0
DMA IRQ c3=0
SELECT busy=9753
SELECT w0=9738
SELECT w1=5131
SELECT w2=5692
BUSY TASK ewma=997
DMA IRQ c0=1
DMA IRQ c1=0
DMA IRQ c2=0
DMA IRQ c3=0
SELECT busy=9774
SELECT w0=9759
SELECT w1=5139
SELECT w2=5705
BUSY TASK ewma=997
DMA IRQ c0=1
DMA IRQ c1=0
DMA IRQ c2=0
DMA IRQ c3=0
SELECT busy=9793
SELECT w0=9779
SELECT w1=5147
SELECT w2=5714
BUSY TASK ewma=997
DMA IRQ c0=1
DMA IRQ c1=0
DMA IRQ c2=0
DMA IRQ c3=0
SELECT busy=9814
SELECT w0=9799
SELECT w1=5156
SELECT w2=5727
BUSY TASK ewma=997
DMA IRQ c0=1
DMA IRQ c1=0
DMA IRQ c2=0
DMA IRQ c3=0
SELECT busy=9834
SELECT w0=9819
SELECT w1=5164
SELECT w2=5736
BUSY TASK ewma=997
DMA IRQ c0=1
DMA IRQ c1=0
DMA IRQ c2=0
DMA IRQ c3=0
SELECT busy=9858
SELECT w0=9843
SELECT w1=5175
SELECT w2=5748
BUSY TASK ewma=997
DMA IRQ c0=1
DMA IRQ c1=0
DMA IRQ c2=0
DMA IRQ c3=0
SELECT busy=9873
SELECT w0=9858
SELECT w1=5182
SELECT w2=5756
BUSY TASK ewma=997
DMA IRQ c0=1
DMA IRQ c1=0
DMA IRQ c2=0
DMA IRQ c3=0
SELECT busy=9887
SELECT w0=9872
SELECT w1=5188
SELECT w2=5764
BUSY TASK ewma=997
DMA IRQ c0=1
DMA IRQ c1=0
DMA IRQ c2=0
DMA IRQ c3=0
SELECT busy=9905
SELECT w0=9890
SELECT w1=5195
SELECT w2=5773
BUSY TASK ewma=997
DMA IRQ c0=1
DMA IRQ c1=0
DMA IRQ c2=0
DMA IRQ c3=0
SELECT busy=9918
SELECT w0=9903
SELECT w1=5201
SELECT w2=5781
BUSY TASK ewma=997
DMA IRQ c0=1
DMA IRQ c1=0
DMA IRQ c2=0
DMA IRQ c3=0
SELECT busy=9936
SELECT w0=9921
SELECT w1=5207
SELECT w2=5790
BUSY TASK ewma=997
DMA IRQ c0=1
DMA IRQ c1=0
DMA IRQ c2=0
DMA IRQ c3=0
SELECT busy=9957
SELECT w0=9943
SELECT w1=5218
SELECT w2=5803
BUSY TASK ewma=997
DMA IRQ c0=1
DMA IRQ c1=0
DMA IRQ c2=0
DMA IRQ c3=0
SELECT busy=9977
SELECT w0=9963
SELECT w1=5225
SELECT w2=5812
BUSY TASK ewma=997
DMA IRQ c0=1
DMA IRQ c1=0
DMA IRQ c2=0
DMA IRQ c3=0
SELECT busy=9994
SELECT w0=9980
SELECT w1=5233
SELECT w2=5821
BUSY TASK ewma=997
DMA IRQ c0=1
DMA IRQ c1=0
DMA IRQ c2=0
DMA IRQ c3=0
SELECT busy=10015
SELECT w0=10000
SELECT w1=5241
SELECT w2=5832
BUSY TASK ewma=997
DMA IRQ c0=1
DMA IRQ c1=0
DMA IRQ c2=0
DMA IRQ c3=0
SELECT busy=10033
SELECT w0=10018
SELECT w1=5248
SELECT w2=5841
BUSY TASK ewma=997
DMA IRQ c0=1
DMA IRQ c1=0
DMA IRQ c2=0
DMA IRQ c3=0
SELECT busy=10051
SELECT w0=10037
SELECT w1=5255
SELECT w2=5850
BUSY TASK ewma=997
DMA IRQ c0=1
DMA IRQ c1=0
DMA IRQ c2=0
DMA IRQ c3=0
SELECT busy=10078
SELECT w0=10064
SELECT w1=5268
SELECT w2=5868
BUSY TASK ewma=997
DMA IRQ c0=1
DMA IRQ c1=0
DMA IRQ c2=0
DMA IRQ c3=0
SELECT busy=10111
SELECT w0=10097
SELECT w1=5281
SELECT w2=5885
BUSY TASK ewma=997
DMA IRQ c0=1
DMA IRQ c1=0
DMA IRQ c2=0
DMA IRQ c3=0
SELECT busy=10151
SELECT w0=10137
SELECT w1=5298
SELECT w2=5907
BUSY TASK ewma=997
DMA IRQ c0=1
DMA IRQ c1=0
DMA IRQ c2=0
DMA IRQ c3=0
SELECT busy=10192
SELECT w0=10177
SELECT w1=5314
SELECT w2=5931
BUSY TASK ewma=997
DMA IRQ c0=1
DMA IRQ c1=0
DMA IRQ c2=0
DMA IRQ c3=0
SELECT busy=10233
SELECT w0=10219
SELECT w1=5334
SELECT w2=5954
BUSY TASK ewma=997
DMA IRQ c0=1
DMA IRQ c1=0
DMA IRQ c2=0
DMA IRQ c3=0
SELECT busy=10260
SELECT w0=10246
SELECT w1=5345
SELECT w2=5968
BUSY TASK ewma=997
IRQ counts: cpu0=20554 cpu1=23563 cpu2=23420 cpu3=23385
SCHED secondaries: calls=70385 unexpected=0
SECTEST switches=70364 cpu1=236125021,233777397 cpu2=197519595,196649972 cpu3=284321989,278100949
PINGPONG rounds=2000 pongs=2000
DMA IRQ c0=1
DMA IRQ c1=0
DMA IRQ c2=0
DMA IRQ c3=0
SELECT busy=10297
SELECT w0=10283
SELECT w1=5363
SELECT w2=5991
BUSY TASK ewma=997
DMA IRQ c0=1
DMA IRQ c1=0
DMA IRQ c2=0
DMA IRQ c3=0
SELECT busy=10326
SELECT w0=10312
SELECT w1=5379
SELECT w2=6010
BUSY TASK ewma=997
DMA IRQ c0=1
DMA IRQ c1=0
DMA IRQ c2=0
DMA IRQ c3=0
SELECT busy=10359
SELECT w0=10344
SELECT w1=5392
SELECT w2=6029
BUSY TASK ewma=997
DMA IRQ c0=1
DMA IRQ c1=0
DMA IRQ c2=0
DMA IRQ c3=0
SELECT busy=10396
SELECT w0=10381
SELECT w1=5409
SELECT w2=6048
BUSY TASK ewma=997
DMA IRQ c0=1
DMA IRQ c1=0
DMA IRQ c2=0
DMA IRQ c3=0
SELECT busy=10426
SELECT w0=10412
SELECT w1=5424
SELECT w2=6066
BUSY TASK ewma=997
DMA IRQ c0=1
DMA IRQ c1=0
DMA IRQ c2=0
DMA IRQ c3=0
SELECT busy=10450
SELECT w0=10435
SELECT w1=5432
SELECT w2=6078
BUSY TASK ewma=997
DMA IRQ c0=1
DMA IRQ c1=0
DMA IRQ c2=0
DMA IRQ c3=0
SELECT busy=10476
SELECT w0=10461
SELECT w1=5442
SELECT w2=6092
BUSY TASK ewma=997
DMA IRQ c0=1
DMA IRQ c1=0
DMA IRQ c2=0
DMA IRQ c3=0
SELECT busy=10499
SELECT w0=10484
SELECT w1=5453
SELECT w2=6105
BUSY TASK ewma=997
DMA IRQ c0=1
DMA IRQ c1=0
DMA IRQ c2=0
DMA IRQ c3=0
SELECT busy=10516
SELECT w0=10502
SELECT w1=5461
SELECT w2=6114
BUSY TASK ewma=997
DMA IRQ c0=1
DMA IRQ c1=0
DMA IRQ c2=0
DMA IRQ c3=0
SELECT busy=10531
SELECT w0=10516
SELECT w1=5467
SELECT w2=6121
BUSY TASK ewma=997
DMA IRQ c0=1
DMA IRQ c1=0
DMA IRQ c2=0
DMA IRQ c3=0
SELECT busy=10544
SELECT w0=10529
SELECT w1=5472
SELECT w2=6128
BUSY TASK ewma=997
DMA IRQ c0=1
DMA IRQ c1=0
DMA IRQ c2=0
DMA IRQ c3=0
SELECT busy=10558
SELECT w0=10544
SELECT w1=5478
SELECT w2=6138
BUSY TASK ewma=997
DMA IRQ c0=1
DMA IRQ c1=0
DMA IRQ c2=0
DMA IRQ c3=0
SELECT busy=10578
SELECT w0=10564
SELECT w1=5488
SELECT w2=6148
BUSY TASK ewma=997
DMA IRQ c0=1
DMA IRQ c1=0
DMA IRQ c2=0
DMA IRQ c3=0
SELECT busy=10591
SELECT w0=10576
SELECT w1=5495
SELECT w2=6154
BUSY TASK ewma=997
DMA IRQ c0=1
DMA IRQ c1=0
DMA IRQ c2=0
DMA IRQ c3=0
SELECT busy=10609
SELECT w0=10594
SELECT w1=5503
SELECT w2=6165
BUSY TASK ewma=997
DMA IRQ c0=1
DMA IRQ c1=0
DMA IRQ c2=0
DMA IRQ c3=0
SELECT busy=10626
SELECT w0=10612
SELECT w1=5510
SELECT w2=6175
BUSY TASK ewma=997
DMA IRQ c0=1
DMA IRQ c1=0
DMA IRQ c2=0
DMA IRQ c3=0
SELECT busy=10639
SELECT w0=10625
SELECT w1=5516
SELECT w2=6183
BUSY TASK ewma=997
DMA IRQ c0=1
DMA IRQ c1=0
DMA IRQ c2=0
DMA IRQ c3=0
SELECT busy=10655
SELECT w0=10641
SELECT w1=5522
SELECT w2=6193
BUSY TASK ewma=997
DMA IRQ c0=1
DMA IRQ c1=0
DMA IRQ c2=0
DMA IRQ c3=0
SELECT busy=10668
SELECT w0=10653
SELECT w1=5525
SELECT w2=6200
BUSY TASK ewma=997
DMA IRQ c0=1
DMA IRQ c1=0
DMA IRQ c2=0
DMA IRQ c3=0
SELECT busy=10680
SELECT w0=10666
SELECT w1=5531
SELECT w2=6208
BUSY TASK ewma=997
DMA IRQ c0=1
DMA IRQ c1=0
DMA IRQ c2=0
DMA IRQ c3=0
SELECT busy=10696
SELECT w0=10681
SELECT w1=5539
SELECT w2=6216
BUSY TASK ewma=997
DMA IRQ c0=1
DMA IRQ c1=0
DMA IRQ c2=0
DMA IRQ c3=0
SELECT busy=10711
SELECT w0=10696
SELECT w1=5546
SELECT w2=6224
BUSY TASK ewma=997
DMA IRQ c0=1
DMA IRQ c1=0
DMA IRQ c2=0
DMA IRQ c3=0
SELECT busy=10725
SELECT w0=10711
SELECT w1=5553
SELECT w2=6233
BUSY TASK ewma=997
DMA IRQ c0=1
DMA IRQ c1=0
DMA IRQ c2=0
DMA IRQ c3=0
SELECT busy=10739
SELECT w0=10725
SELECT w1=5560
SELECT w2=6241
BUSY TASK ewma=997
DMA IRQ c0=1
DMA IRQ c1=0
DMA IRQ c2=0
DMA IRQ c3=0
SELECT busy=10755
SELECT w0=10741
SELECT w1=5570
SELECT w2=6251
BUSY TASK ewma=997
DMA IRQ c0=1
DMA IRQ c1=0
DMA IRQ c2=0
DMA IRQ c3=0
SELECT busy=10774
SELECT w0=10760
SELECT w1=5579
SELECT w2=6259
BUSY TASK ewma=997
DMA IRQ c0=1
DMA IRQ c1=0
DMA IRQ c2=0
DMA IRQ c3=0
SELECT busy=10790
SELECT w0=10776
SELECT w1=5586
SELECT w2=6269
BUSY TASK ewma=997
DMA IRQ c0=1
DMA IRQ c1=0
DMA IRQ c2=0
DMA IRQ c3=0
SELECT busy=10806
SELECT w0=10791
SELECT w1=5593
SELECT w2=6278
BUSY TASK ewma=997
DMA IRQ c0=1
DMA IRQ c1=0
DMA IRQ c2=0
DMA IRQ c3=0
SELECT busy=10823
SELECT w0=10809
SELECT w1=5602
SELECT w2=6291
BUSY TASK ewma=997
DMA IRQ c0=1
DMA IRQ c1=0
DMA IRQ c2=0
DMA IRQ c3=0
SELECT busy=10846
SELECT w0=10831
SELECT w1=5610
SELECT w2=6299
BUSY TASK ewma=997
DMA IRQ c0=1
DMA IRQ c1=0
DMA IRQ c2=0
DMA IRQ c3=0
SELECT busy=10876
SELECT w0=10862
SELECT w1=5622
SELECT w2=6316
BUSY TASK ewma=997
DMA IRQ c0=1
DMA IRQ c1=0
DMA IRQ c2=0
DMA IRQ c3=0
SELECT busy=10908
SELECT w0=10894
SELECT w1=5636
SELECT w2=6331
BUSY TASK ewma=997
DMA IRQ c0=1
DMA IRQ c1=0
DMA IRQ c2=0
DMA IRQ c3=0
SELECT busy=10925
SELECT w0=10911
SELECT w1=5645
SELECT w2=6344
BUSY TASK ewma=997
DMA IRQ c0=1
DMA IRQ c1=0
DMA IRQ c2=0
DMA IRQ c3=0
SELECT busy=10946
SELECT w0=10931
SELECT w1=5655
SELECT w2=6357
BUSY TASK ewma=997
DMA IRQ c0=1
DMA IRQ c1=0
DMA IRQ c2=0
DMA IRQ c3=0
SELECT busy=10966
SELECT w0=10952
SELECT w1=5665
SELECT w2=6369
BUSY TASK ewma=997
DMA IRQ c0=1
DMA IRQ c1=0
DMA IRQ c2=0
DMA IRQ c3=0
SELECT busy=10985
SELECT w0=10970
SELECT w1=5674
SELECT w2=6379
BUSY TASK ewma=997
DMA IRQ c0=1
DMA IRQ c1=0
DMA IRQ c2=0
DMA IRQ c3=0
SELECT busy=11013
SELECT w0=10998
SELECT w1=5685
SELECT w2=6392
BUSY TASK ewma=997
DMA IRQ c0=1
DMA IRQ c1=0
DMA IRQ c2=0
DMA IRQ c3=0
SELECT busy=11056
SELECT w0=11042
SELECT w1=5705
SELECT w2=6417
BUSY TASK ewma=997
DMA IRQ c0=1
DMA IRQ c1=0
DMA IRQ c2=0
DMA IRQ c3=0
SELECT busy=11100
SELECT w0=11085
SELECT w1=5724
SELECT w2=6439
BUSY TASK ewma=997
DMA IRQ c0=1
DMA IRQ c1=0
DMA IRQ c2=0
DMA IRQ c3=0
SELECT busy=11130
SELECT w0=11115
SELECT w1=5735
SELECT w2=6453
BUSY TASK ewma=997
DMA IRQ c0=1
DMA IRQ c1=0
DMA IRQ c2=0
DMA IRQ c3=0
SELECT busy=11159
SELECT w0=11145
SELECT w1=5749
SELECT w2=6470
BUSY TASK ewma=997
DMA IRQ c0=1
DMA IRQ c1=0
DMA IRQ c2=0
DMA IRQ c3=0
SELECT busy=11177
SELECT w0=11163
SELECT w1=5757
SELECT w2=6481
BUSY TASK ewma=997
DMA IRQ c0=1
DMA IRQ c1=0
DMA IRQ c2=0
DMA IRQ c3=0
SELECT busy=11194
SELECT w0=11180
SELECT w1=5765
SELECT w2=6491
BUSY TASK ewma=997
DMA IRQ c0=1
DMA IRQ c1=0
DMA IRQ c2=0
DMA IRQ c3=0
SELECT busy=11213
SELECT w0=11199
SELECT w1=5772
SELECT w2=6500
BUSY TASK ewma=997
DMA IRQ c0=1
DMA IRQ c1=0
DMA IRQ c2=0
DMA IRQ c3=0
SELECT busy=11230
SELECT w0=11215
SELECT w1=5778
SELECT w2=6507
BUSY TASK ewma=997
DMA IRQ c0=1
DMA IRQ c1=0
DMA IRQ c2=0
DMA IRQ c3=0
SELECT busy=11262
SELECT w0=11248
SELECT w1=5789
SELECT w2=6523
BUSY TASK ewma=997
DMA IRQ c0=1
DMA IRQ c1=0
DMA IRQ c2=0
DMA IRQ c3=0
SELECT busy=11288
SELECT w0=11274
SELECT w1=5803
SELECT w2=6545
BUSY TASK ewma=997
DMA IRQ c0=1
DMA IRQ c1=0
DMA IRQ c2=0
DMA IRQ c3=0
SELECT busy=11321
SELECT w0=11307
SELECT w1=5818
SELECT w2=6569
BUSY TASK ewma=997
DMA IRQ c0=1
DMA IRQ c1=0
DMA IRQ c2=0
DMA IRQ c3=0
SELECT busy=11340
SELECT w0=11326
SELECT w1=5826
SELECT w2=6577
BUSY TASK ewma=997
DMA IRQ c0=1
DMA IRQ c1=0
DMA IRQ c2=0
DMA IRQ c3=0
SELECT busy=11364
SELECT w0=11349
SELECT w1=5835
SELECT w2=6589
BUSY TASK ewma=997
DMA IRQ c0=1
DMA IRQ c1=0
DMA IRQ c2=0
DMA IRQ c3=0
SELECT busy=11391
SELECT w0=11376
SELECT w1=5849
SELECT w2=6603
BUSY TASK ewma=997
DMA IRQ c0=1
DMA IRQ c1=0
DMA IRQ c2=0
DMA IRQ c3=0
SELECT busy=11419
SELECT w0=11405
SELECT w1=5865
SELECT w2=6623
BUSY TASK ewma=997
DMA IRQ c0=1
DMA IRQ c1=0
DMA IRQ c2=0
DMA IRQ c3=0
SELECT busy=11445
SELECT w0=11431
SELECT w1=5878
SELECT w2=6639
BUSY TASK ewma=997
DMA IRQ c0=1
DMA IRQ c1=0
DMA IRQ c2=0
DMA IRQ c3=0
SELECT busy=11478
SELECT w0=11464
SELECT w1=5893
SELECT w2=6659
BUSY TASK ewma=997
DMA IRQ c0=1
DMA IRQ c1=0
DMA IRQ c2=0
DMA IRQ c3=0
SELECT busy=11507
SELECT w0=11494
SELECT w1=5907
SELECT w2=6678
BUSY TASK ewma=997
DMA IRQ c0=1
DMA IRQ c1=0
DMA IRQ c2=0
DMA IRQ c3=0
SELECT busy=11533
SELECT w0=11518
SELECT w1=5916
SELECT w2=6690
BUSY TASK ewma=997
DMA IRQ c0=1
DMA IRQ c1=0
DMA IRQ c2=0
DMA IRQ c3=0
SELECT busy=11552
SELECT w0=11539
SELECT w1=5926
SELECT w2=6705
BUSY TASK ewma=997
DMA IRQ c0=1
DMA IRQ c1=0
DMA IRQ c2=0
DMA IRQ c3=0
SELECT busy=11569
SELECT w0=11555
SELECT w1=5933
SELECT w2=6713
BUSY TASK ewma=997
DMA IRQ c0=1
DMA IRQ c1=0
DMA IRQ c2=0
DMA IRQ c3=0
SELECT busy=11596
SELECT w0=11583
SELECT w1=5947
SELECT w2=6732
BUSY TASK ewma=997
DMA IRQ c0=1
DMA IRQ c1=0
DMA IRQ c2=0
DMA IRQ c3=0
SELECT busy=11625
SELECT w0=11612
SELECT w1=5961
SELECT w2=6757
BUSY TASK ewma=997
DMA IRQ c0=1
DMA IRQ c1=0
DMA IRQ c2=0
DMA IRQ c3=0
SELECT busy=11640
SELECT w0=11625
SELECT w1=5966
SELECT w2=6764
BUSY TASK ewma=997
DMA IRQ c0=1
DMA IRQ c1=0
DMA IRQ c2=0
DMA IRQ c3=0
SELECT busy=11672
SELECT w0=11658
SELECT w1=5981
SELECT w2=6786
BUSY TASK ewma=997
DMA IRQ c0=1
DMA IRQ c1=0
DMA IRQ c2=0
DMA IRQ c3=0
SELECT busy=11711
SELECT w0=11696
SELECT w1=6000
SELECT w2=6808
BUSY TASK ewma=997
DMA IRQ c0=1
DMA IRQ c1=0
DMA IRQ c2=0
DMA IRQ c3=0
SELECT busy=11752
SELECT w0=11737
SELECT w1=6021
SELECT w2=6830
BUSY TASK ewma=997
IRQ counts: cpu0=23554 cpu1=26942 cpu2=26875 cpu3=26732
SCHED secondaries: calls=80554 unexpected=0
SECTEST switches=80522 cpu1=262501632,259568407 cpu2=223719690,221831341 cpu3=320555473,313104322
PINGPONG rounds=2000 pongs=2000
DMA IRQ c0=1
DMA IRQ c1=0
DMA IRQ c2=0
DMA IRQ c3=0
SELECT busy=11795
SELECT w0=11780
SELECT w1=6037
SELECT w2=6853
BUSY TASK ewma=997
DMA IRQ c0=1
DMA IRQ c1=0
DMA IRQ c2=0
DMA IRQ c3=0
SELECT busy=11831
SELECT w0=11816
SELECT w1=6053
SELECT w2=6870
BUSY TASK ewma=997
DMA IRQ c0=1
DMA IRQ c1=0
DMA IRQ c2=0
DMA IRQ c3=0
SELECT busy=11861
SELECT w0=11846
SELECT w1=6066
SELECT w2=6887
BUSY TASK ewma=997
DMA IRQ c0=1
DMA IRQ c1=0
DMA IRQ c2=0
DMA IRQ c3=0
SELECT busy=11884
SELECT w0=11870
SELECT w1=6076
SELECT w2=6901
BUSY TASK ewma=997
DMA IRQ c0=1
DMA IRQ c1=0
DMA IRQ c2=0
DMA IRQ c3=0
SELECT busy=11906
SELECT w0=11892
SELECT w1=6086
SELECT w2=6913
BUSY TASK ewma=997
DMA IRQ c0=1
DMA IRQ c1=0
DMA IRQ c2=0
DMA IRQ c3=0
SELECT busy=11926
SELECT w0=11911
SELECT w1=6093
SELECT w2=6922
BUSY TASK ewma=997
DMA IRQ c0=1
DMA IRQ c1=0
DMA IRQ c2=0
DMA IRQ c3=0
SELECT busy=11947
SELECT w0=11933
SELECT w1=6103
SELECT w2=6934
BUSY TASK ewma=997
DMA IRQ c0=1
DMA IRQ c1=0
DMA IRQ c2=0
DMA IRQ c3=0
SELECT busy=11963
SELECT w0=11949
SELECT w1=6112
SELECT w2=6945
BUSY TASK ewma=997
DMA IRQ c0=1
DMA IRQ c1=0
DMA IRQ c2=0
DMA IRQ c3=0
SELECT busy=11978
SELECT w0=11964
SELECT w1=6120
SELECT w2=6954
BUSY TASK ewma=997
DMA IRQ c0=1
DMA IRQ c1=0
DMA IRQ c2=0
DMA IRQ c3=0
SELECT busy=12000
SELECT w0=11985
SELECT w1=6131
SELECT w2=6969
BUSY TASK ewma=997
DMA IRQ c0=1
DMA IRQ c1=0
DMA IRQ c2=0
DMA IRQ c3=0
SELECT busy=12017
SELECT w0=12002
SELECT w1=6140
SELECT w2=6980
BUSY TASK ewma=997
DMA IRQ c0=1
DMA IRQ c1=0
DMA IRQ c2=0
DMA IRQ c3=0
SELECT busy=12032
SELECT w0=12017
SELECT w1=6143
SELECT w2=6984
BUSY TASK ewma=997
DMA IRQ c0=1
DMA IRQ c1=0
DMA IRQ c2=0
DMA IRQ c3=0
SELECT busy=12058
SELECT w0=12044
SELECT w1=6155
SELECT w2=7002
BUSY TASK ewma=997
DMA IRQ c0=1
DMA IRQ c1=0
DMA IRQ c2=0
DMA IRQ c3=0
SELECT busy=12085
SELECT w0=12071
SELECT w1=6169
SELECT w2=7020
BUSY TASK ewma=997
DMA IRQ c0=1
DMA IRQ c1=0
DMA IRQ c2=0
DMA IRQ c3=0
SELECT busy=12110
SELECT w0=12096
SELECT w1=6183
SELECT w2=7038
BUSY TASK ewma=997
DMA IRQ c0=1
DMA IRQ c1=0
DMA IRQ c2=0
DMA IRQ c3=0
SELECT busy=12139
SELECT w0=12124
SELECT w1=6194
SELECT w2=7053
BUSY TASK ewma=997
DMA IRQ c0=1
DMA IRQ c1=0
DMA IRQ c2=0
DMA IRQ c3=0
SELECT busy=12156
SELECT w0=12141
SELECT w1=6201
SELECT w2=7061
BUSY TASK ewma=997
DMA IRQ c0=1
DMA IRQ c1=0
DMA IRQ c2=0
DMA IRQ c3=0
SELECT busy=12185
SELECT w0=12171
SELECT w1=6216
SELECT w2=7078
BUSY TASK ewma=997
DMA IRQ c0=1
DMA IRQ c1=0
DMA IRQ c2=0
DMA IRQ c3=0
SELECT busy=12206
SELECT w0=12192
SELECT w1=6229
SELECT w2=7094
BUSY TASK ewma=997
DMA IRQ c0=1
DMA IRQ c1=0
DMA IRQ c2=0
DMA IRQ c3=0
SELECT busy=12233
SELECT w0=12219
SELECT w1=6240
SELECT w2=7108
BUSY TASK ewma=997
DMA IRQ c0=1
DMA IRQ c1=0
DMA IRQ c2=0
DMA IRQ c3=0
SELECT busy=12255
SELECT w0=12241
SELECT w1=6251
SELECT w2=7121
BUSY TASK ewma=997
DMA IRQ c0=1
DMA IRQ c1=0
DMA IRQ c2=0
DMA IRQ c3=0
SELECT busy=12272
SELECT w0=12258
SELECT w1=6257
SELECT w2=7129
BUSY TASK ewma=997
DMA IRQ c0=1
DMA IRQ c1=0
DMA IRQ c2=0
DMA IRQ c3=0
SELECT busy=12293
SELECT w0=12278
SELECT w1=6264
SELECT w2=7137
BUSY TASK ewma=997
DMA IRQ c0=1
DMA IRQ c1=0
DMA IRQ c2=0
DMA IRQ c3=0
SELECT busy=12309
SELECT w0=12295
SELECT w1=6272
SELECT w2=7148
BUSY TASK ewma=997
DMA IRQ c0=1
DMA IRQ c1=0
DMA IRQ c2=0
DMA IRQ c3=0
SELECT busy=12327
SELECT w0=12312
SELECT w1=6279
SELECT w2=7158
BUSY TASK ewma=997
DMA IRQ c0=1
DMA IRQ c1=0
DMA IRQ c2=0
DMA IRQ c3=0
SELECT busy=12341
SELECT w0=12326
SELECT w1=6284
SELECT w2=7165
BUSY TASK ewma=997
DMA IRQ c0=1
DMA IRQ c1=0
DMA IRQ c2=0
DMA IRQ c3=0
SELECT busy=12360
SELECT w0=12345
SELECT w1=6294
SELECT w2=7174
BUSY TASK ewma=997
DMA IRQ c0=1
DMA IRQ c1=0
DMA IRQ c2=0
DMA IRQ c3=0
SELECT busy=12375
SELECT w0=12360
SELECT w1=6300
SELECT w2=7182
BUSY TASK ewma=997
DMA IRQ c0=1
DMA IRQ c1=0
DMA IRQ c2=0
DMA IRQ c3=0
SELECT busy=12389
SELECT w0=12375
SELECT w1=6308
SELECT w2=7192
BUSY TASK ewma=997
DMA IRQ c0=1
DMA IRQ c1=0
DMA IRQ c2=0
DMA IRQ c3=0
SELECT busy=12410
SELECT w0=12395
SELECT w1=6317
SELECT w2=7201
BUSY TASK ewma=997
DMA IRQ c0=1
DMA IRQ c1=0
DMA IRQ c2=0
DMA IRQ c3=0
SELECT busy=12426
SELECT w0=12412
SELECT w1=6325
SELECT w2=7209
BUSY TASK ewma=997
DMA IRQ c0=1
DMA IRQ c1=0
DMA IRQ c2=0
DMA IRQ c3=0
SELECT busy=12441
SELECT w0=12427
SELECT w1=6332
SELECT w2=7217
BUSY TASK ewma=997
DMA IRQ c0=1
DMA IRQ c1=0
DMA IRQ c2=0
DMA IRQ c3=0
SELECT busy=12456
SELECT w0=12442
SELECT w1=6338
SELECT w2=7224
BUSY TASK ewma=997
DMA IRQ c0=1
DMA IRQ c1=0
DMA IRQ c2=0
DMA IRQ c3=0
SELECT busy=12472
SELECT w0=12458
SELECT w1=6345
SELECT w2=7232
BUSY TASK ewma=997
DMA IRQ c0=1
DMA IRQ c1=0
DMA IRQ c2=0
DMA IRQ c3=0
SELECT busy=12487
SELECT w0=12473
SELECT w1=6353
SELECT w2=7242
BUSY TASK ewma=997
DMA IRQ c0=1
DMA IRQ c1=0
DMA IRQ c2=0
DMA IRQ c3=0
SELECT busy=12507
SELECT w0=12493
SELECT w1=6363
SELECT w2=7252
BUSY TASK ewma=997
DMA IRQ c0=1
DMA IRQ c1=0
DMA IRQ c2=0
DMA IRQ c3=0
SELECT busy=12528
SELECT w0=12513
SELECT w1=6370
SELECT w2=7261
BUSY TASK ewma=997
DMA IRQ c0=1
DMA IRQ c1=0
DMA IRQ c2=0
DMA IRQ c3=0
SELECT busy=12544
SELECT w0=12530
SELECT w1=6379
SELECT w2=7275
BUSY TASK ewma=997
DMA IRQ c0=1
DMA IRQ c1=0
DMA IRQ c2=0
DMA IRQ c3=0
SELECT busy=12562
SELECT w0=12548
SELECT w1=6389
SELECT w2=7285
BUSY TASK ewma=997
DMA IRQ c0=1
DMA IRQ c1=0
DMA IRQ c2=0
DMA IRQ c3=0
SELECT busy=12579
SELECT w0=12564
SELECT w1=6397
SELECT w2=7295
BUSY TASK ewma=997
DMA IRQ c0=1
DMA IRQ c1=0
DMA IRQ c2=0
DMA IRQ c3=0
SELECT busy=12601
SELECT w0=12586
SELECT w1=6409
SELECT w2=7309
BUSY TASK ewma=997
DMA IRQ c0=1
DMA IRQ c1=0
DMA IRQ c2=0
DMA IRQ c3=0
SELECT busy=12618
SELECT w0=12604
SELECT w1=6417
SELECT w2=7318
BUSY TASK ewma=997
DMA IRQ c0=1
DMA IRQ c1=0
DMA IRQ c2=0
DMA IRQ c3=0
SELECT busy=12638
SELECT w0=12624
SELECT w1=6425
SELECT w2=7328
BUSY TASK ewma=997
DMA IRQ c0=1
DMA IRQ c1=0
DMA IRQ c2=0
DMA IRQ c3=0
SELECT busy=12655
SELECT w0=12641
SELECT w1=6433
SELECT w2=7336
BUSY TASK ewma=997
DMA IRQ c0=1
DMA IRQ c1=0
DMA IRQ c2=0
DMA IRQ c3=0
SELECT busy=12672
SELECT w0=12657
SELECT w1=6440
SELECT w2=7344
BUSY TASK ewma=997
DMA IRQ c0=1
DMA IRQ c1=0
DMA IRQ c2=0
DMA IRQ c3=0
SELECT busy=12695
SELECT w0=12680
SELECT w1=6450
SELECT w2=7355
BUSY TASK ewma=997
DMA IRQ c0=1
DMA IRQ c1=0
DMA IRQ c2=0
DMA IRQ c3=0
SELECT busy=12715
SELECT w0=12702
SELECT w1=6461
SELECT w2=7368
BUSY TASK ewma=997
DMA IRQ c0=1
DMA IRQ c1=0
DMA IRQ c2=0
DMA IRQ c3=0
SELECT busy=12736
SELECT w0=12722
SELECT w1=6470
SELECT w2=7379
BUSY TASK ewma=997
DMA IRQ c0=1
DMA IRQ c1=0
DMA IRQ c2=0
DMA IRQ c3=0
SELECT busy=12761
SELECT w0=12747
SELECT w1=6482
SELECT w2=7396
BUSY TASK ewma=997
DMA IRQ c0=1
DMA IRQ c1=0
DMA IRQ c2=0
DMA IRQ c3=0
SELECT busy=12786
SELECT w0=12772
SELECT w1=6495
SELECT w2=7412
BUSY TASK ewma=997
DMA IRQ c0=1
DMA IRQ c1=0
DMA IRQ c2=0
DMA IRQ c3=0
SELECT busy=12807
SELECT w0=12792
SELECT w1=6503
SELECT w2=7423
BUSY TASK ewma=997
DMA IRQ c0=1
DMA IRQ c1=0
DMA IRQ c2=0
DMA IRQ c3=0
SELECT busy=12830
SELECT w0=12816
SELECT w1=6514
SELECT w2=7439
BUSY TASK ewma=997
DMA IRQ c0=1
DMA IRQ c1=0
DMA IRQ c2=0
DMA IRQ c3=0
SELECT busy=12851
SELECT w0=12837
SELECT w1=6524
SELECT w2=7453
BUSY TASK ewma=997
DMA IRQ c0=1
DMA IRQ c1=0
DMA IRQ c2=0
DMA IRQ c3=0
SELECT busy=12872
SELECT w0=12858
SELECT w1=6533
SELECT w2=7466
BUSY TASK ewma=997
DMA IRQ c0=1
DMA IRQ c1=0
DMA IRQ c2=0
DMA IRQ c3=0
SELECT busy=12901
SELECT w0=12887
SELECT w1=6547
SELECT w2=7482
BUSY TASK ewma=997
DMA IRQ c0=1
DMA IRQ c1=0
DMA IRQ c2=0
DMA IRQ c3=0
SELECT busy=12925
SELECT w0=12912
SELECT w1=6559
SELECT w2=7500
BUSY TASK ewma=997
DMA IRQ c0=1
DMA IRQ c1=0
DMA IRQ c2=0
DMA IRQ c3=0
SELECT busy=12955
SELECT w0=12941
SELECT w1=6574
SELECT w2=7516
BUSY TASK ewma=997
DMA IRQ c0=1
DMA IRQ c1=0
DMA IRQ c2=0
DMA IRQ c3=0
SELECT busy=12987
SELECT w0=12973
SELECT w1=6588
SELECT w2=7534
BUSY TASK ewma=997
DMA IRQ c0=1
DMA IRQ c1=0
DMA IRQ c2=0
DMA IRQ c3=0
SELECT busy=13015
SELECT w0=13000
SELECT w1=6601
SELECT w2=7551
BUSY TASK ewma=997
DMA IRQ c0=1
DMA IRQ c1=0
DMA IRQ c2=0
DMA IRQ c3=0
SELECT busy=13040
SELECT w0=13026
SELECT w1=6613
SELECT w2=7565
BUSY TASK ewma=997
DMA IRQ c0=1
DMA IRQ c1=0
DMA IRQ c2=0
DMA IRQ c3=0
SELECT busy=13075
SELECT w0=13061
SELECT w1=6630
SELECT w2=7585
qemu-system-aarch64: terminating on signal 15 from pid 246977 (timeout)
