P4 M7: full integration test boot OK
CPU0: MPIDR_EL1=0x0000000080000000
CPU0: psci_cpu_on target=1 rc=0
CPU1: alive, MPIDR_EL1=0x0000000080000001 this_cpu()->cpu_id=1
CPU0: psci_cpu_on target=2 rc=0
CPU2: alive, MPIDR_EL1=0x0000000080000002 this_cpu()->cpu_id=2
CPU0: psci_cpu_on target=3 rc=0
CPU3: alive, MPIDR_EL1=0x0000000080000003 this_cpu()->cpu_id=3
CPUs online: 4
DMA IRQ target cpu=0
D2b: worker 2 runs on CPU2
D2b: worker 0 runs on CPU0
D2b: worker 1 runs on CPU1
P4 M7: worker submitted cmd_id=1
P4 M7: worker submitted cmd_id=2
P4 M7: worker submitted cmd_id=3
BUSY TASK ewma=997
DMA IRQ c0=0
DMA IRQ c1=0
DMA IRQ c2=0
DMA IRQ c3=0
SELECT busy=37
SELECT w0=4
SELECT w1=4
SELECT w2=4
P4 M7: worker DATA OK, cmd_id=2
P4 M7: worker DATA OK, cmd_id=1
WORKER ewma=759
WORKER ewma=881
P4 M7: worker DATA OK, cmd_id=3
WORKER ewma=831
BUSY TASK ewma=997
DMA IRQ c0=1
DMA IRQ c1=0
DMA IRQ c2=0
DMA IRQ c3=0
SELECT busy=74
SELECT w0=41
SELECT w1=91
SELECT w2=86
BUSY TASK ewma=997
DMA IRQ c0=1
DMA IRQ c1=0
DMA IRQ c2=0
DMA IRQ c3=0
SELECT busy=108
SELECT w0=75
SELECT w1=148
SELECT w2=146
BUSY TASK ewma=997
DMA IRQ c0=1
DMA IRQ c1=0
DMA IRQ c2=0
DMA IRQ c3=0
SELECT busy=128
SELECT w0=96
SELECT w1=181
SELECT w2=179
BUSY TASK ewma=997
DMA IRQ c0=1
DMA IRQ c1=0
DMA IRQ c2=0
DMA IRQ c3=0
SELECT busy=166
SELECT w0=134
SELECT w1=230
SELECT w2=225
BUSY TASK ewma=997
DMA IRQ c0=1
DMA IRQ c1=0
DMA IRQ c2=0
DMA IRQ c3=0
SELECT busy=201
SELECT w0=168
SELECT w1=262
SELECT w2=259
BUSY TASK ewma=997
DMA IRQ c0=1
DMA IRQ c1=0
DMA IRQ c2=0
DMA IRQ c3=0
SELECT busy=236
SELECT w0=203
SELECT w1=280
SELECT w2=279
BUSY TASK ewma=997
DMA IRQ c0=1
DMA IRQ c1=0
DMA IRQ c2=0
DMA IRQ c3=0
SELECT busy=271
SELECT w0=239
SELECT w1=298
SELECT w2=296
BUSY TASK ewma=997
DMA IRQ c0=1
DMA IRQ c1=0
DMA IRQ c2=0
DMA IRQ c3=0
SELECT busy=307
SELECT w0=274
SELECT w1=318
SELECT w2=314
BUSY TASK ewma=997
DMA IRQ c0=1
DMA IRQ c1=0
DMA IRQ c2=0
DMA IRQ c3=0
SELECT busy=351
SELECT w0=318
SELECT w1=341
SELECT w2=340
BUSY TASK ewma=997
DMA IRQ c0=1
DMA IRQ c1=0
DMA IRQ c2=0
DMA IRQ c3=0
SELECT busy=389
SELECT w0=357
SELECT w1=361
SELECT w2=362
BUSY TASK ewma=997
DMA IRQ c0=1
DMA IRQ c1=0
DMA IRQ c2=0
DMA IRQ c3=0
SELECT busy=437
SELECT w0=404
SELECT w1=385
SELECT w2=388
BUSY TASK ewma=997
DMA IRQ c0=1
DMA IRQ c1=0
DMA IRQ c2=0
DMA IRQ c3=0
SELECT busy=487
SELECT w0=455
SELECT w1=412
SELECT w2=418
BUSY TASK ewma=997
DMA IRQ c0=1
DMA IRQ c1=0
DMA IRQ c2=0
DMA IRQ c3=0
SELECT busy=529
SELECT w0=496
SELECT w1=430
SELECT w2=436
BUSY TASK ewma=997
DMA IRQ c0=1
DMA IRQ c1=0
DMA IRQ c2=0
DMA IRQ c3=0
SELECT busy=575
SELECT w0=544
SELECT w1=464
SELECT w2=466
BUSY TASK ewma=997
DMA IRQ c0=1
DMA IRQ c1=0
DMA IRQ c2=0
DMA IRQ c3=0
SELECT busy=617
SELECT w0=584
SELECT w1=484
SELECT w2=486
BUSY TASK ewma=997
DMA IRQ c0=1
DMA IRQ c1=0
DMA IRQ c2=0
DMA IRQ c3=0
SELECT busy=650
SELECT w0=618
SELECT w1=502
SELECT w2=503
BUSY TASK ewma=997
DMA IRQ c0=1
DMA IRQ c1=0
DMA IRQ c2=0
DMA IRQ c3=0
SELECT busy=669
SELECT w0=636
SELECT w1=511
SELECT w2=511
BUSY TASK ewma=997
DMA IRQ c0=1
DMA IRQ c1=0
DMA IRQ c2=0
DMA IRQ c3=0
SELECT busy=688
SELECT w0=655
SELECT w1=522
SELECT w2=521
BUSY TASK ewma=997
DMA IRQ c0=1
DMA IRQ c1=0
DMA IRQ c2=0
DMA IRQ c3=0
SELECT busy=708
SELECT w0=675
SELECT w1=532
SELECT w2=530
BUSY TASK ewma=997
DMA IRQ c0=1
DMA IRQ c1=0
DMA IRQ c2=0
DMA IRQ c3=0
SELECT busy=723
SELECT w0=691
SELECT w1=542
SELECT w2=538
BUSY TASK ewma=997
DMA IRQ c0=1
DMA IRQ c1=0
DMA IRQ c2=0
DMA IRQ c3=0
SELECT busy=741
SELECT w0=709
SELECT w1=553
SELECT w2=550
BUSY TASK ewma=997
DMA IRQ c0=1
DMA IRQ c1=0
DMA IRQ c2=0
DMA IRQ c3=0
SELECT busy=763
SELECT w0=731
SELECT w1=567
SELECT w2=561
BUSY TASK ewma=997
DMA IRQ c0=1
DMA IRQ c1=0
DMA IRQ c2=0
DMA IRQ c3=0
SELECT busy=780
SELECT w0=748
SELECT w1=576
SELECT w2=571
BUSY TASK ewma=997
DMA IRQ c0=1
DMA IRQ c1=0
DMA IRQ c2=0
DMA IRQ c3=0
SELECT busy=802
SELECT w0=769
SELECT w1=588
SELECT w2=584
BUSY TASK ewma=997
DMA IRQ c0=1
DMA IRQ c1=0
DMA IRQ c2=0
DMA IRQ c3=0
SELECT busy=823
SELECT w0=791
SELECT w1=599
SELECT w2=597
BUSY TASK ewma=997
DMA IRQ c0=1
DMA IRQ c1=0
DMA IRQ c2=0
DMA IRQ c3=0
SELECT busy=849
SELECT w0=817
SELECT w1=613
SELECT w2=611
BUSY TASK ewma=997
DMA IRQ c0=1
DMA IRQ c1=0
DMA IRQ c2=0
DMA IRQ c3=0
SELECT busy=870
SELECT w0=838
SELECT w1=624
SELECT w2=622
BUSY TASK ewma=997
DMA IRQ c0=1
DMA IRQ c1=0
DMA IRQ c2=0
DMA IRQ c3=0
SELECT busy=887
SELECT w0=855
SELECT w1=631
SELECT w2=630
BUSY TASK ewma=997
DMA IRQ c0=1
DMA IRQ c1=0
DMA IRQ c2=0
DMA IRQ c3=0
SELECT busy=904
SELECT w0=872
SELECT w1=638
SELECT w2=637
BUSY TASK ewma=997
DMA IRQ c0=1
DMA IRQ c1=0
DMA IRQ c2=0
DMA IRQ c3=0
SELECT busy=919
SELECT w0=886
SELECT w1=648
SELECT w2=645
BUSY TASK ewma=997
DMA IRQ c0=1
DMA IRQ c1=0
DMA IRQ c2=0
DMA IRQ c3=0
SELECT busy=938
SELECT w0=905
SELECT w1=657
SELECT w2=653
BUSY TASK ewma=997
DMA IRQ c0=1
DMA IRQ c1=0
DMA IRQ c2=0
DMA IRQ c3=0
SELECT busy=957
SELECT w0=924
SELECT w1=666
SELECT w2=663
BUSY TASK ewma=997
DMA IRQ c0=1
DMA IRQ c1=0
DMA IRQ c2=0
DMA IRQ c3=0
SELECT busy=971
SELECT w0=939
SELECT w1=674
SELECT w2=673
BUSY TASK ewma=997
DMA IRQ c0=1
DMA IRQ c1=0
DMA IRQ c2=0
DMA IRQ c3=0
SELECT busy=987
SELECT w0=955
SELECT w1=684
SELECT w2=683
BUSY TASK ewma=997
DMA IRQ c0=1
DMA IRQ c1=0
DMA IRQ c2=0
DMA IRQ c3=0
SELECT busy=1007
SELECT w0=974
SELECT w1=693
SELECT w2=691
BUSY TASK ewma=997
DMA IRQ c0=1
DMA IRQ c1=0
DMA IRQ c2=0
DMA IRQ c3=0
SELECT busy=1026
SELECT w0=994
SELECT w1=704
SELECT w2=702
BUSY TASK ewma=997
DMA IRQ c0=1
DMA IRQ c1=0
DMA IRQ c2=0
DMA IRQ c3=0
SELECT busy=1044
SELECT w0=1012
SELECT w1=716
SELECT w2=715
BUSY TASK ewma=997
DMA IRQ c0=1
DMA IRQ c1=0
DMA IRQ c2=0
DMA IRQ c3=0
SELECT busy=1063
SELECT w0=1030
SELECT w1=725
SELECT w2=723
BUSY TASK ewma=997
DMA IRQ c0=1
DMA IRQ c1=0
DMA IRQ c2=0
DMA IRQ c3=0
SELECT busy=1083
SELECT w0=1050
SELECT w1=732
SELECT w2=731
BUSY TASK ewma=997
DMA IRQ c0=1
DMA IRQ c1=0
DMA IRQ c2=0
DMA IRQ c3=0
SELECT busy=1103
SELECT w0=1070
SELECT w1=744
SELECT w2=742
BUSY TASK ewma=997
DMA IRQ c0=1
DMA IRQ c1=0
DMA IRQ c2=0
DMA IRQ c3=0
SELECT busy=1130
SELECT w0=1098
SELECT w1=760
SELECT w2=758
BUSY TASK ewma=997
DMA IRQ c0=1
DMA IRQ c1=0
DMA IRQ c2=0
DMA IRQ c3=0
SELECT busy=1160
SELECT w0=1129
SELECT w1=780
SELECT w2=777
BUSY TASK ewma=997
DMA IRQ c0=1
DMA IRQ c1=0
DMA IRQ c2=0
DMA IRQ c3=0
SELECT busy=1206
SELECT w0=1174
SELECT w1=801
SELECT w2=799
BUSY TASK ewma=997
DMA IRQ c0=1
DMA IRQ c1=0
DMA IRQ c2=0
DMA IRQ c3=0
SELECT busy=1237
SELECT w0=1204
SELECT w1=813
SELECT w2=814
BUSY TASK ewma=997
DMA IRQ c0=1
DMA IRQ c1=0
DMA IRQ c2=0
DMA IRQ c3=0
SELECT busy=1270
SELECT w0=1238
SELECT w1=830
SELECT w2=828
BUSY TASK ewma=997
DMA IRQ c0=1
DMA IRQ c1=0
DMA IRQ c2=0
DMA IRQ c3=0
SELECT busy=1302
SELECT w0=1269
SELECT w1=846
SELECT w2=846
BUSY TASK ewma=997
DMA IRQ c0=1
DMA IRQ c1=0
DMA IRQ c2=0
DMA IRQ c3=0
SELECT busy=1330
SELECT w0=1297
SELECT w1=860
SELECT w2=859
BUSY TASK ewma=997
DMA IRQ c0=1
DMA IRQ c1=0
DMA IRQ c2=0
DMA IRQ c3=0
SELECT busy=1358
SELECT w0=1325
SELECT w1=875
SELECT w2=873
BUSY TASK ewma=997
DMA IRQ c0=1
DMA IRQ c1=0
DMA IRQ c2=0
DMA IRQ c3=0
SELECT busy=1389
SELECT w0=1356
SELECT w1=891
SELECT w2=891
BUSY TASK ewma=997
DMA IRQ c0=1
DMA IRQ c1=0
DMA IRQ c2=0
DMA IRQ c3=0
SELECT busy=1423
SELECT w0=1391
SELECT w1=911
SELECT w2=912
BUSY TASK ewma=997
DMA IRQ c0=1
DMA IRQ c1=0
DMA IRQ c2=0
DMA IRQ c3=0
SELECT busy=1452
SELECT w0=1420
SELECT w1=926
SELECT w2=927
BUSY TASK ewma=997
DMA IRQ c0=1
DMA IRQ c1=0
DMA IRQ c2=0
DMA IRQ c3=0
SELECT busy=1487
SELECT w0=1454
SELECT w1=942
SELECT w2=944
BUSY TASK ewma=997
DMA IRQ c0=1
DMA IRQ c1=0
DMA IRQ c2=0
DMA IRQ c3=0
SELECT busy=1523
SELECT w0=1490
SELECT w1=961
SELECT w2=962
BUSY TASK ewma=997
DMA IRQ c0=1
DMA IRQ c1=0
DMA IRQ c2=0
DMA IRQ c3=0
SELECT busy=1555
SELECT w0=1523
SELECT w1=978
SELECT w2=978
BUSY TASK ewma=997
DMA IRQ c0=1
DMA IRQ c1=0
DMA IRQ c2=0
DMA IRQ c3=0
SELECT busy=1575
SELECT w0=1542
SELECT w1=989
SELECT w2=988
BUSY TASK ewma=997
DMA IRQ c0=1
DMA IRQ c1=0
DMA IRQ c2=0
DMA IRQ c3=0
SELECT busy=1608
SELECT w0=1575
SELECT w1=1004
SELECT w2=1002
BUSY TASK ewma=997
DMA IRQ c0=1
DMA IRQ c1=0
DMA IRQ c2=0
DMA IRQ c3=0
SELECT busy=1643
SELECT w0=1611
SELECT w1=1022
SELECT w2=1018
BUSY TASK ewma=997
DMA IRQ c0=1
DMA IRQ c1=0
DMA IRQ c2=0
DMA IRQ c3=0
SELECT busy=1679
SELECT w0=1647
SELECT w1=1041
SELECT w2=1034
BUSY TASK ewma=997
DMA IRQ c0=1
DMA IRQ c1=0
DMA IRQ c2=0
DMA IRQ c3=0
SELECT busy=1710
SELECT w0=1677
SELECT w1=1056
SELECT w2=1051
BUSY TASK ewma=997
DMA IRQ c0=1
DMA IRQ c1=0
DMA IRQ c2=0
DMA IRQ c3=0
SELECT busy=1740
SELECT w0=1708
SELECT w1=1072
SELECT w2=1067
BUSY TASK ewma=997
DMA IRQ c0=1
DMA IRQ c1=0
DMA IRQ c2=0
DMA IRQ c3=0
SELECT busy=1762
SELECT w0=1729
SELECT w1=1084
SELECT w2=1082
BUSY TASK ewma=997
DMA IRQ c0=1
DMA IRQ c1=0
DMA IRQ c2=0
DMA IRQ c3=0
SELECT busy=1777
SELECT w0=1745
SELECT w1=1093
SELECT w2=1088
BUSY TASK ewma=997
IRQ counts: cpu0=3558 cpu1=3848 cpu2=3834 cpu3=3838
SCHED secondaries: calls=11531 unexpected=0
SECTEST switches=11508 cpu1=31349027,29469573 cpu2=24509150,25858557 cpu3=36873524,37929327
PINGPONG rounds=888 pongs=889
DMA IRQ c0=1
DMA IRQ c1=0
DMA IRQ c2=0
DMA IRQ c3=0
SELECT busy=1805
SELECT w0=1772
SELECT w1=1107
SELECT w2=1103
BUSY TASK ewma=997
DMA IRQ c0=1
DMA IRQ c1=0
DMA IRQ c2=0
DMA IRQ c3=0
SELECT busy=1823
SELECT w0=1791
SELECT w1=1116
SELECT w2=1112
BUSY TASK ewma=997
DMA IRQ c0=1
DMA IRQ c1=0
DMA IRQ c2=0
DMA IRQ c3=0
SELECT busy=1842
SELECT w0=1809
SELECT w1=1124
SELECT w2=1120
BUSY TASK ewma=997
DMA IRQ c0=1
DMA IRQ c1=0
DMA IRQ c2=0
DMA IRQ c3=0
SELECT busy=1860
SELECT w0=1827
SELECT w1=1131
SELECT w2=1128
BUSY TASK ewma=997
DMA IRQ c0=1
DMA IRQ c1=0
DMA IRQ c2=0
DMA IRQ c3=0
SELECT busy=1877
SELECT w0=1844
SELECT w1=1140
SELECT w2=1138
BUSY TASK ewma=997
DMA IRQ c0=1
DMA IRQ c1=0
DMA IRQ c2=0
DMA IRQ c3=0
SELECT busy=1895
SELECT w0=1863
SELECT w1=1153
SELECT w2=1150
BUSY TASK ewma=997
DMA IRQ c0=1
DMA IRQ c1=0
DMA IRQ c2=0
DMA IRQ c3=0
SELECT busy=1911
SELECT w0=1879
SELECT w1=1162
SELECT w2=1161
BUSY TASK ewma=997
DMA IRQ c0=1
DMA IRQ c1=0
DMA IRQ c2=0
DMA IRQ c3=0
SELECT busy=1929
SELECT w0=1897
SELECT w1=1172
SELECT w2=1175
BUSY TASK ewma=997
DMA IRQ c0=1
DMA IRQ c1=0
DMA IRQ c2=0
DMA IRQ c3=0
SELECT busy=1944
SELECT w0=1914
SELECT w1=1182
SELECT w2=1186
BUSY TASK ewma=997
DMA IRQ c0=1
DMA IRQ c1=0
DMA IRQ c2=0
DMA IRQ c3=0
SELECT busy=1965
SELECT w0=1932
SELECT w1=1192
SELECT w2=1197
BUSY TASK ewma=997
DMA IRQ c0=1
DMA IRQ c1=0
DMA IRQ c2=0
DMA IRQ c3=0
SELECT busy=1993
SELECT w0=1960
SELECT w1=1209
SELECT w2=1215
BUSY TASK ewma=997
DMA IRQ c0=1
DMA IRQ c1=0
DMA IRQ c2=0
DMA IRQ c3=0
SELECT busy=2011
SELECT w0=1978
SELECT w1=1223
SELECT w2=1228
BUSY TASK ewma=997
DMA IRQ c0=1
DMA IRQ c1=0
DMA IRQ c2=0
DMA IRQ c3=0
SELECT busy=2028
SELECT w0=1995
SELECT w1=1232
SELECT w2=1237
BUSY TASK ewma=997
DMA IRQ c0=1
DMA IRQ c1=0
DMA IRQ c2=0
DMA IRQ c3=0
SELECT busy=2046
SELECT w0=2014
SELECT w1=1244
SELECT w2=1249
BUSY TASK ewma=997
DMA IRQ c0=1
DMA IRQ c1=0
DMA IRQ c2=0
DMA IRQ c3=0
SELECT busy=2063
SELECT w0=2030
SELECT w1=1254
SELECT w2=1259
BUSY TASK ewma=997
DMA IRQ c0=1
DMA IRQ c1=0
DMA IRQ c2=0
DMA IRQ c3=0
SELECT busy=2079
SELECT w0=2047
SELECT w1=1265
SELECT w2=1269
BUSY TASK ewma=997
DMA IRQ c0=1
DMA IRQ c1=0
DMA IRQ c2=0
DMA IRQ c3=0
SELECT busy=2094
SELECT w0=2061
SELECT w1=1273
SELECT w2=1279
BUSY TASK ewma=997
DMA IRQ c0=1
DMA IRQ c1=0
DMA IRQ c2=0
DMA IRQ c3=0
SELECT busy=2111
SELECT w0=2079
SELECT w1=1283
SELECT w2=1291
BUSY TASK ewma=997
DMA IRQ c0=1
DMA IRQ c1=0
DMA IRQ c2=0
DMA IRQ c3=0
SELECT busy=2128
SELECT w0=2096
SELECT w1=1296
SELECT w2=1301
BUSY TASK ewma=997
DMA IRQ c0=1
DMA IRQ c1=0
DMA IRQ c2=0
DMA IRQ c3=0
SELECT busy=2146
SELECT w0=2113
SELECT w1=1307
SELECT w2=1313
BUSY TASK ewma=997
DMA IRQ c0=1
DMA IRQ c1=0
DMA IRQ c2=0
DMA IRQ c3=0
SELECT busy=2165
SELECT w0=2132
SELECT w1=1318
SELECT w2=1323
BUSY TASK ewma=997
DMA IRQ c0=1
DMA IRQ c1=0
DMA IRQ c2=0
DMA IRQ c3=0
SELECT busy=2177
SELECT w0=2145
SELECT w1=1326
SELECT w2=1333
BUSY TASK ewma=997
DMA IRQ c0=1
DMA IRQ c1=0
DMA IRQ c2=0
DMA IRQ c3=0
SELECT busy=2194
SELECT w0=2162
SELECT w1=1336
SELECT w2=1342
BUSY TASK ewma=997
DMA IRQ c0=1
DMA IRQ c1=0
DMA IRQ c2=0
DMA IRQ c3=0
SELECT busy=2215
SELECT w0=2183
SELECT w1=1351
SELECT w2=1353
BUSY TASK ewma=997
DMA IRQ c0=1
DMA IRQ c1=0
DMA IRQ c2=0
DMA IRQ c3=0
SELECT busy=2232
SELECT w0=2200
SELECT w1=1357
SELECT w2=1359
BUSY TASK ewma=997
DMA IRQ c0=1
DMA IRQ c1=0
DMA IRQ c2=0
DMA IRQ c3=0
SELECT busy=2249
SELECT w0=2217
SELECT w1=1368
SELECT w2=1372
BUSY TASK ewma=997
DMA IRQ c0=1
DMA IRQ c1=0
DMA IRQ c2=0
DMA IRQ c3=0
SELECT busy=2271
SELECT w0=2238
SELECT w1=1380
SELECT w2=1382
BUSY TASK ewma=997
DMA IRQ c0=1
DMA IRQ c1=0
DMA IRQ c2=0
DMA IRQ c3=0
SELECT busy=2287
SELECT w0=2255
SELECT w1=1392
SELECT w2=1391
BUSY TASK ewma=997
DMA IRQ c0=1
DMA IRQ c1=0
DMA IRQ c2=0
DMA IRQ c3=0
SELECT busy=2318
SELECT w0=2285
SELECT w1=1408
SELECT w2=1410
BUSY TASK ewma=997
DMA IRQ c0=1
DMA IRQ c1=0
DMA IRQ c2=0
DMA IRQ c3=0
SELECT busy=2362
SELECT w0=2330
SELECT w1=1432
SELECT w2=1434
BUSY TASK ewma=997
DMA IRQ c0=1
DMA IRQ c1=0
DMA IRQ c2=0
DMA IRQ c3=0
SELECT busy=2387
SELECT w0=2354
SELECT w1=1445
SELECT w2=1448
BUSY TASK ewma=997
DMA IRQ c0=1
DMA IRQ c1=0
DMA IRQ c2=0
DMA IRQ c3=0
SELECT busy=2410
SELECT w0=2378
SELECT w1=1460
SELECT w2=1462
BUSY TASK ewma=997
DMA IRQ c0=1
DMA IRQ c1=0
DMA IRQ c2=0
DMA IRQ c3=0
SELECT busy=2433
SELECT w0=2401
SELECT w1=1474
SELECT w2=1477
BUSY TASK ewma=997
DMA IRQ c0=1
DMA IRQ c1=0
DMA IRQ c2=0
DMA IRQ c3=0
SELECT busy=2454
SELECT w0=2421
SELECT w1=1484
SELECT w2=1484
BUSY TASK ewma=997
DMA IRQ c0=1
DMA IRQ c1=0
DMA IRQ c2=0
DMA IRQ c3=0
SELECT busy=2471
SELECT w0=2439
SELECT w1=1492
SELECT w2=1490
BUSY TASK ewma=997
DMA IRQ c0=1
DMA IRQ c1=0
DMA IRQ c2=0
DMA IRQ c3=0
SELECT busy=2488
SELECT w0=2455
SELECT w1=1502
SELECT w2=1500
BUSY TASK ewma=997
DMA IRQ c0=1
DMA IRQ c1=0
DMA IRQ c2=0
DMA IRQ c3=0
SELECT busy=2506
SELECT w0=2473
SELECT w1=1510
SELECT w2=1509
BUSY TASK ewma=997
DMA IRQ c0=1
DMA IRQ c1=0
DMA IRQ c2=0
DMA IRQ c3=0
SELECT busy=2524
SELECT w0=2492
SELECT w1=1522
SELECT w2=1520
BUSY TASK ewma=997
DMA IRQ c0=1
DMA IRQ c1=0
DMA IRQ c2=0
DMA IRQ c3=0
SELECT busy=2542
SELECT w0=2510
SELECT w1=1531
SELECT w2=1530
BUSY TASK ewma=997
DMA IRQ c0=1
DMA IRQ c1=0
DMA IRQ c2=0
DMA IRQ c3=0
SELECT busy=2561
SELECT w0=2528
SELECT w1=1541
SELECT w2=1539
BUSY TASK ewma=997
DMA IRQ c0=1
DMA IRQ c1=0
DMA IRQ c2=0
DMA IRQ c3=0
SELECT busy=2579
SELECT w0=2547
SELECT w1=1553
SELECT w2=1551
BUSY TASK ewma=997
DMA IRQ c0=1
DMA IRQ c1=0
DMA IRQ c2=0
DMA IRQ c3=0
SELECT busy=2597
SELECT w0=2565
SELECT w1=1563
SELECT w2=1561
BUSY TASK ewma=997
DMA IRQ c0=1
DMA IRQ c1=0
DMA IRQ c2=0
DMA IRQ c3=0
SELECT busy=2613
SELECT w0=2581
SELECT w1=1575
SELECT w2=1572
BUSY TASK ewma=997
DMA IRQ c0=1
DMA IRQ c1=0
DMA IRQ c2=0
DMA IRQ c3=0
SELECT busy=2634
SELECT w0=2602
SELECT w1=1586
SELECT w2=1584
BUSY TASK ewma=997
DMA IRQ c0=1
DMA IRQ c1=0
DMA IRQ c2=0
DMA IRQ c3=0
SELECT busy=2654
SELECT w0=2622
SELECT w1=1600
SELECT w2=1597
BUSY TASK ewma=997
DMA IRQ c0=1
DMA IRQ c1=0
DMA IRQ c2=0
DMA IRQ c3=0
SELECT busy=2674
SELECT w0=2641
SELECT w1=1609
SELECT w2=1606
BUSY TASK ewma=997
DMA IRQ c0=1
DMA IRQ c1=0
DMA IRQ c2=0
DMA IRQ c3=0
SELECT busy=2692
SELECT w0=2659
SELECT w1=1618
SELECT w2=1615
BUSY TASK ewma=997
DMA IRQ c0=1
DMA IRQ c1=0
DMA IRQ c2=0
DMA IRQ c3=0
SELECT busy=2705
SELECT w0=2672
SELECT w1=1627
SELECT w2=1624
BUSY TASK ewma=997
DMA IRQ c0=1
DMA IRQ c1=0
DMA IRQ c2=0
DMA IRQ c3=0
SELECT busy=2719
SELECT w0=2686
SELECT w1=1635
SELECT w2=1631
BUSY TASK ewma=997
DMA IRQ c0=1
DMA IRQ c1=0
DMA IRQ c2=0
DMA IRQ c3=0
SELECT busy=2735
SELECT w0=2702
SELECT w1=1645
SELECT w2=1639
BUSY TASK ewma=997
DMA IRQ c0=1
DMA IRQ c1=0
DMA IRQ c2=0
DMA IRQ c3=0
SELECT busy=2756
SELECT w0=2724
SELECT w1=1658
SELECT w2=1654
BUSY TASK ewma=997
DMA IRQ c0=1
DMA IRQ c1=0
DMA IRQ c2=0
DMA IRQ c3=0
SELECT busy=2778
SELECT w0=2745
SELECT w1=1671
SELECT w2=1665
BUSY TASK ewma=997
DMA IRQ c0=1
DMA IRQ c1=0
DMA IRQ c2=0
DMA IRQ c3=0
SELECT busy=2796
SELECT w0=2763
SELECT w1=1680
SELECT w2=1674
BUSY TASK ewma=997
DMA IRQ c0=1
DMA IRQ c1=0
DMA IRQ c2=0
DMA IRQ c3=0
SELECT busy=2817
SELECT w0=2785
SELECT w1=1693
SELECT w2=1688
BUSY TASK ewma=997
DMA IRQ c0=1
DMA IRQ c1=0
DMA IRQ c2=0
DMA IRQ c3=0
SELECT busy=2836
SELECT w0=2804
SELECT w1=1706
SELECT w2=1698
BUSY TASK ewma=997
DMA IRQ c0=1
DMA IRQ c1=0
DMA IRQ c2=0
DMA IRQ c3=0
SELECT busy=2855
SELECT w0=2822
SELECT w1=1718
SELECT w2=1709
BUSY TASK ewma=997
DMA IRQ c0=1
DMA IRQ c1=0
DMA IRQ c2=0
DMA IRQ c3=0
SELECT busy=2869
SELECT w0=2836
SELECT w1=1725
SELECT w2=1715
BUSY TASK ewma=997
DMA IRQ c0=1
DMA IRQ c1=0
DMA IRQ c2=0
DMA IRQ c3=0
SELECT busy=2884
SELECT w0=2851
SELECT w1=1731
SELECT w2=1724
BUSY TASK ewma=997
DMA IRQ c0=1
DMA IRQ c1=0
DMA IRQ c2=0
DMA IRQ c3=0
SELECT busy=2902
SELECT w0=2870
SELECT w1=1743
SELECT w2=1736
BUSY TASK ewma=997
DMA IRQ c0=1
DMA IRQ c1=0
DMA IRQ c2=0
DMA IRQ c3=0
SELECT busy=2922
SELECT w0=2890
SELECT w1=1753
SELECT w2=1746
BUSY TASK ewma=997
DMA IRQ c0=1
DMA IRQ c1=0
DMA IRQ c2=0
DMA IRQ c3=0
SELECT busy=2942
SELECT w0=2910
SELECT w1=1762
SELECT w2=1757
BUSY TASK ewma=997
DMA IRQ c0=1
DMA IRQ c1=0
DMA IRQ c2=0
DMA IRQ c3=0
SELECT busy=2962
SELECT w0=2930
SELECT w1=1775
SELECT w2=1771
BUSY TASK ewma=997
DMA IRQ c0=1
DMA IRQ c1=0
DMA IRQ c2=0
DMA IRQ c3=0
SELECT busy=2984
SELECT w0=2952
SELECT w1=1788
SELECT w2=1785
BUSY TASK ewma=997
DMA IRQ c0=1
DMA IRQ c1=0
DMA IRQ c2=0
DMA IRQ c3=0
SELECT busy=3006
SELECT w0=2974
SELECT w1=1803
SELECT w2=1798
BUSY TASK ewma=997
IRQ counts: cpu0=6016 cpu1=6719 cpu2=6710 cpu3=6666
SCHED secondaries: calls=20120 unexpected=0
SECTEST switches=20094 cpu1=68490713,67178183 cpu2=53825152,55002119 cpu3=76487218,75407991
PINGPONG rounds=1444 pongs=1445
DMA IRQ c0=1
DMA IRQ c1=0
DMA IRQ c2=0
DMA IRQ c3=0
SELECT busy=3042
SELECT w0=3010
SELECT w1=1824
SELECT w2=1825
BUSY TASK ewma=997
DMA IRQ c0=1
DMA IRQ c1=0
DMA IRQ c2=0
DMA IRQ c3=0
SELECT busy=3062
SELECT w0=3030
SELECT w1=1835
SELECT w2=1834
BUSY TASK ewma=997
DMA IRQ c0=1
DMA IRQ c1=0
DMA IRQ c2=0
DMA IRQ c3=0
SELECT busy=3085
SELECT w0=3052
SELECT w1=1845
SELECT w2=1845
BUSY TASK ewma=997
DMA IRQ c0=1
DMA IRQ c1=0
DMA IRQ c2=0
DMA IRQ c3=0
SELECT busy=3103
SELECT w0=3071
SELECT w1=1857
SELECT w2=1857
BUSY TASK ewma=997
DMA IRQ c0=1
DMA IRQ c1=0
DMA IRQ c2=0
DMA IRQ c3=0
SELECT busy=3122
SELECT w0=3089
SELECT w1=1867
SELECT w2=1869
BUSY TASK ewma=997
DMA IRQ c0=1
DMA IRQ c1=0
DMA IRQ c2=0
DMA IRQ c3=0
SELECT busy=3151
SELECT w0=3118
SELECT w1=1879
SELECT w2=1884
BUSY TASK ewma=997
DMA IRQ c0=1
DMA IRQ c1=0
DMA IRQ c2=0
DMA IRQ c3=0
SELECT busy=3175
SELECT w0=3143
SELECT w1=1894
SELECT w2=1900
BUSY TASK ewma=997
DMA IRQ c0=1
DMA IRQ c1=0
DMA IRQ c2=0
DMA IRQ c3=0
SELECT busy=3205
SELECT w0=3172
SELECT w1=1910
SELECT w2=1916
BUSY TASK ewma=997
DMA IRQ c0=1
DMA IRQ c1=0
DMA IRQ c2=0
DMA IRQ c3=0
SELECT busy=3240
SELECT w0=3208
SELECT w1=1929
SELECT w2=1938
BUSY TASK ewma=997
DMA IRQ c0=1
DMA IRQ c1=0
DMA IRQ c2=0
DMA IRQ c3=0
SELECT busy=3266
SELECT w0=3233
SELECT w1=1945
SELECT w2=1952
BUSY TASK ewma=997
DMA IRQ c0=1
DMA IRQ c1=0
DMA IRQ c2=0
DMA IRQ c3=0
SELECT busy=3282
SELECT w0=3251
SELECT w1=1956
SELECT w2=1962
BUSY TASK ewma=997
DMA IRQ c0=1
DMA IRQ c1=0
DMA IRQ c2=0
DMA IRQ c3=0
SELECT busy=3300
SELECT w0=3269
SELECT w1=1965
SELECT w2=1971
BUSY TASK ewma=997
DMA IRQ c0=1
DMA IRQ c1=0
DMA IRQ c2=0
DMA IRQ c3=0
SELECT busy=3321
SELECT w0=3290
SELECT w1=1976
SELECT w2=1982
BUSY TASK ewma=997
DMA IRQ c0=1
DMA IRQ c1=0
DMA IRQ c2=0
DMA IRQ c3=0
SELECT busy=3343
SELECT w0=3310
SELECT w1=1988
SELECT w2=1993
BUSY TASK ewma=997
DMA IRQ c0=1
DMA IRQ c1=0
DMA IRQ c2=0
DMA IRQ c3=0
SELECT busy=3368
SELECT w0=3337
SELECT w1=2006
SELECT w2=2009
BUSY TASK ewma=997
DMA IRQ c0=1
DMA IRQ c1=0
DMA IRQ c2=0
DMA IRQ c3=0
SELECT busy=3389
SELECT w0=3357
SELECT w1=2016
SELECT w2=2019
BUSY TASK ewma=997
DMA IRQ c0=1
DMA IRQ c1=0
DMA IRQ c2=0
DMA IRQ c3=0
SELECT busy=3405
SELECT w0=3372
SELECT w1=2025
SELECT w2=2027
BUSY TASK ewma=997
DMA IRQ c0=1
DMA IRQ c1=0
DMA IRQ c2=0
DMA IRQ c3=0
SELECT busy=3421
SELECT w0=3389
SELECT w1=2034
SELECT w2=2037
BUSY TASK ewma=997
DMA IRQ c0=1
DMA IRQ c1=0
DMA IRQ c2=0
DMA IRQ c3=0
SELECT busy=3442
SELECT w0=3410
SELECT w1=2044
SELECT w2=2049
BUSY TASK ewma=997
DMA IRQ c0=1
DMA IRQ c1=0
DMA IRQ c2=0
DMA IRQ c3=0
SELECT busy=3460
SELECT w0=3428
SELECT w1=2057
SELECT w2=2062
BUSY TASK ewma=997
DMA IRQ c0=1
DMA IRQ c1=0
DMA IRQ c2=0
DMA IRQ c3=0
SELECT busy=3476
SELECT w0=3445
SELECT w1=2067
SELECT w2=2072
BUSY TASK ewma=997
DMA IRQ c0=1
DMA IRQ c1=0
DMA IRQ c2=0
DMA IRQ c3=0
SELECT busy=3503
SELECT w0=3471
SELECT w1=2083
SELECT w2=2087
BUSY TASK ewma=997
DMA IRQ c0=1
DMA IRQ c1=0
DMA IRQ c2=0
DMA IRQ c3=0
SELECT busy=3520
SELECT w0=3488
SELECT w1=2096
SELECT w2=2100
BUSY TASK ewma=997
DMA IRQ c0=1
DMA IRQ c1=0
DMA IRQ c2=0
DMA IRQ c3=0
SELECT busy=3538
SELECT w0=3505
SELECT w1=2105
SELECT w2=2107
BUSY TASK ewma=997
DMA IRQ c0=1
DMA IRQ c1=0
DMA IRQ c2=0
DMA IRQ c3=0
SELECT busy=3557
SELECT w0=3525
SELECT w1=2119
SELECT w2=2118
BUSY TASK ewma=997
DMA IRQ c0=1
DMA IRQ c1=0
DMA IRQ c2=0
DMA IRQ c3=0
SELECT busy=3573
SELECT w0=3540
SELECT w1=2126
SELECT w2=2125
BUSY TASK ewma=997
DMA IRQ c0=1
DMA IRQ c1=0
DMA IRQ c2=0
DMA IRQ c3=0
SELECT busy=3584
SELECT w0=3552
SELECT w1=2132
SELECT w2=2131
BUSY TASK ewma=997
DMA IRQ c0=1
DMA IRQ c1=0
DMA IRQ c2=0
DMA IRQ c3=0
SELECT busy=3596
SELECT w0=3564
SELECT w1=2137
SELECT w2=2137
BUSY TASK ewma=997
DMA IRQ c0=1
DMA IRQ c1=0
DMA IRQ c2=0
DMA IRQ c3=0
SELECT busy=3611
SELECT w0=3579
SELECT w1=2146
SELECT w2=2146
BUSY TASK ewma=997
DMA IRQ c0=1
DMA IRQ c1=0
DMA IRQ c2=0
DMA IRQ c3=0
SELECT busy=3627
SELECT w0=3594
SELECT w1=2152
SELECT w2=2151
BUSY TASK ewma=997
DMA IRQ c0=1
DMA IRQ c1=0
DMA IRQ c2=0
DMA IRQ c3=0
SELECT busy=3649
SELECT w0=3616
SELECT w1=2161
SELECT w2=2162
BUSY TASK ewma=997
DMA IRQ c0=1
DMA IRQ c1=0
DMA IRQ c2=0
DMA IRQ c3=0
SELECT busy=3668
SELECT w0=3636
SELECT w1=2172
SELECT w2=2173
BUSY TASK ewma=997
DMA IRQ c0=1
DMA IRQ c1=0
DMA IRQ c2=0
DMA IRQ c3=0
SELECT busy=3688
SELECT w0=3656
SELECT w1=2181
SELECT w2=2185
BUSY TASK ewma=997
DMA IRQ c0=1
DMA IRQ c1=0
DMA IRQ c2=0
DMA IRQ c3=0
SELECT busy=3710
SELECT w0=3678
SELECT w1=2192
SELECT w2=2196
BUSY TASK ewma=997
DMA IRQ c0=1
DMA IRQ c1=0
DMA IRQ c2=0
DMA IRQ c3=0
SELECT busy=3727
SELECT w0=3694
SELECT w1=2200
SELECT w2=2205
BUSY TASK ewma=997
DMA IRQ c0=1
DMA IRQ c1=0
DMA IRQ c2=0
DMA IRQ c3=0
SELECT busy=3744
SELECT w0=3711
SELECT w1=2208
SELECT w2=2214
BUSY TASK ewma=997
DMA IRQ c0=1
DMA IRQ c1=0
DMA IRQ c2=0
DMA IRQ c3=0
SELECT busy=3763
SELECT w0=3731
SELECT w1=2219
SELECT w2=2225
BUSY TASK ewma=997
DMA IRQ c0=1
DMA IRQ c1=0
DMA IRQ c2=0
DMA IRQ c3=0
SELECT busy=3779
SELECT w0=3747
SELECT w1=2227
SELECT w2=2235
BUSY TASK ewma=997
DMA IRQ c0=1
DMA IRQ c1=0
DMA IRQ c2=0
DMA IRQ c3=0
SELECT busy=3796
SELECT w0=3763
SELECT w1=2235
SELECT w2=2243
BUSY TASK ewma=997
DMA IRQ c0=1
DMA IRQ c1=0
DMA IRQ c2=0
DMA IRQ c3=0
SELECT busy=3809
SELECT w0=3776
SELECT w1=2243
SELECT w2=2251
BUSY TASK ewma=997
DMA IRQ c0=1
DMA IRQ c1=0
DMA IRQ c2=0
DMA IRQ c3=0
SELECT busy=3825
SELECT w0=3792
SELECT w1=2253
SELECT w2=2258
BUSY TASK ewma=997
DMA IRQ c0=1
DMA IRQ c1=0
DMA IRQ c2=0
DMA IRQ c3=0
SELECT busy=3849
SELECT w0=3817
SELECT w1=2270
SELECT w2=2274
BUSY TASK ewma=997
DMA IRQ c0=1
DMA IRQ c1=0
DMA IRQ c2=0
DMA IRQ c3=0
SELECT busy=3887
SELECT w0=3855
SELECT w1=2291
SELECT w2=2299
BUSY TASK ewma=997
DMA IRQ c0=1
DMA IRQ c1=0
DMA IRQ c2=0
DMA IRQ c3=0
SELECT busy=3921
SELECT w0=3888
SELECT w1=2305
SELECT w2=2314
BUSY TASK ewma=997
DMA IRQ c0=1
DMA IRQ c1=0
DMA IRQ c2=0
DMA IRQ c3=0
SELECT busy=3956
SELECT w0=3923
SELECT w1=2323
SELECT w2=2332
BUSY TASK ewma=997
DMA IRQ c0=1
DMA IRQ c1=0
DMA IRQ c2=0
DMA IRQ c3=0
SELECT busy=3990
SELECT w0=3958
SELECT w1=2347
SELECT w2=2352
BUSY TASK ewma=997
DMA IRQ c0=1
DMA IRQ c1=0
DMA IRQ c2=0
DMA IRQ c3=0
SELECT busy=4023
SELECT w0=3992
SELECT w1=2362
SELECT w2=2369
BUSY TASK ewma=997
DMA IRQ c0=1
DMA IRQ c1=0
DMA IRQ c2=0
DMA IRQ c3=0
SELECT busy=4060
SELECT w0=4028
SELECT w1=2380
SELECT w2=2386
BUSY TASK ewma=997
DMA IRQ c0=1
DMA IRQ c1=0
DMA IRQ c2=0
DMA IRQ c3=0
SELECT busy=4089
SELECT w0=4056
SELECT w1=2394
SELECT w2=2402
BUSY TASK ewma=997
DMA IRQ c0=1
DMA IRQ c1=0
DMA IRQ c2=0
DMA IRQ c3=0
SELECT busy=4125
SELECT w0=4093
SELECT w1=2414
SELECT w2=2424
BUSY TASK ewma=997
DMA IRQ c0=1
DMA IRQ c1=0
DMA IRQ c2=0
DMA IRQ c3=0
SELECT busy=4142
SELECT w0=4110
SELECT w1=2425
SELECT w2=2436
BUSY TASK ewma=997
DMA IRQ c0=1
DMA IRQ c1=0
DMA IRQ c2=0
DMA IRQ c3=0
SELECT busy=4165
SELECT w0=4133
SELECT w1=2440
SELECT w2=2456
BUSY TASK ewma=997
DMA IRQ c0=1
DMA IRQ c1=0
DMA IRQ c2=0
DMA IRQ c3=0
SELECT busy=4185
SELECT w0=4152
SELECT w1=2448
SELECT w2=2464
BUSY TASK ewma=997
DMA IRQ c0=1
DMA IRQ c1=0
DMA IRQ c2=0
DMA IRQ c3=0
SELECT busy=4204
SELECT w0=4171
SELECT w1=2459
SELECT w2=2474
BUSY TASK ewma=997
DMA IRQ c0=1
DMA IRQ c1=0
DMA IRQ c2=0
DMA IRQ c3=0
SELECT busy=4222
SELECT w0=4189
SELECT w1=2466
SELECT w2=2480
BUSY TASK ewma=997
DMA IRQ c0=1
DMA IRQ c1=0
DMA IRQ c2=0
DMA IRQ c3=0
SELECT busy=4241
SELECT w0=4209
SELECT w1=2478
SELECT w2=2491
BUSY TASK ewma=997
DMA IRQ c0=1
DMA IRQ c1=0
DMA IRQ c2=0
DMA IRQ c3=0
SELECT busy=4259
SELECT w0=4226
SELECT w1=2488
SELECT w2=2500
BUSY TASK ewma=997
DMA IRQ c0=1
DMA IRQ c1=0
DMA IRQ c2=0
DMA IRQ c3=0
SELECT busy=4283
SELECT w0=4251
SELECT w1=2501
SELECT w2=2513
BUSY TASK ewma=997
DMA IRQ c0=1
DMA IRQ c1=0
DMA IRQ c2=0
DMA IRQ c3=0
SELECT busy=4316
SELECT w0=4283
SELECT w1=2519
SELECT w2=2527
BUSY TASK ewma=997
DMA IRQ c0=1
DMA IRQ c1=0
DMA IRQ c2=0
DMA IRQ c3=0
SELECT busy=4347
SELECT w0=4317
SELECT w1=2538
SELECT w2=2550
BUSY TASK ewma=997
DMA IRQ c0=1
DMA IRQ c1=0
DMA IRQ c2=0
DMA IRQ c3=0
SELECT busy=4381
SELECT w0=4349
SELECT w1=2552
SELECT w2=2562
BUSY TASK ewma=997
DMA IRQ c0=1
DMA IRQ c1=0
DMA IRQ c2=0
DMA IRQ c3=0
SELECT busy=4409
SELECT w0=4376
SELECT w1=2563
SELECT w2=2574
BUSY TASK ewma=997
DMA IRQ c0=1
DMA IRQ c1=0
DMA IRQ c2=0
DMA IRQ c3=0
SELECT busy=4437
SELECT w0=4404
SELECT w1=2577
SELECT w2=2589
BUSY TASK ewma=997
DMA IRQ c0=1
DMA IRQ c1=0
DMA IRQ c2=0
DMA IRQ c3=0
SELECT busy=4464
SELECT w0=4432
SELECT w1=2591
SELECT w2=2607
BUSY TASK ewma=997
IRQ counts: cpu0=8932 cpu1=9965 cpu2=9978 cpu3=9843
SCHED secondaries: calls=29795 unexpected=0
SECTEST switches=29769 cpu1=104115120,104175067 cpu2=81535093,82325316 cpu3=115394224,113043206
PINGPONG rounds=2000 pongs=2000
DMA IRQ c0=1
DMA IRQ c1=0
DMA IRQ c2=0
DMA IRQ c3=0
SELECT busy=4496
SELECT w0=4464
SELECT w1=2605
SELECT w2=2624
BUSY TASK ewma=997
DMA IRQ c0=1
DMA IRQ c1=0
DMA IRQ c2=0
DMA IRQ c3=0
SELECT busy=4510
SELECT w0=4478
SELECT w1=2613
SELECT w2=2632
BUSY TASK ewma=997
DMA IRQ c0=1
DMA IRQ c1=0
DMA IRQ c2=0
DMA IRQ c3=0
SELECT busy=4532
SELECT w0=4501
SELECT w1=2624
SELECT w2=2646
BUSY TASK ewma=997
DMA IRQ c0=1
DMA IRQ c1=0
DMA IRQ c2=0
DMA IRQ c3=0
SELECT busy=4559
SELECT w0=4526
SELECT w1=2636
SELECT w2=2663
BUSY TASK ewma=997
DMA IRQ c0=1
DMA IRQ c1=0
DMA IRQ c2=0
DMA IRQ c3=0
SELECT busy=4578
SELECT w0=4546
SELECT w1=2647
SELECT w2=2677
BUSY TASK ewma=997
DMA IRQ c0=1
DMA IRQ c1=0
DMA IRQ c2=0
DMA IRQ c3=0
SELECT busy=4595
SELECT w0=4563
SELECT w1=2655
SELECT w2=2689
BUSY TASK ewma=997
DMA IRQ c0=1
DMA IRQ c1=0
DMA IRQ c2=0
DMA IRQ c3=0
SELECT busy=4621
SELECT w0=4590
SELECT w1=2671
SELECT w2=2706
BUSY TASK ewma=997
DMA IRQ c0=1
DMA IRQ c1=0
DMA IRQ c2=0
DMA IRQ c3=0
SELECT busy=4640
SELECT w0=4607
SELECT w1=2681
SELECT w2=2716
BUSY TASK ewma=997
DMA IRQ c0=1
DMA IRQ c1=0
DMA IRQ c2=0
DMA IRQ c3=0
SELECT busy=4656
SELECT w0=4624
SELECT w1=2689
SELECT w2=2726
BUSY TASK ewma=997
DMA IRQ c0=1
DMA IRQ c1=0
DMA IRQ c2=0
DMA IRQ c3=0
SELECT busy=4677
SELECT w0=4645
SELECT w1=2700
SELECT w2=2740
BUSY TASK ewma=997
DMA IRQ c0=1
DMA IRQ c1=0
DMA IRQ c2=0
DMA IRQ c3=0
SELECT busy=4692
SELECT w0=4659
SELECT w1=2706
SELECT w2=2747
BUSY TASK ewma=997
DMA IRQ c0=1
DMA IRQ c1=0
DMA IRQ c2=0
DMA IRQ c3=0
SELECT busy=4710
SELECT w0=4678
SELECT w1=2715
SELECT w2=2759
BUSY TASK ewma=997
DMA IRQ c0=1
DMA IRQ c1=0
DMA IRQ c2=0
DMA IRQ c3=0
SELECT busy=4727
SELECT w0=4695
SELECT w1=2724
SELECT w2=2768
BUSY TASK ewma=997
DMA IRQ c0=1
DMA IRQ c1=0
DMA IRQ c2=0
DMA IRQ c3=0
SELECT busy=4747
SELECT w0=4715
SELECT w1=2734
SELECT w2=2781
BUSY TASK ewma=997
DMA IRQ c0=1
DMA IRQ c1=0
DMA IRQ c2=0
DMA IRQ c3=0
SELECT busy=4770
SELECT w0=4737
SELECT w1=2746
SELECT w2=2794
BUSY TASK ewma=997
DMA IRQ c0=1
DMA IRQ c1=0
DMA IRQ c2=0
DMA IRQ c3=0
SELECT busy=4790
SELECT w0=4758
SELECT w1=2754
SELECT w2=2804
BUSY TASK ewma=997
DMA IRQ c0=1
DMA IRQ c1=0
DMA IRQ c2=0
DMA IRQ c3=0
SELECT busy=4811
SELECT w0=4779
SELECT w1=2762
SELECT w2=2818
BUSY TASK ewma=997
DMA IRQ c0=1
DMA IRQ c1=0
DMA IRQ c2=0
DMA IRQ c3=0
SELECT busy=4832
SELECT w0=4800
SELECT w1=2769
SELECT w2=2825
BUSY TASK ewma=997
DMA IRQ c0=1
DMA IRQ c1=0
DMA IRQ c2=0
DMA IRQ c3=0
SELECT busy=4849
SELECT w0=4816
SELECT w1=2773
SELECT w2=2829
BUSY TASK ewma=997
DMA IRQ c0=1
DMA IRQ c1=0
DMA IRQ c2=0
DMA IRQ c3=0
SELECT busy=4866
SELECT w0=4834
SELECT w1=2779
SELECT w2=2837
BUSY TASK ewma=997
DMA IRQ c0=1
DMA IRQ c1=0
DMA IRQ c2=0
DMA IRQ c3=0
SELECT busy=4887
SELECT w0=4855
SELECT w1=2789
SELECT w2=2850
BUSY TASK ewma=997
DMA IRQ c0=1
DMA IRQ c1=0
DMA IRQ c2=0
DMA IRQ c3=0
SELECT busy=4905
SELECT w0=4872
SELECT w1=2799
SELECT w2=2865
BUSY TASK ewma=997
DMA IRQ c0=1
DMA IRQ c1=0
DMA IRQ c2=0
DMA IRQ c3=0
SELECT busy=4925
SELECT w0=4892
SELECT w1=2805
SELECT w2=2874
BUSY TASK ewma=997
DMA IRQ c0=1
DMA IRQ c1=0
DMA IRQ c2=0
DMA IRQ c3=0
SELECT busy=4945
SELECT w0=4913
SELECT w1=2817
SELECT w2=2890
BUSY TASK ewma=997
DMA IRQ c0=1
DMA IRQ c1=0
DMA IRQ c2=0
DMA IRQ c3=0
SELECT busy=4965
SELECT w0=4933
SELECT w1=2827
SELECT w2=2901
BUSY TASK ewma=997
DMA IRQ c0=1
DMA IRQ c1=0
DMA IRQ c2=0
DMA IRQ c3=0
SELECT busy=4989
SELECT w0=4957
SELECT w1=2839
SELECT w2=2916
BUSY TASK ewma=997
DMA IRQ c0=1
DMA IRQ c1=0
DMA IRQ c2=0
DMA IRQ c3=0
SELECT busy=5007
SELECT w0=4974
SELECT w1=2847
SELECT w2=2927
BUSY TASK ewma=997
DMA IRQ c0=1
DMA IRQ c1=0
DMA IRQ c2=0
DMA IRQ c3=0
SELECT busy=5024
SELECT w0=4991
SELECT w1=2855
SELECT w2=2937
BUSY TASK ewma=997
DMA IRQ c0=1
DMA IRQ c1=0
DMA IRQ c2=0
DMA IRQ c3=0
SELECT busy=5040
SELECT w0=5007
SELECT w1=2862
SELECT w2=2944
BUSY TASK ewma=997
DMA IRQ c0=1
DMA IRQ c1=0
DMA IRQ c2=0
DMA IRQ c3=0
SELECT busy=5055
SELECT w0=5022
SELECT w1=2869
SELECT w2=2952
BUSY TASK ewma=997
DMA IRQ c0=1
DMA IRQ c1=0
DMA IRQ c2=0
DMA IRQ c3=0
SELECT busy=5077
SELECT w0=5045
SELECT w1=2880
SELECT w2=2966
BUSY TASK ewma=997
DMA IRQ c0=1
DMA IRQ c1=0
DMA IRQ c2=0
DMA IRQ c3=0
SELECT busy=5110
SELECT w0=5078
SELECT w1=2894
SELECT w2=2983
BUSY TASK ewma=997
DMA IRQ c0=1
DMA IRQ c1=0
DMA IRQ c2=0
DMA IRQ c3=0
SELECT busy=5138
SELECT w0=5105
SELECT w1=2903
SELECT w2=2997
BUSY TASK ewma=997
DMA IRQ c0=1
DMA IRQ c1=0
DMA IRQ c2=0
DMA IRQ c3=0
SELECT busy=5165
SELECT w0=5132
SELECT w1=2913
SELECT w2=3009
BUSY TASK ewma=997
DMA IRQ c0=1
DMA IRQ c1=0
DMA IRQ c2=0
DMA IRQ c3=0
SELECT busy=5192
SELECT w0=5159
SELECT w1=2922
SELECT w2=3018
BUSY TASK ewma=997
DMA IRQ c0=1
DMA IRQ c1=0
DMA IRQ c2=0
DMA IRQ c3=0
SELECT busy=5231
SELECT w0=5198
SELECT w1=2940
SELECT w2=3037
BUSY TASK ewma=997
DMA IRQ c0=1
DMA IRQ c1=0
DMA IRQ c2=0
DMA IRQ c3=0
SELECT busy=5262
SELECT w0=5229
SELECT w1=2950
SELECT w2=3050
BUSY TASK ewma=997
DMA IRQ c0=1
DMA IRQ c1=0
DMA IRQ c2=0
DMA IRQ c3=0
SELECT busy=5303
SELECT w0=5271
SELECT w1=2968
SELECT w2=3075
BUSY TASK ewma=997
DMA IRQ c0=1
DMA IRQ c1=0
DMA IRQ c2=0
DMA IRQ c3=0
SELECT busy=5339
SELECT w0=5306
SELECT w1=2981
SELECT w2=3090
BUSY TASK ewma=997
DMA IRQ c0=1
DMA IRQ c1=0
DMA IRQ c2=0
DMA IRQ c3=0
SELECT busy=5357
SELECT w0=5325
SELECT w1=2988
SELECT w2=3099
BUSY TASK ewma=997
DMA IRQ c0=1
DMA IRQ c1=0
DMA IRQ c2=0
DMA IRQ c3=0
SELECT busy=5371
SELECT w0=5338
SELECT w1=2994
SELECT w2=3109
BUSY TASK ewma=997
DMA IRQ c0=1
DMA IRQ c1=0
DMA IRQ c2=0
DMA IRQ c3=0
SELECT busy=5397
SELECT w0=5364
SELECT w1=3004
SELECT w2=3120
BUSY TASK ewma=997
DMA IRQ c0=1
DMA IRQ c1=0
DMA IRQ c2=0
DMA IRQ c3=0
SELECT busy=5427
SELECT w0=5394
SELECT w1=3016
SELECT w2=3136
BUSY TASK ewma=997
DMA IRQ c0=1
DMA IRQ c1=0
DMA IRQ c2=0
DMA IRQ c3=0
SELECT busy=5455
SELECT w0=5422
SELECT w1=3030
SELECT w2=3153
BUSY TASK ewma=997
DMA IRQ c0=1
DMA IRQ c1=0
DMA IRQ c2=0
DMA IRQ c3=0
SELECT busy=5491
SELECT w0=5459
SELECT w1=3043
SELECT w2=3170
BUSY TASK ewma=997
DMA IRQ c0=1
DMA IRQ c1=0
DMA IRQ c2=0
DMA IRQ c3=0
SELECT busy=5530
SELECT w0=5498
SELECT w1=3063
SELECT w2=3200
BUSY TASK ewma=997
DMA IRQ c0=1
DMA IRQ c1=0
DMA IRQ c2=0
DMA IRQ c3=0
SELECT busy=5567
SELECT w0=5535
SELECT w1=3076
SELECT w2=3217
BUSY TASK ewma=997
DMA IRQ c0=1
DMA IRQ c1=0
DMA IRQ c2=0
DMA IRQ c3=0
SELECT busy=5604
SELECT w0=5574
SELECT w1=3093
SELECT w2=3239
BUSY TASK ewma=997
DMA IRQ c0=1
DMA IRQ c1=0
DMA IRQ c2=0
DMA IRQ c3=0
SELECT busy=5646
SELECT w0=5613
SELECT w1=3109
SELECT w2=3263
BUSY TASK ewma=997
DMA IRQ c0=1
DMA IRQ c1=0
DMA IRQ c2=0
DMA IRQ c3=0
SELECT busy=5669
SELECT w0=5637
SELECT w1=3120
SELECT w2=3277
BUSY TASK ewma=997
DMA IRQ c0=1
DMA IRQ c1=0
DMA IRQ c2=0
DMA IRQ c3=0
SELECT busy=5689
SELECT w0=5656
SELECT w1=3128
SELECT w2=3286
BUSY TASK ewma=997
DMA IRQ c0=1
DMA IRQ c1=0
DMA IRQ c2=0
DMA IRQ c3=0
SELECT busy=5708
SELECT w0=5675
SELECT w1=3137
SELECT w2=3297
BUSY TASK ewma=997
DMA IRQ c0=1
DMA IRQ c1=0
DMA IRQ c2=0
DMA IRQ c3=0
SELECT busy=5726
SELECT w0=5694
SELECT w1=3147
SELECT w2=3308
BUSY TASK ewma=997
DMA IRQ c0=1
DMA IRQ c1=0
DMA IRQ c2=0
DMA IRQ c3=0
SELECT busy=5745
SELECT w0=5712
SELECT w1=3155
SELECT w2=3319
BUSY TASK ewma=997
DMA IRQ c0=1
DMA IRQ c1=0
DMA IRQ c2=0
DMA IRQ c3=0
SELECT busy=5760
SELECT w0=5728
SELECT w1=3163
SELECT w2=3329
BUSY TASK ewma=997
DMA IRQ c0=1
DMA IRQ c1=0
DMA IRQ c2=0
DMA IRQ c3=0
SELECT busy=5783
SELECT w0=5752
SELECT w1=3172
SELECT w2=3342
BUSY TASK ewma=997
DMA IRQ c0=1
DMA IRQ c1=0
DMA IRQ c2=0
DMA IRQ c3=0
SELECT busy=5802
SELECT w0=5770
SELECT w1=3182
SELECT w2=3359
BUSY TASK ewma=997
DMA IRQ c0=1
DMA IRQ c1=0
DMA IRQ c2=0
DMA IRQ c3=0
SELECT busy=5820
SELECT w0=5788
SELECT w1=3192
SELECT w2=3376
BUSY TASK ewma=997
DMA IRQ c0=1
DMA IRQ c1=0
DMA IRQ c2=0
DMA IRQ c3=0
SELECT busy=5842
SELECT w0=5810
SELECT w1=3204
SELECT w2=3389
BUSY TASK ewma=997
DMA IRQ c0=1
DMA IRQ c1=0
DMA IRQ c2=0
DMA IRQ c3=0
SELECT busy=5861
SELECT w0=5829
SELECT w1=3211
SELECT w2=3400
BUSY TASK ewma=997
DMA IRQ c0=1
DMA IRQ c1=0
DMA IRQ c2=0
DMA IRQ c3=0
SELECT busy=5879
SELECT w0=5846
SELECT w1=3219
SELECT w2=3408
BUSY TASK ewma=997
DMA IRQ c0=1
DMA IRQ c1=0
DMA IRQ c2=0
DMA IRQ c3=0
SELECT busy=5899
SELECT w0=5867
SELECT w1=3231
SELECT w2=3420
BUSY TASK ewma=997
DMA IRQ c0=1
DMA IRQ c1=0
DMA IRQ c2=0
DMA IRQ c3=0
SELECT busy=5919
SELECT w0=5887
SELECT w1=3245
SELECT w2=3434
BUSY TASK ewma=997
DMA IRQ c0=1
DMA IRQ c1=0
DMA IRQ c2=0
DMA IRQ c3=0
SELECT busy=5939
SELECT w0=5907
SELECT w1=3258
SELECT w2=3447
BUSY TASK ewma=997
IRQ counts: cpu0=11888 cpu1=13308 cpu2=13357 cpu3=13211
SCHED secondaries: calls=39886 unexpected=0
SECTEST switches=39854 cpu1=135351803,135479797 cpu2=110781696,113052690 cpu3=156072787,152643127
PINGPONG rounds=2000 pongs=2000
DMA IRQ c0=1
DMA IRQ c1=0
DMA IRQ c2=0
DMA IRQ c3=0
SELECT busy=5973
SELECT w0=5941
SELECT w1=3275
SELECT w2=3470
BUSY TASK ewma=997
DMA IRQ c0=1
DMA IRQ c1=0
DMA IRQ c2=0
DMA IRQ c3=0
SELECT busy=5987
SELECT w0=5954
SELECT w1=3282
SELECT w2=3477
BUSY TASK ewma=997
DMA IRQ c0=1
DMA IRQ c1=0
DMA IRQ c2=0
DMA IRQ c3=0
SELECT busy=6008
SELECT w0=5975
SELECT w1=3293
SELECT w2=3492
BUSY TASK ewma=997
DMA IRQ c0=1
DMA IRQ c1=0
DMA IRQ c2=0
DMA IRQ c3=0
SELECT busy=6025
SELECT w0=5992
SELECT w1=3300
SELECT w2=3504
BUSY TASK ewma=997
DMA IRQ c0=1
DMA IRQ c1=0
DMA IRQ c2=0
DMA IRQ c3=0
SELECT busy=6045
SELECT w0=6012
SELECT w1=3307
SELECT w2=3515
BUSY TASK ewma=997
DMA IRQ c0=1
DMA IRQ c1=0
DMA IRQ c2=0
DMA IRQ c3=0
SELECT busy=6065
SELECT w0=6032
SELECT w1=3315
SELECT w2=3522
BUSY TASK ewma=997
DMA IRQ c0=1
DMA IRQ c1=0
DMA IRQ c2=0
DMA IRQ c3=0
SELECT busy=6083
SELECT w0=6051
SELECT w1=3321
SELECT w2=3531
BUSY TASK ewma=997
DMA IRQ c0=1
DMA IRQ c1=0
DMA IRQ c2=0
DMA IRQ c3=0
SELECT busy=6105
SELECT w0=6073
SELECT w1=3335
SELECT w2=3547
BUSY TASK ewma=997
DMA IRQ c0=1
DMA IRQ c1=0
DMA IRQ c2=0
DMA IRQ c3=0
SELECT busy=6122
SELECT w0=6089
SELECT w1=3342
SELECT w2=3554
BUSY TASK ewma=997
DMA IRQ c0=1
DMA IRQ c1=0
DMA IRQ c2=0
DMA IRQ c3=0
SELECT busy=6144
SELECT w0=6111
SELECT w1=3350
SELECT w2=3565
BUSY TASK ewma=997
DMA IRQ c0=1
DMA IRQ c1=0
DMA IRQ c2=0
DMA IRQ c3=0
SELECT busy=6169
SELECT w0=6137
SELECT w1=3359
SELECT w2=3580
BUSY TASK ewma=997
DMA IRQ c0=1
DMA IRQ c1=0
DMA IRQ c2=0
DMA IRQ c3=0
SELECT busy=6190
SELECT w0=6157
SELECT w1=3370
SELECT w2=3590
BUSY TASK ewma=997
DMA IRQ c0=1
DMA IRQ c1=0
DMA IRQ c2=0
DMA IRQ c3=0
SELECT busy=6208
SELECT w0=6176
SELECT w1=3382
SELECT w2=3602
BUSY TASK ewma=997
DMA IRQ c0=1
DMA IRQ c1=0
DMA IRQ c2=0
DMA IRQ c3=0
SELECT busy=6229
SELECT w0=6197
SELECT w1=3393
SELECT w2=3616
BUSY TASK ewma=997
DMA IRQ c0=1
DMA IRQ c1=0
DMA IRQ c2=0
DMA IRQ c3=0
SELECT busy=6256
SELECT w0=6223
SELECT w1=3406
SELECT w2=3629
BUSY TASK ewma=997
DMA IRQ c0=1
DMA IRQ c1=0
DMA IRQ c2=0
DMA IRQ c3=0
SELECT busy=6277
SELECT w0=6245
SELECT w1=3417
SELECT w2=3647
BUSY TASK ewma=997
DMA IRQ c0=1
DMA IRQ c1=0
DMA IRQ c2=0
DMA IRQ c3=0
SELECT busy=6295
SELECT w0=6262
SELECT w1=3424
SELECT w2=3656
BUSY TASK ewma=997
DMA IRQ c0=1
DMA IRQ c1=0
DMA IRQ c2=0
DMA IRQ c3=0
SELECT busy=6316
SELECT w0=6283
SELECT w1=3438
SELECT w2=3672
BUSY TASK ewma=997
DMA IRQ c0=1
DMA IRQ c1=0
DMA IRQ c2=0
DMA IRQ c3=0
SELECT busy=6329
SELECT w0=6297
SELECT w1=3447
SELECT w2=3686
BUSY TASK ewma=997
DMA IRQ c0=1
DMA IRQ c1=0
DMA IRQ c2=0
DMA IRQ c3=0
SELECT busy=6346
SELECT w0=6313
SELECT w1=3455
SELECT w2=3698
BUSY TASK ewma=997
DMA IRQ c0=1
DMA IRQ c1=0
DMA IRQ c2=0
DMA IRQ c3=0
SELECT busy=6366
SELECT w0=6334
SELECT w1=3465
SELECT w2=3710
BUSY TASK ewma=997
DMA IRQ c0=1
DMA IRQ c1=0
DMA IRQ c2=0
DMA IRQ c3=0
SELECT busy=6385
SELECT w0=6353
SELECT w1=3475
SELECT w2=3718
BUSY TASK ewma=997
DMA IRQ c0=1
DMA IRQ c1=0
DMA IRQ c2=0
DMA IRQ c3=0
SELECT busy=6401
SELECT w0=6368
SELECT w1=3483
SELECT w2=3727
BUSY TASK ewma=997
DMA IRQ c0=1
DMA IRQ c1=0
DMA IRQ c2=0
DMA IRQ c3=0
SELECT busy=6420
SELECT w0=6387
SELECT w1=3490
SELECT w2=3735
BUSY TASK ewma=997
DMA IRQ c0=1
DMA IRQ c1=0
DMA IRQ c2=0
DMA IRQ c3=0
SELECT busy=6436
SELECT w0=6403
SELECT w1=3497
SELECT w2=3743
BUSY TASK ewma=997
DMA IRQ c0=1
DMA IRQ c1=0
DMA IRQ c2=0
DMA IRQ c3=0
SELECT busy=6456
SELECT w0=6424
SELECT w1=3510
SELECT w2=3757
BUSY TASK ewma=997
DMA IRQ c0=1
DMA IRQ c1=0
DMA IRQ c2=0
DMA IRQ c3=0
SELECT busy=6476
SELECT w0=6443
SELECT w1=3520
SELECT w2=3767
BUSY TASK ewma=997
DMA IRQ c0=1
DMA IRQ c1=0
DMA IRQ c2=0
DMA IRQ c3=0
SELECT busy=6499
SELECT w0=6467
SELECT w1=3531
SELECT w2=3779
BUSY TASK ewma=997
DMA IRQ c0=1
DMA IRQ c1=0
DMA IRQ c2=0
DMA IRQ c3=0
SELECT busy=6521
SELECT w0=6489
SELECT w1=3543
SELECT w2=3795
BUSY TASK ewma=997
DMA IRQ c0=1
DMA IRQ c1=0
DMA IRQ c2=0
DMA IRQ c3=0
SELECT busy=6537
SELECT w0=6505
SELECT w1=3550
SELECT w2=3803
BUSY TASK ewma=997
DMA IRQ c0=1
DMA IRQ c1=0
DMA IRQ c2=0
DMA IRQ c3=0
SELECT busy=6565
SELECT w0=6534
SELECT w1=3565
SELECT w2=3820
BUSY TASK ewma=997
DMA IRQ c0=1
DMA IRQ c1=0
DMA IRQ c2=0
DMA IRQ c3=0
SELECT busy=6589
SELECT w0=6556
SELECT w1=3574
SELECT w2=3832
BUSY TASK ewma=997
DMA IRQ c0=1
DMA IRQ c1=0
DMA IRQ c2=0
DMA IRQ c3=0
SELECT busy=6614
SELECT w0=6585
SELECT w1=3587
SELECT w2=3847
BUSY TASK ewma=997
DMA IRQ c0=1
DMA IRQ c1=0
DMA IRQ c2=0
DMA IRQ c3=0
SELECT busy=6662
SELECT w0=6630
SELECT w1=3610
SELECT w2=3873
BUSY TASK ewma=997
DMA IRQ c0=1
DMA IRQ c1=0
DMA IRQ c2=0
DMA IRQ c3=0
SELECT busy=6700
SELECT w0=6667
SELECT w1=3626
SELECT w2=3892
BUSY TASK ewma=997
DMA IRQ c0=1
DMA IRQ c1=0
DMA IRQ c2=0
DMA IRQ c3=0
SELECT busy=6740
SELECT w0=6708
SELECT w1=3643
SELECT w2=3914
BUSY TASK ewma=997
DMA IRQ c0=1
DMA IRQ c1=0
DMA IRQ c2=0
DMA IRQ c3=0
SELECT busy=6760
SELECT w0=6728
SELECT w1=3656
SELECT w2=3931
BUSY TASK ewma=997
DMA IRQ c0=1
DMA IRQ c1=0
DMA IRQ c2=0
DMA IRQ c3=0
SELECT busy=6781
SELECT w0=6749
SELECT w1=3664
SELECT w2=3943
BUSY TASK ewma=997
DMA IRQ c0=1
DMA IRQ c1=0
DMA IRQ c2=0
DMA IRQ c3=0
SELECT busy=6806
SELECT w0=6774
SELECT w1=3675
SELECT w2=3955
BUSY TASK ewma=997
DMA IRQ c0=1
DMA IRQ c1=0
DMA IRQ c2=0
DMA IRQ c3=0
SELECT busy=6823
SELECT w0=6791
SELECT w1=3682
SELECT w2=3963
BUSY TASK ewma=997
DMA IRQ c0=1
DMA IRQ c1=0
DMA IRQ c2=0
DMA IRQ c3=0
SELECT busy=6843
SELECT w0=6810
SELECT w1=3687
SELECT w2=3969
BUSY TASK ewma=997
DMA IRQ c0=1
DMA IRQ c1=0
DMA IRQ c2=0
DMA IRQ c3=0
SELECT busy=6871
SELECT w0=6839
SELECT w1=3703
SELECT w2=3991
BUSY TASK ewma=997
DMA IRQ c0=1
DMA IRQ c1=0
DMA IRQ c2=0
DMA IRQ c3=0
SELECT busy=6896
SELECT w0=6863
SELECT w1=3711
SELECT w2=3999
BUSY TASK ewma=997
DMA IRQ c0=1
DMA IRQ c1=0
DMA IRQ c2=0
DMA IRQ c3=0
SELECT busy=6916
SELECT w0=6884
SELECT w1=3721
SELECT w2=4014
BUSY TASK ewma=997
DMA IRQ c0=1
DMA IRQ c1=0
DMA IRQ c2=0
DMA IRQ c3=0
SELECT busy=6936
SELECT w0=6905
SELECT w1=3732
SELECT w2=4035
BUSY TASK ewma=997
DMA IRQ c0=1
DMA IRQ c1=0
DMA IRQ c2=0
DMA IRQ c3=0
SELECT busy=6962
SELECT w0=6930
SELECT w1=3745
SELECT w2=4049
BUSY TASK ewma=997
DMA IRQ c0=1
DMA IRQ c1=0
DMA IRQ c2=0
DMA IRQ c3=0
SELECT busy=6982
SELECT w0=6950
SELECT w1=3753
SELECT w2=4060
BUSY TASK ewma=997
DMA IRQ c0=1
DMA IRQ c1=0
DMA IRQ c2=0
DMA IRQ c3=0
SELECT busy=7000
SELECT w0=6969
SELECT w1=3761
SELECT w2=4070
BUSY TASK ewma=997
DMA IRQ c0=1
DMA IRQ c1=0
DMA IRQ c2=0
DMA IRQ c3=0
SELECT busy=7025
SELECT w0=6993
SELECT w1=3771
SELECT w2=4080
BUSY TASK ewma=997
DMA IRQ c0=1
DMA IRQ c1=0
DMA IRQ c2=0
DMA IRQ c3=0
SELECT busy=7048
SELECT w0=7016
SELECT w1=3780
SELECT w2=4091
BUSY TASK ewma=997
DMA IRQ c0=1
DMA IRQ c1=0
DMA IRQ c2=0
DMA IRQ c3=0
SELECT busy=7071
SELECT w0=7039
SELECT w1=3789
SELECT w2=4106
BUSY TASK ewma=997
DMA IRQ c0=1
DMA IRQ c1=0
DMA IRQ c2=0
DMA IRQ c3=0
SELECT busy=7088
SELECT w0=7056
SELECT w1=3797
SELECT w2=4115
BUSY TASK ewma=997
DMA IRQ c0=1
DMA IRQ c1=0
DMA IRQ c2=0
DMA IRQ c3=0
SELECT busy=7104
SELECT w0=7071
SELECT w1=3804
SELECT w2=4124
BUSY TASK ewma=997
DMA IRQ c0=1
DMA IRQ c1=0
DMA IRQ c2=0
DMA IRQ c3=0
SELECT busy=7119
SELECT w0=7087
SELECT w1=3811
SELECT w2=4132
BUSY TASK ewma=997
DMA IRQ c0=1
DMA IRQ c1=0
DMA IRQ c2=0
DMA IRQ c3=0
SELECT busy=7131
SELECT w0=7099
SELECT w1=3817
SELECT w2=4140
BUSY TASK ewma=997
DMA IRQ c0=1
DMA IRQ c1=0
DMA IRQ c2=0
DMA IRQ c3=0
SELECT busy=7147
SELECT w0=7115
SELECT w1=3823
SELECT w2=4149
BUSY TASK ewma=997
DMA IRQ c0=1
DMA IRQ c1=0
DMA IRQ c2=0
DMA IRQ c3=0
SELECT busy=7166
SELECT w0=7134
SELECT w1=3831
SELECT w2=4158
BUSY TASK ewma=997
DMA IRQ c0=1
DMA IRQ c1=0
DMA IRQ c2=0
DMA IRQ c3=0
SELECT busy=7179
SELECT w0=7147
SELECT w1=3837
SELECT w2=4165
BUSY TASK ewma=997
DMA IRQ c0=1
DMA IRQ c1=0
DMA IRQ c2=0
DMA IRQ c3=0
SELECT busy=7196
SELECT w0=7164
SELECT w1=3846
SELECT w2=4178
BUSY TASK ewma=997
DMA IRQ c0=1
DMA IRQ c1=0
DMA IRQ c2=0
DMA IRQ c3=0
SELECT busy=7216
SELECT w0=7184
SELECT w1=3861
SELECT w2=4192
BUSY TASK ewma=997
DMA IRQ c0=1
DMA IRQ c1=0
DMA IRQ c2=0
DMA IRQ c3=0
SELECT busy=7237
SELECT w0=7205
SELECT w1=3873
SELECT w2=4206
BUSY TASK ewma=997
DMA IRQ c0=1
DMA IRQ c1=0
DMA IRQ c2=0
DMA IRQ c3=0
SELECT busy=7261
SELECT w0=7229
SELECT w1=3884
SELECT w2=4218
BUSY TASK ewma=997
DMA IRQ c0=1
DMA IRQ c1=0
DMA IRQ c2=0
DMA IRQ c3=0
SELECT busy=7275
SELECT w0=7243
SELECT w1=3891
SELECT w2=4227
BUSY TASK ewma=997
DMA IRQ c0=1
DMA IRQ c1=0
DMA IRQ c2=0
DMA IRQ c3=0
SELECT busy=7290
SELECT w0=7258
SELECT w1=3898
SELECT w2=4236
BUSY TASK ewma=997
IRQ counts: cpu0=14570 cpu1=16499 cpu2=16484 cpu3=16283
SCHED secondaries: calls=49273 unexpected=0
SECTEST switches=49256 cpu1=167900900,169298952 cpu2=143696099,144682629 cpu3=197676953,195653241
PINGPONG rounds=2000 pongs=2000
DMA IRQ c0=1
DMA IRQ c1=0
DMA IRQ c2=0
DMA IRQ c3=0
SELECT busy=7320
SELECT w0=7288
SELECT w1=3916
SELECT w2=4255
BUSY TASK ewma=997
DMA IRQ c0=1
DMA IRQ c1=0
DMA IRQ c2=0
DMA IRQ c3=0
SELECT busy=7344
SELECT w0=7312
SELECT w1=3929
SELECT w2=4272
BUSY TASK ewma=997
DMA IRQ c0=1
DMA IRQ c1=0
DMA IRQ c2=0
DMA IRQ c3=0
SELECT busy=7367
SELECT w0=7335
SELECT w1=3939
SELECT w2=4283
BUSY TASK ewma=997
DMA IRQ c0=1
DMA IRQ c1=0
DMA IRQ c2=0
DMA IRQ c3=0
SELECT busy=7387
SELECT w0=7355
SELECT w1=3947
SELECT w2=4294
BUSY TASK ewma=997
DMA IRQ c0=1
DMA IRQ c1=0
DMA IRQ c2=0
DMA IRQ c3=0
SELECT busy=7407
SELECT w0=7375
SELECT w1=3955
SELECT w2=4305
BUSY TASK ewma=997
DMA IRQ c0=1
DMA IRQ c1=0
DMA IRQ c2=0
DMA IRQ c3=0
SELECT busy=7436
SELECT w0=7404
SELECT w1=3970
SELECT w2=4322
BUSY TASK ewma=997
DMA IRQ c0=1
DMA IRQ c1=0
DMA IRQ c2=0
DMA IRQ c3=0
SELECT busy=7452
SELECT w0=7420
SELECT w1=3979
SELECT w2=4333
BUSY TASK ewma=997
DMA IRQ c0=1
DMA IRQ c1=0
DMA IRQ c2=0
DMA IRQ c3=0
SELECT busy=7468
SELECT w0=7435
SELECT w1=3986
SELECT w2=4341
BUSY TASK ewma=997
DMA IRQ c0=1
DMA IRQ c1=0
DMA IRQ c2=0
DMA IRQ c3=0
SELECT busy=7480
SELECT w0=7448
SELECT w1=3991
SELECT w2=4347
BUSY TASK ewma=997
DMA IRQ c0=1
DMA IRQ c1=0
DMA IRQ c2=0
DMA IRQ c3=0
SELECT busy=7490
SELECT w0=7457
SELECT w1=3995
SELECT w2=4352
BUSY TASK ewma=997
DMA IRQ c0=1
DMA IRQ c1=0
DMA IRQ c2=0
DMA IRQ c3=0
SELECT busy=7521
SELECT w0=7489
SELECT w1=4010
SELECT w2=4373
BUSY TASK ewma=997
DMA IRQ c0=1
DMA IRQ c1=0
DMA IRQ c2=0
DMA IRQ c3=0
SELECT busy=7557
SELECT w0=7525
SELECT w1=4028
SELECT w2=4396
BUSY TASK ewma=997
DMA IRQ c0=1
DMA IRQ c1=0
DMA IRQ c2=0
DMA IRQ c3=0
SELECT busy=7597
SELECT w0=7566
SELECT w1=4048
SELECT w2=4418
BUSY TASK ewma=997
DMA IRQ c0=1
DMA IRQ c1=0
DMA IRQ c2=0
DMA IRQ c3=0
SELECT busy=7631
SELECT w0=7598
SELECT w1=4064
SELECT w2=4434
BUSY TASK ewma=997
DMA IRQ c0=1
DMA IRQ c1=0
DMA IRQ c2=0
DMA IRQ c3=0
SELECT busy=7662
SELECT w0=7630
SELECT w1=4078
SELECT w2=4452
BUSY TASK ewma=997
DMA IRQ c0=1
DMA IRQ c1=0
DMA IRQ c2=0
DMA IRQ c3=0
SELECT busy=7697
SELECT w0=7665
SELECT w1=4098
SELECT w2=4473
BUSY TASK ewma=997
DMA IRQ c0=1
DMA IRQ c1=0
DMA IRQ c2=0
DMA IRQ c3=0
SELECT busy=7733
SELECT w0=7700
SELECT w1=4117
SELECT w2=4490
BUSY TASK ewma=997
DMA IRQ c0=1
DMA IRQ c1=0
DMA IRQ c2=0
DMA IRQ c3=0
SELECT busy=7760
SELECT w0=7727
SELECT w1=4126
SELECT w2=4504
BUSY TASK ewma=997
DMA IRQ c0=1
DMA IRQ c1=0
DMA IRQ c2=0
DMA IRQ c3=0
SELECT busy=7792
SELECT w0=7759
SELECT w1=4136
SELECT w2=4518
BUSY TASK ewma=997
DMA IRQ c0=1
DMA IRQ c1=0
DMA IRQ c2=0
DMA IRQ c3=0
SELECT busy=7809
SELECT w0=7777
SELECT w1=4145
SELECT w2=4529
BUSY TASK ewma=997
DMA IRQ c0=1
DMA IRQ c1=0
DMA IRQ c2=0
DMA IRQ c3=0
SELECT busy=7825
SELECT w0=7793
SELECT w1=4153
SELECT w2=4539
BUSY TASK ewma=997
DMA IRQ c0=1
DMA IRQ c1=0
DMA IRQ c2=0
DMA IRQ c3=0
SELECT busy=7840
SELECT w0=7808
SELECT w1=4160
SELECT w2=4547
BUSY TASK ewma=997
DMA IRQ c0=1
DMA IRQ c1=0
DMA IRQ c2=0
DMA IRQ c3=0
SELECT busy=7861
SELECT w0=7829
SELECT w1=4168
SELECT w2=4558
BUSY TASK ewma=997
DMA IRQ c0=1
DMA IRQ c1=0
DMA IRQ c2=0
DMA IRQ c3=0
SELECT busy=7882
SELECT w0=7850
SELECT w1=4179
SELECT w2=4573
BUSY TASK ewma=997
DMA IRQ c0=1
DMA IRQ c1=0
DMA IRQ c2=0
DMA IRQ c3=0
SELECT busy=7909
SELECT w0=7878
SELECT w1=4190
SELECT w2=4586
BUSY TASK ewma=997
DMA IRQ c0=1
DMA IRQ c1=0
DMA IRQ c2=0
DMA IRQ c3=0
SELECT busy=7931
SELECT w0=7898
SELECT w1=4198
SELECT w2=4598
BUSY TASK ewma=997
DMA IRQ c0=1
DMA IRQ c1=0
DMA IRQ c2=0
DMA IRQ c3=0
SELECT busy=7963
SELECT w0=7931
SELECT w1=4211
SELECT w2=4616
BUSY TASK ewma=997
DMA IRQ c0=1
DMA IRQ c1=0
DMA IRQ c2=0
DMA IRQ c3=0
SELECT busy=7994
SELECT w0=7962
SELECT w1=4225
SELECT w2=4635
BUSY TASK ewma=997
DMA IRQ c0=1
DMA IRQ c1=0
DMA IRQ c2=0
DMA IRQ c3=0
SELECT busy=8029
SELECT w0=7997
SELECT w1=4241
SELECT w2=4655
BUSY TASK ewma=997
DMA IRQ c0=1
DMA IRQ c1=0
DMA IRQ c2=0
DMA IRQ c3=0
SELECT busy=8062
SELECT w0=8030
SELECT w1=4254
SELECT w2=4674
BUSY TASK ewma=997
DMA IRQ c0=1
DMA IRQ c1=0
DMA IRQ c2=0
DMA IRQ c3=0
SELECT busy=8095
SELECT w0=8064
SELECT w1=4269
SELECT w2=4686
BUSY TASK ewma=997
DMA IRQ c0=1
DMA IRQ c1=0
DMA IRQ c2=0
DMA IRQ c3=0
SELECT busy=8127
SELECT w0=8094
SELECT w1=4281
SELECT w2=4702
BUSY TASK ewma=997
DMA IRQ c0=1
DMA IRQ c1=0
DMA IRQ c2=0
DMA IRQ c3=0
SELECT busy=8158
SELECT w0=8125
SELECT w1=4291
SELECT w2=4717
BUSY TASK ewma=997
DMA IRQ c0=1
DMA IRQ c1=0
DMA IRQ c2=0
DMA IRQ c3=0
SELECT busy=8192
SELECT w0=8160
SELECT w1=4307
SELECT w2=4737
BUSY TASK ewma=997
DMA IRQ c0=1
DMA IRQ c1=0
DMA IRQ c2=0
DMA IRQ c3=0
SELECT busy=8232
SELECT w0=8199
SELECT w1=4323
SELECT w2=4753
BUSY TASK ewma=997
DMA IRQ c0=1
DMA IRQ c1=0
DMA IRQ c2=0
DMA IRQ c3=0
SELECT busy=8260
SELECT w0=8227
SELECT w1=4338
SELECT w2=4771
BUSY TASK ewma=997
DMA IRQ c0=1
DMA IRQ c1=0
DMA IRQ c2=0
DMA IRQ c3=0
SELECT busy=8298
SELECT w0=8266
SELECT w1=4351
SELECT w2=4788
BUSY TASK ewma=997
DMA IRQ c0=1
DMA IRQ c1=0
DMA IRQ c2=0
DMA IRQ c3=0
SELECT busy=8328
SELECT w0=8297
SELECT w1=4365
SELECT w2=4810
BUSY TASK ewma=997
DMA IRQ c0=1
DMA IRQ c1=0
DMA IRQ c2=0
DMA IRQ c3=0
SELECT busy=8369
SELECT w0=8336
SELECT w1=4382
SELECT w2=4833
BUSY TASK ewma=997
DMA IRQ c0=1
DMA IRQ c1=0
DMA IRQ c2=0
DMA IRQ c3=0
SELECT busy=8393
SELECT w0=8360
SELECT w1=4391
SELECT w2=4843
BUSY TASK ewma=997
DMA IRQ c0=1
DMA IRQ c1=0
DMA IRQ c2=0
DMA IRQ c3=0
SELECT busy=8430
SELECT w0=8397
SELECT w1=4407
SELECT w2=4862
BUSY TASK ewma=997
DMA IRQ c0=1
DMA IRQ c1=0
DMA IRQ c2=0
DMA IRQ c3=0
SELECT busy=8460
SELECT w0=8427
SELECT w1=4417
SELECT w2=4876
BUSY TASK ewma=997
DMA IRQ c0=1
DMA IRQ c1=0
DMA IRQ c2=0
DMA IRQ c3=0
SELECT busy=8492
SELECT w0=8459
SELECT w1=4428
SELECT w2=4891
BUSY TASK ewma=997
DMA IRQ c0=1
DMA IRQ c1=0
DMA IRQ c2=0
DMA IRQ c3=0
SELECT busy=8526
SELECT w0=8494
SELECT w1=4442
SELECT w2=4912
BUSY TASK ewma=997
DMA IRQ c0=1
DMA IRQ c1=0
DMA IRQ c2=0
DMA IRQ c3=0
SELECT busy=8557
SELECT w0=8525
SELECT w1=4454
SELECT w2=4926
BUSY TASK ewma=997
DMA IRQ c0=1
DMA IRQ c1=0
DMA IRQ c2=0
DMA IRQ c3=0
SELECT busy=8589
SELECT w0=8557
SELECT w1=4469
SELECT w2=4945
BUSY TASK ewma=997
DMA IRQ c0=1
DMA IRQ c1=0
DMA IRQ c2=0
DMA IRQ c3=0
SELECT busy=8618
SELECT w0=8586
SELECT w1=4481
SELECT w2=4962
BUSY TASK ewma=997
DMA IRQ c0=1
DMA IRQ c1=0
DMA IRQ c2=0
DMA IRQ c3=0
SELECT busy=8647
SELECT w0=8616
SELECT w1=4495
SELECT w2=4977
BUSY TASK ewma=997
DMA IRQ c0=1
DMA IRQ c1=0
DMA IRQ c2=0
DMA IRQ c3=0
SELECT busy=8686
SELECT w0=8653
SELECT w1=4510
SELECT w2=4997
BUSY TASK ewma=997
DMA IRQ c0=1
DMA IRQ c1=0
DMA IRQ c2=0
DMA IRQ c3=0
SELECT busy=8713
SELECT w0=8681
SELECT w1=4522
SELECT w2=5012
BUSY TASK ewma=997
DMA IRQ c0=1
DMA IRQ c1=0
DMA IRQ c2=0
DMA IRQ c3=0
SELECT busy=8752
SELECT w0=8720
SELECT w1=4539
SELECT w2=5033
BUSY TASK ewma=997
DMA IRQ c0=1
DMA IRQ c1=0
DMA IRQ c2=0
DMA IRQ c3=0
SELECT busy=8787
SELECT w0=8754
SELECT w1=4553
SELECT w2=5051
BUSY TASK ewma=997
DMA IRQ c0=1
DMA IRQ c1=0
DMA IRQ c2=0
DMA IRQ c3=0
SELECT busy=8836
SELECT w0=8805
SELECT w1=4570
SELECT w2=5070
BUSY TASK ewma=997
DMA IRQ c0=1
DMA IRQ c1=0
DMA IRQ c2=0
DMA IRQ c3=0
SELECT busy=8879
SELECT w0=8848
SELECT w1=4590
SELECT w2=5093
BUSY TASK ewma=997
DMA IRQ c0=1
DMA IRQ c1=0
DMA IRQ c2=0
DMA IRQ c3=0
SELECT busy=8915
SELECT w0=8882
SELECT w1=4608
SELECT w2=5114
BUSY TASK ewma=997
DMA IRQ c0=1
DMA IRQ c1=0
DMA IRQ c2=0
DMA IRQ c3=0
SELECT busy=8949
SELECT w0=8916
SELECT w1=4620
SELECT w2=5130
BUSY TASK ewma=997
DMA IRQ c0=1
DMA IRQ c1=0
DMA IRQ c2=0
DMA IRQ c3=0
SELECT busy=8985
SELECT w0=8953
SELECT w1=4637
SELECT w2=5152
BUSY TASK ewma=997
DMA IRQ c0=1
DMA IRQ c1=0
DMA IRQ c2=0
DMA IRQ c3=0
SELECT busy=9007
SELECT w0=8976
SELECT w1=4650
SELECT w2=5168
BUSY TASK ewma=997
DMA IRQ c0=1
DMA IRQ c1=0
DMA IRQ c2=0
DMA IRQ c3=0
SELECT busy=9031
SELECT w0=8998
SELECT w1=4660
SELECT w2=5179
BUSY TASK ewma=997
DMA IRQ c0=1
DMA IRQ c1=0
DMA IRQ c2=0
DMA IRQ c3=0
SELECT busy=9050
SELECT w0=9018
SELECT w1=4666
SELECT w2=5186
BUSY TASK ewma=997
DMA IRQ c0=1
DMA IRQ c1=0
DMA IRQ c2=0
DMA IRQ c3=0
SELECT busy=9066
SELECT w0=9033
SELECT w1=4673
SELECT w2=5196
BUSY TASK ewma=997
DMA IRQ c0=1
DMA IRQ c1=0
DMA IRQ c2=0
DMA IRQ c3=0
SELECT busy=9086
SELECT w0=9055
SELECT w1=4685
SELECT w2=5212
BUSY TASK ewma=997
DMA IRQ c0=1
DMA IRQ c1=0
DMA IRQ c2=0
DMA IRQ c3=0
SELECT busy=9108
SELECT w0=9076
SELECT w1=4693
SELECT w2=5221
BUSY TASK ewma=997
DMA IRQ c0=1
DMA IRQ c1=0
DMA IRQ c2=0
DMA IRQ c3=0
SELECT busy=9124
SELECT w0=9092
SELECT w1=4700
SELECT w2=5229
BUSY TASK ewma=997
IRQ counts: cpu0=18236 cpu1=20497 cpu2=20452 cpu3=20317
SCHED secondaries: calls=61280 unexpected=0
SECTEST switches=61260 cpu1=195763172,197376461 cpu2=171493698,171154624 cpu3=235540043,232442019
PINGPONG rounds=2000 pongs=2000
DMA IRQ c0=1
DMA IRQ c1=0
DMA IRQ c2=0
DMA IRQ c3=0
SELECT busy=9155
SELECT w0=9123
SELECT w1=4715
SELECT w2=5247
BUSY TASK ewma=997
DMA IRQ c0=1
DMA IRQ c1=0
DMA IRQ c2=0
DMA IRQ c3=0
SELECT busy=9170
SELECT w0=9138
SELECT w1=4723
SELECT w2=5255
BUSY TASK ewma=997
DMA IRQ c0=1
DMA IRQ c1=0
DMA IRQ c2=0
DMA IRQ c3=0
SELECT busy=9188
SELECT w0=9156
SELECT w1=4735
SELECT w2=5267
BUSY TASK ewma=997
DMA IRQ c0=1
DMA IRQ c1=0
DMA IRQ c2=0
DMA IRQ c3=0
SELECT busy=9210
SELECT w0=9178
SELECT w1=4745
SELECT w2=5278
BUSY TASK ewma=997
DMA IRQ c0=1
DMA IRQ c1=0
DMA IRQ c2=0
DMA IRQ c3=0
SELECT busy=9232
SELECT w0=9200
SELECT w1=4755
SELECT w2=5291
BUSY TASK ewma=997
DMA IRQ c0=1
DMA IRQ c1=0
DMA IRQ c2=0
DMA IRQ c3=0
SELECT busy=9251
SELECT w0=9218
SELECT w1=4762
SELECT w2=5299
BUSY TASK ewma=997
DMA IRQ c0=1
DMA IRQ c1=0
DMA IRQ c2=0
DMA IRQ c3=0
SELECT busy=9271
SELECT w0=9239
SELECT w1=4772
SELECT w2=5313
BUSY TASK ewma=997
DMA IRQ c0=1
DMA IRQ c1=0
DMA IRQ c2=0
DMA IRQ c3=0
SELECT busy=9284
SELECT w0=9251
SELECT w1=4776
SELECT w2=5319
BUSY TASK ewma=997
DMA IRQ c0=1
DMA IRQ c1=0
DMA IRQ c2=0
DMA IRQ c3=0
SELECT busy=9297
SELECT w0=9265
SELECT w1=4783
SELECT w2=5327
BUSY TASK ewma=997
DMA IRQ c0=1
DMA IRQ c1=0
DMA IRQ c2=0
DMA IRQ c3=0
SELECT busy=9320
SELECT w0=9288
SELECT w1=4795
SELECT w2=5342
BUSY TASK ewma=997
DMA IRQ c0=1
DMA IRQ c1=0
DMA IRQ c2=0
DMA IRQ c3=0
SELECT busy=9339
SELECT w0=9306
SELECT w1=4803
SELECT w2=5353
BUSY TASK ewma=997
DMA IRQ c0=1
DMA IRQ c1=0
DMA IRQ c2=0
DMA IRQ c3=0
SELECT busy=9356
SELECT w0=9324
SELECT w1=4814
SELECT w2=5364
BUSY TASK ewma=997
DMA IRQ c0=1
DMA IRQ c1=0
DMA IRQ c2=0
DMA IRQ c3=0
SELECT busy=9392
SELECT w0=9359
SELECT w1=4830
SELECT w2=5386
BUSY TASK ewma=997
DMA IRQ c0=1
DMA IRQ c1=0
DMA IRQ c2=0
DMA IRQ c3=0
SELECT busy=9433
SELECT w0=9400
SELECT w1=4849
SELECT w2=5408
BUSY TASK ewma=997
DMA IRQ c0=1
DMA IRQ c1=0
DMA IRQ c2=0
DMA IRQ c3=0
SELECT busy=9464
SELECT w0=9432
SELECT w1=4861
SELECT w2=5423
BUSY TASK ewma=997
DMA IRQ c0=1
DMA IRQ c1=0
DMA IRQ c2=0
DMA IRQ c3=0
SELECT busy=9494
SELECT w0=9461
SELECT w1=4875
SELECT w2=5438
BUSY TASK ewma=997
DMA IRQ c0=1
DMA IRQ c1=0
DMA IRQ c2=0
DMA IRQ c3=0
SELECT busy=9523
SELECT w0=9490
SELECT w1=4887
SELECT w2=5452
BUSY TASK ewma=997
DMA IRQ c0=1
DMA IRQ c1=0
DMA IRQ c2=0
DMA IRQ c3=0
SELECT busy=9561
SELECT w0=9528
SELECT w1=4904
SELECT w2=5474
BUSY TASK ewma=997
DMA IRQ c0=1
DMA IRQ c1=0
DMA IRQ c2=0
DMA IRQ c3=0
SELECT busy=9592
SELECT w0=9560
SELECT w1=4916
SELECT w2=5488
BUSY TASK ewma=997
DMA IRQ c0=1
DMA IRQ c1=0
DMA IRQ c2=0
DMA IRQ c3=0
SELECT busy=9626
SELECT w0=9595
SELECT w1=4932
SELECT w2=5509
BUSY TASK ewma=997
DMA IRQ c0=1
DMA IRQ c1=0
DMA IRQ c2=0
DMA IRQ c3=0
SELECT busy=9674
SELECT w0=9641
SELECT w1=4952
SELECT w2=5533
BUSY TASK ewma=997
DMA IRQ c0=1
DMA IRQ c1=0
DMA IRQ c2=0
DMA IRQ c3=0
SELECT busy=9698
SELECT w0=9665
SELECT w1=4961
SELECT w2=5545
BUSY TASK ewma=997
DMA IRQ c0=1
DMA IRQ c1=0
DMA IRQ c2=0
DMA IRQ c3=0
SELECT busy=9721
SELECT w0=9688
SELECT w1=4970
SELECT w2=5558
BUSY TASK ewma=997
DMA IRQ c0=1
DMA IRQ c1=0
DMA IRQ c2=0
DMA IRQ c3=0
SELECT busy=9734
SELECT w0=9702
SELECT w1=4977
SELECT w2=5569
BUSY TASK ewma=997
DMA IRQ c0=1
DMA IRQ c1=0
DMA IRQ c2=0
DMA IRQ c3=0
SELECT busy=9749
SELECT w0=9716
SELECT w1=4987
SELECT w2=5578
BUSY TASK ewma=997
DMA IRQ c0=1
DMA IRQ c1=0
DMA IRQ c2=0
DMA IRQ c3=0
SELECT busy=9770
SELECT w0=9739
SELECT w1=5000
SELECT w2=5595
BUSY TASK ewma=997
DMA IRQ c0=1
DMA IRQ c1=0
DMA IRQ c2=0
DMA IRQ c3=0
SELECT busy=9812
SELECT w0=9780
SELECT w1=5020
SELECT w2=5618
BUSY TASK ewma=997
DMA IRQ c0=1
DMA IRQ c1=0
DMA IRQ c2=0
DMA IRQ c3=0
SELECT busy=9847
SELECT w0=9814
SELECT w1=5036
SELECT w2=5637
BUSY TASK ewma=997
DMA IRQ c0=1
DMA IRQ c1=0
DMA IRQ c2=0
DMA IRQ c3=0
SELECT busy=9887
SELECT w0=9855
SELECT w1=5055
SELECT w2=5662
BUSY TASK ewma=997
DMA IRQ c0=1
DMA IRQ c1=0
DMA IRQ c2=0
DMA IRQ c3=0
SELECT busy=9920
SELECT w0=9888
SELECT w1=5073
SELECT w2=5684
BUSY TASK ewma=997
DMA IRQ c0=1
DMA IRQ c1=0
DMA IRQ c2=0
DMA IRQ c3=0
SELECT busy=9958
SELECT w0=9925
SELECT w1=5089
SELECT w2=5705
BUSY TASK ewma=997
DMA IRQ c0=1
DMA IRQ c1=0
DMA IRQ c2=0
DMA IRQ c3=0
SELECT busy=9989
SELECT w0=9957
SELECT w1=5104
SELECT w2=5727
BUSY TASK ewma=997
DMA IRQ c0=1
DMA IRQ c1=0
DMA IRQ c2=0
DMA IRQ c3=0
SELECT busy=10012
SELECT w0=9980
SELECT w1=5113
SELECT w2=5737
BUSY TASK ewma=997
DMA IRQ c0=1
DMA IRQ c1=0
DMA IRQ c2=0
DMA IRQ c3=0
SELECT busy=10046
SELECT w0=10015
SELECT w1=5131
SELECT w2=5755
BUSY TASK ewma=997
DMA IRQ c0=1
DMA IRQ c1=0
DMA IRQ c2=0
DMA IRQ c3=0
SELECT busy=10087
SELECT w0=10055
SELECT w1=5147
SELECT w2=5782
BUSY TASK ewma=997
DMA IRQ c0=1
DMA IRQ c1=0
DMA IRQ c2=0
DMA IRQ c3=0
SELECT busy=10138
SELECT w0=10109
SELECT w1=5171
SELECT w2=5812
BUSY TASK ewma=997
DMA IRQ c0=1
DMA IRQ c1=0
DMA IRQ c2=0
DMA IRQ c3=0
SELECT busy=10180
SELECT w0=10148
SELECT w1=5187
SELECT w2=5832
BUSY TASK ewma=997
DMA IRQ c0=1
DMA IRQ c1=0
DMA IRQ c2=0
DMA IRQ c3=0
SELECT busy=10223
SELECT w0=10191
SELECT w1=5200
SELECT w2=5852
BUSY TASK ewma=997
DMA IRQ c0=1
DMA IRQ c1=0
DMA IRQ c2=0
DMA IRQ c3=0
SELECT busy=10258
SELECT w0=10225
SELECT w1=5213
SELECT w2=5868
BUSY TASK ewma=997
DMA IRQ c0=1
DMA IRQ c1=0
DMA IRQ c2=0
DMA IRQ c3=0
SELECT busy=10289
SELECT w0=10259
SELECT w1=5226
SELECT w2=5882
BUSY TASK ewma=997
DMA IRQ c0=1
DMA IRQ c1=0
DMA IRQ c2=0
DMA IRQ c3=0
SELECT busy=10329
SELECT w0=10296
SELECT w1=5244
SELECT w2=5905
BUSY TASK ewma=997
DMA IRQ c0=1
DMA IRQ c1=0
DMA IRQ c2=0
DMA IRQ c3=0
SELECT busy=10344
SELECT w0=10311
SELECT w1=5251
SELECT w2=5913
BUSY TASK ewma=997
DMA IRQ c0=1
DMA IRQ c1=0
DMA IRQ c2=0
DMA IRQ c3=0
SELECT busy=10359
SELECT w0=10326
SELECT w1=5258
SELECT w2=5924
BUSY TASK ewma=997
DMA IRQ c0=1
DMA IRQ c1=0
DMA IRQ c2=0
DMA IRQ c3=0
SELECT busy=10374
SELECT w0=10341
SELECT w1=5264
SELECT w2=5932
BUSY TASK ewma=997
DMA IRQ c0=1
DMA IRQ c1=0
DMA IRQ c2=0
DMA IRQ c3=0
SELECT busy=10392
SELECT w0=10360
SELECT w1=5273
SELECT w2=5943
BUSY TASK ewma=997
DMA IRQ c0=1
DMA IRQ c1=0
DMA IRQ c2=0
DMA IRQ c3=0
SELECT busy=10416
SELECT w0=10383
SELECT w1=5284
SELECT w2=5959
BUSY TASK ewma=997
DMA IRQ c0=1
DMA IRQ c1=0
DMA IRQ c2=0
DMA IRQ c3=0
SELECT busy=10438
SELECT w0=10405
SELECT w1=5291
SELECT w2=5969
BUSY TASK ewma=997
DMA IRQ c0=1
DMA IRQ c1=0
DMA IRQ c2=0
DMA IRQ c3=0
SELECT busy=10457
SELECT w0=10424
SELECT w1=5296
SELECT w2=5974
BUSY TASK ewma=997
DMA IRQ c0=1
DMA IRQ c1=0
DMA IRQ c2=0
DMA IRQ c3=0
SELECT busy=10471
SELECT w0=10439
SELECT w1=5302
SELECT w2=5982
BUSY TASK ewma=997
DMA IRQ c0=1
DMA IRQ c1=0
DMA IRQ c2=0
DMA IRQ c3=0
SELECT busy=10499
SELECT w0=10468
SELECT w1=5313
SELECT w2=5996
BUSY TASK ewma=997
DMA IRQ c0=1
DMA IRQ c1=0
DMA IRQ c2=0
DMA IRQ c3=0
SELECT busy=10523
SELECT w0=10490
SELECT w1=5321
SELECT w2=6005
BUSY TASK ewma=997
DMA IRQ c0=1
DMA IRQ c1=0
DMA IRQ c2=0
DMA IRQ c3=0
SELECT busy=10543
SELECT w0=10510
SELECT w1=5329
SELECT w2=6015
BUSY TASK ewma=997
DMA IRQ c0=1
DMA IRQ c1=0
DMA IRQ c2=0
DMA IRQ c3=0
SELECT busy=10560
SELECT w0=10527
SELECT w1=5334
SELECT w2=6022
BUSY TASK ewma=997
DMA IRQ c0=1
DMA IRQ c1=0
DMA IRQ c2=0
DMA IRQ c3=0
SELECT busy=10584
SELECT w0=10552
SELECT w1=5343
SELECT w2=6036
BUSY TASK ewma=997
DMA IRQ c0=1
DMA IRQ c1=0
DMA IRQ c2=0
DMA IRQ c3=0
SELECT busy=10602
SELECT w0=10569
SELECT w1=5350
SELECT w2=6046
BUSY TASK ewma=997
DMA IRQ c0=1
DMA IRQ c1=0
DMA IRQ c2=0
DMA IRQ c3=0
SELECT busy=10618
SELECT w0=10587
SELECT w1=5360
SELECT w2=6058
BUSY TASK ewma=997
DMA IRQ c0=1
DMA IRQ c1=0
DMA IRQ c2=0
DMA IRQ c3=0
SELECT busy=10640
SELECT w0=10609
SELECT w1=5370
SELECT w2=6070
BUSY TASK ewma=997
DMA IRQ c0=1
DMA IRQ c1=0
DMA IRQ c2=0
DMA IRQ c3=0
SELECT busy=10656
SELECT w0=10624
SELECT w1=5378
SELECT w2=6083
BUSY TASK ewma=997
DMA IRQ c0=1
DMA IRQ c1=0
DMA IRQ c2=0
DMA IRQ c3=0
SELECT busy=10670
SELECT w0=10638
SELECT w1=5387
SELECT w2=6092
BUSY TASK ewma=997
DMA IRQ c0=1
DMA IRQ c1=0
DMA IRQ c2=0
DMA IRQ c3=0
SELECT busy=10694
SELECT w0=10662
SELECT w1=5398
SELECT w2=6106
BUSY TASK ewma=997
DMA IRQ c0=1
DMA IRQ c1=0
DMA IRQ c2=0
DMA IRQ c3=0
SELECT busy=10717
SELECT w0=10685
SELECT w1=5410
SELECT w2=6119
BUSY TASK ewma=997
DMA IRQ c0=1
DMA IRQ c1=0
DMA IRQ c2=0
DMA IRQ c3=0
SELECT busy=10738
SELECT w0=10706
SELECT w1=5420
SELECT w2=6131
BUSY TASK ewma=997
DMA IRQ c0=1
DMA IRQ c1=0
DMA IRQ c2=0
DMA IRQ c3=0
SELECT busy=10761
SELECT w0=10729
SELECT w1=5427
SELECT w2=6142
BUSY TASK ewma=997
DMA IRQ c0=1
DMA IRQ c1=0
DMA IRQ c2=0
DMA IRQ c3=0
SELECT busy=10780
SELECT w0=10747
SELECT w1=5434
SELECT w2=6151
BUSY TASK ewma=997
IRQ counts: cpu0=21550 cpu1=24180 cpu2=24158 cpu3=24005
SCHED secondaries: calls=72356 unexpected=0
SECTEST switches=72316 cpu1=225497435,225192905 cpu2=199802226,199004716 cpu3=274805111,272902528
PINGPONG rounds=2000 pongs=2000
DMA IRQ c0=1
DMA IRQ c1=0
DMA IRQ c2=0
DMA IRQ c3=0
SELECT busy=10805
SELECT w0=10773
SELECT w1=5447
SELECT w2=6166
BUSY TASK ewma=997
DMA IRQ c0=1
DMA IRQ c1=0
DMA IRQ c2=0
DMA IRQ c3=0
SELECT busy=10834
SELECT w0=10803
SELECT w1=5458
SELECT w2=6180
BUSY TASK ewma=997
DMA IRQ c0=1
DMA IRQ c1=0
DMA IRQ c2=0
DMA IRQ c3=0
SELECT busy=10863
SELECT w0=10832
SELECT w1=5471
SELECT w2=6197
BUSY TASK ewma=997
DMA IRQ c0=1
DMA IRQ c1=0
DMA IRQ c2=0
DMA IRQ c3=0
SELECT busy=10905
SELECT w0=10873
SELECT w1=5489
SELECT w2=6220
BUSY TASK ewma=997
DMA IRQ c0=1
DMA IRQ c1=0
DMA IRQ c2=0
DMA IRQ c3=0
SELECT busy=10938
SELECT w0=10906
SELECT w1=5504
SELECT w2=6237
BUSY TASK ewma=997
DMA IRQ c0=1
DMA IRQ c1=0
DMA IRQ c2=0
DMA IRQ c3=0
SELECT busy=10966
SELECT w0=10933
SELECT w1=5519
SELECT w2=6253
BUSY TASK ewma=997
DMA IRQ c0=1
DMA IRQ c1=0
DMA IRQ c2=0
DMA IRQ c3=0
SELECT busy=10981
SELECT w0=10948
SELECT w1=5527
SELECT w2=6262
BUSY TASK ewma=997
DMA IRQ c0=1
DMA IRQ c1=0
DMA IRQ c2=0
DMA IRQ c3=0
SELECT busy=11004
SELECT w0=10972
SELECT w1=5537
SELECT w2=6275
BUSY TASK ewma=997
DMA IRQ c0=1
DMA IRQ c1=0
DMA IRQ c2=0
DMA IRQ c3=0
SELECT busy=11026
SELECT w0=10995
SELECT w1=5547
SELECT w2=6288
BUSY TASK ewma=997
DMA IRQ c0=1
DMA IRQ c1=0
DMA IRQ c2=0
DMA IRQ c3=0
SELECT busy=11061
SELECT w0=11033
SELECT w1=5563
SELECT w2=6309
BUSY TASK ewma=997
DMA IRQ c0=1
DMA IRQ c1=0
DMA IRQ c2=0
DMA IRQ c3=0
SELECT busy=11098
SELECT w0=11065
SELECT w1=5575
SELECT w2=6324
BUSY TASK ewma=997
DMA IRQ c0=1
DMA IRQ c1=0
DMA IRQ c2=0
DMA IRQ c3=0
SELECT busy=11120
SELECT w0=11087
SELECT w1=5585
SELECT w2=6336
BUSY TASK ewma=997
DMA IRQ c0=1
DMA IRQ c1=0
DMA IRQ c2=0
DMA IRQ c3=0
SELECT busy=11148
SELECT w0=11116
SELECT w1=5597
SELECT w2=6351
BUSY TASK ewma=997
DMA IRQ c0=1
DMA IRQ c1=0
DMA IRQ c2=0
DMA IRQ c3=0
SELECT busy=11179
SELECT w0=11147
SELECT w1=5612
SELECT w2=6366
BUSY TASK ewma=997
DMA IRQ c0=1
DMA IRQ c1=0
DMA IRQ c2=0
DMA IRQ c3=0
SELECT busy=11213
SELECT w0=11180
SELECT w1=5627
SELECT w2=6383
BUSY TASK ewma=997
DMA IRQ c0=1
DMA IRQ c1=0
DMA IRQ c2=0
DMA IRQ c3=0
SELECT busy=11253
SELECT w0=11221
SELECT w1=5645
SELECT w2=6405
BUSY TASK ewma=997
DMA IRQ c0=1
DMA IRQ c1=0
DMA IRQ c2=0
DMA IRQ c3=0
SELECT busy=11274
SELECT w0=11242
SELECT w1=5657
SELECT w2=6418
BUSY TASK ewma=997
DMA IRQ c0=1
DMA IRQ c1=0
DMA IRQ c2=0
DMA IRQ c3=0
SELECT busy=11302
SELECT w0=11269
SELECT w1=5668
SELECT w2=6430
BUSY TASK ewma=997
DMA IRQ c0=1
DMA IRQ c1=0
DMA IRQ c2=0
DMA IRQ c3=0
SELECT busy=11323
SELECT w0=11290
SELECT w1=5676
SELECT w2=6441
BUSY TASK ewma=997
DMA IRQ c0=1
DMA IRQ c1=0
DMA IRQ c2=0
DMA IRQ c3=0
SELECT busy=11349
SELECT w0=11318
SELECT w1=5687
SELECT w2=6457
BUSY TASK ewma=997
DMA IRQ c0=1
DMA IRQ c1=0
DMA IRQ c2=0
DMA IRQ c3=0
SELECT busy=11390
SELECT w0=11357
SELECT w1=5701
SELECT w2=6475
BUSY TASK ewma=997
DMA IRQ c0=1
DMA IRQ c1=0
DMA IRQ c2=0
DMA IRQ c3=0
SELECT busy=11417
SELECT w0=11385
SELECT w1=5711
SELECT w2=6490
BUSY TASK ewma=997
DMA IRQ c0=1
DMA IRQ c1=0
DMA IRQ c2=0
DMA IRQ c3=0
SELECT busy=11457
SELECT w0=11426
SELECT w1=5727
SELECT w2=6510
BUSY TASK ewma=997
DMA IRQ c0=1
DMA IRQ c1=0
DMA IRQ c2=0
DMA IRQ c3=0
SELECT busy=11501
SELECT w0=11471
SELECT w1=5749
SELECT w2=6537
BUSY TASK ewma=997
DMA IRQ c0=1
DMA IRQ c1=0
DMA IRQ c2=0
DMA IRQ c3=0
SELECT busy=11529
SELECT w0=11496
SELECT w1=5759
SELECT w2=6551
BUSY TASK ewma=997
DMA IRQ c0=1
DMA IRQ c1=0
DMA IRQ c2=0
DMA IRQ c3=0
SELECT busy=11543
SELECT w0=11510
SELECT w1=5764
SELECT w2=6557
BUSY TASK ewma=997
DMA IRQ c0=1
DMA IRQ c1=0
DMA IRQ c2=0
DMA IRQ c3=0
SELECT busy=11559
SELECT w0=11526
SELECT w1=5771
SELECT w2=6565
BUSY TASK ewma=997
DMA IRQ c0=1
DMA IRQ c1=0
DMA IRQ c2=0
DMA IRQ c3=0
SELECT busy=11570
SELECT w0=11538
SELECT w1=5776
SELECT w2=6574
BUSY TASK ewma=997
DMA IRQ c0=1
DMA IRQ c1=0
DMA IRQ c2=0
DMA IRQ c3=0
SELECT busy=11594
SELECT w0=11562
SELECT w1=5791
SELECT w2=6591
BUSY TASK ewma=997
DMA IRQ c0=1
DMA IRQ c1=0
DMA IRQ c2=0
DMA IRQ c3=0
SELECT busy=11630
SELECT w0=11599
SELECT w1=5807
SELECT w2=6611
BUSY TASK ewma=997
DMA IRQ c0=1
DMA IRQ c1=0
DMA IRQ c2=0
DMA IRQ c3=0
SELECT busy=11646
SELECT w0=11613
SELECT w1=5814
SELECT w2=6620
BUSY TASK ewma=997
DMA IRQ c0=1
DMA IRQ c1=0
DMA IRQ c2=0
DMA IRQ c3=0
SELECT busy=11674
SELECT w0=11642
SELECT w1=5830
SELECT w2=6640
BUSY TASK ewma=997
DMA IRQ c0=1
DMA IRQ c1=0
DMA IRQ c2=0
DMA IRQ c3=0
SELECT busy=11702
SELECT w0=11670
SELECT w1=5846
SELECT w2=6657
BUSY TASK ewma=997
DMA IRQ c0=1
DMA IRQ c1=0
DMA IRQ c2=0
DMA IRQ c3=0
SELECT busy=11720
SELECT w0=11687
SELECT w1=5851
SELECT w2=6663
BUSY TASK ewma=997
DMA IRQ c0=1
DMA IRQ c1=0
DMA IRQ c2=0
DMA IRQ c3=0
SELECT busy=11733
SELECT w0=11701
SELECT w1=5855
SELECT w2=6669
BUSY TASK ewma=997
DMA IRQ c0=1
DMA IRQ c1=0
DMA IRQ c2=0
DMA IRQ c3=0
SELECT busy=11762
SELECT w0=11729
SELECT w1=5869
SELECT w2=6690
BUSY TASK ewma=997
DMA IRQ c0=1
DMA IRQ c1=0
DMA IRQ c2=0
DMA IRQ c3=0
SELECT busy=11784
SELECT w0=11751
SELECT w1=5879
SELECT w2=6700
BUSY TASK ewma=997
DMA IRQ c0=1
DMA IRQ c1=0
DMA IRQ c2=0
DMA IRQ c3=0
SELECT busy=11801
SELECT w0=11769
SELECT w1=5886
SELECT w2=6709
BUSY TASK ewma=997
DMA IRQ c0=1
DMA IRQ c1=0
DMA IRQ c2=0
DMA IRQ c3=0
SELECT busy=11828
SELECT w0=11795
SELECT w1=5898
SELECT w2=6724
BUSY TASK ewma=997
DMA IRQ c0=1
DMA IRQ c1=0
DMA IRQ c2=0
DMA IRQ c3=0
SELECT busy=11848
SELECT w0=11817
SELECT w1=5909
SELECT w2=6739
BUSY TASK ewma=997
DMA IRQ c0=1
DMA IRQ c1=0
DMA IRQ c2=0
DMA IRQ c3=0
SELECT busy=11876
SELECT w0=11843
SELECT w1=5919
SELECT w2=6757
BUSY TASK ewma=997
DMA IRQ c0=1
DMA IRQ c1=0
DMA IRQ c2=0
DMA IRQ c3=0
SELECT busy=11916
SELECT w0=11885
SELECT w1=5940
SELECT w2=6777
BUSY TASK ewma=997
DMA IRQ c0=1
DMA IRQ c1=0
DMA IRQ c2=0
DMA IRQ c3=0
SELECT busy=11941
SELECT w0=11911
SELECT w1=5951
SELECT w2=6793
BUSY TASK ewma=997
DMA IRQ c0=1
DMA IRQ c1=0
DMA IRQ c2=0
DMA IRQ c3=0
SELECT busy=11986
SELECT w0=11954
SELECT w1=5970
SELECT w2=6818
BUSY TASK ewma=997
DMA IRQ c0=1
DMA IRQ c1=0
DMA IRQ c2=0
DMA IRQ c3=0
SELECT busy=12022
SELECT w0=11989
SELECT w1=5982
SELECT w2=6833
BUSY TASK ewma=997
DMA IRQ c0=1
DMA IRQ c1=0
DMA IRQ c2=0
DMA IRQ c3=0
SELECT busy=12047
SELECT w0=12014
SELECT w1=5995
SELECT w2=6847
BUSY TASK ewma=997
DMA IRQ c0=1
DMA IRQ c1=0
DMA IRQ c2=0
DMA IRQ c3=0
SELECT busy=12080
SELECT w0=12049
SELECT w1=6010
SELECT w2=6868
BUSY TASK ewma=997
DMA IRQ c0=1
DMA IRQ c1=0
DMA IRQ c2=0
DMA IRQ c3=0
SELECT busy=12114
SELECT w0=12081
SELECT w1=6024
SELECT w2=6885
BUSY TASK ewma=997
DMA IRQ c0=1
DMA IRQ c1=0
DMA IRQ c2=0
DMA IRQ c3=0
SELECT busy=12149
SELECT w0=12117
SELECT w1=6039
SELECT w2=6905
BUSY TASK ewma=997
DMA IRQ c0=1
DMA IRQ c1=0
DMA IRQ c2=0
DMA IRQ c3=0
SELECT busy=12186
SELECT w0=12154
SELECT w1=6053
SELECT w2=6923
BUSY TASK ewma=997
DMA IRQ c0=1
DMA IRQ c1=0
DMA IRQ c2=0
DMA IRQ c3=0
SELECT busy=12232
SELECT w0=12201
SELECT w1=6073
SELECT w2=6945
BUSY TASK ewma=997
DMA IRQ c0=1
DMA IRQ c1=0
DMA IRQ c2=0
DMA IRQ c3=0
SELECT busy=12266
SELECT w0=12234
SELECT w1=6090
SELECT w2=6968
BUSY TASK ewma=997
DMA IRQ c0=1
DMA IRQ c1=0
DMA IRQ c2=0
DMA IRQ c3=0
SELECT busy=12300
SELECT w0=12269
SELECT w1=6105
SELECT w2=6989
BUSY TASK ewma=997
DMA IRQ c0=1
DMA IRQ c1=0
DMA IRQ c2=0
DMA IRQ c3=0
SELECT busy=12344
SELECT w0=12312
SELECT w1=6122
SELECT w2=7009
BUSY TASK ewma=997
DMA IRQ c0=1
DMA IRQ c1=0
DMA IRQ c2=0
DMA IRQ c3=0
SELECT busy=12363
SELECT w0=12331
SELECT w1=6132
SELECT w2=7020
BUSY TASK ewma=997
DMA IRQ c0=1
DMA IRQ c1=0
DMA IRQ c2=0
DMA IRQ c3=0
SELECT busy=12383
SELECT w0=12350
SELECT w1=6141
SELECT w2=7029
BUSY TASK ewma=997
DMA IRQ c0=1
DMA IRQ c1=0
DMA IRQ c2=0
DMA IRQ c3=0
SELECT busy=12406
SELECT w0=12374
SELECT w1=6151
SELECT w2=7047
BUSY TASK ewma=997
DMA IRQ c0=1
DMA IRQ c1=0
DMA IRQ c2=0
DMA IRQ c3=0
SELECT busy=12423
SELECT w0=12391
SELECT w1=6159
SELECT w2=7056
BUSY TASK ewma=997
DMA IRQ c0=1
DMA IRQ c1=0
DMA IRQ c2=0
DMA IRQ c3=0
SELECT busy=12441
SELECT w0=12409
SELECT w1=6168
SELECT w2=7065
BUSY TASK ewma=997
DMA IRQ c0=1
DMA IRQ c1=0
DMA IRQ c2=0
DMA IRQ c3=0
SELECT busy=12470
SELECT w0=12438
SELECT w1=6181
SELECT w2=7082
BUSY TASK ewma=997
DMA IRQ c0=1
DMA IRQ c1=0
DMA IRQ c2=0
DMA IRQ c3=0
SELECT busy=12492
SELECT w0=12460
SELECT w1=6193
SELECT w2=7098
BUSY TASK ewma=997
DMA IRQ c0=1
DMA IRQ c1=0
DMA IRQ c2=0
DMA IRQ c3=0
SELECT busy=12511
SELECT w0=12478
SELECT w1=6200
SELECT w2=7108
BUSY TASK ewma=997
DMA IRQ c0=1
DMA IRQ c1=0
DMA IRQ c2=0
DMA IRQ c3=0
SELECT busy=12532
SELECT w0=12501
SELECT w1=6215
SELECT w2=7127
BUSY TASK ewma=997
DMA IRQ c0=1
DMA IRQ c1=0
DMA IRQ c2=0
DMA IRQ c3=0
SELECT busy=12565
SELECT w0=12532
SELECT w1=6229
SELECT w2=7141
BUSY TASK ewma=997
IRQ counts: cpu0=25160 cpu1=28185 cpu2=28151 cpu3=27890
SCHED secondaries: calls=84226 unexpected=0
SECTEST switches=84186 cpu1=253136268,251973397 cpu2=228778998,228200108 cpu3=313026306,309697603
PINGPONG rounds=2000 pongs=2000
DMA IRQ c0=1
DMA IRQ c1=0
DMA IRQ c2=0
DMA IRQ c3=0
SELECT busy=12599
SELECT w0=12566
SELECT w1=6242
SELECT w2=7159
BUSY TASK ewma=997
DMA IRQ c0=1
DMA IRQ c1=0
DMA IRQ c2=0
DMA IRQ c3=0
SELECT busy=12635
SELECT w0=12603
SELECT w1=6256
SELECT w2=7176
BUSY TASK ewma=997
DMA IRQ c0=1
DMA IRQ c1=0
DMA IRQ c2=0
DMA IRQ c3=0
SELECT busy=12675
SELECT w0=12643
SELECT w1=6275
SELECT w2=7198
BUSY TASK ewma=997
DMA IRQ c0=1
DMA IRQ c1=0
DMA IRQ c2=0
DMA IRQ c3=0
SELECT busy=12718
SELECT w0=12686
SELECT w1=6295
SELECT w2=7220
BUSY TASK ewma=997
DMA IRQ c0=1
DMA IRQ c1=0
DMA IRQ c2=0
DMA IRQ c3=0
SELECT busy=12754
SELECT w0=12722
SELECT w1=6312
SELECT w2=7240
BUSY TASK ewma=997
DMA IRQ c0=1
DMA IRQ c1=0
DMA IRQ c2=0
DMA IRQ c3=0
SELECT busy=12793
SELECT w0=12760
SELECT w1=6326
SELECT w2=7257
BUSY TASK ewma=997
DMA IRQ c0=1
DMA IRQ c1=0
DMA IRQ c2=0
DMA IRQ c3=0
SELECT busy=12827
SELECT w0=12795
SELECT w1=6342
SELECT w2=7276
BUSY TASK ewma=997
DMA IRQ c0=1
DMA IRQ c1=0
DMA IRQ c2=0
DMA IRQ c3=0
SELECT busy=12862
SELECT w0=12830
SELECT w1=6359
SELECT w2=7295
BUSY TASK ewma=997
DMA IRQ c0=1
DMA IRQ c1=0
DMA IRQ c2=0
DMA IRQ c3=0
SELECT busy=12901
SELECT w0=12869
SELECT w1=6378
SELECT w2=7321
BUSY TASK ewma=997
DMA IRQ c0=1
DMA IRQ c1=0
DMA IRQ c2=0
DMA IRQ c3=0
SELECT busy=12948
SELECT w0=12916
SELECT w1=6397
SELECT w2=7344
BUSY TASK ewma=997
DMA IRQ c0=1
DMA IRQ c1=0
DMA IRQ c2=0
DMA IRQ c3=0
SELECT busy=12985
SELECT w0=12952
SELECT w1=6414
SELECT w2=7366
BUSY TASK ewma=997
DMA IRQ c0=1
DMA IRQ c1=0
DMA IRQ c2=0
DMA IRQ c3=0
SELECT busy=13019
SELECT w0=12987
SELECT w1=6428
SELECT w2=7383
BUSY TASK ewma=997
DMA IRQ c0=1
DMA IRQ c1=0
DMA IRQ c2=0
DMA IRQ c3=0
SELECT busy=13048
SELECT w0=13016
SELECT w1=6443
SELECT w2=7400
BUSY TASK ewma=997
DMA IRQ c0=1
DMA IRQ c1=0
DMA IRQ c2=0
DMA IRQ c3=0
SELECT busy=13066
SELECT w0=13033
SELECT w1=6451
SELECT w2=7412
BUSY TASK ewma=997
DMA IRQ c0=1
DMA IRQ c1=0
DMA IRQ c2=0
DMA IRQ c3=0
SELECT busy=13093
SELECT w0=13061
SELECT w1=6464
SELECT w2=7430
BUSY TASK ewma=997
DMA IRQ c0=1
DMA IRQ c1=0
DMA IRQ c2=0
DMA IRQ c3=0
SELECT busy=13118
SELECT w0=13086
SELECT w1=6473
SELECT w2=7439
BUSY TASK ewma=997
DMA IRQ c0=1
DMA IRQ c1=0
DMA IRQ c2=0
DMA IRQ c3=0
SELECT busy=13134
SELECT w0=13101
SELECT w1=6479
SELECT w2=7447
BUSY TASK ewma=997
DMA IRQ c0=1
DMA IRQ c1=0
DMA IRQ c2=0
DMA IRQ c3=0
SELECT busy=13154
SELECT w0=13121
SELECT w1=6488
SELECT w2=7456
BUSY TASK ewma=997
DMA IRQ c0=1
DMA IRQ c1=0
DMA IRQ c2=0
DMA IRQ c3=0
SELECT busy=13173
SELECT w0=13141
SELECT w1=6498
SELECT w2=7469
BUSY TASK ewma=997
DMA IRQ c0=1
DMA IRQ c1=0
DMA IRQ c2=0
DMA IRQ c3=0
SELECT busy=13192
SELECT w0=13160
SELECT w1=6507
SELECT w2=7481
BUSY TASK ewma=997
DMA IRQ c0=1
DMA IRQ c1=0
DMA IRQ c2=0
DMA IRQ c3=0
SELECT busy=13217
SELECT w0=13185
SELECT w1=6516
SELECT w2=7493
BUSY TASK ewma=997
DMA IRQ c0=1
DMA IRQ c1=0
DMA IRQ c2=0
DMA IRQ c3=0
SELECT busy=13232
SELECT w0=13201
SELECT w1=6523
SELECT w2=7501
BUSY TASK ewma=997
DMA IRQ c0=1
DMA IRQ c1=0
DMA IRQ c2=0
DMA IRQ c3=0
SELECT busy=13252
SELECT w0=13219
SELECT w1=6532
SELECT w2=7514
BUSY TASK ewma=997
DMA IRQ c0=1
DMA IRQ c1=0
DMA IRQ c2=0
DMA IRQ c3=0
SELECT busy=13283
SELECT w0=13251
SELECT w1=6546
SELECT w2=7532
BUSY TASK ewma=997
DMA IRQ c0=1
DMA IRQ c1=0
DMA IRQ c2=0
DMA IRQ c3=0
SELECT busy=13302
SELECT w0=13270
SELECT w1=6554
SELECT w2=7542
BUSY TASK ewma=997
DMA IRQ c0=1
DMA IRQ c1=0
DMA IRQ c2=0
DMA IRQ c3=0
SELECT busy=13322
SELECT w0=13290
SELECT w1=6566
SELECT w2=7555
BUSY TASK ewma=997
qemu-system-aarch64: terminating on signal 15 from pid 243963 (timeout)
