P4 M7: full integration test boot OK
CPU0: MPIDR_EL1=0x0000000080000000
CPU0: psci_cpu_on target=1 rc=0
CPU1: alive, MPIDR_EL1=0x0000000080000001 this_cpu()->cpu_id=1
CPU0: psci_cpu_on target=2 rc=0
CPU2: alive, MPIDR_EL1=0x0000000080000002 this_cpu()->cpu_id=2
CPU0: psci_cpu_on target=3 rc=0
CPU3: alive, MPIDR_EL1=0x0000000080000003 this_cpu()->cpu_id=3
CPUs online: 4
DMA IRQ target cpu=0
D2b: worker 1 runs on CPU1
D2b: worker 2 runs on CPU2
D2b: worker 0 runs on CPU0
P4 M7: worker submitted cmd_id=1
P4 M7: worker submitted cmd_id=2
P4 M7: worker submitted cmd_id=3
P4 M7: worker DATA OK, cmd_id=1
P4 M7: worker DATA OK, cmd_id=3
P4 M7: worker DATA OK, cmd_id=2
WORKER ewma=916
WORKER ewma=916
WORKER ewma=831
BUSY TASK ewma=997
DMA IRQ c0=2
DMA IRQ c1=0
DMA IRQ c2=0
DMA IRQ c3=0
SELECT busy=41
SELECT w0=24
SELECT w1=28
SELECT w2=22
BUSY TASK ewma=997
DMA IRQ c0=2
DMA IRQ c1=0
DMA IRQ c2=0
DMA IRQ c3=0
SELECT busy=86
SELECT w0=70
SELECT w1=98
SELECT w2=96
BUSY TASK ewma=997
DMA IRQ c0=2
DMA IRQ c1=0
DMA IRQ c2=0
DMA IRQ c3=0
SELECT busy=106
SELECT w0=89
SELECT w1=132
SELECT w2=122
BUSY TASK ewma=997
DMA IRQ c0=2
DMA IRQ c1=0
DMA IRQ c2=0
DMA IRQ c3=0
SELECT busy=120
SELECT w0=104
SELECT w1=141
SELECT w2=132
BUSY TASK ewma=997
DMA IRQ c0=2
DMA IRQ c1=0
DMA IRQ c2=0
DMA IRQ c3=0
SELECT busy=145
SELECT w0=129
SELECT w1=159
SELECT w2=149
BUSY TASK ewma=997
DMA IRQ c0=2
DMA IRQ c1=0
DMA IRQ c2=0
DMA IRQ c3=0
SELECT busy=168
SELECT w0=152
SELECT w1=178
SELECT w2=162
BUSY TASK ewma=997
DMA IRQ c0=2
DMA IRQ c1=0
DMA IRQ c2=0
DMA IRQ c3=0
SELECT busy=186
SELECT w0=170
SELECT w1=195
SELECT w2=175
BUSY TASK ewma=997
DMA IRQ c0=2
DMA IRQ c1=0
DMA IRQ c2=0
DMA IRQ c3=0
SELECT busy=231
SELECT w0=214
SELECT w1=218
SELECT w2=198
BUSY TASK ewma=997
DMA IRQ c0=2
DMA IRQ c1=0
DMA IRQ c2=0
DMA IRQ c3=0
SELECT busy=280
SELECT w0=263
SELECT w1=245
SELECT w2=223
BUSY TASK ewma=997
DMA IRQ c0=2
DMA IRQ c1=0
DMA IRQ c2=0
DMA IRQ c3=0
SELECT busy=323
SELECT w0=308
SELECT w1=267
SELECT w2=241
BUSY TASK ewma=997
DMA IRQ c0=2
DMA IRQ c1=0
DMA IRQ c2=0
DMA IRQ c3=0
SELECT busy=373
SELECT w0=356
SELECT w1=297
SELECT w2=266
BUSY TASK ewma=997
DMA IRQ c0=2
DMA IRQ c1=0
DMA IRQ c2=0
DMA IRQ c3=0
SELECT busy=405
SELECT w0=388
SELECT w1=314
SELECT w2=284
BUSY TASK ewma=997
DMA IRQ c0=2
DMA IRQ c1=0
DMA IRQ c2=0
DMA IRQ c3=0
SELECT busy=438
SELECT w0=422
SELECT w1=333
SELECT w2=300
BUSY TASK ewma=997
DMA IRQ c0=2
DMA IRQ c1=0
DMA IRQ c2=0
DMA IRQ c3=0
SELECT busy=476
SELECT w0=459
SELECT w1=352
SELECT w2=320
BUSY TASK ewma=997
DMA IRQ c0=2
DMA IRQ c1=0
DMA IRQ c2=0
DMA IRQ c3=0
SELECT busy=515
SELECT w0=498
SELECT w1=377
SELECT w2=342
BUSY TASK ewma=997
DMA IRQ c0=2
DMA IRQ c1=0
DMA IRQ c2=0
DMA IRQ c3=0
SELECT busy=545
SELECT w0=529
SELECT w1=391
SELECT w2=358
BUSY TASK ewma=997
DMA IRQ c0=2
DMA IRQ c1=0
DMA IRQ c2=0
DMA IRQ c3=0
SELECT busy=584
SELECT w0=570
SELECT w1=411
SELECT w2=377
BUSY TASK ewma=997
DMA IRQ c0=2
DMA IRQ c1=0
DMA IRQ c2=0
DMA IRQ c3=0
SELECT busy=629
SELECT w0=612
SELECT w1=433
SELECT w2=404
BUSY TASK ewma=997
DMA IRQ c0=2
DMA IRQ c1=0
DMA IRQ c2=0
DMA IRQ c3=0
SELECT busy=657
SELECT w0=640
SELECT w1=449
SELECT w2=420
BUSY TASK ewma=997
DMA IRQ c0=2
DMA IRQ c1=0
DMA IRQ c2=0
DMA IRQ c3=0
SELECT busy=693
SELECT w0=677
SELECT w1=471
SELECT w2=441
BUSY TASK ewma=997
DMA IRQ c0=2
DMA IRQ c1=0
DMA IRQ c2=0
DMA IRQ c3=0
SELECT busy=725
SELECT w0=708
SELECT w1=484
SELECT w2=456
BUSY TASK ewma=997
DMA IRQ c0=2
DMA IRQ c1=0
DMA IRQ c2=0
DMA IRQ c3=0
SELECT busy=751
SELECT w0=734
SELECT w1=497
SELECT w2=470
BUSY TASK ewma=997
DMA IRQ c0=2
DMA IRQ c1=0
DMA IRQ c2=0
DMA IRQ c3=0
SELECT busy=766
SELECT w0=750
SELECT w1=508
SELECT w2=480
BUSY TASK ewma=997
DMA IRQ c0=2
DMA IRQ c1=0
DMA IRQ c2=0
DMA IRQ c3=0
SELECT busy=785
SELECT w0=769
SELECT w1=518
SELECT w2=490
BUSY TASK ewma=997
DMA IRQ c0=2
DMA IRQ c1=0
DMA IRQ c2=0
DMA IRQ c3=0
SELECT busy=800
SELECT w0=783
SELECT w1=526
SELECT w2=498
BUSY TASK ewma=997
DMA IRQ c0=2
DMA IRQ c1=0
DMA IRQ c2=0
DMA IRQ c3=0
SELECT busy=815
SELECT w0=798
SELECT w1=534
SELECT w2=506
BUSY TASK ewma=997
DMA IRQ c0=2
DMA IRQ c1=0
DMA IRQ c2=0
DMA IRQ c3=0
SELECT busy=831
SELECT w0=815
SELECT w1=544
SELECT w2=517
BUSY TASK ewma=997
DMA IRQ c0=2
DMA IRQ c1=0
DMA IRQ c2=0
DMA IRQ c3=0
SELECT busy=848
SELECT w0=832
SELECT w1=554
SELECT w2=528
BUSY TASK ewma=997
DMA IRQ c0=2
DMA IRQ c1=0
DMA IRQ c2=0
DMA IRQ c3=0
SELECT busy=867
SELECT w0=851
SELECT w1=563
SELECT w2=537
BUSY TASK ewma=997
DMA IRQ c0=2
DMA IRQ c1=0
DMA IRQ c2=0
DMA IRQ c3=0
SELECT busy=893
SELECT w0=877
SELECT w1=583
SELECT w2=559
BUSY TASK ewma=997
DMA IRQ c0=2
DMA IRQ c1=0
DMA IRQ c2=0
DMA IRQ c3=0
SELECT busy=919
SELECT w0=902
SELECT w1=598
SELECT w2=573
BUSY TASK ewma=997
DMA IRQ c0=2
DMA IRQ c1=0
DMA IRQ c2=0
DMA IRQ c3=0
SELECT busy=935
SELECT w0=919
SELECT w1=606
SELECT w2=584
BUSY TASK ewma=997
DMA IRQ c0=2
DMA IRQ c1=0
DMA IRQ c2=0
DMA IRQ c3=0
SELECT busy=954
SELECT w0=937
SELECT w1=616
SELECT w2=593
BUSY TASK ewma=997
DMA IRQ c0=2
DMA IRQ c1=0
DMA IRQ c2=0
DMA IRQ c3=0
SELECT busy=975
SELECT w0=959
SELECT w1=629
SELECT w2=608
BUSY TASK ewma=997
DMA IRQ c0=2
DMA IRQ c1=0
DMA IRQ c2=0
DMA IRQ c3=0
SELECT busy=1006
SELECT w0=990
SELECT w1=652
SELECT w2=627
BUSY TASK ewma=997
DMA IRQ c0=2
DMA IRQ c1=0
DMA IRQ c2=0
DMA IRQ c3=0
SELECT busy=1021
SELECT w0=1005
SELECT w1=660
SELECT w2=636
BUSY TASK ewma=997
DMA IRQ c0=2
DMA IRQ c1=0
DMA IRQ c2=0
DMA IRQ c3=0
SELECT busy=1035
SELECT w0=1019
SELECT w1=669
SELECT w2=644
BUSY TASK ewma=997
DMA IRQ c0=2
DMA IRQ c1=0
DMA IRQ c2=0
DMA IRQ c3=0
SELECT busy=1053
SELECT w0=1037
SELECT w1=679
SELECT w2=653
BUSY TASK ewma=997
DMA IRQ c0=2
DMA IRQ c1=0
DMA IRQ c2=0
DMA IRQ c3=0
SELECT busy=1070
SELECT w0=1054
SELECT w1=689
SELECT w2=663
BUSY TASK ewma=997
DMA IRQ c0=2
DMA IRQ c1=0
DMA IRQ c2=0
DMA IRQ c3=0
SELECT busy=1086
SELECT w0=1070
SELECT w1=699
SELECT w2=673
BUSY TASK ewma=997
DMA IRQ c0=2
DMA IRQ c1=0
DMA IRQ c2=0
DMA IRQ c3=0
SELECT busy=1103
SELECT w0=1087
SELECT w1=711
SELECT w2=684
BUSY TASK ewma=997
DMA IRQ c0=2
DMA IRQ c1=0
DMA IRQ c2=0
DMA IRQ c3=0
SELECT busy=1118
SELECT w0=1102
SELECT w1=722
SELECT w2=691
BUSY TASK ewma=997
DMA IRQ c0=2
DMA IRQ c1=0
DMA IRQ c2=0
DMA IRQ c3=0
SELECT busy=1143
SELECT w0=1126
SELECT w1=738
SELECT w2=706
BUSY TASK ewma=997
DMA IRQ c0=2
DMA IRQ c1=0
DMA IRQ c2=0
DMA IRQ c3=0
SELECT busy=1161
SELECT w0=1145
SELECT w1=751
SELECT w2=717
BUSY TASK ewma=997
DMA IRQ c0=2
DMA IRQ c1=0
DMA IRQ c2=0
DMA IRQ c3=0
SELECT busy=1179
SELECT w0=1163
SELECT w1=763
SELECT w2=728
BUSY TASK ewma=997
DMA IRQ c0=2
DMA IRQ c1=0
DMA IRQ c2=0
DMA IRQ c3=0
SELECT busy=1199
SELECT w0=1183
SELECT w1=774
SELECT w2=738
BUSY TASK ewma=997
DMA IRQ c0=2
DMA IRQ c1=0
DMA IRQ c2=0
DMA IRQ c3=0
SELECT busy=1221
SELECT w0=1204
SELECT w1=787
SELECT w2=750
BUSY TASK ewma=997
DMA IRQ c0=2
DMA IRQ c1=0
DMA IRQ c2=0
DMA IRQ c3=0
SELECT busy=1237
SELECT w0=1222
SELECT w1=797
SELECT w2=758
BUSY TASK ewma=997
DMA IRQ c0=2
DMA IRQ c1=0
DMA IRQ c2=0
DMA IRQ c3=0
SELECT busy=1261
SELECT w0=1245
SELECT w1=811
SELECT w2=775
BUSY TASK ewma=997
DMA IRQ c0=2
DMA IRQ c1=0
DMA IRQ c2=0
DMA IRQ c3=0
SELECT busy=1283
SELECT w0=1267
SELECT w1=820
SELECT w2=784
BUSY TASK ewma=997
DMA IRQ c0=2
DMA IRQ c1=0
DMA IRQ c2=0
DMA IRQ c3=0
SELECT busy=1304
SELECT w0=1288
SELECT w1=834
SELECT w2=799
BUSY TASK ewma=997
DMA IRQ c0=2
DMA IRQ c1=0
DMA IRQ c2=0
DMA IRQ c3=0
SELECT busy=1323
SELECT w0=1307
SELECT w1=848
SELECT w2=809
BUSY TASK ewma=997
DMA IRQ c0=2
DMA IRQ c1=0
DMA IRQ c2=0
DMA IRQ c3=0
SELECT busy=1344
SELECT w0=1328
SELECT w1=867
SELECT w2=822
BUSY TASK ewma=997
DMA IRQ c0=2
DMA IRQ c1=0
DMA IRQ c2=0
DMA IRQ c3=0
SELECT busy=1365
SELECT w0=1348
SELECT w1=879
SELECT w2=832
BUSY TASK ewma=997
DMA IRQ c0=2
DMA IRQ c1=0
DMA IRQ c2=0
DMA IRQ c3=0
SELECT busy=1385
SELECT w0=1370
SELECT w1=890
SELECT w2=843
BUSY TASK ewma=997
DMA IRQ c0=2
DMA IRQ c1=0
DMA IRQ c2=0
DMA IRQ c3=0
SELECT busy=1409
SELECT w0=1393
SELECT w1=903
SELECT w2=858
BUSY TASK ewma=997
DMA IRQ c0=2
DMA IRQ c1=0
DMA IRQ c2=0
DMA IRQ c3=0
SELECT busy=1427
SELECT w0=1411
SELECT w1=916
SELECT w2=872
BUSY TASK ewma=997
DMA IRQ c0=2
DMA IRQ c1=0
DMA IRQ c2=0
DMA IRQ c3=0
SELECT busy=1446
SELECT w0=1431
SELECT w1=928
SELECT w2=884
BUSY TASK ewma=997
DMA IRQ c0=2
DMA IRQ c1=0
DMA IRQ c2=0
DMA IRQ c3=0
SELECT busy=1474
SELECT w0=1459
SELECT w1=948
SELECT w2=905
BUSY TASK ewma=997
DMA IRQ c0=2
DMA IRQ c1=0
DMA IRQ c2=0
DMA IRQ c3=0
SELECT busy=1504
SELECT w0=1487
SELECT w1=962
SELECT w2=919
BUSY TASK ewma=997
DMA IRQ c0=2
DMA IRQ c1=0
DMA IRQ c2=0
DMA IRQ c3=0
SELECT busy=1520
SELECT w0=1504
SELECT w1=975
SELECT w2=936
BUSY TASK ewma=997
DMA IRQ c0=2
DMA IRQ c1=0
DMA IRQ c2=0
DMA IRQ c3=0
SELECT busy=1537
SELECT w0=1521
SELECT w1=985
SELECT w2=948
BUSY TASK ewma=997
DMA IRQ c0=2
DMA IRQ c1=0
DMA IRQ c2=0
DMA IRQ c3=0
SELECT busy=1557
SELECT w0=1541
SELECT w1=996
SELECT w2=960
BUSY TASK ewma=997
IRQ counts: cpu0=3122 cpu1=3770 cpu2=3697 cpu3=3748
SCHED secondaries: calls=11245 unexpected=0
SECTEST switches=11207 cpu1=36538133,36358313 cpu2=27630441,27653857 cpu3=43078911,42208900
PINGPONG rounds=796 pongs=798
DMA IRQ c0=2
DMA IRQ c1=0
DMA IRQ c2=0
DMA IRQ c3=0
SELECT busy=1586
SELECT w0=1569
SELECT w1=1014
SELECT w2=983
BUSY TASK ewma=997
DMA IRQ c0=2
DMA IRQ c1=0
DMA IRQ c2=0
DMA IRQ c3=0
SELECT busy=1605
SELECT w0=1588
SELECT w1=1024
SELECT w2=993
BUSY TASK ewma=997
DMA IRQ c0=2
DMA IRQ c1=0
DMA IRQ c2=0
DMA IRQ c3=0
SELECT busy=1627
SELECT w0=1611
SELECT w1=1035
SELECT w2=1004
BUSY TASK ewma=997
DMA IRQ c0=2
DMA IRQ c1=0
DMA IRQ c2=0
DMA IRQ c3=0
SELECT busy=1647
SELECT w0=1631
SELECT w1=1052
SELECT w2=1019
BUSY TASK ewma=997
DMA IRQ c0=2
DMA IRQ c1=0
DMA IRQ c2=0
DMA IRQ c3=0
SELECT busy=1683
SELECT w0=1667
SELECT w1=1067
SELECT w2=1036
BUSY TASK ewma=997
DMA IRQ c0=2
DMA IRQ c1=0
DMA IRQ c2=0
DMA IRQ c3=0
SELECT busy=1718
SELECT w0=1704
SELECT w1=1090
SELECT w2=1062
BUSY TASK ewma=997
DMA IRQ c0=2
DMA IRQ c1=0
DMA IRQ c2=0
DMA IRQ c3=0
SELECT busy=1757
SELECT w0=1740
SELECT w1=1108
SELECT w2=1081
BUSY TASK ewma=997
DMA IRQ c0=2
DMA IRQ c1=0
DMA IRQ c2=0
DMA IRQ c3=0
SELECT busy=1801
SELECT w0=1785
SELECT w1=1129
SELECT w2=1108
BUSY TASK ewma=997
DMA IRQ c0=2
DMA IRQ c1=0
DMA IRQ c2=0
DMA IRQ c3=0
SELECT busy=1848
SELECT w0=1831
SELECT w1=1148
SELECT w2=1132
BUSY TASK ewma=997
DMA IRQ c0=2
DMA IRQ c1=0
DMA IRQ c2=0
DMA IRQ c3=0
SELECT busy=1873
SELECT w0=1856
SELECT w1=1162
SELECT w2=1150
BUSY TASK ewma=997
DMA IRQ c0=2
DMA IRQ c1=0
DMA IRQ c2=0
DMA IRQ c3=0
SELECT busy=1892
SELECT w0=1875
SELECT w1=1170
SELECT w2=1158
BUSY TASK ewma=997
DMA IRQ c0=2
DMA IRQ c1=0
DMA IRQ c2=0
DMA IRQ c3=0
SELECT busy=1917
SELECT w0=1901
SELECT w1=1187
SELECT w2=1175
BUSY TASK ewma=997
DMA IRQ c0=2
DMA IRQ c1=0
DMA IRQ c2=0
DMA IRQ c3=0
SELECT busy=1933
SELECT w0=1916
SELECT w1=1195
SELECT w2=1182
BUSY TASK ewma=997
DMA IRQ c0=2
DMA IRQ c1=0
DMA IRQ c2=0
DMA IRQ c3=0
SELECT busy=1950
SELECT w0=1935
SELECT w1=1210
SELECT w2=1196
BUSY TASK ewma=997
DMA IRQ c0=2
DMA IRQ c1=0
DMA IRQ c2=0
DMA IRQ c3=0
SELECT busy=1970
SELECT w0=1953
SELECT w1=1221
SELECT w2=1206
BUSY TASK ewma=997
DMA IRQ c0=2
DMA IRQ c1=0
DMA IRQ c2=0
DMA IRQ c3=0
SELECT busy=1987
SELECT w0=1970
SELECT w1=1230
SELECT w2=1216
BUSY TASK ewma=997
DMA IRQ c0=2
DMA IRQ c1=0
DMA IRQ c2=0
DMA IRQ c3=0
SELECT busy=2004
SELECT w0=1987
SELECT w1=1237
SELECT w2=1227
BUSY TASK ewma=997
DMA IRQ c0=2
DMA IRQ c1=0
DMA IRQ c2=0
DMA IRQ c3=0
SELECT busy=2025
SELECT w0=2009
SELECT w1=1246
SELECT w2=1234
BUSY TASK ewma=997
DMA IRQ c0=2
DMA IRQ c1=0
DMA IRQ c2=0
DMA IRQ c3=0
SELECT busy=2040
SELECT w0=2023
SELECT w1=1256
SELECT w2=1242
BUSY TASK ewma=997
DMA IRQ c0=2
DMA IRQ c1=0
DMA IRQ c2=0
DMA IRQ c3=0
SELECT busy=2062
SELECT w0=2045
SELECT w1=1267
SELECT w2=1252
BUSY TASK ewma=997
DMA IRQ c0=2
DMA IRQ c1=0
DMA IRQ c2=0
DMA IRQ c3=0
SELECT busy=2085
SELECT w0=2068
SELECT w1=1274
SELECT w2=1261
BUSY TASK ewma=997
DMA IRQ c0=2
DMA IRQ c1=0
DMA IRQ c2=0
DMA IRQ c3=0
SELECT busy=2106
SELECT w0=2091
SELECT w1=1289
SELECT w2=1277
BUSY TASK ewma=997
DMA IRQ c0=2
DMA IRQ c1=0
DMA IRQ c2=0
DMA IRQ c3=0
SELECT busy=2132
SELECT w0=2116
SELECT w1=1306
SELECT w2=1292
BUSY TASK ewma=997
DMA IRQ c0=2
DMA IRQ c1=0
DMA IRQ c2=0
DMA IRQ c3=0
SELECT busy=2149
SELECT w0=2133
SELECT w1=1320
SELECT w2=1303
BUSY TASK ewma=997
DMA IRQ c0=2
DMA IRQ c1=0
DMA IRQ c2=0
DMA IRQ c3=0
SELECT busy=2174
SELECT w0=2158
SELECT w1=1345
SELECT w2=1321
BUSY TASK ewma=997
DMA IRQ c0=2
DMA IRQ c1=0
DMA IRQ c2=0
DMA IRQ c3=0
SELECT busy=2198
SELECT w0=2182
SELECT w1=1360
SELECT w2=1333
BUSY TASK ewma=997
DMA IRQ c0=2
DMA IRQ c1=0
DMA IRQ c2=0
DMA IRQ c3=0
SELECT busy=2219
SELECT w0=2203
SELECT w1=1372
SELECT w2=1345
BUSY TASK ewma=997
DMA IRQ c0=2
DMA IRQ c1=0
DMA IRQ c2=0
DMA IRQ c3=0
SELECT busy=2235
SELECT w0=2219
SELECT w1=1382
SELECT w2=1355
BUSY TASK ewma=997
DMA IRQ c0=2
DMA IRQ c1=0
DMA IRQ c2=0
DMA IRQ c3=0
SELECT busy=2252
SELECT w0=2236
SELECT w1=1394
SELECT w2=1364
BUSY TASK ewma=997
DMA IRQ c0=2
DMA IRQ c1=0
DMA IRQ c2=0
DMA IRQ c3=0
SELECT busy=2276
SELECT w0=2261
SELECT w1=1410
SELECT w2=1378
BUSY TASK ewma=997
DMA IRQ c0=2
DMA IRQ c1=0
DMA IRQ c2=0
DMA IRQ c3=0
SELECT busy=2300
SELECT w0=2284
SELECT w1=1424
SELECT w2=1392
BUSY TASK ewma=997
DMA IRQ c0=2
DMA IRQ c1=0
DMA IRQ c2=0
DMA IRQ c3=0
SELECT busy=2314
SELECT w0=2298
SELECT w1=1433
SELECT w2=1400
BUSY TASK ewma=997
DMA IRQ c0=2
DMA IRQ c1=0
DMA IRQ c2=0
DMA IRQ c3=0
SELECT busy=2333
SELECT w0=2317
SELECT w1=1447
SELECT w2=1412
BUSY TASK ewma=997
DMA IRQ c0=2
DMA IRQ c1=0
DMA IRQ c2=0
DMA IRQ c3=0
SELECT busy=2355
SELECT w0=2339
SELECT w1=1460
SELECT w2=1424
BUSY TASK ewma=997
DMA IRQ c0=2
DMA IRQ c1=0
DMA IRQ c2=0
DMA IRQ c3=0
SELECT busy=2382
SELECT w0=2366
SELECT w1=1472
SELECT w2=1438
BUSY TASK ewma=997
DMA IRQ c0=2
DMA IRQ c1=0
DMA IRQ c2=0
DMA IRQ c3=0
SELECT busy=2402
SELECT w0=2386
SELECT w1=1486
SELECT w2=1451
BUSY TASK ewma=997
DMA IRQ c0=2
DMA IRQ c1=0
DMA IRQ c2=0
DMA IRQ c3=0
SELECT busy=2425
SELECT w0=2408
SELECT w1=1501
SELECT w2=1462
BUSY TASK ewma=997
DMA IRQ c0=2
DMA IRQ c1=0
DMA IRQ c2=0
DMA IRQ c3=0
SELECT busy=2447
SELECT w0=2431
SELECT w1=1510
SELECT w2=1472
BUSY TASK ewma=997
DMA IRQ c0=2
DMA IRQ c1=0
DMA IRQ c2=0
DMA IRQ c3=0
SELECT busy=2473
SELECT w0=2457
SELECT w1=1524
SELECT w2=1484
BUSY TASK ewma=997
DMA IRQ c0=2
DMA IRQ c1=0
DMA IRQ c2=0
DMA IRQ c3=0
SELECT busy=2494
SELECT w0=2478
SELECT w1=1538
SELECT w2=1496
BUSY TASK ewma=997
DMA IRQ c0=2
DMA IRQ c1=0
DMA IRQ c2=0
DMA IRQ c3=0
SELECT busy=2512
SELECT w0=2495
SELECT w1=1548
SELECT w2=1507
BUSY TASK ewma=997
DMA IRQ c0=2
DMA IRQ c1=0
DMA IRQ c2=0
DMA IRQ c3=0
SELECT busy=2537
SELECT w0=2521
SELECT w1=1563
SELECT w2=1521
BUSY TASK ewma=997
DMA IRQ c0=2
DMA IRQ c1=0
DMA IRQ c2=0
DMA IRQ c3=0
SELECT busy=2571
SELECT w0=2555
SELECT w1=1583
SELECT w2=1538
BUSY TASK ewma=997
DMA IRQ c0=2
DMA IRQ c1=0
DMA IRQ c2=0
DMA IRQ c3=0
SELECT busy=2604
SELECT w0=2587
SELECT w1=1597
SELECT w2=1554
BUSY TASK ewma=997
DMA IRQ c0=2
DMA IRQ c1=0
DMA IRQ c2=0
DMA IRQ c3=0
SELECT busy=2635
SELECT w0=2618
SELECT w1=1612
SELECT w2=1569
BUSY TASK ewma=997
DMA IRQ c0=2
DMA IRQ c1=0
DMA IRQ c2=0
DMA IRQ c3=0
SELECT busy=2662
SELECT w0=2646
SELECT w1=1623
SELECT w2=1582
BUSY TASK ewma=997
DMA IRQ c0=2
DMA IRQ c1=0
DMA IRQ c2=0
DMA IRQ c3=0
SELECT busy=2698
SELECT w0=2682
SELECT w1=1650
SELECT w2=1604
BUSY TASK ewma=997
DMA IRQ c0=2
DMA IRQ c1=0
DMA IRQ c2=0
DMA IRQ c3=0
SELECT busy=2740
SELECT w0=2724
SELECT w1=1673
SELECT w2=1627
BUSY TASK ewma=997
DMA IRQ c0=2
DMA IRQ c1=0
DMA IRQ c2=0
DMA IRQ c3=0
SELECT busy=2774
SELECT w0=2758
SELECT w1=1689
SELECT w2=1645
BUSY TASK ewma=997
DMA IRQ c0=2
DMA IRQ c1=0
DMA IRQ c2=0
DMA IRQ c3=0
SELECT busy=2810
SELECT w0=2793
SELECT w1=1706
SELECT w2=1664
BUSY TASK ewma=997
DMA IRQ c0=2
DMA IRQ c1=0
DMA IRQ c2=0
DMA IRQ c3=0
SELECT busy=2845
SELECT w0=2829
SELECT w1=1725
SELECT w2=1683
BUSY TASK ewma=997
DMA IRQ c0=2
DMA IRQ c1=0
DMA IRQ c2=0
DMA IRQ c3=0
SELECT busy=2874
SELECT w0=2857
SELECT w1=1738
SELECT w2=1692
BUSY TASK ewma=997
DMA IRQ c0=2
DMA IRQ c1=0
DMA IRQ c2=0
DMA IRQ c3=0
SELECT busy=2905
SELECT w0=2888
SELECT w1=1754
SELECT w2=1711
BUSY TASK ewma=997
DMA IRQ c0=2
DMA IRQ c1=0
DMA IRQ c2=0
DMA IRQ c3=0
SELECT busy=2947
SELECT w0=2930
SELECT w1=1774
SELECT w2=1729
BUSY TASK ewma=997
DMA IRQ c0=2
DMA IRQ c1=0
DMA IRQ c2=0
DMA IRQ c3=0
SELECT busy=2979
SELECT w0=2962
SELECT w1=1789
SELECT w2=1746
BUSY TASK ewma=997
DMA IRQ c0=2
DMA IRQ c1=0
DMA IRQ c2=0
DMA IRQ c3=0
SELECT busy=3017
SELECT w0=3001
SELECT w1=1810
SELECT w2=1765
BUSY TASK ewma=997
DMA IRQ c0=2
DMA IRQ c1=0
DMA IRQ c2=0
DMA IRQ c3=0
SELECT busy=3045
SELECT w0=3029
SELECT w1=1823
SELECT w2=1780
BUSY TASK ewma=997
DMA IRQ c0=2
DMA IRQ c1=0
DMA IRQ c2=0
DMA IRQ c3=0
SELECT busy=3077
SELECT w0=3060
SELECT w1=1839
SELECT w2=1795
BUSY TASK ewma=997
DMA IRQ c0=2
DMA IRQ c1=0
DMA IRQ c2=0
DMA IRQ c3=0
SELECT busy=3098
SELECT w0=3083
SELECT w1=1853
SELECT w2=1814
BUSY TASK ewma=997
DMA IRQ c0=2
DMA IRQ c1=0
DMA IRQ c2=0
DMA IRQ c3=0
SELECT busy=3119
SELECT w0=3103
SELECT w1=1868
SELECT w2=1830
BUSY TASK ewma=997
DMA IRQ c0=2
DMA IRQ c1=0
DMA IRQ c2=0
DMA IRQ c3=0
SELECT busy=3139
SELECT w0=3123
SELECT w1=1884
SELECT w2=1843
BUSY TASK ewma=997
DMA IRQ c0=2
DMA IRQ c1=0
DMA IRQ c2=0
DMA IRQ c3=0
SELECT busy=3160
SELECT w0=3144
SELECT w1=1900
SELECT w2=1856
BUSY TASK ewma=997
DMA IRQ c0=2
DMA IRQ c1=0
DMA IRQ c2=0
DMA IRQ c3=0
SELECT busy=3180
SELECT w0=3164
SELECT w1=1913
SELECT w2=1869
BUSY TASK ewma=997
DMA IRQ c0=2
DMA IRQ c1=0
DMA IRQ c2=0
DMA IRQ c3=0
SELECT busy=3197
SELECT w0=3181
SELECT w1=1922
SELECT w2=1880
BUSY TASK ewma=997
IRQ counts: cpu0=6406 cpu1=7533 cpu2=7422 cpu3=7440
SCHED secondaries: calls=22410 unexpected=0
SECTEST switches=22395 cpu1=75185868,74170922 cpu2=54315442,56055194 cpu3=90128741,85709414
PINGPONG rounds=1475 pongs=1476
DMA IRQ c0=2
DMA IRQ c1=0
DMA IRQ c2=0
DMA IRQ c3=0
SELECT busy=3226
SELECT w0=3209
SELECT w1=1939
SELECT w2=1894
BUSY TASK ewma=997
DMA IRQ c0=2
DMA IRQ c1=0
DMA IRQ c2=0
DMA IRQ c3=0
SELECT busy=3250
SELECT w0=3233
SELECT w1=1954
SELECT w2=1912
BUSY TASK ewma=997
DMA IRQ c0=2
DMA IRQ c1=0
DMA IRQ c2=0
DMA IRQ c3=0
SELECT busy=3269
SELECT w0=3252
SELECT w1=1963
SELECT w2=1925
BUSY TASK ewma=997
DMA IRQ c0=2
DMA IRQ c1=0
DMA IRQ c2=0
DMA IRQ c3=0
SELECT busy=3302
SELECT w0=3286
SELECT w1=1983
SELECT w2=1945
BUSY TASK ewma=997
DMA IRQ c0=2
DMA IRQ c1=0
DMA IRQ c2=0
DMA IRQ c3=0
SELECT busy=3339
SELECT w0=3322
SELECT w1=2001
SELECT w2=1964
BUSY TASK ewma=997
DMA IRQ c0=2
DMA IRQ c1=0
DMA IRQ c2=0
DMA IRQ c3=0
SELECT busy=3384
SELECT w0=3368
SELECT w1=2021
SELECT w2=1984
BUSY TASK ewma=997
DMA IRQ c0=2
DMA IRQ c1=0
DMA IRQ c2=0
DMA IRQ c3=0
SELECT busy=3418
SELECT w0=3401
SELECT w1=2038
SELECT w2=1999
BUSY TASK ewma=997
DMA IRQ c0=2
DMA IRQ c1=0
DMA IRQ c2=0
DMA IRQ c3=0
SELECT busy=3460
SELECT w0=3444
SELECT w1=2061
SELECT w2=2018
BUSY TASK ewma=997
DMA IRQ c0=2
DMA IRQ c1=0
DMA IRQ c2=0
DMA IRQ c3=0
SELECT busy=3499
SELECT w0=3483
SELECT w1=2078
SELECT w2=2034
BUSY TASK ewma=997
DMA IRQ c0=2
DMA IRQ c1=0
DMA IRQ c2=0
DMA IRQ c3=0
SELECT busy=3538
SELECT w0=3522
SELECT w1=2103
SELECT w2=2064
BUSY TASK ewma=997
DMA IRQ c0=2
DMA IRQ c1=0
DMA IRQ c2=0
DMA IRQ c3=0
SELECT busy=3575
SELECT w0=3558
SELECT w1=2120
SELECT w2=2083
BUSY TASK ewma=997
DMA IRQ c0=2
DMA IRQ c1=0
DMA IRQ c2=0
DMA IRQ c3=0
SELECT busy=3610
SELECT w0=3593
SELECT w1=2136
SELECT w2=2102
BUSY TASK ewma=997
DMA IRQ c0=2
DMA IRQ c1=0
DMA IRQ c2=0
DMA IRQ c3=0
SELECT busy=3645
SELECT w0=3629
SELECT w1=2155
SELECT w2=2126
BUSY TASK ewma=997
DMA IRQ c0=2
DMA IRQ c1=0
DMA IRQ c2=0
DMA IRQ c3=0
SELECT busy=3682
SELECT w0=3666
SELECT w1=2176
SELECT w2=2143
BUSY TASK ewma=997
DMA IRQ c0=2
DMA IRQ c1=0
DMA IRQ c2=0
DMA IRQ c3=0
SELECT busy=3719
SELECT w0=3703
SELECT w1=2196
SELECT w2=2165
BUSY TASK ewma=997
DMA IRQ c0=2
DMA IRQ c1=0
DMA IRQ c2=0
DMA IRQ c3=0
SELECT busy=3754
SELECT w0=3737
SELECT w1=2213
SELECT w2=2184
BUSY TASK ewma=997
DMA IRQ c0=2
DMA IRQ c1=0
DMA IRQ c2=0
DMA IRQ c3=0
SELECT busy=3785
SELECT w0=3769
SELECT w1=2232
SELECT w2=2203
BUSY TASK ewma=997
DMA IRQ c0=2
DMA IRQ c1=0
DMA IRQ c2=0
DMA IRQ c3=0
SELECT busy=3809
SELECT w0=3793
SELECT w1=2246
SELECT w2=2217
BUSY TASK ewma=997
DMA IRQ c0=2
DMA IRQ c1=0
DMA IRQ c2=0
DMA IRQ c3=0
SELECT busy=3826
SELECT w0=3810
SELECT w1=2254
SELECT w2=2225
BUSY TASK ewma=997
DMA IRQ c0=2
DMA IRQ c1=0
DMA IRQ c2=0
DMA IRQ c3=0
SELECT busy=3849
SELECT w0=3833
SELECT w1=2267
SELECT w2=2240
BUSY TASK ewma=997
DMA IRQ c0=2
DMA IRQ c1=0
DMA IRQ c2=0
DMA IRQ c3=0
SELECT busy=3873
SELECT w0=3856
SELECT w1=2277
SELECT w2=2251
BUSY TASK ewma=997
DMA IRQ c0=2
DMA IRQ c1=0
DMA IRQ c2=0
DMA IRQ c3=0
SELECT busy=3896
SELECT w0=3879
SELECT w1=2289
SELECT w2=2263
BUSY TASK ewma=997
DMA IRQ c0=2
DMA IRQ c1=0
DMA IRQ c2=0
DMA IRQ c3=0
SELECT busy=3938
SELECT w0=3923
SELECT w1=2309
SELECT w2=2287
BUSY TASK ewma=997
DMA IRQ c0=2
DMA IRQ c1=0
DMA IRQ c2=0
DMA IRQ c3=0
SELECT busy=3985
SELECT w0=3968
SELECT w1=2330
SELECT w2=2307
BUSY TASK ewma=997
DMA IRQ c0=2
DMA IRQ c1=0
DMA IRQ c2=0
DMA IRQ c3=0
SELECT busy=4017
SELECT w0=4001
SELECT w1=2348
SELECT w2=2325
BUSY TASK ewma=997
DMA IRQ c0=2
DMA IRQ c1=0
DMA IRQ c2=0
DMA IRQ c3=0
SELECT busy=4061
SELECT w0=4044
SELECT w1=2372
SELECT w2=2349
BUSY TASK ewma=997
DMA IRQ c0=2
DMA IRQ c1=0
DMA IRQ c2=0
DMA IRQ c3=0
SELECT busy=4104
SELECT w0=4087
SELECT w1=2391
SELECT w2=2367
BUSY TASK ewma=997
DMA IRQ c0=2
DMA IRQ c1=0
DMA IRQ c2=0
DMA IRQ c3=0
SELECT busy=4139
SELECT w0=4122
SELECT w1=2408
SELECT w2=2386
BUSY TASK ewma=997
DMA IRQ c0=2
DMA IRQ c1=0
DMA IRQ c2=0
DMA IRQ c3=0
SELECT busy=4183
SELECT w0=4168
SELECT w1=2431
SELECT w2=2407
BUSY TASK ewma=997
DMA IRQ c0=2
DMA IRQ c1=0
DMA IRQ c2=0
DMA IRQ c3=0
SELECT busy=4228
SELECT w0=4212
SELECT w1=2452
SELECT w2=2428
BUSY TASK ewma=997
DMA IRQ c0=2
DMA IRQ c1=0
DMA IRQ c2=0
DMA IRQ c3=0
SELECT busy=4268
SELECT w0=4252
SELECT w1=2475
SELECT w2=2451
BUSY TASK ewma=997
DMA IRQ c0=2
DMA IRQ c1=0
DMA IRQ c2=0
DMA IRQ c3=0
SELECT busy=4317
SELECT w0=4302
SELECT w1=2503
SELECT w2=2478
BUSY TASK ewma=997
DMA IRQ c0=2
DMA IRQ c1=0
DMA IRQ c2=0
DMA IRQ c3=0
SELECT busy=4365
SELECT w0=4349
SELECT w1=2526
SELECT w2=2503
BUSY TASK ewma=997
DMA IRQ c0=2
DMA IRQ c1=0
DMA IRQ c2=0
DMA IRQ c3=0
SELECT busy=4391
SELECT w0=4375
SELECT w1=2541
SELECT w2=2517
BUSY TASK ewma=997
DMA IRQ c0=2
DMA IRQ c1=0
DMA IRQ c2=0
DMA IRQ c3=0
SELECT busy=4416
SELECT w0=4400
SELECT w1=2559
SELECT w2=2538
BUSY TASK ewma=997
DMA IRQ c0=2
DMA IRQ c1=0
DMA IRQ c2=0
DMA IRQ c3=0
SELECT busy=4436
SELECT w0=4420
SELECT w1=2572
SELECT w2=2553
BUSY TASK ewma=997
DMA IRQ c0=2
DMA IRQ c1=0
DMA IRQ c2=0
DMA IRQ c3=0
SELECT busy=4456
SELECT w0=4439
SELECT w1=2584
SELECT w2=2565
BUSY TASK ewma=997
DMA IRQ c0=2
DMA IRQ c1=0
DMA IRQ c2=0
DMA IRQ c3=0
SELECT busy=4475
SELECT w0=4459
SELECT w1=2598
SELECT w2=2583
BUSY TASK ewma=997
DMA IRQ c0=2
DMA IRQ c1=0
DMA IRQ c2=0
DMA IRQ c3=0
SELECT busy=4492
SELECT w0=4477
SELECT w1=2609
SELECT w2=2594
BUSY TASK ewma=997
DMA IRQ c0=2
DMA IRQ c1=0
DMA IRQ c2=0
DMA IRQ c3=0
SELECT busy=4517
SELECT w0=4500
SELECT w1=2624
SELECT w2=2611
BUSY TASK ewma=997
DMA IRQ c0=2
DMA IRQ c1=0
DMA IRQ c2=0
DMA IRQ c3=0
SELECT busy=4535
SELECT w0=4518
SELECT w1=2634
SELECT w2=2621
BUSY TASK ewma=997
DMA IRQ c0=2
DMA IRQ c1=0
DMA IRQ c2=0
DMA IRQ c3=0
SELECT busy=4554
SELECT w0=4537
SELECT w1=2645
SELECT w2=2632
BUSY TASK ewma=997
DMA IRQ c0=2
DMA IRQ c1=0
DMA IRQ c2=0
DMA IRQ c3=0
SELECT busy=4572
SELECT w0=4556
SELECT w1=2657
SELECT w2=2643
BUSY TASK ewma=997
DMA IRQ c0=2
DMA IRQ c1=0
DMA IRQ c2=0
DMA IRQ c3=0
SELECT busy=4594
SELECT w0=4578
SELECT w1=2668
SELECT w2=2652
BUSY TASK ewma=997
DMA IRQ c0=2
DMA IRQ c1=0
DMA IRQ c2=0
DMA IRQ c3=0
SELECT busy=4613
SELECT w0=4596
SELECT w1=2677
SELECT w2=2663
BUSY TASK ewma=997
DMA IRQ c0=2
DMA IRQ c1=0
DMA IRQ c2=0
DMA IRQ c3=0
SELECT busy=4632
SELECT w0=4616
SELECT w1=2689
SELECT w2=2674
BUSY TASK ewma=997
DMA IRQ c0=2
DMA IRQ c1=0
DMA IRQ c2=0
DMA IRQ c3=0
SELECT busy=4665
SELECT w0=4648
SELECT w1=2705
SELECT w2=2692
BUSY TASK ewma=997
DMA IRQ c0=2
DMA IRQ c1=0
DMA IRQ c2=0
DMA IRQ c3=0
SELECT busy=4685
SELECT w0=4669
SELECT w1=2715
SELECT w2=2702
BUSY TASK ewma=997
DMA IRQ c0=2
DMA IRQ c1=0
DMA IRQ c2=0
DMA IRQ c3=0
SELECT busy=4705
SELECT w0=4688
SELECT w1=2726
SELECT w2=2715
BUSY TASK ewma=997
DMA IRQ c0=2
DMA IRQ c1=0
DMA IRQ c2=0
DMA IRQ c3=0
SELECT busy=4720
SELECT w0=4703
SELECT w1=2733
SELECT w2=2724
BUSY TASK ewma=997
DMA IRQ c0=2
DMA IRQ c1=0
DMA IRQ c2=0
DMA IRQ c3=0
SELECT busy=4737
SELECT w0=4721
SELECT w1=2743
SELECT w2=2736
BUSY TASK ewma=997
DMA IRQ c0=2
DMA IRQ c1=0
DMA IRQ c2=0
DMA IRQ c3=0
SELECT busy=4758
SELECT w0=4741
SELECT w1=2752
SELECT w2=2748
BUSY TASK ewma=997
DMA IRQ c0=2
DMA IRQ c1=0
DMA IRQ c2=0
DMA IRQ c3=0
SELECT busy=4775
SELECT w0=4758
SELECT w1=2759
SELECT w2=2756
BUSY TASK ewma=997
DMA IRQ c0=2
DMA IRQ c1=0
DMA IRQ c2=0
DMA IRQ c3=0
SELECT busy=4796
SELECT w0=4779
SELECT w1=2768
SELECT w2=2766
BUSY TASK ewma=997
DMA IRQ c0=2
DMA IRQ c1=0
DMA IRQ c2=0
DMA IRQ c3=0
SELECT busy=4819
SELECT w0=4802
SELECT w1=2777
SELECT w2=2776
BUSY TASK ewma=997
DMA IRQ c0=2
DMA IRQ c1=0
DMA IRQ c2=0
DMA IRQ c3=0
SELECT busy=4842
SELECT w0=4826
SELECT w1=2791
SELECT w2=2795
BUSY TASK ewma=997
DMA IRQ c0=2
DMA IRQ c1=0
DMA IRQ c2=0
DMA IRQ c3=0
SELECT busy=4863
SELECT w0=4846
SELECT w1=2800
SELECT w2=2806
BUSY TASK ewma=997
DMA IRQ c0=2
DMA IRQ c1=0
DMA IRQ c2=0
DMA IRQ c3=0
SELECT busy=4877
SELECT w0=4860
SELECT w1=2805
SELECT w2=2813
BUSY TASK ewma=997
DMA IRQ c0=2
DMA IRQ c1=0
DMA IRQ c2=0
DMA IRQ c3=0
SELECT busy=4897
SELECT w0=4881
SELECT w1=2816
SELECT w2=2828
BUSY TASK ewma=997
DMA IRQ c0=2
DMA IRQ c1=0
DMA IRQ c2=0
DMA IRQ c3=0
SELECT busy=4929
SELECT w0=4915
SELECT w1=2832
SELECT w2=2848
BUSY TASK ewma=997
DMA IRQ c0=2
DMA IRQ c1=0
DMA IRQ c2=0
DMA IRQ c3=0
SELECT busy=4963
SELECT w0=4947
SELECT w1=2845
SELECT w2=2865
BUSY TASK ewma=997
DMA IRQ c0=2
DMA IRQ c1=0
DMA IRQ c2=0
DMA IRQ c3=0
SELECT busy=5007
SELECT w0=4991
SELECT w1=2866
SELECT w2=2890
BUSY TASK ewma=997
DMA IRQ c0=2
DMA IRQ c1=0
DMA IRQ c2=0
DMA IRQ c3=0
SELECT busy=5042
SELECT w0=5025
SELECT w1=2883
SELECT w2=2907
BUSY TASK ewma=997
DMA IRQ c0=2
DMA IRQ c1=0
DMA IRQ c2=0
DMA IRQ c3=0
SELECT busy=5073
SELECT w0=5057
SELECT w1=2895
SELECT w2=2920
BUSY TASK ewma=997
IRQ counts: cpu0=10208 cpu1=11750 cpu2=11717 cpu3=11623
SCHED secondaries: calls=35102 unexpected=0
SECTEST switches=35077 cpu1=114342896,109391627 cpu2=83928774,84058384 cpu3=135851785,125196092
PINGPONG rounds=2000 pongs=2000
DMA IRQ c0=2
DMA IRQ c1=0
DMA IRQ c2=0
DMA IRQ c3=0
SELECT busy=5121
SELECT w0=5105
SELECT w1=2918
SELECT w2=2948
BUSY TASK ewma=997
DMA IRQ c0=2
DMA IRQ c1=0
DMA IRQ c2=0
DMA IRQ c3=0
SELECT busy=5157
SELECT w0=5141
SELECT w1=2935
SELECT w2=2969
BUSY TASK ewma=997
DMA IRQ c0=2
DMA IRQ c1=0
DMA IRQ c2=0
DMA IRQ c3=0
SELECT busy=5189
SELECT w0=5172
SELECT w1=2949
SELECT w2=2985
BUSY TASK ewma=997
DMA IRQ c0=2
DMA IRQ c1=0
DMA IRQ c2=0
DMA IRQ c3=0
SELECT busy=5238
SELECT w0=5221
SELECT w1=2967
SELECT w2=3006
BUSY TASK ewma=997
DMA IRQ c0=2
DMA IRQ c1=0
DMA IRQ c2=0
DMA IRQ c3=0
SELECT busy=5269
SELECT w0=5252
SELECT w1=2981
SELECT w2=3025
BUSY TASK ewma=997
DMA IRQ c0=2
DMA IRQ c1=0
DMA IRQ c2=0
DMA IRQ c3=0
SELECT busy=5297
SELECT w0=5282
SELECT w1=2998
SELECT w2=3047
BUSY TASK ewma=997
DMA IRQ c0=2
DMA IRQ c1=0
DMA IRQ c2=0
DMA IRQ c3=0
SELECT busy=5336
SELECT w0=5319
SELECT w1=3014
SELECT w2=3069
BUSY TASK ewma=997
DMA IRQ c0=2
DMA IRQ c1=0
DMA IRQ c2=0
DMA IRQ c3=0
SELECT busy=5362
SELECT w0=5346
SELECT w1=3026
SELECT w2=3081
BUSY TASK ewma=997
DMA IRQ c0=2
DMA IRQ c1=0
DMA IRQ c2=0
DMA IRQ c3=0
SELECT busy=5393
SELECT w0=5376
SELECT w1=3042
SELECT w2=3098
BUSY TASK ewma=997
DMA IRQ c0=2
DMA IRQ c1=0
DMA IRQ c2=0
DMA IRQ c3=0
SELECT busy=5423
SELECT w0=5407
SELECT w1=3055
SELECT w2=3112
BUSY TASK ewma=997
DMA IRQ c0=2
DMA IRQ c1=0
DMA IRQ c2=0
DMA IRQ c3=0
SELECT busy=5462
SELECT w0=5446
SELECT w1=3070
SELECT w2=3136
BUSY TASK ewma=997
DMA IRQ c0=2
DMA IRQ c1=0
DMA IRQ c2=0
DMA IRQ c3=0
SELECT busy=5499
SELECT w0=5482
SELECT w1=3086
SELECT w2=3158
BUSY TASK ewma=997
DMA IRQ c0=2
DMA IRQ c1=0
DMA IRQ c2=0
DMA IRQ c3=0
SELECT busy=5529
SELECT w0=5515
SELECT w1=3102
SELECT w2=3179
BUSY TASK ewma=997
DMA IRQ c0=2
DMA IRQ c1=0
DMA IRQ c2=0
DMA IRQ c3=0
SELECT busy=5561
SELECT w0=5545
SELECT w1=3117
SELECT w2=3200
BUSY TASK ewma=997
DMA IRQ c0=2
DMA IRQ c1=0
DMA IRQ c2=0
DMA IRQ c3=0
SELECT busy=5592
SELECT w0=5575
SELECT w1=3129
SELECT w2=3213
BUSY TASK ewma=997
DMA IRQ c0=2
DMA IRQ c1=0
DMA IRQ c2=0
DMA IRQ c3=0
SELECT busy=5609
SELECT w0=5593
SELECT w1=3142
SELECT w2=3225
BUSY TASK ewma=997
DMA IRQ c0=2
DMA IRQ c1=0
DMA IRQ c2=0
DMA IRQ c3=0
SELECT busy=5629
SELECT w0=5613
SELECT w1=3155
SELECT w2=3238
BUSY TASK ewma=997
DMA IRQ c0=2
DMA IRQ c1=0
DMA IRQ c2=0
DMA IRQ c3=0
SELECT busy=5649
SELECT w0=5633
SELECT w1=3167
SELECT w2=3249
BUSY TASK ewma=997
DMA IRQ c0=2
DMA IRQ c1=0
DMA IRQ c2=0
DMA IRQ c3=0
SELECT busy=5677
SELECT w0=5660
SELECT w1=3178
SELECT w2=3265
BUSY TASK ewma=997
DMA IRQ c0=2
DMA IRQ c1=0
DMA IRQ c2=0
DMA IRQ c3=0
SELECT busy=5713
SELECT w0=5697
SELECT w1=3192
SELECT w2=3283
BUSY TASK ewma=997
DMA IRQ c0=2
DMA IRQ c1=0
DMA IRQ c2=0
DMA IRQ c3=0
SELECT busy=5749
SELECT w0=5733
SELECT w1=3208
SELECT w2=3304
BUSY TASK ewma=997
DMA IRQ c0=2
DMA IRQ c1=0
DMA IRQ c2=0
DMA IRQ c3=0
SELECT busy=5782
SELECT w0=5766
SELECT w1=3224
SELECT w2=3325
BUSY TASK ewma=997
DMA IRQ c0=2
DMA IRQ c1=0
DMA IRQ c2=0
DMA IRQ c3=0
SELECT busy=5801
SELECT w0=5785
SELECT w1=3235
SELECT w2=3339
BUSY TASK ewma=997
DMA IRQ c0=2
DMA IRQ c1=0
DMA IRQ c2=0
DMA IRQ c3=0
SELECT busy=5817
SELECT w0=5801
SELECT w1=3245
SELECT w2=3349
BUSY TASK ewma=997
DMA IRQ c0=2
DMA IRQ c1=0
DMA IRQ c2=0
DMA IRQ c3=0
SELECT busy=5837
SELECT w0=5820
SELECT w1=3251
SELECT w2=3355
BUSY TASK ewma=997
DMA IRQ c0=2
DMA IRQ c1=0
DMA IRQ c2=0
DMA IRQ c3=0
SELECT busy=5858
SELECT w0=5844
SELECT w1=3264
SELECT w2=3369
BUSY TASK ewma=997
DMA IRQ c0=2
DMA IRQ c1=0
DMA IRQ c2=0
DMA IRQ c3=0
SELECT busy=5879
SELECT w0=5862
SELECT w1=3274
SELECT w2=3381
BUSY TASK ewma=997
DMA IRQ c0=2
DMA IRQ c1=0
DMA IRQ c2=0
DMA IRQ c3=0
SELECT busy=5897
SELECT w0=5881
SELECT w1=3281
SELECT w2=3390
BUSY TASK ewma=997
DMA IRQ c0=2
DMA IRQ c1=0
DMA IRQ c2=0
DMA IRQ c3=0
SELECT busy=5915
SELECT w0=5898
SELECT w1=3287
SELECT w2=3399
BUSY TASK ewma=997
DMA IRQ c0=2
DMA IRQ c1=0
DMA IRQ c2=0
DMA IRQ c3=0
SELECT busy=5931
SELECT w0=5914
SELECT w1=3293
SELECT w2=3406
BUSY TASK ewma=997
DMA IRQ c0=2
DMA IRQ c1=0
DMA IRQ c2=0
DMA IRQ c3=0
SELECT busy=5946
SELECT w0=5930
SELECT w1=3301
SELECT w2=3418
BUSY TASK ewma=997
DMA IRQ c0=2
DMA IRQ c1=0
DMA IRQ c2=0
DMA IRQ c3=0
SELECT busy=5967
SELECT w0=5950
SELECT w1=3310
SELECT w2=3429
BUSY TASK ewma=997
DMA IRQ c0=2
DMA IRQ c1=0
DMA IRQ c2=0
DMA IRQ c3=0
SELECT busy=5985
SELECT w0=5968
SELECT w1=3316
SELECT w2=3436
BUSY TASK ewma=997
DMA IRQ c0=2
DMA IRQ c1=0
DMA IRQ c2=0
DMA IRQ c3=0
SELECT busy=6004
SELECT w0=5987
SELECT w1=3325
SELECT w2=3445
BUSY TASK ewma=997
DMA IRQ c0=2
DMA IRQ c1=0
DMA IRQ c2=0
DMA IRQ c3=0
SELECT busy=6020
SELECT w0=6004
SELECT w1=3334
SELECT w2=3455
BUSY TASK ewma=997
DMA IRQ c0=2
DMA IRQ c1=0
DMA IRQ c2=0
DMA IRQ c3=0
SELECT busy=6034
SELECT w0=6017
SELECT w1=3340
SELECT w2=3463
BUSY TASK ewma=997
DMA IRQ c0=2
DMA IRQ c1=0
DMA IRQ c2=0
DMA IRQ c3=0
SELECT busy=6055
SELECT w0=6039
SELECT w1=3350
SELECT w2=3479
BUSY TASK ewma=997
DMA IRQ c0=2
DMA IRQ c1=0
DMA IRQ c2=0
DMA IRQ c3=0
SELECT busy=6090
SELECT w0=6073
SELECT w1=3365
SELECT w2=3494
BUSY TASK ewma=997
DMA IRQ c0=2
DMA IRQ c1=0
DMA IRQ c2=0
DMA IRQ c3=0
SELECT busy=6141
SELECT w0=6124
SELECT w1=3388
SELECT w2=3519
BUSY TASK ewma=997
DMA IRQ c0=2
DMA IRQ c1=0
DMA IRQ c2=0
DMA IRQ c3=0
SELECT busy=6180
SELECT w0=6163
SELECT w1=3403
SELECT w2=3537
BUSY TASK ewma=997
DMA IRQ c0=2
DMA IRQ c1=0
DMA IRQ c2=0
DMA IRQ c3=0
SELECT busy=6214
SELECT w0=6197
SELECT w1=3416
SELECT w2=3553
BUSY TASK ewma=997
DMA IRQ c0=2
DMA IRQ c1=0
DMA IRQ c2=0
DMA IRQ c3=0
SELECT busy=6248
SELECT w0=6232
SELECT w1=3429
SELECT w2=3574
BUSY TASK ewma=997
DMA IRQ c0=2
DMA IRQ c1=0
DMA IRQ c2=0
DMA IRQ c3=0
SELECT busy=6276
SELECT w0=6259
SELECT w1=3441
SELECT w2=3586
BUSY TASK ewma=997
DMA IRQ c0=2
DMA IRQ c1=0
DMA IRQ c2=0
DMA IRQ c3=0
SELECT busy=6297
SELECT w0=6281
SELECT w1=3452
SELECT w2=3600
BUSY TASK ewma=997
DMA IRQ c0=2
DMA IRQ c1=0
DMA IRQ c2=0
DMA IRQ c3=0
SELECT busy=6318
SELECT w0=6302
SELECT w1=3463
SELECT w2=3616
BUSY TASK ewma=997
DMA IRQ c0=2
DMA IRQ c1=0
DMA IRQ c2=0
DMA IRQ c3=0
SELECT busy=6349
SELECT w0=6332
SELECT w1=3475
SELECT w2=3631
BUSY TASK ewma=997
DMA IRQ c0=2
DMA IRQ c1=0
DMA IRQ c2=0
DMA IRQ c3=0
SELECT busy=6382
SELECT w0=6366
SELECT w1=3489
SELECT w2=3647
BUSY TASK ewma=997
DMA IRQ c0=2
DMA IRQ c1=0
DMA IRQ c2=0
DMA IRQ c3=0
SELECT busy=6413
SELECT w0=6397
SELECT w1=3505
SELECT w2=3668
BUSY TASK ewma=997
DMA IRQ c0=2
DMA IRQ c1=0
DMA IRQ c2=0
DMA IRQ c3=0
SELECT busy=6451
SELECT w0=6435
SELECT w1=3521
SELECT w2=3691
BUSY TASK ewma=997
DMA IRQ c0=2
DMA IRQ c1=0
DMA IRQ c2=0
DMA IRQ c3=0
SELECT busy=6484
SELECT w0=6468
SELECT w1=3537
SELECT w2=3706
BUSY TASK ewma=997
DMA IRQ c0=2
DMA IRQ c1=0
DMA IRQ c2=0
DMA IRQ c3=0
SELECT busy=6504
SELECT w0=6488
SELECT w1=3548
SELECT w2=3719
BUSY TASK ewma=997
DMA IRQ c0=2
DMA IRQ c1=0
DMA IRQ c2=0
DMA IRQ c3=0
SELECT busy=6523
SELECT w0=6506
SELECT w1=3558
SELECT w2=3731
BUSY TASK ewma=997
DMA IRQ c0=2
DMA IRQ c1=0
DMA IRQ c2=0
DMA IRQ c3=0
SELECT busy=6538
SELECT w0=6521
SELECT w1=3564
SELECT w2=3740
BUSY TASK ewma=997
DMA IRQ c0=2
DMA IRQ c1=0
DMA IRQ c2=0
DMA IRQ c3=0
SELECT busy=6553
SELECT w0=6537
SELECT w1=3573
SELECT w2=3751
BUSY TASK ewma=997
DMA IRQ c0=2
DMA IRQ c1=0
DMA IRQ c2=0
DMA IRQ c3=0
SELECT busy=6571
SELECT w0=6555
SELECT w1=3581
SELECT w2=3762
BUSY TASK ewma=997
DMA IRQ c0=2
DMA IRQ c1=0
DMA IRQ c2=0
DMA IRQ c3=0
SELECT busy=6592
SELECT w0=6576
SELECT w1=3591
SELECT w2=3781
BUSY TASK ewma=997
DMA IRQ c0=2
DMA IRQ c1=0
DMA IRQ c2=0
DMA IRQ c3=0
SELECT busy=6611
SELECT w0=6597
SELECT w1=3604
SELECT w2=3797
BUSY TASK ewma=997
DMA IRQ c0=2
DMA IRQ c1=0
DMA IRQ c2=0
DMA IRQ c3=0
SELECT busy=6631
SELECT w0=6614
SELECT w1=3611
SELECT w2=3805
BUSY TASK ewma=997
DMA IRQ c0=2
DMA IRQ c1=0
DMA IRQ c2=0
DMA IRQ c3=0
SELECT busy=6650
SELECT w0=6633
SELECT w1=3618
SELECT w2=3813
BUSY TASK ewma=997
DMA IRQ c0=2
DMA IRQ c1=0
DMA IRQ c2=0
DMA IRQ c3=0
SELECT busy=6668
SELECT w0=6651
SELECT w1=3624
SELECT w2=3821
BUSY TASK ewma=997
DMA IRQ c0=2
DMA IRQ c1=0
DMA IRQ c2=0
DMA IRQ c3=0
SELECT busy=6685
SELECT w0=6669
SELECT w1=3633
SELECT w2=3832
BUSY TASK ewma=997
DMA IRQ c0=2
DMA IRQ c1=0
DMA IRQ c2=0
DMA IRQ c3=0
SELECT busy=6706
SELECT w0=6690
SELECT w1=3641
SELECT w2=3845
BUSY TASK ewma=997
DMA IRQ c0=2
DMA IRQ c1=0
DMA IRQ c2=0
DMA IRQ c3=0
SELECT busy=6726
SELECT w0=6710
SELECT w1=3650
SELECT w2=3858
BUSY TASK ewma=997
DMA IRQ c0=2
DMA IRQ c1=0
DMA IRQ c2=0
DMA IRQ c3=0
SELECT busy=6745
SELECT w0=6729
SELECT w1=3656
SELECT w2=3865
BUSY TASK ewma=997
IRQ counts: cpu0=13508 cpu1=15495 cpu2=15442 cpu3=15315
SCHED secondaries: calls=46256 unexpected=0
SECTEST switches=46218 cpu1=145541054,138513641 cpu2=110873778,112342865 cpu3=174015508,162921391
PINGPONG rounds=2000 pongs=2000
DMA IRQ c0=2
DMA IRQ c1=0
DMA IRQ c2=0
DMA IRQ c3=0
SELECT busy=6771
SELECT w0=6755
SELECT w1=3667
SELECT w2=3882
BUSY TASK ewma=997
DMA IRQ c0=2
DMA IRQ c1=0
DMA IRQ c2=0
DMA IRQ c3=0
SELECT busy=6791
SELECT w0=6775
SELECT w1=3677
SELECT w2=3894
BUSY TASK ewma=997
DMA IRQ c0=2
DMA IRQ c1=0
DMA IRQ c2=0
DMA IRQ c3=0
SELECT busy=6804
SELECT w0=6788
SELECT w1=3684
SELECT w2=3903
BUSY TASK ewma=997
DMA IRQ c0=2
DMA IRQ c1=0
DMA IRQ c2=0
DMA IRQ c3=0
SELECT busy=6822
SELECT w0=6806
SELECT w1=3693
SELECT w2=3914
BUSY TASK ewma=997
DMA IRQ c0=2
DMA IRQ c1=0
DMA IRQ c2=0
DMA IRQ c3=0
SELECT busy=6839
SELECT w0=6822
SELECT w1=3700
SELECT w2=3923
BUSY TASK ewma=997
DMA IRQ c0=2
DMA IRQ c1=0
DMA IRQ c2=0
DMA IRQ c3=0
SELECT busy=6861
SELECT w0=6845
SELECT w1=3711
SELECT w2=3937
BUSY TASK ewma=997
DMA IRQ c0=2
DMA IRQ c1=0
DMA IRQ c2=0
DMA IRQ c3=0
SELECT busy=6880
SELECT w0=6864
SELECT w1=3719
SELECT w2=3948
BUSY TASK ewma=997
DMA IRQ c0=2
DMA IRQ c1=0
DMA IRQ c2=0
DMA IRQ c3=0
SELECT busy=6907
SELECT w0=6892
SELECT w1=3734
SELECT w2=3962
BUSY TASK ewma=997
DMA IRQ c0=2
DMA IRQ c1=0
DMA IRQ c2=0
DMA IRQ c3=0
SELECT busy=6928
SELECT w0=6912
SELECT w1=3744
SELECT w2=3973
BUSY TASK ewma=997
DMA IRQ c0=2
DMA IRQ c1=0
DMA IRQ c2=0
DMA IRQ c3=0
SELECT busy=6944
SELECT w0=6928
SELECT w1=3752
SELECT w2=3981
BUSY TASK ewma=997
DMA IRQ c0=2
DMA IRQ c1=0
DMA IRQ c2=0
DMA IRQ c3=0
SELECT busy=6969
SELECT w0=6953
SELECT w1=3766
SELECT w2=3995
BUSY TASK ewma=997
DMA IRQ c0=2
DMA IRQ c1=0
DMA IRQ c2=0
DMA IRQ c3=0
SELECT busy=6991
SELECT w0=6975
SELECT w1=3778
SELECT w2=4010
BUSY TASK ewma=997
DMA IRQ c0=2
DMA IRQ c1=0
DMA IRQ c2=0
DMA IRQ c3=0
SELECT busy=7016
SELECT w0=6999
SELECT w1=3789
SELECT w2=4022
BUSY TASK ewma=997
DMA IRQ c0=2
DMA IRQ c1=0
DMA IRQ c2=0
DMA IRQ c3=0
SELECT busy=7036
SELECT w0=7020
SELECT w1=3801
SELECT w2=4037
BUSY TASK ewma=997
DMA IRQ c0=2
DMA IRQ c1=0
DMA IRQ c2=0
DMA IRQ c3=0
SELECT busy=7075
SELECT w0=7059
SELECT w1=3819
SELECT w2=4060
BUSY TASK ewma=997
DMA IRQ c0=2
DMA IRQ c1=0
DMA IRQ c2=0
DMA IRQ c3=0
SELECT busy=7118
SELECT w0=7102
SELECT w1=3840
SELECT w2=4088
BUSY TASK ewma=997
DMA IRQ c0=2
DMA IRQ c1=0
DMA IRQ c2=0
DMA IRQ c3=0
SELECT busy=7156
SELECT w0=7140
SELECT w1=3857
SELECT w2=4108
BUSY TASK ewma=997
DMA IRQ c0=2
DMA IRQ c1=0
DMA IRQ c2=0
DMA IRQ c3=0
SELECT busy=7191
SELECT w0=7175
SELECT w1=3871
SELECT w2=4128
BUSY TASK ewma=997
DMA IRQ c0=2
DMA IRQ c1=0
DMA IRQ c2=0
DMA IRQ c3=0
SELECT busy=7217
SELECT w0=7201
SELECT w1=3882
SELECT w2=4145
BUSY TASK ewma=997
DMA IRQ c0=2
DMA IRQ c1=0
DMA IRQ c2=0
DMA IRQ c3=0
SELECT busy=7257
SELECT w0=7240
SELECT w1=3898
SELECT w2=4164
BUSY TASK ewma=997
DMA IRQ c0=2
DMA IRQ c1=0
DMA IRQ c2=0
DMA IRQ c3=0
SELECT busy=7288
SELECT w0=7272
SELECT w1=3909
SELECT w2=4179
BUSY TASK ewma=997
DMA IRQ c0=2
DMA IRQ c1=0
DMA IRQ c2=0
DMA IRQ c3=0
SELECT busy=7311
SELECT w0=7295
SELECT w1=3922
SELECT w2=4197
BUSY TASK ewma=997
DMA IRQ c0=2
DMA IRQ c1=0
DMA IRQ c2=0
DMA IRQ c3=0
SELECT busy=7351
SELECT w0=7337
SELECT w1=3936
SELECT w2=4214
BUSY TASK ewma=997
DMA IRQ c0=2
DMA IRQ c1=0
DMA IRQ c2=0
DMA IRQ c3=0
SELECT busy=7389
SELECT w0=7373
SELECT w1=3955
SELECT w2=4233
BUSY TASK ewma=997
DMA IRQ c0=2
DMA IRQ c1=0
DMA IRQ c2=0
DMA IRQ c3=0
SELECT busy=7418
SELECT w0=7402
SELECT w1=3967
SELECT w2=4250
BUSY TASK ewma=997
DMA IRQ c0=2
DMA IRQ c1=0
DMA IRQ c2=0
DMA IRQ c3=0
SELECT busy=7452
SELECT w0=7436
SELECT w1=3982
SELECT w2=4268
BUSY TASK ewma=997
DMA IRQ c0=2
DMA IRQ c1=0
DMA IRQ c2=0
DMA IRQ c3=0
SELECT busy=7488
SELECT w0=7472
SELECT w1=4001
SELECT w2=4291
BUSY TASK ewma=997
DMA IRQ c0=2
DMA IRQ c1=0
DMA IRQ c2=0
DMA IRQ c3=0
SELECT busy=7534
SELECT w0=7520
SELECT w1=4025
SELECT w2=4319
BUSY TASK ewma=997
DMA IRQ c0=2
DMA IRQ c1=0
DMA IRQ c2=0
DMA IRQ c3=0
SELECT busy=7571
SELECT w0=7554
SELECT w1=4040
SELECT w2=4334
BUSY TASK ewma=997
DMA IRQ c0=2
DMA IRQ c1=0
DMA IRQ c2=0
DMA IRQ c3=0
SELECT busy=7606
SELECT w0=7590
SELECT w1=4058
SELECT w2=4358
BUSY TASK ewma=997
DMA IRQ c0=2
DMA IRQ c1=0
DMA IRQ c2=0
DMA IRQ c3=0
SELECT busy=7643
SELECT w0=7627
SELECT w1=4076
SELECT w2=4376
BUSY TASK ewma=997
DMA IRQ c0=2
DMA IRQ c1=0
DMA IRQ c2=0
DMA IRQ c3=0
SELECT busy=7689
SELECT w0=7678
SELECT w1=4099
SELECT w2=4401
BUSY TASK ewma=997
DMA IRQ c0=2
DMA IRQ c1=0
DMA IRQ c2=0
DMA IRQ c3=0
SELECT busy=7723
SELECT w0=7706
SELECT w1=4111
SELECT w2=4416
BUSY TASK ewma=997
DMA IRQ c0=2
DMA IRQ c1=0
DMA IRQ c2=0
DMA IRQ c3=0
SELECT busy=7746
SELECT w0=7730
SELECT w1=4125
SELECT w2=4434
BUSY TASK ewma=997
DMA IRQ c0=2
DMA IRQ c1=0
DMA IRQ c2=0
DMA IRQ c3=0
SELECT busy=7761
SELECT w0=7744
SELECT w1=4134
SELECT w2=4442
BUSY TASK ewma=997
DMA IRQ c0=2
DMA IRQ c1=0
DMA IRQ c2=0
DMA IRQ c3=0
SELECT busy=7785
SELECT w0=7769
SELECT w1=4147
SELECT w2=4457
BUSY TASK ewma=997
DMA IRQ c0=2
DMA IRQ c1=0
DMA IRQ c2=0
DMA IRQ c3=0
SELECT busy=7804
SELECT w0=7789
SELECT w1=4159
SELECT w2=4474
BUSY TASK ewma=997
DMA IRQ c0=2
DMA IRQ c1=0
DMA IRQ c2=0
DMA IRQ c3=0
SELECT busy=7829
SELECT w0=7813
SELECT w1=4169
SELECT w2=4486
BUSY TASK ewma=997
DMA IRQ c0=2
DMA IRQ c1=0
DMA IRQ c2=0
DMA IRQ c3=0
SELECT busy=7865
SELECT w0=7849
SELECT w1=4182
SELECT w2=4504
BUSY TASK ewma=997
DMA IRQ c0=2
DMA IRQ c1=0
DMA IRQ c2=0
DMA IRQ c3=0
SELECT busy=7900
SELECT w0=7883
SELECT w1=4198
SELECT w2=4522
BUSY TASK ewma=997
DMA IRQ c0=2
DMA IRQ c1=0
DMA IRQ c2=0
DMA IRQ c3=0
SELECT busy=7936
SELECT w0=7920
SELECT w1=4216
SELECT w2=4541
BUSY TASK ewma=997
DMA IRQ c0=2
DMA IRQ c1=0
DMA IRQ c2=0
DMA IRQ c3=0
SELECT busy=7955
SELECT w0=7939
SELECT w1=4227
SELECT w2=4553
BUSY TASK ewma=997
DMA IRQ c0=2
DMA IRQ c1=0
DMA IRQ c2=0
DMA IRQ c3=0
SELECT busy=7976
SELECT w0=7960
SELECT w1=4239
SELECT w2=4566
BUSY TASK ewma=997
DMA IRQ c0=2
DMA IRQ c1=0
DMA IRQ c2=0
DMA IRQ c3=0
SELECT busy=7992
SELECT w0=7976
SELECT w1=4248
SELECT w2=4578
BUSY TASK ewma=997
DMA IRQ c0=2
DMA IRQ c1=0
DMA IRQ c2=0
DMA IRQ c3=0
SELECT busy=8013
SELECT w0=7997
SELECT w1=4259
SELECT w2=4589
BUSY TASK ewma=997
DMA IRQ c0=2
DMA IRQ c1=0
DMA IRQ c2=0
DMA IRQ c3=0
SELECT busy=8028
SELECT w0=8011
SELECT w1=4264
SELECT w2=4597
BUSY TASK ewma=997
DMA IRQ c0=2
DMA IRQ c1=0
DMA IRQ c2=0
DMA IRQ c3=0
SELECT busy=8048
SELECT w0=8031
SELECT w1=4273
SELECT w2=4610
BUSY TASK ewma=997
DMA IRQ c0=2
DMA IRQ c1=0
DMA IRQ c2=0
DMA IRQ c3=0
SELECT busy=8069
SELECT w0=8053
SELECT w1=4283
SELECT w2=4622
BUSY TASK ewma=997
DMA IRQ c0=2
DMA IRQ c1=0
DMA IRQ c2=0
DMA IRQ c3=0
SELECT busy=8089
SELECT w0=8073
SELECT w1=4292
SELECT w2=4632
BUSY TASK ewma=997
DMA IRQ c0=2
DMA IRQ c1=0
DMA IRQ c2=0
DMA IRQ c3=0
SELECT busy=8107
SELECT w0=8090
SELECT w1=4301
SELECT w2=4645
BUSY TASK ewma=997
DMA IRQ c0=2
DMA IRQ c1=0
DMA IRQ c2=0
DMA IRQ c3=0
SELECT busy=8125
SELECT w0=8109
SELECT w1=4309
SELECT w2=4658
BUSY TASK ewma=997
DMA IRQ c0=2
DMA IRQ c1=0
DMA IRQ c2=0
DMA IRQ c3=0
SELECT busy=8150
SELECT w0=8133
SELECT w1=4318
SELECT w2=4667
BUSY TASK ewma=997
DMA IRQ c0=2
DMA IRQ c1=0
DMA IRQ c2=0
DMA IRQ c3=0
SELECT busy=8174
SELECT w0=8157
SELECT w1=4328
SELECT w2=4678
BUSY TASK ewma=997
DMA IRQ c0=2
DMA IRQ c1=0
DMA IRQ c2=0
DMA IRQ c3=0
SELECT busy=8192
SELECT w0=8176
SELECT w1=4334
SELECT w2=4688
BUSY TASK ewma=997
DMA IRQ c0=2
DMA IRQ c1=0
DMA IRQ c2=0
DMA IRQ c3=0
SELECT busy=8229
SELECT w0=8215
SELECT w1=4355
SELECT w2=4715
BUSY TASK ewma=997
DMA IRQ c0=2
DMA IRQ c1=0
DMA IRQ c2=0
DMA IRQ c3=0
SELECT busy=8269
SELECT w0=8252
SELECT w1=4367
SELECT w2=4731
BUSY TASK ewma=997
DMA IRQ c0=2
DMA IRQ c1=0
DMA IRQ c2=0
DMA IRQ c3=0
SELECT busy=8289
SELECT w0=8275
SELECT w1=4379
SELECT w2=4746
BUSY TASK ewma=997
DMA IRQ c0=2
DMA IRQ c1=0
DMA IRQ c2=0
DMA IRQ c3=0
SELECT busy=8316
SELECT w0=8299
SELECT w1=4389
SELECT w2=4755
BUSY TASK ewma=997
DMA IRQ c0=2
DMA IRQ c1=0
DMA IRQ c2=0
DMA IRQ c3=0
SELECT busy=8331
SELECT w0=8315
SELECT w1=4395
SELECT w2=4762
BUSY TASK ewma=997
DMA IRQ c0=2
DMA IRQ c1=0
DMA IRQ c2=0
DMA IRQ c3=0
SELECT busy=8354
SELECT w0=8338
SELECT w1=4406
SELECT w2=4777
BUSY TASK ewma=997
DMA IRQ c0=2
DMA IRQ c1=0
DMA IRQ c2=0
DMA IRQ c3=0
SELECT busy=8374
SELECT w0=8358
SELECT w1=4417
SELECT w2=4788
BUSY TASK ewma=997
DMA IRQ c0=2
DMA IRQ c1=0
DMA IRQ c2=0
DMA IRQ c3=0
SELECT busy=8393
SELECT w0=8376
SELECT w1=4426
SELECT w2=4802
BUSY TASK ewma=997
DMA IRQ c0=2
DMA IRQ c1=0
DMA IRQ c2=0
DMA IRQ c3=0
SELECT busy=8418
SELECT w0=8402
SELECT w1=4440
SELECT w2=4813
BUSY TASK ewma=997
DMA IRQ c0=2
DMA IRQ c1=0
DMA IRQ c2=0
DMA IRQ c3=0
SELECT busy=8437
SELECT w0=8421
SELECT w1=4451
SELECT w2=4824
BUSY TASK ewma=997
IRQ counts: cpu0=16890 cpu1=19476 cpu2=19284 cpu3=19227
SCHED secondaries: calls=58015 unexpected=0
SECTEST switches=57991 cpu1=178713971,169968036 cpu2=141127336,141221869 cpu3=214782257,203329127
PINGPONG rounds=2000 pongs=2000
DMA IRQ c0=2
DMA IRQ c1=0
DMA IRQ c2=0
DMA IRQ c3=0
SELECT busy=8468
SELECT w0=8451
SELECT w1=4465
SELECT w2=4842
BUSY TASK ewma=997
DMA IRQ c0=2
DMA IRQ c1=0
DMA IRQ c2=0
DMA IRQ c3=0
SELECT busy=8487
SELECT w0=8471
SELECT w1=4477
SELECT w2=4854
BUSY TASK ewma=997
DMA IRQ c0=2
DMA IRQ c1=0
DMA IRQ c2=0
DMA IRQ c3=0
SELECT busy=8509
SELECT w0=8492
SELECT w1=4486
SELECT w2=4863
BUSY TASK ewma=997
DMA IRQ c0=2
DMA IRQ c1=0
DMA IRQ c2=0
DMA IRQ c3=0
SELECT busy=8530
SELECT w0=8514
SELECT w1=4495
SELECT w2=4872
BUSY TASK ewma=997
DMA IRQ c0=2
DMA IRQ c1=0
DMA IRQ c2=0
DMA IRQ c3=0
SELECT busy=8550
SELECT w0=8534
SELECT w1=4502
SELECT w2=4882
BUSY TASK ewma=997
DMA IRQ c0=2
DMA IRQ c1=0
DMA IRQ c2=0
DMA IRQ c3=0
SELECT busy=8573
SELECT w0=8557
SELECT w1=4513
SELECT w2=4903
BUSY TASK ewma=997
DMA IRQ c0=2
DMA IRQ c1=0
DMA IRQ c2=0
DMA IRQ c3=0
SELECT busy=8592
SELECT w0=8575
SELECT w1=4521
SELECT w2=4914
BUSY TASK ewma=997
DMA IRQ c0=2
DMA IRQ c1=0
DMA IRQ c2=0
DMA IRQ c3=0
SELECT busy=8612
SELECT w0=8595
SELECT w1=4534
SELECT w2=4928
BUSY TASK ewma=997
DMA IRQ c0=2
DMA IRQ c1=0
DMA IRQ c2=0
DMA IRQ c3=0
SELECT busy=8625
SELECT w0=8609
SELECT w1=4541
SELECT w2=4937
BUSY TASK ewma=997
DMA IRQ c0=2
DMA IRQ c1=0
DMA IRQ c2=0
DMA IRQ c3=0
SELECT busy=8639
SELECT w0=8623
SELECT w1=4548
SELECT w2=4947
BUSY TASK ewma=997
DMA IRQ c0=2
DMA IRQ c1=0
DMA IRQ c2=0
DMA IRQ c3=0
SELECT busy=8664
SELECT w0=8648
SELECT w1=4558
SELECT w2=4961
BUSY TASK ewma=997
DMA IRQ c0=2
DMA IRQ c1=0
DMA IRQ c2=0
DMA IRQ c3=0
SELECT busy=8689
SELECT w0=8672
SELECT w1=4569
SELECT w2=4972
BUSY TASK ewma=997
DMA IRQ c0=2
DMA IRQ c1=0
DMA IRQ c2=0
DMA IRQ c3=0
SELECT busy=8706
SELECT w0=8690
SELECT w1=4578
SELECT w2=4983
BUSY TASK ewma=997
DMA IRQ c0=2
DMA IRQ c1=0
DMA IRQ c2=0
DMA IRQ c3=0
SELECT busy=8725
SELECT w0=8708
SELECT w1=4588
SELECT w2=4992
BUSY TASK ewma=997
DMA IRQ c0=2
DMA IRQ c1=0
DMA IRQ c2=0
DMA IRQ c3=0
SELECT busy=8747
SELECT w0=8731
SELECT w1=4601
SELECT w2=5006
BUSY TASK ewma=997
DMA IRQ c0=2
DMA IRQ c1=0
DMA IRQ c2=0
DMA IRQ c3=0
SELECT busy=8765
SELECT w0=8750
SELECT w1=4612
SELECT w2=5017
BUSY TASK ewma=997
DMA IRQ c0=2
DMA IRQ c1=0
DMA IRQ c2=0
DMA IRQ c3=0
SELECT busy=8774
SELECT w0=8759
SELECT w1=4619
SELECT w2=5027
BUSY TASK ewma=997
DMA IRQ c0=2
DMA IRQ c1=0
DMA IRQ c2=0
DMA IRQ c3=0
SELECT busy=8799
SELECT w0=8782
SELECT w1=4630
SELECT w2=5038
BUSY TASK ewma=997
DMA IRQ c0=2
DMA IRQ c1=0
DMA IRQ c2=0
DMA IRQ c3=0
SELECT busy=8814
SELECT w0=8798
SELECT w1=4636
SELECT w2=5046
BUSY TASK ewma=997
DMA IRQ c0=2
DMA IRQ c1=0
DMA IRQ c2=0
DMA IRQ c3=0
SELECT busy=8840
SELECT w0=8823
SELECT w1=4650
SELECT w2=5062
BUSY TASK ewma=997
DMA IRQ c0=2
DMA IRQ c1=0
DMA IRQ c2=0
DMA IRQ c3=0
SELECT busy=8874
SELECT w0=8857
SELECT w1=4663
SELECT w2=5079
BUSY TASK ewma=997
DMA IRQ c0=2
DMA IRQ c1=0
DMA IRQ c2=0
DMA IRQ c3=0
SELECT busy=8926
SELECT w0=8910
SELECT w1=4682
SELECT w2=5106
BUSY TASK ewma=997
DMA IRQ c0=2
DMA IRQ c1=0
DMA IRQ c2=0
DMA IRQ c3=0
SELECT busy=8951
SELECT w0=8934
SELECT w1=4694
SELECT w2=5119
BUSY TASK ewma=997
DMA IRQ c0=2
DMA IRQ c1=0
DMA IRQ c2=0
DMA IRQ c3=0
SELECT busy=8983
SELECT w0=8966
SELECT w1=4710
SELECT w2=5138
BUSY TASK ewma=997
DMA IRQ c0=2
DMA IRQ c1=0
DMA IRQ c2=0
DMA IRQ c3=0
SELECT busy=9018
SELECT w0=9002
SELECT w1=4722
SELECT w2=5152
BUSY TASK ewma=997
DMA IRQ c0=2
DMA IRQ c1=0
DMA IRQ c2=0
DMA IRQ c3=0
SELECT busy=9052
SELECT w0=9035
SELECT w1=4733
SELECT w2=5167
BUSY TASK ewma=997
DMA IRQ c0=2
DMA IRQ c1=0
DMA IRQ c2=0
DMA IRQ c3=0
SELECT busy=9094
SELECT w0=9077
SELECT w1=4751
SELECT w2=5187
BUSY TASK ewma=997
DMA IRQ c0=2
DMA IRQ c1=0
DMA IRQ c2=0
DMA IRQ c3=0
SELECT busy=9123
SELECT w0=9107
SELECT w1=4763
SELECT w2=5202
BUSY TASK ewma=997
DMA IRQ c0=2
DMA IRQ c1=0
DMA IRQ c2=0
DMA IRQ c3=0
SELECT busy=9148
SELECT w0=9132
SELECT w1=4771
SELECT w2=5213
BUSY TASK ewma=997
DMA IRQ c0=2
DMA IRQ c1=0
DMA IRQ c2=0
DMA IRQ c3=0
SELECT busy=9172
SELECT w0=9156
SELECT w1=4780
SELECT w2=5226
BUSY TASK ewma=997
DMA IRQ c0=2
DMA IRQ c1=0
DMA IRQ c2=0
DMA IRQ c3=0
SELECT busy=9196
SELECT w0=9179
SELECT w1=4791
SELECT w2=5239
BUSY TASK ewma=997
DMA IRQ c0=2
DMA IRQ c1=0
DMA IRQ c2=0
DMA IRQ c3=0
SELECT busy=9214
SELECT w0=9198
SELECT w1=4800
SELECT w2=5249
BUSY TASK ewma=997
DMA IRQ c0=2
DMA IRQ c1=0
DMA IRQ c2=0
DMA IRQ c3=0
SELECT busy=9234
SELECT w0=9218
SELECT w1=4814
SELECT w2=5262
BUSY TASK ewma=997
DMA IRQ c0=2
DMA IRQ c1=0
DMA IRQ c2=0
DMA IRQ c3=0
SELECT busy=9253
SELECT w0=9236
SELECT w1=4822
SELECT w2=5273
BUSY TASK ewma=997
DMA IRQ c0=2
DMA IRQ c1=0
DMA IRQ c2=0
DMA IRQ c3=0
SELECT busy=9277
SELECT w0=9261
SELECT w1=4834
SELECT w2=5289
BUSY TASK ewma=997
DMA IRQ c0=2
DMA IRQ c1=0
DMA IRQ c2=0
DMA IRQ c3=0
SELECT busy=9298
SELECT w0=9281
SELECT w1=4843
SELECT w2=5299
BUSY TASK ewma=997
DMA IRQ c0=2
DMA IRQ c1=0
DMA IRQ c2=0
DMA IRQ c3=0
SELECT busy=9326
SELECT w0=9310
SELECT w1=4860
SELECT w2=5316
BUSY TASK ewma=997
DMA IRQ c0=2
DMA IRQ c1=0
DMA IRQ c2=0
DMA IRQ c3=0
SELECT busy=9370
SELECT w0=9354
SELECT w1=4876
SELECT w2=5337
BUSY TASK ewma=997
DMA IRQ c0=2
DMA IRQ c1=0
DMA IRQ c2=0
DMA IRQ c3=0
SELECT busy=9410
SELECT w0=9393
SELECT w1=4892
SELECT w2=5359
BUSY TASK ewma=997
DMA IRQ c0=2
DMA IRQ c1=0
DMA IRQ c2=0
DMA IRQ c3=0
SELECT busy=9444
SELECT w0=9427
SELECT w1=4905
SELECT w2=5374
BUSY TASK ewma=997
DMA IRQ c0=2
DMA IRQ c1=0
DMA IRQ c2=0
DMA IRQ c3=0
SELECT busy=9493
SELECT w0=9477
SELECT w1=4923
SELECT w2=5402
BUSY TASK ewma=997
DMA IRQ c0=2
DMA IRQ c1=0
DMA IRQ c2=0
DMA IRQ c3=0
SELECT busy=9527
SELECT w0=9510
SELECT w1=4937
SELECT w2=5420
BUSY TASK ewma=997
DMA IRQ c0=2
DMA IRQ c1=0
DMA IRQ c2=0
DMA IRQ c3=0
SELECT busy=9563
SELECT w0=9546
SELECT w1=4952
SELECT w2=5435
BUSY TASK ewma=997
DMA IRQ c0=2
DMA IRQ c1=0
DMA IRQ c2=0
DMA IRQ c3=0
SELECT busy=9601
SELECT w0=9584
SELECT w1=4970
SELECT w2=5456
BUSY TASK ewma=997
DMA IRQ c0=2
DMA IRQ c1=0
DMA IRQ c2=0
DMA IRQ c3=0
SELECT busy=9645
SELECT w0=9629
SELECT w1=4990
SELECT w2=5481
BUSY TASK ewma=997
DMA IRQ c0=2
DMA IRQ c1=0
DMA IRQ c2=0
DMA IRQ c3=0
SELECT busy=9697
SELECT w0=9681
SELECT w1=5012
SELECT w2=5505
BUSY TASK ewma=997
DMA IRQ c0=2
DMA IRQ c1=0
DMA IRQ c2=0
DMA IRQ c3=0
SELECT busy=9720
SELECT w0=9703
SELECT w1=5020
SELECT w2=5517
BUSY TASK ewma=997
DMA IRQ c0=2
DMA IRQ c1=0
DMA IRQ c2=0
DMA IRQ c3=0
SELECT busy=9745
SELECT w0=9728
SELECT w1=5029
SELECT w2=5532
BUSY TASK ewma=997
DMA IRQ c0=2
DMA IRQ c1=0
DMA IRQ c2=0
DMA IRQ c3=0
SELECT busy=9787
SELECT w0=9772
SELECT w1=5047
SELECT w2=5553
BUSY TASK ewma=997
DMA IRQ c0=2
DMA IRQ c1=0
DMA IRQ c2=0
DMA IRQ c3=0
SELECT busy=9830
SELECT w0=9814
SELECT w1=5063
SELECT w2=5574
BUSY TASK ewma=997
DMA IRQ c0=2
DMA IRQ c1=0
DMA IRQ c2=0
DMA IRQ c3=0
SELECT busy=9869
SELECT w0=9853
SELECT w1=5081
SELECT w2=5597
BUSY TASK ewma=997
DMA IRQ c0=2
DMA IRQ c1=0
DMA IRQ c2=0
DMA IRQ c3=0
SELECT busy=9893
SELECT w0=9877
SELECT w1=5091
SELECT w2=5614
BUSY TASK ewma=997
DMA IRQ c0=2
DMA IRQ c1=0
DMA IRQ c2=0
DMA IRQ c3=0
SELECT busy=9913
SELECT w0=9896
SELECT w1=5099
SELECT w2=5623
BUSY TASK ewma=997
DMA IRQ c0=2
DMA IRQ c1=0
DMA IRQ c2=0
DMA IRQ c3=0
SELECT busy=9941
SELECT w0=9925
SELECT w1=5116
SELECT w2=5641
BUSY TASK ewma=997
DMA IRQ c0=2
DMA IRQ c1=0
DMA IRQ c2=0
DMA IRQ c3=0
SELECT busy=9963
SELECT w0=9946
SELECT w1=5126
SELECT w2=5652
BUSY TASK ewma=997
DMA IRQ c0=2
DMA IRQ c1=0
DMA IRQ c2=0
DMA IRQ c3=0
SELECT busy=9996
SELECT w0=9979
SELECT w1=5140
SELECT w2=5670
BUSY TASK ewma=997
DMA IRQ c0=2
DMA IRQ c1=0
DMA IRQ c2=0
DMA IRQ c3=0
SELECT busy=10039
SELECT w0=10024
SELECT w1=5157
SELECT w2=5690
BUSY TASK ewma=997
DMA IRQ c0=2
DMA IRQ c1=0
DMA IRQ c2=0
DMA IRQ c3=0
SELECT busy=10074
SELECT w0=10057
SELECT w1=5172
SELECT w2=5711
BUSY TASK ewma=997
DMA IRQ c0=2
DMA IRQ c1=0
DMA IRQ c2=0
DMA IRQ c3=0
SELECT busy=10091
SELECT w0=10075
SELECT w1=5179
SELECT w2=5720
BUSY TASK ewma=997
DMA IRQ c0=2
DMA IRQ c1=0
DMA IRQ c2=0
DMA IRQ c3=0
SELECT busy=10110
SELECT w0=10093
SELECT w1=5189
SELECT w2=5733
BUSY TASK ewma=997
DMA IRQ c0=2
DMA IRQ c1=0
DMA IRQ c2=0
DMA IRQ c3=0
SELECT busy=10123
SELECT w0=10106
SELECT w1=5195
SELECT w2=5741
BUSY TASK ewma=997
DMA IRQ c0=2
DMA IRQ c1=0
DMA IRQ c2=0
DMA IRQ c3=0
SELECT busy=10145
SELECT w0=10128
SELECT w1=5205
SELECT w2=5756
BUSY TASK ewma=997
DMA IRQ c0=2
DMA IRQ c1=0
DMA IRQ c2=0
DMA IRQ c3=0
SELECT busy=10162
SELECT w0=10146
SELECT w1=5216
SELECT w2=5768
BUSY TASK ewma=997
DMA IRQ c0=2
DMA IRQ c1=0
DMA IRQ c2=0
DMA IRQ c3=0
SELECT busy=10178
SELECT w0=10162
SELECT w1=5224
SELECT w2=5777
BUSY TASK ewma=997
IRQ counts: cpu0=20368 cpu1=23341 cpu2=23093 cpu3=23121
SCHED secondaries: calls=69582 unexpected=0
SECTEST switches=69571 cpu1=209993990,199461336 cpu2=168929596,168829578 cpu3=255238800,242970290
PINGPONG rounds=2000 pongs=2000
DMA IRQ c0=2
DMA IRQ c1=0
DMA IRQ c2=0
DMA IRQ c3=0
SELECT busy=10216
SELECT w0=10201
SELECT w1=5246
SELECT w2=5804
BUSY TASK ewma=997
DMA IRQ c0=2
DMA IRQ c1=0
DMA IRQ c2=0
DMA IRQ c3=0
SELECT busy=10255
SELECT w0=10239
SELECT w1=5264
SELECT w2=5827
BUSY TASK ewma=997
DMA IRQ c0=2
DMA IRQ c1=0
DMA IRQ c2=0
DMA IRQ c3=0
SELECT busy=10273
SELECT w0=10257
SELECT w1=5273
SELECT w2=5838
BUSY TASK ewma=997
DMA IRQ c0=2
DMA IRQ c1=0
DMA IRQ c2=0
DMA IRQ c3=0
SELECT busy=10288
SELECT w0=10271
SELECT w1=5279
SELECT w2=5846
BUSY TASK ewma=997
DMA IRQ c0=2
DMA IRQ c1=0
DMA IRQ c2=0
DMA IRQ c3=0
SELECT busy=10301
SELECT w0=10284
SELECT w1=5285
SELECT w2=5854
BUSY TASK ewma=997
DMA IRQ c0=2
DMA IRQ c1=0
DMA IRQ c2=0
DMA IRQ c3=0
SELECT busy=10316
SELECT w0=10300
SELECT w1=5292
SELECT w2=5864
BUSY TASK ewma=997
DMA IRQ c0=2
DMA IRQ c1=0
DMA IRQ c2=0
DMA IRQ c3=0
SELECT busy=10337
SELECT w0=10321
SELECT w1=5302
SELECT w2=5880
BUSY TASK ewma=997
DMA IRQ c0=2
DMA IRQ c1=0
DMA IRQ c2=0
DMA IRQ c3=0
SELECT busy=10358
SELECT w0=10342
SELECT w1=5313
SELECT w2=5891
BUSY TASK ewma=997
DMA IRQ c0=2
DMA IRQ c1=0
DMA IRQ c2=0
DMA IRQ c3=0
SELECT busy=10373
SELECT w0=10357
SELECT w1=5319
SELECT w2=5898
BUSY TASK ewma=997
DMA IRQ c0=2
DMA IRQ c1=0
DMA IRQ c2=0
DMA IRQ c3=0
SELECT busy=10397
SELECT w0=10381
SELECT w1=5333
SELECT w2=5914
BUSY TASK ewma=997
DMA IRQ c0=2
DMA IRQ c1=0
DMA IRQ c2=0
DMA IRQ c3=0
SELECT busy=10411
SELECT w0=10394
SELECT w1=5340
SELECT w2=5922
BUSY TASK ewma=997
DMA IRQ c0=2
DMA IRQ c1=0
DMA IRQ c2=0
DMA IRQ c3=0
SELECT busy=10429
SELECT w0=10413
SELECT w1=5348
SELECT w2=5934
BUSY TASK ewma=997
DMA IRQ c0=2
DMA IRQ c1=0
DMA IRQ c2=0
DMA IRQ c3=0
SELECT busy=10450
SELECT w0=10433
SELECT w1=5357
SELECT w2=5945
BUSY TASK ewma=997
DMA IRQ c0=2
DMA IRQ c1=0
DMA IRQ c2=0
DMA IRQ c3=0
SELECT busy=10467
SELECT w0=10450
SELECT w1=5365
SELECT w2=5957
BUSY TASK ewma=997
DMA IRQ c0=2
DMA IRQ c1=0
DMA IRQ c2=0
DMA IRQ c3=0
SELECT busy=10487
SELECT w0=10471
SELECT w1=5373
SELECT w2=5968
BUSY TASK ewma=997
DMA IRQ c0=2
DMA IRQ c1=0
DMA IRQ c2=0
DMA IRQ c3=0
SELECT busy=10503
SELECT w0=10487
SELECT w1=5381
SELECT w2=5979
BUSY TASK ewma=997
DMA IRQ c0=2
DMA IRQ c1=0
DMA IRQ c2=0
DMA IRQ c3=0
SELECT busy=10519
SELECT w0=10502
SELECT w1=5389
SELECT w2=5987
BUSY TASK ewma=997
DMA IRQ c0=2
DMA IRQ c1=0
DMA IRQ c2=0
DMA IRQ c3=0
SELECT busy=10538
SELECT w0=10522
SELECT w1=5398
SELECT w2=5999
BUSY TASK ewma=997
DMA IRQ c0=2
DMA IRQ c1=0
DMA IRQ c2=0
DMA IRQ c3=0
SELECT busy=10556
SELECT w0=10540
SELECT w1=5408
SELECT w2=6009
BUSY TASK ewma=997
DMA IRQ c0=2
DMA IRQ c1=0
DMA IRQ c2=0
DMA IRQ c3=0
SELECT busy=10575
SELECT w0=10559
SELECT w1=5416
SELECT w2=6020
BUSY TASK ewma=997
DMA IRQ c0=2
DMA IRQ c1=0
DMA IRQ c2=0
DMA IRQ c3=0
SELECT busy=10598
SELECT w0=10582
SELECT w1=5429
SELECT w2=6035
BUSY TASK ewma=997
DMA IRQ c0=2
DMA IRQ c1=0
DMA IRQ c2=0
DMA IRQ c3=0
SELECT busy=10620
SELECT w0=10603
SELECT w1=5440
SELECT w2=6051
BUSY TASK ewma=997
DMA IRQ c0=2
DMA IRQ c1=0
DMA IRQ c2=0
DMA IRQ c3=0
SELECT busy=10644
SELECT w0=10628
SELECT w1=5453
SELECT w2=6062
BUSY TASK ewma=997
DMA IRQ c0=2
DMA IRQ c1=0
DMA IRQ c2=0
DMA IRQ c3=0
SELECT busy=10673
SELECT w0=10658
SELECT w1=5467
SELECT w2=6077
BUSY TASK ewma=997
DMA IRQ c0=2
DMA IRQ c1=0
DMA IRQ c2=0
DMA IRQ c3=0
SELECT busy=10718
SELECT w0=10702
SELECT w1=5486
SELECT w2=6104
BUSY TASK ewma=997
DMA IRQ c0=2
DMA IRQ c1=0
DMA IRQ c2=0
DMA IRQ c3=0
SELECT busy=10760
SELECT w0=10743
SELECT w1=5507
SELECT w2=6129
BUSY TASK ewma=997
DMA IRQ c0=2
DMA IRQ c1=0
DMA IRQ c2=0
DMA IRQ c3=0
SELECT busy=10794
SELECT w0=10777
SELECT w1=5522
SELECT w2=6146
BUSY TASK ewma=997
DMA IRQ c0=2
DMA IRQ c1=0
DMA IRQ c2=0
DMA IRQ c3=0
SELECT busy=10832
SELECT w0=10815
SELECT w1=5538
SELECT w2=6168
BUSY TASK ewma=997
DMA IRQ c0=2
DMA IRQ c1=0
DMA IRQ c2=0
DMA IRQ c3=0
SELECT busy=10877
SELECT w0=10861
SELECT w1=5556
SELECT w2=6193
BUSY TASK ewma=997
DMA IRQ c0=2
DMA IRQ c1=0
DMA IRQ c2=0
DMA IRQ c3=0
SELECT busy=10917
SELECT w0=10903
SELECT w1=5572
SELECT w2=6214
BUSY TASK ewma=997
DMA IRQ c0=2
DMA IRQ c1=0
DMA IRQ c2=0
DMA IRQ c3=0
SELECT busy=10957
SELECT w0=10940
SELECT w1=5587
SELECT w2=6232
BUSY TASK ewma=997
DMA IRQ c0=2
DMA IRQ c1=0
DMA IRQ c2=0
DMA IRQ c3=0
SELECT busy=10993
SELECT w0=10977
SELECT w1=5602
SELECT w2=6249
BUSY TASK ewma=997
DMA IRQ c0=2
DMA IRQ c1=0
DMA IRQ c2=0
DMA IRQ c3=0
SELECT busy=11032
SELECT w0=11016
SELECT w1=5618
SELECT w2=6268
BUSY TASK ewma=997
DMA IRQ c0=2
DMA IRQ c1=0
DMA IRQ c2=0
DMA IRQ c3=0
SELECT busy=11070
SELECT w0=11053
SELECT w1=5634
SELECT w2=6287
BUSY TASK ewma=997
DMA IRQ c0=2
DMA IRQ c1=0
DMA IRQ c2=0
DMA IRQ c3=0
SELECT busy=11115
SELECT w0=11099
SELECT w1=5651
SELECT w2=6310
BUSY TASK ewma=997
DMA IRQ c0=2
DMA IRQ c1=0
DMA IRQ c2=0
DMA IRQ c3=0
SELECT busy=11147
SELECT w0=11132
SELECT w1=5669
SELECT w2=6330
BUSY TASK ewma=997
DMA IRQ c0=2
DMA IRQ c1=0
DMA IRQ c2=0
DMA IRQ c3=0
SELECT busy=11185
SELECT w0=11168
SELECT w1=5689
SELECT w2=6348
BUSY TASK ewma=997
DMA IRQ c0=2
DMA IRQ c1=0
DMA IRQ c2=0
DMA IRQ c3=0
SELECT busy=11215
SELECT w0=11200
SELECT w1=5703
SELECT w2=6370
BUSY TASK ewma=997
DMA IRQ c0=2
DMA IRQ c1=0
DMA IRQ c2=0
DMA IRQ c3=0
SELECT busy=11250
SELECT w0=11235
SELECT w1=5720
SELECT w2=6387
BUSY TASK ewma=997
DMA IRQ c0=2
DMA IRQ c1=0
DMA IRQ c2=0
DMA IRQ c3=0
SELECT busy=11286
SELECT w0=11269
SELECT w1=5731
SELECT w2=6401
BUSY TASK ewma=997
DMA IRQ c0=2
DMA IRQ c1=0
DMA IRQ c2=0
DMA IRQ c3=0
SELECT busy=11316
SELECT w0=11299
SELECT w1=5742
SELECT w2=6414
BUSY TASK ewma=997
DMA IRQ c0=2
DMA IRQ c1=0
DMA IRQ c2=0
DMA IRQ c3=0
SELECT busy=11335
SELECT w0=11318
SELECT w1=5752
SELECT w2=6426
BUSY TASK ewma=997
DMA IRQ c0=2
DMA IRQ c1=0
DMA IRQ c2=0
DMA IRQ c3=0
SELECT busy=11361
SELECT w0=11344
SELECT w1=5768
SELECT w2=6444
BUSY TASK ewma=997
DMA IRQ c0=2
DMA IRQ c1=0
DMA IRQ c2=0
DMA IRQ c3=0
SELECT busy=11381
SELECT w0=11364
SELECT w1=5783
SELECT w2=6457
BUSY TASK ewma=997
DMA IRQ c0=2
DMA IRQ c1=0
DMA IRQ c2=0
DMA IRQ c3=0
SELECT busy=11403
SELECT w0=11387
SELECT w1=5793
SELECT w2=6473
BUSY TASK ewma=997
DMA IRQ c0=2
DMA IRQ c1=0
DMA IRQ c2=0
DMA IRQ c3=0
SELECT busy=11420
SELECT w0=11404
SELECT w1=5802
SELECT w2=6483
BUSY TASK ewma=997
DMA IRQ c0=2
DMA IRQ c1=0
DMA IRQ c2=0
DMA IRQ c3=0
SELECT busy=11458
SELECT w0=11442
SELECT w1=5820
SELECT w2=6506
BUSY TASK ewma=997
DMA IRQ c0=2
DMA IRQ c1=0
DMA IRQ c2=0
DMA IRQ c3=0
SELECT busy=11491
SELECT w0=11475
SELECT w1=5835
SELECT w2=6525
BUSY TASK ewma=997
DMA IRQ c0=2
DMA IRQ c1=0
DMA IRQ c2=0
DMA IRQ c3=0
SELECT busy=11525
SELECT w0=11509
SELECT w1=5848
SELECT w2=6541
BUSY TASK ewma=997
DMA IRQ c0=2
DMA IRQ c1=0
DMA IRQ c2=0
DMA IRQ c3=0
SELECT busy=11557
SELECT w0=11540
SELECT w1=5862
SELECT w2=6557
BUSY TASK ewma=997
DMA IRQ c0=2
DMA IRQ c1=0
DMA IRQ c2=0
DMA IRQ c3=0
SELECT busy=11590
SELECT w0=11573
SELECT w1=5876
SELECT w2=6572
BUSY TASK ewma=997
DMA IRQ c0=2
DMA IRQ c1=0
DMA IRQ c2=0
DMA IRQ c3=0
SELECT busy=11615
SELECT w0=11599
SELECT w1=5885
SELECT w2=6584
BUSY TASK ewma=997
DMA IRQ c0=2
DMA IRQ c1=0
DMA IRQ c2=0
DMA IRQ c3=0
SELECT busy=11638
SELECT w0=11622
SELECT w1=5898
SELECT w2=6602
BUSY TASK ewma=997
DMA IRQ c0=2
DMA IRQ c1=0
DMA IRQ c2=0
DMA IRQ c3=0
SELECT busy=11674
SELECT w0=11658
SELECT w1=5918
SELECT w2=6626
BUSY TASK ewma=997
DMA IRQ c0=2
DMA IRQ c1=0
DMA IRQ c2=0
DMA IRQ c3=0
SELECT busy=11709
SELECT w0=11692
SELECT w1=5933
SELECT w2=6645
BUSY TASK ewma=997
DMA IRQ c0=2
DMA IRQ c1=0
DMA IRQ c2=0
DMA IRQ c3=0
SELECT busy=11732
SELECT w0=11715
SELECT w1=5946
SELECT w2=6660
BUSY TASK ewma=997
DMA IRQ c0=2
DMA IRQ c1=0
DMA IRQ c2=0
DMA IRQ c3=0
SELECT busy=11745
SELECT w0=11729
SELECT w1=5953
SELECT w2=6669
BUSY TASK ewma=997
DMA IRQ c0=2
DMA IRQ c1=0
DMA IRQ c2=0
DMA IRQ c3=0
SELECT busy=11767
SELECT w0=11750
SELECT w1=5962
SELECT w2=6678
BUSY TASK ewma=997
DMA IRQ c0=2
DMA IRQ c1=0
DMA IRQ c2=0
DMA IRQ c3=0
SELECT busy=11800
SELECT w0=11783
SELECT w1=5978
SELECT w2=6698
BUSY TASK ewma=997
DMA IRQ c0=2
DMA IRQ c1=0
DMA IRQ c2=0
DMA IRQ c3=0
SELECT busy=11849
SELECT w0=11833
SELECT w1=6004
SELECT w2=6728
BUSY TASK ewma=997
DMA IRQ c0=2
DMA IRQ c1=0
DMA IRQ c2=0
DMA IRQ c3=0
SELECT busy=11877
SELECT w0=11860
SELECT w1=6019
SELECT w2=6742
BUSY TASK ewma=997
DMA IRQ c0=2
DMA IRQ c1=0
DMA IRQ c2=0
DMA IRQ c3=0
SELECT busy=11899
SELECT w0=11884
SELECT w1=6031
SELECT w2=6753
BUSY TASK ewma=997
DMA IRQ c0=2
DMA IRQ c1=0
DMA IRQ c2=0
DMA IRQ c3=0
SELECT busy=11924
SELECT w0=11907
SELECT w1=6041
SELECT w2=6767
BUSY TASK ewma=997
DMA IRQ c0=2
DMA IRQ c1=0
DMA IRQ c2=0
DMA IRQ c3=0
SELECT busy=11939
SELECT w0=11922
SELECT w1=6048
SELECT w2=6774
BUSY TASK ewma=997
IRQ counts: cpu0=23888 cpu1=27449 cpu2=27067 cpu3=27149
SCHED secondaries: calls=81665 unexpected=0
SECTEST switches=81627 cpu1=238773383,228383104 cpu2=196102792,195165206 cpu3=295287581,281614063
PINGPONG rounds=2000 pongs=2000
DMA IRQ c0=2
DMA IRQ c1=0
DMA IRQ c2=0
DMA IRQ c3=0
SELECT busy=11953
SELECT w0=11936
SELECT w1=6053
SELECT w2=6780
BUSY TASK ewma=997
DMA IRQ c0=2
DMA IRQ c1=0
DMA IRQ c2=0
DMA IRQ c3=0
SELECT busy=11968
SELECT w0=11952
SELECT w1=6068
SELECT w2=6795
BUSY TASK ewma=997
DMA IRQ c0=2
DMA IRQ c1=0
DMA IRQ c2=0
DMA IRQ c3=0
SELECT busy=11994
SELECT w0=11978
SELECT w1=6079
SELECT w2=6809
BUSY TASK ewma=997
DMA IRQ c0=2
DMA IRQ c1=0
DMA IRQ c2=0
DMA IRQ c3=0
SELECT busy=12012
SELECT w0=11995
SELECT w1=6087
SELECT w2=6819
BUSY TASK ewma=997
DMA IRQ c0=2
DMA IRQ c1=0
DMA IRQ c2=0
DMA IRQ c3=0
SELECT busy=12027
SELECT w0=12011
SELECT w1=6093
SELECT w2=6828
BUSY TASK ewma=997
DMA IRQ c0=2
DMA IRQ c1=0
DMA IRQ c2=0
DMA IRQ c3=0
SELECT busy=12042
SELECT w0=12026
SELECT w1=6102
SELECT w2=6837
BUSY TASK ewma=997
DMA IRQ c0=2
DMA IRQ c1=0
DMA IRQ c2=0
DMA IRQ c3=0
SELECT busy=12059
SELECT w0=12043
SELECT w1=6110
SELECT w2=6849
qemu-system-aarch64: terminating on signal 15 from pid 245980 (timeout)
