P4 M7: full integration test boot OK
CPU0: MPIDR_EL1=0x0000000080000000
CPU0: psci_cpu_on target=1 rc=0
CPU1: alive, MPIDR_EL1=0x0000000080000001 this_cpu()->cpu_id=1
CPU0: psci_cpu_on target=2 rc=0
CPU2: alive, MPIDR_EL1=0x0000000080000002 this_cpu()->cpu_id=2
CPU0: psci_cpu_on target=3 rc=0
CPU3: alive, MPIDR_EL1=0x0000000080000003 this_cpu()->cpu_id=3
CPUs online: 4
DMA IRQ target cpu=0
D2b: worker 2 runs on CPU2
D2b: worker 1 runs on CPU1
D2b: worker 0 runs on CPU0
P4 M7: worker submitted cmd_id=3
P4 M7: worker submitted cmd_id=1
P4 M7: worker submitted cmd_id=2
BUSY TASK ewma=995
DMA IRQ c0=0
DMA IRQ c1=0
DMA IRQ c2=0
DMA IRQ c3=0
SELECT busy=20
SELECT w0=3
SELECT w1=5
SELECT w2=5
BUSY TASK ewma=997
DMA IRQ c0=0
DMA IRQ c1=0
DMA IRQ c2=0
DMA IRQ c3=0
SELECT busy=35
SELECT w0=3
SELECT w1=5
SELECT w2=5
BUSY TASK ewma=997
DMA IRQ c0=0
DMA IRQ c1=0
DMA IRQ c2=0
DMA IRQ c3=0
SELECT busy=57
SELECT w0=3
SELECT w1=5
SELECT w2=5
P4 M7: worker DATA OK, cmd_id=1
P4 M7: worker DATA OK, cmd_id=2
P4 M7: worker DATA OK, cmd_id=3
WORKER ewma=831
WORKER ewma=881
WORKER ewma=831
BUSY TASK ewma=997
DMA IRQ c0=2
DMA IRQ c1=0
DMA IRQ c2=0
DMA IRQ c3=0
SELECT busy=76
SELECT w0=29
SELECT w1=43
SELECT w2=41
BUSY TASK ewma=997
DMA IRQ c0=2
DMA IRQ c1=0
DMA IRQ c2=0
DMA IRQ c3=0
SELECT busy=92
SELECT w0=45
SELECT w1=75
SELECT w2=74
BUSY TASK ewma=997
DMA IRQ c0=2
DMA IRQ c1=0
DMA IRQ c2=0
DMA IRQ c3=0
SELECT busy=112
SELECT w0=65
SELECT w1=97
SELECT w2=98
BUSY TASK ewma=997
DMA IRQ c0=2
DMA IRQ c1=0
DMA IRQ c2=0
DMA IRQ c3=0
SELECT busy=125
SELECT w0=78
SELECT w1=121
SELECT w2=123
BUSY TASK ewma=997
DMA IRQ c0=2
DMA IRQ c1=0
DMA IRQ c2=0
DMA IRQ c3=0
SELECT busy=148
SELECT w0=101
SELECT w1=156
SELECT w2=157
BUSY TASK ewma=997
DMA IRQ c0=2
DMA IRQ c1=0
DMA IRQ c2=0
DMA IRQ c3=0
SELECT busy=183
SELECT w0=136
SELECT w1=210
SELECT w2=211
BUSY TASK ewma=997
DMA IRQ c0=2
DMA IRQ c1=0
DMA IRQ c2=0
DMA IRQ c3=0
SELECT busy=211
SELECT w0=164
SELECT w1=253
SELECT w2=254
BUSY TASK ewma=997
DMA IRQ c0=2
DMA IRQ c1=0
DMA IRQ c2=0
DMA IRQ c3=0
SELECT busy=231
SELECT w0=184
SELECT w1=277
SELECT w2=278
BUSY TASK ewma=997
DMA IRQ c0=2
DMA IRQ c1=0
DMA IRQ c2=0
DMA IRQ c3=0
SELECT busy=249
SELECT w0=202
SELECT w1=297
SELECT w2=297
BUSY TASK ewma=997
DMA IRQ c0=2
DMA IRQ c1=0
DMA IRQ c2=0
DMA IRQ c3=0
SELECT busy=272
SELECT w0=225
SELECT w1=327
SELECT w2=329
BUSY TASK ewma=997
DMA IRQ c0=2
DMA IRQ c1=0
DMA IRQ c2=0
DMA IRQ c3=0
SELECT busy=297
SELECT w0=251
SELECT w1=362
SELECT w2=365
BUSY TASK ewma=997
DMA IRQ c0=2
DMA IRQ c1=0
DMA IRQ c2=0
DMA IRQ c3=0
SELECT busy=320
SELECT w0=273
SELECT w1=391
SELECT w2=390
BUSY TASK ewma=997
DMA IRQ c0=2
DMA IRQ c1=0
DMA IRQ c2=0
DMA IRQ c3=0
SELECT busy=340
SELECT w0=293
SELECT w1=424
SELECT w2=424
BUSY TASK ewma=997
DMA IRQ c0=2
DMA IRQ c1=0
DMA IRQ c2=0
DMA IRQ c3=0
SELECT busy=358
SELECT w0=311
SELECT w1=455
SELECT w2=454
BUSY TASK ewma=997
DMA IRQ c0=2
DMA IRQ c1=0
DMA IRQ c2=0
DMA IRQ c3=0
SELECT busy=376
SELECT w0=330
SELECT w1=483
SELECT w2=485
BUSY TASK ewma=997
DMA IRQ c0=2
DMA IRQ c1=0
DMA IRQ c2=0
DMA IRQ c3=0
SELECT busy=396
SELECT w0=350
SELECT w1=507
SELECT w2=508
BUSY TASK ewma=997
DMA IRQ c0=2
DMA IRQ c1=0
DMA IRQ c2=0
DMA IRQ c3=0
SELECT busy=422
SELECT w0=376
SELECT w1=528
SELECT w2=526
BUSY TASK ewma=997
DMA IRQ c0=2
DMA IRQ c1=0
DMA IRQ c2=0
DMA IRQ c3=0
SELECT busy=440
SELECT w0=393
SELECT w1=542
SELECT w2=533
BUSY TASK ewma=997
DMA IRQ c0=2
DMA IRQ c1=0
DMA IRQ c2=0
DMA IRQ c3=0
SELECT busy=459
SELECT w0=412
SELECT w1=557
SELECT w2=542
BUSY TASK ewma=997
DMA IRQ c0=2
DMA IRQ c1=0
DMA IRQ c2=0
DMA IRQ c3=0
SELECT busy=480
SELECT w0=433
SELECT w1=568
SELECT w2=552
BUSY TASK ewma=997
DMA IRQ c0=2
DMA IRQ c1=0
DMA IRQ c2=0
DMA IRQ c3=0
SELECT busy=498
SELECT w0=452
SELECT w1=578
SELECT w2=561
BUSY TASK ewma=997
DMA IRQ c0=2
DMA IRQ c1=0
DMA IRQ c2=0
DMA IRQ c3=0
SELECT busy=528
SELECT w0=481
SELECT w1=593
SELECT w2=581
BUSY TASK ewma=997
DMA IRQ c0=2
DMA IRQ c1=0
DMA IRQ c2=0
DMA IRQ c3=0
SELECT busy=551
SELECT w0=504
SELECT w1=606
SELECT w2=595
BUSY TASK ewma=997
DMA IRQ c0=2
DMA IRQ c1=0
DMA IRQ c2=0
DMA IRQ c3=0
SELECT busy=571
SELECT w0=525
SELECT w1=616
SELECT w2=605
BUSY TASK ewma=997
DMA IRQ c0=2
DMA IRQ c1=0
DMA IRQ c2=0
DMA IRQ c3=0
SELECT busy=588
SELECT w0=542
SELECT w1=625
SELECT w2=615
BUSY TASK ewma=997
DMA IRQ c0=2
DMA IRQ c1=0
DMA IRQ c2=0
DMA IRQ c3=0
SELECT busy=604
SELECT w0=557
SELECT w1=633
SELECT w2=624
BUSY TASK ewma=997
DMA IRQ c0=2
DMA IRQ c1=0
DMA IRQ c2=0
DMA IRQ c3=0
SELECT busy=623
SELECT w0=576
SELECT w1=641
SELECT w2=632
BUSY TASK ewma=997
DMA IRQ c0=2
DMA IRQ c1=0
DMA IRQ c2=0
DMA IRQ c3=0
SELECT busy=652
SELECT w0=605
SELECT w1=657
SELECT w2=645
BUSY TASK ewma=997
DMA IRQ c0=2
DMA IRQ c1=0
DMA IRQ c2=0
DMA IRQ c3=0
SELECT busy=685
SELECT w0=638
SELECT w1=672
SELECT w2=662
BUSY TASK ewma=997
DMA IRQ c0=2
DMA IRQ c1=0
DMA IRQ c2=0
DMA IRQ c3=0
SELECT busy=714
SELECT w0=668
SELECT w1=686
SELECT w2=678
BUSY TASK ewma=997
DMA IRQ c0=2
DMA IRQ c1=0
DMA IRQ c2=0
DMA IRQ c3=0
SELECT busy=748
SELECT w0=701
SELECT w1=703
SELECT w2=695
BUSY TASK ewma=997
DMA IRQ c0=2
DMA IRQ c1=0
DMA IRQ c2=0
DMA IRQ c3=0
SELECT busy=779
SELECT w0=733
SELECT w1=720
SELECT w2=716
BUSY TASK ewma=997
DMA IRQ c0=2
DMA IRQ c1=0
DMA IRQ c2=0
DMA IRQ c3=0
SELECT busy=820
SELECT w0=774
SELECT w1=749
SELECT w2=741
BUSY TASK ewma=997
DMA IRQ c0=2
DMA IRQ c1=0
DMA IRQ c2=0
DMA IRQ c3=0
SELECT busy=852
SELECT w0=806
SELECT w1=765
SELECT w2=762
BUSY TASK ewma=997
DMA IRQ c0=2
DMA IRQ c1=0
DMA IRQ c2=0
DMA IRQ c3=0
SELECT busy=882
SELECT w0=835
SELECT w1=782
SELECT w2=783
BUSY TASK ewma=997
DMA IRQ c0=2
DMA IRQ c1=0
DMA IRQ c2=0
DMA IRQ c3=0
SELECT busy=912
SELECT w0=866
SELECT w1=802
SELECT w2=802
BUSY TASK ewma=997
DMA IRQ c0=2
DMA IRQ c1=0
DMA IRQ c2=0
DMA IRQ c3=0
SELECT busy=938
SELECT w0=891
SELECT w1=817
SELECT w2=815
BUSY TASK ewma=997
DMA IRQ c0=2
DMA IRQ c1=0
DMA IRQ c2=0
DMA IRQ c3=0
SELECT busy=956
SELECT w0=910
SELECT w1=826
SELECT w2=827
BUSY TASK ewma=997
DMA IRQ c0=2
DMA IRQ c1=0
DMA IRQ c2=0
DMA IRQ c3=0
SELECT busy=973
SELECT w0=926
SELECT w1=835
SELECT w2=835
BUSY TASK ewma=997
DMA IRQ c0=2
DMA IRQ c1=0
DMA IRQ c2=0
DMA IRQ c3=0
SELECT busy=994
SELECT w0=948
SELECT w1=850
SELECT w2=846
BUSY TASK ewma=997
DMA IRQ c0=2
DMA IRQ c1=0
DMA IRQ c2=0
DMA IRQ c3=0
SELECT busy=1012
SELECT w0=966
SELECT w1=860
SELECT w2=857
BUSY TASK ewma=997
DMA IRQ c0=2
DMA IRQ c1=0
DMA IRQ c2=0
DMA IRQ c3=0
SELECT busy=1030
SELECT w0=984
SELECT w1=870
SELECT w2=868
BUSY TASK ewma=997
DMA IRQ c0=2
DMA IRQ c1=0
DMA IRQ c2=0
DMA IRQ c3=0
SELECT busy=1053
SELECT w0=1006
SELECT w1=883
SELECT w2=879
BUSY TASK ewma=997
DMA IRQ c0=2
DMA IRQ c1=0
DMA IRQ c2=0
DMA IRQ c3=0
SELECT busy=1071
SELECT w0=1024
SELECT w1=893
SELECT w2=887
BUSY TASK ewma=997
DMA IRQ c0=2
DMA IRQ c1=0
DMA IRQ c2=0
DMA IRQ c3=0
SELECT busy=1092
SELECT w0=1045
SELECT w1=905
SELECT w2=897
BUSY TASK ewma=997
DMA IRQ c0=2
DMA IRQ c1=0
DMA IRQ c2=0
DMA IRQ c3=0
SELECT busy=1107
SELECT w0=1061
SELECT w1=915
SELECT w2=905
BUSY TASK ewma=997
DMA IRQ c0=2
DMA IRQ c1=0
DMA IRQ c2=0
DMA IRQ c3=0
SELECT busy=1127
SELECT w0=1080
SELECT w1=928
SELECT w2=916
BUSY TASK ewma=997
DMA IRQ c0=2
DMA IRQ c1=0
DMA IRQ c2=0
DMA IRQ c3=0
SELECT busy=1140
SELECT w0=1093
SELECT w1=934
SELECT w2=923
BUSY TASK ewma=997
DMA IRQ c0=2
DMA IRQ c1=0
DMA IRQ c2=0
DMA IRQ c3=0
SELECT busy=1159
SELECT w0=1112
SELECT w1=944
SELECT w2=932
BUSY TASK ewma=997
DMA IRQ c0=2
DMA IRQ c1=0
DMA IRQ c2=0
DMA IRQ c3=0
SELECT busy=1179
SELECT w0=1133
SELECT w1=958
SELECT w2=946
BUSY TASK ewma=997
DMA IRQ c0=2
DMA IRQ c1=0
DMA IRQ c2=0
DMA IRQ c3=0
SELECT busy=1195
SELECT w0=1148
SELECT w1=967
SELECT w2=954
BUSY TASK ewma=997
DMA IRQ c0=2
DMA IRQ c1=0
DMA IRQ c2=0
DMA IRQ c3=0
SELECT busy=1216
SELECT w0=1170
SELECT w1=981
SELECT w2=970
BUSY TASK ewma=997
DMA IRQ c0=2
DMA IRQ c1=0
DMA IRQ c2=0
DMA IRQ c3=0
SELECT busy=1251
SELECT w0=1205
SELECT w1=1004
SELECT w2=1000
BUSY TASK ewma=997
DMA IRQ c0=2
DMA IRQ c1=0
DMA IRQ c2=0
DMA IRQ c3=0
SELECT busy=1271
SELECT w0=1225
SELECT w1=1020
SELECT w2=1012
BUSY TASK ewma=997
DMA IRQ c0=2
DMA IRQ c1=0
DMA IRQ c2=0
DMA IRQ c3=0
SELECT busy=1291
SELECT w0=1244
SELECT w1=1028
SELECT w2=1021
BUSY TASK ewma=997
DMA IRQ c0=2
DMA IRQ c1=0
DMA IRQ c2=0
DMA IRQ c3=0
SELECT busy=1310
SELECT w0=1263
SELECT w1=1037
SELECT w2=1030
BUSY TASK ewma=997
DMA IRQ c0=2
DMA IRQ c1=0
DMA IRQ c2=0
DMA IRQ c3=0
SELECT busy=1326
SELECT w0=1279
SELECT w1=1046
SELECT w2=1040
BUSY TASK ewma=997
DMA IRQ c0=2
DMA IRQ c1=0
DMA IRQ c2=0
DMA IRQ c3=0
SELECT busy=1352
SELECT w0=1305
SELECT w1=1060
SELECT w2=1050
BUSY TASK ewma=997
DMA IRQ c0=2
DMA IRQ c1=0
DMA IRQ c2=0
DMA IRQ c3=0
SELECT busy=1376
SELECT w0=1329
SELECT w1=1073
SELECT w2=1064
BUSY TASK ewma=997
DMA IRQ c0=2
DMA IRQ c1=0
DMA IRQ c2=0
DMA IRQ c3=0
SELECT busy=1399
SELECT w0=1352
SELECT w1=1084
SELECT w2=1074
BUSY TASK ewma=997
IRQ counts: cpu0=2818 cpu1=3108 cpu2=3117 cpu3=3088
SCHED secondaries: calls=9325 unexpected=0
SECTEST switches=9309 cpu1=27590999,27200191 cpu2=24416804,22816948 cpu3=40011599,40332822
PINGPONG rounds=994 pongs=994
DMA IRQ c0=2
DMA IRQ c1=0
DMA IRQ c2=0
DMA IRQ c3=0
SELECT busy=1446
SELECT w0=1399
SELECT w1=1109
SELECT w2=1097
BUSY TASK ewma=997
DMA IRQ c0=2
DMA IRQ c1=0
DMA IRQ c2=0
DMA IRQ c3=0
SELECT busy=1474
SELECT w0=1427
SELECT w1=1124
SELECT w2=1115
BUSY TASK ewma=997
DMA IRQ c0=2
DMA IRQ c1=0
DMA IRQ c2=0
DMA IRQ c3=0
SELECT busy=1512
SELECT w0=1466
SELECT w1=1146
SELECT w2=1136
BUSY TASK ewma=997
DMA IRQ c0=2
DMA IRQ c1=0
DMA IRQ c2=0
DMA IRQ c3=0
SELECT busy=1541
SELECT w0=1495
SELECT w1=1162
SELECT w2=1153
BUSY TASK ewma=997
DMA IRQ c0=2
DMA IRQ c1=0
DMA IRQ c2=0
DMA IRQ c3=0
SELECT busy=1572
SELECT w0=1525
SELECT w1=1180
SELECT w2=1176
BUSY TASK ewma=997
DMA IRQ c0=2
DMA IRQ c1=0
DMA IRQ c2=0
DMA IRQ c3=0
SELECT busy=1594
SELECT w0=1548
SELECT w1=1190
SELECT w2=1188
BUSY TASK ewma=997
DMA IRQ c0=2
DMA IRQ c1=0
DMA IRQ c2=0
DMA IRQ c3=0
SELECT busy=1613
SELECT w0=1566
SELECT w1=1202
SELECT w2=1197
BUSY TASK ewma=997
DMA IRQ c0=2
DMA IRQ c1=0
DMA IRQ c2=0
DMA IRQ c3=0
SELECT busy=1632
SELECT w0=1585
SELECT w1=1209
SELECT w2=1205
BUSY TASK ewma=997
DMA IRQ c0=2
DMA IRQ c1=0
DMA IRQ c2=0
DMA IRQ c3=0
SELECT busy=1650
SELECT w0=1603
SELECT w1=1216
SELECT w2=1216
BUSY TASK ewma=997
DMA IRQ c0=2
DMA IRQ c1=0
DMA IRQ c2=0
DMA IRQ c3=0
SELECT busy=1673
SELECT w0=1628
SELECT w1=1234
SELECT w2=1233
BUSY TASK ewma=997
DMA IRQ c0=2
DMA IRQ c1=0
DMA IRQ c2=0
DMA IRQ c3=0
SELECT busy=1696
SELECT w0=1649
SELECT w1=1246
SELECT w2=1246
BUSY TASK ewma=997
DMA IRQ c0=2
DMA IRQ c1=0
DMA IRQ c2=0
DMA IRQ c3=0
SELECT busy=1714
SELECT w0=1667
SELECT w1=1254
SELECT w2=1253
BUSY TASK ewma=997
DMA IRQ c0=2
DMA IRQ c1=0
DMA IRQ c2=0
DMA IRQ c3=0
SELECT busy=1733
SELECT w0=1686
SELECT w1=1265
SELECT w2=1263
BUSY TASK ewma=997
DMA IRQ c0=2
DMA IRQ c1=0
DMA IRQ c2=0
DMA IRQ c3=0
SELECT busy=1752
SELECT w0=1705
SELECT w1=1271
SELECT w2=1271
BUSY TASK ewma=997
DMA IRQ c0=2
DMA IRQ c1=0
DMA IRQ c2=0
DMA IRQ c3=0
SELECT busy=1773
SELECT w0=1726
SELECT w1=1281
SELECT w2=1280
BUSY TASK ewma=997
DMA IRQ c0=2
DMA IRQ c1=0
DMA IRQ c2=0
DMA IRQ c3=0
SELECT busy=1798
SELECT w0=1751
SELECT w1=1295
SELECT w2=1291
BUSY TASK ewma=997
DMA IRQ c0=2
DMA IRQ c1=0
DMA IRQ c2=0
DMA IRQ c3=0
SELECT busy=1819
SELECT w0=1773
SELECT w1=1306
SELECT w2=1302
BUSY TASK ewma=997
DMA IRQ c0=2
DMA IRQ c1=0
DMA IRQ c2=0
DMA IRQ c3=0
SELECT busy=1834
SELECT w0=1788
SELECT w1=1313
SELECT w2=1310
BUSY TASK ewma=997
DMA IRQ c0=2
DMA IRQ c1=0
DMA IRQ c2=0
DMA IRQ c3=0
SELECT busy=1848
SELECT w0=1801
SELECT w1=1320
SELECT w2=1317
BUSY TASK ewma=997
DMA IRQ c0=2
DMA IRQ c1=0
DMA IRQ c2=0
DMA IRQ c3=0
SELECT busy=1868
SELECT w0=1821
SELECT w1=1329
SELECT w2=1328
BUSY TASK ewma=997
DMA IRQ c0=2
DMA IRQ c1=0
DMA IRQ c2=0
DMA IRQ c3=0
SELECT busy=1888
SELECT w0=1842
SELECT w1=1339
SELECT w2=1340
BUSY TASK ewma=997
DMA IRQ c0=2
DMA IRQ c1=0
DMA IRQ c2=0
DMA IRQ c3=0
SELECT busy=1910
SELECT w0=1863
SELECT w1=1351
SELECT w2=1351
BUSY TASK ewma=997
DMA IRQ c0=2
DMA IRQ c1=0
DMA IRQ c2=0
DMA IRQ c3=0
SELECT busy=1938
SELECT w0=1892
SELECT w1=1363
SELECT w2=1364
BUSY TASK ewma=997
DMA IRQ c0=2
DMA IRQ c1=0
DMA IRQ c2=0
DMA IRQ c3=0
SELECT busy=1967
SELECT w0=1920
SELECT w1=1376
SELECT w2=1377
BUSY TASK ewma=997
DMA IRQ c0=2
DMA IRQ c1=0
DMA IRQ c2=0
DMA IRQ c3=0
SELECT busy=1999
SELECT w0=1952
SELECT w1=1389
SELECT w2=1390
BUSY TASK ewma=997
DMA IRQ c0=2
DMA IRQ c1=0
DMA IRQ c2=0
DMA IRQ c3=0
SELECT busy=2030
SELECT w0=1983
SELECT w1=1402
SELECT w2=1403
BUSY TASK ewma=997
DMA IRQ c0=2
DMA IRQ c1=0
DMA IRQ c2=0
DMA IRQ c3=0
SELECT busy=2051
SELECT w0=2005
SELECT w1=1412
SELECT w2=1412
BUSY TASK ewma=997
DMA IRQ c0=2
DMA IRQ c1=0
DMA IRQ c2=0
DMA IRQ c3=0
SELECT busy=2070
SELECT w0=2023
SELECT w1=1420
SELECT w2=1420
BUSY TASK ewma=997
DMA IRQ c0=2
DMA IRQ c1=0
DMA IRQ c2=0
DMA IRQ c3=0
SELECT busy=2089
SELECT w0=2043
SELECT w1=1428
SELECT w2=1429
BUSY TASK ewma=997
DMA IRQ c0=2
DMA IRQ c1=0
DMA IRQ c2=0
DMA IRQ c3=0
SELECT busy=2110
SELECT w0=2063
SELECT w1=1437
SELECT w2=1438
BUSY TASK ewma=997
DMA IRQ c0=2
DMA IRQ c1=0
DMA IRQ c2=0
DMA IRQ c3=0
SELECT busy=2129
SELECT w0=2082
SELECT w1=1445
SELECT w2=1446
BUSY TASK ewma=997
DMA IRQ c0=2
DMA IRQ c1=0
DMA IRQ c2=0
DMA IRQ c3=0
SELECT busy=2148
SELECT w0=2101
SELECT w1=1455
SELECT w2=1455
BUSY TASK ewma=997
DMA IRQ c0=2
DMA IRQ c1=0
DMA IRQ c2=0
DMA IRQ c3=0
SELECT busy=2165
SELECT w0=2118
SELECT w1=1464
SELECT w2=1464
BUSY TASK ewma=997
DMA IRQ c0=2
DMA IRQ c1=0
DMA IRQ c2=0
DMA IRQ c3=0
SELECT busy=2182
SELECT w0=2136
SELECT w1=1470
SELECT w2=1471
BUSY TASK ewma=997
DMA IRQ c0=2
DMA IRQ c1=0
DMA IRQ c2=0
DMA IRQ c3=0
SELECT busy=2211
SELECT w0=2164
SELECT w1=1485
SELECT w2=1484
BUSY TASK ewma=997
DMA IRQ c0=2
DMA IRQ c1=0
DMA IRQ c2=0
DMA IRQ c3=0
SELECT busy=2228
SELECT w0=2181
SELECT w1=1495
SELECT w2=1495
BUSY TASK ewma=997
DMA IRQ c0=2
DMA IRQ c1=0
DMA IRQ c2=0
DMA IRQ c3=0
SELECT busy=2247
SELECT w0=2200
SELECT w1=1502
SELECT w2=1502
BUSY TASK ewma=997
DMA IRQ c0=2
DMA IRQ c1=0
DMA IRQ c2=0
DMA IRQ c3=0
SELECT busy=2279
SELECT w0=2233
SELECT w1=1522
SELECT w2=1528
BUSY TASK ewma=997
DMA IRQ c0=2
DMA IRQ c1=0
DMA IRQ c2=0
DMA IRQ c3=0
SELECT busy=2307
SELECT w0=2261
SELECT w1=1535
SELECT w2=1542
BUSY TASK ewma=997
DMA IRQ c0=2
DMA IRQ c1=0
DMA IRQ c2=0
DMA IRQ c3=0
SELECT busy=2328
SELECT w0=2282
SELECT w1=1542
SELECT w2=1551
BUSY TASK ewma=997
DMA IRQ c0=2
DMA IRQ c1=0
DMA IRQ c2=0
DMA IRQ c3=0
SELECT busy=2350
SELECT w0=2304
SELECT w1=1554
SELECT w2=1561
BUSY TASK ewma=997
DMA IRQ c0=2
DMA IRQ c1=0
DMA IRQ c2=0
DMA IRQ c3=0
SELECT busy=2370
SELECT w0=2324
SELECT w1=1561
SELECT w2=1568
BUSY TASK ewma=997
DMA IRQ c0=2
DMA IRQ c1=0
DMA IRQ c2=0
DMA IRQ c3=0
SELECT busy=2389
SELECT w0=2342
SELECT w1=1567
SELECT w2=1576
BUSY TASK ewma=997
DMA IRQ c0=2
DMA IRQ c1=0
DMA IRQ c2=0
DMA IRQ c3=0
SELECT busy=2407
SELECT w0=2360
SELECT w1=1572
SELECT w2=1581
BUSY TASK ewma=997
DMA IRQ c0=2
DMA IRQ c1=0
DMA IRQ c2=0
DMA IRQ c3=0
SELECT busy=2434
SELECT w0=2389
SELECT w1=1587
SELECT w2=1603
BUSY TASK ewma=997
DMA IRQ c0=2
DMA IRQ c1=0
DMA IRQ c2=0
DMA IRQ c3=0
SELECT busy=2452
SELECT w0=2405
SELECT w1=1596
SELECT w2=1617
BUSY TASK ewma=997
DMA IRQ c0=2
DMA IRQ c1=0
DMA IRQ c2=0
DMA IRQ c3=0
SELECT busy=2469
SELECT w0=2423
SELECT w1=1609
SELECT w2=1630
BUSY TASK ewma=997
DMA IRQ c0=2
DMA IRQ c1=0
DMA IRQ c2=0
DMA IRQ c3=0
SELECT busy=2498
SELECT w0=2451
SELECT w1=1629
SELECT w2=1643
BUSY TASK ewma=997
DMA IRQ c0=2
DMA IRQ c1=0
DMA IRQ c2=0
DMA IRQ c3=0
SELECT busy=2517
SELECT w0=2471
SELECT w1=1646
SELECT w2=1655
BUSY TASK ewma=997
DMA IRQ c0=2
DMA IRQ c1=0
DMA IRQ c2=0
DMA IRQ c3=0
SELECT busy=2543
SELECT w0=2497
SELECT w1=1662
SELECT w2=1670
BUSY TASK ewma=997
DMA IRQ c0=2
DMA IRQ c1=0
DMA IRQ c2=0
DMA IRQ c3=0
SELECT busy=2565
SELECT w0=2520
SELECT w1=1679
SELECT w2=1684
BUSY TASK ewma=997
DMA IRQ c0=2
DMA IRQ c1=0
DMA IRQ c2=0
DMA IRQ c3=0
SELECT busy=2585
SELECT w0=2541
SELECT w1=1690
SELECT w2=1699
BUSY TASK ewma=997
DMA IRQ c0=2
DMA IRQ c1=0
DMA IRQ c2=0
DMA IRQ c3=0
SELECT busy=2609
SELECT w0=2563
SELECT w1=1702
SELECT w2=1713
BUSY TASK ewma=997
DMA IRQ c0=2
DMA IRQ c1=0
DMA IRQ c2=0
DMA IRQ c3=0
SELECT busy=2642
SELECT w0=2595
SELECT w1=1724
SELECT w2=1727
BUSY TASK ewma=997
DMA IRQ c0=2
DMA IRQ c1=0
DMA IRQ c2=0
DMA IRQ c3=0
SELECT busy=2662
SELECT w0=2616
SELECT w1=1737
SELECT w2=1739
BUSY TASK ewma=997
DMA IRQ c0=2
DMA IRQ c1=0
DMA IRQ c2=0
DMA IRQ c3=0
SELECT busy=2681
SELECT w0=2635
SELECT w1=1745
SELECT w2=1746
BUSY TASK ewma=997
DMA IRQ c0=2
DMA IRQ c1=0
DMA IRQ c2=0
DMA IRQ c3=0
SELECT busy=2700
SELECT w0=2653
SELECT w1=1756
SELECT w2=1756
BUSY TASK ewma=997
DMA IRQ c0=2
DMA IRQ c1=0
DMA IRQ c2=0
DMA IRQ c3=0
SELECT busy=2722
SELECT w0=2676
SELECT w1=1772
SELECT w2=1771
BUSY TASK ewma=997
DMA IRQ c0=2
DMA IRQ c1=0
DMA IRQ c2=0
DMA IRQ c3=0
SELECT busy=2737
SELECT w0=2690
SELECT w1=1779
SELECT w2=1779
BUSY TASK ewma=997
DMA IRQ c0=2
DMA IRQ c1=0
DMA IRQ c2=0
DMA IRQ c3=0
SELECT busy=2754
SELECT w0=2708
SELECT w1=1789
SELECT w2=1788
BUSY TASK ewma=997
DMA IRQ c0=2
DMA IRQ c1=0
DMA IRQ c2=0
DMA IRQ c3=0
SELECT busy=2774
SELECT w0=2727
SELECT w1=1798
SELECT w2=1797
BUSY TASK ewma=997
DMA IRQ c0=2
DMA IRQ c1=0
DMA IRQ c2=0
DMA IRQ c3=0
SELECT busy=2794
SELECT w0=2748
SELECT w1=1808
SELECT w2=1809
BUSY TASK ewma=997
DMA IRQ c0=2
DMA IRQ c1=0
DMA IRQ c2=0
DMA IRQ c3=0
SELECT busy=2816
SELECT w0=2770
SELECT w1=1826
SELECT w2=1825
BUSY TASK ewma=997
DMA IRQ c0=2
DMA IRQ c1=0
DMA IRQ c2=0
DMA IRQ c3=0
SELECT busy=2834
SELECT w0=2788
SELECT w1=1837
SELECT w2=1836
BUSY TASK ewma=997
IRQ counts: cpu0=5658 cpu1=6154 cpu2=6189 cpu3=6070
SCHED secondaries: calls=18425 unexpected=0
SECTEST switches=18384 cpu1=63149097,61628173 cpu2=51548872,50013648 cpu3=78792801,75701470
PINGPONG rounds=1544 pongs=1545
DMA IRQ c0=2
DMA IRQ c1=0
DMA IRQ c2=0
DMA IRQ c3=0
SELECT busy=2860
SELECT w0=2814
SELECT w1=1854
SELECT w2=1852
BUSY TASK ewma=997
DMA IRQ c0=2
DMA IRQ c1=0
DMA IRQ c2=0
DMA IRQ c3=0
SELECT busy=2885
SELECT w0=2839
SELECT w1=1867
SELECT w2=1869
BUSY TASK ewma=997
DMA IRQ c0=2
DMA IRQ c1=0
DMA IRQ c2=0
DMA IRQ c3=0
SELECT busy=2905
SELECT w0=2858
SELECT w1=1874
SELECT w2=1878
BUSY TASK ewma=997
DMA IRQ c0=2
DMA IRQ c1=0
DMA IRQ c2=0
DMA IRQ c3=0
SELECT busy=2928
SELECT w0=2882
SELECT w1=1882
SELECT w2=1885
BUSY TASK ewma=997
DMA IRQ c0=2
DMA IRQ c1=0
DMA IRQ c2=0
DMA IRQ c3=0
SELECT busy=2954
SELECT w0=2908
SELECT w1=1895
SELECT w2=1900
BUSY TASK ewma=997
DMA IRQ c0=2
DMA IRQ c1=0
DMA IRQ c2=0
DMA IRQ c3=0
SELECT busy=2977
SELECT w0=2931
SELECT w1=1912
SELECT w2=1918
BUSY TASK ewma=997
DMA IRQ c0=2
DMA IRQ c1=0
DMA IRQ c2=0
DMA IRQ c3=0
SELECT busy=2997
SELECT w0=2951
SELECT w1=1929
SELECT w2=1934
BUSY TASK ewma=997
DMA IRQ c0=2
DMA IRQ c1=0
DMA IRQ c2=0
DMA IRQ c3=0
SELECT busy=3019
SELECT w0=2972
SELECT w1=1946
SELECT w2=1946
BUSY TASK ewma=997
DMA IRQ c0=2
DMA IRQ c1=0
DMA IRQ c2=0
DMA IRQ c3=0
SELECT busy=3037
SELECT w0=2990
SELECT w1=1953
SELECT w2=1954
BUSY TASK ewma=997
DMA IRQ c0=2
DMA IRQ c1=0
DMA IRQ c2=0
DMA IRQ c3=0
SELECT busy=3056
SELECT w0=3009
SELECT w1=1961
SELECT w2=1962
BUSY TASK ewma=997
DMA IRQ c0=2
DMA IRQ c1=0
DMA IRQ c2=0
DMA IRQ c3=0
SELECT busy=3076
SELECT w0=3029
SELECT w1=1968
SELECT w2=1968
BUSY TASK ewma=997
DMA IRQ c0=2
DMA IRQ c1=0
DMA IRQ c2=0
DMA IRQ c3=0
SELECT busy=3097
SELECT w0=3051
SELECT w1=1979
SELECT w2=1983
BUSY TASK ewma=997
DMA IRQ c0=2
DMA IRQ c1=0
DMA IRQ c2=0
DMA IRQ c3=0
SELECT busy=3114
SELECT w0=3068
SELECT w1=1991
SELECT w2=1992
BUSY TASK ewma=997
DMA IRQ c0=2
DMA IRQ c1=0
DMA IRQ c2=0
DMA IRQ c3=0
SELECT busy=3137
SELECT w0=3091
SELECT w1=2002
SELECT w2=2004
BUSY TASK ewma=997
DMA IRQ c0=2
DMA IRQ c1=0
DMA IRQ c2=0
DMA IRQ c3=0
SELECT busy=3156
SELECT w0=3109
SELECT w1=2013
SELECT w2=2014
BUSY TASK ewma=997
DMA IRQ c0=2
DMA IRQ c1=0
DMA IRQ c2=0
DMA IRQ c3=0
SELECT busy=3174
SELECT w0=3128
SELECT w1=2023
SELECT w2=2024
BUSY TASK ewma=997
DMA IRQ c0=2
DMA IRQ c1=0
DMA IRQ c2=0
DMA IRQ c3=0
SELECT busy=3192
SELECT w0=3147
SELECT w1=2033
SELECT w2=2038
BUSY TASK ewma=997
DMA IRQ c0=2
DMA IRQ c1=0
DMA IRQ c2=0
DMA IRQ c3=0
SELECT busy=3237
SELECT w0=3191
SELECT w1=2058
SELECT w2=2061
BUSY TASK ewma=997
DMA IRQ c0=2
DMA IRQ c1=0
DMA IRQ c2=0
DMA IRQ c3=0
SELECT busy=3261
SELECT w0=3215
SELECT w1=2069
SELECT w2=2075
BUSY TASK ewma=997
DMA IRQ c0=2
DMA IRQ c1=0
DMA IRQ c2=0
DMA IRQ c3=0
SELECT busy=3280
SELECT w0=3233
SELECT w1=2077
SELECT w2=2083
BUSY TASK ewma=997
DMA IRQ c0=2
DMA IRQ c1=0
DMA IRQ c2=0
DMA IRQ c3=0
SELECT busy=3298
SELECT w0=3252
SELECT w1=2094
SELECT w2=2099
BUSY TASK ewma=997
DMA IRQ c0=2
DMA IRQ c1=0
DMA IRQ c2=0
DMA IRQ c3=0
SELECT busy=3323
SELECT w0=3276
SELECT w1=2108
SELECT w2=2116
BUSY TASK ewma=997
DMA IRQ c0=2
DMA IRQ c1=0
DMA IRQ c2=0
DMA IRQ c3=0
SELECT busy=3335
SELECT w0=3288
SELECT w1=2114
SELECT w2=2122
BUSY TASK ewma=997
DMA IRQ c0=2
DMA IRQ c1=0
DMA IRQ c2=0
DMA IRQ c3=0
SELECT busy=3349
SELECT w0=3303
SELECT w1=2123
SELECT w2=2131
BUSY TASK ewma=997
DMA IRQ c0=2
DMA IRQ c1=0
DMA IRQ c2=0
DMA IRQ c3=0
SELECT busy=3365
SELECT w0=3319
SELECT w1=2134
SELECT w2=2142
BUSY TASK ewma=997
DMA IRQ c0=2
DMA IRQ c1=0
DMA IRQ c2=0
DMA IRQ c3=0
SELECT busy=3383
SELECT w0=3337
SELECT w1=2143
SELECT w2=2154
BUSY TASK ewma=997
DMA IRQ c0=2
DMA IRQ c1=0
DMA IRQ c2=0
DMA IRQ c3=0
SELECT busy=3398
SELECT w0=3352
SELECT w1=2151
SELECT w2=2162
BUSY TASK ewma=997
DMA IRQ c0=2
DMA IRQ c1=0
DMA IRQ c2=0
DMA IRQ c3=0
SELECT busy=3412
SELECT w0=3365
SELECT w1=2157
SELECT w2=2169
BUSY TASK ewma=997
DMA IRQ c0=2
DMA IRQ c1=0
DMA IRQ c2=0
DMA IRQ c3=0
SELECT busy=3430
SELECT w0=3384
SELECT w1=2166
SELECT w2=2178
BUSY TASK ewma=997
DMA IRQ c0=2
DMA IRQ c1=0
DMA IRQ c2=0
DMA IRQ c3=0
SELECT busy=3450
SELECT w0=3404
SELECT w1=2177
SELECT w2=2187
BUSY TASK ewma=997
DMA IRQ c0=2
DMA IRQ c1=0
DMA IRQ c2=0
DMA IRQ c3=0
SELECT busy=3470
SELECT w0=3423
SELECT w1=2186
SELECT w2=2196
BUSY TASK ewma=997
DMA IRQ c0=2
DMA IRQ c1=0
DMA IRQ c2=0
DMA IRQ c3=0
SELECT busy=3489
SELECT w0=3442
SELECT w1=2195
SELECT w2=2205
BUSY TASK ewma=997
DMA IRQ c0=2
DMA IRQ c1=0
DMA IRQ c2=0
DMA IRQ c3=0
SELECT busy=3505
SELECT w0=3458
SELECT w1=2202
SELECT w2=2213
BUSY TASK ewma=997
DMA IRQ c0=2
DMA IRQ c1=0
DMA IRQ c2=0
DMA IRQ c3=0
SELECT busy=3524
SELECT w0=3477
SELECT w1=2213
SELECT w2=2224
BUSY TASK ewma=997
DMA IRQ c0=2
DMA IRQ c1=0
DMA IRQ c2=0
DMA IRQ c3=0
SELECT busy=3539
SELECT w0=3492
SELECT w1=2219
SELECT w2=2230
BUSY TASK ewma=997
DMA IRQ c0=2
DMA IRQ c1=0
DMA IRQ c2=0
DMA IRQ c3=0
SELECT busy=3557
SELECT w0=3511
SELECT w1=2230
SELECT w2=2242
BUSY TASK ewma=997
DMA IRQ c0=2
DMA IRQ c1=0
DMA IRQ c2=0
DMA IRQ c3=0
SELECT busy=3577
SELECT w0=3531
SELECT w1=2242
SELECT w2=2254
BUSY TASK ewma=997
DMA IRQ c0=2
DMA IRQ c1=0
DMA IRQ c2=0
DMA IRQ c3=0
SELECT busy=3598
SELECT w0=3552
SELECT w1=2253
SELECT w2=2265
BUSY TASK ewma=997
DMA IRQ c0=2
DMA IRQ c1=0
DMA IRQ c2=0
DMA IRQ c3=0
SELECT busy=3615
SELECT w0=3569
SELECT w1=2264
SELECT w2=2275
BUSY TASK ewma=997
DMA IRQ c0=2
DMA IRQ c1=0
DMA IRQ c2=0
DMA IRQ c3=0
SELECT busy=3634
SELECT w0=3587
SELECT w1=2274
SELECT w2=2286
BUSY TASK ewma=997
DMA IRQ c0=2
DMA IRQ c1=0
DMA IRQ c2=0
DMA IRQ c3=0
SELECT busy=3654
SELECT w0=3608
SELECT w1=2286
SELECT w2=2300
BUSY TASK ewma=997
DMA IRQ c0=2
DMA IRQ c1=0
DMA IRQ c2=0
DMA IRQ c3=0
SELECT busy=3680
SELECT w0=3634
SELECT w1=2303
SELECT w2=2315
BUSY TASK ewma=997
DMA IRQ c0=2
DMA IRQ c1=0
DMA IRQ c2=0
DMA IRQ c3=0
SELECT busy=3699
SELECT w0=3653
SELECT w1=2315
SELECT w2=2325
BUSY TASK ewma=997
DMA IRQ c0=2
DMA IRQ c1=0
DMA IRQ c2=0
DMA IRQ c3=0
SELECT busy=3716
SELECT w0=3670
SELECT w1=2325
SELECT w2=2336
BUSY TASK ewma=997
DMA IRQ c0=2
DMA IRQ c1=0
DMA IRQ c2=0
DMA IRQ c3=0
SELECT busy=3732
SELECT w0=3686
SELECT w1=2336
SELECT w2=2349
BUSY TASK ewma=997
DMA IRQ c0=2
DMA IRQ c1=0
DMA IRQ c2=0
DMA IRQ c3=0
SELECT busy=3762
SELECT w0=3717
SELECT w1=2355
SELECT w2=2366
BUSY TASK ewma=997
DMA IRQ c0=2
DMA IRQ c1=0
DMA IRQ c2=0
DMA IRQ c3=0
SELECT busy=3795
SELECT w0=3748
SELECT w1=2371
SELECT w2=2387
BUSY TASK ewma=997
DMA IRQ c0=2
DMA IRQ c1=0
DMA IRQ c2=0
DMA IRQ c3=0
SELECT busy=3830
SELECT w0=3784
SELECT w1=2394
SELECT w2=2411
BUSY TASK ewma=997
DMA IRQ c0=2
DMA IRQ c1=0
DMA IRQ c2=0
DMA IRQ c3=0
SELECT busy=3854
SELECT w0=3808
SELECT w1=2410
SELECT w2=2427
BUSY TASK ewma=997
DMA IRQ c0=2
DMA IRQ c1=0
DMA IRQ c2=0
DMA IRQ c3=0
SELECT busy=3877
SELECT w0=3831
SELECT w1=2421
SELECT w2=2442
BUSY TASK ewma=997
DMA IRQ c0=2
DMA IRQ c1=0
DMA IRQ c2=0
DMA IRQ c3=0
SELECT busy=3898
SELECT w0=3851
SELECT w1=2427
SELECT w2=2450
BUSY TASK ewma=997
DMA IRQ c0=2
DMA IRQ c1=0
DMA IRQ c2=0
DMA IRQ c3=0
SELECT busy=3918
SELECT w0=3872
SELECT w1=2438
SELECT w2=2465
BUSY TASK ewma=997
DMA IRQ c0=2
DMA IRQ c1=0
DMA IRQ c2=0
DMA IRQ c3=0
SELECT busy=3938
SELECT w0=3891
SELECT w1=2449
SELECT w2=2476
BUSY TASK ewma=997
DMA IRQ c0=2
DMA IRQ c1=0
DMA IRQ c2=0
DMA IRQ c3=0
SELECT busy=3955
SELECT w0=3909
SELECT w1=2455
SELECT w2=2485
BUSY TASK ewma=997
DMA IRQ c0=2
DMA IRQ c1=0
DMA IRQ c2=0
DMA IRQ c3=0
SELECT busy=3973
SELECT w0=3926
SELECT w1=2463
SELECT w2=2493
BUSY TASK ewma=997
DMA IRQ c0=2
DMA IRQ c1=0
DMA IRQ c2=0
DMA IRQ c3=0
SELECT busy=3993
SELECT w0=3946
SELECT w1=2471
SELECT w2=2503
BUSY TASK ewma=997
DMA IRQ c0=2
DMA IRQ c1=0
DMA IRQ c2=0
DMA IRQ c3=0
SELECT busy=4013
SELECT w0=3967
SELECT w1=2479
SELECT w2=2513
BUSY TASK ewma=997
DMA IRQ c0=2
DMA IRQ c1=0
DMA IRQ c2=0
DMA IRQ c3=0
SELECT busy=4033
SELECT w0=3986
SELECT w1=2487
SELECT w2=2523
BUSY TASK ewma=997
DMA IRQ c0=2
DMA IRQ c1=0
DMA IRQ c2=0
DMA IRQ c3=0
SELECT busy=4050
SELECT w0=4003
SELECT w1=2494
SELECT w2=2534
BUSY TASK ewma=997
DMA IRQ c0=2
DMA IRQ c1=0
DMA IRQ c2=0
DMA IRQ c3=0
SELECT busy=4067
SELECT w0=4020
SELECT w1=2501
SELECT w2=2542
BUSY TASK ewma=997
DMA IRQ c0=2
DMA IRQ c1=0
DMA IRQ c2=0
DMA IRQ c3=0
SELECT busy=4087
SELECT w0=4040
SELECT w1=2509
SELECT w2=2552
BUSY TASK ewma=997
DMA IRQ c0=2
DMA IRQ c1=0
DMA IRQ c2=0
DMA IRQ c3=0
SELECT busy=4105
SELECT w0=4059
SELECT w1=2518
SELECT w2=2563
BUSY TASK ewma=997
DMA IRQ c0=2
DMA IRQ c1=0
DMA IRQ c2=0
DMA IRQ c3=0
SELECT busy=4137
SELECT w0=4090
SELECT w1=2535
SELECT w2=2581
BUSY TASK ewma=997
DMA IRQ c0=2
DMA IRQ c1=0
DMA IRQ c2=0
DMA IRQ c3=0
SELECT busy=4163
SELECT w0=4117
SELECT w1=2547
SELECT w2=2597
BUSY TASK ewma=997
IRQ counts: cpu0=8318 cpu1=9135 cpu2=9287 cpu3=9054
SCHED secondaries: calls=27492 unexpected=0
SECTEST switches=27475 cpu1=98589522,96161568 cpu2=82266180,78446955 cpu3=120798053,115603899
PINGPONG rounds=2000 pongs=2000
DMA IRQ c0=2
DMA IRQ c1=0
DMA IRQ c2=0
DMA IRQ c3=0
SELECT busy=4198
SELECT w0=4152
SELECT w1=2564
SELECT w2=2623
BUSY TASK ewma=997
DMA IRQ c0=2
DMA IRQ c1=0
DMA IRQ c2=0
DMA IRQ c3=0
SELECT busy=4214
SELECT w0=4167
SELECT w1=2573
SELECT w2=2632
BUSY TASK ewma=997
DMA IRQ c0=2
DMA IRQ c1=0
DMA IRQ c2=0
DMA IRQ c3=0
SELECT busy=4232
SELECT w0=4186
SELECT w1=2586
SELECT w2=2650
BUSY TASK ewma=997
DMA IRQ c0=2
DMA IRQ c1=0
DMA IRQ c2=0
DMA IRQ c3=0
SELECT busy=4256
SELECT w0=4210
SELECT w1=2600
SELECT w2=2665
BUSY TASK ewma=997
DMA IRQ c0=2
DMA IRQ c1=0
DMA IRQ c2=0
DMA IRQ c3=0
SELECT busy=4281
SELECT w0=4235
SELECT w1=2613
SELECT w2=2680
BUSY TASK ewma=997
DMA IRQ c0=2
DMA IRQ c1=0
DMA IRQ c2=0
DMA IRQ c3=0
SELECT busy=4307
SELECT w0=4262
SELECT w1=2624
SELECT w2=2696
BUSY TASK ewma=997
DMA IRQ c0=2
DMA IRQ c1=0
DMA IRQ c2=0
DMA IRQ c3=0
SELECT busy=4338
SELECT w0=4292
SELECT w1=2639
SELECT w2=2714
BUSY TASK ewma=997
DMA IRQ c0=2
DMA IRQ c1=0
DMA IRQ c2=0
DMA IRQ c3=0
SELECT busy=4364
SELECT w0=4317
SELECT w1=2648
SELECT w2=2726
BUSY TASK ewma=997
DMA IRQ c0=2
DMA IRQ c1=0
DMA IRQ c2=0
DMA IRQ c3=0
SELECT busy=4382
SELECT w0=4336
SELECT w1=2655
SELECT w2=2735
BUSY TASK ewma=997
DMA IRQ c0=2
DMA IRQ c1=0
DMA IRQ c2=0
DMA IRQ c3=0
SELECT busy=4401
SELECT w0=4355
SELECT w1=2665
SELECT w2=2749
BUSY TASK ewma=997
DMA IRQ c0=2
DMA IRQ c1=0
DMA IRQ c2=0
DMA IRQ c3=0
SELECT busy=4424
SELECT w0=4379
SELECT w1=2676
SELECT w2=2769
BUSY TASK ewma=997
DMA IRQ c0=2
DMA IRQ c1=0
DMA IRQ c2=0
DMA IRQ c3=0
SELECT busy=4447
SELECT w0=4401
SELECT w1=2688
SELECT w2=2787
BUSY TASK ewma=997
DMA IRQ c0=2
DMA IRQ c1=0
DMA IRQ c2=0
DMA IRQ c3=0
SELECT busy=4471
SELECT w0=4425
SELECT w1=2699
SELECT w2=2807
BUSY TASK ewma=997
DMA IRQ c0=2
DMA IRQ c1=0
DMA IRQ c2=0
DMA IRQ c3=0
SELECT busy=4491
SELECT w0=4444
SELECT w1=2707
SELECT w2=2818
BUSY TASK ewma=997
DMA IRQ c0=2
DMA IRQ c1=0
DMA IRQ c2=0
DMA IRQ c3=0
SELECT busy=4508
SELECT w0=4461
SELECT w1=2714
SELECT w2=2825
BUSY TASK ewma=997
DMA IRQ c0=2
DMA IRQ c1=0
DMA IRQ c2=0
DMA IRQ c3=0
SELECT busy=4525
SELECT w0=4479
SELECT w1=2719
SELECT w2=2835
BUSY TASK ewma=997
DMA IRQ c0=2
DMA IRQ c1=0
DMA IRQ c2=0
DMA IRQ c3=0
SELECT busy=4544
SELECT w0=4497
SELECT w1=2726
SELECT w2=2844
BUSY TASK ewma=997
DMA IRQ c0=2
DMA IRQ c1=0
DMA IRQ c2=0
DMA IRQ c3=0
SELECT busy=4559
SELECT w0=4513
SELECT w1=2735
SELECT w2=2856
BUSY TASK ewma=997
DMA IRQ c0=2
DMA IRQ c1=0
DMA IRQ c2=0
DMA IRQ c3=0
SELECT busy=4583
SELECT w0=4537
SELECT w1=2746
SELECT w2=2873
BUSY TASK ewma=997
DMA IRQ c0=2
DMA IRQ c1=0
DMA IRQ c2=0
DMA IRQ c3=0
SELECT busy=4602
SELECT w0=4555
SELECT w1=2751
SELECT w2=2879
BUSY TASK ewma=997
DMA IRQ c0=2
DMA IRQ c1=0
DMA IRQ c2=0
DMA IRQ c3=0
SELECT busy=4625
SELECT w0=4579
SELECT w1=2761
SELECT w2=2894
BUSY TASK ewma=997
DMA IRQ c0=2
DMA IRQ c1=0
DMA IRQ c2=0
DMA IRQ c3=0
SELECT busy=4645
SELECT w0=4599
SELECT w1=2769
SELECT w2=2903
BUSY TASK ewma=997
DMA IRQ c0=2
DMA IRQ c1=0
DMA IRQ c2=0
DMA IRQ c3=0
SELECT busy=4665
SELECT w0=4618
SELECT w1=2777
SELECT w2=2913
BUSY TASK ewma=997
DMA IRQ c0=2
DMA IRQ c1=0
DMA IRQ c2=0
DMA IRQ c3=0
SELECT busy=4690
SELECT w0=4643
SELECT w1=2789
SELECT w2=2929
BUSY TASK ewma=997
DMA IRQ c0=2
DMA IRQ c1=0
DMA IRQ c2=0
DMA IRQ c3=0
SELECT busy=4711
SELECT w0=4664
SELECT w1=2797
SELECT w2=2940
BUSY TASK ewma=997
DMA IRQ c0=2
DMA IRQ c1=0
DMA IRQ c2=0
DMA IRQ c3=0
SELECT busy=4731
SELECT w0=4684
SELECT w1=2805
SELECT w2=2949
BUSY TASK ewma=997
DMA IRQ c0=2
DMA IRQ c1=0
DMA IRQ c2=0
DMA IRQ c3=0
SELECT busy=4750
SELECT w0=4703
SELECT w1=2812
SELECT w2=2958
BUSY TASK ewma=997
DMA IRQ c0=2
DMA IRQ c1=0
DMA IRQ c2=0
DMA IRQ c3=0
SELECT busy=4772
SELECT w0=4726
SELECT w1=2821
SELECT w2=2975
BUSY TASK ewma=997
DMA IRQ c0=2
DMA IRQ c1=0
DMA IRQ c2=0
DMA IRQ c3=0
SELECT busy=4790
SELECT w0=4745
SELECT w1=2831
SELECT w2=2988
BUSY TASK ewma=997
DMA IRQ c0=2
DMA IRQ c1=0
DMA IRQ c2=0
DMA IRQ c3=0
SELECT busy=4813
SELECT w0=4767
SELECT w1=2841
SELECT w2=3000
BUSY TASK ewma=997
DMA IRQ c0=2
DMA IRQ c1=0
DMA IRQ c2=0
DMA IRQ c3=0
SELECT busy=4842
SELECT w0=4796
SELECT w1=2857
SELECT w2=3027
BUSY TASK ewma=997
DMA IRQ c0=2
DMA IRQ c1=0
DMA IRQ c2=0
DMA IRQ c3=0
SELECT busy=4873
SELECT w0=4827
SELECT w1=2874
SELECT w2=3046
BUSY TASK ewma=997
DMA IRQ c0=2
DMA IRQ c1=0
DMA IRQ c2=0
DMA IRQ c3=0
SELECT busy=4897
SELECT w0=4851
SELECT w1=2887
SELECT w2=3071
BUSY TASK ewma=997
DMA IRQ c0=2
DMA IRQ c1=0
DMA IRQ c2=0
DMA IRQ c3=0
SELECT busy=4917
SELECT w0=4871
SELECT w1=2899
SELECT w2=3091
BUSY TASK ewma=997
DMA IRQ c0=2
DMA IRQ c1=0
DMA IRQ c2=0
DMA IRQ c3=0
SELECT busy=4936
SELECT w0=4889
SELECT w1=2907
SELECT w2=3100
BUSY TASK ewma=997
DMA IRQ c0=2
DMA IRQ c1=0
DMA IRQ c2=0
DMA IRQ c3=0
SELECT busy=4948
SELECT w0=4901
SELECT w1=2914
SELECT w2=3105
BUSY TASK ewma=997
DMA IRQ c0=2
DMA IRQ c1=0
DMA IRQ c2=0
DMA IRQ c3=0
SELECT busy=4970
SELECT w0=4925
SELECT w1=2928
SELECT w2=3121
BUSY TASK ewma=997
DMA IRQ c0=2
DMA IRQ c1=0
DMA IRQ c2=0
DMA IRQ c3=0
SELECT busy=4997
SELECT w0=4951
SELECT w1=2939
SELECT w2=3140
BUSY TASK ewma=997
DMA IRQ c0=2
DMA IRQ c1=0
DMA IRQ c2=0
DMA IRQ c3=0
SELECT busy=5025
SELECT w0=4979
SELECT w1=2951
SELECT w2=3159
BUSY TASK ewma=997
DMA IRQ c0=2
DMA IRQ c1=0
DMA IRQ c2=0
DMA IRQ c3=0
SELECT busy=5046
SELECT w0=5000
SELECT w1=2961
SELECT w2=3170
BUSY TASK ewma=997
DMA IRQ c0=2
DMA IRQ c1=0
DMA IRQ c2=0
DMA IRQ c3=0
SELECT busy=5065
SELECT w0=5019
SELECT w1=2970
SELECT w2=3183
BUSY TASK ewma=997
DMA IRQ c0=2
DMA IRQ c1=0
DMA IRQ c2=0
DMA IRQ c3=0
SELECT busy=5085
SELECT w0=5039
SELECT w1=2981
SELECT w2=3198
BUSY TASK ewma=997
DMA IRQ c0=2
DMA IRQ c1=0
DMA IRQ c2=0
DMA IRQ c3=0
SELECT busy=5120
SELECT w0=5074
SELECT w1=3000
SELECT w2=3218
BUSY TASK ewma=997
DMA IRQ c0=2
DMA IRQ c1=0
DMA IRQ c2=0
DMA IRQ c3=0
SELECT busy=5150
SELECT w0=5103
SELECT w1=3012
SELECT w2=3233
BUSY TASK ewma=997
DMA IRQ c0=2
DMA IRQ c1=0
DMA IRQ c2=0
DMA IRQ c3=0
SELECT busy=5167
SELECT w0=5120
SELECT w1=3020
SELECT w2=3242
BUSY TASK ewma=997
DMA IRQ c0=2
DMA IRQ c1=0
DMA IRQ c2=0
DMA IRQ c3=0
SELECT busy=5186
SELECT w0=5140
SELECT w1=3030
SELECT w2=3255
BUSY TASK ewma=997
DMA IRQ c0=2
DMA IRQ c1=0
DMA IRQ c2=0
DMA IRQ c3=0
SELECT busy=5206
SELECT w0=5160
SELECT w1=3042
SELECT w2=3269
BUSY TASK ewma=997
DMA IRQ c0=2
DMA IRQ c1=0
DMA IRQ c2=0
DMA IRQ c3=0
SELECT busy=5239
SELECT w0=5192
SELECT w1=3054
SELECT w2=3284
BUSY TASK ewma=997
DMA IRQ c0=2
DMA IRQ c1=0
DMA IRQ c2=0
DMA IRQ c3=0
SELECT busy=5264
SELECT w0=5218
SELECT w1=3064
SELECT w2=3296
BUSY TASK ewma=997
DMA IRQ c0=2
DMA IRQ c1=0
DMA IRQ c2=0
DMA IRQ c3=0
SELECT busy=5283
SELECT w0=5237
SELECT w1=3072
SELECT w2=3305
BUSY TASK ewma=997
DMA IRQ c0=2
DMA IRQ c1=0
DMA IRQ c2=0
DMA IRQ c3=0
SELECT busy=5304
SELECT w0=5258
SELECT w1=3081
SELECT w2=3316
BUSY TASK ewma=997
DMA IRQ c0=2
DMA IRQ c1=0
DMA IRQ c2=0
DMA IRQ c3=0
SELECT busy=5327
SELECT w0=5282
SELECT w1=3091
SELECT w2=3329
BUSY TASK ewma=997
DMA IRQ c0=2
DMA IRQ c1=0
DMA IRQ c2=0
DMA IRQ c3=0
SELECT busy=5347
SELECT w0=5301
SELECT w1=3107
SELECT w2=3341
BUSY TASK ewma=997
DMA IRQ c0=2
DMA IRQ c1=0
DMA IRQ c2=0
DMA IRQ c3=0
SELECT busy=5370
SELECT w0=5324
SELECT w1=3117
SELECT w2=3355
BUSY TASK ewma=997
DMA IRQ c0=2
DMA IRQ c1=0
DMA IRQ c2=0
DMA IRQ c3=0
SELECT busy=5388
SELECT w0=5341
SELECT w1=3124
SELECT w2=3361
BUSY TASK ewma=997
DMA IRQ c0=2
DMA IRQ c1=0
DMA IRQ c2=0
DMA IRQ c3=0
SELECT busy=5408
SELECT w0=5362
SELECT w1=3130
SELECT w2=3370
BUSY TASK ewma=997
DMA IRQ c0=2
DMA IRQ c1=0
DMA IRQ c2=0
DMA IRQ c3=0
SELECT busy=5428
SELECT w0=5381
SELECT w1=3136
SELECT w2=3379
BUSY TASK ewma=997
DMA IRQ c0=2
DMA IRQ c1=0
DMA IRQ c2=0
DMA IRQ c3=0
SELECT busy=5447
SELECT w0=5401
SELECT w1=3144
SELECT w2=3391
BUSY TASK ewma=997
DMA IRQ c0=2
DMA IRQ c1=0
DMA IRQ c2=0
DMA IRQ c3=0
SELECT busy=5462
SELECT w0=5415
SELECT w1=3150
SELECT w2=3397
BUSY TASK ewma=997
DMA IRQ c0=2
DMA IRQ c1=0
DMA IRQ c2=0
DMA IRQ c3=0
SELECT busy=5476
SELECT w0=5429
SELECT w1=3154
SELECT w2=3405
BUSY TASK ewma=997
DMA IRQ c0=2
DMA IRQ c1=0
DMA IRQ c2=0
DMA IRQ c3=0
SELECT busy=5496
SELECT w0=5449
SELECT w1=3161
SELECT w2=3413
BUSY TASK ewma=997
DMA IRQ c0=2
DMA IRQ c1=0
DMA IRQ c2=0
DMA IRQ c3=0
SELECT busy=5513
SELECT w0=5466
SELECT w1=3167
SELECT w2=3420
BUSY TASK ewma=997
DMA IRQ c0=2
DMA IRQ c1=0
DMA IRQ c2=0
DMA IRQ c3=0
SELECT busy=5533
SELECT w0=5487
SELECT w1=3177
SELECT w2=3435
BUSY TASK ewma=997
DMA IRQ c0=2
DMA IRQ c1=0
DMA IRQ c2=0
DMA IRQ c3=0
SELECT busy=5562
SELECT w0=5516
SELECT w1=3190
SELECT w2=3452
BUSY TASK ewma=997
IRQ counts: cpu0=11110 cpu1=12339 cpu2=12696 cpu3=12366
SCHED secondaries: calls=37405 unexpected=0
SECTEST switches=37373 cpu1=133055877,128584298 cpu2=116004925,111079551 cpu3=164183415,157510269
PINGPONG rounds=2000 pongs=2000
DMA IRQ c0=2
DMA IRQ c1=0
DMA IRQ c2=0
DMA IRQ c3=0
SELECT busy=5584
SELECT w0=5537
SELECT w1=3199
SELECT w2=3465
BUSY TASK ewma=997
DMA IRQ c0=2
DMA IRQ c1=0
DMA IRQ c2=0
DMA IRQ c3=0
SELECT busy=5603
SELECT w0=5556
SELECT w1=3206
SELECT w2=3475
BUSY TASK ewma=997
DMA IRQ c0=2
DMA IRQ c1=0
DMA IRQ c2=0
DMA IRQ c3=0
SELECT busy=5622
SELECT w0=5575
SELECT w1=3215
SELECT w2=3485
BUSY TASK ewma=997
DMA IRQ c0=2
DMA IRQ c1=0
DMA IRQ c2=0
DMA IRQ c3=0
SELECT busy=5651
SELECT w0=5607
SELECT w1=3234
SELECT w2=3503
BUSY TASK ewma=997
DMA IRQ c0=2
DMA IRQ c1=0
DMA IRQ c2=0
DMA IRQ c3=0
SELECT busy=5678
SELECT w0=5631
SELECT w1=3245
SELECT w2=3513
BUSY TASK ewma=997
DMA IRQ c0=2
DMA IRQ c1=0
DMA IRQ c2=0
DMA IRQ c3=0
SELECT busy=5699
SELECT w0=5656
SELECT w1=3254
SELECT w2=3523
BUSY TASK ewma=997
DMA IRQ c0=2
DMA IRQ c1=0
DMA IRQ c2=0
DMA IRQ c3=0
SELECT busy=5729
SELECT w0=5683
SELECT w1=3266
SELECT w2=3539
BUSY TASK ewma=997
DMA IRQ c0=2
DMA IRQ c1=0
DMA IRQ c2=0
DMA IRQ c3=0
SELECT busy=5757
SELECT w0=5710
SELECT w1=3284
SELECT w2=3555
BUSY TASK ewma=997
DMA IRQ c0=2
DMA IRQ c1=0
DMA IRQ c2=0
DMA IRQ c3=0
SELECT busy=5773
SELECT w0=5726
SELECT w1=3292
SELECT w2=3564
BUSY TASK ewma=997
DMA IRQ c0=2
DMA IRQ c1=0
DMA IRQ c2=0
DMA IRQ c3=0
SELECT busy=5791
SELECT w0=5746
SELECT w1=3304
SELECT w2=3578
BUSY TASK ewma=997
DMA IRQ c0=2
DMA IRQ c1=0
DMA IRQ c2=0
DMA IRQ c3=0
SELECT busy=5811
SELECT w0=5764
SELECT w1=3313
SELECT w2=3590
BUSY TASK ewma=997
DMA IRQ c0=2
DMA IRQ c1=0
DMA IRQ c2=0
DMA IRQ c3=0
SELECT busy=5828
SELECT w0=5781
SELECT w1=3322
SELECT w2=3598
BUSY TASK ewma=997
DMA IRQ c0=2
DMA IRQ c1=0
DMA IRQ c2=0
DMA IRQ c3=0
SELECT busy=5850
SELECT w0=5804
SELECT w1=3331
SELECT w2=3609
BUSY TASK ewma=997
DMA IRQ c0=2
DMA IRQ c1=0
DMA IRQ c2=0
DMA IRQ c3=0
SELECT busy=5865
SELECT w0=5819
SELECT w1=3338
SELECT w2=3619
BUSY TASK ewma=997
DMA IRQ c0=2
DMA IRQ c1=0
DMA IRQ c2=0
DMA IRQ c3=0
SELECT busy=5881
SELECT w0=5835
SELECT w1=3347
SELECT w2=3630
BUSY TASK ewma=997
DMA IRQ c0=2
DMA IRQ c1=0
DMA IRQ c2=0
DMA IRQ c3=0
SELECT busy=5903
SELECT w0=5857
SELECT w1=3357
SELECT w2=3641
BUSY TASK ewma=997
DMA IRQ c0=2
DMA IRQ c1=0
DMA IRQ c2=0
DMA IRQ c3=0
SELECT busy=5920
SELECT w0=5873
SELECT w1=3366
SELECT w2=3649
BUSY TASK ewma=997
DMA IRQ c0=2
DMA IRQ c1=0
DMA IRQ c2=0
DMA IRQ c3=0
SELECT busy=5933
SELECT w0=5888
SELECT w1=3373
SELECT w2=3660
BUSY TASK ewma=997
DMA IRQ c0=2
DMA IRQ c1=0
DMA IRQ c2=0
DMA IRQ c3=0
SELECT busy=5960
SELECT w0=5913
SELECT w1=3384
SELECT w2=3674
BUSY TASK ewma=997
DMA IRQ c0=2
DMA IRQ c1=0
DMA IRQ c2=0
DMA IRQ c3=0
SELECT busy=5980
SELECT w0=5933
SELECT w1=3392
SELECT w2=3686
BUSY TASK ewma=997
DMA IRQ c0=2
DMA IRQ c1=0
DMA IRQ c2=0
DMA IRQ c3=0
SELECT busy=6001
SELECT w0=5955
SELECT w1=3403
SELECT w2=3706
BUSY TASK ewma=997
DMA IRQ c0=2
DMA IRQ c1=0
DMA IRQ c2=0
DMA IRQ c3=0
SELECT busy=6022
SELECT w0=5976
SELECT w1=3415
SELECT w2=3726
BUSY TASK ewma=997
DMA IRQ c0=2
DMA IRQ c1=0
DMA IRQ c2=0
DMA IRQ c3=0
SELECT busy=6045
SELECT w0=5999
SELECT w1=3423
SELECT w2=3734
BUSY TASK ewma=997
DMA IRQ c0=2
DMA IRQ c1=0
DMA IRQ c2=0
DMA IRQ c3=0
SELECT busy=6069
SELECT w0=6023
SELECT w1=3433
SELECT w2=3746
BUSY TASK ewma=997
DMA IRQ c0=2
DMA IRQ c1=0
DMA IRQ c2=0
DMA IRQ c3=0
SELECT busy=6092
SELECT w0=6046
SELECT w1=3441
SELECT w2=3760
BUSY TASK ewma=997
DMA IRQ c0=2
DMA IRQ c1=0
DMA IRQ c2=0
DMA IRQ c3=0
SELECT busy=6112
SELECT w0=6065
SELECT w1=3447
SELECT w2=3767
BUSY TASK ewma=997
DMA IRQ c0=2
DMA IRQ c1=0
DMA IRQ c2=0
DMA IRQ c3=0
SELECT busy=6132
SELECT w0=6085
SELECT w1=3456
SELECT w2=3778
BUSY TASK ewma=997
DMA IRQ c0=2
DMA IRQ c1=0
DMA IRQ c2=0
DMA IRQ c3=0
SELECT busy=6150
SELECT w0=6104
SELECT w1=3462
SELECT w2=3788
BUSY TASK ewma=997
DMA IRQ c0=2
DMA IRQ c1=0
DMA IRQ c2=0
DMA IRQ c3=0
SELECT busy=6172
SELECT w0=6126
SELECT w1=3476
SELECT w2=3801
BUSY TASK ewma=997
DMA IRQ c0=2
DMA IRQ c1=0
DMA IRQ c2=0
DMA IRQ c3=0
SELECT busy=6194
SELECT w0=6147
SELECT w1=3484
SELECT w2=3812
BUSY TASK ewma=997
DMA IRQ c0=2
DMA IRQ c1=0
DMA IRQ c2=0
DMA IRQ c3=0
SELECT busy=6214
SELECT w0=6168
SELECT w1=3495
SELECT w2=3827
BUSY TASK ewma=997
DMA IRQ c0=2
DMA IRQ c1=0
DMA IRQ c2=0
DMA IRQ c3=0
SELECT busy=6233
SELECT w0=6187
SELECT w1=3504
SELECT w2=3841
BUSY TASK ewma=997
DMA IRQ c0=2
DMA IRQ c1=0
DMA IRQ c2=0
DMA IRQ c3=0
SELECT busy=6261
SELECT w0=6216
SELECT w1=3521
SELECT w2=3860
BUSY TASK ewma=997
DMA IRQ c0=2
DMA IRQ c1=0
DMA IRQ c2=0
DMA IRQ c3=0
SELECT busy=6282
SELECT w0=6236
SELECT w1=3531
SELECT w2=3874
BUSY TASK ewma=997
DMA IRQ c0=2
DMA IRQ c1=0
DMA IRQ c2=0
DMA IRQ c3=0
SELECT busy=6300
SELECT w0=6254
SELECT w1=3539
SELECT w2=3889
BUSY TASK ewma=997
DMA IRQ c0=2
DMA IRQ c1=0
DMA IRQ c2=0
DMA IRQ c3=0
SELECT busy=6325
SELECT w0=6278
SELECT w1=3550
SELECT w2=3901
BUSY TASK ewma=997
DMA IRQ c0=2
DMA IRQ c1=0
DMA IRQ c2=0
DMA IRQ c3=0
SELECT busy=6344
SELECT w0=6298
SELECT w1=3558
SELECT w2=3912
BUSY TASK ewma=997
DMA IRQ c0=2
DMA IRQ c1=0
DMA IRQ c2=0
DMA IRQ c3=0
SELECT busy=6365
SELECT w0=6319
SELECT w1=3566
SELECT w2=3922
BUSY TASK ewma=997
DMA IRQ c0=2
DMA IRQ c1=0
DMA IRQ c2=0
DMA IRQ c3=0
SELECT busy=6381
SELECT w0=6335
SELECT w1=3573
SELECT w2=3930
BUSY TASK ewma=997
DMA IRQ c0=2
DMA IRQ c1=0
DMA IRQ c2=0
DMA IRQ c3=0
SELECT busy=6398
SELECT w0=6352
SELECT w1=3580
SELECT w2=3940
BUSY TASK ewma=997
DMA IRQ c0=2
DMA IRQ c1=0
DMA IRQ c2=0
DMA IRQ c3=0
SELECT busy=6413
SELECT w0=6367
SELECT w1=3588
SELECT w2=3948
BUSY TASK ewma=997
DMA IRQ c0=2
DMA IRQ c1=0
DMA IRQ c2=0
DMA IRQ c3=0
SELECT busy=6434
SELECT w0=6388
SELECT w1=3598
SELECT w2=3961
BUSY TASK ewma=997
DMA IRQ c0=2
DMA IRQ c1=0
DMA IRQ c2=0
DMA IRQ c3=0
SELECT busy=6453
SELECT w0=6406
SELECT w1=3606
SELECT w2=3969
BUSY TASK ewma=997
DMA IRQ c0=2
DMA IRQ c1=0
DMA IRQ c2=0
DMA IRQ c3=0
SELECT busy=6473
SELECT w0=6426
SELECT w1=3616
SELECT w2=3981
BUSY TASK ewma=997
DMA IRQ c0=2
DMA IRQ c1=0
DMA IRQ c2=0
DMA IRQ c3=0
SELECT busy=6493
SELECT w0=6446
SELECT w1=3626
SELECT w2=3992
BUSY TASK ewma=997
DMA IRQ c0=2
DMA IRQ c1=0
DMA IRQ c2=0
DMA IRQ c3=0
SELECT busy=6507
SELECT w0=6461
SELECT w1=3634
SELECT w2=4003
BUSY TASK ewma=997
DMA IRQ c0=2
DMA IRQ c1=0
DMA IRQ c2=0
DMA IRQ c3=0
SELECT busy=6523
SELECT w0=6477
SELECT w1=3643
SELECT w2=4013
BUSY TASK ewma=997
DMA IRQ c0=2
DMA IRQ c1=0
DMA IRQ c2=0
DMA IRQ c3=0
SELECT busy=6558
SELECT w0=6512
SELECT w1=3660
SELECT w2=4031
BUSY TASK ewma=997
DMA IRQ c0=2
DMA IRQ c1=0
DMA IRQ c2=0
DMA IRQ c3=0
SELECT busy=6572
SELECT w0=6530
SELECT w1=3668
SELECT w2=4039
BUSY TASK ewma=997
DMA IRQ c0=2
DMA IRQ c1=0
DMA IRQ c2=0
DMA IRQ c3=0
SELECT busy=6605
SELECT w0=6558
SELECT w1=3683
SELECT w2=4052
BUSY TASK ewma=997
DMA IRQ c0=2
DMA IRQ c1=0
DMA IRQ c2=0
DMA IRQ c3=0
SELECT busy=6622
SELECT w0=6575
SELECT w1=3691
SELECT w2=4064
BUSY TASK ewma=997
DMA IRQ c0=2
DMA IRQ c1=0
DMA IRQ c2=0
DMA IRQ c3=0
SELECT busy=6644
SELECT w0=6598
SELECT w1=3702
SELECT w2=4081
BUSY TASK ewma=997
DMA IRQ c0=2
DMA IRQ c1=0
DMA IRQ c2=0
DMA IRQ c3=0
SELECT busy=6659
SELECT w0=6613
SELECT w1=3711
SELECT w2=4091
BUSY TASK ewma=997
DMA IRQ c0=2
DMA IRQ c1=0
DMA IRQ c2=0
DMA IRQ c3=0
SELECT busy=6679
SELECT w0=6632
SELECT w1=3719
SELECT w2=4101
BUSY TASK ewma=997
DMA IRQ c0=2
DMA IRQ c1=0
DMA IRQ c2=0
DMA IRQ c3=0
SELECT busy=6698
SELECT w0=6653
SELECT w1=3730
SELECT w2=4121
BUSY TASK ewma=997
DMA IRQ c0=2
DMA IRQ c1=0
DMA IRQ c2=0
DMA IRQ c3=0
SELECT busy=6718
SELECT w0=6672
SELECT w1=3739
SELECT w2=4138
BUSY TASK ewma=997
DMA IRQ c0=2
DMA IRQ c1=0
DMA IRQ c2=0
DMA IRQ c3=0
SELECT busy=6735
SELECT w0=6688
SELECT w1=3746
SELECT w2=4147
BUSY TASK ewma=997
DMA IRQ c0=2
DMA IRQ c1=0
DMA IRQ c2=0
DMA IRQ c3=0
SELECT busy=6758
SELECT w0=6712
SELECT w1=3757
SELECT w2=4167
BUSY TASK ewma=997
DMA IRQ c0=2
DMA IRQ c1=0
DMA IRQ c2=0
DMA IRQ c3=0
SELECT busy=6780
SELECT w0=6733
SELECT w1=3765
SELECT w2=4183
BUSY TASK ewma=997
DMA IRQ c0=2
DMA IRQ c1=0
DMA IRQ c2=0
DMA IRQ c3=0
SELECT busy=6799
SELECT w0=6753
SELECT w1=3776
SELECT w2=4200
BUSY TASK ewma=997
DMA IRQ c0=2
DMA IRQ c1=0
DMA IRQ c2=0
DMA IRQ c3=0
SELECT busy=6818
SELECT w0=6772
SELECT w1=3783
SELECT w2=4208
BUSY TASK ewma=997
DMA IRQ c0=2
DMA IRQ c1=0
DMA IRQ c2=0
DMA IRQ c3=0
SELECT busy=6837
SELECT w0=6791
SELECT w1=3793
SELECT w2=4220
BUSY TASK ewma=997
DMA IRQ c0=2
DMA IRQ c1=0
DMA IRQ c2=0
DMA IRQ c3=0
SELECT busy=6861
SELECT w0=6815
SELECT w1=3803
SELECT w2=4234
BUSY TASK ewma=997
DMA IRQ c0=2
DMA IRQ c1=0
DMA IRQ c2=0
DMA IRQ c3=0
SELECT busy=6879
SELECT w0=6835
SELECT w1=3812
SELECT w2=4244
BUSY TASK ewma=997
IRQ counts: cpu0=13756 cpu1=15463 cpu2=15864 cpu3=15396
SCHED secondaries: calls=46736 unexpected=0
SECTEST switches=46705 cpu1=164321243,159755165 cpu2=147063838,142330068 cpu3=205579560,198010463
PINGPONG rounds=2000 pongs=2000
DMA IRQ c0=2
DMA IRQ c1=0
DMA IRQ c2=0
DMA IRQ c3=0
SELECT busy=6919
SELECT w0=6873
SELECT w1=3830
SELECT w2=4262
BUSY TASK ewma=997
DMA IRQ c0=2
DMA IRQ c1=0
DMA IRQ c2=0
DMA IRQ c3=0
SELECT busy=6943
SELECT w0=6896
SELECT w1=3840
SELECT w2=4275
BUSY TASK ewma=997
DMA IRQ c0=2
DMA IRQ c1=0
DMA IRQ c2=0
DMA IRQ c3=0
SELECT busy=6963
SELECT w0=6917
SELECT w1=3849
SELECT w2=4288
BUSY TASK ewma=997
DMA IRQ c0=2
DMA IRQ c1=0
DMA IRQ c2=0
DMA IRQ c3=0
SELECT busy=6981
SELECT w0=6934
SELECT w1=3858
SELECT w2=4299
BUSY TASK ewma=997
DMA IRQ c0=2
DMA IRQ c1=0
DMA IRQ c2=0
DMA IRQ c3=0
SELECT busy=7001
SELECT w0=6955
SELECT w1=3866
SELECT w2=4309
BUSY TASK ewma=997
DMA IRQ c0=2
DMA IRQ c1=0
DMA IRQ c2=0
DMA IRQ c3=0
SELECT busy=7024
SELECT w0=6978
SELECT w1=3874
SELECT w2=4320
BUSY TASK ewma=997
DMA IRQ c0=2
DMA IRQ c1=0
DMA IRQ c2=0
DMA IRQ c3=0
SELECT busy=7043
SELECT w0=6996
SELECT w1=3882
SELECT w2=4330
BUSY TASK ewma=997
DMA IRQ c0=2
DMA IRQ c1=0
DMA IRQ c2=0
DMA IRQ c3=0
SELECT busy=7061
SELECT w0=7015
SELECT w1=3893
SELECT w2=4341
BUSY TASK ewma=997
DMA IRQ c0=2
DMA IRQ c1=0
DMA IRQ c2=0
DMA IRQ c3=0
SELECT busy=7080
SELECT w0=7034
SELECT w1=3900
SELECT w2=4349
BUSY TASK ewma=997
DMA IRQ c0=2
DMA IRQ c1=0
DMA IRQ c2=0
DMA IRQ c3=0
SELECT busy=7097
SELECT w0=7050
SELECT w1=3908
SELECT w2=4359
BUSY TASK ewma=997
DMA IRQ c0=2
DMA IRQ c1=0
DMA IRQ c2=0
DMA IRQ c3=0
SELECT busy=7115
SELECT w0=7069
SELECT w1=3917
SELECT w2=4370
BUSY TASK ewma=997
DMA IRQ c0=2
DMA IRQ c1=0
DMA IRQ c2=0
DMA IRQ c3=0
SELECT busy=7137
SELECT w0=7091
SELECT w1=3929
SELECT w2=4384
BUSY TASK ewma=997
DMA IRQ c0=2
DMA IRQ c1=0
DMA IRQ c2=0
DMA IRQ c3=0
SELECT busy=7163
SELECT w0=7117
SELECT w1=3944
SELECT w2=4400
BUSY TASK ewma=997
DMA IRQ c0=2
DMA IRQ c1=0
DMA IRQ c2=0
DMA IRQ c3=0
SELECT busy=7191
SELECT w0=7145
SELECT w1=3960
SELECT w2=4420
BUSY TASK ewma=997
DMA IRQ c0=2
DMA IRQ c1=0
DMA IRQ c2=0
DMA IRQ c3=0
SELECT busy=7222
SELECT w0=7175
SELECT w1=3973
SELECT w2=4432
BUSY TASK ewma=997
DMA IRQ c0=2
DMA IRQ c1=0
DMA IRQ c2=0
DMA IRQ c3=0
SELECT busy=7243
SELECT w0=7197
SELECT w1=3982
SELECT w2=4445
BUSY TASK ewma=997
DMA IRQ c0=2
DMA IRQ c1=0
DMA IRQ c2=0
DMA IRQ c3=0
SELECT busy=7267
SELECT w0=7223
SELECT w1=3995
SELECT w2=4465
BUSY TASK ewma=997
DMA IRQ c0=2
DMA IRQ c1=0
DMA IRQ c2=0
DMA IRQ c3=0
SELECT busy=7299
SELECT w0=7252
SELECT w1=4007
SELECT w2=4482
BUSY TASK ewma=997
DMA IRQ c0=2
DMA IRQ c1=0
DMA IRQ c2=0
DMA IRQ c3=0
SELECT busy=7314
SELECT w0=7268
SELECT w1=4015
SELECT w2=4492
BUSY TASK ewma=997
DMA IRQ c0=2
DMA IRQ c1=0
DMA IRQ c2=0
DMA IRQ c3=0
SELECT busy=7332
SELECT w0=7287
SELECT w1=4025
SELECT w2=4503
BUSY TASK ewma=997
DMA IRQ c0=2
DMA IRQ c1=0
DMA IRQ c2=0
DMA IRQ c3=0
SELECT busy=7351
SELECT w0=7305
SELECT w1=4040
SELECT w2=4516
BUSY TASK ewma=997
DMA IRQ c0=2
DMA IRQ c1=0
DMA IRQ c2=0
DMA IRQ c3=0
SELECT busy=7369
SELECT w0=7323
SELECT w1=4049
SELECT w2=4528
BUSY TASK ewma=997
DMA IRQ c0=2
DMA IRQ c1=0
DMA IRQ c2=0
DMA IRQ c3=0
SELECT busy=7386
SELECT w0=7340
SELECT w1=4059
SELECT w2=4541
BUSY TASK ewma=997
DMA IRQ c0=2
DMA IRQ c1=0
DMA IRQ c2=0
DMA IRQ c3=0
SELECT busy=7405
SELECT w0=7359
SELECT w1=4070
SELECT w2=4552
BUSY TASK ewma=997
DMA IRQ c0=2
DMA IRQ c1=0
DMA IRQ c2=0
DMA IRQ c3=0
SELECT busy=7438
SELECT w0=7392
SELECT w1=4088
SELECT w2=4573
BUSY TASK ewma=997
DMA IRQ c0=2
DMA IRQ c1=0
DMA IRQ c2=0
DMA IRQ c3=0
SELECT busy=7463
SELECT w0=7416
SELECT w1=4097
SELECT w2=4586
BUSY TASK ewma=997
DMA IRQ c0=2
DMA IRQ c1=0
DMA IRQ c2=0
DMA IRQ c3=0
SELECT busy=7480
SELECT w0=7434
SELECT w1=4106
SELECT w2=4596
BUSY TASK ewma=997
DMA IRQ c0=2
DMA IRQ c1=0
DMA IRQ c2=0
DMA IRQ c3=0
SELECT busy=7506
SELECT w0=7460
SELECT w1=4117
SELECT w2=4609
BUSY TASK ewma=997
DMA IRQ c0=2
DMA IRQ c1=0
DMA IRQ c2=0
DMA IRQ c3=0
SELECT busy=7534
SELECT w0=7487
SELECT w1=4130
SELECT w2=4625
BUSY TASK ewma=997
DMA IRQ c0=2
DMA IRQ c1=0
DMA IRQ c2=0
DMA IRQ c3=0
SELECT busy=7562
SELECT w0=7517
SELECT w1=4142
SELECT w2=4642
BUSY TASK ewma=997
DMA IRQ c0=2
DMA IRQ c1=0
DMA IRQ c2=0
DMA IRQ c3=0
SELECT busy=7590
SELECT w0=7544
SELECT w1=4154
SELECT w2=4658
BUSY TASK ewma=997
DMA IRQ c0=2
DMA IRQ c1=0
DMA IRQ c2=0
DMA IRQ c3=0
SELECT busy=7615
SELECT w0=7568
SELECT w1=4164
SELECT w2=4677
BUSY TASK ewma=997
DMA IRQ c0=2
DMA IRQ c1=0
DMA IRQ c2=0
DMA IRQ c3=0
SELECT busy=7638
SELECT w0=7591
SELECT w1=4171
SELECT w2=4688
BUSY TASK ewma=997
DMA IRQ c0=2
DMA IRQ c1=0
DMA IRQ c2=0
DMA IRQ c3=0
SELECT busy=7668
SELECT w0=7621
SELECT w1=4184
SELECT w2=4704
BUSY TASK ewma=997
DMA IRQ c0=2
DMA IRQ c1=0
DMA IRQ c2=0
DMA IRQ c3=0
SELECT busy=7688
SELECT w0=7643
SELECT w1=4193
SELECT w2=4718
BUSY TASK ewma=997
DMA IRQ c0=2
DMA IRQ c1=0
DMA IRQ c2=0
DMA IRQ c3=0
SELECT busy=7706
SELECT w0=7659
SELECT w1=4199
SELECT w2=4725
BUSY TASK ewma=997
DMA IRQ c0=2
DMA IRQ c1=0
DMA IRQ c2=0
DMA IRQ c3=0
SELECT busy=7716
SELECT w0=7669
SELECT w1=4206
SELECT w2=4731
BUSY TASK ewma=997
DMA IRQ c0=2
DMA IRQ c1=0
DMA IRQ c2=0
DMA IRQ c3=0
SELECT busy=7734
SELECT w0=7687
SELECT w1=4214
SELECT w2=4740
BUSY TASK ewma=997
DMA IRQ c0=2
DMA IRQ c1=0
DMA IRQ c2=0
DMA IRQ c3=0
SELECT busy=7751
SELECT w0=7704
SELECT w1=4221
SELECT w2=4749
BUSY TASK ewma=997
DMA IRQ c0=2
DMA IRQ c1=0
DMA IRQ c2=0
DMA IRQ c3=0
SELECT busy=7775
SELECT w0=7729
SELECT w1=4233
SELECT w2=4768
BUSY TASK ewma=997
DMA IRQ c0=2
DMA IRQ c1=0
DMA IRQ c2=0
DMA IRQ c3=0
SELECT busy=7799
SELECT w0=7753
SELECT w1=4245
SELECT w2=4783
BUSY TASK ewma=997
DMA IRQ c0=2
DMA IRQ c1=0
DMA IRQ c2=0
DMA IRQ c3=0
SELECT busy=7819
SELECT w0=7772
SELECT w1=4255
SELECT w2=4796
BUSY TASK ewma=997
DMA IRQ c0=2
DMA IRQ c1=0
DMA IRQ c2=0
DMA IRQ c3=0
SELECT busy=7833
SELECT w0=7787
SELECT w1=4263
SELECT w2=4805
BUSY TASK ewma=997
DMA IRQ c0=2
DMA IRQ c1=0
DMA IRQ c2=0
DMA IRQ c3=0
SELECT busy=7851
SELECT w0=7806
SELECT w1=4276
SELECT w2=4822
BUSY TASK ewma=997
DMA IRQ c0=2
DMA IRQ c1=0
DMA IRQ c2=0
DMA IRQ c3=0
SELECT busy=7873
SELECT w0=7828
SELECT w1=4286
SELECT w2=4835
BUSY TASK ewma=997
DMA IRQ c0=2
DMA IRQ c1=0
DMA IRQ c2=0
DMA IRQ c3=0
SELECT busy=7888
SELECT w0=7841
SELECT w1=4289
SELECT w2=4839
BUSY TASK ewma=997
DMA IRQ c0=2
DMA IRQ c1=0
DMA IRQ c2=0
DMA IRQ c3=0
SELECT busy=7906
SELECT w0=7859
SELECT w1=4297
SELECT w2=4850
BUSY TASK ewma=997
DMA IRQ c0=2
DMA IRQ c1=0
DMA IRQ c2=0
DMA IRQ c3=0
SELECT busy=7915
SELECT w0=7868
SELECT w1=4300
SELECT w2=4854
BUSY TASK ewma=997
DMA IRQ c0=2
DMA IRQ c1=0
DMA IRQ c2=0
DMA IRQ c3=0
SELECT busy=7932
SELECT w0=7885
SELECT w1=4307
SELECT w2=4866
BUSY TASK ewma=997
DMA IRQ c0=2
DMA IRQ c1=0
DMA IRQ c2=0
DMA IRQ c3=0
SELECT busy=7952
SELECT w0=7906
SELECT w1=4315
SELECT w2=4876
BUSY TASK ewma=997
DMA IRQ c0=2
DMA IRQ c1=0
DMA IRQ c2=0
DMA IRQ c3=0
SELECT busy=7976
SELECT w0=7932
SELECT w1=4328
SELECT w2=4893
BUSY TASK ewma=997
DMA IRQ c0=2
DMA IRQ c1=0
DMA IRQ c2=0
DMA IRQ c3=0
SELECT busy=8017
SELECT w0=7970
SELECT w1=4344
SELECT w2=4910
BUSY TASK ewma=997
DMA IRQ c0=2
DMA IRQ c1=0
DMA IRQ c2=0
DMA IRQ c3=0
SELECT busy=8048
SELECT w0=8002
SELECT w1=4357
SELECT w2=4928
BUSY TASK ewma=997
DMA IRQ c0=2
DMA IRQ c1=0
DMA IRQ c2=0
DMA IRQ c3=0
SELECT busy=8076
SELECT w0=8029
SELECT w1=4371
SELECT w2=4944
BUSY TASK ewma=997
DMA IRQ c0=2
DMA IRQ c1=0
DMA IRQ c2=0
DMA IRQ c3=0
SELECT busy=8101
SELECT w0=8055
SELECT w1=4383
SELECT w2=4961
BUSY TASK ewma=997
DMA IRQ c0=2
DMA IRQ c1=0
DMA IRQ c2=0
DMA IRQ c3=0
SELECT busy=8121
SELECT w0=8075
SELECT w1=4392
SELECT w2=4977
BUSY TASK ewma=997
DMA IRQ c0=2
DMA IRQ c1=0
DMA IRQ c2=0
DMA IRQ c3=0
SELECT busy=8142
SELECT w0=8095
SELECT w1=4402
SELECT w2=4991
BUSY TASK ewma=997
DMA IRQ c0=2
DMA IRQ c1=0
DMA IRQ c2=0
DMA IRQ c3=0
SELECT busy=8159
SELECT w0=8112
SELECT w1=4411
SELECT w2=5002
BUSY TASK ewma=997
DMA IRQ c0=2
DMA IRQ c1=0
DMA IRQ c2=0
DMA IRQ c3=0
SELECT busy=8176
SELECT w0=8130
SELECT w1=4420
SELECT w2=5014
BUSY TASK ewma=997
DMA IRQ c0=2
DMA IRQ c1=0
DMA IRQ c2=0
DMA IRQ c3=0
SELECT busy=8194
SELECT w0=8148
SELECT w1=4429
SELECT w2=5025
BUSY TASK ewma=997
DMA IRQ c0=2
DMA IRQ c1=0
DMA IRQ c2=0
DMA IRQ c3=0
SELECT busy=8216
SELECT w0=8171
SELECT w1=4439
SELECT w2=5039
BUSY TASK ewma=997
DMA IRQ c0=2
DMA IRQ c1=0
DMA IRQ c2=0
DMA IRQ c3=0
SELECT busy=8237
SELECT w0=8191
SELECT w1=4449
SELECT w2=5052
BUSY TASK ewma=997
DMA IRQ c0=2
DMA IRQ c1=0
DMA IRQ c2=0
DMA IRQ c3=0
SELECT busy=8255
SELECT w0=8208
SELECT w1=4458
SELECT w2=5062
BUSY TASK ewma=997
DMA IRQ c0=2
DMA IRQ c1=0
DMA IRQ c2=0
DMA IRQ c3=0
SELECT busy=8279
SELECT w0=8233
SELECT w1=4468
SELECT w2=5077
BUSY TASK ewma=997
IRQ counts: cpu0=16548 cpu1=18737 cpu2=19209 cpu3=18789
SCHED secondaries: calls=56761 unexpected=0
SECTEST switches=56724 cpu1=194672155,190407483 cpu2=177595287,173559636 cpu3=249853864,239682366
PINGPONG rounds=2000 pongs=2000
DMA IRQ c0=2
DMA IRQ c1=0
DMA IRQ c2=0
DMA IRQ c3=0
SELECT busy=8317
SELECT w0=8271
SELECT w1=4485
SELECT w2=5102
BUSY TASK ewma=997
DMA IRQ c0=2
DMA IRQ c1=0
DMA IRQ c2=0
DMA IRQ c3=0
SELECT busy=8337
SELECT w0=8291
SELECT w1=4493
SELECT w2=5113
BUSY TASK ewma=997
DMA IRQ c0=2
DMA IRQ c1=0
DMA IRQ c2=0
DMA IRQ c3=0
SELECT busy=8358
SELECT w0=8312
SELECT w1=4503
SELECT w2=5125
BUSY TASK ewma=997
DMA IRQ c0=2
DMA IRQ c1=0
DMA IRQ c2=0
DMA IRQ c3=0
SELECT busy=8381
SELECT w0=8334
SELECT w1=4511
SELECT w2=5133
BUSY TASK ewma=997
DMA IRQ c0=2
DMA IRQ c1=0
DMA IRQ c2=0
DMA IRQ c3=0
SELECT busy=8401
SELECT w0=8354
SELECT w1=4518
SELECT w2=5144
BUSY TASK ewma=997
DMA IRQ c0=2
DMA IRQ c1=0
DMA IRQ c2=0
DMA IRQ c3=0
SELECT busy=8423
SELECT w0=8377
SELECT w1=4528
SELECT w2=5158
BUSY TASK ewma=997
DMA IRQ c0=2
DMA IRQ c1=0
DMA IRQ c2=0
DMA IRQ c3=0
SELECT busy=8445
SELECT w0=8398
SELECT w1=4538
SELECT w2=5172
BUSY TASK ewma=997
DMA IRQ c0=2
DMA IRQ c1=0
DMA IRQ c2=0
DMA IRQ c3=0
SELECT busy=8467
SELECT w0=8420
SELECT w1=4549
SELECT w2=5186
BUSY TASK ewma=997
DMA IRQ c0=2
DMA IRQ c1=0
DMA IRQ c2=0
DMA IRQ c3=0
SELECT busy=8488
SELECT w0=8442
SELECT w1=4558
SELECT w2=5198
BUSY TASK ewma=997
DMA IRQ c0=2
DMA IRQ c1=0
DMA IRQ c2=0
DMA IRQ c3=0
SELECT busy=8511
SELECT w0=8464
SELECT w1=4566
SELECT w2=5208
BUSY TASK ewma=997
DMA IRQ c0=2
DMA IRQ c1=0
DMA IRQ c2=0
DMA IRQ c3=0
SELECT busy=8537
SELECT w0=8490
SELECT w1=4580
SELECT w2=5223
BUSY TASK ewma=997
DMA IRQ c0=2
DMA IRQ c1=0
DMA IRQ c2=0
DMA IRQ c3=0
SELECT busy=8560
SELECT w0=8514
SELECT w1=4589
SELECT w2=5233
BUSY TASK ewma=997
DMA IRQ c0=2
DMA IRQ c1=0
DMA IRQ c2=0
DMA IRQ c3=0
SELECT busy=8580
SELECT w0=8533
SELECT w1=4596
SELECT w2=5242
BUSY TASK ewma=997
DMA IRQ c0=2
DMA IRQ c1=0
DMA IRQ c2=0
DMA IRQ c3=0
SELECT busy=8598
SELECT w0=8551
SELECT w1=4600
SELECT w2=5246
BUSY TASK ewma=997
DMA IRQ c0=2
DMA IRQ c1=0
DMA IRQ c2=0
DMA IRQ c3=0
SELECT busy=8623
SELECT w0=8576
SELECT w1=4609
SELECT w2=5259
BUSY TASK ewma=997
DMA IRQ c0=2
DMA IRQ c1=0
DMA IRQ c2=0
DMA IRQ c3=0
SELECT busy=8650
SELECT w0=8603
SELECT w1=4620
SELECT w2=5274
BUSY TASK ewma=997
DMA IRQ c0=2
DMA IRQ c1=0
DMA IRQ c2=0
DMA IRQ c3=0
SELECT busy=8669
SELECT w0=8623
SELECT w1=4629
SELECT w2=5290
BUSY TASK ewma=997
DMA IRQ c0=2
DMA IRQ c1=0
DMA IRQ c2=0
DMA IRQ c3=0
SELECT busy=8688
SELECT w0=8642
SELECT w1=4637
SELECT w2=5302
BUSY TASK ewma=997
DMA IRQ c0=2
DMA IRQ c1=0
DMA IRQ c2=0
DMA IRQ c3=0
SELECT busy=8706
SELECT w0=8660
SELECT w1=4646
SELECT w2=5314
BUSY TASK ewma=997
DMA IRQ c0=2
DMA IRQ c1=0
DMA IRQ c2=0
DMA IRQ c3=0
SELECT busy=8734
SELECT w0=8688
SELECT w1=4658
SELECT w2=5330
BUSY TASK ewma=997
DMA IRQ c0=2
DMA IRQ c1=0
DMA IRQ c2=0
DMA IRQ c3=0
SELECT busy=8756
SELECT w0=8710
SELECT w1=4669
SELECT w2=5341
BUSY TASK ewma=997
DMA IRQ c0=2
DMA IRQ c1=0
DMA IRQ c2=0
DMA IRQ c3=0
SELECT busy=8779
SELECT w0=8732
SELECT w1=4677
SELECT w2=5353
BUSY TASK ewma=997
DMA IRQ c0=2
DMA IRQ c1=0
DMA IRQ c2=0
DMA IRQ c3=0
SELECT busy=8799
SELECT w0=8752
SELECT w1=4685
SELECT w2=5364
BUSY TASK ewma=997
DMA IRQ c0=2
DMA IRQ c1=0
DMA IRQ c2=0
DMA IRQ c3=0
SELECT busy=8823
SELECT w0=8777
SELECT w1=4697
SELECT w2=5380
BUSY TASK ewma=997
DMA IRQ c0=2
DMA IRQ c1=0
DMA IRQ c2=0
DMA IRQ c3=0
SELECT busy=8857
SELECT w0=8811
SELECT w1=4714
SELECT w2=5399
BUSY TASK ewma=997
DMA IRQ c0=2
DMA IRQ c1=0
DMA IRQ c2=0
DMA IRQ c3=0
SELECT busy=8879
SELECT w0=8833
SELECT w1=4724
SELECT w2=5413
BUSY TASK ewma=997
DMA IRQ c0=2
DMA IRQ c1=0
DMA IRQ c2=0
DMA IRQ c3=0
SELECT busy=8909
SELECT w0=8862
SELECT w1=4740
SELECT w2=5428
BUSY TASK ewma=997
DMA IRQ c0=2
DMA IRQ c1=0
DMA IRQ c2=0
DMA IRQ c3=0
SELECT busy=8924
SELECT w0=8877
SELECT w1=4747
SELECT w2=5435
BUSY TASK ewma=997
DMA IRQ c0=2
DMA IRQ c1=0
DMA IRQ c2=0
DMA IRQ c3=0
SELECT busy=8942
SELECT w0=8895
SELECT w1=4753
SELECT w2=5443
BUSY TASK ewma=997
DMA IRQ c0=2
DMA IRQ c1=0
DMA IRQ c2=0
DMA IRQ c3=0
SELECT busy=8965
SELECT w0=8919
SELECT w1=4764
SELECT w2=5457
BUSY TASK ewma=997
DMA IRQ c0=2
DMA IRQ c1=0
DMA IRQ c2=0
DMA IRQ c3=0
SELECT busy=8978
SELECT w0=8932
SELECT w1=4769
SELECT w2=5465
BUSY TASK ewma=997
DMA IRQ c0=2
DMA IRQ c1=0
DMA IRQ c2=0
DMA IRQ c3=0
SELECT busy=8996
SELECT w0=8949
SELECT w1=4779
SELECT w2=5476
BUSY TASK ewma=997
DMA IRQ c0=2
DMA IRQ c1=0
DMA IRQ c2=0
DMA IRQ c3=0
SELECT busy=9016
SELECT w0=8969
SELECT w1=4784
SELECT w2=5484
BUSY TASK ewma=997
DMA IRQ c0=2
DMA IRQ c1=0
DMA IRQ c2=0
DMA IRQ c3=0
SELECT busy=9044
SELECT w0=8998
SELECT w1=4802
SELECT w2=5502
BUSY TASK ewma=997
DMA IRQ c0=2
DMA IRQ c1=0
DMA IRQ c2=0
DMA IRQ c3=0
SELECT busy=9064
SELECT w0=9017
SELECT w1=4811
SELECT w2=5511
BUSY TASK ewma=997
DMA IRQ c0=2
DMA IRQ c1=0
DMA IRQ c2=0
DMA IRQ c3=0
SELECT busy=9091
SELECT w0=9044
SELECT w1=4824
SELECT w2=5526
BUSY TASK ewma=997
DMA IRQ c0=2
DMA IRQ c1=0
DMA IRQ c2=0
DMA IRQ c3=0
SELECT busy=9107
SELECT w0=9060
SELECT w1=4830
SELECT w2=5535
BUSY TASK ewma=997
DMA IRQ c0=2
DMA IRQ c1=0
DMA IRQ c2=0
DMA IRQ c3=0
SELECT busy=9126
SELECT w0=9080
SELECT w1=4838
SELECT w2=5543
BUSY TASK ewma=997
DMA IRQ c0=2
DMA IRQ c1=0
DMA IRQ c2=0
DMA IRQ c3=0
SELECT busy=9144
SELECT w0=9097
SELECT w1=4842
SELECT w2=5549
BUSY TASK ewma=997
DMA IRQ c0=2
DMA IRQ c1=0
DMA IRQ c2=0
DMA IRQ c3=0
SELECT busy=9164
SELECT w0=9117
SELECT w1=4853
SELECT w2=5560
BUSY TASK ewma=997
DMA IRQ c0=2
DMA IRQ c1=0
DMA IRQ c2=0
DMA IRQ c3=0
SELECT busy=9181
SELECT w0=9134
SELECT w1=4860
SELECT w2=5569
BUSY TASK ewma=997
DMA IRQ c0=2
DMA IRQ c1=0
DMA IRQ c2=0
DMA IRQ c3=0
SELECT busy=9200
SELECT w0=9154
SELECT w1=4874
SELECT w2=5581
BUSY TASK ewma=997
DMA IRQ c0=2
DMA IRQ c1=0
DMA IRQ c2=0
DMA IRQ c3=0
SELECT busy=9220
SELECT w0=9173
SELECT w1=4880
SELECT w2=5590
BUSY TASK ewma=997
DMA IRQ c0=2
DMA IRQ c1=0
DMA IRQ c2=0
DMA IRQ c3=0
SELECT busy=9236
SELECT w0=9189
SELECT w1=4884
SELECT w2=5595
BUSY TASK ewma=997
DMA IRQ c0=2
DMA IRQ c1=0
DMA IRQ c2=0
DMA IRQ c3=0
SELECT busy=9260
SELECT w0=9214
SELECT w1=4896
SELECT w2=5610
BUSY TASK ewma=997
DMA IRQ c0=2
DMA IRQ c1=0
DMA IRQ c2=0
DMA IRQ c3=0
SELECT busy=9278
SELECT w0=9232
SELECT w1=4903
SELECT w2=5619
BUSY TASK ewma=997
DMA IRQ c0=2
DMA IRQ c1=0
DMA IRQ c2=0
DMA IRQ c3=0
SELECT busy=9298
SELECT w0=9252
SELECT w1=4911
SELECT w2=5627
BUSY TASK ewma=997
DMA IRQ c0=2
DMA IRQ c1=0
DMA IRQ c2=0
DMA IRQ c3=0
SELECT busy=9318
SELECT w0=9272
SELECT w1=4918
SELECT w2=5635
BUSY TASK ewma=997
DMA IRQ c0=2
DMA IRQ c1=0
DMA IRQ c2=0
DMA IRQ c3=0
SELECT busy=9342
SELECT w0=9297
SELECT w1=4930
SELECT w2=5651
BUSY TASK ewma=997
DMA IRQ c0=2
DMA IRQ c1=0
DMA IRQ c2=0
DMA IRQ c3=0
SELECT busy=9360
SELECT w0=9313
SELECT w1=4936
SELECT w2=5661
BUSY TASK ewma=997
DMA IRQ c0=2
DMA IRQ c1=0
DMA IRQ c2=0
DMA IRQ c3=0
SELECT busy=9375
SELECT w0=9329
SELECT w1=4944
SELECT w2=5678
BUSY TASK ewma=997
DMA IRQ c0=2
DMA IRQ c1=0
DMA IRQ c2=0
DMA IRQ c3=0
SELECT busy=9400
SELECT w0=9355
SELECT w1=4954
SELECT w2=5689
BUSY TASK ewma=997
DMA IRQ c0=2
DMA IRQ c1=0
DMA IRQ c2=0
DMA IRQ c3=0
SELECT busy=9429
SELECT w0=9383
SELECT w1=4966
SELECT w2=5708
BUSY TASK ewma=997
DMA IRQ c0=2
DMA IRQ c1=0
DMA IRQ c2=0
DMA IRQ c3=0
SELECT busy=9465
SELECT w0=9419
SELECT w1=4987
SELECT w2=5732
BUSY TASK ewma=997
DMA IRQ c0=2
DMA IRQ c1=0
DMA IRQ c2=0
DMA IRQ c3=0
SELECT busy=9495
SELECT w0=9450
SELECT w1=5004
SELECT w2=5749
BUSY TASK ewma=997
DMA IRQ c0=2
DMA IRQ c1=0
DMA IRQ c2=0
DMA IRQ c3=0
SELECT busy=9522
SELECT w0=9476
SELECT w1=5020
SELECT w2=5764
BUSY TASK ewma=997
DMA IRQ c0=2
DMA IRQ c1=0
DMA IRQ c2=0
DMA IRQ c3=0
SELECT busy=9546
SELECT w0=9502
SELECT w1=5033
SELECT w2=5781
BUSY TASK ewma=997
DMA IRQ c0=2
DMA IRQ c1=0
DMA IRQ c2=0
DMA IRQ c3=0
SELECT busy=9571
SELECT w0=9524
SELECT w1=5042
SELECT w2=5790
BUSY TASK ewma=997
DMA IRQ c0=2
DMA IRQ c1=0
DMA IRQ c2=0
DMA IRQ c3=0
SELECT busy=9590
SELECT w0=9543
SELECT w1=5049
SELECT w2=5797
BUSY TASK ewma=997
DMA IRQ c0=2
DMA IRQ c1=0
DMA IRQ c2=0
DMA IRQ c3=0
SELECT busy=9608
SELECT w0=9562
SELECT w1=5057
SELECT w2=5811
BUSY TASK ewma=997
DMA IRQ c0=2
DMA IRQ c1=0
DMA IRQ c2=0
DMA IRQ c3=0
SELECT busy=9631
SELECT w0=9584
SELECT w1=5069
SELECT w2=5823
BUSY TASK ewma=997
DMA IRQ c0=2
DMA IRQ c1=0
DMA IRQ c2=0
DMA IRQ c3=0
SELECT busy=9647
SELECT w0=9601
SELECT w1=5076
SELECT w2=5833
BUSY TASK ewma=997
DMA IRQ c0=2
DMA IRQ c1=0
DMA IRQ c2=0
DMA IRQ c3=0
SELECT busy=9683
SELECT w0=9636
SELECT w1=5090
SELECT w2=5848
BUSY TASK ewma=997
DMA IRQ c0=2
DMA IRQ c1=0
DMA IRQ c2=0
DMA IRQ c3=0
SELECT busy=9706
SELECT w0=9660
SELECT w1=5105
SELECT w2=5863
BUSY TASK ewma=997
IRQ counts: cpu0=19404 cpu1=21926 cpu2=22347 cpu3=21886
SCHED secondaries: calls=66165 unexpected=0
SECTEST switches=66123 cpu1=225014343,222137798 cpu2=207615514,201523545 cpu3=290311675,278626303
PINGPONG rounds=2000 pongs=2000
DMA IRQ c0=2
DMA IRQ c1=0
DMA IRQ c2=0
DMA IRQ c3=0
SELECT busy=9733
SELECT w0=9688
SELECT w1=5120
SELECT w2=5879
BUSY TASK ewma=997
DMA IRQ c0=2
DMA IRQ c1=0
DMA IRQ c2=0
DMA IRQ c3=0
SELECT busy=9755
SELECT w0=9709
SELECT w1=5128
SELECT w2=5894
BUSY TASK ewma=997
DMA IRQ c0=2
DMA IRQ c1=0
DMA IRQ c2=0
DMA IRQ c3=0
SELECT busy=9771
SELECT w0=9725
SELECT w1=5137
SELECT w2=5907
BUSY TASK ewma=997
DMA IRQ c0=2
DMA IRQ c1=0
DMA IRQ c2=0
DMA IRQ c3=0
SELECT busy=9796
SELECT w0=9751
SELECT w1=5149
SELECT w2=5922
BUSY TASK ewma=997
DMA IRQ c0=2
DMA IRQ c1=0
DMA IRQ c2=0
DMA IRQ c3=0
SELECT busy=9831
SELECT w0=9785
SELECT w1=5161
SELECT w2=5941
BUSY TASK ewma=997
DMA IRQ c0=2
DMA IRQ c1=0
DMA IRQ c2=0
DMA IRQ c3=0
SELECT busy=9847
SELECT w0=9800
SELECT w1=5166
SELECT w2=5948
BUSY TASK ewma=997
DMA IRQ c0=2
DMA IRQ c1=0
DMA IRQ c2=0
DMA IRQ c3=0
SELECT busy=9864
SELECT w0=9817
SELECT w1=5174
SELECT w2=5959
BUSY TASK ewma=997
DMA IRQ c0=2
DMA IRQ c1=0
DMA IRQ c2=0
DMA IRQ c3=0
SELECT busy=9888
SELECT w0=9842
SELECT w1=5186
SELECT w2=5976
BUSY TASK ewma=997
DMA IRQ c0=2
DMA IRQ c1=0
DMA IRQ c2=0
DMA IRQ c3=0
SELECT busy=9910
SELECT w0=9864
SELECT w1=5198
SELECT w2=5986
BUSY TASK ewma=997
DMA IRQ c0=2
DMA IRQ c1=0
DMA IRQ c2=0
DMA IRQ c3=0
SELECT busy=9931
SELECT w0=9884
SELECT w1=5210
SELECT w2=5998
BUSY TASK ewma=997
DMA IRQ c0=2
DMA IRQ c1=0
DMA IRQ c2=0
DMA IRQ c3=0
SELECT busy=9954
SELECT w0=9907
SELECT w1=5222
SELECT w2=6011
BUSY TASK ewma=997
DMA IRQ c0=2
DMA IRQ c1=0
DMA IRQ c2=0
DMA IRQ c3=0
SELECT busy=9973
SELECT w0=9928
SELECT w1=5230
SELECT w2=6021
BUSY TASK ewma=997
DMA IRQ c0=2
DMA IRQ c1=0
DMA IRQ c2=0
DMA IRQ c3=0
SELECT busy=9995
SELECT w0=9948
SELECT w1=5239
SELECT w2=6033
BUSY TASK ewma=997
DMA IRQ c0=2
DMA IRQ c1=0
DMA IRQ c2=0
DMA IRQ c3=0
SELECT busy=10017
SELECT w0=9971
SELECT w1=5250
SELECT w2=6051
BUSY TASK ewma=997
DMA IRQ c0=2
DMA IRQ c1=0
DMA IRQ c2=0
DMA IRQ c3=0
SELECT busy=10045
SELECT w0=9999
SELECT w1=5263
SELECT w2=6068
BUSY TASK ewma=997
DMA IRQ c0=2
DMA IRQ c1=0
DMA IRQ c2=0
DMA IRQ c3=0
SELECT busy=10070
SELECT w0=10025
SELECT w1=5277
SELECT w2=6082
BUSY TASK ewma=997
DMA IRQ c0=2
DMA IRQ c1=0
DMA IRQ c2=0
DMA IRQ c3=0
SELECT busy=10091
SELECT w0=10044
SELECT w1=5285
SELECT w2=6090
BUSY TASK ewma=997
DMA IRQ c0=2
DMA IRQ c1=0
DMA IRQ c2=0
DMA IRQ c3=0
SELECT busy=10122
SELECT w0=10075
SELECT w1=5302
SELECT w2=6111
BUSY TASK ewma=997
DMA IRQ c0=2
DMA IRQ c1=0
DMA IRQ c2=0
DMA IRQ c3=0
SELECT busy=10148
SELECT w0=10102
SELECT w1=5314
SELECT w2=6122
BUSY TASK ewma=997
DMA IRQ c0=2
DMA IRQ c1=0
DMA IRQ c2=0
DMA IRQ c3=0
SELECT busy=10181
SELECT w0=10135
SELECT w1=5326
SELECT w2=6138
BUSY TASK ewma=997
DMA IRQ c0=2
DMA IRQ c1=0
DMA IRQ c2=0
DMA IRQ c3=0
SELECT busy=10206
SELECT w0=10160
SELECT w1=5336
SELECT w2=6151
BUSY TASK ewma=997
DMA IRQ c0=2
DMA IRQ c1=0
DMA IRQ c2=0
DMA IRQ c3=0
SELECT busy=10236
SELECT w0=10189
SELECT w1=5346
SELECT w2=6165
BUSY TASK ewma=997
DMA IRQ c0=2
DMA IRQ c1=0
DMA IRQ c2=0
DMA IRQ c3=0
SELECT busy=10257
SELECT w0=10211
SELECT w1=5357
SELECT w2=6180
BUSY TASK ewma=997
DMA IRQ c0=2
DMA IRQ c1=0
DMA IRQ c2=0
DMA IRQ c3=0
SELECT busy=10294
SELECT w0=10248
SELECT w1=5372
SELECT w2=6200
BUSY TASK ewma=997
DMA IRQ c0=2
DMA IRQ c1=0
DMA IRQ c2=0
DMA IRQ c3=0
SELECT busy=10322
SELECT w0=10278
SELECT w1=5385
SELECT w2=6220
BUSY TASK ewma=997
DMA IRQ c0=2
DMA IRQ c1=0
DMA IRQ c2=0
DMA IRQ c3=0
SELECT busy=10355
SELECT w0=10308
SELECT w1=5397
SELECT w2=6234
BUSY TASK ewma=997
DMA IRQ c0=2
DMA IRQ c1=0
DMA IRQ c2=0
DMA IRQ c3=0
SELECT busy=10377
SELECT w0=10330
SELECT w1=5407
SELECT w2=6246
BUSY TASK ewma=997
DMA IRQ c0=2
DMA IRQ c1=0
DMA IRQ c2=0
DMA IRQ c3=0
SELECT busy=10394
SELECT w0=10348
SELECT w1=5415
SELECT w2=6258
BUSY TASK ewma=997
DMA IRQ c0=2
DMA IRQ c1=0
DMA IRQ c2=0
DMA IRQ c3=0
SELECT busy=10407
SELECT w0=10360
SELECT w1=5425
SELECT w2=6271
BUSY TASK ewma=997
DMA IRQ c0=2
DMA IRQ c1=0
DMA IRQ c2=0
DMA IRQ c3=0
SELECT busy=10425
SELECT w0=10378
SELECT w1=5431
SELECT w2=6279
BUSY TASK ewma=997
DMA IRQ c0=2
DMA IRQ c1=0
DMA IRQ c2=0
DMA IRQ c3=0
SELECT busy=10441
SELECT w0=10394
SELECT w1=5437
SELECT w2=6285
BUSY TASK ewma=997
DMA IRQ c0=2
DMA IRQ c1=0
DMA IRQ c2=0
DMA IRQ c3=0
SELECT busy=10458
SELECT w0=10412
SELECT w1=5446
SELECT w2=6297
BUSY TASK ewma=997
DMA IRQ c0=2
DMA IRQ c1=0
DMA IRQ c2=0
DMA IRQ c3=0
SELECT busy=10484
SELECT w0=10443
SELECT w1=5459
SELECT w2=6315
BUSY TASK ewma=997
DMA IRQ c0=2
DMA IRQ c1=0
DMA IRQ c2=0
DMA IRQ c3=0
SELECT busy=10509
SELECT w0=10463
SELECT w1=5466
SELECT w2=6325
BUSY TASK ewma=997
DMA IRQ c0=2
DMA IRQ c1=0
DMA IRQ c2=0
DMA IRQ c3=0
SELECT busy=10535
SELECT w0=10489
SELECT w1=5476
SELECT w2=6338
BUSY TASK ewma=997
DMA IRQ c0=2
DMA IRQ c1=0
DMA IRQ c2=0
DMA IRQ c3=0
SELECT busy=10555
SELECT w0=10508
SELECT w1=5483
SELECT w2=6349
BUSY TASK ewma=997
DMA IRQ c0=2
DMA IRQ c1=0
DMA IRQ c2=0
DMA IRQ c3=0
SELECT busy=10575
SELECT w0=10528
SELECT w1=5490
SELECT w2=6358
BUSY TASK ewma=997
DMA IRQ c0=2
DMA IRQ c1=0
DMA IRQ c2=0
DMA IRQ c3=0
SELECT busy=10603
SELECT w0=10556
SELECT w1=5502
SELECT w2=6375
BUSY TASK ewma=997
DMA IRQ c0=2
DMA IRQ c1=0
DMA IRQ c2=0
DMA IRQ c3=0
SELECT busy=10631
SELECT w0=10585
SELECT w1=5514
SELECT w2=6390
BUSY TASK ewma=997
DMA IRQ c0=2
DMA IRQ c1=0
DMA IRQ c2=0
DMA IRQ c3=0
SELECT busy=10654
SELECT w0=10608
SELECT w1=5532
SELECT w2=6405
BUSY TASK ewma=997
DMA IRQ c0=2
DMA IRQ c1=0
DMA IRQ c2=0
DMA IRQ c3=0
SELECT busy=10681
SELECT w0=10635
SELECT w1=5546
SELECT w2=6419
BUSY TASK ewma=997
DMA IRQ c0=2
DMA IRQ c1=0
DMA IRQ c2=0
DMA IRQ c3=0
SELECT busy=10702
SELECT w0=10656
SELECT w1=5555
SELECT w2=6431
BUSY TASK ewma=997
DMA IRQ c0=2
DMA IRQ c1=0
DMA IRQ c2=0
DMA IRQ c3=0
SELECT busy=10725
SELECT w0=10679
SELECT w1=5566
SELECT w2=6448
BUSY TASK ewma=997
DMA IRQ c0=2
DMA IRQ c1=0
DMA IRQ c2=0
DMA IRQ c3=0
SELECT busy=10745
SELECT w0=10699
SELECT w1=5576
SELECT w2=6460
BUSY TASK ewma=997
DMA IRQ c0=2
DMA IRQ c1=0
DMA IRQ c2=0
DMA IRQ c3=0
SELECT busy=10767
SELECT w0=10721
SELECT w1=5587
SELECT w2=6475
BUSY TASK ewma=997
DMA IRQ c0=2
DMA IRQ c1=0
DMA IRQ c2=0
DMA IRQ c3=0
SELECT busy=10787
SELECT w0=10742
SELECT w1=5597
SELECT w2=6487
BUSY TASK ewma=997
DMA IRQ c0=2
DMA IRQ c1=0
DMA IRQ c2=0
DMA IRQ c3=0
SELECT busy=10806
SELECT w0=10760
SELECT w1=5607
SELECT w2=6498
BUSY TASK ewma=997
DMA IRQ c0=2
DMA IRQ c1=0
DMA IRQ c2=0
DMA IRQ c3=0
SELECT busy=10826
SELECT w0=10780
SELECT w1=5616
SELECT w2=6512
BUSY TASK ewma=997
DMA IRQ c0=2
DMA IRQ c1=0
DMA IRQ c2=0
DMA IRQ c3=0
SELECT busy=10852
SELECT w0=10806
SELECT w1=5628
SELECT w2=6524
BUSY TASK ewma=997
DMA IRQ c0=2
DMA IRQ c1=0
DMA IRQ c2=0
DMA IRQ c3=0
SELECT busy=10874
SELECT w0=10827
SELECT w1=5638
SELECT w2=6537
BUSY TASK ewma=997
DMA IRQ c0=2
DMA IRQ c1=0
DMA IRQ c2=0
DMA IRQ c3=0
SELECT busy=10893
SELECT w0=10846
SELECT w1=5646
SELECT w2=6548
BUSY TASK ewma=997
DMA IRQ c0=2
DMA IRQ c1=0
DMA IRQ c2=0
DMA IRQ c3=0
SELECT busy=10922
SELECT w0=10876
SELECT w1=5661
SELECT w2=6567
BUSY TASK ewma=997
DMA IRQ c0=2
DMA IRQ c1=0
DMA IRQ c2=0
DMA IRQ c3=0
SELECT busy=10945
SELECT w0=10898
SELECT w1=5673
SELECT w2=6581
BUSY TASK ewma=997
DMA IRQ c0=2
DMA IRQ c1=0
DMA IRQ c2=0
DMA IRQ c3=0
SELECT busy=10966
SELECT w0=10919
SELECT w1=5680
SELECT w2=6589
BUSY TASK ewma=997
DMA IRQ c0=2
DMA IRQ c1=0
DMA IRQ c2=0
DMA IRQ c3=0
SELECT busy=10989
SELECT w0=10942
SELECT w1=5691
SELECT w2=6603
BUSY TASK ewma=997
DMA IRQ c0=2
DMA IRQ c1=0
DMA IRQ c2=0
DMA IRQ c3=0
SELECT busy=11020
SELECT w0=10974
SELECT w1=5704
SELECT w2=6625
BUSY TASK ewma=997
DMA IRQ c0=2
DMA IRQ c1=0
DMA IRQ c2=0
DMA IRQ c3=0
SELECT busy=11049
SELECT w0=11002
SELECT w1=5715
SELECT w2=6641
BUSY TASK ewma=997
DMA IRQ c0=2
DMA IRQ c1=0
DMA IRQ c2=0
DMA IRQ c3=0
SELECT busy=11075
SELECT w0=11029
SELECT w1=5736
SELECT w2=6659
BUSY TASK ewma=997
DMA IRQ c0=2
DMA IRQ c1=0
DMA IRQ c2=0
DMA IRQ c3=0
SELECT busy=11106
SELECT w0=11060
SELECT w1=5752
SELECT w2=6675
BUSY TASK ewma=997
DMA IRQ c0=2
DMA IRQ c1=0
DMA IRQ c2=0
DMA IRQ c3=0
SELECT busy=11134
SELECT w0=11090
SELECT w1=5768
SELECT w2=6694
BUSY TASK ewma=997
DMA IRQ c0=2
DMA IRQ c1=0
DMA IRQ c2=0
DMA IRQ c3=0
SELECT busy=11160
SELECT w0=11113
SELECT w1=5784
SELECT w2=6708
BUSY TASK ewma=997
DMA IRQ c0=2
DMA IRQ c1=0
DMA IRQ c2=0
DMA IRQ c3=0
SELECT busy=11176
SELECT w0=11129
SELECT w1=5792
SELECT w2=6717
BUSY TASK ewma=997
DMA IRQ c0=2
DMA IRQ c1=0
DMA IRQ c2=0
DMA IRQ c3=0
SELECT busy=11185
SELECT w0=11140
SELECT w1=5804
SELECT w2=6726
BUSY TASK ewma=997
DMA IRQ c0=2
DMA IRQ c1=0
DMA IRQ c2=0
DMA IRQ c3=0
SELECT busy=11224
SELECT w0=11177
SELECT w1=5821
SELECT w2=6747
BUSY TASK ewma=997
IRQ counts: cpu0=22448 cpu1=25506 cpu2=25879 cpu3=25294
SCHED secondaries: calls=76683 unexpected=0
SECTEST switches=76645 cpu1=255811701,254110919 cpu2=238955195,233038108 cpu3=332531363,319788173
PINGPONG rounds=2000 pongs=2000
DMA IRQ c0=2
DMA IRQ c1=0
DMA IRQ c2=0
DMA IRQ c3=0
SELECT busy=11253
SELECT w0=11206
SELECT w1=5832
SELECT w2=6759
BUSY TASK ewma=997
DMA IRQ c0=2
DMA IRQ c1=0
DMA IRQ c2=0
DMA IRQ c3=0
SELECT busy=11277
SELECT w0=11234
SELECT w1=5844
SELECT w2=6775
BUSY TASK ewma=997
DMA IRQ c0=2
DMA IRQ c1=0
DMA IRQ c2=0
DMA IRQ c3=0
SELECT busy=11308
SELECT w0=11262
SELECT w1=5854
SELECT w2=6786
BUSY TASK ewma=997
DMA IRQ c0=2
DMA IRQ c1=0
DMA IRQ c2=0
DMA IRQ c3=0
SELECT busy=11332
SELECT w0=11287
SELECT w1=5865
SELECT w2=6798
BUSY TASK ewma=997
DMA IRQ c0=2
DMA IRQ c1=0
DMA IRQ c2=0
DMA IRQ c3=0
SELECT busy=11358
SELECT w0=11311
SELECT w1=5874
SELECT w2=6810
BUSY TASK ewma=997
DMA IRQ c0=2
DMA IRQ c1=0
DMA IRQ c2=0
DMA IRQ c3=0
SELECT busy=11383
SELECT w0=11337
SELECT w1=5885
SELECT w2=6826
BUSY TASK ewma=997
DMA IRQ c0=2
DMA IRQ c1=0
DMA IRQ c2=0
DMA IRQ c3=0
SELECT busy=11409
SELECT w0=11363
SELECT w1=5895
SELECT w2=6841
BUSY TASK ewma=997
DMA IRQ c0=2
DMA IRQ c1=0
DMA IRQ c2=0
DMA IRQ c3=0
SELECT busy=11433
SELECT w0=11386
SELECT w1=5902
SELECT w2=6851
BUSY TASK ewma=997
DMA IRQ c0=2
DMA IRQ c1=0
DMA IRQ c2=0
DMA IRQ c3=0
SELECT busy=11454
SELECT w0=11408
SELECT w1=5913
SELECT w2=6866
BUSY TASK ewma=997
DMA IRQ c0=2
DMA IRQ c1=0
DMA IRQ c2=0
DMA IRQ c3=0
SELECT busy=11476
SELECT w0=11431
SELECT w1=5926
SELECT w2=6884
BUSY TASK ewma=997
DMA IRQ c0=2
DMA IRQ c1=0
DMA IRQ c2=0
DMA IRQ c3=0
SELECT busy=11505
SELECT w0=11464
SELECT w1=5942
SELECT w2=6906
BUSY TASK ewma=997
DMA IRQ c0=2
DMA IRQ c1=0
DMA IRQ c2=0
DMA IRQ c3=0
SELECT busy=11537
SELECT w0=11491
SELECT w1=5955
SELECT w2=6930
BUSY TASK ewma=997
DMA IRQ c0=2
DMA IRQ c1=0
DMA IRQ c2=0
DMA IRQ c3=0
SELECT busy=11564
SELECT w0=11517
SELECT w1=5967
SELECT w2=6941
BUSY TASK ewma=997
DMA IRQ c0=2
DMA IRQ c1=0
DMA IRQ c2=0
DMA IRQ c3=0
SELECT busy=11586
SELECT w0=11540
SELECT w1=5974
SELECT w2=6949
BUSY TASK ewma=997
DMA IRQ c0=2
DMA IRQ c1=0
DMA IRQ c2=0
DMA IRQ c3=0
SELECT busy=11608
SELECT w0=11561
SELECT w1=5980
SELECT w2=6958
BUSY TASK ewma=997
DMA IRQ c0=2
DMA IRQ c1=0
DMA IRQ c2=0
DMA IRQ c3=0
SELECT busy=11636
SELECT w0=11589
SELECT w1=5992
SELECT w2=6973
BUSY TASK ewma=997
DMA IRQ c0=2
DMA IRQ c1=0
DMA IRQ c2=0
DMA IRQ c3=0
SELECT busy=11663
SELECT w0=11616
SELECT w1=6000
SELECT w2=6984
BUSY TASK ewma=997
DMA IRQ c0=2
DMA IRQ c1=0
DMA IRQ c2=0
DMA IRQ c3=0
SELECT busy=11680
SELECT w0=11634
SELECT w1=6006
SELECT w2=6992
BUSY TASK ewma=997
DMA IRQ c0=2
DMA IRQ c1=0
DMA IRQ c2=0
DMA IRQ c3=0
SELECT busy=11702
SELECT w0=11656
SELECT w1=6020
SELECT w2=7006
BUSY TASK ewma=997
DMA IRQ c0=2
DMA IRQ c1=0
DMA IRQ c2=0
DMA IRQ c3=0
SELECT busy=11731
SELECT w0=11685
SELECT w1=6033
SELECT w2=7031
qemu-system-aarch64: terminating on signal 15 from pid 247958 (timeout)
