P4 M7: full integration test boot OK
CPU0: MPIDR_EL1=0x0000000080000000
CPU0: psci_cpu_on target=1 rc=0
CPU1: alive, MPIDR_EL1=0x0000000080000001 this_cpu()->cpu_id=1
CPU0: psci_cpu_on target=2 rc=0
CPU2: alive, MPIDR_EL1=0x0000000080000002 this_cpu()->cpu_id=2
CPU0: psci_cpu_on target=3 rc=0
CPU3: alive, MPIDR_EL1=0x0000000080000003 this_cpu()->cpu_id=3
CPUs online: 4
DMA IRQ target cpu=0
D2b: worker 2 runs on CPU2
D2b: worker 0 runs on CPU0
D2b: worker 1 runs on CPU1
P4 M7: worker submitted cmd_id=2
P4 M7: worker submitted cmd_id=3
P4 M7: worker submitted cmd_id=1
BUSY TASK ewma=997
DMA IRQ c0=0
DMA IRQ c1=0
DMA IRQ c2=0
DMA IRQ c3=0
SELECT busy=25
SELECT w0=5
SELECT w1=5
SELECT w2=5
P4 M7: worker DATA OK, cmd_id=1
P4 M7: worker DATA OK, cmd_id=3
P4 M7: worker DATA OK, cmd_id=2
WORKER ewma=831
WORKER ewma=881
WORKER ewma=958
BUSY TASK ewma=997
DMA IRQ c0=2
DMA IRQ c1=0
DMA IRQ c2=0
DMA IRQ c3=0
SELECT busy=46
SELECT w0=33
SELECT w1=40
SELECT w2=41
BUSY TASK ewma=997
DMA IRQ c0=2
DMA IRQ c1=0
DMA IRQ c2=0
DMA IRQ c3=0
SELECT busy=69
SELECT w0=56
SELECT w1=80
SELECT w2=77
BUSY TASK ewma=997
DMA IRQ c0=2
DMA IRQ c1=0
DMA IRQ c2=0
DMA IRQ c3=0
SELECT busy=91
SELECT w0=77
SELECT w1=113
SELECT w2=112
BUSY TASK ewma=997
DMA IRQ c0=2
DMA IRQ c1=0
DMA IRQ c2=0
DMA IRQ c3=0
SELECT busy=109
SELECT w0=95
SELECT w1=135
SELECT w2=137
BUSY TASK ewma=997
DMA IRQ c0=2
DMA IRQ c1=0
DMA IRQ c2=0
DMA IRQ c3=0
SELECT busy=122
SELECT w0=108
SELECT w1=142
SELECT w2=147
BUSY TASK ewma=997
DMA IRQ c0=2
DMA IRQ c1=0
DMA IRQ c2=0
DMA IRQ c3=0
SELECT busy=149
SELECT w0=137
SELECT w1=164
SELECT w2=170
BUSY TASK ewma=997
DMA IRQ c0=2
DMA IRQ c1=0
DMA IRQ c2=0
DMA IRQ c3=0
SELECT busy=176
SELECT w0=163
SELECT w1=179
SELECT w2=186
BUSY TASK ewma=997
DMA IRQ c0=2
DMA IRQ c1=0
DMA IRQ c2=0
DMA IRQ c3=0
SELECT busy=199
SELECT w0=185
SELECT w1=189
SELECT w2=196
BUSY TASK ewma=997
DMA IRQ c0=2
DMA IRQ c1=0
DMA IRQ c2=0
DMA IRQ c3=0
SELECT busy=231
SELECT w0=218
SELECT w1=204
SELECT w2=213
BUSY TASK ewma=997
DMA IRQ c0=2
DMA IRQ c1=0
DMA IRQ c2=0
DMA IRQ c3=0
SELECT busy=250
SELECT w0=237
SELECT w1=213
SELECT w2=223
BUSY TASK ewma=997
DMA IRQ c0=2
DMA IRQ c1=0
DMA IRQ c2=0
DMA IRQ c3=0
SELECT busy=270
SELECT w0=258
SELECT w1=227
SELECT w2=240
BUSY TASK ewma=997
DMA IRQ c0=2
DMA IRQ c1=0
DMA IRQ c2=0
DMA IRQ c3=0
SELECT busy=297
SELECT w0=283
SELECT w1=239
SELECT w2=253
BUSY TASK ewma=997
DMA IRQ c0=2
DMA IRQ c1=0
DMA IRQ c2=0
DMA IRQ c3=0
SELECT busy=319
SELECT w0=306
SELECT w1=250
SELECT w2=263
BUSY TASK ewma=997
DMA IRQ c0=2
DMA IRQ c1=0
DMA IRQ c2=0
DMA IRQ c3=0
SELECT busy=349
SELECT w0=336
SELECT w1=265
SELECT w2=277
BUSY TASK ewma=997
DMA IRQ c0=2
DMA IRQ c1=0
DMA IRQ c2=0
DMA IRQ c3=0
SELECT busy=366
SELECT w0=353
SELECT w1=284
SELECT w2=289
BUSY TASK ewma=997
DMA IRQ c0=2
DMA IRQ c1=0
DMA IRQ c2=0
DMA IRQ c3=0
SELECT busy=384
SELECT w0=370
SELECT w1=299
SELECT w2=299
BUSY TASK ewma=997
DMA IRQ c0=2
DMA IRQ c1=0
DMA IRQ c2=0
DMA IRQ c3=0
SELECT busy=410
SELECT w0=397
SELECT w1=316
SELECT w2=315
BUSY TASK ewma=997
DMA IRQ c0=2
DMA IRQ c1=0
DMA IRQ c2=0
DMA IRQ c3=0
SELECT busy=436
SELECT w0=428
SELECT w1=344
SELECT w2=337
BUSY TASK ewma=997
DMA IRQ c0=2
DMA IRQ c1=0
DMA IRQ c2=0
DMA IRQ c3=0
SELECT busy=465
SELECT w0=452
SELECT w1=362
SELECT w2=349
BUSY TASK ewma=997
DMA IRQ c0=2
DMA IRQ c1=0
DMA IRQ c2=0
DMA IRQ c3=0
SELECT busy=485
SELECT w0=471
SELECT w1=371
SELECT w2=358
BUSY TASK ewma=997
DMA IRQ c0=2
DMA IRQ c1=0
DMA IRQ c2=0
DMA IRQ c3=0
SELECT busy=509
SELECT w0=495
SELECT w1=385
SELECT w2=369
BUSY TASK ewma=997
DMA IRQ c0=2
DMA IRQ c1=0
DMA IRQ c2=0
DMA IRQ c3=0
SELECT busy=535
SELECT w0=523
SELECT w1=399
SELECT w2=380
BUSY TASK ewma=997
DMA IRQ c0=2
DMA IRQ c1=0
DMA IRQ c2=0
DMA IRQ c3=0
SELECT busy=574
SELECT w0=560
SELECT w1=428
SELECT w2=404
BUSY TASK ewma=997
DMA IRQ c0=2
DMA IRQ c1=0
DMA IRQ c2=0
DMA IRQ c3=0
SELECT busy=607
SELECT w0=596
SELECT w1=448
SELECT w2=423
BUSY TASK ewma=997
DMA IRQ c0=2
DMA IRQ c1=0
DMA IRQ c2=0
DMA IRQ c3=0
SELECT busy=636
SELECT w0=622
SELECT w1=463
SELECT w2=436
BUSY TASK ewma=997
DMA IRQ c0=2
DMA IRQ c1=0
DMA IRQ c2=0
DMA IRQ c3=0
SELECT busy=662
SELECT w0=649
SELECT w1=475
SELECT w2=452
BUSY TASK ewma=997
DMA IRQ c0=2
DMA IRQ c1=0
DMA IRQ c2=0
DMA IRQ c3=0
SELECT busy=682
SELECT w0=669
SELECT w1=489
SELECT w2=463
BUSY TASK ewma=997
DMA IRQ c0=2
DMA IRQ c1=0
DMA IRQ c2=0
DMA IRQ c3=0
SELECT busy=700
SELECT w0=687
SELECT w1=504
SELECT w2=472
BUSY TASK ewma=997
DMA IRQ c0=2
DMA IRQ c1=0
DMA IRQ c2=0
DMA IRQ c3=0
SELECT busy=717
SELECT w0=703
SELECT w1=511
SELECT w2=482
BUSY TASK ewma=997
DMA IRQ c0=2
DMA IRQ c1=0
DMA IRQ c2=0
DMA IRQ c3=0
SELECT busy=734
SELECT w0=720
SELECT w1=517
SELECT w2=488
BUSY TASK ewma=997
DMA IRQ c0=2
DMA IRQ c1=0
DMA IRQ c2=0
DMA IRQ c3=0
SELECT busy=754
SELECT w0=740
SELECT w1=527
SELECT w2=496
BUSY TASK ewma=997
DMA IRQ c0=2
DMA IRQ c1=0
DMA IRQ c2=0
DMA IRQ c3=0
SELECT busy=773
SELECT w0=760
SELECT w1=534
SELECT w2=504
BUSY TASK ewma=997
DMA IRQ c0=2
DMA IRQ c1=0
DMA IRQ c2=0
DMA IRQ c3=0
SELECT busy=794
SELECT w0=781
SELECT w1=546
SELECT w2=519
BUSY TASK ewma=997
DMA IRQ c0=2
DMA IRQ c1=0
DMA IRQ c2=0
DMA IRQ c3=0
SELECT busy=811
SELECT w0=798
SELECT w1=559
SELECT w2=528
BUSY TASK ewma=997
DMA IRQ c0=2
DMA IRQ c1=0
DMA IRQ c2=0
DMA IRQ c3=0
SELECT busy=835
SELECT w0=822
SELECT w1=571
SELECT w2=544
BUSY TASK ewma=997
DMA IRQ c0=2
DMA IRQ c1=0
DMA IRQ c2=0
DMA IRQ c3=0
SELECT busy=854
SELECT w0=840
SELECT w1=580
SELECT w2=551
BUSY TASK ewma=997
DMA IRQ c0=2
DMA IRQ c1=0
DMA IRQ c2=0
DMA IRQ c3=0
SELECT busy=872
SELECT w0=858
SELECT w1=588
SELECT w2=559
BUSY TASK ewma=997
DMA IRQ c0=2
DMA IRQ c1=0
DMA IRQ c2=0
DMA IRQ c3=0
SELECT busy=891
SELECT w0=877
SELECT w1=595
SELECT w2=566
BUSY TASK ewma=997
DMA IRQ c0=2
DMA IRQ c1=0
DMA IRQ c2=0
DMA IRQ c3=0
SELECT busy=915
SELECT w0=902
SELECT w1=608
SELECT w2=582
BUSY TASK ewma=997
DMA IRQ c0=2
DMA IRQ c1=0
DMA IRQ c2=0
DMA IRQ c3=0
SELECT busy=940
SELECT w0=927
SELECT w1=619
SELECT w2=593
BUSY TASK ewma=997
DMA IRQ c0=2
DMA IRQ c1=0
DMA IRQ c2=0
DMA IRQ c3=0
SELECT busy=963
SELECT w0=950
SELECT w1=634
SELECT w2=605
BUSY TASK ewma=997
DMA IRQ c0=2
DMA IRQ c1=0
DMA IRQ c2=0
DMA IRQ c3=0
SELECT busy=985
SELECT w0=972
SELECT w1=645
SELECT w2=615
BUSY TASK ewma=997
DMA IRQ c0=2
DMA IRQ c1=0
DMA IRQ c2=0
DMA IRQ c3=0
SELECT busy=1005
SELECT w0=992
SELECT w1=655
SELECT w2=624
BUSY TASK ewma=997
DMA IRQ c0=2
DMA IRQ c1=0
DMA IRQ c2=0
DMA IRQ c3=0
SELECT busy=1031
SELECT w0=1018
SELECT w1=669
SELECT w2=638
BUSY TASK ewma=997
DMA IRQ c0=2
DMA IRQ c1=0
DMA IRQ c2=0
DMA IRQ c3=0
SELECT busy=1056
SELECT w0=1042
SELECT w1=684
SELECT w2=653
BUSY TASK ewma=997
DMA IRQ c0=2
DMA IRQ c1=0
DMA IRQ c2=0
DMA IRQ c3=0
SELECT busy=1093
SELECT w0=1080
SELECT w1=711
SELECT w2=676
BUSY TASK ewma=997
DMA IRQ c0=2
DMA IRQ c1=0
DMA IRQ c2=0
DMA IRQ c3=0
SELECT busy=1110
SELECT w0=1096
SELECT w1=719
SELECT w2=682
BUSY TASK ewma=997
DMA IRQ c0=2
DMA IRQ c1=0
DMA IRQ c2=0
DMA IRQ c3=0
SELECT busy=1131
SELECT w0=1117
SELECT w1=737
SELECT w2=697
BUSY TASK ewma=997
DMA IRQ c0=2
DMA IRQ c1=0
DMA IRQ c2=0
DMA IRQ c3=0
SELECT busy=1156
SELECT w0=1143
SELECT w1=748
SELECT w2=707
BUSY TASK ewma=997
DMA IRQ c0=2
DMA IRQ c1=0
DMA IRQ c2=0
DMA IRQ c3=0
SELECT busy=1170
SELECT w0=1156
SELECT w1=757
SELECT w2=714
BUSY TASK ewma=997
DMA IRQ c0=2
DMA IRQ c1=0
DMA IRQ c2=0
DMA IRQ c3=0
SELECT busy=1188
SELECT w0=1174
SELECT w1=763
SELECT w2=719
BUSY TASK ewma=997
DMA IRQ c0=2
DMA IRQ c1=0
DMA IRQ c2=0
DMA IRQ c3=0
SELECT busy=1208
SELECT w0=1196
SELECT w1=773
SELECT w2=729
BUSY TASK ewma=997
DMA IRQ c0=2
DMA IRQ c1=0
DMA IRQ c2=0
DMA IRQ c3=0
SELECT busy=1234
SELECT w0=1220
SELECT w1=790
SELECT w2=742
BUSY TASK ewma=997
DMA IRQ c0=2
DMA IRQ c1=0
DMA IRQ c2=0
DMA IRQ c3=0
SELECT busy=1265
SELECT w0=1254
SELECT w1=809
SELECT w2=760
BUSY TASK ewma=997
DMA IRQ c0=2
DMA IRQ c1=0
DMA IRQ c2=0
DMA IRQ c3=0
SELECT busy=1281
SELECT w0=1267
SELECT w1=815
SELECT w2=765
BUSY TASK ewma=997
DMA IRQ c0=2
DMA IRQ c1=0
DMA IRQ c2=0
DMA IRQ c3=0
SELECT busy=1297
SELECT w0=1284
SELECT w1=824
SELECT w2=776
BUSY TASK ewma=997
DMA IRQ c0=2
DMA IRQ c1=0
DMA IRQ c2=0
DMA IRQ c3=0
SELECT busy=1312
SELECT w0=1298
SELECT w1=832
SELECT w2=785
BUSY TASK ewma=997
DMA IRQ c0=2
DMA IRQ c1=0
DMA IRQ c2=0
DMA IRQ c3=0
SELECT busy=1332
SELECT w0=1318
SELECT w1=843
SELECT w2=794
BUSY TASK ewma=997
DMA IRQ c0=2
DMA IRQ c1=0
DMA IRQ c2=0
DMA IRQ c3=0
SELECT busy=1366
SELECT w0=1354
SELECT w1=863
SELECT w2=817
BUSY TASK ewma=997
DMA IRQ c0=2
DMA IRQ c1=0
DMA IRQ c2=0
DMA IRQ c3=0
SELECT busy=1384
SELECT w0=1370
SELECT w1=871
SELECT w2=827
BUSY TASK ewma=997
DMA IRQ c0=2
DMA IRQ c1=0
DMA IRQ c2=0
DMA IRQ c3=0
SELECT busy=1405
SELECT w0=1392
SELECT w1=885
SELECT w2=842
BUSY TASK ewma=997
DMA IRQ c0=2
DMA IRQ c1=0
DMA IRQ c2=0
DMA IRQ c3=0
SELECT busy=1424
SELECT w0=1411
SELECT w1=899
SELECT w2=851
BUSY TASK ewma=997
IRQ counts: cpu0=2863 cpu1=3439 cpu2=3254 cpu3=3326
SCHED secondaries: calls=10064 unexpected=0
SECTEST switches=10016 cpu1=34889014,35653695 cpu2=26702235,26072739 cpu3=42832795,41831570
PINGPONG rounds=614 pongs=615
DMA IRQ c0=2
DMA IRQ c1=0
DMA IRQ c2=0
DMA IRQ c3=0
SELECT busy=1451
SELECT w0=1438
SELECT w1=916
SELECT w2=873
BUSY TASK ewma=997
DMA IRQ c0=2
DMA IRQ c1=0
DMA IRQ c2=0
DMA IRQ c3=0
SELECT busy=1473
SELECT w0=1459
SELECT w1=931
SELECT w2=883
BUSY TASK ewma=997
DMA IRQ c0=2
DMA IRQ c1=0
DMA IRQ c2=0
DMA IRQ c3=0
SELECT busy=1491
SELECT w0=1477
SELECT w1=941
SELECT w2=892
BUSY TASK ewma=997
DMA IRQ c0=2
DMA IRQ c1=0
DMA IRQ c2=0
DMA IRQ c3=0
SELECT busy=1507
SELECT w0=1494
SELECT w1=953
SELECT w2=906
BUSY TASK ewma=997
DMA IRQ c0=2
DMA IRQ c1=0
DMA IRQ c2=0
DMA IRQ c3=0
SELECT busy=1532
SELECT w0=1519
SELECT w1=965
SELECT w2=918
BUSY TASK ewma=997
DMA IRQ c0=2
DMA IRQ c1=0
DMA IRQ c2=0
DMA IRQ c3=0
SELECT busy=1552
SELECT w0=1539
SELECT w1=975
SELECT w2=926
BUSY TASK ewma=997
DMA IRQ c0=2
DMA IRQ c1=0
DMA IRQ c2=0
DMA IRQ c3=0
SELECT busy=1573
SELECT w0=1559
SELECT w1=986
SELECT w2=937
BUSY TASK ewma=997
DMA IRQ c0=2
DMA IRQ c1=0
DMA IRQ c2=0
DMA IRQ c3=0
SELECT busy=1589
SELECT w0=1575
SELECT w1=997
SELECT w2=946
BUSY TASK ewma=997
DMA IRQ c0=2
DMA IRQ c1=0
DMA IRQ c2=0
DMA IRQ c3=0
SELECT busy=1605
SELECT w0=1591
SELECT w1=1005
SELECT w2=952
BUSY TASK ewma=997
DMA IRQ c0=2
DMA IRQ c1=0
DMA IRQ c2=0
DMA IRQ c3=0
SELECT busy=1615
SELECT w0=1601
SELECT w1=1015
SELECT w2=959
BUSY TASK ewma=997
DMA IRQ c0=2
DMA IRQ c1=0
DMA IRQ c2=0
DMA IRQ c3=0
SELECT busy=1635
SELECT w0=1622
SELECT w1=1026
SELECT w2=970
BUSY TASK ewma=997
DMA IRQ c0=2
DMA IRQ c1=0
DMA IRQ c2=0
DMA IRQ c3=0
SELECT busy=1657
SELECT w0=1644
SELECT w1=1041
SELECT w2=986
BUSY TASK ewma=997
DMA IRQ c0=2
DMA IRQ c1=0
DMA IRQ c2=0
DMA IRQ c3=0
SELECT busy=1678
SELECT w0=1664
SELECT w1=1049
SELECT w2=994
BUSY TASK ewma=997
DMA IRQ c0=2
DMA IRQ c1=0
DMA IRQ c2=0
DMA IRQ c3=0
SELECT busy=1696
SELECT w0=1682
SELECT w1=1060
SELECT w2=1004
BUSY TASK ewma=997
DMA IRQ c0=2
DMA IRQ c1=0
DMA IRQ c2=0
DMA IRQ c3=0
SELECT busy=1717
SELECT w0=1706
SELECT w1=1078
SELECT w2=1016
BUSY TASK ewma=997
DMA IRQ c0=2
DMA IRQ c1=0
DMA IRQ c2=0
DMA IRQ c3=0
SELECT busy=1747
SELECT w0=1735
SELECT w1=1097
SELECT w2=1031
BUSY TASK ewma=997
DMA IRQ c0=2
DMA IRQ c1=0
DMA IRQ c2=0
DMA IRQ c3=0
SELECT busy=1765
SELECT w0=1752
SELECT w1=1107
SELECT w2=1041
BUSY TASK ewma=997
DMA IRQ c0=2
DMA IRQ c1=0
DMA IRQ c2=0
DMA IRQ c3=0
SELECT busy=1787
SELECT w0=1773
SELECT w1=1119
SELECT w2=1052
BUSY TASK ewma=997
DMA IRQ c0=2
DMA IRQ c1=0
DMA IRQ c2=0
DMA IRQ c3=0
SELECT busy=1805
SELECT w0=1791
SELECT w1=1132
SELECT w2=1062
BUSY TASK ewma=997
DMA IRQ c0=2
DMA IRQ c1=0
DMA IRQ c2=0
DMA IRQ c3=0
SELECT busy=1824
SELECT w0=1813
SELECT w1=1141
SELECT w2=1071
BUSY TASK ewma=997
DMA IRQ c0=2
DMA IRQ c1=0
DMA IRQ c2=0
DMA IRQ c3=0
SELECT busy=1848
SELECT w0=1835
SELECT w1=1156
SELECT w2=1085
BUSY TASK ewma=997
DMA IRQ c0=2
DMA IRQ c1=0
DMA IRQ c2=0
DMA IRQ c3=0
SELECT busy=1874
SELECT w0=1861
SELECT w1=1172
SELECT w2=1099
BUSY TASK ewma=997
DMA IRQ c0=2
DMA IRQ c1=0
DMA IRQ c2=0
DMA IRQ c3=0
SELECT busy=1896
SELECT w0=1883
SELECT w1=1191
SELECT w2=1111
BUSY TASK ewma=997
DMA IRQ c0=2
DMA IRQ c1=0
DMA IRQ c2=0
DMA IRQ c3=0
SELECT busy=1920
SELECT w0=1907
SELECT w1=1214
SELECT w2=1127
BUSY TASK ewma=997
DMA IRQ c0=2
DMA IRQ c1=0
DMA IRQ c2=0
DMA IRQ c3=0
SELECT busy=1946
SELECT w0=1932
SELECT w1=1226
SELECT w2=1139
BUSY TASK ewma=997
DMA IRQ c0=2
DMA IRQ c1=0
DMA IRQ c2=0
DMA IRQ c3=0
SELECT busy=1975
SELECT w0=1962
SELECT w1=1238
SELECT w2=1152
BUSY TASK ewma=997
DMA IRQ c0=2
DMA IRQ c1=0
DMA IRQ c2=0
DMA IRQ c3=0
SELECT busy=2012
SELECT w0=2002
SELECT w1=1261
SELECT w2=1176
BUSY TASK ewma=997
DMA IRQ c0=2
DMA IRQ c1=0
DMA IRQ c2=0
DMA IRQ c3=0
SELECT busy=2059
SELECT w0=2045
SELECT w1=1284
SELECT w2=1196
BUSY TASK ewma=997
DMA IRQ c0=2
DMA IRQ c1=0
DMA IRQ c2=0
DMA IRQ c3=0
SELECT busy=2090
SELECT w0=2077
SELECT w1=1305
SELECT w2=1220
BUSY TASK ewma=997
DMA IRQ c0=2
DMA IRQ c1=0
DMA IRQ c2=0
DMA IRQ c3=0
SELECT busy=2135
SELECT w0=2122
SELECT w1=1328
SELECT w2=1239
BUSY TASK ewma=997
DMA IRQ c0=2
DMA IRQ c1=0
DMA IRQ c2=0
DMA IRQ c3=0
SELECT busy=2169
SELECT w0=2159
SELECT w1=1350
SELECT w2=1259
BUSY TASK ewma=997
DMA IRQ c0=2
DMA IRQ c1=0
DMA IRQ c2=0
DMA IRQ c3=0
SELECT busy=2206
SELECT w0=2194
SELECT w1=1369
SELECT w2=1281
BUSY TASK ewma=997
DMA IRQ c0=2
DMA IRQ c1=0
DMA IRQ c2=0
DMA IRQ c3=0
SELECT busy=2226
SELECT w0=2212
SELECT w1=1379
SELECT w2=1290
BUSY TASK ewma=997
DMA IRQ c0=2
DMA IRQ c1=0
DMA IRQ c2=0
DMA IRQ c3=0
SELECT busy=2246
SELECT w0=2233
SELECT w1=1393
SELECT w2=1303
BUSY TASK ewma=997
DMA IRQ c0=2
DMA IRQ c1=0
DMA IRQ c2=0
DMA IRQ c3=0
SELECT busy=2269
SELECT w0=2256
SELECT w1=1405
SELECT w2=1317
BUSY TASK ewma=997
DMA IRQ c0=2
DMA IRQ c1=0
DMA IRQ c2=0
DMA IRQ c3=0
SELECT busy=2308
SELECT w0=2294
SELECT w1=1425
SELECT w2=1337
BUSY TASK ewma=997
DMA IRQ c0=2
DMA IRQ c1=0
DMA IRQ c2=0
DMA IRQ c3=0
SELECT busy=2333
SELECT w0=2320
SELECT w1=1438
SELECT w2=1349
BUSY TASK ewma=997
DMA IRQ c0=2
DMA IRQ c1=0
DMA IRQ c2=0
DMA IRQ c3=0
SELECT busy=2346
SELECT w0=2333
SELECT w1=1446
SELECT w2=1356
BUSY TASK ewma=997
DMA IRQ c0=2
DMA IRQ c1=0
DMA IRQ c2=0
DMA IRQ c3=0
SELECT busy=2363
SELECT w0=2350
SELECT w1=1456
SELECT w2=1364
BUSY TASK ewma=997
DMA IRQ c0=2
DMA IRQ c1=0
DMA IRQ c2=0
DMA IRQ c3=0
SELECT busy=2381
SELECT w0=2367
SELECT w1=1467
SELECT w2=1375
BUSY TASK ewma=997
DMA IRQ c0=2
DMA IRQ c1=0
DMA IRQ c2=0
DMA IRQ c3=0
SELECT busy=2401
SELECT w0=2388
SELECT w1=1478
SELECT w2=1386
BUSY TASK ewma=997
DMA IRQ c0=2
DMA IRQ c1=0
DMA IRQ c2=0
DMA IRQ c3=0
SELECT busy=2422
SELECT w0=2409
SELECT w1=1490
SELECT w2=1399
BUSY TASK ewma=997
DMA IRQ c0=2
DMA IRQ c1=0
DMA IRQ c2=0
DMA IRQ c3=0
SELECT busy=2446
SELECT w0=2432
SELECT w1=1501
SELECT w2=1411
BUSY TASK ewma=997
DMA IRQ c0=2
DMA IRQ c1=0
DMA IRQ c2=0
DMA IRQ c3=0
SELECT busy=2466
SELECT w0=2453
SELECT w1=1516
SELECT w2=1425
BUSY TASK ewma=997
DMA IRQ c0=2
DMA IRQ c1=0
DMA IRQ c2=0
DMA IRQ c3=0
SELECT busy=2487
SELECT w0=2473
SELECT w1=1527
SELECT w2=1434
BUSY TASK ewma=997
DMA IRQ c0=2
DMA IRQ c1=0
DMA IRQ c2=0
DMA IRQ c3=0
SELECT busy=2503
SELECT w0=2490
SELECT w1=1539
SELECT w2=1444
BUSY TASK ewma=997
DMA IRQ c0=2
DMA IRQ c1=0
DMA IRQ c2=0
DMA IRQ c3=0
SELECT busy=2523
SELECT w0=2510
SELECT w1=1557
SELECT w2=1457
BUSY TASK ewma=997
DMA IRQ c0=2
DMA IRQ c1=0
DMA IRQ c2=0
DMA IRQ c3=0
SELECT busy=2548
SELECT w0=2534
SELECT w1=1575
SELECT w2=1471
BUSY TASK ewma=997
DMA IRQ c0=2
DMA IRQ c1=0
DMA IRQ c2=0
DMA IRQ c3=0
SELECT busy=2568
SELECT w0=2555
SELECT w1=1588
SELECT w2=1487
BUSY TASK ewma=997
DMA IRQ c0=2
DMA IRQ c1=0
DMA IRQ c2=0
DMA IRQ c3=0
SELECT busy=2588
SELECT w0=2575
SELECT w1=1598
SELECT w2=1498
BUSY TASK ewma=997
DMA IRQ c0=2
DMA IRQ c1=0
DMA IRQ c2=0
DMA IRQ c3=0
SELECT busy=2606
SELECT w0=2593
SELECT w1=1608
SELECT w2=1506
BUSY TASK ewma=997
DMA IRQ c0=2
DMA IRQ c1=0
DMA IRQ c2=0
DMA IRQ c3=0
SELECT busy=2624
SELECT w0=2611
SELECT w1=1618
SELECT w2=1518
BUSY TASK ewma=997
DMA IRQ c0=2
DMA IRQ c1=0
DMA IRQ c2=0
DMA IRQ c3=0
SELECT busy=2640
SELECT w0=2626
SELECT w1=1628
SELECT w2=1527
BUSY TASK ewma=997
DMA IRQ c0=2
DMA IRQ c1=0
DMA IRQ c2=0
DMA IRQ c3=0
SELECT busy=2656
SELECT w0=2642
SELECT w1=1638
SELECT w2=1538
BUSY TASK ewma=997
DMA IRQ c0=2
DMA IRQ c1=0
DMA IRQ c2=0
DMA IRQ c3=0
SELECT busy=2677
SELECT w0=2664
SELECT w1=1652
SELECT w2=1551
BUSY TASK ewma=997
DMA IRQ c0=2
DMA IRQ c1=0
DMA IRQ c2=0
DMA IRQ c3=0
SELECT busy=2700
SELECT w0=2687
SELECT w1=1665
SELECT w2=1565
BUSY TASK ewma=997
DMA IRQ c0=2
DMA IRQ c1=0
DMA IRQ c2=0
DMA IRQ c3=0
SELECT busy=2724
SELECT w0=2710
SELECT w1=1676
SELECT w2=1576
BUSY TASK ewma=997
DMA IRQ c0=2
DMA IRQ c1=0
DMA IRQ c2=0
DMA IRQ c3=0
SELECT busy=2747
SELECT w0=2733
SELECT w1=1686
SELECT w2=1587
BUSY TASK ewma=997
DMA IRQ c0=2
DMA IRQ c1=0
DMA IRQ c2=0
DMA IRQ c3=0
SELECT busy=2771
SELECT w0=2758
SELECT w1=1699
SELECT w2=1601
BUSY TASK ewma=997
DMA IRQ c0=2
DMA IRQ c1=0
DMA IRQ c2=0
DMA IRQ c3=0
SELECT busy=2805
SELECT w0=2791
SELECT w1=1717
SELECT w2=1618
BUSY TASK ewma=997
DMA IRQ c0=2
DMA IRQ c1=0
DMA IRQ c2=0
DMA IRQ c3=0
SELECT busy=2829
SELECT w0=2816
SELECT w1=1731
SELECT w2=1635
BUSY TASK ewma=997
DMA IRQ c0=2
DMA IRQ c1=0
DMA IRQ c2=0
DMA IRQ c3=0
SELECT busy=2848
SELECT w0=2834
SELECT w1=1742
SELECT w2=1646
BUSY TASK ewma=997
DMA IRQ c0=2
DMA IRQ c1=0
DMA IRQ c2=0
DMA IRQ c3=0
SELECT busy=2878
SELECT w0=2864
SELECT w1=1757
SELECT w2=1661
BUSY TASK ewma=997
DMA IRQ c0=2
DMA IRQ c1=0
DMA IRQ c2=0
DMA IRQ c3=0
SELECT busy=2918
SELECT w0=2906
SELECT w1=1782
SELECT w2=1684
BUSY TASK ewma=997
IRQ counts: cpu0=5893 cpu1=7044 cpu2=6670 cpu3=6743
SCHED secondaries: calls=20461 unexpected=0
SECTEST switches=20440 cpu1=72578231,73758093 cpu2=56960383,55409173 cpu3=84609537,83874164
PINGPONG rounds=1254 pongs=1255
DMA IRQ c0=2
DMA IRQ c1=0
DMA IRQ c2=0
DMA IRQ c3=0
SELECT busy=2974
SELECT w0=2960
SELECT w1=1812
SELECT w2=1712
BUSY TASK ewma=997
DMA IRQ c0=2
DMA IRQ c1=0
DMA IRQ c2=0
DMA IRQ c3=0
SELECT busy=3022
SELECT w0=3009
SELECT w1=1839
SELECT w2=1738
BUSY TASK ewma=997
DMA IRQ c0=2
DMA IRQ c1=0
DMA IRQ c2=0
DMA IRQ c3=0
SELECT busy=3042
SELECT w0=3028
SELECT w1=1848
SELECT w2=1748
BUSY TASK ewma=997
DMA IRQ c0=2
DMA IRQ c1=0
DMA IRQ c2=0
DMA IRQ c3=0
SELECT busy=3056
SELECT w0=3042
SELECT w1=1855
SELECT w2=1753
BUSY TASK ewma=997
DMA IRQ c0=2
DMA IRQ c1=0
DMA IRQ c2=0
DMA IRQ c3=0
SELECT busy=3071
SELECT w0=3058
SELECT w1=1862
SELECT w2=1762
BUSY TASK ewma=997
DMA IRQ c0=2
DMA IRQ c1=0
DMA IRQ c2=0
DMA IRQ c3=0
SELECT busy=3093
SELECT w0=3079
SELECT w1=1875
SELECT w2=1778
BUSY TASK ewma=997
DMA IRQ c0=2
DMA IRQ c1=0
DMA IRQ c2=0
DMA IRQ c3=0
SELECT busy=3110
SELECT w0=3097
SELECT w1=1886
SELECT w2=1787
BUSY TASK ewma=997
DMA IRQ c0=2
DMA IRQ c1=0
DMA IRQ c2=0
DMA IRQ c3=0
SELECT busy=3127
SELECT w0=3113
SELECT w1=1893
SELECT w2=1796
BUSY TASK ewma=997
DMA IRQ c0=2
DMA IRQ c1=0
DMA IRQ c2=0
DMA IRQ c3=0
SELECT busy=3148
SELECT w0=3136
SELECT w1=1904
SELECT w2=1809
BUSY TASK ewma=997
DMA IRQ c0=2
DMA IRQ c1=0
DMA IRQ c2=0
DMA IRQ c3=0
SELECT busy=3167
SELECT w0=3153
SELECT w1=1912
SELECT w2=1818
BUSY TASK ewma=997
DMA IRQ c0=2
DMA IRQ c1=0
DMA IRQ c2=0
DMA IRQ c3=0
SELECT busy=3186
SELECT w0=3172
SELECT w1=1922
SELECT w2=1829
BUSY TASK ewma=997
DMA IRQ c0=2
DMA IRQ c1=0
DMA IRQ c2=0
DMA IRQ c3=0
SELECT busy=3208
SELECT w0=3195
SELECT w1=1935
SELECT w2=1842
BUSY TASK ewma=997
DMA IRQ c0=2
DMA IRQ c1=0
DMA IRQ c2=0
DMA IRQ c3=0
SELECT busy=3249
SELECT w0=3235
SELECT w1=1955
SELECT w2=1862
BUSY TASK ewma=997
DMA IRQ c0=2
DMA IRQ c1=0
DMA IRQ c2=0
DMA IRQ c3=0
SELECT busy=3284
SELECT w0=3271
SELECT w1=1976
SELECT w2=1882
BUSY TASK ewma=997
DMA IRQ c0=2
DMA IRQ c1=0
DMA IRQ c2=0
DMA IRQ c3=0
SELECT busy=3316
SELECT w0=3305
SELECT w1=1992
SELECT w2=1899
BUSY TASK ewma=997
DMA IRQ c0=2
DMA IRQ c1=0
DMA IRQ c2=0
DMA IRQ c3=0
SELECT busy=3341
SELECT w0=3328
SELECT w1=2006
SELECT w2=1912
BUSY TASK ewma=997
DMA IRQ c0=2
DMA IRQ c1=0
DMA IRQ c2=0
DMA IRQ c3=0
SELECT busy=3355
SELECT w0=3341
SELECT w1=2012
SELECT w2=1918
BUSY TASK ewma=997
DMA IRQ c0=2
DMA IRQ c1=0
DMA IRQ c2=0
DMA IRQ c3=0
SELECT busy=3374
SELECT w0=3360
SELECT w1=2022
SELECT w2=1930
BUSY TASK ewma=997
DMA IRQ c0=2
DMA IRQ c1=0
DMA IRQ c2=0
DMA IRQ c3=0
SELECT busy=3393
SELECT w0=3380
SELECT w1=2030
SELECT w2=1938
BUSY TASK ewma=997
DMA IRQ c0=2
DMA IRQ c1=0
DMA IRQ c2=0
DMA IRQ c3=0
SELECT busy=3407
SELECT w0=3393
SELECT w1=2038
SELECT w2=1944
BUSY TASK ewma=997
DMA IRQ c0=2
DMA IRQ c1=0
DMA IRQ c2=0
DMA IRQ c3=0
SELECT busy=3429
SELECT w0=3417
SELECT w1=2049
SELECT w2=1957
BUSY TASK ewma=997
DMA IRQ c0=2
DMA IRQ c1=0
DMA IRQ c2=0
DMA IRQ c3=0
SELECT busy=3459
SELECT w0=3446
SELECT w1=2062
SELECT w2=1971
BUSY TASK ewma=997
DMA IRQ c0=2
DMA IRQ c1=0
DMA IRQ c2=0
DMA IRQ c3=0
SELECT busy=3477
SELECT w0=3464
SELECT w1=2071
SELECT w2=1981
BUSY TASK ewma=997
DMA IRQ c0=2
DMA IRQ c1=0
DMA IRQ c2=0
DMA IRQ c3=0
SELECT busy=3495
SELECT w0=3481
SELECT w1=2081
SELECT w2=1990
BUSY TASK ewma=997
DMA IRQ c0=2
DMA IRQ c1=0
DMA IRQ c2=0
DMA IRQ c3=0
SELECT busy=3508
SELECT w0=3494
SELECT w1=2089
SELECT w2=1998
BUSY TASK ewma=997
DMA IRQ c0=2
DMA IRQ c1=0
DMA IRQ c2=0
DMA IRQ c3=0
SELECT busy=3529
SELECT w0=3515
SELECT w1=2098
SELECT w2=2009
BUSY TASK ewma=997
DMA IRQ c0=2
DMA IRQ c1=0
DMA IRQ c2=0
DMA IRQ c3=0
SELECT busy=3546
SELECT w0=3532
SELECT w1=2108
SELECT w2=2020
BUSY TASK ewma=997
DMA IRQ c0=2
DMA IRQ c1=0
DMA IRQ c2=0
DMA IRQ c3=0
SELECT busy=3565
SELECT w0=3552
SELECT w1=2119
SELECT w2=2033
BUSY TASK ewma=997
DMA IRQ c0=2
DMA IRQ c1=0
DMA IRQ c2=0
DMA IRQ c3=0
SELECT busy=3581
SELECT w0=3568
SELECT w1=2129
SELECT w2=2045
BUSY TASK ewma=997
DMA IRQ c0=2
DMA IRQ c1=0
DMA IRQ c2=0
DMA IRQ c3=0
SELECT busy=3601
SELECT w0=3587
SELECT w1=2140
SELECT w2=2056
BUSY TASK ewma=997
DMA IRQ c0=2
DMA IRQ c1=0
DMA IRQ c2=0
DMA IRQ c3=0
SELECT busy=3621
SELECT w0=3607
SELECT w1=2152
SELECT w2=2069
BUSY TASK ewma=997
DMA IRQ c0=2
DMA IRQ c1=0
DMA IRQ c2=0
DMA IRQ c3=0
SELECT busy=3641
SELECT w0=3628
SELECT w1=2161
SELECT w2=2079
BUSY TASK ewma=997
DMA IRQ c0=2
DMA IRQ c1=0
DMA IRQ c2=0
DMA IRQ c3=0
SELECT busy=3655
SELECT w0=3642
SELECT w1=2169
SELECT w2=2087
BUSY TASK ewma=997
DMA IRQ c0=2
DMA IRQ c1=0
DMA IRQ c2=0
DMA IRQ c3=0
SELECT busy=3692
SELECT w0=3679
SELECT w1=2189
SELECT w2=2109
BUSY TASK ewma=997
DMA IRQ c0=2
DMA IRQ c1=0
DMA IRQ c2=0
DMA IRQ c3=0
SELECT busy=3720
SELECT w0=3706
SELECT w1=2203
SELECT w2=2121
BUSY TASK ewma=997
DMA IRQ c0=2
DMA IRQ c1=0
DMA IRQ c2=0
DMA IRQ c3=0
SELECT busy=3742
SELECT w0=3729
SELECT w1=2214
SELECT w2=2133
BUSY TASK ewma=997
DMA IRQ c0=2
DMA IRQ c1=0
DMA IRQ c2=0
DMA IRQ c3=0
SELECT busy=3763
SELECT w0=3749
SELECT w1=2224
SELECT w2=2143
BUSY TASK ewma=997
DMA IRQ c0=2
DMA IRQ c1=0
DMA IRQ c2=0
DMA IRQ c3=0
SELECT busy=3784
SELECT w0=3772
SELECT w1=2235
SELECT w2=2154
BUSY TASK ewma=997
DMA IRQ c0=2
DMA IRQ c1=0
DMA IRQ c2=0
DMA IRQ c3=0
SELECT busy=3813
SELECT w0=3800
SELECT w1=2247
SELECT w2=2168
BUSY TASK ewma=997
DMA IRQ c0=2
DMA IRQ c1=0
DMA IRQ c2=0
DMA IRQ c3=0
SELECT busy=3848
SELECT w0=3835
SELECT w1=2263
SELECT w2=2185
BUSY TASK ewma=997
DMA IRQ c0=2
DMA IRQ c1=0
DMA IRQ c2=0
DMA IRQ c3=0
SELECT busy=3890
SELECT w0=3877
SELECT w1=2289
SELECT w2=2209
BUSY TASK ewma=997
DMA IRQ c0=2
DMA IRQ c1=0
DMA IRQ c2=0
DMA IRQ c3=0
SELECT busy=3937
SELECT w0=3924
SELECT w1=2311
SELECT w2=2231
BUSY TASK ewma=997
DMA IRQ c0=2
DMA IRQ c1=0
DMA IRQ c2=0
DMA IRQ c3=0
SELECT busy=3961
SELECT w0=3948
SELECT w1=2327
SELECT w2=2243
BUSY TASK ewma=997
DMA IRQ c0=2
DMA IRQ c1=0
DMA IRQ c2=0
DMA IRQ c3=0
SELECT busy=3988
SELECT w0=3974
SELECT w1=2343
SELECT w2=2259
BUSY TASK ewma=997
DMA IRQ c0=2
DMA IRQ c1=0
DMA IRQ c2=0
DMA IRQ c3=0
SELECT busy=4012
SELECT w0=3999
SELECT w1=2359
SELECT w2=2275
BUSY TASK ewma=997
DMA IRQ c0=2
DMA IRQ c1=0
DMA IRQ c2=0
DMA IRQ c3=0
SELECT busy=4034
SELECT w0=4021
SELECT w1=2370
SELECT w2=2284
BUSY TASK ewma=997
DMA IRQ c0=2
DMA IRQ c1=0
DMA IRQ c2=0
DMA IRQ c3=0
SELECT busy=4074
SELECT w0=4061
SELECT w1=2391
SELECT w2=2301
BUSY TASK ewma=997
DMA IRQ c0=2
DMA IRQ c1=0
DMA IRQ c2=0
DMA IRQ c3=0
SELECT busy=4110
SELECT w0=4097
SELECT w1=2412
SELECT w2=2323
BUSY TASK ewma=997
DMA IRQ c0=2
DMA IRQ c1=0
DMA IRQ c2=0
DMA IRQ c3=0
SELECT busy=4154
SELECT w0=4141
SELECT w1=2440
SELECT w2=2357
BUSY TASK ewma=997
DMA IRQ c0=2
DMA IRQ c1=0
DMA IRQ c2=0
DMA IRQ c3=0
SELECT busy=4174
SELECT w0=4160
SELECT w1=2450
SELECT w2=2369
BUSY TASK ewma=997
DMA IRQ c0=2
DMA IRQ c1=0
DMA IRQ c2=0
DMA IRQ c3=0
SELECT busy=4194
SELECT w0=4181
SELECT w1=2460
SELECT w2=2381
BUSY TASK ewma=997
DMA IRQ c0=2
DMA IRQ c1=0
DMA IRQ c2=0
DMA IRQ c3=0
SELECT busy=4220
SELECT w0=4206
SELECT w1=2474
SELECT w2=2395
BUSY TASK ewma=997
DMA IRQ c0=2
DMA IRQ c1=0
DMA IRQ c2=0
DMA IRQ c3=0
SELECT busy=4261
SELECT w0=4248
SELECT w1=2494
SELECT w2=2413
BUSY TASK ewma=997
DMA IRQ c0=2
DMA IRQ c1=0
DMA IRQ c2=0
DMA IRQ c3=0
SELECT busy=4299
SELECT w0=4286
SELECT w1=2512
SELECT w2=2432
BUSY TASK ewma=997
DMA IRQ c0=2
DMA IRQ c1=0
DMA IRQ c2=0
DMA IRQ c3=0
SELECT busy=4336
SELECT w0=4322
SELECT w1=2530
SELECT w2=2450
BUSY TASK ewma=997
DMA IRQ c0=2
DMA IRQ c1=0
DMA IRQ c2=0
DMA IRQ c3=0
SELECT busy=4378
SELECT w0=4365
SELECT w1=2552
SELECT w2=2475
BUSY TASK ewma=997
DMA IRQ c0=2
DMA IRQ c1=0
DMA IRQ c2=0
DMA IRQ c3=0
SELECT busy=4408
SELECT w0=4395
SELECT w1=2568
SELECT w2=2491
BUSY TASK ewma=997
DMA IRQ c0=2
DMA IRQ c1=0
DMA IRQ c2=0
DMA IRQ c3=0
SELECT busy=4449
SELECT w0=4435
SELECT w1=2589
SELECT w2=2517
BUSY TASK ewma=997
DMA IRQ c0=2
DMA IRQ c1=0
DMA IRQ c2=0
DMA IRQ c3=0
SELECT busy=4495
SELECT w0=4482
SELECT w1=2617
SELECT w2=2547
BUSY TASK ewma=997
DMA IRQ c0=2
DMA IRQ c1=0
DMA IRQ c2=0
DMA IRQ c3=0
SELECT busy=4530
SELECT w0=4517
SELECT w1=2639
SELECT w2=2568
BUSY TASK ewma=997
DMA IRQ c0=2
DMA IRQ c1=0
DMA IRQ c2=0
DMA IRQ c3=0
SELECT busy=4567
SELECT w0=4554
SELECT w1=2660
SELECT w2=2587
BUSY TASK ewma=997
DMA IRQ c0=2
DMA IRQ c1=0
DMA IRQ c2=0
DMA IRQ c3=0
SELECT busy=4585
SELECT w0=4572
SELECT w1=2670
SELECT w2=2596
BUSY TASK ewma=997
DMA IRQ c0=2
DMA IRQ c1=0
DMA IRQ c2=0
DMA IRQ c3=0
SELECT busy=4602
SELECT w0=4588
SELECT w1=2679
SELECT w2=2606
BUSY TASK ewma=997
DMA IRQ c0=2
DMA IRQ c1=0
DMA IRQ c2=0
DMA IRQ c3=0
SELECT busy=4635
SELECT w0=4622
SELECT w1=2694
SELECT w2=2629
BUSY TASK ewma=997
IRQ counts: cpu0=9297 cpu1=10735 cpu2=10497 cpu3=10473
SCHED secondaries: calls=31723 unexpected=0
SECTEST switches=31673 cpu1=108935607,109527075 cpu2=84903557,83340308 cpu3=121867841,120518615
PINGPONG rounds=1952 pongs=1953
DMA IRQ c0=2
DMA IRQ c1=0
DMA IRQ c2=0
DMA IRQ c3=0
SELECT busy=4663
SELECT w0=4649
SELECT w1=2709
SELECT w2=2644
BUSY TASK ewma=997
DMA IRQ c0=2
DMA IRQ c1=0
DMA IRQ c2=0
DMA IRQ c3=0
SELECT busy=4683
SELECT w0=4669
SELECT w1=2720
SELECT w2=2654
BUSY TASK ewma=997
DMA IRQ c0=2
DMA IRQ c1=0
DMA IRQ c2=0
DMA IRQ c3=0
SELECT busy=4699
SELECT w0=4685
SELECT w1=2734
SELECT w2=2665
BUSY TASK ewma=997
DMA IRQ c0=2
DMA IRQ c1=0
DMA IRQ c2=0
DMA IRQ c3=0
SELECT busy=4720
SELECT w0=4706
SELECT w1=2750
SELECT w2=2679
BUSY TASK ewma=997
DMA IRQ c0=2
DMA IRQ c1=0
DMA IRQ c2=0
DMA IRQ c3=0
SELECT busy=4741
SELECT w0=4728
SELECT w1=2761
SELECT w2=2688
BUSY TASK ewma=997
DMA IRQ c0=2
DMA IRQ c1=0
DMA IRQ c2=0
DMA IRQ c3=0
SELECT busy=4757
SELECT w0=4744
SELECT w1=2770
SELECT w2=2697
BUSY TASK ewma=997
DMA IRQ c0=2
DMA IRQ c1=0
DMA IRQ c2=0
DMA IRQ c3=0
SELECT busy=4773
SELECT w0=4760
SELECT w1=2777
SELECT w2=2706
BUSY TASK ewma=997
DMA IRQ c0=2
DMA IRQ c1=0
DMA IRQ c2=0
DMA IRQ c3=0
SELECT busy=4793
SELECT w0=4780
SELECT w1=2787
SELECT w2=2719
BUSY TASK ewma=997
DMA IRQ c0=2
DMA IRQ c1=0
DMA IRQ c2=0
DMA IRQ c3=0
SELECT busy=4830
SELECT w0=4817
SELECT w1=2805
SELECT w2=2741
BUSY TASK ewma=997
DMA IRQ c0=2
DMA IRQ c1=0
DMA IRQ c2=0
DMA IRQ c3=0
SELECT busy=4867
SELECT w0=4853
SELECT w1=2818
SELECT w2=2757
BUSY TASK ewma=997
DMA IRQ c0=2
DMA IRQ c1=0
DMA IRQ c2=0
DMA IRQ c3=0
SELECT busy=4901
SELECT w0=4889
SELECT w1=2835
SELECT w2=2778
BUSY TASK ewma=997
DMA IRQ c0=2
DMA IRQ c1=0
DMA IRQ c2=0
DMA IRQ c3=0
SELECT busy=4926
SELECT w0=4912
SELECT w1=2844
SELECT w2=2792
BUSY TASK ewma=997
DMA IRQ c0=2
DMA IRQ c1=0
DMA IRQ c2=0
DMA IRQ c3=0
SELECT busy=4943
SELECT w0=4930
SELECT w1=2853
SELECT w2=2805
BUSY TASK ewma=997
DMA IRQ c0=2
DMA IRQ c1=0
DMA IRQ c2=0
DMA IRQ c3=0
SELECT busy=4961
SELECT w0=4947
SELECT w1=2860
SELECT w2=2815
BUSY TASK ewma=997
DMA IRQ c0=2
DMA IRQ c1=0
DMA IRQ c2=0
DMA IRQ c3=0
SELECT busy=4984
SELECT w0=4971
SELECT w1=2879
SELECT w2=2833
BUSY TASK ewma=997
DMA IRQ c0=2
DMA IRQ c1=0
DMA IRQ c2=0
DMA IRQ c3=0
SELECT busy=5002
SELECT w0=4988
SELECT w1=2885
SELECT w2=2842
BUSY TASK ewma=997
DMA IRQ c0=2
DMA IRQ c1=0
DMA IRQ c2=0
DMA IRQ c3=0
SELECT busy=5031
SELECT w0=5018
SELECT w1=2899
SELECT w2=2861
BUSY TASK ewma=997
DMA IRQ c0=2
DMA IRQ c1=0
DMA IRQ c2=0
DMA IRQ c3=0
SELECT busy=5057
SELECT w0=5044
SELECT w1=2912
SELECT w2=2884
BUSY TASK ewma=997
DMA IRQ c0=2
DMA IRQ c1=0
DMA IRQ c2=0
DMA IRQ c3=0
SELECT busy=5075
SELECT w0=5062
SELECT w1=2921
SELECT w2=2898
BUSY TASK ewma=997
DMA IRQ c0=2
DMA IRQ c1=0
DMA IRQ c2=0
DMA IRQ c3=0
SELECT busy=5092
SELECT w0=5079
SELECT w1=2928
SELECT w2=2906
BUSY TASK ewma=997
DMA IRQ c0=2
DMA IRQ c1=0
DMA IRQ c2=0
DMA IRQ c3=0
SELECT busy=5108
SELECT w0=5095
SELECT w1=2939
SELECT w2=2918
BUSY TASK ewma=997
DMA IRQ c0=2
DMA IRQ c1=0
DMA IRQ c2=0
DMA IRQ c3=0
SELECT busy=5131
SELECT w0=5117
SELECT w1=2946
SELECT w2=2926
BUSY TASK ewma=997
DMA IRQ c0=2
DMA IRQ c1=0
DMA IRQ c2=0
DMA IRQ c3=0
SELECT busy=5151
SELECT w0=5139
SELECT w1=2958
SELECT w2=2939
BUSY TASK ewma=997
DMA IRQ c0=2
DMA IRQ c1=0
DMA IRQ c2=0
DMA IRQ c3=0
SELECT busy=5172
SELECT w0=5158
SELECT w1=2966
SELECT w2=2947
BUSY TASK ewma=997
DMA IRQ c0=2
DMA IRQ c1=0
DMA IRQ c2=0
DMA IRQ c3=0
SELECT busy=5190
SELECT w0=5177
SELECT w1=2973
SELECT w2=2959
BUSY TASK ewma=997
DMA IRQ c0=2
DMA IRQ c1=0
DMA IRQ c2=0
DMA IRQ c3=0
SELECT busy=5209
SELECT w0=5196
SELECT w1=2986
SELECT w2=2971
BUSY TASK ewma=997
DMA IRQ c0=2
DMA IRQ c1=0
DMA IRQ c2=0
DMA IRQ c3=0
SELECT busy=5225
SELECT w0=5211
SELECT w1=2994
SELECT w2=2978
BUSY TASK ewma=997
DMA IRQ c0=2
DMA IRQ c1=0
DMA IRQ c2=0
DMA IRQ c3=0
SELECT busy=5248
SELECT w0=5235
SELECT w1=3008
SELECT w2=2997
BUSY TASK ewma=997
DMA IRQ c0=2
DMA IRQ c1=0
DMA IRQ c2=0
DMA IRQ c3=0
SELECT busy=5267
SELECT w0=5254
SELECT w1=3016
SELECT w2=3007
BUSY TASK ewma=997
DMA IRQ c0=2
DMA IRQ c1=0
DMA IRQ c2=0
DMA IRQ c3=0
SELECT busy=5293
SELECT w0=5279
SELECT w1=3032
SELECT w2=3023
BUSY TASK ewma=997
DMA IRQ c0=2
DMA IRQ c1=0
DMA IRQ c2=0
DMA IRQ c3=0
SELECT busy=5330
SELECT w0=5317
SELECT w1=3052
SELECT w2=3047
BUSY TASK ewma=997
DMA IRQ c0=2
DMA IRQ c1=0
DMA IRQ c2=0
DMA IRQ c3=0
SELECT busy=5353
SELECT w0=5341
SELECT w1=3066
SELECT w2=3063
BUSY TASK ewma=997
DMA IRQ c0=2
DMA IRQ c1=0
DMA IRQ c2=0
DMA IRQ c3=0
SELECT busy=5380
SELECT w0=5367
SELECT w1=3075
SELECT w2=3074
BUSY TASK ewma=997
DMA IRQ c0=2
DMA IRQ c1=0
DMA IRQ c2=0
DMA IRQ c3=0
SELECT busy=5403
SELECT w0=5390
SELECT w1=3088
SELECT w2=3087
BUSY TASK ewma=997
DMA IRQ c0=2
DMA IRQ c1=0
DMA IRQ c2=0
DMA IRQ c3=0
SELECT busy=5420
SELECT w0=5407
SELECT w1=3097
SELECT w2=3098
BUSY TASK ewma=997
DMA IRQ c0=2
DMA IRQ c1=0
DMA IRQ c2=0
DMA IRQ c3=0
SELECT busy=5441
SELECT w0=5428
SELECT w1=3108
SELECT w2=3111
BUSY TASK ewma=997
DMA IRQ c0=2
DMA IRQ c1=0
DMA IRQ c2=0
DMA IRQ c3=0
SELECT busy=5457
SELECT w0=5443
SELECT w1=3114
SELECT w2=3121
BUSY TASK ewma=997
DMA IRQ c0=2
DMA IRQ c1=0
DMA IRQ c2=0
DMA IRQ c3=0
SELECT busy=5479
SELECT w0=5466
SELECT w1=3123
SELECT w2=3132
BUSY TASK ewma=997
DMA IRQ c0=2
DMA IRQ c1=0
DMA IRQ c2=0
DMA IRQ c3=0
SELECT busy=5501
SELECT w0=5488
SELECT w1=3136
SELECT w2=3148
BUSY TASK ewma=997
DMA IRQ c0=2
DMA IRQ c1=0
DMA IRQ c2=0
DMA IRQ c3=0
SELECT busy=5519
SELECT w0=5506
SELECT w1=3146
SELECT w2=3162
BUSY TASK ewma=997
DMA IRQ c0=2
DMA IRQ c1=0
DMA IRQ c2=0
DMA IRQ c3=0
SELECT busy=5538
SELECT w0=5524
SELECT w1=3154
SELECT w2=3170
BUSY TASK ewma=997
DMA IRQ c0=2
DMA IRQ c1=0
DMA IRQ c2=0
DMA IRQ c3=0
SELECT busy=5553
SELECT w0=5540
SELECT w1=3161
SELECT w2=3180
BUSY TASK ewma=997
DMA IRQ c0=2
DMA IRQ c1=0
DMA IRQ c2=0
DMA IRQ c3=0
SELECT busy=5568
SELECT w0=5555
SELECT w1=3168
SELECT w2=3190
BUSY TASK ewma=997
DMA IRQ c0=2
DMA IRQ c1=0
DMA IRQ c2=0
DMA IRQ c3=0
SELECT busy=5588
SELECT w0=5575
SELECT w1=3177
SELECT w2=3203
BUSY TASK ewma=997
DMA IRQ c0=2
DMA IRQ c1=0
DMA IRQ c2=0
DMA IRQ c3=0
SELECT busy=5615
SELECT w0=5602
SELECT w1=3187
SELECT w2=3214
BUSY TASK ewma=997
DMA IRQ c0=2
DMA IRQ c1=0
DMA IRQ c2=0
DMA IRQ c3=0
SELECT busy=5632
SELECT w0=5618
SELECT w1=3193
SELECT w2=3221
BUSY TASK ewma=997
DMA IRQ c0=2
DMA IRQ c1=0
DMA IRQ c2=0
DMA IRQ c3=0
SELECT busy=5651
SELECT w0=5638
SELECT w1=3199
SELECT w2=3228
BUSY TASK ewma=997
DMA IRQ c0=2
DMA IRQ c1=0
DMA IRQ c2=0
DMA IRQ c3=0
SELECT busy=5671
SELECT w0=5658
SELECT w1=3209
SELECT w2=3238
BUSY TASK ewma=997
DMA IRQ c0=2
DMA IRQ c1=0
DMA IRQ c2=0
DMA IRQ c3=0
SELECT busy=5690
SELECT w0=5676
SELECT w1=3217
SELECT w2=3249
BUSY TASK ewma=997
DMA IRQ c0=2
DMA IRQ c1=0
DMA IRQ c2=0
DMA IRQ c3=0
SELECT busy=5708
SELECT w0=5695
SELECT w1=3226
SELECT w2=3258
BUSY TASK ewma=997
DMA IRQ c0=2
DMA IRQ c1=0
DMA IRQ c2=0
DMA IRQ c3=0
SELECT busy=5726
SELECT w0=5713
SELECT w1=3235
SELECT w2=3268
BUSY TASK ewma=997
DMA IRQ c0=2
DMA IRQ c1=0
DMA IRQ c2=0
DMA IRQ c3=0
SELECT busy=5742
SELECT w0=5729
SELECT w1=3245
SELECT w2=3277
BUSY TASK ewma=997
DMA IRQ c0=2
DMA IRQ c1=0
DMA IRQ c2=0
DMA IRQ c3=0
SELECT busy=5761
SELECT w0=5748
SELECT w1=3253
SELECT w2=3286
BUSY TASK ewma=997
DMA IRQ c0=2
DMA IRQ c1=0
DMA IRQ c2=0
DMA IRQ c3=0
SELECT busy=5780
SELECT w0=5766
SELECT w1=3260
SELECT w2=3295
BUSY TASK ewma=997
DMA IRQ c0=2
DMA IRQ c1=0
DMA IRQ c2=0
DMA IRQ c3=0
SELECT busy=5799
SELECT w0=5785
SELECT w1=3268
SELECT w2=3307
BUSY TASK ewma=997
DMA IRQ c0=2
DMA IRQ c1=0
DMA IRQ c2=0
DMA IRQ c3=0
SELECT busy=5814
SELECT w0=5801
SELECT w1=3275
SELECT w2=3316
BUSY TASK ewma=997
DMA IRQ c0=2
DMA IRQ c1=0
DMA IRQ c2=0
DMA IRQ c3=0
SELECT busy=5830
SELECT w0=5816
SELECT w1=3281
SELECT w2=3325
BUSY TASK ewma=997
DMA IRQ c0=2
DMA IRQ c1=0
DMA IRQ c2=0
DMA IRQ c3=0
SELECT busy=5843
SELECT w0=5830
SELECT w1=3287
SELECT w2=3334
BUSY TASK ewma=997
DMA IRQ c0=2
DMA IRQ c1=0
DMA IRQ c2=0
DMA IRQ c3=0
SELECT busy=5859
SELECT w0=5846
SELECT w1=3295
SELECT w2=3344
BUSY TASK ewma=997
DMA IRQ c0=2
DMA IRQ c1=0
DMA IRQ c2=0
DMA IRQ c3=0
SELECT busy=5880
SELECT w0=5867
SELECT w1=3304
SELECT w2=3356
BUSY TASK ewma=997
DMA IRQ c0=2
DMA IRQ c1=0
DMA IRQ c2=0
DMA IRQ c3=0
SELECT busy=5897
SELECT w0=5884
SELECT w1=3311
SELECT w2=3366
BUSY TASK ewma=997
DMA IRQ c0=2
DMA IRQ c1=0
DMA IRQ c2=0
DMA IRQ c3=0
SELECT busy=5918
SELECT w0=5905
SELECT w1=3321
SELECT w2=3377
BUSY TASK ewma=997
DMA IRQ c0=2
DMA IRQ c1=0
DMA IRQ c2=0
DMA IRQ c3=0
SELECT busy=5940
SELECT w0=5926
SELECT w1=3331
SELECT w2=3390
BUSY TASK ewma=997
DMA IRQ c0=2
DMA IRQ c1=0
DMA IRQ c2=0
DMA IRQ c3=0
SELECT busy=5960
SELECT w0=5947
SELECT w1=3340
SELECT w2=3401
BUSY TASK ewma=997
IRQ counts: cpu0=11935 cpu1=13879 cpu2=13574 cpu3=13626
SCHED secondaries: calls=41086 unexpected=0
SECTEST switches=41058 cpu1=143041777,142713846 cpu2=114799051,114518954 cpu3=167783048,166609597
PINGPONG rounds=2000 pongs=2000
DMA IRQ c0=2
DMA IRQ c1=0
DMA IRQ c2=0
DMA IRQ c3=0
SELECT busy=5994
SELECT w0=5982
SELECT w1=3358
SELECT w2=3423
BUSY TASK ewma=997
DMA IRQ c0=2
DMA IRQ c1=0
DMA IRQ c2=0
DMA IRQ c3=0
SELECT busy=6016
SELECT w0=6003
SELECT w1=3372
SELECT w2=3435
BUSY TASK ewma=997
DMA IRQ c0=2
DMA IRQ c1=0
DMA IRQ c2=0
DMA IRQ c3=0
SELECT busy=6031
SELECT w0=6018
SELECT w1=3380
SELECT w2=3444
BUSY TASK ewma=997
DMA IRQ c0=2
DMA IRQ c1=0
DMA IRQ c2=0
DMA IRQ c3=0
SELECT busy=6051
SELECT w0=6038
SELECT w1=3391
SELECT w2=3454
BUSY TASK ewma=997
DMA IRQ c0=2
DMA IRQ c1=0
DMA IRQ c2=0
DMA IRQ c3=0
SELECT busy=6073
SELECT w0=6060
SELECT w1=3399
SELECT w2=3469
BUSY TASK ewma=997
DMA IRQ c0=2
DMA IRQ c1=0
DMA IRQ c2=0
DMA IRQ c3=0
SELECT busy=6093
SELECT w0=6080
SELECT w1=3409
SELECT w2=3480
BUSY TASK ewma=997
DMA IRQ c0=2
DMA IRQ c1=0
DMA IRQ c2=0
DMA IRQ c3=0
SELECT busy=6111
SELECT w0=6098
SELECT w1=3418
SELECT w2=3495
BUSY TASK ewma=997
DMA IRQ c0=2
DMA IRQ c1=0
DMA IRQ c2=0
DMA IRQ c3=0
SELECT busy=6130
SELECT w0=6117
SELECT w1=3425
SELECT w2=3504
BUSY TASK ewma=997
DMA IRQ c0=2
DMA IRQ c1=0
DMA IRQ c2=0
DMA IRQ c3=0
SELECT busy=6149
SELECT w0=6136
SELECT w1=3433
SELECT w2=3515
BUSY TASK ewma=997
DMA IRQ c0=2
DMA IRQ c1=0
DMA IRQ c2=0
DMA IRQ c3=0
SELECT busy=6167
SELECT w0=6153
SELECT w1=3442
SELECT w2=3523
BUSY TASK ewma=997
DMA IRQ c0=2
DMA IRQ c1=0
DMA IRQ c2=0
DMA IRQ c3=0
SELECT busy=6186
SELECT w0=6173
SELECT w1=3452
SELECT w2=3535
BUSY TASK ewma=997
DMA IRQ c0=2
DMA IRQ c1=0
DMA IRQ c2=0
DMA IRQ c3=0
SELECT busy=6203
SELECT w0=6190
SELECT w1=3464
SELECT w2=3546
BUSY TASK ewma=997
DMA IRQ c0=2
DMA IRQ c1=0
DMA IRQ c2=0
DMA IRQ c3=0
SELECT busy=6226
SELECT w0=6212
SELECT w1=3475
SELECT w2=3557
BUSY TASK ewma=997
DMA IRQ c0=2
DMA IRQ c1=0
DMA IRQ c2=0
DMA IRQ c3=0
SELECT busy=6247
SELECT w0=6234
SELECT w1=3486
SELECT w2=3569
BUSY TASK ewma=997
DMA IRQ c0=2
DMA IRQ c1=0
DMA IRQ c2=0
DMA IRQ c3=0
SELECT busy=6263
SELECT w0=6250
SELECT w1=3493
SELECT w2=3581
BUSY TASK ewma=997
DMA IRQ c0=2
DMA IRQ c1=0
DMA IRQ c2=0
DMA IRQ c3=0
SELECT busy=6284
SELECT w0=6270
SELECT w1=3501
SELECT w2=3591
BUSY TASK ewma=997
DMA IRQ c0=2
DMA IRQ c1=0
DMA IRQ c2=0
DMA IRQ c3=0
SELECT busy=6301
SELECT w0=6287
SELECT w1=3509
SELECT w2=3599
BUSY TASK ewma=997
DMA IRQ c0=2
DMA IRQ c1=0
DMA IRQ c2=0
DMA IRQ c3=0
SELECT busy=6321
SELECT w0=6308
SELECT w1=3519
SELECT w2=3610
BUSY TASK ewma=997
DMA IRQ c0=2
DMA IRQ c1=0
DMA IRQ c2=0
DMA IRQ c3=0
SELECT busy=6341
SELECT w0=6328
SELECT w1=3525
SELECT w2=3617
BUSY TASK ewma=997
DMA IRQ c0=2
DMA IRQ c1=0
DMA IRQ c2=0
DMA IRQ c3=0
SELECT busy=6360
SELECT w0=6346
SELECT w1=3533
SELECT w2=3627
BUSY TASK ewma=997
DMA IRQ c0=2
DMA IRQ c1=0
DMA IRQ c2=0
DMA IRQ c3=0
SELECT busy=6378
SELECT w0=6364
SELECT w1=3542
SELECT w2=3637
BUSY TASK ewma=997
DMA IRQ c0=2
DMA IRQ c1=0
DMA IRQ c2=0
DMA IRQ c3=0
SELECT busy=6396
SELECT w0=6382
SELECT w1=3549
SELECT w2=3644
BUSY TASK ewma=997
DMA IRQ c0=2
DMA IRQ c1=0
DMA IRQ c2=0
DMA IRQ c3=0
SELECT busy=6414
SELECT w0=6400
SELECT w1=3556
SELECT w2=3652
BUSY TASK ewma=997
DMA IRQ c0=2
DMA IRQ c1=0
DMA IRQ c2=0
DMA IRQ c3=0
SELECT busy=6433
SELECT w0=6420
SELECT w1=3563
SELECT w2=3662
BUSY TASK ewma=997
DMA IRQ c0=2
DMA IRQ c1=0
DMA IRQ c2=0
DMA IRQ c3=0
SELECT busy=6448
SELECT w0=6435
SELECT w1=3571
SELECT w2=3673
BUSY TASK ewma=997
DMA IRQ c0=2
DMA IRQ c1=0
DMA IRQ c2=0
DMA IRQ c3=0
SELECT busy=6475
SELECT w0=6462
SELECT w1=3589
SELECT w2=3692
BUSY TASK ewma=997
DMA IRQ c0=2
DMA IRQ c1=0
DMA IRQ c2=0
DMA IRQ c3=0
SELECT busy=6496
SELECT w0=6482
SELECT w1=3598
SELECT w2=3701
BUSY TASK ewma=997
DMA IRQ c0=2
DMA IRQ c1=0
DMA IRQ c2=0
DMA IRQ c3=0
SELECT busy=6514
SELECT w0=6501
SELECT w1=3605
SELECT w2=3709
BUSY TASK ewma=997
DMA IRQ c0=2
DMA IRQ c1=0
DMA IRQ c2=0
DMA IRQ c3=0
SELECT busy=6530
SELECT w0=6516
SELECT w1=3611
SELECT w2=3716
BUSY TASK ewma=997
DMA IRQ c0=2
DMA IRQ c1=0
DMA IRQ c2=0
DMA IRQ c3=0
SELECT busy=6548
SELECT w0=6534
SELECT w1=3619
SELECT w2=3725
BUSY TASK ewma=997
DMA IRQ c0=2
DMA IRQ c1=0
DMA IRQ c2=0
DMA IRQ c3=0
SELECT busy=6567
SELECT w0=6554
SELECT w1=3626
SELECT w2=3733
BUSY TASK ewma=997
DMA IRQ c0=2
DMA IRQ c1=0
DMA IRQ c2=0
DMA IRQ c3=0
SELECT busy=6586
SELECT w0=6573
SELECT w1=3633
SELECT w2=3742
BUSY TASK ewma=997
DMA IRQ c0=2
DMA IRQ c1=0
DMA IRQ c2=0
DMA IRQ c3=0
SELECT busy=6605
SELECT w0=6591
SELECT w1=3639
SELECT w2=3751
BUSY TASK ewma=997
DMA IRQ c0=2
DMA IRQ c1=0
DMA IRQ c2=0
DMA IRQ c3=0
SELECT busy=6624
SELECT w0=6610
SELECT w1=3647
SELECT w2=3761
BUSY TASK ewma=997
DMA IRQ c0=2
DMA IRQ c1=0
DMA IRQ c2=0
DMA IRQ c3=0
SELECT busy=6646
SELECT w0=6633
SELECT w1=3655
SELECT w2=3773
BUSY TASK ewma=997
DMA IRQ c0=2
DMA IRQ c1=0
DMA IRQ c2=0
DMA IRQ c3=0
SELECT busy=6669
SELECT w0=6655
SELECT w1=3664
SELECT w2=3782
BUSY TASK ewma=997
DMA IRQ c0=2
DMA IRQ c1=0
DMA IRQ c2=0
DMA IRQ c3=0
SELECT busy=6689
SELECT w0=6676
SELECT w1=3677
SELECT w2=3796
BUSY TASK ewma=997
DMA IRQ c0=2
DMA IRQ c1=0
DMA IRQ c2=0
DMA IRQ c3=0
SELECT busy=6722
SELECT w0=6708
SELECT w1=3691
SELECT w2=3812
BUSY TASK ewma=997
DMA IRQ c0=2
DMA IRQ c1=0
DMA IRQ c2=0
DMA IRQ c3=0
SELECT busy=6739
SELECT w0=6726
SELECT w1=3699
SELECT w2=3821
BUSY TASK ewma=997
DMA IRQ c0=2
DMA IRQ c1=0
DMA IRQ c2=0
DMA IRQ c3=0
SELECT busy=6760
SELECT w0=6746
SELECT w1=3708
SELECT w2=3833
BUSY TASK ewma=997
DMA IRQ c0=2
DMA IRQ c1=0
DMA IRQ c2=0
DMA IRQ c3=0
SELECT busy=6785
SELECT w0=6773
SELECT w1=3723
SELECT w2=3852
BUSY TASK ewma=997
DMA IRQ c0=2
DMA IRQ c1=0
DMA IRQ c2=0
DMA IRQ c3=0
SELECT busy=6807
SELECT w0=6793
SELECT w1=3732
SELECT w2=3866
BUSY TASK ewma=997
DMA IRQ c0=2
DMA IRQ c1=0
DMA IRQ c2=0
DMA IRQ c3=0
SELECT busy=6825
SELECT w0=6811
SELECT w1=3737
SELECT w2=3875
BUSY TASK ewma=997
DMA IRQ c0=2
DMA IRQ c1=0
DMA IRQ c2=0
DMA IRQ c3=0
SELECT busy=6843
SELECT w0=6829
SELECT w1=3743
SELECT w2=3882
BUSY TASK ewma=997
DMA IRQ c0=2
DMA IRQ c1=0
DMA IRQ c2=0
DMA IRQ c3=0
SELECT busy=6856
SELECT w0=6843
SELECT w1=3749
SELECT w2=3888
BUSY TASK ewma=997
DMA IRQ c0=2
DMA IRQ c1=0
DMA IRQ c2=0
DMA IRQ c3=0
SELECT busy=6876
SELECT w0=6862
SELECT w1=3760
SELECT w2=3900
BUSY TASK ewma=997
DMA IRQ c0=2
DMA IRQ c1=0
DMA IRQ c2=0
DMA IRQ c3=0
SELECT busy=6890
SELECT w0=6876
SELECT w1=3766
SELECT w2=3907
BUSY TASK ewma=997
DMA IRQ c0=2
DMA IRQ c1=0
DMA IRQ c2=0
DMA IRQ c3=0
SELECT busy=6908
SELECT w0=6895
SELECT w1=3774
SELECT w2=3916
BUSY TASK ewma=997
DMA IRQ c0=2
DMA IRQ c1=0
DMA IRQ c2=0
DMA IRQ c3=0
SELECT busy=6926
SELECT w0=6913
SELECT w1=3781
SELECT w2=3925
BUSY TASK ewma=997
DMA IRQ c0=2
DMA IRQ c1=0
DMA IRQ c2=0
DMA IRQ c3=0
SELECT busy=6942
SELECT w0=6929
SELECT w1=3789
SELECT w2=3936
BUSY TASK ewma=997
DMA IRQ c0=2
DMA IRQ c1=0
DMA IRQ c2=0
DMA IRQ c3=0
SELECT busy=6957
SELECT w0=6943
SELECT w1=3795
SELECT w2=3943
BUSY TASK ewma=997
DMA IRQ c0=2
DMA IRQ c1=0
DMA IRQ c2=0
DMA IRQ c3=0
SELECT busy=6974
SELECT w0=6960
SELECT w1=3801
SELECT w2=3951
BUSY TASK ewma=997
DMA IRQ c0=2
DMA IRQ c1=0
DMA IRQ c2=0
DMA IRQ c3=0
SELECT busy=6991
SELECT w0=6977
SELECT w1=3808
SELECT w2=3959
BUSY TASK ewma=997
DMA IRQ c0=2
DMA IRQ c1=0
DMA IRQ c2=0
DMA IRQ c3=0
SELECT busy=7012
SELECT w0=6999
SELECT w1=3818
SELECT w2=3971
BUSY TASK ewma=997
DMA IRQ c0=2
DMA IRQ c1=0
DMA IRQ c2=0
DMA IRQ c3=0
SELECT busy=7031
SELECT w0=7018
SELECT w1=3831
SELECT w2=3983
BUSY TASK ewma=997
DMA IRQ c0=2
DMA IRQ c1=0
DMA IRQ c2=0
DMA IRQ c3=0
SELECT busy=7047
SELECT w0=7035
SELECT w1=3840
SELECT w2=3995
BUSY TASK ewma=997
DMA IRQ c0=2
DMA IRQ c1=0
DMA IRQ c2=0
DMA IRQ c3=0
SELECT busy=7069
SELECT w0=7057
SELECT w1=3851
SELECT w2=4007
BUSY TASK ewma=997
DMA IRQ c0=2
DMA IRQ c1=0
DMA IRQ c2=0
DMA IRQ c3=0
SELECT busy=7086
SELECT w0=7072
SELECT w1=3858
SELECT w2=4017
BUSY TASK ewma=997
DMA IRQ c0=2
DMA IRQ c1=0
DMA IRQ c2=0
DMA IRQ c3=0
SELECT busy=7105
SELECT w0=7091
SELECT w1=3866
SELECT w2=4026
BUSY TASK ewma=997
DMA IRQ c0=2
DMA IRQ c1=0
DMA IRQ c2=0
DMA IRQ c3=0
SELECT busy=7124
SELECT w0=7111
SELECT w1=3875
SELECT w2=4038
BUSY TASK ewma=997
DMA IRQ c0=2
DMA IRQ c1=0
DMA IRQ c2=0
DMA IRQ c3=0
SELECT busy=7141
SELECT w0=7128
SELECT w1=3884
SELECT w2=4050
BUSY TASK ewma=997
DMA IRQ c0=2
DMA IRQ c1=0
DMA IRQ c2=0
DMA IRQ c3=0
SELECT busy=7164
SELECT w0=7151
SELECT w1=3893
SELECT w2=4066
BUSY TASK ewma=997
DMA IRQ c0=2
DMA IRQ c1=0
DMA IRQ c2=0
DMA IRQ c3=0
SELECT busy=7181
SELECT w0=7167
SELECT w1=3900
SELECT w2=4077
BUSY TASK ewma=997
DMA IRQ c0=2
DMA IRQ c1=0
DMA IRQ c2=0
DMA IRQ c3=0
SELECT busy=7208
SELECT w0=7194
SELECT w1=3911
SELECT w2=4095
BUSY TASK ewma=997
IRQ counts: cpu0=14429 cpu1=16730 cpu2=16355 cpu3=16319
SCHED secondaries: calls=49437 unexpected=0
SECTEST switches=49394 cpu1=172003854,170473929 cpu2=144699717,143250743 cpu3=206345418,205323854
PINGPONG rounds=2000 pongs=2000
DMA IRQ c0=2
DMA IRQ c1=0
DMA IRQ c2=0
DMA IRQ c3=0
SELECT busy=7239
SELECT w0=7225
SELECT w1=3925
SELECT w2=4115
BUSY TASK ewma=997
DMA IRQ c0=2
DMA IRQ c1=0
DMA IRQ c2=0
DMA IRQ c3=0
SELECT busy=7256
SELECT w0=7243
SELECT w1=3939
SELECT w2=4127
BUSY TASK ewma=997
DMA IRQ c0=2
DMA IRQ c1=0
DMA IRQ c2=0
DMA IRQ c3=0
SELECT busy=7276
SELECT w0=7263
SELECT w1=3946
SELECT w2=4140
BUSY TASK ewma=997
DMA IRQ c0=2
DMA IRQ c1=0
DMA IRQ c2=0
DMA IRQ c3=0
SELECT busy=7294
SELECT w0=7280
SELECT w1=3957
SELECT w2=4150
BUSY TASK ewma=997
DMA IRQ c0=2
DMA IRQ c1=0
DMA IRQ c2=0
DMA IRQ c3=0
SELECT busy=7313
SELECT w0=7300
SELECT w1=3970
SELECT w2=4163
BUSY TASK ewma=997
DMA IRQ c0=2
DMA IRQ c1=0
DMA IRQ c2=0
DMA IRQ c3=0
SELECT busy=7332
SELECT w0=7319
SELECT w1=3980
SELECT w2=4173
BUSY TASK ewma=997
DMA IRQ c0=2
DMA IRQ c1=0
DMA IRQ c2=0
DMA IRQ c3=0
SELECT busy=7349
SELECT w0=7336
SELECT w1=3989
SELECT w2=4182
BUSY TASK ewma=997
DMA IRQ c0=2
DMA IRQ c1=0
DMA IRQ c2=0
DMA IRQ c3=0
SELECT busy=7367
SELECT w0=7353
SELECT w1=3996
SELECT w2=4191
BUSY TASK ewma=997
DMA IRQ c0=2
DMA IRQ c1=0
DMA IRQ c2=0
DMA IRQ c3=0
SELECT busy=7380
SELECT w0=7366
SELECT w1=4003
SELECT w2=4199
BUSY TASK ewma=997
DMA IRQ c0=2
DMA IRQ c1=0
DMA IRQ c2=0
DMA IRQ c3=0
SELECT busy=7395
SELECT w0=7381
SELECT w1=4010
SELECT w2=4206
BUSY TASK ewma=997
DMA IRQ c0=2
DMA IRQ c1=0
DMA IRQ c2=0
DMA IRQ c3=0
SELECT busy=7414
SELECT w0=7400
SELECT w1=4017
SELECT w2=4216
BUSY TASK ewma=997
DMA IRQ c0=2
DMA IRQ c1=0
DMA IRQ c2=0
DMA IRQ c3=0
SELECT busy=7429
SELECT w0=7418
SELECT w1=4028
SELECT w2=4227
BUSY TASK ewma=997
DMA IRQ c0=2
DMA IRQ c1=0
DMA IRQ c2=0
DMA IRQ c3=0
SELECT busy=7448
SELECT w0=7435
SELECT w1=4037
SELECT w2=4238
BUSY TASK ewma=997
DMA IRQ c0=2
DMA IRQ c1=0
DMA IRQ c2=0
DMA IRQ c3=0
SELECT busy=7466
SELECT w0=7453
SELECT w1=4046
SELECT w2=4249
BUSY TASK ewma=997
DMA IRQ c0=2
DMA IRQ c1=0
DMA IRQ c2=0
DMA IRQ c3=0
SELECT busy=7480
SELECT w0=7467
SELECT w1=4053
SELECT w2=4259
BUSY TASK ewma=997
DMA IRQ c0=2
DMA IRQ c1=0
DMA IRQ c2=0
DMA IRQ c3=0
SELECT busy=7496
SELECT w0=7482
SELECT w1=4062
SELECT w2=4268
BUSY TASK ewma=997
DMA IRQ c0=2
DMA IRQ c1=0
DMA IRQ c2=0
DMA IRQ c3=0
SELECT busy=7511
SELECT w0=7497
SELECT w1=4067
SELECT w2=4277
BUSY TASK ewma=997
DMA IRQ c0=2
DMA IRQ c1=0
DMA IRQ c2=0
DMA IRQ c3=0
SELECT busy=7534
SELECT w0=7521
SELECT w1=4077
SELECT w2=4292
BUSY TASK ewma=997
DMA IRQ c0=2
DMA IRQ c1=0
DMA IRQ c2=0
DMA IRQ c3=0
SELECT busy=7549
SELECT w0=7536
SELECT w1=4084
SELECT w2=4300
BUSY TASK ewma=997
DMA IRQ c0=2
DMA IRQ c1=0
DMA IRQ c2=0
DMA IRQ c3=0
SELECT busy=7570
SELECT w0=7557
SELECT w1=4095
SELECT w2=4311
BUSY TASK ewma=997
DMA IRQ c0=2
DMA IRQ c1=0
DMA IRQ c2=0
DMA IRQ c3=0
SELECT busy=7588
SELECT w0=7576
SELECT w1=4103
SELECT w2=4321
BUSY TASK ewma=997
DMA IRQ c0=2
DMA IRQ c1=0
DMA IRQ c2=0
DMA IRQ c3=0
SELECT busy=7605
SELECT w0=7593
SELECT w1=4111
SELECT w2=4330
BUSY TASK ewma=997
DMA IRQ c0=2
DMA IRQ c1=0
DMA IRQ c2=0
DMA IRQ c3=0
SELECT busy=7628
SELECT w0=7616
SELECT w1=4124
SELECT w2=4344
BUSY TASK ewma=997
DMA IRQ c0=2
DMA IRQ c1=0
DMA IRQ c2=0
DMA IRQ c3=0
SELECT busy=7643
SELECT w0=7630
SELECT w1=4132
SELECT w2=4352
BUSY TASK ewma=997
DMA IRQ c0=2
DMA IRQ c1=0
DMA IRQ c2=0
DMA IRQ c3=0
SELECT busy=7655
SELECT w0=7641
SELECT w1=4138
SELECT w2=4362
BUSY TASK ewma=997
DMA IRQ c0=2
DMA IRQ c1=0
DMA IRQ c2=0
DMA IRQ c3=0
SELECT busy=7675
SELECT w0=7661
SELECT w1=4147
SELECT w2=4375
BUSY TASK ewma=997
DMA IRQ c0=2
DMA IRQ c1=0
DMA IRQ c2=0
DMA IRQ c3=0
SELECT busy=7698
SELECT w0=7684
SELECT w1=4156
SELECT w2=4386
BUSY TASK ewma=997
DMA IRQ c0=2
DMA IRQ c1=0
DMA IRQ c2=0
DMA IRQ c3=0
SELECT busy=7726
SELECT w0=7713
SELECT w1=4169
SELECT w2=4401
BUSY TASK ewma=997
DMA IRQ c0=2
DMA IRQ c1=0
DMA IRQ c2=0
DMA IRQ c3=0
SELECT busy=7746
SELECT w0=7733
SELECT w1=4179
SELECT w2=4415
BUSY TASK ewma=997
DMA IRQ c0=2
DMA IRQ c1=0
DMA IRQ c2=0
DMA IRQ c3=0
SELECT busy=7764
SELECT w0=7751
SELECT w1=4187
SELECT w2=4425
BUSY TASK ewma=997
DMA IRQ c0=2
DMA IRQ c1=0
DMA IRQ c2=0
DMA IRQ c3=0
SELECT busy=7780
SELECT w0=7767
SELECT w1=4194
SELECT w2=4435
BUSY TASK ewma=997
DMA IRQ c0=2
DMA IRQ c1=0
DMA IRQ c2=0
DMA IRQ c3=0
SELECT busy=7807
SELECT w0=7793
SELECT w1=4205
SELECT w2=4450
BUSY TASK ewma=997
DMA IRQ c0=2
DMA IRQ c1=0
DMA IRQ c2=0
DMA IRQ c3=0
SELECT busy=7826
SELECT w0=7813
SELECT w1=4213
SELECT w2=4458
BUSY TASK ewma=997
DMA IRQ c0=2
DMA IRQ c1=0
DMA IRQ c2=0
DMA IRQ c3=0
SELECT busy=7846
SELECT w0=7832
SELECT w1=4219
SELECT w2=4466
BUSY TASK ewma=997
DMA IRQ c0=2
DMA IRQ c1=0
DMA IRQ c2=0
DMA IRQ c3=0
SELECT busy=7861
SELECT w0=7849
SELECT w1=4227
SELECT w2=4476
BUSY TASK ewma=997
DMA IRQ c0=2
DMA IRQ c1=0
DMA IRQ c2=0
DMA IRQ c3=0
SELECT busy=7882
SELECT w0=7868
SELECT w1=4233
SELECT w2=4483
BUSY TASK ewma=997
DMA IRQ c0=2
DMA IRQ c1=0
DMA IRQ c2=0
DMA IRQ c3=0
SELECT busy=7901
SELECT w0=7887
SELECT w1=4240
SELECT w2=4492
BUSY TASK ewma=997
DMA IRQ c0=2
DMA IRQ c1=0
DMA IRQ c2=0
DMA IRQ c3=0
SELECT busy=7921
SELECT w0=7907
SELECT w1=4247
SELECT w2=4501
BUSY TASK ewma=997
DMA IRQ c0=2
DMA IRQ c1=0
DMA IRQ c2=0
DMA IRQ c3=0
SELECT busy=7939
SELECT w0=7925
SELECT w1=4253
SELECT w2=4509
BUSY TASK ewma=997
DMA IRQ c0=2
DMA IRQ c1=0
DMA IRQ c2=0
DMA IRQ c3=0
SELECT busy=7955
SELECT w0=7941
SELECT w1=4259
SELECT w2=4517
BUSY TASK ewma=997
DMA IRQ c0=2
DMA IRQ c1=0
DMA IRQ c2=0
DMA IRQ c3=0
SELECT busy=7977
SELECT w0=7963
SELECT w1=4268
SELECT w2=4528
BUSY TASK ewma=997
DMA IRQ c0=2
DMA IRQ c1=0
DMA IRQ c2=0
DMA IRQ c3=0
SELECT busy=7994
SELECT w0=7981
SELECT w1=4275
SELECT w2=4536
BUSY TASK ewma=997
DMA IRQ c0=2
DMA IRQ c1=0
DMA IRQ c2=0
DMA IRQ c3=0
SELECT busy=8012
SELECT w0=7998
SELECT w1=4282
SELECT w2=4546
BUSY TASK ewma=997
DMA IRQ c0=2
DMA IRQ c1=0
DMA IRQ c2=0
DMA IRQ c3=0
SELECT busy=8037
SELECT w0=8024
SELECT w1=4293
SELECT w2=4559
BUSY TASK ewma=997
DMA IRQ c0=2
DMA IRQ c1=0
DMA IRQ c2=0
DMA IRQ c3=0
SELECT busy=8087
SELECT w0=8074
SELECT w1=4313
SELECT w2=4583
BUSY TASK ewma=997
DMA IRQ c0=2
DMA IRQ c1=0
DMA IRQ c2=0
DMA IRQ c3=0
SELECT busy=8134
SELECT w0=8121
SELECT w1=4332
SELECT w2=4608
BUSY TASK ewma=997
DMA IRQ c0=2
DMA IRQ c1=0
DMA IRQ c2=0
DMA IRQ c3=0
SELECT busy=8164
SELECT w0=8151
SELECT w1=4344
SELECT w2=4626
BUSY TASK ewma=997
DMA IRQ c0=2
DMA IRQ c1=0
DMA IRQ c2=0
DMA IRQ c3=0
SELECT busy=8182
SELECT w0=8168
SELECT w1=4352
SELECT w2=4634
BUSY TASK ewma=997
DMA IRQ c0=2
DMA IRQ c1=0
DMA IRQ c2=0
DMA IRQ c3=0
SELECT busy=8207
SELECT w0=8194
SELECT w1=4360
SELECT w2=4644
BUSY TASK ewma=997
DMA IRQ c0=2
DMA IRQ c1=0
DMA IRQ c2=0
DMA IRQ c3=0
SELECT busy=8235
SELECT w0=8222
SELECT w1=4371
SELECT w2=4659
BUSY TASK ewma=997
DMA IRQ c0=2
DMA IRQ c1=0
DMA IRQ c2=0
DMA IRQ c3=0
SELECT busy=8265
SELECT w0=8252
SELECT w1=4383
SELECT w2=4673
BUSY TASK ewma=997
DMA IRQ c0=2
DMA IRQ c1=0
DMA IRQ c2=0
DMA IRQ c3=0
SELECT busy=8295
SELECT w0=8282
SELECT w1=4394
SELECT w2=4685
BUSY TASK ewma=997
DMA IRQ c0=2
DMA IRQ c1=0
DMA IRQ c2=0
DMA IRQ c3=0
SELECT busy=8331
SELECT w0=8318
SELECT w1=4408
SELECT w2=4704
BUSY TASK ewma=997
DMA IRQ c0=2
DMA IRQ c1=0
DMA IRQ c2=0
DMA IRQ c3=0
SELECT busy=8367
SELECT w0=8354
SELECT w1=4424
SELECT w2=4729
BUSY TASK ewma=997
DMA IRQ c0=2
DMA IRQ c1=0
DMA IRQ c2=0
DMA IRQ c3=0
SELECT busy=8406
SELECT w0=8394
SELECT w1=4442
SELECT w2=4750
BUSY TASK ewma=997
DMA IRQ c0=2
DMA IRQ c1=0
DMA IRQ c2=0
DMA IRQ c3=0
SELECT busy=8439
SELECT w0=8425
SELECT w1=4455
SELECT w2=4766
BUSY TASK ewma=997
DMA IRQ c0=2
DMA IRQ c1=0
DMA IRQ c2=0
DMA IRQ c3=0
SELECT busy=8474
SELECT w0=8460
SELECT w1=4467
SELECT w2=4784
BUSY TASK ewma=997
DMA IRQ c0=2
DMA IRQ c1=0
DMA IRQ c2=0
DMA IRQ c3=0
SELECT busy=8507
SELECT w0=8493
SELECT w1=4477
SELECT w2=4800
BUSY TASK ewma=997
DMA IRQ c0=2
DMA IRQ c1=0
DMA IRQ c2=0
DMA IRQ c3=0
SELECT busy=8532
SELECT w0=8519
SELECT w1=4491
SELECT w2=4816
BUSY TASK ewma=997
DMA IRQ c0=2
DMA IRQ c1=0
DMA IRQ c2=0
DMA IRQ c3=0
SELECT busy=8576
SELECT w0=8563
SELECT w1=4513
SELECT w2=4850
BUSY TASK ewma=997
DMA IRQ c0=2
DMA IRQ c1=0
DMA IRQ c2=0
DMA IRQ c3=0
SELECT busy=8618
SELECT w0=8604
SELECT w1=4528
SELECT w2=4870
BUSY TASK ewma=997
DMA IRQ c0=2
DMA IRQ c1=0
DMA IRQ c2=0
DMA IRQ c3=0
SELECT busy=8651
SELECT w0=8638
SELECT w1=4544
SELECT w2=4895
BUSY TASK ewma=997
DMA IRQ c0=2
DMA IRQ c1=0
DMA IRQ c2=0
DMA IRQ c3=0
SELECT busy=8680
SELECT w0=8666
SELECT w1=4556
SELECT w2=4910
BUSY TASK ewma=997
DMA IRQ c0=2
DMA IRQ c1=0
DMA IRQ c2=0
DMA IRQ c3=0
SELECT busy=8704
SELECT w0=8690
SELECT w1=4568
SELECT w2=4925
BUSY TASK ewma=997
IRQ counts: cpu0=17445 cpu1=20039 cpu2=19684 cpu3=19692
SCHED secondaries: calls=59416 unexpected=0
SECTEST switches=59371 cpu1=199828893,197994439 cpu2=172110835,169700013 cpu3=242476538,240543882
PINGPONG rounds=2000 pongs=2000
DMA IRQ c0=2
DMA IRQ c1=0
DMA IRQ c2=0
DMA IRQ c3=0
SELECT busy=8737
SELECT w0=8725
SELECT w1=4583
SELECT w2=4940
BUSY TASK ewma=997
DMA IRQ c0=2
DMA IRQ c1=0
DMA IRQ c2=0
DMA IRQ c3=0
SELECT busy=8780
SELECT w0=8767
SELECT w1=4602
SELECT w2=4962
BUSY TASK ewma=997
DMA IRQ c0=2
DMA IRQ c1=0
DMA IRQ c2=0
DMA IRQ c3=0
SELECT busy=8817
SELECT w0=8803
SELECT w1=4616
SELECT w2=4979
BUSY TASK ewma=997
DMA IRQ c0=2
DMA IRQ c1=0
DMA IRQ c2=0
DMA IRQ c3=0
SELECT busy=8854
SELECT w0=8841
SELECT w1=4633
SELECT w2=4999
BUSY TASK ewma=997
DMA IRQ c0=2
DMA IRQ c1=0
DMA IRQ c2=0
DMA IRQ c3=0
SELECT busy=8896
SELECT w0=8883
SELECT w1=4649
SELECT w2=5022
BUSY TASK ewma=997
DMA IRQ c0=2
DMA IRQ c1=0
DMA IRQ c2=0
DMA IRQ c3=0
SELECT busy=8936
SELECT w0=8923
SELECT w1=4668
SELECT w2=5043
BUSY TASK ewma=997
DMA IRQ c0=2
DMA IRQ c1=0
DMA IRQ c2=0
DMA IRQ c3=0
SELECT busy=8984
SELECT w0=8970
SELECT w1=4689
SELECT w2=5070
BUSY TASK ewma=997
DMA IRQ c0=2
DMA IRQ c1=0
DMA IRQ c2=0
DMA IRQ c3=0
SELECT busy=9032
SELECT w0=9018
SELECT w1=4712
SELECT w2=5100
BUSY TASK ewma=997
DMA IRQ c0=2
DMA IRQ c1=0
DMA IRQ c2=0
DMA IRQ c3=0
SELECT busy=9079
SELECT w0=9066
SELECT w1=4737
SELECT w2=5127
BUSY TASK ewma=997
DMA IRQ c0=2
DMA IRQ c1=0
DMA IRQ c2=0
DMA IRQ c3=0
SELECT busy=9117
SELECT w0=9103
SELECT w1=4754
SELECT w2=5145
BUSY TASK ewma=997
DMA IRQ c0=2
DMA IRQ c1=0
DMA IRQ c2=0
DMA IRQ c3=0
SELECT busy=9147
SELECT w0=9133
SELECT w1=4765
SELECT w2=5158
BUSY TASK ewma=997
DMA IRQ c0=2
DMA IRQ c1=0
DMA IRQ c2=0
DMA IRQ c3=0
SELECT busy=9179
SELECT w0=9167
SELECT w1=4778
SELECT w2=5178
BUSY TASK ewma=997
DMA IRQ c0=2
DMA IRQ c1=0
DMA IRQ c2=0
DMA IRQ c3=0
SELECT busy=9213
SELECT w0=9200
SELECT w1=4793
SELECT w2=5198
BUSY TASK ewma=997
DMA IRQ c0=2
DMA IRQ c1=0
DMA IRQ c2=0
DMA IRQ c3=0
SELECT busy=9237
SELECT w0=9223
SELECT w1=4803
SELECT w2=5213
BUSY TASK ewma=997
DMA IRQ c0=2
DMA IRQ c1=0
DMA IRQ c2=0
DMA IRQ c3=0
SELECT busy=9265
SELECT w0=9251
SELECT w1=4814
SELECT w2=5226
BUSY TASK ewma=997
DMA IRQ c0=2
DMA IRQ c1=0
DMA IRQ c2=0
DMA IRQ c3=0
SELECT busy=9283
SELECT w0=9269
SELECT w1=4822
SELECT w2=5235
BUSY TASK ewma=997
DMA IRQ c0=2
DMA IRQ c1=0
DMA IRQ c2=0
DMA IRQ c3=0
SELECT busy=9306
SELECT w0=9293
SELECT w1=4832
SELECT w2=5248
BUSY TASK ewma=997
DMA IRQ c0=2
DMA IRQ c1=0
DMA IRQ c2=0
DMA IRQ c3=0
SELECT busy=9331
SELECT w0=9317
SELECT w1=4840
SELECT w2=5258
BUSY TASK ewma=997
DMA IRQ c0=2
DMA IRQ c1=0
DMA IRQ c2=0
DMA IRQ c3=0
SELECT busy=9350
SELECT w0=9337
SELECT w1=4849
SELECT w2=5270
BUSY TASK ewma=997
DMA IRQ c0=2
DMA IRQ c1=0
DMA IRQ c2=0
DMA IRQ c3=0
SELECT busy=9372
SELECT w0=9359
SELECT w1=4857
SELECT w2=5282
BUSY TASK ewma=997
DMA IRQ c0=2
DMA IRQ c1=0
DMA IRQ c2=0
DMA IRQ c3=0
SELECT busy=9400
SELECT w0=9387
SELECT w1=4870
SELECT w2=5297
BUSY TASK ewma=997
DMA IRQ c0=2
DMA IRQ c1=0
DMA IRQ c2=0
DMA IRQ c3=0
SELECT busy=9440
SELECT w0=9426
SELECT w1=4885
SELECT w2=5318
BUSY TASK ewma=997
DMA IRQ c0=2
DMA IRQ c1=0
DMA IRQ c2=0
DMA IRQ c3=0
SELECT busy=9477
SELECT w0=9464
SELECT w1=4900
SELECT w2=5336
BUSY TASK ewma=997
DMA IRQ c0=2
DMA IRQ c1=0
DMA IRQ c2=0
DMA IRQ c3=0
SELECT busy=9507
SELECT w0=9493
SELECT w1=4911
SELECT w2=5351
BUSY TASK ewma=997
DMA IRQ c0=2
DMA IRQ c1=0
DMA IRQ c2=0
DMA IRQ c3=0
SELECT busy=9533
SELECT w0=9520
SELECT w1=4922
SELECT w2=5364
BUSY TASK ewma=997
DMA IRQ c0=2
DMA IRQ c1=0
DMA IRQ c2=0
DMA IRQ c3=0
SELECT busy=9557
SELECT w0=9543
SELECT w1=4930
SELECT w2=5376
BUSY TASK ewma=997
DMA IRQ c0=2
DMA IRQ c1=0
DMA IRQ c2=0
DMA IRQ c3=0
SELECT busy=9575
SELECT w0=9561
SELECT w1=4937
SELECT w2=5386
BUSY TASK ewma=997
DMA IRQ c0=2
DMA IRQ c1=0
DMA IRQ c2=0
DMA IRQ c3=0
SELECT busy=9596
SELECT w0=9582
SELECT w1=4946
SELECT w2=5398
BUSY TASK ewma=997
DMA IRQ c0=2
DMA IRQ c1=0
DMA IRQ c2=0
DMA IRQ c3=0
SELECT busy=9613
SELECT w0=9599
SELECT w1=4955
SELECT w2=5409
BUSY TASK ewma=997
DMA IRQ c0=2
DMA IRQ c1=0
DMA IRQ c2=0
DMA IRQ c3=0
SELECT busy=9628
SELECT w0=9614
SELECT w1=4962
SELECT w2=5418
BUSY TASK ewma=997
DMA IRQ c0=2
DMA IRQ c1=0
DMA IRQ c2=0
DMA IRQ c3=0
SELECT busy=9672
SELECT w0=9659
SELECT w1=4981
SELECT w2=5443
BUSY TASK ewma=997
DMA IRQ c0=2
DMA IRQ c1=0
DMA IRQ c2=0
DMA IRQ c3=0
SELECT busy=9714
SELECT w0=9701
SELECT w1=4998
SELECT w2=5464
BUSY TASK ewma=997
DMA IRQ c0=2
DMA IRQ c1=0
DMA IRQ c2=0
DMA IRQ c3=0
SELECT busy=9734
SELECT w0=9723
SELECT w1=5007
SELECT w2=5476
BUSY TASK ewma=997
DMA IRQ c0=2
DMA IRQ c1=0
DMA IRQ c2=0
DMA IRQ c3=0
SELECT busy=9751
SELECT w0=9737
SELECT w1=5013
SELECT w2=5484
BUSY TASK ewma=997
DMA IRQ c0=2
DMA IRQ c1=0
DMA IRQ c2=0
DMA IRQ c3=0
SELECT busy=9770
SELECT w0=9756
SELECT w1=5023
SELECT w2=5496
BUSY TASK ewma=997
DMA IRQ c0=2
DMA IRQ c1=0
DMA IRQ c2=0
DMA IRQ c3=0
SELECT busy=9784
SELECT w0=9770
SELECT w1=5028
SELECT w2=5506
BUSY TASK ewma=997
DMA IRQ c0=2
DMA IRQ c1=0
DMA IRQ c2=0
DMA IRQ c3=0
SELECT busy=9800
SELECT w0=9786
SELECT w1=5035
SELECT w2=5517
BUSY TASK ewma=997
DMA IRQ c0=2
DMA IRQ c1=0
DMA IRQ c2=0
DMA IRQ c3=0
SELECT busy=9822
SELECT w0=9810
SELECT w1=5046
SELECT w2=5533
BUSY TASK ewma=997
DMA IRQ c0=2
DMA IRQ c1=0
DMA IRQ c2=0
DMA IRQ c3=0
SELECT busy=9845
SELECT w0=9832
SELECT w1=5056
SELECT w2=5546
BUSY TASK ewma=997
DMA IRQ c0=2
DMA IRQ c1=0
DMA IRQ c2=0
DMA IRQ c3=0
SELECT busy=9859
SELECT w0=9846
SELECT w1=5064
SELECT w2=5557
BUSY TASK ewma=997
DMA IRQ c0=2
DMA IRQ c1=0
DMA IRQ c2=0
DMA IRQ c3=0
SELECT busy=9878
SELECT w0=9864
SELECT w1=5071
SELECT w2=5566
BUSY TASK ewma=997
DMA IRQ c0=2
DMA IRQ c1=0
DMA IRQ c2=0
DMA IRQ c3=0
SELECT busy=9895
SELECT w0=9882
SELECT w1=5078
SELECT w2=5574
BUSY TASK ewma=997
DMA IRQ c0=2
DMA IRQ c1=0
DMA IRQ c2=0
DMA IRQ c3=0
SELECT busy=9923
SELECT w0=9910
SELECT w1=5091
SELECT w2=5588
BUSY TASK ewma=997
DMA IRQ c0=2
DMA IRQ c1=0
DMA IRQ c2=0
DMA IRQ c3=0
SELECT busy=9957
SELECT w0=9944
SELECT w1=5107
SELECT w2=5608
BUSY TASK ewma=997
DMA IRQ c0=2
DMA IRQ c1=0
DMA IRQ c2=0
DMA IRQ c3=0
SELECT busy=10003
SELECT w0=9990
SELECT w1=5124
SELECT w2=5629
BUSY TASK ewma=997
DMA IRQ c0=2
DMA IRQ c1=0
DMA IRQ c2=0
DMA IRQ c3=0
SELECT busy=10051
SELECT w0=10039
SELECT w1=5150
SELECT w2=5659
BUSY TASK ewma=997
DMA IRQ c0=2
DMA IRQ c1=0
DMA IRQ c2=0
DMA IRQ c3=0
SELECT busy=10088
SELECT w0=10075
SELECT w1=5164
SELECT w2=5678
BUSY TASK ewma=997
DMA IRQ c0=2
DMA IRQ c1=0
DMA IRQ c2=0
DMA IRQ c3=0
SELECT busy=10131
SELECT w0=10118
SELECT w1=5183
SELECT w2=5700
BUSY TASK ewma=997
DMA IRQ c0=2
DMA IRQ c1=0
DMA IRQ c2=0
DMA IRQ c3=0
SELECT busy=10172
SELECT w0=10158
SELECT w1=5198
SELECT w2=5718
BUSY TASK ewma=997
DMA IRQ c0=2
DMA IRQ c1=0
DMA IRQ c2=0
DMA IRQ c3=0
SELECT busy=10222
SELECT w0=10208
SELECT w1=5222
SELECT w2=5749
BUSY TASK ewma=997
DMA IRQ c0=2
DMA IRQ c1=0
DMA IRQ c2=0
DMA IRQ c3=0
SELECT busy=10251
SELECT w0=10238
SELECT w1=5237
SELECT w2=5766
BUSY TASK ewma=997
DMA IRQ c0=2
DMA IRQ c1=0
DMA IRQ c2=0
DMA IRQ c3=0
SELECT busy=10275
SELECT w0=10261
SELECT w1=5245
SELECT w2=5778
BUSY TASK ewma=997
DMA IRQ c0=2
DMA IRQ c1=0
DMA IRQ c2=0
DMA IRQ c3=0
SELECT busy=10293
SELECT w0=10279
SELECT w1=5253
SELECT w2=5787
BUSY TASK ewma=997
DMA IRQ c0=2
DMA IRQ c1=0
DMA IRQ c2=0
DMA IRQ c3=0
SELECT busy=10312
SELECT w0=10300
SELECT w1=5261
SELECT w2=5797
BUSY TASK ewma=997
DMA IRQ c0=2
DMA IRQ c1=0
DMA IRQ c2=0
DMA IRQ c3=0
SELECT busy=10332
SELECT w0=10319
SELECT w1=5269
SELECT w2=5810
BUSY TASK ewma=997
DMA IRQ c0=2
DMA IRQ c1=0
DMA IRQ c2=0
DMA IRQ c3=0
SELECT busy=10352
SELECT w0=10340
SELECT w1=5278
SELECT w2=5821
BUSY TASK ewma=997
DMA IRQ c0=2
DMA IRQ c1=0
DMA IRQ c2=0
DMA IRQ c3=0
SELECT busy=10374
SELECT w0=10360
SELECT w1=5285
SELECT w2=5829
BUSY TASK ewma=997
DMA IRQ c0=2
DMA IRQ c1=0
DMA IRQ c2=0
DMA IRQ c3=0
SELECT busy=10391
SELECT w0=10377
SELECT w1=5292
SELECT w2=5838
BUSY TASK ewma=997
DMA IRQ c0=2
DMA IRQ c1=0
DMA IRQ c2=0
DMA IRQ c3=0
SELECT busy=10411
SELECT w0=10397
SELECT w1=5299
SELECT w2=5847
BUSY TASK ewma=997
DMA IRQ c0=2
DMA IRQ c1=0
DMA IRQ c2=0
DMA IRQ c3=0
SELECT busy=10433
SELECT w0=10420
SELECT w1=5314
SELECT w2=5862
BUSY TASK ewma=997
DMA IRQ c0=2
DMA IRQ c1=0
DMA IRQ c2=0
DMA IRQ c3=0
SELECT busy=10474
SELECT w0=10460
SELECT w1=5334
SELECT w2=5885
BUSY TASK ewma=997
DMA IRQ c0=2
DMA IRQ c1=0
DMA IRQ c2=0
DMA IRQ c3=0
SELECT busy=10498
SELECT w0=10486
SELECT w1=5346
SELECT w2=5900
BUSY TASK ewma=997
DMA IRQ c0=2
DMA IRQ c1=0
DMA IRQ c2=0
DMA IRQ c3=0
SELECT busy=10535
SELECT w0=10521
SELECT w1=5362
SELECT w2=5923
BUSY TASK ewma=997
DMA IRQ c0=2
DMA IRQ c1=0
DMA IRQ c2=0
DMA IRQ c3=0
SELECT busy=10580
SELECT w0=10566
SELECT w1=5382
SELECT w2=5943
BUSY TASK ewma=997
IRQ counts: cpu0=21197 cpu1=24123 cpu2=23791 cpu3=23703
SCHED secondaries: calls=71642 unexpected=0
SECTEST switches=71602 cpu1=229492693,227288089 cpu2=200143669,198082288 cpu3=281185665,279252280
PINGPONG rounds=2000 pongs=2000
DMA IRQ c0=2
DMA IRQ c1=0
DMA IRQ c2=0
DMA IRQ c3=0
SELECT busy=10628
SELECT w0=10615
SELECT w1=5406
SELECT w2=5975
BUSY TASK ewma=997
DMA IRQ c0=2
DMA IRQ c1=0
DMA IRQ c2=0
DMA IRQ c3=0
SELECT busy=10669
SELECT w0=10656
SELECT w1=5426
SELECT w2=5996
BUSY TASK ewma=997
DMA IRQ c0=2
DMA IRQ c1=0
DMA IRQ c2=0
DMA IRQ c3=0
SELECT busy=10705
SELECT w0=10693
SELECT w1=5445
SELECT w2=6024
BUSY TASK ewma=997
DMA IRQ c0=2
DMA IRQ c1=0
DMA IRQ c2=0
DMA IRQ c3=0
SELECT busy=10745
SELECT w0=10731
SELECT w1=5463
SELECT w2=6045
BUSY TASK ewma=997
DMA IRQ c0=2
DMA IRQ c1=0
DMA IRQ c2=0
DMA IRQ c3=0
SELECT busy=10779
SELECT w0=10766
SELECT w1=5479
SELECT w2=6067
BUSY TASK ewma=997
DMA IRQ c0=2
DMA IRQ c1=0
DMA IRQ c2=0
DMA IRQ c3=0
SELECT busy=10814
SELECT w0=10803
SELECT w1=5497
SELECT w2=6090
BUSY TASK ewma=997
DMA IRQ c0=2
DMA IRQ c1=0
DMA IRQ c2=0
DMA IRQ c3=0
SELECT busy=10859
SELECT w0=10846
SELECT w1=5516
SELECT w2=6116
BUSY TASK ewma=997
DMA IRQ c0=2
DMA IRQ c1=0
DMA IRQ c2=0
DMA IRQ c3=0
SELECT busy=10898
SELECT w0=10884
SELECT w1=5534
SELECT w2=6138
BUSY TASK ewma=997
DMA IRQ c0=2
DMA IRQ c1=0
DMA IRQ c2=0
DMA IRQ c3=0
SELECT busy=10933
SELECT w0=10919
SELECT w1=5547
SELECT w2=6154
BUSY TASK ewma=997
DMA IRQ c0=2
DMA IRQ c1=0
DMA IRQ c2=0
DMA IRQ c3=0
SELECT busy=10973
SELECT w0=10960
SELECT w1=5563
SELECT w2=6176
BUSY TASK ewma=997
DMA IRQ c0=2
DMA IRQ c1=0
DMA IRQ c2=0
DMA IRQ c3=0
SELECT busy=11009
SELECT w0=10996
SELECT w1=5576
SELECT w2=6191
BUSY TASK ewma=997
DMA IRQ c0=2
DMA IRQ c1=0
DMA IRQ c2=0
DMA IRQ c3=0
SELECT busy=11050
SELECT w0=11037
SELECT w1=5593
SELECT w2=6209
BUSY TASK ewma=997
DMA IRQ c0=2
DMA IRQ c1=0
DMA IRQ c2=0
DMA IRQ c3=0
SELECT busy=11077
SELECT w0=11064
SELECT w1=5605
SELECT w2=6224
BUSY TASK ewma=997
DMA IRQ c0=2
DMA IRQ c1=0
DMA IRQ c2=0
DMA IRQ c3=0
SELECT busy=11105
SELECT w0=11092
SELECT w1=5616
SELECT w2=6238
BUSY TASK ewma=997
DMA IRQ c0=2
DMA IRQ c1=0
DMA IRQ c2=0
DMA IRQ c3=0
SELECT busy=11123
SELECT w0=11109
SELECT w1=5623
SELECT w2=6245
BUSY TASK ewma=997
DMA IRQ c0=2
DMA IRQ c1=0
DMA IRQ c2=0
DMA IRQ c3=0
SELECT busy=11139
SELECT w0=11126
SELECT w1=5634
SELECT w2=6257
BUSY TASK ewma=997
DMA IRQ c0=2
DMA IRQ c1=0
DMA IRQ c2=0
DMA IRQ c3=0
SELECT busy=11165
SELECT w0=11151
SELECT w1=5648
SELECT w2=6271
BUSY TASK ewma=997
DMA IRQ c0=2
DMA IRQ c1=0
DMA IRQ c2=0
DMA IRQ c3=0
SELECT busy=11188
SELECT w0=11175
SELECT w1=5660
SELECT w2=6290
BUSY TASK ewma=997
DMA IRQ c0=2
DMA IRQ c1=0
DMA IRQ c2=0
DMA IRQ c3=0
SELECT busy=11208
SELECT w0=11195
SELECT w1=5671
SELECT w2=6305
BUSY TASK ewma=997
DMA IRQ c0=2
DMA IRQ c1=0
DMA IRQ c2=0
DMA IRQ c3=0
SELECT busy=11230
SELECT w0=11216
SELECT w1=5681
SELECT w2=6317
BUSY TASK ewma=997
DMA IRQ c0=2
DMA IRQ c1=0
DMA IRQ c2=0
DMA IRQ c3=0
SELECT busy=11247
SELECT w0=11233
SELECT w1=5689
SELECT w2=6328
BUSY TASK ewma=997
DMA IRQ c0=2
DMA IRQ c1=0
DMA IRQ c2=0
DMA IRQ c3=0
SELECT busy=11267
SELECT w0=11254
SELECT w1=5702
SELECT w2=6345
BUSY TASK ewma=997
DMA IRQ c0=2
DMA IRQ c1=0
DMA IRQ c2=0
DMA IRQ c3=0
SELECT busy=11290
SELECT w0=11277
SELECT w1=5710
SELECT w2=6357
BUSY TASK ewma=997
DMA IRQ c0=2
DMA IRQ c1=0
DMA IRQ c2=0
DMA IRQ c3=0
SELECT busy=11306
SELECT w0=11295
SELECT w1=5722
SELECT w2=6370
BUSY TASK ewma=997
DMA IRQ c0=2
DMA IRQ c1=0
DMA IRQ c2=0
DMA IRQ c3=0
SELECT busy=11331
SELECT w0=11319
SELECT w1=5733
SELECT w2=6387
BUSY TASK ewma=997
DMA IRQ c0=2
DMA IRQ c1=0
DMA IRQ c2=0
DMA IRQ c3=0
SELECT busy=11360
SELECT w0=11347
SELECT w1=5746
SELECT w2=6403
BUSY TASK ewma=997
DMA IRQ c0=2
DMA IRQ c1=0
DMA IRQ c2=0
DMA IRQ c3=0
SELECT busy=11385
SELECT w0=11372
SELECT w1=5761
SELECT w2=6422
BUSY TASK ewma=997
DMA IRQ c0=2
DMA IRQ c1=0
DMA IRQ c2=0
DMA IRQ c3=0
SELECT busy=11421
SELECT w0=11408
SELECT w1=5780
SELECT w2=6448
BUSY TASK ewma=997
DMA IRQ c0=2
DMA IRQ c1=0
DMA IRQ c2=0
DMA IRQ c3=0
SELECT busy=11453
SELECT w0=11439
SELECT w1=5793
SELECT w2=6467
BUSY TASK ewma=997
DMA IRQ c0=2
DMA IRQ c1=0
DMA IRQ c2=0
DMA IRQ c3=0
SELECT busy=11495
SELECT w0=11482
SELECT w1=5811
SELECT w2=6492
BUSY TASK ewma=997
DMA IRQ c0=2
DMA IRQ c1=0
DMA IRQ c2=0
DMA IRQ c3=0
SELECT busy=11532
SELECT w0=11519
SELECT w1=5823
SELECT w2=6506
BUSY TASK ewma=997
DMA IRQ c0=2
DMA IRQ c1=0
DMA IRQ c2=0
DMA IRQ c3=0
SELECT busy=11567
SELECT w0=11553
SELECT w1=5836
SELECT w2=6522
BUSY TASK ewma=997
DMA IRQ c0=2
DMA IRQ c1=0
DMA IRQ c2=0
DMA IRQ c3=0
SELECT busy=11598
SELECT w0=11585
SELECT w1=5848
SELECT w2=6537
BUSY TASK ewma=997
DMA IRQ c0=2
DMA IRQ c1=0
DMA IRQ c2=0
DMA IRQ c3=0
SELECT busy=11620
SELECT w0=11607
SELECT w1=5860
SELECT w2=6553
BUSY TASK ewma=997
DMA IRQ c0=2
DMA IRQ c1=0
DMA IRQ c2=0
DMA IRQ c3=0
SELECT busy=11638
SELECT w0=11625
SELECT w1=5867
SELECT w2=6564
BUSY TASK ewma=997
DMA IRQ c0=2
DMA IRQ c1=0
DMA IRQ c2=0
DMA IRQ c3=0
SELECT busy=11658
SELECT w0=11646
SELECT w1=5879
SELECT w2=6576
BUSY TASK ewma=997
DMA IRQ c0=2
DMA IRQ c1=0
DMA IRQ c2=0
DMA IRQ c3=0
SELECT busy=11678
SELECT w0=11665
SELECT w1=5888
SELECT w2=6590
BUSY TASK ewma=997
DMA IRQ c0=2
DMA IRQ c1=0
DMA IRQ c2=0
DMA IRQ c3=0
SELECT busy=11692
SELECT w0=11679
SELECT w1=5894
SELECT w2=6598
BUSY TASK ewma=997
DMA IRQ c0=2
DMA IRQ c1=0
DMA IRQ c2=0
DMA IRQ c3=0
SELECT busy=11711
SELECT w0=11697
SELECT w1=5905
SELECT w2=6613
BUSY TASK ewma=997
DMA IRQ c0=2
DMA IRQ c1=0
DMA IRQ c2=0
DMA IRQ c3=0
SELECT busy=11736
SELECT w0=11723
SELECT w1=5917
SELECT w2=6629
BUSY TASK ewma=997
DMA IRQ c0=2
DMA IRQ c1=0
DMA IRQ c2=0
DMA IRQ c3=0
SELECT busy=11754
SELECT w0=11741
SELECT w1=5924
SELECT w2=6639
BUSY TASK ewma=997
DMA IRQ c0=2
DMA IRQ c1=0
DMA IRQ c2=0
DMA IRQ c3=0
SELECT busy=11774
SELECT w0=11761
SELECT w1=5933
SELECT w2=6653
BUSY TASK ewma=997
DMA IRQ c0=2
DMA IRQ c1=0
DMA IRQ c2=0
DMA IRQ c3=0
SELECT busy=11792
SELECT w0=11779
SELECT w1=5941
SELECT w2=6663
BUSY TASK ewma=997
DMA IRQ c0=2
DMA IRQ c1=0
DMA IRQ c2=0
DMA IRQ c3=0
SELECT busy=11809
SELECT w0=11796
SELECT w1=5949
SELECT w2=6677
BUSY TASK ewma=997
DMA IRQ c0=2
DMA IRQ c1=0
DMA IRQ c2=0
DMA IRQ c3=0
SELECT busy=11833
SELECT w0=11819
SELECT w1=5958
SELECT w2=6690
BUSY TASK ewma=997
DMA IRQ c0=2
DMA IRQ c1=0
DMA IRQ c2=0
DMA IRQ c3=0
SELECT busy=11850
SELECT w0=11837
SELECT w1=5968
SELECT w2=6700
BUSY TASK ewma=997
DMA IRQ c0=2
DMA IRQ c1=0
DMA IRQ c2=0
DMA IRQ c3=0
SELECT busy=11869
SELECT w0=11857
SELECT w1=5977
SELECT w2=6712
BUSY TASK ewma=997
DMA IRQ c0=2
DMA IRQ c1=0
DMA IRQ c2=0
DMA IRQ c3=0
SELECT busy=11888
SELECT w0=11875
SELECT w1=5992
SELECT w2=6726
BUSY TASK ewma=997
DMA IRQ c0=2
DMA IRQ c1=0
DMA IRQ c2=0
DMA IRQ c3=0
SELECT busy=11926
SELECT w0=11912
SELECT w1=6006
SELECT w2=6742
BUSY TASK ewma=997
DMA IRQ c0=2
DMA IRQ c1=0
DMA IRQ c2=0
DMA IRQ c3=0
SELECT busy=11961
SELECT w0=11948
SELECT w1=6024
SELECT w2=6764
BUSY TASK ewma=997
DMA IRQ c0=2
DMA IRQ c1=0
DMA IRQ c2=0
DMA IRQ c3=0
SELECT busy=11998
SELECT w0=11985
SELECT w1=6041
SELECT w2=6785
BUSY TASK ewma=997
DMA IRQ c0=2
DMA IRQ c1=0
DMA IRQ c2=0
DMA IRQ c3=0
SELECT busy=12038
SELECT w0=12027
SELECT w1=6061
SELECT w2=6809
BUSY TASK ewma=997
DMA IRQ c0=2
DMA IRQ c1=0
DMA IRQ c2=0
DMA IRQ c3=0
SELECT busy=12073
SELECT w0=12059
SELECT w1=6070
SELECT w2=6822
BUSY TASK ewma=997
DMA IRQ c0=2
DMA IRQ c1=0
DMA IRQ c2=0
DMA IRQ c3=0
SELECT busy=12111
SELECT w0=12098
SELECT w1=6084
SELECT w2=6839
BUSY TASK ewma=997
DMA IRQ c0=2
DMA IRQ c1=0
DMA IRQ c2=0
DMA IRQ c3=0
SELECT busy=12152
SELECT w0=12139
SELECT w1=6097
SELECT w2=6857
BUSY TASK ewma=997
DMA IRQ c0=2
DMA IRQ c1=0
DMA IRQ c2=0
DMA IRQ c3=0
SELECT busy=12193
SELECT w0=12180
SELECT w1=6112
SELECT w2=6877
qemu-system-aarch64: terminating on signal 15 from pid 239483 (timeout)
