P4 M7: full integration test boot OK
CPU0: MPIDR_EL1=0x0000000080000000
CPU0: psci_cpu_on target=1 rc=0
CPU1: alive, MPIDR_EL1=0x0000000080000001 this_cpu()->cpu_id=1
CPU0: psci_cpu_on target=2 rc=0
CPU2: alive, MPIDR_EL1=0x0000000080000002 this_cpu()->cpu_id=2
CPU0: psci_cpu_on target=3 rc=0
CPU3: alive, MPIDR_EL1=0x0000000080000003 this_cpu()->cpu_id=3
CPUs online: 4
DMA IRQ target cpu=0
D2b: worker 1 runs on CPU1
D2b: worker 0 runs on CPU0
P4 M7: worker submitted cmd_id=1
D2b: worker 2 runs on CPU2
P4 M7: worker submitted cmd_id=2
P4 M7: worker submitted cmd_id=3
BUSY TASK ewma=997
DMA IRQ c0=0
DMA IRQ c1=0
DMA IRQ c2=0
DMA IRQ c3=0
SELECT busy=35
SELECT w0=4
SELECT w1=6
SELECT w2=5
P4 M7: worker DATA OK, cmd_id=1
P4 M7: worker DATA OK, cmd_id=2
WORKER ewma=881
WORKER ewma=916
P4 M7: worker DATA OK, cmd_id=3
WORKER ewma=831
BUSY TASK ewma=997
DMA IRQ c0=3
DMA IRQ c1=0
DMA IRQ c2=0
DMA IRQ c3=0
SELECT busy=72
SELECT w0=38
SELECT w1=51
SELECT w2=46
BUSY TASK ewma=997
DMA IRQ c0=3
DMA IRQ c1=0
DMA IRQ c2=0
DMA IRQ c3=0
SELECT busy=100
SELECT w0=66
SELECT w1=90
SELECT w2=87
BUSY TASK ewma=997
DMA IRQ c0=3
DMA IRQ c1=0
DMA IRQ c2=0
DMA IRQ c3=0
SELECT busy=131
SELECT w0=98
SELECT w1=144
SELECT w2=141
BUSY TASK ewma=997
DMA IRQ c0=3
DMA IRQ c1=0
DMA IRQ c2=0
DMA IRQ c3=0
SELECT busy=159
SELECT w0=125
SELECT w1=179
SELECT w2=176
BUSY TASK ewma=997
DMA IRQ c0=3
DMA IRQ c1=0
DMA IRQ c2=0
DMA IRQ c3=0
SELECT busy=192
SELECT w0=158
SELECT w1=196
SELECT w2=193
BUSY TASK ewma=997
DMA IRQ c0=3
DMA IRQ c1=0
DMA IRQ c2=0
DMA IRQ c3=0
SELECT busy=229
SELECT w0=197
SELECT w1=220
SELECT w2=215
BUSY TASK ewma=997
DMA IRQ c0=3
DMA IRQ c1=0
DMA IRQ c2=0
DMA IRQ c3=0
SELECT busy=272
SELECT w0=240
SELECT w1=243
SELECT w2=233
BUSY TASK ewma=997
DMA IRQ c0=3
DMA IRQ c1=0
DMA IRQ c2=0
DMA IRQ c3=0
SELECT busy=320
SELECT w0=288
SELECT w1=267
SELECT w2=256
BUSY TASK ewma=997
DMA IRQ c0=3
DMA IRQ c1=0
DMA IRQ c2=0
DMA IRQ c3=0
SELECT busy=365
SELECT w0=331
SELECT w1=289
SELECT w2=276
BUSY TASK ewma=997
DMA IRQ c0=3
DMA IRQ c1=0
DMA IRQ c2=0
DMA IRQ c3=0
SELECT busy=405
SELECT w0=371
SELECT w1=310
SELECT w2=298
BUSY TASK ewma=997
DMA IRQ c0=3
DMA IRQ c1=0
DMA IRQ c2=0
DMA IRQ c3=0
SELECT busy=454
SELECT w0=423
SELECT w1=339
SELECT w2=324
BUSY TASK ewma=997
DMA IRQ c0=3
DMA IRQ c1=0
DMA IRQ c2=0
DMA IRQ c3=0
SELECT busy=496
SELECT w0=463
SELECT w1=360
SELECT w2=346
BUSY TASK ewma=997
DMA IRQ c0=3
DMA IRQ c1=0
DMA IRQ c2=0
DMA IRQ c3=0
SELECT busy=541
SELECT w0=507
SELECT w1=381
SELECT w2=365
BUSY TASK ewma=997
DMA IRQ c0=3
DMA IRQ c1=0
DMA IRQ c2=0
DMA IRQ c3=0
SELECT busy=580
SELECT w0=547
SELECT w1=399
SELECT w2=385
BUSY TASK ewma=997
DMA IRQ c0=3
DMA IRQ c1=0
DMA IRQ c2=0
DMA IRQ c3=0
SELECT busy=631
SELECT w0=598
SELECT w1=426
SELECT w2=410
BUSY TASK ewma=997
DMA IRQ c0=3
DMA IRQ c1=0
DMA IRQ c2=0
DMA IRQ c3=0
SELECT busy=669
SELECT w0=637
SELECT w1=451
SELECT w2=430
BUSY TASK ewma=997
DMA IRQ c0=3
DMA IRQ c1=0
DMA IRQ c2=0
DMA IRQ c3=0
SELECT busy=711
SELECT w0=678
SELECT w1=472
SELECT w2=450
BUSY TASK ewma=997
DMA IRQ c0=3
DMA IRQ c1=0
DMA IRQ c2=0
DMA IRQ c3=0
SELECT busy=748
SELECT w0=715
SELECT w1=489
SELECT w2=467
BUSY TASK ewma=997
DMA IRQ c0=3
DMA IRQ c1=0
DMA IRQ c2=0
DMA IRQ c3=0
SELECT busy=781
SELECT w0=749
SELECT w1=505
SELECT w2=482
BUSY TASK ewma=997
DMA IRQ c0=3
DMA IRQ c1=0
DMA IRQ c2=0
DMA IRQ c3=0
SELECT busy=827
SELECT w0=794
SELECT w1=526
SELECT w2=506
BUSY TASK ewma=997
DMA IRQ c0=3
DMA IRQ c1=0
DMA IRQ c2=0
DMA IRQ c3=0
SELECT busy=863
SELECT w0=831
SELECT w1=548
SELECT w2=525
BUSY TASK ewma=997
DMA IRQ c0=3
DMA IRQ c1=0
DMA IRQ c2=0
DMA IRQ c3=0
SELECT busy=903
SELECT w0=869
SELECT w1=570
SELECT w2=546
BUSY TASK ewma=997
DMA IRQ c0=3
DMA IRQ c1=0
DMA IRQ c2=0
DMA IRQ c3=0
SELECT busy=931
SELECT w0=897
SELECT w1=581
SELECT w2=559
BUSY TASK ewma=997
DMA IRQ c0=3
DMA IRQ c1=0
DMA IRQ c2=0
DMA IRQ c3=0
SELECT busy=952
SELECT w0=920
SELECT w1=593
SELECT w2=573
BUSY TASK ewma=997
DMA IRQ c0=3
DMA IRQ c1=0
DMA IRQ c2=0
DMA IRQ c3=0
SELECT busy=971
SELECT w0=938
SELECT w1=603
SELECT w2=586
BUSY TASK ewma=997
DMA IRQ c0=3
DMA IRQ c1=0
DMA IRQ c2=0
DMA IRQ c3=0
SELECT busy=994
SELECT w0=962
SELECT w1=615
SELECT w2=600
BUSY TASK ewma=997
DMA IRQ c0=3
DMA IRQ c1=0
DMA IRQ c2=0
DMA IRQ c3=0
SELECT busy=1010
SELECT w0=977
SELECT w1=622
SELECT w2=607
BUSY TASK ewma=997
DMA IRQ c0=3
DMA IRQ c1=0
DMA IRQ c2=0
DMA IRQ c3=0
SELECT busy=1042
SELECT w0=1008
SELECT w1=633
SELECT w2=621
BUSY TASK ewma=997
DMA IRQ c0=3
DMA IRQ c1=0
DMA IRQ c2=0
DMA IRQ c3=0
SELECT busy=1073
SELECT w0=1040
SELECT w1=649
SELECT w2=636
BUSY TASK ewma=997
DMA IRQ c0=3
DMA IRQ c1=0
DMA IRQ c2=0
DMA IRQ c3=0
SELECT busy=1095
SELECT w0=1061
SELECT w1=660
SELECT w2=646
BUSY TASK ewma=997
DMA IRQ c0=3
DMA IRQ c1=0
DMA IRQ c2=0
DMA IRQ c3=0
SELECT busy=1132
SELECT w0=1099
SELECT w1=679
SELECT w2=666
BUSY TASK ewma=997
DMA IRQ c0=3
DMA IRQ c1=0
DMA IRQ c2=0
DMA IRQ c3=0
SELECT busy=1149
SELECT w0=1115
SELECT w1=687
SELECT w2=675
BUSY TASK ewma=997
DMA IRQ c0=3
DMA IRQ c1=0
DMA IRQ c2=0
DMA IRQ c3=0
SELECT busy=1171
SELECT w0=1138
SELECT w1=701
SELECT w2=690
BUSY TASK ewma=997
DMA IRQ c0=3
DMA IRQ c1=0
DMA IRQ c2=0
DMA IRQ c3=0
SELECT busy=1188
SELECT w0=1155
SELECT w1=711
SELECT w2=700
BUSY TASK ewma=997
DMA IRQ c0=3
DMA IRQ c1=0
DMA IRQ c2=0
DMA IRQ c3=0
SELECT busy=1211
SELECT w0=1177
SELECT w1=723
SELECT w2=711
BUSY TASK ewma=997
DMA IRQ c0=3
DMA IRQ c1=0
DMA IRQ c2=0
DMA IRQ c3=0
SELECT busy=1231
SELECT w0=1199
SELECT w1=735
SELECT w2=722
BUSY TASK ewma=997
DMA IRQ c0=3
DMA IRQ c1=0
DMA IRQ c2=0
DMA IRQ c3=0
SELECT busy=1269
SELECT w0=1235
SELECT w1=753
SELECT w2=741
BUSY TASK ewma=997
DMA IRQ c0=3
DMA IRQ c1=0
DMA IRQ c2=0
DMA IRQ c3=0
SELECT busy=1285
SELECT w0=1252
SELECT w1=764
SELECT w2=755
BUSY TASK ewma=997
DMA IRQ c0=3
DMA IRQ c1=0
DMA IRQ c2=0
DMA IRQ c3=0
SELECT busy=1310
SELECT w0=1276
SELECT w1=778
SELECT w2=769
BUSY TASK ewma=997
DMA IRQ c0=3
DMA IRQ c1=0
DMA IRQ c2=0
DMA IRQ c3=0
SELECT busy=1328
SELECT w0=1295
SELECT w1=790
SELECT w2=785
BUSY TASK ewma=997
DMA IRQ c0=3
DMA IRQ c1=0
DMA IRQ c2=0
DMA IRQ c3=0
SELECT busy=1357
SELECT w0=1324
SELECT w1=808
SELECT w2=800
BUSY TASK ewma=997
DMA IRQ c0=3
DMA IRQ c1=0
DMA IRQ c2=0
DMA IRQ c3=0
SELECT busy=1376
SELECT w0=1343
SELECT w1=819
SELECT w2=810
BUSY TASK ewma=997
DMA IRQ c0=3
DMA IRQ c1=0
DMA IRQ c2=0
DMA IRQ c3=0
SELECT busy=1393
SELECT w0=1360
SELECT w1=828
SELECT w2=822
BUSY TASK ewma=997
DMA IRQ c0=3
DMA IRQ c1=0
DMA IRQ c2=0
DMA IRQ c3=0
SELECT busy=1429
SELECT w0=1396
SELECT w1=846
SELECT w2=842
BUSY TASK ewma=997
DMA IRQ c0=3
DMA IRQ c1=0
DMA IRQ c2=0
DMA IRQ c3=0
SELECT busy=1469
SELECT w0=1435
SELECT w1=867
SELECT w2=863
BUSY TASK ewma=997
DMA IRQ c0=3
DMA IRQ c1=0
DMA IRQ c2=0
DMA IRQ c3=0
SELECT busy=1523
SELECT w0=1490
SELECT w1=900
SELECT w2=893
BUSY TASK ewma=997
DMA IRQ c0=3
DMA IRQ c1=0
DMA IRQ c2=0
DMA IRQ c3=0
SELECT busy=1562
SELECT w0=1531
SELECT w1=923
SELECT w2=913
BUSY TASK ewma=997
DMA IRQ c0=3
DMA IRQ c1=0
DMA IRQ c2=0
DMA IRQ c3=0
SELECT busy=1591
SELECT w0=1557
SELECT w1=937
SELECT w2=926
BUSY TASK ewma=997
DMA IRQ c0=3
DMA IRQ c1=0
DMA IRQ c2=0
DMA IRQ c3=0
SELECT busy=1635
SELECT w0=1601
SELECT w1=961
SELECT w2=952
BUSY TASK ewma=997
DMA IRQ c0=3
DMA IRQ c1=0
DMA IRQ c2=0
DMA IRQ c3=0
SELECT busy=1676
SELECT w0=1644
SELECT w1=985
SELECT w2=976
BUSY TASK ewma=997
DMA IRQ c0=3
DMA IRQ c1=0
DMA IRQ c2=0
DMA IRQ c3=0
SELECT busy=1720
SELECT w0=1686
SELECT w1=1006
SELECT w2=998
BUSY TASK ewma=997
DMA IRQ c0=3
DMA IRQ c1=0
DMA IRQ c2=0
DMA IRQ c3=0
SELECT busy=1754
SELECT w0=1721
SELECT w1=1027
SELECT w2=1018
BUSY TASK ewma=997
DMA IRQ c0=3
DMA IRQ c1=0
DMA IRQ c2=0
DMA IRQ c3=0
SELECT busy=1783
SELECT w0=1750
SELECT w1=1041
SELECT w2=1031
BUSY TASK ewma=997
DMA IRQ c0=3
DMA IRQ c1=0
DMA IRQ c2=0
DMA IRQ c3=0
SELECT busy=1806
SELECT w0=1774
SELECT w1=1055
SELECT w2=1045
BUSY TASK ewma=997
DMA IRQ c0=3
DMA IRQ c1=0
DMA IRQ c2=0
DMA IRQ c3=0
SELECT busy=1839
SELECT w0=1806
SELECT w1=1070
SELECT w2=1058
BUSY TASK ewma=997
DMA IRQ c0=3
DMA IRQ c1=0
DMA IRQ c2=0
DMA IRQ c3=0
SELECT busy=1867
SELECT w0=1834
SELECT w1=1085
SELECT w2=1073
BUSY TASK ewma=997
DMA IRQ c0=3
DMA IRQ c1=0
DMA IRQ c2=0
DMA IRQ c3=0
SELECT busy=1903
SELECT w0=1870
SELECT w1=1102
SELECT w2=1091
BUSY TASK ewma=997
DMA IRQ c0=3
DMA IRQ c1=0
DMA IRQ c2=0
DMA IRQ c3=0
SELECT busy=1938
SELECT w0=1905
SELECT w1=1120
SELECT w2=1110
BUSY TASK ewma=997
DMA IRQ c0=3
DMA IRQ c1=0
DMA IRQ c2=0
DMA IRQ c3=0
SELECT busy=1967
SELECT w0=1933
SELECT w1=1134
SELECT w2=1122
BUSY TASK ewma=997
DMA IRQ c0=3
DMA IRQ c1=0
DMA IRQ c2=0
DMA IRQ c3=0
SELECT busy=1994
SELECT w0=1961
SELECT w1=1150
SELECT w2=1139
BUSY TASK ewma=997
DMA IRQ c0=3
DMA IRQ c1=0
DMA IRQ c2=0
DMA IRQ c3=0
SELECT busy=2028
SELECT w0=1995
SELECT w1=1167
SELECT w2=1156
BUSY TASK ewma=997
DMA IRQ c0=3
DMA IRQ c1=0
DMA IRQ c2=0
DMA IRQ c3=0
SELECT busy=2066
SELECT w0=2033
SELECT w1=1188
SELECT w2=1179
BUSY TASK ewma=997
IRQ counts: cpu0=4160 cpu1=4524 cpu2=4456 cpu3=4531
SCHED secondaries: calls=13519 unexpected=0
SECTEST switches=13508 cpu1=36853212,30885925 cpu2=25243542,25293091 cpu3=38427490,38762349
PINGPONG rounds=948 pongs=949
DMA IRQ c0=3
DMA IRQ c1=0
DMA IRQ c2=0
DMA IRQ c3=0
SELECT busy=2108
SELECT w0=2075
SELECT w1=1211
SELECT w2=1200
BUSY TASK ewma=997
DMA IRQ c0=3
DMA IRQ c1=0
DMA IRQ c2=0
DMA IRQ c3=0
SELECT busy=2148
SELECT w0=2116
SELECT w1=1228
SELECT w2=1219
BUSY TASK ewma=997
DMA IRQ c0=3
DMA IRQ c1=0
DMA IRQ c2=0
DMA IRQ c3=0
SELECT busy=2182
SELECT w0=2149
SELECT w1=1247
SELECT w2=1240
BUSY TASK ewma=997
DMA IRQ c0=3
DMA IRQ c1=0
DMA IRQ c2=0
DMA IRQ c3=0
SELECT busy=2220
SELECT w0=2187
SELECT w1=1267
SELECT w2=1262
BUSY TASK ewma=997
DMA IRQ c0=3
DMA IRQ c1=0
DMA IRQ c2=0
DMA IRQ c3=0
SELECT busy=2259
SELECT w0=2225
SELECT w1=1287
SELECT w2=1284
BUSY TASK ewma=997
DMA IRQ c0=3
DMA IRQ c1=0
DMA IRQ c2=0
DMA IRQ c3=0
SELECT busy=2300
SELECT w0=2267
SELECT w1=1310
SELECT w2=1307
BUSY TASK ewma=997
DMA IRQ c0=3
DMA IRQ c1=0
DMA IRQ c2=0
DMA IRQ c3=0
SELECT busy=2338
SELECT w0=2305
SELECT w1=1332
SELECT w2=1330
BUSY TASK ewma=997
DMA IRQ c0=3
DMA IRQ c1=0
DMA IRQ c2=0
DMA IRQ c3=0
SELECT busy=2368
SELECT w0=2335
SELECT w1=1350
SELECT w2=1347
BUSY TASK ewma=997
DMA IRQ c0=3
DMA IRQ c1=0
DMA IRQ c2=0
DMA IRQ c3=0
SELECT busy=2402
SELECT w0=2368
SELECT w1=1366
SELECT w2=1361
BUSY TASK ewma=997
DMA IRQ c0=3
DMA IRQ c1=0
DMA IRQ c2=0
DMA IRQ c3=0
SELECT busy=2433
SELECT w0=2400
SELECT w1=1382
SELECT w2=1377
BUSY TASK ewma=997
DMA IRQ c0=3
DMA IRQ c1=0
DMA IRQ c2=0
DMA IRQ c3=0
SELECT busy=2476
SELECT w0=2443
SELECT w1=1406
SELECT w2=1400
BUSY TASK ewma=997
DMA IRQ c0=3
DMA IRQ c1=0
DMA IRQ c2=0
DMA IRQ c3=0
SELECT busy=2509
SELECT w0=2475
SELECT w1=1423
SELECT w2=1417
BUSY TASK ewma=997
DMA IRQ c0=3
DMA IRQ c1=0
DMA IRQ c2=0
DMA IRQ c3=0
SELECT busy=2536
SELECT w0=2502
SELECT w1=1436
SELECT w2=1429
BUSY TASK ewma=997
DMA IRQ c0=3
DMA IRQ c1=0
DMA IRQ c2=0
DMA IRQ c3=0
SELECT busy=2577
SELECT w0=2543
SELECT w1=1460
SELECT w2=1451
BUSY TASK ewma=997
DMA IRQ c0=3
DMA IRQ c1=0
DMA IRQ c2=0
DMA IRQ c3=0
SELECT busy=2618
SELECT w0=2585
SELECT w1=1482
SELECT w2=1475
BUSY TASK ewma=997
DMA IRQ c0=3
DMA IRQ c1=0
DMA IRQ c2=0
DMA IRQ c3=0
SELECT busy=2649
SELECT w0=2615
SELECT w1=1501
SELECT w2=1495
BUSY TASK ewma=997
DMA IRQ c0=3
DMA IRQ c1=0
DMA IRQ c2=0
DMA IRQ c3=0
SELECT busy=2685
SELECT w0=2652
SELECT w1=1519
SELECT w2=1514
BUSY TASK ewma=997
DMA IRQ c0=3
DMA IRQ c1=0
DMA IRQ c2=0
DMA IRQ c3=0
SELECT busy=2716
SELECT w0=2683
SELECT w1=1530
SELECT w2=1527
BUSY TASK ewma=997
DMA IRQ c0=3
DMA IRQ c1=0
DMA IRQ c2=0
DMA IRQ c3=0
SELECT busy=2748
SELECT w0=2715
SELECT w1=1546
SELECT w2=1542
BUSY TASK ewma=997
DMA IRQ c0=3
DMA IRQ c1=0
DMA IRQ c2=0
DMA IRQ c3=0
SELECT busy=2784
SELECT w0=2751
SELECT w1=1565
SELECT w2=1561
BUSY TASK ewma=997
DMA IRQ c0=3
DMA IRQ c1=0
DMA IRQ c2=0
DMA IRQ c3=0
SELECT busy=2819
SELECT w0=2786
SELECT w1=1586
SELECT w2=1583
BUSY TASK ewma=997
DMA IRQ c0=3
DMA IRQ c1=0
DMA IRQ c2=0
DMA IRQ c3=0
SELECT busy=2863
SELECT w0=2829
SELECT w1=1605
SELECT w2=1605
BUSY TASK ewma=997
DMA IRQ c0=3
DMA IRQ c1=0
DMA IRQ c2=0
DMA IRQ c3=0
SELECT busy=2900
SELECT w0=2866
SELECT w1=1624
SELECT w2=1626
BUSY TASK ewma=997
DMA IRQ c0=3
DMA IRQ c1=0
DMA IRQ c2=0
DMA IRQ c3=0
SELECT busy=2937
SELECT w0=2904
SELECT w1=1643
SELECT w2=1644
BUSY TASK ewma=997
DMA IRQ c0=3
DMA IRQ c1=0
DMA IRQ c2=0
DMA IRQ c3=0
SELECT busy=2966
SELECT w0=2933
SELECT w1=1654
SELECT w2=1656
BUSY TASK ewma=997
DMA IRQ c0=3
DMA IRQ c1=0
DMA IRQ c2=0
DMA IRQ c3=0
SELECT busy=2994
SELECT w0=2961
SELECT w1=1666
SELECT w2=1669
BUSY TASK ewma=997
DMA IRQ c0=3
DMA IRQ c1=0
DMA IRQ c2=0
DMA IRQ c3=0
SELECT busy=3025
SELECT w0=2992
SELECT w1=1679
SELECT w2=1683
BUSY TASK ewma=997
DMA IRQ c0=3
DMA IRQ c1=0
DMA IRQ c2=0
DMA IRQ c3=0
SELECT busy=3064
SELECT w0=3031
SELECT w1=1703
SELECT w2=1700
BUSY TASK ewma=997
DMA IRQ c0=3
DMA IRQ c1=0
DMA IRQ c2=0
DMA IRQ c3=0
SELECT busy=3099
SELECT w0=3066
SELECT w1=1721
SELECT w2=1719
BUSY TASK ewma=997
DMA IRQ c0=3
DMA IRQ c1=0
DMA IRQ c2=0
DMA IRQ c3=0
SELECT busy=3129
SELECT w0=3096
SELECT w1=1734
SELECT w2=1733
BUSY TASK ewma=997
DMA IRQ c0=3
DMA IRQ c1=0
DMA IRQ c2=0
DMA IRQ c3=0
SELECT busy=3153
SELECT w0=3119
SELECT w1=1750
SELECT w2=1746
BUSY TASK ewma=997
DMA IRQ c0=3
DMA IRQ c1=0
DMA IRQ c2=0
DMA IRQ c3=0
SELECT busy=3171
SELECT w0=3138
SELECT w1=1761
SELECT w2=1758
BUSY TASK ewma=997
DMA IRQ c0=3
DMA IRQ c1=0
DMA IRQ c2=0
DMA IRQ c3=0
SELECT busy=3203
SELECT w0=3170
SELECT w1=1780
SELECT w2=1772
BUSY TASK ewma=997
DMA IRQ c0=3
DMA IRQ c1=0
DMA IRQ c2=0
DMA IRQ c3=0
SELECT busy=3243
SELECT w0=3210
SELECT w1=1805
SELECT w2=1798
BUSY TASK ewma=997
DMA IRQ c0=3
DMA IRQ c1=0
DMA IRQ c2=0
DMA IRQ c3=0
SELECT busy=3283
SELECT w0=3249
SELECT w1=1826
SELECT w2=1818
BUSY TASK ewma=997
DMA IRQ c0=3
DMA IRQ c1=0
DMA IRQ c2=0
DMA IRQ c3=0
SELECT busy=3304
SELECT w0=3271
SELECT w1=1843
SELECT w2=1832
BUSY TASK ewma=997
DMA IRQ c0=3
DMA IRQ c1=0
DMA IRQ c2=0
DMA IRQ c3=0
SELECT busy=3321
SELECT w0=3288
SELECT w1=1850
SELECT w2=1840
BUSY TASK ewma=997
DMA IRQ c0=3
DMA IRQ c1=0
DMA IRQ c2=0
DMA IRQ c3=0
SELECT busy=3342
SELECT w0=3308
SELECT w1=1859
SELECT w2=1851
BUSY TASK ewma=997
DMA IRQ c0=3
DMA IRQ c1=0
DMA IRQ c2=0
DMA IRQ c3=0
SELECT busy=3361
SELECT w0=3329
SELECT w1=1867
SELECT w2=1861
BUSY TASK ewma=997
DMA IRQ c0=3
DMA IRQ c1=0
DMA IRQ c2=0
DMA IRQ c3=0
SELECT busy=3387
SELECT w0=3355
SELECT w1=1881
SELECT w2=1877
BUSY TASK ewma=997
DMA IRQ c0=3
DMA IRQ c1=0
DMA IRQ c2=0
DMA IRQ c3=0
SELECT busy=3414
SELECT w0=3381
SELECT w1=1895
SELECT w2=1893
BUSY TASK ewma=997
DMA IRQ c0=3
DMA IRQ c1=0
DMA IRQ c2=0
DMA IRQ c3=0
SELECT busy=3436
SELECT w0=3403
SELECT w1=1908
SELECT w2=1905
BUSY TASK ewma=997
DMA IRQ c0=3
DMA IRQ c1=0
DMA IRQ c2=0
DMA IRQ c3=0
SELECT busy=3460
SELECT w0=3427
SELECT w1=1920
SELECT w2=1917
BUSY TASK ewma=997
DMA IRQ c0=3
DMA IRQ c1=0
DMA IRQ c2=0
DMA IRQ c3=0
SELECT busy=3472
SELECT w0=3439
SELECT w1=1929
SELECT w2=1926
BUSY TASK ewma=997
DMA IRQ c0=3
DMA IRQ c1=0
DMA IRQ c2=0
DMA IRQ c3=0
SELECT busy=3487
SELECT w0=3453
SELECT w1=1938
SELECT w2=1933
BUSY TASK ewma=997
DMA IRQ c0=3
DMA IRQ c1=0
DMA IRQ c2=0
DMA IRQ c3=0
SELECT busy=3508
SELECT w0=3474
SELECT w1=1950
SELECT w2=1943
BUSY TASK ewma=997
DMA IRQ c0=3
DMA IRQ c1=0
DMA IRQ c2=0
DMA IRQ c3=0
SELECT busy=3530
SELECT w0=3497
SELECT w1=1965
SELECT w2=1958
BUSY TASK ewma=997
DMA IRQ c0=3
DMA IRQ c1=0
DMA IRQ c2=0
DMA IRQ c3=0
SELECT busy=3566
SELECT w0=3533
SELECT w1=1982
SELECT w2=1980
BUSY TASK ewma=997
DMA IRQ c0=3
DMA IRQ c1=0
DMA IRQ c2=0
DMA IRQ c3=0
SELECT busy=3605
SELECT w0=3572
SELECT w1=2006
SELECT w2=2006
BUSY TASK ewma=997
DMA IRQ c0=3
DMA IRQ c1=0
DMA IRQ c2=0
DMA IRQ c3=0
SELECT busy=3624
SELECT w0=3591
SELECT w1=2015
SELECT w2=2016
BUSY TASK ewma=997
DMA IRQ c0=3
DMA IRQ c1=0
DMA IRQ c2=0
DMA IRQ c3=0
SELECT busy=3647
SELECT w0=3613
SELECT w1=2028
SELECT w2=2025
BUSY TASK ewma=997
DMA IRQ c0=3
DMA IRQ c1=0
DMA IRQ c2=0
DMA IRQ c3=0
SELECT busy=3657
SELECT w0=3624
SELECT w1=2034
SELECT w2=2032
BUSY TASK ewma=997
DMA IRQ c0=3
DMA IRQ c1=0
DMA IRQ c2=0
DMA IRQ c3=0
SELECT busy=3683
SELECT w0=3649
SELECT w1=2047
SELECT w2=2045
BUSY TASK ewma=997
DMA IRQ c0=3
DMA IRQ c1=0
DMA IRQ c2=0
DMA IRQ c3=0
SELECT busy=3708
SELECT w0=3674
SELECT w1=2057
SELECT w2=2057
BUSY TASK ewma=997
DMA IRQ c0=3
DMA IRQ c1=0
DMA IRQ c2=0
DMA IRQ c3=0
SELECT busy=3740
SELECT w0=3706
SELECT w1=2073
SELECT w2=2073
BUSY TASK ewma=997
DMA IRQ c0=3
DMA IRQ c1=0
DMA IRQ c2=0
DMA IRQ c3=0
SELECT busy=3775
SELECT w0=3741
SELECT w1=2090
SELECT w2=2087
BUSY TASK ewma=997
DMA IRQ c0=3
DMA IRQ c1=0
DMA IRQ c2=0
DMA IRQ c3=0
SELECT busy=3794
SELECT w0=3761
SELECT w1=2100
SELECT w2=2098
BUSY TASK ewma=997
DMA IRQ c0=3
DMA IRQ c1=0
DMA IRQ c2=0
DMA IRQ c3=0
SELECT busy=3810
SELECT w0=3777
SELECT w1=2112
SELECT w2=2109
BUSY TASK ewma=997
DMA IRQ c0=3
DMA IRQ c1=0
DMA IRQ c2=0
DMA IRQ c3=0
SELECT busy=3828
SELECT w0=3795
SELECT w1=2121
SELECT w2=2118
BUSY TASK ewma=997
DMA IRQ c0=3
DMA IRQ c1=0
DMA IRQ c2=0
DMA IRQ c3=0
SELECT busy=3847
SELECT w0=3813
SELECT w1=2128
SELECT w2=2126
BUSY TASK ewma=997
DMA IRQ c0=3
DMA IRQ c1=0
DMA IRQ c2=0
DMA IRQ c3=0
SELECT busy=3865
SELECT w0=3832
SELECT w1=2138
SELECT w2=2139
BUSY TASK ewma=997
DMA IRQ c0=3
DMA IRQ c1=0
DMA IRQ c2=0
DMA IRQ c3=0
SELECT busy=3882
SELECT w0=3848
SELECT w1=2148
SELECT w2=2147
BUSY TASK ewma=997
DMA IRQ c0=3
DMA IRQ c1=0
DMA IRQ c2=0
DMA IRQ c3=0
SELECT busy=3915
SELECT w0=3881
SELECT w1=2162
SELECT w2=2161
BUSY TASK ewma=997
DMA IRQ c0=3
DMA IRQ c1=0
DMA IRQ c2=0
DMA IRQ c3=0
SELECT busy=3951
SELECT w0=3919
SELECT w1=2183
SELECT w2=2184
BUSY TASK ewma=997
IRQ counts: cpu0=7928 cpu1=8600 cpu2=8568 cpu3=8567
SCHED secondaries: calls=25736 unexpected=0
SECTEST switches=25712 cpu1=70075436,63506420 cpu2=52897940,53008080 cpu3=75371609,74231201
PINGPONG rounds=1665 pongs=1665
DMA IRQ c0=3
DMA IRQ c1=0
DMA IRQ c2=0
DMA IRQ c3=0
SELECT busy=3993
SELECT w0=3959
SELECT w1=2209
SELECT w2=2209
BUSY TASK ewma=997
DMA IRQ c0=3
DMA IRQ c1=0
DMA IRQ c2=0
DMA IRQ c3=0
SELECT busy=4025
SELECT w0=3992
SELECT w1=2226
SELECT w2=2225
BUSY TASK ewma=997
DMA IRQ c0=3
DMA IRQ c1=0
DMA IRQ c2=0
DMA IRQ c3=0
SELECT busy=4062
SELECT w0=4029
SELECT w1=2245
SELECT w2=2241
BUSY TASK ewma=997
DMA IRQ c0=3
DMA IRQ c1=0
DMA IRQ c2=0
DMA IRQ c3=0
SELECT busy=4090
SELECT w0=4056
SELECT w1=2260
SELECT w2=2256
BUSY TASK ewma=997
DMA IRQ c0=3
DMA IRQ c1=0
DMA IRQ c2=0
DMA IRQ c3=0
SELECT busy=4118
SELECT w0=4084
SELECT w1=2274
SELECT w2=2275
BUSY TASK ewma=997
DMA IRQ c0=3
DMA IRQ c1=0
DMA IRQ c2=0
DMA IRQ c3=0
SELECT busy=4137
SELECT w0=4104
SELECT w1=2287
SELECT w2=2290
BUSY TASK ewma=997
DMA IRQ c0=3
DMA IRQ c1=0
DMA IRQ c2=0
DMA IRQ c3=0
SELECT busy=4156
SELECT w0=4123
SELECT w1=2298
SELECT w2=2300
BUSY TASK ewma=997
DMA IRQ c0=3
DMA IRQ c1=0
DMA IRQ c2=0
DMA IRQ c3=0
SELECT busy=4179
SELECT w0=4146
SELECT w1=2311
SELECT w2=2311
BUSY TASK ewma=997
DMA IRQ c0=3
DMA IRQ c1=0
DMA IRQ c2=0
DMA IRQ c3=0
SELECT busy=4201
SELECT w0=4167
SELECT w1=2323
SELECT w2=2320
BUSY TASK ewma=997
DMA IRQ c0=3
DMA IRQ c1=0
DMA IRQ c2=0
DMA IRQ c3=0
SELECT busy=4218
SELECT w0=4186
SELECT w1=2333
SELECT w2=2331
BUSY TASK ewma=997
DMA IRQ c0=3
DMA IRQ c1=0
DMA IRQ c2=0
DMA IRQ c3=0
SELECT busy=4243
SELECT w0=4210
SELECT w1=2344
SELECT w2=2342
BUSY TASK ewma=997
DMA IRQ c0=3
DMA IRQ c1=0
DMA IRQ c2=0
DMA IRQ c3=0
SELECT busy=4263
SELECT w0=4230
SELECT w1=2355
SELECT w2=2354
BUSY TASK ewma=997
DMA IRQ c0=3
DMA IRQ c1=0
DMA IRQ c2=0
DMA IRQ c3=0
SELECT busy=4285
SELECT w0=4251
SELECT w1=2366
SELECT w2=2369
BUSY TASK ewma=997
DMA IRQ c0=3
DMA IRQ c1=0
DMA IRQ c2=0
DMA IRQ c3=0
SELECT busy=4299
SELECT w0=4265
SELECT w1=2373
SELECT w2=2375
BUSY TASK ewma=997
DMA IRQ c0=3
DMA IRQ c1=0
DMA IRQ c2=0
DMA IRQ c3=0
SELECT busy=4319
SELECT w0=4285
SELECT w1=2386
SELECT w2=2387
BUSY TASK ewma=997
DMA IRQ c0=3
DMA IRQ c1=0
DMA IRQ c2=0
DMA IRQ c3=0
SELECT busy=4338
SELECT w0=4304
SELECT w1=2397
SELECT w2=2397
BUSY TASK ewma=997
DMA IRQ c0=3
DMA IRQ c1=0
DMA IRQ c2=0
DMA IRQ c3=0
SELECT busy=4353
SELECT w0=4319
SELECT w1=2402
SELECT w2=2404
BUSY TASK ewma=997
DMA IRQ c0=3
DMA IRQ c1=0
DMA IRQ c2=0
DMA IRQ c3=0
SELECT busy=4371
SELECT w0=4338
SELECT w1=2415
SELECT w2=2413
BUSY TASK ewma=997
DMA IRQ c0=3
DMA IRQ c1=0
DMA IRQ c2=0
DMA IRQ c3=0
SELECT busy=4389
SELECT w0=4355
SELECT w1=2425
SELECT w2=2424
BUSY TASK ewma=997
DMA IRQ c0=3
DMA IRQ c1=0
DMA IRQ c2=0
DMA IRQ c3=0
SELECT busy=4406
SELECT w0=4372
SELECT w1=2436
SELECT w2=2433
BUSY TASK ewma=997
DMA IRQ c0=3
DMA IRQ c1=0
DMA IRQ c2=0
DMA IRQ c3=0
SELECT busy=4424
SELECT w0=4390
SELECT w1=2443
SELECT w2=2440
BUSY TASK ewma=997
DMA IRQ c0=3
DMA IRQ c1=0
DMA IRQ c2=0
DMA IRQ c3=0
SELECT busy=4460
SELECT w0=4427
SELECT w1=2464
SELECT w2=2459
BUSY TASK ewma=997
DMA IRQ c0=3
DMA IRQ c1=0
DMA IRQ c2=0
DMA IRQ c3=0
SELECT busy=4497
SELECT w0=4464
SELECT w1=2485
SELECT w2=2475
BUSY TASK ewma=997
DMA IRQ c0=3
DMA IRQ c1=0
DMA IRQ c2=0
DMA IRQ c3=0
SELECT busy=4525
SELECT w0=4492
SELECT w1=2497
SELECT w2=2490
BUSY TASK ewma=997
DMA IRQ c0=3
DMA IRQ c1=0
DMA IRQ c2=0
DMA IRQ c3=0
SELECT busy=4545
SELECT w0=4513
SELECT w1=2515
SELECT w2=2505
BUSY TASK ewma=997
DMA IRQ c0=3
DMA IRQ c1=0
DMA IRQ c2=0
DMA IRQ c3=0
SELECT busy=4565
SELECT w0=4532
SELECT w1=2527
SELECT w2=2518
BUSY TASK ewma=997
DMA IRQ c0=3
DMA IRQ c1=0
DMA IRQ c2=0
DMA IRQ c3=0
SELECT busy=4588
SELECT w0=4555
SELECT w1=2543
SELECT w2=2537
BUSY TASK ewma=997
DMA IRQ c0=3
DMA IRQ c1=0
DMA IRQ c2=0
DMA IRQ c3=0
SELECT busy=4613
SELECT w0=4580
SELECT w1=2560
SELECT w2=2554
BUSY TASK ewma=997
DMA IRQ c0=3
DMA IRQ c1=0
DMA IRQ c2=0
DMA IRQ c3=0
SELECT busy=4631
SELECT w0=4598
SELECT w1=2570
SELECT w2=2561
BUSY TASK ewma=997
DMA IRQ c0=3
DMA IRQ c1=0
DMA IRQ c2=0
DMA IRQ c3=0
SELECT busy=4660
SELECT w0=4626
SELECT w1=2585
SELECT w2=2576
BUSY TASK ewma=997
DMA IRQ c0=3
DMA IRQ c1=0
DMA IRQ c2=0
DMA IRQ c3=0
SELECT busy=4685
SELECT w0=4651
SELECT w1=2595
SELECT w2=2589
BUSY TASK ewma=997
DMA IRQ c0=3
DMA IRQ c1=0
DMA IRQ c2=0
DMA IRQ c3=0
SELECT busy=4727
SELECT w0=4694
SELECT w1=2620
SELECT w2=2614
BUSY TASK ewma=997
DMA IRQ c0=3
DMA IRQ c1=0
DMA IRQ c2=0
DMA IRQ c3=0
SELECT busy=4763
SELECT w0=4731
SELECT w1=2638
SELECT w2=2634
BUSY TASK ewma=997
DMA IRQ c0=3
DMA IRQ c1=0
DMA IRQ c2=0
DMA IRQ c3=0
SELECT busy=4785
SELECT w0=4752
SELECT w1=2651
SELECT w2=2645
BUSY TASK ewma=997
DMA IRQ c0=3
DMA IRQ c1=0
DMA IRQ c2=0
DMA IRQ c3=0
SELECT busy=4807
SELECT w0=4774
SELECT w1=2665
SELECT w2=2659
BUSY TASK ewma=997
DMA IRQ c0=3
DMA IRQ c1=0
DMA IRQ c2=0
DMA IRQ c3=0
SELECT busy=4823
SELECT w0=4789
SELECT w1=2676
SELECT w2=2670
BUSY TASK ewma=997
DMA IRQ c0=3
DMA IRQ c1=0
DMA IRQ c2=0
DMA IRQ c3=0
SELECT busy=4840
SELECT w0=4807
SELECT w1=2688
SELECT w2=2684
BUSY TASK ewma=997
DMA IRQ c0=3
DMA IRQ c1=0
DMA IRQ c2=0
DMA IRQ c3=0
SELECT busy=4863
SELECT w0=4830
SELECT w1=2702
SELECT w2=2698
BUSY TASK ewma=997
DMA IRQ c0=3
DMA IRQ c1=0
DMA IRQ c2=0
DMA IRQ c3=0
SELECT busy=4897
SELECT w0=4863
SELECT w1=2717
SELECT w2=2715
BUSY TASK ewma=997
DMA IRQ c0=3
DMA IRQ c1=0
DMA IRQ c2=0
DMA IRQ c3=0
SELECT busy=4919
SELECT w0=4886
SELECT w1=2729
SELECT w2=2732
BUSY TASK ewma=997
DMA IRQ c0=3
DMA IRQ c1=0
DMA IRQ c2=0
DMA IRQ c3=0
SELECT busy=4943
SELECT w0=4909
SELECT w1=2735
SELECT w2=2739
BUSY TASK ewma=997
DMA IRQ c0=3
DMA IRQ c1=0
DMA IRQ c2=0
DMA IRQ c3=0
SELECT busy=4965
SELECT w0=4932
SELECT w1=2746
SELECT w2=2751
BUSY TASK ewma=997
DMA IRQ c0=3
DMA IRQ c1=0
DMA IRQ c2=0
DMA IRQ c3=0
SELECT busy=5005
SELECT w0=4972
SELECT w1=2763
SELECT w2=2771
BUSY TASK ewma=997
DMA IRQ c0=3
DMA IRQ c1=0
DMA IRQ c2=0
DMA IRQ c3=0
SELECT busy=5025
SELECT w0=4992
SELECT w1=2771
SELECT w2=2781
BUSY TASK ewma=997
DMA IRQ c0=3
DMA IRQ c1=0
DMA IRQ c2=0
DMA IRQ c3=0
SELECT busy=5059
SELECT w0=5027
SELECT w1=2785
SELECT w2=2798
BUSY TASK ewma=997
DMA IRQ c0=3
DMA IRQ c1=0
DMA IRQ c2=0
DMA IRQ c3=0
SELECT busy=5102
SELECT w0=5068
SELECT w1=2803
SELECT w2=2820
BUSY TASK ewma=997
DMA IRQ c0=3
DMA IRQ c1=0
DMA IRQ c2=0
DMA IRQ c3=0
SELECT busy=5133
SELECT w0=5100
SELECT w1=2819
SELECT w2=2838
BUSY TASK ewma=997
DMA IRQ c0=3
DMA IRQ c1=0
DMA IRQ c2=0
DMA IRQ c3=0
SELECT busy=5169
SELECT w0=5136
SELECT w1=2836
SELECT w2=2859
BUSY TASK ewma=997
DMA IRQ c0=3
DMA IRQ c1=0
DMA IRQ c2=0
DMA IRQ c3=0
SELECT busy=5209
SELECT w0=5176
SELECT w1=2854
SELECT w2=2882
BUSY TASK ewma=997
DMA IRQ c0=3
DMA IRQ c1=0
DMA IRQ c2=0
DMA IRQ c3=0
SELECT busy=5247
SELECT w0=5214
SELECT w1=2870
SELECT w2=2903
BUSY TASK ewma=997
DMA IRQ c0=3
DMA IRQ c1=0
DMA IRQ c2=0
DMA IRQ c3=0
SELECT busy=5273
SELECT w0=5241
SELECT w1=2886
SELECT w2=2924
BUSY TASK ewma=997
DMA IRQ c0=3
DMA IRQ c1=0
DMA IRQ c2=0
DMA IRQ c3=0
SELECT busy=5294
SELECT w0=5261
SELECT w1=2893
SELECT w2=2932
BUSY TASK ewma=997
DMA IRQ c0=3
DMA IRQ c1=0
DMA IRQ c2=0
DMA IRQ c3=0
SELECT busy=5313
SELECT w0=5279
SELECT w1=2903
SELECT w2=2945
BUSY TASK ewma=997
DMA IRQ c0=3
DMA IRQ c1=0
DMA IRQ c2=0
DMA IRQ c3=0
SELECT busy=5341
SELECT w0=5307
SELECT w1=2915
SELECT w2=2960
BUSY TASK ewma=997
DMA IRQ c0=3
DMA IRQ c1=0
DMA IRQ c2=0
DMA IRQ c3=0
SELECT busy=5382
SELECT w0=5348
SELECT w1=2932
SELECT w2=2982
BUSY TASK ewma=997
DMA IRQ c0=3
DMA IRQ c1=0
DMA IRQ c2=0
DMA IRQ c3=0
SELECT busy=5417
SELECT w0=5383
SELECT w1=2948
SELECT w2=3003
BUSY TASK ewma=997
DMA IRQ c0=3
DMA IRQ c1=0
DMA IRQ c2=0
DMA IRQ c3=0
SELECT busy=5446
SELECT w0=5414
SELECT w1=2960
SELECT w2=3021
BUSY TASK ewma=997
DMA IRQ c0=3
DMA IRQ c1=0
DMA IRQ c2=0
DMA IRQ c3=0
SELECT busy=5477
SELECT w0=5444
SELECT w1=2972
SELECT w2=3037
BUSY TASK ewma=997
DMA IRQ c0=3
DMA IRQ c1=0
DMA IRQ c2=0
DMA IRQ c3=0
SELECT busy=5493
SELECT w0=5459
SELECT w1=2978
SELECT w2=3045
BUSY TASK ewma=997
DMA IRQ c0=3
DMA IRQ c1=0
DMA IRQ c2=0
DMA IRQ c3=0
SELECT busy=5514
SELECT w0=5480
SELECT w1=2992
SELECT w2=3058
BUSY TASK ewma=997
DMA IRQ c0=3
DMA IRQ c1=0
DMA IRQ c2=0
DMA IRQ c3=0
SELECT busy=5525
SELECT w0=5491
SELECT w1=2997
SELECT w2=3063
BUSY TASK ewma=997
DMA IRQ c0=3
DMA IRQ c1=0
DMA IRQ c2=0
DMA IRQ c3=0
SELECT busy=5543
SELECT w0=5509
SELECT w1=3004
SELECT w2=3072
BUSY TASK ewma=997
DMA IRQ c0=3
DMA IRQ c1=0
DMA IRQ c2=0
DMA IRQ c3=0
SELECT busy=5563
SELECT w0=5530
SELECT w1=3013
SELECT w2=3083
BUSY TASK ewma=997
DMA IRQ c0=3
DMA IRQ c1=0
DMA IRQ c2=0
DMA IRQ c3=0
SELECT busy=5590
SELECT w0=5557
SELECT w1=3023
SELECT w2=3096
BUSY TASK ewma=997
IRQ counts: cpu0=11186 cpu1=12298 cpu2=12230 cpu3=12169
SCHED secondaries: calls=36712 unexpected=0
SECTEST switches=36672 cpu1=103877346,99974507 cpu2=80552401,81934949 cpu3=116755318,113561593
PINGPONG rounds=2000 pongs=2000
DMA IRQ c0=3
DMA IRQ c1=0
DMA IRQ c2=0
DMA IRQ c3=0
SELECT busy=5621
SELECT w0=5587
SELECT w1=3041
SELECT w2=3113
BUSY TASK ewma=997
DMA IRQ c0=3
DMA IRQ c1=0
DMA IRQ c2=0
DMA IRQ c3=0
SELECT busy=5644
SELECT w0=5611
SELECT w1=3053
SELECT w2=3132
BUSY TASK ewma=997
DMA IRQ c0=3
DMA IRQ c1=0
DMA IRQ c2=0
DMA IRQ c3=0
SELECT busy=5665
SELECT w0=5631
SELECT w1=3062
SELECT w2=3144
BUSY TASK ewma=997
DMA IRQ c0=3
DMA IRQ c1=0
DMA IRQ c2=0
DMA IRQ c3=0
SELECT busy=5684
SELECT w0=5651
SELECT w1=3070
SELECT w2=3155
BUSY TASK ewma=997
DMA IRQ c0=3
DMA IRQ c1=0
DMA IRQ c2=0
DMA IRQ c3=0
SELECT busy=5695
SELECT w0=5661
SELECT w1=3075
SELECT w2=3162
BUSY TASK ewma=997
DMA IRQ c0=3
DMA IRQ c1=0
DMA IRQ c2=0
DMA IRQ c3=0
SELECT busy=5712
SELECT w0=5679
SELECT w1=3084
SELECT w2=3176
BUSY TASK ewma=997
DMA IRQ c0=3
DMA IRQ c1=0
DMA IRQ c2=0
DMA IRQ c3=0
SELECT busy=5732
SELECT w0=5699
SELECT w1=3093
SELECT w2=3187
BUSY TASK ewma=997
DMA IRQ c0=3
DMA IRQ c1=0
DMA IRQ c2=0
DMA IRQ c3=0
SELECT busy=5753
SELECT w0=5719
SELECT w1=3101
SELECT w2=3195
BUSY TASK ewma=997
DMA IRQ c0=3
DMA IRQ c1=0
DMA IRQ c2=0
DMA IRQ c3=0
SELECT busy=5790
SELECT w0=5757
SELECT w1=3114
SELECT w2=3216
BUSY TASK ewma=997
DMA IRQ c0=3
DMA IRQ c1=0
DMA IRQ c2=0
DMA IRQ c3=0
SELECT busy=5829
SELECT w0=5795
SELECT w1=3130
SELECT w2=3238
BUSY TASK ewma=997
DMA IRQ c0=3
DMA IRQ c1=0
DMA IRQ c2=0
DMA IRQ c3=0
SELECT busy=5860
SELECT w0=5829
SELECT w1=3145
SELECT w2=3256
BUSY TASK ewma=997
DMA IRQ c0=3
DMA IRQ c1=0
DMA IRQ c2=0
DMA IRQ c3=0
SELECT busy=5901
SELECT w0=5867
SELECT w1=3160
SELECT w2=3274
BUSY TASK ewma=997
DMA IRQ c0=3
DMA IRQ c1=0
DMA IRQ c2=0
DMA IRQ c3=0
SELECT busy=5935
SELECT w0=5902
SELECT w1=3174
SELECT w2=3294
BUSY TASK ewma=997
DMA IRQ c0=3
DMA IRQ c1=0
DMA IRQ c2=0
DMA IRQ c3=0
SELECT busy=5976
SELECT w0=5943
SELECT w1=3192
SELECT w2=3312
BUSY TASK ewma=997
DMA IRQ c0=3
DMA IRQ c1=0
DMA IRQ c2=0
DMA IRQ c3=0
SELECT busy=6011
SELECT w0=5978
SELECT w1=3205
SELECT w2=3329
BUSY TASK ewma=997
DMA IRQ c0=3
DMA IRQ c1=0
DMA IRQ c2=0
DMA IRQ c3=0
SELECT busy=6040
SELECT w0=6007
SELECT w1=3214
SELECT w2=3341
BUSY TASK ewma=997
DMA IRQ c0=3
DMA IRQ c1=0
DMA IRQ c2=0
DMA IRQ c3=0
SELECT busy=6061
SELECT w0=6028
SELECT w1=3224
SELECT w2=3355
BUSY TASK ewma=997
DMA IRQ c0=3
DMA IRQ c1=0
DMA IRQ c2=0
DMA IRQ c3=0
SELECT busy=6082
SELECT w0=6049
SELECT w1=3233
SELECT w2=3368
BUSY TASK ewma=997
DMA IRQ c0=3
DMA IRQ c1=0
DMA IRQ c2=0
DMA IRQ c3=0
SELECT busy=6101
SELECT w0=6068
SELECT w1=3245
SELECT w2=3381
BUSY TASK ewma=997
DMA IRQ c0=3
DMA IRQ c1=0
DMA IRQ c2=0
DMA IRQ c3=0
SELECT busy=6121
SELECT w0=6088
SELECT w1=3252
SELECT w2=3391
BUSY TASK ewma=997
DMA IRQ c0=3
DMA IRQ c1=0
DMA IRQ c2=0
DMA IRQ c3=0
SELECT busy=6136
SELECT w0=6102
SELECT w1=3257
SELECT w2=3397
BUSY TASK ewma=997
DMA IRQ c0=3
DMA IRQ c1=0
DMA IRQ c2=0
DMA IRQ c3=0
SELECT busy=6153
SELECT w0=6120
SELECT w1=3265
SELECT w2=3409
BUSY TASK ewma=997
DMA IRQ c0=3
DMA IRQ c1=0
DMA IRQ c2=0
DMA IRQ c3=0
SELECT busy=6172
SELECT w0=6139
SELECT w1=3273
SELECT w2=3420
BUSY TASK ewma=997
DMA IRQ c0=3
DMA IRQ c1=0
DMA IRQ c2=0
DMA IRQ c3=0
SELECT busy=6192
SELECT w0=6158
SELECT w1=3284
SELECT w2=3432
BUSY TASK ewma=997
DMA IRQ c0=3
DMA IRQ c1=0
DMA IRQ c2=0
DMA IRQ c3=0
SELECT busy=6212
SELECT w0=6179
SELECT w1=3293
SELECT w2=3443
BUSY TASK ewma=997
DMA IRQ c0=3
DMA IRQ c1=0
DMA IRQ c2=0
DMA IRQ c3=0
SELECT busy=6243
SELECT w0=6209
SELECT w1=3306
SELECT w2=3460
BUSY TASK ewma=997
DMA IRQ c0=3
DMA IRQ c1=0
DMA IRQ c2=0
DMA IRQ c3=0
SELECT busy=6272
SELECT w0=6239
SELECT w1=3316
SELECT w2=3475
BUSY TASK ewma=997
DMA IRQ c0=3
DMA IRQ c1=0
DMA IRQ c2=0
DMA IRQ c3=0
SELECT busy=6293
SELECT w0=6260
SELECT w1=3326
SELECT w2=3491
BUSY TASK ewma=997
DMA IRQ c0=3
DMA IRQ c1=0
DMA IRQ c2=0
DMA IRQ c3=0
SELECT busy=6312
SELECT w0=6278
SELECT w1=3333
SELECT w2=3500
BUSY TASK ewma=997
DMA IRQ c0=3
DMA IRQ c1=0
DMA IRQ c2=0
DMA IRQ c3=0
SELECT busy=6333
SELECT w0=6300
SELECT w1=3343
SELECT w2=3515
BUSY TASK ewma=997
DMA IRQ c0=3
DMA IRQ c1=0
DMA IRQ c2=0
DMA IRQ c3=0
SELECT busy=6351
SELECT w0=6319
SELECT w1=3353
SELECT w2=3527
BUSY TASK ewma=997
DMA IRQ c0=3
DMA IRQ c1=0
DMA IRQ c2=0
DMA IRQ c3=0
SELECT busy=6371
SELECT w0=6337
SELECT w1=3360
SELECT w2=3537
BUSY TASK ewma=997
DMA IRQ c0=3
DMA IRQ c1=0
DMA IRQ c2=0
DMA IRQ c3=0
SELECT busy=6385
SELECT w0=6351
SELECT w1=3366
SELECT w2=3545
BUSY TASK ewma=997
DMA IRQ c0=3
DMA IRQ c1=0
DMA IRQ c2=0
DMA IRQ c3=0
SELECT busy=6409
SELECT w0=6376
SELECT w1=3379
SELECT w2=3561
BUSY TASK ewma=997
DMA IRQ c0=3
DMA IRQ c1=0
DMA IRQ c2=0
DMA IRQ c3=0
SELECT busy=6428
SELECT w0=6395
SELECT w1=3389
SELECT w2=3572
BUSY TASK ewma=997
DMA IRQ c0=3
DMA IRQ c1=0
DMA IRQ c2=0
DMA IRQ c3=0
SELECT busy=6449
SELECT w0=6415
SELECT w1=3401
SELECT w2=3584
BUSY TASK ewma=997
DMA IRQ c0=3
DMA IRQ c1=0
DMA IRQ c2=0
DMA IRQ c3=0
SELECT busy=6466
SELECT w0=6432
SELECT w1=3409
SELECT w2=3593
BUSY TASK ewma=997
DMA IRQ c0=3
DMA IRQ c1=0
DMA IRQ c2=0
DMA IRQ c3=0
SELECT busy=6485
SELECT w0=6452
SELECT w1=3419
SELECT w2=3604
BUSY TASK ewma=997
DMA IRQ c0=3
DMA IRQ c1=0
DMA IRQ c2=0
DMA IRQ c3=0
SELECT busy=6521
SELECT w0=6487
SELECT w1=3433
SELECT w2=3623
BUSY TASK ewma=997
DMA IRQ c0=3
DMA IRQ c1=0
DMA IRQ c2=0
DMA IRQ c3=0
SELECT busy=6560
SELECT w0=6527
SELECT w1=3450
SELECT w2=3645
BUSY TASK ewma=997
DMA IRQ c0=3
DMA IRQ c1=0
DMA IRQ c2=0
DMA IRQ c3=0
SELECT busy=6603
SELECT w0=6570
SELECT w1=3466
SELECT w2=3667
BUSY TASK ewma=997
DMA IRQ c0=3
DMA IRQ c1=0
DMA IRQ c2=0
DMA IRQ c3=0
SELECT busy=6639
SELECT w0=6605
SELECT w1=3481
SELECT w2=3687
BUSY TASK ewma=997
DMA IRQ c0=3
DMA IRQ c1=0
DMA IRQ c2=0
DMA IRQ c3=0
SELECT busy=6679
SELECT w0=6647
SELECT w1=3503
SELECT w2=3710
BUSY TASK ewma=997
DMA IRQ c0=3
DMA IRQ c1=0
DMA IRQ c2=0
DMA IRQ c3=0
SELECT busy=6719
SELECT w0=6685
SELECT w1=3519
SELECT w2=3728
BUSY TASK ewma=997
DMA IRQ c0=3
DMA IRQ c1=0
DMA IRQ c2=0
DMA IRQ c3=0
SELECT busy=6732
SELECT w0=6699
SELECT w1=3526
SELECT w2=3739
BUSY TASK ewma=997
DMA IRQ c0=3
DMA IRQ c1=0
DMA IRQ c2=0
DMA IRQ c3=0
SELECT busy=6775
SELECT w0=6741
SELECT w1=3543
SELECT w2=3759
BUSY TASK ewma=997
DMA IRQ c0=3
DMA IRQ c1=0
DMA IRQ c2=0
DMA IRQ c3=0
SELECT busy=6808
SELECT w0=6774
SELECT w1=3556
SELECT w2=3774
BUSY TASK ewma=997
DMA IRQ c0=3
DMA IRQ c1=0
DMA IRQ c2=0
DMA IRQ c3=0
SELECT busy=6842
SELECT w0=6809
SELECT w1=3574
SELECT w2=3798
BUSY TASK ewma=997
DMA IRQ c0=3
DMA IRQ c1=0
DMA IRQ c2=0
DMA IRQ c3=0
SELECT busy=6884
SELECT w0=6850
SELECT w1=3594
SELECT w2=3824
BUSY TASK ewma=997
DMA IRQ c0=3
DMA IRQ c1=0
DMA IRQ c2=0
DMA IRQ c3=0
SELECT busy=6917
SELECT w0=6884
SELECT w1=3606
SELECT w2=3839
BUSY TASK ewma=997
DMA IRQ c0=3
DMA IRQ c1=0
DMA IRQ c2=0
DMA IRQ c3=0
SELECT busy=6941
SELECT w0=6909
SELECT w1=3621
SELECT w2=3860
BUSY TASK ewma=997
DMA IRQ c0=3
DMA IRQ c1=0
DMA IRQ c2=0
DMA IRQ c3=0
SELECT busy=6965
SELECT w0=6931
SELECT w1=3632
SELECT w2=3871
BUSY TASK ewma=997
DMA IRQ c0=3
DMA IRQ c1=0
DMA IRQ c2=0
DMA IRQ c3=0
SELECT busy=7000
SELECT w0=6966
SELECT w1=3647
SELECT w2=3889
BUSY TASK ewma=997
DMA IRQ c0=3
DMA IRQ c1=0
DMA IRQ c2=0
DMA IRQ c3=0
SELECT busy=7034
SELECT w0=7000
SELECT w1=3660
SELECT w2=3905
BUSY TASK ewma=997
DMA IRQ c0=3
DMA IRQ c1=0
DMA IRQ c2=0
DMA IRQ c3=0
SELECT busy=7063
SELECT w0=7030
SELECT w1=3672
SELECT w2=3919
BUSY TASK ewma=997
DMA IRQ c0=3
DMA IRQ c1=0
DMA IRQ c2=0
DMA IRQ c3=0
SELECT busy=7090
SELECT w0=7057
SELECT w1=3686
SELECT w2=3936
BUSY TASK ewma=997
DMA IRQ c0=3
DMA IRQ c1=0
DMA IRQ c2=0
DMA IRQ c3=0
SELECT busy=7109
SELECT w0=7076
SELECT w1=3696
SELECT w2=3951
BUSY TASK ewma=997
DMA IRQ c0=3
DMA IRQ c1=0
DMA IRQ c2=0
DMA IRQ c3=0
SELECT busy=7127
SELECT w0=7094
SELECT w1=3706
SELECT w2=3961
BUSY TASK ewma=997
DMA IRQ c0=3
DMA IRQ c1=0
DMA IRQ c2=0
DMA IRQ c3=0
SELECT busy=7164
SELECT w0=7131
SELECT w1=3724
SELECT w2=3982
BUSY TASK ewma=997
DMA IRQ c0=3
DMA IRQ c1=0
DMA IRQ c2=0
DMA IRQ c3=0
SELECT busy=7193
SELECT w0=7160
SELECT w1=3734
SELECT w2=3998
BUSY TASK ewma=997
DMA IRQ c0=3
DMA IRQ c1=0
DMA IRQ c2=0
DMA IRQ c3=0
SELECT busy=7226
SELECT w0=7192
SELECT w1=3747
SELECT w2=4015
BUSY TASK ewma=997
DMA IRQ c0=3
DMA IRQ c1=0
DMA IRQ c2=0
DMA IRQ c3=0
SELECT busy=7245
SELECT w0=7211
SELECT w1=3756
SELECT w2=4024
BUSY TASK ewma=997
DMA IRQ c0=3
DMA IRQ c1=0
DMA IRQ c2=0
DMA IRQ c3=0
SELECT busy=7277
SELECT w0=7244
SELECT w1=3769
SELECT w2=4040
BUSY TASK ewma=997
DMA IRQ c0=3
DMA IRQ c1=0
DMA IRQ c2=0
DMA IRQ c3=0
SELECT busy=7316
SELECT w0=7284
SELECT w1=3790
SELECT w2=4065
BUSY TASK ewma=997
IRQ counts: cpu0=14662 cpu1=16160 cpu2=16149 cpu3=16066
SCHED secondaries: calls=48382 unexpected=0
SECTEST switches=48373 cpu1=133375778,127480627 cpu2=108124205,109538737 cpu3=156056040,151796253
PINGPONG rounds=2000 pongs=2000
DMA IRQ c0=3
DMA IRQ c1=0
DMA IRQ c2=0
DMA IRQ c3=0
SELECT busy=7369
SELECT w0=7336
SELECT w1=3819
SELECT w2=4103
BUSY TASK ewma=997
DMA IRQ c0=3
DMA IRQ c1=0
DMA IRQ c2=0
DMA IRQ c3=0
SELECT busy=7404
SELECT w0=7371
SELECT w1=3832
SELECT w2=4118
BUSY TASK ewma=997
DMA IRQ c0=3
DMA IRQ c1=0
DMA IRQ c2=0
DMA IRQ c3=0
SELECT busy=7440
SELECT w0=7407
SELECT w1=3848
SELECT w2=4134
BUSY TASK ewma=997
DMA IRQ c0=3
DMA IRQ c1=0
DMA IRQ c2=0
DMA IRQ c3=0
SELECT busy=7473
SELECT w0=7440
SELECT w1=3860
SELECT w2=4150
BUSY TASK ewma=997
DMA IRQ c0=3
DMA IRQ c1=0
DMA IRQ c2=0
DMA IRQ c3=0
SELECT busy=7504
SELECT w0=7472
SELECT w1=3873
SELECT w2=4168
BUSY TASK ewma=997
DMA IRQ c0=3
DMA IRQ c1=0
DMA IRQ c2=0
DMA IRQ c3=0
SELECT busy=7549
SELECT w0=7515
SELECT w1=3891
SELECT w2=4191
BUSY TASK ewma=997
DMA IRQ c0=3
DMA IRQ c1=0
DMA IRQ c2=0
DMA IRQ c3=0
SELECT busy=7576
SELECT w0=7542
SELECT w1=3904
SELECT w2=4205
BUSY TASK ewma=997
DMA IRQ c0=3
DMA IRQ c1=0
DMA IRQ c2=0
DMA IRQ c3=0
SELECT busy=7620
SELECT w0=7587
SELECT w1=3921
SELECT w2=4228
BUSY TASK ewma=997
DMA IRQ c0=3
DMA IRQ c1=0
DMA IRQ c2=0
DMA IRQ c3=0
SELECT busy=7650
SELECT w0=7616
SELECT w1=3932
SELECT w2=4241
BUSY TASK ewma=997
DMA IRQ c0=3
DMA IRQ c1=0
DMA IRQ c2=0
DMA IRQ c3=0
SELECT busy=7680
SELECT w0=7646
SELECT w1=3943
SELECT w2=4255
BUSY TASK ewma=997
DMA IRQ c0=3
DMA IRQ c1=0
DMA IRQ c2=0
DMA IRQ c3=0
SELECT busy=7719
SELECT w0=7686
SELECT w1=3962
SELECT w2=4279
BUSY TASK ewma=997
DMA IRQ c0=3
DMA IRQ c1=0
DMA IRQ c2=0
DMA IRQ c3=0
SELECT busy=7750
SELECT w0=7717
SELECT w1=3975
SELECT w2=4297
BUSY TASK ewma=997
DMA IRQ c0=3
DMA IRQ c1=0
DMA IRQ c2=0
DMA IRQ c3=0
SELECT busy=7768
SELECT w0=7735
SELECT w1=3983
SELECT w2=4308
BUSY TASK ewma=997
DMA IRQ c0=3
DMA IRQ c1=0
DMA IRQ c2=0
DMA IRQ c3=0
SELECT busy=7785
SELECT w0=7751
SELECT w1=3991
SELECT w2=4320
BUSY TASK ewma=997
DMA IRQ c0=3
DMA IRQ c1=0
DMA IRQ c2=0
DMA IRQ c3=0
SELECT busy=7803
SELECT w0=7772
SELECT w1=4000
SELECT w2=4331
BUSY TASK ewma=997
DMA IRQ c0=3
DMA IRQ c1=0
DMA IRQ c2=0
DMA IRQ c3=0
SELECT busy=7836
SELECT w0=7802
SELECT w1=4010
SELECT w2=4346
BUSY TASK ewma=997
DMA IRQ c0=3
DMA IRQ c1=0
DMA IRQ c2=0
DMA IRQ c3=0
SELECT busy=7869
SELECT w0=7835
SELECT w1=4020
SELECT w2=4359
BUSY TASK ewma=997
DMA IRQ c0=3
DMA IRQ c1=0
DMA IRQ c2=0
DMA IRQ c3=0
SELECT busy=7900
SELECT w0=7866
SELECT w1=4033
SELECT w2=4377
BUSY TASK ewma=997
DMA IRQ c0=3
DMA IRQ c1=0
DMA IRQ c2=0
DMA IRQ c3=0
SELECT busy=7941
SELECT w0=7907
SELECT w1=4052
SELECT w2=4401
BUSY TASK ewma=997
DMA IRQ c0=3
DMA IRQ c1=0
DMA IRQ c2=0
DMA IRQ c3=0
SELECT busy=7971
SELECT w0=7937
SELECT w1=4064
SELECT w2=4414
BUSY TASK ewma=997
DMA IRQ c0=3
DMA IRQ c1=0
DMA IRQ c2=0
DMA IRQ c3=0
SELECT busy=8000
SELECT w0=7967
SELECT w1=4077
SELECT w2=4433
BUSY TASK ewma=997
DMA IRQ c0=3
DMA IRQ c1=0
DMA IRQ c2=0
DMA IRQ c3=0
SELECT busy=8018
SELECT w0=7985
SELECT w1=4086
SELECT w2=4446
BUSY TASK ewma=997
DMA IRQ c0=3
DMA IRQ c1=0
DMA IRQ c2=0
DMA IRQ c3=0
SELECT busy=8034
SELECT w0=8000
SELECT w1=4093
SELECT w2=4456
BUSY TASK ewma=997
DMA IRQ c0=3
DMA IRQ c1=0
DMA IRQ c2=0
DMA IRQ c3=0
SELECT busy=8057
SELECT w0=8023
SELECT w1=4103
SELECT w2=4469
BUSY TASK ewma=997
DMA IRQ c0=3
DMA IRQ c1=0
DMA IRQ c2=0
DMA IRQ c3=0
SELECT busy=8082
SELECT w0=8048
SELECT w1=4116
SELECT w2=4483
BUSY TASK ewma=997
DMA IRQ c0=3
DMA IRQ c1=0
DMA IRQ c2=0
DMA IRQ c3=0
SELECT busy=8122
SELECT w0=8088
SELECT w1=4136
SELECT w2=4507
BUSY TASK ewma=997
DMA IRQ c0=3
DMA IRQ c1=0
DMA IRQ c2=0
DMA IRQ c3=0
SELECT busy=8155
SELECT w0=8121
SELECT w1=4152
SELECT w2=4524
BUSY TASK ewma=997
DMA IRQ c0=3
DMA IRQ c1=0
DMA IRQ c2=0
DMA IRQ c3=0
SELECT busy=8181
SELECT w0=8147
SELECT w1=4160
SELECT w2=4535
BUSY TASK ewma=997
DMA IRQ c0=3
DMA IRQ c1=0
DMA IRQ c2=0
DMA IRQ c3=0
SELECT busy=8199
SELECT w0=8166
SELECT w1=4170
SELECT w2=4548
BUSY TASK ewma=997
DMA IRQ c0=3
DMA IRQ c1=0
DMA IRQ c2=0
DMA IRQ c3=0
SELECT busy=8223
SELECT w0=8190
SELECT w1=4179
SELECT w2=4561
BUSY TASK ewma=997
DMA IRQ c0=3
DMA IRQ c1=0
DMA IRQ c2=0
DMA IRQ c3=0
SELECT busy=8246
SELECT w0=8212
SELECT w1=4189
SELECT w2=4572
BUSY TASK ewma=997
DMA IRQ c0=3
DMA IRQ c1=0
DMA IRQ c2=0
DMA IRQ c3=0
SELECT busy=8263
SELECT w0=8229
SELECT w1=4196
SELECT w2=4580
BUSY TASK ewma=997
DMA IRQ c0=3
DMA IRQ c1=0
DMA IRQ c2=0
DMA IRQ c3=0
SELECT busy=8282
SELECT w0=8249
SELECT w1=4210
SELECT w2=4595
BUSY TASK ewma=997
DMA IRQ c0=3
DMA IRQ c1=0
DMA IRQ c2=0
DMA IRQ c3=0
SELECT busy=8314
SELECT w0=8281
SELECT w1=4221
SELECT w2=4608
BUSY TASK ewma=997
DMA IRQ c0=3
DMA IRQ c1=0
DMA IRQ c2=0
DMA IRQ c3=0
SELECT busy=8340
SELECT w0=8306
SELECT w1=4231
SELECT w2=4620
BUSY TASK ewma=997
DMA IRQ c0=3
DMA IRQ c1=0
DMA IRQ c2=0
DMA IRQ c3=0
SELECT busy=8363
SELECT w0=8329
SELECT w1=4243
SELECT w2=4634
BUSY TASK ewma=997
DMA IRQ c0=3
DMA IRQ c1=0
DMA IRQ c2=0
DMA IRQ c3=0
SELECT busy=8379
SELECT w0=8346
SELECT w1=4250
SELECT w2=4644
BUSY TASK ewma=997
DMA IRQ c0=3
DMA IRQ c1=0
DMA IRQ c2=0
DMA IRQ c3=0
SELECT busy=8394
SELECT w0=8360
SELECT w1=4257
SELECT w2=4654
BUSY TASK ewma=997
DMA IRQ c0=3
DMA IRQ c1=0
DMA IRQ c2=0
DMA IRQ c3=0
SELECT busy=8430
SELECT w0=8400
SELECT w1=4277
SELECT w2=4678
BUSY TASK ewma=997
DMA IRQ c0=3
DMA IRQ c1=0
DMA IRQ c2=0
DMA IRQ c3=0
SELECT busy=8479
SELECT w0=8446
SELECT w1=4298
SELECT w2=4701
BUSY TASK ewma=997
DMA IRQ c0=3
DMA IRQ c1=0
DMA IRQ c2=0
DMA IRQ c3=0
SELECT busy=8519
SELECT w0=8486
SELECT w1=4318
SELECT w2=4722
BUSY TASK ewma=997
DMA IRQ c0=3
DMA IRQ c1=0
DMA IRQ c2=0
DMA IRQ c3=0
SELECT busy=8554
SELECT w0=8521
SELECT w1=4333
SELECT w2=4741
BUSY TASK ewma=997
DMA IRQ c0=3
DMA IRQ c1=0
DMA IRQ c2=0
DMA IRQ c3=0
SELECT busy=8582
SELECT w0=8548
SELECT w1=4345
SELECT w2=4756
BUSY TASK ewma=997
DMA IRQ c0=3
DMA IRQ c1=0
DMA IRQ c2=0
DMA IRQ c3=0
SELECT busy=8599
SELECT w0=8566
SELECT w1=4354
SELECT w2=4770
BUSY TASK ewma=997
DMA IRQ c0=3
DMA IRQ c1=0
DMA IRQ c2=0
DMA IRQ c3=0
SELECT busy=8618
SELECT w0=8585
SELECT w1=4363
SELECT w2=4782
BUSY TASK ewma=997
DMA IRQ c0=3
DMA IRQ c1=0
DMA IRQ c2=0
DMA IRQ c3=0
SELECT busy=8637
SELECT w0=8604
SELECT w1=4371
SELECT w2=4792
BUSY TASK ewma=997
DMA IRQ c0=3
DMA IRQ c1=0
DMA IRQ c2=0
DMA IRQ c3=0
SELECT busy=8660
SELECT w0=8627
SELECT w1=4379
SELECT w2=4801
BUSY TASK ewma=997
DMA IRQ c0=3
DMA IRQ c1=0
DMA IRQ c2=0
DMA IRQ c3=0
SELECT busy=8684
SELECT w0=8653
SELECT w1=4389
SELECT w2=4810
BUSY TASK ewma=997
DMA IRQ c0=3
DMA IRQ c1=0
DMA IRQ c2=0
DMA IRQ c3=0
SELECT busy=8704
SELECT w0=8671
SELECT w1=4397
SELECT w2=4821
BUSY TASK ewma=997
DMA IRQ c0=3
DMA IRQ c1=0
DMA IRQ c2=0
DMA IRQ c3=0
SELECT busy=8721
SELECT w0=8687
SELECT w1=4403
SELECT w2=4832
BUSY TASK ewma=997
DMA IRQ c0=3
DMA IRQ c1=0
DMA IRQ c2=0
DMA IRQ c3=0
SELECT busy=8735
SELECT w0=8701
SELECT w1=4411
SELECT w2=4842
BUSY TASK ewma=997
DMA IRQ c0=3
DMA IRQ c1=0
DMA IRQ c2=0
DMA IRQ c3=0
SELECT busy=8751
SELECT w0=8718
SELECT w1=4417
SELECT w2=4847
BUSY TASK ewma=997
DMA IRQ c0=3
DMA IRQ c1=0
DMA IRQ c2=0
DMA IRQ c3=0
SELECT busy=8772
SELECT w0=8739
SELECT w1=4424
SELECT w2=4857
BUSY TASK ewma=997
DMA IRQ c0=3
DMA IRQ c1=0
DMA IRQ c2=0
DMA IRQ c3=0
SELECT busy=8793
SELECT w0=8760
SELECT w1=4433
SELECT w2=4869
BUSY TASK ewma=997
DMA IRQ c0=3
DMA IRQ c1=0
DMA IRQ c2=0
DMA IRQ c3=0
SELECT busy=8808
SELECT w0=8774
SELECT w1=4439
SELECT w2=4878
BUSY TASK ewma=997
DMA IRQ c0=3
DMA IRQ c1=0
DMA IRQ c2=0
DMA IRQ c3=0
SELECT busy=8840
SELECT w0=8807
SELECT w1=4454
SELECT w2=4896
BUSY TASK ewma=997
DMA IRQ c0=3
DMA IRQ c1=0
DMA IRQ c2=0
DMA IRQ c3=0
SELECT busy=8886
SELECT w0=8852
SELECT w1=4473
SELECT w2=4920
BUSY TASK ewma=997
DMA IRQ c0=3
DMA IRQ c1=0
DMA IRQ c2=0
DMA IRQ c3=0
SELECT busy=8919
SELECT w0=8886
SELECT w1=4489
SELECT w2=4940
BUSY TASK ewma=997
DMA IRQ c0=3
DMA IRQ c1=0
DMA IRQ c2=0
DMA IRQ c3=0
SELECT busy=8936
SELECT w0=8903
SELECT w1=4500
SELECT w2=4952
BUSY TASK ewma=997
DMA IRQ c0=3
DMA IRQ c1=0
DMA IRQ c2=0
DMA IRQ c3=0
SELECT busy=8957
SELECT w0=8925
SELECT w1=4511
SELECT w2=4966
BUSY TASK ewma=997
DMA IRQ c0=3
DMA IRQ c1=0
DMA IRQ c2=0
DMA IRQ c3=0
SELECT busy=8983
SELECT w0=8949
SELECT w1=4519
SELECT w2=4978
BUSY TASK ewma=997
DMA IRQ c0=3
DMA IRQ c1=0
DMA IRQ c2=0
DMA IRQ c3=0
SELECT busy=9004
SELECT w0=8971
SELECT w1=4532
SELECT w2=4997
BUSY TASK ewma=997
DMA IRQ c0=3
DMA IRQ c1=0
DMA IRQ c2=0
DMA IRQ c3=0
SELECT busy=9032
SELECT w0=8999
SELECT w1=4544
SELECT w2=5016
BUSY TASK ewma=997
DMA IRQ c0=3
DMA IRQ c1=0
DMA IRQ c2=0
DMA IRQ c3=0
SELECT busy=9053
SELECT w0=9022
SELECT w1=4556
SELECT w2=5032
BUSY TASK ewma=997
IRQ counts: cpu0=18146 cpu1=19998 cpu2=20015 cpu3=19847
SCHED secondaries: calls=59870 unexpected=0
SECTEST switches=59845 cpu1=161986593,155454872 cpu2=142540187,138261806 cpu3=194700032,189847520
PINGPONG rounds=2000 pongs=2000
DMA IRQ c0=3
DMA IRQ c1=0
DMA IRQ c2=0
DMA IRQ c3=0
SELECT busy=9107
SELECT w0=9074
SELECT w1=4582
SELECT w2=5064
BUSY TASK ewma=997
DMA IRQ c0=3
DMA IRQ c1=0
DMA IRQ c2=0
DMA IRQ c3=0
SELECT busy=9123
SELECT w0=9089
SELECT w1=4590
SELECT w2=5072
BUSY TASK ewma=997
DMA IRQ c0=3
DMA IRQ c1=0
DMA IRQ c2=0
DMA IRQ c3=0
SELECT busy=9146
SELECT w0=9112
SELECT w1=4600
SELECT w2=5087
BUSY TASK ewma=997
DMA IRQ c0=3
DMA IRQ c1=0
DMA IRQ c2=0
DMA IRQ c3=0
SELECT busy=9177
SELECT w0=9144
SELECT w1=4614
SELECT w2=5104
BUSY TASK ewma=997
DMA IRQ c0=3
DMA IRQ c1=0
DMA IRQ c2=0
DMA IRQ c3=0
SELECT busy=9212
SELECT w0=9179
SELECT w1=4630
SELECT w2=5124
BUSY TASK ewma=997
DMA IRQ c0=3
DMA IRQ c1=0
DMA IRQ c2=0
DMA IRQ c3=0
SELECT busy=9244
SELECT w0=9210
SELECT w1=4647
SELECT w2=5139
BUSY TASK ewma=997
DMA IRQ c0=3
DMA IRQ c1=0
DMA IRQ c2=0
DMA IRQ c3=0
SELECT busy=9275
SELECT w0=9241
SELECT w1=4661
SELECT w2=5156
BUSY TASK ewma=997
DMA IRQ c0=3
DMA IRQ c1=0
DMA IRQ c2=0
DMA IRQ c3=0
SELECT busy=9304
SELECT w0=9271
SELECT w1=4676
SELECT w2=5174
BUSY TASK ewma=997
DMA IRQ c0=3
DMA IRQ c1=0
DMA IRQ c2=0
DMA IRQ c3=0
SELECT busy=9339
SELECT w0=9306
SELECT w1=4696
SELECT w2=5195
BUSY TASK ewma=997
DMA IRQ c0=3
DMA IRQ c1=0
DMA IRQ c2=0
DMA IRQ c3=0
SELECT busy=9358
SELECT w0=9326
SELECT w1=4706
SELECT w2=5208
BUSY TASK ewma=997
DMA IRQ c0=3
DMA IRQ c1=0
DMA IRQ c2=0
DMA IRQ c3=0
SELECT busy=9373
SELECT w0=9340
SELECT w1=4712
SELECT w2=5217
BUSY TASK ewma=997
DMA IRQ c0=3
DMA IRQ c1=0
DMA IRQ c2=0
DMA IRQ c3=0
SELECT busy=9390
SELECT w0=9357
SELECT w1=4720
SELECT w2=5227
BUSY TASK ewma=997
DMA IRQ c0=3
DMA IRQ c1=0
DMA IRQ c2=0
DMA IRQ c3=0
SELECT busy=9406
SELECT w0=9373
SELECT w1=4727
SELECT w2=5234
BUSY TASK ewma=997
DMA IRQ c0=3
DMA IRQ c1=0
DMA IRQ c2=0
DMA IRQ c3=0
SELECT busy=9422
SELECT w0=9389
SELECT w1=4738
SELECT w2=5245
BUSY TASK ewma=997
DMA IRQ c0=3
DMA IRQ c1=0
DMA IRQ c2=0
DMA IRQ c3=0
SELECT busy=9440
SELECT w0=9408
SELECT w1=4747
SELECT w2=5257
BUSY TASK ewma=997
DMA IRQ c0=3
DMA IRQ c1=0
DMA IRQ c2=0
DMA IRQ c3=0
SELECT busy=9460
SELECT w0=9427
SELECT w1=4759
SELECT w2=5270
BUSY TASK ewma=997
DMA IRQ c0=3
DMA IRQ c1=0
DMA IRQ c2=0
DMA IRQ c3=0
SELECT busy=9474
SELECT w0=9441
SELECT w1=4768
SELECT w2=5280
BUSY TASK ewma=997
DMA IRQ c0=3
DMA IRQ c1=0
DMA IRQ c2=0
DMA IRQ c3=0
SELECT busy=9490
SELECT w0=9457
SELECT w1=4773
SELECT w2=5287
BUSY TASK ewma=997
DMA IRQ c0=3
DMA IRQ c1=0
DMA IRQ c2=0
DMA IRQ c3=0
SELECT busy=9510
SELECT w0=9476
SELECT w1=4781
SELECT w2=5295
BUSY TASK ewma=997
DMA IRQ c0=3
DMA IRQ c1=0
DMA IRQ c2=0
DMA IRQ c3=0
SELECT busy=9524
SELECT w0=9490
SELECT w1=4788
SELECT w2=5303
BUSY TASK ewma=997
DMA IRQ c0=3
DMA IRQ c1=0
DMA IRQ c2=0
DMA IRQ c3=0
SELECT busy=9544
SELECT w0=9511
SELECT w1=4798
SELECT w2=5315
BUSY TASK ewma=997
DMA IRQ c0=3
DMA IRQ c1=0
DMA IRQ c2=0
DMA IRQ c3=0
SELECT busy=9564
SELECT w0=9530
SELECT w1=4807
SELECT w2=5325
BUSY TASK ewma=997
DMA IRQ c0=3
DMA IRQ c1=0
DMA IRQ c2=0
DMA IRQ c3=0
SELECT busy=9584
SELECT w0=9551
SELECT w1=4817
SELECT w2=5339
BUSY TASK ewma=997
DMA IRQ c0=3
DMA IRQ c1=0
DMA IRQ c2=0
DMA IRQ c3=0
SELECT busy=9602
SELECT w0=9571
SELECT w1=4827
SELECT w2=5354
BUSY TASK ewma=997
DMA IRQ c0=3
DMA IRQ c1=0
DMA IRQ c2=0
DMA IRQ c3=0
SELECT busy=9625
SELECT w0=9591
SELECT w1=4834
SELECT w2=5363
BUSY TASK ewma=997
DMA IRQ c0=3
DMA IRQ c1=0
DMA IRQ c2=0
DMA IRQ c3=0
SELECT busy=9649
SELECT w0=9615
SELECT w1=4844
SELECT w2=5374
BUSY TASK ewma=997
DMA IRQ c0=3
DMA IRQ c1=0
DMA IRQ c2=0
DMA IRQ c3=0
SELECT busy=9662
SELECT w0=9631
SELECT w1=4851
SELECT w2=5383
BUSY TASK ewma=997
DMA IRQ c0=3
DMA IRQ c1=0
DMA IRQ c2=0
DMA IRQ c3=0
SELECT busy=9686
SELECT w0=9652
SELECT w1=4859
SELECT w2=5394
BUSY TASK ewma=997
DMA IRQ c0=3
DMA IRQ c1=0
DMA IRQ c2=0
DMA IRQ c3=0
SELECT busy=9707
SELECT w0=9674
SELECT w1=4868
SELECT w2=5407
BUSY TASK ewma=997
DMA IRQ c0=3
DMA IRQ c1=0
DMA IRQ c2=0
DMA IRQ c3=0
SELECT busy=9728
SELECT w0=9695
SELECT w1=4880
SELECT w2=5418
BUSY TASK ewma=997
DMA IRQ c0=3
DMA IRQ c1=0
DMA IRQ c2=0
DMA IRQ c3=0
SELECT busy=9748
SELECT w0=9715
SELECT w1=4889
SELECT w2=5431
BUSY TASK ewma=997
DMA IRQ c0=3
DMA IRQ c1=0
DMA IRQ c2=0
DMA IRQ c3=0
SELECT busy=9766
SELECT w0=9733
SELECT w1=4897
SELECT w2=5441
BUSY TASK ewma=997
DMA IRQ c0=3
DMA IRQ c1=0
DMA IRQ c2=0
DMA IRQ c3=0
SELECT busy=9782
SELECT w0=9748
SELECT w1=4904
SELECT w2=5449
BUSY TASK ewma=997
DMA IRQ c0=3
DMA IRQ c1=0
DMA IRQ c2=0
DMA IRQ c3=0
SELECT busy=9797
SELECT w0=9764
SELECT w1=4913
SELECT w2=5459
BUSY TASK ewma=997
DMA IRQ c0=3
DMA IRQ c1=0
DMA IRQ c2=0
DMA IRQ c3=0
SELECT busy=9823
SELECT w0=9790
SELECT w1=4926
SELECT w2=5474
BUSY TASK ewma=997
DMA IRQ c0=3
DMA IRQ c1=0
DMA IRQ c2=0
DMA IRQ c3=0
SELECT busy=9849
SELECT w0=9817
SELECT w1=4939
SELECT w2=5491
BUSY TASK ewma=997
DMA IRQ c0=3
DMA IRQ c1=0
DMA IRQ c2=0
DMA IRQ c3=0
SELECT busy=9874
SELECT w0=9841
SELECT w1=4949
SELECT w2=5502
BUSY TASK ewma=997
DMA IRQ c0=3
DMA IRQ c1=0
DMA IRQ c2=0
DMA IRQ c3=0
SELECT busy=9891
SELECT w0=9857
SELECT w1=4955
SELECT w2=5512
BUSY TASK ewma=997
DMA IRQ c0=3
DMA IRQ c1=0
DMA IRQ c2=0
DMA IRQ c3=0
SELECT busy=9907
SELECT w0=9874
SELECT w1=4962
SELECT w2=5524
BUSY TASK ewma=997
DMA IRQ c0=3
DMA IRQ c1=0
DMA IRQ c2=0
DMA IRQ c3=0
SELECT busy=9920
SELECT w0=9887
SELECT w1=4969
SELECT w2=5532
BUSY TASK ewma=997
DMA IRQ c0=3
DMA IRQ c1=0
DMA IRQ c2=0
DMA IRQ c3=0
SELECT busy=9934
SELECT w0=9900
SELECT w1=4977
SELECT w2=5541
BUSY TASK ewma=997
DMA IRQ c0=3
DMA IRQ c1=0
DMA IRQ c2=0
DMA IRQ c3=0
SELECT busy=9956
SELECT w0=9923
SELECT w1=4987
SELECT w2=5551
BUSY TASK ewma=997
DMA IRQ c0=3
DMA IRQ c1=0
DMA IRQ c2=0
DMA IRQ c3=0
SELECT busy=9978
SELECT w0=9945
SELECT w1=5000
SELECT w2=5566
BUSY TASK ewma=997
DMA IRQ c0=3
DMA IRQ c1=0
DMA IRQ c2=0
DMA IRQ c3=0
SELECT busy=9994
SELECT w0=9961
SELECT w1=5007
SELECT w2=5574
BUSY TASK ewma=997
DMA IRQ c0=3
DMA IRQ c1=0
DMA IRQ c2=0
DMA IRQ c3=0
SELECT busy=10016
SELECT w0=9982
SELECT w1=5013
SELECT w2=5582
BUSY TASK ewma=997
DMA IRQ c0=3
DMA IRQ c1=0
DMA IRQ c2=0
DMA IRQ c3=0
SELECT busy=10034
SELECT w0=10000
SELECT w1=5020
SELECT w2=5590
BUSY TASK ewma=997
DMA IRQ c0=3
DMA IRQ c1=0
DMA IRQ c2=0
DMA IRQ c3=0
SELECT busy=10053
SELECT w0=10020
SELECT w1=5030
SELECT w2=5602
BUSY TASK ewma=997
DMA IRQ c0=3
DMA IRQ c1=0
DMA IRQ c2=0
DMA IRQ c3=0
SELECT busy=10070
SELECT w0=10037
SELECT w1=5037
SELECT w2=5610
BUSY TASK ewma=997
DMA IRQ c0=3
DMA IRQ c1=0
DMA IRQ c2=0
DMA IRQ c3=0
SELECT busy=10084
SELECT w0=10050
SELECT w1=5043
SELECT w2=5617
BUSY TASK ewma=997
DMA IRQ c0=3
DMA IRQ c1=0
DMA IRQ c2=0
DMA IRQ c3=0
SELECT busy=10103
SELECT w0=10069
SELECT w1=5050
SELECT w2=5627
BUSY TASK ewma=997
DMA IRQ c0=3
DMA IRQ c1=0
DMA IRQ c2=0
DMA IRQ c3=0
SELECT busy=10125
SELECT w0=10091
SELECT w1=5062
SELECT w2=5638
BUSY TASK ewma=997
DMA IRQ c0=3
DMA IRQ c1=0
DMA IRQ c2=0
DMA IRQ c3=0
SELECT busy=10145
SELECT w0=10111
SELECT w1=5070
SELECT w2=5647
BUSY TASK ewma=997
DMA IRQ c0=3
DMA IRQ c1=0
DMA IRQ c2=0
DMA IRQ c3=0
SELECT busy=10166
SELECT w0=10132
SELECT w1=5078
SELECT w2=5658
BUSY TASK ewma=997
DMA IRQ c0=3
DMA IRQ c1=0
DMA IRQ c2=0
DMA IRQ c3=0
SELECT busy=10185
SELECT w0=10152
SELECT w1=5086
SELECT w2=5666
BUSY TASK ewma=997
DMA IRQ c0=3
DMA IRQ c1=0
DMA IRQ c2=0
DMA IRQ c3=0
SELECT busy=10203
SELECT w0=10170
SELECT w1=5094
SELECT w2=5678
BUSY TASK ewma=997
DMA IRQ c0=3
DMA IRQ c1=0
DMA IRQ c2=0
DMA IRQ c3=0
SELECT busy=10221
SELECT w0=10188
SELECT w1=5104
SELECT w2=5687
BUSY TASK ewma=997
DMA IRQ c0=3
DMA IRQ c1=0
DMA IRQ c2=0
DMA IRQ c3=0
SELECT busy=10236
SELECT w0=10203
SELECT w1=5110
SELECT w2=5696
BUSY TASK ewma=997
DMA IRQ c0=3
DMA IRQ c1=0
DMA IRQ c2=0
DMA IRQ c3=0
SELECT busy=10253
SELECT w0=10221
SELECT w1=5117
SELECT w2=5705
BUSY TASK ewma=997
DMA IRQ c0=3
DMA IRQ c1=0
DMA IRQ c2=0
DMA IRQ c3=0
SELECT busy=10274
SELECT w0=10241
SELECT w1=5124
SELECT w2=5715
BUSY TASK ewma=997
DMA IRQ c0=3
DMA IRQ c1=0
DMA IRQ c2=0
DMA IRQ c3=0
SELECT busy=10298
SELECT w0=10265
SELECT w1=5140
SELECT w2=5736
BUSY TASK ewma=997
DMA IRQ c0=3
DMA IRQ c1=0
DMA IRQ c2=0
DMA IRQ c3=0
SELECT busy=10320
SELECT w0=10286
SELECT w1=5148
SELECT w2=5745
BUSY TASK ewma=997
DMA IRQ c0=3
DMA IRQ c1=0
DMA IRQ c2=0
DMA IRQ c3=0
SELECT busy=10340
SELECT w0=10306
SELECT w1=5155
SELECT w2=5755
BUSY TASK ewma=997
DMA IRQ c0=3
DMA IRQ c1=0
DMA IRQ c2=0
DMA IRQ c3=0
SELECT busy=10357
SELECT w0=10324
SELECT w1=5164
SELECT w2=5767
BUSY TASK ewma=997
DMA IRQ c0=3
DMA IRQ c1=0
DMA IRQ c2=0
DMA IRQ c3=0
SELECT busy=10377
SELECT w0=10344
SELECT w1=5171
SELECT w2=5777
BUSY TASK ewma=997
IRQ counts: cpu0=20750 cpu1=23019 cpu2=22957 cpu3=22917
SCHED secondaries: calls=68914 unexpected=0
SECTEST switches=68891 cpu1=192807485,184772043 cpu2=169460308,165805242 cpu3=234332827,228592853
PINGPONG rounds=2000 pongs=2000
DMA IRQ c0=3
DMA IRQ c1=0
DMA IRQ c2=0
DMA IRQ c3=0
SELECT busy=10410
SELECT w0=10377
SELECT w1=5188
SELECT w2=5801
BUSY TASK ewma=997
DMA IRQ c0=3
DMA IRQ c1=0
DMA IRQ c2=0
DMA IRQ c3=0
SELECT busy=10428
SELECT w0=10395
SELECT w1=5196
SELECT w2=5812
BUSY TASK ewma=997
DMA IRQ c0=3
DMA IRQ c1=0
DMA IRQ c2=0
DMA IRQ c3=0
SELECT busy=10444
SELECT w0=10411
SELECT w1=5203
SELECT w2=5821
BUSY TASK ewma=997
DMA IRQ c0=3
DMA IRQ c1=0
DMA IRQ c2=0
DMA IRQ c3=0
SELECT busy=10465
SELECT w0=10432
SELECT w1=5215
SELECT w2=5837
BUSY TASK ewma=997
DMA IRQ c0=3
DMA IRQ c1=0
DMA IRQ c2=0
DMA IRQ c3=0
SELECT busy=10484
SELECT w0=10450
SELECT w1=5222
SELECT w2=5847
BUSY TASK ewma=997
DMA IRQ c0=3
DMA IRQ c1=0
DMA IRQ c2=0
DMA IRQ c3=0
SELECT busy=10504
SELECT w0=10470
SELECT w1=5228
SELECT w2=5855
BUSY TASK ewma=997
DMA IRQ c0=3
DMA IRQ c1=0
DMA IRQ c2=0
DMA IRQ c3=0
SELECT busy=10517
SELECT w0=10484
SELECT w1=5234
SELECT w2=5862
BUSY TASK ewma=997
DMA IRQ c0=3
DMA IRQ c1=0
DMA IRQ c2=0
DMA IRQ c3=0
SELECT busy=10535
SELECT w0=10501
SELECT w1=5242
SELECT w2=5871
BUSY TASK ewma=997
DMA IRQ c0=3
DMA IRQ c1=0
DMA IRQ c2=0
DMA IRQ c3=0
SELECT busy=10556
SELECT w0=10522
SELECT w1=5255
SELECT w2=5883
BUSY TASK ewma=997
DMA IRQ c0=3
DMA IRQ c1=0
DMA IRQ c2=0
DMA IRQ c3=0
SELECT busy=10570
SELECT w0=10537
SELECT w1=5262
SELECT w2=5894
BUSY TASK ewma=997
DMA IRQ c0=3
DMA IRQ c1=0
DMA IRQ c2=0
DMA IRQ c3=0
SELECT busy=10590
SELECT w0=10556
SELECT w1=5272
SELECT w2=5906
BUSY TASK ewma=997
DMA IRQ c0=3
DMA IRQ c1=0
DMA IRQ c2=0
DMA IRQ c3=0
SELECT busy=10610
SELECT w0=10576
SELECT w1=5277
SELECT w2=5913
BUSY TASK ewma=997
DMA IRQ c0=3
DMA IRQ c1=0
DMA IRQ c2=0
DMA IRQ c3=0
SELECT busy=10629
SELECT w0=10596
SELECT w1=5282
SELECT w2=5920
BUSY TASK ewma=997
DMA IRQ c0=3
DMA IRQ c1=0
DMA IRQ c2=0
DMA IRQ c3=0
SELECT busy=10647
SELECT w0=10614
SELECT w1=5294
SELECT w2=5932
BUSY TASK ewma=997
DMA IRQ c0=3
DMA IRQ c1=0
DMA IRQ c2=0
DMA IRQ c3=0
SELECT busy=10669
SELECT w0=10636
SELECT w1=5302
SELECT w2=5942
BUSY TASK ewma=997
DMA IRQ c0=3
DMA IRQ c1=0
DMA IRQ c2=0
DMA IRQ c3=0
SELECT busy=10692
SELECT w0=10661
SELECT w1=5315
SELECT w2=5959
BUSY TASK ewma=997
DMA IRQ c0=3
DMA IRQ c1=0
DMA IRQ c2=0
DMA IRQ c3=0
SELECT busy=10713
SELECT w0=10679
SELECT w1=5324
SELECT w2=5971
BUSY TASK ewma=997
DMA IRQ c0=3
DMA IRQ c1=0
DMA IRQ c2=0
DMA IRQ c3=0
SELECT busy=10736
SELECT w0=10702
SELECT w1=5334
SELECT w2=5985
BUSY TASK ewma=997
DMA IRQ c0=3
DMA IRQ c1=0
DMA IRQ c2=0
DMA IRQ c3=0
SELECT busy=10761
SELECT w0=10728
SELECT w1=5349
SELECT w2=6002
BUSY TASK ewma=997
DMA IRQ c0=3
DMA IRQ c1=0
DMA IRQ c2=0
DMA IRQ c3=0
SELECT busy=10777
SELECT w0=10744
SELECT w1=5357
SELECT w2=6011
BUSY TASK ewma=997
DMA IRQ c0=3
DMA IRQ c1=0
DMA IRQ c2=0
DMA IRQ c3=0
SELECT busy=10796
SELECT w0=10762
SELECT w1=5363
SELECT w2=6018
BUSY TASK ewma=997
DMA IRQ c0=3
DMA IRQ c1=0
DMA IRQ c2=0
DMA IRQ c3=0
SELECT busy=10815
SELECT w0=10782
SELECT w1=5371
SELECT w2=6029
BUSY TASK ewma=997
DMA IRQ c0=3
DMA IRQ c1=0
DMA IRQ c2=0
DMA IRQ c3=0
SELECT busy=10832
SELECT w0=10798
SELECT w1=5380
SELECT w2=6036
BUSY TASK ewma=997
DMA IRQ c0=3
DMA IRQ c1=0
DMA IRQ c2=0
DMA IRQ c3=0
SELECT busy=10845
SELECT w0=10812
SELECT w1=5384
SELECT w2=6041
BUSY TASK ewma=997
DMA IRQ c0=3
DMA IRQ c1=0
DMA IRQ c2=0
DMA IRQ c3=0
SELECT busy=10862
SELECT w0=10829
SELECT w1=5390
SELECT w2=6049
BUSY TASK ewma=997
DMA IRQ c0=3
DMA IRQ c1=0
DMA IRQ c2=0
DMA IRQ c3=0
SELECT busy=10884
SELECT w0=10850
SELECT w1=5399
SELECT w2=6059
BUSY TASK ewma=997
DMA IRQ c0=3
DMA IRQ c1=0
DMA IRQ c2=0
DMA IRQ c3=0
SELECT busy=10899
SELECT w0=10865
SELECT w1=5406
SELECT w2=6069
BUSY TASK ewma=997
DMA IRQ c0=3
DMA IRQ c1=0
DMA IRQ c2=0
DMA IRQ c3=0
SELECT busy=10915
SELECT w0=10882
SELECT w1=5413
SELECT w2=6075
BUSY TASK ewma=997
DMA IRQ c0=3
DMA IRQ c1=0
DMA IRQ c2=0
DMA IRQ c3=0
SELECT busy=10929
SELECT w0=10896
SELECT w1=5418
SELECT w2=6083
BUSY TASK ewma=997
DMA IRQ c0=3
DMA IRQ c1=0
DMA IRQ c2=0
DMA IRQ c3=0
SELECT busy=10948
SELECT w0=10914
SELECT w1=5426
SELECT w2=6094
BUSY TASK ewma=997
DMA IRQ c0=3
DMA IRQ c1=0
DMA IRQ c2=0
DMA IRQ c3=0
SELECT busy=10962
SELECT w0=10928
SELECT w1=5431
SELECT w2=6103
BUSY TASK ewma=997
DMA IRQ c0=3
DMA IRQ c1=0
DMA IRQ c2=0
DMA IRQ c3=0
SELECT busy=10977
SELECT w0=10945
SELECT w1=5439
SELECT w2=6116
BUSY TASK ewma=997
DMA IRQ c0=3
DMA IRQ c1=0
DMA IRQ c2=0
DMA IRQ c3=0
SELECT busy=10998
SELECT w0=10965
SELECT w1=5451
SELECT w2=6130
BUSY TASK ewma=997
DMA IRQ c0=3
DMA IRQ c1=0
DMA IRQ c2=0
DMA IRQ c3=0
SELECT busy=11020
SELECT w0=10986
SELECT w1=5461
SELECT w2=6140
BUSY TASK ewma=997
DMA IRQ c0=3
DMA IRQ c1=0
DMA IRQ c2=0
DMA IRQ c3=0
SELECT busy=11035
SELECT w0=11001
SELECT w1=5468
SELECT w2=6148
BUSY TASK ewma=997
DMA IRQ c0=3
DMA IRQ c1=0
DMA IRQ c2=0
DMA IRQ c3=0
SELECT busy=11054
SELECT w0=11021
SELECT w1=5477
SELECT w2=6162
BUSY TASK ewma=997
DMA IRQ c0=3
DMA IRQ c1=0
DMA IRQ c2=0
DMA IRQ c3=0
SELECT busy=11070
SELECT w0=11036
SELECT w1=5484
SELECT w2=6174
BUSY TASK ewma=997
DMA IRQ c0=3
DMA IRQ c1=0
DMA IRQ c2=0
DMA IRQ c3=0
SELECT busy=11091
SELECT w0=11058
SELECT w1=5501
SELECT w2=6195
BUSY TASK ewma=997
DMA IRQ c0=3
DMA IRQ c1=0
DMA IRQ c2=0
DMA IRQ c3=0
SELECT busy=11114
SELECT w0=11080
SELECT w1=5515
SELECT w2=6208
BUSY TASK ewma=997
DMA IRQ c0=3
DMA IRQ c1=0
DMA IRQ c2=0
DMA IRQ c3=0
SELECT busy=11134
SELECT w0=11101
SELECT w1=5526
SELECT w2=6220
BUSY TASK ewma=997
DMA IRQ c0=3
DMA IRQ c1=0
DMA IRQ c2=0
DMA IRQ c3=0
SELECT busy=11153
SELECT w0=11120
SELECT w1=5539
SELECT w2=6234
BUSY TASK ewma=997
DMA IRQ c0=3
DMA IRQ c1=0
DMA IRQ c2=0
DMA IRQ c3=0
SELECT busy=11168
SELECT w0=11135
SELECT w1=5545
SELECT w2=6241
BUSY TASK ewma=997
DMA IRQ c0=3
DMA IRQ c1=0
DMA IRQ c2=0
DMA IRQ c3=0
SELECT busy=11187
SELECT w0=11153
SELECT w1=5554
SELECT w2=6254
BUSY TASK ewma=997
DMA IRQ c0=3
DMA IRQ c1=0
DMA IRQ c2=0
DMA IRQ c3=0
SELECT busy=11207
SELECT w0=11173
SELECT w1=5560
SELECT w2=6263
BUSY TASK ewma=997
DMA IRQ c0=3
DMA IRQ c1=0
DMA IRQ c2=0
DMA IRQ c3=0
SELECT busy=11233
SELECT w0=11200
SELECT w1=5574
SELECT w2=6281
BUSY TASK ewma=997
DMA IRQ c0=3
DMA IRQ c1=0
DMA IRQ c2=0
DMA IRQ c3=0
SELECT busy=11255
SELECT w0=11221
SELECT w1=5583
SELECT w2=6290
BUSY TASK ewma=997
DMA IRQ c0=3
DMA IRQ c1=0
DMA IRQ c2=0
DMA IRQ c3=0
SELECT busy=11277
SELECT w0=11244
SELECT w1=5591
SELECT w2=6300
BUSY TASK ewma=997
DMA IRQ c0=3
DMA IRQ c1=0
DMA IRQ c2=0
DMA IRQ c3=0
SELECT busy=11294
SELECT w0=11261
SELECT w1=5600
SELECT w2=6309
BUSY TASK ewma=997
DMA IRQ c0=3
DMA IRQ c1=0
DMA IRQ c2=0
DMA IRQ c3=0
SELECT busy=11313
SELECT w0=11280
SELECT w1=5608
SELECT w2=6322
BUSY TASK ewma=997
DMA IRQ c0=3
DMA IRQ c1=0
DMA IRQ c2=0
DMA IRQ c3=0
SELECT busy=11333
SELECT w0=11300
SELECT w1=5615
SELECT w2=6332
BUSY TASK ewma=997
DMA IRQ c0=3
DMA IRQ c1=0
DMA IRQ c2=0
DMA IRQ c3=0
SELECT busy=11352
SELECT w0=11319
SELECT w1=5624
SELECT w2=6347
BUSY TASK ewma=997
DMA IRQ c0=3
DMA IRQ c1=0
DMA IRQ c2=0
DMA IRQ c3=0
SELECT busy=11371
SELECT w0=11338
SELECT w1=5633
SELECT w2=6358
BUSY TASK ewma=997
DMA IRQ c0=3
DMA IRQ c1=0
DMA IRQ c2=0
DMA IRQ c3=0
SELECT busy=11391
SELECT w0=11358
SELECT w1=5640
SELECT w2=6367
BUSY TASK ewma=997
DMA IRQ c0=3
DMA IRQ c1=0
DMA IRQ c2=0
DMA IRQ c3=0
SELECT busy=11410
SELECT w0=11377
SELECT w1=5647
SELECT w2=6376
BUSY TASK ewma=997
DMA IRQ c0=3
DMA IRQ c1=0
DMA IRQ c2=0
DMA IRQ c3=0
SELECT busy=11424
SELECT w0=11392
SELECT w1=5656
SELECT w2=6384
BUSY TASK ewma=997
DMA IRQ c0=3
DMA IRQ c1=0
DMA IRQ c2=0
DMA IRQ c3=0
SELECT busy=11445
SELECT w0=11413
SELECT w1=5666
SELECT w2=6397
BUSY TASK ewma=997
DMA IRQ c0=3
DMA IRQ c1=0
DMA IRQ c2=0
DMA IRQ c3=0
SELECT busy=11466
SELECT w0=11432
SELECT w1=5675
SELECT w2=6410
BUSY TASK ewma=997
DMA IRQ c0=3
DMA IRQ c1=0
DMA IRQ c2=0
DMA IRQ c3=0
SELECT busy=11485
SELECT w0=11452
SELECT w1=5684
SELECT w2=6421
BUSY TASK ewma=997
DMA IRQ c0=3
DMA IRQ c1=0
DMA IRQ c2=0
DMA IRQ c3=0
SELECT busy=11505
SELECT w0=11471
SELECT w1=5694
SELECT w2=6431
BUSY TASK ewma=997
DMA IRQ c0=3
DMA IRQ c1=0
DMA IRQ c2=0
DMA IRQ c3=0
SELECT busy=11523
SELECT w0=11489
SELECT w1=5703
SELECT w2=6439
BUSY TASK ewma=997
DMA IRQ c0=3
DMA IRQ c1=0
DMA IRQ c2=0
DMA IRQ c3=0
SELECT busy=11541
SELECT w0=11508
SELECT w1=5711
SELECT w2=6449
BUSY TASK ewma=997
DMA IRQ c0=3
DMA IRQ c1=0
DMA IRQ c2=0
DMA IRQ c3=0
SELECT busy=11561
SELECT w0=11528
SELECT w1=5720
SELECT w2=6461
BUSY TASK ewma=997
DMA IRQ c0=3
DMA IRQ c1=0
DMA IRQ c2=0
DMA IRQ c3=0
SELECT busy=11583
SELECT w0=11549
SELECT w1=5732
SELECT w2=6474
BUSY TASK ewma=997
DMA IRQ c0=3
DMA IRQ c1=0
DMA IRQ c2=0
DMA IRQ c3=0
SELECT busy=11609
SELECT w0=11576
SELECT w1=5743
SELECT w2=6488
BUSY TASK ewma=997
IRQ counts: cpu0=23220 cpu1=25884 cpu2=25792 cpu3=25709
SCHED secondaries: calls=77390 unexpected=0
SECTEST switches=77353 cpu1=225037477,217564605 cpu2=198998777,194349283 cpu3=275829145,268837970
PINGPONG rounds=2000 pongs=2000
DMA IRQ c0=3
DMA IRQ c1=0
DMA IRQ c2=0
DMA IRQ c3=0
SELECT busy=11633
SELECT w0=11600
SELECT w1=5753
SELECT w2=6500
BUSY TASK ewma=997
DMA IRQ c0=3
DMA IRQ c1=0
DMA IRQ c2=0
DMA IRQ c3=0
SELECT busy=11655
SELECT w0=11622
SELECT w1=5767
SELECT w2=6513
BUSY TASK ewma=997
DMA IRQ c0=3
DMA IRQ c1=0
DMA IRQ c2=0
DMA IRQ c3=0
SELECT busy=11671
SELECT w0=11637
SELECT w1=5775
SELECT w2=6523
BUSY TASK ewma=997
DMA IRQ c0=3
DMA IRQ c1=0
DMA IRQ c2=0
DMA IRQ c3=0
SELECT busy=11691
SELECT w0=11657
SELECT w1=5788
SELECT w2=6536
BUSY TASK ewma=997
DMA IRQ c0=3
DMA IRQ c1=0
DMA IRQ c2=0
DMA IRQ c3=0
SELECT busy=11710
SELECT w0=11678
SELECT w1=5796
SELECT w2=6546
BUSY TASK ewma=997
DMA IRQ c0=3
DMA IRQ c1=0
DMA IRQ c2=0
DMA IRQ c3=0
SELECT busy=11727
SELECT w0=11694
SELECT w1=5804
SELECT w2=6558
BUSY TASK ewma=997
DMA IRQ c0=3
DMA IRQ c1=0
DMA IRQ c2=0
DMA IRQ c3=0
SELECT busy=11746
SELECT w0=11713
SELECT w1=5812
SELECT w2=6569
BUSY TASK ewma=997
DMA IRQ c0=3
DMA IRQ c1=0
DMA IRQ c2=0
DMA IRQ c3=0
SELECT busy=11763
SELECT w0=11730
SELECT w1=5822
SELECT w2=6579
BUSY TASK ewma=997
DMA IRQ c0=3
DMA IRQ c1=0
DMA IRQ c2=0
DMA IRQ c3=0
SELECT busy=11784
SELECT w0=11751
SELECT w1=5833
SELECT w2=6595
BUSY TASK ewma=997
DMA IRQ c0=3
DMA IRQ c1=0
DMA IRQ c2=0
DMA IRQ c3=0
SELECT busy=11802
SELECT w0=11769
SELECT w1=5842
SELECT w2=6610
BUSY TASK ewma=997
DMA IRQ c0=3
DMA IRQ c1=0
DMA IRQ c2=0
DMA IRQ c3=0
SELECT busy=11816
SELECT w0=11783
SELECT w1=5850
SELECT w2=6618
BUSY TASK ewma=997
DMA IRQ c0=3
DMA IRQ c1=0
DMA IRQ c2=0
DMA IRQ c3=0
SELECT busy=11835
SELECT w0=11801
SELECT w1=5859
SELECT w2=6629
BUSY TASK ewma=997
DMA IRQ c0=3
DMA IRQ c1=0
DMA IRQ c2=0
DMA IRQ c3=0
SELECT busy=11852
SELECT w0=11819
SELECT w1=5869
SELECT w2=6641
BUSY TASK ewma=997
DMA IRQ c0=3
DMA IRQ c1=0
DMA IRQ c2=0
DMA IRQ c3=0
SELECT busy=11874
SELECT w0=11840
SELECT w1=5878
SELECT w2=6653
BUSY TASK ewma=997
DMA IRQ c0=3
DMA IRQ c1=0
DMA IRQ c2=0
DMA IRQ c3=0
SELECT busy=11888
SELECT w0=11854
SELECT w1=5885
SELECT w2=6663
BUSY TASK ewma=997
DMA IRQ c0=3
DMA IRQ c1=0
DMA IRQ c2=0
DMA IRQ c3=0
SELECT busy=11906
SELECT w0=11873
SELECT w1=5896
SELECT w2=6674
BUSY TASK ewma=997
DMA IRQ c0=3
DMA IRQ c1=0
DMA IRQ c2=0
DMA IRQ c3=0
SELECT busy=11923
SELECT w0=11890
SELECT w1=5904
SELECT w2=6682
BUSY TASK ewma=997
DMA IRQ c0=3
DMA IRQ c1=0
DMA IRQ c2=0
DMA IRQ c3=0
SELECT busy=11942
SELECT w0=11909
SELECT w1=5918
SELECT w2=6694
BUSY TASK ewma=997
DMA IRQ c0=3
DMA IRQ c1=0
DMA IRQ c2=0
DMA IRQ c3=0
SELECT busy=11960
SELECT w0=11927
SELECT w1=5926
SELECT w2=6704
BUSY TASK ewma=997
DMA IRQ c0=3
DMA IRQ c1=0
DMA IRQ c2=0
DMA IRQ c3=0
SELECT busy=11975
SELECT w0=11942
SELECT w1=5934
SELECT w2=6713
BUSY TASK ewma=997
DMA IRQ c0=3
DMA IRQ c1=0
DMA IRQ c2=0
DMA IRQ c3=0
SELECT busy=11995
SELECT w0=11962
SELECT w1=5944
SELECT w2=6726
BUSY TASK ewma=997
DMA IRQ c0=3
DMA IRQ c1=0
DMA IRQ c2=0
DMA IRQ c3=0
SELECT busy=12014
SELECT w0=11981
SELECT w1=5951
SELECT w2=6736
BUSY TASK ewma=997
DMA IRQ c0=3
DMA IRQ c1=0
DMA IRQ c2=0
DMA IRQ c3=0
SELECT busy=12033
SELECT w0=12000
SELECT w1=5960
SELECT w2=6746
BUSY TASK ewma=997
DMA IRQ c0=3
DMA IRQ c1=0
DMA IRQ c2=0
DMA IRQ c3=0
SELECT busy=12052
SELECT w0=12018
SELECT w1=5968
SELECT w2=6759
BUSY TASK ewma=997
DMA IRQ c0=3
DMA IRQ c1=0
DMA IRQ c2=0
DMA IRQ c3=0
SELECT busy=12074
SELECT w0=12040
SELECT w1=5978
SELECT w2=6768
BUSY TASK ewma=997
DMA IRQ c0=3
DMA IRQ c1=0
DMA IRQ c2=0
DMA IRQ c3=0
SELECT busy=12089
SELECT w0=12055
SELECT w1=5984
SELECT w2=6777
BUSY TASK ewma=997
DMA IRQ c0=3
DMA IRQ c1=0
DMA IRQ c2=0
DMA IRQ c3=0
SELECT busy=12109
SELECT w0=12076
SELECT w1=5997
SELECT w2=6793
BUSY TASK ewma=997
DMA IRQ c0=3
DMA IRQ c1=0
DMA IRQ c2=0
DMA IRQ c3=0
SELECT busy=12123
SELECT w0=12090
SELECT w1=6003
SELECT w2=6799
BUSY TASK ewma=997
DMA IRQ c0=3
DMA IRQ c1=0
DMA IRQ c2=0
DMA IRQ c3=0
SELECT busy=12142
SELECT w0=12109
SELECT w1=6012
SELECT w2=6809
BUSY TASK ewma=997
DMA IRQ c0=3
DMA IRQ c1=0
DMA IRQ c2=0
DMA IRQ c3=0
SELECT busy=12159
SELECT w0=12126
SELECT w1=6022
SELECT w2=6820
BUSY TASK ewma=997
DMA IRQ c0=3
DMA IRQ c1=0
DMA IRQ c2=0
DMA IRQ c3=0
SELECT busy=12176
SELECT w0=12143
SELECT w1=6030
SELECT w2=6831
BUSY TASK ewma=997
DMA IRQ c0=3
DMA IRQ c1=0
DMA IRQ c2=0
DMA IRQ c3=0
SELECT busy=12192
SELECT w0=12158
SELECT w1=6037
SELECT w2=6843
BUSY TASK ewma=997
DMA IRQ c0=3
DMA IRQ c1=0
DMA IRQ c2=0
DMA IRQ c3=0
SELECT busy=12208
SELECT w0=12175
SELECT w1=6046
SELECT w2=6855
BUSY TASK ewma=997
DMA IRQ c0=3
DMA IRQ c1=0
DMA IRQ c2=0
DMA IRQ c3=0
SELECT busy=12227
SELECT w0=12194
SELECT w1=6056
SELECT w2=6867
BUSY TASK ewma=997
DMA IRQ c0=3
DMA IRQ c1=0
DMA IRQ c2=0
DMA IRQ c3=0
SELECT busy=12244
SELECT w0=12211
SELECT w1=6064
SELECT w2=6879
BUSY TASK ewma=997
DMA IRQ c0=3
DMA IRQ c1=0
DMA IRQ c2=0
DMA IRQ c3=0
SELECT busy=12262
SELECT w0=12230
SELECT w1=6074
SELECT w2=6890
BUSY TASK ewma=997
DMA IRQ c0=3
DMA IRQ c1=0
DMA IRQ c2=0
DMA IRQ c3=0
SELECT busy=12289
SELECT w0=12255
SELECT w1=6084
SELECT w2=6902
BUSY TASK ewma=997
DMA IRQ c0=3
DMA IRQ c1=0
DMA IRQ c2=0
DMA IRQ c3=0
SELECT busy=12307
SELECT w0=12273
SELECT w1=6092
SELECT w2=6914
BUSY TASK ewma=997
DMA IRQ c0=3
DMA IRQ c1=0
DMA IRQ c2=0
DMA IRQ c3=0
SELECT busy=12324
SELECT w0=12291
SELECT w1=6101
SELECT w2=6925
BUSY TASK ewma=997
DMA IRQ c0=3
DMA IRQ c1=0
DMA IRQ c2=0
DMA IRQ c3=0
SELECT busy=12344
SELECT w0=12310
SELECT w1=6109
SELECT w2=6934
BUSY TASK ewma=997
DMA IRQ c0=3
DMA IRQ c1=0
DMA IRQ c2=0
DMA IRQ c3=0
SELECT busy=12361
SELECT w0=12328
SELECT w1=6119
SELECT w2=6946
BUSY TASK ewma=997
DMA IRQ c0=3
DMA IRQ c1=0
DMA IRQ c2=0
DMA IRQ c3=0
SELECT busy=12382
SELECT w0=12349
SELECT w1=6132
SELECT w2=6961
BUSY TASK ewma=997
DMA IRQ c0=3
DMA IRQ c1=0
DMA IRQ c2=0
DMA IRQ c3=0
SELECT busy=12405
SELECT w0=12371
SELECT w1=6139
SELECT w2=6973
BUSY TASK ewma=997
DMA IRQ c0=3
DMA IRQ c1=0
DMA IRQ c2=0
DMA IRQ c3=0
SELECT busy=12422
SELECT w0=12390
SELECT w1=6149
SELECT w2=6985
BUSY TASK ewma=997
DMA IRQ c0=3
DMA IRQ c1=0
DMA IRQ c2=0
DMA IRQ c3=0
SELECT busy=12448
SELECT w0=12415
SELECT w1=6162
SELECT w2=6999
BUSY TASK ewma=997
DMA IRQ c0=3
DMA IRQ c1=0
DMA IRQ c2=0
DMA IRQ c3=0
SELECT busy=12465
SELECT w0=12432
SELECT w1=6169
SELECT w2=7009
BUSY TASK ewma=997
DMA IRQ c0=3
DMA IRQ c1=0
DMA IRQ c2=0
DMA IRQ c3=0
SELECT busy=12482
SELECT w0=12449
SELECT w1=6178
SELECT w2=7025
BUSY TASK ewma=997
DMA IRQ c0=3
DMA IRQ c1=0
DMA IRQ c2=0
DMA IRQ c3=0
SELECT busy=12501
SELECT w0=12468
SELECT w1=6189
SELECT w2=7039
BUSY TASK ewma=997
DMA IRQ c0=3
DMA IRQ c1=0
DMA IRQ c2=0
DMA IRQ c3=0
SELECT busy=12521
SELECT w0=12488
SELECT w1=6201
SELECT w2=7056
BUSY TASK ewma=997
DMA IRQ c0=3
DMA IRQ c1=0
DMA IRQ c2=0
DMA IRQ c3=0
SELECT busy=12540
SELECT w0=12507
SELECT w1=6213
SELECT w2=7071
BUSY TASK ewma=997
DMA IRQ c0=3
DMA IRQ c1=0
DMA IRQ c2=0
DMA IRQ c3=0
SELECT busy=12560
SELECT w0=12526
SELECT w1=6226
SELECT w2=7085
BUSY TASK ewma=997
DMA IRQ c0=3
DMA IRQ c1=0
DMA IRQ c2=0
DMA IRQ c3=0
SELECT busy=12582
SELECT w0=12549
SELECT w1=6238
SELECT w2=7102
BUSY TASK ewma=997
DMA IRQ c0=3
DMA IRQ c1=0
DMA IRQ c2=0
DMA IRQ c3=0
SELECT busy=12602
SELECT w0=12568
SELECT w1=6245
SELECT w2=7109
BUSY TASK ewma=997
DMA IRQ c0=3
DMA IRQ c1=0
DMA IRQ c2=0
DMA IRQ c3=0
SELECT busy=12627
SELECT w0=12594
SELECT w1=6255
SELECT w2=7121
BUSY TASK ewma=997
DMA IRQ c0=3
DMA IRQ c1=0
DMA IRQ c2=0
DMA IRQ c3=0
SELECT busy=12644
SELECT w0=12611
SELECT w1=6265
SELECT w2=7132
BUSY TASK ewma=997
DMA IRQ c0=3
DMA IRQ c1=0
DMA IRQ c2=0
DMA IRQ c3=0
SELECT busy=12661
SELECT w0=12629
SELECT w1=6276
SELECT w2=7143
BUSY TASK ewma=997
DMA IRQ c0=3
DMA IRQ c1=0
DMA IRQ c2=0
DMA IRQ c3=0
SELECT busy=12682
SELECT w0=12649
SELECT w1=6291
SELECT w2=7156
BUSY TASK ewma=997
DMA IRQ c0=3
DMA IRQ c1=0
DMA IRQ c2=0
DMA IRQ c3=0
SELECT busy=12703
SELECT w0=12669
SELECT w1=6300
SELECT w2=7168
BUSY TASK ewma=997
DMA IRQ c0=3
DMA IRQ c1=0
DMA IRQ c2=0
DMA IRQ c3=0
SELECT busy=12721
SELECT w0=12687
SELECT w1=6309
SELECT w2=7179
BUSY TASK ewma=997
DMA IRQ c0=3
DMA IRQ c1=0
DMA IRQ c2=0
DMA IRQ c3=0
SELECT busy=12741
SELECT w0=12708
SELECT w1=6316
SELECT w2=7189
BUSY TASK ewma=997
DMA IRQ c0=3
DMA IRQ c1=0
DMA IRQ c2=0
DMA IRQ c3=0
SELECT busy=12757
SELECT w0=12723
SELECT w1=6324
SELECT w2=7200
BUSY TASK ewma=997
DMA IRQ c0=3
DMA IRQ c1=0
DMA IRQ c2=0
DMA IRQ c3=0
SELECT busy=12776
SELECT w0=12743
SELECT w1=6329
SELECT w2=7207
BUSY TASK ewma=997
DMA IRQ c0=3
DMA IRQ c1=0
DMA IRQ c2=0
DMA IRQ c3=0
SELECT busy=12799
SELECT w0=12766
SELECT w1=6340
SELECT w2=7223
BUSY TASK ewma=997
DMA IRQ c0=3
DMA IRQ c1=0
DMA IRQ c2=0
DMA IRQ c3=0
SELECT busy=12820
SELECT w0=12786
SELECT w1=6352
SELECT w2=7235
BUSY TASK ewma=997
IRQ counts: cpu0=25632 cpu1=28922 cpu2=28776 cpu3=28763
SCHED secondaries: calls=86483 unexpected=0
SECTEST switches=86466 cpu1=257643345,250925831 cpu2=232533038,225693140 cpu3=318961399,315210802
PINGPONG rounds=2000 pongs=2000
DMA IRQ c0=3
DMA IRQ c1=0
DMA IRQ c2=0
DMA IRQ c3=0
SELECT busy=12851
SELECT w0=12818
SELECT w1=6369
SELECT w2=7256
BUSY TASK ewma=997
DMA IRQ c0=3
DMA IRQ c1=0
DMA IRQ c2=0
DMA IRQ c3=0
SELECT busy=12865
SELECT w0=12834
SELECT w1=6378
SELECT w2=7266
BUSY TASK ewma=997
DMA IRQ c0=3
DMA IRQ c1=0
DMA IRQ c2=0
DMA IRQ c3=0
SELECT busy=12887
SELECT w0=12853
SELECT w1=6387
SELECT w2=7275
BUSY TASK ewma=997
DMA IRQ c0=3
DMA IRQ c1=0
DMA IRQ c2=0
DMA IRQ c3=0
SELECT busy=12909
SELECT w0=12876
SELECT w1=6398
SELECT w2=7287
BUSY TASK ewma=997
DMA IRQ c0=3
DMA IRQ c1=0
DMA IRQ c2=0
DMA IRQ c3=0
SELECT busy=12932
SELECT w0=12899
SELECT w1=6411
SELECT w2=7301
BUSY TASK ewma=997
DMA IRQ c0=3
DMA IRQ c1=0
DMA IRQ c2=0
DMA IRQ c3=0
SELECT busy=12953
SELECT w0=12920
SELECT w1=6422
SELECT w2=7313
BUSY TASK ewma=997
DMA IRQ c0=3
DMA IRQ c1=0
DMA IRQ c2=0
DMA IRQ c3=0
SELECT busy=12982
SELECT w0=12949
SELECT w1=6434
SELECT w2=7328
BUSY TASK ewma=997
DMA IRQ c0=3
DMA IRQ c1=0
DMA IRQ c2=0
DMA IRQ c3=0
SELECT busy=13000
SELECT w0=12968
SELECT w1=6443
SELECT w2=7341
BUSY TASK ewma=997
DMA IRQ c0=3
DMA IRQ c1=0
DMA IRQ c2=0
DMA IRQ c3=0
SELECT busy=13018
SELECT w0=12985
SELECT w1=6454
SELECT w2=7351
BUSY TASK ewma=997
DMA IRQ c0=3
DMA IRQ c1=0
DMA IRQ c2=0
DMA IRQ c3=0
SELECT busy=13033
SELECT w0=13000
SELECT w1=6461
SELECT w2=7361
BUSY TASK ewma=997
DMA IRQ c0=3
DMA IRQ c1=0
DMA IRQ c2=0
DMA IRQ c3=0
SELECT busy=13051
SELECT w0=13018
SELECT w1=6469
SELECT w2=7373
BUSY TASK ewma=997
DMA IRQ c0=3
DMA IRQ c1=0
DMA IRQ c2=0
DMA IRQ c3=0
SELECT busy=13067
SELECT w0=13034
SELECT w1=6476
SELECT w2=7387
BUSY TASK ewma=997
DMA IRQ c0=3
DMA IRQ c1=0
DMA IRQ c2=0
DMA IRQ c3=0
SELECT busy=13081
SELECT w0=13048
SELECT w1=6483
SELECT w2=7395
BUSY TASK ewma=997
DMA IRQ c0=3
DMA IRQ c1=0
DMA IRQ c2=0
DMA IRQ c3=0
SELECT busy=13103
SELECT w0=13070
SELECT w1=6494
SELECT w2=7406
BUSY TASK ewma=997
DMA IRQ c0=3
DMA IRQ c1=0
DMA IRQ c2=0
DMA IRQ c3=0
SELECT busy=13125
SELECT w0=13092
SELECT w1=6504
SELECT w2=7422
BUSY TASK ewma=997
DMA IRQ c0=3
DMA IRQ c1=0
DMA IRQ c2=0
DMA IRQ c3=0
SELECT busy=13144
SELECT w0=13110
SELECT w1=6513
SELECT w2=7430
BUSY TASK ewma=997
DMA IRQ c0=3
DMA IRQ c1=0
DMA IRQ c2=0
DMA IRQ c3=0
SELECT busy=13163
SELECT w0=13129
SELECT w1=6519
SELECT w2=7437
BUSY TASK ewma=997
DMA IRQ c0=3
DMA IRQ c1=0
DMA IRQ c2=0
DMA IRQ c3=0
SELECT busy=13182
SELECT w0=13148
SELECT w1=6527
SELECT w2=7447
BUSY TASK ewma=997
DMA IRQ c0=3
DMA IRQ c1=0
DMA IRQ c2=0
DMA IRQ c3=0
SELECT busy=13202
SELECT w0=13169
SELECT w1=6536
SELECT w2=7459
BUSY TASK ewma=997
DMA IRQ c0=3
DMA IRQ c1=0
DMA IRQ c2=0
DMA IRQ c3=0
SELECT busy=13220
SELECT w0=13187
SELECT w1=6544
SELECT w2=7469
BUSY TASK ewma=997
DMA IRQ c0=3
DMA IRQ c1=0
DMA IRQ c2=0
DMA IRQ c3=0
SELECT busy=13245
SELECT w0=13211
SELECT w1=6556
SELECT w2=7484
BUSY TASK ewma=997
DMA IRQ c0=3
DMA IRQ c1=0
DMA IRQ c2=0
DMA IRQ c3=0
SELECT busy=13263
SELECT w0=13230
SELECT w1=6566
SELECT w2=7496
BUSY TASK ewma=997
DMA IRQ c0=3
DMA IRQ c1=0
DMA IRQ c2=0
DMA IRQ c3=0
SELECT busy=13289
SELECT w0=13256
SELECT w1=6575
SELECT w2=7508
BUSY TASK ewma=997
DMA IRQ c0=3
DMA IRQ c1=0
DMA IRQ c2=0
DMA IRQ c3=0
SELECT busy=13304
SELECT w0=13271
SELECT w1=6581
SELECT w2=7514
BUSY TASK ewma=997
DMA IRQ c0=3
DMA IRQ c1=0
DMA IRQ c2=0
DMA IRQ c3=0
SELECT busy=13320
SELECT w0=13286
SELECT w1=6588
SELECT w2=7523
BUSY TASK ewma=997
DMA IRQ c0=3
DMA IRQ c1=0
DMA IRQ c2=0
DMA IRQ c3=0
SELECT busy=13337
SELECT w0=13303
SELECT w1=6594
SELECT w2=7532
BUSY TASK ewma=997
DMA IRQ c0=3
DMA IRQ c1=0
DMA IRQ c2=0
DMA IRQ c3=0
SELECT busy=13356
SELECT w0=13325
SELECT w1=6603
SELECT w2=7543
qemu-system-aarch64: terminating on signal 15 from pid 244756 (timeout)
