P4 M7: full integration test boot OK
CPU0: MPIDR_EL1=0x0000000080000000
CPU0: psci_cpu_on target=1 rc=0
CPU1: alive, MPIDR_EL1=0x0000000080000001 this_cpu()->cpu_id=1
CPU0: psci_cpu_on target=2 rc=0
CPU2: alive, MPIDR_EL1=0x0000000080000002 this_cpu()->cpu_id=2
CPU0: psci_cpu_on target=3 rc=0
CPU3: alive, MPIDR_EL1=0x0000000080000003 this_cpu()->cpu_id=3
CPUs online: 4
DMA IRQ target cpu=0
D2b: worker 2 runs on CPU2
D2b: worker 1 runs on CPU1
D2b: worker 0 runs on CPU0
P4 M7: worker submitted cmd_id=1
P4 M7: worker submitted cmd_id=3
P4 M7: worker submitted cmd_id=2
P4 M7: worker DATA OK, cmd_id=1
P4 M7: worker DATA OK, cmd_id=2
WORKER ewma=916
P4 M7: worker DATA OK, cmd_id=3
WORKER ewma=916
WORKER ewma=958
BUSY TASK ewma=997
DMA IRQ c0=3
DMA IRQ c1=0
DMA IRQ c2=0
DMA IRQ c3=0
SELECT busy=32
SELECT w0=26
SELECT w1=43
SELECT w2=93
BUSY TASK ewma=997
DMA IRQ c0=3
DMA IRQ c1=0
DMA IRQ c2=0
DMA IRQ c3=0
SELECT busy=61
SELECT w0=55
SELECT w1=84
SELECT w2=135
BUSY TASK ewma=997
DMA IRQ c0=3
DMA IRQ c1=0
DMA IRQ c2=0
DMA IRQ c3=0
SELECT busy=80
SELECT w0=75
SELECT w1=108
SELECT w2=156
BUSY TASK ewma=997
DMA IRQ c0=3
DMA IRQ c1=0
DMA IRQ c2=0
DMA IRQ c3=0
SELECT busy=110
SELECT w0=104
SELECT w1=122
SELECT w2=172
BUSY TASK ewma=997
DMA IRQ c0=3
DMA IRQ c1=0
DMA IRQ c2=0
DMA IRQ c3=0
SELECT busy=136
SELECT w0=130
SELECT w1=137
SELECT w2=193
BUSY TASK ewma=997
DMA IRQ c0=3
DMA IRQ c1=0
DMA IRQ c2=0
DMA IRQ c3=0
SELECT busy=166
SELECT w0=160
SELECT w1=153
SELECT w2=214
BUSY TASK ewma=997
DMA IRQ c0=3
DMA IRQ c1=0
DMA IRQ c2=0
DMA IRQ c3=0
SELECT busy=184
SELECT w0=178
SELECT w1=165
SELECT w2=229
BUSY TASK ewma=997
DMA IRQ c0=3
DMA IRQ c1=0
DMA IRQ c2=0
DMA IRQ c3=0
SELECT busy=212
SELECT w0=206
SELECT w1=183
SELECT w2=258
BUSY TASK ewma=997
DMA IRQ c0=3
DMA IRQ c1=0
DMA IRQ c2=0
DMA IRQ c3=0
SELECT busy=240
SELECT w0=235
SELECT w1=210
SELECT w2=274
BUSY TASK ewma=997
DMA IRQ c0=3
DMA IRQ c1=0
DMA IRQ c2=0
DMA IRQ c3=0
SELECT busy=266
SELECT w0=259
SELECT w1=224
SELECT w2=288
BUSY TASK ewma=997
DMA IRQ c0=3
DMA IRQ c1=0
DMA IRQ c2=0
DMA IRQ c3=0
SELECT busy=288
SELECT w0=281
SELECT w1=239
SELECT w2=298
BUSY TASK ewma=997
DMA IRQ c0=3
DMA IRQ c1=0
DMA IRQ c2=0
DMA IRQ c3=0
SELECT busy=309
SELECT w0=303
SELECT w1=249
SELECT w2=311
BUSY TASK ewma=997
DMA IRQ c0=3
DMA IRQ c1=0
DMA IRQ c2=0
DMA IRQ c3=0
SELECT busy=332
SELECT w0=326
SELECT w1=261
SELECT w2=323
BUSY TASK ewma=997
DMA IRQ c0=3
DMA IRQ c1=0
DMA IRQ c2=0
DMA IRQ c3=0
SELECT busy=360
SELECT w0=354
SELECT w1=276
SELECT w2=340
BUSY TASK ewma=997
DMA IRQ c0=3
DMA IRQ c1=0
DMA IRQ c2=0
DMA IRQ c3=0
SELECT busy=374
SELECT w0=368
SELECT w1=286
SELECT w2=350
BUSY TASK ewma=997
DMA IRQ c0=3
DMA IRQ c1=0
DMA IRQ c2=0
DMA IRQ c3=0
SELECT busy=395
SELECT w0=389
SELECT w1=296
SELECT w2=359
BUSY TASK ewma=997
DMA IRQ c0=3
DMA IRQ c1=0
DMA IRQ c2=0
DMA IRQ c3=0
SELECT busy=423
SELECT w0=418
SELECT w1=312
SELECT w2=374
BUSY TASK ewma=997
DMA IRQ c0=3
DMA IRQ c1=0
DMA IRQ c2=0
DMA IRQ c3=0
SELECT busy=458
SELECT w0=452
SELECT w1=326
SELECT w2=390
BUSY TASK ewma=997
DMA IRQ c0=3
DMA IRQ c1=0
DMA IRQ c2=0
DMA IRQ c3=0
SELECT busy=490
SELECT w0=483
SELECT w1=344
SELECT w2=409
BUSY TASK ewma=997
DMA IRQ c0=3
DMA IRQ c1=0
DMA IRQ c2=0
DMA IRQ c3=0
SELECT busy=520
SELECT w0=513
SELECT w1=360
SELECT w2=425
BUSY TASK ewma=997
DMA IRQ c0=3
DMA IRQ c1=0
DMA IRQ c2=0
DMA IRQ c3=0
SELECT busy=563
SELECT w0=557
SELECT w1=381
SELECT w2=447
BUSY TASK ewma=997
DMA IRQ c0=3
DMA IRQ c1=0
DMA IRQ c2=0
DMA IRQ c3=0
SELECT busy=596
SELECT w0=590
SELECT w1=399
SELECT w2=466
BUSY TASK ewma=997
DMA IRQ c0=3
DMA IRQ c1=0
DMA IRQ c2=0
DMA IRQ c3=0
SELECT busy=623
SELECT w0=616
SELECT w1=406
SELECT w2=473
BUSY TASK ewma=997
DMA IRQ c0=3
DMA IRQ c1=0
DMA IRQ c2=0
DMA IRQ c3=0
SELECT busy=646
SELECT w0=639
SELECT w1=418
SELECT w2=486
BUSY TASK ewma=997
DMA IRQ c0=3
DMA IRQ c1=0
DMA IRQ c2=0
DMA IRQ c3=0
SELECT busy=669
SELECT w0=663
SELECT w1=429
SELECT w2=499
BUSY TASK ewma=997
DMA IRQ c0=3
DMA IRQ c1=0
DMA IRQ c2=0
DMA IRQ c3=0
SELECT busy=693
SELECT w0=687
SELECT w1=443
SELECT w2=514
BUSY TASK ewma=997
DMA IRQ c0=3
DMA IRQ c1=0
DMA IRQ c2=0
DMA IRQ c3=0
SELECT busy=717
SELECT w0=711
SELECT w1=458
SELECT w2=529
BUSY TASK ewma=997
DMA IRQ c0=3
DMA IRQ c1=0
DMA IRQ c2=0
DMA IRQ c3=0
SELECT busy=734
SELECT w0=727
SELECT w1=465
SELECT w2=535
BUSY TASK ewma=997
DMA IRQ c0=3
DMA IRQ c1=0
DMA IRQ c2=0
DMA IRQ c3=0
SELECT busy=750
SELECT w0=743
SELECT w1=475
SELECT w2=545
BUSY TASK ewma=997
DMA IRQ c0=3
DMA IRQ c1=0
DMA IRQ c2=0
DMA IRQ c3=0
SELECT busy=769
SELECT w0=762
SELECT w1=484
SELECT w2=553
BUSY TASK ewma=997
DMA IRQ c0=3
DMA IRQ c1=0
DMA IRQ c2=0
DMA IRQ c3=0
SELECT busy=781
SELECT w0=774
SELECT w1=490
SELECT w2=559
BUSY TASK ewma=997
DMA IRQ c0=3
DMA IRQ c1=0
DMA IRQ c2=0
DMA IRQ c3=0
SELECT busy=799
SELECT w0=792
SELECT w1=498
SELECT w2=567
BUSY TASK ewma=997
DMA IRQ c0=3
DMA IRQ c1=0
DMA IRQ c2=0
DMA IRQ c3=0
SELECT busy=823
SELECT w0=817
SELECT w1=509
SELECT w2=579
BUSY TASK ewma=997
DMA IRQ c0=3
DMA IRQ c1=0
DMA IRQ c2=0
DMA IRQ c3=0
SELECT busy=845
SELECT w0=838
SELECT w1=518
SELECT w2=587
BUSY TASK ewma=997
DMA IRQ c0=3
DMA IRQ c1=0
DMA IRQ c2=0
DMA IRQ c3=0
SELECT busy=864
SELECT w0=858
SELECT w1=530
SELECT w2=599
BUSY TASK ewma=997
DMA IRQ c0=3
DMA IRQ c1=0
DMA IRQ c2=0
DMA IRQ c3=0
SELECT busy=895
SELECT w0=888
SELECT w1=546
SELECT w2=617
BUSY TASK ewma=997
DMA IRQ c0=3
DMA IRQ c1=0
DMA IRQ c2=0
DMA IRQ c3=0
SELECT busy=931
SELECT w0=925
SELECT w1=566
SELECT w2=636
BUSY TASK ewma=997
DMA IRQ c0=3
DMA IRQ c1=0
DMA IRQ c2=0
DMA IRQ c3=0
SELECT busy=967
SELECT w0=961
SELECT w1=580
SELECT w2=652
BUSY TASK ewma=997
DMA IRQ c0=3
DMA IRQ c1=0
DMA IRQ c2=0
DMA IRQ c3=0
SELECT busy=994
SELECT w0=990
SELECT w1=599
SELECT w2=671
BUSY TASK ewma=997
DMA IRQ c0=3
DMA IRQ c1=0
DMA IRQ c2=0
DMA IRQ c3=0
SELECT busy=1024
SELECT w0=1017
SELECT w1=616
SELECT w2=682
BUSY TASK ewma=997
DMA IRQ c0=3
DMA IRQ c1=0
DMA IRQ c2=0
DMA IRQ c3=0
SELECT busy=1051
SELECT w0=1045
SELECT w1=629
SELECT w2=701
BUSY TASK ewma=997
DMA IRQ c0=3
DMA IRQ c1=0
DMA IRQ c2=0
DMA IRQ c3=0
SELECT busy=1068
SELECT w0=1062
SELECT w1=640
SELECT w2=713
BUSY TASK ewma=997
DMA IRQ c0=3
DMA IRQ c1=0
DMA IRQ c2=0
DMA IRQ c3=0
SELECT busy=1091
SELECT w0=1085
SELECT w1=654
SELECT w2=724
BUSY TASK ewma=997
DMA IRQ c0=3
DMA IRQ c1=0
DMA IRQ c2=0
DMA IRQ c3=0
SELECT busy=1109
SELECT w0=1103
SELECT w1=665
SELECT w2=734
BUSY TASK ewma=997
DMA IRQ c0=3
DMA IRQ c1=0
DMA IRQ c2=0
DMA IRQ c3=0
SELECT busy=1133
SELECT w0=1127
SELECT w1=683
SELECT w2=751
BUSY TASK ewma=997
DMA IRQ c0=3
DMA IRQ c1=0
DMA IRQ c2=0
DMA IRQ c3=0
SELECT busy=1152
SELECT w0=1146
SELECT w1=696
SELECT w2=765
BUSY TASK ewma=997
DMA IRQ c0=3
DMA IRQ c1=0
DMA IRQ c2=0
DMA IRQ c3=0
SELECT busy=1184
SELECT w0=1179
SELECT w1=715
SELECT w2=784
BUSY TASK ewma=997
DMA IRQ c0=3
DMA IRQ c1=0
DMA IRQ c2=0
DMA IRQ c3=0
SELECT busy=1204
SELECT w0=1198
SELECT w1=726
SELECT w2=798
BUSY TASK ewma=997
DMA IRQ c0=3
DMA IRQ c1=0
DMA IRQ c2=0
DMA IRQ c3=0
SELECT busy=1235
SELECT w0=1229
SELECT w1=749
SELECT w2=818
BUSY TASK ewma=997
DMA IRQ c0=3
DMA IRQ c1=0
DMA IRQ c2=0
DMA IRQ c3=0
SELECT busy=1260
SELECT w0=1253
SELECT w1=761
SELECT w2=831
BUSY TASK ewma=997
DMA IRQ c0=3
DMA IRQ c1=0
DMA IRQ c2=0
DMA IRQ c3=0
SELECT busy=1279
SELECT w0=1273
SELECT w1=771
SELECT w2=839
BUSY TASK ewma=997
DMA IRQ c0=3
DMA IRQ c1=0
DMA IRQ c2=0
DMA IRQ c3=0
SELECT busy=1296
SELECT w0=1289
SELECT w1=781
SELECT w2=849
BUSY TASK ewma=997
DMA IRQ c0=3
DMA IRQ c1=0
DMA IRQ c2=0
DMA IRQ c3=0
SELECT busy=1311
SELECT w0=1304
SELECT w1=788
SELECT w2=856
BUSY TASK ewma=997
DMA IRQ c0=3
DMA IRQ c1=0
DMA IRQ c2=0
DMA IRQ c3=0
SELECT busy=1327
SELECT w0=1321
SELECT w1=797
SELECT w2=866
BUSY TASK ewma=997
DMA IRQ c0=3
DMA IRQ c1=0
DMA IRQ c2=0
DMA IRQ c3=0
SELECT busy=1341
SELECT w0=1334
SELECT w1=804
SELECT w2=873
BUSY TASK ewma=997
DMA IRQ c0=3
DMA IRQ c1=0
DMA IRQ c2=0
DMA IRQ c3=0
SELECT busy=1367
SELECT w0=1360
SELECT w1=816
SELECT w2=887
BUSY TASK ewma=997
DMA IRQ c0=3
DMA IRQ c1=0
DMA IRQ c2=0
DMA IRQ c3=0
SELECT busy=1386
SELECT w0=1380
SELECT w1=827
SELECT w2=899
BUSY TASK ewma=997
DMA IRQ c0=3
DMA IRQ c1=0
DMA IRQ c2=0
DMA IRQ c3=0
SELECT busy=1404
SELECT w0=1398
SELECT w1=834
SELECT w2=904
BUSY TASK ewma=997
DMA IRQ c0=3
DMA IRQ c1=0
DMA IRQ c2=0
DMA IRQ c3=0
SELECT busy=1422
SELECT w0=1416
SELECT w1=841
SELECT w2=911
BUSY TASK ewma=997
DMA IRQ c0=3
DMA IRQ c1=0
DMA IRQ c2=0
DMA IRQ c3=0
SELECT busy=1446
SELECT w0=1439
SELECT w1=854
SELECT w2=926
BUSY TASK ewma=997
DMA IRQ c0=3
DMA IRQ c1=0
DMA IRQ c2=0
DMA IRQ c3=0
SELECT busy=1469
SELECT w0=1463
SELECT w1=873
SELECT w2=943
BUSY TASK ewma=997
DMA IRQ c0=3
DMA IRQ c1=0
DMA IRQ c2=0
DMA IRQ c3=0
SELECT busy=1497
SELECT w0=1491
SELECT w1=891
SELECT w2=959
BUSY TASK ewma=997
DMA IRQ c0=3
DMA IRQ c1=0
DMA IRQ c2=0
DMA IRQ c3=0
SELECT busy=1516
SELECT w0=1510
SELECT w1=901
SELECT w2=969
BUSY TASK ewma=997
IRQ counts: cpu0=3058 cpu1=3517 cpu2=3487 cpu3=3593
SCHED secondaries: calls=10608 unexpected=0
SECTEST switches=10575 cpu1=36867730,37501596 cpu2=28866869,27956668 cpu3=44900165,43153514
PINGPONG rounds=673 pongs=673
DMA IRQ c0=3
DMA IRQ c1=0
DMA IRQ c2=0
DMA IRQ c3=0
SELECT busy=1544
SELECT w0=1537
SELECT w1=916
SELECT w2=984
BUSY TASK ewma=997
DMA IRQ c0=3
DMA IRQ c1=0
DMA IRQ c2=0
DMA IRQ c3=0
SELECT busy=1558
SELECT w0=1552
SELECT w1=925
SELECT w2=994
BUSY TASK ewma=997
DMA IRQ c0=3
DMA IRQ c1=0
DMA IRQ c2=0
DMA IRQ c3=0
SELECT busy=1580
SELECT w0=1573
SELECT w1=934
SELECT w2=1002
BUSY TASK ewma=997
DMA IRQ c0=3
DMA IRQ c1=0
DMA IRQ c2=0
DMA IRQ c3=0
SELECT busy=1599
SELECT w0=1594
SELECT w1=949
SELECT w2=1016
BUSY TASK ewma=997
DMA IRQ c0=3
DMA IRQ c1=0
DMA IRQ c2=0
DMA IRQ c3=0
SELECT busy=1619
SELECT w0=1613
SELECT w1=962
SELECT w2=1028
BUSY TASK ewma=997
DMA IRQ c0=3
DMA IRQ c1=0
DMA IRQ c2=0
DMA IRQ c3=0
SELECT busy=1640
SELECT w0=1634
SELECT w1=974
SELECT w2=1039
BUSY TASK ewma=997
DMA IRQ c0=3
DMA IRQ c1=0
DMA IRQ c2=0
DMA IRQ c3=0
SELECT busy=1658
SELECT w0=1651
SELECT w1=986
SELECT w2=1049
BUSY TASK ewma=997
DMA IRQ c0=3
DMA IRQ c1=0
DMA IRQ c2=0
DMA IRQ c3=0
SELECT busy=1676
SELECT w0=1669
SELECT w1=997
SELECT w2=1059
BUSY TASK ewma=997
DMA IRQ c0=3
DMA IRQ c1=0
DMA IRQ c2=0
DMA IRQ c3=0
SELECT busy=1698
SELECT w0=1692
SELECT w1=1013
SELECT w2=1073
BUSY TASK ewma=997
DMA IRQ c0=3
DMA IRQ c1=0
DMA IRQ c2=0
DMA IRQ c3=0
SELECT busy=1717
SELECT w0=1710
SELECT w1=1021
SELECT w2=1082
BUSY TASK ewma=997
DMA IRQ c0=3
DMA IRQ c1=0
DMA IRQ c2=0
DMA IRQ c3=0
SELECT busy=1736
SELECT w0=1729
SELECT w1=1031
SELECT w2=1091
BUSY TASK ewma=997
DMA IRQ c0=3
DMA IRQ c1=0
DMA IRQ c2=0
DMA IRQ c3=0
SELECT busy=1755
SELECT w0=1749
SELECT w1=1041
SELECT w2=1103
BUSY TASK ewma=997
DMA IRQ c0=3
DMA IRQ c1=0
DMA IRQ c2=0
DMA IRQ c3=0
SELECT busy=1778
SELECT w0=1772
SELECT w1=1054
SELECT w2=1117
BUSY TASK ewma=997
DMA IRQ c0=3
DMA IRQ c1=0
DMA IRQ c2=0
DMA IRQ c3=0
SELECT busy=1794
SELECT w0=1787
SELECT w1=1063
SELECT w2=1129
BUSY TASK ewma=997
DMA IRQ c0=3
DMA IRQ c1=0
DMA IRQ c2=0
DMA IRQ c3=0
SELECT busy=1816
SELECT w0=1809
SELECT w1=1076
SELECT w2=1139
BUSY TASK ewma=997
DMA IRQ c0=3
DMA IRQ c1=0
DMA IRQ c2=0
DMA IRQ c3=0
SELECT busy=1833
SELECT w0=1827
SELECT w1=1086
SELECT w2=1150
BUSY TASK ewma=997
DMA IRQ c0=3
DMA IRQ c1=0
DMA IRQ c2=0
DMA IRQ c3=0
SELECT busy=1851
SELECT w0=1844
SELECT w1=1094
SELECT w2=1157
BUSY TASK ewma=997
DMA IRQ c0=3
DMA IRQ c1=0
DMA IRQ c2=0
DMA IRQ c3=0
SELECT busy=1869
SELECT w0=1862
SELECT w1=1102
SELECT w2=1165
BUSY TASK ewma=997
DMA IRQ c0=3
DMA IRQ c1=0
DMA IRQ c2=0
DMA IRQ c3=0
SELECT busy=1889
SELECT w0=1883
SELECT w1=1113
SELECT w2=1177
BUSY TASK ewma=997
DMA IRQ c0=3
DMA IRQ c1=0
DMA IRQ c2=0
DMA IRQ c3=0
SELECT busy=1906
SELECT w0=1899
SELECT w1=1122
SELECT w2=1187
BUSY TASK ewma=997
DMA IRQ c0=3
DMA IRQ c1=0
DMA IRQ c2=0
DMA IRQ c3=0
SELECT busy=1934
SELECT w0=1928
SELECT w1=1141
SELECT w2=1203
BUSY TASK ewma=997
DMA IRQ c0=3
DMA IRQ c1=0
DMA IRQ c2=0
DMA IRQ c3=0
SELECT busy=1951
SELECT w0=1945
SELECT w1=1150
SELECT w2=1211
BUSY TASK ewma=997
DMA IRQ c0=3
DMA IRQ c1=0
DMA IRQ c2=0
DMA IRQ c3=0
SELECT busy=1975
SELECT w0=1970
SELECT w1=1163
SELECT w2=1223
BUSY TASK ewma=997
DMA IRQ c0=3
DMA IRQ c1=0
DMA IRQ c2=0
DMA IRQ c3=0
SELECT busy=1996
SELECT w0=1989
SELECT w1=1176
SELECT w2=1235
BUSY TASK ewma=997
DMA IRQ c0=3
DMA IRQ c1=0
DMA IRQ c2=0
DMA IRQ c3=0
SELECT busy=2018
SELECT w0=2012
SELECT w1=1189
SELECT w2=1253
BUSY TASK ewma=997
DMA IRQ c0=3
DMA IRQ c1=0
DMA IRQ c2=0
DMA IRQ c3=0
SELECT busy=2042
SELECT w0=2036
SELECT w1=1200
SELECT w2=1264
BUSY TASK ewma=997
DMA IRQ c0=3
DMA IRQ c1=0
DMA IRQ c2=0
DMA IRQ c3=0
SELECT busy=2086
SELECT w0=2080
SELECT w1=1222
SELECT w2=1284
BUSY TASK ewma=997
DMA IRQ c0=3
DMA IRQ c1=0
DMA IRQ c2=0
DMA IRQ c3=0
SELECT busy=2114
SELECT w0=2108
SELECT w1=1236
SELECT w2=1301
BUSY TASK ewma=997
DMA IRQ c0=3
DMA IRQ c1=0
DMA IRQ c2=0
DMA IRQ c3=0
SELECT busy=2129
SELECT w0=2123
SELECT w1=1251
SELECT w2=1310
BUSY TASK ewma=997
DMA IRQ c0=3
DMA IRQ c1=0
DMA IRQ c2=0
DMA IRQ c3=0
SELECT busy=2152
SELECT w0=2146
SELECT w1=1265
SELECT w2=1323
BUSY TASK ewma=997
DMA IRQ c0=3
DMA IRQ c1=0
DMA IRQ c2=0
DMA IRQ c3=0
SELECT busy=2176
SELECT w0=2170
SELECT w1=1277
SELECT w2=1336
BUSY TASK ewma=997
DMA IRQ c0=3
DMA IRQ c1=0
DMA IRQ c2=0
DMA IRQ c3=0
SELECT busy=2209
SELECT w0=2202
SELECT w1=1292
SELECT w2=1351
BUSY TASK ewma=997
DMA IRQ c0=3
DMA IRQ c1=0
DMA IRQ c2=0
DMA IRQ c3=0
SELECT busy=2252
SELECT w0=2246
SELECT w1=1312
SELECT w2=1371
BUSY TASK ewma=997
DMA IRQ c0=3
DMA IRQ c1=0
DMA IRQ c2=0
DMA IRQ c3=0
SELECT busy=2270
SELECT w0=2263
SELECT w1=1320
SELECT w2=1380
BUSY TASK ewma=997
DMA IRQ c0=3
DMA IRQ c1=0
DMA IRQ c2=0
DMA IRQ c3=0
SELECT busy=2287
SELECT w0=2282
SELECT w1=1333
SELECT w2=1394
BUSY TASK ewma=997
DMA IRQ c0=3
DMA IRQ c1=0
DMA IRQ c2=0
DMA IRQ c3=0
SELECT busy=2315
SELECT w0=2308
SELECT w1=1348
SELECT w2=1403
BUSY TASK ewma=997
DMA IRQ c0=3
DMA IRQ c1=0
DMA IRQ c2=0
DMA IRQ c3=0
SELECT busy=2333
SELECT w0=2326
SELECT w1=1359
SELECT w2=1412
BUSY TASK ewma=997
DMA IRQ c0=3
DMA IRQ c1=0
DMA IRQ c2=0
DMA IRQ c3=0
SELECT busy=2368
SELECT w0=2362
SELECT w1=1378
SELECT w2=1433
BUSY TASK ewma=997
DMA IRQ c0=3
DMA IRQ c1=0
DMA IRQ c2=0
DMA IRQ c3=0
SELECT busy=2396
SELECT w0=2389
SELECT w1=1395
SELECT w2=1450
BUSY TASK ewma=997
DMA IRQ c0=3
DMA IRQ c1=0
DMA IRQ c2=0
DMA IRQ c3=0
SELECT busy=2416
SELECT w0=2409
SELECT w1=1407
SELECT w2=1461
BUSY TASK ewma=997
DMA IRQ c0=3
DMA IRQ c1=0
DMA IRQ c2=0
DMA IRQ c3=0
SELECT busy=2453
SELECT w0=2447
SELECT w1=1428
SELECT w2=1484
BUSY TASK ewma=997
DMA IRQ c0=3
DMA IRQ c1=0
DMA IRQ c2=0
DMA IRQ c3=0
SELECT busy=2478
SELECT w0=2471
SELECT w1=1442
SELECT w2=1497
BUSY TASK ewma=997
DMA IRQ c0=3
DMA IRQ c1=0
DMA IRQ c2=0
DMA IRQ c3=0
SELECT busy=2491
SELECT w0=2484
SELECT w1=1448
SELECT w2=1503
BUSY TASK ewma=997
DMA IRQ c0=3
DMA IRQ c1=0
DMA IRQ c2=0
DMA IRQ c3=0
SELECT busy=2512
SELECT w0=2506
SELECT w1=1460
SELECT w2=1514
BUSY TASK ewma=997
DMA IRQ c0=3
DMA IRQ c1=0
DMA IRQ c2=0
DMA IRQ c3=0
SELECT busy=2531
SELECT w0=2526
SELECT w1=1469
SELECT w2=1523
BUSY TASK ewma=997
DMA IRQ c0=3
DMA IRQ c1=0
DMA IRQ c2=0
DMA IRQ c3=0
SELECT busy=2546
SELECT w0=2539
SELECT w1=1476
SELECT w2=1529
BUSY TASK ewma=997
DMA IRQ c0=3
DMA IRQ c1=0
DMA IRQ c2=0
DMA IRQ c3=0
SELECT busy=2574
SELECT w0=2568
SELECT w1=1495
SELECT w2=1548
BUSY TASK ewma=997
DMA IRQ c0=3
DMA IRQ c1=0
DMA IRQ c2=0
DMA IRQ c3=0
SELECT busy=2599
SELECT w0=2593
SELECT w1=1509
SELECT w2=1563
BUSY TASK ewma=997
DMA IRQ c0=3
DMA IRQ c1=0
DMA IRQ c2=0
DMA IRQ c3=0
SELECT busy=2641
SELECT w0=2638
SELECT w1=1536
SELECT w2=1588
BUSY TASK ewma=997
DMA IRQ c0=3
DMA IRQ c1=0
DMA IRQ c2=0
DMA IRQ c3=0
SELECT busy=2666
SELECT w0=2660
SELECT w1=1545
SELECT w2=1598
BUSY TASK ewma=997
DMA IRQ c0=3
DMA IRQ c1=0
DMA IRQ c2=0
DMA IRQ c3=0
SELECT busy=2684
SELECT w0=2678
SELECT w1=1555
SELECT w2=1612
BUSY TASK ewma=997
DMA IRQ c0=3
DMA IRQ c1=0
DMA IRQ c2=0
DMA IRQ c3=0
SELECT busy=2710
SELECT w0=2704
SELECT w1=1572
SELECT w2=1629
BUSY TASK ewma=997
DMA IRQ c0=3
DMA IRQ c1=0
DMA IRQ c2=0
DMA IRQ c3=0
SELECT busy=2735
SELECT w0=2728
SELECT w1=1585
SELECT w2=1647
BUSY TASK ewma=997
DMA IRQ c0=3
DMA IRQ c1=0
DMA IRQ c2=0
DMA IRQ c3=0
SELECT busy=2758
SELECT w0=2751
SELECT w1=1598
SELECT w2=1661
BUSY TASK ewma=997
DMA IRQ c0=3
DMA IRQ c1=0
DMA IRQ c2=0
DMA IRQ c3=0
SELECT busy=2773
SELECT w0=2767
SELECT w1=1609
SELECT w2=1672
BUSY TASK ewma=997
DMA IRQ c0=3
DMA IRQ c1=0
DMA IRQ c2=0
DMA IRQ c3=0
SELECT busy=2791
SELECT w0=2786
SELECT w1=1622
SELECT w2=1688
BUSY TASK ewma=997
DMA IRQ c0=3
DMA IRQ c1=0
DMA IRQ c2=0
DMA IRQ c3=0
SELECT busy=2811
SELECT w0=2805
SELECT w1=1636
SELECT w2=1701
BUSY TASK ewma=997
DMA IRQ c0=3
DMA IRQ c1=0
DMA IRQ c2=0
DMA IRQ c3=0
SELECT busy=2834
SELECT w0=2827
SELECT w1=1645
SELECT w2=1709
BUSY TASK ewma=997
DMA IRQ c0=3
DMA IRQ c1=0
DMA IRQ c2=0
DMA IRQ c3=0
SELECT busy=2852
SELECT w0=2845
SELECT w1=1653
SELECT w2=1717
BUSY TASK ewma=997
DMA IRQ c0=3
DMA IRQ c1=0
DMA IRQ c2=0
DMA IRQ c3=0
SELECT busy=2874
SELECT w0=2868
SELECT w1=1667
SELECT w2=1736
BUSY TASK ewma=997
DMA IRQ c0=3
DMA IRQ c1=0
DMA IRQ c2=0
DMA IRQ c3=0
SELECT busy=2905
SELECT w0=2898
SELECT w1=1679
SELECT w2=1747
BUSY TASK ewma=997
DMA IRQ c0=3
DMA IRQ c1=0
DMA IRQ c2=0
DMA IRQ c3=0
SELECT busy=2928
SELECT w0=2921
SELECT w1=1691
SELECT w2=1761
BUSY TASK ewma=997
DMA IRQ c0=3
DMA IRQ c1=0
DMA IRQ c2=0
DMA IRQ c3=0
SELECT busy=2955
SELECT w0=2949
SELECT w1=1706
SELECT w2=1777
BUSY TASK ewma=997
DMA IRQ c0=3
DMA IRQ c1=0
DMA IRQ c2=0
DMA IRQ c3=0
SELECT busy=2980
SELECT w0=2974
SELECT w1=1718
SELECT w2=1791
BUSY TASK ewma=997
IRQ counts: cpu0=6008 cpu1=6883 cpu2=6887 cpu3=6991
SCHED secondaries: calls=20820 unexpected=0
SECTEST switches=20821 cpu1=75148353,74405281 cpu2=58785383,56035936 cpu3=87773074,84187714
PINGPONG rounds=1263 pongs=1264
DMA IRQ c0=3
DMA IRQ c1=0
DMA IRQ c2=0
DMA IRQ c3=0
SELECT busy=3034
SELECT w0=3027
SELECT w1=1750
SELECT w2=1834
BUSY TASK ewma=997
DMA IRQ c0=3
DMA IRQ c1=0
DMA IRQ c2=0
DMA IRQ c3=0
SELECT busy=3051
SELECT w0=3044
SELECT w1=1759
SELECT w2=1843
BUSY TASK ewma=997
DMA IRQ c0=3
DMA IRQ c1=0
DMA IRQ c2=0
DMA IRQ c3=0
SELECT busy=3070
SELECT w0=3063
SELECT w1=1765
SELECT w2=1849
BUSY TASK ewma=997
DMA IRQ c0=3
DMA IRQ c1=0
DMA IRQ c2=0
DMA IRQ c3=0
SELECT busy=3091
SELECT w0=3084
SELECT w1=1773
SELECT w2=1858
BUSY TASK ewma=997
DMA IRQ c0=3
DMA IRQ c1=0
DMA IRQ c2=0
DMA IRQ c3=0
SELECT busy=3116
SELECT w0=3112
SELECT w1=1790
SELECT w2=1873
BUSY TASK ewma=997
DMA IRQ c0=3
DMA IRQ c1=0
DMA IRQ c2=0
DMA IRQ c3=0
SELECT busy=3143
SELECT w0=3137
SELECT w1=1810
SELECT w2=1893
BUSY TASK ewma=997
DMA IRQ c0=3
DMA IRQ c1=0
DMA IRQ c2=0
DMA IRQ c3=0
SELECT busy=3171
SELECT w0=3164
SELECT w1=1823
SELECT w2=1908
BUSY TASK ewma=997
DMA IRQ c0=3
DMA IRQ c1=0
DMA IRQ c2=0
DMA IRQ c3=0
SELECT busy=3202
SELECT w0=3198
SELECT w1=1843
SELECT w2=1928
BUSY TASK ewma=997
DMA IRQ c0=3
DMA IRQ c1=0
DMA IRQ c2=0
DMA IRQ c3=0
SELECT busy=3229
SELECT w0=3224
SELECT w1=1862
SELECT w2=1946
BUSY TASK ewma=997
DMA IRQ c0=3
DMA IRQ c1=0
DMA IRQ c2=0
DMA IRQ c3=0
SELECT busy=3252
SELECT w0=3245
SELECT w1=1874
SELECT w2=1957
BUSY TASK ewma=997
DMA IRQ c0=3
DMA IRQ c1=0
DMA IRQ c2=0
DMA IRQ c3=0
SELECT busy=3275
SELECT w0=3268
SELECT w1=1884
SELECT w2=1967
BUSY TASK ewma=997
DMA IRQ c0=3
DMA IRQ c1=0
DMA IRQ c2=0
DMA IRQ c3=0
SELECT busy=3298
SELECT w0=3292
SELECT w1=1904
SELECT w2=1982
BUSY TASK ewma=997
DMA IRQ c0=3
DMA IRQ c1=0
DMA IRQ c2=0
DMA IRQ c3=0
SELECT busy=3330
SELECT w0=3329
SELECT w1=1934
SELECT w2=2002
BUSY TASK ewma=997
DMA IRQ c0=3
DMA IRQ c1=0
DMA IRQ c2=0
DMA IRQ c3=0
SELECT busy=3367
SELECT w0=3361
SELECT w1=1955
SELECT w2=2022
BUSY TASK ewma=997
DMA IRQ c0=3
DMA IRQ c1=0
DMA IRQ c2=0
DMA IRQ c3=0
SELECT busy=3384
SELECT w0=3379
SELECT w1=1965
SELECT w2=2034
BUSY TASK ewma=997
DMA IRQ c0=3
DMA IRQ c1=0
DMA IRQ c2=0
DMA IRQ c3=0
SELECT busy=3402
SELECT w0=3397
SELECT w1=1975
SELECT w2=2042
BUSY TASK ewma=997
DMA IRQ c0=3
DMA IRQ c1=0
DMA IRQ c2=0
DMA IRQ c3=0
SELECT busy=3421
SELECT w0=3414
SELECT w1=1982
SELECT w2=2052
BUSY TASK ewma=997
DMA IRQ c0=3
DMA IRQ c1=0
DMA IRQ c2=0
DMA IRQ c3=0
SELECT busy=3441
SELECT w0=3435
SELECT w1=1993
SELECT w2=2063
BUSY TASK ewma=997
DMA IRQ c0=3
DMA IRQ c1=0
DMA IRQ c2=0
DMA IRQ c3=0
SELECT busy=3467
SELECT w0=3460
SELECT w1=2006
SELECT w2=2076
BUSY TASK ewma=997
DMA IRQ c0=3
DMA IRQ c1=0
DMA IRQ c2=0
DMA IRQ c3=0
SELECT busy=3487
SELECT w0=3481
SELECT w1=2019
SELECT w2=2088
BUSY TASK ewma=997
DMA IRQ c0=3
DMA IRQ c1=0
DMA IRQ c2=0
DMA IRQ c3=0
SELECT busy=3503
SELECT w0=3497
SELECT w1=2028
SELECT w2=2095
BUSY TASK ewma=997
DMA IRQ c0=3
DMA IRQ c1=0
DMA IRQ c2=0
DMA IRQ c3=0
SELECT busy=3523
SELECT w0=3516
SELECT w1=2036
SELECT w2=2104
BUSY TASK ewma=997
DMA IRQ c0=3
DMA IRQ c1=0
DMA IRQ c2=0
DMA IRQ c3=0
SELECT busy=3541
SELECT w0=3534
SELECT w1=2051
SELECT w2=2114
BUSY TASK ewma=997
DMA IRQ c0=3
DMA IRQ c1=0
DMA IRQ c2=0
DMA IRQ c3=0
SELECT busy=3558
SELECT w0=3552
SELECT w1=2062
SELECT w2=2124
BUSY TASK ewma=997
DMA IRQ c0=3
DMA IRQ c1=0
DMA IRQ c2=0
DMA IRQ c3=0
SELECT busy=3574
SELECT w0=3568
SELECT w1=2073
SELECT w2=2136
BUSY TASK ewma=997
DMA IRQ c0=3
DMA IRQ c1=0
DMA IRQ c2=0
DMA IRQ c3=0
SELECT busy=3593
SELECT w0=3586
SELECT w1=2083
SELECT w2=2146
BUSY TASK ewma=997
DMA IRQ c0=3
DMA IRQ c1=0
DMA IRQ c2=0
DMA IRQ c3=0
SELECT busy=3614
SELECT w0=3607
SELECT w1=2091
SELECT w2=2155
BUSY TASK ewma=997
DMA IRQ c0=3
DMA IRQ c1=0
DMA IRQ c2=0
DMA IRQ c3=0
SELECT busy=3632
SELECT w0=3625
SELECT w1=2100
SELECT w2=2165
BUSY TASK ewma=997
DMA IRQ c0=3
DMA IRQ c1=0
DMA IRQ c2=0
DMA IRQ c3=0
SELECT busy=3653
SELECT w0=3647
SELECT w1=2123
SELECT w2=2179
BUSY TASK ewma=997
DMA IRQ c0=3
DMA IRQ c1=0
DMA IRQ c2=0
DMA IRQ c3=0
SELECT busy=3674
SELECT w0=3668
SELECT w1=2138
SELECT w2=2193
BUSY TASK ewma=997
DMA IRQ c0=3
DMA IRQ c1=0
DMA IRQ c2=0
DMA IRQ c3=0
SELECT busy=3700
SELECT w0=3693
SELECT w1=2155
SELECT w2=2205
BUSY TASK ewma=997
DMA IRQ c0=3
DMA IRQ c1=0
DMA IRQ c2=0
DMA IRQ c3=0
SELECT busy=3716
SELECT w0=3710
SELECT w1=2167
SELECT w2=2216
BUSY TASK ewma=997
DMA IRQ c0=3
DMA IRQ c1=0
DMA IRQ c2=0
DMA IRQ c3=0
SELECT busy=3735
SELECT w0=3728
SELECT w1=2174
SELECT w2=2223
BUSY TASK ewma=997
DMA IRQ c0=3
DMA IRQ c1=0
DMA IRQ c2=0
DMA IRQ c3=0
SELECT busy=3755
SELECT w0=3749
SELECT w1=2183
SELECT w2=2233
BUSY TASK ewma=997
DMA IRQ c0=3
DMA IRQ c1=0
DMA IRQ c2=0
DMA IRQ c3=0
SELECT busy=3779
SELECT w0=3773
SELECT w1=2196
SELECT w2=2248
BUSY TASK ewma=997
DMA IRQ c0=3
DMA IRQ c1=0
DMA IRQ c2=0
DMA IRQ c3=0
SELECT busy=3796
SELECT w0=3790
SELECT w1=2208
SELECT w2=2259
BUSY TASK ewma=997
DMA IRQ c0=3
DMA IRQ c1=0
DMA IRQ c2=0
DMA IRQ c3=0
SELECT busy=3818
SELECT w0=3812
SELECT w1=2232
SELECT w2=2274
BUSY TASK ewma=997
DMA IRQ c0=3
DMA IRQ c1=0
DMA IRQ c2=0
DMA IRQ c3=0
SELECT busy=3834
SELECT w0=3827
SELECT w1=2244
SELECT w2=2281
BUSY TASK ewma=997
DMA IRQ c0=3
DMA IRQ c1=0
DMA IRQ c2=0
DMA IRQ c3=0
SELECT busy=3857
SELECT w0=3851
SELECT w1=2253
SELECT w2=2292
BUSY TASK ewma=997
DMA IRQ c0=3
DMA IRQ c1=0
DMA IRQ c2=0
DMA IRQ c3=0
SELECT busy=3874
SELECT w0=3867
SELECT w1=2262
SELECT w2=2301
BUSY TASK ewma=997
DMA IRQ c0=3
DMA IRQ c1=0
DMA IRQ c2=0
DMA IRQ c3=0
SELECT busy=3892
SELECT w0=3886
SELECT w1=2273
SELECT w2=2315
BUSY TASK ewma=997
DMA IRQ c0=3
DMA IRQ c1=0
DMA IRQ c2=0
DMA IRQ c3=0
SELECT busy=3913
SELECT w0=3907
SELECT w1=2283
SELECT w2=2327
BUSY TASK ewma=997
DMA IRQ c0=3
DMA IRQ c1=0
DMA IRQ c2=0
DMA IRQ c3=0
SELECT busy=3930
SELECT w0=3924
SELECT w1=2294
SELECT w2=2337
BUSY TASK ewma=997
DMA IRQ c0=3
DMA IRQ c1=0
DMA IRQ c2=0
DMA IRQ c3=0
SELECT busy=3946
SELECT w0=3939
SELECT w1=2303
SELECT w2=2347
BUSY TASK ewma=997
DMA IRQ c0=3
DMA IRQ c1=0
DMA IRQ c2=0
DMA IRQ c3=0
SELECT busy=3972
SELECT w0=3966
SELECT w1=2319
SELECT w2=2368
BUSY TASK ewma=997
DMA IRQ c0=3
DMA IRQ c1=0
DMA IRQ c2=0
DMA IRQ c3=0
SELECT busy=4008
SELECT w0=4002
SELECT w1=2343
SELECT w2=2387
BUSY TASK ewma=997
DMA IRQ c0=3
DMA IRQ c1=0
DMA IRQ c2=0
DMA IRQ c3=0
SELECT busy=4025
SELECT w0=4019
SELECT w1=2352
SELECT w2=2395
BUSY TASK ewma=997
DMA IRQ c0=3
DMA IRQ c1=0
DMA IRQ c2=0
DMA IRQ c3=0
SELECT busy=4044
SELECT w0=4037
SELECT w1=2360
SELECT w2=2402
BUSY TASK ewma=997
DMA IRQ c0=3
DMA IRQ c1=0
DMA IRQ c2=0
DMA IRQ c3=0
SELECT busy=4061
SELECT w0=4055
SELECT w1=2368
SELECT w2=2412
BUSY TASK ewma=997
DMA IRQ c0=3
DMA IRQ c1=0
DMA IRQ c2=0
DMA IRQ c3=0
SELECT busy=4084
SELECT w0=4079
SELECT w1=2383
SELECT w2=2429
BUSY TASK ewma=997
DMA IRQ c0=3
DMA IRQ c1=0
DMA IRQ c2=0
DMA IRQ c3=0
SELECT busy=4103
SELECT w0=4096
SELECT w1=2392
SELECT w2=2437
BUSY TASK ewma=997
DMA IRQ c0=3
DMA IRQ c1=0
DMA IRQ c2=0
DMA IRQ c3=0
SELECT busy=4111
SELECT w0=4105
SELECT w1=2398
SELECT w2=2444
BUSY TASK ewma=997
DMA IRQ c0=3
DMA IRQ c1=0
DMA IRQ c2=0
DMA IRQ c3=0
SELECT busy=4128
SELECT w0=4121
SELECT w1=2405
SELECT w2=2450
BUSY TASK ewma=997
DMA IRQ c0=3
DMA IRQ c1=0
DMA IRQ c2=0
DMA IRQ c3=0
SELECT busy=4144
SELECT w0=4138
SELECT w1=2415
SELECT w2=2466
BUSY TASK ewma=997
DMA IRQ c0=3
DMA IRQ c1=0
DMA IRQ c2=0
DMA IRQ c3=0
SELECT busy=4163
SELECT w0=4158
SELECT w1=2426
SELECT w2=2478
BUSY TASK ewma=997
DMA IRQ c0=3
DMA IRQ c1=0
DMA IRQ c2=0
DMA IRQ c3=0
SELECT busy=4192
SELECT w0=4186
SELECT w1=2442
SELECT w2=2496
BUSY TASK ewma=997
DMA IRQ c0=3
DMA IRQ c1=0
DMA IRQ c2=0
DMA IRQ c3=0
SELECT busy=4217
SELECT w0=4210
SELECT w1=2452
SELECT w2=2506
BUSY TASK ewma=997
DMA IRQ c0=3
DMA IRQ c1=0
DMA IRQ c2=0
DMA IRQ c3=0
SELECT busy=4241
SELECT w0=4235
SELECT w1=2461
SELECT w2=2515
BUSY TASK ewma=997
DMA IRQ c0=3
DMA IRQ c1=0
DMA IRQ c2=0
DMA IRQ c3=0
SELECT busy=4261
SELECT w0=4254
SELECT w1=2471
SELECT w2=2524
BUSY TASK ewma=997
DMA IRQ c0=3
DMA IRQ c1=0
DMA IRQ c2=0
DMA IRQ c3=0
SELECT busy=4288
SELECT w0=4281
SELECT w1=2486
SELECT w2=2539
BUSY TASK ewma=997
DMA IRQ c0=3
DMA IRQ c1=0
DMA IRQ c2=0
DMA IRQ c3=0
SELECT busy=4314
SELECT w0=4308
SELECT w1=2508
SELECT w2=2557
BUSY TASK ewma=997
DMA IRQ c0=3
DMA IRQ c1=0
DMA IRQ c2=0
DMA IRQ c3=0
SELECT busy=4329
SELECT w0=4323
SELECT w1=2520
SELECT w2=2568
BUSY TASK ewma=997
DMA IRQ c0=3
DMA IRQ c1=0
DMA IRQ c2=0
DMA IRQ c3=0
SELECT busy=4350
SELECT w0=4344
SELECT w1=2534
SELECT w2=2579
BUSY TASK ewma=997
DMA IRQ c0=3
DMA IRQ c1=0
DMA IRQ c2=0
DMA IRQ c3=0
SELECT busy=4370
SELECT w0=4364
SELECT w1=2546
SELECT w2=2587
BUSY TASK ewma=997
IRQ counts: cpu0=8768 cpu1=10225 cpu2=10079 cpu3=10230
SCHED secondaries: calls=30534 unexpected=0
SECTEST switches=30489 cpu1=114655709,113813333 cpu2=89730825,85561984 cpu3=133477774,127189990
PINGPONG rounds=1808 pongs=1808
DMA IRQ c0=3
DMA IRQ c1=0
DMA IRQ c2=0
DMA IRQ c3=0
SELECT busy=4392
SELECT w0=4385
SELECT w1=2552
SELECT w2=2594
BUSY TASK ewma=997
DMA IRQ c0=3
DMA IRQ c1=0
DMA IRQ c2=0
DMA IRQ c3=0
SELECT busy=4423
SELECT w0=4417
SELECT w1=2572
SELECT w2=2617
BUSY TASK ewma=997
DMA IRQ c0=3
DMA IRQ c1=0
DMA IRQ c2=0
DMA IRQ c3=0
SELECT busy=4456
SELECT w0=4450
SELECT w1=2590
SELECT w2=2636
BUSY TASK ewma=997
DMA IRQ c0=3
DMA IRQ c1=0
DMA IRQ c2=0
DMA IRQ c3=0
SELECT busy=4475
SELECT w0=4469
SELECT w1=2600
SELECT w2=2648
BUSY TASK ewma=997
DMA IRQ c0=3
DMA IRQ c1=0
DMA IRQ c2=0
DMA IRQ c3=0
SELECT busy=4497
SELECT w0=4490
SELECT w1=2610
SELECT w2=2658
BUSY TASK ewma=997
DMA IRQ c0=3
DMA IRQ c1=0
DMA IRQ c2=0
DMA IRQ c3=0
SELECT busy=4519
SELECT w0=4513
SELECT w1=2622
SELECT w2=2673
BUSY TASK ewma=997
DMA IRQ c0=3
DMA IRQ c1=0
DMA IRQ c2=0
DMA IRQ c3=0
SELECT busy=4547
SELECT w0=4542
SELECT w1=2641
SELECT w2=2690
BUSY TASK ewma=997
DMA IRQ c0=3
DMA IRQ c1=0
DMA IRQ c2=0
DMA IRQ c3=0
SELECT busy=4573
SELECT w0=4566
SELECT w1=2656
SELECT w2=2704
BUSY TASK ewma=997
DMA IRQ c0=3
DMA IRQ c1=0
DMA IRQ c2=0
DMA IRQ c3=0
SELECT busy=4588
SELECT w0=4582
SELECT w1=2666
SELECT w2=2714
BUSY TASK ewma=997
DMA IRQ c0=3
DMA IRQ c1=0
DMA IRQ c2=0
DMA IRQ c3=0
SELECT busy=4605
SELECT w0=4599
SELECT w1=2677
SELECT w2=2726
BUSY TASK ewma=997
DMA IRQ c0=3
DMA IRQ c1=0
DMA IRQ c2=0
DMA IRQ c3=0
SELECT busy=4625
SELECT w0=4619
SELECT w1=2686
SELECT w2=2736
BUSY TASK ewma=997
DMA IRQ c0=3
DMA IRQ c1=0
DMA IRQ c2=0
DMA IRQ c3=0
SELECT busy=4647
SELECT w0=4641
SELECT w1=2697
SELECT w2=2749
BUSY TASK ewma=997
DMA IRQ c0=3
DMA IRQ c1=0
DMA IRQ c2=0
DMA IRQ c3=0
SELECT busy=4670
SELECT w0=4664
SELECT w1=2709
SELECT w2=2763
BUSY TASK ewma=997
DMA IRQ c0=3
DMA IRQ c1=0
DMA IRQ c2=0
DMA IRQ c3=0
SELECT busy=4692
SELECT w0=4686
SELECT w1=2723
SELECT w2=2776
BUSY TASK ewma=997
DMA IRQ c0=3
DMA IRQ c1=0
DMA IRQ c2=0
DMA IRQ c3=0
SELECT busy=4712
SELECT w0=4706
SELECT w1=2736
SELECT w2=2790
BUSY TASK ewma=997
DMA IRQ c0=3
DMA IRQ c1=0
DMA IRQ c2=0
DMA IRQ c3=0
SELECT busy=4735
SELECT w0=4730
SELECT w1=2755
SELECT w2=2805
BUSY TASK ewma=997
DMA IRQ c0=3
DMA IRQ c1=0
DMA IRQ c2=0
DMA IRQ c3=0
SELECT busy=4767
SELECT w0=4761
SELECT w1=2774
SELECT w2=2825
BUSY TASK ewma=997
DMA IRQ c0=3
DMA IRQ c1=0
DMA IRQ c2=0
DMA IRQ c3=0
SELECT busy=4794
SELECT w0=4788
SELECT w1=2794
SELECT w2=2840
BUSY TASK ewma=997
DMA IRQ c0=3
DMA IRQ c1=0
DMA IRQ c2=0
DMA IRQ c3=0
SELECT busy=4812
SELECT w0=4806
SELECT w1=2805
SELECT w2=2848
BUSY TASK ewma=997
DMA IRQ c0=3
DMA IRQ c1=0
DMA IRQ c2=0
DMA IRQ c3=0
SELECT busy=4829
SELECT w0=4822
SELECT w1=2815
SELECT w2=2858
BUSY TASK ewma=997
DMA IRQ c0=3
DMA IRQ c1=0
DMA IRQ c2=0
DMA IRQ c3=0
SELECT busy=4858
SELECT w0=4852
SELECT w1=2829
SELECT w2=2872
BUSY TASK ewma=997
DMA IRQ c0=3
DMA IRQ c1=0
DMA IRQ c2=0
DMA IRQ c3=0
SELECT busy=4875
SELECT w0=4869
SELECT w1=2837
SELECT w2=2880
BUSY TASK ewma=997
DMA IRQ c0=3
DMA IRQ c1=0
DMA IRQ c2=0
DMA IRQ c3=0
SELECT busy=4899
SELECT w0=4893
SELECT w1=2850
SELECT w2=2897
BUSY TASK ewma=997
DMA IRQ c0=3
DMA IRQ c1=0
DMA IRQ c2=0
DMA IRQ c3=0
SELECT busy=4917
SELECT w0=4910
SELECT w1=2858
SELECT w2=2908
BUSY TASK ewma=997
DMA IRQ c0=3
DMA IRQ c1=0
DMA IRQ c2=0
DMA IRQ c3=0
SELECT busy=4942
SELECT w0=4935
SELECT w1=2870
SELECT w2=2920
BUSY TASK ewma=997
DMA IRQ c0=3
DMA IRQ c1=0
DMA IRQ c2=0
DMA IRQ c3=0
SELECT busy=4964
SELECT w0=4958
SELECT w1=2880
SELECT w2=2934
BUSY TASK ewma=997
DMA IRQ c0=3
DMA IRQ c1=0
DMA IRQ c2=0
DMA IRQ c3=0
SELECT busy=4992
SELECT w0=4986
SELECT w1=2894
SELECT w2=2954
BUSY TASK ewma=997
DMA IRQ c0=3
DMA IRQ c1=0
DMA IRQ c2=0
DMA IRQ c3=0
SELECT busy=5024
SELECT w0=5017
SELECT w1=2906
SELECT w2=2969
BUSY TASK ewma=997
DMA IRQ c0=3
DMA IRQ c1=0
DMA IRQ c2=0
DMA IRQ c3=0
SELECT busy=5045
SELECT w0=5039
SELECT w1=2918
SELECT w2=2982
BUSY TASK ewma=997
DMA IRQ c0=3
DMA IRQ c1=0
DMA IRQ c2=0
DMA IRQ c3=0
SELECT busy=5075
SELECT w0=5069
SELECT w1=2933
SELECT w2=3003
BUSY TASK ewma=997
DMA IRQ c0=3
DMA IRQ c1=0
DMA IRQ c2=0
DMA IRQ c3=0
SELECT busy=5086
SELECT w0=5080
SELECT w1=2937
SELECT w2=3011
BUSY TASK ewma=997
DMA IRQ c0=3
DMA IRQ c1=0
DMA IRQ c2=0
DMA IRQ c3=0
SELECT busy=5110
SELECT w0=5103
SELECT w1=2944
SELECT w2=3019
BUSY TASK ewma=997
DMA IRQ c0=3
DMA IRQ c1=0
DMA IRQ c2=0
DMA IRQ c3=0
SELECT busy=5129
SELECT w0=5122
SELECT w1=2955
SELECT w2=3031
BUSY TASK ewma=997
DMA IRQ c0=3
DMA IRQ c1=0
DMA IRQ c2=0
DMA IRQ c3=0
SELECT busy=5154
SELECT w0=5149
SELECT w1=2968
SELECT w2=3053
BUSY TASK ewma=997
DMA IRQ c0=3
DMA IRQ c1=0
DMA IRQ c2=0
DMA IRQ c3=0
SELECT busy=5172
SELECT w0=5165
SELECT w1=2976
SELECT w2=3066
BUSY TASK ewma=997
DMA IRQ c0=3
DMA IRQ c1=0
DMA IRQ c2=0
DMA IRQ c3=0
SELECT busy=5187
SELECT w0=5181
SELECT w1=2982
SELECT w2=3074
BUSY TASK ewma=997
DMA IRQ c0=3
DMA IRQ c1=0
DMA IRQ c2=0
DMA IRQ c3=0
SELECT busy=5206
SELECT w0=5201
SELECT w1=2995
SELECT w2=3090
BUSY TASK ewma=997
DMA IRQ c0=3
DMA IRQ c1=0
DMA IRQ c2=0
DMA IRQ c3=0
SELECT busy=5222
SELECT w0=5215
SELECT w1=3002
SELECT w2=3098
BUSY TASK ewma=997
DMA IRQ c0=3
DMA IRQ c1=0
DMA IRQ c2=0
DMA IRQ c3=0
SELECT busy=5239
SELECT w0=5232
SELECT w1=3010
SELECT w2=3107
BUSY TASK ewma=997
DMA IRQ c0=3
DMA IRQ c1=0
DMA IRQ c2=0
DMA IRQ c3=0
SELECT busy=5256
SELECT w0=5249
SELECT w1=3016
SELECT w2=3116
BUSY TASK ewma=997
DMA IRQ c0=3
DMA IRQ c1=0
DMA IRQ c2=0
DMA IRQ c3=0
SELECT busy=5283
SELECT w0=5276
SELECT w1=3033
SELECT w2=3133
BUSY TASK ewma=997
DMA IRQ c0=3
DMA IRQ c1=0
DMA IRQ c2=0
DMA IRQ c3=0
SELECT busy=5300
SELECT w0=5294
SELECT w1=3041
SELECT w2=3143
BUSY TASK ewma=997
DMA IRQ c0=3
DMA IRQ c1=0
DMA IRQ c2=0
DMA IRQ c3=0
SELECT busy=5318
SELECT w0=5312
SELECT w1=3049
SELECT w2=3155
BUSY TASK ewma=997
DMA IRQ c0=3
DMA IRQ c1=0
DMA IRQ c2=0
DMA IRQ c3=0
SELECT busy=5341
SELECT w0=5335
SELECT w1=3060
SELECT w2=3170
BUSY TASK ewma=997
DMA IRQ c0=3
DMA IRQ c1=0
DMA IRQ c2=0
DMA IRQ c3=0
SELECT busy=5368
SELECT w0=5362
SELECT w1=3077
SELECT w2=3191
BUSY TASK ewma=997
DMA IRQ c0=3
DMA IRQ c1=0
DMA IRQ c2=0
DMA IRQ c3=0
SELECT busy=5388
SELECT w0=5381
SELECT w1=3084
SELECT w2=3198
BUSY TASK ewma=997
DMA IRQ c0=3
DMA IRQ c1=0
DMA IRQ c2=0
DMA IRQ c3=0
SELECT busy=5406
SELECT w0=5400
SELECT w1=3090
SELECT w2=3205
BUSY TASK ewma=997
DMA IRQ c0=3
DMA IRQ c1=0
DMA IRQ c2=0
DMA IRQ c3=0
SELECT busy=5425
SELECT w0=5420
SELECT w1=3098
SELECT w2=3217
BUSY TASK ewma=997
DMA IRQ c0=3
DMA IRQ c1=0
DMA IRQ c2=0
DMA IRQ c3=0
SELECT busy=5449
SELECT w0=5443
SELECT w1=3108
SELECT w2=3229
BUSY TASK ewma=997
DMA IRQ c0=3
DMA IRQ c1=0
DMA IRQ c2=0
DMA IRQ c3=0
SELECT busy=5477
SELECT w0=5471
SELECT w1=3122
SELECT w2=3252
BUSY TASK ewma=997
DMA IRQ c0=3
DMA IRQ c1=0
DMA IRQ c2=0
DMA IRQ c3=0
SELECT busy=5504
SELECT w0=5499
SELECT w1=3138
SELECT w2=3271
BUSY TASK ewma=997
DMA IRQ c0=3
DMA IRQ c1=0
DMA IRQ c2=0
DMA IRQ c3=0
SELECT busy=5529
SELECT w0=5523
SELECT w1=3148
SELECT w2=3282
BUSY TASK ewma=997
DMA IRQ c0=3
DMA IRQ c1=0
DMA IRQ c2=0
DMA IRQ c3=0
SELECT busy=5550
SELECT w0=5546
SELECT w1=3159
SELECT w2=3298
BUSY TASK ewma=997
DMA IRQ c0=3
DMA IRQ c1=0
DMA IRQ c2=0
DMA IRQ c3=0
SELECT busy=5585
SELECT w0=5580
SELECT w1=3174
SELECT w2=3319
BUSY TASK ewma=997
DMA IRQ c0=3
DMA IRQ c1=0
DMA IRQ c2=0
DMA IRQ c3=0
SELECT busy=5612
SELECT w0=5605
SELECT w1=3185
SELECT w2=3336
BUSY TASK ewma=997
DMA IRQ c0=3
DMA IRQ c1=0
DMA IRQ c2=0
DMA IRQ c3=0
SELECT busy=5631
SELECT w0=5625
SELECT w1=3193
SELECT w2=3344
BUSY TASK ewma=997
DMA IRQ c0=3
DMA IRQ c1=0
DMA IRQ c2=0
DMA IRQ c3=0
SELECT busy=5654
SELECT w0=5647
SELECT w1=3198
SELECT w2=3352
BUSY TASK ewma=997
DMA IRQ c0=3
DMA IRQ c1=0
DMA IRQ c2=0
DMA IRQ c3=0
SELECT busy=5662
SELECT w0=5655
SELECT w1=3202
SELECT w2=3355
BUSY TASK ewma=997
DMA IRQ c0=3
DMA IRQ c1=0
DMA IRQ c2=0
DMA IRQ c3=0
SELECT busy=5678
SELECT w0=5672
SELECT w1=3214
SELECT w2=3368
BUSY TASK ewma=997
DMA IRQ c0=3
DMA IRQ c1=0
DMA IRQ c2=0
DMA IRQ c3=0
SELECT busy=5702
SELECT w0=5696
SELECT w1=3226
SELECT w2=3383
BUSY TASK ewma=997
DMA IRQ c0=3
DMA IRQ c1=0
DMA IRQ c2=0
DMA IRQ c3=0
SELECT busy=5732
SELECT w0=5725
SELECT w1=3240
SELECT w2=3398
BUSY TASK ewma=997
DMA IRQ c0=3
DMA IRQ c1=0
DMA IRQ c2=0
DMA IRQ c3=0
SELECT busy=5751
SELECT w0=5744
SELECT w1=3248
SELECT w2=3408
BUSY TASK ewma=997
DMA IRQ c0=3
DMA IRQ c1=0
DMA IRQ c2=0
DMA IRQ c3=0
SELECT busy=5768
SELECT w0=5762
SELECT w1=3257
SELECT w2=3419
BUSY TASK ewma=997
DMA IRQ c0=3
DMA IRQ c1=0
DMA IRQ c2=0
DMA IRQ c3=0
SELECT busy=5795
SELECT w0=5789
SELECT w1=3271
SELECT w2=3439
BUSY TASK ewma=997
IRQ counts: cpu0=11624 cpu1=13614 cpu2=13536 cpu3=13812
SCHED secondaries: calls=40976 unexpected=0
SECTEST switches=40958 cpu1=150922752,150276733 cpu2=122639159,116971762 cpu3=182568169,171786200
PINGPONG rounds=2000 pongs=2000
DMA IRQ c0=3
DMA IRQ c1=0
DMA IRQ c2=0
DMA IRQ c3=0
SELECT busy=5834
SELECT w0=5827
SELECT w1=3287
SELECT w2=3460
BUSY TASK ewma=997
DMA IRQ c0=3
DMA IRQ c1=0
DMA IRQ c2=0
DMA IRQ c3=0
SELECT busy=5859
SELECT w0=5853
SELECT w1=3299
SELECT w2=3478
BUSY TASK ewma=997
DMA IRQ c0=3
DMA IRQ c1=0
DMA IRQ c2=0
DMA IRQ c3=0
SELECT busy=5883
SELECT w0=5877
SELECT w1=3309
SELECT w2=3489
BUSY TASK ewma=997
DMA IRQ c0=3
DMA IRQ c1=0
DMA IRQ c2=0
DMA IRQ c3=0
SELECT busy=5905
SELECT w0=5899
SELECT w1=3318
SELECT w2=3501
BUSY TASK ewma=997
DMA IRQ c0=3
DMA IRQ c1=0
DMA IRQ c2=0
DMA IRQ c3=0
SELECT busy=5925
SELECT w0=5919
SELECT w1=3327
SELECT w2=3513
BUSY TASK ewma=997
DMA IRQ c0=3
DMA IRQ c1=0
DMA IRQ c2=0
DMA IRQ c3=0
SELECT busy=5949
SELECT w0=5943
SELECT w1=3342
SELECT w2=3531
BUSY TASK ewma=997
DMA IRQ c0=3
DMA IRQ c1=0
DMA IRQ c2=0
DMA IRQ c3=0
SELECT busy=5971
SELECT w0=5966
SELECT w1=3357
SELECT w2=3549
BUSY TASK ewma=997
DMA IRQ c0=3
DMA IRQ c1=0
DMA IRQ c2=0
DMA IRQ c3=0
SELECT busy=5997
SELECT w0=5991
SELECT w1=3369
SELECT w2=3563
BUSY TASK ewma=997
DMA IRQ c0=3
DMA IRQ c1=0
DMA IRQ c2=0
DMA IRQ c3=0
SELECT busy=6023
SELECT w0=6017
SELECT w1=3381
SELECT w2=3582
BUSY TASK ewma=997
DMA IRQ c0=3
DMA IRQ c1=0
DMA IRQ c2=0
DMA IRQ c3=0
SELECT busy=6044
SELECT w0=6038
SELECT w1=3389
SELECT w2=3591
BUSY TASK ewma=997
DMA IRQ c0=3
DMA IRQ c1=0
DMA IRQ c2=0
DMA IRQ c3=0
SELECT busy=6065
SELECT w0=6058
SELECT w1=3397
SELECT w2=3601
qemu-system-aarch64: terminating on signal 15 from pid 238601 (timeout)
