P4 M7: full integration test boot OK
CPU0: MPIDR_EL1=0x0000000080000000
CPU0: psci_cpu_on target=1 rc=-2
CPU0: psci_cpu_on target=2 rc=-2
CPU0: psci_cpu_on target=3 rc=-2
CPUs online: 1
DMA IRQ target cpu=0
D2b: worker 2 runs on CPU0
D2b: worker 0 runs on CPU0
D2b: worker 1 runs on CPU0
P4 M7: worker submitted cmd_id=1
P4 M7: worker submitted cmd_id=2
P4 M7: worker submitted cmd_id=3
BUSY TASK ewma=995
DMA IRQ c0=0
DMA IRQ c1=0
DMA IRQ c2=0
DMA IRQ c3=0
SELECT busy=19
SELECT w0=2
SELECT w1=2
SELECT w2=2
P4 M7: worker DATA OK, cmd_id=1
P4 M7: worker DATA OK, cmd_id=2
WORKER ewma=657
WORKER ewma=831
P4 M7: worker DATA OK, cmd_id=3
WORKER ewma=831
BUSY TASK ewma=997
DMA IRQ c0=1
DMA IRQ c1=0
DMA IRQ c2=0
DMA IRQ c3=0
SELECT busy=50
SELECT w0=34
SELECT w1=49
SELECT w2=38
BUSY TASK ewma=997
DMA IRQ c0=1
DMA IRQ c1=0
DMA IRQ c2=0
DMA IRQ c3=0
SELECT busy=73
SELECT w0=56
SELECT w1=71
SELECT w2=59
BUSY TASK ewma=997
DMA IRQ c0=1
DMA IRQ c1=0
DMA IRQ c2=0
DMA IRQ c3=0
SELECT busy=92
SELECT w0=76
SELECT w1=91
SELECT w2=80
BUSY TASK ewma=997
DMA IRQ c0=1
DMA IRQ c1=0
DMA IRQ c2=0
DMA IRQ c3=0
SELECT busy=113
SELECT w0=97
SELECT w1=112
SELECT w2=101
BUSY TASK ewma=997
DMA IRQ c0=1
DMA IRQ c1=0
DMA IRQ c2=0
DMA IRQ c3=0
SELECT busy=132
SELECT w0=115
SELECT w1=130
SELECT w2=118
BUSY TASK ewma=997
DMA IRQ c0=1
DMA IRQ c1=0
DMA IRQ c2=0
DMA IRQ c3=0
SELECT busy=153
SELECT w0=138
SELECT w1=153
SELECT w2=143
BUSY TASK ewma=997
DMA IRQ c0=1
DMA IRQ c1=0
DMA IRQ c2=0
DMA IRQ c3=0
SELECT busy=192
SELECT w0=176
SELECT w1=191
SELECT w2=180
BUSY TASK ewma=997
DMA IRQ c0=1
DMA IRQ c1=0
DMA IRQ c2=0
DMA IRQ c3=0
SELECT busy=214
SELECT w0=200
SELECT w1=214
SELECT w2=202
BUSY TASK ewma=997
DMA IRQ c0=1
DMA IRQ c1=0
DMA IRQ c2=0
DMA IRQ c3=0
SELECT busy=232
SELECT w0=215
SELECT w1=229
SELECT w2=217
BUSY TASK ewma=997
DMA IRQ c0=1
DMA IRQ c1=0
DMA IRQ c2=0
DMA IRQ c3=0
SELECT busy=255
SELECT w0=239
SELECT w1=253
SELECT w2=242
BUSY TASK ewma=997
DMA IRQ c0=1
DMA IRQ c1=0
DMA IRQ c2=0
DMA IRQ c3=0
SELECT busy=275
SELECT w0=259
SELECT w1=274
SELECT w2=263
BUSY TASK ewma=997
DMA IRQ c0=1
DMA IRQ c1=0
DMA IRQ c2=0
DMA IRQ c3=0
SELECT busy=302
SELECT w0=286
SELECT w1=300
SELECT w2=288
BUSY TASK ewma=997
DMA IRQ c0=1
DMA IRQ c1=0
DMA IRQ c2=0
DMA IRQ c3=0
SELECT busy=329
SELECT w0=312
SELECT w1=326
SELECT w2=314
BUSY TASK ewma=997
DMA IRQ c0=1
DMA IRQ c1=0
DMA IRQ c2=0
DMA IRQ c3=0
SELECT busy=354
SELECT w0=338
SELECT w1=353
SELECT w2=342
BUSY TASK ewma=997
DMA IRQ c0=1
DMA IRQ c1=0
DMA IRQ c2=0
DMA IRQ c3=0
SELECT busy=381
SELECT w0=366
SELECT w1=381
SELECT w2=370
BUSY TASK ewma=997
DMA IRQ c0=1
DMA IRQ c1=0
DMA IRQ c2=0
DMA IRQ c3=0
SELECT busy=403
SELECT w0=387
SELECT w1=402
SELECT w2=391
BUSY TASK ewma=997
DMA IRQ c0=1
DMA IRQ c1=0
DMA IRQ c2=0
DMA IRQ c3=0
SELECT busy=429
SELECT w0=413
SELECT w1=428
SELECT w2=417
BUSY TASK ewma=997
DMA IRQ c0=1
DMA IRQ c1=0
DMA IRQ c2=0
DMA IRQ c3=0
SELECT busy=466
SELECT w0=449
SELECT w1=464
SELECT w2=452
BUSY TASK ewma=997
DMA IRQ c0=1
DMA IRQ c1=0
DMA IRQ c2=0
DMA IRQ c3=0
SELECT busy=488
SELECT w0=471
SELECT w1=485
SELECT w2=474
BUSY TASK ewma=997
DMA IRQ c0=1
DMA IRQ c1=0
DMA IRQ c2=0
DMA IRQ c3=0
SELECT busy=512
SELECT w0=495
SELECT w1=510
SELECT w2=498
BUSY TASK ewma=997
DMA IRQ c0=1
DMA IRQ c1=0
DMA IRQ c2=0
DMA IRQ c3=0
SELECT busy=531
SELECT w0=514
SELECT w1=528
SELECT w2=516
BUSY TASK ewma=997
DMA IRQ c0=1
DMA IRQ c1=0
DMA IRQ c2=0
DMA IRQ c3=0
SELECT busy=549
SELECT w0=532
SELECT w1=546
SELECT w2=537
BUSY TASK ewma=997
DMA IRQ c0=1
DMA IRQ c1=0
DMA IRQ c2=0
DMA IRQ c3=0
SELECT busy=578
SELECT w0=562
SELECT w1=576
SELECT w2=564
BUSY TASK ewma=997
DMA IRQ c0=1
DMA IRQ c1=0
DMA IRQ c2=0
DMA IRQ c3=0
SELECT busy=611
SELECT w0=595
SELECT w1=610
SELECT w2=598
BUSY TASK ewma=997
DMA IRQ c0=1
DMA IRQ c1=0
DMA IRQ c2=0
DMA IRQ c3=0
SELECT busy=640
SELECT w0=627
SELECT w1=646
SELECT w2=639
BUSY TASK ewma=997
DMA IRQ c0=1
DMA IRQ c1=0
DMA IRQ c2=0
DMA IRQ c3=0
SELECT busy=690
SELECT w0=674
SELECT w1=688
SELECT w2=676
BUSY TASK ewma=997
DMA IRQ c0=1
DMA IRQ c1=0
DMA IRQ c2=0
DMA IRQ c3=0
SELECT busy=714
SELECT w0=698
SELECT w1=713
SELECT w2=702
BUSY TASK ewma=997
DMA IRQ c0=1
DMA IRQ c1=0
DMA IRQ c2=0
DMA IRQ c3=0
SELECT busy=744
SELECT w0=727
SELECT w1=741
SELECT w2=730
BUSY TASK ewma=997
DMA IRQ c0=1
DMA IRQ c1=0
DMA IRQ c2=0
DMA IRQ c3=0
SELECT busy=762
SELECT w0=745
SELECT w1=759
SELECT w2=748
BUSY TASK ewma=997
DMA IRQ c0=1
DMA IRQ c1=0
DMA IRQ c2=0
DMA IRQ c3=0
SELECT busy=780
SELECT w0=764
SELECT w1=778
SELECT w2=766
BUSY TASK ewma=997
DMA IRQ c0=1
DMA IRQ c1=0
DMA IRQ c2=0
DMA IRQ c3=0
SELECT busy=802
SELECT w0=786
SELECT w1=800
SELECT w2=788
BUSY TASK ewma=997
DMA IRQ c0=1
DMA IRQ c1=0
DMA IRQ c2=0
DMA IRQ c3=0
SELECT busy=831
SELECT w0=815
SELECT w1=831
SELECT w2=823
BUSY TASK ewma=997
DMA IRQ c0=1
DMA IRQ c1=0
DMA IRQ c2=0
DMA IRQ c3=0
SELECT busy=872
SELECT w0=857
SELECT w1=874
SELECT w2=863
BUSY TASK ewma=997
DMA IRQ c0=1
DMA IRQ c1=0
DMA IRQ c2=0
DMA IRQ c3=0
SELECT busy=898
SELECT w0=883
SELECT w1=898
SELECT w2=887
BUSY TASK ewma=997
DMA IRQ c0=1
DMA IRQ c1=0
DMA IRQ c2=0
DMA IRQ c3=0
SELECT busy=938
SELECT w0=923
SELECT w1=938
SELECT w2=927
BUSY TASK ewma=997
DMA IRQ c0=1
DMA IRQ c1=0
DMA IRQ c2=0
DMA IRQ c3=0
SELECT busy=983
SELECT w0=967
SELECT w1=982
SELECT w2=971
BUSY TASK ewma=997
DMA IRQ c0=1
DMA IRQ c1=0
DMA IRQ c2=0
DMA IRQ c3=0
SELECT busy=1029
SELECT w0=1015
SELECT w1=1029
SELECT w2=1019
BUSY TASK ewma=997
DMA IRQ c0=1
DMA IRQ c1=0
DMA IRQ c2=0
DMA IRQ c3=0
SELECT busy=1075
SELECT w0=1060
SELECT w1=1075
SELECT w2=1065
BUSY TASK ewma=997
DMA IRQ c0=1
DMA IRQ c1=0
DMA IRQ c2=0
DMA IRQ c3=0
SELECT busy=1124
SELECT w0=1108
SELECT w1=1123
SELECT w2=1112
BUSY TASK ewma=997
DMA IRQ c0=1
DMA IRQ c1=0
DMA IRQ c2=0
DMA IRQ c3=0
SELECT busy=1157
SELECT w0=1142
SELECT w1=1157
SELECT w2=1146
BUSY TASK ewma=997
DMA IRQ c0=1
DMA IRQ c1=0
DMA IRQ c2=0
DMA IRQ c3=0
SELECT busy=1194
SELECT w0=1180
SELECT w1=1197
SELECT w2=1189
BUSY TASK ewma=997
DMA IRQ c0=1
DMA IRQ c1=0
DMA IRQ c2=0
DMA IRQ c3=0
SELECT busy=1238
SELECT w0=1224
SELECT w1=1240
SELECT w2=1229
BUSY TASK ewma=997
DMA IRQ c0=1
DMA IRQ c1=0
DMA IRQ c2=0
DMA IRQ c3=0
SELECT busy=1286
SELECT w0=1270
SELECT w1=1286
SELECT w2=1275
BUSY TASK ewma=997
DMA IRQ c0=1
DMA IRQ c1=0
DMA IRQ c2=0
DMA IRQ c3=0
SELECT busy=1345
SELECT w0=1331
SELECT w1=1347
SELECT w2=1337
BUSY TASK ewma=997
DMA IRQ c0=1
DMA IRQ c1=0
DMA IRQ c2=0
DMA IRQ c3=0
SELECT busy=1375
SELECT w0=1358
SELECT w1=1372
SELECT w2=1361
BUSY TASK ewma=997
DMA IRQ c0=1
DMA IRQ c1=0
DMA IRQ c2=0
DMA IRQ c3=0
SELECT busy=1404
SELECT w0=1388
SELECT w1=1403
SELECT w2=1393
BUSY TASK ewma=997
DMA IRQ c0=1
DMA IRQ c1=0
DMA IRQ c2=0
DMA IRQ c3=0
SELECT busy=1443
SELECT w0=1427
SELECT w1=1442
SELECT w2=1431
BUSY TASK ewma=997
DMA IRQ c0=1
DMA IRQ c1=0
DMA IRQ c2=0
DMA IRQ c3=0
SELECT busy=1509
SELECT w0=1494
SELECT w1=1514
SELECT w2=1503
BUSY TASK ewma=997
DMA IRQ c0=1
DMA IRQ c1=0
DMA IRQ c2=0
DMA IRQ c3=0
SELECT busy=1546
SELECT w0=1530
SELECT w1=1546
SELECT w2=1536
BUSY TASK ewma=997
DMA IRQ c0=1
DMA IRQ c1=0
DMA IRQ c2=0
DMA IRQ c3=0
SELECT busy=1575
SELECT w0=1559
SELECT w1=1575
SELECT w2=1564
BUSY TASK ewma=997
DMA IRQ c0=1
DMA IRQ c1=0
DMA IRQ c2=0
DMA IRQ c3=0
SELECT busy=1613
SELECT w0=1597
SELECT w1=1612
SELECT w2=1602
BUSY TASK ewma=997
DMA IRQ c0=1
DMA IRQ c1=0
DMA IRQ c2=0
DMA IRQ c3=0
SELECT busy=1641
SELECT w0=1625
SELECT w1=1640
SELECT w2=1630
BUSY TASK ewma=997
DMA IRQ c0=1
DMA IRQ c1=0
DMA IRQ c2=0
DMA IRQ c3=0
SELECT busy=1666
SELECT w0=1651
SELECT w1=1666
SELECT w2=1655
BUSY TASK ewma=997
DMA IRQ c0=1
DMA IRQ c1=0
DMA IRQ c2=0
DMA IRQ c3=0
SELECT busy=1694
SELECT w0=1677
SELECT w1=1691
SELECT w2=1680
BUSY TASK ewma=997
DMA IRQ c0=1
DMA IRQ c1=0
DMA IRQ c2=0
DMA IRQ c3=0
SELECT busy=1726
SELECT w0=1710
SELECT w1=1725
SELECT w2=1714
BUSY TASK ewma=997
DMA IRQ c0=1
DMA IRQ c1=0
DMA IRQ c2=0
DMA IRQ c3=0
SELECT busy=1747
SELECT w0=1731
SELECT w1=1745
SELECT w2=1733
BUSY TASK ewma=997
DMA IRQ c0=1
DMA IRQ c1=0
DMA IRQ c2=0
DMA IRQ c3=0
SELECT busy=1770
SELECT w0=1754
SELECT w1=1769
SELECT w2=1758
BUSY TASK ewma=997
DMA IRQ c0=1
DMA IRQ c1=0
DMA IRQ c2=0
DMA IRQ c3=0
SELECT busy=1802
SELECT w0=1787
SELECT w1=1802
SELECT w2=1793
BUSY TASK ewma=997
DMA IRQ c0=1
DMA IRQ c1=0
DMA IRQ c2=0
DMA IRQ c3=0
SELECT busy=1832
SELECT w0=1816
SELECT w1=1832
SELECT w2=1821
BUSY TASK ewma=997
DMA IRQ c0=1
DMA IRQ c1=0
DMA IRQ c2=0
DMA IRQ c3=0
SELECT busy=1858
SELECT w0=1842
SELECT w1=1857
SELECT w2=1847
BUSY TASK ewma=997
DMA IRQ c0=1
DMA IRQ c1=0
DMA IRQ c2=0
DMA IRQ c3=0
SELECT busy=1886
SELECT w0=1870
SELECT w1=1885
SELECT w2=1874
BUSY TASK ewma=997
DMA IRQ c0=1
DMA IRQ c1=0
DMA IRQ c2=0
DMA IRQ c3=0
SELECT busy=1907
SELECT w0=1891
SELECT w1=1906
SELECT w2=1895
BUSY TASK ewma=997
IRQ counts: cpu0=7668 cpu1=0 cpu2=0 cpu3=0
SCHED secondaries: calls=0 unexpected=0
SECTEST switches=0 cpu1=0,0 cpu2=0,0 cpu3=0,0
PINGPONG rounds=0 pongs=0
DMA IRQ c0=1
DMA IRQ c1=0
DMA IRQ c2=0
DMA IRQ c3=0
SELECT busy=1958
SELECT w0=1942
SELECT w1=1958
SELECT w2=1947
BUSY TASK ewma=997
DMA IRQ c0=1
DMA IRQ c1=0
DMA IRQ c2=0
DMA IRQ c3=0
SELECT busy=1979
SELECT w0=1962
SELECT w1=1980
SELECT w2=1969
BUSY TASK ewma=997
DMA IRQ c0=1
DMA IRQ c1=0
DMA IRQ c2=0
DMA IRQ c3=0
SELECT busy=2002
SELECT w0=1985
SELECT w1=1999
SELECT w2=1987
BUSY TASK ewma=997
DMA IRQ c0=1
DMA IRQ c1=0
DMA IRQ c2=0
DMA IRQ c3=0
SELECT busy=2030
SELECT w0=2014
SELECT w1=2028
SELECT w2=2016
BUSY TASK ewma=997
DMA IRQ c0=1
DMA IRQ c1=0
DMA IRQ c2=0
DMA IRQ c3=0
SELECT busy=2061
SELECT w0=2044
SELECT w1=2059
SELECT w2=2047
BUSY TASK ewma=997
DMA IRQ c0=1
DMA IRQ c1=0
DMA IRQ c2=0
DMA IRQ c3=0
SELECT busy=2098
SELECT w0=2083
SELECT w1=2099
SELECT w2=2088
BUSY TASK ewma=997
DMA IRQ c0=1
DMA IRQ c1=0
DMA IRQ c2=0
DMA IRQ c3=0
SELECT busy=2127
SELECT w0=2110
SELECT w1=2125
SELECT w2=2113
BUSY TASK ewma=997
DMA IRQ c0=1
DMA IRQ c1=0
DMA IRQ c2=0
DMA IRQ c3=0
SELECT busy=2157
SELECT w0=2144
SELECT w1=2160
SELECT w2=2150
BUSY TASK ewma=997
DMA IRQ c0=1
DMA IRQ c1=0
DMA IRQ c2=0
DMA IRQ c3=0
SELECT busy=2203
SELECT w0=2187
SELECT w1=2201
SELECT w2=2190
BUSY TASK ewma=997
DMA IRQ c0=1
DMA IRQ c1=0
DMA IRQ c2=0
DMA IRQ c3=0
SELECT busy=2226
SELECT w0=2212
SELECT w1=2227
SELECT w2=2216
BUSY TASK ewma=997
DMA IRQ c0=1
DMA IRQ c1=0
DMA IRQ c2=0
DMA IRQ c3=0
SELECT busy=2256
SELECT w0=2241
SELECT w1=2256
SELECT w2=2245
BUSY TASK ewma=997
DMA IRQ c0=1
DMA IRQ c1=0
DMA IRQ c2=0
DMA IRQ c3=0
SELECT busy=2296
SELECT w0=2280
SELECT w1=2296
SELECT w2=2285
BUSY TASK ewma=997
DMA IRQ c0=1
DMA IRQ c1=0
DMA IRQ c2=0
DMA IRQ c3=0
SELECT busy=2327
SELECT w0=2310
SELECT w1=2324
SELECT w2=2312
BUSY TASK ewma=997
DMA IRQ c0=1
DMA IRQ c1=0
DMA IRQ c2=0
DMA IRQ c3=0
SELECT busy=2356
SELECT w0=2340
SELECT w1=2355
SELECT w2=2344
BUSY TASK ewma=997
DMA IRQ c0=1
DMA IRQ c1=0
DMA IRQ c2=0
DMA IRQ c3=0
SELECT busy=2390
SELECT w0=2373
SELECT w1=2388
SELECT w2=2376
BUSY TASK ewma=997
DMA IRQ c0=1
DMA IRQ c1=0
DMA IRQ c2=0
DMA IRQ c3=0
SELECT busy=2428
SELECT w0=2413
SELECT w1=2428
SELECT w2=2417
BUSY TASK ewma=997
DMA IRQ c0=1
DMA IRQ c1=0
DMA IRQ c2=0
DMA IRQ c3=0
SELECT busy=2461
SELECT w0=2445
SELECT w1=2461
SELECT w2=2449
BUSY TASK ewma=997
DMA IRQ c0=1
DMA IRQ c1=0
DMA IRQ c2=0
DMA IRQ c3=0
SELECT busy=2490
SELECT w0=2473
SELECT w1=2487
SELECT w2=2475
BUSY TASK ewma=997
DMA IRQ c0=1
DMA IRQ c1=0
DMA IRQ c2=0
DMA IRQ c3=0
SELECT busy=2507
SELECT w0=2493
SELECT w1=2508
SELECT w2=2497
BUSY TASK ewma=997
DMA IRQ c0=1
DMA IRQ c1=0
DMA IRQ c2=0
DMA IRQ c3=0
SELECT busy=2536
SELECT w0=2520
SELECT w1=2535
SELECT w2=2524
BUSY TASK ewma=997
DMA IRQ c0=1
DMA IRQ c1=0
DMA IRQ c2=0
DMA IRQ c3=0
qemu-system-aarch64: terminating on signal 15 from pid 218931 (timeout)
