P4 M7: full integration test boot OK
CPU0: MPIDR_EL1=0x0000000080000000
CPU0: psci_cpu_on target=1 rc=-2
CPU0: psci_cpu_on target=2 rc=-2
CPU0: psci_cpu_on target=3 rc=-2
CPUs online: 1
DMA IRQ target cpu=0
D2b: worker 1 runs on CPU0
D2b: worker 0 runs on CPU0
D2b: worker 2 runs on CPU0
P4 M7: worker submitted cmd_id=2
P4 M7: worker DATA OK, cmd_id=2
WORKER ewma=958
P4 M7: worker submitted cmd_id=1
P4 M7: worker submitted cmd_id=3
P4 M7: worker DATA OK, cmd_id=1
WORKER ewma=989
P4 M7: worker DATA OK, cmd_id=3
WORKER ewma=989
BUSY TASK ewma=997
DMA IRQ c0=3
DMA IRQ c1=0
DMA IRQ c2=0
DMA IRQ c3=0
SELECT busy=31
SELECT w0=32
SELECT w1=33
SELECT w2=34
BUSY TASK ewma=997
DMA IRQ c0=3
DMA IRQ c1=0
DMA IRQ c2=0
DMA IRQ c3=0
SELECT busy=51
SELECT w0=51
SELECT w1=51
SELECT w2=51
BUSY TASK ewma=997
DMA IRQ c0=3
DMA IRQ c1=0
DMA IRQ c2=0
DMA IRQ c3=0
SELECT busy=86
SELECT w0=86
SELECT w1=87
SELECT w2=88
BUSY TASK ewma=997
DMA IRQ c0=3
DMA IRQ c1=0
DMA IRQ c2=0
DMA IRQ c3=0
SELECT busy=133
SELECT w0=134
SELECT w1=134
SELECT w2=134
BUSY TASK ewma=997
DMA IRQ c0=3
DMA IRQ c1=0
DMA IRQ c2=0
DMA IRQ c3=0
SELECT busy=158
SELECT w0=159
SELECT w1=161
SELECT w2=162
BUSY TASK ewma=997
DMA IRQ c0=3
DMA IRQ c1=0
DMA IRQ c2=0
DMA IRQ c3=0
SELECT busy=188
SELECT w0=191
SELECT w1=193
SELECT w2=194
BUSY TASK ewma=997
DMA IRQ c0=3
DMA IRQ c1=0
DMA IRQ c2=0
DMA IRQ c3=0
SELECT busy=220
SELECT w0=221
SELECT w1=223
SELECT w2=224
BUSY TASK ewma=997
DMA IRQ c0=3
DMA IRQ c1=0
DMA IRQ c2=0
DMA IRQ c3=0
SELECT busy=253
SELECT w0=253
SELECT w1=254
SELECT w2=255
BUSY TASK ewma=997
DMA IRQ c0=3
DMA IRQ c1=0
DMA IRQ c2=0
DMA IRQ c3=0
SELECT busy=280
SELECT w0=281
SELECT w1=286
SELECT w2=288
BUSY TASK ewma=997
DMA IRQ c0=3
DMA IRQ c1=0
DMA IRQ c2=0
DMA IRQ c3=0
SELECT busy=318
SELECT w0=320
SELECT w1=321
SELECT w2=322
BUSY TASK ewma=997
DMA IRQ c0=3
DMA IRQ c1=0
DMA IRQ c2=0
DMA IRQ c3=0
SELECT busy=338
SELECT w0=339
SELECT w1=340
SELECT w2=340
BUSY TASK ewma=997
DMA IRQ c0=3
DMA IRQ c1=0
DMA IRQ c2=0
DMA IRQ c3=0
SELECT busy=364
SELECT w0=365
SELECT w1=366
SELECT w2=368
BUSY TASK ewma=997
DMA IRQ c0=3
DMA IRQ c1=0
DMA IRQ c2=0
DMA IRQ c3=0
SELECT busy=391
SELECT w0=393
SELECT w1=395
SELECT w2=396
BUSY TASK ewma=997
DMA IRQ c0=3
DMA IRQ c1=0
DMA IRQ c2=0
DMA IRQ c3=0
SELECT busy=426
SELECT w0=429
SELECT w1=430
SELECT w2=432
BUSY TASK ewma=997
DMA IRQ c0=3
DMA IRQ c1=0
DMA IRQ c2=0
DMA IRQ c3=0
SELECT busy=471
SELECT w0=472
SELECT w1=472
SELECT w2=472
BUSY TASK ewma=997
DMA IRQ c0=3
DMA IRQ c1=0
DMA IRQ c2=0
DMA IRQ c3=0
SELECT busy=499
SELECT w0=500
SELECT w1=500
SELECT w2=500
BUSY TASK ewma=997
DMA IRQ c0=3
DMA IRQ c1=0
DMA IRQ c2=0
DMA IRQ c3=0
SELECT busy=522
SELECT w0=522
SELECT w1=523
SELECT w2=524
BUSY TASK ewma=997
DMA IRQ c0=3
DMA IRQ c1=0
DMA IRQ c2=0
DMA IRQ c3=0
SELECT busy=548
SELECT w0=549
SELECT w1=551
SELECT w2=553
BUSY TASK ewma=997
DMA IRQ c0=3
DMA IRQ c1=0
DMA IRQ c2=0
DMA IRQ c3=0
SELECT busy=571
SELECT w0=571
SELECT w1=571
SELECT w2=572
BUSY TASK ewma=997
DMA IRQ c0=3
DMA IRQ c1=0
DMA IRQ c2=0
DMA IRQ c3=0
SELECT busy=598
SELECT w0=599
SELECT w1=600
SELECT w2=601
BUSY TASK ewma=997
DMA IRQ c0=3
DMA IRQ c1=0
DMA IRQ c2=0
DMA IRQ c3=0
SELECT busy=627
SELECT w0=628
SELECT w1=632
SELECT w2=633
BUSY TASK ewma=997
DMA IRQ c0=3
DMA IRQ c1=0
DMA IRQ c2=0
DMA IRQ c3=0
SELECT busy=661
SELECT w0=663
SELECT w1=666
SELECT w2=669
BUSY TASK ewma=997
DMA IRQ c0=3
DMA IRQ c1=0
DMA IRQ c2=0
DMA IRQ c3=0
SELECT busy=698
SELECT w0=700
SELECT w1=701
SELECT w2=704
BUSY TASK ewma=997
DMA IRQ c0=3
DMA IRQ c1=0
DMA IRQ c2=0
DMA IRQ c3=0
SELECT busy=733
SELECT w0=735
SELECT w1=736
SELECT w2=737
BUSY TASK ewma=997
DMA IRQ c0=3
DMA IRQ c1=0
DMA IRQ c2=0
DMA IRQ c3=0
SELECT busy=759
SELECT w0=760
SELECT w1=761
SELECT w2=763
BUSY TASK ewma=997
DMA IRQ c0=3
DMA IRQ c1=0
DMA IRQ c2=0
DMA IRQ c3=0
SELECT busy=798
SELECT w0=799
SELECT w1=803
SELECT w2=808
BUSY TASK ewma=997
DMA IRQ c0=3
DMA IRQ c1=0
DMA IRQ c2=0
DMA IRQ c3=0
SELECT busy=828
SELECT w0=828
SELECT w1=829
SELECT w2=834
BUSY TASK ewma=997
DMA IRQ c0=3
DMA IRQ c1=0
DMA IRQ c2=0
DMA IRQ c3=0
SELECT busy=857
SELECT w0=858
SELECT w1=859
SELECT w2=859
BUSY TASK ewma=997
DMA IRQ c0=3
DMA IRQ c1=0
DMA IRQ c2=0
DMA IRQ c3=0
SELECT busy=895
SELECT w0=898
SELECT w1=900
SELECT w2=900
BUSY TASK ewma=997
DMA IRQ c0=3
DMA IRQ c1=0
DMA IRQ c2=0
DMA IRQ c3=0
SELECT busy=917
SELECT w0=917
SELECT w1=918
SELECT w2=918
BUSY TASK ewma=997
DMA IRQ c0=3
DMA IRQ c1=0
DMA IRQ c2=0
DMA IRQ c3=0
SELECT busy=952
SELECT w0=953
SELECT w1=956
SELECT w2=958
BUSY TASK ewma=997
DMA IRQ c0=3
DMA IRQ c1=0
DMA IRQ c2=0
DMA IRQ c3=0
SELECT busy=983
SELECT w0=984
SELECT w1=985
SELECT w2=985
BUSY TASK ewma=997
DMA IRQ c0=3
DMA IRQ c1=0
DMA IRQ c2=0
DMA IRQ c3=0
SELECT busy=1005
SELECT w0=1006
SELECT w1=1007
SELECT w2=1010
BUSY TASK ewma=997
DMA IRQ c0=3
DMA IRQ c1=0
DMA IRQ c2=0
DMA IRQ c3=0
SELECT busy=1042
SELECT w0=1043
SELECT w1=1044
SELECT w2=1044
BUSY TASK ewma=997
DMA IRQ c0=3
DMA IRQ c1=0
DMA IRQ c2=0
DMA IRQ c3=0
SELECT busy=1060
SELECT w0=1060
SELECT w1=1061
SELECT w2=1061
BUSY TASK ewma=997
DMA IRQ c0=3
DMA IRQ c1=0
DMA IRQ c2=0
DMA IRQ c3=0
SELECT busy=1092
SELECT w0=1093
SELECT w1=1093
SELECT w2=1093
BUSY TASK ewma=997
DMA IRQ c0=3
DMA IRQ c1=0
DMA IRQ c2=0
DMA IRQ c3=0
SELECT busy=1118
SELECT w0=1122
SELECT w1=1125
SELECT w2=1128
BUSY TASK ewma=997
DMA IRQ c0=3
DMA IRQ c1=0
DMA IRQ c2=0
DMA IRQ c3=0
SELECT busy=1143
SELECT w0=1143
SELECT w1=1143
SELECT w2=1143
BUSY TASK ewma=997
DMA IRQ c0=3
DMA IRQ c1=0
DMA IRQ c2=0
DMA IRQ c3=0
SELECT busy=1161
SELECT w0=1161
SELECT w1=1161
SELECT w2=1161
BUSY TASK ewma=997
DMA IRQ c0=3
DMA IRQ c1=0
DMA IRQ c2=0
DMA IRQ c3=0
SELECT busy=1179
SELECT w0=1179
SELECT w1=1180
SELECT w2=1180
BUSY TASK ewma=997
DMA IRQ c0=3
DMA IRQ c1=0
DMA IRQ c2=0
DMA IRQ c3=0
SELECT busy=1200
SELECT w0=1203
SELECT w1=1204
SELECT w2=1205
BUSY TASK ewma=997
DMA IRQ c0=3
DMA IRQ c1=0
DMA IRQ c2=0
DMA IRQ c3=0
SELECT busy=1224
SELECT w0=1224
SELECT w1=1224
SELECT w2=1224
BUSY TASK ewma=997
DMA IRQ c0=3
DMA IRQ c1=0
DMA IRQ c2=0
DMA IRQ c3=0
SELECT busy=1242
SELECT w0=1242
SELECT w1=1243
SELECT w2=1243
BUSY TASK ewma=997
DMA IRQ c0=3
DMA IRQ c1=0
DMA IRQ c2=0
DMA IRQ c3=0
SELECT busy=1265
SELECT w0=1265
SELECT w1=1265
SELECT w2=1265
BUSY TASK ewma=997
DMA IRQ c0=3
DMA IRQ c1=0
DMA IRQ c2=0
DMA IRQ c3=0
SELECT busy=1283
SELECT w0=1284
SELECT w1=1284
SELECT w2=1284
BUSY TASK ewma=997
DMA IRQ c0=3
DMA IRQ c1=0
DMA IRQ c2=0
DMA IRQ c3=0
SELECT busy=1300
SELECT w0=1301
SELECT w1=1302
SELECT w2=1303
BUSY TASK ewma=997
DMA IRQ c0=3
DMA IRQ c1=0
DMA IRQ c2=0
DMA IRQ c3=0
SELECT busy=1335
SELECT w0=1336
SELECT w1=1336
SELECT w2=1337
BUSY TASK ewma=997
DMA IRQ c0=3
DMA IRQ c1=0
DMA IRQ c2=0
DMA IRQ c3=0
SELECT busy=1354
SELECT w0=1355
SELECT w1=1355
SELECT w2=1355
BUSY TASK ewma=997
DMA IRQ c0=3
DMA IRQ c1=0
DMA IRQ c2=0
DMA IRQ c3=0
SELECT busy=1373
SELECT w0=1373
SELECT w1=1374
SELECT w2=1377
BUSY TASK ewma=997
DMA IRQ c0=3
DMA IRQ c1=0
DMA IRQ c2=0
DMA IRQ c3=0
SELECT busy=1408
SELECT w0=1410
SELECT w1=1411
SELECT w2=1413
BUSY TASK ewma=997
DMA IRQ c0=3
DMA IRQ c1=0
DMA IRQ c2=0
DMA IRQ c3=0
SELECT busy=1431
SELECT w0=1431
SELECT w1=1432
SELECT w2=1432
BUSY TASK ewma=997
DMA IRQ c0=3
DMA IRQ c1=0
DMA IRQ c2=0
DMA IRQ c3=0
SELECT busy=1454
SELECT w0=1454
SELECT w1=1454
SELECT w2=1454
BUSY TASK ewma=997
DMA IRQ c0=3
DMA IRQ c1=0
DMA IRQ c2=0
DMA IRQ c3=0
SELECT busy=1475
SELECT w0=1476
SELECT w1=1477
SELECT w2=1478
BUSY TASK ewma=997
DMA IRQ c0=3
DMA IRQ c1=0
DMA IRQ c2=0
DMA IRQ c3=0
SELECT busy=1510
SELECT w0=1511
SELECT w1=1514
SELECT w2=1517
BUSY TASK ewma=997
DMA IRQ c0=3
DMA IRQ c1=0
DMA IRQ c2=0
DMA IRQ c3=0
SELECT busy=1547
SELECT w0=1550
SELECT w1=1552
SELECT w2=1556
BUSY TASK ewma=997
DMA IRQ c0=3
DMA IRQ c1=0
DMA IRQ c2=0
DMA IRQ c3=0
SELECT busy=1581
SELECT w0=1582
SELECT w1=1583
SELECT w2=1587
BUSY TASK ewma=997
DMA IRQ c0=3
DMA IRQ c1=0
DMA IRQ c2=0
DMA IRQ c3=0
SELECT busy=1618
SELECT w0=1619
SELECT w1=1620
SELECT w2=1621
BUSY TASK ewma=997
DMA IRQ c0=3
DMA IRQ c1=0
DMA IRQ c2=0
DMA IRQ c3=0
SELECT busy=1658
SELECT w0=1658
SELECT w1=1658
SELECT w2=1658
BUSY TASK ewma=997
DMA IRQ c0=3
DMA IRQ c1=0
DMA IRQ c2=0
DMA IRQ c3=0
SELECT busy=1687
SELECT w0=1688
SELECT w1=1689
SELECT w2=1691
BUSY TASK ewma=997
DMA IRQ c0=3
DMA IRQ c1=0
DMA IRQ c2=0
DMA IRQ c3=0
SELECT busy=1732
SELECT w0=1732
SELECT w1=1732
SELECT w2=1732
BUSY TASK ewma=997
DMA IRQ c0=3
DMA IRQ c1=0
DMA IRQ c2=0
DMA IRQ c3=0
SELECT busy=1780
SELECT w0=1784
SELECT w1=1785
SELECT w2=1786
BUSY TASK ewma=997
DMA IRQ c0=3
DMA IRQ c1=0
DMA IRQ c2=0
DMA IRQ c3=0
SELECT busy=1804
SELECT w0=1805
SELECT w1=1805
SELECT w2=1805
BUSY TASK ewma=997
DMA IRQ c0=3
DMA IRQ c1=0
DMA IRQ c2=0
DMA IRQ c3=0
SELECT busy=1825
SELECT w0=1825
SELECT w1=1826
SELECT w2=1827
BUSY TASK ewma=997
IRQ counts: cpu0=7382 cpu1=0 cpu2=0 cpu3=0
SCHED secondaries: calls=0 unexpected=0
SECTEST switches=0 cpu1=0,0 cpu2=0,0 cpu3=0,0
PINGPONG rounds=0 pongs=0
DMA IRQ c0=3
DMA IRQ c1=0
DMA IRQ c2=0
DMA IRQ c3=0
SELECT busy=1869
SELECT w0=1870
SELECT w1=1871
SELECT w2=1872
BUSY TASK ewma=997
DMA IRQ c0=3
DMA IRQ c1=0
DMA IRQ c2=0
DMA IRQ c3=0
SELECT busy=1898
SELECT w0=1898
SELECT w1=1902
SELECT w2=1903
BUSY TASK ewma=997
DMA IRQ c0=3
DMA IRQ c1=0
DMA IRQ c2=0
DMA IRQ c3=0
SELECT busy=1921
SELECT w0=1922
SELECT w1=1923
SELECT w2=1925
BUSY TASK ewma=997
DMA IRQ c0=3
DMA IRQ c1=0
DMA IRQ c2=0
DMA IRQ c3=0
SELECT busy=1942
SELECT w0=1943
SELECT w1=1945
SELECT w2=1945
BUSY TASK ewma=997
DMA IRQ c0=3
DMA IRQ c1=0
DMA IRQ c2=0
DMA IRQ c3=0
SELECT busy=1970
SELECT w0=1970
SELECT w1=1971
SELECT w2=1972
BUSY TASK ewma=997
DMA IRQ c0=3
DMA IRQ c1=0
DMA IRQ c2=0
DMA IRQ c3=0
SELECT busy=2006
SELECT w0=2007
SELECT w1=2009
SELECT w2=2012
BUSY TASK ewma=997
DMA IRQ c0=3
DMA IRQ c1=0
DMA IRQ c2=0
DMA IRQ c3=0
SELECT busy=2035
SELECT w0=2035
SELECT w1=2036
SELECT w2=2040
BUSY TASK ewma=997
DMA IRQ c0=3
DMA IRQ c1=0
DMA IRQ c2=0
DMA IRQ c3=0
SELECT busy=2063
SELECT w0=2066
SELECT w1=2068
SELECT w2=2068
BUSY TASK ewma=997
DMA IRQ c0=3
DMA IRQ c1=0
DMA IRQ c2=0
DMA IRQ c3=0
SELECT busy=2089
SELECT w0=2090
SELECT w1=2090
SELECT w2=2091
BUSY TASK ewma=997
DMA IRQ c0=3
DMA IRQ c1=0
DMA IRQ c2=0
DMA IRQ c3=0
SELECT busy=2108
SELECT w0=2109
SELECT w1=2109
SELECT w2=2109
BUSY TASK ewma=997
DMA IRQ c0=3
DMA IRQ c1=0
DMA IRQ c2=0
DMA IRQ c3=0
SELECT busy=2128
SELECT w0=2128
SELECT w1=2128
SELECT w2=2128
BUSY TASK ewma=997
DMA IRQ c0=3
DMA IRQ c1=0
DMA IRQ c2=0
DMA IRQ c3=0
SELECT busy=2161
SELECT w0=2161
SELECT w1=2161
SELECT w2=2162
BUSY TASK ewma=997
DMA IRQ c0=3
DMA IRQ c1=0
DMA IRQ c2=0
DMA IRQ c3=0
SELECT busy=2189
SELECT w0=2190
SELECT w1=2191
SELECT w2=2193
BUSY TASK ewma=997
DMA IRQ c0=3
DMA IRQ c1=0
DMA IRQ c2=0
DMA IRQ c3=0
SELECT busy=2219
SELECT w0=2221
SELECT w1=2221
SELECT w2=2222
BUSY TASK ewma=997
DMA IRQ c0=3
DMA IRQ c1=0
DMA IRQ c2=0
DMA IRQ c3=0
SELECT busy=2241
SELECT w0=2242
SELECT w1=2243
SELECT w2=2244
BUSY TASK ewma=997
DMA IRQ c0=3
DMA IRQ c1=0
DMA IRQ c2=0
DMA IRQ c3=0
SELECT busy=2260
SELECT w0=2261
SELECT w1=2261
SELECT w2=2261
BUSY TASK ewma=997
DMA IRQ c0=3
DMA IRQ c1=0
DMA IRQ c2=0
DMA IRQ c3=0
SELECT busy=2285
SELECT w0=2289
SELECT w1=2289
SELECT w2=2289
BUSY TASK ewma=997
DMA IRQ c0=3
DMA IRQ c1=0
DMA IRQ c2=0
DMA IRQ c3=0
SELECT busy=2315
SELECT w0=2315
SELECT w1=2316
SELECT w2=2316
BUSY TASK ewma=997
DMA IRQ c0=3
DMA IRQ c1=0
DMA IRQ c2=0
DMA IRQ c3=0
SELECT busy=2345
SELECT w0=2349
SELECT w1=2351
SELECT w2=2352
BUSY TASK ewma=997
DMA IRQ c0=3
DMA IRQ c1=0
DMA IRQ c2=0
DMA IRQ c3=0
SELECT busy=2371
SELECT w0=2372
SELECT w1=2372
SELECT w2=2373
BUSY TASK ewma=997
DMA IRQ c0=3
DMA IRQ c1=0
DMA IRQ c2=0
DMA IRQ c3=0
SELECT busy=2392
SELECT w0=2392
SELECT w1=2393
SELECT w2=2393
BUSY TASK ewma=997
DMA IRQ c0=3
DMA IRQ c1=0
DMA IRQ c2=0
DMA IRQ c3=0
SELECT busy=2414
SELECT w0=2415
SELECT w1=2415
SELECT w2=2416
BUSY TASK ewma=997
DMA IRQ c0=3
DMA IRQ c1=0
DMA IRQ c2=0
DMA IRQ c3=0
SELECT busy=2434
SELECT w0=2434
SELECT w1=2434
SELECT w2=2434
BUSY TASK ewma=997
DMA IRQ c0=3
DMA IRQ c1=0
DMA IRQ c2=0
DMA IRQ c3=0
SELECT busy=2452
SELECT w0=2453
SELECT w1=2453
SELECT w2=2453
BUSY TASK ewma=997
DMA IRQ c0=3
DMA IRQ c1=0
DMA IRQ c2=0
DMA IRQ c3=0
SELECT busy=2477
SELECT w0=2478
SELECT w1=2483
SELECT w2=2485
BUSY TASK ewma=997
DMA IRQ c0=3
DMA IRQ c1=0
DMA IRQ c2=0
DMA IRQ c3=0
SELECT busy=2517
SELECT w0=2519
SELECT w1=2520
SELECT w2=2521
BUSY TASK ewma=997
DMA IRQ c0=3
DMA IRQ c1=0
DMA IRQ c2=0
DMA IRQ c3=0
SELECT busy=2556
SELECT w0=2556
SELECT w1=2560
SELECT w2=2560
BUSY TASK ewma=997
DMA IRQ c0=3
DMA IRQ c1=0
DMA IRQ c2=0
DMA IRQ c3=0
SELECT busy=2600
SELECT w0=2601
SELECT w1=2603
SELECT w2=2603
BUSY TASK ewma=997
DMA IRQ c0=3
DMA IRQ c1=0
DMA IRQ c2=0
DMA IRQ c3=0
SELECT busy=2626
SELECT w0=2626
SELECT w1=2627
SELECT w2=2627
BUSY TASK ewma=997
DMA IRQ c0=3
DMA IRQ c1=0
DMA IRQ c2=0
DMA IRQ c3=0
SELECT busy=2653
SELECT w0=2653
SELECT w1=2653
SELECT w2=2653
BUSY TASK ewma=997
DMA IRQ c0=3
DMA IRQ c1=0
DMA IRQ c2=0
DMA IRQ c3=0
SELECT busy=2688
SELECT w0=2688
SELECT w1=2689
SELECT w2=2689
BUSY TASK ewma=997
DMA IRQ c0=3
DMA IRQ c1=0
DMA IRQ c2=0
DMA IRQ c3=0
SELECT busy=2708
SELECT w0=2708
SELECT w1=2708
SELECT w2=2708
BUSY TASK ewma=997
DMA IRQ c0=3
DMA IRQ c1=0
DMA IRQ c2=0
DMA IRQ c3=0
SELECT busy=2726
SELECT w0=2727
SELECT w1=2727
SELECT w2=2728
BUSY TASK ewma=997
DMA IRQ c0=3
DMA IRQ c1=0
DMA IRQ c2=0
DMA IRQ c3=0
SELECT busy=2746
SELECT w0=2746
SELECT w1=2747
SELECT w2=2747
BUSY TASK ewma=997
DMA IRQ c0=3
DMA IRQ c1=0
DMA IRQ c2=0
DMA IRQ c3=0
SELECT busy=2767
SELECT w0=2767
SELECT w1=2768
SELECT w2=2768
BUSY TASK ewma=997
DMA IRQ c0=3
DMA IRQ c1=0
DMA IRQ c2=0
DMA IRQ c3=0
SELECT busy=2787
SELECT w0=2787
SELECT w1=2787
SELECT w2=2788
BUSY TASK ewma=997
DMA IRQ c0=3
DMA IRQ c1=0
DMA IRQ c2=0
DMA IRQ c3=0
SELECT busy=2822
SELECT w0=2823
SELECT w1=2824
SELECT w2=2824
BUSY TASK ewma=997
DMA IRQ c0=3
DMA IRQ c1=0
DMA IRQ c2=0
DMA IRQ c3=0
SELECT busy=2844
SELECT w0=2844
SELECT w1=2845
SELECT w2=2846
BUSY TASK ewma=997
DMA IRQ c0=3
DMA IRQ c1=0
DMA IRQ c2=0
DMA IRQ c3=0
SELECT busy=2871
SELECT w0=2871
SELECT w1=2872
SELECT w2=2873
BUSY TASK ewma=997
DMA IRQ c0=3
DMA IRQ c1=0
DMA IRQ c2=0
DMA IRQ c3=0
SELECT busy=2905
SELECT w0=2907
SELECT w1=2907
SELECT w2=2907
BUSY TASK ewma=997
DMA IRQ c0=3
DMA IRQ c1=0
DMA IRQ c2=0
DMA IRQ c3=0
SELECT busy=2928
SELECT w0=2928
SELECT w1=2929
SELECT w2=2931
BUSY TASK ewma=997
DMA IRQ c0=3
DMA IRQ c1=0
DMA IRQ c2=0
DMA IRQ c3=0
SELECT busy=2962
SELECT w0=2962
SELECT w1=2962
SELECT w2=2962
BUSY TASK ewma=997
DMA IRQ c0=3
DMA IRQ c1=0
DMA IRQ c2=0
DMA IRQ c3=0
SELECT busy=2996
SELECT w0=2997
SELECT w1=2998
SELECT w2=3002
BUSY TASK ewma=997
DMA IRQ c0=3
DMA IRQ c1=0
DMA IRQ c2=0
DMA IRQ c3=0
SELECT busy=3026
SELECT w0=3028
SELECT w1=3030
SELECT w2=3033
BUSY TASK ewma=997
DMA IRQ c0=3
DMA IRQ c1=0
DMA IRQ c2=0
DMA IRQ c3=0
SELECT busy=3065
SELECT w0=3065
SELECT w1=3065
SELECT w2=3066
BUSY TASK ewma=997
DMA IRQ c0=3
DMA IRQ c1=0
DMA IRQ c2=0
DMA IRQ c3=0
SELECT busy=3086
SELECT w0=3086
SELECT w1=3086
SELECT w2=3086
BUSY TASK ewma=997
DMA IRQ c0=3
DMA IRQ c1=0
DMA IRQ c2=0
DMA IRQ c3=0
SELECT busy=3109
SELECT w0=3109
SELECT w1=3110
SELECT w2=3112
BUSY TASK ewma=997
DMA IRQ c0=3
DMA IRQ c1=0
DMA IRQ c2=0
DMA IRQ c3=0
SELECT busy=3146
SELECT w0=3148
SELECT w1=3149
SELECT w2=3150
BUSY TASK ewma=997
DMA IRQ c0=3
DMA IRQ c1=0
DMA IRQ c2=0
DMA IRQ c3=0
SELECT busy=3179
SELECT w0=3179
SELECT w1=3179
SELECT w2=3179
BUSY TASK ewma=997
DMA IRQ c0=3
DMA IRQ c1=0
DMA IRQ c2=0
DMA IRQ c3=0
SELECT busy=3196
SELECT w0=3196
SELECT w1=3197
SELECT w2=3197
BUSY TASK ewma=997
DMA IRQ c0=3
DMA IRQ c1=0
DMA IRQ c2=0
DMA IRQ c3=0
SELECT busy=3221
SELECT w0=3221
SELECT w1=3221
SELECT w2=3221
BUSY TASK ewma=997
DMA IRQ c0=3
DMA IRQ c1=0
DMA IRQ c2=0
DMA IRQ c3=0
SELECT busy=3242
SELECT w0=3243
SELECT w1=3244
SELECT w2=3244
BUSY TASK ewma=997
DMA IRQ c0=3
DMA IRQ c1=0
DMA IRQ c2=0
DMA IRQ c3=0
SELECT busy=3269
SELECT w0=3275
SELECT w1=3277
SELECT w2=3279
BUSY TASK ewma=997
DMA IRQ c0=3
DMA IRQ c1=0
DMA IRQ c2=0
DMA IRQ c3=0
SELECT busy=3305
SELECT w0=3306
SELECT w1=3308
SELECT w2=3308
BUSY TASK ewma=997
DMA IRQ c0=3
DMA IRQ c1=0
DMA IRQ c2=0
DMA IRQ c3=0
SELECT busy=3332
SELECT w0=3333
SELECT w1=3333
SELECT w2=3333
BUSY TASK ewma=997
DMA IRQ c0=3
DMA IRQ c1=0
DMA IRQ c2=0
DMA IRQ c3=0
SELECT busy=3375
SELECT w0=3375
SELECT w1=3375
SELECT w2=3375
BUSY TASK ewma=997
DMA IRQ c0=3
DMA IRQ c1=0
DMA IRQ c2=0
DMA IRQ c3=0
SELECT busy=3406
SELECT w0=3406
SELECT w1=3408
SELECT w2=3408
BUSY TASK ewma=997
DMA IRQ c0=3
DMA IRQ c1=0
DMA IRQ c2=0
DMA IRQ c3=0
SELECT busy=3429
SELECT w0=3430
SELECT w1=3431
SELECT w2=3432
BUSY TASK ewma=997
DMA IRQ c0=3
DMA IRQ c1=0
DMA IRQ c2=0
DMA IRQ c3=0
SELECT busy=3467
SELECT w0=3467
SELECT w1=3468
SELECT w2=3470
BUSY TASK ewma=997
DMA IRQ c0=3
DMA IRQ c1=0
DMA IRQ c2=0
DMA IRQ c3=0
SELECT busy=3494
SELECT w0=3494
SELECT w1=3495
SELECT w2=3495
BUSY TASK ewma=997
DMA IRQ c0=3
DMA IRQ c1=0
DMA IRQ c2=0
DMA IRQ c3=0
SELECT busy=3514
SELECT w0=3515
SELECT w1=3515
SELECT w2=3519
BUSY TASK ewma=997
DMA IRQ c0=3
DMA IRQ c1=0
DMA IRQ c2=0
DMA IRQ c3=0
SELECT busy=3544
SELECT w0=3546
SELECT w1=3548
SELECT w2=3549
BUSY TASK ewma=997
DMA IRQ c0=3
DMA IRQ c1=0
DMA IRQ c2=0
DMA IRQ c3=0
SELECT busy=3575
SELECT w0=3577
SELECT w1=3579
SELECT w2=3581
BUSY TASK ewma=997
DMA IRQ c0=3
DMA IRQ c1=0
DMA IRQ c2=0
DMA IRQ c3=0
SELECT busy=3606
SELECT w0=3607
SELECT w1=3608
SELECT w2=3608
BUSY TASK ewma=997
IRQ counts: cpu0=14530 cpu1=0 cpu2=0 cpu3=0
SCHED secondaries: calls=0 unexpected=0
SECTEST switches=0 cpu1=0,0 cpu2=0,0 cpu3=0,0
PINGPONG rounds=0 pongs=0
DMA IRQ c0=3
DMA IRQ c1=0
DMA IRQ c2=0
DMA IRQ c3=0
SELECT busy=3642
SELECT w0=3642
SELECT w1=3643
SELECT w2=3643
BUSY TASK ewma=997
DMA IRQ c0=3
DMA IRQ c1=0
DMA IRQ c2=0
DMA IRQ c3=0
SELECT busy=3673
SELECT w0=3674
SELECT w1=3674
SELECT w2=3674
BUSY TASK ewma=997
DMA IRQ c0=3
DMA IRQ c1=0
DMA IRQ c2=0
DMA IRQ c3=0
SELECT busy=3699
SELECT w0=3701
SELECT w1=3701
SELECT w2=3701
BUSY TASK ewma=997
DMA IRQ c0=3
DMA IRQ c1=0
DMA IRQ c2=0
DMA IRQ c3=0
SELECT busy=3718
SELECT w0=3718
SELECT w1=3718
SELECT w2=3718
BUSY TASK ewma=997
DMA IRQ c0=3
DMA IRQ c1=0
DMA IRQ c2=0
DMA IRQ c3=0
SELECT busy=3739
SELECT w0=3739
SELECT w1=3740
SELECT w2=3742
BUSY TASK ewma=997
DMA IRQ c0=3
DMA IRQ c1=0
DMA IRQ c2=0
DMA IRQ c3=0
SELECT busy=3765
SELECT w0=3767
SELECT w1=3768
SELECT w2=3768
BUSY TASK ewma=997
DMA IRQ c0=3
DMA IRQ c1=0
DMA IRQ c2=0
DMA IRQ c3=0
SELECT busy=3786
SELECT w0=3787
SELECT w1=3788
SELECT w2=3789
BUSY TASK ewma=997
DMA IRQ c0=3
DMA IRQ c1=0
DMA IRQ c2=0
DMA IRQ c3=0
SELECT busy=3816
SELECT w0=3816
SELECT w1=3816
SELECT w2=3817
BUSY TASK ewma=997
DMA IRQ c0=3
DMA IRQ c1=0
DMA IRQ c2=0
DMA IRQ c3=0
SELECT busy=3841
SELECT w0=3842
SELECT w1=3842
SELECT w2=3842
BUSY TASK ewma=997
DMA IRQ c0=3
DMA IRQ c1=0
DMA IRQ c2=0
DMA IRQ c3=0
SELECT busy=3871
SELECT w0=3871
SELECT w1=3872
SELECT w2=3872
BUSY TASK ewma=997
DMA IRQ c0=3
DMA IRQ c1=0
DMA IRQ c2=0
DMA IRQ c3=0
SELECT busy=3912
SELECT w0=3915
SELECT w1=3918
SELECT w2=3920
BUSY TASK ewma=997
DMA IRQ c0=3
DMA IRQ c1=0
DMA IRQ c2=0
DMA IRQ c3=0
SELECT busy=3945
SELECT w0=3946
SELECT w1=3948
SELECT w2=3950
BUSY TASK ewma=997
DMA IRQ c0=3
DMA IRQ c1=0
DMA IRQ c2=0
DMA IRQ c3=0
SELECT busy=3980
SELECT w0=3983
SELECT w1=3984
SELECT w2=3986
BUSY TASK ewma=997
DMA IRQ c0=3
DMA IRQ c1=0
DMA IRQ c2=0
DMA IRQ c3=0
SELECT busy=4033
SELECT w0=4033
SELECT w1=4034
SELECT w2=4036
BUSY TASK ewma=997
DMA IRQ c0=3
DMA IRQ c1=0
DMA IRQ c2=0
DMA IRQ c3=0
SELECT busy=4059
SELECT w0=4061
SELECT w1=4064
SELECT w2=4065
BUSY TASK ewma=997
DMA IRQ c0=3
DMA IRQ c1=0
DMA IRQ c2=0
DMA IRQ c3=0
SELECT busy=4090
SELECT w0=4090
SELECT w1=4091
SELECT w2=4091
BUSY TASK ewma=997
DMA IRQ c0=3
DMA IRQ c1=0
DMA IRQ c2=0
DMA IRQ c3=0
SELECT busy=4117
SELECT w0=4118
SELECT w1=4118
SELECT w2=4119
qemu-system-aarch64: terminating on signal 15 from pid 213903 (timeout)
