P4 M7: full integration test boot OK
CPU0: MPIDR_EL1=0x0000000080000000
CPU0: psci_cpu_on target=1 rc=-2
CPU0: psci_cpu_on target=2 rc=-2
CPU0: psci_cpu_on target=3 rc=-2
CPUs online: 1
DMA IRQ target cpu=0
D2b: worker 2 runs on CPU0
D2b: worker 0 runs on CPU0
D2b: worker 1 runs on CPU0
P4 M7: worker submitted cmd_id=2
P4 M7: worker submitted cmd_id=3
P4 M7: worker submitted cmd_id=1
BUSY TASK ewma=979
DMA IRQ c0=0
DMA IRQ c1=0
P4 M7: worker DATA OK, cmd_id=2
WORKER ewma=759
P4 M7: worker DATA OK, cmd_id=3
P4 M7: worker DATA OK, cmd_id=1
WORKER ewma=881
WORKER ewma=881
DMA IRQ c2=0
DMA IRQ c3=0
SELECT busy=19
SELECT w0=20
SELECT w1=22
SELECT w2=23
BUSY TASK ewma=997
DMA IRQ c0=2
DMA IRQ c1=0
DMA IRQ c2=0
DMA IRQ c3=0
SELECT busy=45
SELECT w0=46
SELECT w1=49
SELECT w2=50
BUSY TASK ewma=997
DMA IRQ c0=2
DMA IRQ c1=0
DMA IRQ c2=0
DMA IRQ c3=0
SELECT busy=72
SELECT w0=73
SELECT w1=75
SELECT w2=76
BUSY TASK ewma=997
DMA IRQ c0=2
DMA IRQ c1=0
DMA IRQ c2=0
DMA IRQ c3=0
SELECT busy=129
SELECT w0=131
SELECT w1=134
SELECT w2=137
BUSY TASK ewma=997
DMA IRQ c0=2
DMA IRQ c1=0
DMA IRQ c2=0
DMA IRQ c3=0
SELECT busy=167
SELECT w0=167
SELECT w1=170
SELECT w2=171
BUSY TASK ewma=997
DMA IRQ c0=2
DMA IRQ c1=0
DMA IRQ c2=0
DMA IRQ c3=0
SELECT busy=194
SELECT w0=194
SELECT w1=195
SELECT w2=197
BUSY TASK ewma=997
DMA IRQ c0=2
DMA IRQ c1=0
DMA IRQ c2=0
DMA IRQ c3=0
SELECT busy=232
SELECT w0=233
SELECT w1=234
SELECT w2=234
BUSY TASK ewma=997
DMA IRQ c0=2
DMA IRQ c1=0
DMA IRQ c2=0
DMA IRQ c3=0
SELECT busy=263
SELECT w0=264
SELECT w1=267
SELECT w2=268
BUSY TASK ewma=997
DMA IRQ c0=2
DMA IRQ c1=0
DMA IRQ c2=0
DMA IRQ c3=0
SELECT busy=299
SELECT w0=300
SELECT w1=302
SELECT w2=304
BUSY TASK ewma=997
DMA IRQ c0=2
DMA IRQ c1=0
DMA IRQ c2=0
DMA IRQ c3=0
SELECT busy=342
SELECT w0=343
SELECT w1=345
SELECT w2=346
BUSY TASK ewma=997
DMA IRQ c0=2
DMA IRQ c1=0
DMA IRQ c2=0
DMA IRQ c3=0
SELECT busy=388
SELECT w0=389
SELECT w1=394
SELECT w2=396
BUSY TASK ewma=997
DMA IRQ c0=2
DMA IRQ c1=0
DMA IRQ c2=0
DMA IRQ c3=0
SELECT busy=427
SELECT w0=429
SELECT w1=433
SELECT w2=434
BUSY TASK ewma=997
DMA IRQ c0=2
DMA IRQ c1=0
DMA IRQ c2=0
DMA IRQ c3=0
SELECT busy=463
SELECT w0=467
SELECT w1=469
SELECT w2=469
BUSY TASK ewma=997
DMA IRQ c0=2
DMA IRQ c1=0
DMA IRQ c2=0
DMA IRQ c3=0
SELECT busy=492
SELECT w0=496
SELECT w1=499
SELECT w2=502
BUSY TASK ewma=997
DMA IRQ c0=2
DMA IRQ c1=0
DMA IRQ c2=0
DMA IRQ c3=0
SELECT busy=544
SELECT w0=545
SELECT w1=547
SELECT w2=548
BUSY TASK ewma=997
DMA IRQ c0=2
DMA IRQ c1=0
DMA IRQ c2=0
DMA IRQ c3=0
SELECT busy=589
SELECT w0=590
SELECT w1=593
SELECT w2=595
BUSY TASK ewma=997
DMA IRQ c0=2
DMA IRQ c1=0
DMA IRQ c2=0
DMA IRQ c3=0
SELECT busy=624
SELECT w0=629
SELECT w1=633
SELECT w2=635
BUSY TASK ewma=997
DMA IRQ c0=2
DMA IRQ c1=0
DMA IRQ c2=0
DMA IRQ c3=0
SELECT busy=671
SELECT w0=673
SELECT w1=677
SELECT w2=679
BUSY TASK ewma=997
DMA IRQ c0=2
DMA IRQ c1=0
DMA IRQ c2=0
DMA IRQ c3=0
SELECT busy=711
SELECT w0=713
SELECT w1=715
SELECT w2=716
BUSY TASK ewma=997
DMA IRQ c0=2
DMA IRQ c1=0
DMA IRQ c2=0
DMA IRQ c3=0
SELECT busy=757
SELECT w0=758
SELECT w1=760
SELECT w2=764
BUSY TASK ewma=997
DMA IRQ c0=2
DMA IRQ c1=0
DMA IRQ c2=0
DMA IRQ c3=0
SELECT busy=804
SELECT w0=804
SELECT w1=805
SELECT w2=805
BUSY TASK ewma=997
DMA IRQ c0=2
DMA IRQ c1=0
DMA IRQ c2=0
DMA IRQ c3=0
SELECT busy=834
SELECT w0=835
SELECT w1=838
SELECT w2=840
BUSY TASK ewma=997
DMA IRQ c0=2
DMA IRQ c1=0
DMA IRQ c2=0
DMA IRQ c3=0
SELECT busy=868
SELECT w0=870
SELECT w1=872
SELECT w2=874
BUSY TASK ewma=997
DMA IRQ c0=2
DMA IRQ c1=0
DMA IRQ c2=0
DMA IRQ c3=0
SELECT busy=908
SELECT w0=911
SELECT w1=913
SELECT w2=914
BUSY TASK ewma=997
DMA IRQ c0=2
DMA IRQ c1=0
DMA IRQ c2=0
DMA IRQ c3=0
SELECT busy=956
SELECT w0=959
SELECT w1=963
SELECT w2=965
BUSY TASK ewma=997
DMA IRQ c0=2
DMA IRQ c1=0
DMA IRQ c2=0
DMA IRQ c3=0
SELECT busy=998
SELECT w0=999
SELECT w1=1001
SELECT w2=1002
BUSY TASK ewma=997
DMA IRQ c0=2
DMA IRQ c1=0
DMA IRQ c2=0
DMA IRQ c3=0
SELECT busy=1025
SELECT w0=1026
SELECT w1=1028
SELECT w2=1029
BUSY TASK ewma=997
DMA IRQ c0=2
DMA IRQ c1=0
DMA IRQ c2=0
DMA IRQ c3=0
SELECT busy=1053
SELECT w0=1054
SELECT w1=1056
SELECT w2=1057
BUSY TASK ewma=997
DMA IRQ c0=2
DMA IRQ c1=0
DMA IRQ c2=0
DMA IRQ c3=0
SELECT busy=1084
SELECT w0=1085
SELECT w1=1087
SELECT w2=1088
BUSY TASK ewma=997
DMA IRQ c0=2
DMA IRQ c1=0
DMA IRQ c2=0
DMA IRQ c3=0
SELECT busy=1111
SELECT w0=1112
SELECT w1=1114
SELECT w2=1115
BUSY TASK ewma=997
DMA IRQ c0=2
DMA IRQ c1=0
DMA IRQ c2=0
DMA IRQ c3=0
SELECT busy=1148
SELECT w0=1151
SELECT w1=1153
SELECT w2=1154
BUSY TASK ewma=997
DMA IRQ c0=2
DMA IRQ c1=0
DMA IRQ c2=0
DMA IRQ c3=0
SELECT busy=1185
SELECT w0=1189
SELECT w1=1193
SELECT w2=1195
BUSY TASK ewma=997
DMA IRQ c0=2
DMA IRQ c1=0
DMA IRQ c2=0
DMA IRQ c3=0
SELECT busy=1223
SELECT w0=1225
SELECT w1=1228
SELECT w2=1228
BUSY TASK ewma=997
DMA IRQ c0=2
DMA IRQ c1=0
DMA IRQ c2=0
DMA IRQ c3=0
SELECT busy=1255
SELECT w0=1256
SELECT w1=1258
SELECT w2=1259
BUSY TASK ewma=997
DMA IRQ c0=2
DMA IRQ c1=0
DMA IRQ c2=0
DMA IRQ c3=0
SELECT busy=1308
SELECT w0=1309
SELECT w1=1312
SELECT w2=1314
BUSY TASK ewma=997
DMA IRQ c0=2
DMA IRQ c1=0
DMA IRQ c2=0
DMA IRQ c3=0
SELECT busy=1345
SELECT w0=1347
SELECT w1=1349
SELECT w2=1352
BUSY TASK ewma=997
DMA IRQ c0=2
DMA IRQ c1=0
DMA IRQ c2=0
DMA IRQ c3=0
SELECT busy=1380
SELECT w0=1380
SELECT w1=1385
SELECT w2=1386
BUSY TASK ewma=997
DMA IRQ c0=2
DMA IRQ c1=0
DMA IRQ c2=0
DMA IRQ c3=0
SELECT busy=1415
SELECT w0=1417
SELECT w1=1422
SELECT w2=1425
BUSY TASK ewma=997
DMA IRQ c0=2
DMA IRQ c1=0
DMA IRQ c2=0
DMA IRQ c3=0
SELECT busy=1450
SELECT w0=1450
SELECT w1=1451
SELECT w2=1451
BUSY TASK ewma=997
DMA IRQ c0=2
DMA IRQ c1=0
DMA IRQ c2=0
DMA IRQ c3=0
SELECT busy=1478
SELECT w0=1478
SELECT w1=1480
SELECT w2=1480
BUSY TASK ewma=997
DMA IRQ c0=2
DMA IRQ c1=0
DMA IRQ c2=0
DMA IRQ c3=0
SELECT busy=1496
SELECT w0=1497
SELECT w1=1498
SELECT w2=1498
BUSY TASK ewma=997
DMA IRQ c0=2
DMA IRQ c1=0
DMA IRQ c2=0
DMA IRQ c3=0
SELECT busy=1532
SELECT w0=1533
SELECT w1=1535
SELECT w2=1538
BUSY TASK ewma=997
DMA IRQ c0=2
DMA IRQ c1=0
DMA IRQ c2=0
DMA IRQ c3=0
SELECT busy=1558
SELECT w0=1558
SELECT w1=1559
SELECT w2=1559
BUSY TASK ewma=997
DMA IRQ c0=2
DMA IRQ c1=0
DMA IRQ c2=0
DMA IRQ c3=0
SELECT busy=1581
SELECT w0=1581
SELECT w1=1585
SELECT w2=1586
BUSY TASK ewma=997
DMA IRQ c0=2
DMA IRQ c1=0
DMA IRQ c2=0
DMA IRQ c3=0
SELECT busy=1608
SELECT w0=1609
SELECT w1=1611
SELECT w2=1612
BUSY TASK ewma=997
DMA IRQ c0=2
DMA IRQ c1=0
DMA IRQ c2=0
DMA IRQ c3=0
SELECT busy=1633
SELECT w0=1636
SELECT w1=1638
SELECT w2=1639
BUSY TASK ewma=997
DMA IRQ c0=2
DMA IRQ c1=0
DMA IRQ c2=0
DMA IRQ c3=0
SELECT busy=1668
SELECT w0=1669
SELECT w1=1671
SELECT w2=1672
BUSY TASK ewma=997
DMA IRQ c0=2
DMA IRQ c1=0
DMA IRQ c2=0
DMA IRQ c3=0
SELECT busy=1700
SELECT w0=1702
SELECT w1=1704
SELECT w2=1705
BUSY TASK ewma=997
DMA IRQ c0=2
DMA IRQ c1=0
DMA IRQ c2=0
DMA IRQ c3=0
SELECT busy=1730
SELECT w0=1731
SELECT w1=1733
SELECT w2=1734
BUSY TASK ewma=997
DMA IRQ c0=2
DMA IRQ c1=0
DMA IRQ c2=0
DMA IRQ c3=0
SELECT busy=1759
SELECT w0=1763
SELECT w1=1765
SELECT w2=1766
BUSY TASK ewma=997
DMA IRQ c0=2
DMA IRQ c1=0
DMA IRQ c2=0
DMA IRQ c3=0
SELECT busy=1783
SELECT w0=1783
SELECT w1=1784
SELECT w2=1784
BUSY TASK ewma=997
DMA IRQ c0=2
DMA IRQ c1=0
DMA IRQ c2=0
DMA IRQ c3=0
SELECT busy=1798
SELECT w0=1799
SELECT w1=1801
SELECT w2=1802
BUSY TASK ewma=997
DMA IRQ c0=2
DMA IRQ c1=0
DMA IRQ c2=0
DMA IRQ c3=0
SELECT busy=1824
SELECT w0=1825
SELECT w1=1827
SELECT w2=1829
BUSY TASK ewma=997
DMA IRQ c0=2
DMA IRQ c1=0
DMA IRQ c2=0
DMA IRQ c3=0
SELECT busy=1859
SELECT w0=1860
SELECT w1=1863
SELECT w2=1865
BUSY TASK ewma=997
DMA IRQ c0=2
DMA IRQ c1=0
DMA IRQ c2=0
DMA IRQ c3=0
SELECT busy=1889
SELECT w0=1892
SELECT w1=1894
SELECT w2=1895
BUSY TASK ewma=997
DMA IRQ c0=2
DMA IRQ c1=0
DMA IRQ c2=0
DMA IRQ c3=0
SELECT busy=1915
SELECT w0=1916
SELECT w1=1917
SELECT w2=1917
BUSY TASK ewma=997
DMA IRQ c0=2
DMA IRQ c1=0
DMA IRQ c2=0
DMA IRQ c3=0
SELECT busy=1933
SELECT w0=1933
SELECT w1=1934
SELECT w2=1934
BUSY TASK ewma=997
DMA IRQ c0=2
DMA IRQ c1=0
DMA IRQ c2=0
DMA IRQ c3=0
SELECT busy=1956
SELECT w0=1957
SELECT w1=1960
SELECT w2=1961
BUSY TASK ewma=997
DMA IRQ c0=2
DMA IRQ c1=0
DMA IRQ c2=0
DMA IRQ c3=0
SELECT busy=1982
SELECT w0=1982
SELECT w1=1984
SELECT w2=1985
BUSY TASK ewma=997
DMA IRQ c0=2
DMA IRQ c1=0
DMA IRQ c2=0
DMA IRQ c3=0
SELECT busy=2011
SELECT w0=2013
SELECT w1=2015
SELECT w2=2017
BUSY TASK ewma=997
DMA IRQ c0=2
DMA IRQ c1=0
DMA IRQ c2=0
DMA IRQ c3=0
SELECT busy=2037
SELECT w0=2037
SELECT w1=2038
SELECT w2=2039
BUSY TASK ewma=997
DMA IRQ c0=2
DMA IRQ c1=0
DMA IRQ c2=0
DMA IRQ c3=0
SELECT busy=2061
SELECT w0=2062
SELECT w1=2063
SELECT w2=2063
BUSY TASK ewma=997
DMA IRQ c0=2
DMA IRQ c1=0
DMA IRQ c2=0
DMA IRQ c3=0
SELECT busy=2097
SELECT w0=2100
SELECT w1=2102
SELECT w2=2102
BUSY TASK ewma=997
IRQ counts: cpu0=8490 cpu1=0 cpu2=0 cpu3=0
SCHED secondaries: calls=0 unexpected=0
SECTEST switches=0 cpu1=0,0 cpu2=0,0 cpu3=0,0
PINGPONG rounds=0 pongs=0
DMA IRQ c0=2
DMA IRQ c1=0
DMA IRQ c2=0
DMA IRQ c3=0
SELECT busy=2162
SELECT w0=2163
SELECT w1=2168
SELECT w2=2169
BUSY TASK ewma=997
DMA IRQ c0=2
DMA IRQ c1=0
DMA IRQ c2=0
DMA IRQ c3=0
SELECT busy=2197
SELECT w0=2198
SELECT w1=2200
SELECT w2=2203
BUSY TASK ewma=997
DMA IRQ c0=2
DMA IRQ c1=0
DMA IRQ c2=0
DMA IRQ c3=0
SELECT busy=2237
SELECT w0=2243
SELECT w1=2246
SELECT w2=2246
BUSY TASK ewma=997
DMA IRQ c0=2
DMA IRQ c1=0
DMA IRQ c2=0
DMA IRQ c3=0
SELECT busy=2275
SELECT w0=2277
SELECT w1=2282
SELECT w2=2283
BUSY TASK ewma=997
DMA IRQ c0=2
DMA IRQ c1=0
DMA IRQ c2=0
DMA IRQ c3=0
SELECT busy=2306
SELECT w0=2306
SELECT w1=2307
SELECT w2=2307
BUSY TASK ewma=997
DMA IRQ c0=2
DMA IRQ c1=0
DMA IRQ c2=0
DMA IRQ c3=0
SELECT busy=2329
SELECT w0=2334
SELECT w1=2342
SELECT w2=2343
BUSY TASK ewma=997
DMA IRQ c0=2
DMA IRQ c1=0
DMA IRQ c2=0
DMA IRQ c3=0
SELECT busy=2363
SELECT w0=2364
SELECT w1=2365
SELECT w2=2365
BUSY TASK ewma=997
DMA IRQ c0=2
DMA IRQ c1=0
DMA IRQ c2=0
DMA IRQ c3=0
SELECT busy=2391
SELECT w0=2394
SELECT w1=2399
SELECT w2=2406
BUSY TASK ewma=997
DMA IRQ c0=2
DMA IRQ c1=0
DMA IRQ c2=0
DMA IRQ c3=0
SELECT busy=2424
SELECT w0=2424
SELECT w1=2428
SELECT w2=2431
BUSY TASK ewma=997
DMA IRQ c0=2
DMA IRQ c1=0
DMA IRQ c2=0
DMA IRQ c3=0
SELECT busy=2459
SELECT w0=2459
SELECT w1=2460
SELECT w2=2461
BUSY TASK ewma=997
DMA IRQ c0=2
DMA IRQ c1=0
DMA IRQ c2=0
DMA IRQ c3=0
SELECT busy=2480
SELECT w0=2480
SELECT w1=2481
SELECT w2=2481
BUSY TASK ewma=997
DMA IRQ c0=2
DMA IRQ c1=0
DMA IRQ c2=0
DMA IRQ c3=0
SELECT busy=2497
SELECT w0=2498
SELECT w1=2499
SELECT w2=2499
BUSY TASK ewma=997
DMA IRQ c0=2
DMA IRQ c1=0
DMA IRQ c2=0
DMA IRQ c3=0
SELECT busy=2519
SELECT w0=2519
SELECT w1=2520
SELECT w2=2524
BUSY TASK ewma=997
DMA IRQ c0=2
DMA IRQ c1=0
DMA IRQ c2=0
DMA IRQ c3=0
SELECT busy=2548
SELECT w0=2550
SELECT w1=2551
SELECT w2=2553
BUSY TASK ewma=997
DMA IRQ c0=2
DMA IRQ c1=0
DMA IRQ c2=0
DMA IRQ c3=0
SELECT busy=2589
SELECT w0=2594
SELECT w1=2596
SELECT w2=2597
BUSY TASK ewma=997
DMA IRQ c0=2
DMA IRQ c1=0
DMA IRQ c2=0
DMA IRQ c3=0
SELECT busy=2631
SELECT w0=2632
SELECT w1=2634
SELECT w2=2635
BUSY TASK ewma=997
DMA IRQ c0=2
DMA IRQ c1=0
DMA IRQ c2=0
DMA IRQ c3=0
SELECT busy=2662
SELECT w0=2664
SELECT w1=2668
SELECT w2=2669
BUSY TASK ewma=997
DMA IRQ c0=2
DMA IRQ c1=0
DMA IRQ c2=0
DMA IRQ c3=0
SELECT busy=2688
SELECT w0=2689
SELECT w1=2691
SELECT w2=2692
BUSY TASK ewma=997
DMA IRQ c0=2
DMA IRQ c1=0
DMA IRQ c2=0
DMA IRQ c3=0
SELECT busy=2708
SELECT w0=2708
SELECT w1=2710
SELECT w2=2710
BUSY TASK ewma=997
DMA IRQ c0=2
DMA IRQ c1=0
DMA IRQ c2=0
DMA IRQ c3=0
SELECT busy=2726
SELECT w0=2727
SELECT w1=2728
SELECT w2=2728
BUSY TASK ewma=997
DMA IRQ c0=2
DMA IRQ c1=0
DMA IRQ c2=0
DMA IRQ c3=0
SELECT busy=2766
SELECT w0=2768
SELECT w1=2772
SELECT w2=2773
BUSY TASK ewma=997
DMA IRQ c0=2
DMA IRQ c1=0
DMA IRQ c2=0
DMA IRQ c3=0
SELECT busy=2812
SELECT w0=2812
SELECT w1=2813
SELECT w2=2814
BUSY TASK ewma=997
DMA IRQ c0=2
DMA IRQ c1=0
DMA IRQ c2=0
DMA IRQ c3=0
SELECT busy=2842
SELECT w0=2843
qemu-system-aarch64: terminating on signal 15 from pid 218094 (timeout)
