P4 M7: full integration test boot OK
CPU0: MPIDR_EL1=0x0000000080000000
CPU0: psci_cpu_on target=1 rc=-2
CPU0: psci_cpu_on target=2 rc=-2
CPU0: psci_cpu_on target=3 rc=-2
CPUs online: 1
DMA IRQ target cpu=0
D2b: worker 2 runs on CPU0
D2b: worker 0 runs on CPU0
D2b: worker 1 runs on CPU0
P4 M7: worker submitted cmd_id=2
P4 M7: worker submitted cmd_id=3
P4 M7: worker submitted cmd_id=1
BUSY TASK ewma=989
DMA IRQ c0=0
DMA IRQ c1=0
P4 M7: worker DATA OK, cmd_id=2
P4 M7: worker DATA OK, cmd_id=3
WORKER ewma=881
P4 M7: worker DATA OK, cmd_id=1
WORKER ewma=916
WORKER ewma=941
DMA IRQ c2=0
DMA IRQ c3=0
SELECT busy=20
SELECT w0=21
SELECT w1=30
SELECT w2=23
BUSY TASK ewma=997
DMA IRQ c0=3
DMA IRQ c1=0
DMA IRQ c2=0
DMA IRQ c3=0
SELECT busy=51
SELECT w0=51
SELECT w1=60
SELECT w2=53
BUSY TASK ewma=997
DMA IRQ c0=3
DMA IRQ c1=0
DMA IRQ c2=0
DMA IRQ c3=0
SELECT busy=80
SELECT w0=80
SELECT w1=91
SELECT w2=84
BUSY TASK ewma=997
DMA IRQ c0=3
DMA IRQ c1=0
DMA IRQ c2=0
DMA IRQ c3=0
SELECT busy=114
SELECT w0=113
SELECT w1=122
SELECT w2=118
BUSY TASK ewma=997
DMA IRQ c0=3
DMA IRQ c1=0
DMA IRQ c2=0
DMA IRQ c3=0
SELECT busy=137
SELECT w0=137
SELECT w1=148
SELECT w2=142
BUSY TASK ewma=997
DMA IRQ c0=3
DMA IRQ c1=0
DMA IRQ c2=0
DMA IRQ c3=0
SELECT busy=169
SELECT w0=170
SELECT w1=180
SELECT w2=174
BUSY TASK ewma=997
DMA IRQ c0=3
DMA IRQ c1=0
DMA IRQ c2=0
DMA IRQ c3=0
SELECT busy=201
SELECT w0=200
SELECT w1=209
SELECT w2=204
BUSY TASK ewma=997
DMA IRQ c0=3
DMA IRQ c1=0
DMA IRQ c2=0
DMA IRQ c3=0
SELECT busy=226
SELECT w0=230
SELECT w1=240
SELECT w2=236
BUSY TASK ewma=997
DMA IRQ c0=3
DMA IRQ c1=0
DMA IRQ c2=0
DMA IRQ c3=0
SELECT busy=255
SELECT w0=255
SELECT w1=265
SELECT w2=259
BUSY TASK ewma=997
DMA IRQ c0=3
DMA IRQ c1=0
DMA IRQ c2=0
DMA IRQ c3=0
SELECT busy=281
SELECT w0=281
SELECT w1=290
SELECT w2=283
BUSY TASK ewma=997
DMA IRQ c0=3
DMA IRQ c1=0
DMA IRQ c2=0
DMA IRQ c3=0
SELECT busy=314
SELECT w0=314
SELECT w1=328
SELECT w2=322
BUSY TASK ewma=997
DMA IRQ c0=3
DMA IRQ c1=0
DMA IRQ c2=0
DMA IRQ c3=0
SELECT busy=353
SELECT w0=354
SELECT w1=364
SELECT w2=359
BUSY TASK ewma=997
DMA IRQ c0=3
DMA IRQ c1=0
DMA IRQ c2=0
DMA IRQ c3=0
SELECT busy=389
SELECT w0=391
SELECT w1=401
SELECT w2=395
BUSY TASK ewma=997
DMA IRQ c0=3
DMA IRQ c1=0
DMA IRQ c2=0
DMA IRQ c3=0
SELECT busy=418
SELECT w0=418
SELECT w1=428
SELECT w2=421
BUSY TASK ewma=997
DMA IRQ c0=3
DMA IRQ c1=0
DMA IRQ c2=0
DMA IRQ c3=0
SELECT busy=444
SELECT w0=443
SELECT w1=452
SELECT w2=446
BUSY TASK ewma=997
DMA IRQ c0=3
DMA IRQ c1=0
DMA IRQ c2=0
DMA IRQ c3=0
SELECT busy=472
SELECT w0=472
SELECT w1=482
SELECT w2=476
BUSY TASK ewma=997
DMA IRQ c0=3
DMA IRQ c1=0
DMA IRQ c2=0
DMA IRQ c3=0
SELECT busy=497
SELECT w0=497
SELECT w1=507
SELECT w2=501
BUSY TASK ewma=997
DMA IRQ c0=3
DMA IRQ c1=0
DMA IRQ c2=0
DMA IRQ c3=0
SELECT busy=522
SELECT w0=521
SELECT w1=530
SELECT w2=524
BUSY TASK ewma=997
DMA IRQ c0=3
DMA IRQ c1=0
DMA IRQ c2=0
DMA IRQ c3=0
SELECT busy=559
SELECT w0=559
SELECT w1=569
SELECT w2=563
BUSY TASK ewma=997
DMA IRQ c0=3
DMA IRQ c1=0
DMA IRQ c2=0
DMA IRQ c3=0
SELECT busy=588
SELECT w0=588
SELECT w1=599
SELECT w2=593
BUSY TASK ewma=997
DMA IRQ c0=3
DMA IRQ c1=0
DMA IRQ c2=0
DMA IRQ c3=0
SELECT busy=611
SELECT w0=612
SELECT w1=625
SELECT w2=620
BUSY TASK ewma=997
DMA IRQ c0=3
DMA IRQ c1=0
DMA IRQ c2=0
DMA IRQ c3=0
SELECT busy=646
SELECT w0=646
SELECT w1=657
SELECT w2=651
BUSY TASK ewma=997
DMA IRQ c0=3
DMA IRQ c1=0
DMA IRQ c2=0
DMA IRQ c3=0
SELECT busy=670
SELECT w0=674
SELECT w1=684
SELECT w2=678
BUSY TASK ewma=997
DMA IRQ c0=3
DMA IRQ c1=0
DMA IRQ c2=0
DMA IRQ c3=0
SELECT busy=698
SELECT w0=698
SELECT w1=707
SELECT w2=700
BUSY TASK ewma=997
DMA IRQ c0=3
DMA IRQ c1=0
DMA IRQ c2=0
DMA IRQ c3=0
SELECT busy=722
SELECT w0=722
SELECT w1=732
SELECT w2=727
BUSY TASK ewma=997
DMA IRQ c0=3
DMA IRQ c1=0
DMA IRQ c2=0
DMA IRQ c3=0
SELECT busy=760
SELECT w0=763
SELECT w1=773
SELECT w2=768
BUSY TASK ewma=997
DMA IRQ c0=3
DMA IRQ c1=0
DMA IRQ c2=0
DMA IRQ c3=0
SELECT busy=795
SELECT w0=796
SELECT w1=805
SELECT w2=800
BUSY TASK ewma=997
DMA IRQ c0=3
DMA IRQ c1=0
DMA IRQ c2=0
DMA IRQ c3=0
SELECT busy=829
SELECT w0=828
SELECT w1=837
SELECT w2=831
BUSY TASK ewma=997
DMA IRQ c0=3
DMA IRQ c1=0
DMA IRQ c2=0
DMA IRQ c3=0
SELECT busy=856
SELECT w0=856
SELECT w1=866
SELECT w2=870
BUSY TASK ewma=997
DMA IRQ c0=3
DMA IRQ c1=0
DMA IRQ c2=0
DMA IRQ c3=0
SELECT busy=906
SELECT w0=911
SELECT w1=922
SELECT w2=917
BUSY TASK ewma=997
DMA IRQ c0=3
DMA IRQ c1=0
DMA IRQ c2=0
DMA IRQ c3=0
SELECT busy=944
SELECT w0=944
SELECT w1=955
SELECT w2=949
BUSY TASK ewma=997
DMA IRQ c0=3
DMA IRQ c1=0
DMA IRQ c2=0
DMA IRQ c3=0
SELECT busy=987
SELECT w0=987
SELECT w1=997
SELECT w2=994
BUSY TASK ewma=997
DMA IRQ c0=3
DMA IRQ c1=0
DMA IRQ c2=0
DMA IRQ c3=0
SELECT busy=1021
SELECT w0=1021
SELECT w1=1030
SELECT w2=1027
BUSY TASK ewma=997
DMA IRQ c0=3
DMA IRQ c1=0
DMA IRQ c2=0
DMA IRQ c3=0
SELECT busy=1061
SELECT w0=1060
SELECT w1=1069
SELECT w2=1063
BUSY TASK ewma=997
DMA IRQ c0=3
DMA IRQ c1=0
DMA IRQ c2=0
DMA IRQ c3=0
SELECT busy=1095
SELECT w0=1095
SELECT w1=1106
SELECT w2=1101
BUSY TASK ewma=997
DMA IRQ c0=3
DMA IRQ c1=0
DMA IRQ c2=0
DMA IRQ c3=0
SELECT busy=1131
SELECT w0=1130
SELECT w1=1139
SELECT w2=1133
BUSY TASK ewma=997
DMA IRQ c0=3
DMA IRQ c1=0
DMA IRQ c2=0
DMA IRQ c3=0
SELECT busy=1173
SELECT w0=1175
SELECT w1=1185
SELECT w2=1182
BUSY TASK ewma=997
DMA IRQ c0=3
DMA IRQ c1=0
DMA IRQ c2=0
DMA IRQ c3=0
SELECT busy=1213
SELECT w0=1214
SELECT w1=1225
SELECT w2=1220
BUSY TASK ewma=997
DMA IRQ c0=3
DMA IRQ c1=0
DMA IRQ c2=0
DMA IRQ c3=0
SELECT busy=1245
SELECT w0=1247
SELECT w1=1257
SELECT w2=1251
BUSY TASK ewma=997
DMA IRQ c0=3
DMA IRQ c1=0
DMA IRQ c2=0
DMA IRQ c3=0
SELECT busy=1270
SELECT w0=1270
SELECT w1=1282
SELECT w2=1280
BUSY TASK ewma=997
DMA IRQ c0=3
DMA IRQ c1=0
DMA IRQ c2=0
DMA IRQ c3=0
SELECT busy=1312
SELECT w0=1311
SELECT w1=1321
SELECT w2=1316
BUSY TASK ewma=997
DMA IRQ c0=3
DMA IRQ c1=0
DMA IRQ c2=0
DMA IRQ c3=0
SELECT busy=1338
SELECT w0=1338
SELECT w1=1347
SELECT w2=1340
BUSY TASK ewma=997
DMA IRQ c0=3
DMA IRQ c1=0
DMA IRQ c2=0
DMA IRQ c3=0
SELECT busy=1377
SELECT w0=1378
SELECT w1=1389
SELECT w2=1384
BUSY TASK ewma=997
DMA IRQ c0=3
DMA IRQ c1=0
DMA IRQ c2=0
DMA IRQ c3=0
SELECT busy=1424
SELECT w0=1425
SELECT w1=1435
SELECT w2=1429
BUSY TASK ewma=997
DMA IRQ c0=3
DMA IRQ c1=0
DMA IRQ c2=0
DMA IRQ c3=0
SELECT busy=1456
SELECT w0=1457
SELECT w1=1467
SELECT w2=1462
BUSY TASK ewma=997
DMA IRQ c0=3
DMA IRQ c1=0
DMA IRQ c2=0
DMA IRQ c3=0
SELECT busy=1486
SELECT w0=1486
SELECT w1=1496
SELECT w2=1490
BUSY TASK ewma=997
DMA IRQ c0=3
DMA IRQ c1=0
DMA IRQ c2=0
DMA IRQ c3=0
SELECT busy=1527
SELECT w0=1527
SELECT w1=1537
SELECT w2=1531
BUSY TASK ewma=997
DMA IRQ c0=3
DMA IRQ c1=0
DMA IRQ c2=0
DMA IRQ c3=0
SELECT busy=1562
SELECT w0=1562
SELECT w1=1571
SELECT w2=1566
BUSY TASK ewma=997
DMA IRQ c0=3
DMA IRQ c1=0
DMA IRQ c2=0
DMA IRQ c3=0
SELECT busy=1588
SELECT w0=1588
SELECT w1=1599
SELECT w2=1593
BUSY TASK ewma=997
DMA IRQ c0=3
DMA IRQ c1=0
DMA IRQ c2=0
DMA IRQ c3=0
SELECT busy=1621
SELECT w0=1621
SELECT w1=1632
SELECT w2=1626
BUSY TASK ewma=997
DMA IRQ c0=3
DMA IRQ c1=0
DMA IRQ c2=0
DMA IRQ c3=0
SELECT busy=1665
SELECT w0=1665
SELECT w1=1678
SELECT w2=1674
BUSY TASK ewma=997
DMA IRQ c0=3
DMA IRQ c1=0
DMA IRQ c2=0
DMA IRQ c3=0
SELECT busy=1711
SELECT w0=1715
SELECT w1=1726
SELECT w2=1721
BUSY TASK ewma=997
DMA IRQ c0=3
DMA IRQ c1=0
DMA IRQ c2=0
DMA IRQ c3=0
SELECT busy=1769
SELECT w0=1770
SELECT w1=1782
SELECT w2=1777
BUSY TASK ewma=997
DMA IRQ c0=3
DMA IRQ c1=0
DMA IRQ c2=0
DMA IRQ c3=0
SELECT busy=1814
SELECT w0=1814
SELECT w1=1828
SELECT w2=1821
BUSY TASK ewma=997
DMA IRQ c0=3
DMA IRQ c1=0
DMA IRQ c2=0
DMA IRQ c3=0
SELECT busy=1858
SELECT w0=1863
SELECT w1=1872
SELECT w2=1865
BUSY TASK ewma=997
DMA IRQ c0=3
DMA IRQ c1=0
DMA IRQ c2=0
DMA IRQ c3=0
SELECT busy=1882
SELECT w0=1881
SELECT w1=1890
SELECT w2=1884
BUSY TASK ewma=997
DMA IRQ c0=3
DMA IRQ c1=0
DMA IRQ c2=0
DMA IRQ c3=0
SELECT busy=1900
SELECT w0=1900
SELECT w1=1909
SELECT w2=1902
BUSY TASK ewma=997
DMA IRQ c0=3
DMA IRQ c1=0
DMA IRQ c2=0
DMA IRQ c3=0
SELECT busy=1926
SELECT w0=1926
SELECT w1=1935
SELECT w2=1928
BUSY TASK ewma=997
DMA IRQ c0=3
DMA IRQ c1=0
DMA IRQ c2=0
DMA IRQ c3=0
SELECT busy=1961
SELECT w0=1961
SELECT w1=1973
SELECT w2=1972
BUSY TASK ewma=997
DMA IRQ c0=3
DMA IRQ c1=0
DMA IRQ c2=0
DMA IRQ c3=0
SELECT busy=2005
SELECT w0=2005
SELECT w1=2015
SELECT w2=2008
BUSY TASK ewma=997
DMA IRQ c0=3
DMA IRQ c1=0
DMA IRQ c2=0
DMA IRQ c3=0
SELECT busy=2034
SELECT w0=2033
SELECT w1=2043
SELECT w2=2038
BUSY TASK ewma=997
DMA IRQ c0=3
DMA IRQ c1=0
DMA IRQ c2=0
DMA IRQ c3=0
SELECT busy=2057
SELECT w0=2057
SELECT w1=2067
SELECT w2=2060
BUSY TASK ewma=997
DMA IRQ c0=3
DMA IRQ c1=0
DMA IRQ c2=0
DMA IRQ c3=0
SELECT busy=2090
SELECT w0=2090
SELECT w1=2100
SELECT w2=2094
BUSY TASK ewma=997
IRQ counts: cpu0=8445 cpu1=0 cpu2=0 cpu3=0
SCHED secondaries: calls=0 unexpected=0
SECTEST switches=0 cpu1=0,0 cpu2=0,0 cpu3=0,0
PINGPONG rounds=0 pongs=0
DMA IRQ c0=3
DMA IRQ c1=0
DMA IRQ c2=0
DMA IRQ c3=0
SELECT busy=2136
SELECT w0=2135
SELECT w1=2144
SELECT w2=2138
BUSY TASK ewma=997
DMA IRQ c0=3
DMA IRQ c1=0
DMA IRQ c2=0
DMA IRQ c3=0
SELECT busy=2156
SELECT w0=2157
SELECT w1=2167
SELECT w2=2161
BUSY TASK ewma=997
DMA IRQ c0=3
DMA IRQ c1=0
DMA IRQ c2=0
DMA IRQ c3=0
SELECT busy=2187
SELECT w0=2188
SELECT w1=2198
SELECT w2=2192
BUSY TASK ewma=997
DMA IRQ c0=3
DMA IRQ c1=0
DMA IRQ c2=0
DMA IRQ c3=0
SELECT busy=2217
SELECT w0=2217
SELECT w1=2227
SELECT w2=2221
BUSY TASK ewma=997
DMA IRQ c0=3
DMA IRQ c1=0
DMA IRQ c2=0
DMA IRQ c3=0
SELECT busy=2257
SELECT w0=2258
SELECT w1=2268
SELECT w2=2262
BUSY TASK ewma=997
DMA IRQ c0=3
DMA IRQ c1=0
DMA IRQ c2=0
DMA IRQ c3=0
SELECT busy=2287
SELECT w0=2288
SELECT w1=2298
SELECT w2=2293
BUSY TASK ewma=997
DMA IRQ c0=3
DMA IRQ c1=0
DMA IRQ c2=0
DMA IRQ c3=0
SELECT busy=2322
SELECT w0=2321
SELECT w1=2333
SELECT w2=2328
BUSY TASK ewma=997
DMA IRQ c0=3
DMA IRQ c1=0
DMA IRQ c2=0
DMA IRQ c3=0
SELECT busy=2353
SELECT w0=2353
SELECT w1=2363
SELECT w2=2357
BUSY TASK ewma=997
DMA IRQ c0=3
DMA IRQ c1=0
DMA IRQ c2=0
DMA IRQ c3=0
SELECT busy=2379
SELECT w0=2379
SELECT w1=2389
SELECT w2=2382
BUSY TASK ewma=997
DMA IRQ c0=3
DMA IRQ c1=0
DMA IRQ c2=0
DMA IRQ c3=0
SELECT busy=2403
SELECT w0=2403
SELECT w1=2413
SELECT w2=2406
BUSY TASK ewma=997
DMA IRQ c0=3
DMA IRQ c1=0
DMA IRQ c2=0
DMA IRQ c3=0
SELECT busy=2429
SELECT w0=2428
SELECT w1=2437
SELECT w2=2433
BUSY TASK ewma=997
DMA IRQ c0=3
DMA IRQ c1=0
DMA IRQ c2=0
DMA IRQ c3=0
SELECT busy=2453
SELECT w0=2452
SELECT w1=2461
SELECT w2=2455
qemu-system-aarch64: terminating on signal 15 from pid 224275 (timeout)
