P4 M7: full integration test boot OK
CPU0: MPIDR_EL1=0x0000000080000000
CPU0: psci_cpu_on target=1 rc=-2
CPU0: psci_cpu_on target=2 rc=-2
CPU0: psci_cpu_on target=3 rc=-2
CPUs online: 1
DMA IRQ target cpu=0
D2b: worker 2 runs on CPU0
D2b: worker 0 runs on CPU0
D2b: worker 1 runs on CPU0
P4 M7: worker submitted cmd_id=2
P4 M7: worker submitted cmd_id=1
P4 M7: worker DATA OK, cmd_id=1
P4 M7: worker submitted cmd_id=3
WORKER ewma=970
P4 M7: worker DATA OK, cmd_id=2
WORKER ewma=992
P4 M7: worker DATA OK, cmd_id=3
WORKER ewma=997
BUSY TASK ewma=997
DMA IRQ c0=2
DMA IRQ c1=0
DMA IRQ c2=0
DMA IRQ c3=0
SELECT busy=41
SELECT w0=40
SELECT w1=47
SELECT w2=52
BUSY TASK ewma=997
DMA IRQ c0=2
DMA IRQ c1=0
DMA IRQ c2=0
DMA IRQ c3=0
SELECT busy=68
SELECT w0=67
SELECT w1=72
SELECT w2=77
BUSY TASK ewma=997
DMA IRQ c0=2
DMA IRQ c1=0
DMA IRQ c2=0
DMA IRQ c3=0
SELECT busy=88
SELECT w0=89
SELECT w1=94
SELECT w2=101
BUSY TASK ewma=997
DMA IRQ c0=2
DMA IRQ c1=0
DMA IRQ c2=0
DMA IRQ c3=0
SELECT busy=109
SELECT w0=108
SELECT w1=113
SELECT w2=118
BUSY TASK ewma=997
DMA IRQ c0=2
DMA IRQ c1=0
DMA IRQ c2=0
DMA IRQ c3=0
SELECT busy=133
SELECT w0=131
SELECT w1=136
SELECT w2=142
BUSY TASK ewma=997
DMA IRQ c0=2
DMA IRQ c1=0
DMA IRQ c2=0
DMA IRQ c3=0
SELECT busy=159
SELECT w0=160
SELECT w1=169
SELECT w2=174
BUSY TASK ewma=997
DMA IRQ c0=2
DMA IRQ c1=0
DMA IRQ c2=0
DMA IRQ c3=0
SELECT busy=187
SELECT w0=185
SELECT w1=189
SELECT w2=194
BUSY TASK ewma=997
DMA IRQ c0=2
DMA IRQ c1=0
DMA IRQ c2=0
DMA IRQ c3=0
SELECT busy=214
SELECT w0=213
SELECT w1=219
SELECT w2=225
BUSY TASK ewma=997
DMA IRQ c0=2
DMA IRQ c1=0
DMA IRQ c2=0
DMA IRQ c3=0
SELECT busy=245
SELECT w0=244
SELECT w1=249
SELECT w2=254
BUSY TASK ewma=997
DMA IRQ c0=2
DMA IRQ c1=0
DMA IRQ c2=0
DMA IRQ c3=0
SELECT busy=272
SELECT w0=271
SELECT w1=276
SELECT w2=282
BUSY TASK ewma=997
DMA IRQ c0=2
DMA IRQ c1=0
DMA IRQ c2=0
DMA IRQ c3=0
SELECT busy=294
SELECT w0=293
SELECT w1=298
SELECT w2=306
BUSY TASK ewma=997
DMA IRQ c0=2
DMA IRQ c1=0
DMA IRQ c2=0
DMA IRQ c3=0
SELECT busy=325
SELECT w0=324
SELECT w1=328
SELECT w2=333
BUSY TASK ewma=997
DMA IRQ c0=2
DMA IRQ c1=0
DMA IRQ c2=0
DMA IRQ c3=0
SELECT busy=349
SELECT w0=348
SELECT w1=353
SELECT w2=359
BUSY TASK ewma=997
DMA IRQ c0=2
DMA IRQ c1=0
DMA IRQ c2=0
DMA IRQ c3=0
SELECT busy=370
SELECT w0=369
SELECT w1=374
SELECT w2=379
BUSY TASK ewma=997
DMA IRQ c0=2
DMA IRQ c1=0
DMA IRQ c2=0
DMA IRQ c3=0
SELECT busy=391
SELECT w0=390
SELECT w1=395
SELECT w2=401
BUSY TASK ewma=997
DMA IRQ c0=2
DMA IRQ c1=0
DMA IRQ c2=0
DMA IRQ c3=0
SELECT busy=418
SELECT w0=417
SELECT w1=422
SELECT w2=428
BUSY TASK ewma=997
DMA IRQ c0=2
DMA IRQ c1=0
DMA IRQ c2=0
DMA IRQ c3=0
SELECT busy=442
SELECT w0=441
SELECT w1=446
SELECT w2=452
BUSY TASK ewma=997
DMA IRQ c0=2
DMA IRQ c1=0
DMA IRQ c2=0
DMA IRQ c3=0
SELECT busy=470
SELECT w0=470
SELECT w1=475
SELECT w2=481
BUSY TASK ewma=997
DMA IRQ c0=2
DMA IRQ c1=0
DMA IRQ c2=0
DMA IRQ c3=0
SELECT busy=498
SELECT w0=497
SELECT w1=502
SELECT w2=508
BUSY TASK ewma=997
DMA IRQ c0=2
DMA IRQ c1=0
DMA IRQ c2=0
DMA IRQ c3=0
SELECT busy=525
SELECT w0=524
SELECT w1=528
SELECT w2=533
BUSY TASK ewma=997
DMA IRQ c0=2
DMA IRQ c1=0
DMA IRQ c2=0
DMA IRQ c3=0
SELECT busy=557
SELECT w0=556
SELECT w1=560
SELECT w2=566
BUSY TASK ewma=997
DMA IRQ c0=2
DMA IRQ c1=0
DMA IRQ c2=0
DMA IRQ c3=0
SELECT busy=592
SELECT w0=590
SELECT w1=594
SELECT w2=600
BUSY TASK ewma=997
DMA IRQ c0=2
DMA IRQ c1=0
DMA IRQ c2=0
DMA IRQ c3=0
SELECT busy=621
SELECT w0=620
SELECT w1=625
SELECT w2=633
BUSY TASK ewma=997
DMA IRQ c0=2
DMA IRQ c1=0
DMA IRQ c2=0
DMA IRQ c3=0
SELECT busy=648
SELECT w0=648
SELECT w1=655
SELECT w2=662
BUSY TASK ewma=997
DMA IRQ c0=2
DMA IRQ c1=0
DMA IRQ c2=0
DMA IRQ c3=0
SELECT busy=673
SELECT w0=671
SELECT w1=675
SELECT w2=681
BUSY TASK ewma=997
DMA IRQ c0=2
DMA IRQ c1=0
DMA IRQ c2=0
DMA IRQ c3=0
SELECT busy=692
SELECT w0=691
SELECT w1=695
SELECT w2=700
BUSY TASK ewma=997
DMA IRQ c0=2
DMA IRQ c1=0
DMA IRQ c2=0
DMA IRQ c3=0
SELECT busy=722
SELECT w0=721
SELECT w1=726
SELECT w2=732
BUSY TASK ewma=997
DMA IRQ c0=2
DMA IRQ c1=0
DMA IRQ c2=0
DMA IRQ c3=0
SELECT busy=751
SELECT w0=750
SELECT w1=755
SELECT w2=761
BUSY TASK ewma=997
DMA IRQ c0=2
DMA IRQ c1=0
DMA IRQ c2=0
DMA IRQ c3=0
SELECT busy=775
SELECT w0=774
SELECT w1=779
SELECT w2=785
BUSY TASK ewma=997
DMA IRQ c0=2
DMA IRQ c1=0
DMA IRQ c2=0
DMA IRQ c3=0
SELECT busy=801
SELECT w0=800
SELECT w1=804
SELECT w2=811
BUSY TASK ewma=997
DMA IRQ c0=2
DMA IRQ c1=0
DMA IRQ c2=0
DMA IRQ c3=0
SELECT busy=835
SELECT w0=835
SELECT w1=840
SELECT w2=846
BUSY TASK ewma=997
DMA IRQ c0=2
DMA IRQ c1=0
DMA IRQ c2=0
DMA IRQ c3=0
SELECT busy=859
SELECT w0=858
SELECT w1=863
SELECT w2=869
BUSY TASK ewma=997
DMA IRQ c0=2
DMA IRQ c1=0
DMA IRQ c2=0
DMA IRQ c3=0
SELECT busy=882
SELECT w0=881
SELECT w1=885
SELECT w2=891
BUSY TASK ewma=997
DMA IRQ c0=2
DMA IRQ c1=0
DMA IRQ c2=0
DMA IRQ c3=0
SELECT busy=906
SELECT w0=905
SELECT w1=910
SELECT w2=916
BUSY TASK ewma=997
DMA IRQ c0=2
DMA IRQ c1=0
DMA IRQ c2=0
DMA IRQ c3=0
SELECT busy=936
SELECT w0=935
SELECT w1=941
SELECT w2=947
BUSY TASK ewma=997
DMA IRQ c0=2
DMA IRQ c1=0
DMA IRQ c2=0
DMA IRQ c3=0
SELECT busy=968
SELECT w0=967
SELECT w1=971
SELECT w2=976
BUSY TASK ewma=997
DMA IRQ c0=2
DMA IRQ c1=0
DMA IRQ c2=0
DMA IRQ c3=0
SELECT busy=993
SELECT w0=992
SELECT w1=996
SELECT w2=1001
BUSY TASK ewma=997
DMA IRQ c0=2
DMA IRQ c1=0
DMA IRQ c2=0
DMA IRQ c3=0
SELECT busy=1016
SELECT w0=1014
SELECT w1=1018
SELECT w2=1024
BUSY TASK ewma=997
DMA IRQ c0=2
DMA IRQ c1=0
DMA IRQ c2=0
DMA IRQ c3=0
SELECT busy=1050
SELECT w0=1049
SELECT w1=1054
SELECT w2=1062
BUSY TASK ewma=997
DMA IRQ c0=2
DMA IRQ c1=0
DMA IRQ c2=0
DMA IRQ c3=0
SELECT busy=1075
SELECT w0=1075
SELECT w1=1082
SELECT w2=1089
BUSY TASK ewma=997
DMA IRQ c0=2
DMA IRQ c1=0
DMA IRQ c2=0
DMA IRQ c3=0
SELECT busy=1106
SELECT w0=1105
SELECT w1=1110
SELECT w2=1116
BUSY TASK ewma=997
DMA IRQ c0=2
DMA IRQ c1=0
DMA IRQ c2=0
DMA IRQ c3=0
SELECT busy=1137
SELECT w0=1135
SELECT w1=1139
SELECT w2=1145
BUSY TASK ewma=997
DMA IRQ c0=2
DMA IRQ c1=0
DMA IRQ c2=0
DMA IRQ c3=0
SELECT busy=1176
SELECT w0=1175
SELECT w1=1180
SELECT w2=1186
BUSY TASK ewma=997
DMA IRQ c0=2
DMA IRQ c1=0
DMA IRQ c2=0
DMA IRQ c3=0
SELECT busy=1205
SELECT w0=1204
SELECT w1=1209
SELECT w2=1214
BUSY TASK ewma=997
DMA IRQ c0=2
DMA IRQ c1=0
DMA IRQ c2=0
DMA IRQ c3=0
SELECT busy=1242
SELECT w0=1243
SELECT w1=1248
SELECT w2=1253
BUSY TASK ewma=997
DMA IRQ c0=2
DMA IRQ c1=0
DMA IRQ c2=0
DMA IRQ c3=0
SELECT busy=1270
SELECT w0=1270
SELECT w1=1274
SELECT w2=1283
BUSY TASK ewma=997
DMA IRQ c0=2
DMA IRQ c1=0
DMA IRQ c2=0
DMA IRQ c3=0
SELECT busy=1299
SELECT w0=1299
SELECT w1=1306
SELECT w2=1312
BUSY TASK ewma=997
DMA IRQ c0=2
DMA IRQ c1=0
DMA IRQ c2=0
DMA IRQ c3=0
SELECT busy=1328
SELECT w0=1327
SELECT w1=1331
SELECT w2=1342
BUSY TASK ewma=997
DMA IRQ c0=2
DMA IRQ c1=0
DMA IRQ c2=0
DMA IRQ c3=0
SELECT busy=1352
SELECT w0=1350
SELECT w1=1354
SELECT w2=1359
BUSY TASK ewma=997
DMA IRQ c0=2
DMA IRQ c1=0
DMA IRQ c2=0
DMA IRQ c3=0
SELECT busy=1370
SELECT w0=1369
SELECT w1=1374
SELECT w2=1380
BUSY TASK ewma=997
DMA IRQ c0=2
DMA IRQ c1=0
DMA IRQ c2=0
DMA IRQ c3=0
SELECT busy=1389
SELECT w0=1388
SELECT w1=1393
SELECT w2=1399
BUSY TASK ewma=997
DMA IRQ c0=2
DMA IRQ c1=0
DMA IRQ c2=0
DMA IRQ c3=0
SELECT busy=1419
SELECT w0=1418
SELECT w1=1426
SELECT w2=1431
BUSY TASK ewma=997
DMA IRQ c0=2
DMA IRQ c1=0
DMA IRQ c2=0
DMA IRQ c3=0
SELECT busy=1451
SELECT w0=1450
SELECT w1=1458
SELECT w2=1464
BUSY TASK ewma=997
DMA IRQ c0=2
DMA IRQ c1=0
DMA IRQ c2=0
DMA IRQ c3=0
SELECT busy=1481
SELECT w0=1479
SELECT w1=1484
SELECT w2=1490
BUSY TASK ewma=997
DMA IRQ c0=2
DMA IRQ c1=0
DMA IRQ c2=0
DMA IRQ c3=0
SELECT busy=1501
SELECT w0=1500
SELECT w1=1505
SELECT w2=1512
BUSY TASK ewma=997
DMA IRQ c0=2
DMA IRQ c1=0
DMA IRQ c2=0
DMA IRQ c3=0
SELECT busy=1524
SELECT w0=1523
SELECT w1=1529
SELECT w2=1537
BUSY TASK ewma=997
DMA IRQ c0=2
DMA IRQ c1=0
DMA IRQ c2=0
DMA IRQ c3=0
SELECT busy=1576
SELECT w0=1579
SELECT w1=1587
SELECT w2=1593
BUSY TASK ewma=997
DMA IRQ c0=2
DMA IRQ c1=0
DMA IRQ c2=0
DMA IRQ c3=0
SELECT busy=1616
SELECT w0=1615
SELECT w1=1621
SELECT w2=1631
BUSY TASK ewma=997
DMA IRQ c0=2
DMA IRQ c1=0
DMA IRQ c2=0
DMA IRQ c3=0
SELECT busy=1663
SELECT w0=1662
SELECT w1=1667
SELECT w2=1674
BUSY TASK ewma=997
DMA IRQ c0=2
DMA IRQ c1=0
DMA IRQ c2=0
DMA IRQ c3=0
SELECT busy=1701
SELECT w0=1700
SELECT w1=1705
SELECT w2=1713
BUSY TASK ewma=997
DMA IRQ c0=2
DMA IRQ c1=0
DMA IRQ c2=0
DMA IRQ c3=0
SELECT busy=1728
SELECT w0=1727
SELECT w1=1732
SELECT w2=1738
BUSY TASK ewma=997
DMA IRQ c0=2
DMA IRQ c1=0
DMA IRQ c2=0
DMA IRQ c3=0
SELECT busy=1753
SELECT w0=1752
SELECT w1=1761
SELECT w2=1767
BUSY TASK ewma=997
DMA IRQ c0=2
DMA IRQ c1=0
DMA IRQ c2=0
DMA IRQ c3=0
SELECT busy=1785
SELECT w0=1783
SELECT w1=1787
SELECT w2=1793
BUSY TASK ewma=997
IRQ counts: cpu0=7220 cpu1=0 cpu2=0 cpu3=0
SCHED secondaries: calls=0 unexpected=0
SECTEST switches=0 cpu1=0,0 cpu2=0,0 cpu3=0,0
PINGPONG rounds=0 pongs=0
DMA IRQ c0=2
DMA IRQ c1=0
DMA IRQ c2=0
DMA IRQ c3=0
SELECT busy=1819
SELECT w0=1817
SELECT w1=1822
SELECT w2=1827
BUSY TASK ewma=997
DMA IRQ c0=2
DMA IRQ c1=0
DMA IRQ c2=0
DMA IRQ c3=0
SELECT busy=1848
SELECT w0=1847
SELECT w1=1853
SELECT w2=1860
BUSY TASK ewma=997
DMA IRQ c0=2
DMA IRQ c1=0
DMA IRQ c2=0
DMA IRQ c3=0
SELECT busy=1874
SELECT w0=1873
SELECT w1=1877
SELECT w2=1882
BUSY TASK ewma=997
DMA IRQ c0=2
DMA IRQ c1=0
DMA IRQ c2=0
DMA IRQ c3=0
SELECT busy=1901
SELECT w0=1900
SELECT w1=1905
SELECT w2=1911
BUSY TASK ewma=997
DMA IRQ c0=2
DMA IRQ c1=0
DMA IRQ c2=0
DMA IRQ c3=0
SELECT busy=1925
SELECT w0=1923
SELECT w1=1928
SELECT w2=1933
BUSY TASK ewma=997
DMA IRQ c0=2
DMA IRQ c1=0
DMA IRQ c2=0
DMA IRQ c3=0
SELECT busy=1950
SELECT w0=1948
SELECT w1=1952
SELECT w2=1957
BUSY TASK ewma=997
DMA IRQ c0=2
DMA IRQ c1=0
DMA IRQ c2=0
DMA IRQ c3=0
SELECT busy=1968
SELECT w0=1966
SELECT w1=1971
SELECT w2=1976
BUSY TASK ewma=997
DMA IRQ c0=2
DMA IRQ c1=0
DMA IRQ c2=0
DMA IRQ c3=0
SELECT busy=1989
SELECT w0=1987
SELECT w1=1991
SELECT w2=1996
BUSY TASK ewma=997
DMA IRQ c0=2
DMA IRQ c1=0
DMA IRQ c2=0
DMA IRQ c3=0
SELECT busy=2007
SELECT w0=2005
SELECT w1=2009
SELECT w2=2014
BUSY TASK ewma=997
DMA IRQ c0=2
DMA IRQ c1=0
DMA IRQ c2=0
DMA IRQ c3=0
SELECT busy=2035
SELECT w0=2037
SELECT w1=2043
SELECT w2=2050
BUSY TASK ewma=997
DMA IRQ c0=2
DMA IRQ c1=0
DMA IRQ c2=0
DMA IRQ c3=0
SELECT busy=2087
SELECT w0=2086
SELECT w1=2092
SELECT w2=2097
qemu-system-aarch64: terminating on signal 15 from pid 223873 (timeout)
