P4 M7: full integration test boot OK
CPU0: MPIDR_EL1=0x0000000080000000
CPU0: psci_cpu_on target=1 rc=-2
CPU0: psci_cpu_on target=2 rc=-2
CPU0: psci_cpu_on target=3 rc=-2
CPUs online: 1
DMA IRQ target cpu=0
D2b: worker 2 runs on CPU0
D2b: worker 1 runs on CPU0
D2b: worker 0 runs on CPU0
P4 M7: worker submitted cmd_id=3
P4 M7: worker DATA OK, cmd_id=3
WORKER ewma=979
P4 M7: worker submitted cmd_id=2
P4 M7: worker submitted cmd_id=1
P4 M7: worker DATA OK, cmd_id=2
P4 M7: worker DATA OK, cmd_id=1
WORKER ewma=994
WORKER ewma=996
BUSY TASK ewma=997
DMA IRQ c0=2
DMA IRQ c1=0
DMA IRQ c2=0
DMA IRQ c3=0
SELECT busy=33
SELECT w0=34
SELECT w1=42
SELECT w2=35
BUSY TASK ewma=997
DMA IRQ c0=2
DMA IRQ c1=0
DMA IRQ c2=0
DMA IRQ c3=0
SELECT busy=60
SELECT w0=61
SELECT w1=69
SELECT w2=63
BUSY TASK ewma=997
DMA IRQ c0=2
DMA IRQ c1=0
DMA IRQ c2=0
DMA IRQ c3=0
SELECT busy=93
SELECT w0=93
SELECT w1=100
SELECT w2=93
BUSY TASK ewma=997
DMA IRQ c0=2
DMA IRQ c1=0
DMA IRQ c2=0
DMA IRQ c3=0
SELECT busy=112
SELECT w0=113
SELECT w1=120
SELECT w2=114
BUSY TASK ewma=997
DMA IRQ c0=2
DMA IRQ c1=0
DMA IRQ c2=0
DMA IRQ c3=0
SELECT busy=135
SELECT w0=137
SELECT w1=145
SELECT w2=139
BUSY TASK ewma=997
DMA IRQ c0=2
DMA IRQ c1=0
DMA IRQ c2=0
DMA IRQ c3=0
SELECT busy=156
SELECT w0=159
SELECT w1=167
SELECT w2=163
BUSY TASK ewma=997
DMA IRQ c0=2
DMA IRQ c1=0
DMA IRQ c2=0
DMA IRQ c3=0
SELECT busy=182
SELECT w0=183
SELECT w1=191
SELECT w2=185
BUSY TASK ewma=997
DMA IRQ c0=2
DMA IRQ c1=0
DMA IRQ c2=0
DMA IRQ c3=0
SELECT busy=207
SELECT w0=208
SELECT w1=217
SELECT w2=211
BUSY TASK ewma=997
DMA IRQ c0=2
DMA IRQ c1=0
DMA IRQ c2=0
DMA IRQ c3=0
SELECT busy=228
SELECT w0=228
SELECT w1=236
SELECT w2=229
BUSY TASK ewma=997
DMA IRQ c0=2
DMA IRQ c1=0
DMA IRQ c2=0
DMA IRQ c3=0
SELECT busy=253
SELECT w0=255
SELECT w1=263
SELECT w2=257
BUSY TASK ewma=997
DMA IRQ c0=2
DMA IRQ c1=0
DMA IRQ c2=0
DMA IRQ c3=0
SELECT busy=289
SELECT w0=289
SELECT w1=296
SELECT w2=290
BUSY TASK ewma=997
DMA IRQ c0=2
DMA IRQ c1=0
DMA IRQ c2=0
DMA IRQ c3=0
SELECT busy=308
SELECT w0=310
SELECT w1=318
SELECT w2=313
BUSY TASK ewma=997
DMA IRQ c0=2
DMA IRQ c1=0
DMA IRQ c2=0
DMA IRQ c3=0
SELECT busy=346
SELECT w0=347
SELECT w1=356
SELECT w2=354
BUSY TASK ewma=997
DMA IRQ c0=2
DMA IRQ c1=0
DMA IRQ c2=0
DMA IRQ c3=0
SELECT busy=398
SELECT w0=402
SELECT w1=411
SELECT w2=405
BUSY TASK ewma=997
DMA IRQ c0=2
DMA IRQ c1=0
DMA IRQ c2=0
DMA IRQ c3=0
SELECT busy=445
SELECT w0=446
SELECT w1=455
SELECT w2=450
BUSY TASK ewma=997
DMA IRQ c0=2
DMA IRQ c1=0
DMA IRQ c2=0
DMA IRQ c3=0
SELECT busy=489
SELECT w0=490
SELECT w1=498
SELECT w2=492
BUSY TASK ewma=997
DMA IRQ c0=2
DMA IRQ c1=0
DMA IRQ c2=0
DMA IRQ c3=0
SELECT busy=529
SELECT w0=530
SELECT w1=539
SELECT w2=533
BUSY TASK ewma=997
DMA IRQ c0=2
DMA IRQ c1=0
DMA IRQ c2=0
DMA IRQ c3=0
SELECT busy=580
SELECT w0=590
SELECT w1=600
SELECT w2=595
BUSY TASK ewma=997
DMA IRQ c0=2
DMA IRQ c1=0
DMA IRQ c2=0
DMA IRQ c3=0
SELECT busy=626
SELECT w0=626
SELECT w1=633
SELECT w2=626
BUSY TASK ewma=997
DMA IRQ c0=2
DMA IRQ c1=0
DMA IRQ c2=0
DMA IRQ c3=0
SELECT busy=651
SELECT w0=652
SELECT w1=662
SELECT w2=656
BUSY TASK ewma=997
DMA IRQ c0=2
DMA IRQ c1=0
DMA IRQ c2=0
DMA IRQ c3=0
SELECT busy=693
SELECT w0=695
SELECT w1=704
SELECT w2=698
BUSY TASK ewma=997
DMA IRQ c0=2
DMA IRQ c1=0
DMA IRQ c2=0
DMA IRQ c3=0
SELECT busy=734
SELECT w0=736
SELECT w1=744
SELECT w2=738
BUSY TASK ewma=997
DMA IRQ c0=2
DMA IRQ c1=0
DMA IRQ c2=0
DMA IRQ c3=0
SELECT busy=777
SELECT w0=778
SELECT w1=788
SELECT w2=784
BUSY TASK ewma=997
DMA IRQ c0=2
DMA IRQ c1=0
DMA IRQ c2=0
DMA IRQ c3=0
SELECT busy=809
SELECT w0=812
SELECT w1=820
SELECT w2=814
BUSY TASK ewma=997
DMA IRQ c0=2
DMA IRQ c1=0
DMA IRQ c2=0
DMA IRQ c3=0
SELECT busy=856
SELECT w0=857
SELECT w1=865
SELECT w2=859
BUSY TASK ewma=997
DMA IRQ c0=2
DMA IRQ c1=0
DMA IRQ c2=0
DMA IRQ c3=0
SELECT busy=885
SELECT w0=886
SELECT w1=894
SELECT w2=891
BUSY TASK ewma=997
DMA IRQ c0=2
DMA IRQ c1=0
DMA IRQ c2=0
DMA IRQ c3=0
SELECT busy=907
SELECT w0=910
SELECT w1=924
SELECT w2=917
BUSY TASK ewma=997
DMA IRQ c0=2
DMA IRQ c1=0
DMA IRQ c2=0
DMA IRQ c3=0
SELECT busy=952
SELECT w0=953
SELECT w1=963
SELECT w2=956
BUSY TASK ewma=997
DMA IRQ c0=2
DMA IRQ c1=0
DMA IRQ c2=0
DMA IRQ c3=0
SELECT busy=976
SELECT w0=978
SELECT w1=986
SELECT w2=981
BUSY TASK ewma=997
DMA IRQ c0=2
DMA IRQ c1=0
DMA IRQ c2=0
DMA IRQ c3=0
SELECT busy=1012
SELECT w0=1014
SELECT w1=1025
SELECT w2=1019
BUSY TASK ewma=997
DMA IRQ c0=2
DMA IRQ c1=0
DMA IRQ c2=0
DMA IRQ c3=0
SELECT busy=1043
SELECT w0=1044
SELECT w1=1052
SELECT w2=1047
BUSY TASK ewma=997
DMA IRQ c0=2
DMA IRQ c1=0
DMA IRQ c2=0
DMA IRQ c3=0
SELECT busy=1076
SELECT w0=1076
SELECT w1=1087
SELECT w2=1081
BUSY TASK ewma=997
DMA IRQ c0=2
DMA IRQ c1=0
DMA IRQ c2=0
DMA IRQ c3=0
SELECT busy=1110
SELECT w0=1110
SELECT w1=1119
SELECT w2=1112
BUSY TASK ewma=997
DMA IRQ c0=2
DMA IRQ c1=0
DMA IRQ c2=0
DMA IRQ c3=0
SELECT busy=1150
SELECT w0=1153
SELECT w1=1162
SELECT w2=1158
BUSY TASK ewma=997
DMA IRQ c0=2
DMA IRQ c1=0
DMA IRQ c2=0
DMA IRQ c3=0
SELECT busy=1192
SELECT w0=1193
SELECT w1=1201
SELECT w2=1195
BUSY TASK ewma=997
DMA IRQ c0=2
DMA IRQ c1=0
DMA IRQ c2=0
DMA IRQ c3=0
SELECT busy=1229
SELECT w0=1231
SELECT w1=1239
SELECT w2=1234
BUSY TASK ewma=997
DMA IRQ c0=2
DMA IRQ c1=0
DMA IRQ c2=0
DMA IRQ c3=0
SELECT busy=1260
SELECT w0=1260
SELECT w1=1270
SELECT w2=1264
BUSY TASK ewma=997
DMA IRQ c0=2
DMA IRQ c1=0
DMA IRQ c2=0
DMA IRQ c3=0
SELECT busy=1285
SELECT w0=1288
SELECT w1=1296
SELECT w2=1290
BUSY TASK ewma=997
DMA IRQ c0=2
DMA IRQ c1=0
DMA IRQ c2=0
DMA IRQ c3=0
SELECT busy=1317
SELECT w0=1319
SELECT w1=1326
SELECT w2=1319
BUSY TASK ewma=997
DMA IRQ c0=2
DMA IRQ c1=0
DMA IRQ c2=0
DMA IRQ c3=0
SELECT busy=1345
SELECT w0=1346
SELECT w1=1355
SELECT w2=1352
BUSY TASK ewma=997
DMA IRQ c0=2
DMA IRQ c1=0
DMA IRQ c2=0
DMA IRQ c3=0
SELECT busy=1386
SELECT w0=1386
SELECT w1=1393
SELECT w2=1387
BUSY TASK ewma=997
DMA IRQ c0=2
DMA IRQ c1=0
DMA IRQ c2=0
DMA IRQ c3=0
SELECT busy=1417
SELECT w0=1418
SELECT w1=1429
SELECT w2=1424
BUSY TASK ewma=997
DMA IRQ c0=2
DMA IRQ c1=0
DMA IRQ c2=0
DMA IRQ c3=0
SELECT busy=1457
SELECT w0=1458
SELECT w1=1466
SELECT w2=1460
BUSY TASK ewma=997
DMA IRQ c0=2
DMA IRQ c1=0
DMA IRQ c2=0
DMA IRQ c3=0
SELECT busy=1496
SELECT w0=1500
SELECT w1=1510
SELECT w2=1504
BUSY TASK ewma=997
DMA IRQ c0=2
DMA IRQ c1=0
DMA IRQ c2=0
DMA IRQ c3=0
SELECT busy=1536
SELECT w0=1538
SELECT w1=1548
SELECT w2=1542
BUSY TASK ewma=997
DMA IRQ c0=2
DMA IRQ c1=0
DMA IRQ c2=0
DMA IRQ c3=0
SELECT busy=1582
SELECT w0=1582
SELECT w1=1591
SELECT w2=1584
BUSY TASK ewma=997
DMA IRQ c0=2
DMA IRQ c1=0
DMA IRQ c2=0
DMA IRQ c3=0
SELECT busy=1612
SELECT w0=1613
SELECT w1=1623
SELECT w2=1617
BUSY TASK ewma=997
DMA IRQ c0=2
DMA IRQ c1=0
DMA IRQ c2=0
DMA IRQ c3=0
SELECT busy=1649
SELECT w0=1650
SELECT w1=1658
SELECT w2=1652
BUSY TASK ewma=997
DMA IRQ c0=2
DMA IRQ c1=0
DMA IRQ c2=0
DMA IRQ c3=0
SELECT busy=1682
SELECT w0=1685
SELECT w1=1694
SELECT w2=1691
BUSY TASK ewma=997
DMA IRQ c0=2
DMA IRQ c1=0
DMA IRQ c2=0
DMA IRQ c3=0
SELECT busy=1713
SELECT w0=1714
SELECT w1=1723
SELECT w2=1717
BUSY TASK ewma=997
DMA IRQ c0=2
DMA IRQ c1=0
DMA IRQ c2=0
DMA IRQ c3=0
SELECT busy=1747
SELECT w0=1747
SELECT w1=1755
SELECT w2=1750
BUSY TASK ewma=997
DMA IRQ c0=2
DMA IRQ c1=0
DMA IRQ c2=0
DMA IRQ c3=0
SELECT busy=1778
SELECT w0=1779
SELECT w1=1789
SELECT w2=1785
BUSY TASK ewma=997
DMA IRQ c0=2
DMA IRQ c1=0
DMA IRQ c2=0
DMA IRQ c3=0
SELECT busy=1815
SELECT w0=1816
SELECT w1=1824
SELECT w2=1818
BUSY TASK ewma=997
DMA IRQ c0=2
DMA IRQ c1=0
DMA IRQ c2=0
DMA IRQ c3=0
SELECT busy=1849
SELECT w0=1850
SELECT w1=1858
SELECT w2=1852
BUSY TASK ewma=997
DMA IRQ c0=2
DMA IRQ c1=0
DMA IRQ c2=0
DMA IRQ c3=0
SELECT busy=1887
SELECT w0=1889
SELECT w1=1898
SELECT w2=1891
BUSY TASK ewma=997
DMA IRQ c0=2
DMA IRQ c1=0
DMA IRQ c2=0
DMA IRQ c3=0
SELECT busy=1923
SELEqemu-system-aarch64: terminating on signal 15 from pid 220962 (timeout)
