P4 M7: full integration test boot OK
CPU0: MPIDR_EL1=0x0000000080000000
CPU0: psci_cpu_on target=1 rc=-2
CPU0: psci_cpu_on target=2 rc=-2
CPU0: psci_cpu_on target=3 rc=-2
CPUs online: 1
DMA IRQ target cpu=0
D2b: worker 2 runs on CPU0
D2b: worker 1 runs on CPU0
D2b: worker 0 runs on CPU0
P4 M7: worker submitted cmd_id=2
P4 M7: worker submitted cmd_id=1
P4 M7: worker submitted cmd_id=3
P4 M7: worker DATA OK, cmd_id=1
P4 M7: worker DATA OK, cmd_id=2
WORKER ewma=992
WORKER ewma=994
P4 M7: worker DATA OK, cmd_id=3
WORKER ewma=994
BUSY TASK ewma=997
DMA IRQ c0=3
DMA IRQ c1=0
DMA IRQ c2=0
DMA IRQ c3=0
SELECT busy=28
SELECT w0=28
SELECT w1=29
SELECT w2=32
BUSY TASK ewma=997
DMA IRQ c0=3
DMA IRQ c1=0
DMA IRQ c2=0
DMA IRQ c3=0
SELECT busy=69
SELECT w0=71
SELECT w1=73
SELECT w2=77
BUSY TASK ewma=997
DMA IRQ c0=3
DMA IRQ c1=0
DMA IRQ c2=0
DMA IRQ c3=0
SELECT busy=94
SELECT w0=94
SELECT w1=98
SELECT w2=101
BUSY TASK ewma=997
DMA IRQ c0=3
DMA IRQ c1=0
DMA IRQ c2=0
DMA IRQ c3=0
SELECT busy=118
SELECT w0=117
SELECT w1=118
SELECT w2=120
BUSY TASK ewma=997
DMA IRQ c0=3
DMA IRQ c1=0
DMA IRQ c2=0
DMA IRQ c3=0
SELECT busy=144
SELECT w0=144
SELECT w1=147
SELECT w2=150
BUSY TASK ewma=997
DMA IRQ c0=3
DMA IRQ c1=0
DMA IRQ c2=0
DMA IRQ c3=0
SELECT busy=168
SELECT w0=168
SELECT w1=169
SELECT w2=172
BUSY TASK ewma=997
DMA IRQ c0=3
DMA IRQ c1=0
DMA IRQ c2=0
DMA IRQ c3=0
SELECT busy=189
SELECT w0=189
SELECT w1=190
SELECT w2=193
BUSY TASK ewma=997
DMA IRQ c0=3
DMA IRQ c1=0
DMA IRQ c2=0
DMA IRQ c3=0
SELECT busy=212
SELECT w0=211
SELECT w1=211
SELECT w2=213
BUSY TASK ewma=997
DMA IRQ c0=3
DMA IRQ c1=0
DMA IRQ c2=0
DMA IRQ c3=0
SELECT busy=236
SELECT w0=236
SELECT w1=238
SELECT w2=243
BUSY TASK ewma=997
DMA IRQ c0=3
DMA IRQ c1=0
DMA IRQ c2=0
DMA IRQ c3=0
SELECT busy=278
SELECT w0=278
SELECT w1=279
SELECT w2=282
BUSY TASK ewma=997
DMA IRQ c0=3
DMA IRQ c1=0
DMA IRQ c2=0
DMA IRQ c3=0
SELECT busy=303
SELECT w0=303
SELECT w1=304
SELECT w2=306
BUSY TASK ewma=997
DMA IRQ c0=3
DMA IRQ c1=0
DMA IRQ c2=0
DMA IRQ c3=0
SELECT busy=326
SELECT w0=326
SELECT w1=327
SELECT w2=331
BUSY TASK ewma=997
DMA IRQ c0=3
DMA IRQ c1=0
DMA IRQ c2=0
DMA IRQ c3=0
SELECT busy=355
SELECT w0=356
SELECT w1=358
SELECT w2=362
BUSY TASK ewma=997
DMA IRQ c0=3
DMA IRQ c1=0
DMA IRQ c2=0
DMA IRQ c3=0
SELECT busy=399
SELECT w0=399
SELECT w1=400
SELECT w2=404
BUSY TASK ewma=997
DMA IRQ c0=3
DMA IRQ c1=0
DMA IRQ c2=0
DMA IRQ c3=0
SELECT busy=421
SELECT w0=421
SELECT w1=422
SELECT w2=426
BUSY TASK ewma=997
DMA IRQ c0=3
DMA IRQ c1=0
DMA IRQ c2=0
DMA IRQ c3=0
SELECT busy=452
SELECT w0=452
SELECT w1=453
SELECT w2=456
BUSY TASK ewma=997
DMA IRQ c0=3
DMA IRQ c1=0
DMA IRQ c2=0
DMA IRQ c3=0
SELECT busy=468
SELECT w0=467
SELECT w1=467
SELECT w2=469
BUSY TASK ewma=997
DMA IRQ c0=3
DMA IRQ c1=0
DMA IRQ c2=0
DMA IRQ c3=0
SELECT busy=487
SELECT w0=487
SELECT w1=493
SELECT w2=496
BUSY TASK ewma=997
DMA IRQ c0=3
DMA IRQ c1=0
DMA IRQ c2=0
DMA IRQ c3=0
SELECT busy=516
SELECT w0=516
SELECT w1=516
SELECT w2=518
BUSY TASK ewma=997
DMA IRQ c0=3
DMA IRQ c1=0
DMA IRQ c2=0
DMA IRQ c3=0
SELECT busy=544
SELECT w0=545
SELECT w1=545
SELECT w2=547
BUSY TASK ewma=997
DMA IRQ c0=3
DMA IRQ c1=0
DMA IRQ c2=0
DMA IRQ c3=0
SELECT busy=564
SELECT w0=563
SELECT w1=565
SELECT w2=570
BUSY TASK ewma=997
DMA IRQ c0=3
DMA IRQ c1=0
DMA IRQ c2=0
DMA IRQ c3=0
SELECT busy=596
SELECT w0=596
SELECT w1=597
SELECT w2=600
BUSY TASK ewma=997
DMA IRQ c0=3
DMA IRQ c1=0
DMA IRQ c2=0
DMA IRQ c3=0
SELECT busy=627
SELECT w0=627
SELECT w1=629
SELECT w2=632
BUSY TASK ewma=997
DMA IRQ c0=3
DMA IRQ c1=0
DMA IRQ c2=0
DMA IRQ c3=0
SELECT busy=647
SELECT w0=646
SELECT w1=646
SELECT w2=648
BUSY TASK ewma=997
DMA IRQ c0=3
DMA IRQ c1=0
DMA IRQ c2=0
DMA IRQ c3=0
SELECT busy=661
SELECT w0=660
SELECT w1=661
SELECT w2=663
BUSY TASK ewma=997
DMA IRQ c0=3
DMA IRQ c1=0
DMA IRQ c2=0
DMA IRQ c3=0
SELECT busy=700
SELECT w0=699
SELECT w1=700
SELECT w2=702
BUSY TASK ewma=997
DMA IRQ c0=3
DMA IRQ c1=0
DMA IRQ c2=0
DMA IRQ c3=0
SELECT busy=719
SELECT w0=718
SELECT w1=718
SELECT w2=720
BUSY TASK ewma=997
DMA IRQ c0=3
DMA IRQ c1=0
DMA IRQ c2=0
DMA IRQ c3=0
SELECT busy=741
SELECT w0=740
SELECT w1=745
SELECT w2=751
BUSY TASK ewma=997
DMA IRQ c0=3
DMA IRQ c1=0
DMA IRQ c2=0
DMA IRQ c3=0
SELECT busy=778
SELECT w0=778
SELECT w1=781
SELECT w2=787
BUSY TASK ewma=997
DMA IRQ c0=3
DMA IRQ c1=0
DMA IRQ c2=0
DMA IRQ c3=0
SELECT busy=811
SELECT w0=811
SELECT w1=813
SELECT w2=817
BUSY TASK ewma=997
DMA IRQ c0=3
DMA IRQ c1=0
DMA IRQ c2=0
DMA IRQ c3=0
SELECT busy=849
SELECT w0=849
SELECT w1=849
SELECT w2=852
BUSY TASK ewma=997
DMA IRQ c0=3
DMA IRQ c1=0
DMA IRQ c2=0
DMA IRQ c3=0
SELECT busy=873
SELECT w0=874
SELECT w1=876
SELECT w2=879
BUSY TASK ewma=997
DMA IRQ c0=3
DMA IRQ c1=0
DMA IRQ c2=0
DMA IRQ c3=0
SELECT busy=893
SELECT w0=893
SELECT w1=894
SELECT w2=897
BUSY TASK ewma=997
DMA IRQ c0=3
DMA IRQ c1=0
DMA IRQ c2=0
DMA IRQ c3=0
SELECT busy=913
SELECT w0=913
SELECT w1=913
SELECT w2=918
BUSY TASK ewma=997
DMA IRQ c0=3
DMA IRQ c1=0
DMA IRQ c2=0
DMA IRQ c3=0
SELECT busy=939
SELECT w0=938
SELECT w1=938
SELECT w2=940
BUSY TASK ewma=997
DMA IRQ c0=3
DMA IRQ c1=0
DMA IRQ c2=0
DMA IRQ c3=0
SELECT busy=953
SELECT w0=953
SELECT w1=953
SELECT w2=956
BUSY TASK ewma=997
DMA IRQ c0=3
DMA IRQ c1=0
DMA IRQ c2=0
DMA IRQ c3=0
SELECT busy=969
SELECT w0=968
SELECT w1=969
SELECT w2=972
BUSY TASK ewma=997
DMA IRQ c0=3
DMA IRQ c1=0
DMA IRQ c2=0
DMA IRQ c3=0
SELECT busy=991
SELECT w0=991
SELECT w1=992
SELECT w2=994
BUSY TASK ewma=997
DMA IRQ c0=3
DMA IRQ c1=0
DMA IRQ c2=0
DMA IRQ c3=0
SELECT busy=1012
SELECT w0=1011
SELECT w1=1012
SELECT w2=1017
BUSY TASK ewma=997
DMA IRQ c0=3
DMA IRQ c1=0
DMA IRQ c2=0
DMA IRQ c3=0
SELECT busy=1038
SELECT w0=1038
SELECT w1=1040
SELECT w2=1043
BUSY TASK ewma=997
DMA IRQ c0=3
DMA IRQ c1=0
DMA IRQ c2=0
DMA IRQ c3=0
SELECT busy=1068
SELECT w0=1067
SELECT w1=1068
SELECT w2=1073
BUSY TASK ewma=997
DMA IRQ c0=3
DMA IRQ c1=0
DMA IRQ c2=0
DMA IRQ c3=0
SELECT busy=1087
SELECT w0=1086
SELECT w1=1086
SELECT w2=1088
BUSY TASK ewma=997
DMA IRQ c0=3
DMA IRQ c1=0
DMA IRQ c2=0
DMA IRQ c3=0
SELECT busy=1110
SELECT w0=1111
SELECT w1=1113
SELECT w2=1117
BUSY TASK ewma=997
DMA IRQ c0=3
DMA IRQ c1=0
DMA IRQ c2=0
DMA IRQ c3=0
SELECT busy=1142
SELECT w0=1143
SELECT w1=1144
SELECT w2=1147
BUSY TASK ewma=997
DMA IRQ c0=3
DMA IRQ c1=0
DMA IRQ c2=0
DMA IRQ c3=0
SELECT busy=1172
SELECT w0=1171
SELECT w1=1174
SELECT w2=1177
BUSY TASK ewma=997
DMA IRQ c0=3
DMA IRQ c1=0
DMA IRQ c2=0
DMA IRQ c3=0
SELECT busy=1203
SELECT w0=1203
SELECT w1=1203
SELECT w2=1205
BUSY TASK ewma=997
DMA IRQ c0=3
DMA IRQ c1=0
DMA IRQ c2=0
DMA IRQ c3=0
SELECT busy=1227
SELECT w0=1227
SELECT w1=1228
SELECT w2=1230
BUSY TASK ewma=997
DMA IRQ c0=3
DMA IRQ c1=0
DMA IRQ c2=0
DMA IRQ c3=0
SELECT busy=1255
SELECT w0=1255
SELECT w1=1257
SELECT w2=1261
BUSY TASK ewma=997
DMA IRQ c0=3
DMA IRQ c1=0
DMA IRQ c2=0
DMA IRQ c3=0
SELECT busy=1290
SELECT w0=1292
SELECT w1=1293
SELECT w2=1297
BUSY TASK ewma=997
DMA IRQ c0=3
DMA IRQ c1=0
DMA IRQ c2=0
DMA IRQ c3=0
SELECT busy=1325
SELECT w0=1325
SELECT w1=1325
SELECT w2=1328
BUSY TASK ewma=997
DMA IRQ c0=3
DMA IRQ c1=0
DMA IRQ c2=0
DMA IRQ c3=0
SELECT busy=1355
SELECT w0=1355
SELECT w1=1356
SELECT w2=1359
BUSY TASK ewma=997
DMA IRQ c0=3
DMA IRQ c1=0
DMA IRQ c2=0
DMA IRQ c3=0
SELECT busy=1390
SELECT w0=1392
SELECT w1=1393
SELECT w2=1397
BUSY TASK ewma=997
DMA IRQ c0=3
DMA IRQ c1=0
DMA IRQ c2=0
DMA IRQ c3=0
SELECT busy=1424
SELECT w0=1423
SELECT w1=1423
SELECT w2=1426
BUSY TASK ewma=997
DMA IRQ c0=3
DMA IRQ c1=0
DMA IRQ c2=0
DMA IRQ c3=0
SELECT busyqemu-system-aarch64: terminating on signal 15 from pid 220157 (timeout)
