P4 M7: full integration test boot OK
CPU0: MPIDR_EL1=0x0000000080000000
CPU0: psci_cpu_on target=1 rc=-2
CPU0: psci_cpu_on target=2 rc=-2
CPU0: psci_cpu_on target=3 rc=-2
CPUs online: 1
DMA IRQ target cpu=0
D2b: worker 0 runs on CPU0
P4 M7: worker submitted cmd_id=1
D2b: worker 1 runs on CPU0
D2b: worker 2 runs on CPU0
P4 M7: worker submitted cmd_id=2
P4 M7: worker DATA OK, cmd_id=1
WORKER ewma=916
P4 M7: worker submitted cmd_id=3
P4 M7: worker DATA OK, cmd_id=2
WORKER ewma=958
P4 M7: worker DATA OK, cmd_id=3
WORKER ewma=995
BUSY TASK ewma=997
DMA IRQ c0=3
DMA IRQ c1=0
DMA IRQ c2=0
DMA IRQ c3=0
SELECT busy=35
SELECT w0=58
SELECT w1=36
SELECT w2=47
BUSY TASK ewma=997
DMA IRQ c0=3
DMA IRQ c1=0
DMA IRQ c2=0
DMA IRQ c3=0
SELECT busy=64
SELECT w0=87
SELECT w1=66
SELECT w2=77
BUSY TASK ewma=997
DMA IRQ c0=3
DMA IRQ c1=0
DMA IRQ c2=0
DMA IRQ c3=0
SELECT busy=89
SELECT w0=111
SELECT w1=90
SELECT w2=100
BUSY TASK ewma=997
DMA IRQ c0=3
DMA IRQ c1=0
DMA IRQ c2=0
DMA IRQ c3=0
SELECT busy=114
SELECT w0=136
SELECT w1=115
SELECT w2=126
BUSY TASK ewma=997
DMA IRQ c0=3
DMA IRQ c1=0
DMA IRQ c2=0
DMA IRQ c3=0
SELECT busy=141
SELECT w0=164
SELECT w1=144
SELECT w2=156
BUSY TASK ewma=997
DMA IRQ c0=3
DMA IRQ c1=0
DMA IRQ c2=0
DMA IRQ c3=0
SELECT busy=168
SELECT w0=190
SELECT w1=170
SELECT w2=180
BUSY TASK ewma=997
DMA IRQ c0=3
DMA IRQ c1=0
DMA IRQ c2=0
DMA IRQ c3=0
SELECT busy=194
SELECT w0=217
SELECT w1=198
SELECT w2=208
BUSY TASK ewma=997
DMA IRQ c0=3
DMA IRQ c1=0
DMA IRQ c2=0
DMA IRQ c3=0
SELECT busy=222
SELECT w0=245
SELECT w1=224
SELECT w2=236
BUSY TASK ewma=997
DMA IRQ c0=3
DMA IRQ c1=0
DMA IRQ c2=0
DMA IRQ c3=0
SELECT busy=248
SELECT w0=272
SELECT w1=253
SELECT w2=264
BUSY TASK ewma=997
DMA IRQ c0=3
DMA IRQ c1=0
DMA IRQ c2=0
DMA IRQ c3=0
SELECT busy=279
SELECT w0=304
SELECT w1=283
SELECT w2=294
BUSY TASK ewma=997
DMA IRQ c0=3
DMA IRQ c1=0
DMA IRQ c2=0
DMA IRQ c3=0
SELECT busy=309
SELECT w0=332
SELECT w1=311
SELECT w2=322
BUSY TASK ewma=997
DMA IRQ c0=3
DMA IRQ c1=0
DMA IRQ c2=0
DMA IRQ c3=0
SELECT busy=335
SELECT w0=358
SELECT w1=337
SELECT w2=348
BUSY TASK ewma=997
DMA IRQ c0=3
DMA IRQ c1=0
DMA IRQ c2=0
DMA IRQ c3=0
SELECT busy=359
SELECT w0=381
SELECT w1=361
SELECT w2=374
BUSY TASK ewma=997
DMA IRQ c0=3
DMA IRQ c1=0
DMA IRQ c2=0
DMA IRQ c3=0
SELECT busy=396
SELECT w0=419
SELECT w1=398
SELECT w2=409
BUSY TASK ewma=997
DMA IRQ c0=3
DMA IRQ c1=0
DMA IRQ c2=0
DMA IRQ c3=0
SELECT busy=418
SELECT w0=441
SELECT w1=420
SELECT w2=430
BUSY TASK ewma=997
DMA IRQ c0=3
DMA IRQ c1=0
DMA IRQ c2=0
DMA IRQ c3=0
SELECT busy=446
SELECT w0=469
SELECT w1=448
SELECT w2=459
BUSY TASK ewma=997
DMA IRQ c0=3
DMA IRQ c1=0
DMA IRQ c2=0
DMA IRQ c3=0
SELECT busy=470
SELECT w0=493
SELECT w1=472
SELECT w2=483
BUSY TASK ewma=997
DMA IRQ c0=3
DMA IRQ c1=0
DMA IRQ c2=0
DMA IRQ c3=0
SELECT busy=493
SELECT w0=517
SELECT w1=496
SELECT w2=507
BUSY TASK ewma=997
DMA IRQ c0=3
DMA IRQ c1=0
DMA IRQ c2=0
DMA IRQ c3=0
SELECT busy=519
SELECT w0=543
SELECT w1=522
SELECT w2=533
BUSY TASK ewma=997
DMA IRQ c0=3
DMA IRQ c1=0
DMA IRQ c2=0
DMA IRQ c3=0
SELECT busy=544
SELECT w0=567
SELECT w1=546
SELECT w2=557
BUSY TASK ewma=997
DMA IRQ c0=3
DMA IRQ c1=0
DMA IRQ c2=0
DMA IRQ c3=0
SELECT busy=569
SELECT w0=592
SELECT w1=571
SELECT w2=583
BUSY TASK ewma=997
DMA IRQ c0=3
DMA IRQ c1=0
DMA IRQ c2=0
DMA IRQ c3=0
SELECT busy=592
SELECT w0=615
SELECT w1=595
SELECT w2=607
BUSY TASK ewma=997
DMA IRQ c0=3
DMA IRQ c1=0
DMA IRQ c2=0
DMA IRQ c3=0
SELECT busy=619
SELECT w0=642
SELECT w1=621
SELECT w2=632
BUSY TASK ewma=997
DMA IRQ c0=3
DMA IRQ c1=0
DMA IRQ c2=0
DMA IRQ c3=0
SELECT busy=647
SELECT w0=669
SELECT w1=648
SELECT w2=659
BUSY TASK ewma=997
DMA IRQ c0=3
DMA IRQ c1=0
DMA IRQ c2=0
DMA IRQ c3=0
SELECT busy=678
SELECT w0=701
SELECT w1=681
SELECT w2=692
BUSY TASK ewma=997
DMA IRQ c0=3
DMA IRQ c1=0
DMA IRQ c2=0
DMA IRQ c3=0
SELECT busy=704
SELECT w0=727
SELECT w1=706
SELECT w2=718
BUSY TASK ewma=997
DMA IRQ c0=3
DMA IRQ c1=0
DMA IRQ c2=0
DMA IRQ c3=0
SELECT busy=729
SELECT w0=752
SELECT w1=731
SELECT w2=742
BUSY TASK ewma=997
DMA IRQ c0=3
DMA IRQ c1=0
DMA IRQ c2=0
DMA IRQ c3=0
SELECT busy=755
SELECT w0=778
SELECT w1=757
SELECT w2=768
BUSY TASK ewma=997
DMA IRQ c0=3
DMA IRQ c1=0
DMA IRQ c2=0
DMA IRQ c3=0
SELECT busy=776
SELECT w0=799
SELECT w1=777
SELECT w2=788
BUSY TASK ewma=997
DMA IRQ c0=3
DMA IRQ c1=0
DMA IRQ c2=0
DMA IRQ c3=0
SELECT busy=794
SELECT w0=816
SELECT w1=795
SELECT w2=806
BUSY TASK ewma=997
DMA IRQ c0=3
DMA IRQ c1=0
DMA IRQ c2=0
DMA IRQ c3=0
SELECT busy=817
SELECT w0=840
SELECT w1=819
SELECT w2=831
BUSY TASK ewma=997
DMA IRQ c0=3
DMA IRQ c1=0
DMA IRQ c2=0
DMA IRQ c3=0
SELECT busy=837
SELECT w0=859
SELECT w1=838
SELECT w2=851
BUSY TASK ewma=997
DMA IRQ c0=3
DMA IRQ c1=0
DMA IRQ c2=0
DMA IRQ c3=0
SELECT busy=862
SELECT w0=885
SELECT w1=865
SELECT w2=877
BUSY TASK ewma=997
DMA IRQ c0=3
DMA IRQ c1=0
DMA IRQ c2=0
DMA IRQ c3=0
SELECT busy=890
SELECT w0=913
SELECT w1=892
SELECT w2=903
BUSY TASK ewma=997
DMA IRQ c0=3
DMA IRQ c1=0
DMA IRQ c2=0
DMA IRQ c3=0
SELECT busy=915
SELECT w0=938
SELECT w1=916
SELECT w2=927
BUSY TASK ewma=997
DMA IRQ c0=3
DMA IRQ c1=0
DMA IRQ c2=0
DMA IRQ c3=0
SELECT busy=944
SELECT w0=967
SELECT w1=945
SELECT w2=955
BUSY TASK ewma=997
DMA IRQ c0=3
DMA IRQ c1=0
DMA IRQ c2=0
DMA IRQ c3=0
SELECT busy=973
SELECT w0=997
SELECT w1=976
SELECT w2=989
BUSY TASK ewma=997
DMA IRQ c0=3
DMA IRQ c1=0
DMA IRQ c2=0
DMA IRQ c3=0
SELECT busy=1005
SELECT w0=1030
SELECT w1=1011
SELECT w2=1024
BUSY TASK ewma=997
DMA IRQ c0=3
DMA IRQ c1=0
DMA IRQ c2=0
DMA IRQ c3=0
SELECT busy=1045
SELECT w0=1067
SELECT w1=1045
SELECT w2=1056
BUSY TASK ewma=997
DMA IRQ c0=3
DMA IRQ c1=0
DMA IRQ c2=0
DMA IRQ c3=0
SELECT busy=1063
SELECT w0=1085
SELECT w1=1063
SELECT w2=1074
BUSY TASK ewma=997
DMA IRQ c0=3
DMA IRQ c1=0
DMA IRQ c2=0
DMA IRQ c3=0
SELECT busy=1083
SELECT w0=1105
SELECT w1=1083
SELECT w2=1094
BUSY TASK ewma=997
DMA IRQ c0=3
DMA IRQ c1=0
DMA IRQ c2=0
DMA IRQ c3=0
SELECT busy=1114
SELECT w0=1139
SELECT w1=1117
SELECT w2=1128
BUSY TASK ewma=997
DMA IRQ c0=3
DMA IRQ c1=0
DMA IRQ c2=0
DMA IRQ c3=0
SELECT busy=1138
SELECT w0=1161
SELECT w1=1140
SELECT w2=1151
BUSY TASK ewma=997
DMA IRQ c0=3
DMA IRQ c1=0
DMA IRQ c2=0
DMA IRQ c3=0
SELECT busy=1163
SELECT w0=1186
SELECT w1=1166
SELECT w2=1177
BUSY TASK ewma=997
DMA IRQ c0=3
DMA IRQ c1=0
DMA IRQ c2=0
DMA IRQ c3=0
SELECT busy=1193
SELECT w0=1218
SELECT w1=1199
SELECT w2=1210
BUSY TASK ewma=997
DMA IRQ c0=3
DMA IRQ c1=0
DMA IRQ c2=0
DMA IRQ c3=0
SELECT busy=1230
SELECT w0=1254
SELECT w1=1233
SELECT w2=1245
BUSY TASK ewma=997
DMA IRQ c0=3
DMA IRQ c1=0
DMA IRQ c2=0
DMA IRQ c3=0
SELECT busy=1255
SELECT w0=1278
SELECT w1=1257
SELECT w2=1268
BUSY TASK ewma=997
DMA IRQ c0=3
DMA IRQ c1=0
DMA IRQ c2=0
DMA IRQ c3=0
SELECT busy=1279
SELECT w0=1302
SELECT w1=1281
SELECT w2=1292
BUSY TASK ewma=997
DMA IRQ c0=3
DMA IRQ c1=0
DMA IRQ c2=0
DMA IRQ c3=0
SELECT busy=1306
SELECT w0=1329
SELECT w1=1308
SELECT w2=1319
BUSY TASK ewma=997
DMA IRQ c0=3
DMA IRQ c1=0
DMA IRQ c2=0
DMA IRQ c3=0
SELECT busy=1335
SELECT w0=1357
SELECT w1=1336
SELECT w2=1348
BUSY TASK ewma=997
DMA IRQ c0=3
DMA IRQ c1=0
DMA IRQ c2=0
DMA IRQ c3=0
SELECT busy=1363
SELECT w0=1386
SELECT w1=1365
SELECT w2=1376
BUSY TASK ewma=997
DMA IRQ c0=3
DMA IRQ c1=0
DMA IRQ c2=0
DMA IRQ c3=0
SELECT busy=1389
SELECT w0=1412
SELECT w1=1393
SELECT w2=1404
BUSY TASK ewma=997
DMA IRQ c0=3
DMA IRQ c1=0
DMA IRQ c2=0
DMA IRQ c3=0
SELECT busy=1414
SELECT w0=1437
SELECT w1=1416
SELECT w2=1428
BUSY TASK ewma=997
DMA IRQ c0=3
DMA IRQ c1=0
DMA IRQ c2=0
DMA IRQ c3=0
SELECT busy=1437
SELECT w0=1460
SELECT w1=1439
SELECT w2=1450
BUSY TASK ewma=997
DMA IRQ c0=3
DMA IRQ c1=0
DMA IRQ c2=0
DMA IRQ c3=0
SELECT busy=1464
SELECT w0=1487
SELECT w1=1466
SELECT w2=1477
BUSY TASK ewma=997
DMA IRQ c0=3
DMA IRQ c1=0
DMA IRQ c2=0
DMA IRQ c3=0
SELECT busy=1486
SELECT w0=1509
SELECT w1=1489
SELECT w2=1500
BUSY TASK ewma=997
DMA IRQ c0=3
DMA IRQ c1=0
DMA IRQ c2=0
DMA IRQ c3=0
SELECT busy=1511
SELECT w0=1534
SELECT w1=1513
SELECT w2=1524
BUSY TASK ewma=997
DMA IRQ c0=3
DMA IRQ c1=0
DMA IRQ c2=0
DMA IRQ c3=0
SELECT busy=1534
SELECT w0=1557
SELECT w1=1536
SELECT w2=1547
BUSY TASK ewma=997
DMA IRQ c0=3
DMA IRQ c1=0
DMA IRQ c2=0
DMA IRQ c3=0
SELECT busy=1559
SELECT w0=1582
SELECT w1=1561
SELECT w2=1572
BUSY TASK ewma=997
DMA IRQ c0=3
DMA IRQ c1=0
DMA IRQ c2=0
DMA IRQ c3=0
SELECT busy=1583
SELECT w0=1608
SELECT w1=1586
SELECT w2=1597
BUSY TASK ewma=997
DMA IRQ c0=3
DMA IRQ c1=0
DMA IRQ c2=0
DMA IRQ c3=0
SELECT busy=1611
SELECT w0=1635
SELECT w1=1613
SELECT w2=1623
BUSY TASK ewma=997
DMA IRQ c0=3
DMA IRQ c1=0
DMA IRQ c2=0
DMA IRQ c3=0
SELECT busy=1641
SELECT w0=1664
SELECT w1=1644
SELECT w2=1655
BUSY TASK ewma=997
DMA IRQ c0=3
DMA IRQ c1=0
DMA IRQ c2=0
DMA IRQ c3=0
SELECT busy=1692
SELECT w0=1715
SELECT w1=1695
SELECT w2=1705
BUSY TASK ewma=997
IRQ counts: cpu0=6840 cpu1=0 cpu2=0 cpu3=0
SCHED secondaries: calls=0 unexpected=0
SECTEST switches=0 cpu1=0,0 cpu2=0,0 cpu3=0,0
PINGPONG rounds=0 pongs=0
DMA IRQ c0=3
DMA IRQ c1=0
DMA IRQ c2=0
DMA IRQ c3=0
SELECT busy=1742
SELECT w0=1765
SELECT w1=1744
SELECT w2=1755
BUSY TASK ewma=997
DMA IRQ c0=3
DMA IRQ c1=0
DMA IRQ c2=0
DMA IRQ c3=0
SELECT busy=1768
SELECT w0=1791
SELECT w1=1769
SELECT w2=1779
BUSY TASK ewma=997
DMA IRQ c0=3
DMA IRQ c1=0
DMA IRQ c2=0
DMA IRQ c3=0
SELECT busy=1799
SELECT w0=1822
SELECT w1=1801
SELECT w2=1813
BUSY TASK ewma=997
DMA IRQ c0=3
DMA IRQ c1=0
DMA IRQ c2=0
DMA IRQ c3=0
SELECT busy=1826
SELECT w0=1848
SELECT w1=1827
SELECT w2=1839
BUSY TASK ewma=997
DMA IRQ c0=3
DMA IRQ c1=0
DMA IRQ c2=0
DMA IRQ c3=0
SELECT busy=1855
SELECT w0=1878
SELECT w1=1857
SELECT w2=1869
BUSY TASK ewma=997
DMA IRQ c0=3
DMA IRQ c1=0
DMA IRQ c2=0
DMA IRQ c3=0
SELECT busy=1884
SELECT w0=1907
SELECT w1=1886
SELECT w2=1897
BUSY TASK ewma=997
DMA IRQ c0=3
DMA IRQ c1=0
DMA IRQ c2=0
DMA IRQ c3=0
SELECT busy=1912
SELECT w0=1935
SELECT w1=1914
SELECT w2=1925
BUSY TASK ewma=997
DMA IRQ c0=3
DMA IRQ c1=0
DMA IRQ c2=0
DMA IRQ c3=0
SELECT busy=1941
SELECT w0=1964
SELECT w1=1943
SELECT w2=1954
BUSY TASK ewma=997
DMA IRQ c0=3
DMA IRQ c1=0
DMA IRQ c2=0
DMA IRQ c3=0
SELECT busy=1965
SELECT w0=1990
SELECT w1=1969
SELECT w2=1980
BUSY TASK ewma=997
DMA IRQ c0=3
DMA IRQ c1=0
DMA IRQ c2=0
DMA IRQ c3=0
SELECT busy=1992
SELECT w0=2017
SELECT w1=1996
SELECT w2=2007
BUSY TASK ewma=997
DMA IRQ c0=3
DMA IRQ c1=0
DMA IRQ c2=0
DMA IRQ c3=0
SELECT busy=2024
SELECT w0=2047
SELECT w1=2026
SELECT w2=2037
BUSY TASK ewma=997
DMA IRQ c0=3
DMA IRQ c1=0
DMA IRQ c2=0
DMA IRQ c3=0
SELECT busy=2058
SELECT w0=2081
SELECT w1=2060
SELECT w2=2071
BUSY TASK ewma=997
DMA IRQ c0=3
DMA IRQ c1=0
DMA IRQ c2=0
DMA IRQ c3=0
SELECT busy=2089
SELECT w0=2112
SELECT w1=2091
SELECT w2=2102
BUSY TASK ewma=997
DMA IRQ c0=3
DMA IRQ c1=0
DMA IRQ c2=0
DMA IRQ c3=0
SELECT busy=2115
SELECT w0=2140
SELECT w1=2119
SELECT w2=2130
BUSY TASK ewma=997
DMA IRQ c0=3
DMA IRQ c1=0
DMA IRQ c2=0
DMA IRQ c3=0
SELECT busy=2148
SELECT w0=2172
SELECT w1=2152
SELECT w2=2162
BUSY TASK ewma=997
DMA IRQ c0=3
DMA IRQ c1=0
DMA IRQ c2=0
DMA IRQ c3=0
SELECT busy=2172
SELECT w0=2194
SELECT w1=2173
SELECT w2=2184
BUSY TASK ewma=997
DMA IRQ c0=3
DMA IRQ c1=0
DMA IRQ c2=0
DMA IRQ c3=0
SELECT busy=2195
SELECT w0=2217
SELECT w1=2195
SELECT w2=2206
BUSY TASK ewma=997
DMA IRQ c0=3
DMA IRQ c1=0
DMA IRQ c2=0
DMA IRQ c3=0
SELECT busy=2225
SELECT w0=2248
SELECT w1=2227
SELECT w2=2238
BUSY TASK ewma=997
DMA IRQ c0=3
DMA IRQ c1=0
DMA IRQ c2=0
DMA IRQ c3=0
SELECT busy=2249
SELECT w0=2273
SELECT w1=2254
SELECT w2=2268
BUSY TASK ewma=997
DMA IRQ c0=3
DMA IRQ c1=0
DMA IRQ c2=0
DMA IRQ c3=0
SELECT busy=2282
SELECT w0=2305
SELECT w1=2285
SELECT w2=2296
BUSY TASK ewma=997
DMA IRQ c0=3
DMA IRQ c1=0
DMA IRQ c2=0
DMA IRQ c3=0
SELECT busy=2323
SELECT w0=2347
SELECT w1=2327
SELECT w2=2338
BUSY TASK ewma=997
DMA IRQ c0=3
DMA IRQ c1=0
DMA IRQ c2=0
DMA IRQ c3=0
SELECT busy=2359
SELECT w0=2383
SELECT w1=2361
SELECT w2=2371
BUSY TASK ewma=997
DMA IRQ c0=3
DMA IRQ c1=0
DMA IRQ c2=0
DMA IRQ c3=0
SELECT busy=2380
SELECT w0=2403
SELECT w1=2383
SELECT w2=2394
BUSY TASK ewma=997
DMA IRQ c0=3
DMA IRQ c1=0
DMA IRQ c2=0
DMA IRQ c3=0
SELECT busy=2405
SELECT w0=2427
SELECT w1=2406
SELECT w2=2417
BUSY TASK ewma=997
DMA IRQ c0=3
DMA IRQ c1=0
DMA IRQ c2=0
DMA IRQ c3=0
SELECT busy=2428
SELECT w0=2451
SELECT w1=2430
SELECT w2=2441
BUSY TASK ewma=997
DMA IRQ c0=3
DMA IRQ c1=0
DMA IRQ c2=0
DMA IRQ c3=0
SELECT busy=2466
SELECT w0=2491
SELECT w1=2472
SELECT w2=2483
BUSY TASK ewma=997
DMA IRQ c0=3
DMA IRQ c1=0
DMA IRQ c2=0
DMA IRQ c3=0
SELECT busy=2507
SELECT w0=2530
SELECT w1=2510
SELECT w2=2521
BUSY TASK ewma=997
DMA IRQ c0=3
DMA IRQ c1=0
DMA IRQ c2=0
DMA IRQ c3=0
SELECT busy=2554
SELECT w0=2577
SELECT w1=2556
SELECT w2=2567
BUSY TASK ewma=997
DMA IRQ c0=3
DMA IRQ c1=0
DMA IRQ c2=0
DMA IRQ c3=0
SELECT busy=2581
SELECT w0=2605
SELECT w1=2584
SELECT w2=2596
BUSY TASK ewma=997
DMA IRQ c0=3
DMA IRQ c1=0
DMA IRQ c2=0
DMA IRQ c3=0
SELECT busy=2606
SELECT w0=2629
SELECT w1=2609
SELECT w2=2620
BUSY TASK ewma=997
DMA IRQ c0=3
DMA IRQ c1=0
DMA IRQ c2=0
DMA IRQ c3=0
SELECT busy=2631
SELECT w0=2653
SELECT w1=2633
SELECT w2=2644
BUSY TASK ewma=997
DMA IRQ c0=3
DMA IRQ c1=0
DMA IRQ c2=0
DMA IRQ c3=0
SELECT busy=2653
SELECT w0=2676
SELECT w1=2655
SELECT w2=2666
BUSY TASK ewma=997
DMA IRQ c0=3
DMA IRQ c1=0
DMA IRQ c2=0
DMA IRQ c3=0
SELECT busy=2674
SELECT w0=2698
SELECT w1=2677
SELECT w2=2688
BUSY TASK ewma=997
DMA IRQ c0=3
DMA IRQ c1=0
DMA IRQ c2=0
DMA IRQ c3=0
SELECT busy=2697
SELECT w0=2720
SELECT w1=2698
SELECT w2=2710
BUSY TASK ewma=997
DMA IRQ c0=3
DMA IRQ c1=0
DMA IRQ c2=0
DMA IRQ c3=0
SELECT busy=2719
SELECT w0=2742
SELECT w1=2721
SELECT w2=2732
BUSY TASK ewma=997
DMA IRQ c0=3
DMA IRQ c1=0
DMA IRQ c2=0
DMA IRQ c3=0
SELECT busy=2749
SELECT w0=2772
SELECT w1=2751
SELECT w2=2761
BUSY TASK ewma=997
DMA IRQ c0=3
DMA IRQ c1=0
DMA IRQ c2=0
DMA IRQ c3=0
SELECT busy=2784
SELECT w0=2807
SELECT w1=2786
SELECT w2=2797
BUSY TASK ewma=997
DMA IRQ c0=3
DMA IRQ c1=0
DMA IRQ c2=0
DMA IRQ c3=0
SELECT busy=2813
SELECT w0=2836
SELECT w1=2814
SELECT w2=2825
BUSY TASK ewma=997
DMA IRQ c0=3
DMA IRQ c1=0
DMA IRQ c2=0
DMA IRQ c3=0
SELECT busy=2842
SELECT w0=2865
SELECT w1=2843
SELECT w2=2854
BUSY TASK ewma=997
DMA IRQ c0=3
DMA IRQ c1=0
DMA IRQ c2=0
DMA IRQ c3=0
SELECT busy=2868
SELECT w0=2891
SELECT w1=2870
SELECT w2=2881
BUSY TASK ewma=997
DMA IRQ c0=3
DMA IRQ c1=0
DMA IRQ c2=0
DMA IRQ c3=0
SELECT busy=2898
SELECT w0=2923
SELECT w1=2901
SELECT w2=2912
BUSY TASK ewma=997
DMA IRQ c0=3
DMA IRQ c1=0
DMA IRQ c2=0
DMA IRQ c3=0
SELECT busy=2928
SELECT w0=2952
SELECT w1=2932
SELECT w2=2945
BUSY TASK ewma=997
DMA IRQ c0=3
DMA IRQ c1=0
DMA IRQ c2=0
DMA IRQ c3=0
SELECT busy=2964
SELECT w0=2987
SELECT w1=2967
SELECT w2=2978
BUSY TASK ewma=997
DMA IRQ c0=3
DMA IRQ c1=0
DMA IRQ c2=0
DMA IRQ c3=0
SELECT busy=3012
SELECT w0=3035
SELECT w1=3019
SELECT w2=3031
BUSY TASK ewma=997
DMA IRQ c0=3
DMA IRQ c1=0
DMA IRQ c2=0
DMA IRQ c3=0
SELECT busy=3057
SELECT w0=3082
SELECT w1=3060
SELECT w2=3070
BUSY TASK ewma=997
DMA IRQ c0=3
DMA IRQ c1=0
DMA IRQ c2=0
DMA IRQ c3=0
SELECT busy=3093
SELECT w0=3116
SELECT w1=3095
SELECT w2=3106
BUSY TASK ewma=997
DMA IRQ c0=3
DMA IRQ c1=0
DMA IRQ c2=0
DMA IRQ c3=0
SELECT busy=3119
SELECT w0=3142
SELECT w1=3121
SELECT w2=3132
BUSY TASK ewma=997
DMA IRQ c0=3
DMA IRQ c1=0
DMA IRQ c2=0
DMA IRQ c3=0
SELECT busy=3156
SELECT w0=3178
SELECT w1=3156
SELECT w2=3167
BUSY TASK ewma=997
DMA IRQ c0=3
DMA IRQ c1=0
DMA IRQ c2=0
DMA IRQ c3=0
SELECT busy=3206
SELECT w0=3229
SELECT w1=3208
SELECT w2=3220
BUSY TASK ewma=997
DMA IRQ c0=3
DMA IRQ c1=0
DMA IRQ c2=0
DMA IRQ c3=0
SELECT busy=3242
SELECT w0=3266
SELECT w1=3245
SELECT w2=3256
BUSY TASK ewma=997
DMA IRQ c0=3
DMA IRQ c1=0
DMA IRQ c2=0
DMA IRQ c3=0
SELECT busy=3267
SELECT w0=3290
SELECT w1=3268
SELECT w2=3281
BUSY TASK ewma=997
DMA IRQ c0=3
DMA IRQ c1=0
DMA IRQ c2=0
DMA IRQ c3=0
SELECT busy=3294
SELECT w0=3318
SELECT w1=3299
SELECT w2=3311
BUSY TASK ewma=997
DMA IRQ c0=3
DMA IRQ c1=0
DMA IRQ c2=0
DMA IRQ c3=0
SELECT busy=3334
SELECT w0=3358
SELECT w1=3337
SELECT w2=3348
BUSY TASK ewma=997
DMA IRQ c0=3
DMA IRQ c1=0
DMA IRQ c2=0
DMA IRQ c3=0
SELECT busy=3365
SELECT w0=3390
SELECT w1=3370
SELECT w2=3383
BUSY TASK ewma=997
DMA IRQ c0=3
DMA IRQ c1=0
DMA IRQ c2=0
DMA IRQ c3=0
SELECT busy=3416
SELECT w0=3439
SELECT w1=3420
SELECT w2=3431
BUSY TASK ewma=997
DMA IRQ c0=3
DMA IRQ c1=0
DMA IRQ c2=0
DMA IRQ c3=0
SELECT busy=3453
SELECT w0=3475
SELECT w1=3454
SELECT w2=3464
BUSY TASK ewma=997
DMA IRQ c0=3
DMA IRQ c1=0
DMA IRQ c2=0
DMA IRQ c3=0
SELECT busy=3475
SELECT w0=3497
SELECT w1=3475
SELECT w2=3485
BUSY TASK ewma=997
DMA IRQ c0=3
DMA IRQ c1=0
DMA IRQ c2=0
DMA IRQ c3=0
SELECT busy=3505
SELECT w0=3529
SELECT w1=3510
SELECT w2=3521
BUSY TASK ewma=997
DMA IRQ c0=3
DMA IRQ c1=0
DMA IRQ c2=0
DMA IRQ c3=0
SELECT busy=3536
SELECT w0=3560
SELECT w1=3538
SELECT w2=3549
BUSY TASK ewma=997
DMA IRQ c0=3
DMA IRQ c1=0
DMA IRQ c2=0
DMA IRQ c3=0
SELECT busy=3575
SELECT w0=3597
SELECT w1=3576
SELECT w2=3587
BUSY TASK ewma=997
DMA IRQ c0=3
DMA IRQ c1=0
DMA IRQ c2=0
DMA IRQ c3=0
SELECT busy=3607
SELECT w0=3634
SELECT w1=3615
SELECT w2=3625
BUSY TASK ewma=997
DMA IRQ c0=3
DMA IRQ c1=0
DMA IRQ c2=0
DMA IRQ c3=0
SELECT busy=3639
SELECT w0=3664
SELECT w1=3643
SELECT w2=3654
BUSY TASK ewma=997
DMA IRQ c0=3
DMA IRQ c1=0
DMA IRQ c2=0
DMA IRQ c3=0
SELECT busy=3670
SELECT w0=3693
SELECT w1=3673
SELECT w2=3684
BUSY TASK ewma=997
DMA IRQ c0=3
DMA IRQ c1=0
DMA IRQ c2=0
DMA IRQ c3=0
SELECT busy=3699
SELECT w0=3725
SELECT w1=3707
SELECT w2=3718
BUSY TASK ewma=997
IRQ counts: cpu0=14932 cpu1=0 cpu2=0 cpu3=0
SCHED secondaries: calls=0 unexpected=0
SECTEST switches=0 cpu1=0,0 cpu2=0,0 cpu3=0,0
PINGPONG rounds=0 pongs=0
DMA IRQ c0=3
DMA IRQ c1=0
DMA IRQ c2=0
DMA IRQ c3=0
SELECT busy=3754
SELECT w0=3776
SELECT w1=3755
SELECT w2=3765
BUSY TASK ewma=997
DMA IRQ c0=3
DMA IRQ c1=0
DMA IRQ c2=0
DMA IRQ c3=0
SELECT busy=3779
SELECT w0=3802
SELECT w1=3781
SELECT w2=3792
BUSY TASK ewma=997
DMA IRQ c0=3
DMA IRQ c1=0
DMA IRQ c2=0
DMA IRQ c3=0
SELECT busy=3811
SELECT w0=3834
SELECT w1=3813
SELECT w2=3829
BUSY TASK ewma=997
DMA IRQ c0=3
DMA IRQ c1=0
DMA IRQ c2=0
DMA IRQ c3=0
SELECT busy=3854
SELECT w0=3877
SELECT w1=3858
SELECT w2=3870
BUSY TASK ewma=997
DMA IRQ c0=3
DMA IRQ c1=0
DMA IRQ c2=0
DMA IRQ c3=0
SELECT busy=3889
SELECT w0=3912
SELECT w1=3891
SELECT w2=3903
BUSY TASK ewma=997
DMA IRQ c0=3
DMA IRQ c1=0
DMA IRQ c2=0
DMA IRQ c3=0
SELECT busy=3924
SELECT w0=3947
SELECT w1=3926
SELECT w2=3937
BUSY TASK ewma=997
DMA IRQ c0=3
DMA IRQ c1=0
DMA IRQ c2=0
DMA IRQ c3=0
SELECT busy=3945
SELECT w0=3968
SELECT w1=3947
SELECT w2=3958
BUSY TASK ewma=997
DMA IRQ c0=3
DMA IRQ c1=0
DMA IRQ c2=0
DMA IRQ c3=0
SELECT busy=3992
SELECT w0=4014
SELECT w1=3994
SELECT w2=4004
BUSY TASK ewma=997
DMA IRQ c0=3
DMA IRQ c1=0
DMA IRQ c2=0
DMA IRQ c3=0
SELECT busy=4018
SELECT w0=4042
SELECT w1=4022
SELECT w2=4032
BUSY TASK ewma=997
DMA IRQ c0=3
DMA IRQ c1=0
DMA IRQ c2=0
DMA IRQ c3=0
SELECT busy=4051
SELECT w0=4075
SELECT w1=4056
SELECT w2=4067
BUSY TASK ewma=997
DMA IRQ c0=3
DMA IRQ c1=0
DMA IRQ c2=0
DMA IRQ c3=0
SELECT busy=4080
SELECT w0=4102
SELECT w1=4081
SELECT w2=4092
BUSY TASK ewma=997
DMA IRQ c0=3
DMA IRQ c1=0
DMA IRQ c2=0
DMA IRQ c3=0
SELECT busy=4119
SELECT w0=4142
SELECT w1=4122
SELECT w2=4133
BUSY TASK ewma=997
DMA IRQ c0=3
DMA IRQ c1=0
DMA IRQ c2=0
DMA IRQ c3=0
SELECT busy=4147
SELECT w0=4170
SELECT w1=4149
SELECT w2=4160
BUSY TASK ewma=997
DMA IRQ c0=3
DMA IRQ c1=0
DMA IRQ c2=0
DMA IRQ c3=0
SELECT busy=4179
SELECT w0=4203
SELECT w1=4182
SELECT w2=4194
BUSY TASK ewma=997
DMA IRQ c0=3
DMA IRQ c1=0
DMA IRQ c2=0
DMA IRQ c3=0
SELECT busy=4212
SELECT w0=4235
SELECT w1=4215
SELECT w2=4227
BUSY TASK ewma=997
DMA IRQ c0=3
DMA IRQ c1=0
DMA IRQ c2=0
DMA IRQ c3=0
SELECT busy=4241
SELECT w0=4264
SELECT w1=4243
SELECT w2=4254
BUSY TASK ewma=997
DMA IRQ c0=3
DMA IRQ c1=0
DMA IRQ c2=0
DMA IRQ c3=0
SELECT busy=4282
SELECT w0=4305
SELECT w1=4284
SELECT w2=4295
BUSY TASK ewma=997
DMA IRQ c0=3
DMA IRQ c1=0
DMA IRQ c2=0
DMA IRQ c3=0
SELECT busy=4310
SELECT w0=4334
SELECT w1=4313
SELECT w2=4324
BUSY TASK ewma=997
DMA IRQ c0=3
DMA IRQ c1=0
DMA IRQ c2=0
DMA IRQ c3=0
SELECT busy=4352
SELECT w0=4375
SELECT w1=4354
SELECT w2=4365
BUSY TASK ewma=997
DMA IRQ c0=3
DMA IRQ c1=0
DMA IRQ c2=0
DMA IRQ c3=0
SELECT busy=4399
SELECT w0=4422
SELECT w1=4405
SELECT w2=4416
BUSY TASK ewma=997
DMA IRQ c0=3
DMA IRQ c1=0
DMA IRQ c2=0
DMA IRQ c3=0
SELECT busy=4441
SELECT w0=4465
SELECT w1=4444
SELECT w2=4455
BUSY TASK ewma=997
DMA IRQ c0=3
DMA IRQ c1=0
DMA IRQ c2=0
DMA IRQ c3=0
SELECT busy=4484
SELECT w0=4508
SELECT w1=4487
SELECT w2=4498
BUSY TASK ewma=997
DMA IRQ c0=3
DMA IRQ c1=0
DMA IRQ c2=0
DMA IRQ c3=0
SELECT busy=4534
SELECT w0=4557
SELECT w1=4536
SELECT w2=4547
BUSY TASK ewma=997
DMA IRQ c0=3
DMA IRQ c1=0
DMA IRQ c2=0
DMA IRQ c3=0
SELECT busy=4564
SELECT w0=4587
SELECT w1=4566
SELECT w2=4578
BUSY TASK ewma=997
DMA IRQ c0=3
DMA IRQ c1=0
DMA IRQ c2=0
DMA IRQ c3=0
SELECT busy=4587
SELECT w0=4610
SELECT w1=4590
SELECT w2=4601
BUSY TASK ewma=997
DMA IRQ c0=3
DMA IRQ c1=0
DMA IRQ c2=0
DMA IRQ c3=0
SELECT busy=4614
SELECT w0=4637
SELECT w1=4617
SELECT w2=4629
BUSY TASK ewma=997
DMA IRQ c0=3
DMA IRQ c1=0
DMA IRQ c2=0
DMA IRQ c3=0
SELECT busy=4636
SELECT w0=4659
SELECT w1=4637
SELECT w2=4647
BUSY TASK ewma=997
DMA IRQ c0=3
DMA IRQ c1=0
DMA IRQ c2=0
DMA IRQ c3=0
SELECT busy=4658
SELECT w0=4681
SELECT w1=4660
SELECT w2=4672
BUSY TASK ewma=997
DMA IRQ c0=3
DMA IRQ c1=0
DMA IRQ c2=0
DMA IRQ c3=0
SELECT busy=4701
SELECT w0=4724
SELECT w1=4703
SELECT w2=4713
BUSY TASK ewma=997
DMA IRQ c0=3
DMA IRQ c1=0
DMA IRQ c2=0
DMA IRQ c3=0
SELECT busy=4728
SELECT w0=4751
SELECT w1=4731
SELECT w2=4741
BUSY TASK ewma=997
DMA IRQ c0=3
DMA IRQ c1=0
DMA IRQ c2=0
DMA IRQ c3=0
SELECT busy=4763
SELECT w0=4786
SELECT w1=4764
SELECT w2=4774
BUSY TASK ewma=997
DMA IRQ c0=3
DMA IRQ c1=0
DMA IRQ c2=0
DMA IRQ c3=0
SELECT busy=4789
SELECT w0=4812
SELECT w1=4792
SELECT w2=4803
BUSY TASK ewma=997
DMA IRQ c0=3
DMA IRQ c1=0
DMA IRQ c2=0
DMA IRQ c3=0
SELECT busy=4824
SELECT w0=4852
SELECT w1=4834
SELECT w2=4846
BUSY TASK ewma=997
DMA IRQ c0=3
DMA IRQ c1=0
DMA IRQ c2=0
DMA IRQ c3=0
SELECT busy=4859
SELECT w0=4884
SELECT w1=4864
SELECT w2=4880
BUSY TASK ewma=997
DMA IRQ c0=3
DMA IRQ c1=0
DMA IRQ c2=0
DMA IRQ c3=0
SELECT busy=4896
SELECT w0=4919
SELECT w1=4898
SELECT w2=4909
BUSY TASK ewma=997
DMA IRQ c0=3
DMA IRQ c1=0
DMA IRQ c2=0
DMA IRQ c3=0
SELECT busy=4921
SELECT w0=4944
SELECT w1=4923
SELECT w2=4936
BUSY TASK ewma=997
DMA IRQ c0=3
DMA IRQ c1=0
DMA IRQ c2=0
DMA IRQ c3=0
SELECT busy=4978
SELECT w0=5005
SELECT w1=4984
SELECT w2=4996
BUSY TASK ewma=997
DMA IRQ c0=3
DMA IRQ c1=0
DMA IRQ c2=0
DMA IRQ c3=0
SELECT busy=5013
SELECT w0=5036
SELECT w1=5016
SELECT w2=5027
BUSY TASK ewma=997
DMA IRQ c0=3
DMA IRQ c1=0
DMA IRQ c2=0
DMA IRQ c3=0
SELECT busy=5062
SELECT w0=5087
SELECT w1=5067
SELECT w2=5082
BUSY TASK ewma=997
DMA IRQ c0=3
DMA IRQ c1=0
DMA IRQ c2=0
DMA IRQ c3=0
SELECT busy=5111
SELECT w0=5135
SELECT w1=5116
SELECT w2=5130
BUSY TASK ewma=997
DMA IRQ c0=3
DMA IRQ c1=0
DMA IRQ c2=0
DMA IRQ c3=0
SELECT busy=5169
SELECT w0=5194
SELECT w1=5173
SELECT w2=5183
BUSY TASK ewma=997
DMA IRQ c0=3
DMA IRQ c1=0
DMA IRQ c2=0
DMA IRQ c3=0
SELECT busy=5196
SELECT w0=5219
SELECT w1=5200
SELECT w2=5211
BUSY TASK ewma=997
DMA IRQ c0=3
DMA IRQ c1=0
DMA IRQ c2=0
DMA IRQ c3=0
SELECT busy=5224
SELECT w0=5247
SELECT w1=5226
SELECT w2=5237
BUSY TASK ewma=997
DMA IRQ c0=3
DMA IRQ c1=0
DMA IRQ c2=0
DMA IRQ c3=0
SELECT busy=5251
SELECT w0=5275
SELECT w1=5254
SELECT w2=5264
BUSY TASK ewma=997
DMA IRQ c0=3
DMA IRQ c1=0
DMA IRQ c2=0
DMA IRQ c3=0
SELECT busy=5283
SELECT w0=5308
SELECT w1=5288
SELECT w2=5300
BUSY TASK ewma=997
DMA IRQ c0=3
DMA IRQ c1=0
DMA IRQ c2=0
DMA IRQ c3=0
SELECT busy=5320
SELECT w0=5344
SELECT w1=5326
SELECT w2=5337
BUSY TASK ewma=997
DMA IRQ c0=3
DMA IRQ c1=0
DMA IRQ c2=0
DMA IRQ c3=0
SELECT busy=5359
SELECT w0=5383
SELECT w1=5362
SELECT w2=5376
BUSY TASK ewma=997
DMA IRQ c0=3
DMA IRQ c1=0
DMA IRQ c2=0
DMA IRQ c3=0
SELECT busy=5400
SELECT w0=5423
SELECT w1=5403
SELECT w2=5421
BUSY TASK ewma=997
DMA IRQ c0=3
DMA IRQ c1=0
DMA IRQ c2=0
DMA IRQ c3=0
SELECT busy=5446
SELECT w0=5469
SELECT w1=5448
SELECT w2=5459
BUSY TASK ewma=997
DMA IRQ c0=3
DMA IRQ c1=0
DMA IRQ c2=0
DMA IRQ c3=0
SELECT busy=5478
SELECT w0=5502
SELECT w1=5481
SELECT w2=5493
BUSY TASK ewma=997
DMA IRQ c0=3
DMA IRQ c1=0
DMA IRQ c2=0
DMA IRQ c3=0
SELECT busy=5543
SELECT w0=5567
SELECT w1=5547
SELECT w2=5558
BUSY TASK ewma=997
DMA IRQ c0=3
DMA IRQ c1=0
DMA IRQ c2=0
DMA IRQ c3=0
SELECT busy=5577
SELECT w0=5605
SELECT w1=5584
SELECT w2=5595
BUSY TASK ewma=997
DMA IRQ c0=3
DMA IRQ c1=0
DMA IRQ c2=0
DMA IRQ c3=0
SELECT busy=5615
SELECT w0=5638
SELECT w1=5617
SELECT w2=5629
BUSY TASK ewma=997
DMA IRQ c0=3
DMA IRQ c1=0
DMA IRQ c2=0
DMA IRQ c3=0
SELECT busy=5661
SELECT w0=5687
SELECT w1=5666
SELECT w2=5678
BUSY TASK ewma=997
DMA IRQ c0=3
DMA IRQ c1=0
DMA IRQ c2=0
DMA IRQ c3=0
SELECT busy=5690
SELECT w0=5714
SELECT w1=5693
SELECT w2=5704
BUSY TASK ewma=997
DMA IRQ c0=3
DMA IRQ c1=0
DMA IRQ c2=0
DMA IRQ c3=0
SELECT busy=5730
SELECT w0=5755
SELECT w1=5736
SELECT w2=5748
qemu-system-aarch64: terminating on signal 15 from pid 210712 (timeout)
