P4 M7: full integration test boot OK
CPU0: MPIDR_EL1=0x0000000080000000
CPU0: psci_cpu_on target=1 rc=-2
CPU0: psci_cpu_on target=2 rc=-2
CPU0: psci_cpu_on target=3 rc=-2
CPUs online: 1
DMA IRQ target cpu=0
D2b: worker 2 runs on CPU0
D2b: worker 0 runs on CPU0
D2b: worker 1 runs on CPU0
P4 M7: worker submitted cmd_id=2
P4 M7: worker submitted cmd_id=3
P4 M7: worker submitted cmd_id=1
P4 M7: worker DATA OK, cmd_id=2
WORKER ewma=941
P4 M7: worker DATA OK, cmd_id=1
WORKER ewma=970
BUSY TASK ewma=979
P4 M7: worker DATA OK, cmd_id=3
WORKER ewma=941
DMA IRQ c0=2
DMA IRQ c1=0
DMA IRQ c2=0
DMA IRQ c3=0
SELECT busy=18
SELECT w0=26
SELECT w1=21
SELECT w2=23
BUSY TASK ewma=997
DMA IRQ c0=2
DMA IRQ c1=0
DMA IRQ c2=0
DMA IRQ c3=0
SELECT busy=53
SELECT w0=62
SELECT w1=56
SELECT w2=58
BUSY TASK ewma=997
DMA IRQ c0=2
DMA IRQ c1=0
DMA IRQ c2=0
DMA IRQ c3=0
SELECT busy=76
SELECT w0=84
SELECT w1=78
SELECT w2=81
BUSY TASK ewma=997
DMA IRQ c0=2
DMA IRQ c1=0
DMA IRQ c2=0
DMA IRQ c3=0
SELECT busy=99
SELECT w0=107
SELECT w1=101
SELECT w2=104
BUSY TASK ewma=997
DMA IRQ c0=2
DMA IRQ c1=0
DMA IRQ c2=0
DMA IRQ c3=0
SELECT busy=126
SELECT w0=135
SELECT w1=130
SELECT w2=132
BUSY TASK ewma=997
DMA IRQ c0=2
DMA IRQ c1=0
DMA IRQ c2=0
DMA IRQ c3=0
SELECT busy=166
SELECT w0=174
SELECT w1=168
SELECT w2=170
BUSY TASK ewma=997
DMA IRQ c0=2
DMA IRQ c1=0
DMA IRQ c2=0
DMA IRQ c3=0
SELECT busy=196
SELECT w0=204
SELECT w1=198
SELECT w2=200
BUSY TASK ewma=997
DMA IRQ c0=2
DMA IRQ c1=0
DMA IRQ c2=0
DMA IRQ c3=0
SELECT busy=222
SELECT w0=230
SELECT w1=225
SELECT w2=228
BUSY TASK ewma=997
DMA IRQ c0=2
DMA IRQ c1=0
DMA IRQ c2=0
DMA IRQ c3=0
SELECT busy=246
SELECT w0=256
SELECT w1=250
SELECT w2=258
BUSY TASK ewma=997
DMA IRQ c0=2
DMA IRQ c1=0
DMA IRQ c2=0
DMA IRQ c3=0
SELECT busy=283
SELECT w0=294
SELECT w1=288
SELECT w2=291
BUSY TASK ewma=997
DMA IRQ c0=2
DMA IRQ c1=0
DMA IRQ c2=0
DMA IRQ c3=0
SELECT busy=323
SELECT w0=330
SELECT w1=323
SELECT w2=324
BUSY TASK ewma=997
DMA IRQ c0=2
DMA IRQ c1=0
DMA IRQ c2=0
DMA IRQ c3=0
SELECT busy=340
SELECT w0=348
SELECT w1=341
SELECT w2=342
BUSY TASK ewma=997
DMA IRQ c0=2
DMA IRQ c1=0
DMA IRQ c2=0
DMA IRQ c3=0
SELECT busy=359
SELECT w0=366
SELECT w1=360
SELECT w2=361
BUSY TASK ewma=997
DMA IRQ c0=2
DMA IRQ c1=0
DMA IRQ c2=0
DMA IRQ c3=0
SELECT busy=385
SELECT w0=393
SELECT w1=390
SELECT w2=397
BUSY TASK ewma=997
DMA IRQ c0=2
DMA IRQ c1=0
DMA IRQ c2=0
DMA IRQ c3=0
SELECT busy=426
SELECT w0=435
SELECT w1=430
SELECT w2=432
BUSY TASK ewma=997
DMA IRQ c0=2
DMA IRQ c1=0
DMA IRQ c2=0
DMA IRQ c3=0
SELECT busy=463
SELECT w0=472
SELECT w1=466
SELECT w2=470
BUSY TASK ewma=997
DMA IRQ c0=2
DMA IRQ c1=0
DMA IRQ c2=0
DMA IRQ c3=0
SELECT busy=496
SELECT w0=504
SELECT w1=500
SELECT w2=504
BUSY TASK ewma=997
DMA IRQ c0=2
DMA IRQ c1=0
DMA IRQ c2=0
DMA IRQ c3=0
SELECT busy=527
SELECT w0=539
SELECT w1=533
SELECT w2=534
BUSY TASK ewma=997
DMA IRQ c0=2
DMA IRQ c1=0
DMA IRQ c2=0
DMA IRQ c3=0
SELECT busy=564
SELECT w0=572
SELECT w1=567
SELECT w2=571
BUSY TASK ewma=997
DMA IRQ c0=2
DMA IRQ c1=0
DMA IRQ c2=0
DMA IRQ c3=0
SELECT busy=601
SELECT w0=608
SELECT w1=602
SELECT w2=603
BUSY TASK ewma=997
DMA IRQ c0=2
DMA IRQ c1=0
DMA IRQ c2=0
DMA IRQ c3=0
SELECT busy=633
SELECT w0=643
SELECT w1=638
SELECT w2=642
BUSY TASK ewma=997
DMA IRQ c0=2
DMA IRQ c1=0
DMA IRQ c2=0
DMA IRQ c3=0
SELECT busy=677
SELECT w0=686
SELECT w1=684
SELECT w2=688
BUSY TASK ewma=997
DMA IRQ c0=2
DMA IRQ c1=0
DMA IRQ c2=0
DMA IRQ c3=0
SELECT busy=716
SELECT w0=723
SELECT w1=717
SELECT w2=718
BUSY TASK ewma=997
DMA IRQ c0=2
DMA IRQ c1=0
DMA IRQ c2=0
DMA IRQ c3=0
SELECT busy=741
SELECT w0=750
SELECT w1=746
SELECT w2=750
BUSY TASK ewma=997
DMA IRQ c0=2
DMA IRQ c1=0
DMA IRQ c2=0
DMA IRQ c3=0
SELECT busy=770
SELECT w0=778
SELECT w1=772
SELECT w2=774
BUSY TASK ewma=997
DMA IRQ c0=2
DMA IRQ c1=0
DMA IRQ c2=0
DMA IRQ c3=0
SELECT busy=801
SELECT w0=809
SELECT w1=804
SELECT w2=805
BUSY TASK ewma=997
DMA IRQ c0=2
DMA IRQ c1=0
DMA IRQ c2=0
DMA IRQ c3=0
SELECT busy=825
SELECT w0=834
SELECT w1=827
SELECT w2=829
BUSY TASK ewma=997
DMA IRQ c0=2
DMA IRQ c1=0
DMA IRQ c2=0
DMA IRQ c3=0
SELECT busy=856
SELECT w0=863
SELECT w1=857
SELECT w2=858
BUSY TASK ewma=997
DMA IRQ c0=2
DMA IRQ c1=0
DMA IRQ c2=0
DMA IRQ c3=0
SELECT busy=884
SELECT w0=892
SELECT w1=887
SELECT w2=889
BUSY TASK ewma=997
DMA IRQ c0=2
DMA IRQ c1=0
DMA IRQ c2=0
DMA IRQ c3=0
SELECT busy=930
SELECT w0=938
SELECT w1=932
SELECT w2=934
BUSY TASK ewma=997
DMA IRQ c0=2
DMA IRQ c1=0
DMA IRQ c2=0
DMA IRQ c3=0
SELECT busy=957
SELECT w0=965
SELECT w1=960
SELECT w2=962
BUSY TASK ewma=997
DMA IRQ c0=2
DMA IRQ c1=0
DMA IRQ c2=0
DMA IRQ c3=0
SELECT busy=992
SELECT w0=1000
SELECT w1=994
SELECT w2=996
BUSY TASK ewma=997
DMA IRQ c0=2
DMA IRQ c1=0
DMA IRQ c2=0
DMA IRQ c3=0
SELECT busy=1017
SELECT w0=1027
SELECT w1=1022
SELECT w2=1024
BUSY TASK ewma=997
DMA IRQ c0=2
DMA IRQ c1=0
DMA IRQ c2=0
DMA IRQ c3=0
SELECT busy=1054
SELECT w0=1063
SELECT w1=1057
SELECT w2=1063
BUSY TASK ewma=997
DMA IRQ c0=2
DMA IRQ c1=0
DMA IRQ c2=0
DMA IRQ c3=0
SELECT busy=1090
SELECT w0=1101
SELECT w1=1095
SELECT w2=1097
BUSY TASK ewma=997
DMA IRQ c0=2
DMA IRQ c1=0
DMA IRQ c2=0
DMA IRQ c3=0
SELECT busy=1120
SELECT w0=1128
SELECT w1=1122
SELECT w2=1124
BUSY TASK ewma=997
DMA IRQ c0=2
DMA IRQ c1=0
DMA IRQ c2=0
DMA IRQ c3=0
SELECT busy=1153
SELECT w0=1162
SELECT w1=1156
SELECT w2=1157
BUSY TASK ewma=997
DMA IRQ c0=2
DMA IRQ c1=0
DMA IRQ c2=0
DMA IRQ c3=0
SELECT busy=1188
SELECT w0=1195
SELECT w1=1188
SELECT w2=1190
BUSY TASK ewma=997
DMA IRQ c0=2
DMA IRQ c1=0
DMA IRQ c2=0
DMA IRQ c3=0
SELECT busy=1214
SELECT w0=1221
SELECT w1=1215
SELECT w2=1217
BUSY TASK ewma=997
DMA IRQ c0=2
DMA IRQ c1=0
DMA IRQ c2=0
DMA IRQ c3=0
SELECT busy=1243
SELECT w0=1251
SELECT w1=1245
SELECT w2=1247
BUSY TASK ewma=997
DMA IRQ c0=2
DMA IRQ c1=0
DMA IRQ c2=0
DMA IRQ c3=0
SELECT busy=1268
SELECT w0=1276
SELECT w1=1272
SELECT w2=1274
BUSY TASK ewma=997
DMA IRQ c0=2
DMA IRQ c1=0
DMA IRQ c2=0
DMA IRQ c3=0
SELECT busy=1298
SELECT w0=1308
SELECT w1=1302
SELECT w2=1306
BUSY TASK ewma=997
DMA IRQ c0=2
DMA IRQ c1=0
DMA IRQ c2=0
DMA IRQ c3=0
SELECT busy=1337
SELECT w0=1345
SELECT w1=1339
SELECT w2=1341
BUSY TASK ewma=997
DMA IRQ c0=2
DMA IRQ c1=0
DMA IRQ c2=0
DMA IRQ c3=0
SELECT busy=1364
SELECT w0=1372qemu-system-aarch64: terminating on signal 15 from pid 222216 (timeout)
